OSV-SCREEN {"schemaVersion":1,"kind":"direct","status":"clean","digest":"551aa708285aabd9968db7746e2edec4ec7cb265f929056d4b7bc2539300857b","specCount":1,"lockfiles":{"digest":null,"files":[]},"maliciousAdvisories":[],"screenedAt":"2026-08-27T11:04:47.573Z","cacheHit":false,"clearancePath":"/Users/runner/v2m-IfxGp0/security/direct.json"}
  SECURITY direct clean: 1 exact package-version(s), tree 551aa708285a
  ERA-NODE PINNED 24.19.0 (provisioned) (arms will run: v24.19.0)
  ERA-PYTHON /Users/runner/hostedtoolcache/Python/3.9.13/arm64/bin/python (Python 3.9.13) for era Node 24, whose node-gyp requires python3
  ARM-MAKE /usr/bin/make (GNU Make 3.81) — the system make; a build needing GNU Make 4 WILL fail here
### serverless@4.40.0   (/Users/runner/v2m-IfxGp0)   nub=/tmp/nub/target/release/nub
  VENUE-NUB-BINARY {"path":"/tmp/nub/target/release/nub","sha256":"69e622342d0c8393c78fa50a01dc9cc0a94371ac9b106b59bdcc016f06d86d30","bytes":94535576,"features":{"buildJailCatalogOverride":true,"pythonDontWriteBytecodeEnv":true}}
  CI-ENV scrubbed: CI GITHUB_ACTIONS
  --- fbt preflight (advisory; never fails the run) ---
     csrutil: System Integrity Protection status: disabled.
     fbt probes visible: 93577
     fbt enable attempt: dtrace: description 'fbt:::entry ' matched 50357 probes CPU     ID                    FUNCTION:NAME 
     cwd builtin value:  
     fbt chdir symbols:  
     fbt fires on spawn-with-cwd: dtrace: invalid probe specifier fbt::chdir*:entry /progenyof($target)/ { @[probefunc] = count(); }: probe description fbt::chdir*:entry does not match any probes 
  --- end fbt preflight ---
  ERA-RESOLUTION DATED 2026-07-23T14:10:40.692Z (deps as of the package's own publish date + 1d)
OSV-SCREEN {"schemaVersion":1,"kind":"npm-observe-resolved","status":"clean","digest":"27adbfc8c5ac335d4e0cf2274ae1f74c134e0fd90d3abb657b29ea6a7c4af087","specCount":38,"lockfiles":{"digest":"a7be161c680120fd4a8c9ba27d61b9f2cf375054a46daa7b02c73187595a33a0","files":[{"path":"package-lock.json","sha256":"fc725b221bfb332ec457e0ba70de89939b32553ff597b701a823df6a2c514279","bytes":19329}]},"maliciousAdvisories":[],"screenedAt":"2026-08-27T11:04:55.065Z","cacheHit":false,"clearancePath":"/Users/runner/v2m-IfxGp0/security/npm-observe-resolved.json"}
  SECURITY npm-observe-resolved clean: 38 exact package-version(s), tree 27adbfc8c5ac
  ARM-PATH SANITISED (dropped 1: /Users/runner/.yarn/bin)
  ARM-AMBIENT-TOOLS 1 leaked: rimraf=/Users/runner/v2m-IfxGp0/Observe/node_modules/.bin/rimraf
  ARM-SCAFFOLD none
  ARM-UNPROVIDABLE none
  VENUE-CI-CHILD clean (no CI-detection variable reaches the traced script)
  --- wrapper (run.sh) ---
     cd "/Users/runner/v2m-IfxGp0/Observe"
     sudo -u "runner" -H env "PATH=/Users/runner/v2m-IfxGp0/Observe/node_modules/.bin:/Users/runner/.cache/nub/era-node/24.19.0/node-v24.19.0-darwin-arm64/bin:/Users/runner/hostedtoolcache/node/22.23.2/arm64/bin:/opt/homebrew/lib/ruby/gems/3.3.0/bin:/opt/homebrew/opt/ruby@3.3/bin:/Users/runner/.local/bin:/opt/homebrew/bin:/opt/homebrew/sbin:/Users/runner/.cargo/bin:/usr/local/opt/curl/bin:/usr/local/bin:/usr/local/sbin:/Users/runner/bin:/Users/runner/Library/Android/sdk/tools:/Users/runner/Library/Android/sdk/platform-tools:/Library/Frameworks/Python.framework/Versions/Current/bin:/Library/Frameworks/Mono.framework/Versions/Current/Commands:/usr/bin:/bin:/usr/sbin:/sbin:/Users/runner/.dotnet/tools"   "HOME=/Users/runner/v2m-IfxGp0/jailhome"   "TMPDIR=/private/var/folders/_5/zjnzxgh147qcg3bb5cg2wvqw0000gn/T/nub-tmp-obsiQzUA0"   "NODE_COMPAT=1"   "PYTHONDONTWRITEBYTECODE=1"   "PLAYWRIGHT_BROWSERS_PATH=/Users/runner/.cache/nub/pm/tools/ms-playwright"   "ELECTRON_CACHE=/Users/runner/.cache/nub/pm/tools/electron-cache"   "electron_config_cache=/Users/runner/.cache/nub/pm/tools/electron-cache"   "npm_config_prefix=/Users/runner/.cache/nub/pm/tools/npm-prefix"   PYTHON=/Users/runner/hostedtoolcache/Python/3.9.13/arm64/bin/python   npm rebuild --no-audit --no-fund "serverless" > "/Users/runner/v2m-IfxGp0/Observe/npm.log" 2>&1
     echo $? > "/Users/runner/v2m-IfxGp0/Observe/rc"
  --- dtrace stderr + wrapper trace ---
     + cd /Users/runner/v2m-IfxGp0/Observe
     + sudo -u runner -H env PATH=/Users/runner/v2m-IfxGp0/Observe/node_modules/.bin:/Users/runner/.cache/nub/era-node/24.19.0/node-v24.19.0-darwin-arm64/bin:/Users/runner/hostedtoolcache/node/22.23.2/arm64/bin:/opt/homebrew/lib/ruby/gems/3.3.0/bin:/opt/homebrew/opt/ruby@3.3/bin:/Users/runner/.local/bin:/opt/homebrew/bin:/opt/homebrew/sbin:/Users/runner/.cargo/bin:/usr/local/opt/curl/bin:/usr/local/bin:/usr/local/sbin:/Users/runner/bin:/Users/runner/Library/Android/sdk/tools:/Users/runner/Library/Android/sdk/platform-tools:/Library/Frameworks/Python.framework/Versions/Current/bin:/Library/Frameworks/Mono.framework/Versions/Current/Commands:/usr/bin:/bin:/usr/sbin:/sbin:/Users/runner/.dotnet/tools HOME=/Users/runner/v2m-IfxGp0/jailhome TMPDIR=/private/var/folders/_5/zjnzxgh147qcg3bb5cg2wvqw0000gn/T/nub-tmp-obsiQzUA0 NODE_COMPAT=1 PYTHONDONTWRITEBYTECODE=1 PLAYWRIGHT_BROWSERS_PATH=/Users/runner/.cache/nub/pm/tools/ms-playwright ELECTRON_CACHE=/Users/runner/.cache/nub/pm/tools/electron-cache electron_config_cache=/Users/runner/.cache/nub/pm/tools/electron-cache npm_config_prefix=/Users/runner/.cache/nub/pm/tools/npm-prefix PYTHON=/Users/runner/hostedtoolcache/Python/3.9.13/arm64/bin/python npm rebuild --no-audit --no-fund serverless
     dtrace: error on enabled probe ID 128 (ID 286: syscall::execve:entry): invalid address (0x6000038b4090) in action #1 at DIF offset 20
     + echo 0
  OBSERVE   rc=0 dtrace_rc=0 files=801 (pre=798) trace=9020 lines
  CLOSURE   35 packages evicted per arm   store=/Users/runner/.cache/nub/pm/store
  RAWLOG-FILE /Users/runner/v2m-IfxGp0/Observe/trace.txt.gz
  RAWLOG-CAPTURE /Users/runner/v2m-IfxGp0/Observe/capture.json
  RAWLOG-BYTES raw=1649086 gz=63094
  VENUE-INTERPRETER /Users/runner/hostedtoolcache/node/22.23.2/arm64
  VENUE-NODE-SELECTION {"pkg":"serverless","packageVersion":"4.40.0","major":24,"version":"24.19.0","npm":"11.17.0","pinnable":true,"engines":">=18.17.0","publishedAt":"2026-07-22T14:10:40.692Z","eraMajor":24,"startMajor":24,"raisedByEngines":false,"enginesUnsatisfiable":false,"clampedToFloor":false,"clampedToCeiling":false,"matrixFloor":4,"matrixCeiling":26,"lookupFailure":null,"pinned":true,"pinnedBin":"/Users/runner/.cache/nub/era-node/24.19.0/node-v24.19.0-darwin-arm64/bin","eraNodeRoot":"/Users/runner/.cache/nub"}
  VENUE-OVERRIDES {"set":{"PATH":"inherited-and-forwarded","HOME":"/Users/runner/v2m-IfxGp0/jailhome","TMPDIR":"/private/var/folders/_5/zjnzxgh147qcg3bb5cg2wvqw0000gn/T/nub-tmp-obsiQzUA0","NODE_COMPAT":"1","PYTHONDONTWRITEBYTECODE":"1","PLAYWRIGHT_BROWSERS_PATH":"/Users/runner/.cache/nub/pm/tools/ms-playwright","ELECTRON_CACHE":"/Users/runner/.cache/nub/pm/tools/electron-cache","electron_config_cache":"/Users/runner/.cache/nub/pm/tools/electron-cache","npm_config_prefix":"/Users/runner/.cache/nub/pm/tools/npm-prefix"},"unset":["(sudo env_reset discards the caller environment; every var above is re-set after it)","CI","GITHUB_ACTIONS"],"passedThrough":{"CI":"true","GITHUB_ACTIONS":"true","NODE_ENV":null}}
  VENUE-OBSERVE-USER runner uid=501 (R7: ordinary non-root user, asserted)
  ARM-FALSIFIABILITY {"manifestFiles":5,"filesTheScriptProduced":0,"reasons":["gate-vacuous"]}
  ⛔ ARMS-UNFALSIFIABLE — a green arm for this package carries no evidence:
       gate-vacuous: the script changed no file the artifact gate keys on — every file in the manifest (5) was already present at its final size before the script ran, so the gate passes in every arm including a completely broken one
       The grant may still be correct; what is missing is a signal that could have gone
       red. Do not read this record's MINIMAL as a passing measurement.
  EVENTLOG-FILE /Users/runner/v2m-IfxGp0/Observe/events.ndjson.gz
  EVENTLOG-STATS {"lines":9021,"parsed":9003,"unparsed":0,"live":true,"tracerErrors":1,"tracerErrorTotal":1,"unresolvedDirfd":21,"unresolvedFd":0,"pairedTwoPath":529,"danglingPair":0,"failed":2822,"enoent":2819,"refusals":0,"byErrno":{"ENXIO":3,"ENOENT":2819},"procs":5,"lifecyclePids":1,"distinctEvents":5622,"emitted":5622,"calls":8460,"bytes":1181181,"gzipBytes":38128,"out":"/Users/runner/v2m-IfxGp0/Observe/events.ndjson"}
  == TRACER == live=true decodable-events=3318 dropped-events=1
    NOTE 14 relative path(s) under a non-AT_FDCWD dirfd were not
       scope-assigned: resolving them against the cwd would invent a path.
    ⛔ CWD-UNOBSERVED 2 relative path(s) (0 write(s)) came from a lifecycle
       process whose own cwd was never observed
       macOS spawns with posix_spawn addchdir_np, which changes directory in-kernel and
       emits no chdir syscall, so the inherited cwd cannot be trusted. These are NOT
       scope-assigned; the grant below is WIDENED instead so it covers wherever they landed.
         pid=46269 read  unproven .
         pid=46269 read  unproven .
    ⛔ THE TRACER DROPPED 1 EVENT(S). A dropped event is a path never
       seen, so the grant below can only be too NARROW — the direction that breaks installs.
       Treat it as a FLOOR, not a measurement, until the adapter fault is fixed:
             1 x  epid=128 action=1 fault=1 addr=0x6000038b4090
  == ATTRIBUTION == lifecycle pids: 1
    writes  script 4  /  whole traced subtree 1070
    sockets script 1  /  whole traced subtree 2
  == ROOTS (from /Users/runner/v2m-IfxGp0/Observe/capture.json; the classifier reads no other source) ==
    project       /Users/runner/v2m-IfxGp0/Observe
    home          /Users/runner
    jailHome      /Users/runner/v2m-IfxGp0/jailhome
    globalStore   /Users/runner/.cache/nub/pm/store
    projectStore  /Users/runner/v2m-IfxGp0/Observe/node_modules/.store
    interpreter   /Users/runner/hostedtoolcache/node/22.23.2/arm64
    toolsDir      /Users/runner/.cache/nub/pm/tools
    temp          /private/var/folders/_5/zjnzxgh147qcg3bb5cg2wvqw0000gn/T/nub-tmp-obsiQzUA0
    npmPrefix     /Users/runner/.cache/nub/pm/tools/npm-prefix
    ownPkg        /Users/runner/v2m-IfxGp0/Observe/node_modules/serverless
    cwd           (null — this platform has no such root)
  == WRITES the script actually performed ==
    systemfs      1
        /dev/dtracehelper
    ownPkg        3  (base profile already grants this — NOT billed)
        /Users/runner/v2m-IfxGp0/Observe/node_modules/serverless/node_modules
        /Users/runner/v2m-IfxGp0/Observe/node_modules/serverless/node_modules/.bin
        /Users/runner/v2m-IfxGp0/Observe/node_modules/serverless/node_modules/.bin/serverless-darwin-arm64-0.0.2
  == READS the script performed, by scope ==
    outside       5
    systemfs      9
    userHome      2
    ownPkg        4
    deps        144
        outside: /
        outside: /bin/bash
        outside: /bin
        outside: /var/db/timezone/zoneinfo/UTC
        outside: /var/db/timezone/zoneinfo/posixrules
  == NETWORK ==
    AF_INET connects: 1   distinct peers: 1
        18.238.109.67:443
  == REFUSALS (errno EPERM/EACCES/EROFS only; ENOENT is a miss, not a denial) ==
    distinct: 0
  == SYNTHESIZED GRANT (verify this in the real unprivileged jail) ==
    {"network":true}
  == writePaths (DERIVED — promotion out of the package's PRIVATE home) ==
    private-home writes observed: 0
    none declared — the script wrote nothing into its private home — there is nothing to promote
  == writePaths FEASIBILITY (distinct writes outside project/deps) ==
    count: 0
  EVICT[synth] 13 store entries removed, 31 spared as nub tooling, 766 in store
OSV-SCREEN {"schemaVersion":1,"kind":"nub-synth-resolved","status":"clean","digest":"6c9e880b2145abe6240cbe752541447e88cbf7475fc9c75954ff7b31f3ae9a7a","specCount":38,"lockfiles":{"digest":"84705732c04a2313046ac87e94299063c69b4355965cd75444de465c71fe6d1b","files":[{"path":"nub.lock","sha256":"a2a9b38110253574d3de2b5d2ee92efe1611bae52624c2e68d9910f481524d89","bytes":9986}]},"maliciousAdvisories":[],"screenedAt":"2026-08-27T11:05:00.731Z","cacheHit":false,"clearancePath":"/Users/runner/v2m-IfxGp0/security/nub-synth-resolved.json"}
  SECURITY nub-synth-resolved clean: 38 exact package-version(s), tree 6c9e880b2145
  VENUE-STORE-LAYOUT isolated
  VERIFY[synth] rc=0 artifacts=5/5 missing=0 shortfall=none (tree 2295/801) OVERRIDDEN=3 REJECTED=0 grant={"network":true}
  => VERIFIED {"network":true}
  EVICT[nar-no-network] 30 store entries removed, 31 spared as nub tooling, 783 in store
OSV-SCREEN {"schemaVersion":1,"kind":"nub-nar-no-network-resolved","status":"clean","digest":"6c9e880b2145abe6240cbe752541447e88cbf7475fc9c75954ff7b31f3ae9a7a","specCount":38,"lockfiles":{"digest":"84705732c04a2313046ac87e94299063c69b4355965cd75444de465c71fe6d1b","files":[{"path":"nub.lock","sha256":"a2a9b38110253574d3de2b5d2ee92efe1611bae52624c2e68d9910f481524d89","bytes":9986}]},"maliciousAdvisories":[],"screenedAt":"2026-08-27T11:05:00.731Z","cacheHit":true,"clearancePath":"/Users/runner/v2m-IfxGp0/security/nub-nar-no-network-resolved.json"}
  SECURITY nub-nar-no-network-resolved clean: 38 exact package-version(s), tree 6c9e880b2145 (cached exact-tree clearance)
  VERIFY[nar-no-network] rc=1 artifacts=5/5 missing=0 shortfall=none (tree 2292/801) OVERRIDDEN=3 REJECTED=0 grant={}
     narrowing 'no-network' fails ⇒ that capability IS necessary
  => MINIMAL — every capability in {"network":true} is independently necessary
### DONE serverless@4.40.0  synthesized={"network":true} verified=1
