OSV-SCREEN {"schemaVersion":1,"kind":"direct","status":"clean","digest":"87eca8d3530bf06ed28f8c15af5526ae8744ebd0dab6e447f3ff7809db3f9c5c","specCount":1,"lockfiles":{"digest":null,"files":[]},"maliciousAdvisories":[],"screenedAt":"2026-08-27T13:09:56.479Z","cacheHit":false,"clearancePath":"/Users/runner/v2m-ZoLZs6/security/direct.json"}
  SECURITY direct clean: 1 exact package-version(s), tree 87eca8d3530b
  ERA-NODE PINNED 8.17.0 (provisioned) (arms will run: v8.17.0)
  ERA-PYTHON /Users/runner/hostedtoolcache/Python/3.9.13/arm64/bin/python (Python 3.9.13) for era Node 8, whose node-gyp requires python3-legacy
  ARM-MAKE /usr/bin/make (GNU Make 3.81) — the system make; a build needing GNU Make 4 WILL fail here
### detox@5.9.3   (/Users/runner/v2m-ZoLZs6)   nub=/tmp/nub/target/release/nub
  VENUE-NUB-BINARY {"path":"/tmp/nub/target/release/nub","sha256":"69e622342d0c8393c78fa50a01dc9cc0a94371ac9b106b59bdcc016f06d86d30","bytes":94535576,"features":{"buildJailCatalogOverride":true,"pythonDontWriteBytecodeEnv":true}}
  CI-ENV scrubbed: CI GITHUB_ACTIONS
  --- fbt preflight (advisory; never fails the run) ---
     csrutil: System Integrity Protection status: disabled.
     fbt probes visible: 93577
     fbt enable attempt: dtrace: description 'fbt:::entry ' matched 50357 probes CPU     ID                    FUNCTION:NAME 
     cwd builtin value:  
     fbt chdir symbols:  
     fbt fires on spawn-with-cwd: dtrace: invalid probe specifier fbt::chdir*:entry /progenyof($target)/ { @[probefunc] = count(); }: probe description fbt::chdir*:entry does not match any probes 
  --- end fbt preflight ---
  ERA-RESOLUTION DATED 2017-11-03T17:08:49.872Z (deps as of the package's own publish date + 1d)
OSV-SCREEN {"schemaVersion":1,"kind":"npm-observe-resolved","status":"clean","digest":"b6293069ae5c1b1e4b6158cfd4bf0cbbdaccc68b4cd0b54eaf469e4d3d988baa","specCount":51,"lockfiles":{"digest":"ac062ad478fbea4115634c0daf31a874287023c6674a43edafe14870301122fe","files":[{"path":"package-lock.json","sha256":"a9fdbff2cb9521233275f2f9466570afa98522a1f63dcd9b0c9df277151df77f","bytes":18789}]},"maliciousAdvisories":[],"screenedAt":"2026-08-27T13:10:08.216Z","cacheHit":false,"clearancePath":"/Users/runner/v2m-ZoLZs6/security/npm-observe-resolved.json"}
  SECURITY npm-observe-resolved clean: 51 exact package-version(s), tree b6293069ae5c
  ARM-PATH SANITISED (dropped 1: /Users/runner/.yarn/bin)
  ARM-AMBIENT-TOOLS none
  ARM-SCAFFOLD none
  ARM-UNPROVIDABLE none
  VENUE-CI-CHILD clean (no CI-detection variable reaches the traced script)
  --- wrapper (run.sh) ---
     cd "/Users/runner/v2m-ZoLZs6/Observe"
     sudo -u "runner" -H env "PATH=/Users/runner/v2m-ZoLZs6/Observe/node_modules/.bin:/Users/runner/.cache/nub/era-node/8.17.0/node-v8.17.0-darwin-x64/bin:/Users/runner/hostedtoolcache/node/22.23.2/arm64/bin:/opt/homebrew/lib/ruby/gems/3.3.0/bin:/opt/homebrew/opt/ruby@3.3/bin:/Users/runner/.local/bin:/opt/homebrew/bin:/opt/homebrew/sbin:/Users/runner/.cargo/bin:/usr/local/opt/curl/bin:/usr/local/bin:/usr/local/sbin:/Users/runner/bin:/Users/runner/Library/Android/sdk/tools:/Users/runner/Library/Android/sdk/platform-tools:/Library/Frameworks/Python.framework/Versions/Current/bin:/Library/Frameworks/Mono.framework/Versions/Current/Commands:/usr/bin:/bin:/usr/sbin:/sbin:/Users/runner/.dotnet/tools"   "HOME=/Users/runner/v2m-ZoLZs6/jailhome"   "TMPDIR=/private/var/folders/_5/zjnzxgh147qcg3bb5cg2wvqw0000gn/T/nub-tmp-obsBgvwOu"   "NODE_COMPAT=1"   "PYTHONDONTWRITEBYTECODE=1"   "PLAYWRIGHT_BROWSERS_PATH=/Users/runner/.cache/nub/pm/tools/ms-playwright"   "ELECTRON_CACHE=/Users/runner/.cache/nub/pm/tools/electron-cache"   "electron_config_cache=/Users/runner/.cache/nub/pm/tools/electron-cache"   "npm_config_prefix=/Users/runner/.cache/nub/pm/tools/npm-prefix"   PYTHON=/Users/runner/hostedtoolcache/Python/3.9.13/arm64/bin/python   npm rebuild --no-audit --no-fund "detox" > "/Users/runner/v2m-ZoLZs6/Observe/npm.log" 2>&1
     echo $? > "/Users/runner/v2m-ZoLZs6/Observe/rc"
  --- dtrace stderr + wrapper trace ---
     + cd /Users/runner/v2m-ZoLZs6/Observe
     + sudo -u runner -H env PATH=/Users/runner/v2m-ZoLZs6/Observe/node_modules/.bin:/Users/runner/.cache/nub/era-node/8.17.0/node-v8.17.0-darwin-x64/bin:/Users/runner/hostedtoolcache/node/22.23.2/arm64/bin:/opt/homebrew/lib/ruby/gems/3.3.0/bin:/opt/homebrew/opt/ruby@3.3/bin:/Users/runner/.local/bin:/opt/homebrew/bin:/opt/homebrew/sbin:/Users/runner/.cargo/bin:/usr/local/opt/curl/bin:/usr/local/bin:/usr/local/sbin:/Users/runner/bin:/Users/runner/Library/Android/sdk/tools:/Users/runner/Library/Android/sdk/platform-tools:/Library/Frameworks/Python.framework/Versions/Current/bin:/Library/Frameworks/Mono.framework/Versions/Current/Commands:/usr/bin:/bin:/usr/sbin:/sbin:/Users/runner/.dotnet/tools HOME=/Users/runner/v2m-ZoLZs6/jailhome TMPDIR=/private/var/folders/_5/zjnzxgh147qcg3bb5cg2wvqw0000gn/T/nub-tmp-obsBgvwOu NODE_COMPAT=1 PYTHONDONTWRITEBYTECODE=1 PLAYWRIGHT_BROWSERS_PATH=/Users/runner/.cache/nub/pm/tools/ms-playwright ELECTRON_CACHE=/Users/runner/.cache/nub/pm/tools/electron-cache electron_config_cache=/Users/runner/.cache/nub/pm/tools/electron-cache npm_config_prefix=/Users/runner/.cache/nub/pm/tools/npm-prefix PYTHON=/Users/runner/hostedtoolcache/Python/3.9.13/arm64/bin/python npm rebuild --no-audit --no-fund detox
     dtrace: error on enabled probe ID 128 (ID 286: syscall::execve:entry): invalid address (0x600002488000) in action #1 at DIF offset 20
     dtrace: error on enabled probe ID 128 (ID 286: syscall::execve:entry): invalid address (0x600001574300) in action #6 at DIF offset 88
     + echo 65
  OBSERVE   rc=65 dtrace_rc=0 files=6086 (pre=1688) trace=180751 lines
  => BROKEN-WITHOUT-JAIL-TOO (unjailed control failed rc=65; nothing to measure)
     
     > detox@5.9.3 postinstall /Users/runner/v2m-ZoLZs6/Observe/node_modules/detox
     > scripts/postinstall.sh
     
     Extracting Detox sources...
     Building Detox.framework...
     npm ERR! code ELIFECYCLE
     npm ERR! errno 65
     npm ERR! detox@5.9.3 postinstall: `scripts/postinstall.sh`
     npm ERR! Exit status 65
     npm ERR! 
     npm ERR! Failed at the detox@5.9.3 postinstall script.
     npm ERR! This is probably not a problem with npm. There is likely additional logging output above.
     
     npm ERR! A complete log of this run can be found in:
     npm ERR!     /Users/runner/v2m-ZoLZs6/jailhome/.npm/_logs/2026-08-27T13_12_10_566Z-debug.log
