OSV-SCREEN {"schemaVersion":1,"kind":"direct","status":"clean","digest":"4519ab3e8c385406f1cb6714a611cae782f6e1a13789137cfaba77fdfb59b3db","specCount":1,"lockfiles":{"digest":null,"files":[]},"maliciousAdvisories":[],"screenedAt":"2026-08-31T13:01:49.742Z","cacheHit":false,"clearancePath":"/Users/runner/v2m-ro9wJC/security/direct.json"}
  SECURITY direct clean: 1 exact package-version(s), tree 4519ab3e8c38
  ERA-NODE PINNED 22.23.2 (provisioned) (arms will run: v22.23.2)
  ERA-PYTHON /Users/runner/hostedtoolcache/Python/3.9.13/arm64/bin/python (Python 3.9.13) for era Node 22, whose node-gyp requires python3
  ARM-MAKE /usr/bin/make (GNU Make 3.81) — the system make; a build needing GNU Make 4 WILL fail here
### saucectl@0.190.1   (/Users/runner/v2m-ro9wJC)   nub=/tmp/nub/target/release/nub
  VENUE-NUB-BINARY {"path":"/tmp/nub/target/release/nub","sha256":"69e622342d0c8393c78fa50a01dc9cc0a94371ac9b106b59bdcc016f06d86d30","bytes":94535576,"features":{"buildJailCatalogOverride":true,"pythonDontWriteBytecodeEnv":true}}
  CI-ENV scrubbed: CI GITHUB_ACTIONS
  --- fbt preflight (advisory; never fails the run) ---
     csrutil: System Integrity Protection status: disabled.
     fbt probes visible: 93577
     fbt enable attempt: dtrace: description 'fbt:::entry ' matched 50357 probes CPU     ID                    FUNCTION:NAME 
     cwd builtin value:  
     fbt chdir symbols:  
     fbt fires on spawn-with-cwd: dtrace: invalid probe specifier fbt::chdir*:entry /progenyof($target)/ { @[probefunc] = count(); }: probe description fbt::chdir*:entry does not match any probes 
  --- end fbt preflight ---
  ERA-RESOLUTION DATED 2024-12-14T16:45:29.460Z (deps as of the package's own publish date + 1d)
OSV-SCREEN {"schemaVersion":1,"kind":"npm-observe-resolved","status":"clean","digest":"1db842050dce321b31c6a29e2245a5414cdd936d2936fab187fc4418d8e5def6","specCount":23,"lockfiles":{"digest":"8586ae44b3ee2c8757bd89e4a1673b01cb65d25958d6f18633e84625021993f5","files":[{"path":"package-lock.json","sha256":"1daf13d2018c67c7bb24bbc0c4a23dc379563a817e6af1789db792e40a62d5e0","bytes":9188}]},"maliciousAdvisories":[],"screenedAt":"2026-08-31T13:01:57.052Z","cacheHit":false,"clearancePath":"/Users/runner/v2m-ro9wJC/security/npm-observe-resolved.json"}
  SECURITY npm-observe-resolved clean: 23 exact package-version(s), tree 1db842050dce
  ARM-PATH SANITISED (dropped 1: /Users/runner/.yarn/bin)
  ARM-AMBIENT-TOOLS none
  ARM-SCAFFOLD none
  ARM-UNPROVIDABLE none
  VENUE-CI-CHILD clean (no CI-detection variable reaches the traced script)
  --- wrapper (run.sh) ---
     cd "/Users/runner/v2m-ro9wJC/Observe"
     sudo -u "runner" -H env "PATH=/Users/runner/v2m-ro9wJC/Observe/node_modules/.bin:/Users/runner/.cache/nub/era-node/22.23.2/node-v22.23.2-darwin-arm64/bin:/Users/runner/hostedtoolcache/node/22.23.2/arm64/bin:/opt/homebrew/lib/ruby/gems/3.3.0/bin:/opt/homebrew/opt/ruby@3.3/bin:/Users/runner/.local/bin:/opt/homebrew/bin:/opt/homebrew/sbin:/Users/runner/.cargo/bin:/usr/local/opt/curl/bin:/usr/local/bin:/usr/local/sbin:/Users/runner/bin:/Users/runner/Library/Android/sdk/tools:/Users/runner/Library/Android/sdk/platform-tools:/Library/Frameworks/Python.framework/Versions/Current/bin:/Library/Frameworks/Mono.framework/Versions/Current/Commands:/usr/bin:/bin:/usr/sbin:/sbin:/Users/runner/.dotnet/tools"   "HOME=/Users/runner/v2m-ro9wJC/jailhome"   "TMPDIR=/private/var/folders/_5/zjnzxgh147qcg3bb5cg2wvqw0000gn/T/nub-tmp-obsOoeARm"   "NODE_COMPAT=1"   "PYTHONDONTWRITEBYTECODE=1"   "PLAYWRIGHT_BROWSERS_PATH=/Users/runner/.cache/nub/pm/tools/ms-playwright"   "ELECTRON_CACHE=/Users/runner/.cache/nub/pm/tools/electron-cache"   "electron_config_cache=/Users/runner/.cache/nub/pm/tools/electron-cache"   "npm_config_prefix=/Users/runner/.cache/nub/pm/tools/npm-prefix"   PYTHON=/Users/runner/hostedtoolcache/Python/3.9.13/arm64/bin/python   npm rebuild --no-audit --no-fund "saucectl" > "/Users/runner/v2m-ro9wJC/Observe/npm.log" 2>&1
     echo $? > "/Users/runner/v2m-ro9wJC/Observe/rc"
  --- dtrace stderr + wrapper trace ---
     + cd /Users/runner/v2m-ro9wJC/Observe
     + sudo -u runner -H env PATH=/Users/runner/v2m-ro9wJC/Observe/node_modules/.bin:/Users/runner/.cache/nub/era-node/22.23.2/node-v22.23.2-darwin-arm64/bin:/Users/runner/hostedtoolcache/node/22.23.2/arm64/bin:/opt/homebrew/lib/ruby/gems/3.3.0/bin:/opt/homebrew/opt/ruby@3.3/bin:/Users/runner/.local/bin:/opt/homebrew/bin:/opt/homebrew/sbin:/Users/runner/.cargo/bin:/usr/local/opt/curl/bin:/usr/local/bin:/usr/local/sbin:/Users/runner/bin:/Users/runner/Library/Android/sdk/tools:/Users/runner/Library/Android/sdk/platform-tools:/Library/Frameworks/Python.framework/Versions/Current/bin:/Library/Frameworks/Mono.framework/Versions/Current/Commands:/usr/bin:/bin:/usr/sbin:/sbin:/Users/runner/.dotnet/tools HOME=/Users/runner/v2m-ro9wJC/jailhome TMPDIR=/private/var/folders/_5/zjnzxgh147qcg3bb5cg2wvqw0000gn/T/nub-tmp-obsOoeARm NODE_COMPAT=1 PYTHONDONTWRITEBYTECODE=1 PLAYWRIGHT_BROWSERS_PATH=/Users/runner/.cache/nub/pm/tools/ms-playwright ELECTRON_CACHE=/Users/runner/.cache/nub/pm/tools/electron-cache electron_config_cache=/Users/runner/.cache/nub/pm/tools/electron-cache npm_config_prefix=/Users/runner/.cache/nub/pm/tools/npm-prefix PYTHON=/Users/runner/hostedtoolcache/Python/3.9.13/arm64/bin/python npm rebuild --no-audit --no-fund saucectl
     dtrace: error on enabled probe ID 128 (ID 286: syscall::execve:entry): invalid address (0x600003cad0e0) in action #1 at DIF offset 20
     + echo 0
  OBSERVE   rc=0 dtrace_rc=0 files=285 (pre=282) trace=12676 lines
  CLOSURE   23 packages evicted per arm   store=/Users/runner/.cache/nub/pm/store
  RAWLOG-FILE /Users/runner/v2m-ro9wJC/Observe/trace.txt.gz
  RAWLOG-CAPTURE /Users/runner/v2m-ro9wJC/Observe/capture.json
  RAWLOG-BYTES raw=2340037 gz=70186
  VENUE-INTERPRETER /Users/runner/hostedtoolcache/node/22.23.2/arm64
  VENUE-NODE-SELECTION {"pkg":"saucectl","packageVersion":"0.190.1","major":22,"version":"22.23.2","npm":"10.9.8","pinnable":true,"engines":">=16.13.2","publishedAt":"2024-12-13T16:45:29.460Z","eraMajor":22,"startMajor":22,"raisedByEngines":false,"enginesUnsatisfiable":false,"clampedToFloor":false,"clampedToCeiling":false,"matrixFloor":4,"matrixCeiling":26,"lookupFailure":null,"pinned":true,"pinnedBin":"/Users/runner/.cache/nub/era-node/22.23.2/node-v22.23.2-darwin-arm64/bin","eraNodeRoot":"/Users/runner/.cache/nub"}
  VENUE-OVERRIDES {"set":{"PATH":"inherited-and-forwarded","HOME":"/Users/runner/v2m-ro9wJC/jailhome","TMPDIR":"/private/var/folders/_5/zjnzxgh147qcg3bb5cg2wvqw0000gn/T/nub-tmp-obsOoeARm","NODE_COMPAT":"1","PYTHONDONTWRITEBYTECODE":"1","PLAYWRIGHT_BROWSERS_PATH":"/Users/runner/.cache/nub/pm/tools/ms-playwright","ELECTRON_CACHE":"/Users/runner/.cache/nub/pm/tools/electron-cache","electron_config_cache":"/Users/runner/.cache/nub/pm/tools/electron-cache","npm_config_prefix":"/Users/runner/.cache/nub/pm/tools/npm-prefix"},"unset":["(sudo env_reset discards the caller environment; every var above is re-set after it)","CI","GITHUB_ACTIONS"],"passedThrough":{"CI":"true","GITHUB_ACTIONS":"true","NODE_ENV":null}}
  VENUE-OBSERVE-USER runner uid=501 (R7: ordinary non-root user, asserted)
  ARM-FALSIFIABILITY {"manifestFiles":8,"filesTheScriptProduced":1,"reasons":[]}
  EVENTLOG-FILE /Users/runner/v2m-ro9wJC/Observe/events.ndjson.gz
  EVENTLOG-STATS {"lines":12677,"parsed":12657,"unparsed":0,"live":true,"tracerErrors":1,"tracerErrorTotal":1,"unresolvedDirfd":24,"unresolvedFd":0,"pairedTwoPath":541,"danglingPair":0,"failed":4857,"enoent":4854,"refusals":0,"byErrno":{"ENXIO":3,"ENOENT":4854},"procs":6,"lifecyclePids":1,"distinctEvents":5810,"emitted":5810,"calls":12101,"bytes":1229785,"gzipBytes":39243,"out":"/Users/runner/v2m-ro9wJC/Observe/events.ndjson"}
  == TRACER == live=true decodable-events=3255 dropped-events=1
    NOTE 16 relative path(s) under a non-AT_FDCWD dirfd were not
       scope-assigned: resolving them against the cwd would invent a path.
    ⛔ CWD-UNOBSERVED 2 relative path(s) (0 write(s)) came from a lifecycle
       process whose own cwd was never observed
       macOS spawns with posix_spawn addchdir_np, which changes directory in-kernel and
       emits no chdir syscall, so the inherited cwd cannot be trusted. These are NOT
       scope-assigned; the grant below is WIDENED instead so it covers wherever they landed.
         pid=22936 read  unproven .
         pid=22936 read  unproven .
    ⛔ THE TRACER DROPPED 1 EVENT(S). A dropped event is a path never
       seen, so the grant below can only be too NARROW — the direction that breaks installs.
       Treat it as a FLOOR, not a measurement, until the adapter fault is fixed:
             1 x  epid=128 action=1 fault=1 addr=0x600003cad0e0
  == ATTRIBUTION == lifecycle pids: 1
    writes  script 3  /  whole traced subtree 1093
    sockets script 2  /  whole traced subtree 3
  == ROOTS (from /Users/runner/v2m-ro9wJC/Observe/capture.json; the classifier reads no other source) ==
    project       /Users/runner/v2m-ro9wJC/Observe
    home          /Users/runner
    jailHome      /Users/runner/v2m-ro9wJC/jailhome
    globalStore   /Users/runner/.cache/nub/pm/store
    projectStore  /Users/runner/v2m-ro9wJC/Observe/node_modules/.store
    interpreter   /Users/runner/hostedtoolcache/node/22.23.2/arm64
    toolsDir      /Users/runner/.cache/nub/pm/tools
    temp          /private/var/folders/_5/zjnzxgh147qcg3bb5cg2wvqw0000gn/T/nub-tmp-obsOoeARm
    npmPrefix     /Users/runner/.cache/nub/pm/tools/npm-prefix
    ownPkg        /Users/runner/v2m-ro9wJC/Observe/node_modules/saucectl
    cwd           (null — this platform has no such root)
  == WRITES the script actually performed ==
    systemfs      1
        /dev/dtracehelper
    ownPkg        2  (base profile already grants this — NOT billed)
        /Users/runner/v2m-ro9wJC/Observe/node_modules/saucectl/bin
        /Users/runner/v2m-ro9wJC/Observe/node_modules/saucectl/bin/saucectl
  == READS the script performed, by scope ==
    outside       6
    systemfs     10
    userHome      2
    ownPkg        5
    deps         85
        outside: /
        outside: /bin/bash
        outside: /bin
        outside: /var/db/timezone/zoneinfo/UTC
        outside: /var/db/timezone/zoneinfo/posixrules
        outside: /etc/localtime
  == NETWORK ==
    AF_INET connects: 2   distinct peers: 2
        172.182.252.133:443
        185.199.109.133:443
  == REFUSALS (errno EPERM/EACCES/EROFS only; ENOENT is a miss, not a denial) ==
    distinct: 0
  == SYNTHESIZED GRANT (verify this in the real unprivileged jail) ==
    {"network":true}
  == writePaths (DERIVED — promotion out of the package's PRIVATE home) ==
    private-home writes observed: 0
    none declared — the script wrote nothing into its private home — there is nothing to promote
  == writePaths FEASIBILITY (distinct writes outside project/deps) ==
    count: 0
  EVICT[synth] 3 store entries removed, 4 spared as nub tooling, 495 in store
OSV-SCREEN {"schemaVersion":1,"kind":"nub-synth-resolved","status":"clean","digest":"0c44bd76f5e3948019bfa3d84ff739eb2a3d68ca36c945e8b4fe34ed77682f19","specCount":44,"lockfiles":{"digest":"b80ceb6c3059cbda4a1fe151e01026e402f8d31aaea76903093044770f38e3d3","files":[{"path":"nub.lock","sha256":"3f1cad62986fc7690aa050f390cdc5254d5be23691bc538c583828dc2b6b9ca7","bytes":12723}]},"maliciousAdvisories":[],"screenedAt":"2026-08-31T13:02:04.359Z","cacheHit":false,"clearancePath":"/Users/runner/v2m-ro9wJC/security/nub-synth-resolved.json"}
  SECURITY nub-synth-resolved clean: 44 exact package-version(s), tree 0c44bd76f5e3
  VENUE-STORE-LAYOUT isolated
  VERIFY[synth] rc=0 artifacts=8/8 missing=0 shortfall=none (tree 2179/285) OVERRIDDEN=3 REJECTED=0 grant={"network":true}
  => VERIFIED {"network":true}
  EVICT[nar-no-network] 20 store entries removed, 4 spared as nub tooling, 519 in store
OSV-SCREEN {"schemaVersion":1,"kind":"nub-nar-no-network-resolved","status":"clean","digest":"df52ef5fc974ac7c4f406c3cad3e68e8a3a2d3764ac81ca97ca38db128810ac2","specCount":44,"lockfiles":{"digest":"7ce4c36b761d4390984b68452e23dff25b2333f4000334e2fc3bedbd3310dca9","files":[{"path":"nub.lock","sha256":"3c79ebb82bda7b4898d23cdb268cab5a6b84c9c1031643da571b7b30b672f013","bytes":12723}]},"maliciousAdvisories":[],"screenedAt":"2026-08-31T13:02:06.701Z","cacheHit":false,"clearancePath":"/Users/runner/v2m-ro9wJC/security/nub-nar-no-network-resolved.json"}
  SECURITY nub-nar-no-network-resolved clean: 44 exact package-version(s), tree df52ef5fc974
  VERIFY[nar-no-network] rc=1 artifacts=7/8 missing=1 shortfall=1f6a7b28e9d5 (tree 2182/285) OVERRIDDEN=3 REJECTED=0 grant={}
       missing: bin/saucectl
     [nar-no-network/a] Installation failed: Error: failed to download: Error: getaddrinfo ENOTFOUND github.com
     narrowing 'no-network' fails ⇒ that capability IS necessary
  => MINIMAL — every capability in {"network":true} is independently necessary
### DONE saucectl@0.190.1  synthesized={"network":true} verified=1
