  HARNESS-NODE /opt/hostedtoolcache/node/22.23.2/x64/bin/node (v22.23.2); arm-cap present
  ERA-NODE PINNED 18.20.8 (provisioned) (arms will run: v18.20.8)
  ERA-PYTHON /opt/hostedtoolcache/Python/3.9.25/x64/bin/python (Python 3.9.25) for era Node 18, whose node-gyp requires python3
  ARM-MAKE /usr/bin/gmake (GNU Make 4.3) — the system make; a build needing GNU Make 4 WILL fail here
### html-to-docx@1.6.3   (/home/runner/v2-KVSljI)
  CI-ENV scrubbed: CI GITHUB_ACTIONS
OSV-SCREEN {"schemaVersion":1,"kind":"direct","status":"clean","digest":"89d734b684acfec16af57e217ba66e0eb140e2d194222f8318c800d68ac2dd05","specCount":1,"lockfiles":{"digest":null,"files":[]},"maliciousAdvisories":[],"screenedAt":"2026-08-26T19:28:57.431Z","cacheHit":false,"clearancePath":"/home/runner/v2-KVSljI/security/direct.json"}
  SECURITY direct clean: 1 exact package-version(s), tree 89d734b684ac
  VENUE-OBSERVE-USER {"uid":1001,"user":"runner","umask":"0022","capBnd":"000001ffffffffff","noNewPrivs":"0"}
  VENUE-NUB-BINARY {"path":"/tmp/nub/target/release/nub","sha256":"bed0d624b324fb3de83de474ff73731ad2f1fd040ff548bb0158e2baf850701d","bytes":208304640,"features":{"buildJailCatalogOverride":true,"pythonDontWriteBytecodeEnv":true}}
  ERA-RESOLUTION DATED 2022-11-18T19:08:56.859Z (deps as of the package's own publish date + 1d)
OSV-SCREEN {"schemaVersion":1,"kind":"npm-observe-resolved","status":"clean","digest":"3222747afd362ba7d899f4ea593845bfd1a04b37798caebde61f0f84224b54c4","specCount":65,"lockfiles":{"digest":"fc084889e18e68248fbe2fb6caf021e3f3f0f9b94eb1e56bc18a3278b07df149","files":[{"path":"package-lock.json","sha256":"59389586218234fee0c6bc8e851d22f8ca987ca598c6cfc8d277e946854a857c","bytes":24789}]},"maliciousAdvisories":[],"screenedAt":"2026-08-26T19:28:59.575Z","cacheHit":false,"clearancePath":"/home/runner/v2-KVSljI/security/npm-observe-resolved.json"}
  SECURITY npm-observe-resolved clean: 65 exact package-version(s), tree 3222747afd36
  ARM-PATH SANITISED (nothing to drop)
  ARM-AMBIENT-TOOLS 7 leaked: tsc=/usr/local/bin/tsc grunt=/usr/local/bin/grunt gulp=/usr/local/bin/gulp webpack=/usr/local/bin/webpack lerna=/usr/local/bin/lerna yarn=/usr/local/bin/yarn pulumi=/usr/local/bin/pulumi
  ARM-SCAFFOLD 2 added: npm-force-resolutions husky@^7.0.0
  ARM-UNPROVIDABLE none
  ARM-SCAFFOLD-INSTALL rc=0
  OBSERVE   rc=1 files=2766 trace=13610 lines
  => BROKEN-WITHOUT-JAIL-TOO (unjailed control failed; nothing to measure)
