### saucectl@0.194.3   (/home/runner/v2-6oUoYs)
  CI-ENV scrubbed: CI GITHUB_ACTIONS
OSV-SCREEN {"schemaVersion":1,"kind":"direct","status":"clean","digest":"028e90d3d3fe90c28dc616489cdbaab3fac93699090de673e3ba7fcbbecae335","specCount":1,"lockfiles":{"digest":null,"files":[]},"maliciousAdvisories":[],"screenedAt":"2026-09-08T01:19:49.165Z","cacheHit":false,"clearancePath":"/home/runner/v2-6oUoYs/security/direct.json"}
  SECURITY direct clean: 1 exact package-version(s), tree 028e90d3d3fe
  VENUE-OBSERVE-USER {"uid":1001,"user":"runner","umask":"0022","capBnd":"000001ffffffffff","noNewPrivs":"0"}
  VENUE-NUB-BINARY {"path":"/tmp/nub/target/release/nub","sha256":"2a18683f50f7afeb02a521cd3cae175dc2f91780d461c5f012065241f5a1447b","bytes":207643464,"features":{"buildJailCatalogOverride":true,"pythonDontWriteBytecodeEnv":true}}
OSV-SCREEN {"schemaVersion":1,"kind":"npm-observe-resolved","status":"clean","digest":"ffe1686fb18288b1db6e4d281c7f0dcf1b198e15df4296aa4f92d972a28ddc9d","specCount":44,"lockfiles":{"digest":"8d5d31f9cd6f0e636f192bde4de56dfb1991c95536df5e920fdab777748d0351","files":[{"path":"package-lock.json","sha256":"d249a67e3335049cfef8b6db131076e4ff0b447f9d0448a9f6b47f71f7316f4b","bytes":19402}]},"maliciousAdvisories":[],"screenedAt":"2026-09-08T01:19:53.145Z","cacheHit":false,"clearancePath":"/home/runner/v2-6oUoYs/security/npm-observe-resolved.json"}
  SECURITY npm-observe-resolved clean: 44 exact package-version(s), tree ffe1686fb182
  OBSERVE   rc=0 files=634 trace=12111 lines
  CLOSURE   42 packages evicted per arm
  ARM-FALSIFIABILITY {"manifestFiles":8,"filesTheScriptProduced":1,"reasons":[]}
  RAWLOG-FILE /home/runner/v2-6oUoYs/observe/trace.txt.gz
  RAWLOG-CAPTURE /home/runner/v2-6oUoYs/observe/capture.json
  RAWLOG-BYTES raw=2634655 gz=79856
  VENUE-INTERPRETER /opt/hostedtoolcache/node/22.23.2/x64
  VENUE-OVERRIDES {"set":{"HOME":"/home/runner/v2-6oUoYs/jailhome","TMPDIR":"/tmp/nub-tmp-obsXvU96M","NODE_COMPAT":"1","PLAYWRIGHT_BROWSERS_PATH":"/home/runner/.cache/nub/pm/tools/ms-playwright","ELECTRON_CACHE":"/home/runner/.cache/nub/pm/tools/electron-cache","electron_config_cache":"/home/runner/.cache/nub/pm/tools/electron-cache","npm_config_prefix":"/home/runner/.cache/nub/pm/tools/npm-prefix","PYTHONDONTWRITEBYTECODE":"1","NUB_CACHE_DIR":"/home/runner/v2-6oUoYs/nubcache"},"unset":["CI","GITHUB_ACTIONS"],"passedThrough":{"CI":"true","GITHUB_ACTIONS":"true","NODE_ENV":null}}
  == ATTRIBUTION == attributed pids: 26
    writes  script 2  /  whole traced tree 1090
    sockets script 5  /  whole traced tree 9
  == ROOTS (from capture.json — R2: no ambient reads) ==
    project       /home/runner/v2-6oUoYs/observe
    home          /home/runner
    jailHome      /home/runner/v2-6oUoYs/jailhome
    globalStore   /home/runner/.cache/nub/pm/store   [declared, not keyed on]
    projectStore  /home/runner/v2-6oUoYs/observe/node_modules/.store   [declared, not keyed on]
    interpreter   /opt/hostedtoolcache/node/22.23.2/x64   [declared, not keyed on]
    toolsDir      /home/runner/.cache/nub/pm/tools   [declared, not keyed on]
    temp          /tmp/nub-tmp-obsXvU96M
    npmPrefix     /home/runner/.cache/nub/pm/tools/npm-prefix
    ownPkg        /home/runner/v2-6oUoYs/observe/node_modules/saucectl
  == WRITES the script actually performed ==
    ownPkg        2  (base profile already grants this — NOT billed)
        /home/runner/v2-6oUoYs/observe/node_modules/saucectl/bin
        /home/runner/v2-6oUoYs/observe/node_modules/saucectl/bin/saucectl
  == NETWORK ==
    AF_INET sockets: 5   distinct peers: 3
        127.0.0.53:53
        104.16.6.34:443
        140.82.114.3:443
  == REFUSALS (only `= -1 EACCES/EPERM/EROFS`) ==
    distinct: 0
  == SYNTHESIZED GRANT (verify this in the real unprivileged jail) ==
    {"network":true}
  == writePaths (DERIVED — promotion out of the package's PRIVATE home) ==
    private-home writes observed: 0
    none declared — the script wrote nothing into its private home — there is nothing to promote
  == writePaths FEASIBILITY (distinct writes outside project/deps) ==
    count: 0
    EVENTS    5024 distinct from 11983 calls (12112 lines, 84 rejoined, 0 unparsed)
    PROCS     33   lifecycle shells 21
    ⛔ 3 paths with an UNRESOLVED dirfd — kept, marked, never guessed
    unsubscribed/unmapped syscalls: setsockopt×57 getsockname×37 exit×20 getsockopt×19 recvmsg×11 tgkill×8 socketpair×6 shutdown×5
    wrote /home/runner/v2-6oUoYs/observe/events.ndjson.gz (34908 bytes)
  EVENTLOG-FILE /home/runner/v2-6oUoYs/observe/events.ndjson.gz
  EVENTLOG-STATS {"lines":12112,"parsed":11983,"unparsed":0,"unfinished":84,"rejoined":84,"unresolvedDirfd":3,"truncatedArg":0,"procs":33,"lifecyclePids":21,"distinctEvents":5024,"unknownSyscall":{"getsockname":37,"getsockopt":19,"getcwd":4,"recvmsg":11,"exit":20,"setsockopt":57,"sendmmsg":3,"socketpair":6,"shutdown":5,"tgkill":8,"exit_group":4,"wait4":4},"out":"/home/runner/v2-6oUoYs/observe/events.ndjson.gz","gzipBytes":34908}
  EVICT     25 store entries removed, 0 spared as nub tooling
  SE-PURGE  0 side-effects-cache entries for saucectl
OSV-SCREEN {"schemaVersion":1,"kind":"nub-synth-resolved","status":"clean","digest":"ffe1686fb18288b1db6e4d281c7f0dcf1b198e15df4296aa4f92d972a28ddc9d","specCount":44,"lockfiles":{"digest":"c1898818c861909be3ecd867081d6ef0e16f99ee8cd903cd50a3e2e0176399eb","files":[{"path":"nub.lock","sha256":"ee1a9cf4089d83c68b1827ba82762ba90c6f98c77ae2d59b96511dd22e2b5d65","bytes":12723}]},"maliciousAdvisories":[],"screenedAt":"2026-09-08T01:19:53.145Z","cacheHit":true,"clearancePath":"/home/runner/v2-6oUoYs/security/nub-synth-resolved.json"}
  SECURITY nub-synth-resolved clean: 44 exact package-version(s), tree ffe1686fb182 (cached exact-tree clearance)
  VENUE-STORE-LAYOUT isolated
  VERIFY[synth] rc=0 artifacts=8/8 missing=0 shortfall=none (tree 2185/634) OVERRIDDEN=2 REJECTED=0 grant={"network":true}
  => VERIFIED {"network":true}   (observed, then verified)
  EVICT     44 store entries removed, 0 spared as nub tooling
  SE-PURGE  0 side-effects-cache entries for saucectl
OSV-SCREEN {"schemaVersion":1,"kind":"nub-drop-no-network-resolved","status":"clean","digest":"ffe1686fb18288b1db6e4d281c7f0dcf1b198e15df4296aa4f92d972a28ddc9d","specCount":44,"lockfiles":{"digest":"c1898818c861909be3ecd867081d6ef0e16f99ee8cd903cd50a3e2e0176399eb","files":[{"path":"nub.lock","sha256":"ee1a9cf4089d83c68b1827ba82762ba90c6f98c77ae2d59b96511dd22e2b5d65","bytes":12723}]},"maliciousAdvisories":[],"screenedAt":"2026-09-08T01:19:53.145Z","cacheHit":true,"clearancePath":"/home/runner/v2-6oUoYs/security/nub-drop-no-network-resolved.json"}
  SECURITY nub-drop-no-network-resolved clean: 44 exact package-version(s), tree ffe1686fb182 (cached exact-tree clearance)
  VERIFY[drop-no-network] rc=1 artifacts=7/8 missing=1 shortfall=1f6a7b28e9d5 (tree 2183/634) OVERRIDDEN=2 REJECTED=0 grant={}
       missing: bin/saucectl
     'no-network' is NECESSARY — dropping it fails to verify
  => MINIMAL — every capability in {"network":true} is independently necessary
