  HARNESS-NODE /opt/hostedtoolcache/node/22.23.2/x64/bin/node (v22.23.2); arm-cap present
  ERA-NODE PINNED 4.9.1 (provisioned) (arms will run: v4.9.1)
  ERA-PYTHON /usr/bin/python2.7 (Python 2.7.18) for era Node 4, whose node-gyp requires python2
  ARM-MAKE /usr/bin/gmake (GNU Make 4.3) — the system make; a build needing GNU Make 4 WILL fail here
### electron-chromedriver@0.37.1   (/home/runner/v2-AGZ3fb)
  CI-ENV scrubbed: CI GITHUB_ACTIONS
OSV-SCREEN {"schemaVersion":1,"kind":"direct","status":"clean","digest":"a2cd4e8d946f794b683b42d519f2e9faf8b3582127de5590a73020113ef3ba28","specCount":1,"lockfiles":{"digest":null,"files":[]},"maliciousAdvisories":[],"screenedAt":"2026-08-29T06:04:25.929Z","cacheHit":false,"clearancePath":"/home/runner/v2-AGZ3fb/security/direct.json"}
  SECURITY direct clean: 1 exact package-version(s), tree a2cd4e8d946f
  VENUE-OBSERVE-USER {"uid":1001,"user":"runner","umask":"0022","capBnd":"000001ffffffffff","noNewPrivs":"0"}
  VENUE-NUB-BINARY {"path":"/tmp/nub/target/release/nub","sha256":"bed0d624b324fb3de83de474ff73731ad2f1fd040ff548bb0158e2baf850701d","bytes":208304640,"features":{"buildJailCatalogOverride":true,"pythonDontWriteBytecodeEnv":true}}
  ERA-RESOLUTION DATED 2016-03-15T21:54:41.551Z (deps as of the package's own publish date + 1d)
OSV-SCREEN {"schemaVersion":1,"kind":"npm-observe-resolved","status":"clean","digest":"9c5ccd103ef1225fe48bc59b4cad43cfd92caf5381ed65b1ae7816dcc2f710ad","specCount":185,"lockfiles":{"digest":"1ee7e1e013ab4d5de3f753e83894c5f04712763b8e9b83bf4002c354ee12f788","files":[{"path":"package-lock.json","sha256":"7931895997ae0446885d717716d6d61eae8c1617b96966920a95cc1acb0eca83","bytes":78808}]},"maliciousAdvisories":[],"screenedAt":"2026-08-29T06:04:28.978Z","cacheHit":false,"clearancePath":"/home/runner/v2-AGZ3fb/security/npm-observe-resolved.json"}
  SECURITY npm-observe-resolved clean: 185 exact package-version(s), tree 9c5ccd103ef1
  ARM-PATH SANITISED (nothing to drop)
  ARM-AMBIENT-TOOLS 7 leaked: tsc=/usr/local/bin/tsc grunt=/usr/local/bin/grunt gulp=/usr/local/bin/gulp webpack=/usr/local/bin/webpack lerna=/usr/local/bin/lerna yarn=/usr/local/bin/yarn pulumi=/usr/local/bin/pulumi
  ARM-SCAFFOLD none
  ARM-UNPROVIDABLE none
  OBSERVE   rc=0 files=1381 trace=10791 lines
  CLOSURE   175 packages evicted per arm
  ARM-FALSIFIABILITY {"manifestFiles":7,"filesTheScriptProduced":3,"reasons":[]}
  RAWLOG-FILE /home/runner/v2-AGZ3fb/observe/trace.txt.gz
  RAWLOG-CAPTURE /home/runner/v2-AGZ3fb/observe/capture.json
  RAWLOG-BYTES raw=1487403 gz=61056
  VENUE-INTERPRETER /opt/hostedtoolcache/node/22.23.2/x64
  VENUE-NODE-SELECTION {"pkg":"electron-chromedriver","packageVersion":"0.37.1","major":4,"version":"4.9.1","npm":"2.15.11","pinnable":true,"engines":null,"publishedAt":"2016-03-14T21:54:41.551Z","eraMajor":4,"startMajor":4,"raisedByEngines":false,"enginesUnsatisfiable":false,"clampedToFloor":false,"clampedToCeiling":false,"matrixFloor":4,"matrixCeiling":26,"lookupFailure":null,"pinned":true,"pinnedBin":"/home/runner/.cache/nub/era-node/4.9.1/node-v4.9.1-linux-x64/bin","eraNodeRoot":"/home/runner/.cache/nub"}
  VENUE-OVERRIDES {"set":{"HOME":"/home/runner/v2-AGZ3fb/jailhome","TMPDIR":"/tmp/nub-tmp-obsZIlw6u","NODE_COMPAT":"1","PLAYWRIGHT_BROWSERS_PATH":"/home/runner/.cache/nub/pm/tools/ms-playwright","ELECTRON_CACHE":"/home/runner/.cache/nub/pm/tools/electron-cache","electron_config_cache":"/home/runner/.cache/nub/pm/tools/electron-cache","npm_config_prefix":"/home/runner/.cache/nub/pm/tools/npm-prefix","PYTHONDONTWRITEBYTECODE":"1","NUB_CACHE_DIR":"/home/runner/v2-AGZ3fb/nubcache"},"unset":["CI","GITHUB_ACTIONS"],"passedThrough":{"CI":"true","GITHUB_ACTIONS":"true","NODE_ENV":null}}
  == ATTRIBUTION == attributed pids: 16
    writes  script 4  /  whole traced tree 7
    sockets script 7  /  whole traced tree 7
  == ROOTS (from capture.json — R2: no ambient reads) ==
    project       /home/runner/v2-AGZ3fb/observe
    home          /home/runner
    jailHome      /home/runner/v2-AGZ3fb/jailhome
    globalStore   /home/runner/.cache/nub/pm/store   [declared, not keyed on]
    projectStore  /home/runner/v2-AGZ3fb/observe/node_modules/.store   [declared, not keyed on]
    interpreter   /opt/hostedtoolcache/node/22.23.2/x64   [declared, not keyed on]
    toolsDir      /home/runner/.cache/nub/pm/tools   [declared, not keyed on]
    temp          /tmp/nub-tmp-obsZIlw6u
    npmPrefix     /home/runner/.cache/nub/pm/tools/npm-prefix
    ownPkg        /home/runner/v2-AGZ3fb/observe/node_modules/electron-chromedriver
  == WRITES the script actually performed ==
    ownPkg        4  (base profile already grants this — NOT billed)
        /home/runner/v2-AGZ3fb/observe/node_modules/electron-chromedriver/bin
        /home/runner/v2-AGZ3fb/observe/node_modules/electron-chromedriver/bin/LICENSE
        /home/runner/v2-AGZ3fb/observe/node_modules/electron-chromedriver/bin/LICENSES.chromium.html
        /home/runner/v2-AGZ3fb/observe/node_modules/electron-chromedriver/bin/chromedriver
  == NETWORK ==
    AF_INET sockets: 7   distinct peers: 2
        127.0.0.53:53
        140.82.114.3:443
  == REFUSALS (only `= -1 EACCES/EPERM/EROFS`) ==
    distinct: 1
        execve /
  == SYNTHESIZED GRANT (verify this in the real unprivileged jail) ==
    {"network":true}
  == writePaths (DERIVED — promotion out of the package's PRIVATE home) ==
    private-home writes observed: 0
    none declared — the script wrote nothing into its private home — there is nothing to promote
  == writePaths FEASIBILITY (distinct writes outside project/deps) ==
    count: 0
    EVENTS    6570 distinct from 9551 calls (10792 lines, 1213 rejoined, 0 unparsed)
    PROCS     23   lifecycle shells 11
    unsubscribed/unmapped syscalls: exit×16 recvmsg×11 getsockname×8 wait4×7 exit_group×5 getcwd×5 setsockopt×3 sendmmsg×3
    wrote /home/runner/v2-AGZ3fb/observe/events.ndjson.gz (35677 bytes)
  EVENTLOG-FILE /home/runner/v2-AGZ3fb/observe/events.ndjson.gz
  EVENTLOG-STATS {"lines":10792,"parsed":9551,"unparsed":0,"unfinished":1213,"rejoined":1213,"unresolvedDirfd":0,"truncatedArg":0,"procs":23,"lifecyclePids":11,"distinctEvents":6570,"unknownSyscall":{"exit_group":5,"wait4":7,"getcwd":5,"getsockname":8,"recvmsg":11,"setsockopt":3,"sendmmsg":3,"getsockopt":3,"exit":16},"out":"/home/runner/v2-AGZ3fb/observe/events.ndjson.gz","gzipBytes":35677}
  EVICT     2 store entries removed, 75 spared as nub tooling
  SE-PURGE  0 side-effects-cache entries for electron-chromedriver
OSV-SCREEN {"schemaVersion":1,"kind":"nub-synth-resolved","status":"clean","digest":"d4fac5b5d5bab3c5a51cd243aeeeee28c6e6f722f2bc90185dff092d17da87b3","specCount":221,"lockfiles":{"digest":"2f0318f0ca15f94b64bb85673d433ffdc2529773cd3d4def9128299ad7a0639c","files":[{"path":"nub.lock","sha256":"d2f8cb5e85d239c69f62fa3820b3a7bfd121c39cf04eb94902d26b183d33f764","bytes":53190}]},"maliciousAdvisories":[],"screenedAt":"2026-08-29T06:04:33.742Z","cacheHit":false,"clearancePath":"/home/runner/v2-AGZ3fb/security/nub-synth-resolved.json"}
  SECURITY nub-synth-resolved clean: 221 exact package-version(s), tree d4fac5b5d5ba
  VENUE-STORE-LAYOUT isolated
  VERIFY[synth] rc=1 artifacts=4/7 missing=3 shortfall=cf2df2529553 (tree 6117/1381) OVERRIDDEN=2 REJECTED=0 grant={"network":true}
       missing: bin/LICENSE, bin/LICENSES.chromium.html, bin/chromedriver
     [synth/i] DEBUG final message final_message=; header 15114:QUERY:RD:NoError:QUERY
     [synth/i] DEBUG final message final_message=; header 49990:QUERY:RD:NoError:QUERY
     [synth/i] DEBUG final message final_message=; header 46867:QUERY:RD:NoError:QUERY
     [synth/i] DEBUG final message final_message=; header 61621:QUERY:RD:NoError:QUERY
     [synth/i] DEBUG response: ; header 49990:RESPONSE:RD,RA:NoError:QUERY
     [synth/i] DEBUG response: ; header 49990:RESPONSE:RD,RA:NoError:QUERY
     [synth/i] DEBUG response: ; header 15114:RESPONSE:RD,RA:NoError:QUERY
     [synth/i] DEBUG response: ; header 15114:RESPONSE:RD,RA:NoError:QUERY
     [synth/i] DEBUG response: ; header 61621:RESPONSE:RD,RA:NoError:QUERY
     [synth/i] DEBUG response: ; header 61621:RESPONSE:RD,RA:NoError:QUERY
     [synth/i] DEBUG response: ; header 46867:RESPONSE:RD,RA:NoError:QUERY
     [synth/i] DEBUG response: ; header 46867:RESPONSE:RD,RA:NoError:QUERY
  DIAGNOSE  ZERO filesystem refusals under the failing grant.
     ⇒ the missing capability is NOT a path this tracer covers — look at the network axis,
       or a resource class strace's file+network filter does not carry.
  synthesized grant did not verify — falling back to a bounded ladder
  EVICT     115 store entries removed, 75 spared as nub tooling
  SE-PURGE  0 side-effects-cache entries for electron-chromedriver
OSV-SCREEN {"schemaVersion":1,"kind":"nub-fb2126003217-resolved","status":"clean","digest":"d4fac5b5d5bab3c5a51cd243aeeeee28c6e6f722f2bc90185dff092d17da87b3","specCount":221,"lockfiles":{"digest":"2f0318f0ca15f94b64bb85673d433ffdc2529773cd3d4def9128299ad7a0639c","files":[{"path":"nub.lock","sha256":"d2f8cb5e85d239c69f62fa3820b3a7bfd121c39cf04eb94902d26b183d33f764","bytes":53190}]},"maliciousAdvisories":[],"screenedAt":"2026-08-29T06:04:33.742Z","cacheHit":true,"clearancePath":"/home/runner/v2-AGZ3fb/security/nub-fb2126003217-resolved.json"}
  SECURITY nub-fb2126003217-resolved clean: 221 exact package-version(s), tree d4fac5b5d5ba (cached exact-tree clearance)
  VERIFY[fb2126003217] rc=1 artifacts=4/7 missing=3 shortfall=cf2df2529553 (tree 6117/1381) OVERRIDDEN=2 REJECTED=0 grant={"write":{"deps":true,"project":true,"userHome":true},"network":true}
       missing: bin/LICENSE, bin/LICENSES.chromium.html, bin/chromedriver
     [fb2126003217/i] DEBUG final message final_message=; header 41066:QUERY:RD:NoError:QUERY
     [fb2126003217/i] DEBUG final message final_message=; header 45802:QUERY:RD:NoError:QUERY
     [fb2126003217/i] DEBUG final message final_message=; header 1449:QUERY:RD:NoError:QUERY
     [fb2126003217/i] DEBUG response: ; header 41066:RESPONSE:RD,RA:NoError:QUERY
     [fb2126003217/i] DEBUG response: ; header 41066:RESPONSE:RD,RA:NoError:QUERY
     [fb2126003217/i] DEBUG response: ; header 45802:RESPONSE:RD,RA:NoError:QUERY
     [fb2126003217/i] DEBUG response: ; header 45802:RESPONSE:RD,RA:NoError:QUERY
     [fb2126003217/i] DEBUG final message final_message=; header 20899:QUERY:RD:NoError:QUERY
     [fb2126003217/i] DEBUG response: ; header 1449:RESPONSE:RD,RA:NoError:QUERY
     [fb2126003217/i] DEBUG response: ; header 1449:RESPONSE:RD,RA:NoError:QUERY
     [fb2126003217/i] DEBUG response: ; header 20899:RESPONSE:RD,RA:NoError:QUERY
     [fb2126003217/i] DEBUG response: ; header 20899:RESPONSE:RD,RA:NoError:QUERY
  EVICT     115 store entries removed, 75 spared as nub tooling
  SE-PURGE  0 side-effects-cache entries for electron-chromedriver
OSV-SCREEN {"schemaVersion":1,"kind":"nub-fb3938809772-resolved","status":"clean","digest":"d4fac5b5d5bab3c5a51cd243aeeeee28c6e6f722f2bc90185dff092d17da87b3","specCount":221,"lockfiles":{"digest":"2f0318f0ca15f94b64bb85673d433ffdc2529773cd3d4def9128299ad7a0639c","files":[{"path":"nub.lock","sha256":"d2f8cb5e85d239c69f62fa3820b3a7bfd121c39cf04eb94902d26b183d33f764","bytes":53190}]},"maliciousAdvisories":[],"screenedAt":"2026-08-29T06:04:33.742Z","cacheHit":true,"clearancePath":"/home/runner/v2-AGZ3fb/security/nub-fb3938809772-resolved.json"}
  SECURITY nub-fb3938809772-resolved clean: 221 exact package-version(s), tree d4fac5b5d5ba (cached exact-tree clearance)
  VERIFY[fb3938809772] rc=1 artifacts=4/7 missing=3 shortfall=cf2df2529553 (tree 6117/1381) OVERRIDDEN=2 REJECTED=0 grant={"write":{"deps":true,"project":true,"userHome":true},"read":"disk","network":true}
       missing: bin/LICENSE, bin/LICENSES.chromium.html, bin/chromedriver
     [fb3938809772/i] DEBUG final message final_message=; header 48079:QUERY:RD:NoError:QUERY
     [fb3938809772/i] DEBUG final message final_message=; header 12084:QUERY:RD:NoError:QUERY
     [fb3938809772/i] DEBUG final message final_message=; header 17259:QUERY:RD:NoError:QUERY
     [fb3938809772/i] DEBUG response: ; header 12084:RESPONSE:RD,RA:NoError:QUERY
     [fb3938809772/i] DEBUG response: ; header 17259:RESPONSE:RD,RA:NoError:QUERY
     [fb3938809772/i] DEBUG response: ; header 12084:RESPONSE:RD,RA:NoError:QUERY
     [fb3938809772/i] DEBUG response: ; header 17259:RESPONSE:RD,RA:NoError:QUERY
     [fb3938809772/i] DEBUG final message final_message=; header 21236:QUERY:RD:NoError:QUERY
     [fb3938809772/i] DEBUG response: ; header 21236:RESPONSE:RD,RA:NoError:QUERY
     [fb3938809772/i] DEBUG response: ; header 21236:RESPONSE:RD,RA:NoError:QUERY
     [fb3938809772/i] DEBUG response: ; header 48079:RESPONSE:RD,RA:NoError:QUERY
     [fb3938809772/i] DEBUG response: ; header 48079:RESPONSE:RD,RA:NoError:QUERY
  EVICT     115 store entries removed, 75 spared as nub tooling
  SE-PURGE  0 side-effects-cache entries for electron-chromedriver
OSV-SCREEN {"schemaVersion":1,"kind":"nub-fb2742342390-resolved","status":"clean","digest":"d4fac5b5d5bab3c5a51cd243aeeeee28c6e6f722f2bc90185dff092d17da87b3","specCount":221,"lockfiles":{"digest":"2f0318f0ca15f94b64bb85673d433ffdc2529773cd3d4def9128299ad7a0639c","files":[{"path":"nub.lock","sha256":"d2f8cb5e85d239c69f62fa3820b3a7bfd121c39cf04eb94902d26b183d33f764","bytes":53190}]},"maliciousAdvisories":[],"screenedAt":"2026-08-29T06:04:33.742Z","cacheHit":true,"clearancePath":"/home/runner/v2-AGZ3fb/security/nub-fb2742342390-resolved.json"}
  SECURITY nub-fb2742342390-resolved clean: 221 exact package-version(s), tree d4fac5b5d5ba (cached exact-tree clearance)
  VERIFY[fb2742342390] rc=1 artifacts=4/7 missing=3 shortfall=cf2df2529553 (tree 6117/1381) OVERRIDDEN=2 REJECTED=0 grant={"write":"disk","network":true}
       missing: bin/LICENSE, bin/LICENSES.chromium.html, bin/chromedriver
     [fb2742342390/i] DEBUG final message final_message=; header 42941:QUERY:RD:NoError:QUERY
     [fb2742342390/i] DEBUG final message final_message=; header 14677:QUERY:RD:NoError:QUERY
     [fb2742342390/i] DEBUG final message final_message=; header 60642:QUERY:RD:NoError:QUERY
     [fb2742342390/i] DEBUG final message final_message=; header 9711:QUERY:RD:NoError:QUERY
     [fb2742342390/i] DEBUG response: ; header 14677:RESPONSE:RD,RA:NoError:QUERY
     [fb2742342390/i] DEBUG response: ; header 14677:RESPONSE:RD,RA:NoError:QUERY
     [fb2742342390/i] DEBUG response: ; header 9711:RESPONSE:RD,RA:NoError:QUERY
     [fb2742342390/i] DEBUG response: ; header 9711:RESPONSE:RD,RA:NoError:QUERY
     [fb2742342390/i] DEBUG response: ; header 42941:RESPONSE:RD,RA:NoError:QUERY
     [fb2742342390/i] DEBUG response: ; header 42941:RESPONSE:RD,RA:NoError:QUERY
     [fb2742342390/i] DEBUG response: ; header 60642:RESPONSE:RD,RA:NoError:QUERY
     [fb2742342390/i] DEBUG response: ; header 60642:RESPONSE:RD,RA:NoError:QUERY
  NOT-GRANT-INDEPENDENT every arm exited non-zero — nothing installed at any grant
  jail-off control: resolved as nspjailoffcontrol (rc=0)
OSV-SCREEN {"schemaVersion":1,"kind":"nub-unjailed-resolved","status":"clean","digest":"d4fac5b5d5bab3c5a51cd243aeeeee28c6e6f722f2bc90185dff092d17da87b3","specCount":221,"lockfiles":{"digest":"2f0318f0ca15f94b64bb85673d433ffdc2529773cd3d4def9128299ad7a0639c","files":[{"path":"nub.lock","sha256":"d2f8cb5e85d239c69f62fa3820b3a7bfd121c39cf04eb94902d26b183d33f764","bytes":53190}]},"maliciousAdvisories":[],"screenedAt":"2026-08-29T06:04:33.742Z","cacheHit":true,"clearancePath":"/home/runner/v2-AGZ3fb/security/nub-unjailed-resolved.json"}
  SECURITY nub-unjailed-resolved clean: 221 exact package-version(s), tree d4fac5b5d5ba (cached exact-tree clearance)
  jail-off control: nub failed with the jail OFF; asking npm before naming a culprit
    | warn:   punycode@2.3.1: wanted node >=6, got 4.9.1
    | warn:   request@2.88.2: wanted node >= 6, got 4.9.1
    | WARN defaultTrust: running build scripts for electron-chromedriver@0.37.1
    | warning: electron-chromedriver build scripts are running without the build sandbox (install.buildJail is false in nub.jsonc)
    | /home/runner/.cache/nub/pm/store/psl@1.15.0-2f9ec0a830a560da/node_modules/psl/dist/psl.cjs:1
    | (function (exports, require, module, __filename, __dirname) { "use strict";Object.defineProperties(exports,{__esModule:{value:!0},[Symbol.toStringTag]:{value:"Module"}});function K(e){return e&&e.__esModule&&Object.prototype.hasOwnProperty.call(e,"default")?e.default:e}var O,F;function Q(){if(F)return O;F=1;const e=2147483647,s=36,c=1,o=26,t=38,d=700,z=72,y=128,g="-",P=/^xn--/,V=/[^\0-\x7F]/,G=/[\x2E\u3002\uFF0E\uFF61]/g,W={overflow:"Overflow: input needs wider integers to process","not-basic":"Illegal input >= 0x80 (not a basic code point)","invalid-input":"Invalid input"},C=s-c,h=Math.floor,I=String.fromCharCode;function v(a){throw new RangeError(W[a])}function U(a,i){const m=[];let n=a.length;for(;n--;)m[n]=i(a[n]);return m}function S(a,i){const m=a.split("@");let n="";m.length>1&&(n=m[0]+"@",a=m[1]),a=a.replace(G,".");const r=a.split("."),p=U(r,i).join(".");return n+p}function L(a){const i=[];let m=0;const n=a.l
    | SyntaxError: Unexpected token ...
    |     at exports.runInThisContext (vm.js:53:16)
    |     at Module._compile (module.js:373:25)
    |     at Object.Module._extensions..js (module.js:416:10)
    |     at Module.load (module.js:343:32)
    |     at Function.Module._load (module.js:300:12)
    |     at Module.require (module.js:353:17)
    |     at require (internal/module.js:12:17)
    |     at Object.<anonymous> (/home/runner/.cache/nub/pm/store/tough-cookie@2.5.0-999edf9b5e6f617d/node_modules/tough-cookie/lib/pubsuffix-psl.js:32:11)
    |     at Module._compile (module.js:409:26)
    |     at Object.Module._extensions..js (module.js:416:10)
    |   × lifecycle script install failed for electron-chromedriver@0.37.1: script
    |   │ `install` exited with code 1
OSV-SCREEN {"schemaVersion":1,"kind":"npm-fallback-resolved","status":"clean","digest":"d4fac5b5d5bab3c5a51cd243aeeeee28c6e6f722f2bc90185dff092d17da87b3","specCount":221,"lockfiles":{"digest":null,"files":[]},"maliciousAdvisories":[],"screenedAt":"2026-08-29T06:04:33.742Z","cacheHit":true,"clearancePath":"/home/runner/v2-AGZ3fb/security/npm-fallback-resolved.json"}
  SECURITY npm-fallback-resolved clean: 221 exact package-version(s), tree d4fac5b5d5ba (cached exact-tree clearance)
  NPM-REFERENCE rebuild rc=1 for electron-chromedriver@0.37.1 (era 4.9.1)
    | npm ERR! node v4.9.1
    | npm ERR! npm  v2.15.11
    | npm ERR! code ELIFECYCLE
    | npm ERR! electron-chromedriver@0.37.1 install: `node ./download-chromedriver.js`
    | npm ERR! Exit status 1
    | npm ERR! 
    | npm ERR! Failed at the electron-chromedriver@0.37.1 install script 'node ./download-chromedriver.js'.
    | npm ERR! This is most likely a problem with the electron-chromedriver package,
    | npm ERR! not with npm itself.
    | npm ERR! Tell the author that this fails on your system:
    | npm ERR!     node ./download-chromedriver.js
    | npm ERR! You can get information on how to open an issue for this project with:
    | npm ERR!     npm bugs electron-chromedriver
    | npm ERR! Or if that isn't available, you can get their info via:
    | npm ERR! 
    | npm ERR!     npm owner ls electron-chromedriver
    | npm ERR! There is likely additional logging output above.
    | 
    | npm ERR! Please include the following file with any support request:
    | npm ERR!     /tmp/nspnpm-eZu4tt/npm-debug.log
  jail-off control: neither nub nor npm installs this unjailed; nothing to measure
  => BROKEN-WITHOUT-JAIL-TOO
