OSV-SCREEN {"schemaVersion":1,"kind":"direct","status":"clean","digest":"5fc7cb6306e7015d9387e4b3ad27722309f66c970a9e7b869a9f0ef8e532d9d2","specCount":1,"lockfiles":{"digest":null,"files":[]},"maliciousAdvisories":[],"screenedAt":"2026-08-24T10:34:15.306Z","cacheHit":false,"clearancePath":"/Users/runner/v2m-zmvlFb/security/direct.json"}
  SECURITY direct clean: 1 exact package-version(s), tree 5fc7cb6306e7
  ERA-NODE PINNED 10.24.1 (provisioned) (arms will run: v10.24.1)
  ERA-PYTHON /Users/runner/hostedtoolcache/Python/3.9.13/arm64/bin/python (Python 3.9.13) for era Node 10, whose node-gyp requires python3-legacy
  ARM-MAKE /usr/bin/make (GNU Make 3.81) — the system make; a build needing GNU Make 4 WILL fail here
### graphql-shield@4.1.2   (/Users/runner/v2m-zmvlFb)   nub=/tmp/nub/target/release/nub
  VENUE-NUB-BINARY {"path":"/tmp/nub/target/release/nub","sha256":"69e622342d0c8393c78fa50a01dc9cc0a94371ac9b106b59bdcc016f06d86d30","bytes":94535576,"features":{"buildJailCatalogOverride":true,"pythonDontWriteBytecodeEnv":true}}
  CI-ENV scrubbed: CI GITHUB_ACTIONS
  --- fbt preflight (advisory; never fails the run) ---
     csrutil: System Integrity Protection status: disabled.
     fbt probes visible: 93577
     fbt enable attempt: dtrace: description 'fbt:::entry ' matched 50357 probes CPU     ID                    FUNCTION:NAME 
     cwd builtin value:  
     fbt chdir symbols:  
     fbt fires on spawn-with-cwd: dtrace: invalid probe specifier fbt::chdir*:entry /progenyof($target)/ { @[probefunc] = count(); }: probe description fbt::chdir*:entry does not match any probes 
  --- end fbt preflight ---
  ERA-RESOLUTION DATED 2018-12-11T16:03:00.954Z (deps as of the package's own publish date + 1d)
OSV-SCREEN {"schemaVersion":1,"kind":"npm-observe-resolved","status":"clean","digest":"15ca4aef439a690815f71068a6db4807ef316bdcadff0e94d7efe45fa295ee12","specCount":59,"lockfiles":{"digest":"3d0fe9551d77bfd22d73b620e5389b5371da058b8f8db87c6728d9cb1a2f8db2","files":[{"path":"package-lock.json","sha256":"b064245de2d7b9c3945c6696446280b05ab2f7a5cca2ec39e4a8810856857fff","bytes":24024}]},"maliciousAdvisories":[],"screenedAt":"2026-08-24T10:34:27.993Z","cacheHit":false,"clearancePath":"/Users/runner/v2m-zmvlFb/security/npm-observe-resolved.json"}
  SECURITY npm-observe-resolved clean: 59 exact package-version(s), tree 15ca4aef439a
  ARM-PATH SANITISED (dropped 1: /Users/runner/.yarn/bin)
  ARM-AMBIENT-TOOLS 1 leaked: opencollective=/Users/runner/v2m-zmvlFb/Observe/node_modules/.bin/opencollective
  ARM-SCAFFOLD none
  ARM-UNPROVIDABLE none
  VENUE-CI-CHILD clean (no CI-detection variable reaches the traced script)
  --- wrapper (run.sh) ---
     cd "/Users/runner/v2m-zmvlFb/Observe"
     sudo -u "runner" -H env "PATH=/Users/runner/v2m-zmvlFb/Observe/node_modules/.bin:/Users/runner/.cache/nub/era-node/10.24.1/node-v10.24.1-darwin-x64/bin:/Users/runner/hostedtoolcache/node/22.23.2/arm64/bin:/opt/homebrew/lib/ruby/gems/3.3.0/bin:/opt/homebrew/opt/ruby@3.3/bin:/Users/runner/.local/bin:/opt/homebrew/bin:/opt/homebrew/sbin:/Users/runner/.cargo/bin:/usr/local/opt/curl/bin:/usr/local/bin:/usr/local/sbin:/Users/runner/bin:/Users/runner/Library/Android/sdk/tools:/Users/runner/Library/Android/sdk/platform-tools:/Library/Frameworks/Python.framework/Versions/Current/bin:/Library/Frameworks/Mono.framework/Versions/Current/Commands:/usr/bin:/bin:/usr/sbin:/sbin:/Users/runner/.dotnet/tools"   "HOME=/Users/runner/v2m-zmvlFb/jailhome"   "TMPDIR=/private/var/folders/_5/zjnzxgh147qcg3bb5cg2wvqw0000gn/T/nub-tmp-obsaNVZTL"   "NODE_COMPAT=1"   "PYTHONDONTWRITEBYTECODE=1"   "PLAYWRIGHT_BROWSERS_PATH=/Users/runner/.cache/nub/pm/tools/ms-playwright"   "ELECTRON_CACHE=/Users/runner/.cache/nub/pm/tools/electron-cache"   "electron_config_cache=/Users/runner/.cache/nub/pm/tools/electron-cache"   "npm_config_prefix=/Users/runner/.cache/nub/pm/tools/npm-prefix"   PYTHON=/Users/runner/hostedtoolcache/Python/3.9.13/arm64/bin/python   "/Users/runner/hostedtoolcache/node/22.23.2/arm64/bin/npm" rebuild --no-audit --no-fund "graphql-shield" > "/Users/runner/v2m-zmvlFb/Observe/npm.log" 2>&1
     echo $? > "/Users/runner/v2m-zmvlFb/Observe/rc"
  --- dtrace stderr + wrapper trace ---
     + cd /Users/runner/v2m-zmvlFb/Observe
     + sudo -u runner -H env PATH=/Users/runner/v2m-zmvlFb/Observe/node_modules/.bin:/Users/runner/.cache/nub/era-node/10.24.1/node-v10.24.1-darwin-x64/bin:/Users/runner/hostedtoolcache/node/22.23.2/arm64/bin:/opt/homebrew/lib/ruby/gems/3.3.0/bin:/opt/homebrew/opt/ruby@3.3/bin:/Users/runner/.local/bin:/opt/homebrew/bin:/opt/homebrew/sbin:/Users/runner/.cargo/bin:/usr/local/opt/curl/bin:/usr/local/bin:/usr/local/sbin:/Users/runner/bin:/Users/runner/Library/Android/sdk/tools:/Users/runner/Library/Android/sdk/platform-tools:/Library/Frameworks/Python.framework/Versions/Current/bin:/Library/Frameworks/Mono.framework/Versions/Current/Commands:/usr/bin:/bin:/usr/sbin:/sbin:/Users/runner/.dotnet/tools HOME=/Users/runner/v2m-zmvlFb/jailhome TMPDIR=/private/var/folders/_5/zjnzxgh147qcg3bb5cg2wvqw0000gn/T/nub-tmp-obsaNVZTL NODE_COMPAT=1 PYTHONDONTWRITEBYTECODE=1 PLAYWRIGHT_BROWSERS_PATH=/Users/runner/.cache/nub/pm/tools/ms-playwright ELECTRON_CACHE=/Users/runner/.cache/nub/pm/tools/electron-cache electron_config_cache=/Users/runner/.cache/nub/pm/tools/electron-cache npm_config_prefix=/Users/runner/.cache/nub/pm/tools/npm-prefix PYTHON=/Users/runner/hostedtoolcache/Python/3.9.13/arm64/bin/python /Users/runner/hostedtoolcache/node/22.23.2/arm64/bin/npm rebuild --no-audit --no-fund graphql-shield
     dtrace: error on enabled probe ID 128 (ID 286: syscall::execve:entry): invalid address (0x6000015e5170) in action #1 at DIF offset 20
     + echo 1
  OBSERVE   rc=1 dtrace_rc=0 files=4353 (pre=4351) trace=2000 lines
  => BROKEN-WITHOUT-JAIL-TOO (unjailed control failed rc=1; nothing to measure)
     internal/modules/cjs/loader.js:638
         throw err;
         ^
     
     Error: Cannot find module 'node:path'
         at Function.Module._resolveFilename (internal/modules/cjs/loader.js:636:15)
         at Function.Module._load (internal/modules/cjs/loader.js:562:25)
         at Module.require (internal/modules/cjs/loader.js:692:17)
         at require (internal/modules/cjs/helpers.js:25:18)
         at Object.<anonymous> (/Users/runner/hostedtoolcache/node/22.23.2/arm64/lib/node_modules/npm/lib/cli.js:10:18)
         at Module._compile (internal/modules/cjs/loader.js:778:30)
         at Object.Module._extensions..js (internal/modules/cjs/loader.js:789:10)
         at Module.load (internal/modules/cjs/loader.js:653:32)
         at tryModuleLoad (internal/modules/cjs/loader.js:593:12)
         at Function.Module._load (internal/modules/cjs/loader.js:585:3)
