### @carbon/icons@11.85.0   (D:\jail\m-carbonicons-mtrjjag4)
  CI-ENV scrubbed: CI GITHUB_ACTIONS
OSV-SCREEN {"schemaVersion":1,"kind":"direct","status":"clean","digest":"bc5ebfcaa12e542aa8639451996b56bc536b5c7fa2d843b90a471864adcff9b6","specCount":1,"lockfiles":{"digest":null,"files":[]},"maliciousAdvisories":[],"screenedAt":"2026-09-07T17:54:57.519Z","cacheHit":false,"clearancePath":"D:\\jail\\m-carbonicons-mtrjjag4\\security\\direct.json"}
  SECURITY direct clean: 1 exact package-version(s), tree bc5ebfcaa12e
OSV-SCREEN {"schemaVersion":1,"kind":"npm-observe-resolved","status":"clean","digest":"9948f953dc6414fae8c65de0d280868501f225621d01d9207439d7e48a59405c","specCount":2,"lockfiles":{"digest":"eea4d31a992082800fdc2dd99b2b2c67fd83239486e339e5a2b6b2b8566d9543","files":[{"path":"package-lock.json","sha256":"01aa3eacd9f88c3bcac3b1feb66dd7725b597e934dd30e43d71320d559ef36ad","bytes":1018}]},"maliciousAdvisories":[],"screenedAt":"2026-09-07T17:55:19.051Z","cacheHit":false,"clearancePath":"D:\\jail\\m-carbonicons-mtrjjag4\\security\\npm-observe-resolved.json"}
  SECURITY npm-observe-resolved clean: 2 exact package-version(s), tree 9948f953dc64
  CAPTURE user=runnervmeef0v\runneradmin elevated=True rootPid=8444 exit=0 events=22411 lost=0
  VENUE-OBSERVE-USER runnervmeef0v\runneradmin elevated=true privDropped={"SeBackupPrivilege":"removed","SeRestorePrivilege":"removed","SeTakeOwnershipPrivilege":"removed"}
  OBSERVE artifacts: 24671 files  (D:\jail\m-carbonicons-mtrjjag4\observe\node_modules\@carbon\icons)
  ARM-FALSIFIABILITY {"manifestFiles":24671,"filesTheScriptProduced":0,"reasons":["gate-vacuous"]}
  ⛔ ARMS-UNFALSIFIABLE — a green arm for this package carries no evidence:
       gate-vacuous: the script changed no file the artifact gate keys on — every file in the manifest (24671) was already present at its final size before the script ran, so the gate passes in every arm including a completely broken one
       The grant may still be correct; what is missing is a signal that could have gone
       red. Do not read this record's MINIMAL as a passing measurement.
  CLOSURE 2 packages evicted per arm
  8.3 MAP 0 components resolved on runnervmeef0v, folded into capture.json
  == ROOTS (from capture.json — R2: no ambient reads) ==
    project       D:\jail\m-carbonicons-mtrjjag4\observe   [keyed on]
    home          C:\Users\runneradmin   [keyed on]
    jailHome      (null — declared inapplicable)
    globalStore   C:\Users\runneradmin\AppData\Local\nub\pm\store
    projectStore  D:\jail\m-carbonicons-mtrjjag4\observe\node_modules\.store
    interpreter   C:\hostedtoolcache\windows\node\22.23.2\x64\node.exe
    toolsDir      C:\Users\runneradmin\AppData\Local\nub\pm\tools
    temp          D:\jail\m-carbonicons-mtrjjag4\tmp   [keyed on]
    npmPrefix     (null — declared inapplicable)
    ownPkg        D:\jail\m-carbonicons-mtrjjag4\observe\node_modules\@carbon\icons
  == ATTRIBUTION == lifecycle pids: 2 (root 8444)
    writes  script 0  /  whole traced tree 7
    peers   script 0  /  whole traced tree 0
  == WRITES ==
  == READS ==
    deps          9
    outside       6
    project       1
    systemfs     28
  == NETWORK ==
    distinct peers: 0
  == REFUSALS (adapter-classified) ==
    distinct: 0
  == SYNTHESIZED GRANT (verify this in the real unprivileged jail) ==
    {}
  RAW       etw-raw.xml.gz  28581045 B xml -> 414194 B gz (69.0x)  sha256 2dcd0deb834d8f05…
  HEADER    etw-header.json (5087 bytes)
  DERIVED   5280 distinct from 6686 kept ops (22411 xml events, 1702 out of subtree)
  PROCS     4   thread-reattributed 0
  8.3       0 expanded, 0 kept short, 0 not covered  [map: recorded 8.3 map (0 components, resolved on runnervmeef0v)]
  wrote events.ndjson.gz (66832 bytes)
  RAWLOG-CAPTURE D:\jail\m-carbonicons-mtrjjag4\cap\capture.json
  VENUE-NUB-BINARY {"path":"C:/Users/RUNNER~1/AppData/Local/Temp/nub/target/release/nub.exe","sha256":"f186817a44be332fee712b4936a071a0b5f9cde18a1d2fdc3a791729d4bf1005","bytes":68717056,"features":{"buildJailCatalogOverride":true,"pythonDontWriteBytecodeEnv":true}}
  VENUE-INTERPRETER C:\hostedtoolcache\windows\node\22.23.2\x64\node.exe
  VENUE-JAIL-ROOT D:\jail\m-carbonicons-mtrjjag4
  VENUE-OVERRIDES {"set":{"npm_config_cache":"D:\\jail\\m-carbonicons-mtrjjag4\\npm-cache","TMP":"D:\\jail\\m-carbonicons-mtrjjag4\\tmp","TEMP":"D:\\jail\\m-carbonicons-mtrjjag4\\tmp","TMPDIR":"D:\\jail\\m-carbonicons-mtrjjag4\\tmp"},"unset":["CI","GITHUB_ACTIONS"],"notRedirected":{"USERPROFILE":"C:\\Users\\runneradmin","why":"the jail leaves HOME/USERPROFILE alone — `build_jail.rs` sandbox_homes() reads the ambient value and `compiler/defaults.rs` BASELINE_ENV_EXACT passes it through — so there is no private jail home to reproduce and redirecting one would measure an environment no confined script sees"},"passedThrough":{"CI":"true","GITHUB_ACTIONS":"true","NODE_ENV":null}}
  STORE   isolated virtual store at D:\jail\m-carbonicons-mtrjjag4\verify-synth\.cache
  VENUE-STORE-LAYOUT isolated
OSV-SCREEN {"schemaVersion":1,"kind":"nub-synth-resolved","status":"clean","digest":"9948f953dc6414fae8c65de0d280868501f225621d01d9207439d7e48a59405c","specCount":2,"lockfiles":{"digest":"36a618fb9149b1e080fd9aec95e9faf6e4464808af3b7c75c5e0e2ec55514f7a","files":[{"path":"nub.lock","sha256":"544ba79652925f162361e2cbc8266ddeacd7937c00dfb3238c2d85c2ca4a38f5","bytes":667}]},"maliciousAdvisories":[],"screenedAt":"2026-09-07T17:55:19.051Z","cacheHit":true,"clearancePath":"D:\\jail\\m-carbonicons-mtrjjag4\\security\\nub-synth-resolved.json"}
  SECURITY nub-synth-resolved clean: 2 exact package-version(s), tree 9948f953dc64 (cached exact-tree clearance)
  VERIFY[synth] rc=0 artifacts=24671/24671 missing=0 shortfall=none (tree 55009/24685) OVERRIDDEN=2 REJECTED=0 grant={}
  => MINIMUM {}   (observed, then verified)
  DESCEND   grant is already empty — nothing to narrow; MINIMAL by construction.
