### unrs-resolver@1.11.1   (/home/runner/v2-vKrfwG)
  CI-ENV scrubbed: CI GITHUB_ACTIONS
OSV-SCREEN {"schemaVersion":1,"kind":"direct","status":"clean","digest":"3959841bd8917913e43f6ab508e593afa3d3a49874f2373f24820f78c2aca69c","specCount":1,"lockfiles":{"digest":null,"files":[]},"maliciousAdvisories":[],"screenedAt":"2026-09-07T23:37:54.348Z","cacheHit":false,"clearancePath":"/home/runner/v2-vKrfwG/security/direct.json"}
  SECURITY direct clean: 1 exact package-version(s), tree 3959841bd891
  VENUE-OBSERVE-USER {"uid":1001,"user":"runner","umask":"0022","capBnd":"000001ffffffffff","noNewPrivs":"0"}
  VENUE-NUB-BINARY {"path":"/tmp/nub/target/release/nub","sha256":"2a18683f50f7afeb02a521cd3cae175dc2f91780d461c5f012065241f5a1447b","bytes":207643464,"features":{"buildJailCatalogOverride":true,"pythonDontWriteBytecodeEnv":true}}
OSV-SCREEN {"schemaVersion":1,"kind":"npm-observe-resolved","status":"clean","digest":"41d7750ee3b38b19a93d316b284de59ce61eed77f8131d7dec2963397accc6f0","specCount":3,"lockfiles":{"digest":"af629137f6616582f03b5ff181ef868f4237238d307185856b0567b356ac64ba","files":[{"path":"package-lock.json","sha256":"db93b90717d436b1e670d3968a6cfd36ec28650297442a768dec7f9fc5ff396e","bytes":13830}]},"maliciousAdvisories":[],"screenedAt":"2026-09-07T23:37:56.072Z","cacheHit":false,"clearancePath":"/home/runner/v2-vKrfwG/security/npm-observe-resolved.json"}
  SECURITY npm-observe-resolved clean: 3 exact package-version(s), tree 41d7750ee3b3
  OBSERVE   rc=0 files=36 trace=10821 lines
  CLOSURE   3 packages evicted per arm
  ARM-FALSIFIABILITY {"manifestFiles":5,"filesTheScriptProduced":0,"reasons":["gate-vacuous"]}
  ⛔ ARMS-UNFALSIFIABLE — a green arm for this package carries no evidence:
       gate-vacuous: the script changed no file the artifact gate keys on — every file in the manifest (5) was already present at its final size before the script ran, so the gate passes in every arm including a completely broken one
       The grant may still be correct; what is missing is a signal that could have gone
       red. Do not read this record's MINIMAL as a passing measurement.
  RAWLOG-FILE /home/runner/v2-vKrfwG/observe/trace.txt.gz
  RAWLOG-CAPTURE /home/runner/v2-vKrfwG/observe/capture.json
  RAWLOG-BYTES raw=2383783 gz=69488
  VENUE-INTERPRETER /opt/hostedtoolcache/node/22.23.2/x64
  VENUE-OVERRIDES {"set":{"HOME":"/home/runner/v2-vKrfwG/jailhome","TMPDIR":"/tmp/nub-tmp-obsAZSi6s","NODE_COMPAT":"1","PLAYWRIGHT_BROWSERS_PATH":"/home/runner/.cache/nub/pm/tools/ms-playwright","ELECTRON_CACHE":"/home/runner/.cache/nub/pm/tools/electron-cache","electron_config_cache":"/home/runner/.cache/nub/pm/tools/electron-cache","npm_config_prefix":"/home/runner/.cache/nub/pm/tools/npm-prefix","PYTHONDONTWRITEBYTECODE":"1","NUB_CACHE_DIR":"/home/runner/v2-vKrfwG/nubcache"},"unset":["CI","GITHUB_ACTIONS"],"passedThrough":{"CI":"true","GITHUB_ACTIONS":"true","NODE_ENV":null}}
  == ATTRIBUTION == attributed pids: 14
    writes  script 0  /  whole traced tree 1088
    sockets script 0  /  whole traced tree 6
  == ROOTS (from capture.json — R2: no ambient reads) ==
    project       /home/runner/v2-vKrfwG/observe
    home          /home/runner
    jailHome      /home/runner/v2-vKrfwG/jailhome
    globalStore   /home/runner/.cache/nub/pm/store   [declared, not keyed on]
    projectStore  /home/runner/v2-vKrfwG/observe/node_modules/.store   [declared, not keyed on]
    interpreter   /opt/hostedtoolcache/node/22.23.2/x64   [declared, not keyed on]
    toolsDir      /home/runner/.cache/nub/pm/tools   [declared, not keyed on]
    temp          /tmp/nub-tmp-obsAZSi6s
    npmPrefix     /home/runner/.cache/nub/pm/tools/npm-prefix
    ownPkg        /home/runner/v2-vKrfwG/observe/node_modules/unrs-resolver
  == WRITES the script actually performed ==
  == NETWORK ==
    AF_INET sockets: 0   distinct peers: 2
        127.0.0.53:53
        104.16.3.34:443
  == REFUSALS (only `= -1 EACCES/EPERM/EROFS`) ==
    distinct: 0
  == SYNTHESIZED GRANT (verify this in the real unprivileged jail) ==
    {}
  == writePaths (DERIVED — promotion out of the package's PRIVATE home) ==
    private-home writes observed: 0
    none declared — the script wrote nothing into its private home — there is nothing to promote
  == writePaths FEASIBILITY (distinct writes outside project/deps) ==
    count: 0
    EVENTS    4436 distinct from 10776 calls (10822 lines, 22 rejoined, 0 unparsed)
    PROCS     21   lifecycle shells 9
    ⛔ 3 paths with an UNRESOLVED dirfd — kept, marked, never guessed
    unsubscribed/unmapped syscalls: setsockopt×23 getsockname×21 exit×16 getsockopt×7 recvmsg×7 getcwd×3 socketpair×3 shutdown×3
    wrote /home/runner/v2-vKrfwG/observe/events.ndjson.gz (31412 bytes)
  EVENTLOG-FILE /home/runner/v2-vKrfwG/observe/events.ndjson.gz
  EVENTLOG-STATS {"lines":10822,"parsed":10776,"unparsed":0,"unfinished":22,"rejoined":22,"unresolvedDirfd":3,"truncatedArg":0,"procs":21,"lifecyclePids":9,"distinctEvents":4436,"unknownSyscall":{"getsockname":21,"getsockopt":7,"getcwd":3,"recvmsg":7,"exit":16,"setsockopt":23,"sendmmsg":1,"socketpair":3,"shutdown":3,"exit_group":3,"wait4":3},"out":"/home/runner/v2-vKrfwG/observe/events.ndjson.gz","gzipBytes":31412}
  EVICT     0 store entries removed, 0 spared as nub tooling
  SE-PURGE  0 side-effects-cache entries for unrs-resolver
OSV-SCREEN {"schemaVersion":1,"kind":"nub-synth-resolved","status":"clean","digest":"41d7750ee3b38b19a93d316b284de59ce61eed77f8131d7dec2963397accc6f0","specCount":3,"lockfiles":{"digest":"85a50354a627a944ef79fa0a103fd095e104291e5c23f464086856c1b7699b0a","files":[{"path":"nub.lock","sha256":"eb309a388ca26f588cb6697d537a5fbbaa035405f73db0558a1a084ae9892aee","bytes":8801}]},"maliciousAdvisories":[],"screenedAt":"2026-09-07T23:37:56.072Z","cacheHit":true,"clearancePath":"/home/runner/v2-vKrfwG/security/nub-synth-resolved.json"}
  SECURITY nub-synth-resolved clean: 3 exact package-version(s), tree 41d7750ee3b3 (cached exact-tree clearance)
  VENUE-STORE-LAYOUT isolated
  VERIFY[synth] rc=0 artifacts=5/5 missing=0 shortfall=none (tree 115/36) OVERRIDDEN=3 REJECTED=0 grant={}
  => VERIFIED {}   (observed, then verified)
  DESCEND   grant is already empty — nothing to narrow; MINIMAL by construction.
