OSV-SCREEN {"schemaVersion":1,"kind":"direct","status":"clean","digest":"236c752b358798742906fad61319ba59bc7e7d56f1278d07591b1d9d623b7702","specCount":1,"lockfiles":{"digest":null,"files":[]},"maliciousAdvisories":[],"screenedAt":"2026-09-08T02:56:36.860Z","cacheHit":false,"clearancePath":"/Users/runner/v2m-oAoBmw/security/direct.json"}
  SECURITY direct clean: 1 exact package-version(s), tree 236c752b3587
### react-native-nitro-modules@0.31.9   (/Users/runner/v2m-oAoBmw)   nub=/tmp/nub/target/release/nub
  VENUE-NUB-BINARY {"path":"/tmp/nub/target/release/nub","sha256":"f923f9d246b7061a3e88675efb7b4fdcda741d02368002ce6e7f7044b01e7bbe","bytes":93818888,"features":{"buildJailCatalogOverride":true,"pythonDontWriteBytecodeEnv":true}}
  CI-ENV scrubbed: CI GITHUB_ACTIONS
  --- fbt preflight (advisory; never fails the run) ---
     csrutil: System Integrity Protection status: disabled.
     fbt probes visible: 93591
     fbt enable attempt: dtrace: description 'fbt:::entry ' matched 50364 probes CPU     ID                    FUNCTION:NAME 
     cwd builtin value:  
     fbt chdir symbols:  
     fbt fires on spawn-with-cwd: dtrace: invalid probe specifier fbt::chdir*:entry /progenyof($target)/ { @[probefunc] = count(); }: probe description fbt::chdir*:entry does not match any probes 
  --- end fbt preflight ---
OSV-SCREEN {"schemaVersion":1,"kind":"npm-observe-resolved","status":"clean","digest":"42bc2e48766eff1b2c77de9eecb5b8d848e1c3a6c332549b8c552d3992c5816e","specCount":217,"lockfiles":{"digest":"3efa3c02b891649c1ec86ab63217289d9b15e964035319937d09fe6e8e4d36e7","files":[{"path":"package-lock.json","sha256":"16ca16472b29d76b98068c38e695110408fd074d48ebdbf451fd03aaba1acae0","bytes":103437}]},"maliciousAdvisories":[],"screenedAt":"2026-09-08T02:56:50.911Z","cacheHit":false,"clearancePath":"/Users/runner/v2m-oAoBmw/security/npm-observe-resolved.json"}
  SECURITY npm-observe-resolved clean: 217 exact package-version(s), tree 42bc2e48766e
  VENUE-CI-CHILD clean (no CI-detection variable reaches the traced script)
  --- wrapper (run.sh) ---
     cd "/Users/runner/v2m-oAoBmw/Observe"
     sudo -u "runner" -H env "PATH=$PATH"   "HOME=/Users/runner/v2m-oAoBmw/jailhome"   "TMPDIR=/private/var/folders/bl/vzjcvbz95c3dk19cb0fw46180000gn/T/nub-tmp-obsE8Zojp"   "NODE_COMPAT=1"   "PYTHONDONTWRITEBYTECODE=1"   "PLAYWRIGHT_BROWSERS_PATH=/Users/runner/.cache/nub/pm/tools/ms-playwright"   "ELECTRON_CACHE=/Users/runner/.cache/nub/pm/tools/electron-cache"   "electron_config_cache=/Users/runner/.cache/nub/pm/tools/electron-cache"   "npm_config_prefix=/Users/runner/.cache/nub/pm/tools/npm-prefix"   "/Users/runner/hostedtoolcache/node/22.23.2/arm64/bin/npm" rebuild --no-audit --no-fund "react-native-nitro-modules" > "/Users/runner/v2m-oAoBmw/Observe/npm.log" 2>&1
     echo $? > "/Users/runner/v2m-oAoBmw/Observe/rc"
  --- dtrace stderr + wrapper trace ---
     + cd /Users/runner/v2m-oAoBmw/Observe
     + sudo -u runner -H env PATH=/Users/runner/hostedtoolcache/node/22.23.2/arm64/bin:/opt/homebrew/lib/ruby/gems/3.3.0/bin:/opt/homebrew/opt/ruby@3.3/bin:/Users/runner/.local/bin:/opt/homebrew/bin:/opt/homebrew/sbin:/Users/runner/.cargo/bin:/usr/local/opt/curl/bin:/usr/local/bin:/usr/local/sbin:/Users/runner/bin:/Users/runner/.yarn/bin:/Users/runner/Library/Android/sdk/tools:/Users/runner/Library/Android/sdk/platform-tools:/Library/Frameworks/Python.framework/Versions/Current/bin:/Library/Frameworks/Mono.framework/Versions/Current/Commands:/usr/bin:/bin:/usr/sbin:/sbin:/Users/runner/.dotnet/tools HOME=/Users/runner/v2m-oAoBmw/jailhome TMPDIR=/private/var/folders/bl/vzjcvbz95c3dk19cb0fw46180000gn/T/nub-tmp-obsE8Zojp NODE_COMPAT=1 PYTHONDONTWRITEBYTECODE=1 PLAYWRIGHT_BROWSERS_PATH=/Users/runner/.cache/nub/pm/tools/ms-playwright ELECTRON_CACHE=/Users/runner/.cache/nub/pm/tools/electron-cache electron_config_cache=/Users/runner/.cache/nub/pm/tools/electron-cache npm_config_prefix=/Users/runner/.cache/nub/pm/tools/npm-prefix /Users/runner/hostedtoolcache/node/22.23.2/arm64/bin/npm rebuild --no-audit --no-fund react-native-nitro-modules
     dtrace: error on enabled probe ID 128 (ID 286: syscall::execve:entry): invalid address (0x600003da0000) in action #1 at DIF offset 20
     + echo 0
  OBSERVE   rc=0 dtrace_rc=0 files=10598 (pre=10596) trace=12318 lines
  CLOSURE   204 packages evicted per arm   store=/Users/runner/.cache/nub/pm/store
  RAWLOG-FILE /Users/runner/v2m-oAoBmw/Observe/trace.txt.gz
  RAWLOG-CAPTURE /Users/runner/v2m-oAoBmw/Observe/capture.json
  RAWLOG-BYTES raw=2121890 gz=67702
  VENUE-INTERPRETER /Users/runner/hostedtoolcache/node/22.23.2/arm64
  VENUE-OVERRIDES {"set":{"PATH":"inherited-and-forwarded","HOME":"/Users/runner/v2m-oAoBmw/jailhome","TMPDIR":"/private/var/folders/bl/vzjcvbz95c3dk19cb0fw46180000gn/T/nub-tmp-obsE8Zojp","NODE_COMPAT":"1","PYTHONDONTWRITEBYTECODE":"1","PLAYWRIGHT_BROWSERS_PATH":"/Users/runner/.cache/nub/pm/tools/ms-playwright","ELECTRON_CACHE":"/Users/runner/.cache/nub/pm/tools/electron-cache","electron_config_cache":"/Users/runner/.cache/nub/pm/tools/electron-cache","npm_config_prefix":"/Users/runner/.cache/nub/pm/tools/npm-prefix"},"unset":["(sudo env_reset discards the caller environment; every var above is re-set after it)","CI","GITHUB_ACTIONS"],"passedThrough":{"CI":"true","GITHUB_ACTIONS":"true","NODE_ENV":null}}
  VENUE-OBSERVE-USER runner uid=501 (R7: ordinary non-root user, asserted)
  ARM-FALSIFIABILITY {"manifestFiles":252,"filesTheScriptProduced":0,"reasons":["gate-vacuous"]}
  ⛔ ARMS-UNFALSIFIABLE — a green arm for this package carries no evidence:
       gate-vacuous: the script changed no file the artifact gate keys on — every file in the manifest (252) was already present at its final size before the script ran, so the gate passes in every arm including a completely broken one
       The grant may still be correct; what is missing is a signal that could have gone
       red. Do not read this record's MINIMAL as a passing measurement.
  EVENTLOG-FILE /Users/runner/v2m-oAoBmw/Observe/events.ndjson.gz
  EVENTLOG-STATS {"lines":12319,"parsed":12301,"unparsed":0,"live":true,"tracerErrors":1,"tracerErrorTotal":1,"unresolvedDirfd":18,"unresolvedFd":0,"pairedTwoPath":541,"danglingPair":0,"failed":4778,"enoent":4775,"refusals":0,"byErrno":{"ENXIO":3,"ENOENT":4775},"procs":6,"lifecyclePids":1,"distinctEvents":5720,"emitted":5720,"calls":11750,"bytes":1159985,"gzipBytes":39280,"out":"/Users/runner/v2m-oAoBmw/Observe/events.ndjson"}
  == TRACER == live=true decodable-events=3334 dropped-events=1
    NOTE 12 relative path(s) under a non-AT_FDCWD dirfd were not
       scope-assigned: resolving them against the cwd would invent a path.
    ⛔ CWD-UNOBSERVED 1 relative path(s) (0 write(s)) came from a lifecycle
       process whose own cwd was never observed
       macOS spawns with posix_spawn addchdir_np, which changes directory in-kernel and
       emits no chdir syscall, so the inherited cwd cannot be trusted. These are NOT
       scope-assigned; the grant below is WIDENED instead so it covers wherever they landed.
         pid=13512 read  unproven .
    ⛔ THE TRACER DROPPED 1 EVENT(S). A dropped event is a path never
       seen, so the grant below can only be too NARROW — the direction that breaks installs.
       Treat it as a FLOOR, not a measurement, until the adapter fault is fixed:
             1 x  epid=128 action=1 fault=1 addr=0x600003da0000
  == ATTRIBUTION == lifecycle pids: 1
    writes  script 1  /  whole traced subtree 1091
    sockets script 0  /  whole traced subtree 1
  == ROOTS (from /Users/runner/v2m-oAoBmw/Observe/capture.json; the classifier reads no other source) ==
    project       /Users/runner/v2m-oAoBmw/Observe
    home          /Users/runner
    jailHome      /Users/runner/v2m-oAoBmw/jailhome
    globalStore   /Users/runner/.cache/nub/pm/store
    projectStore  /Users/runner/v2m-oAoBmw/Observe/node_modules/.store
    interpreter   /Users/runner/hostedtoolcache/node/22.23.2/arm64
    toolsDir      /Users/runner/.cache/nub/pm/tools
    temp          /private/var/folders/bl/vzjcvbz95c3dk19cb0fw46180000gn/T/nub-tmp-obsE8Zojp
    npmPrefix     /Users/runner/.cache/nub/pm/tools/npm-prefix
    ownPkg        /Users/runner/v2m-oAoBmw/Observe/node_modules/react-native-nitro-modules
    cwd           (null — this platform has no such root)
  == WRITES the script actually performed ==
    systemfs      1
        /dev/dtracehelper
  == READS the script performed, by scope ==
    outside       3
    systemfs      6
        outside: /
        outside: /bin/bash
        outside: /bin
  == NETWORK ==
    AF_INET connects: 0   distinct peers: 0
  == REFUSALS (errno EPERM/EACCES/EROFS only; ENOENT is a miss, not a denial) ==
    distinct: 0
  == SYNTHESIZED GRANT (verify this in the real unprivileged jail) ==
    {}
  == writePaths (DERIVED — promotion out of the package's PRIVATE home) ==
    private-home writes observed: 0
    none declared — the script wrote nothing into its private home — there is nothing to promote
  == writePaths FEASIBILITY (distinct writes outside project/deps) ==
    count: 0
  EVICT[synth] 14 store entries removed, 8 spared as nub tooling, 163 in store
OSV-SCREEN {"schemaVersion":1,"kind":"nub-synth-resolved","status":"clean","digest":"4a1ab78f6b1b72a979351ff9609460c93715ef2e1bd41d9b335bd438b57a757f","specCount":217,"lockfiles":{"digest":"7ed93f31660c8c8c928b7ca8347979894968246486cbc8a4734321a6c6979710","files":[{"path":"nub.lock","sha256":"6c9336bcb62fe36f7c2dc4a3539bde05cc9dbff32276f40b4741370ba2def81f","bytes":59866}]},"maliciousAdvisories":[],"screenedAt":"2026-09-08T02:56:59.168Z","cacheHit":false,"clearancePath":"/Users/runner/v2m-oAoBmw/security/nub-synth-resolved.json"}
  SECURITY nub-synth-resolved clean: 217 exact package-version(s), tree 4a1ab78f6b1b
  VENUE-STORE-LAYOUT isolated
  VERIFY[synth] rc=0 artifacts=252/252 missing=0 shortfall=none (tree 41580/10598) OVERRIDDEN=3 REJECTED=0 grant={}
  => VERIFIED {}
  NARROW    no capability to drop — the grant is already empty; over-prediction is 0 by construction
### DONE react-native-nitro-modules@0.31.9  synthesized={} verified=1
