### @cubejs-backend/cubestore@1.7.9   (D:\jail\m-cubejsbackendcubestore-mtrlzs9v)
  CI-ENV scrubbed: CI GITHUB_ACTIONS
OSV-SCREEN {"schemaVersion":1,"kind":"direct","status":"clean","digest":"4bb3706bfe6202390fd38472224d5242906e0839214116d46631ce933635ab9d","specCount":1,"lockfiles":{"digest":null,"files":[]},"maliciousAdvisories":[],"screenedAt":"2026-09-07T19:03:46.361Z","cacheHit":false,"clearancePath":"D:\\jail\\m-cubejsbackendcubestore-mtrlzs9v\\security\\direct.json"}
  SECURITY direct clean: 1 exact package-version(s), tree 4bb3706bfe62
OSV-SCREEN {"schemaVersion":1,"kind":"npm-observe-resolved","status":"clean","digest":"a0fd7afc000db0ec181c9dcacec2a444ac8922b90b4485d6e80fcc4491b218b3","specCount":187,"lockfiles":{"digest":"2c828e76686cc8607a0a571f0af91e50c5e70c73f4f5771290bfdb438dec5d94","files":[{"path":"package-lock.json","sha256":"e906b64a8a6d2ed137cdc6a231949cef02e8564d2f438e4d43ef4663d8f6d72d","bytes":78554}]},"maliciousAdvisories":[],"screenedAt":"2026-09-07T19:03:54.080Z","cacheHit":false,"clearancePath":"D:\\jail\\m-cubejsbackendcubestore-mtrlzs9v\\security\\npm-observe-resolved.json"}
  SECURITY npm-observe-resolved clean: 187 exact package-version(s), tree a0fd7afc000d
  CAPTURE user=runnervmeef0v\runneradmin elevated=True rootPid=1236 exit=0 events=138968 lost=0
  VENUE-OBSERVE-USER runnervmeef0v\runneradmin elevated=true privDropped={"SeBackupPrivilege":"removed","SeRestorePrivilege":"removed","SeTakeOwnershipPrivilege":"removed"}
  OBSERVE artifacts: 33 files  (D:\jail\m-cubejsbackendcubestore-mtrlzs9v\observe\node_modules\@cubejs-backend\cubestore)
  ARM-FALSIFIABILITY {"manifestFiles":33,"filesTheScriptProduced":4,"reasons":[]}
  CLOSURE 173 packages evicted per arm
  8.3 MAP 0 components resolved on runnervmeef0v, folded into capture.json
  == ROOTS (from capture.json — R2: no ambient reads) ==
    project       D:\jail\m-cubejsbackendcubestore-mtrlzs9v\observe   [keyed on]
    home          C:\Users\runneradmin   [keyed on]
    jailHome      (null — declared inapplicable)
    globalStore   C:\Users\runneradmin\AppData\Local\nub\pm\store
    projectStore  D:\jail\m-cubejsbackendcubestore-mtrlzs9v\observe\node_modules\.store
    interpreter   C:\hostedtoolcache\windows\node\22.23.2\x64\node.exe
    toolsDir      C:\Users\runneradmin\AppData\Local\nub\pm\tools
    temp          D:\jail\m-cubejsbackendcubestore-mtrlzs9v\tmp   [keyed on]
    npmPrefix     (null — declared inapplicable)
    ownPkg        D:\jail\m-cubejsbackendcubestore-mtrlzs9v\observe\node_modules\@cubejs-backend\cubestore
  == ATTRIBUTION == lifecycle pids: 4 (root 1236)
    writes  script 8  /  whole traced tree 19
    peers   script 2  /  whole traced tree 2
  == WRITES ==
    deps          7
    jailTmp       1
  == READS ==
    deps        524
    outside       7
    project       1
    systemfs     31
    jailTmp       1
  == NETWORK ==
    distinct peers: 2
        140.82.114.4:443
        185.199.110.133:443
  == REFUSALS (adapter-classified) ==
    distinct: 0
  == SYNTHESIZED GRANT (verify this in the real unprivileged jail) ==
    {"write":{"deps":true},"network":true}
    NOTE 1 writes into the DECLARED private temp -- the base profile grants
         that directory unconditionally (preset.rs `$tmp`=rw), so they widen nothing.
  RAW       etw-raw.xml.gz  177869938 B xml -> 3097308 B gz (57.4x)  sha256 d1d0d2a35119b10f…
  HEADER    etw-header.json (5187 bytes)
  DERIVED   7698 distinct from 13262 kept ops (138968 xml events, 42496 out of subtree)
  PROCS     6   thread-reattributed 370
  ⛔ 2 operations with NO OperationEnd — kept, status marked unknown
  8.3       0 expanded, 0 kept short, 0 not covered  [map: recorded 8.3 map (0 components, resolved on runnervmeef0v)]
  wrote events.ndjson.gz (94140 bytes)
  RAWLOG-CAPTURE D:\jail\m-cubejsbackendcubestore-mtrlzs9v\cap\capture.json
  VENUE-NUB-BINARY {"path":"C:/Users/RUNNER~1/AppData/Local/Temp/nub/target/release/nub.exe","sha256":"f186817a44be332fee712b4936a071a0b5f9cde18a1d2fdc3a791729d4bf1005","bytes":68717056,"features":{"buildJailCatalogOverride":true,"pythonDontWriteBytecodeEnv":true}}
  VENUE-INTERPRETER C:\hostedtoolcache\windows\node\22.23.2\x64\node.exe
  VENUE-JAIL-ROOT D:\jail\m-cubejsbackendcubestore-mtrlzs9v
  VENUE-OVERRIDES {"set":{"npm_config_cache":"D:\\jail\\m-cubejsbackendcubestore-mtrlzs9v\\npm-cache","TMP":"D:\\jail\\m-cubejsbackendcubestore-mtrlzs9v\\tmp","TEMP":"D:\\jail\\m-cubejsbackendcubestore-mtrlzs9v\\tmp","TMPDIR":"D:\\jail\\m-cubejsbackendcubestore-mtrlzs9v\\tmp"},"unset":["CI","GITHUB_ACTIONS"],"notRedirected":{"USERPROFILE":"C:\\Users\\runneradmin","why":"the jail leaves HOME/USERPROFILE alone — `build_jail.rs` sandbox_homes() reads the ambient value and `compiler/defaults.rs` BASELINE_ENV_EXACT passes it through — so there is no private jail home to reproduce and redirecting one would measure an environment no confined script sees"},"passedThrough":{"CI":"true","GITHUB_ACTIONS":"true","NODE_ENV":null}}
  scaffold: 1 dependency package(s) with lifecycle scripts granted a fixed wide grant
  STORE   isolated virtual store at D:\jail\m-cubejsbackendcubestore-mtrlzs9v\verify-synth\.cache
  VENUE-STORE-LAYOUT isolated
OSV-SCREEN {"schemaVersion":1,"kind":"nub-synth-resolved","status":"clean","digest":"a0fd7afc000db0ec181c9dcacec2a444ac8922b90b4485d6e80fcc4491b218b3","specCount":187,"lockfiles":{"digest":"a28f7604a854ea169cd40be0dd369f73116c9a7955954fc743f9b20fc71a02d3","files":[{"path":"nub.lock","sha256":"a8745da4aabc4e75e98d762cd3c9ba44dd5e583346b9269a9635e113125fffc6","bytes":46161}]},"maliciousAdvisories":[],"screenedAt":"2026-09-07T19:03:54.080Z","cacheHit":true,"clearancePath":"D:\\jail\\m-cubejsbackendcubestore-mtrlzs9v\\security\\nub-synth-resolved.json"}
  SECURITY nub-synth-resolved clean: 187 exact package-version(s), tree a0fd7afc000d (cached exact-tree clearance)
  VERIFY[synth] rc=0 artifacts=33/33 missing=0 shortfall=none (tree 10755/3476) OVERRIDDEN=2 REJECTED=0 grant={"write":{"deps":true},"network":true}
  => MINIMUM {"write":{"deps":true},"network":true}   (observed, then verified)
  scaffold: 1 dependency package(s) with lifecycle scripts granted a fixed wide grant
  STORE   isolated virtual store at D:\jail\m-cubejsbackendcubestore-mtrlzs9v\verify-nar-no-network\.cache
OSV-SCREEN {"schemaVersion":1,"kind":"nub-nar-no-network-resolved","status":"clean","digest":"a0fd7afc000db0ec181c9dcacec2a444ac8922b90b4485d6e80fcc4491b218b3","specCount":187,"lockfiles":{"digest":"a28f7604a854ea169cd40be0dd369f73116c9a7955954fc743f9b20fc71a02d3","files":[{"path":"nub.lock","sha256":"a8745da4aabc4e75e98d762cd3c9ba44dd5e583346b9269a9635e113125fffc6","bytes":46161}]},"maliciousAdvisories":[],"screenedAt":"2026-09-07T19:03:54.080Z","cacheHit":true,"clearancePath":"D:\\jail\\m-cubejsbackendcubestore-mtrlzs9v\\security\\nub-nar-no-network-resolved.json"}
  SECURITY nub-nar-no-network-resolved clean: 187 exact package-version(s), tree a0fd7afc000d (cached exact-tree clearance)
  VERIFY[nar-no-network] rc=1 artifacts=29/33 missing=4 shortfall=da8666f856e7 (tree 10752/3476) OVERRIDDEN=2 REJECTED=0 grant={"write":{"deps":true}}
     missing artifacts: downloaded/latest/bin/cubestored.exe, downloaded/latest/bin/legacy.dll, downloaded/latest/bin/libcrypto-3-x64.dll, downloaded/latest/bin/libssl-3-x64.dll
     'no-network' is NECESSARY — dropping it fails to verify
  scaffold: 1 dependency package(s) with lifecycle scripts granted a fixed wide grant
  STORE   isolated virtual store at D:\jail\m-cubejsbackendcubestore-mtrlzs9v\verify-nar-no-write-deps\.cache
OSV-SCREEN {"schemaVersion":1,"kind":"nub-nar-no-write-deps-resolved","status":"clean","digest":"a0fd7afc000db0ec181c9dcacec2a444ac8922b90b4485d6e80fcc4491b218b3","specCount":187,"lockfiles":{"digest":"a28f7604a854ea169cd40be0dd369f73116c9a7955954fc743f9b20fc71a02d3","files":[{"path":"nub.lock","sha256":"a8745da4aabc4e75e98d762cd3c9ba44dd5e583346b9269a9635e113125fffc6","bytes":46161}]},"maliciousAdvisories":[],"screenedAt":"2026-09-07T19:03:54.080Z","cacheHit":true,"clearancePath":"D:\\jail\\m-cubejsbackendcubestore-mtrlzs9v\\security\\nub-nar-no-write-deps-resolved.json"}
  SECURITY nub-nar-no-write-deps-resolved clean: 187 exact package-version(s), tree a0fd7afc000d (cached exact-tree clearance)
  VERIFY[nar-no-write-deps] rc=0 artifacts=33/33 missing=0 shortfall=none (tree 10755/3476) OVERRIDDEN=2 REJECTED=0 grant={"network":true}
     ⛔ OVER-PREDICTED — the strictly narrower {"network":true} also verifies; 'no-write-deps' was not needed
