### tree-sitter-json@0.24.8   (/home/runner/v2-8TYFfY)
  CI-ENV scrubbed: CI GITHUB_ACTIONS
OSV-SCREEN {"schemaVersion":1,"kind":"direct","status":"clean","digest":"532478c9e3c01e953d79ad905a2691fdbe4657cc83323290de39dd16654fe362","specCount":1,"lockfiles":{"digest":null,"files":[]},"maliciousAdvisories":[],"screenedAt":"2026-09-07T23:46:26.299Z","cacheHit":false,"clearancePath":"/home/runner/v2-8TYFfY/security/direct.json"}
  SECURITY direct clean: 1 exact package-version(s), tree 532478c9e3c0
  VENUE-OBSERVE-USER {"uid":1001,"user":"runner","umask":"0022","capBnd":"000001ffffffffff","noNewPrivs":"0"}
  VENUE-NUB-BINARY {"path":"/tmp/nub/target/release/nub","sha256":"2a18683f50f7afeb02a521cd3cae175dc2f91780d461c5f012065241f5a1447b","bytes":207643464,"features":{"buildJailCatalogOverride":true,"pythonDontWriteBytecodeEnv":true}}
OSV-SCREEN {"schemaVersion":1,"kind":"npm-observe-resolved","status":"clean","digest":"ab9b9f9515a67e05ca57302346423b5afc7e4f763a25c8eb0ce5cf88ae48e54c","specCount":3,"lockfiles":{"digest":"ec581130cce05a795fecdfd61078f2ef182712dfcd4af279a9aba10d0929c1db","files":[{"path":"package-lock.json","sha256":"80a454decb14055a92c18067a88c8f35a29042821ed8868752243419fc1098d1","bytes":1679}]},"maliciousAdvisories":[],"screenedAt":"2026-09-07T23:46:27.362Z","cacheHit":false,"clearancePath":"/home/runner/v2-8TYFfY/security/npm-observe-resolved.json"}
  SECURITY npm-observe-resolved clean: 3 exact package-version(s), tree ab9b9f9515a6
  OBSERVE   rc=0 files=55 trace=10928 lines
  CLOSURE   3 packages evicted per arm
  ARM-FALSIFIABILITY {"manifestFiles":24,"filesTheScriptProduced":0,"reasons":["gate-vacuous"]}
  ⛔ ARMS-UNFALSIFIABLE — a green arm for this package carries no evidence:
       gate-vacuous: the script changed no file the artifact gate keys on — every file in the manifest (24) was already present at its final size before the script ran, so the gate passes in every arm including a completely broken one
       The grant may still be correct; what is missing is a signal that could have gone
       red. Do not read this record's MINIMAL as a passing measurement.
  RAWLOG-FILE /home/runner/v2-8TYFfY/observe/trace.txt.gz
  RAWLOG-CAPTURE /home/runner/v2-8TYFfY/observe/capture.json
  RAWLOG-BYTES raw=2390616 gz=70021
  VENUE-INTERPRETER /opt/hostedtoolcache/node/22.23.2/x64
  VENUE-OVERRIDES {"set":{"HOME":"/home/runner/v2-8TYFfY/jailhome","TMPDIR":"/tmp/nub-tmp-obsV6DeYF","NODE_COMPAT":"1","PLAYWRIGHT_BROWSERS_PATH":"/home/runner/.cache/nub/pm/tools/ms-playwright","ELECTRON_CACHE":"/home/runner/.cache/nub/pm/tools/electron-cache","electron_config_cache":"/home/runner/.cache/nub/pm/tools/electron-cache","npm_config_prefix":"/home/runner/.cache/nub/pm/tools/npm-prefix","PYTHONDONTWRITEBYTECODE":"1","NUB_CACHE_DIR":"/home/runner/v2-8TYFfY/nubcache"},"unset":["CI","GITHUB_ACTIONS"],"passedThrough":{"CI":"true","GITHUB_ACTIONS":"true","NODE_ENV":null}}
  == ATTRIBUTION == attributed pids: 21
    writes  script 0  /  whole traced tree 1088
    sockets script 0  /  whole traced tree 6
  == ROOTS (from capture.json — R2: no ambient reads) ==
    project       /home/runner/v2-8TYFfY/observe
    home          /home/runner
    jailHome      /home/runner/v2-8TYFfY/jailhome
    globalStore   /home/runner/.cache/nub/pm/store   [declared, not keyed on]
    projectStore  /home/runner/v2-8TYFfY/observe/node_modules/.store   [declared, not keyed on]
    interpreter   /opt/hostedtoolcache/node/22.23.2/x64   [declared, not keyed on]
    toolsDir      /home/runner/.cache/nub/pm/tools   [declared, not keyed on]
    temp          /tmp/nub-tmp-obsV6DeYF
    npmPrefix     /home/runner/.cache/nub/pm/tools/npm-prefix
    ownPkg        /home/runner/v2-8TYFfY/observe/node_modules/tree-sitter-json
  == WRITES the script actually performed ==
  == NETWORK ==
    AF_INET sockets: 0   distinct peers: 2
        127.0.0.53:53
        104.16.7.34:443
  == REFUSALS (only `= -1 EACCES/EPERM/EROFS`) ==
    distinct: 0
  == SYNTHESIZED GRANT (verify this in the real unprivileged jail) ==
    {}
  == writePaths (DERIVED — promotion out of the package's PRIVATE home) ==
    private-home writes observed: 0
    none declared — the script wrote nothing into its private home — there is nothing to promote
  == writePaths FEASIBILITY (distinct writes outside project/deps) ==
    count: 0
    EVENTS    4500 distinct from 10866 calls (10929 lines, 30 rejoined, 0 unparsed)
    PROCS     28   lifecycle shells 16
    ⛔ 3 paths with an UNRESOLVED dirfd — kept, marked, never guessed
    unsubscribed/unmapped syscalls: setsockopt×35 getsockname×26 exit×20 getsockopt×12 recvmsg×7 socketpair×6 wait4×6 shutdown×5
    wrote /home/runner/v2-8TYFfY/observe/events.ndjson.gz (31674 bytes)
  EVENTLOG-FILE /home/runner/v2-8TYFfY/observe/events.ndjson.gz
  EVENTLOG-STATS {"lines":10929,"parsed":10866,"unparsed":0,"unfinished":30,"rejoined":30,"unresolvedDirfd":3,"truncatedArg":0,"procs":28,"lifecyclePids":16,"distinctEvents":4500,"unknownSyscall":{"getsockname":26,"getsockopt":12,"getcwd":4,"recvmsg":7,"exit":20,"setsockopt":35,"sendmmsg":1,"socketpair":6,"shutdown":5,"exit_group":5,"wait4":6},"out":"/home/runner/v2-8TYFfY/observe/events.ndjson.gz","gzipBytes":31674}
  EVICT     2 store entries removed, 0 spared as nub tooling
  SE-PURGE  0 side-effects-cache entries for tree-sitter-json
OSV-SCREEN {"schemaVersion":1,"kind":"nub-synth-resolved","status":"clean","digest":"ab9b9f9515a67e05ca57302346423b5afc7e4f763a25c8eb0ce5cf88ae48e54c","specCount":3,"lockfiles":{"digest":"7d37e73dc79819d42a844a4a18e864bb5857e3fc4934067ed5406d696b76585d","files":[{"path":"nub.lock","sha256":"3219dab7ef31a016d072e7c2ffa847d1b9cf94b29e71cb26be3d9f42476bdddb","bytes":1012}]},"maliciousAdvisories":[],"screenedAt":"2026-09-07T23:46:27.362Z","cacheHit":true,"clearancePath":"/home/runner/v2-8TYFfY/security/nub-synth-resolved.json"}
  SECURITY nub-synth-resolved clean: 3 exact package-version(s), tree ab9b9f9515a6 (cached exact-tree clearance)
  VENUE-STORE-LAYOUT isolated
  VERIFY[synth] rc=0 artifacts=24/24 missing=0 shortfall=none (tree 167/55) OVERRIDDEN=2 REJECTED=0 grant={}
  => VERIFIED {}   (observed, then verified)
  DESCEND   grant is already empty — nothing to narrow; MINIMAL by construction.
