### netlify-cli@8.9.9   (D:\jail\m-netlifycli-mtrh5lut)
  CI-ENV scrubbed: CI GITHUB_ACTIONS
OSV-SCREEN {"schemaVersion":1,"kind":"direct","status":"clean","digest":"ce1b772c9ec3b6ccf487e7c6916a7d77d1fb33d8a1d9eae0698972483bccd141","specCount":1,"lockfiles":{"digest":null,"files":[]},"maliciousAdvisories":[],"screenedAt":"2026-09-07T16:48:19.924Z","cacheHit":false,"clearancePath":"D:\\jail\\m-netlifycli-mtrh5lut\\security\\direct.json"}
  SECURITY direct clean: 1 exact package-version(s), tree ce1b772c9ec3
OSV-SCREEN {"schemaVersion":1,"kind":"npm-observe-resolved","status":"clean","digest":"296aa0cc26e6beee3d303b99255f7907c8e95403120aca156bfb685cbd7a6b5e","specCount":1605,"lockfiles":{"digest":"e8fb0ec798093c7942ec9159c63841ef0673510c3e8c350c55f74646adef2dbb","files":[{"path":"package-lock.json","sha256":"9e6c4257fbf9e29ea90c7601aca1dc7662a5046e7b5fb018be681189f8a78945","bytes":876061}]},"maliciousAdvisories":[],"screenedAt":"2026-09-07T16:48:52.172Z","cacheHit":false,"clearancePath":"D:\\jail\\m-netlifycli-mtrh5lut\\security\\npm-observe-resolved.json"}
  SECURITY npm-observe-resolved clean: 1605 exact package-version(s), tree 296aa0cc26e6
  CAPTURE user=runnervmeef0v\runneradmin elevated=True rootPid=7300 exit=0 events=78481 lost=0
  VENUE-OBSERVE-USER runnervmeef0v\runneradmin elevated=true privDropped={"SeBackupPrivilege":"removed","SeRestorePrivilege":"removed","SeTakeOwnershipPrivilege":"removed"}
  OBSERVE artifacts: 279 files  (D:\jail\m-netlifycli-mtrh5lut\observe\node_modules\netlify-cli)
  ARM-FALSIFIABILITY {"manifestFiles":272,"filesTheScriptProduced":0,"reasons":["gate-vacuous"]}
  ⛔ ARMS-UNFALSIFIABLE — a green arm for this package carries no evidence:
       gate-vacuous: the script changed no file the artifact gate keys on — every file in the manifest (272) was already present at its final size before the script ran, so the gate passes in every arm including a completely broken one
       The grant may still be correct; what is missing is a signal that could have gone
       red. Do not read this record's MINIMAL as a passing measurement.
  CLOSURE 1 packages evicted per arm
  8.3 MAP 0 components resolved on runnervmeef0v, folded into capture.json
  == ROOTS (from capture.json — R2: no ambient reads) ==
    project       D:\jail\m-netlifycli-mtrh5lut\observe   [keyed on]
    home          C:\Users\runneradmin   [keyed on]
    jailHome      (null — declared inapplicable)
    globalStore   C:\Users\runneradmin\AppData\Local\nub\pm\store
    projectStore  D:\jail\m-netlifycli-mtrh5lut\observe\node_modules\.store
    interpreter   C:\hostedtoolcache\windows\node\22.23.2\x64\node.exe
    toolsDir      C:\Users\runneradmin\AppData\Local\nub\pm\tools
    temp          D:\jail\m-netlifycli-mtrh5lut\tmp   [keyed on]
    npmPrefix     (null — declared inapplicable)
    ownPkg        D:\jail\m-netlifycli-mtrh5lut\observe\node_modules\netlify-cli
  == ATTRIBUTION == lifecycle pids: 2 (root 7300)
    writes  script 1  /  whole traced tree 15
    peers   script 0  /  whole traced tree 0
  == WRITES ==
    userHome      1
  == READS ==
    deps       3541
    outside      11
    project       1
    systemfs     30
    userHome      1
  == NETWORK ==
    distinct peers: 0
  == REFUSALS (adapter-classified) ==
    distinct: 0
  == SYNTHESIZED GRANT (verify this in the real unprivileged jail) ==
    {"write":{"userHome":true}}
  RAW       etw-raw.xml.gz  101213403 B xml -> 1422646 B gz (71.1x)  sha256 fffc697f77bfe4b4…
  HEADER    etw-header.json (5079 bytes)
  DERIVED   23009 distinct from 28985 kept ops (78481 xml events, 1634 out of subtree)
  PROCS     4   thread-reattributed 0
  ⛔ 3 operations with NO OperationEnd — kept, status marked unknown
  8.3       0 expanded, 0 kept short, 0 not covered  [map: recorded 8.3 map (0 components, resolved on runnervmeef0v)]
  wrote events.ndjson.gz (274245 bytes)
  RAWLOG-CAPTURE D:\jail\m-netlifycli-mtrh5lut\cap\capture.json
  VENUE-NUB-BINARY {"path":"C:/Users/RUNNER~1/AppData/Local/Temp/nub/target/release/nub.exe","sha256":"f186817a44be332fee712b4936a071a0b5f9cde18a1d2fdc3a791729d4bf1005","bytes":68717056,"features":{"buildJailCatalogOverride":true,"pythonDontWriteBytecodeEnv":true}}
  VENUE-INTERPRETER C:\hostedtoolcache\windows\node\22.23.2\x64\node.exe
  VENUE-JAIL-ROOT D:\jail\m-netlifycli-mtrh5lut
  VENUE-OVERRIDES {"set":{"npm_config_cache":"D:\\jail\\m-netlifycli-mtrh5lut\\npm-cache","TMP":"D:\\jail\\m-netlifycli-mtrh5lut\\tmp","TEMP":"D:\\jail\\m-netlifycli-mtrh5lut\\tmp","TMPDIR":"D:\\jail\\m-netlifycli-mtrh5lut\\tmp"},"unset":["CI","GITHUB_ACTIONS"],"notRedirected":{"USERPROFILE":"C:\\Users\\runneradmin","why":"the jail leaves HOME/USERPROFILE alone — `build_jail.rs` sandbox_homes() reads the ambient value and `compiler/defaults.rs` BASELINE_ENV_EXACT passes it through — so there is no private jail home to reproduce and redirecting one would measure an environment no confined script sees"},"passedThrough":{"CI":"true","GITHUB_ACTIONS":"true","NODE_ENV":null}}
  STORE   isolated virtual store at D:\jail\m-netlifycli-mtrh5lut\verify-synth\.cache
  VENUE-STORE-LAYOUT isolated
OSV-SCREEN {"schemaVersion":1,"kind":"nub-synth-resolved","status":"clean","digest":"c427bd1ea9df44b1df1c787673382dd7567603a30ea6fbeb71864f9ff6609db0","specCount":1258,"lockfiles":{"digest":"d5ba2160d7c6b568fe9bde7456de977b44136eb44e45f81e858a16df8b1f7464","files":[{"path":"nub.lock","sha256":"6799c6d41fd33cd7f1e67d05158e0b535ceeeb383ae5a6f1df3707cc670e007b","bytes":381749}]},"maliciousAdvisories":[],"screenedAt":"2026-09-07T16:49:35.426Z","cacheHit":false,"clearancePath":"D:\\jail\\m-netlifycli-mtrh5lut\\security\\nub-synth-resolved.json"}
  SECURITY nub-synth-resolved clean: 1258 exact package-version(s), tree c427bd1ea9df
  VERIFY[synth] rc=0 artifacts=279/279 missing=1 shortfall=58e311b75e8b (tree 40905/34688) OVERRIDDEN=2 REJECTED=0 grant={"write":{"userHome":true}}
     missing artifacts: src/functions-templates/rust/hello-world/.npmignore
  synthesized grant did not verify -- falling back to a bounded ladder
  STORE   isolated virtual store at D:\jail\m-netlifycli-mtrh5lut\verify-fb0\.cache
OSV-SCREEN {"schemaVersion":1,"kind":"nub-fb0-resolved","status":"clean","digest":"c427bd1ea9df44b1df1c787673382dd7567603a30ea6fbeb71864f9ff6609db0","specCount":1258,"lockfiles":{"digest":"d5ba2160d7c6b568fe9bde7456de977b44136eb44e45f81e858a16df8b1f7464","files":[{"path":"nub.lock","sha256":"6799c6d41fd33cd7f1e67d05158e0b535ceeeb383ae5a6f1df3707cc670e007b","bytes":381749}]},"maliciousAdvisories":[],"screenedAt":"2026-09-07T16:49:35.426Z","cacheHit":true,"clearancePath":"D:\\jail\\m-netlifycli-mtrh5lut\\security\\nub-fb0-resolved.json"}
  SECURITY nub-fb0-resolved clean: 1258 exact package-version(s), tree c427bd1ea9df (cached exact-tree clearance)
  VERIFY[fb0] rc=0 artifacts=279/279 missing=1 shortfall=58e311b75e8b (tree 40905/34688) OVERRIDDEN=2 REJECTED=0 grant={"write":{"deps":true,"project":true,"userHome":true},"network":true}
     missing artifacts: src/functions-templates/rust/hello-world/.npmignore
  STORE   isolated virtual store at D:\jail\m-netlifycli-mtrh5lut\verify-fb1\.cache
OSV-SCREEN {"schemaVersion":1,"kind":"nub-fb1-resolved","status":"clean","digest":"c427bd1ea9df44b1df1c787673382dd7567603a30ea6fbeb71864f9ff6609db0","specCount":1258,"lockfiles":{"digest":"d5ba2160d7c6b568fe9bde7456de977b44136eb44e45f81e858a16df8b1f7464","files":[{"path":"nub.lock","sha256":"6799c6d41fd33cd7f1e67d05158e0b535ceeeb383ae5a6f1df3707cc670e007b","bytes":381749}]},"maliciousAdvisories":[],"screenedAt":"2026-09-07T16:49:35.426Z","cacheHit":true,"clearancePath":"D:\\jail\\m-netlifycli-mtrh5lut\\security\\nub-fb1-resolved.json"}
  SECURITY nub-fb1-resolved clean: 1258 exact package-version(s), tree c427bd1ea9df (cached exact-tree clearance)
  VERIFY[fb1] rc=0 artifacts=279/279 missing=1 shortfall=58e311b75e8b (tree 40905/34688) OVERRIDDEN=2 REJECTED=0 grant={"write":{"deps":true,"project":true,"userHome":true},"read":"disk","network":true}
     missing artifacts: src/functions-templates/rust/hello-world/.npmignore
  STORE   isolated virtual store at D:\jail\m-netlifycli-mtrh5lut\verify-fb2\.cache
OSV-SCREEN {"schemaVersion":1,"kind":"nub-fb2-resolved","status":"clean","digest":"c427bd1ea9df44b1df1c787673382dd7567603a30ea6fbeb71864f9ff6609db0","specCount":1258,"lockfiles":{"digest":"d5ba2160d7c6b568fe9bde7456de977b44136eb44e45f81e858a16df8b1f7464","files":[{"path":"nub.lock","sha256":"6799c6d41fd33cd7f1e67d05158e0b535ceeeb383ae5a6f1df3707cc670e007b","bytes":381749}]},"maliciousAdvisories":[],"screenedAt":"2026-09-07T16:49:35.426Z","cacheHit":true,"clearancePath":"D:\\jail\\m-netlifycli-mtrh5lut\\security\\nub-fb2-resolved.json"}
  SECURITY nub-fb2-resolved clean: 1258 exact package-version(s), tree c427bd1ea9df (cached exact-tree clearance)
  VERIFY[fb2] rc=0 artifacts=279/279 missing=1 shortfall=58e311b75e8b (tree 40905/34688) OVERRIDDEN=2 REJECTED=0 grant={"write":"disk","network":true}
     missing artifacts: src/functions-templates/rust/hello-world/.npmignore
  => ARTIFACT-GATE-SUSPECT {"write":{"userHome":true}}   (every arm rc=0 and the SAME 1-artifact shortfall at
     every grant up to write:"disk" -- invariant under widening, so it is not a capability gap)
     -> The grant is the SYNTHESIZED one and is UNVERIFIED -- minimality was never descended.
        Triage the shortfall against the arm's toolchain, not against the jail.
