### bcrypt@5.1.1   (/home/runner/v2-ZJO0cK)
  CI-ENV scrubbed: CI GITHUB_ACTIONS
OSV-SCREEN {"schemaVersion":1,"kind":"direct","status":"clean","digest":"a2ed903f4f60c91b4eb2a278c544cb889c9d2f3a45b6026c9b9bddb7a513d92c","specCount":1,"lockfiles":{"digest":null,"files":[]},"maliciousAdvisories":[],"screenedAt":"2026-09-08T08:35:52.078Z","cacheHit":false,"clearancePath":"/home/runner/v2-ZJO0cK/security/direct.json"}
  SECURITY direct clean: 1 exact package-version(s), tree a2ed903f4f60
  VENUE-OBSERVE-USER {"uid":1001,"user":"runner","umask":"0022","capBnd":"000001ffffffffff","noNewPrivs":"0"}
  VENUE-NUB-BINARY {"path":"/tmp/nub/target/release/nub","sha256":"2a18683f50f7afeb02a521cd3cae175dc2f91780d461c5f012065241f5a1447b","bytes":207643464,"features":{"buildJailCatalogOverride":true,"pythonDontWriteBytecodeEnv":true}}
OSV-SCREEN {"schemaVersion":1,"kind":"npm-observe-resolved","status":"clean","digest":"498e2f8722cd2c51b92c9efc0d56c6138fac8aeb89669f35261d11d3ccdc2a1a","specCount":58,"lockfiles":{"digest":"4a8c08dca6ae5ba7870ec221d4dcffad97099069b68b058c403385e8b2a91303","files":[{"path":"package-lock.json","sha256":"d3bfa91fe0bbb3672da5c9ccdcef00424ae7ac6dd2344356ed6efe3c29937955","bytes":24152}]},"maliciousAdvisories":[],"screenedAt":"2026-09-08T08:35:53.673Z","cacheHit":false,"clearancePath":"/home/runner/v2-ZJO0cK/security/npm-observe-resolved.json"}
  SECURITY npm-observe-resolved clean: 58 exact package-version(s), tree 498e2f8722cd
  OBSERVE   rc=0 files=496 trace=12676 lines
  CLOSURE   56 packages evicted per arm
  ARM-FALSIFIABILITY {"manifestFiles":27,"filesTheScriptProduced":1,"reasons":[]}
  RAWLOG-FILE /home/runner/v2-ZJO0cK/observe/trace.txt.gz
  RAWLOG-CAPTURE /home/runner/v2-ZJO0cK/observe/capture.json
  RAWLOG-BYTES raw=2749480 gz=81079
  VENUE-INTERPRETER /opt/hostedtoolcache/node/22.23.2/x64
  VENUE-OVERRIDES {"set":{"HOME":"/home/runner/v2-ZJO0cK/jailhome","TMPDIR":"/tmp/nub-tmp-obs6ZzxpT","NODE_COMPAT":"1","PLAYWRIGHT_BROWSERS_PATH":"/home/runner/.cache/nub/pm/tools/ms-playwright","ELECTRON_CACHE":"/home/runner/.cache/nub/pm/tools/electron-cache","electron_config_cache":"/home/runner/.cache/nub/pm/tools/electron-cache","npm_config_prefix":"/home/runner/.cache/nub/pm/tools/npm-prefix","PYTHONDONTWRITEBYTECODE":"1","NUB_CACHE_DIR":"/home/runner/v2-ZJO0cK/nubcache"},"unset":["CI","GITHUB_ACTIONS"],"passedThrough":{"CI":"true","GITHUB_ACTIONS":"true","NODE_ENV":null}}
  == ATTRIBUTION == attributed pids: 18
    writes  script 4  /  whole traced tree 1092
    sockets script 5  /  whole traced tree 11
  == ROOTS (from capture.json — R2: no ambient reads) ==
    project       /home/runner/v2-ZJO0cK/observe
    home          /home/runner
    jailHome      /home/runner/v2-ZJO0cK/jailhome
    globalStore   /home/runner/.cache/nub/pm/store   [declared, not keyed on]
    projectStore  /home/runner/v2-ZJO0cK/observe/node_modules/.store   [declared, not keyed on]
    interpreter   /opt/hostedtoolcache/node/22.23.2/x64   [declared, not keyed on]
    toolsDir      /home/runner/.cache/nub/pm/tools   [declared, not keyed on]
    temp          /tmp/nub-tmp-obs6ZzxpT
    npmPrefix     /home/runner/.cache/nub/pm/tools/npm-prefix
    ownPkg        /home/runner/v2-ZJO0cK/observe/node_modules/bcrypt
  == WRITES the script actually performed ==
    ownPkg        4  (base profile already grants this — NOT billed)
        /home/runner/v2-ZJO0cK/observe/node_modules/bcrypt/lib
        /home/runner/v2-ZJO0cK/observe/node_modules/bcrypt/lib/binding
        /home/runner/v2-ZJO0cK/observe/node_modules/bcrypt/lib/binding/napi-v3
        /home/runner/v2-ZJO0cK/observe/node_modules/bcrypt/lib/binding/napi-v3/bcrypt_lib.node
  == NETWORK ==
    AF_INET sockets: 5   distinct peers: 3
        127.0.0.53:53
        104.16.5.34:443
        172.182.252.133:443
  == REFUSALS (only `= -1 EACCES/EPERM/EROFS`) ==
    distinct: 0
  == SYNTHESIZED GRANT (verify this in the real unprivileged jail) ==
    {"network":true}
  == writePaths (DERIVED — promotion out of the package's PRIVATE home) ==
    private-home writes observed: 0
    none declared — the script wrote nothing into its private home — there is nothing to promote
  == writePaths FEASIBILITY (distinct writes outside project/deps) ==
    count: 0
    EVENTS    5255 distinct from 12609 calls (12677 lines, 40 rejoined, 0 unparsed)
    PROCS     25   lifecycle shells 13
    ⛔ 3 paths with an UNRESOLVED dirfd — kept, marked, never guessed
    unsubscribed/unmapped syscalls: getsockname×31 setsockopt×29 exit×20 getsockopt×13 recvmsg×11 getcwd×4 sendmmsg×3 socketpair×3
    wrote /home/runner/v2-ZJO0cK/observe/events.ndjson.gz (36052 bytes)
  EVENTLOG-FILE /home/runner/v2-ZJO0cK/observe/events.ndjson.gz
  EVENTLOG-STATS {"lines":12677,"parsed":12609,"unparsed":0,"unfinished":40,"rejoined":40,"unresolvedDirfd":3,"truncatedArg":0,"procs":25,"lifecyclePids":13,"distinctEvents":5255,"unknownSyscall":{"getsockname":31,"getsockopt":13,"getcwd":4,"recvmsg":11,"exit":20,"setsockopt":29,"sendmmsg":3,"socketpair":3,"shutdown":3,"exit_group":3,"wait4":3},"out":"/home/runner/v2-ZJO0cK/observe/events.ndjson.gz","gzipBytes":36052}
  EVICT     82 store entries removed, 8 spared as nub tooling
  SE-PURGE  0 side-effects-cache entries for bcrypt
OSV-SCREEN {"schemaVersion":1,"kind":"nub-synth-resolved","status":"clean","digest":"498e2f8722cd2c51b92c9efc0d56c6138fac8aeb89669f35261d11d3ccdc2a1a","specCount":58,"lockfiles":{"digest":"60efa7518d462858c17554e138a72ec1a7a5077f32fb880445f5c64fe85b9943","files":[{"path":"nub.lock","sha256":"8584745d12450babd7ccefef485f162f08d6e4345f20dc12fedb4a3c8e79fb3b","bytes":14381}]},"maliciousAdvisories":[],"screenedAt":"2026-09-08T08:35:53.673Z","cacheHit":true,"clearancePath":"/home/runner/v2-ZJO0cK/security/nub-synth-resolved.json"}
  SECURITY nub-synth-resolved clean: 58 exact package-version(s), tree 498e2f8722cd (cached exact-tree clearance)
  VENUE-STORE-LAYOUT isolated
  VERIFY[synth] rc=0 artifacts=26/26 missing=0 shortfall=none (tree 1474/496) OVERRIDDEN=2 REJECTED=0 grant={"network":true}
  => VERIFIED {"network":true}   (observed, then verified)
  EVICT     57 store entries removed, 8 spared as nub tooling
  SE-PURGE  0 side-effects-cache entries for bcrypt
OSV-SCREEN {"schemaVersion":1,"kind":"nub-drop-no-network-resolved","status":"clean","digest":"498e2f8722cd2c51b92c9efc0d56c6138fac8aeb89669f35261d11d3ccdc2a1a","specCount":58,"lockfiles":{"digest":"60efa7518d462858c17554e138a72ec1a7a5077f32fb880445f5c64fe85b9943","files":[{"path":"nub.lock","sha256":"8584745d12450babd7ccefef485f162f08d6e4345f20dc12fedb4a3c8e79fb3b","bytes":14381}]},"maliciousAdvisories":[],"screenedAt":"2026-09-08T08:35:53.673Z","cacheHit":true,"clearancePath":"/home/runner/v2-ZJO0cK/security/nub-drop-no-network-resolved.json"}
  SECURITY nub-drop-no-network-resolved clean: 58 exact package-version(s), tree 498e2f8722cd (cached exact-tree clearance)
  VERIFY[drop-no-network] rc=0 artifacts=45/26 missing=0 shortfall=none (tree 1548/496) OVERRIDDEN=2 REJECTED=0 grant={}
     ⛔ OVER-PREDICTED: dropping 'no-network' STILL VERIFIES — {} is sufficient
  => OVER-PREDICTED by: no-network  (synthesized {"network":true}; each named capability drops on its own)
