### netlify-cli@27.0.1   (D:\jail\m-netlifycli-mtrnpb0p)
  CI-ENV scrubbed: CI GITHUB_ACTIONS
OSV-SCREEN {"schemaVersion":1,"kind":"direct","status":"clean","digest":"de4934b92d30c3b22ce45219c11e82d2e3aafdf0fedf726b18832d9605dbc9e9","specCount":1,"lockfiles":{"digest":null,"files":[]},"maliciousAdvisories":[],"screenedAt":"2026-09-07T19:51:36.817Z","cacheHit":false,"clearancePath":"D:\\jail\\m-netlifycli-mtrnpb0p\\security\\direct.json"}
  SECURITY direct clean: 1 exact package-version(s), tree de4934b92d30
OSV-SCREEN {"schemaVersion":1,"kind":"npm-observe-resolved","status":"clean","digest":"0cd76d042c762edcbba01af017c4b3d2555f4c745ddeb222b5eed6cc07942c5b","specCount":945,"lockfiles":{"digest":"d660a7a89c684c119853dd6a85c4a2806348808c7f0344f565914455bc664fab","files":[{"path":"package-lock.json","sha256":"d652b6c9b24dd531a96e095b1c3716cad096e673789ac5f45acac5f1db6c3da4","bytes":555816}]},"maliciousAdvisories":[],"screenedAt":"2026-09-07T19:52:19.122Z","cacheHit":false,"clearancePath":"D:\\jail\\m-netlifycli-mtrnpb0p\\security\\npm-observe-resolved.json"}
  SECURITY npm-observe-resolved clean: 945 exact package-version(s), tree 0cd76d042c76
  CAPTURE user=runnervmeef0v\runneradmin elevated=True rootPid=7808 exit=0 events=53506 lost=0
  VENUE-OBSERVE-USER runnervmeef0v\runneradmin elevated=true privDropped={"SeBackupPrivilege":"removed","SeRestorePrivilege":"removed","SeTakeOwnershipPrivilege":"removed"}
  OBSERVE artifacts: 1117 files  (D:\jail\m-netlifycli-mtrnpb0p\observe\node_modules\netlify-cli)
  ARM-FALSIFIABILITY {"manifestFiles":1114,"filesTheScriptProduced":0,"reasons":["gate-vacuous"]}
  ⛔ ARMS-UNFALSIFIABLE — a green arm for this package carries no evidence:
       gate-vacuous: the script changed no file the artifact gate keys on — every file in the manifest (1114) was already present at its final size before the script ran, so the gate passes in every arm including a completely broken one
       The grant may still be correct; what is missing is a signal that could have gone
       red. Do not read this record's MINIMAL as a passing measurement.
  CLOSURE 821 packages evicted per arm
  8.3 MAP 0 components resolved on runnervmeef0v, folded into capture.json
  == ROOTS (from capture.json — R2: no ambient reads) ==
    project       D:\jail\m-netlifycli-mtrnpb0p\observe   [keyed on]
    home          C:\Users\runneradmin   [keyed on]
    jailHome      (null — declared inapplicable)
    globalStore   C:\Users\runneradmin\AppData\Local\nub\pm\store
    projectStore  D:\jail\m-netlifycli-mtrnpb0p\observe\node_modules\.store
    interpreter   C:\hostedtoolcache\windows\node\22.23.2\x64\node.exe
    toolsDir      C:\Users\runneradmin\AppData\Local\nub\pm\tools
    temp          D:\jail\m-netlifycli-mtrnpb0p\tmp   [keyed on]
    npmPrefix     (null — declared inapplicable)
    ownPkg        D:\jail\m-netlifycli-mtrnpb0p\observe\node_modules\netlify-cli
  == ATTRIBUTION == lifecycle pids: 2 (root 7808)
    writes  script 3  /  whole traced tree 17
    peers   script 0  /  whole traced tree 0
  == WRITES ==
    userHome      3
  == READS ==
    deps       1760
    outside      11
    project       1
    systemfs     28
  == NETWORK ==
    distinct peers: 0
  == REFUSALS (adapter-classified) ==
    distinct: 0
  == SYNTHESIZED GRANT (verify this in the real unprivileged jail) ==
    {"write":{"userHome":true}}
  RAW       etw-raw.xml.gz  68612564 B xml -> 1042952 B gz (65.8x)  sha256 4c907099eb40bac1…
  HEADER    etw-header.json (5078 bytes)
  DERIVED   14073 distinct from 17271 kept ops (53506 xml events, 3236 out of subtree)
  PROCS     4   thread-reattributed 0
  ⛔ 1 operations with NO OperationEnd — kept, status marked unknown
  8.3       0 expanded, 0 kept short, 0 not covered  [map: recorded 8.3 map (0 components, resolved on runnervmeef0v)]
  wrote events.ndjson.gz (168529 bytes)
  RAWLOG-CAPTURE D:\jail\m-netlifycli-mtrnpb0p\cap\capture.json
  VENUE-NUB-BINARY {"path":"C:/Users/RUNNER~1/AppData/Local/Temp/nub/target/release/nub.exe","sha256":"f186817a44be332fee712b4936a071a0b5f9cde18a1d2fdc3a791729d4bf1005","bytes":68717056,"features":{"buildJailCatalogOverride":true,"pythonDontWriteBytecodeEnv":true}}
  VENUE-INTERPRETER C:\hostedtoolcache\windows\node\22.23.2\x64\node.exe
  VENUE-JAIL-ROOT D:\jail\m-netlifycli-mtrnpb0p
  VENUE-OVERRIDES {"set":{"npm_config_cache":"D:\\jail\\m-netlifycli-mtrnpb0p\\npm-cache","TMP":"D:\\jail\\m-netlifycli-mtrnpb0p\\tmp","TEMP":"D:\\jail\\m-netlifycli-mtrnpb0p\\tmp","TMPDIR":"D:\\jail\\m-netlifycli-mtrnpb0p\\tmp"},"unset":["CI","GITHUB_ACTIONS"],"notRedirected":{"USERPROFILE":"C:\\Users\\runneradmin","why":"the jail leaves HOME/USERPROFILE alone — `build_jail.rs` sandbox_homes() reads the ambient value and `compiler/defaults.rs` BASELINE_ENV_EXACT passes it through — so there is no private jail home to reproduce and redirecting one would measure an environment no confined script sees"},"passedThrough":{"CI":"true","GITHUB_ACTIONS":"true","NODE_ENV":null}}
  scaffold: 2 dependency package(s) with lifecycle scripts granted a fixed wide grant
  STORE   isolated virtual store at D:\jail\m-netlifycli-mtrnpb0p\verify-synth\.cache
  VENUE-STORE-LAYOUT isolated
OSV-SCREEN {"schemaVersion":1,"kind":"nub-synth-resolved","status":"clean","digest":"0be98f8cf2f81366fffe281ca97bed5b9a8e4eb1bc540e2b4944636f8c9fdc28","specCount":944,"lockfiles":{"digest":"dcc25085889160bb9979f4d9df0f685aff9dc7c730f15a0d16f56a06c4166de7","files":[{"path":"nub.lock","sha256":"2cbc63327461599b06f71b96d2b74a4fbdd4b2fa1e80c3dcc204ba330cd80151","bytes":277936}]},"maliciousAdvisories":[],"screenedAt":"2026-09-07T19:53:16.374Z","cacheHit":false,"clearancePath":"D:\\jail\\m-netlifycli-mtrnpb0p\\security\\nub-synth-resolved.json"}
  SECURITY nub-synth-resolved clean: 944 exact package-version(s), tree 0be98f8cf2f8
  VERIFY[synth] rc=0 artifacts=1117/1117 missing=0 shortfall=none (tree 48693/35317) OVERRIDDEN=2 REJECTED=0 grant={"write":{"userHome":true}}
  => MINIMUM {"write":{"userHome":true}}   (observed, then verified)
  scaffold: 2 dependency package(s) with lifecycle scripts granted a fixed wide grant
  STORE   isolated virtual store at D:\jail\m-netlifycli-mtrnpb0p\verify-nar-no-write-userHome\.cache
OSV-SCREEN {"schemaVersion":1,"kind":"nub-nar-no-write-userHome-resolved","status":"clean","digest":"0be98f8cf2f81366fffe281ca97bed5b9a8e4eb1bc540e2b4944636f8c9fdc28","specCount":944,"lockfiles":{"digest":"dcc25085889160bb9979f4d9df0f685aff9dc7c730f15a0d16f56a06c4166de7","files":[{"path":"nub.lock","sha256":"2cbc63327461599b06f71b96d2b74a4fbdd4b2fa1e80c3dcc204ba330cd80151","bytes":277936}]},"maliciousAdvisories":[],"screenedAt":"2026-09-07T19:53:16.374Z","cacheHit":true,"clearancePath":"D:\\jail\\m-netlifycli-mtrnpb0p\\security\\nub-nar-no-write-userHome-resolved.json"}
  SECURITY nub-nar-no-write-userHome-resolved clean: 944 exact package-version(s), tree 0be98f8cf2f8 (cached exact-tree clearance)
  VERIFY[nar-no-write-userHome] rc=1 artifacts=1117/1117 missing=0 shortfall=none (tree 48693/35317) OVERRIDDEN=2 REJECTED=0 grant={}
     'no-write-userHome' is NECESSARY — dropping it fails to verify
  => MINIMAL — every capability in {"write":{"userHome":true}} is independently necessary
