OSV-SCREEN {"schemaVersion":1,"kind":"direct","status":"clean","digest":"14370bf0a14e37598c004097f381467fd03b0552440c8c3636990cc0afc44ce0","specCount":1,"lockfiles":{"digest":null,"files":[]},"maliciousAdvisories":[],"screenedAt":"2026-08-28T14:44:01.336Z","cacheHit":false,"clearancePath":"/Users/runner/v2m-NLUz71/security/direct.json"}
  SECURITY direct clean: 1 exact package-version(s), tree 14370bf0a14e
  ERA-NODE PINNED 24.19.0 (provisioned) (arms will run: v24.19.0)
  ERA-PYTHON /Users/runner/hostedtoolcache/Python/3.9.13/arm64/bin/python (Python 3.9.13) for era Node 24, whose node-gyp requires python3
  ARM-MAKE /usr/bin/make (GNU Make 3.81) — the system make; a build needing GNU Make 4 WILL fail here
### saucectl@0.198.1   (/Users/runner/v2m-NLUz71)   nub=/tmp/nub/target/release/nub
  VENUE-NUB-BINARY {"path":"/tmp/nub/target/release/nub","sha256":"69e622342d0c8393c78fa50a01dc9cc0a94371ac9b106b59bdcc016f06d86d30","bytes":94535576,"features":{"buildJailCatalogOverride":true,"pythonDontWriteBytecodeEnv":true}}
  CI-ENV scrubbed: CI GITHUB_ACTIONS
  --- fbt preflight (advisory; never fails the run) ---
     csrutil: System Integrity Protection status: disabled.
     fbt probes visible: 93577
     fbt enable attempt: dtrace: description 'fbt:::entry ' matched 50357 probes CPU     ID                    FUNCTION:NAME 
     cwd builtin value:  
     fbt chdir symbols:  
     fbt fires on spawn-with-cwd: dtrace: invalid probe specifier fbt::chdir*:entry /progenyof($target)/ { @[probefunc] = count(); }: probe description fbt::chdir*:entry does not match any probes 
  --- end fbt preflight ---
  ERA-RESOLUTION DATED 2026-02-04T11:52:04.064Z (deps as of the package's own publish date + 1d)
OSV-SCREEN {"schemaVersion":1,"kind":"npm-observe-resolved","status":"clean","digest":"a0aac35e7de6d96f72d941febc4132aa92e4bc1c1c1c6daf884024bad80c867e","specCount":37,"lockfiles":{"digest":"5ff7940c9c6b7ffb939512ed95b5e1f0923bde5cd91e7b7f7a199a04d8776d44","files":[{"path":"package-lock.json","sha256":"83d3ad2c968e3e43bf4336286e14c2d020c1206b744e9c880cb4ada541a032ac","bytes":15949}]},"maliciousAdvisories":[],"screenedAt":"2026-08-28T14:44:11.784Z","cacheHit":false,"clearancePath":"/Users/runner/v2m-NLUz71/security/npm-observe-resolved.json"}
  SECURITY npm-observe-resolved clean: 37 exact package-version(s), tree a0aac35e7de6
  ARM-PATH SANITISED (dropped 1: /Users/runner/.yarn/bin)
  ARM-AMBIENT-TOOLS none
  ARM-SCAFFOLD none
  ARM-UNPROVIDABLE none
  VENUE-CI-CHILD clean (no CI-detection variable reaches the traced script)
  --- wrapper (run.sh) ---
     cd "/Users/runner/v2m-NLUz71/Observe"
     sudo -u "runner" -H env "PATH=/Users/runner/v2m-NLUz71/Observe/node_modules/.bin:/Users/runner/.cache/nub/era-node/24.19.0/node-v24.19.0-darwin-arm64/bin:/Users/runner/hostedtoolcache/node/22.23.2/arm64/bin:/opt/homebrew/lib/ruby/gems/3.3.0/bin:/opt/homebrew/opt/ruby@3.3/bin:/Users/runner/.local/bin:/opt/homebrew/bin:/opt/homebrew/sbin:/Users/runner/.cargo/bin:/usr/local/opt/curl/bin:/usr/local/bin:/usr/local/sbin:/Users/runner/bin:/Users/runner/Library/Android/sdk/tools:/Users/runner/Library/Android/sdk/platform-tools:/Library/Frameworks/Python.framework/Versions/Current/bin:/Library/Frameworks/Mono.framework/Versions/Current/Commands:/usr/bin:/bin:/usr/sbin:/sbin:/Users/runner/.dotnet/tools"   "HOME=/Users/runner/v2m-NLUz71/jailhome"   "TMPDIR=/private/var/folders/_5/zjnzxgh147qcg3bb5cg2wvqw0000gn/T/nub-tmp-obsG28Ua3"   "NODE_COMPAT=1"   "PYTHONDONTWRITEBYTECODE=1"   "PLAYWRIGHT_BROWSERS_PATH=/Users/runner/.cache/nub/pm/tools/ms-playwright"   "ELECTRON_CACHE=/Users/runner/.cache/nub/pm/tools/electron-cache"   "electron_config_cache=/Users/runner/.cache/nub/pm/tools/electron-cache"   "npm_config_prefix=/Users/runner/.cache/nub/pm/tools/npm-prefix"   PYTHON=/Users/runner/hostedtoolcache/Python/3.9.13/arm64/bin/python   npm rebuild --no-audit --no-fund "saucectl" > "/Users/runner/v2m-NLUz71/Observe/npm.log" 2>&1
     echo $? > "/Users/runner/v2m-NLUz71/Observe/rc"
  --- dtrace stderr + wrapper trace ---
     + cd /Users/runner/v2m-NLUz71/Observe
     + sudo -u runner -H env PATH=/Users/runner/v2m-NLUz71/Observe/node_modules/.bin:/Users/runner/.cache/nub/era-node/24.19.0/node-v24.19.0-darwin-arm64/bin:/Users/runner/hostedtoolcache/node/22.23.2/arm64/bin:/opt/homebrew/lib/ruby/gems/3.3.0/bin:/opt/homebrew/opt/ruby@3.3/bin:/Users/runner/.local/bin:/opt/homebrew/bin:/opt/homebrew/sbin:/Users/runner/.cargo/bin:/usr/local/opt/curl/bin:/usr/local/bin:/usr/local/sbin:/Users/runner/bin:/Users/runner/Library/Android/sdk/tools:/Users/runner/Library/Android/sdk/platform-tools:/Library/Frameworks/Python.framework/Versions/Current/bin:/Library/Frameworks/Mono.framework/Versions/Current/Commands:/usr/bin:/bin:/usr/sbin:/sbin:/Users/runner/.dotnet/tools HOME=/Users/runner/v2m-NLUz71/jailhome TMPDIR=/private/var/folders/_5/zjnzxgh147qcg3bb5cg2wvqw0000gn/T/nub-tmp-obsG28Ua3 NODE_COMPAT=1 PYTHONDONTWRITEBYTECODE=1 PLAYWRIGHT_BROWSERS_PATH=/Users/runner/.cache/nub/pm/tools/ms-playwright ELECTRON_CACHE=/Users/runner/.cache/nub/pm/tools/electron-cache electron_config_cache=/Users/runner/.cache/nub/pm/tools/electron-cache npm_config_prefix=/Users/runner/.cache/nub/pm/tools/npm-prefix PYTHON=/Users/runner/hostedtoolcache/Python/3.9.13/arm64/bin/python npm rebuild --no-audit --no-fund saucectl
     dtrace: error on enabled probe ID 128 (ID 286: syscall::execve:entry): invalid address (0x600003328090) in action #1 at DIF offset 20
     + echo 0
  OBSERVE   rc=0 dtrace_rc=0 files=515 (pre=512) trace=9005 lines
  CLOSURE   37 packages evicted per arm   store=/Users/runner/.cache/nub/pm/store
  RAWLOG-FILE /Users/runner/v2m-NLUz71/Observe/trace.txt.gz
  RAWLOG-CAPTURE /Users/runner/v2m-NLUz71/Observe/capture.json
  RAWLOG-BYTES raw=1643574 gz=63810
  VENUE-INTERPRETER /Users/runner/hostedtoolcache/node/22.23.2/arm64
  VENUE-NODE-SELECTION {"pkg":"saucectl","packageVersion":"0.198.1","major":24,"version":"24.19.0","npm":"11.17.0","pinnable":true,"engines":">=16.13.2","publishedAt":"2026-02-03T11:52:04.064Z","eraMajor":24,"startMajor":24,"raisedByEngines":false,"enginesUnsatisfiable":false,"clampedToFloor":false,"clampedToCeiling":false,"matrixFloor":4,"matrixCeiling":26,"lookupFailure":null,"pinned":true,"pinnedBin":"/Users/runner/.cache/nub/era-node/24.19.0/node-v24.19.0-darwin-arm64/bin","eraNodeRoot":"/Users/runner/.cache/nub"}
  VENUE-OVERRIDES {"set":{"PATH":"inherited-and-forwarded","HOME":"/Users/runner/v2m-NLUz71/jailhome","TMPDIR":"/private/var/folders/_5/zjnzxgh147qcg3bb5cg2wvqw0000gn/T/nub-tmp-obsG28Ua3","NODE_COMPAT":"1","PYTHONDONTWRITEBYTECODE":"1","PLAYWRIGHT_BROWSERS_PATH":"/Users/runner/.cache/nub/pm/tools/ms-playwright","ELECTRON_CACHE":"/Users/runner/.cache/nub/pm/tools/electron-cache","electron_config_cache":"/Users/runner/.cache/nub/pm/tools/electron-cache","npm_config_prefix":"/Users/runner/.cache/nub/pm/tools/npm-prefix"},"unset":["(sudo env_reset discards the caller environment; every var above is re-set after it)","CI","GITHUB_ACTIONS"],"passedThrough":{"CI":"true","GITHUB_ACTIONS":"true","NODE_ENV":null}}
  VENUE-OBSERVE-USER runner uid=501 (R7: ordinary non-root user, asserted)
  ARM-FALSIFIABILITY {"manifestFiles":8,"filesTheScriptProduced":1,"reasons":[]}
  EVENTLOG-FILE /Users/runner/v2m-NLUz71/Observe/events.ndjson.gz
  EVENTLOG-STATS {"lines":9006,"parsed":8986,"unparsed":0,"live":true,"tracerErrors":1,"tracerErrorTotal":1,"unresolvedDirfd":24,"unresolvedFd":0,"pairedTwoPath":529,"danglingPair":0,"failed":2842,"enoent":2839,"refusals":0,"byErrno":{"ENXIO":3,"ENOENT":2839},"procs":6,"lifecyclePids":1,"distinctEvents":5610,"emitted":5610,"calls":8442,"bytes":1173320,"gzipBytes":37957,"out":"/Users/runner/v2m-NLUz71/Observe/events.ndjson"}
  == TRACER == live=true decodable-events=3310 dropped-events=1
    NOTE 16 relative path(s) under a non-AT_FDCWD dirfd were not
       scope-assigned: resolving them against the cwd would invent a path.
    ⛔ CWD-UNOBSERVED 2 relative path(s) (0 write(s)) came from a lifecycle
       process whose own cwd was never observed
       macOS spawns with posix_spawn addchdir_np, which changes directory in-kernel and
       emits no chdir syscall, so the inherited cwd cannot be trusted. These are NOT
       scope-assigned; the grant below is WIDENED instead so it covers wherever they landed.
         pid=60429 read  unproven .
         pid=60429 read  unproven .
    ⛔ THE TRACER DROPPED 1 EVENT(S). A dropped event is a path never
       seen, so the grant below can only be too NARROW — the direction that breaks installs.
       Treat it as a FLOOR, not a measurement, until the adapter fault is fixed:
             1 x  epid=128 action=1 fault=1 addr=0x600003328090
  == ATTRIBUTION == lifecycle pids: 1
    writes  script 3  /  whole traced subtree 1069
    sockets script 2  /  whole traced subtree 3
  == ROOTS (from /Users/runner/v2m-NLUz71/Observe/capture.json; the classifier reads no other source) ==
    project       /Users/runner/v2m-NLUz71/Observe
    home          /Users/runner
    jailHome      /Users/runner/v2m-NLUz71/jailhome
    globalStore   /Users/runner/.cache/nub/pm/store
    projectStore  /Users/runner/v2m-NLUz71/Observe/node_modules/.store
    interpreter   /Users/runner/hostedtoolcache/node/22.23.2/arm64
    toolsDir      /Users/runner/.cache/nub/pm/tools
    temp          /private/var/folders/_5/zjnzxgh147qcg3bb5cg2wvqw0000gn/T/nub-tmp-obsG28Ua3
    npmPrefix     /Users/runner/.cache/nub/pm/tools/npm-prefix
    ownPkg        /Users/runner/v2m-NLUz71/Observe/node_modules/saucectl
    cwd           (null — this platform has no such root)
  == WRITES the script actually performed ==
    systemfs      1
        /dev/dtracehelper
    ownPkg        2  (base profile already grants this — NOT billed)
        /Users/runner/v2m-NLUz71/Observe/node_modules/saucectl/bin
        /Users/runner/v2m-NLUz71/Observe/node_modules/saucectl/bin/saucectl
  == READS the script performed, by scope ==
    outside       6
    systemfs     10
    userHome      2
    ownPkg        5
    deps        135
        outside: /
        outside: /bin/bash
        outside: /bin
        outside: /var/db/timezone/zoneinfo/UTC
        outside: /var/db/timezone/zoneinfo/posixrules
        outside: /etc/localtime
  == NETWORK ==
    AF_INET connects: 2   distinct peers: 2
        172.182.252.133:443
        185.199.109.133:443
  == REFUSALS (errno EPERM/EACCES/EROFS only; ENOENT is a miss, not a denial) ==
    distinct: 0
  == SYNTHESIZED GRANT (verify this in the real unprivileged jail) ==
    {"network":true}
  == writePaths (DERIVED — promotion out of the package's PRIVATE home) ==
    private-home writes observed: 0
    none declared — the script wrote nothing into its private home — there is nothing to promote
  == writePaths FEASIBILITY (distinct writes outside project/deps) ==
    count: 0
  EVICT[synth] 28 store entries removed, 12 spared as nub tooling, 1354 in store
OSV-SCREEN {"schemaVersion":1,"kind":"nub-synth-resolved","status":"clean","digest":"f66a5a37c631c661826253663d3e92734b903b1b3280ba879ae8b217c7898959","specCount":44,"lockfiles":{"digest":"52c3edc0c08859173b9ecbcacf3244c879d03d83eeaa4aa89c2feeea2135296f","files":[{"path":"nub.lock","sha256":"bd649f43a1b7e7f2ccfa79078102f7a07781eaddb97351286f27bff23694ac7a","bytes":12723}]},"maliciousAdvisories":[],"screenedAt":"2026-08-28T14:44:21.354Z","cacheHit":false,"clearancePath":"/Users/runner/v2m-NLUz71/security/nub-synth-resolved.json"}
  SECURITY nub-synth-resolved clean: 44 exact package-version(s), tree f66a5a37c631
  VENUE-STORE-LAYOUT isolated
  VERIFY[synth] rc=0 artifacts=8/8 missing=0 shortfall=none (tree 2185/515) OVERRIDDEN=3 REJECTED=0 grant={"network":true}
  => VERIFIED {"network":true}
  EVICT[nar-no-network] 28 store entries removed, 12 spared as nub tooling, 1354 in store
OSV-SCREEN {"schemaVersion":1,"kind":"nub-nar-no-network-resolved","status":"clean","digest":"f66a5a37c631c661826253663d3e92734b903b1b3280ba879ae8b217c7898959","specCount":44,"lockfiles":{"digest":"52c3edc0c08859173b9ecbcacf3244c879d03d83eeaa4aa89c2feeea2135296f","files":[{"path":"nub.lock","sha256":"bd649f43a1b7e7f2ccfa79078102f7a07781eaddb97351286f27bff23694ac7a","bytes":12723}]},"maliciousAdvisories":[],"screenedAt":"2026-08-28T14:44:21.354Z","cacheHit":true,"clearancePath":"/Users/runner/v2m-NLUz71/security/nub-nar-no-network-resolved.json"}
  SECURITY nub-nar-no-network-resolved clean: 44 exact package-version(s), tree f66a5a37c631 (cached exact-tree clearance)
  VERIFY[nar-no-network] rc=1 artifacts=7/8 missing=1 shortfall=1f6a7b28e9d5 (tree 2183/515) OVERRIDDEN=3 REJECTED=0 grant={}
       missing: bin/saucectl
     [nar-no-network/i] Installation failed: Error: failed to download: Error: getaddrinfo ENOTFOUND github.com
     [nar-no-network/a] Installation failed: Error: failed to download: Error: getaddrinfo ENOTFOUND github.com
     narrowing 'no-network' fails ⇒ that capability IS necessary
  => MINIMAL — every capability in {"network":true} is independently necessary
### DONE saucectl@0.198.1  synthesized={"network":true} verified=1
