### esbuild@0.23.1   (D:\jail\m-esbuild-mtstv89j)
  CI-ENV scrubbed: CI GITHUB_ACTIONS
OSV-SCREEN {"schemaVersion":1,"kind":"direct","status":"clean","digest":"76ff224cff3be24e915ed98e0afc8903b7bfa0c32981d03bd73bc1de0545ce56","specCount":1,"lockfiles":{"digest":null,"files":[]},"maliciousAdvisories":[],"screenedAt":"2026-09-08T15:31:57.036Z","cacheHit":false,"clearancePath":"D:\\jail\\m-esbuild-mtstv89j\\security\\direct.json"}
  SECURITY direct clean: 1 exact package-version(s), tree 76ff224cff3b
OSV-SCREEN {"schemaVersion":1,"kind":"npm-observe-resolved","status":"clean","digest":"107546f1cd271322e7bb0bd279a5d17c02f86d6143ceeaac53e81518201d9c5b","specCount":2,"lockfiles":{"digest":"bdbaa1653d955435b454fc4a95b9e5788bf28f5aced66f434de8a7888e71f202","files":[{"path":"package-lock.json","sha256":"ba696ab699224fb22f550d8491c7eb8fa6b32d5f22fd0b5b1b7b82562284214a","bytes":12881}]},"maliciousAdvisories":[],"screenedAt":"2026-09-08T15:31:59.086Z","cacheHit":false,"clearancePath":"D:\\jail\\m-esbuild-mtstv89j\\security\\npm-observe-resolved.json"}
  SECURITY npm-observe-resolved clean: 2 exact package-version(s), tree 107546f1cd27
  CAPTURE user=runnervmeef0v\runneradmin elevated=True rootPid=5412 exit=0 events=24370 lost=0
  VENUE-OBSERVE-USER runnervmeef0v\runneradmin elevated=true privDropped={"SeBackupPrivilege":"removed","SeRestorePrivilege":"removed","SeTakeOwnershipPrivilege":"removed"}
  OBSERVE artifacts: 7 files  (D:\jail\m-esbuild-mtstv89j\observe\node_modules\esbuild)
  ARM-FALSIFIABILITY {"manifestFiles":7,"filesTheScriptProduced":0,"reasons":["gate-vacuous"]}
  ⛔ ARMS-UNFALSIFIABLE — a green arm for this package carries no evidence:
       gate-vacuous: the script changed no file the artifact gate keys on — every file in the manifest (7) was already present at its final size before the script ran, so the gate passes in every arm including a completely broken one
       The grant may still be correct; what is missing is a signal that could have gone
       red. Do not read this record's MINIMAL as a passing measurement.
  CLOSURE 2 packages evicted per arm
  8.3 MAP 0 components resolved on runnervmeef0v, folded into capture.json
  == ROOTS (from capture.json — R2: no ambient reads) ==
    project       D:\jail\m-esbuild-mtstv89j\observe   [keyed on]
    home          C:\Users\runneradmin   [keyed on]
    jailHome      (null — declared inapplicable)
    globalStore   C:\Users\runneradmin\AppData\Local\nub\pm\store
    projectStore  D:\jail\m-esbuild-mtstv89j\observe\node_modules\.store
    interpreter   C:\hostedtoolcache\windows\node\22.23.2\x64\node.exe
    toolsDir      C:\Users\runneradmin\AppData\Local\nub\pm\tools
    temp          D:\jail\m-esbuild-mtstv89j\tmp   [keyed on]
    npmPrefix     (null — declared inapplicable)
    ownPkg        D:\jail\m-esbuild-mtstv89j\observe\node_modules\esbuild
  == ATTRIBUTION == lifecycle pids: 4 (root 5412)
    writes  script 0  /  whole traced tree 11
    peers   script 0  /  whole traced tree 0
  == WRITES ==
  == READS ==
    deps          8
    outside       6
    project       1
    systemfs     27
  == NETWORK ==
    distinct peers: 0
  == REFUSALS (adapter-classified) ==
    distinct: 0
  == SYNTHESIZED GRANT (verify this in the real unprivileged jail) ==
    {}
  RAW       etw-raw.xml.gz  31094036 B xml -> 461340 B gz (67.4x)  sha256 c4ba4c6997e4fdde…
  HEADER    etw-header.json (5004 bytes)
  DERIVED   5413 distinct from 6785 kept ops (24370 xml events, 2421 out of subtree)
  PROCS     6   thread-reattributed 0
  ⛔ 1 operations with NO OperationEnd — kept, status marked unknown
  8.3       0 expanded, 0 kept short, 0 not covered  [map: recorded 8.3 map (0 components, resolved on runnervmeef0v)]
  wrote events.ndjson.gz (68772 bytes)
  RAWLOG-CAPTURE D:\jail\m-esbuild-mtstv89j\cap\capture.json
  VENUE-NUB-BINARY {"path":"C:/Users/RUNNER~1/AppData/Local/Temp/nub/target/release/nub.exe","sha256":"f186817a44be332fee712b4936a071a0b5f9cde18a1d2fdc3a791729d4bf1005","bytes":68717056,"features":{"buildJailCatalogOverride":true,"pythonDontWriteBytecodeEnv":true}}
  VENUE-INTERPRETER C:\hostedtoolcache\windows\node\22.23.2\x64\node.exe
  VENUE-JAIL-ROOT D:\jail\m-esbuild-mtstv89j
  VENUE-OVERRIDES {"set":{"npm_config_cache":"D:\\jail\\m-esbuild-mtstv89j\\npm-cache","TMP":"D:\\jail\\m-esbuild-mtstv89j\\tmp","TEMP":"D:\\jail\\m-esbuild-mtstv89j\\tmp","TMPDIR":"D:\\jail\\m-esbuild-mtstv89j\\tmp"},"unset":["CI","GITHUB_ACTIONS"],"notRedirected":{"USERPROFILE":"C:\\Users\\runneradmin","why":"the jail leaves HOME/USERPROFILE alone — `build_jail.rs` sandbox_homes() reads the ambient value and `compiler/defaults.rs` BASELINE_ENV_EXACT passes it through — so there is no private jail home to reproduce and redirecting one would measure an environment no confined script sees"},"passedThrough":{"CI":"true","GITHUB_ACTIONS":"true","NODE_ENV":null}}
  STORE   isolated virtual store at D:\jail\m-esbuild-mtstv89j\verify-synth\.cache
  VENUE-STORE-LAYOUT isolated
OSV-SCREEN {"schemaVersion":1,"kind":"nub-synth-resolved","status":"clean","digest":"107546f1cd271322e7bb0bd279a5d17c02f86d6143ceeaac53e81518201d9c5b","specCount":2,"lockfiles":{"digest":"a4b6db4f276778c397de8bae21c2b09ebda6f2505ba42b4967e5576fe1c23f98","files":[{"path":"nub.lock","sha256":"30f5f93fa2f864bdc0d90f8ca32b41fa770cecf6fe0b710d02289b683f8be791","bytes":7891}]},"maliciousAdvisories":[],"screenedAt":"2026-09-08T15:31:59.086Z","cacheHit":true,"clearancePath":"D:\\jail\\m-esbuild-mtstv89j\\security\\nub-synth-resolved.json"}
  SECURITY nub-synth-resolved clean: 2 exact package-version(s), tree 107546f1cd27 (cached exact-tree clearance)
  VERIFY[synth] rc=0 artifacts=7/7 missing=0 shortfall=none (tree 5708/17) OVERRIDDEN=2 REJECTED=0 grant={}
  => MINIMUM {}   (observed, then verified)
  DESCEND   grant is already empty — nothing to narrow; MINIMAL by construction.
