### @pulumi/kubernetes@0.11.3   (D:\jail\m-pulumikubernetes-mtsavxhh)
  CI-ENV scrubbed: CI GITHUB_ACTIONS
OSV-SCREEN {"schemaVersion":1,"kind":"direct","status":"clean","digest":"dae680201069ab589fda462bda6f62b149fd3204810de544a57f5d8e44a1446c","specCount":1,"lockfiles":{"digest":null,"files":[]},"maliciousAdvisories":[],"screenedAt":"2026-09-08T06:40:37.026Z","cacheHit":false,"clearancePath":"D:\\jail\\m-pulumikubernetes-mtsavxhh\\security\\direct.json"}
  SECURITY direct clean: 1 exact package-version(s), tree dae680201069
OSV-SCREEN {"schemaVersion":1,"kind":"npm-observe-resolved","status":"clean","digest":"a837e215ab8008051a28c230b1edf7d9e06a7d08671405af2fdfbe37db3c75e1","specCount":94,"lockfiles":{"digest":"2667eb3793702955e9d061e8d4024961304951f1e48fe8d19570b64f8c8f27e5","files":[{"path":"package-lock.json","sha256":"e22abccc35cc3b985343c0654b51415a6e63d2f21a7802bb347ffeebf9798959","bytes":41676}]},"maliciousAdvisories":[],"screenedAt":"2026-09-08T06:40:46.848Z","cacheHit":false,"clearancePath":"D:\\jail\\m-pulumikubernetes-mtsavxhh\\security\\npm-observe-resolved.json"}
  SECURITY npm-observe-resolved clean: 94 exact package-version(s), tree a837e215ab80
  CAPTURE user=runnervmeef0v\runneradmin elevated=True rootPid=2168 exit=0 events=234599 lost=0
  VENUE-OBSERVE-USER runnervmeef0v\runneradmin elevated=true privDropped={"SeBackupPrivilege":"removed","SeRestorePrivilege":"removed","SeTakeOwnershipPrivilege":"removed"}
  OBSERVE artifacts: 74 files  (D:\jail\m-pulumikubernetes-mtsavxhh\observe\node_modules\@pulumi\kubernetes)
  ARM-FALSIFIABILITY {"manifestFiles":74,"filesTheScriptProduced":0,"reasons":["gate-vacuous"]}
  ⛔ ARMS-UNFALSIFIABLE — a green arm for this package carries no evidence:
       gate-vacuous: the script changed no file the artifact gate keys on — every file in the manifest (74) was already present at its final size before the script ran, so the gate passes in every arm including a completely broken one
       The grant may still be correct; what is missing is a signal that could have gone
       red. Do not read this record's MINIMAL as a passing measurement.
  CLOSURE 88 packages evicted per arm
  8.3 MAP 0 components resolved on runnervmeef0v, folded into capture.json
  == ROOTS (from capture.json — R2: no ambient reads) ==
    project       D:\jail\m-pulumikubernetes-mtsavxhh\observe   [keyed on]
    home          C:\Users\runneradmin   [keyed on]
    jailHome      (null — declared inapplicable)
    globalStore   C:\Users\runneradmin\AppData\Local\nub\pm\store
    projectStore  D:\jail\m-pulumikubernetes-mtsavxhh\observe\node_modules\.store
    interpreter   C:\hostedtoolcache\windows\node\22.23.2\x64\node.exe
    toolsDir      C:\Users\runneradmin\AppData\Local\nub\pm\tools
    temp          D:\jail\m-pulumikubernetes-mtsavxhh\tmp   [keyed on]
    npmPrefix     (null — declared inapplicable)
    ownPkg        D:\jail\m-pulumikubernetes-mtsavxhh\observe\node_modules\@pulumi\kubernetes
  == ATTRIBUTION == lifecycle pids: 2 (root 2168)
    writes  script 10  /  whole traced tree 17
    peers   script 4  /  whole traced tree 4
  == WRITES ==
    userHome      9
    jailTmp       1
  == READS ==
    deps          4
    outside      20
    project       1
    systemfs     84
    userHome      6
    jailTmp       1
  == NETWORK ==
    distinct peers: 4
        140.82.114.4:443
        18.154.110.67:443
        140.82.113.6:443
        104.20.20.220:443
  == REFUSALS (adapter-classified) ==
    distinct: 0
  == SYNTHESIZED GRANT (verify this in the real unprivileged jail) ==
    {"write":{"userHome":true},"network":true}
    NOTE 1 writes into the DECLARED private temp -- the base profile grants
         that directory unconditionally (preset.rs `$tmp`=rw), so they widen nothing.
  RAW       etw-raw.xml.gz  301312332 B xml -> 4328109 B gz (69.6x)  sha256 5a34464600a86a79…
  HEADER    etw-header.json (5137 bytes)
  DERIVED   5649 distinct from 19075 kept ops (234599 xml events, 75354 out of subtree)
  PROCS     4   thread-reattributed 0
  8.3       0 expanded, 0 kept short, 0 not covered  [map: recorded 8.3 map (0 components, resolved on runnervmeef0v)]
  wrote events.ndjson.gz (72612 bytes)
  RAWLOG-CAPTURE D:\jail\m-pulumikubernetes-mtsavxhh\cap\capture.json
  VENUE-NUB-BINARY {"path":"C:/Users/RUNNER~1/AppData/Local/Temp/nub/target/release/nub.exe","sha256":"f186817a44be332fee712b4936a071a0b5f9cde18a1d2fdc3a791729d4bf1005","bytes":68717056,"features":{"buildJailCatalogOverride":true,"pythonDontWriteBytecodeEnv":true}}
  VENUE-INTERPRETER C:\hostedtoolcache\windows\node\22.23.2\x64\node.exe
  VENUE-JAIL-ROOT D:\jail\m-pulumikubernetes-mtsavxhh
  VENUE-OVERRIDES {"set":{"npm_config_cache":"D:\\jail\\m-pulumikubernetes-mtsavxhh\\npm-cache","TMP":"D:\\jail\\m-pulumikubernetes-mtsavxhh\\tmp","TEMP":"D:\\jail\\m-pulumikubernetes-mtsavxhh\\tmp","TMPDIR":"D:\\jail\\m-pulumikubernetes-mtsavxhh\\tmp"},"unset":["CI","GITHUB_ACTIONS"],"notRedirected":{"USERPROFILE":"C:\\Users\\runneradmin","why":"the jail leaves HOME/USERPROFILE alone — `build_jail.rs` sandbox_homes() reads the ambient value and `compiler/defaults.rs` BASELINE_ENV_EXACT passes it through — so there is no private jail home to reproduce and redirecting one would measure an environment no confined script sees"},"passedThrough":{"CI":"true","GITHUB_ACTIONS":"true","NODE_ENV":null}}
  scaffold: 1 dependency package(s) with lifecycle scripts granted a fixed wide grant
  STORE   isolated virtual store at D:\jail\m-pulumikubernetes-mtsavxhh\verify-synth\.cache
  VENUE-STORE-LAYOUT isolated
OSV-SCREEN {"schemaVersion":1,"kind":"nub-synth-resolved","status":"clean","digest":"921f0d5802a62bd55780c6081a7888f0d4bf1598dc69f044b30ec1b329bbaefb","specCount":94,"lockfiles":{"digest":"03ea3e7538c7fc12f4c4f5ec3b0049f4e18409a46e37e2ddc3d87ac576b18003","files":[{"path":"nub.lock","sha256":"7270fc2805a25fdb1c30ae862e590f30dec4fc038c7d94282077569863b4e030","bytes":22850}]},"maliciousAdvisories":[],"screenedAt":"2026-09-08T06:41:32.766Z","cacheHit":false,"clearancePath":"D:\\jail\\m-pulumikubernetes-mtsavxhh\\security\\nub-synth-resolved.json"}
  SECURITY nub-synth-resolved clean: 94 exact package-version(s), tree 921f0d5802a6
  VERIFY[synth] rc=1 artifacts=74/74 missing=0 shortfall=none (tree 11648/3372) OVERRIDDEN=2 REJECTED=0 grant={"write":{"userHome":true},"network":true}
  synthesized grant did not verify -- falling back to a bounded ladder
  scaffold: 1 dependency package(s) with lifecycle scripts granted a fixed wide grant
  STORE   isolated virtual store at D:\jail\m-pulumikubernetes-mtsavxhh\verify-fb0\.cache
OSV-SCREEN {"schemaVersion":1,"kind":"nub-fb0-resolved","status":"clean","digest":"921f0d5802a62bd55780c6081a7888f0d4bf1598dc69f044b30ec1b329bbaefb","specCount":94,"lockfiles":{"digest":"03ea3e7538c7fc12f4c4f5ec3b0049f4e18409a46e37e2ddc3d87ac576b18003","files":[{"path":"nub.lock","sha256":"7270fc2805a25fdb1c30ae862e590f30dec4fc038c7d94282077569863b4e030","bytes":22850}]},"maliciousAdvisories":[],"screenedAt":"2026-09-08T06:41:32.766Z","cacheHit":true,"clearancePath":"D:\\jail\\m-pulumikubernetes-mtsavxhh\\security\\nub-fb0-resolved.json"}
  SECURITY nub-fb0-resolved clean: 94 exact package-version(s), tree 921f0d5802a6 (cached exact-tree clearance)
  VERIFY[fb0] rc=1 artifacts=74/74 missing=0 shortfall=none (tree 11543/3372) OVERRIDDEN=2 REJECTED=0 grant={"write":{"deps":true,"project":true,"userHome":true},"network":true}
  scaffold: 1 dependency package(s) with lifecycle scripts granted a fixed wide grant
  STORE   isolated virtual store at D:\jail\m-pulumikubernetes-mtsavxhh\verify-fb1\.cache
OSV-SCREEN {"schemaVersion":1,"kind":"nub-fb1-resolved","status":"clean","digest":"921f0d5802a62bd55780c6081a7888f0d4bf1598dc69f044b30ec1b329bbaefb","specCount":94,"lockfiles":{"digest":"03ea3e7538c7fc12f4c4f5ec3b0049f4e18409a46e37e2ddc3d87ac576b18003","files":[{"path":"nub.lock","sha256":"7270fc2805a25fdb1c30ae862e590f30dec4fc038c7d94282077569863b4e030","bytes":22850}]},"maliciousAdvisories":[],"screenedAt":"2026-09-08T06:41:32.766Z","cacheHit":true,"clearancePath":"D:\\jail\\m-pulumikubernetes-mtsavxhh\\security\\nub-fb1-resolved.json"}
  SECURITY nub-fb1-resolved clean: 94 exact package-version(s), tree 921f0d5802a6 (cached exact-tree clearance)
  VERIFY[fb1] rc=1 artifacts=74/74 missing=0 shortfall=none (tree 11543/3372) OVERRIDDEN=2 REJECTED=0 grant={"write":{"deps":true,"project":true,"userHome":true},"read":"disk","network":true}
  scaffold: 1 dependency package(s) with lifecycle scripts granted a fixed wide grant
  STORE   isolated virtual store at D:\jail\m-pulumikubernetes-mtsavxhh\verify-fb2\.cache
OSV-SCREEN {"schemaVersion":1,"kind":"nub-fb2-resolved","status":"clean","digest":"921f0d5802a62bd55780c6081a7888f0d4bf1598dc69f044b30ec1b329bbaefb","specCount":94,"lockfiles":{"digest":"03ea3e7538c7fc12f4c4f5ec3b0049f4e18409a46e37e2ddc3d87ac576b18003","files":[{"path":"nub.lock","sha256":"7270fc2805a25fdb1c30ae862e590f30dec4fc038c7d94282077569863b4e030","bytes":22850}]},"maliciousAdvisories":[],"screenedAt":"2026-09-08T06:41:32.766Z","cacheHit":true,"clearancePath":"D:\\jail\\m-pulumikubernetes-mtsavxhh\\security\\nub-fb2-resolved.json"}
  SECURITY nub-fb2-resolved clean: 94 exact package-version(s), tree 921f0d5802a6 (cached exact-tree clearance)
  VERIFY[fb2] rc=1 artifacts=74/74 missing=0 shortfall=none (tree 11543/3372) OVERRIDDEN=2 REJECTED=0 grant={"write":"disk","network":true}
  NOT-GRANT-INDEPENDENT an arm exited non-zero
  => NO-STATE-PASSED even at write:disk -- investigate; do not widen the catalog blindly
