OSV-SCREEN {"schemaVersion":1,"kind":"direct","status":"clean","digest":"32a8bc88d11836e2042cad0b099158cf3f3db45843192df44c38633cc478d783","specCount":1,"lockfiles":{"digest":null,"files":[]},"maliciousAdvisories":[],"screenedAt":"2026-09-01T01:42:07.861Z","cacheHit":false,"clearancePath":"/Users/runner/v2m-wSwcc7/security/direct.json"}
  SECURITY direct clean: 1 exact package-version(s), tree 32a8bc88d118
  ERA-NODE PINNED 18.20.8 (provisioned) (arms will run: v18.20.8)
  ERA-PYTHON /Users/runner/hostedtoolcache/Python/3.9.13/arm64/bin/python (Python 3.9.13) for era Node 18, whose node-gyp requires python3
  ARM-MAKE /usr/bin/make (GNU Make 3.81) — the system make; a build needing GNU Make 4 WILL fail here
### ngx-popperjs@12.2.4   (/Users/runner/v2m-wSwcc7)   nub=/tmp/nub/target/release/nub
  VENUE-NUB-BINARY {"path":"/tmp/nub/target/release/nub","sha256":"69e622342d0c8393c78fa50a01dc9cc0a94371ac9b106b59bdcc016f06d86d30","bytes":94535576,"features":{"buildJailCatalogOverride":true,"pythonDontWriteBytecodeEnv":true}}
  CI-ENV scrubbed: CI GITHUB_ACTIONS
  --- fbt preflight (advisory; never fails the run) ---
     csrutil: System Integrity Protection status: disabled.
     fbt probes visible: 93577
     fbt enable attempt: dtrace: description 'fbt:::entry ' matched 50357 probes CPU     ID                    FUNCTION:NAME 
     cwd builtin value:  
     fbt chdir symbols:  
     fbt fires on spawn-with-cwd: dtrace: invalid probe specifier fbt::chdir*:entry /progenyof($target)/ { @[probefunc] = count(); }: probe description fbt::chdir*:entry does not match any probes 
  --- end fbt preflight ---
  ERA-RESOLUTION DATED 2023-09-25T11:47:43.101Z (deps as of the package's own publish date + 1d)
OSV-SCREEN {"schemaVersion":1,"kind":"npm-observe-resolved","status":"clean","digest":"a94fa8ee6764aa11150292574afb4450851727edd4982701869d04cb53e3c867","specCount":7,"lockfiles":{"digest":"4de35272006c8b2d95d9024859d9db4f2a3c8b94cc083335a574ec6ddf3c2c1c","files":[{"path":"package-lock.json","sha256":"83aba25dd52777fc55091152f440378522570126b27286e3ad0ca46b1bdf8343","bytes":3307}]},"maliciousAdvisories":[],"screenedAt":"2026-09-01T01:42:23.117Z","cacheHit":false,"clearancePath":"/Users/runner/v2m-wSwcc7/security/npm-observe-resolved.json"}
  SECURITY npm-observe-resolved clean: 7 exact package-version(s), tree a94fa8ee6764
  ARM-PATH SANITISED (dropped 1: /Users/runner/.yarn/bin)
  ARM-AMBIENT-TOOLS none
  ARM-SCAFFOLD none
  ARM-UNPROVIDABLE none
  VENUE-CI-CHILD clean (no CI-detection variable reaches the traced script)
  ARM-REBUILD-SPEC ngx-popperjs@12.2.4
  --- wrapper (run.sh) ---
     cd "/Users/runner/v2m-wSwcc7/Observe"
     sudo -u "runner" -H env "PATH=/Users/runner/v2m-wSwcc7/Observe/node_modules/.bin:/Users/runner/.cache/nub/era-node/18.20.8/node-v18.20.8-darwin-arm64/bin:/Users/runner/hostedtoolcache/node/22.23.2/arm64/bin:/opt/homebrew/lib/ruby/gems/3.3.0/bin:/opt/homebrew/opt/ruby@3.3/bin:/Users/runner/.local/bin:/opt/homebrew/bin:/opt/homebrew/sbin:/Users/runner/.cargo/bin:/usr/local/opt/curl/bin:/usr/local/bin:/usr/local/sbin:/Users/runner/bin:/Users/runner/Library/Android/sdk/tools:/Users/runner/Library/Android/sdk/platform-tools:/Library/Frameworks/Python.framework/Versions/Current/bin:/Library/Frameworks/Mono.framework/Versions/Current/Commands:/usr/bin:/bin:/usr/sbin:/sbin:/Users/runner/.dotnet/tools"   "HOME=/Users/runner/v2m-wSwcc7/jailhome"   "TMPDIR=/private/var/folders/_5/zjnzxgh147qcg3bb5cg2wvqw0000gn/T/nub-tmp-obsWadLnN"   "NODE_COMPAT=1"   "PYTHONDONTWRITEBYTECODE=1"   "PLAYWRIGHT_BROWSERS_PATH=/Users/runner/.cache/nub/pm/tools/ms-playwright"   "ELECTRON_CACHE=/Users/runner/.cache/nub/pm/tools/electron-cache"   "electron_config_cache=/Users/runner/.cache/nub/pm/tools/electron-cache"   "npm_config_prefix=/Users/runner/.cache/nub/pm/tools/npm-prefix"   PYTHON=/Users/runner/hostedtoolcache/Python/3.9.13/arm64/bin/python   npm rebuild --no-audit --no-fund "ngx-popperjs@12.2.4" > "/Users/runner/v2m-wSwcc7/Observe/npm.log" 2>&1
     echo $? > "/Users/runner/v2m-wSwcc7/Observe/rc"
  --- dtrace stderr + wrapper trace ---
     + cd /Users/runner/v2m-wSwcc7/Observe
     + sudo -u runner -H env PATH=/Users/runner/v2m-wSwcc7/Observe/node_modules/.bin:/Users/runner/.cache/nub/era-node/18.20.8/node-v18.20.8-darwin-arm64/bin:/Users/runner/hostedtoolcache/node/22.23.2/arm64/bin:/opt/homebrew/lib/ruby/gems/3.3.0/bin:/opt/homebrew/opt/ruby@3.3/bin:/Users/runner/.local/bin:/opt/homebrew/bin:/opt/homebrew/sbin:/Users/runner/.cargo/bin:/usr/local/opt/curl/bin:/usr/local/bin:/usr/local/sbin:/Users/runner/bin:/Users/runner/Library/Android/sdk/tools:/Users/runner/Library/Android/sdk/platform-tools:/Library/Frameworks/Python.framework/Versions/Current/bin:/Library/Frameworks/Mono.framework/Versions/Current/Commands:/usr/bin:/bin:/usr/sbin:/sbin:/Users/runner/.dotnet/tools HOME=/Users/runner/v2m-wSwcc7/jailhome TMPDIR=/private/var/folders/_5/zjnzxgh147qcg3bb5cg2wvqw0000gn/T/nub-tmp-obsWadLnN NODE_COMPAT=1 PYTHONDONTWRITEBYTECODE=1 PLAYWRIGHT_BROWSERS_PATH=/Users/runner/.cache/nub/pm/tools/ms-playwright ELECTRON_CACHE=/Users/runner/.cache/nub/pm/tools/electron-cache electron_config_cache=/Users/runner/.cache/nub/pm/tools/electron-cache npm_config_prefix=/Users/runner/.cache/nub/pm/tools/npm-prefix PYTHON=/Users/runner/hostedtoolcache/Python/3.9.13/arm64/bin/python npm rebuild --no-audit --no-fund ngx-popperjs@12.2.4
     dtrace: error on enabled probe ID 128 (ID 286: syscall::execve:entry): invalid address (0x600002d88000) in action #1 at DIF offset 20
     + echo 0
  OBSERVE   rc=0 dtrace_rc=0 files=6258 (pre=6256) trace=5881 lines
  CLOSURE   7 packages evicted per arm   store=/Users/runner/.cache/nub/pm/store
  RAWLOG-FILE /Users/runner/v2m-wSwcc7/Observe/trace.txt.gz
  RAWLOG-CAPTURE /Users/runner/v2m-wSwcc7/Observe/capture.json
  RAWLOG-BYTES raw=1048821 gz=34508
  VENUE-INTERPRETER /Users/runner/hostedtoolcache/node/22.23.2/arm64
  VENUE-NODE-SELECTION {"pkg":"ngx-popperjs","packageVersion":"12.2.4","major":18,"version":"18.20.8","npm":"10.8.2","pinnable":true,"engines":null,"publishedAt":"2023-09-24T11:47:43.101Z","eraMajor":18,"startMajor":18,"raisedByEngines":false,"enginesUnsatisfiable":false,"clampedToFloor":false,"clampedToCeiling":false,"matrixFloor":4,"matrixCeiling":26,"lookupFailure":null,"pinned":true,"pinnedBin":"/Users/runner/.cache/nub/era-node/18.20.8/node-v18.20.8-darwin-arm64/bin","eraNodeRoot":"/Users/runner/.cache/nub"}
  VENUE-OVERRIDES {"set":{"PATH":"inherited-and-forwarded","HOME":"/Users/runner/v2m-wSwcc7/jailhome","TMPDIR":"/private/var/folders/_5/zjnzxgh147qcg3bb5cg2wvqw0000gn/T/nub-tmp-obsWadLnN","NODE_COMPAT":"1","PYTHONDONTWRITEBYTECODE":"1","PLAYWRIGHT_BROWSERS_PATH":"/Users/runner/.cache/nub/pm/tools/ms-playwright","ELECTRON_CACHE":"/Users/runner/.cache/nub/pm/tools/electron-cache","electron_config_cache":"/Users/runner/.cache/nub/pm/tools/electron-cache","npm_config_prefix":"/Users/runner/.cache/nub/pm/tools/npm-prefix"},"unset":["(sudo env_reset discards the caller environment; every var above is re-set after it)","CI","GITHUB_ACTIONS"],"passedThrough":{"CI":"true","GITHUB_ACTIONS":"true","NODE_ENV":null}}
  VENUE-OBSERVE-USER runner uid=501 (R7: ordinary non-root user, asserted)
  ARM-FALSIFIABILITY {"manifestFiles":34,"filesTheScriptProduced":0,"reasons":["gate-vacuous"]}
  ⛔ ARMS-UNFALSIFIABLE — the artifact gate carries no signal for this package:
       gate-vacuous: the script changed no file the artifact gate keys on — every file in the manifest (34) was already present at its final size before the script ran, so the gate passes in every arm including a completely broken one
       The EXIT CODE is still a live detector here, so a descent arm that actually
       FAILED is evidence. What is missing is the gate, not every signal — do not read
       a green arm as proof on its own, and do not read this note as "no evidence".
  EVENTLOG-FILE /Users/runner/v2m-wSwcc7/Observe/events.ndjson.gz
  EVENTLOG-STATS {"lines":5882,"parsed":5864,"unparsed":0,"live":true,"tracerErrors":1,"tracerErrorTotal":1,"unresolvedDirfd":21,"unresolvedFd":0,"pairedTwoPath":0,"danglingPair":0,"failed":2131,"enoent":2128,"refusals":0,"byErrno":{"ENXIO":3,"ENOENT":2128},"procs":5,"lifecyclePids":1,"distinctEvents":3652,"emitted":3652,"calls":5850,"bytes":705711,"gzipBytes":21169,"out":"/Users/runner/v2m-wSwcc7/Observe/events.ndjson"}
  == TRACER == live=true decodable-events=1043 dropped-events=1
    NOTE 14 relative path(s) under a non-AT_FDCWD dirfd were not
       scope-assigned: resolving them against the cwd would invent a path.
    ⛔ CWD-UNOBSERVED 2 relative path(s) (0 write(s)) came from a lifecycle
       process whose own cwd was never observed
       macOS spawns with posix_spawn addchdir_np, which changes directory in-kernel and
       emits no chdir syscall, so the inherited cwd cannot be trusted. These are NOT
       scope-assigned; the grant below is WIDENED instead so it covers wherever they landed.
         pid=72791 read  unproven .
         pid=72791 read  unproven .
    ⛔ THE TRACER DROPPED 1 EVENT(S). A dropped event is a path never
       seen, so the grant below can only be too NARROW — the direction that breaks installs.
       Treat it as a FLOOR, not a measurement, until the adapter fault is fixed:
             1 x  epid=128 action=1 fault=1 addr=0x600002d88000
  == ATTRIBUTION == lifecycle pids: 1
    writes  script 1  /  whole traced subtree 7
    sockets script 0  /  whole traced subtree 1
  == ROOTS (from /Users/runner/v2m-wSwcc7/Observe/capture.json; the classifier reads no other source) ==
    project       /Users/runner/v2m-wSwcc7/Observe
    home          /Users/runner
    jailHome      /Users/runner/v2m-wSwcc7/jailhome
    globalStore   /Users/runner/.cache/nub/pm/store
    projectStore  /Users/runner/v2m-wSwcc7/Observe/node_modules/.store
    interpreter   /Users/runner/hostedtoolcache/node/22.23.2/arm64
    toolsDir      /Users/runner/.cache/nub/pm/tools
    temp          /private/var/folders/_5/zjnzxgh147qcg3bb5cg2wvqw0000gn/T/nub-tmp-obsWadLnN
    npmPrefix     /Users/runner/.cache/nub/pm/tools/npm-prefix
    ownPkg        /Users/runner/v2m-wSwcc7/Observe/node_modules/ngx-popperjs
    cwd           (null — this platform has no such root)
  == WRITES the script actually performed ==
    systemfs      1
        /dev/dtracehelper
  == READS the script performed, by scope ==
    outside       3
    systemfs      8
    userHome      2
    ownPkg        2
        outside: /
        outside: /bin/bash
        outside: /bin
  == NETWORK ==
    AF_INET connects: 0   distinct peers: 0
  == REFUSALS (errno EPERM/EACCES/EROFS only; ENOENT is a miss, not a denial) ==
    distinct: 0
  == SYNTHESIZED GRANT (verify this in the real unprivileged jail) ==
    {}
  == writePaths (DERIVED — promotion out of the package's PRIVATE home) ==
    private-home writes observed: 0
    none declared — the script wrote nothing into its private home — there is nothing to promote
  == writePaths FEASIBILITY (distinct writes outside project/deps) ==
    count: 0
  EVICT[synth] 2 store entries removed, 0 spared as nub tooling, 1574 in store
OSV-SCREEN {"schemaVersion":1,"kind":"nub-synth-resolved","status":"clean","digest":"18f8822fa4c82f7229be9540e458fa32c946d789b9bc3fb94916f3fd14a92b9c","specCount":7,"lockfiles":{"digest":"bc3751e0ab982312b0a81f541606d103c88ff82ae3ddd2016f575956d1cdeb57","files":[{"path":"nub.lock","sha256":"f38edcc1c6a6d0d5f3bd62608e0f0a9bd134ffe3e670fdd7b9c7ff3ebd7eef3c","bytes":2744}]},"maliciousAdvisories":[],"screenedAt":"2026-09-01T01:42:33.577Z","cacheHit":false,"clearancePath":"/Users/runner/v2m-wSwcc7/security/nub-synth-resolved.json"}
  SECURITY nub-synth-resolved clean: 7 exact package-version(s), tree 18f8822fa4c8
  VENUE-STORE-LAYOUT isolated
  VERIFY[synth] rc=0 artifacts=34/34 missing=0 shortfall=none (tree 23860/6258) OVERRIDDEN=3 REJECTED=0 grant={}
  => VERIFIED {}
  NARROW    no capability to drop — the grant is already empty; over-prediction is 0 by construction
### DONE ngx-popperjs@12.2.4  synthesized={} verified=1
