### dd-trace@4.55.0   (/home/runner/v2-ey39Is)
  CI-ENV scrubbed: CI GITHUB_ACTIONS
OSV-SCREEN {"schemaVersion":1,"kind":"direct","status":"clean","digest":"107b5e53bbe0e8719eb2701528dfbe98cb4c114ae7d4d1d752793ba2617abd5e","specCount":1,"lockfiles":{"digest":null,"files":[]},"maliciousAdvisories":[],"screenedAt":"2026-09-08T00:54:42.356Z","cacheHit":false,"clearancePath":"/home/runner/v2-ey39Is/security/direct.json"}
  SECURITY direct clean: 1 exact package-version(s), tree 107b5e53bbe0
  VENUE-OBSERVE-USER {"uid":1001,"user":"runner","umask":"0022","capBnd":"000001ffffffffff","noNewPrivs":"0"}
  VENUE-NUB-BINARY {"path":"/tmp/nub/target/release/nub","sha256":"2a18683f50f7afeb02a521cd3cae175dc2f91780d461c5f012065241f5a1447b","bytes":207643464,"features":{"buildJailCatalogOverride":true,"pythonDontWriteBytecodeEnv":true}}
OSV-SCREEN {"schemaVersion":1,"kind":"npm-observe-resolved","status":"clean","digest":"1e9502b83f86a7f30225577e69c5d9e5d1826d1941fb019c30ac5cf896c59a41","specCount":55,"lockfiles":{"digest":"b74f81a28c0ea3f168a43c7b81d446a9df1cb0bc102a7fe97e1f48a50ca4334d","files":[{"path":"package-lock.json","sha256":"3d707b1c5e2706bbfedebd20f74b6865497b4464e83441afa32319592c2775ca","bytes":22285}]},"maliciousAdvisories":[],"screenedAt":"2026-09-08T00:54:46.572Z","cacheHit":false,"clearancePath":"/home/runner/v2-ey39Is/security/npm-observe-resolved.json"}
  SECURITY npm-observe-resolved clean: 55 exact package-version(s), tree 1e9502b83f86
  OBSERVE   rc=0 files=2998 trace=10920 lines
  CLOSURE   54 packages evicted per arm
  ARM-FALSIFIABILITY {"manifestFiles":663,"filesTheScriptProduced":0,"reasons":["gate-vacuous"]}
  ⛔ ARMS-UNFALSIFIABLE — a green arm for this package carries no evidence:
       gate-vacuous: the script changed no file the artifact gate keys on — every file in the manifest (663) was already present at its final size before the script ran, so the gate passes in every arm including a completely broken one
       The grant may still be correct; what is missing is a signal that could have gone
       red. Do not read this record's MINIMAL as a passing measurement.
  RAWLOG-FILE /home/runner/v2-ey39Is/observe/trace.txt.gz
  RAWLOG-CAPTURE /home/runner/v2-ey39Is/observe/capture.json
  RAWLOG-BYTES raw=2394078 gz=69656
  VENUE-INTERPRETER /opt/hostedtoolcache/node/22.23.2/x64
  VENUE-OVERRIDES {"set":{"HOME":"/home/runner/v2-ey39Is/jailhome","TMPDIR":"/tmp/nub-tmp-obsHjkfK6","NODE_COMPAT":"1","PLAYWRIGHT_BROWSERS_PATH":"/home/runner/.cache/nub/pm/tools/ms-playwright","ELECTRON_CACHE":"/home/runner/.cache/nub/pm/tools/electron-cache","electron_config_cache":"/home/runner/.cache/nub/pm/tools/electron-cache","npm_config_prefix":"/home/runner/.cache/nub/pm/tools/npm-prefix","PYTHONDONTWRITEBYTECODE":"1","NUB_CACHE_DIR":"/home/runner/v2-ey39Is/nubcache"},"unset":["CI","GITHUB_ACTIONS"],"passedThrough":{"CI":"true","GITHUB_ACTIONS":"true","NODE_ENV":null}}
  == ATTRIBUTION == attributed pids: 13
    writes  script 0  /  whole traced tree 1088
    sockets script 0  /  whole traced tree 4
  == ROOTS (from capture.json — R2: no ambient reads) ==
    project       /home/runner/v2-ey39Is/observe
    home          /home/runner
    jailHome      /home/runner/v2-ey39Is/jailhome
    globalStore   /home/runner/.cache/nub/pm/store   [declared, not keyed on]
    projectStore  /home/runner/v2-ey39Is/observe/node_modules/.store   [declared, not keyed on]
    interpreter   /opt/hostedtoolcache/node/22.23.2/x64   [declared, not keyed on]
    toolsDir      /home/runner/.cache/nub/pm/tools   [declared, not keyed on]
    temp          /tmp/nub-tmp-obsHjkfK6
    npmPrefix     /home/runner/.cache/nub/pm/tools/npm-prefix
    ownPkg        /home/runner/v2-ey39Is/observe/node_modules/dd-trace
  == WRITES the script actually performed ==
  == NETWORK ==
    AF_INET sockets: 0   distinct peers: 2
        127.0.0.53:53
        104.16.2.34:443
  == REFUSALS (only `= -1 EACCES/EPERM/EROFS`) ==
    distinct: 0
  == SYNTHESIZED GRANT (verify this in the real unprivileged jail) ==
    {}
  == writePaths (DERIVED — promotion out of the package's PRIVATE home) ==
    private-home writes observed: 0
    none declared — the script wrote nothing into its private home — there is nothing to promote
  == writePaths FEASIBILITY (distinct writes outside project/deps) ==
    count: 0
    EVENTS    4499 distinct from 10797 calls (10921 lines, 101 rejoined, 0 unparsed)
    PROCS     20   lifecycle shells 8
    ⛔ 3 paths with an UNRESOLVED dirfd — kept, marked, never guessed
    unsubscribed/unmapped syscalls: setsockopt×23 getsockname×20 exit×15 getsockopt×7 recvmsg×7 getcwd×4 socketpair×3 shutdown×3
    wrote /home/runner/v2-ey39Is/observe/events.ndjson.gz (31962 bytes)
  EVENTLOG-FILE /home/runner/v2-ey39Is/observe/events.ndjson.gz
  EVENTLOG-STATS {"lines":10921,"parsed":10797,"unparsed":0,"unfinished":101,"rejoined":101,"unresolvedDirfd":3,"truncatedArg":0,"procs":20,"lifecyclePids":8,"distinctEvents":4499,"unknownSyscall":{"getsockname":20,"getsockopt":7,"getcwd":4,"recvmsg":7,"exit":15,"setsockopt":23,"sendmmsg":1,"socketpair":3,"shutdown":3,"exit_group":3,"wait4":3},"out":"/home/runner/v2-ey39Is/observe/events.ndjson.gz","gzipBytes":31962}
  EVICT     3 store entries removed, 1 spared as nub tooling
  SE-PURGE  0 side-effects-cache entries for dd-trace
  scaffold: 5 dependency package(s) with lifecycle scripts granted a fixed wide grant
OSV-SCREEN {"schemaVersion":1,"kind":"nub-synth-resolved","status":"clean","digest":"a2abfa6ffe7e6ecfffa8f3c7b1c1c2b8fd5908d33119283e38d951d63669843b","specCount":55,"lockfiles":{"digest":"874f0ade592616f41dc1a4b47ef49cca92a7936c6a093d36c8b3f51f6888dfe2","files":[{"path":"nub.lock","sha256":"4bed825ceca304eed274c7605a07ccb9768d28a2c336dfa5e49f83a02b8b09c2","bytes":13478}]},"maliciousAdvisories":[],"screenedAt":"2026-09-08T00:54:50.159Z","cacheHit":false,"clearancePath":"/home/runner/v2-ey39Is/security/nub-synth-resolved.json"}
  SECURITY nub-synth-resolved clean: 55 exact package-version(s), tree a2abfa6ffe7e
  VENUE-STORE-LAYOUT isolated
  VERIFY[synth] rc=0 artifacts=663/663 missing=0 shortfall=none (tree 9746/2998) OVERRIDDEN=2 REJECTED=0 grant={}
  => VERIFIED {}   (observed, then verified)
  DESCEND   grant is already empty — nothing to narrow; MINIMAL by construction.
