  HARNESS-NODE /opt/hostedtoolcache/node/22.23.2/x64/bin/node (v22.23.2); arm-cap present
  ERA-NODE PINNED 20.20.2 (provisioned) (arms will run: v20.20.2)
  ERA-PYTHON /opt/hostedtoolcache/Python/3.9.25/x64/bin/python (Python 3.9.25) for era Node 20, whose node-gyp requires python3
  ARM-MAKE /usr/bin/gmake (GNU Make 4.3) — the system make; a build needing GNU Make 4 WILL fail here
### union@0.6.0   (/home/runner/v2-GiqZwJ)
  CI-ENV scrubbed: CI GITHUB_ACTIONS
OSV-SCREEN {"schemaVersion":1,"kind":"direct","status":"clean","digest":"dc865acdebcc23e6abbbf476a235f8efe7575ad56dea3db5803266650d7d7542","specCount":1,"lockfiles":{"digest":null,"files":[]},"maliciousAdvisories":[],"screenedAt":"2026-08-29T06:16:37.463Z","cacheHit":false,"clearancePath":"/home/runner/v2-GiqZwJ/security/direct.json"}
  SECURITY direct clean: 1 exact package-version(s), tree dc865acdebcc
  VENUE-OBSERVE-USER {"uid":1001,"user":"runner","umask":"0022","capBnd":"000001ffffffffff","noNewPrivs":"0"}
  VENUE-NUB-BINARY {"path":"/tmp/nub/target/release/nub","sha256":"bed0d624b324fb3de83de474ff73731ad2f1fd040ff548bb0158e2baf850701d","bytes":208304640,"features":{"buildJailCatalogOverride":true,"pythonDontWriteBytecodeEnv":true}}
  ERA-RESOLUTION DATED 2024-01-19T05:17:44.397Z (deps as of the package's own publish date + 1d)
OSV-SCREEN {"schemaVersion":1,"kind":"npm-observe-resolved","status":"clean","digest":"9a03eb6a9b7350ed7e68ba2229955e07122a4d6e362955faa9f6cd6d209c4581","specCount":14,"lockfiles":{"digest":"fb7933b25bc927fb87f9e9668fa5d2ba5116b95c57ec2f3fa01552d4937f4129","files":[{"path":"package-lock.json","sha256":"a022d761c5e0a4270200ece3bc3f630b9f6eef16dd5659e7d87a577b3d2ff8af","bytes":6640}]},"maliciousAdvisories":[],"screenedAt":"2026-08-29T06:16:38.762Z","cacheHit":false,"clearancePath":"/home/runner/v2-GiqZwJ/security/npm-observe-resolved.json"}
  SECURITY npm-observe-resolved clean: 14 exact package-version(s), tree 9a03eb6a9b73
  ARM-PATH SANITISED (nothing to drop)
  ARM-AMBIENT-TOOLS 7 leaked: tsc=/usr/local/bin/tsc grunt=/usr/local/bin/grunt gulp=/usr/local/bin/gulp webpack=/usr/local/bin/webpack lerna=/usr/local/bin/lerna yarn=/usr/local/bin/yarn pulumi=/usr/local/bin/pulumi
  ARM-SCAFFOLD 1 added: npm-force-resolutions
  ARM-UNPROVIDABLE none
  ARM-SCAFFOLD-INSTALL rc=0
  OBSERVE   rc=1 files=701 trace=12165 lines
  => BROKEN-WITHOUT-JAIL-TOO (unjailed control failed; nothing to measure)
