OSV-SCREEN {"schemaVersion":1,"kind":"direct","status":"clean","digest":"45459ec5bc2c8438132cc695ca3232e747953c3526798691056fb95a5c2ff936","specCount":1,"lockfiles":{"digest":null,"files":[]},"maliciousAdvisories":[],"screenedAt":"2026-09-08T05:40:32.381Z","cacheHit":false,"clearancePath":"/Users/runner/v2m-yJWqA1/security/direct.json"}
  SECURITY direct clean: 1 exact package-version(s), tree 45459ec5bc2c
### appium-uiautomator2-driver@0.3.4   (/Users/runner/v2m-yJWqA1)   nub=/tmp/nub/target/release/nub
  VENUE-NUB-BINARY {"path":"/tmp/nub/target/release/nub","sha256":"f923f9d246b7061a3e88675efb7b4fdcda741d02368002ce6e7f7044b01e7bbe","bytes":93818888,"features":{"buildJailCatalogOverride":true,"pythonDontWriteBytecodeEnv":true}}
  CI-ENV scrubbed: CI GITHUB_ACTIONS
  --- fbt preflight (advisory; never fails the run) ---
     csrutil: System Integrity Protection status: disabled.
     fbt probes visible: 93591
     fbt enable attempt: dtrace: description 'fbt:::entry ' matched 50364 probes CPU     ID                    FUNCTION:NAME 
     cwd builtin value:  
     fbt chdir symbols:  
     fbt fires on spawn-with-cwd: dtrace: invalid probe specifier fbt::chdir*:entry /progenyof($target)/ { @[probefunc] = count(); }: probe description fbt::chdir*:entry does not match any probes 
  --- end fbt preflight ---
OSV-SCREEN {"schemaVersion":1,"kind":"npm-observe-resolved","status":"clean","digest":"607d96eb1547fc59088619736528ba5a96f2fc7e1106f3333dcf99bb2f263b35","specCount":427,"lockfiles":{"digest":"59e571e483be6940c9590f7a6be4c13283971d5b42882ee7cb1d6992e3905bc2","files":[{"path":"package-lock.json","sha256":"c48417f333e1d4d52db32acc3f213871a21e96486afaaa1c3efb54a6ae52e6c5","bytes":200461}]},"maliciousAdvisories":[],"screenedAt":"2026-09-08T05:40:47.560Z","cacheHit":false,"clearancePath":"/Users/runner/v2m-yJWqA1/security/npm-observe-resolved.json"}
  SECURITY npm-observe-resolved clean: 427 exact package-version(s), tree 607d96eb1547
  VENUE-CI-CHILD clean (no CI-detection variable reaches the traced script)
  --- wrapper (run.sh) ---
     cd "/Users/runner/v2m-yJWqA1/Observe"
     sudo -u "runner" -H env "PATH=$PATH"   "HOME=/Users/runner/v2m-yJWqA1/jailhome"   "TMPDIR=/private/var/folders/bl/vzjcvbz95c3dk19cb0fw46180000gn/T/nub-tmp-obsYjQd6E"   "NODE_COMPAT=1"   "PYTHONDONTWRITEBYTECODE=1"   "PLAYWRIGHT_BROWSERS_PATH=/Users/runner/.cache/nub/pm/tools/ms-playwright"   "ELECTRON_CACHE=/Users/runner/.cache/nub/pm/tools/electron-cache"   "electron_config_cache=/Users/runner/.cache/nub/pm/tools/electron-cache"   "npm_config_prefix=/Users/runner/.cache/nub/pm/tools/npm-prefix"   "/Users/runner/hostedtoolcache/node/22.23.2/arm64/bin/npm" rebuild --no-audit --no-fund "appium-uiautomator2-driver" > "/Users/runner/v2m-yJWqA1/Observe/npm.log" 2>&1
     echo $? > "/Users/runner/v2m-yJWqA1/Observe/rc"
  --- dtrace stderr + wrapper trace ---
     + cd /Users/runner/v2m-yJWqA1/Observe
     + sudo -u runner -H env PATH=/Users/runner/hostedtoolcache/node/22.23.2/arm64/bin:/opt/homebrew/lib/ruby/gems/3.3.0/bin:/opt/homebrew/opt/ruby@3.3/bin:/Users/runner/.local/bin:/opt/homebrew/bin:/opt/homebrew/sbin:/Users/runner/.cargo/bin:/usr/local/opt/curl/bin:/usr/local/bin:/usr/local/sbin:/Users/runner/bin:/Users/runner/.yarn/bin:/Users/runner/Library/Android/sdk/tools:/Users/runner/Library/Android/sdk/platform-tools:/Library/Frameworks/Python.framework/Versions/Current/bin:/Library/Frameworks/Mono.framework/Versions/Current/Commands:/usr/bin:/bin:/usr/sbin:/sbin:/Users/runner/.dotnet/tools HOME=/Users/runner/v2m-yJWqA1/jailhome TMPDIR=/private/var/folders/bl/vzjcvbz95c3dk19cb0fw46180000gn/T/nub-tmp-obsYjQd6E NODE_COMPAT=1 PYTHONDONTWRITEBYTECODE=1 PLAYWRIGHT_BROWSERS_PATH=/Users/runner/.cache/nub/pm/tools/ms-playwright ELECTRON_CACHE=/Users/runner/.cache/nub/pm/tools/electron-cache electron_config_cache=/Users/runner/.cache/nub/pm/tools/electron-cache npm_config_prefix=/Users/runner/.cache/nub/pm/tools/npm-prefix /Users/runner/hostedtoolcache/node/22.23.2/arm64/bin/npm rebuild --no-audit --no-fund appium-uiautomator2-driver
     dtrace: error on enabled probe ID 128 (ID 286: syscall::execve:entry): invalid address (0x60000106d050) in action #1 at DIF offset 20
     + echo 0
  OBSERVE   rc=0 dtrace_rc=0 files=21784 (pre=21780) trace=37817 lines
  CLOSURE   373 packages evicted per arm   store=/Users/runner/.cache/nub/pm/store
  RAWLOG-FILE /Users/runner/v2m-yJWqA1/Observe/trace.txt.gz
  RAWLOG-CAPTURE /Users/runner/v2m-yJWqA1/Observe/capture.json
  RAWLOG-BYTES raw=5792931 gz=166825
  VENUE-INTERPRETER /Users/runner/hostedtoolcache/node/22.23.2/arm64
  VENUE-OVERRIDES {"set":{"PATH":"inherited-and-forwarded","HOME":"/Users/runner/v2m-yJWqA1/jailhome","TMPDIR":"/private/var/folders/bl/vzjcvbz95c3dk19cb0fw46180000gn/T/nub-tmp-obsYjQd6E","NODE_COMPAT":"1","PYTHONDONTWRITEBYTECODE":"1","PLAYWRIGHT_BROWSERS_PATH":"/Users/runner/.cache/nub/pm/tools/ms-playwright","ELECTRON_CACHE":"/Users/runner/.cache/nub/pm/tools/electron-cache","electron_config_cache":"/Users/runner/.cache/nub/pm/tools/electron-cache","npm_config_prefix":"/Users/runner/.cache/nub/pm/tools/npm-prefix"},"unset":["(sudo env_reset discards the caller environment; every var above is re-set after it)","CI","GITHUB_ACTIONS"],"passedThrough":{"CI":"true","GITHUB_ACTIONS":"true","NODE_ENV":null}}
  VENUE-OBSERVE-USER runner uid=501 (R7: ordinary non-root user, asserted)
  ARM-FALSIFIABILITY {"manifestFiles":100,"filesTheScriptProduced":2,"reasons":[]}
  EVENTLOG-FILE /Users/runner/v2m-yJWqA1/Observe/events.ndjson.gz
  EVENTLOG-STATS {"lines":37818,"parsed":37798,"unparsed":0,"live":true,"tracerErrors":1,"tracerErrorTotal":1,"unresolvedDirfd":27,"unresolvedFd":0,"pairedTwoPath":541,"danglingPair":0,"failed":18772,"enoent":18769,"refusals":0,"byErrno":{"ENXIO":3,"ENOENT":18769},"procs":6,"lifecyclePids":1,"distinctEvents":16456,"emitted":16456,"calls":37243,"bytes":2823204,"gzipBytes":95039,"out":"/Users/runner/v2m-yJWqA1/Observe/events.ndjson"}
  == TRACER == live=true decodable-events=6275 dropped-events=1
    NOTE 18 relative path(s) under a non-AT_FDCWD dirfd were not
       scope-assigned: resolving them against the cwd would invent a path.
    ⛔ CWD-UNOBSERVED 6 relative path(s) (1 write(s)) came from a lifecycle
       process whose own cwd was never observed
       macOS spawns with posix_spawn addchdir_np, which changes directory in-kernel and
       emits no chdir syscall, so the inherited cwd cannot be trusted. These are NOT
       scope-assigned; the grant below is WIDENED instead so it covers wherever they landed.
         pid=50252 read  unproven .
         pid=50252 read  unproven .
         pid=50252 read  unproven .
         pid=50487 read  unproven .
         pid=50487 WRITE unproven 50487
         pid=50487 read  unproven .
    CWD-UNPLACEABLE-WRITES ["50487"]
    ⛔ THE TRACER DROPPED 1 EVENT(S). A dropped event is a path never
       seen, so the grant below can only be too NARROW — the direction that breaks installs.
       Treat it as a FLOOR, not a measurement, until the adapter fault is fixed:
             1 x  epid=128 action=1 fault=1 addr=0x60000106d050
  == ATTRIBUTION == lifecycle pids: 1
    writes  script 7  /  whole traced subtree 1097
    sockets script 2  /  whole traced subtree 3
  == ROOTS (from /Users/runner/v2m-yJWqA1/Observe/capture.json; the classifier reads no other source) ==
    project       /Users/runner/v2m-yJWqA1/Observe
    home          /Users/runner
    jailHome      /Users/runner/v2m-yJWqA1/jailhome
    globalStore   /Users/runner/.cache/nub/pm/store
    projectStore  /Users/runner/v2m-yJWqA1/Observe/node_modules/.store
    interpreter   /Users/runner/hostedtoolcache/node/22.23.2/arm64
    toolsDir      /Users/runner/.cache/nub/pm/tools
    temp          /private/var/folders/bl/vzjcvbz95c3dk19cb0fw46180000gn/T/nub-tmp-obsYjQd6E
    npmPrefix     /Users/runner/.cache/nub/pm/tools/npm-prefix
    ownPkg        /Users/runner/v2m-yJWqA1/Observe/node_modules/appium-uiautomator2-driver
    cwd           (null — this platform has no such root)
  == WRITES the script actually performed ==
    systemfs      1
        /dev/dtracehelper
    jailTmp       1  (base profile already grants this — NOT billed)
        /private/var/folders/bl/vzjcvbz95c3dk19cb0fw46180000gn/T/nub-tmp-obsYjQd6E/202688-50252-1lfpx9r.31qbl
    outside       2
        /var/folders/bl/vzjcvbz95c3dk19cb0fw46180000gn/T/hsperfdata_runner
        /var/folders/bl/vzjcvbz95c3dk19cb0fw46180000gn/T/hsperfdata_runner/50487
    ownPkg        3  (base profile already grants this — NOT billed)
        /Users/runner/v2m-yJWqA1/Observe/node_modules/appium-uiautomator2-driver/uiautomator2
        /Users/runner/v2m-yJWqA1/Observe/node_modules/appium-uiautomator2-driver/uiautomator2/appium-uiautomator2-server-v0.1.5.apk
        /Users/runner/v2m-yJWqA1/Observe/node_modules/appium-uiautomator2-driver/uiautomator2/appium-uiautomator2-server-debug-androidTest.apk
  == READS the script performed, by scope ==
    outside       9
    systemfs     15
    userHome     26
    ownPkg        4
    deps       1854
        outside: /
        outside: /bin/bash
        outside: /bin
        outside: /etc/localtime
        outside: /var/db/timezone/zoneinfo/posixrules
        outside: /usr/bin/java
        outside: /usr/bin
        outside: /var/folders/bl/vzjcvbz95c3dk19cb0fw46180000gn/T/hsperfdata_runner
        outside: /var/db/timezone/zoneinfo/UTC
  == NETWORK ==
    AF_INET connects: 2   distinct peers: 2
        172.182.252.133:443
        185.199.110.133:443
  == REFUSALS (errno EPERM/EACCES/EROFS only; ENOENT is a miss, not a denial) ==
    distinct: 0
  == SYNTHESIZED GRANT (verify this in the real unprivileged jail) ==
    {"write":{"deps":true,"project":true},"network":true}
    ⛔ 2 writes OUTSIDE project/home — no scope covers these; inspect before granting
  == writePaths (DERIVED — promotion out of the package's PRIVATE home) ==
    private-home writes observed: 0
    none declared — the script wrote nothing into its private home — there is nothing to promote
  == writePaths FEASIBILITY (distinct writes outside project/deps) ==
    count: 2
        /var/folders/bl/vzjcvbz95c3dk19cb0fw46180000gn/T/hsperfdata_runner
        /var/folders/bl/vzjcvbz95c3dk19cb0fw46180000gn/T/hsperfdata_runner/50487
  scaffold: 1 dependency package(s) with lifecycle scripts granted a fixed wide grant
  EVICT[synth] 71 store entries removed, 5 spared as nub tooling, 163 in store
OSV-SCREEN {"schemaVersion":1,"kind":"nub-synth-resolved","status":"clean","digest":"e6e748fda6731ae47d3097dcb44718ea215adec1e11730e51019294890e6f577","specCount":426,"lockfiles":{"digest":"f01fe9beb803372c6b92df3caae891e50ac9daf42276405e8d20d15e537cf159","files":[{"path":"nub.lock","sha256":"9e64fef5903d7585efe5464f298db368cfa5b171018f06f8b691983f7350a333","bytes":107280}]},"maliciousAdvisories":[],"screenedAt":"2026-09-08T05:40:59.137Z","cacheHit":false,"clearancePath":"/Users/runner/v2m-yJWqA1/security/nub-synth-resolved.json"}
  SECURITY nub-synth-resolved clean: 426 exact package-version(s), tree e6e748fda673
  VENUE-STORE-LAYOUT isolated
  VERIFY[synth] rc=0 artifacts=97/99 missing=2 shortfall=c1ac51ea2071 (tree 44064/21784) OVERRIDDEN=3 REJECTED=0 grant={"write":{"deps":true,"project":true},"network":true}
       missing: uiautomator2/appium-uiautomator2-server-debug-androidTest.apk, uiautomator2/appium-uiautomator2-server-v0.1.5.apk
  !! OBSERVE UNDER-PREDICTED — the synthesized grant did NOT verify. This is the correctness
     finding: OBSERVE saw a run that the jail then refused on some axis it did not cover.
     The bounded ladder below is the repair; the terminal verdict waits on its outcome.
  DIAGNOSE  re-running the failing grant JAILED, under dtrace
     trace lines: 26304
     refused paths under the failing grant (count, path):
     ⇒ TREAT THIS AS A CANDIDATE SET, NOT AN ANSWER. On Linux the last refusal before a
       fatal exit was a trailing red herring once already; settle it with a
       single-variable arm per path plus a negative control granting all the others.
  synthesized grant did not verify — falling back to a bounded ladder
  scaffold: 1 dependency package(s) with lifecycle scripts granted a fixed wide grant
  EVICT[fb903772438] 424 store entries removed, 5 spared as nub tooling, 516 in store
OSV-SCREEN {"schemaVersion":1,"kind":"nub-fb903772438-resolved","status":"clean","digest":"e6e748fda6731ae47d3097dcb44718ea215adec1e11730e51019294890e6f577","specCount":426,"lockfiles":{"digest":"f01fe9beb803372c6b92df3caae891e50ac9daf42276405e8d20d15e537cf159","files":[{"path":"nub.lock","sha256":"9e64fef5903d7585efe5464f298db368cfa5b171018f06f8b691983f7350a333","bytes":107280}]},"maliciousAdvisories":[],"screenedAt":"2026-09-08T05:40:59.137Z","cacheHit":true,"clearancePath":"/Users/runner/v2m-yJWqA1/security/nub-fb903772438-resolved.json"}
  SECURITY nub-fb903772438-resolved clean: 426 exact package-version(s), tree e6e748fda673 (cached exact-tree clearance)
  VERIFY[fb903772438] rc=0 artifacts=99/99 missing=0 shortfall=none (tree 44070/21784) OVERRIDDEN=3 REJECTED=0 grant={"write":{"deps":true,"project":true,"userHome":true},"network":true}
  => MINIMUM {"write":{"deps":true,"project":true,"userHome":true},"network":true}   (ladder fallback; synthesized grant was insufficient)
  ⛔ OBSERVE UNDER-PREDICTED — the gap between {"write":{"deps":true,"project":true},"network":true} and {"write":{"deps":true,"project":true,"userHome":true},"network":true} is worth reading
  scaffold: 1 dependency package(s) with lifecycle scripts granted a fixed wide grant
  EVICT[nar-no-network] 424 store entries removed, 5 spared as nub tooling, 516 in store
OSV-SCREEN {"schemaVersion":1,"kind":"nub-nar-no-network-resolved","status":"clean","digest":"e6e748fda6731ae47d3097dcb44718ea215adec1e11730e51019294890e6f577","specCount":426,"lockfiles":{"digest":"f01fe9beb803372c6b92df3caae891e50ac9daf42276405e8d20d15e537cf159","files":[{"path":"nub.lock","sha256":"9e64fef5903d7585efe5464f298db368cfa5b171018f06f8b691983f7350a333","bytes":107280}]},"maliciousAdvisories":[],"screenedAt":"2026-09-08T05:40:59.137Z","cacheHit":true,"clearancePath":"/Users/runner/v2m-yJWqA1/security/nub-nar-no-network-resolved.json"}
  SECURITY nub-nar-no-network-resolved clean: 426 exact package-version(s), tree e6e748fda673 (cached exact-tree clearance)
  VERIFY[nar-no-network] rc=1 artifacts=97/99 missing=2 shortfall=c1ac51ea2071 (tree 44064/21784) OVERRIDDEN=3 REJECTED=0 grant={"write":{"deps":true,"project":true,"userHome":true}}
       missing: uiautomator2/appium-uiautomator2-server-debug-androidTest.apk, uiautomator2/appium-uiautomator2-server-v0.1.5.apk
     narrowing 'no-network' fails ⇒ that capability IS necessary
  scaffold: 1 dependency package(s) with lifecycle scripts granted a fixed wide grant
  EVICT[nar-no-write-deps] 424 store entries removed, 5 spared as nub tooling, 516 in store
OSV-SCREEN {"schemaVersion":1,"kind":"nub-nar-no-write-deps-resolved","status":"clean","digest":"e6e748fda6731ae47d3097dcb44718ea215adec1e11730e51019294890e6f577","specCount":426,"lockfiles":{"digest":"f01fe9beb803372c6b92df3caae891e50ac9daf42276405e8d20d15e537cf159","files":[{"path":"nub.lock","sha256":"9e64fef5903d7585efe5464f298db368cfa5b171018f06f8b691983f7350a333","bytes":107280}]},"maliciousAdvisories":[],"screenedAt":"2026-09-08T05:40:59.137Z","cacheHit":true,"clearancePath":"/Users/runner/v2m-yJWqA1/security/nub-nar-no-write-deps-resolved.json"}
  SECURITY nub-nar-no-write-deps-resolved clean: 426 exact package-version(s), tree e6e748fda673 (cached exact-tree clearance)
  VERIFY[nar-no-write-deps] rc=0 artifacts=99/99 missing=0 shortfall=none (tree 44070/21784) OVERRIDDEN=3 REJECTED=0 grant={"write":{"project":true,"userHome":true},"network":true}
     ⛔ OVER-PREDICTED — the strictly narrower {"write":{"project":true,"userHome":true},"network":true} also verifies; 'no-write-deps' was not needed
  scaffold: 1 dependency package(s) with lifecycle scripts granted a fixed wide grant
  EVICT[nar-no-write-project] 424 store entries removed, 5 spared as nub tooling, 516 in store
OSV-SCREEN {"schemaVersion":1,"kind":"nub-nar-no-write-project-resolved","status":"clean","digest":"e6e748fda6731ae47d3097dcb44718ea215adec1e11730e51019294890e6f577","specCount":426,"lockfiles":{"digest":"f01fe9beb803372c6b92df3caae891e50ac9daf42276405e8d20d15e537cf159","files":[{"path":"nub.lock","sha256":"9e64fef5903d7585efe5464f298db368cfa5b171018f06f8b691983f7350a333","bytes":107280}]},"maliciousAdvisories":[],"screenedAt":"2026-09-08T05:40:59.137Z","cacheHit":true,"clearancePath":"/Users/runner/v2m-yJWqA1/security/nub-nar-no-write-project-resolved.json"}
  SECURITY nub-nar-no-write-project-resolved clean: 426 exact package-version(s), tree e6e748fda673 (cached exact-tree clearance)
  VERIFY[nar-no-write-project] rc=0 artifacts=99/99 missing=0 shortfall=none (tree 44070/21784) OVERRIDDEN=3 REJECTED=0 grant={"write":{"deps":true,"userHome":true},"network":true}
     ⛔ OVER-PREDICTED — the strictly narrower {"write":{"deps":true,"userHome":true},"network":true} also verifies; 'no-write-project' was not needed
  scaffold: 1 dependency package(s) with lifecycle scripts granted a fixed wide grant
  EVICT[nar-no-write-userHome] 424 store entries removed, 5 spared as nub tooling, 516 in store
OSV-SCREEN {"schemaVersion":1,"kind":"nub-nar-no-write-userHome-resolved","status":"clean","digest":"e6e748fda6731ae47d3097dcb44718ea215adec1e11730e51019294890e6f577","specCount":426,"lockfiles":{"digest":"f01fe9beb803372c6b92df3caae891e50ac9daf42276405e8d20d15e537cf159","files":[{"path":"nub.lock","sha256":"9e64fef5903d7585efe5464f298db368cfa5b171018f06f8b691983f7350a333","bytes":107280}]},"maliciousAdvisories":[],"screenedAt":"2026-09-08T05:40:59.137Z","cacheHit":true,"clearancePath":"/Users/runner/v2m-yJWqA1/security/nub-nar-no-write-userHome-resolved.json"}
  SECURITY nub-nar-no-write-userHome-resolved clean: 426 exact package-version(s), tree e6e748fda673 (cached exact-tree clearance)
  VERIFY[nar-no-write-userHome] rc=0 artifacts=97/99 missing=2 shortfall=c1ac51ea2071 (tree 44064/21784) OVERRIDDEN=3 REJECTED=0 grant={"write":{"deps":true,"project":true},"network":true}
       missing: uiautomator2/appium-uiautomator2-server-debug-androidTest.apk, uiautomator2/appium-uiautomator2-server-v0.1.5.apk
     narrowing 'no-write-userHome' fails ⇒ that capability IS necessary
  scaffold: 1 dependency package(s) with lifecycle scripts granted a fixed wide grant
  EVICT[joint-narrow] 424 store entries removed, 5 spared as nub tooling, 516 in store
OSV-SCREEN {"schemaVersion":1,"kind":"nub-joint-narrow-resolved","status":"clean","digest":"e6e748fda6731ae47d3097dcb44718ea215adec1e11730e51019294890e6f577","specCount":426,"lockfiles":{"digest":"f01fe9beb803372c6b92df3caae891e50ac9daf42276405e8d20d15e537cf159","files":[{"path":"nub.lock","sha256":"9e64fef5903d7585efe5464f298db368cfa5b171018f06f8b691983f7350a333","bytes":107280}]},"maliciousAdvisories":[],"screenedAt":"2026-09-08T05:40:59.137Z","cacheHit":true,"clearancePath":"/Users/runner/v2m-yJWqA1/security/nub-joint-narrow-resolved.json"}
  SECURITY nub-joint-narrow-resolved clean: 426 exact package-version(s), tree e6e748fda673 (cached exact-tree clearance)
  VERIFY[joint-narrow] rc=0 artifacts=99/99 missing=0 shortfall=none (tree 44070/21784) OVERRIDDEN=3 REJECTED=0 grant={"write":{"userHome":true},"network":true}
  => JOINT-NARROW VERIFIED {"write":{"userHome":true},"network":true} — all 2 capabilities drop TOGETHER, measured
