### @vscode/vsce-sign@2.1.0   (/home/runner/v2-uomNeH)
  CI-ENV scrubbed: CI GITHUB_ACTIONS
OSV-SCREEN {"schemaVersion":1,"kind":"direct","status":"clean","digest":"30463e165277d4f07e34dc5059cf820ea073be5365306ac9111a03d746672159","specCount":1,"lockfiles":{"digest":null,"files":[]},"maliciousAdvisories":[],"screenedAt":"2026-09-10T02:22:38.690Z","cacheHit":false,"clearancePath":"/home/runner/v2-uomNeH/security/direct.json"}
  SECURITY direct clean: 1 exact package-version(s), tree 30463e165277
  VENUE-OBSERVE-USER {"uid":1001,"user":"runner","umask":"0022","capBnd":"000001ffffffffff","noNewPrivs":"0"}
  VENUE-NUB-BINARY {"path":"/tmp/nub/target/release/nub","sha256":"2a18683f50f7afeb02a521cd3cae175dc2f91780d461c5f012065241f5a1447b","bytes":207643464,"features":{"buildJailCatalogOverride":true,"pythonDontWriteBytecodeEnv":true}}
OSV-SCREEN {"schemaVersion":1,"kind":"npm-observe-resolved","status":"clean","digest":"33a5a1c6293abd54894101dd897d938fb0d7182c17b3cce611918765e6a04b34","specCount":2,"lockfiles":{"digest":"7a6c15a18f0e62fc2c20b7950f5812631788f53329a584cfab1998b9327eef08","files":[{"path":"package-lock.json","sha256":"6147cb3d0afbe0bd5e947b3614c233bbb0a908bf3809c4a7155a18a5fbc6f1be","bytes":5229}]},"maliciousAdvisories":[],"screenedAt":"2026-09-10T02:22:40.528Z","cacheHit":false,"clearancePath":"/home/runner/v2-uomNeH/security/npm-observe-resolved.json"}
  SECURITY npm-observe-resolved clean: 2 exact package-version(s), tree 33a5a1c6293a
  OBSERVE   rc=0 files=18 trace=10750 lines
  CLOSURE   2 packages evicted per arm
  ARM-FALSIFIABILITY {"manifestFiles":11,"filesTheScriptProduced":1,"reasons":[]}
  RAWLOG-FILE /home/runner/v2-uomNeH/observe/trace.txt.gz
  RAWLOG-CAPTURE /home/runner/v2-uomNeH/observe/capture.json
  RAWLOG-BYTES raw=2372642 gz=68777
  VENUE-INTERPRETER /opt/hostedtoolcache/node/22.23.2/x64
  VENUE-OVERRIDES {"set":{"HOME":"/home/runner/v2-uomNeH/jailhome","TMPDIR":"/tmp/nub-tmp-obsfmgHrh","NODE_COMPAT":"1","PLAYWRIGHT_BROWSERS_PATH":"/home/runner/.cache/nub/pm/tools/ms-playwright","ELECTRON_CACHE":"/home/runner/.cache/nub/pm/tools/electron-cache","electron_config_cache":"/home/runner/.cache/nub/pm/tools/electron-cache","npm_config_prefix":"/home/runner/.cache/nub/pm/tools/npm-prefix","PYTHONDONTWRITEBYTECODE":"1","NUB_CACHE_DIR":"/home/runner/v2-uomNeH/nubcache"},"unset":["CI","GITHUB_ACTIONS"],"passedThrough":{"CI":"true","GITHUB_ACTIONS":"true","NODE_ENV":null}}
  == ATTRIBUTION == attributed pids: 14
    writes  script 2  /  whole traced tree 1090
    sockets script 0  /  whole traced tree 4
  == ROOTS (from capture.json — R2: no ambient reads) ==
    project       /home/runner/v2-uomNeH/observe
    home          /home/runner
    jailHome      /home/runner/v2-uomNeH/jailhome
    globalStore   /home/runner/.cache/nub/pm/store   [declared, not keyed on]
    projectStore  /home/runner/v2-uomNeH/observe/node_modules/.store   [declared, not keyed on]
    interpreter   /opt/hostedtoolcache/node/22.23.2/x64   [declared, not keyed on]
    toolsDir      /home/runner/.cache/nub/pm/tools   [declared, not keyed on]
    temp          /tmp/nub-tmp-obsfmgHrh
    npmPrefix     /home/runner/.cache/nub/pm/tools/npm-prefix
    ownPkg        /home/runner/v2-uomNeH/observe/node_modules/@vscode/vsce-sign
  == WRITES the script actually performed ==
    ownPkg        2  (base profile already grants this — NOT billed)
        /home/runner/v2-uomNeH/observe/node_modules/@vscode/vsce-sign/bin
        /home/runner/v2-uomNeH/observe/node_modules/@vscode/vsce-sign/bin/vsce-sign
  == NETWORK ==
    AF_INET sockets: 0   distinct peers: 2
        127.0.0.53:53
        104.16.9.34:443
  == REFUSALS (only `= -1 EACCES/EPERM/EROFS`) ==
    distinct: 0
  == SYNTHESIZED GRANT (verify this in the real unprivileged jail) ==
    {}
  == writePaths (DERIVED — promotion out of the package's PRIVATE home) ==
    private-home writes observed: 0
    none declared — the script wrote nothing into its private home — there is nothing to promote
  == writePaths FEASIBILITY (distinct writes outside project/deps) ==
    count: 0
    EVENTS    4399 distinct from 10710 calls (10751 lines, 17 rejoined, 0 unparsed)
    PROCS     21   lifecycle shells 9
    ⛔ 3 paths with an UNRESOLVED dirfd — kept, marked, never guessed
    unsubscribed/unmapped syscalls: setsockopt×23 getsockname×20 exit×16 getsockopt×7 recvmsg×7 getcwd×4 socketpair×3 shutdown×3
    wrote /home/runner/v2-uomNeH/observe/events.ndjson.gz (31154 bytes)
  EVENTLOG-FILE /home/runner/v2-uomNeH/observe/events.ndjson.gz
  EVENTLOG-STATS {"lines":10751,"parsed":10710,"unparsed":0,"unfinished":17,"rejoined":17,"unresolvedDirfd":3,"truncatedArg":0,"procs":21,"lifecyclePids":9,"distinctEvents":4399,"unknownSyscall":{"getsockname":20,"getsockopt":7,"getcwd":4,"recvmsg":7,"exit":16,"setsockopt":23,"sendmmsg":1,"socketpair":3,"shutdown":3,"exit_group":3,"wait4":3},"out":"/home/runner/v2-uomNeH/observe/events.ndjson.gz","gzipBytes":31154}
  EVICT     0 store entries removed, 0 spared as nub tooling
  SE-PURGE  0 side-effects-cache entries for @vscode/vsce-sign
OSV-SCREEN {"schemaVersion":1,"kind":"nub-synth-resolved","status":"clean","digest":"33a5a1c6293abd54894101dd897d938fb0d7182c17b3cce611918765e6a04b34","specCount":2,"lockfiles":{"digest":"e7880023241e8c2944eb87828fe89c85b436f12a72e255ffd98e04acff831d15","files":[{"path":"nub.lock","sha256":"cc44ba50300999108067cd13647c5329a0fde73839d21e2c6c2356908f6f0c43","bytes":3168}]},"maliciousAdvisories":[],"screenedAt":"2026-09-10T02:22:40.528Z","cacheHit":true,"clearancePath":"/home/runner/v2-uomNeH/security/nub-synth-resolved.json"}
  SECURITY nub-synth-resolved clean: 2 exact package-version(s), tree 33a5a1c6293a (cached exact-tree clearance)
  VENUE-STORE-LAYOUT isolated
  VERIFY[synth] rc=0 artifacts=11/11 missing=0 shortfall=none (tree 59/18) OVERRIDDEN=3 REJECTED=0 grant={}
  => VERIFIED {}   (observed, then verified)
  DESCEND   grant is already empty — nothing to narrow; MINIMAL by construction.
