### angular-ui-router@1.0.8   (/home/runner/v2-Ja5xqz)
  CI-ENV scrubbed: CI GITHUB_ACTIONS
OSV-SCREEN {"schemaVersion":1,"kind":"direct","status":"clean","digest":"ac80ae8df904c836bca5146293f71ab121b58f6325a262ed2a4c623eae938176","specCount":1,"lockfiles":{"digest":null,"files":[]},"maliciousAdvisories":[],"screenedAt":"2026-09-08T00:44:48.714Z","cacheHit":false,"clearancePath":"/home/runner/v2-Ja5xqz/security/direct.json"}
  SECURITY direct clean: 1 exact package-version(s), tree ac80ae8df904
  VENUE-OBSERVE-USER {"uid":1001,"user":"runner","umask":"0022","capBnd":"000001ffffffffff","noNewPrivs":"0"}
  VENUE-NUB-BINARY {"path":"/tmp/nub/target/release/nub","sha256":"2a18683f50f7afeb02a521cd3cae175dc2f91780d461c5f012065241f5a1447b","bytes":207643464,"features":{"buildJailCatalogOverride":true,"pythonDontWriteBytecodeEnv":true}}
OSV-SCREEN {"schemaVersion":1,"kind":"npm-observe-resolved","status":"clean","digest":"d1eae7f360187084d9bcfced961f7b45b4a7b6b6f8e0ab5b0b9ef3c0b302dd83","specCount":3,"lockfiles":{"digest":"5dbaf72d7447a375a45b6f26907bad72f3f70c82f24d04a67b19fd97021fb61b","files":[{"path":"package-lock.json","sha256":"332de737c3ce5dccb051228e31183f4398b70d6620b8ef8f11e178f2e6da0874","bytes":1677}]},"maliciousAdvisories":[],"screenedAt":"2026-09-08T00:44:49.938Z","cacheHit":false,"clearancePath":"/home/runner/v2-Ja5xqz/security/npm-observe-resolved.json"}
  SECURITY npm-observe-resolved clean: 3 exact package-version(s), tree d1eae7f36018
  OBSERVE   rc=0 files=619 trace=10734 lines
  CLOSURE   3 packages evicted per arm
  ARM-FALSIFIABILITY {"manifestFiles":131,"filesTheScriptProduced":0,"reasons":["gate-vacuous"]}
  ⛔ ARMS-UNFALSIFIABLE — a green arm for this package carries no evidence:
       gate-vacuous: the script changed no file the artifact gate keys on — every file in the manifest (131) was already present at its final size before the script ran, so the gate passes in every arm including a completely broken one
       The grant may still be correct; what is missing is a signal that could have gone
       red. Do not read this record's MINIMAL as a passing measurement.
  RAWLOG-FILE /home/runner/v2-Ja5xqz/observe/trace.txt.gz
  RAWLOG-CAPTURE /home/runner/v2-Ja5xqz/observe/capture.json
  RAWLOG-BYTES raw=2368184 gz=68544
  VENUE-INTERPRETER /opt/hostedtoolcache/node/22.23.2/x64
  VENUE-OVERRIDES {"set":{"HOME":"/home/runner/v2-Ja5xqz/jailhome","TMPDIR":"/tmp/nub-tmp-obswIHRzG","NODE_COMPAT":"1","PLAYWRIGHT_BROWSERS_PATH":"/home/runner/.cache/nub/pm/tools/ms-playwright","ELECTRON_CACHE":"/home/runner/.cache/nub/pm/tools/electron-cache","electron_config_cache":"/home/runner/.cache/nub/pm/tools/electron-cache","npm_config_prefix":"/home/runner/.cache/nub/pm/tools/npm-prefix","PYTHONDONTWRITEBYTECODE":"1","NUB_CACHE_DIR":"/home/runner/v2-Ja5xqz/nubcache"},"unset":["CI","GITHUB_ACTIONS"],"passedThrough":{"CI":"true","GITHUB_ACTIONS":"true","NODE_ENV":null}}
  == ATTRIBUTION == attributed pids: 13
    writes  script 0  /  whole traced tree 1088
    sockets script 0  /  whole traced tree 4
  == ROOTS (from capture.json — R2: no ambient reads) ==
    project       /home/runner/v2-Ja5xqz/observe
    home          /home/runner
    jailHome      /home/runner/v2-Ja5xqz/jailhome
    globalStore   /home/runner/.cache/nub/pm/store   [declared, not keyed on]
    projectStore  /home/runner/v2-Ja5xqz/observe/node_modules/.store   [declared, not keyed on]
    interpreter   /opt/hostedtoolcache/node/22.23.2/x64   [declared, not keyed on]
    toolsDir      /home/runner/.cache/nub/pm/tools   [declared, not keyed on]
    temp          /tmp/nub-tmp-obswIHRzG
    npmPrefix     /home/runner/.cache/nub/pm/tools/npm-prefix
    ownPkg        /home/runner/v2-Ja5xqz/observe/node_modules/angular-ui-router
  == WRITES the script actually performed ==
  == NETWORK ==
    AF_INET sockets: 0   distinct peers: 2
        127.0.0.53:53
        104.16.0.34:443
  == REFUSALS (only `= -1 EACCES/EPERM/EROFS`) ==
    distinct: 0
  == SYNTHESIZED GRANT (verify this in the real unprivileged jail) ==
    {}
  == writePaths (DERIVED — promotion out of the package's PRIVATE home) ==
    private-home writes observed: 0
    none declared — the script wrote nothing into its private home — there is nothing to promote
  == writePaths FEASIBILITY (distinct writes outside project/deps) ==
    count: 0
    EVENTS    4381 distinct from 10692 calls (10735 lines, 20 rejoined, 0 unparsed)
    PROCS     20   lifecycle shells 8
    ⛔ 3 paths with an UNRESOLVED dirfd — kept, marked, never guessed
    unsubscribed/unmapped syscalls: getsockname×24 setsockopt×23 exit×15 getsockopt×11 recvmsg×7 getcwd×4 socketpair×3 shutdown×3
    wrote /home/runner/v2-Ja5xqz/observe/events.ndjson.gz (31065 bytes)
  EVENTLOG-FILE /home/runner/v2-Ja5xqz/observe/events.ndjson.gz
  EVENTLOG-STATS {"lines":10735,"parsed":10692,"unparsed":0,"unfinished":20,"rejoined":20,"unresolvedDirfd":3,"truncatedArg":0,"procs":20,"lifecyclePids":8,"distinctEvents":4381,"unknownSyscall":{"getsockname":24,"getsockopt":11,"getcwd":4,"recvmsg":7,"exit":15,"setsockopt":23,"sendmmsg":1,"socketpair":3,"shutdown":3,"exit_group":3,"wait4":3},"out":"/home/runner/v2-Ja5xqz/observe/events.ndjson.gz","gzipBytes":31065}
  EVICT     0 store entries removed, 0 spared as nub tooling
  SE-PURGE  0 side-effects-cache entries for angular-ui-router
  scaffold: 1 dependency package(s) with lifecycle scripts granted a fixed wide grant
OSV-SCREEN {"schemaVersion":1,"kind":"nub-synth-resolved","status":"clean","digest":"d1eae7f360187084d9bcfced961f7b45b4a7b6b6f8e0ab5b0b9ef3c0b302dd83","specCount":3,"lockfiles":{"digest":"14fef726fd61e6270955eda33a1286f077867d2bd982c27b07ac9613ffd7aa02","files":[{"path":"nub.lock","sha256":"9748ec7e313a5e6fb0bcab5d246f345c0e028b75cbd23cb52613b061052d9aef","bytes":1188}]},"maliciousAdvisories":[],"screenedAt":"2026-09-08T00:44:49.938Z","cacheHit":true,"clearancePath":"/home/runner/v2-Ja5xqz/security/nub-synth-resolved.json"}
  SECURITY nub-synth-resolved clean: 3 exact package-version(s), tree d1eae7f36018 (cached exact-tree clearance)
  VENUE-STORE-LAYOUT isolated
  VERIFY[synth] rc=0 artifacts=131/131 missing=0 shortfall=none (tree 1853/619) OVERRIDDEN=3 REJECTED=0 grant={}
  => VERIFIED {}   (observed, then verified)
  DESCEND   grant is already empty — nothing to narrow; MINIMAL by construction.
