  HARNESS-NODE /opt/hostedtoolcache/node/22.23.2/x64/bin/node (v22.23.2); arm-cap present
  ERA-NODE PINNED 6.17.1 (provisioned) (arms will run: v6.17.1)
  ERA-PYTHON /usr/bin/python2.7 (Python 2.7.18) for era Node 6, whose node-gyp requires python2
  ARM-MAKE /usr/bin/gmake (GNU Make 4.3) — the system make; a build needing GNU Make 4 WILL fail here
### promise-pool-executor@1.0.3   (/home/runner/v2-oTe0Ag)
  CI-ENV scrubbed: CI GITHUB_ACTIONS
OSV-SCREEN {"schemaVersion":1,"kind":"direct","status":"clean","digest":"8117d4fe24921a14c426f72ed081312e14040e77085e9146093cc88011d6a21a","specCount":1,"lockfiles":{"digest":null,"files":[]},"maliciousAdvisories":[],"screenedAt":"2026-08-25T08:53:40.291Z","cacheHit":false,"clearancePath":"/home/runner/v2-oTe0Ag/security/direct.json"}
  SECURITY direct clean: 1 exact package-version(s), tree 8117d4fe2492
  VENUE-OBSERVE-USER {"uid":1001,"user":"runner","umask":"0022","capBnd":"000001ffffffffff","noNewPrivs":"0"}
  VENUE-NUB-BINARY {"path":"/tmp/nub/target/release/nub","sha256":"bed0d624b324fb3de83de474ff73731ad2f1fd040ff548bb0158e2baf850701d","bytes":208304640,"features":{"buildJailCatalogOverride":true,"pythonDontWriteBytecodeEnv":true}}
  ERA-RESOLUTION DATED 2017-10-10T23:37:44.679Z (deps as of the package's own publish date + 1d)
OSV-SCREEN {"schemaVersion":1,"kind":"npm-observe-resolved","status":"clean","digest":"0230f30498a8d04efb06ef14afb060b4e923341898fff58e17d27a7ff0c17643","specCount":6,"lockfiles":{"digest":"a3f2f77950695303cdb9e760fd7bf75d5a9c7eadfcbc5d8982ebcabe28f82da1","files":[{"path":"package-lock.json","sha256":"3b445bf1f6ec5f50ffe06ab2de72629627017d408cbbb988dc8cd84bd8ae8d5f","bytes":2653}]},"maliciousAdvisories":[],"screenedAt":"2026-08-25T08:53:41.286Z","cacheHit":false,"clearancePath":"/home/runner/v2-oTe0Ag/security/npm-observe-resolved.json"}
  SECURITY npm-observe-resolved clean: 6 exact package-version(s), tree 0230f30498a8
  ARM-PATH SANITISED (nothing to drop)
  ARM-AMBIENT-TOOLS 7 leaked: tsc=/usr/local/bin/tsc grunt=/usr/local/bin/grunt gulp=/usr/local/bin/gulp webpack=/usr/local/bin/webpack lerna=/usr/local/bin/lerna yarn=/usr/local/bin/yarn pulumi=/usr/local/bin/pulumi
  ARM-SCAFFOLD 1 added: tslint@^5.7.0
  ARM-UNPROVIDABLE none
  ARM-SCAFFOLD-INSTALL rc=0
  OBSERVE   rc=1 files=1058 trace=13448 lines
  => BROKEN-WITHOUT-JAIL-TOO (unjailed control failed; nothing to measure)
