OSV-SCREEN {"schemaVersion":1,"kind":"direct","status":"clean","digest":"1807865e0dc014512804c4fd62a6e5f50c9b42328f6dc38f4deeb1c993c6ab0b","specCount":1,"lockfiles":{"digest":null,"files":[]},"maliciousAdvisories":[],"screenedAt":"2026-08-31T21:35:34.598Z","cacheHit":false,"clearancePath":"/Users/runner/v2m-yFDJwl/security/direct.json"}
  SECURITY direct clean: 1 exact package-version(s), tree 1807865e0dc0
  ERA-NODE PINNED 24.19.0 (provisioned) (arms will run: v24.19.0)
  ERA-PYTHON /Users/runner/hostedtoolcache/Python/3.9.13/arm64/bin/python (Python 3.9.13) for era Node 24, whose node-gyp requires python3
  ARM-MAKE /usr/bin/make (GNU Make 3.81) — the system make; a build needing GNU Make 4 WILL fail here
### @modelcontextprotocol/ext-apps@0.2.2   (/Users/runner/v2m-yFDJwl)   nub=/tmp/nub/target/release/nub
  VENUE-NUB-BINARY {"path":"/tmp/nub/target/release/nub","sha256":"69e622342d0c8393c78fa50a01dc9cc0a94371ac9b106b59bdcc016f06d86d30","bytes":94535576,"features":{"buildJailCatalogOverride":true,"pythonDontWriteBytecodeEnv":true}}
  CI-ENV scrubbed: CI GITHUB_ACTIONS
  --- fbt preflight (advisory; never fails the run) ---
     csrutil: System Integrity Protection status: disabled.
     fbt probes visible: 93577
     fbt enable attempt: dtrace: description 'fbt:::entry ' matched 50357 probes CPU     ID                    FUNCTION:NAME 
     cwd builtin value:  
     fbt chdir symbols:  
     fbt fires on spawn-with-cwd: dtrace: invalid probe specifier fbt::chdir*:entry /progenyof($target)/ { @[probefunc] = count(); }: probe description fbt::chdir*:entry does not match any probes 
  --- end fbt preflight ---
  ERA-RESOLUTION DATED 2025-12-18T21:03:30.210Z (deps as of the package's own publish date + 1d)
OSV-SCREEN {"schemaVersion":1,"kind":"npm-observe-resolved","status":"clean","digest":"b1a4d5c63605309de9d626ac1dcaf7f063c444d7581f2bb8899365d803a08c5b","specCount":94,"lockfiles":{"digest":"99036816d5f89f68ce9cefde178b21ed1b73f815f2cd5de7fe8ad125be9263ab","files":[{"path":"package-lock.json","sha256":"6b5b99f5165ed595b2d41c230095300357bcdaaee32308aa2cc7ef160cc0ba7f","bytes":50498}]},"maliciousAdvisories":[],"screenedAt":"2026-08-31T21:35:44.316Z","cacheHit":false,"clearancePath":"/Users/runner/v2m-yFDJwl/security/npm-observe-resolved.json"}
  SECURITY npm-observe-resolved clean: 94 exact package-version(s), tree b1a4d5c63605
  ARM-PATH SANITISED (dropped 1: /Users/runner/.yarn/bin)
  ARM-AMBIENT-TOOLS none
  ARM-SCAFFOLD 2 added: tsx@^4.21.0 husky@^9.1.7
  ARM-UNPROVIDABLE none
  ARM-SCAFFOLD-INSTALL rc=0
  VENUE-CI-CHILD clean (no CI-detection variable reaches the traced script)
  ARM-REBUILD-SPEC @modelcontextprotocol/ext-apps@0.2.2
  --- wrapper (run.sh) ---
     cd "/Users/runner/v2m-yFDJwl/Observe"
     sudo -u "runner" -H env "PATH=/Users/runner/v2m-yFDJwl/Observe/node_modules/.bin:/Users/runner/.cache/nub/era-node/24.19.0/node-v24.19.0-darwin-arm64/bin:/Users/runner/hostedtoolcache/node/22.23.2/arm64/bin:/opt/homebrew/lib/ruby/gems/3.3.0/bin:/opt/homebrew/opt/ruby@3.3/bin:/Users/runner/.local/bin:/opt/homebrew/bin:/opt/homebrew/sbin:/Users/runner/.cargo/bin:/usr/local/opt/curl/bin:/usr/local/bin:/usr/local/sbin:/Users/runner/bin:/Users/runner/Library/Android/sdk/tools:/Users/runner/Library/Android/sdk/platform-tools:/Library/Frameworks/Python.framework/Versions/Current/bin:/Library/Frameworks/Mono.framework/Versions/Current/Commands:/usr/bin:/bin:/usr/sbin:/sbin:/Users/runner/.dotnet/tools"   "HOME=/Users/runner/v2m-yFDJwl/jailhome"   "TMPDIR=/private/var/folders/_5/zjnzxgh147qcg3bb5cg2wvqw0000gn/T/nub-tmp-obs2qnfll"   "NODE_COMPAT=1"   "PYTHONDONTWRITEBYTECODE=1"   "PLAYWRIGHT_BROWSERS_PATH=/Users/runner/.cache/nub/pm/tools/ms-playwright"   "ELECTRON_CACHE=/Users/runner/.cache/nub/pm/tools/electron-cache"   "electron_config_cache=/Users/runner/.cache/nub/pm/tools/electron-cache"   "npm_config_prefix=/Users/runner/.cache/nub/pm/tools/npm-prefix"   PYTHON=/Users/runner/hostedtoolcache/Python/3.9.13/arm64/bin/python   npm rebuild --no-audit --no-fund "@modelcontextprotocol/ext-apps@0.2.2" > "/Users/runner/v2m-yFDJwl/Observe/npm.log" 2>&1
     echo $? > "/Users/runner/v2m-yFDJwl/Observe/rc"
  --- dtrace stderr + wrapper trace ---
     + cd /Users/runner/v2m-yFDJwl/Observe
     + sudo -u runner -H env PATH=/Users/runner/v2m-yFDJwl/Observe/node_modules/.bin:/Users/runner/.cache/nub/era-node/24.19.0/node-v24.19.0-darwin-arm64/bin:/Users/runner/hostedtoolcache/node/22.23.2/arm64/bin:/opt/homebrew/lib/ruby/gems/3.3.0/bin:/opt/homebrew/opt/ruby@3.3/bin:/Users/runner/.local/bin:/opt/homebrew/bin:/opt/homebrew/sbin:/Users/runner/.cargo/bin:/usr/local/opt/curl/bin:/usr/local/bin:/usr/local/sbin:/Users/runner/bin:/Users/runner/Library/Android/sdk/tools:/Users/runner/Library/Android/sdk/platform-tools:/Library/Frameworks/Python.framework/Versions/Current/bin:/Library/Frameworks/Mono.framework/Versions/Current/Commands:/usr/bin:/bin:/usr/sbin:/sbin:/Users/runner/.dotnet/tools HOME=/Users/runner/v2m-yFDJwl/jailhome TMPDIR=/private/var/folders/_5/zjnzxgh147qcg3bb5cg2wvqw0000gn/T/nub-tmp-obs2qnfll NODE_COMPAT=1 PYTHONDONTWRITEBYTECODE=1 PLAYWRIGHT_BROWSERS_PATH=/Users/runner/.cache/nub/pm/tools/ms-playwright ELECTRON_CACHE=/Users/runner/.cache/nub/pm/tools/electron-cache electron_config_cache=/Users/runner/.cache/nub/pm/tools/electron-cache npm_config_prefix=/Users/runner/.cache/nub/pm/tools/npm-prefix PYTHON=/Users/runner/hostedtoolcache/Python/3.9.13/arm64/bin/python npm rebuild --no-audit --no-fund @modelcontextprotocol/ext-apps@0.2.2
     dtrace: error on enabled probe ID 128 (ID 286: syscall::execve:entry): invalid address (0x600001ee0120) in action #1 at DIF offset 20
     + echo 0
  OBSERVE   rc=0 dtrace_rc=0 files=5889 (pre=5887) trace=8466 lines
  CLOSURE   101 packages evicted per arm   store=/Users/runner/.cache/nub/pm/store
  RAWLOG-FILE /Users/runner/v2m-yFDJwl/Observe/trace.txt.gz
  RAWLOG-CAPTURE /Users/runner/v2m-yFDJwl/Observe/capture.json
  RAWLOG-BYTES raw=1572136 gz=59200
  VENUE-INTERPRETER /Users/runner/hostedtoolcache/node/22.23.2/arm64
  VENUE-NODE-SELECTION {"pkg":"@modelcontextprotocol/ext-apps","packageVersion":"0.2.2","major":24,"version":"24.19.0","npm":"11.17.0","pinnable":true,"engines":null,"publishedAt":"2025-12-17T21:03:30.210Z","eraMajor":24,"startMajor":24,"raisedByEngines":false,"enginesUnsatisfiable":false,"clampedToFloor":false,"clampedToCeiling":false,"matrixFloor":4,"matrixCeiling":26,"lookupFailure":null,"pinned":true,"pinnedBin":"/Users/runner/.cache/nub/era-node/24.19.0/node-v24.19.0-darwin-arm64/bin","eraNodeRoot":"/Users/runner/.cache/nub"}
  VENUE-OVERRIDES {"set":{"PATH":"inherited-and-forwarded","HOME":"/Users/runner/v2m-yFDJwl/jailhome","TMPDIR":"/private/var/folders/_5/zjnzxgh147qcg3bb5cg2wvqw0000gn/T/nub-tmp-obs2qnfll","NODE_COMPAT":"1","PYTHONDONTWRITEBYTECODE":"1","PLAYWRIGHT_BROWSERS_PATH":"/Users/runner/.cache/nub/pm/tools/ms-playwright","ELECTRON_CACHE":"/Users/runner/.cache/nub/pm/tools/electron-cache","electron_config_cache":"/Users/runner/.cache/nub/pm/tools/electron-cache","npm_config_prefix":"/Users/runner/.cache/nub/pm/tools/npm-prefix"},"unset":["(sudo env_reset discards the caller environment; every var above is re-set after it)","CI","GITHUB_ACTIONS"],"passedThrough":{"CI":"true","GITHUB_ACTIONS":"true","NODE_ENV":null}}
  VENUE-OBSERVE-USER runner uid=501 (R7: ordinary non-root user, asserted)
  ARM-FALSIFIABILITY {"manifestFiles":23,"filesTheScriptProduced":0,"reasons":["gate-vacuous"]}
  ⛔ ARMS-UNFALSIFIABLE — the artifact gate carries no signal for this package:
       gate-vacuous: the script changed no file the artifact gate keys on — every file in the manifest (23) was already present at its final size before the script ran, so the gate passes in every arm including a completely broken one
       The EXIT CODE is still a live detector here, so a descent arm that actually
       FAILED is evidence. What is missing is the gate, not every signal — do not read
       a green arm as proof on its own, and do not read this note as "no evidence".
  EVENTLOG-FILE /Users/runner/v2m-yFDJwl/Observe/events.ndjson.gz
  EVENTLOG-STATS {"lines":8467,"parsed":8449,"unparsed":0,"live":true,"tracerErrors":1,"tracerErrorTotal":1,"unresolvedDirfd":21,"unresolvedFd":0,"pairedTwoPath":529,"danglingPair":0,"failed":2712,"enoent":2707,"refusals":0,"byErrno":{"ENXIO":3,"ENOENT":2707,"EEXIST":2},"procs":6,"lifecyclePids":1,"distinctEvents":5185,"emitted":5185,"calls":7906,"bytes":1116985,"gzipBytes":35774,"out":"/Users/runner/v2m-yFDJwl/Observe/events.ndjson"}
  == TRACER == live=true decodable-events=3191 dropped-events=1
    NOTE 14 relative path(s) under a non-AT_FDCWD dirfd were not
       scope-assigned: resolving them against the cwd would invent a path.
    ⛔ CWD-UNOBSERVED 2 relative path(s) (0 write(s)) came from a lifecycle
       process whose own cwd was never observed
       macOS spawns with posix_spawn addchdir_np, which changes directory in-kernel and
       emits no chdir syscall, so the inherited cwd cannot be trusted. These are NOT
       scope-assigned; the grant below is WIDENED instead so it covers wherever they landed.
         pid=47767 read  unproven .
         pid=47768 read  unproven .
    ⛔ THE TRACER DROPPED 1 EVENT(S). A dropped event is a path never
       seen, so the grant below can only be too NARROW — the direction that breaks installs.
       Treat it as a FLOOR, not a measurement, until the adapter fault is fixed:
             1 x  epid=128 action=1 fault=1 addr=0x600001ee0120
  == ATTRIBUTION == lifecycle pids: 1
    writes  script 1  /  whole traced subtree 1064
    sockets script 0  /  whole traced subtree 0
  == ROOTS (from /Users/runner/v2m-yFDJwl/Observe/capture.json; the classifier reads no other source) ==
    project       /Users/runner/v2m-yFDJwl/Observe
    home          /Users/runner
    jailHome      /Users/runner/v2m-yFDJwl/jailhome
    globalStore   /Users/runner/.cache/nub/pm/store
    projectStore  /Users/runner/v2m-yFDJwl/Observe/node_modules/.store
    interpreter   /Users/runner/hostedtoolcache/node/22.23.2/arm64
    toolsDir      /Users/runner/.cache/nub/pm/tools
    temp          /private/var/folders/_5/zjnzxgh147qcg3bb5cg2wvqw0000gn/T/nub-tmp-obs2qnfll
    npmPrefix     /Users/runner/.cache/nub/pm/tools/npm-prefix
    ownPkg        /Users/runner/v2m-yFDJwl/Observe/node_modules/@modelcontextprotocol/ext-apps
    cwd           (null — this platform has no such root)
  == WRITES the script actually performed ==
    systemfs      1
        /dev/dtracehelper
  == READS the script performed, by scope ==
    outside       3
    systemfs      8
    userHome      2
        outside: /
        outside: /bin/bash
        outside: /bin
  == NETWORK ==
    AF_INET connects: 0   distinct peers: 0
  == REFUSALS (errno EPERM/EACCES/EROFS only; ENOENT is a miss, not a denial) ==
    distinct: 0
  == SYNTHESIZED GRANT (verify this in the real unprivileged jail) ==
    {}
  == writePaths (DERIVED — promotion out of the package's PRIVATE home) ==
    private-home writes observed: 0
    none declared — the script wrote nothing into its private home — there is nothing to promote
  == writePaths FEASIBILITY (distinct writes outside project/deps) ==
    count: 0
  scaffold: 1 dependency package(s) with lifecycle scripts granted a fixed wide grant
  EVICT[synth] 69 store entries removed, 26 spared as nub tooling, 1743 in store
OSV-SCREEN {"schemaVersion":1,"kind":"nub-synth-resolved","status":"clean","digest":"c67f714acbd6d4228be4f0ff811e630b228bd060e2c666fd0ac19c036fb33058","specCount":96,"lockfiles":{"digest":"94b95ca74348bde8c55c2a85ea96869aeccfdef18443693546b33704395a51a6","files":[{"path":"nub.lock","sha256":"525a631de381eacf06ac1d70d66bb184adc80abcb8eda332deae0d679d5ae0f5","bytes":29365}]},"maliciousAdvisories":[],"screenedAt":"2026-08-31T21:35:52.204Z","cacheHit":false,"clearancePath":"/Users/runner/v2m-yFDJwl/security/nub-synth-resolved.json"}
  SECURITY nub-synth-resolved clean: 96 exact package-version(s), tree c67f714acbd6
  VENUE-STORE-LAYOUT isolated
  VERIFY[synth] rc=0 artifacts=23/23 missing=0 shortfall=none (tree 14506/5889) OVERRIDDEN=3 REJECTED=0 grant={}
  => VERIFIED {}
  NARROW    no capability to drop — the grant is already empty; over-prediction is 0 by construction
### DONE @modelcontextprotocol/ext-apps@0.2.2  synthesized={} verified=1
