OSV-SCREEN {"schemaVersion":1,"kind":"direct","status":"clean","digest":"64f893addbe7a7d6d1dcf593dd93d5ad58674a5dfbde4ea7eb0c830a1f70161c","specCount":1,"lockfiles":{"digest":null,"files":[]},"maliciousAdvisories":[],"screenedAt":"2026-09-08T06:28:42.110Z","cacheHit":false,"clearancePath":"/Users/runner/v2m-vrlRl4/security/direct.json"}
  SECURITY direct clean: 1 exact package-version(s), tree 64f893addbe7
### appium-chromedriver@5.6.69   (/Users/runner/v2m-vrlRl4)   nub=/tmp/nub/target/release/nub
  VENUE-NUB-BINARY {"path":"/tmp/nub/target/release/nub","sha256":"f923f9d246b7061a3e88675efb7b4fdcda741d02368002ce6e7f7044b01e7bbe","bytes":93818888,"features":{"buildJailCatalogOverride":true,"pythonDontWriteBytecodeEnv":true}}
  CI-ENV scrubbed: CI GITHUB_ACTIONS
  --- fbt preflight (advisory; never fails the run) ---
     csrutil: System Integrity Protection status: disabled.
     fbt probes visible: 93591
     fbt enable attempt: dtrace: description 'fbt:::entry ' matched 50364 probes CPU     ID                    FUNCTION:NAME 
     cwd builtin value:  
     fbt chdir symbols:  
     fbt fires on spawn-with-cwd: dtrace: invalid probe specifier fbt::chdir*:entry /progenyof($target)/ { @[probefunc] = count(); }: probe description fbt::chdir*:entry does not match any probes 
  --- end fbt preflight ---
OSV-SCREEN {"schemaVersion":1,"kind":"npm-observe-resolved","status":"clean","digest":"a1cdb4bf0bb75a721a8389d4dcaaa382438297220ec4bbda9a01e71cdef94e59","specCount":354,"lockfiles":{"digest":"7d0f01fee886d14259a7c2b42a42e2e0695c6a1aa0ab45737a852f0da80745aa","files":[{"path":"package-lock.json","sha256":"9dc7a8333ca4b848f1119ea19c930860cd0c630db3e4fd8193762da97ded63c6","bytes":202701}]},"maliciousAdvisories":[],"screenedAt":"2026-09-08T06:28:55.746Z","cacheHit":false,"clearancePath":"/Users/runner/v2m-vrlRl4/security/npm-observe-resolved.json"}
  SECURITY npm-observe-resolved clean: 354 exact package-version(s), tree a1cdb4bf0bb7
  VENUE-CI-CHILD clean (no CI-detection variable reaches the traced script)
  --- wrapper (run.sh) ---
     cd "/Users/runner/v2m-vrlRl4/Observe"
     sudo -u "runner" -H env "PATH=$PATH"   "HOME=/Users/runner/v2m-vrlRl4/jailhome"   "TMPDIR=/private/var/folders/bl/vzjcvbz95c3dk19cb0fw46180000gn/T/nub-tmp-obsql3Qpu"   "NODE_COMPAT=1"   "PYTHONDONTWRITEBYTECODE=1"   "PLAYWRIGHT_BROWSERS_PATH=/Users/runner/.cache/nub/pm/tools/ms-playwright"   "ELECTRON_CACHE=/Users/runner/.cache/nub/pm/tools/electron-cache"   "electron_config_cache=/Users/runner/.cache/nub/pm/tools/electron-cache"   "npm_config_prefix=/Users/runner/.cache/nub/pm/tools/npm-prefix"   "/Users/runner/hostedtoolcache/node/22.23.2/arm64/bin/npm" rebuild --no-audit --no-fund "appium-chromedriver" > "/Users/runner/v2m-vrlRl4/Observe/npm.log" 2>&1
     echo $? > "/Users/runner/v2m-vrlRl4/Observe/rc"
  --- dtrace stderr + wrapper trace ---
     + cd /Users/runner/v2m-vrlRl4/Observe
     + sudo -u runner -H env PATH=/Users/runner/hostedtoolcache/node/22.23.2/arm64/bin:/opt/homebrew/lib/ruby/gems/3.3.0/bin:/opt/homebrew/opt/ruby@3.3/bin:/Users/runner/.local/bin:/opt/homebrew/bin:/opt/homebrew/sbin:/Users/runner/.cargo/bin:/usr/local/opt/curl/bin:/usr/local/bin:/usr/local/sbin:/Users/runner/bin:/Users/runner/.yarn/bin:/Users/runner/Library/Android/sdk/tools:/Users/runner/Library/Android/sdk/platform-tools:/Library/Frameworks/Python.framework/Versions/Current/bin:/Library/Frameworks/Mono.framework/Versions/Current/Commands:/usr/bin:/bin:/usr/sbin:/sbin:/Users/runner/.dotnet/tools HOME=/Users/runner/v2m-vrlRl4/jailhome TMPDIR=/private/var/folders/bl/vzjcvbz95c3dk19cb0fw46180000gn/T/nub-tmp-obsql3Qpu NODE_COMPAT=1 PYTHONDONTWRITEBYTECODE=1 PLAYWRIGHT_BROWSERS_PATH=/Users/runner/.cache/nub/pm/tools/ms-playwright ELECTRON_CACHE=/Users/runner/.cache/nub/pm/tools/electron-cache electron_config_cache=/Users/runner/.cache/nub/pm/tools/electron-cache npm_config_prefix=/Users/runner/.cache/nub/pm/tools/npm-prefix /Users/runner/hostedtoolcache/node/22.23.2/arm64/bin/npm rebuild --no-audit --no-fund appium-chromedriver
     dtrace: error on enabled probe ID 128 (ID 286: syscall::execve:entry): invalid address (0x600003fc4000) in action #1 at DIF offset 20
     + echo 1
  OBSERVE   rc=1 dtrace_rc=0 files=12162 (pre=12160) trace=26477 lines
  => BROKEN-WITHOUT-JAIL-TOO (unjailed control failed rc=1; nothing to measure)
     npm error code 1
     npm error path /Users/runner/v2m-vrlRl4/Observe/node_modules/appium-chromedriver
     npm error command failed
     npm error command sh -c node install-npm.js
     npm error ERR! CDInstaller Error installing Chromedriver: DOMParser.parseFromString: the provided mimeType "undefined" is not valid.
     npm error ERR! CDInstaller TypeError: DOMParser.parseFromString: the provided mimeType "undefined" is not valid.
     npm error ERR! CDInstaller     at DOMParser.parseFromString (/Users/runner/v2m-vrlRl4/Observe/node_modules/@xmldom/xmldom/lib/dom-parser.js:225:9)
     npm error ERR! CDInstaller     at parseGoogleapiStorageXml (/Users/runner/v2m-vrlRl4/Observe/node_modules/appium-chromedriver/lib/storage-client/googleapis.js:98:31)
     npm error ERR! CDInstaller     at ChromedriverStorageClient.retrieveMapping (/Users/runner/v2m-vrlRl4/Observe/node_modules/appium-chromedriver/lib/storage-client/storage-client.js:97:59)
     npm error ERR! CDInstaller     at ChromedriverStorageClient.syncDrivers (/Users/runner/v2m-vrlRl4/Observe/node_modules/appium-chromedriver/lib/storage-client/storage-client.js:357:7)
     npm error ERR! CDInstaller     at install (/Users/runner/v2m-vrlRl4/Observe/node_modules/appium-chromedriver/lib/install.js:57:3)
     npm error ERR! CDInstaller     at Object.doInstall (/Users/runner/v2m-vrlRl4/Observe/node_modules/appium-chromedriver/lib/install.js:64:3)
     npm error ERR! CDInstaller     at main (/Users/runner/v2m-vrlRl4/Observe/node_modules/appium-chromedriver/install-npm.js:66:5)
     npm error ERR! CDInstaller Downloading Chromedriver can be skipped by setting the'APPIUM_SKIP_CHROMEDRIVER_INSTALL' environment variable.
     npm notice
     npm notice New major version of npm available! 10.9.8 -> 12.0.2
     npm notice Changelog: https://github.com/npm/cli/releases/tag/v12.0.2
     npm notice To update run: npm install -g npm@12.0.2
     npm notice
     npm error A complete log of this run can be found in: /Users/runner/v2m-vrlRl4/jailhome/.npm/_logs/2026-09-08T06_28_58_010Z-debug-0.log
