OSV-SCREEN {"schemaVersion":1,"kind":"direct","status":"clean","digest":"329db20aa5937dafe0d2e1809552206c790b95560eb405a8bdbd1fb06b7b5315","specCount":1,"lockfiles":{"digest":null,"files":[]},"maliciousAdvisories":[],"screenedAt":"2026-08-31T23:30:05.550Z","cacheHit":false,"clearancePath":"/Users/runner/v2m-7w1dhM/security/direct.json"}
  SECURITY direct clean: 1 exact package-version(s), tree 329db20aa593
  ERA-NODE PINNED 24.19.0 (provisioned) (arms will run: v24.19.0)
  ERA-PYTHON /Users/runner/hostedtoolcache/Python/3.9.13/arm64/bin/python (Python 3.9.13) for era Node 24, whose node-gyp requires python3
  ARM-MAKE /usr/bin/make (GNU Make 3.81) — the system make; a build needing GNU Make 4 WILL fail here
### electron-chromedriver@41.9.2   (/Users/runner/v2m-7w1dhM)   nub=/tmp/nub/target/release/nub
  VENUE-NUB-BINARY {"path":"/tmp/nub/target/release/nub","sha256":"69e622342d0c8393c78fa50a01dc9cc0a94371ac9b106b59bdcc016f06d86d30","bytes":94535576,"features":{"buildJailCatalogOverride":true,"pythonDontWriteBytecodeEnv":true}}
  CI-ENV scrubbed: CI GITHUB_ACTIONS
  --- fbt preflight (advisory; never fails the run) ---
     csrutil: System Integrity Protection status: disabled.
     fbt probes visible: 93577
     fbt enable attempt: dtrace: description 'fbt:::entry ' matched 50357 probes CPU     ID                    FUNCTION:NAME 
     cwd builtin value:  
     fbt chdir symbols:  
     fbt fires on spawn-with-cwd: dtrace: invalid probe specifier fbt::chdir*:entry /progenyof($target)/ { @[probefunc] = count(); }: probe description fbt::chdir*:entry does not match any probes 
  --- end fbt preflight ---
  ERA-RESOLUTION DATED 2026-07-01T20:03:19.043Z (deps as of the package's own publish date + 1d)
OSV-SCREEN {"schemaVersion":1,"kind":"npm-observe-resolved","status":"clean","digest":"2d1a795e3df44316f6fcfddc6be22709b8bb88de617239a2cc6413d66563d6ed","specCount":70,"lockfiles":{"digest":"812dae3b4d90eb6c024ed25c8bd09731132cd5a7ad861125d945888ca4e9e70c","files":[{"path":"package-lock.json","sha256":"98d249b049982ab83b0af3e120dbb2905d7eebb2c22127c104d4288342ccb3e6","bytes":29415}]},"maliciousAdvisories":[],"screenedAt":"2026-08-31T23:30:16.021Z","cacheHit":false,"clearancePath":"/Users/runner/v2m-7w1dhM/security/npm-observe-resolved.json"}
  SECURITY npm-observe-resolved clean: 70 exact package-version(s), tree 2d1a795e3df4
  ARM-PATH SANITISED (dropped 1: /Users/runner/.yarn/bin)
  ARM-AMBIENT-TOOLS none
  ARM-SCAFFOLD none
  ARM-UNPROVIDABLE none
  VENUE-CI-CHILD clean (no CI-detection variable reaches the traced script)
  ARM-REBUILD-SPEC electron-chromedriver@41.9.2
  --- wrapper (run.sh) ---
     cd "/Users/runner/v2m-7w1dhM/Observe"
     sudo -u "runner" -H env "PATH=/Users/runner/v2m-7w1dhM/Observe/node_modules/.bin:/Users/runner/.cache/nub/era-node/24.19.0/node-v24.19.0-darwin-arm64/bin:/Users/runner/hostedtoolcache/node/22.23.2/arm64/bin:/opt/homebrew/lib/ruby/gems/3.3.0/bin:/opt/homebrew/opt/ruby@3.3/bin:/Users/runner/.local/bin:/opt/homebrew/bin:/opt/homebrew/sbin:/Users/runner/.cargo/bin:/usr/local/opt/curl/bin:/usr/local/bin:/usr/local/sbin:/Users/runner/bin:/Users/runner/Library/Android/sdk/tools:/Users/runner/Library/Android/sdk/platform-tools:/Library/Frameworks/Python.framework/Versions/Current/bin:/Library/Frameworks/Mono.framework/Versions/Current/Commands:/usr/bin:/bin:/usr/sbin:/sbin:/Users/runner/.dotnet/tools"   "HOME=/Users/runner/v2m-7w1dhM/jailhome"   "TMPDIR=/private/var/folders/_5/zjnzxgh147qcg3bb5cg2wvqw0000gn/T/nub-tmp-obsvkSl6w"   "NODE_COMPAT=1"   "PYTHONDONTWRITEBYTECODE=1"   "PLAYWRIGHT_BROWSERS_PATH=/Users/runner/.cache/nub/pm/tools/ms-playwright"   "ELECTRON_CACHE=/Users/runner/.cache/nub/pm/tools/electron-cache"   "electron_config_cache=/Users/runner/.cache/nub/pm/tools/electron-cache"   "npm_config_prefix=/Users/runner/.cache/nub/pm/tools/npm-prefix"   PYTHON=/Users/runner/hostedtoolcache/Python/3.9.13/arm64/bin/python   npm rebuild --no-audit --no-fund "electron-chromedriver@41.9.2" > "/Users/runner/v2m-7w1dhM/Observe/npm.log" 2>&1
     echo $? > "/Users/runner/v2m-7w1dhM/Observe/rc"
  --- dtrace stderr + wrapper trace ---
     + cd /Users/runner/v2m-7w1dhM/Observe
     + sudo -u runner -H env PATH=/Users/runner/v2m-7w1dhM/Observe/node_modules/.bin:/Users/runner/.cache/nub/era-node/24.19.0/node-v24.19.0-darwin-arm64/bin:/Users/runner/hostedtoolcache/node/22.23.2/arm64/bin:/opt/homebrew/lib/ruby/gems/3.3.0/bin:/opt/homebrew/opt/ruby@3.3/bin:/Users/runner/.local/bin:/opt/homebrew/bin:/opt/homebrew/sbin:/Users/runner/.cargo/bin:/usr/local/opt/curl/bin:/usr/local/bin:/usr/local/sbin:/Users/runner/bin:/Users/runner/Library/Android/sdk/tools:/Users/runner/Library/Android/sdk/platform-tools:/Library/Frameworks/Python.framework/Versions/Current/bin:/Library/Frameworks/Mono.framework/Versions/Current/Commands:/usr/bin:/bin:/usr/sbin:/sbin:/Users/runner/.dotnet/tools HOME=/Users/runner/v2m-7w1dhM/jailhome TMPDIR=/private/var/folders/_5/zjnzxgh147qcg3bb5cg2wvqw0000gn/T/nub-tmp-obsvkSl6w NODE_COMPAT=1 PYTHONDONTWRITEBYTECODE=1 PLAYWRIGHT_BROWSERS_PATH=/Users/runner/.cache/nub/pm/tools/ms-playwright ELECTRON_CACHE=/Users/runner/.cache/nub/pm/tools/electron-cache electron_config_cache=/Users/runner/.cache/nub/pm/tools/electron-cache npm_config_prefix=/Users/runner/.cache/nub/pm/tools/npm-prefix PYTHON=/Users/runner/hostedtoolcache/Python/3.9.13/arm64/bin/python npm rebuild --no-audit --no-fund electron-chromedriver@41.9.2
     dtrace: error on enabled probe ID 128 (ID 286: syscall::execve:entry): invalid address (0x600000c04090) in action #1 at DIF offset 20
     + echo 0
  OBSERVE   rc=0 dtrace_rc=0 files=890 (pre=882) trace=9788 lines
  CLOSURE   68 packages evicted per arm   store=/Users/runner/.cache/nub/pm/store
  RAWLOG-FILE /Users/runner/v2m-7w1dhM/Observe/trace.txt.gz
  RAWLOG-CAPTURE /Users/runner/v2m-7w1dhM/Observe/capture.json
  RAWLOG-BYTES raw=1724042 gz=66979
  VENUE-INTERPRETER /Users/runner/hostedtoolcache/node/22.23.2/arm64
  VENUE-NODE-SELECTION {"pkg":"electron-chromedriver","packageVersion":"41.9.2","major":24,"version":"24.19.0","npm":"11.17.0","pinnable":true,"engines":">=10.12.0","publishedAt":"2026-06-30T20:03:19.043Z","eraMajor":24,"startMajor":24,"raisedByEngines":false,"enginesUnsatisfiable":false,"clampedToFloor":false,"clampedToCeiling":false,"matrixFloor":4,"matrixCeiling":26,"lookupFailure":null,"pinned":true,"pinnedBin":"/Users/runner/.cache/nub/era-node/24.19.0/node-v24.19.0-darwin-arm64/bin","eraNodeRoot":"/Users/runner/.cache/nub"}
  VENUE-OVERRIDES {"set":{"PATH":"inherited-and-forwarded","HOME":"/Users/runner/v2m-7w1dhM/jailhome","TMPDIR":"/private/var/folders/_5/zjnzxgh147qcg3bb5cg2wvqw0000gn/T/nub-tmp-obsvkSl6w","NODE_COMPAT":"1","PYTHONDONTWRITEBYTECODE":"1","PLAYWRIGHT_BROWSERS_PATH":"/Users/runner/.cache/nub/pm/tools/ms-playwright","ELECTRON_CACHE":"/Users/runner/.cache/nub/pm/tools/electron-cache","electron_config_cache":"/Users/runner/.cache/nub/pm/tools/electron-cache","npm_config_prefix":"/Users/runner/.cache/nub/pm/tools/npm-prefix"},"unset":["(sudo env_reset discards the caller environment; every var above is re-set after it)","CI","GITHUB_ACTIONS"],"passedThrough":{"CI":"true","GITHUB_ACTIONS":"true","NODE_ENV":null}}
  VENUE-OBSERVE-USER runner uid=501 (R7: ordinary non-root user, asserted)
  ARM-FALSIFIABILITY {"manifestFiles":11,"filesTheScriptProduced":6,"reasons":[]}
  EVENTLOG-FILE /Users/runner/v2m-7w1dhM/Observe/events.ndjson.gz
  EVENTLOG-STATS {"lines":9789,"parsed":9771,"unparsed":0,"live":true,"tracerErrors":1,"tracerErrorTotal":1,"unresolvedDirfd":21,"unresolvedFd":0,"pairedTwoPath":531,"danglingPair":0,"failed":3304,"enoent":3287,"refusals":0,"byErrno":{"ENXIO":3,"ENOENT":3287,"EEXIST":14},"procs":5,"lifecyclePids":1,"distinctEvents":6030,"emitted":6030,"calls":9226,"bytes":1232108,"gzipBytes":40438,"out":"/Users/runner/v2m-7w1dhM/Observe/events.ndjson"}
  == TRACER == live=true decodable-events=3419 dropped-events=1
    NOTE 14 relative path(s) under a non-AT_FDCWD dirfd were not
       scope-assigned: resolving them against the cwd would invent a path.
    ⛔ CWD-UNOBSERVED 3 relative path(s) (0 write(s)) came from a lifecycle
       process whose own cwd was never observed
       macOS spawns with posix_spawn addchdir_np, which changes directory in-kernel and
       emits no chdir syscall, so the inherited cwd cannot be trusted. These are NOT
       scope-assigned; the grant below is WIDENED instead so it covers wherever they landed.
         pid=4747 read  unproven .
         pid=4747 read  unproven .
         pid=4747 read  unproven .
    ⛔ THE TRACER DROPPED 1 EVENT(S). A dropped event is a path never
       seen, so the grant below can only be too NARROW — the direction that breaks installs.
       Treat it as a FLOOR, not a measurement, until the adapter fault is fixed:
             1 x  epid=128 action=1 fault=1 addr=0x600000c04090
  == ATTRIBUTION == lifecycle pids: 1
    writes  script 20  /  whole traced subtree 1086
    sockets script 2  /  whole traced subtree 3
  == ROOTS (from /Users/runner/v2m-7w1dhM/Observe/capture.json; the classifier reads no other source) ==
    project       /Users/runner/v2m-7w1dhM/Observe
    home          /Users/runner
    jailHome      /Users/runner/v2m-7w1dhM/jailhome
    globalStore   /Users/runner/.cache/nub/pm/store
    projectStore  /Users/runner/v2m-7w1dhM/Observe/node_modules/.store
    interpreter   /Users/runner/hostedtoolcache/node/22.23.2/arm64
    toolsDir      /Users/runner/.cache/nub/pm/tools
    temp          /private/var/folders/_5/zjnzxgh147qcg3bb5cg2wvqw0000gn/T/nub-tmp-obsvkSl6w
    npmPrefix     /Users/runner/.cache/nub/pm/tools/npm-prefix
    ownPkg        /Users/runner/v2m-7w1dhM/Observe/node_modules/electron-chromedriver
    cwd           (null — this platform has no such root)
  == WRITES the script actually performed ==
    systemfs      1
        /dev/dtracehelper
    jailTmp       6  (base profile already grants this — NOT billed)
        /private/var/folders/_5/zjnzxgh147qcg3bb5cg2wvqw0000gn/T/nub-tmp-obsvkSl6w/electron-download-vpoWFX
        /private/var/folders/_5/zjnzxgh147qcg3bb5cg2wvqw0000gn/T/nub-tmp-obsvkSl6w/electron-download-vpoWFX/chromedriver-v41.9.2-darwin-arm64.zip
        /private/var/folders/_5/zjnzxgh147qcg3bb5cg2wvqw0000gn/T/nub-tmp-obsvkSl6w/electron-download-qzSLGi
        /private/var/folders/_5/zjnzxgh147qcg3bb5cg2wvqw0000gn/T/nub-tmp-obsvkSl6w/electron-download-6q0EG3
        /private/var/folders/_5/zjnzxgh147qcg3bb5cg2wvqw0000gn/T/nub-tmp-obsvkSl6w/electron-download-6q0EG3/SHASUMS256.txt
        /private/var/folders/_5/zjnzxgh147qcg3bb5cg2wvqw0000gn/T/nub-tmp-obsvkSl6w/electron-download-px5Zae
    userHome      3
    ownPkg       10  (base profile already grants this — NOT billed)
        /Users/runner/v2m-7w1dhM/Observe/node_modules/electron-chromedriver/bin
        /Users/runner/v2m-7w1dhM/Observe/node_modules/electron-chromedriver/bin/libffmpeg.dylib
        /Users/runner/v2m-7w1dhM/Observe/node_modules/electron-chromedriver/bin/LICENSE
        /Users/runner/v2m-7w1dhM/Observe/node_modules/electron-chromedriver/bin/chromedriver
        /Users/runner/v2m-7w1dhM/Observe/node_modules/electron-chromedriver/bin/gen
        /Users/runner/v2m-7w1dhM/Observe/node_modules/electron-chromedriver/bin/gen/electron
        /Users/runner/v2m-7w1dhM/Observe/node_modules/electron-chromedriver/bin/gen/electron/buildflags
        /Users/runner/v2m-7w1dhM/Observe/node_modules/electron-chromedriver/bin/gen/electron/buildflags/buildflags.h
        /Users/runner/v2m-7w1dhM/Observe/node_modules/electron-chromedriver/bin/icudtl.dat
        /Users/runner/v2m-7w1dhM/Observe/node_modules/electron-chromedriver/bin/LICENSES.chromium.html
  == READS the script performed, by scope ==
    outside       5
    systemfs      9
    userHome      4
    ownPkg        2
    deps        156
    jailTmp       1
        outside: /
        outside: /bin/bash
        outside: /bin
        outside: /var/db/timezone/zoneinfo/UTC
        outside: /var/db/timezone/zoneinfo/posixrules
  == NETWORK ==
    AF_INET connects: 2   distinct peers: 2
        172.182.252.133:443
        185.199.111.133:443
  == REFUSALS (errno EPERM/EACCES/EROFS only; ENOENT is a miss, not a denial) ==
    distinct: 0
  == SYNTHESIZED GRANT (verify this in the real unprivileged jail) ==
    {"write":{"userHome":true},"network":true}
  == writePaths (DERIVED — promotion out of the package's PRIVATE home) ==
    private-home writes observed: 0
    none declared — the script wrote nothing into its private home — there is nothing to promote
    3 write(s) landed in the REAL home by absolute path, so promotion cannot reach them — nub moves OUT of the private home, and nothing of theirs is in it. Only `write:{userHome}` covers these; emitting `writePaths` instead would be an UNDER-GRANT.
  == writePaths FEASIBILITY (distinct writes outside project/deps) ==
    count: 3
        .cache/nub/pm/tools/electron-cache/e811792debb84d9e549d31a4ee63ce6a635d0dfdb1788fba6a59a84ea20d7305
        .cache/nub/pm/tools/electron-cache/e811792debb84d9e549d31a4ee63ce6a635d0dfdb1788fba6a59a84ea20d7305/SHASUMS256.txt
        .cache/nub/pm/tools/electron-cache/e811792debb84d9e549d31a4ee63ce6a635d0dfdb1788fba6a59a84ea20d7305/chromedriver-v41.9.2-darwin-arm64.zip
  EVICT[synth] 60 store entries removed, 8 spared as nub tooling, 999 in store
OSV-SCREEN {"schemaVersion":1,"kind":"nub-synth-resolved","status":"clean","digest":"baf88165f670612fd36590bb1324696fb76132deff36a4109841b77c56a809b9","specCount":70,"lockfiles":{"digest":"668d10adfd7f2ba9584cfd8d56d25bc4d2b35e907c6b0bdc149965b128faa7ed","files":[{"path":"nub.lock","sha256":"1afda4c38b6abeceeeadc90c05d1ea36da7c465a18878b8b2409f95e609603c6","bytes":17220}]},"maliciousAdvisories":[],"screenedAt":"2026-08-31T23:30:25.904Z","cacheHit":false,"clearancePath":"/Users/runner/v2m-7w1dhM/security/nub-synth-resolved.json"}
  SECURITY nub-synth-resolved clean: 70 exact package-version(s), tree baf88165f670
  VENUE-STORE-LAYOUT isolated
  VERIFY[synth] rc=0 artifacts=11/11 missing=0 shortfall=none (tree 2961/890) OVERRIDDEN=3 REJECTED=0 grant={"write":{"userHome":true},"network":true}
  => VERIFIED {"write":{"userHome":true},"network":true}
  EVICT[nar-no-network] 62 store entries removed, 8 spared as nub tooling, 1001 in store
OSV-SCREEN {"schemaVersion":1,"kind":"nub-nar-no-network-resolved","status":"clean","digest":"baf88165f670612fd36590bb1324696fb76132deff36a4109841b77c56a809b9","specCount":70,"lockfiles":{"digest":"668d10adfd7f2ba9584cfd8d56d25bc4d2b35e907c6b0bdc149965b128faa7ed","files":[{"path":"nub.lock","sha256":"1afda4c38b6abeceeeadc90c05d1ea36da7c465a18878b8b2409f95e609603c6","bytes":17220}]},"maliciousAdvisories":[],"screenedAt":"2026-08-31T23:30:25.904Z","cacheHit":true,"clearancePath":"/Users/runner/v2m-7w1dhM/security/nub-nar-no-network-resolved.json"}
  SECURITY nub-nar-no-network-resolved clean: 70 exact package-version(s), tree baf88165f670 (cached exact-tree clearance)
  VERIFY[nar-no-network] rc=0 artifacts=11/11 missing=0 shortfall=none (tree 2961/890) OVERRIDDEN=3 REJECTED=0 grant={"write":{"userHome":true}}
     ⛔ OVER-PREDICTED — the strictly narrower {"write":{"userHome":true}} also verifies; 'no-network' was not needed
  EVICT[nar-no-write-userHome] 62 store entries removed, 8 spared as nub tooling, 1001 in store
OSV-SCREEN {"schemaVersion":1,"kind":"nub-nar-no-write-userHome-resolved","status":"clean","digest":"baf88165f670612fd36590bb1324696fb76132deff36a4109841b77c56a809b9","specCount":70,"lockfiles":{"digest":"668d10adfd7f2ba9584cfd8d56d25bc4d2b35e907c6b0bdc149965b128faa7ed","files":[{"path":"nub.lock","sha256":"1afda4c38b6abeceeeadc90c05d1ea36da7c465a18878b8b2409f95e609603c6","bytes":17220}]},"maliciousAdvisories":[],"screenedAt":"2026-08-31T23:30:25.904Z","cacheHit":true,"clearancePath":"/Users/runner/v2m-7w1dhM/security/nub-nar-no-write-userHome-resolved.json"}
  SECURITY nub-nar-no-write-userHome-resolved clean: 70 exact package-version(s), tree baf88165f670 (cached exact-tree clearance)
  VERIFY[nar-no-write-userHome] rc=0 artifacts=11/11 missing=0 shortfall=none (tree 2961/890) OVERRIDDEN=3 REJECTED=0 grant={"network":true}
     ⛔ OVER-PREDICTED — the strictly narrower {"network":true} also verifies; 'no-write-userHome' was not needed
  EVICT[joint-narrow] 62 store entries removed, 8 spared as nub tooling, 1001 in store
OSV-SCREEN {"schemaVersion":1,"kind":"nub-joint-narrow-resolved","status":"clean","digest":"baf88165f670612fd36590bb1324696fb76132deff36a4109841b77c56a809b9","specCount":70,"lockfiles":{"digest":"668d10adfd7f2ba9584cfd8d56d25bc4d2b35e907c6b0bdc149965b128faa7ed","files":[{"path":"nub.lock","sha256":"1afda4c38b6abeceeeadc90c05d1ea36da7c465a18878b8b2409f95e609603c6","bytes":17220}]},"maliciousAdvisories":[],"screenedAt":"2026-08-31T23:30:25.904Z","cacheHit":true,"clearancePath":"/Users/runner/v2m-7w1dhM/security/nub-joint-narrow-resolved.json"}
  SECURITY nub-joint-narrow-resolved clean: 70 exact package-version(s), tree baf88165f670 (cached exact-tree clearance)
  VERIFY[joint-narrow] rc=0 artifacts=11/11 missing=0 shortfall=none (tree 2961/890) OVERRIDDEN=3 REJECTED=0 grant={}
  => JOINT-NARROW VERIFIED {} — all 2 capabilities drop TOGETHER, measured
### DONE electron-chromedriver@41.9.2  synthesized={"write":{"userHome":true},"network":true} verified=1
