### squawk-cli@2.9.0   (D:\jail\m-squawkcli-mtrkavf7)
  CI-ENV scrubbed: CI GITHUB_ACTIONS
OSV-SCREEN {"schemaVersion":1,"kind":"direct","status":"clean","digest":"e477af719eebf30671de2bcb6e1e2e9c80c90b1b1393df6cc29d99812b5883da","specCount":1,"lockfiles":{"digest":null,"files":[]},"maliciousAdvisories":[],"screenedAt":"2026-09-07T18:16:24.460Z","cacheHit":false,"clearancePath":"D:\\jail\\m-squawkcli-mtrkavf7\\security\\direct.json"}
  SECURITY direct clean: 1 exact package-version(s), tree e477af719eeb
OSV-SCREEN {"schemaVersion":1,"kind":"npm-observe-resolved","status":"clean","digest":"fd34d9db3ecdd16c66367f4f6b1405ca55ca2bd7c0b38a627e10e0d9544ffb29","specCount":5,"lockfiles":{"digest":"0100dab9a2f04292a2f347b77d5ced3cd621edc18186bc67c24b9884df2e444b","files":[{"path":"package-lock.json","sha256":"5f0a8644c5c429913d790eac5dee98f76c97712d3eec0b9f21b050ac6acd2e7e","bytes":2236}]},"maliciousAdvisories":[],"screenedAt":"2026-09-07T18:16:25.965Z","cacheHit":false,"clearancePath":"D:\\jail\\m-squawkcli-mtrkavf7\\security\\npm-observe-resolved.json"}
  SECURITY npm-observe-resolved clean: 5 exact package-version(s), tree fd34d9db3ecd
  CAPTURE user=runnervmeef0v\runneradmin elevated=True rootPid=5612 exit=0 events=24048 lost=0
  VENUE-OBSERVE-USER runnervmeef0v\runneradmin elevated=true privDropped={"SeBackupPrivilege":"removed","SeRestorePrivilege":"removed","SeTakeOwnershipPrivilege":"removed"}
  OBSERVE artifacts: 8 files  (D:\jail\m-squawkcli-mtrkavf7\observe\node_modules\squawk-cli)
  ARM-FALSIFIABILITY {"manifestFiles":8,"filesTheScriptProduced":1,"reasons":[]}
  CLOSURE 5 packages evicted per arm
  8.3 MAP 0 components resolved on runnervmeef0v, folded into capture.json
  == ROOTS (from capture.json — R2: no ambient reads) ==
    project       D:\jail\m-squawkcli-mtrkavf7\observe   [keyed on]
    home          C:\Users\runneradmin   [keyed on]
    jailHome      (null — declared inapplicable)
    globalStore   C:\Users\runneradmin\AppData\Local\nub\pm\store
    projectStore  D:\jail\m-squawkcli-mtrkavf7\observe\node_modules\.store
    interpreter   C:\hostedtoolcache\windows\node\22.23.2\x64\node.exe
    toolsDir      C:\Users\runneradmin\AppData\Local\nub\pm\tools
    temp          D:\jail\m-squawkcli-mtrkavf7\tmp   [keyed on]
    npmPrefix     (null — declared inapplicable)
    ownPkg        D:\jail\m-squawkcli-mtrkavf7\observe\node_modules\squawk-cli
  == ATTRIBUTION == lifecycle pids: 2 (root 5612)
    writes  script 4  /  whole traced tree 15
    peers   script 2  /  whole traced tree 2
  == WRITES ==
    outside       3
        d:\jail\m-squawkcli-mtrkavf7\npm-cache\squawk-cli
        d:\jail\m-squawkcli-mtrkavf7\npm-cache\squawk-cli\24df68-squawk-windows-x64.exe.7616-1c1fef9c0ad89.tmp
        d:\jail\m-squawkcli-mtrkavf7\npm-cache\squawk-cli\24df68-squawk-windows-x64.exe
    deps          1
  == READS ==
    deps         19
    outside       7
    project       1
    systemfs     29
  == NETWORK ==
    distinct peers: 2
        140.82.112.3:443
        185.199.109.133:443
  == REFUSALS (adapter-classified) ==
    distinct: 0
  == SYNTHESIZED GRANT (verify this in the real unprivileged jail) ==
    {"write":{"deps":true},"network":true}
    !! 3 writes OUTSIDE project/home -- no scope covers these; inspect before granting
  RAW       etw-raw.xml.gz  30810865 B xml -> 495051 B gz (62.2x)  sha256 68fe2d2ab9655b79…
  HEADER    etw-header.json (5070 bytes)
  DERIVED   5365 distinct from 7583 kept ops (24048 xml events, 1881 out of subtree)
  PROCS     4   thread-reattributed 16
  ⛔ 1 operations with NO OperationEnd — kept, status marked unknown
  8.3       0 expanded, 0 kept short, 0 not covered  [map: recorded 8.3 map (0 components, resolved on runnervmeef0v)]
  wrote events.ndjson.gz (67731 bytes)
  RAWLOG-CAPTURE D:\jail\m-squawkcli-mtrkavf7\cap\capture.json
  VENUE-NUB-BINARY {"path":"C:/Users/RUNNER~1/AppData/Local/Temp/nub/target/release/nub.exe","sha256":"f186817a44be332fee712b4936a071a0b5f9cde18a1d2fdc3a791729d4bf1005","bytes":68717056,"features":{"buildJailCatalogOverride":true,"pythonDontWriteBytecodeEnv":true}}
  VENUE-INTERPRETER C:\hostedtoolcache\windows\node\22.23.2\x64\node.exe
  VENUE-JAIL-ROOT D:\jail\m-squawkcli-mtrkavf7
  VENUE-OVERRIDES {"set":{"npm_config_cache":"D:\\jail\\m-squawkcli-mtrkavf7\\npm-cache","TMP":"D:\\jail\\m-squawkcli-mtrkavf7\\tmp","TEMP":"D:\\jail\\m-squawkcli-mtrkavf7\\tmp","TMPDIR":"D:\\jail\\m-squawkcli-mtrkavf7\\tmp"},"unset":["CI","GITHUB_ACTIONS"],"notRedirected":{"USERPROFILE":"C:\\Users\\runneradmin","why":"the jail leaves HOME/USERPROFILE alone — `build_jail.rs` sandbox_homes() reads the ambient value and `compiler/defaults.rs` BASELINE_ENV_EXACT passes it through — so there is no private jail home to reproduce and redirecting one would measure an environment no confined script sees"},"passedThrough":{"CI":"true","GITHUB_ACTIONS":"true","NODE_ENV":null}}
  STORE   isolated virtual store at D:\jail\m-squawkcli-mtrkavf7\verify-synth\.cache
  VENUE-STORE-LAYOUT isolated
OSV-SCREEN {"schemaVersion":1,"kind":"nub-synth-resolved","status":"clean","digest":"fd34d9db3ecdd16c66367f4f6b1405ca55ca2bd7c0b38a627e10e0d9544ffb29","specCount":5,"lockfiles":{"digest":"a50b32b7b4ec2c364c3a3c912db571317bcb5736fedfd320dbc2e2e8eff93fef","files":[{"path":"nub.lock","sha256":"db7eeeffdc138aae903fb1ce90db92249aed407e59dd63f3f357bbf512ee49b1","bytes":1427}]},"maliciousAdvisories":[],"screenedAt":"2026-09-07T18:16:25.965Z","cacheHit":true,"clearancePath":"D:\\jail\\m-squawkcli-mtrkavf7\\security\\nub-synth-resolved.json"}
  SECURITY nub-synth-resolved clean: 5 exact package-version(s), tree fd34d9db3ecd (cached exact-tree clearance)
  VERIFY[synth] rc=0 artifacts=8/8 missing=1 shortfall=0c20d28262f2 (tree 5711/38) OVERRIDDEN=2 REJECTED=0 grant={"write":{"deps":true},"network":true}
     missing artifacts: js/binaries/.npmignore
  synthesized grant did not verify -- falling back to a bounded ladder
  STORE   isolated virtual store at D:\jail\m-squawkcli-mtrkavf7\verify-fb0\.cache
OSV-SCREEN {"schemaVersion":1,"kind":"nub-fb0-resolved","status":"clean","digest":"fd34d9db3ecdd16c66367f4f6b1405ca55ca2bd7c0b38a627e10e0d9544ffb29","specCount":5,"lockfiles":{"digest":"a50b32b7b4ec2c364c3a3c912db571317bcb5736fedfd320dbc2e2e8eff93fef","files":[{"path":"nub.lock","sha256":"db7eeeffdc138aae903fb1ce90db92249aed407e59dd63f3f357bbf512ee49b1","bytes":1427}]},"maliciousAdvisories":[],"screenedAt":"2026-09-07T18:16:25.965Z","cacheHit":true,"clearancePath":"D:\\jail\\m-squawkcli-mtrkavf7\\security\\nub-fb0-resolved.json"}
  SECURITY nub-fb0-resolved clean: 5 exact package-version(s), tree fd34d9db3ecd (cached exact-tree clearance)
  VERIFY[fb0] rc=0 artifacts=8/8 missing=1 shortfall=0c20d28262f2 (tree 5711/38) OVERRIDDEN=2 REJECTED=0 grant={"write":{"deps":true,"project":true,"userHome":true},"network":true}
     missing artifacts: js/binaries/.npmignore
  STORE   isolated virtual store at D:\jail\m-squawkcli-mtrkavf7\verify-fb1\.cache
OSV-SCREEN {"schemaVersion":1,"kind":"nub-fb1-resolved","status":"clean","digest":"fd34d9db3ecdd16c66367f4f6b1405ca55ca2bd7c0b38a627e10e0d9544ffb29","specCount":5,"lockfiles":{"digest":"a50b32b7b4ec2c364c3a3c912db571317bcb5736fedfd320dbc2e2e8eff93fef","files":[{"path":"nub.lock","sha256":"db7eeeffdc138aae903fb1ce90db92249aed407e59dd63f3f357bbf512ee49b1","bytes":1427}]},"maliciousAdvisories":[],"screenedAt":"2026-09-07T18:16:25.965Z","cacheHit":true,"clearancePath":"D:\\jail\\m-squawkcli-mtrkavf7\\security\\nub-fb1-resolved.json"}
  SECURITY nub-fb1-resolved clean: 5 exact package-version(s), tree fd34d9db3ecd (cached exact-tree clearance)
  VERIFY[fb1] rc=0 artifacts=8/8 missing=1 shortfall=0c20d28262f2 (tree 5711/38) OVERRIDDEN=2 REJECTED=0 grant={"write":{"deps":true,"project":true,"userHome":true},"read":"disk","network":true}
     missing artifacts: js/binaries/.npmignore
  STORE   isolated virtual store at D:\jail\m-squawkcli-mtrkavf7\verify-fb2\.cache
OSV-SCREEN {"schemaVersion":1,"kind":"nub-fb2-resolved","status":"clean","digest":"fd34d9db3ecdd16c66367f4f6b1405ca55ca2bd7c0b38a627e10e0d9544ffb29","specCount":5,"lockfiles":{"digest":"a50b32b7b4ec2c364c3a3c912db571317bcb5736fedfd320dbc2e2e8eff93fef","files":[{"path":"nub.lock","sha256":"db7eeeffdc138aae903fb1ce90db92249aed407e59dd63f3f357bbf512ee49b1","bytes":1427}]},"maliciousAdvisories":[],"screenedAt":"2026-09-07T18:16:25.965Z","cacheHit":true,"clearancePath":"D:\\jail\\m-squawkcli-mtrkavf7\\security\\nub-fb2-resolved.json"}
  SECURITY nub-fb2-resolved clean: 5 exact package-version(s), tree fd34d9db3ecd (cached exact-tree clearance)
  VERIFY[fb2] rc=0 artifacts=8/8 missing=1 shortfall=0c20d28262f2 (tree 5711/38) OVERRIDDEN=2 REJECTED=0 grant={"write":"disk","network":true}
     missing artifacts: js/binaries/.npmignore
  => ARTIFACT-GATE-SUSPECT {"write":{"deps":true},"network":true}   (every arm rc=0 and the SAME 1-artifact shortfall at
     every grant up to write:"disk" -- invariant under widening, so it is not a capability gap)
     -> The grant is the SYNTHESIZED one and is UNVERIFIED -- minimality was never descended.
        Triage the shortfall against the arm's toolchain, not against the jail.
