OSV-SCREEN {"schemaVersion":1,"kind":"direct","status":"clean","digest":"fdd3b1e75200ce3429d7eb6e359db41ab7553901d7f24733cacdd2ce29166e09","specCount":1,"lockfiles":{"digest":null,"files":[]},"maliciousAdvisories":[],"screenedAt":"2026-08-24T23:13:20.629Z","cacheHit":false,"clearancePath":"/Users/runner/v2m-pmHeMJ/security/direct.json"}
  SECURITY direct clean: 1 exact package-version(s), tree fdd3b1e75200
  ERA-NODE PINNED 18.20.8 (provisioned) (arms will run: v18.20.8)
  ERA-PYTHON /Users/runner/hostedtoolcache/Python/3.9.13/arm64/bin/python (Python 3.9.13) for era Node 18, whose node-gyp requires python3
  ARM-MAKE /usr/bin/make (GNU Make 3.81) — the system make; a build needing GNU Make 4 WILL fail here
### saucectl@0.117.1   (/Users/runner/v2m-pmHeMJ)   nub=/tmp/nub/target/release/nub
  VENUE-NUB-BINARY {"path":"/tmp/nub/target/release/nub","sha256":"69e622342d0c8393c78fa50a01dc9cc0a94371ac9b106b59bdcc016f06d86d30","bytes":94535576,"features":{"buildJailCatalogOverride":true,"pythonDontWriteBytecodeEnv":true}}
  CI-ENV scrubbed: CI GITHUB_ACTIONS
  --- fbt preflight (advisory; never fails the run) ---
     csrutil: System Integrity Protection status: disabled.
     fbt probes visible: 93577
     fbt enable attempt: dtrace: description 'fbt:::entry ' matched 50357 probes CPU     ID                    FUNCTION:NAME 
     cwd builtin value:  
     fbt chdir symbols:  
     fbt fires on spawn-with-cwd: dtrace: invalid probe specifier fbt::chdir*:entry /progenyof($target)/ { @[probefunc] = count(); }: probe description fbt::chdir*:entry does not match any probes 
  --- end fbt preflight ---
  ERA-RESOLUTION DATED 2022-12-22T17:51:24.800Z (deps as of the package's own publish date + 1d)
OSV-SCREEN {"schemaVersion":1,"kind":"npm-observe-resolved","status":"clean","digest":"0de401f71b0a4b390ac86b4ee4b9390b9437e7df87a5105569901144f8c3c614","specCount":140,"lockfiles":{"digest":"ae1b2f2460c3a373ee437c13de9634030cbcc25ca08a46ad43a112669e1d3c1e","files":[{"path":"package-lock.json","sha256":"8cfc02aababa4a49ac9e26e9d0bc34baa70b581b2810c49fac7cd5afa4821bdf","bytes":58454}]},"maliciousAdvisories":[],"screenedAt":"2026-08-24T23:13:27.380Z","cacheHit":false,"clearancePath":"/Users/runner/v2m-pmHeMJ/security/npm-observe-resolved.json"}
  SECURITY npm-observe-resolved clean: 140 exact package-version(s), tree 0de401f71b0a
  ARM-PATH SANITISED (dropped 1: /Users/runner/.yarn/bin)
  ARM-AMBIENT-TOOLS none
  ARM-SCAFFOLD none
  ARM-UNPROVIDABLE none
  VENUE-CI-CHILD clean (no CI-detection variable reaches the traced script)
  --- wrapper (run.sh) ---
     cd "/Users/runner/v2m-pmHeMJ/Observe"
     sudo -u "runner" -H env "PATH=/Users/runner/v2m-pmHeMJ/Observe/node_modules/.bin:/Users/runner/.cache/nub/era-node/18.20.8/node-v18.20.8-darwin-arm64/bin:/Users/runner/hostedtoolcache/node/22.23.2/arm64/bin:/opt/homebrew/lib/ruby/gems/3.3.0/bin:/opt/homebrew/opt/ruby@3.3/bin:/Users/runner/.local/bin:/opt/homebrew/bin:/opt/homebrew/sbin:/Users/runner/.cargo/bin:/usr/local/opt/curl/bin:/usr/local/bin:/usr/local/sbin:/Users/runner/bin:/Users/runner/Library/Android/sdk/tools:/Users/runner/Library/Android/sdk/platform-tools:/Library/Frameworks/Python.framework/Versions/Current/bin:/Library/Frameworks/Mono.framework/Versions/Current/Commands:/usr/bin:/bin:/usr/sbin:/sbin:/Users/runner/.dotnet/tools"   "HOME=/Users/runner/v2m-pmHeMJ/jailhome"   "TMPDIR=/private/var/folders/_5/zjnzxgh147qcg3bb5cg2wvqw0000gn/T/nub-tmp-obsD21Wdv"   "NODE_COMPAT=1"   "PYTHONDONTWRITEBYTECODE=1"   "PLAYWRIGHT_BROWSERS_PATH=/Users/runner/.cache/nub/pm/tools/ms-playwright"   "ELECTRON_CACHE=/Users/runner/.cache/nub/pm/tools/electron-cache"   "electron_config_cache=/Users/runner/.cache/nub/pm/tools/electron-cache"   "npm_config_prefix=/Users/runner/.cache/nub/pm/tools/npm-prefix"   PYTHON=/Users/runner/hostedtoolcache/Python/3.9.13/arm64/bin/python   "/Users/runner/hostedtoolcache/node/22.23.2/arm64/bin/npm" rebuild --no-audit --no-fund "saucectl" > "/Users/runner/v2m-pmHeMJ/Observe/npm.log" 2>&1
     echo $? > "/Users/runner/v2m-pmHeMJ/Observe/rc"
  --- dtrace stderr + wrapper trace ---
     + cd /Users/runner/v2m-pmHeMJ/Observe
     + sudo -u runner -H env PATH=/Users/runner/v2m-pmHeMJ/Observe/node_modules/.bin:/Users/runner/.cache/nub/era-node/18.20.8/node-v18.20.8-darwin-arm64/bin:/Users/runner/hostedtoolcache/node/22.23.2/arm64/bin:/opt/homebrew/lib/ruby/gems/3.3.0/bin:/opt/homebrew/opt/ruby@3.3/bin:/Users/runner/.local/bin:/opt/homebrew/bin:/opt/homebrew/sbin:/Users/runner/.cargo/bin:/usr/local/opt/curl/bin:/usr/local/bin:/usr/local/sbin:/Users/runner/bin:/Users/runner/Library/Android/sdk/tools:/Users/runner/Library/Android/sdk/platform-tools:/Library/Frameworks/Python.framework/Versions/Current/bin:/Library/Frameworks/Mono.framework/Versions/Current/Commands:/usr/bin:/bin:/usr/sbin:/sbin:/Users/runner/.dotnet/tools HOME=/Users/runner/v2m-pmHeMJ/jailhome TMPDIR=/private/var/folders/_5/zjnzxgh147qcg3bb5cg2wvqw0000gn/T/nub-tmp-obsD21Wdv NODE_COMPAT=1 PYTHONDONTWRITEBYTECODE=1 PLAYWRIGHT_BROWSERS_PATH=/Users/runner/.cache/nub/pm/tools/ms-playwright ELECTRON_CACHE=/Users/runner/.cache/nub/pm/tools/electron-cache electron_config_cache=/Users/runner/.cache/nub/pm/tools/electron-cache npm_config_prefix=/Users/runner/.cache/nub/pm/tools/npm-prefix PYTHON=/Users/runner/hostedtoolcache/Python/3.9.13/arm64/bin/python /Users/runner/hostedtoolcache/node/22.23.2/arm64/bin/npm rebuild --no-audit --no-fund saucectl
     dtrace: error on enabled probe ID 128 (ID 286: syscall::execve:entry): invalid address (0x600003ab5050) in action #1 at DIF offset 20
     + echo 0
  OBSERVE   rc=0 dtrace_rc=0 files=771 (pre=767) trace=8788 lines
  CLOSURE   127 packages evicted per arm   store=/Users/runner/.cache/nub/pm/store
  RAWLOG-FILE /Users/runner/v2m-pmHeMJ/Observe/trace.txt.gz
  RAWLOG-CAPTURE /Users/runner/v2m-pmHeMJ/Observe/capture.json
  RAWLOG-BYTES raw=1328848 gz=49693
  VENUE-INTERPRETER /Users/runner/hostedtoolcache/node/22.23.2/arm64
  VENUE-NODE-SELECTION {"pkg":"saucectl","packageVersion":"0.117.1","major":18,"version":"18.20.8","npm":"10.8.2","pinnable":true,"engines":null,"publishedAt":"2022-12-21T17:51:24.800Z","eraMajor":18,"startMajor":18,"raisedByEngines":false,"enginesUnsatisfiable":false,"clampedToFloor":false,"clampedToCeiling":false,"matrixFloor":4,"matrixCeiling":26,"lookupFailure":null,"pinned":true,"pinnedBin":"/Users/runner/.cache/nub/era-node/18.20.8/node-v18.20.8-darwin-arm64/bin","eraNodeRoot":"/Users/runner/.cache/nub"}
  VENUE-OVERRIDES {"set":{"PATH":"inherited-and-forwarded","HOME":"/Users/runner/v2m-pmHeMJ/jailhome","TMPDIR":"/private/var/folders/_5/zjnzxgh147qcg3bb5cg2wvqw0000gn/T/nub-tmp-obsD21Wdv","NODE_COMPAT":"1","PYTHONDONTWRITEBYTECODE":"1","PLAYWRIGHT_BROWSERS_PATH":"/Users/runner/.cache/nub/pm/tools/ms-playwright","ELECTRON_CACHE":"/Users/runner/.cache/nub/pm/tools/electron-cache","electron_config_cache":"/Users/runner/.cache/nub/pm/tools/electron-cache","npm_config_prefix":"/Users/runner/.cache/nub/pm/tools/npm-prefix"},"unset":["(sudo env_reset discards the caller environment; every var above is re-set after it)","CI","GITHUB_ACTIONS"],"passedThrough":{"CI":"true","GITHUB_ACTIONS":"true","NODE_ENV":null}}
  VENUE-OBSERVE-USER runner uid=501 (R7: ordinary non-root user, asserted)
  ARM-FALSIFIABILITY {"manifestFiles":8,"filesTheScriptProduced":2,"reasons":[]}
  EVENTLOG-FILE /Users/runner/v2m-pmHeMJ/Observe/events.ndjson.gz
  EVENTLOG-STATS {"lines":8789,"parsed":8769,"unparsed":0,"live":true,"tracerErrors":1,"tracerErrorTotal":1,"unresolvedDirfd":27,"unresolvedFd":0,"pairedTwoPath":0,"danglingPair":0,"failed":3469,"enoent":3463,"refusals":0,"byErrno":{"ENXIO":3,"ENOENT":3463,"EEXIST":3},"procs":7,"lifecyclePids":1,"distinctEvents":5798,"emitted":5798,"calls":8754,"bytes":957144,"gzipBytes":31758,"out":"/Users/runner/v2m-pmHeMJ/Observe/events.ndjson"}
  == TRACER == live=true decodable-events=1618 dropped-events=1
    NOTE 18 relative path(s) under a non-AT_FDCWD dirfd were not
       scope-assigned: resolving them against the cwd would invent a path.
    ⛔ CWD-UNOBSERVED 2 relative path(s) (0 write(s)) came from a lifecycle
       process whose own cwd was never observed
       macOS spawns with posix_spawn addchdir_np, which changes directory in-kernel and
       emits no chdir syscall, so the inherited cwd cannot be trusted. These are NOT
       scope-assigned; the grant below is WIDENED instead so it covers wherever they landed.
         pid=92138 read  unproven .
         pid=92138 read  unproven .
    ⛔ THE TRACER DROPPED 1 EVENT(S). A dropped event is a path never
       seen, so the grant below can only be too NARROW — the direction that breaks installs.
       Treat it as a FLOOR, not a measurement, until the adapter fault is fixed:
             1 x  epid=128 action=1 fault=1 addr=0x600003ab5050
  == ATTRIBUTION == lifecycle pids: 1
    writes  script 4  /  whole traced subtree 10
    sockets script 2  /  whole traced subtree 3
  == ROOTS (from /Users/runner/v2m-pmHeMJ/Observe/capture.json; the classifier reads no other source) ==
    project       /Users/runner/v2m-pmHeMJ/Observe
    home          /Users/runner
    jailHome      /Users/runner/v2m-pmHeMJ/jailhome
    globalStore   /Users/runner/.cache/nub/pm/store
    projectStore  /Users/runner/v2m-pmHeMJ/Observe/node_modules/.store
    interpreter   /Users/runner/hostedtoolcache/node/22.23.2/arm64
    toolsDir      /Users/runner/.cache/nub/pm/tools
    temp          /private/var/folders/_5/zjnzxgh147qcg3bb5cg2wvqw0000gn/T/nub-tmp-obsD21Wdv
    npmPrefix     /Users/runner/.cache/nub/pm/tools/npm-prefix
    ownPkg        /Users/runner/v2m-pmHeMJ/Observe/node_modules/saucectl
    cwd           (null — this platform has no such root)
  == WRITES the script actually performed ==
    systemfs      1
        /dev/dtracehelper
    ownPkg        3  (base profile already grants this — NOT billed)
        /Users/runner/v2m-pmHeMJ/Observe/node_modules/saucectl/bin
        /Users/runner/v2m-pmHeMJ/Observe/node_modules/saucectl/bin/saucectl
        /Users/runner/v2m-pmHeMJ/Observe/node_modules/saucectl/bin/LICENSE
  == READS the script performed, by scope ==
    outside       6
    systemfs     10
    userHome      2
    ownPkg        6
    deps        323
        outside: /
        outside: /bin/bash
        outside: /bin
        outside: /var/db/timezone/zoneinfo/UTC
        outside: /var/db/timezone/zoneinfo/posixrules
        outside: /etc/localtime
  == NETWORK ==
    AF_INET connects: 2   distinct peers: 2
        172.182.252.133:443
        185.199.110.133:443
  == REFUSALS (errno EPERM/EACCES/EROFS only; ENOENT is a miss, not a denial) ==
    distinct: 0
  == SYNTHESIZED GRANT (verify this in the real unprivileged jail) ==
    {"network":true}
  == writePaths (DERIVED — promotion out of the package's PRIVATE home) ==
    private-home writes observed: 0
    none declared — the script wrote nothing into its private home — there is nothing to promote
  == writePaths FEASIBILITY (distinct writes outside project/deps) ==
    count: 0
  EVICT[synth] 76 store entries removed, 17 spared as nub tooling, 962 in store
OSV-SCREEN {"schemaVersion":1,"kind":"nub-synth-resolved","status":"clean","digest":"4d653cdb70fd595b0dcb1c8e741106c8aaf5b76a32fa19ba7d419de64ec39352","specCount":170,"lockfiles":{"digest":"63e44054f07923734c514f86de282903c18c3208b7b04471e27bf0e4fc49f0bb","files":[{"path":"nub.lock","sha256":"d7cf7ab3251da3386b4aa3ffc6aa524a4af872049d357c044be6e97b32cdc4d2","bytes":40155}]},"maliciousAdvisories":[],"screenedAt":"2026-08-24T23:13:32.756Z","cacheHit":false,"clearancePath":"/Users/runner/v2m-pmHeMJ/security/nub-synth-resolved.json"}
  SECURITY nub-synth-resolved clean: 170 exact package-version(s), tree 4d653cdb70fd
  VENUE-STORE-LAYOUT isolated
  VERIFY[synth] rc=0 artifacts=8/8 missing=0 shortfall=none (tree 4358/771) OVERRIDDEN=3 REJECTED=0 grant={"network":true}
  => VERIFIED {"network":true}
  EVICT[nar-no-network] 139 store entries removed, 17 spared as nub tooling, 1025 in store
OSV-SCREEN {"schemaVersion":1,"kind":"nub-nar-no-network-resolved","status":"clean","digest":"4d653cdb70fd595b0dcb1c8e741106c8aaf5b76a32fa19ba7d419de64ec39352","specCount":170,"lockfiles":{"digest":"63e44054f07923734c514f86de282903c18c3208b7b04471e27bf0e4fc49f0bb","files":[{"path":"nub.lock","sha256":"d7cf7ab3251da3386b4aa3ffc6aa524a4af872049d357c044be6e97b32cdc4d2","bytes":40155}]},"maliciousAdvisories":[],"screenedAt":"2026-08-24T23:13:32.756Z","cacheHit":true,"clearancePath":"/Users/runner/v2m-pmHeMJ/security/nub-nar-no-network-resolved.json"}
  SECURITY nub-nar-no-network-resolved clean: 170 exact package-version(s), tree 4d653cdb70fd (cached exact-tree clearance)
  VERIFY[nar-no-network] rc=1 artifacts=6/8 missing=2 shortfall=e4e32fdf5a57 (tree 4353/771) OVERRIDDEN=3 REJECTED=0 grant={}
       missing: bin/LICENSE, bin/saucectl
     [nar-no-network/i] Installation failed: RequestError: getaddrinfo ENOTFOUND github.com
     [nar-no-network/a] Installation failed: RequestError: getaddrinfo ENOTFOUND github.com
     narrowing 'no-network' fails ⇒ that capability IS necessary
  => MINIMAL — every capability in {"network":true} is independently necessary
### DONE saucectl@0.117.1  synthesized={"network":true} verified=1
