OSV-SCREEN {"schemaVersion":1,"kind":"direct","status":"clean","digest":"ddcf5a1cd9d120f763924f7d6db2559c33e63ee699e120faac5dbc9bb838e88d","specCount":1,"lockfiles":{"digest":null,"files":[]},"maliciousAdvisories":[],"screenedAt":"2026-08-27T13:07:11.867Z","cacheHit":false,"clearancePath":"/Users/runner/v2m-es3JtE/security/direct.json"}
  SECURITY direct clean: 1 exact package-version(s), tree ddcf5a1cd9d1
  ERA-NODE PINNED 16.20.2 (provisioned) (arms will run: v16.20.2)
  ERA-PYTHON /Users/runner/hostedtoolcache/Python/3.9.13/arm64/bin/python (Python 3.9.13) for era Node 16, whose node-gyp requires python3
  ARM-MAKE /usr/bin/make (GNU Make 3.81) — the system make; a build needing GNU Make 4 WILL fail here
### electron-chromedriver@17.0.0   (/Users/runner/v2m-es3JtE)   nub=/tmp/nub/target/release/nub
  VENUE-NUB-BINARY {"path":"/tmp/nub/target/release/nub","sha256":"69e622342d0c8393c78fa50a01dc9cc0a94371ac9b106b59bdcc016f06d86d30","bytes":94535576,"features":{"buildJailCatalogOverride":true,"pythonDontWriteBytecodeEnv":true}}
  CI-ENV scrubbed: CI GITHUB_ACTIONS
  --- fbt preflight (advisory; never fails the run) ---
     csrutil: System Integrity Protection status: disabled.
     fbt probes visible: 93577
     fbt enable attempt: dtrace: description 'fbt:::entry ' matched 50357 probes CPU     ID                    FUNCTION:NAME 
     cwd builtin value:  
     fbt chdir symbols:  
     fbt fires on spawn-with-cwd: dtrace: invalid probe specifier fbt::chdir*:entry /progenyof($target)/ { @[probefunc] = count(); }: probe description fbt::chdir*:entry does not match any probes 
  --- end fbt preflight ---
  ERA-RESOLUTION DATED 2022-02-02T22:19:07.600Z (deps as of the package's own publish date + 1d)
OSV-SCREEN {"schemaVersion":1,"kind":"npm-observe-resolved","status":"clean","digest":"6ef7150cc5f88a9e6c0d068b4565b6d3e9d4510634b135be8e3cb6bbc18b1b52","specCount":72,"lockfiles":{"digest":"38ae05d58febf098d404ab7fef097e9b05d217244c78895eb98b685aea5e8b45","files":[{"path":"package-lock.json","sha256":"bde69819f85110831739cae05bfdb40d0331aed407eb422ef2a068f474f6367e","bytes":28871}]},"maliciousAdvisories":[],"screenedAt":"2026-08-27T13:07:22.161Z","cacheHit":false,"clearancePath":"/Users/runner/v2m-es3JtE/security/npm-observe-resolved.json"}
  SECURITY npm-observe-resolved clean: 72 exact package-version(s), tree 6ef7150cc5f8
  ARM-PATH SANITISED (dropped 1: /Users/runner/.yarn/bin)
  ARM-AMBIENT-TOOLS none
  ARM-SCAFFOLD none
  ARM-UNPROVIDABLE none
  VENUE-CI-CHILD clean (no CI-detection variable reaches the traced script)
  --- wrapper (run.sh) ---
     cd "/Users/runner/v2m-es3JtE/Observe"
     sudo -u "runner" -H env "PATH=/Users/runner/v2m-es3JtE/Observe/node_modules/.bin:/Users/runner/.cache/nub/era-node/16.20.2/node-v16.20.2-darwin-arm64/bin:/Users/runner/hostedtoolcache/node/22.23.2/arm64/bin:/opt/homebrew/lib/ruby/gems/3.3.0/bin:/opt/homebrew/opt/ruby@3.3/bin:/Users/runner/.local/bin:/opt/homebrew/bin:/opt/homebrew/sbin:/Users/runner/.cargo/bin:/usr/local/opt/curl/bin:/usr/local/bin:/usr/local/sbin:/Users/runner/bin:/Users/runner/Library/Android/sdk/tools:/Users/runner/Library/Android/sdk/platform-tools:/Library/Frameworks/Python.framework/Versions/Current/bin:/Library/Frameworks/Mono.framework/Versions/Current/Commands:/usr/bin:/bin:/usr/sbin:/sbin:/Users/runner/.dotnet/tools"   "HOME=/Users/runner/v2m-es3JtE/jailhome"   "TMPDIR=/private/var/folders/_5/zjnzxgh147qcg3bb5cg2wvqw0000gn/T/nub-tmp-obsmG7i2U"   "NODE_COMPAT=1"   "PYTHONDONTWRITEBYTECODE=1"   "PLAYWRIGHT_BROWSERS_PATH=/Users/runner/.cache/nub/pm/tools/ms-playwright"   "ELECTRON_CACHE=/Users/runner/.cache/nub/pm/tools/electron-cache"   "electron_config_cache=/Users/runner/.cache/nub/pm/tools/electron-cache"   "npm_config_prefix=/Users/runner/.cache/nub/pm/tools/npm-prefix"   PYTHON=/Users/runner/hostedtoolcache/Python/3.9.13/arm64/bin/python   npm rebuild --no-audit --no-fund "electron-chromedriver" > "/Users/runner/v2m-es3JtE/Observe/npm.log" 2>&1
     echo $? > "/Users/runner/v2m-es3JtE/Observe/rc"
  --- dtrace stderr + wrapper trace ---
     + cd /Users/runner/v2m-es3JtE/Observe
     + sudo -u runner -H env PATH=/Users/runner/v2m-es3JtE/Observe/node_modules/.bin:/Users/runner/.cache/nub/era-node/16.20.2/node-v16.20.2-darwin-arm64/bin:/Users/runner/hostedtoolcache/node/22.23.2/arm64/bin:/opt/homebrew/lib/ruby/gems/3.3.0/bin:/opt/homebrew/opt/ruby@3.3/bin:/Users/runner/.local/bin:/opt/homebrew/bin:/opt/homebrew/sbin:/Users/runner/.cargo/bin:/usr/local/opt/curl/bin:/usr/local/bin:/usr/local/sbin:/Users/runner/bin:/Users/runner/Library/Android/sdk/tools:/Users/runner/Library/Android/sdk/platform-tools:/Library/Frameworks/Python.framework/Versions/Current/bin:/Library/Frameworks/Mono.framework/Versions/Current/Commands:/usr/bin:/bin:/usr/sbin:/sbin:/Users/runner/.dotnet/tools HOME=/Users/runner/v2m-es3JtE/jailhome TMPDIR=/private/var/folders/_5/zjnzxgh147qcg3bb5cg2wvqw0000gn/T/nub-tmp-obsmG7i2U NODE_COMPAT=1 PYTHONDONTWRITEBYTECODE=1 PLAYWRIGHT_BROWSERS_PATH=/Users/runner/.cache/nub/pm/tools/ms-playwright ELECTRON_CACHE=/Users/runner/.cache/nub/pm/tools/electron-cache electron_config_cache=/Users/runner/.cache/nub/pm/tools/electron-cache npm_config_prefix=/Users/runner/.cache/nub/pm/tools/npm-prefix PYTHON=/Users/runner/hostedtoolcache/Python/3.9.13/arm64/bin/python npm rebuild --no-audit --no-fund electron-chromedriver
     dtrace: error on enabled probe ID 128 (ID 286: syscall::execve:entry): invalid address (0x600001cc4000) in action #1 at DIF offset 20
     + echo 0
  OBSERVE   rc=0 dtrace_rc=0 files=1797 (pre=1790) trace=6973 lines
  CLOSURE   69 packages evicted per arm   store=/Users/runner/.cache/nub/pm/store
  RAWLOG-FILE /Users/runner/v2m-es3JtE/Observe/trace.txt.gz
  RAWLOG-CAPTURE /Users/runner/v2m-es3JtE/Observe/capture.json
  RAWLOG-BYTES raw=1164197 gz=43094
  VENUE-INTERPRETER /Users/runner/hostedtoolcache/node/22.23.2/arm64
  VENUE-NODE-SELECTION {"pkg":"electron-chromedriver","packageVersion":"17.0.0","major":16,"version":"16.20.2","npm":"8.19.4","pinnable":true,"engines":">=10.12.0","publishedAt":"2022-02-01T22:19:07.600Z","eraMajor":16,"startMajor":16,"raisedByEngines":false,"enginesUnsatisfiable":false,"clampedToFloor":false,"clampedToCeiling":false,"matrixFloor":4,"matrixCeiling":26,"lookupFailure":null,"pinned":true,"pinnedBin":"/Users/runner/.cache/nub/era-node/16.20.2/node-v16.20.2-darwin-arm64/bin","eraNodeRoot":"/Users/runner/.cache/nub"}
  VENUE-OVERRIDES {"set":{"PATH":"inherited-and-forwarded","HOME":"/Users/runner/v2m-es3JtE/jailhome","TMPDIR":"/private/var/folders/_5/zjnzxgh147qcg3bb5cg2wvqw0000gn/T/nub-tmp-obsmG7i2U","NODE_COMPAT":"1","PYTHONDONTWRITEBYTECODE":"1","PLAYWRIGHT_BROWSERS_PATH":"/Users/runner/.cache/nub/pm/tools/ms-playwright","ELECTRON_CACHE":"/Users/runner/.cache/nub/pm/tools/electron-cache","electron_config_cache":"/Users/runner/.cache/nub/pm/tools/electron-cache","npm_config_prefix":"/Users/runner/.cache/nub/pm/tools/npm-prefix"},"unset":["(sudo env_reset discards the caller environment; every var above is re-set after it)","CI","GITHUB_ACTIONS"],"passedThrough":{"CI":"true","GITHUB_ACTIONS":"true","NODE_ENV":null}}
  VENUE-OBSERVE-USER runner uid=501 (R7: ordinary non-root user, asserted)
  ARM-FALSIFIABILITY {"manifestFiles":11,"filesTheScriptProduced":5,"reasons":[]}
  EVENTLOG-FILE /Users/runner/v2m-es3JtE/Observe/events.ndjson.gz
  EVENTLOG-STATS {"lines":6974,"parsed":6956,"unparsed":0,"live":true,"tracerErrors":1,"tracerErrorTotal":1,"unresolvedDirfd":21,"unresolvedFd":0,"pairedTwoPath":2,"danglingPair":0,"failed":3161,"enoent":3146,"refusals":0,"byErrno":{"ENXIO":3,"ENOENT":3146,"EEXIST":12},"procs":5,"lifecyclePids":1,"distinctEvents":4825,"emitted":4825,"calls":6913,"bytes":874062,"gzipBytes":28085,"out":"/Users/runner/v2m-es3JtE/Observe/events.ndjson"}
  == TRACER == live=true decodable-events=1396 dropped-events=1
    NOTE 14 relative path(s) under a non-AT_FDCWD dirfd were not
       scope-assigned: resolving them against the cwd would invent a path.
    ⛔ CWD-UNOBSERVED 2 relative path(s) (0 write(s)) came from a lifecycle
       process whose own cwd was never observed
       macOS spawns with posix_spawn addchdir_np, which changes directory in-kernel and
       emits no chdir syscall, so the inherited cwd cannot be trusted. These are NOT
       scope-assigned; the grant below is WIDENED instead so it covers wherever they landed.
         pid=34524 read  unproven .
         pid=34524 read  unproven .
    ⛔ THE TRACER DROPPED 1 EVENT(S). A dropped event is a path never
       seen, so the grant below can only be too NARROW — the direction that breaks installs.
       Treat it as a FLOOR, not a measurement, until the adapter fault is fixed:
             1 x  epid=128 action=1 fault=1 addr=0x600001cc4000
  == ATTRIBUTION == lifecycle pids: 1
    writes  script 19  /  whole traced subtree 37
    sockets script 4  /  whole traced subtree 5
  == ROOTS (from /Users/runner/v2m-es3JtE/Observe/capture.json; the classifier reads no other source) ==
    project       /Users/runner/v2m-es3JtE/Observe
    home          /Users/runner
    jailHome      /Users/runner/v2m-es3JtE/jailhome
    globalStore   /Users/runner/.cache/nub/pm/store
    projectStore  /Users/runner/v2m-es3JtE/Observe/node_modules/.store
    interpreter   /Users/runner/hostedtoolcache/node/22.23.2/arm64
    toolsDir      /Users/runner/.cache/nub/pm/tools
    temp          /private/var/folders/_5/zjnzxgh147qcg3bb5cg2wvqw0000gn/T/nub-tmp-obsmG7i2U
    npmPrefix     /Users/runner/.cache/nub/pm/tools/npm-prefix
    ownPkg        /Users/runner/v2m-es3JtE/Observe/node_modules/electron-chromedriver
    cwd           (null — this platform has no such root)
  == WRITES the script actually performed ==
    systemfs      1
        /dev/dtracehelper
    jailTmp       5  (base profile already grants this — NOT billed)
        /private/var/folders/_5/zjnzxgh147qcg3bb5cg2wvqw0000gn/T/nub-tmp-obsmG7i2U/electron-download-e0bDvQ
        /private/var/folders/_5/zjnzxgh147qcg3bb5cg2wvqw0000gn/T/nub-tmp-obsmG7i2U/electron-download-e0bDvQ/chromedriver-v17.0.0-darwin-arm64.zip
        /private/var/folders/_5/zjnzxgh147qcg3bb5cg2wvqw0000gn/T/nub-tmp-obsmG7i2U/electron-download-AjOXHO
        /private/var/folders/_5/zjnzxgh147qcg3bb5cg2wvqw0000gn/T/nub-tmp-obsmG7i2U/electron-download-L9V9XJ
        /private/var/folders/_5/zjnzxgh147qcg3bb5cg2wvqw0000gn/T/nub-tmp-obsmG7i2U/electron-download-L9V9XJ/SHASUMS256.txt
    userHome      4
    ownPkg        9  (base profile already grants this — NOT billed)
        /Users/runner/v2m-es3JtE/Observe/node_modules/electron-chromedriver/bin
        /Users/runner/v2m-es3JtE/Observe/node_modules/electron-chromedriver/bin/icudtl.dat
        /Users/runner/v2m-es3JtE/Observe/node_modules/electron-chromedriver/bin/gen
        /Users/runner/v2m-es3JtE/Observe/node_modules/electron-chromedriver/bin/gen/electron
        /Users/runner/v2m-es3JtE/Observe/node_modules/electron-chromedriver/bin/gen/electron/buildflags
        /Users/runner/v2m-es3JtE/Observe/node_modules/electron-chromedriver/bin/gen/electron/buildflags/buildflags.h
        /Users/runner/v2m-es3JtE/Observe/node_modules/electron-chromedriver/bin/LICENSES.chromium.html
        /Users/runner/v2m-es3JtE/Observe/node_modules/electron-chromedriver/bin/chromedriver
        /Users/runner/v2m-es3JtE/Observe/node_modules/electron-chromedriver/bin/LICENSE
  == READS the script performed, by scope ==
    outside       7
    systemfs     10
    userHome      4
    ownPkg        2
    deps        143
    jailTmp       1
        outside: /
        outside: /bin/sh
        outside: /bin
        outside: /bin/bash
        outside: /etc/resolv.conf
        outside: /var/db/timezone/zoneinfo/UTC
        outside: /var/db/timezone/zoneinfo/posixrules
  == NETWORK ==
    AF_INET connects: 4   distinct peers: 2
        172.182.252.133:443
        185.199.109.133:443
  == REFUSALS (errno EPERM/EACCES/EROFS only; ENOENT is a miss, not a denial) ==
    distinct: 0
  == SYNTHESIZED GRANT (verify this in the real unprivileged jail) ==
    {"write":{"userHome":true},"network":true}
  == writePaths (DERIVED — promotion out of the package's PRIVATE home) ==
    private-home writes observed: 0
    none declared — the script wrote nothing into its private home — there is nothing to promote
    4 write(s) landed in the REAL home by absolute path, so promotion cannot reach them — nub moves OUT of the private home, and nothing of theirs is in it. Only `write:{userHome}` covers these; emitting `writePaths` instead would be an UNDER-GRANT.
  == writePaths FEASIBILITY (distinct writes outside project/deps) ==
    count: 4
        .cache/nub/pm/tools/electron-cache
        .cache/nub/pm/tools/electron-cache/dbd8fc4d3473df2ea591cc63bf1d944b47138489e384122e9dffcb2fe4046a38
        .cache/nub/pm/tools/electron-cache/dbd8fc4d3473df2ea591cc63bf1d944b47138489e384122e9dffcb2fe4046a38/SHASUMS256.txt
        .cache/nub/pm/tools/electron-cache/dbd8fc4d3473df2ea591cc63bf1d944b47138489e384122e9dffcb2fe4046a38/chromedriver-v17.0.0-darwin-arm64.zip
  EVICT[synth] 58 store entries removed, 16 spared as nub tooling, 1220 in store
OSV-SCREEN {"schemaVersion":1,"kind":"nub-synth-resolved","status":"clean","digest":"76594d0dd011dba543e1dd4ce70308f202e06c4ce2fc02580677e047829c9b7f","specCount":78,"lockfiles":{"digest":"906e040534b67b6b4b275308a07cb8daa597d489fd098a86c8cec5c82e2155fa","files":[{"path":"nub.lock","sha256":"46bb5191259eeb08bfde89722fb20dcca57e16add52c866cc6d724fb78e4a8b5","bytes":18938}]},"maliciousAdvisories":[],"screenedAt":"2026-08-27T13:07:28.838Z","cacheHit":false,"clearancePath":"/Users/runner/v2m-es3JtE/security/nub-synth-resolved.json"}
  SECURITY nub-synth-resolved clean: 78 exact package-version(s), tree 76594d0dd011
  VENUE-STORE-LAYOUT isolated
  VERIFY[synth] rc=0 artifacts=11/11 missing=0 shortfall=none (tree 6033/1797) OVERRIDDEN=3 REJECTED=0 grant={"write":{"userHome":true},"network":true}
  => VERIFIED {"write":{"userHome":true},"network":true}
  EVICT[nar-no-network] 61 store entries removed, 16 spared as nub tooling, 1223 in store
OSV-SCREEN {"schemaVersion":1,"kind":"nub-nar-no-network-resolved","status":"clean","digest":"76594d0dd011dba543e1dd4ce70308f202e06c4ce2fc02580677e047829c9b7f","specCount":78,"lockfiles":{"digest":"906e040534b67b6b4b275308a07cb8daa597d489fd098a86c8cec5c82e2155fa","files":[{"path":"nub.lock","sha256":"46bb5191259eeb08bfde89722fb20dcca57e16add52c866cc6d724fb78e4a8b5","bytes":18938}]},"maliciousAdvisories":[],"screenedAt":"2026-08-27T13:07:28.838Z","cacheHit":true,"clearancePath":"/Users/runner/v2m-es3JtE/security/nub-nar-no-network-resolved.json"}
  SECURITY nub-nar-no-network-resolved clean: 78 exact package-version(s), tree 76594d0dd011 (cached exact-tree clearance)
  VERIFY[nar-no-network] rc=0 artifacts=11/11 missing=0 shortfall=none (tree 6033/1797) OVERRIDDEN=3 REJECTED=0 grant={"write":{"userHome":true}}
     ⛔ OVER-PREDICTED — the strictly narrower {"write":{"userHome":true}} also verifies; 'no-network' was not needed
  EVICT[nar-no-write-userHome] 61 store entries removed, 16 spared as nub tooling, 1223 in store
OSV-SCREEN {"schemaVersion":1,"kind":"nub-nar-no-write-userHome-resolved","status":"clean","digest":"76594d0dd011dba543e1dd4ce70308f202e06c4ce2fc02580677e047829c9b7f","specCount":78,"lockfiles":{"digest":"906e040534b67b6b4b275308a07cb8daa597d489fd098a86c8cec5c82e2155fa","files":[{"path":"nub.lock","sha256":"46bb5191259eeb08bfde89722fb20dcca57e16add52c866cc6d724fb78e4a8b5","bytes":18938}]},"maliciousAdvisories":[],"screenedAt":"2026-08-27T13:07:28.838Z","cacheHit":true,"clearancePath":"/Users/runner/v2m-es3JtE/security/nub-nar-no-write-userHome-resolved.json"}
  SECURITY nub-nar-no-write-userHome-resolved clean: 78 exact package-version(s), tree 76594d0dd011 (cached exact-tree clearance)
  VERIFY[nar-no-write-userHome] rc=0 artifacts=11/11 missing=0 shortfall=none (tree 6033/1797) OVERRIDDEN=3 REJECTED=0 grant={"network":true}
     ⛔ OVER-PREDICTED — the strictly narrower {"network":true} also verifies; 'no-write-userHome' was not needed
  EVICT[joint-narrow] 61 store entries removed, 16 spared as nub tooling, 1223 in store
OSV-SCREEN {"schemaVersion":1,"kind":"nub-joint-narrow-resolved","status":"clean","digest":"76594d0dd011dba543e1dd4ce70308f202e06c4ce2fc02580677e047829c9b7f","specCount":78,"lockfiles":{"digest":"906e040534b67b6b4b275308a07cb8daa597d489fd098a86c8cec5c82e2155fa","files":[{"path":"nub.lock","sha256":"46bb5191259eeb08bfde89722fb20dcca57e16add52c866cc6d724fb78e4a8b5","bytes":18938}]},"maliciousAdvisories":[],"screenedAt":"2026-08-27T13:07:28.838Z","cacheHit":true,"clearancePath":"/Users/runner/v2m-es3JtE/security/nub-joint-narrow-resolved.json"}
  SECURITY nub-joint-narrow-resolved clean: 78 exact package-version(s), tree 76594d0dd011 (cached exact-tree clearance)
  VERIFY[joint-narrow] rc=0 artifacts=11/11 missing=0 shortfall=none (tree 6033/1797) OVERRIDDEN=3 REJECTED=0 grant={}
  => JOINT-NARROW VERIFIED {} — all 2 capabilities drop TOGETHER, measured
### DONE electron-chromedriver@17.0.0  synthesized={"write":{"userHome":true},"network":true} verified=1
