OSV-SCREEN {"schemaVersion":1,"kind":"direct","status":"clean","digest":"b90c14e091f8b091f8c9ee46635d17bbb2dbdc709b3733db379fb2c8bbfcea61","specCount":1,"lockfiles":{"digest":null,"files":[]},"maliciousAdvisories":[],"screenedAt":"2026-09-08T03:08:55.818Z","cacheHit":false,"clearancePath":"/Users/runner/v2m-j7PaVI/security/direct.json"}
  SECURITY direct clean: 1 exact package-version(s), tree b90c14e091f8
### ttf2woff2@2.0.3   (/Users/runner/v2m-j7PaVI)   nub=/tmp/nub/target/release/nub
  VENUE-NUB-BINARY {"path":"/tmp/nub/target/release/nub","sha256":"f923f9d246b7061a3e88675efb7b4fdcda741d02368002ce6e7f7044b01e7bbe","bytes":93818888,"features":{"buildJailCatalogOverride":true,"pythonDontWriteBytecodeEnv":true}}
  CI-ENV scrubbed: CI GITHUB_ACTIONS
  --- fbt preflight (advisory; never fails the run) ---
     csrutil: System Integrity Protection status: disabled.
     fbt probes visible: 93591
     fbt enable attempt: dtrace: description 'fbt:::entry ' matched 50364 probes CPU     ID                    FUNCTION:NAME 
     cwd builtin value:  
     fbt chdir symbols:  
     fbt fires on spawn-with-cwd: dtrace: invalid probe specifier fbt::chdir*:entry /progenyof($target)/ { @[probefunc] = count(); }: probe description fbt::chdir*:entry does not match any probes 
  --- end fbt preflight ---
OSV-SCREEN {"schemaVersion":1,"kind":"npm-observe-resolved","status":"clean","digest":"001ba367643919423bda695466d0785ae525ac49715a49fd82d51e179114fcb6","specCount":102,"lockfiles":{"digest":"9ba2eddbfcc9eae8e3c4f874c2713a5045b71cc4ea0678caa197ab9370b7685d","files":[{"path":"package-lock.json","sha256":"0105a95ce7526abad45e3a2a58d1b7096f56ef8756f7b962ea0ecd7e857647f8","bytes":40061}]},"maliciousAdvisories":[],"screenedAt":"2026-09-08T03:09:02.435Z","cacheHit":false,"clearancePath":"/Users/runner/v2m-j7PaVI/security/npm-observe-resolved.json"}
  SECURITY npm-observe-resolved clean: 102 exact package-version(s), tree 001ba3676439
  VENUE-CI-CHILD clean (no CI-detection variable reaches the traced script)
  --- wrapper (run.sh) ---
     cd "/Users/runner/v2m-j7PaVI/Observe"
     sudo -u "runner" -H env "PATH=$PATH"   "HOME=/Users/runner/v2m-j7PaVI/jailhome"   "TMPDIR=/private/var/folders/bl/vzjcvbz95c3dk19cb0fw46180000gn/T/nub-tmp-obsxhzvo9"   "NODE_COMPAT=1"   "PYTHONDONTWRITEBYTECODE=1"   "PLAYWRIGHT_BROWSERS_PATH=/Users/runner/.cache/nub/pm/tools/ms-playwright"   "ELECTRON_CACHE=/Users/runner/.cache/nub/pm/tools/electron-cache"   "electron_config_cache=/Users/runner/.cache/nub/pm/tools/electron-cache"   "npm_config_prefix=/Users/runner/.cache/nub/pm/tools/npm-prefix"   "/Users/runner/hostedtoolcache/node/22.23.2/arm64/bin/npm" rebuild --no-audit --no-fund "ttf2woff2" > "/Users/runner/v2m-j7PaVI/Observe/npm.log" 2>&1
     echo $? > "/Users/runner/v2m-j7PaVI/Observe/rc"
  --- dtrace stderr + wrapper trace ---
     + cd /Users/runner/v2m-j7PaVI/Observe
     + sudo -u runner -H env PATH=/Users/runner/hostedtoolcache/node/22.23.2/arm64/bin:/opt/homebrew/lib/ruby/gems/3.3.0/bin:/opt/homebrew/opt/ruby@3.3/bin:/Users/runner/.local/bin:/opt/homebrew/bin:/opt/homebrew/sbin:/Users/runner/.cargo/bin:/usr/local/opt/curl/bin:/usr/local/bin:/usr/local/sbin:/Users/runner/bin:/Users/runner/.yarn/bin:/Users/runner/Library/Android/sdk/tools:/Users/runner/Library/Android/sdk/platform-tools:/Library/Frameworks/Python.framework/Versions/Current/bin:/Library/Frameworks/Mono.framework/Versions/Current/Commands:/usr/bin:/bin:/usr/sbin:/sbin:/Users/runner/.dotnet/tools HOME=/Users/runner/v2m-j7PaVI/jailhome TMPDIR=/private/var/folders/bl/vzjcvbz95c3dk19cb0fw46180000gn/T/nub-tmp-obsxhzvo9 NODE_COMPAT=1 PYTHONDONTWRITEBYTECODE=1 PLAYWRIGHT_BROWSERS_PATH=/Users/runner/.cache/nub/pm/tools/ms-playwright ELECTRON_CACHE=/Users/runner/.cache/nub/pm/tools/electron-cache electron_config_cache=/Users/runner/.cache/nub/pm/tools/electron-cache npm_config_prefix=/Users/runner/.cache/nub/pm/tools/npm-prefix /Users/runner/hostedtoolcache/node/22.23.2/arm64/bin/npm rebuild --no-audit --no-fund ttf2woff2
     dtrace: error on enabled probe ID 128 (ID 286: syscall::execve:entry): invalid address (0x6000037c4120) in action #1 at DIF offset 20
     + echo 0
  OBSERVE   rc=0 dtrace_rc=0 files=1239 (pre=1282) trace=13694 lines
  CLOSURE   101 packages evicted per arm   store=/Users/runner/.cache/nub/pm/store
  RAWLOG-FILE /Users/runner/v2m-j7PaVI/Observe/trace.txt.gz
  RAWLOG-CAPTURE /Users/runner/v2m-j7PaVI/Observe/capture.json
  RAWLOG-BYTES raw=2288801 gz=75391
  VENUE-INTERPRETER /Users/runner/hostedtoolcache/node/22.23.2/arm64
  VENUE-OVERRIDES {"set":{"PATH":"inherited-and-forwarded","HOME":"/Users/runner/v2m-j7PaVI/jailhome","TMPDIR":"/private/var/folders/bl/vzjcvbz95c3dk19cb0fw46180000gn/T/nub-tmp-obsxhzvo9","NODE_COMPAT":"1","PYTHONDONTWRITEBYTECODE":"1","PLAYWRIGHT_BROWSERS_PATH":"/Users/runner/.cache/nub/pm/tools/ms-playwright","ELECTRON_CACHE":"/Users/runner/.cache/nub/pm/tools/electron-cache","electron_config_cache":"/Users/runner/.cache/nub/pm/tools/electron-cache","npm_config_prefix":"/Users/runner/.cache/nub/pm/tools/npm-prefix"},"unset":["(sudo env_reset discards the caller environment; every var above is re-set after it)","CI","GITHUB_ACTIONS"],"passedThrough":{"CI":"true","GITHUB_ACTIONS":"true","NODE_ENV":null}}
  VENUE-OBSERVE-USER runner uid=501 (R7: ordinary non-root user, asserted)
  ARM-FALSIFIABILITY {"manifestFiles":77,"filesTheScriptProduced":0,"reasons":["gate-vacuous","rc-vacuous"]}
  ⛔ ARMS-UNFALSIFIABLE — a green arm for this package carries no evidence:
       gate-vacuous: the script changed no file the artifact gate keys on — every file in the manifest (77) was already present at its final size before the script ran, so the gate passes in every arm including a completely broken one
       rc-vacuous: `install` ends in a status-swallowing construct (`(node-gyp rebuild > builderror.log) || (exit 0)`), so its exit code is 0 whether the work succeeded or failed
       The grant may still be correct; what is missing is a signal that could have gone
       red. Do not read this record's MINIMAL as a passing measurement.
  EVENTLOG-FILE /Users/runner/v2m-j7PaVI/Observe/events.ndjson.gz
  EVENTLOG-STATS {"lines":13695,"parsed":13673,"unparsed":0,"live":true,"tracerErrors":1,"tracerErrorTotal":1,"unresolvedDirfd":30,"unresolvedFd":0,"pairedTwoPath":541,"danglingPair":0,"failed":5091,"enoent":5073,"refusals":0,"byErrno":{"ENXIO":3,"ENOENT":5073,"ENOTEMPTY":14,"EINVAL":1},"procs":7,"lifecyclePids":1,"distinctEvents":6518,"emitted":6518,"calls":13108,"bytes":1264711,"gzipBytes":43370,"out":"/Users/runner/v2m-j7PaVI/Observe/events.ndjson"}
  == TRACER == live=true decodable-events=3577 dropped-events=1
    NOTE 20 relative path(s) under a non-AT_FDCWD dirfd were not
       scope-assigned: resolving them against the cwd would invent a path.
    ⛔ CWD-UNOBSERVED 106 relative path(s) (59 write(s)) came from a lifecycle
       process whose own cwd was never observed
       macOS spawns with posix_spawn addchdir_np, which changes directory in-kernel and
       emits no chdir syscall, so the inherited cwd cannot be trusted. These are NOT
       scope-assigned; the grant below is WIDENED instead so it covers wherever they landed.
         pid=16334 read  unproven .
         pid=16335 read  unproven .
         pid=16335 read  unproven build
         pid=16335 WRITE unproven build/Makefile
         pid=16335 WRITE unproven build/addon.target.mk
         pid=16335 WRITE unproven build/binding.Makefile
         pid=16335 read  unproven build/Release
         pid=16335 read  unproven build/Release/.deps
         pid=16335 WRITE unproven build/Release/addon.node
         pid=16335 read  unproven build/Release/obj.target
         … and 96 more
    CWD-UNPLACEABLE-WRITES ["build","build/Makefile","build/Release","build/Release/.deps","build/Release/.deps/Release","build/Release/.deps/Release/addon.node.d","build/Release/.deps/Release/obj.target","build/Release/.deps/Release/obj.target/addon","build/Release/.deps/Release/obj.target/addon.node.d","build/Release/.deps/Release/obj.target/addon/csrc","build/Release/.deps/Release/obj.target/addon/csrc/addon.o.d","build/Release/.deps/Release/obj.target/addon/csrc/enc","build/Release/.deps/Release/obj.target/addon/csrc/enc/backward_references.o.d","build/Release/.deps/Release/obj.target/addon/csrc/enc/block_splitter.o.d","build/Release/.deps/Release/obj.target/addon/csrc/enc/brotli_bit_stream.o.d","build/Release/.deps/Release/obj.target/addon/csrc/enc/encode.o.d","build/Release/.deps/Release/obj.target/addon/csrc/enc/encode_parallel.o.d","build/Release/.deps/Release/obj.target/addon/csrc/enc/entropy_encode.o.d","build/Release/.deps/Release/obj.target/addon/csrc/enc/histogram.o.d","build/Release/.deps/Release/obj.target/addon/csrc/enc/literal_cost.o.d","build/Release/.deps/Release/obj.target/addon/csrc/enc/metablock.o.d","build/Release/.deps/Release/obj.target/addon/csrc/enc/streams.o.d","build/Release/.deps/Release/obj.target/addon/csrc/woff2","build/Release/.deps/Release/obj.target/addon/csrc/woff2/font.o.d","build/Release/.deps/Release/obj.target/addon/csrc/woff2/glyph.o.d","build/Release/.deps/Release/obj.target/addon/csrc/woff2/normalize.o.d","build/Release/.deps/Release/obj.target/addon/csrc/woff2/table_tags.o.d","build/Release/.deps/Release/obj.target/addon/csrc/woff2/transform.o.d","build/Release/.deps/Release/obj.target/addon/csrc/woff2/variable_length.o.d","build/Release/.deps/Release/obj.target/addon/csrc/woff2/woff2_common.o.d","build/Release/.deps/Release/obj.target/addon/csrc/woff2/woff2_enc.o.d","build/Release/addon.node","build/Release/obj.target","build/Release/obj.target/addon","build/Release/obj.target/addon.node","build/Release/obj.target/addon/csrc","build/Release/obj.target/addon/csrc/addon.o","build/Release/obj.target/addon/csrc/enc","build/Release/obj.target/addon/csrc/enc/backward_references.o","build/Release/obj.target/addon/csrc/enc/block_splitter.o","build/Release/obj.target/addon/csrc/enc/brotli_bit_stream.o","build/Release/obj.target/addon/csrc/enc/encode.o","build/Release/obj.target/addon/csrc/enc/encode_parallel.o","build/Release/obj.target/addon/csrc/enc/entropy_encode.o","build/Release/obj.target/addon/csrc/enc/histogram.o","build/Release/obj.target/addon/csrc/enc/literal_cost.o","build/Release/obj.target/addon/csrc/enc/metablock.o","build/Release/obj.target/addon/csrc/enc/streams.o","build/Release/obj.target/addon/csrc/woff2","build/Release/obj.target/addon/csrc/woff2/font.o","build/Release/obj.target/addon/csrc/woff2/glyph.o","build/Release/obj.target/addon/csrc/woff2/normalize.o","build/Release/obj.target/addon/csrc/woff2/table_tags.o","build/Release/obj.target/addon/csrc/woff2/transform.o","build/Release/obj.target/addon/csrc/woff2/variable_length.o","build/Release/obj.target/addon/csrc/woff2/woff2_common.o","build/Release/obj.target/addon/csrc/woff2/woff2_enc.o","build/addon.target.mk","build/binding.Makefile"]
    CWD-RESOLVED 1 relative path(s) placed against the package dir
       and CONFIRMED by an artifact present after the run — not assumed.
    ⛔ THE TRACER DROPPED 1 EVENT(S). A dropped event is a path never
       seen, so the grant below can only be too NARROW — the direction that breaks installs.
       Treat it as a FLOOR, not a measurement, until the adapter fault is fixed:
             1 x  epid=128 action=1 fault=1 addr=0x6000037c4120
  == ATTRIBUTION == lifecycle pids: 1
    writes  script 2  /  whole traced subtree 1092
    sockets script 0  /  whole traced subtree 1
  == ROOTS (from /Users/runner/v2m-j7PaVI/Observe/capture.json; the classifier reads no other source) ==
    project       /Users/runner/v2m-j7PaVI/Observe
    home          /Users/runner
    jailHome      /Users/runner/v2m-j7PaVI/jailhome
    globalStore   /Users/runner/.cache/nub/pm/store
    projectStore  /Users/runner/v2m-j7PaVI/Observe/node_modules/.store
    interpreter   /Users/runner/hostedtoolcache/node/22.23.2/arm64
    toolsDir      /Users/runner/.cache/nub/pm/tools
    temp          /private/var/folders/bl/vzjcvbz95c3dk19cb0fw46180000gn/T/nub-tmp-obsxhzvo9
    npmPrefix     /Users/runner/.cache/nub/pm/tools/npm-prefix
    ownPkg        /Users/runner/v2m-j7PaVI/Observe/node_modules/ttf2woff2
    cwd           (null — this platform has no such root)
  == WRITES the script actually performed ==
    systemfs      1
        /dev/dtracehelper
    ownPkg        1  (base profile already grants this — NOT billed)
        /Users/runner/v2m-j7PaVI/Observe/node_modules/ttf2woff2/builderror.log
  == READS the script performed, by scope ==
    outside       8
    systemfs     23
    userHome      2
    deps        132
    bytecode     38
    ownPkg        1
        outside: /
        outside: /bin/bash
        outside: /bin
        outside: /usr/bin/env
        outside: /usr/bin
        outside: /var/db/timezone/icutz/icutz44l.dat
        outside: /etc/localtime
        outside: /var/db/timezone/zoneinfo/posixrules
  == NETWORK ==
    AF_INET connects: 0   distinct peers: 0
  == REFUSALS (errno EPERM/EACCES/EROFS only; ENOENT is a miss, not a denial) ==
    distinct: 0
  == SYNTHESIZED GRANT (verify this in the real unprivileged jail) ==
    {"write":{"deps":true,"project":true}}
  == writePaths (DERIVED — promotion out of the package's PRIVATE home) ==
    private-home writes observed: 0
    none declared — the script wrote nothing into its private home — there is nothing to promote
  == writePaths FEASIBILITY (distinct writes outside project/deps) ==
    count: 0
  EVICT[synth] 23 store entries removed, 8 spared as nub tooling, 267 in store
OSV-SCREEN {"schemaVersion":1,"kind":"nub-synth-resolved","status":"clean","digest":"001ba367643919423bda695466d0785ae525ac49715a49fd82d51e179114fcb6","specCount":102,"lockfiles":{"digest":"5bb7cec69874bc2c99a38c7f59447d01f31e1ce0fff4cc4fd45011769c541e0a","files":[{"path":"nub.lock","sha256":"8cc6d5eb124790957cb806911ddfe23040b23c7be94878fceee467fe87acb6ca","bytes":23976}]},"maliciousAdvisories":[],"screenedAt":"2026-09-08T03:09:02.435Z","cacheHit":true,"clearancePath":"/Users/runner/v2m-j7PaVI/security/nub-synth-resolved.json"}
  SECURITY nub-synth-resolved clean: 102 exact package-version(s), tree 001ba3676439 (cached exact-tree clearance)
  VENUE-STORE-LAYOUT isolated
  VERIFY[synth] rc=0 artifacts=76/76 missing=0 shortfall=none (tree 3902/1239) OVERRIDDEN=3 REJECTED=0 grant={"write":{"deps":true,"project":true}}
  => VERIFIED {"write":{"deps":true,"project":true}}
  EVICT[nar-no-write-deps] 101 store entries removed, 8 spared as nub tooling, 345 in store
OSV-SCREEN {"schemaVersion":1,"kind":"nub-nar-no-write-deps-resolved","status":"clean","digest":"001ba367643919423bda695466d0785ae525ac49715a49fd82d51e179114fcb6","specCount":102,"lockfiles":{"digest":"5bb7cec69874bc2c99a38c7f59447d01f31e1ce0fff4cc4fd45011769c541e0a","files":[{"path":"nub.lock","sha256":"8cc6d5eb124790957cb806911ddfe23040b23c7be94878fceee467fe87acb6ca","bytes":23976}]},"maliciousAdvisories":[],"screenedAt":"2026-09-08T03:09:02.435Z","cacheHit":true,"clearancePath":"/Users/runner/v2m-j7PaVI/security/nub-nar-no-write-deps-resolved.json"}
  SECURITY nub-nar-no-write-deps-resolved clean: 102 exact package-version(s), tree 001ba3676439 (cached exact-tree clearance)
  VERIFY[nar-no-write-deps] rc=0 artifacts=76/76 missing=0 shortfall=none (tree 3902/1239) OVERRIDDEN=3 REJECTED=0 grant={"write":{"project":true}}
     ⛔ OVER-PREDICTED — the strictly narrower {"write":{"project":true}} also verifies; 'no-write-deps' was not needed
  EVICT[nar-no-write-project] 101 store entries removed, 8 spared as nub tooling, 345 in store
OSV-SCREEN {"schemaVersion":1,"kind":"nub-nar-no-write-project-resolved","status":"clean","digest":"001ba367643919423bda695466d0785ae525ac49715a49fd82d51e179114fcb6","specCount":102,"lockfiles":{"digest":"5bb7cec69874bc2c99a38c7f59447d01f31e1ce0fff4cc4fd45011769c541e0a","files":[{"path":"nub.lock","sha256":"8cc6d5eb124790957cb806911ddfe23040b23c7be94878fceee467fe87acb6ca","bytes":23976}]},"maliciousAdvisories":[],"screenedAt":"2026-09-08T03:09:02.435Z","cacheHit":true,"clearancePath":"/Users/runner/v2m-j7PaVI/security/nub-nar-no-write-project-resolved.json"}
  SECURITY nub-nar-no-write-project-resolved clean: 102 exact package-version(s), tree 001ba3676439 (cached exact-tree clearance)
  VERIFY[nar-no-write-project] rc=0 artifacts=76/76 missing=0 shortfall=none (tree 3902/1239) OVERRIDDEN=3 REJECTED=0 grant={"write":{"deps":true}}
     ⛔ OVER-PREDICTED — the strictly narrower {"write":{"deps":true}} also verifies; 'no-write-project' was not needed
  EVICT[joint-narrow] 101 store entries removed, 8 spared as nub tooling, 345 in store
OSV-SCREEN {"schemaVersion":1,"kind":"nub-joint-narrow-resolved","status":"clean","digest":"001ba367643919423bda695466d0785ae525ac49715a49fd82d51e179114fcb6","specCount":102,"lockfiles":{"digest":"5bb7cec69874bc2c99a38c7f59447d01f31e1ce0fff4cc4fd45011769c541e0a","files":[{"path":"nub.lock","sha256":"8cc6d5eb124790957cb806911ddfe23040b23c7be94878fceee467fe87acb6ca","bytes":23976}]},"maliciousAdvisories":[],"screenedAt":"2026-09-08T03:09:02.435Z","cacheHit":true,"clearancePath":"/Users/runner/v2m-j7PaVI/security/nub-joint-narrow-resolved.json"}
  SECURITY nub-joint-narrow-resolved clean: 102 exact package-version(s), tree 001ba3676439 (cached exact-tree clearance)
  VERIFY[joint-narrow] rc=0 artifacts=76/76 missing=0 shortfall=none (tree 3902/1239) OVERRIDDEN=3 REJECTED=0 grant={}
  => JOINT-NARROW VERIFIED {} — all 2 capabilities drop TOGETHER, measured
### DONE ttf2woff2@2.0.3  synthesized={"write":{"deps":true,"project":true}} verified=1
