OSV-SCREEN {"schemaVersion":1,"kind":"direct","status":"clean","digest":"04a44e4bf89ae5faba1bc1e1ab374b75295e521b13045957d4068131e8e88889","specCount":1,"lockfiles":{"digest":null,"files":[]},"maliciousAdvisories":[],"screenedAt":"2026-09-08T06:12:05.594Z","cacheHit":false,"clearancePath":"/Users/runner/v2m-pHfNej/security/direct.json"}
  SECURITY direct clean: 1 exact package-version(s), tree 04a44e4bf89a
### @keycloak/keycloak-admin-client@26.6.0   (/Users/runner/v2m-pHfNej)   nub=/tmp/nub/target/release/nub
  VENUE-NUB-BINARY {"path":"/tmp/nub/target/release/nub","sha256":"f923f9d246b7061a3e88675efb7b4fdcda741d02368002ce6e7f7044b01e7bbe","bytes":93818888,"features":{"buildJailCatalogOverride":true,"pythonDontWriteBytecodeEnv":true}}
  CI-ENV scrubbed: CI GITHUB_ACTIONS
  --- fbt preflight (advisory; never fails the run) ---
     csrutil: System Integrity Protection status: disabled.
     fbt probes visible: 93591
     fbt enable attempt: dtrace: description 'fbt:::entry ' matched 50364 probes CPU     ID                    FUNCTION:NAME 
     cwd builtin value:  
     fbt chdir symbols:  
     fbt fires on spawn-with-cwd: dtrace: invalid probe specifier fbt::chdir*:entry /progenyof($target)/ { @[probefunc] = count(); }: probe description fbt::chdir*:entry does not match any probes 
  --- end fbt preflight ---
OSV-SCREEN {"schemaVersion":1,"kind":"npm-observe-resolved","status":"clean","digest":"2299aca94ec231664637f36ee1d031fd1e9523134219c44543fb04dd665906be","specCount":13,"lockfiles":{"digest":"b0376a54473336f23420f261008129ece6ae98dc941baada7758991e93891a22","files":[{"path":"package-lock.json","sha256":"f5102659622a89b744b1b6a3e87a851abd24d0474b30723ad2ab3ddc3c65fb2e","bytes":6313}]},"maliciousAdvisories":[],"screenedAt":"2026-09-08T06:12:15.199Z","cacheHit":false,"clearancePath":"/Users/runner/v2m-pHfNej/security/npm-observe-resolved.json"}
  SECURITY npm-observe-resolved clean: 13 exact package-version(s), tree 2299aca94ec2
  VENUE-CI-CHILD clean (no CI-detection variable reaches the traced script)
  --- wrapper (run.sh) ---
     cd "/Users/runner/v2m-pHfNej/Observe"
     sudo -u "runner" -H env "PATH=$PATH"   "HOME=/Users/runner/v2m-pHfNej/jailhome"   "TMPDIR=/private/var/folders/bl/vzjcvbz95c3dk19cb0fw46180000gn/T/nub-tmp-obssLBkl8"   "NODE_COMPAT=1"   "PYTHONDONTWRITEBYTECODE=1"   "PLAYWRIGHT_BROWSERS_PATH=/Users/runner/.cache/nub/pm/tools/ms-playwright"   "ELECTRON_CACHE=/Users/runner/.cache/nub/pm/tools/electron-cache"   "electron_config_cache=/Users/runner/.cache/nub/pm/tools/electron-cache"   "npm_config_prefix=/Users/runner/.cache/nub/pm/tools/npm-prefix"   "/Users/runner/hostedtoolcache/node/22.23.2/arm64/bin/npm" rebuild --no-audit --no-fund "@keycloak/keycloak-admin-client" > "/Users/runner/v2m-pHfNej/Observe/npm.log" 2>&1
     echo $? > "/Users/runner/v2m-pHfNej/Observe/rc"
  --- dtrace stderr + wrapper trace ---
     + cd /Users/runner/v2m-pHfNej/Observe
     + sudo -u runner -H env PATH=/Users/runner/hostedtoolcache/node/22.23.2/arm64/bin:/opt/homebrew/lib/ruby/gems/3.3.0/bin:/opt/homebrew/opt/ruby@3.3/bin:/Users/runner/.local/bin:/opt/homebrew/bin:/opt/homebrew/sbin:/Users/runner/.cargo/bin:/usr/local/opt/curl/bin:/usr/local/bin:/usr/local/sbin:/Users/runner/bin:/Users/runner/.yarn/bin:/Users/runner/Library/Android/sdk/tools:/Users/runner/Library/Android/sdk/platform-tools:/Library/Frameworks/Python.framework/Versions/Current/bin:/Library/Frameworks/Mono.framework/Versions/Current/Commands:/usr/bin:/bin:/usr/sbin:/sbin:/Users/runner/.dotnet/tools HOME=/Users/runner/v2m-pHfNej/jailhome TMPDIR=/private/var/folders/bl/vzjcvbz95c3dk19cb0fw46180000gn/T/nub-tmp-obssLBkl8 NODE_COMPAT=1 PYTHONDONTWRITEBYTECODE=1 PLAYWRIGHT_BROWSERS_PATH=/Users/runner/.cache/nub/pm/tools/ms-playwright ELECTRON_CACHE=/Users/runner/.cache/nub/pm/tools/electron-cache electron_config_cache=/Users/runner/.cache/nub/pm/tools/electron-cache npm_config_prefix=/Users/runner/.cache/nub/pm/tools/npm-prefix /Users/runner/hostedtoolcache/node/22.23.2/arm64/bin/npm rebuild --no-audit --no-fund @keycloak/keycloak-admin-client
     dtrace: error on enabled probe ID 128 (ID 286: syscall::execve:entry): invalid address (0x6000032f8090) in action #1 at DIF offset 20
     + echo 127
  OBSERVE   rc=127 dtrace_rc=0 files=1501 (pre=1499) trace=11893 lines
  => BROKEN-WITHOUT-JAIL-TOO (unjailed control failed rc=127; nothing to measure)
     npm error code 127
     npm error path /Users/runner/v2m-pHfNej/Observe/node_modules/@keycloak/keycloak-admin-client
     npm error command failed
     npm error command sh -c pnpm generate:openapi
     npm error sh: pnpm: command not found
     npm notice
     npm notice New major version of npm available! 10.9.8 -> 12.0.2
     npm notice Changelog: https://github.com/npm/cli/releases/tag/v12.0.2
     npm notice To update run: npm install -g npm@12.0.2
     npm notice
     npm error A complete log of this run can be found in: /Users/runner/v2m-pHfNej/jailhome/.npm/_logs/2026-09-08T06_12_18_784Z-debug-0.log
