### eckles@0.1.1   (D:\jail\m-eckles-mts9d629)
  CI-ENV scrubbed: CI GITHUB_ACTIONS
OSV-SCREEN {"schemaVersion":1,"kind":"direct","status":"clean","digest":"e1c7145509b8d5c8a18b4cab33c88a824e501c650b9fdf19c0332ec8269f2cd1","specCount":1,"lockfiles":{"digest":null,"files":[]},"maliciousAdvisories":[],"screenedAt":"2026-09-08T05:58:02.066Z","cacheHit":false,"clearancePath":"D:\\jail\\m-eckles-mts9d629\\security\\direct.json"}
  SECURITY direct clean: 1 exact package-version(s), tree e1c7145509b8
OSV-SCREEN {"schemaVersion":1,"kind":"npm-observe-resolved","status":"clean","digest":"e1c7145509b8d5c8a18b4cab33c88a824e501c650b9fdf19c0332ec8269f2cd1","specCount":1,"lockfiles":{"digest":"c95765e1762eefa60e213cc4d6b914dedf38153cf972c6950cb172e7acc63576","files":[{"path":"package-lock.json","sha256":"bdd0e6e825447817c667e6bbec02c65aca5d9bc83893dc70891b944c32df82c1","bytes":596}]},"maliciousAdvisories":[],"screenedAt":"2026-09-08T05:58:02.066Z","cacheHit":true,"clearancePath":"D:\\jail\\m-eckles-mts9d629\\security\\npm-observe-resolved.json"}
  SECURITY npm-observe-resolved clean: 1 exact package-version(s), tree e1c7145509b8 (cached exact-tree clearance)
  CAPTURE user=runnervmeef0v\runneradmin elevated=True rootPid=7988 exit=0 events=24076 lost=0
  VENUE-OBSERVE-USER runnervmeef0v\runneradmin elevated=true privDropped={"SeBackupPrivilege":"removed","SeRestorePrivilege":"removed","SeTakeOwnershipPrivilege":"removed"}
  OBSERVE artifacts: 13 files  (D:\jail\m-eckles-mts9d629\observe\node_modules\eckles)
  ARM-FALSIFIABILITY {"manifestFiles":13,"filesTheScriptProduced":0,"reasons":["gate-vacuous"]}
  ⛔ ARMS-UNFALSIFIABLE — a green arm for this package carries no evidence:
       gate-vacuous: the script changed no file the artifact gate keys on — every file in the manifest (13) was already present at its final size before the script ran, so the gate passes in every arm including a completely broken one
       The grant may still be correct; what is missing is a signal that could have gone
       red. Do not read this record's MINIMAL as a passing measurement.
  CLOSURE 1 packages evicted per arm
  8.3 MAP 0 components resolved on runnervmeef0v, folded into capture.json
  == ROOTS (from capture.json — R2: no ambient reads) ==
    project       D:\jail\m-eckles-mts9d629\observe   [keyed on]
    home          C:\Users\runneradmin   [keyed on]
    jailHome      (null — declared inapplicable)
    globalStore   C:\Users\runneradmin\AppData\Local\nub\pm\store
    projectStore  D:\jail\m-eckles-mts9d629\observe\node_modules\.store
    interpreter   C:\hostedtoolcache\windows\node\22.23.2\x64\node.exe
    toolsDir      C:\Users\runneradmin\AppData\Local\nub\pm\tools
    temp          D:\jail\m-eckles-mts9d629\tmp   [keyed on]
    npmPrefix     (null — declared inapplicable)
    ownPkg        D:\jail\m-eckles-mts9d629\observe\node_modules\eckles
  == ATTRIBUTION == lifecycle pids: 2 (root 7988)
    writes  script 0  /  whole traced tree 11
    peers   script 1  /  whole traced tree 1
  == WRITES ==
  == READS ==
    deps          5
    outside       6
    project       1
    systemfs     28
  == NETWORK ==
    distinct peers: 1
        166.70.149.8:443
  == REFUSALS (adapter-classified) ==
    distinct: 0
  == SYNTHESIZED GRANT (verify this in the real unprivileged jail) ==
    {"network":true}
  RAW       etw-raw.xml.gz  30700357 B xml -> 464623 B gz (66.1x)  sha256 219f5d10e5c8338c…
  HEADER    etw-header.json (5041 bytes)
  DERIVED   5268 distinct from 6453 kept ops (24076 xml events, 2783 out of subtree)
  PROCS     4   thread-reattributed 0
  ⛔ 1 operations with NO OperationEnd — kept, status marked unknown
  8.3       0 expanded, 0 kept short, 0 not covered  [map: recorded 8.3 map (0 components, resolved on runnervmeef0v)]
  wrote events.ndjson.gz (66020 bytes)
  RAWLOG-CAPTURE D:\jail\m-eckles-mts9d629\cap\capture.json
  VENUE-NUB-BINARY {"path":"C:/Users/RUNNER~1/AppData/Local/Temp/nub/target/release/nub.exe","sha256":"f186817a44be332fee712b4936a071a0b5f9cde18a1d2fdc3a791729d4bf1005","bytes":68717056,"features":{"buildJailCatalogOverride":true,"pythonDontWriteBytecodeEnv":true}}
  VENUE-INTERPRETER C:\hostedtoolcache\windows\node\22.23.2\x64\node.exe
  VENUE-JAIL-ROOT D:\jail\m-eckles-mts9d629
  VENUE-OVERRIDES {"set":{"npm_config_cache":"D:\\jail\\m-eckles-mts9d629\\npm-cache","TMP":"D:\\jail\\m-eckles-mts9d629\\tmp","TEMP":"D:\\jail\\m-eckles-mts9d629\\tmp","TMPDIR":"D:\\jail\\m-eckles-mts9d629\\tmp"},"unset":["CI","GITHUB_ACTIONS"],"notRedirected":{"USERPROFILE":"C:\\Users\\runneradmin","why":"the jail leaves HOME/USERPROFILE alone — `build_jail.rs` sandbox_homes() reads the ambient value and `compiler/defaults.rs` BASELINE_ENV_EXACT passes it through — so there is no private jail home to reproduce and redirecting one would measure an environment no confined script sees"},"passedThrough":{"CI":"true","GITHUB_ACTIONS":"true","NODE_ENV":null}}
  STORE   isolated virtual store at D:\jail\m-eckles-mts9d629\verify-synth\.cache
  VENUE-STORE-LAYOUT isolated
OSV-SCREEN {"schemaVersion":1,"kind":"nub-synth-resolved","status":"clean","digest":"e1c7145509b8d5c8a18b4cab33c88a824e501c650b9fdf19c0332ec8269f2cd1","specCount":1,"lockfiles":{"digest":"e37e51527f191863a05fdcff4b602535c1aecc80706fb14716216a34405cc37d","files":[{"path":"nub.lock","sha256":"e76f70c86f434f066cf1d255b4de4e3bb5bc81b166fd35774809d6ef84d297df","bytes":393}]},"maliciousAdvisories":[],"screenedAt":"2026-09-08T05:58:02.066Z","cacheHit":true,"clearancePath":"D:\\jail\\m-eckles-mts9d629\\security\\nub-synth-resolved.json"}
  SECURITY nub-synth-resolved clean: 1 exact package-version(s), tree e1c7145509b8 (cached exact-tree clearance)
  VERIFY[synth] rc=0 artifacts=13/13 missing=0 shortfall=none (tree 5681/20) OVERRIDDEN=2 REJECTED=0 grant={"network":true}
  => MINIMUM {"network":true}   (observed, then verified)
  STORE   isolated virtual store at D:\jail\m-eckles-mts9d629\verify-nar-no-network\.cache
OSV-SCREEN {"schemaVersion":1,"kind":"nub-nar-no-network-resolved","status":"clean","digest":"e1c7145509b8d5c8a18b4cab33c88a824e501c650b9fdf19c0332ec8269f2cd1","specCount":1,"lockfiles":{"digest":"e37e51527f191863a05fdcff4b602535c1aecc80706fb14716216a34405cc37d","files":[{"path":"nub.lock","sha256":"e76f70c86f434f066cf1d255b4de4e3bb5bc81b166fd35774809d6ef84d297df","bytes":393}]},"maliciousAdvisories":[],"screenedAt":"2026-09-08T05:58:02.066Z","cacheHit":true,"clearancePath":"D:\\jail\\m-eckles-mts9d629\\security\\nub-nar-no-network-resolved.json"}
  SECURITY nub-nar-no-network-resolved clean: 1 exact package-version(s), tree e1c7145509b8 (cached exact-tree clearance)
  VERIFY[nar-no-network] rc=0 artifacts=13/13 missing=0 shortfall=none (tree 5681/20) OVERRIDDEN=2 REJECTED=0 grant={}
     ⛔ OVER-PREDICTED — the strictly narrower {} also verifies; 'no-network' was not needed
