OSV-SCREEN {"schemaVersion":1,"kind":"direct","status":"clean","digest":"e9db790bca83de566f1a1dd74e7080e9d8d3ead99170b9c22ff8d47d46552e1b","specCount":1,"lockfiles":{"digest":null,"files":[]},"maliciousAdvisories":[],"screenedAt":"2026-09-01T02:14:44.181Z","cacheHit":false,"clearancePath":"/Users/runner/v2m-GXRYHE/security/direct.json"}
  SECURITY direct clean: 1 exact package-version(s), tree e9db790bca83
  ERA-NODE PINNED 16.20.2 (provisioned) (arms will run: v16.20.2)
  ERA-PYTHON /Users/runner/hostedtoolcache/Python/3.9.13/arm64/bin/python (Python 3.9.13) for era Node 16, whose node-gyp requires python3
  ARM-MAKE /usr/bin/make (GNU Make 3.81) — the system make; a build needing GNU Make 4 WILL fail here
### @sitespeed.io/edgedriver@100.0.1185-29   (/Users/runner/v2m-GXRYHE)   nub=/tmp/nub/target/release/nub
  VENUE-NUB-BINARY {"path":"/tmp/nub/target/release/nub","sha256":"69e622342d0c8393c78fa50a01dc9cc0a94371ac9b106b59bdcc016f06d86d30","bytes":94535576,"features":{"buildJailCatalogOverride":true,"pythonDontWriteBytecodeEnv":true}}
  CI-ENV scrubbed: CI GITHUB_ACTIONS
  --- fbt preflight (advisory; never fails the run) ---
     csrutil: System Integrity Protection status: disabled.
     fbt probes visible: 93577
     fbt enable attempt: dtrace: description 'fbt:::entry ' matched 50357 probes CPU     ID                    FUNCTION:NAME 
     cwd builtin value:  
     fbt chdir symbols:  
     fbt fires on spawn-with-cwd: dtrace: invalid probe specifier fbt::chdir*:entry /progenyof($target)/ { @[probefunc] = count(); }: probe description fbt::chdir*:entry does not match any probes 
  --- end fbt preflight ---
  ERA-RESOLUTION DATED 2022-04-05T17:44:50.652Z (deps as of the package's own publish date + 1d)
OSV-SCREEN {"schemaVersion":1,"kind":"npm-observe-resolved","status":"clean","digest":"a5a54c4be06a308e3ed86be7ed9051c6aab3df31b50b50c46fbda2f686a909db","specCount":3,"lockfiles":{"digest":"6873ef977085824377748424613d50d0379409268691dbcd0ceae4a389db6602","files":[{"path":"package-lock.json","sha256":"df5b2478bd675fb22b9f1fb42216cad052fe63bee4cfed6cf177131a499afd8d","bytes":1573}]},"maliciousAdvisories":[],"screenedAt":"2026-09-01T02:14:54.012Z","cacheHit":false,"clearancePath":"/Users/runner/v2m-GXRYHE/security/npm-observe-resolved.json"}
  SECURITY npm-observe-resolved clean: 3 exact package-version(s), tree a5a54c4be06a
  ARM-PATH SANITISED (dropped 1: /Users/runner/.yarn/bin)
  ARM-AMBIENT-TOOLS none
  ARM-SCAFFOLD none
  ARM-UNPROVIDABLE none
  VENUE-CI-CHILD clean (no CI-detection variable reaches the traced script)
  ARM-REBUILD-SPEC @sitespeed.io/edgedriver@100.0.1185-29
  --- wrapper (run.sh) ---
     cd "/Users/runner/v2m-GXRYHE/Observe"
     sudo -u "runner" -H env "PATH=/Users/runner/v2m-GXRYHE/Observe/node_modules/.bin:/Users/runner/.cache/nub/era-node/16.20.2/node-v16.20.2-darwin-arm64/bin:/Users/runner/hostedtoolcache/node/22.23.2/arm64/bin:/opt/homebrew/lib/ruby/gems/3.3.0/bin:/opt/homebrew/opt/ruby@3.3/bin:/Users/runner/.local/bin:/opt/homebrew/bin:/opt/homebrew/sbin:/Users/runner/.cargo/bin:/usr/local/opt/curl/bin:/usr/local/bin:/usr/local/sbin:/Users/runner/bin:/Users/runner/Library/Android/sdk/tools:/Users/runner/Library/Android/sdk/platform-tools:/Library/Frameworks/Python.framework/Versions/Current/bin:/Library/Frameworks/Mono.framework/Versions/Current/Commands:/usr/bin:/bin:/usr/sbin:/sbin:/Users/runner/.dotnet/tools"   "HOME=/Users/runner/v2m-GXRYHE/jailhome"   "TMPDIR=/private/var/folders/_5/zjnzxgh147qcg3bb5cg2wvqw0000gn/T/nub-tmp-obsyxeJV4"   "NODE_COMPAT=1"   "PYTHONDONTWRITEBYTECODE=1"   "PLAYWRIGHT_BROWSERS_PATH=/Users/runner/.cache/nub/pm/tools/ms-playwright"   "ELECTRON_CACHE=/Users/runner/.cache/nub/pm/tools/electron-cache"   "electron_config_cache=/Users/runner/.cache/nub/pm/tools/electron-cache"   "npm_config_prefix=/Users/runner/.cache/nub/pm/tools/npm-prefix"   PYTHON=/Users/runner/hostedtoolcache/Python/3.9.13/arm64/bin/python   npm rebuild --no-audit --no-fund "@sitespeed.io/edgedriver@100.0.1185-29" > "/Users/runner/v2m-GXRYHE/Observe/npm.log" 2>&1
     echo $? > "/Users/runner/v2m-GXRYHE/Observe/rc"
  --- dtrace stderr + wrapper trace ---
     + cd /Users/runner/v2m-GXRYHE/Observe
     + sudo -u runner -H env PATH=/Users/runner/v2m-GXRYHE/Observe/node_modules/.bin:/Users/runner/.cache/nub/era-node/16.20.2/node-v16.20.2-darwin-arm64/bin:/Users/runner/hostedtoolcache/node/22.23.2/arm64/bin:/opt/homebrew/lib/ruby/gems/3.3.0/bin:/opt/homebrew/opt/ruby@3.3/bin:/Users/runner/.local/bin:/opt/homebrew/bin:/opt/homebrew/sbin:/Users/runner/.cargo/bin:/usr/local/opt/curl/bin:/usr/local/bin:/usr/local/sbin:/Users/runner/bin:/Users/runner/Library/Android/sdk/tools:/Users/runner/Library/Android/sdk/platform-tools:/Library/Frameworks/Python.framework/Versions/Current/bin:/Library/Frameworks/Mono.framework/Versions/Current/Commands:/usr/bin:/bin:/usr/sbin:/sbin:/Users/runner/.dotnet/tools HOME=/Users/runner/v2m-GXRYHE/jailhome TMPDIR=/private/var/folders/_5/zjnzxgh147qcg3bb5cg2wvqw0000gn/T/nub-tmp-obsyxeJV4 NODE_COMPAT=1 PYTHONDONTWRITEBYTECODE=1 PLAYWRIGHT_BROWSERS_PATH=/Users/runner/.cache/nub/pm/tools/ms-playwright ELECTRON_CACHE=/Users/runner/.cache/nub/pm/tools/electron-cache electron_config_cache=/Users/runner/.cache/nub/pm/tools/electron-cache npm_config_prefix=/Users/runner/.cache/nub/pm/tools/npm-prefix PYTHON=/Users/runner/hostedtoolcache/Python/3.9.13/arm64/bin/python npm rebuild --no-audit --no-fund @sitespeed.io/edgedriver@100.0.1185-29
     dtrace: error on enabled probe ID 128 (ID 286: syscall::execve:entry): invalid address (0x6000026450e0) in action #1 at DIF offset 20
     dtrace: error on enabled probe ID 128 (ID 286: syscall::execve:entry): invalid address (0x6000030e2360) in action #4 at DIF offset 88
     dtrace: error on enabled probe ID 128 (ID 286: syscall::execve:entry): invalid address (0x6000030e2360) in action #4 at DIF offset 88
     dtrace: error on enabled probe ID 128 (ID 286: syscall::execve:entry): invalid address (0x6000030e2360) in action #4 at DIF offset 88
     dtrace: error on enabled probe ID 128 (ID 286: syscall::execve:entry): invalid address (0x6000030e2360) in action #4 at DIF offset 88
     dtrace: error on enabled probe ID 128 (ID 286: syscall::execve:entry): invalid address (0x6000030e2360) in action #4 at DIF offset 88
     dtrace: error on enabled probe ID 128 (ID 286: syscall::execve:entry): invalid address (0x6000030e2360) in action #4 at DIF offset 88
     dtrace: error on enabled probe ID 128 (ID 286: syscall::execve:entry): invalid address (0x6000030e2360) in action #4 at DIF offset 88
     dtrace: error on enabled probe ID 128 (ID 286: syscall::execve:entry): invalid address (0x6000030e2360) in action #4 at DIF offset 88
     dtrace: error on enabled probe ID 128 (ID 286: syscall::execve:entry): invalid address (0x6000030e2360) in action #4 at DIF offset 88
     dtrace: error on enabled probe ID 128 (ID 286: syscall::execve:entry): invalid address (0x6000030e2360) in action #4 at DIF offset 88
     dtrace: error on enabled probe ID 128 (ID 286: syscall::execve:entry): invalid address (0x6000030e2360) in action #4 at DIF offset 88
     dtrace: error on enabled probe ID 128 (ID 286: syscall::execve:entry): invalid address (0x6000030e2360) in action #4 at DIF offset 88
     dtrace: error on enabled probe ID 128 (ID 286: syscall::execve:entry): invalid address (0x6000030e2360) in action #4 at DIF offset 88
     dtrace: error on enabled probe ID 128 (ID 286: syscall::execve:entry): invalid address (0x6000030e2360) in action #4 at DIF offset 88
     dtrace: error on enabled probe ID 128 (ID 286: syscall::execve:entry): invalid address (0x6000030e2360) in action #4 at DIF offset 88
     dtrace: error on enabled probe ID 128 (ID 286: syscall::execve:entry): invalid address (0x6000030e2360) in action #4 at DIF offset 88
     dtrace: error on enabled probe ID 128 (ID 286: syscall::execve:entry): invalid address (0x6000030e2360) in action #4 at DIF offset 88
     dtrace: error on enabled probe ID 128 (ID 286: syscall::execve:entry): invalid address (0x6000030e2360) in action #4 at DIF offset 88
     dtrace: error on enabled probe ID 128 (ID 286: syscall::execve:entry): invalid address (0x6000030e2360) in action #4 at DIF offset 88
     dtrace: error on enabled probe ID 128 (ID 286: syscall::execve:entry): invalid address (0x6000030e2360) in action #4 at DIF offset 88
     dtrace: error on enabled probe ID 128 (ID 286: syscall::execve:entry): invalid address (0x6000030e2360) in action #4 at DIF offset 88
     + echo 1
  OBSERVE   rc=1 dtrace_rc=0 files=26 (pre=24) trace=5492 lines
  => BROKEN-WITHOUT-JAIL-TOO (unjailed control failed rc=1; nothing to measure)
     npm ERR!     at GetAddrInfoReqWrap.onlookup [as oncomplete] (node:dns:109:26) {
     npm ERR!   errno: -3008,
     npm ERR!   code: 'ENOTFOUND',
     npm ERR!   syscall: 'getaddrinfo',
     npm ERR!   hostname: 'msedgedriver.azureedge.net'
     npm ERR! }
     npm ERR! node:internal/process/promises:279
     npm ERR!             triggerUncaughtException(err, true /* fromPromise */);
     npm ERR!             ^
     npm ERR! 
     npm ERR! Error: getaddrinfo ENOTFOUND msedgedriver.azureedge.net
     npm ERR!     at GetAddrInfoReqWrap.onlookup [as oncomplete] (node:dns:109:26) {
     npm ERR!   errno: -3008,
     npm ERR!   code: 'ENOTFOUND',
     npm ERR!   syscall: 'getaddrinfo',
     npm ERR!   hostname: 'msedgedriver.azureedge.net'
     npm ERR! }
     
     npm ERR! A complete log of this run can be found in:
     npm ERR!     /Users/runner/v2m-GXRYHE/jailhome/.npm/_logs/2026-09-01T02_14_58_311Z-debug-0.log
