### @pulumi/gcp@5.9.0   (/home/runner/v2-UKMbZi)
  CI-ENV scrubbed: CI GITHUB_ACTIONS
OSV-SCREEN {"schemaVersion":1,"kind":"direct","status":"clean","digest":"ddf6b92a9ef6a409caa20ab9ed458ee4b75facbf2acbde2d3ede5aca88a2365d","specCount":1,"lockfiles":{"digest":null,"files":[]},"maliciousAdvisories":[],"screenedAt":"2026-09-08T10:57:42.875Z","cacheHit":false,"clearancePath":"/home/runner/v2-UKMbZi/security/direct.json"}
  SECURITY direct clean: 1 exact package-version(s), tree ddf6b92a9ef6
  VENUE-OBSERVE-USER {"uid":1001,"user":"runner","umask":"0022","capBnd":"000001ffffffffff","noNewPrivs":"0"}
  VENUE-NUB-BINARY {"path":"/tmp/nub/target/release/nub","sha256":"2a18683f50f7afeb02a521cd3cae175dc2f91780d461c5f012065241f5a1447b","bytes":207643464,"features":{"buildJailCatalogOverride":true,"pythonDontWriteBytecodeEnv":true}}
OSV-SCREEN {"schemaVersion":1,"kind":"npm-observe-resolved","status":"clean","digest":"0761c3a0d14d3d3ea6bec7bc7e4b98f85db3d3000498fa85545120c98e5248cd","specCount":244,"lockfiles":{"digest":"0a189adde0397065716f02c69eb2250317104d7548819a6d77a6755f9fe6ebeb","files":[{"path":"package-lock.json","sha256":"1eb59140ae5ca26bb8d3d43a1be7341da91cca8427bfb8099b2f12092bba5f07","bytes":116783}]},"maliciousAdvisories":[],"screenedAt":"2026-09-08T10:57:53.349Z","cacheHit":false,"clearancePath":"/home/runner/v2-UKMbZi/security/npm-observe-resolved.json"}
  SECURITY npm-observe-resolved clean: 244 exact package-version(s), tree 0761c3a0d14d
  OBSERVE   rc=0 files=13944 trace=12874 lines
  CLOSURE   222 packages evicted per arm
  ARM-FALSIFIABILITY {"manifestFiles":1980,"filesTheScriptProduced":0,"reasons":["gate-vacuous"]}
  ⛔ ARMS-UNFALSIFIABLE — a green arm for this package carries no evidence:
       gate-vacuous: the script changed no file the artifact gate keys on — every file in the manifest (1980) was already present at its final size before the script ran, so the gate passes in every arm including a completely broken one
       The grant may still be correct; what is missing is a signal that could have gone
       red. Do not read this record's MINIMAL as a passing measurement.
  RAWLOG-FILE /home/runner/v2-UKMbZi/observe/trace.txt.gz
  RAWLOG-CAPTURE /home/runner/v2-UKMbZi/observe/capture.json
  RAWLOG-BYTES raw=2618181 gz=83620
  VENUE-INTERPRETER /opt/hostedtoolcache/node/22.23.2/x64
  VENUE-OVERRIDES {"set":{"HOME":"/home/runner/v2-UKMbZi/jailhome","TMPDIR":"/tmp/nub-tmp-obsq548ew","NODE_COMPAT":"1","PLAYWRIGHT_BROWSERS_PATH":"/home/runner/.cache/nub/pm/tools/ms-playwright","ELECTRON_CACHE":"/home/runner/.cache/nub/pm/tools/electron-cache","electron_config_cache":"/home/runner/.cache/nub/pm/tools/electron-cache","npm_config_prefix":"/home/runner/.cache/nub/pm/tools/npm-prefix","PYTHONDONTWRITEBYTECODE":"1","NUB_CACHE_DIR":"/home/runner/v2-UKMbZi/nubcache"},"unset":["CI","GITHUB_ACTIONS"],"passedThrough":{"CI":"true","GITHUB_ACTIONS":"true","NODE_ENV":null}}
  == ATTRIBUTION == attributed pids: 23
    writes  script 13  /  whole traced tree 1101
    sockets script 22  /  whole traced tree 28
  == ROOTS (from capture.json — R2: no ambient reads) ==
    project       /home/runner/v2-UKMbZi/observe
    home          /home/runner
    jailHome      /home/runner/v2-UKMbZi/jailhome
    globalStore   /home/runner/.cache/nub/pm/store   [declared, not keyed on]
    projectStore  /home/runner/v2-UKMbZi/observe/node_modules/.store   [declared, not keyed on]
    interpreter   /opt/hostedtoolcache/node/22.23.2/x64   [declared, not keyed on]
    toolsDir      /home/runner/.cache/nub/pm/tools   [declared, not keyed on]
    temp          /tmp/nub-tmp-obsq548ew
    npmPrefix     /home/runner/.cache/nub/pm/tools/npm-prefix
    ownPkg        /home/runner/v2-UKMbZi/observe/node_modules/@pulumi/gcp
  == WRITES the script actually performed ==
    userHome     12
    jailTmp       1  (base profile already grants this — NOT billed)
        /tmp/nub-tmp-obsq548ew/pulumi-plugin-tar3759982973
  == NETWORK ==
    AF_INET sockets: 22   distinct peers: 4
        127.0.0.53:53
        104.16.2.34:443
        140.82.114.3:443
        13.225.61.27:443
  == REFUSALS (only `= -1 EACCES/EPERM/EROFS`) ==
    distinct: 0
  == SYNTHESIZED GRANT (verify this in the real unprivileged jail) ==
    {"write":{"userHome":true},"network":true}
  == writePaths (DERIVED — promotion out of the package's PRIVATE home) ==
    private-home writes observed: 0
    none declared — the script wrote nothing into its private home — there is nothing to promote
    12 write(s) landed in the REAL home by absolute path, so promotion cannot reach them — nub moves OUT of the private home, and nothing of theirs is in it. Only `write:{userHome}` covers these; emitting `writePaths` instead would be an UNDER-GRANT.
  == writePaths FEASIBILITY (distinct writes outside project/deps) ==
    count: 12
        .pulumi
        .pulumi/logs
        .pulumi/logs/pulumi-20260908T105757-20653-plugin_install.log
        .pulumi/plugins
        .pulumi/plugins/resource-gcp-v5.9.0.lock
        .pulumi/plugins/resource-gcp-v5.9.0.partial
        .pulumi/plugins/resource-gcp-v5.9.0
        .pulumi/plugins/resource-gcp-v5.9.0/CHANGELOG.md
        .pulumi/plugins/resource-gcp-v5.9.0/LICENSE
        .pulumi/plugins/resource-gcp-v5.9.0/README.md
        .pulumi/plugins/resource-gcp-v5.9.0/pulumi-resource-gcp
        .pulumi/.cachedVersionInfo
    EVENTS    5516 distinct from 12298 calls (12875 lines, 306 rejoined, 0 unparsed)
    PROCS     30   lifecycle shells 18
    ⛔ 3 paths with an UNRESOLVED dirfd — kept, marked, never guessed
    unsubscribed/unmapped syscalls: tgkill×237 setsockopt×55 getsockname×39 getpeername×17 exit×15 getsockopt×14 recvmsg×7 getcwd×4
    wrote /home/runner/v2-UKMbZi/observe/events.ndjson.gz (39222 bytes)
  EVENTLOG-FILE /home/runner/v2-UKMbZi/observe/events.ndjson.gz
  EVENTLOG-STATS {"lines":12875,"parsed":12298,"unparsed":0,"unfinished":306,"rejoined":306,"unresolvedDirfd":3,"truncatedArg":0,"procs":30,"lifecyclePids":18,"distinctEvents":5516,"unknownSyscall":{"getsockname":39,"getsockopt":14,"getcwd":4,"recvmsg":7,"exit":15,"setsockopt":55,"sendmmsg":1,"socketpair":3,"shutdown":3,"tgkill":237,"listen":1,"accept4":1,"getpeername":17,"exit_group":4,"wait4":4},"out":"/home/runner/v2-UKMbZi/observe/events.ndjson.gz","gzipBytes":39222}
  EVICT     64 store entries removed, 20 spared as nub tooling
  SE-PURGE  0 side-effects-cache entries for @pulumi/gcp
  scaffold: 1 dependency package(s) with lifecycle scripts granted a fixed wide grant
OSV-SCREEN {"schemaVersion":1,"kind":"nub-synth-resolved","status":"clean","digest":"7339090ca802d2ee654d5596568e215fe60e41ba4ffeb6f70c7bcd7e8e1dcbe6","specCount":244,"lockfiles":{"digest":"c81fcbc700dcbe4e45265a9b97e4bb7ae7537fe4f7ebeb8dd6b08030a481765e","files":[{"path":"nub.lock","sha256":"d79671ecdc016c88a07b5cd3a4d685b8018c370a4949fef348f5a52447ad5e59","bytes":70161}]},"maliciousAdvisories":[],"screenedAt":"2026-09-08T10:58:04.425Z","cacheHit":false,"clearancePath":"/home/runner/v2-UKMbZi/security/nub-synth-resolved.json"}
  SECURITY nub-synth-resolved clean: 244 exact package-version(s), tree 7339090ca802
  VENUE-STORE-LAYOUT isolated
  VERIFY[synth] rc=0 artifacts=1980/1980 missing=0 shortfall=none (tree 56665/13944) OVERRIDDEN=3 REJECTED=0 grant={"write":{"userHome":true},"network":true}
  => VERIFIED {"write":{"userHome":true},"network":true}   (observed, then verified)
  EVICT     224 store entries removed, 20 spared as nub tooling
  SE-PURGE  0 side-effects-cache entries for @pulumi/gcp
  scaffold: 1 dependency package(s) with lifecycle scripts granted a fixed wide grant
OSV-SCREEN {"schemaVersion":1,"kind":"nub-drop-no-network-resolved","status":"clean","digest":"7339090ca802d2ee654d5596568e215fe60e41ba4ffeb6f70c7bcd7e8e1dcbe6","specCount":244,"lockfiles":{"digest":"c81fcbc700dcbe4e45265a9b97e4bb7ae7537fe4f7ebeb8dd6b08030a481765e","files":[{"path":"nub.lock","sha256":"d79671ecdc016c88a07b5cd3a4d685b8018c370a4949fef348f5a52447ad5e59","bytes":70161}]},"maliciousAdvisories":[],"screenedAt":"2026-09-08T10:58:04.425Z","cacheHit":true,"clearancePath":"/home/runner/v2-UKMbZi/security/nub-drop-no-network-resolved.json"}
  SECURITY nub-drop-no-network-resolved clean: 244 exact package-version(s), tree 7339090ca802 (cached exact-tree clearance)
  VERIFY[drop-no-network] rc=0 artifacts=1980/1980 missing=0 shortfall=none (tree 56665/13944) OVERRIDDEN=3 REJECTED=0 grant={"write":{"userHome":true}}
     ⛔ OVER-PREDICTED: dropping 'no-network' STILL VERIFIES — {"write":{"userHome":true}} is sufficient
  EVICT     224 store entries removed, 20 spared as nub tooling
  SE-PURGE  0 side-effects-cache entries for @pulumi/gcp
  scaffold: 1 dependency package(s) with lifecycle scripts granted a fixed wide grant
OSV-SCREEN {"schemaVersion":1,"kind":"nub-drop-no-write-userHome-resolved","status":"clean","digest":"7339090ca802d2ee654d5596568e215fe60e41ba4ffeb6f70c7bcd7e8e1dcbe6","specCount":244,"lockfiles":{"digest":"c81fcbc700dcbe4e45265a9b97e4bb7ae7537fe4f7ebeb8dd6b08030a481765e","files":[{"path":"nub.lock","sha256":"d79671ecdc016c88a07b5cd3a4d685b8018c370a4949fef348f5a52447ad5e59","bytes":70161}]},"maliciousAdvisories":[],"screenedAt":"2026-09-08T10:58:04.425Z","cacheHit":true,"clearancePath":"/home/runner/v2-UKMbZi/security/nub-drop-no-write-userHome-resolved.json"}
  SECURITY nub-drop-no-write-userHome-resolved clean: 244 exact package-version(s), tree 7339090ca802 (cached exact-tree clearance)
  VERIFY[drop-no-write-userHome] rc=0 artifacts=1980/1980 missing=0 shortfall=none (tree 56665/13944) OVERRIDDEN=3 REJECTED=0 grant={"network":true}
     ⛔ OVER-PREDICTED: dropping 'no-write-userHome' STILL VERIFIES — {"network":true} is sufficient
  => OVER-PREDICTED by: no-network no-write-userHome  (synthesized {"write":{"userHome":true},"network":true}; each named capability drops on its own)
  EVICT     224 store entries removed, 20 spared as nub tooling
  SE-PURGE  0 side-effects-cache entries for @pulumi/gcp
  scaffold: 1 dependency package(s) with lifecycle scripts granted a fixed wide grant
OSV-SCREEN {"schemaVersion":1,"kind":"nub-joint-narrow-resolved","status":"clean","digest":"7339090ca802d2ee654d5596568e215fe60e41ba4ffeb6f70c7bcd7e8e1dcbe6","specCount":244,"lockfiles":{"digest":"c81fcbc700dcbe4e45265a9b97e4bb7ae7537fe4f7ebeb8dd6b08030a481765e","files":[{"path":"nub.lock","sha256":"d79671ecdc016c88a07b5cd3a4d685b8018c370a4949fef348f5a52447ad5e59","bytes":70161}]},"maliciousAdvisories":[],"screenedAt":"2026-09-08T10:58:04.425Z","cacheHit":true,"clearancePath":"/home/runner/v2-UKMbZi/security/nub-joint-narrow-resolved.json"}
  SECURITY nub-joint-narrow-resolved clean: 244 exact package-version(s), tree 7339090ca802 (cached exact-tree clearance)
  VERIFY[joint-narrow] rc=0 artifacts=1980/1980 missing=0 shortfall=none (tree 56665/13944) OVERRIDDEN=3 REJECTED=0 grant={}
  => JOINT-NARROW VERIFIED {} — all 2 capabilities drop TOGETHER, measured
