### sharp@0.33.5   (/home/runner/v2-OoMhzO)
  CI-ENV scrubbed: CI GITHUB_ACTIONS
OSV-SCREEN {"schemaVersion":1,"kind":"direct","status":"clean","digest":"d4a676b5e81563ffee5863a3f6c5af5b2a70358082a01e9230e2c44a419109c7","specCount":1,"lockfiles":{"digest":null,"files":[]},"maliciousAdvisories":[],"screenedAt":"2026-09-07T22:16:48.595Z","cacheHit":false,"clearancePath":"/home/runner/v2-OoMhzO/security/direct.json"}
  SECURITY direct clean: 1 exact package-version(s), tree d4a676b5e815
  VENUE-OBSERVE-USER {"uid":1001,"user":"runner","umask":"0022","capBnd":"000001ffffffffff","noNewPrivs":"0"}
  VENUE-NUB-BINARY {"path":"/tmp/nub/target/release/nub","sha256":"2a18683f50f7afeb02a521cd3cae175dc2f91780d461c5f012065241f5a1447b","bytes":207643464,"features":{"buildJailCatalogOverride":true,"pythonDontWriteBytecodeEnv":true}}
OSV-SCREEN {"schemaVersion":1,"kind":"npm-observe-resolved","status":"clean","digest":"6d8bd25bc449a69a3a16d83a42b73296518e4f0ca902c60166d9ac52a5b9e65f","specCount":11,"lockfiles":{"digest":"e9e05715105fb9b0846fab88d3206ae35e9498cdb0b0e22bf8e5e285d78ba494","files":[{"path":"package-lock.json","sha256":"ae7fc3b508329158fdb9623d3ebc4731d300e60ff709083e952018d4332db1e0","bytes":16975}]},"maliciousAdvisories":[],"screenedAt":"2026-09-07T22:16:50.006Z","cacheHit":false,"clearancePath":"/home/runner/v2-OoMhzO/security/npm-observe-resolved.json"}
  SECURITY npm-observe-resolved clean: 11 exact package-version(s), tree 6d8bd25bc449
  OBSERVE   rc=0 files=134 trace=11215 lines
  CLOSURE   11 packages evicted per arm
  ARM-FALSIFIABILITY {"manifestFiles":32,"filesTheScriptProduced":0,"reasons":["gate-vacuous"]}
  ⛔ ARMS-UNFALSIFIABLE — a green arm for this package carries no evidence:
       gate-vacuous: the script changed no file the artifact gate keys on — every file in the manifest (32) was already present at its final size before the script ran, so the gate passes in every arm including a completely broken one
       The grant may still be correct; what is missing is a signal that could have gone
       red. Do not read this record's MINIMAL as a passing measurement.
  RAWLOG-FILE /home/runner/v2-OoMhzO/observe/trace.txt.gz
  RAWLOG-CAPTURE /home/runner/v2-OoMhzO/observe/capture.json
  RAWLOG-BYTES raw=2440194 gz=71351
  VENUE-INTERPRETER /opt/hostedtoolcache/node/22.23.2/x64
  VENUE-OVERRIDES {"set":{"HOME":"/home/runner/v2-OoMhzO/jailhome","TMPDIR":"/tmp/nub-tmp-obsragJia","NODE_COMPAT":"1","PLAYWRIGHT_BROWSERS_PATH":"/home/runner/.cache/nub/pm/tools/ms-playwright","ELECTRON_CACHE":"/home/runner/.cache/nub/pm/tools/electron-cache","electron_config_cache":"/home/runner/.cache/nub/pm/tools/electron-cache","npm_config_prefix":"/home/runner/.cache/nub/pm/tools/npm-prefix","PYTHONDONTWRITEBYTECODE":"1","NUB_CACHE_DIR":"/home/runner/v2-OoMhzO/nubcache"},"unset":["CI","GITHUB_ACTIONS"],"passedThrough":{"CI":"true","GITHUB_ACTIONS":"true","NODE_ENV":null}}
  == ATTRIBUTION == attributed pids: 17
    writes  script 1  /  whole traced tree 1089
    sockets script 0  /  whole traced tree 4
  == ROOTS (from capture.json — R2: no ambient reads) ==
    project       /home/runner/v2-OoMhzO/observe
    home          /home/runner
    jailHome      /home/runner/v2-OoMhzO/jailhome
    globalStore   /home/runner/.cache/nub/pm/store   [declared, not keyed on]
    projectStore  /home/runner/v2-OoMhzO/observe/node_modules/.store   [declared, not keyed on]
    interpreter   /opt/hostedtoolcache/node/22.23.2/x64   [declared, not keyed on]
    toolsDir      /home/runner/.cache/nub/pm/tools   [declared, not keyed on]
    temp          /tmp/nub-tmp-obsragJia
    npmPrefix     /home/runner/.cache/nub/pm/tools/npm-prefix
    ownPkg        /home/runner/v2-OoMhzO/observe/node_modules/sharp
  == WRITES the script actually performed ==
    kernelfs      1
        /dev/null
  == NETWORK ==
    AF_INET sockets: 0   distinct peers: 2
        127.0.0.53:53
        104.16.0.34:443
  == REFUSALS (only `= -1 EACCES/EPERM/EROFS`) ==
    distinct: 0
  == SYNTHESIZED GRANT (verify this in the real unprivileged jail) ==
    {}
    NOTE 1 kernel-fs touches (/proc,/sys,/dev) — a READ floor question, not a write grant
  == writePaths (DERIVED — promotion out of the package's PRIVATE home) ==
    private-home writes observed: 0
    none declared — the script wrote nothing into its private home — there is nothing to promote
  == writePaths FEASIBILITY (distinct writes outside project/deps) ==
    count: 0
    EVENTS    4648 distinct from 11153 calls (11216 lines, 32 rejoined, 0 unparsed)
    PROCS     24   lifecycle shells 12
    ⛔ 3 paths with an UNRESOLVED dirfd — kept, marked, never guessed
    unsubscribed/unmapped syscalls: setsockopt×47 getsockname×20 exit×15 socketpair×9 wait4×9 getsockopt×7 recvmsg×7 exit_group×7
    wrote /home/runner/v2-OoMhzO/observe/events.ndjson.gz (32928 bytes)
  EVENTLOG-FILE /home/runner/v2-OoMhzO/observe/events.ndjson.gz
  EVENTLOG-STATS {"lines":11216,"parsed":11153,"unparsed":0,"unfinished":32,"rejoined":32,"unresolvedDirfd":3,"truncatedArg":0,"procs":24,"lifecyclePids":12,"distinctEvents":4648,"unknownSyscall":{"getsockname":20,"getsockopt":7,"getcwd":4,"recvmsg":7,"exit":15,"setsockopt":47,"sendmmsg":1,"socketpair":9,"shutdown":5,"exit_group":7,"wait4":9},"out":"/home/runner/v2-OoMhzO/observe/events.ndjson.gz","gzipBytes":32928}
  EVICT     2 store entries removed, 1 spared as nub tooling
  SE-PURGE  0 side-effects-cache entries for sharp
OSV-SCREEN {"schemaVersion":1,"kind":"nub-synth-resolved","status":"clean","digest":"6d8bd25bc449a69a3a16d83a42b73296518e4f0ca902c60166d9ac52a5b9e65f","specCount":11,"lockfiles":{"digest":"9c041f92ca2b605b0881fe0fc2df5f91524f706892e020a6b2b40a62aabd2aed","files":[{"path":"nub.lock","sha256":"216516258c20fb242382bb3c78227087a1259ceab4941e328adca55e77784df6","bytes":9684}]},"maliciousAdvisories":[],"screenedAt":"2026-09-07T22:16:50.006Z","cacheHit":true,"clearancePath":"/home/runner/v2-OoMhzO/security/nub-synth-resolved.json"}
  SECURITY nub-synth-resolved clean: 11 exact package-version(s), tree 6d8bd25bc449 (cached exact-tree clearance)
  VENUE-STORE-LAYOUT isolated
  VERIFY[synth] rc=0 artifacts=32/32 missing=0 shortfall=none (tree 410/134) OVERRIDDEN=2 REJECTED=0 grant={}
  => VERIFIED {}   (observed, then verified)
  DESCEND   grant is already empty — nothing to narrow; MINIMAL by construction.
