### saucectl@0.99.4   (D:\jail\m-saucectl-mtrhklhd)
  CI-ENV scrubbed: CI GITHUB_ACTIONS
OSV-SCREEN {"schemaVersion":1,"kind":"direct","status":"clean","digest":"e1c4294b42bec71fd83b21110688260c8c9dccc3ac5c66e5ff17660ef5f78b8f","specCount":1,"lockfiles":{"digest":null,"files":[]},"maliciousAdvisories":[],"screenedAt":"2026-09-07T16:59:59.324Z","cacheHit":false,"clearancePath":"D:\\jail\\m-saucectl-mtrhklhd\\security\\direct.json"}
  SECURITY direct clean: 1 exact package-version(s), tree e1c4294b42be
OSV-SCREEN {"schemaVersion":1,"kind":"npm-observe-resolved","status":"clean","digest":"5932357dc32f62745da06ace4037d1a42519ae8ab48b3a0525c9c25a0e03a54b","specCount":166,"lockfiles":{"digest":"47fe775d2f650b6fd9bf24aa656f10827c1c5fc6ed4d50e5618324df52e5c660","files":[{"path":"package-lock.json","sha256":"0b2371dec7b149d8decbf7c390f233adcf16748312acc071bd9cc57be1633674","bytes":71112}]},"maliciousAdvisories":[],"screenedAt":"2026-09-07T17:00:04.534Z","cacheHit":false,"clearancePath":"D:\\jail\\m-saucectl-mtrhklhd\\security\\npm-observe-resolved.json"}
  SECURITY npm-observe-resolved clean: 166 exact package-version(s), tree 5932357dc32f
  CAPTURE user=runnervmeef0v\runneradmin elevated=True rootPid=7572 exit=0 events=49884 lost=0
  VENUE-OBSERVE-USER runnervmeef0v\runneradmin elevated=true privDropped={"SeBackupPrivilege":"removed","SeRestorePrivilege":"removed","SeTakeOwnershipPrivilege":"removed"}
  OBSERVE artifacts: 8 files  (D:\jail\m-saucectl-mtrhklhd\observe\node_modules\saucectl)
  ARM-FALSIFIABILITY {"manifestFiles":8,"filesTheScriptProduced":2,"reasons":[]}
  CLOSURE 152 packages evicted per arm
  8.3 MAP 0 components resolved on runnervmeef0v, folded into capture.json
  == ROOTS (from capture.json — R2: no ambient reads) ==
    project       D:\jail\m-saucectl-mtrhklhd\observe   [keyed on]
    home          C:\Users\runneradmin   [keyed on]
    jailHome      (null — declared inapplicable)
    globalStore   C:\Users\runneradmin\AppData\Local\nub\pm\store
    projectStore  D:\jail\m-saucectl-mtrhklhd\observe\node_modules\.store
    interpreter   C:\hostedtoolcache\windows\node\22.23.2\x64\node.exe
    toolsDir      C:\Users\runneradmin\AppData\Local\nub\pm\tools
    temp          D:\jail\m-saucectl-mtrhklhd\tmp   [keyed on]
    npmPrefix     (null — declared inapplicable)
    ownPkg        D:\jail\m-saucectl-mtrhklhd\observe\node_modules\saucectl
  == ATTRIBUTION == lifecycle pids: 4 (root 7572)
    writes  script 12  /  whole traced tree 22
    peers   script 2  /  whole traced tree 2
  == WRITES ==
    deps          3
    systemfs      9
        c:\windows\syswow64\cryptbase.dll:wofcompresseddata
        c:\windows\syswow64\powrprof.dll:wofcompresseddata
        c:\windows\syswow64\umpdc.dll:wofcompresseddata
        c:\windows\syswow64\mswsock.dll:wofcompresseddata
        c:\windows\syswow64\wshqos.dll:wofcompresseddata
        c:\windows\syswow64\iphlpapi.dll:wofcompresseddata
        c:\windows\syswow64\dhcpcsvc6.dll:wofcompresseddata
        c:\windows\syswow64\dhcpcsvc.dll:wofcompresseddata
        c:\windows\syswow64\dnsapi.dll:wofcompresseddata
  == READS ==
    deps        406
    outside       7
    project       1
    systemfs     65
  == NETWORK ==
    distinct peers: 2
        20.29.134.23:443
        185.199.111.133:443
  == REFUSALS (adapter-classified) ==
    distinct: 0
  == SYNTHESIZED GRANT (verify this in the real unprivileged jail) ==
    {"write":{"deps":true},"network":true}
    !! 9 writes into system dirs -- an unprivileged user would be refused these
  RAW       etw-raw.xml.gz  62427399 B xml -> 980914 B gz (63.6x)  sha256 7c7943b4ad93cc7b…
  HEADER    etw-header.json (5060 bytes)
  DERIVED   7416 distinct from 9574 kept ops (49884 xml events, 5739 out of subtree)
  PROCS     6   thread-reattributed 0
  ⛔ 1 operations with NO OperationEnd — kept, status marked unknown
  ⛔ 4 handle ops whose path no table could supply
  8.3       0 expanded, 0 kept short, 0 not covered  [map: recorded 8.3 map (0 components, resolved on runnervmeef0v)]
  wrote events.ndjson.gz (91706 bytes)
  RAWLOG-CAPTURE D:\jail\m-saucectl-mtrhklhd\cap\capture.json
  VENUE-NUB-BINARY {"path":"C:/Users/RUNNER~1/AppData/Local/Temp/nub/target/release/nub.exe","sha256":"f186817a44be332fee712b4936a071a0b5f9cde18a1d2fdc3a791729d4bf1005","bytes":68717056,"features":{"buildJailCatalogOverride":true,"pythonDontWriteBytecodeEnv":true}}
  VENUE-INTERPRETER C:\hostedtoolcache\windows\node\22.23.2\x64\node.exe
  VENUE-JAIL-ROOT D:\jail\m-saucectl-mtrhklhd
  VENUE-OVERRIDES {"set":{"npm_config_cache":"D:\\jail\\m-saucectl-mtrhklhd\\npm-cache","TMP":"D:\\jail\\m-saucectl-mtrhklhd\\tmp","TEMP":"D:\\jail\\m-saucectl-mtrhklhd\\tmp","TMPDIR":"D:\\jail\\m-saucectl-mtrhklhd\\tmp"},"unset":["CI","GITHUB_ACTIONS"],"notRedirected":{"USERPROFILE":"C:\\Users\\runneradmin","why":"the jail leaves HOME/USERPROFILE alone — `build_jail.rs` sandbox_homes() reads the ambient value and `compiler/defaults.rs` BASELINE_ENV_EXACT passes it through — so there is no private jail home to reproduce and redirecting one would measure an environment no confined script sees"},"passedThrough":{"CI":"true","GITHUB_ACTIONS":"true","NODE_ENV":null}}
  STORE   isolated virtual store at D:\jail\m-saucectl-mtrhklhd\verify-synth\.cache
  VENUE-STORE-LAYOUT isolated
OSV-SCREEN {"schemaVersion":1,"kind":"nub-synth-resolved","status":"clean","digest":"d373016b1a59a6962b1cedaf992eb8bcd6724cb59ee757fdf0f7b3d7c335e99b","specCount":170,"lockfiles":{"digest":"34d6a736b8f86f17031fc30ed4881026b03b81e3c8d690bfe2fbaecea402c0a5","files":[{"path":"nub.lock","sha256":"fbdd37c1a23ce739003534c302520abaf04a1d7f270bfff1a9fe445a8b339b97","bytes":40151}]},"maliciousAdvisories":[],"screenedAt":"2026-09-07T17:00:17.687Z","cacheHit":false,"clearancePath":"D:\\jail\\m-saucectl-mtrhklhd\\security\\nub-synth-resolved.json"}
  SECURITY nub-synth-resolved clean: 170 exact package-version(s), tree d373016b1a59
  VERIFY[synth] rc=0 artifacts=8/8 missing=0 shortfall=none (tree 7631/1128) OVERRIDDEN=2 REJECTED=0 grant={"write":{"deps":true},"network":true}
  => MINIMUM {"write":{"deps":true},"network":true}   (observed, then verified)
  STORE   isolated virtual store at D:\jail\m-saucectl-mtrhklhd\verify-nar-no-network\.cache
OSV-SCREEN {"schemaVersion":1,"kind":"nub-nar-no-network-resolved","status":"clean","digest":"d373016b1a59a6962b1cedaf992eb8bcd6724cb59ee757fdf0f7b3d7c335e99b","specCount":170,"lockfiles":{"digest":"34d6a736b8f86f17031fc30ed4881026b03b81e3c8d690bfe2fbaecea402c0a5","files":[{"path":"nub.lock","sha256":"fbdd37c1a23ce739003534c302520abaf04a1d7f270bfff1a9fe445a8b339b97","bytes":40151}]},"maliciousAdvisories":[],"screenedAt":"2026-09-07T17:00:17.687Z","cacheHit":true,"clearancePath":"D:\\jail\\m-saucectl-mtrhklhd\\security\\nub-nar-no-network-resolved.json"}
  SECURITY nub-nar-no-network-resolved clean: 170 exact package-version(s), tree d373016b1a59 (cached exact-tree clearance)
  VERIFY[nar-no-network] rc=1 artifacts=6/8 missing=2 shortfall=d9782089ad00 (tree 7630/1128) OVERRIDDEN=2 REJECTED=0 grant={"write":{"deps":true}}
     missing artifacts: bin/LICENSE, bin/saucectl.exe
     'no-network' is NECESSARY — dropping it fails to verify
  STORE   isolated virtual store at D:\jail\m-saucectl-mtrhklhd\verify-nar-no-write-deps\.cache
OSV-SCREEN {"schemaVersion":1,"kind":"nub-nar-no-write-deps-resolved","status":"clean","digest":"d373016b1a59a6962b1cedaf992eb8bcd6724cb59ee757fdf0f7b3d7c335e99b","specCount":170,"lockfiles":{"digest":"34d6a736b8f86f17031fc30ed4881026b03b81e3c8d690bfe2fbaecea402c0a5","files":[{"path":"nub.lock","sha256":"fbdd37c1a23ce739003534c302520abaf04a1d7f270bfff1a9fe445a8b339b97","bytes":40151}]},"maliciousAdvisories":[],"screenedAt":"2026-09-07T17:00:17.687Z","cacheHit":true,"clearancePath":"D:\\jail\\m-saucectl-mtrhklhd\\security\\nub-nar-no-write-deps-resolved.json"}
  SECURITY nub-nar-no-write-deps-resolved clean: 170 exact package-version(s), tree d373016b1a59 (cached exact-tree clearance)
  VERIFY[nar-no-write-deps] rc=0 artifacts=8/8 missing=0 shortfall=none (tree 7631/1128) OVERRIDDEN=2 REJECTED=0 grant={"network":true}
     ⛔ OVER-PREDICTED — the strictly narrower {"network":true} also verifies; 'no-write-deps' was not needed
