OSV-SCREEN {"schemaVersion":1,"kind":"direct","status":"clean","digest":"2ecd583d5aafdd28d1c941b4e162c9956746496fb1d2b81417f8c7c981130cc3","specCount":1,"lockfiles":{"digest":null,"files":[]},"maliciousAdvisories":[],"screenedAt":"2026-08-31T20:17:10.107Z","cacheHit":false,"clearancePath":"/Users/runner/v2m-QaH2LJ/security/direct.json"}
  SECURITY direct clean: 1 exact package-version(s), tree 2ecd583d5aaf
  ERA-NODE PINNED 22.23.2 (provisioned) (arms will run: v22.23.2)
  ERA-PYTHON /Users/runner/hostedtoolcache/Python/3.9.13/arm64/bin/python (Python 3.9.13) for era Node 22, whose node-gyp requires python3
  ARM-MAKE /usr/bin/make (GNU Make 3.81) — the system make; a build needing GNU Make 4 WILL fail here
### @apollo/rover@0.30.0   (/Users/runner/v2m-QaH2LJ)   nub=/tmp/nub/target/release/nub
  VENUE-NUB-BINARY {"path":"/tmp/nub/target/release/nub","sha256":"69e622342d0c8393c78fa50a01dc9cc0a94371ac9b106b59bdcc016f06d86d30","bytes":94535576,"features":{"buildJailCatalogOverride":true,"pythonDontWriteBytecodeEnv":true}}
  CI-ENV scrubbed: CI GITHUB_ACTIONS
  --- fbt preflight (advisory; never fails the run) ---
     csrutil: System Integrity Protection status: disabled.
     fbt probes visible: 93577
     fbt enable attempt: dtrace: description 'fbt:::entry ' matched 50357 probes CPU     ID                    FUNCTION:NAME 
     cwd builtin value:  
     fbt chdir symbols:  
     fbt fires on spawn-with-cwd: dtrace: invalid probe specifier fbt::chdir*:entry /progenyof($target)/ { @[probefunc] = count(); }: probe description fbt::chdir*:entry does not match any probes 
  --- end fbt preflight ---
  ERA-RESOLUTION DATED 2025-05-14T19:01:38.243Z (deps as of the package's own publish date + 1d)
OSV-SCREEN {"schemaVersion":1,"kind":"npm-observe-resolved","status":"clean","digest":"21cd95b65ac5ff56d9fb95cfbfaf5d20703081cca6fd5ca7bde19b0e401ed0c7","specCount":39,"lockfiles":{"digest":"e881f7ad566d284a790de23d21d76e258f008fd9d6d555b5ec153221e61ccf74","files":[{"path":"package-lock.json","sha256":"0a1abf2ae734866e5c99e9477fcbe35a311ea3a7541f89c0232a653d06b7c7b9","bytes":16967}]},"maliciousAdvisories":[],"screenedAt":"2026-08-31T20:17:21.065Z","cacheHit":false,"clearancePath":"/Users/runner/v2m-QaH2LJ/security/npm-observe-resolved.json"}
  SECURITY npm-observe-resolved clean: 39 exact package-version(s), tree 21cd95b65ac5
  ARM-PATH SANITISED (dropped 1: /Users/runner/.yarn/bin)
  ARM-AMBIENT-TOOLS none
  ARM-SCAFFOLD none
  ARM-UNPROVIDABLE none
  VENUE-CI-CHILD clean (no CI-detection variable reaches the traced script)
  ARM-REBUILD-SPEC @apollo/rover@0.30.0
  --- wrapper (run.sh) ---
     cd "/Users/runner/v2m-QaH2LJ/Observe"
     sudo -u "runner" -H env "PATH=/Users/runner/v2m-QaH2LJ/Observe/node_modules/.bin:/Users/runner/.cache/nub/era-node/22.23.2/node-v22.23.2-darwin-arm64/bin:/Users/runner/hostedtoolcache/node/22.23.2/arm64/bin:/opt/homebrew/lib/ruby/gems/3.3.0/bin:/opt/homebrew/opt/ruby@3.3/bin:/Users/runner/.local/bin:/opt/homebrew/bin:/opt/homebrew/sbin:/Users/runner/.cargo/bin:/usr/local/opt/curl/bin:/usr/local/bin:/usr/local/sbin:/Users/runner/bin:/Users/runner/Library/Android/sdk/tools:/Users/runner/Library/Android/sdk/platform-tools:/Library/Frameworks/Python.framework/Versions/Current/bin:/Library/Frameworks/Mono.framework/Versions/Current/Commands:/usr/bin:/bin:/usr/sbin:/sbin:/Users/runner/.dotnet/tools"   "HOME=/Users/runner/v2m-QaH2LJ/jailhome"   "TMPDIR=/private/var/folders/_5/zjnzxgh147qcg3bb5cg2wvqw0000gn/T/nub-tmp-obsZGnf48"   "NODE_COMPAT=1"   "PYTHONDONTWRITEBYTECODE=1"   "PLAYWRIGHT_BROWSERS_PATH=/Users/runner/.cache/nub/pm/tools/ms-playwright"   "ELECTRON_CACHE=/Users/runner/.cache/nub/pm/tools/electron-cache"   "electron_config_cache=/Users/runner/.cache/nub/pm/tools/electron-cache"   "npm_config_prefix=/Users/runner/.cache/nub/pm/tools/npm-prefix"   PYTHON=/Users/runner/hostedtoolcache/Python/3.9.13/arm64/bin/python   npm rebuild --no-audit --no-fund "@apollo/rover@0.30.0" > "/Users/runner/v2m-QaH2LJ/Observe/npm.log" 2>&1
     echo $? > "/Users/runner/v2m-QaH2LJ/Observe/rc"
  --- dtrace stderr + wrapper trace ---
     + cd /Users/runner/v2m-QaH2LJ/Observe
     + sudo -u runner -H env PATH=/Users/runner/v2m-QaH2LJ/Observe/node_modules/.bin:/Users/runner/.cache/nub/era-node/22.23.2/node-v22.23.2-darwin-arm64/bin:/Users/runner/hostedtoolcache/node/22.23.2/arm64/bin:/opt/homebrew/lib/ruby/gems/3.3.0/bin:/opt/homebrew/opt/ruby@3.3/bin:/Users/runner/.local/bin:/opt/homebrew/bin:/opt/homebrew/sbin:/Users/runner/.cargo/bin:/usr/local/opt/curl/bin:/usr/local/bin:/usr/local/sbin:/Users/runner/bin:/Users/runner/Library/Android/sdk/tools:/Users/runner/Library/Android/sdk/platform-tools:/Library/Frameworks/Python.framework/Versions/Current/bin:/Library/Frameworks/Mono.framework/Versions/Current/Commands:/usr/bin:/bin:/usr/sbin:/sbin:/Users/runner/.dotnet/tools HOME=/Users/runner/v2m-QaH2LJ/jailhome TMPDIR=/private/var/folders/_5/zjnzxgh147qcg3bb5cg2wvqw0000gn/T/nub-tmp-obsZGnf48 NODE_COMPAT=1 PYTHONDONTWRITEBYTECODE=1 PLAYWRIGHT_BROWSERS_PATH=/Users/runner/.cache/nub/pm/tools/ms-playwright ELECTRON_CACHE=/Users/runner/.cache/nub/pm/tools/electron-cache electron_config_cache=/Users/runner/.cache/nub/pm/tools/electron-cache npm_config_prefix=/Users/runner/.cache/nub/pm/tools/npm-prefix PYTHON=/Users/runner/hostedtoolcache/Python/3.9.13/arm64/bin/python npm rebuild --no-audit --no-fund @apollo/rover@0.30.0
     dtrace: error on enabled probe ID 128 (ID 286: syscall::execve:entry): invalid address (0x60000165c000) in action #1 at DIF offset 20
     + echo 0
  OBSERVE   rc=0 dtrace_rc=0 files=830 (pre=825) trace=12988 lines
  CLOSURE   39 packages evicted per arm   store=/Users/runner/.cache/nub/pm/store
  RAWLOG-FILE /Users/runner/v2m-QaH2LJ/Observe/trace.txt.gz
  RAWLOG-CAPTURE /Users/runner/v2m-QaH2LJ/Observe/capture.json
  RAWLOG-BYTES raw=2386181 gz=72006
  VENUE-INTERPRETER /Users/runner/hostedtoolcache/node/22.23.2/arm64
  VENUE-NODE-SELECTION {"pkg":"@apollo/rover","packageVersion":"0.30.0","major":22,"version":"22.23.2","npm":"10.9.8","pinnable":true,"engines":">=14","publishedAt":"2025-05-13T19:01:38.243Z","eraMajor":22,"startMajor":22,"raisedByEngines":false,"enginesUnsatisfiable":false,"clampedToFloor":false,"clampedToCeiling":false,"matrixFloor":4,"matrixCeiling":26,"lookupFailure":null,"pinned":true,"pinnedBin":"/Users/runner/.cache/nub/era-node/22.23.2/node-v22.23.2-darwin-arm64/bin","eraNodeRoot":"/Users/runner/.cache/nub"}
  VENUE-OVERRIDES {"set":{"PATH":"inherited-and-forwarded","HOME":"/Users/runner/v2m-QaH2LJ/jailhome","TMPDIR":"/private/var/folders/_5/zjnzxgh147qcg3bb5cg2wvqw0000gn/T/nub-tmp-obsZGnf48","NODE_COMPAT":"1","PYTHONDONTWRITEBYTECODE":"1","PLAYWRIGHT_BROWSERS_PATH":"/Users/runner/.cache/nub/pm/tools/ms-playwright","ELECTRON_CACHE":"/Users/runner/.cache/nub/pm/tools/electron-cache","electron_config_cache":"/Users/runner/.cache/nub/pm/tools/electron-cache","npm_config_prefix":"/Users/runner/.cache/nub/pm/tools/npm-prefix"},"unset":["(sudo env_reset discards the caller environment; every var above is re-set after it)","CI","GITHUB_ACTIONS"],"passedThrough":{"CI":"true","GITHUB_ACTIONS":"true","NODE_ENV":null}}
  VENUE-OBSERVE-USER runner uid=501 (R7: ordinary non-root user, asserted)
  ARM-FALSIFIABILITY {"manifestFiles":9,"filesTheScriptProduced":3,"reasons":[]}
  EVENTLOG-FILE /Users/runner/v2m-QaH2LJ/Observe/events.ndjson.gz
  EVENTLOG-STATS {"lines":12989,"parsed":12971,"unparsed":0,"live":true,"tracerErrors":1,"tracerErrorTotal":1,"unresolvedDirfd":21,"unresolvedFd":0,"pairedTwoPath":542,"danglingPair":0,"failed":4852,"enoent":4849,"refusals":0,"byErrno":{"ENXIO":3,"ENOENT":4849},"procs":5,"lifecyclePids":1,"distinctEvents":6028,"emitted":6028,"calls":12415,"bytes":1262546,"gzipBytes":40465,"out":"/Users/runner/v2m-QaH2LJ/Observe/events.ndjson"}
  == TRACER == live=true decodable-events=3336 dropped-events=1
    NOTE 14 relative path(s) under a non-AT_FDCWD dirfd were not
       scope-assigned: resolving them against the cwd would invent a path.
    ⛔ CWD-UNOBSERVED 2 relative path(s) (0 write(s)) came from a lifecycle
       process whose own cwd was never observed
       macOS spawns with posix_spawn addchdir_np, which changes directory in-kernel and
       emits no chdir syscall, so the inherited cwd cannot be trusted. These are NOT
       scope-assigned; the grant below is WIDENED instead so it covers wherever they landed.
         pid=13344 read  unproven .
         pid=13344 read  unproven .
    ⛔ THE TRACER DROPPED 1 EVENT(S). A dropped event is a path never
       seen, so the grant below can only be too NARROW — the direction that breaks installs.
       Treat it as a FLOOR, not a measurement, until the adapter fault is fixed:
             1 x  epid=128 action=1 fault=1 addr=0x60000165c000
  == ATTRIBUTION == lifecycle pids: 1
    writes  script 6  /  whole traced subtree 1096
    sockets script 3  /  whole traced subtree 4
  == ROOTS (from /Users/runner/v2m-QaH2LJ/Observe/capture.json; the classifier reads no other source) ==
    project       /Users/runner/v2m-QaH2LJ/Observe
    home          /Users/runner
    jailHome      /Users/runner/v2m-QaH2LJ/jailhome
    globalStore   /Users/runner/.cache/nub/pm/store
    projectStore  /Users/runner/v2m-QaH2LJ/Observe/node_modules/.store
    interpreter   /Users/runner/hostedtoolcache/node/22.23.2/arm64
    toolsDir      /Users/runner/.cache/nub/pm/tools
    temp          /private/var/folders/_5/zjnzxgh147qcg3bb5cg2wvqw0000gn/T/nub-tmp-obsZGnf48
    npmPrefix     /Users/runner/.cache/nub/pm/tools/npm-prefix
    ownPkg        /Users/runner/v2m-QaH2LJ/Observe/node_modules/@apollo/rover
    cwd           (null — this platform has no such root)
  == WRITES the script actually performed ==
    systemfs      1
        /dev/dtracehelper
    ownPkg        5  (base profile already grants this — NOT billed)
        /Users/runner/v2m-QaH2LJ/Observe/node_modules/@apollo/rover/binary
        /Users/runner/v2m-QaH2LJ/Observe/node_modules/@apollo/rover/binary/rover
        /Users/runner/v2m-QaH2LJ/Observe/node_modules/@apollo/rover/binary/README.md
        /Users/runner/v2m-QaH2LJ/Observe/node_modules/@apollo/rover/binary/LICENSE
        /Users/runner/v2m-QaH2LJ/Observe/node_modules/@apollo/rover/binary/rover-0.30.0
  == READS the script performed, by scope ==
    outside       5
    systemfs      9
    userHome      2
    ownPkg        3
    deps        158
        outside: /
        outside: /bin/bash
        outside: /bin
        outside: /var/db/timezone/zoneinfo/UTC
        outside: /var/db/timezone/zoneinfo/posixrules
  == NETWORK ==
    AF_INET connects: 3   distinct peers: 3
        52.52.192.191:443
        140.82.116.4:443
        185.199.110.133:443
  == REFUSALS (errno EPERM/EACCES/EROFS only; ENOENT is a miss, not a denial) ==
    distinct: 0
  == SYNTHESIZED GRANT (verify this in the real unprivileged jail) ==
    {"network":true}
  == writePaths (DERIVED — promotion out of the package's PRIVATE home) ==
    private-home writes observed: 0
    none declared — the script wrote nothing into its private home — there is nothing to promote
  == writePaths FEASIBILITY (distinct writes outside project/deps) ==
    count: 0
  EVICT[synth] 24 store entries removed, 26 spared as nub tooling, 1758 in store
OSV-SCREEN {"schemaVersion":1,"kind":"nub-synth-resolved","status":"clean","digest":"cf0339dbaf7fa5dbe9fdc28f79f756961cff8c95dc24c0cf3ee2e376a55eaeec","specCount":42,"lockfiles":{"digest":"b2a6328b60128dee571e6c45c61b8cb07d2a3e8a36990bc86a0ebf85708ed50e","files":[{"path":"nub.lock","sha256":"ca3996e070954d979d6d648df3e784811f1ff398c71ebe9ce4b0692b9d10fb48","bytes":10798}]},"maliciousAdvisories":[],"screenedAt":"2026-08-31T20:17:28.608Z","cacheHit":false,"clearancePath":"/Users/runner/v2m-QaH2LJ/security/nub-synth-resolved.json"}
  SECURITY nub-synth-resolved clean: 42 exact package-version(s), tree cf0339dbaf7f
  VENUE-STORE-LAYOUT isolated
  VERIFY[synth] rc=0 artifacts=9/9 missing=0 shortfall=none (tree 2649/830) OVERRIDDEN=3 REJECTED=0 grant={"network":true}
  => VERIFIED {"network":true}
  EVICT[nar-no-network] 27 store entries removed, 26 spared as nub tooling, 1761 in store
OSV-SCREEN {"schemaVersion":1,"kind":"nub-nar-no-network-resolved","status":"clean","digest":"cf0339dbaf7fa5dbe9fdc28f79f756961cff8c95dc24c0cf3ee2e376a55eaeec","specCount":42,"lockfiles":{"digest":"b2a6328b60128dee571e6c45c61b8cb07d2a3e8a36990bc86a0ebf85708ed50e","files":[{"path":"nub.lock","sha256":"ca3996e070954d979d6d648df3e784811f1ff398c71ebe9ce4b0692b9d10fb48","bytes":10798}]},"maliciousAdvisories":[],"screenedAt":"2026-08-31T20:17:28.608Z","cacheHit":true,"clearancePath":"/Users/runner/v2m-QaH2LJ/security/nub-nar-no-network-resolved.json"}
  SECURITY nub-nar-no-network-resolved clean: 42 exact package-version(s), tree cf0339dbaf7f (cached exact-tree clearance)
  VERIFY[nar-no-network] rc=1 artifacts=6/9 missing=3 shortfall=be89405a7d23 (tree 2640/830) OVERRIDDEN=3 REJECTED=0 grant={}
       missing: binary/LICENSE, binary/README.md, binary/rover-0.30.0
     [nar-no-network/a] Error fetching release: getaddrinfo ENOTFOUND rover.apollo.dev
     narrowing 'no-network' fails ⇒ that capability IS necessary
  => MINIMAL — every capability in {"network":true} is independently necessary
### DONE @apollo/rover@0.30.0  synthesized={"network":true} verified=1
