OSV-SCREEN {"schemaVersion":1,"kind":"direct","status":"clean","digest":"cd43a27a0b742b235e988f1028cbd2728f7420394557b8f85d65cfc5c305ab07","specCount":1,"lockfiles":{"digest":null,"files":[]},"maliciousAdvisories":[],"screenedAt":"2026-09-07T23:47:34.273Z","cacheHit":false,"clearancePath":"/Users/runner/v2m-FjHt7F/security/direct.json"}
  SECURITY direct clean: 1 exact package-version(s), tree cd43a27a0b74
### hiredis@0.5.0   (/Users/runner/v2m-FjHt7F)   nub=/tmp/nub/target/release/nub
  VENUE-NUB-BINARY {"path":"/tmp/nub/target/release/nub","sha256":"f923f9d246b7061a3e88675efb7b4fdcda741d02368002ce6e7f7044b01e7bbe","bytes":93818888,"features":{"buildJailCatalogOverride":true,"pythonDontWriteBytecodeEnv":true}}
  CI-ENV scrubbed: CI GITHUB_ACTIONS
  --- fbt preflight (advisory; never fails the run) ---
     csrutil: System Integrity Protection status: disabled.
     fbt probes visible: 93591
     fbt enable attempt: dtrace: description 'fbt:::entry ' matched 50364 probes CPU     ID                    FUNCTION:NAME 
     cwd builtin value:  
     fbt chdir symbols:  
     fbt fires on spawn-with-cwd: dtrace: invalid probe specifier fbt::chdir*:entry /progenyof($target)/ { @[probefunc] = count(); }: probe description fbt::chdir*:entry does not match any probes 
  --- end fbt preflight ---
OSV-SCREEN {"schemaVersion":1,"kind":"npm-observe-resolved","status":"clean","digest":"c70f6ca08bdc77d1c9772ef131889e525010a3f19a9d9b918849c05d3bf2e403","specCount":4,"lockfiles":{"digest":"d70787e20004cde6287380fcacfe5a4915edf510da0992fd06ea6699f21e4f9b","files":[{"path":"package-lock.json","sha256":"2030eba1739f867c090f556b25b2b30b613c9fcdca2cca328dd9a4b0538bc8a3","bytes":1619}]},"maliciousAdvisories":[],"screenedAt":"2026-09-07T23:47:40.668Z","cacheHit":false,"clearancePath":"/Users/runner/v2m-FjHt7F/security/npm-observe-resolved.json"}
  SECURITY npm-observe-resolved clean: 4 exact package-version(s), tree c70f6ca08bdc
  VENUE-CI-CHILD clean (no CI-detection variable reaches the traced script)
  --- wrapper (run.sh) ---
     cd "/Users/runner/v2m-FjHt7F/Observe"
     sudo -u "runner" -H env "PATH=$PATH"   "HOME=/Users/runner/v2m-FjHt7F/jailhome"   "TMPDIR=/private/var/folders/bl/vzjcvbz95c3dk19cb0fw46180000gn/T/nub-tmp-obsAG9L6M"   "NODE_COMPAT=1"   "PYTHONDONTWRITEBYTECODE=1"   "PLAYWRIGHT_BROWSERS_PATH=/Users/runner/.cache/nub/pm/tools/ms-playwright"   "ELECTRON_CACHE=/Users/runner/.cache/nub/pm/tools/electron-cache"   "electron_config_cache=/Users/runner/.cache/nub/pm/tools/electron-cache"   "npm_config_prefix=/Users/runner/.cache/nub/pm/tools/npm-prefix"   "/Users/runner/hostedtoolcache/node/22.23.2/arm64/bin/npm" rebuild --no-audit --no-fund "hiredis" > "/Users/runner/v2m-FjHt7F/Observe/npm.log" 2>&1
     echo $? > "/Users/runner/v2m-FjHt7F/Observe/rc"
  --- dtrace stderr + wrapper trace ---
     + cd /Users/runner/v2m-FjHt7F/Observe
     + sudo -u runner -H env PATH=/Users/runner/hostedtoolcache/node/22.23.2/arm64/bin:/opt/homebrew/lib/ruby/gems/3.3.0/bin:/opt/homebrew/opt/ruby@3.3/bin:/Users/runner/.local/bin:/opt/homebrew/bin:/opt/homebrew/sbin:/Users/runner/.cargo/bin:/usr/local/opt/curl/bin:/usr/local/bin:/usr/local/sbin:/Users/runner/bin:/Users/runner/.yarn/bin:/Users/runner/Library/Android/sdk/tools:/Users/runner/Library/Android/sdk/platform-tools:/Library/Frameworks/Python.framework/Versions/Current/bin:/Library/Frameworks/Mono.framework/Versions/Current/Commands:/usr/bin:/bin:/usr/sbin:/sbin:/Users/runner/.dotnet/tools HOME=/Users/runner/v2m-FjHt7F/jailhome TMPDIR=/private/var/folders/bl/vzjcvbz95c3dk19cb0fw46180000gn/T/nub-tmp-obsAG9L6M NODE_COMPAT=1 PYTHONDONTWRITEBYTECODE=1 PLAYWRIGHT_BROWSERS_PATH=/Users/runner/.cache/nub/pm/tools/ms-playwright ELECTRON_CACHE=/Users/runner/.cache/nub/pm/tools/electron-cache electron_config_cache=/Users/runner/.cache/nub/pm/tools/electron-cache npm_config_prefix=/Users/runner/.cache/nub/pm/tools/npm-prefix /Users/runner/hostedtoolcache/node/22.23.2/arm64/bin/npm rebuild --no-audit --no-fund hiredis
     dtrace: error on enabled probe ID 128 (ID 286: syscall::execve:entry): invalid address (0x600000591170) in action #1 at DIF offset 20
     dtrace: error on enabled probe ID 8 (ID 179: syscall::open:return): invalid address (0x60000329d900) in action #9 at DIF offset 12
     dtrace: error on enabled probe ID 128 (ID 286: syscall::execve:entry): invalid address (0x6000026600e0) in action #5 at DIF offset 88
     dtrace: error on enabled probe ID 128 (ID 286: syscall::execve:entry): invalid address (0x656d616e75) in action #6 at DIF offset 88
     dtrace: error on enabled probe ID 128 (ID 286: syscall::execve:entry): invalid address (0x656d616e75) in action #6 at DIF offset 88
     dtrace: error on enabled probe ID 128 (ID 286: syscall::execve:entry): invalid address (0x656d616e75) in action #6 at DIF offset 88
     dtrace: error on enabled probe ID 128 (ID 286: syscall::execve:entry): invalid address (0x656d616e75) in action #6 at DIF offset 88
     dtrace: error on enabled probe ID 128 (ID 286: syscall::execve:entry): invalid address (0x656d616e75) in action #6 at DIF offset 88
     dtrace: error on enabled probe ID 128 (ID 286: syscall::execve:entry): invalid address (0x656d616e75) in action #6 at DIF offset 88
     dtrace: error on enabled probe ID 128 (ID 286: syscall::execve:entry): invalid address (0x656d616e75) in action #6 at DIF offset 88
     dtrace: error on enabled probe ID 128 (ID 286: syscall::execve:entry): invalid address (0x656d616e75) in action #6 at DIF offset 88
     dtrace: error on enabled probe ID 128 (ID 286: syscall::execve:entry): invalid address (0x656d616e75) in action #6 at DIF offset 88
     dtrace: error on enabled probe ID 128 (ID 286: syscall::execve:entry): invalid address (0x656d616e75) in action #6 at DIF offset 88
     dtrace: error on enabled probe ID 128 (ID 286: syscall::execve:entry): invalid address (0x656d616e75) in action #6 at DIF offset 88
     dtrace: error on enabled probe ID 128 (ID 286: syscall::execve:entry): invalid address (0x656d616e75) in action #6 at DIF offset 88
     dtrace: error on enabled probe ID 128 (ID 286: syscall::execve:entry): invalid address (0x656d616e75) in action #6 at DIF offset 88
     dtrace: error on enabled probe ID 128 (ID 286: syscall::execve:entry): invalid address (0x656d616e75) in action #6 at DIF offset 88
     dtrace: error on enabled probe ID 128 (ID 286: syscall::execve:entry): invalid address (0x656d616e75) in action #6 at DIF offset 88
     dtrace: error on enabled probe ID 128 (ID 286: syscall::execve:entry): invalid address (0x656d616e75) in action #6 at DIF offset 88
     dtrace: error on enabled probe ID 128 (ID 286: syscall::execve:entry): invalid address (0x656d616e75) in action #6 at DIF offset 88
     dtrace: error on enabled probe ID 128 (ID 286: syscall::execve:entry): invalid address (0x656d616e75) in action #6 at DIF offset 88
     dtrace: error on enabled probe ID 128 (ID 286: syscall::execve:entry): invalid address (0x656d616e75) in action #6 at DIF offset 88
     dtrace: error on enabled probe ID 128 (ID 286: syscall::execve:entry): invalid address (0x656d616e75) in action #6 at DIF offset 88
     dtrace: error on enabled probe ID 128 (ID 286: syscall::execve:entry): invalid address (0x656d616e75) in action #6 at DIF offset 88
     dtrace: error on enabled probe ID 128 (ID 286: syscall::execve:entry): invalid address (0x656d616e75) in action #6 at DIF offset 88
     dtrace: error on enabled probe ID 128 (ID 286: syscall::execve:entry): invalid address (0x656d616e75) in action #6 at DIF offset 88
     dtrace: error on enabled probe ID 128 (ID 286: syscall::execve:entry): invalid address (0x656d616e75) in action #6 at DIF offset 88
     dtrace: error on enabled probe ID 128 (ID 286: syscall::execve:entry): invalid address (0x656d616e75) in action #6 at DIF offset 88
  OBSERVE   rc=1 dtrace_rc=0 files=139 (pre=121) trace=121514 lines
  => BROKEN-WITHOUT-JAIL-TOO (unjailed control failed rc=1; nothing to measure)
     npm error /Users/runner/v2m-FjHt7F/jailhome/Library/Caches/node-gyp/22.23.2/include/node/v8-exception.h:47:43: note: passing argument to parameter 'message' here
     npm error    47 |   static Local<Value> Error(Local<String> message, Local<Value> options = {});
     npm error       |                                           ^
     npm error 3 errors generated.
     npm error make: *** [Release/obj.target/hiredis/src/reader.o] Error 1
     npm error gyp ERR! build error 
     npm error gyp ERR! stack Error: `make` failed with exit code: 2
     npm error gyp ERR! stack at ChildProcess.<anonymous> (/Users/runner/hostedtoolcache/node/22.23.2/arm64/lib/node_modules/npm/node_modules/node-gyp/lib/build.js:219:23)
     npm error gyp ERR! System Darwin 24.6.0
     npm error gyp ERR! command "/Users/runner/hostedtoolcache/node/22.23.2/arm64/bin/node" "/Users/runner/hostedtoolcache/node/22.23.2/arm64/lib/node_modules/npm/node_modules/node-gyp/bin/node-gyp.js" "rebuild"
     npm error gyp ERR! cwd /Users/runner/v2m-FjHt7F/Observe/node_modules/hiredis
     npm error gyp ERR! node -v v22.23.2
     npm error gyp ERR! node-gyp -v v11.5.0
     npm error gyp ERR! not ok
     npm notice
     npm notice New major version of npm available! 10.9.8 -> 12.0.2
     npm notice Changelog: https://github.com/npm/cli/releases/tag/v12.0.2
     npm notice To update run: npm install -g npm@12.0.2
     npm notice
     npm error A complete log of this run can be found in: /Users/runner/v2m-FjHt7F/jailhome/.npm/_logs/2026-09-07T23_47_42_618Z-debug-0.log
