### victory-bar@0.1.0   (D:\jail\m-victorybar-mtslx4lx)
  CI-ENV scrubbed: CI GITHUB_ACTIONS
OSV-SCREEN {"schemaVersion":1,"kind":"direct","status":"clean","digest":"0b02f977784e26a3d3204bb893476733d851140a8fae03efd9686c19afc27369","specCount":1,"lockfiles":{"digest":null,"files":[]},"maliciousAdvisories":[],"screenedAt":"2026-09-08T11:49:28.543Z","cacheHit":false,"clearancePath":"D:\\jail\\m-victorybar-mtslx4lx\\security\\direct.json"}
  SECURITY direct clean: 1 exact package-version(s), tree 0b02f977784e
OSV-SCREEN {"schemaVersion":1,"kind":"npm-observe-resolved","status":"clean","digest":"5987488ce5a0b54e6c13bddba500c2f2cacba206d7369e279b0aa95148fae23c","specCount":419,"lockfiles":{"digest":"d619a8a980a7beaedf89abe7209eed69805eb387e09fe5b48ab1d573e825b009","files":[{"path":"package-lock.json","sha256":"ccb64902136ef6ad6ab46662de160539340d93cea2996b9cf49260b4c0a143d8","bytes":202707}]},"maliciousAdvisories":[],"screenedAt":"2026-09-08T11:49:42.208Z","cacheHit":false,"clearancePath":"D:\\jail\\m-victorybar-mtslx4lx\\security\\npm-observe-resolved.json"}
  SECURITY npm-observe-resolved clean: 419 exact package-version(s), tree 5987488ce5a0
  CAPTURE user=runnervmeef0v\runneradmin elevated=True rootPid=4008 exit=0 events=58323 lost=0
  VENUE-OBSERVE-USER runnervmeef0v\runneradmin elevated=true privDropped={"SeBackupPrivilege":"removed","SeRestorePrivilege":"removed","SeTakeOwnershipPrivilege":"removed"}
  OBSERVE artifacts: 14 files  (D:\jail\m-victorybar-mtslx4lx\observe\node_modules\victory-bar)
  ARM-FALSIFIABILITY {"manifestFiles":15,"filesTheScriptProduced":0,"reasons":["gate-vacuous"]}
  ⛔ ARMS-UNFALSIFIABLE — a green arm for this package carries no evidence:
       gate-vacuous: the script changed no file the artifact gate keys on — every file in the manifest (15) was already present at its final size before the script ran, so the gate passes in every arm including a completely broken one
       The grant may still be correct; what is missing is a signal that could have gone
       red. Do not read this record's MINIMAL as a passing measurement.
  CLOSURE 359 packages evicted per arm
  8.3 MAP 0 components resolved on runnervmeef0v, folded into capture.json
  == ROOTS (from capture.json — R2: no ambient reads) ==
    project       D:\jail\m-victorybar-mtslx4lx\observe   [keyed on]
    home          C:\Users\runneradmin   [keyed on]
    jailHome      (null — declared inapplicable)
    globalStore   C:\Users\runneradmin\AppData\Local\nub\pm\store
    projectStore  D:\jail\m-victorybar-mtslx4lx\observe\node_modules\.store
    interpreter   C:\hostedtoolcache\windows\node\22.23.2\x64\node.exe
    toolsDir      C:\Users\runneradmin\AppData\Local\nub\pm\tools
    temp          D:\jail\m-victorybar-mtslx4lx\tmp   [keyed on]
    npmPrefix     (null — declared inapplicable)
    ownPkg        D:\jail\m-victorybar-mtslx4lx\observe\node_modules\victory-bar
  == ATTRIBUTION == lifecycle pids: 11 (root 4008)
    writes  script 9  /  whole traced tree 16
    peers   script 0  /  whole traced tree 0
  == WRITES ==
    outside       2
        d:\jail\m-victorybar-mtslx4lx\npm-cache\_logs\2026-09-08t11_49_45_370z-debug-0.log
        d:\jail\m-victorybar-mtslx4lx\npm-cache\_logs\2026-09-08t11_49_45_680z-debug-0.log
    deps          4
    jailTmp       3
  == READS ==
    deps        863
    outside     136
    project       2
    systemfs     32
    jailTmp      94
  == NETWORK ==
    distinct peers: 0
  == REFUSALS (adapter-classified) ==
    distinct: 0
  == SYNTHESIZED GRANT (verify this in the real unprivileged jail) ==
    {"write":{"deps":true}}
    NOTE 3 writes into the DECLARED private temp -- the base profile grants
         that directory unconditionally (preset.rs `$tmp`=rw), so they widen nothing.
    !! 2 writes OUTSIDE project/home -- no scope covers these; inspect before granting
  RAW       etw-raw.xml.gz  73856692 B xml -> 1104382 B gz (66.9x)  sha256 544a6999f02fb481…
  HEADER    etw-header.json (5079 bytes)
  DERIVED   12497 distinct from 15834 kept ops (58323 xml events, 4550 out of subtree)
  PROCS     13   thread-reattributed 0
  8.3       0 expanded, 0 kept short, 0 not covered  [map: recorded 8.3 map (0 components, resolved on runnervmeef0v)]
  wrote events.ndjson.gz (151177 bytes)
  RAWLOG-CAPTURE D:\jail\m-victorybar-mtslx4lx\cap\capture.json
  VENUE-NUB-BINARY {"path":"C:/Users/RUNNER~1/AppData/Local/Temp/nub/target/release/nub.exe","sha256":"f186817a44be332fee712b4936a071a0b5f9cde18a1d2fdc3a791729d4bf1005","bytes":68717056,"features":{"buildJailCatalogOverride":true,"pythonDontWriteBytecodeEnv":true}}
  VENUE-INTERPRETER C:\hostedtoolcache\windows\node\22.23.2\x64\node.exe
  VENUE-JAIL-ROOT D:\jail\m-victorybar-mtslx4lx
  VENUE-OVERRIDES {"set":{"npm_config_cache":"D:\\jail\\m-victorybar-mtslx4lx\\npm-cache","TMP":"D:\\jail\\m-victorybar-mtslx4lx\\tmp","TEMP":"D:\\jail\\m-victorybar-mtslx4lx\\tmp","TMPDIR":"D:\\jail\\m-victorybar-mtslx4lx\\tmp"},"unset":["CI","GITHUB_ACTIONS"],"notRedirected":{"USERPROFILE":"C:\\Users\\runneradmin","why":"the jail leaves HOME/USERPROFILE alone — `build_jail.rs` sandbox_homes() reads the ambient value and `compiler/defaults.rs` BASELINE_ENV_EXACT passes it through — so there is no private jail home to reproduce and redirecting one would measure an environment no confined script sees"},"passedThrough":{"CI":"true","GITHUB_ACTIONS":"true","NODE_ENV":null}}
  scaffold: 1 dependency package(s) with lifecycle scripts granted a fixed wide grant
  STORE   isolated virtual store at D:\jail\m-victorybar-mtslx4lx\verify-synth\.cache
  VENUE-STORE-LAYOUT isolated
OSV-SCREEN {"schemaVersion":1,"kind":"nub-synth-resolved","status":"clean","digest":"7d048b9cf1eb94a944e2cdbd1efefd9b7f25b2fc66c51436f79c31b3ba51b232","specCount":420,"lockfiles":{"digest":"7f5b79e27cad8c871f192a5c5f0c4f7f511eb47d77ef32cf1b9551ecc7530442","files":[{"path":"nub.lock","sha256":"7870eee5204e6922e162b98b5de9b2508beda8fa402b7f5509353d27d36f16b5","bytes":110557}]},"maliciousAdvisories":[],"screenedAt":"2026-09-08T11:50:10.000Z","cacheHit":false,"clearancePath":"D:\\jail\\m-victorybar-mtslx4lx\\security\\nub-synth-resolved.json"}
  SECURITY nub-synth-resolved clean: 420 exact package-version(s), tree 7d048b9cf1eb
  VERIFY[synth] rc=0 artifacts=14/14 missing=0 shortfall=none (tree 18040/10502) OVERRIDDEN=2 REJECTED=0 grant={"write":{"deps":true}}
  => MINIMUM {"write":{"deps":true}}   (observed, then verified)
  scaffold: 1 dependency package(s) with lifecycle scripts granted a fixed wide grant
  STORE   isolated virtual store at D:\jail\m-victorybar-mtslx4lx\verify-nar-no-write-deps\.cache
OSV-SCREEN {"schemaVersion":1,"kind":"nub-nar-no-write-deps-resolved","status":"clean","digest":"7d048b9cf1eb94a944e2cdbd1efefd9b7f25b2fc66c51436f79c31b3ba51b232","specCount":420,"lockfiles":{"digest":"7f5b79e27cad8c871f192a5c5f0c4f7f511eb47d77ef32cf1b9551ecc7530442","files":[{"path":"nub.lock","sha256":"7870eee5204e6922e162b98b5de9b2508beda8fa402b7f5509353d27d36f16b5","bytes":110557}]},"maliciousAdvisories":[],"screenedAt":"2026-09-08T11:50:10.000Z","cacheHit":true,"clearancePath":"D:\\jail\\m-victorybar-mtslx4lx\\security\\nub-nar-no-write-deps-resolved.json"}
  SECURITY nub-nar-no-write-deps-resolved clean: 420 exact package-version(s), tree 7d048b9cf1eb (cached exact-tree clearance)
  VERIFY[nar-no-write-deps] rc=0 artifacts=14/14 missing=0 shortfall=none (tree 18040/10502) OVERRIDDEN=2 REJECTED=0 grant={}
     ⛔ OVER-PREDICTED — the strictly narrower {} also verifies; 'no-write-deps' was not needed
