OSV-SCREEN {"schemaVersion":1,"kind":"direct","status":"clean","digest":"c61790fc3d9cf30fa86e114417dbbb399135d742438fecefc0772553322da664","specCount":1,"lockfiles":{"digest":null,"files":[]},"maliciousAdvisories":[],"screenedAt":"2026-08-27T13:22:07.232Z","cacheHit":false,"clearancePath":"/Users/runner/v2m-KVCPsG/security/direct.json"}
  SECURITY direct clean: 1 exact package-version(s), tree c61790fc3d9c
  ERA-NODE PINNED 16.20.2 (provisioned) (arms will run: v16.20.2)
  ERA-PYTHON /Users/runner/hostedtoolcache/Python/3.9.13/arm64/bin/python (Python 3.9.13) for era Node 16, whose node-gyp requires python3
  ARM-MAKE /usr/bin/make (GNU Make 3.81) — the system make; a build needing GNU Make 4 WILL fail here
### @apollo/rover@0.8.2   (/Users/runner/v2m-KVCPsG)   nub=/tmp/nub/target/release/nub
  VENUE-NUB-BINARY {"path":"/tmp/nub/target/release/nub","sha256":"69e622342d0c8393c78fa50a01dc9cc0a94371ac9b106b59bdcc016f06d86d30","bytes":94535576,"features":{"buildJailCatalogOverride":true,"pythonDontWriteBytecodeEnv":true}}
  CI-ENV scrubbed: CI GITHUB_ACTIONS
  --- fbt preflight (advisory; never fails the run) ---
     csrutil: System Integrity Protection status: disabled.
     fbt probes visible: 93577
     fbt enable attempt: dtrace: description 'fbt:::entry ' matched 50357 probes CPU     ID                    FUNCTION:NAME 
     cwd builtin value:  
     fbt chdir symbols:  
     fbt fires on spawn-with-cwd: dtrace: invalid probe specifier fbt::chdir*:entry /progenyof($target)/ { @[probefunc] = count(); }: probe description fbt::chdir*:entry does not match any probes 
  --- end fbt preflight ---
  ERA-RESOLUTION DATED 2022-09-07T18:04:17.363Z (deps as of the package's own publish date + 1d)
OSV-SCREEN {"schemaVersion":1,"kind":"npm-observe-resolved","status":"clean","digest":"9ca2768eabbc7ce68e92193c5a970ab45bd81fea3db51607ff35c2f7272bb33d","specCount":31,"lockfiles":{"digest":"4615780c020d32103dfe4351fc141a61fad66f121d2ad024f42e66ebcbcce700","files":[{"path":"package-lock.json","sha256":"f2b2a0ab7baf8521adb73c32879fd851f98566b503e90332fe466d493ae28548","bytes":13283}]},"maliciousAdvisories":[],"screenedAt":"2026-08-27T13:22:19.724Z","cacheHit":false,"clearancePath":"/Users/runner/v2m-KVCPsG/security/npm-observe-resolved.json"}
  SECURITY npm-observe-resolved clean: 31 exact package-version(s), tree 9ca2768eabbc
  ARM-PATH SANITISED (dropped 1: /Users/runner/.yarn/bin)
  ARM-AMBIENT-TOOLS 1 leaked: rimraf=/Users/runner/v2m-KVCPsG/Observe/node_modules/.bin/rimraf
  ARM-SCAFFOLD none
  ARM-UNPROVIDABLE none
  VENUE-CI-CHILD clean (no CI-detection variable reaches the traced script)
  --- wrapper (run.sh) ---
     cd "/Users/runner/v2m-KVCPsG/Observe"
     sudo -u "runner" -H env "PATH=/Users/runner/v2m-KVCPsG/Observe/node_modules/.bin:/Users/runner/.cache/nub/era-node/16.20.2/node-v16.20.2-darwin-arm64/bin:/Users/runner/hostedtoolcache/node/22.23.2/arm64/bin:/opt/homebrew/lib/ruby/gems/3.3.0/bin:/opt/homebrew/opt/ruby@3.3/bin:/Users/runner/.local/bin:/opt/homebrew/bin:/opt/homebrew/sbin:/Users/runner/.cargo/bin:/usr/local/opt/curl/bin:/usr/local/bin:/usr/local/sbin:/Users/runner/bin:/Users/runner/Library/Android/sdk/tools:/Users/runner/Library/Android/sdk/platform-tools:/Library/Frameworks/Python.framework/Versions/Current/bin:/Library/Frameworks/Mono.framework/Versions/Current/Commands:/usr/bin:/bin:/usr/sbin:/sbin:/Users/runner/.dotnet/tools"   "HOME=/Users/runner/v2m-KVCPsG/jailhome"   "TMPDIR=/private/var/folders/_5/zjnzxgh147qcg3bb5cg2wvqw0000gn/T/nub-tmp-obscFYiXB"   "NODE_COMPAT=1"   "PYTHONDONTWRITEBYTECODE=1"   "PLAYWRIGHT_BROWSERS_PATH=/Users/runner/.cache/nub/pm/tools/ms-playwright"   "ELECTRON_CACHE=/Users/runner/.cache/nub/pm/tools/electron-cache"   "electron_config_cache=/Users/runner/.cache/nub/pm/tools/electron-cache"   "npm_config_prefix=/Users/runner/.cache/nub/pm/tools/npm-prefix"   PYTHON=/Users/runner/hostedtoolcache/Python/3.9.13/arm64/bin/python   npm rebuild --no-audit --no-fund "@apollo/rover" > "/Users/runner/v2m-KVCPsG/Observe/npm.log" 2>&1
     echo $? > "/Users/runner/v2m-KVCPsG/Observe/rc"
  --- dtrace stderr + wrapper trace ---
     + cd /Users/runner/v2m-KVCPsG/Observe
     + sudo -u runner -H env PATH=/Users/runner/v2m-KVCPsG/Observe/node_modules/.bin:/Users/runner/.cache/nub/era-node/16.20.2/node-v16.20.2-darwin-arm64/bin:/Users/runner/hostedtoolcache/node/22.23.2/arm64/bin:/opt/homebrew/lib/ruby/gems/3.3.0/bin:/opt/homebrew/opt/ruby@3.3/bin:/Users/runner/.local/bin:/opt/homebrew/bin:/opt/homebrew/sbin:/Users/runner/.cargo/bin:/usr/local/opt/curl/bin:/usr/local/bin:/usr/local/sbin:/Users/runner/bin:/Users/runner/Library/Android/sdk/tools:/Users/runner/Library/Android/sdk/platform-tools:/Library/Frameworks/Python.framework/Versions/Current/bin:/Library/Frameworks/Mono.framework/Versions/Current/Commands:/usr/bin:/bin:/usr/sbin:/sbin:/Users/runner/.dotnet/tools HOME=/Users/runner/v2m-KVCPsG/jailhome TMPDIR=/private/var/folders/_5/zjnzxgh147qcg3bb5cg2wvqw0000gn/T/nub-tmp-obscFYiXB NODE_COMPAT=1 PYTHONDONTWRITEBYTECODE=1 PLAYWRIGHT_BROWSERS_PATH=/Users/runner/.cache/nub/pm/tools/ms-playwright ELECTRON_CACHE=/Users/runner/.cache/nub/pm/tools/electron-cache electron_config_cache=/Users/runner/.cache/nub/pm/tools/electron-cache npm_config_prefix=/Users/runner/.cache/nub/pm/tools/npm-prefix PYTHON=/Users/runner/hostedtoolcache/Python/3.9.13/arm64/bin/python npm rebuild --no-audit --no-fund @apollo/rover
     dtrace: error on enabled probe ID 128 (ID 286: syscall::execve:entry): invalid address (0x60000349c000) in action #1 at DIF offset 20
     + echo 0
  OBSERVE   rc=0 dtrace_rc=0 files=268 (pre=263) trace=6218 lines
  CLOSURE   31 packages evicted per arm   store=/Users/runner/.cache/nub/pm/store
  RAWLOG-FILE /Users/runner/v2m-KVCPsG/Observe/trace.txt.gz
  RAWLOG-CAPTURE /Users/runner/v2m-KVCPsG/Observe/capture.json
  RAWLOG-BYTES raw=1064181 gz=39665
  VENUE-INTERPRETER /Users/runner/hostedtoolcache/node/22.23.2/arm64
  VENUE-NODE-SELECTION {"pkg":"@apollo/rover","packageVersion":"0.8.2","major":16,"version":"16.20.2","npm":"8.19.4","pinnable":true,"engines":">=14","publishedAt":"2022-09-06T18:04:17.363Z","eraMajor":16,"startMajor":16,"raisedByEngines":false,"enginesUnsatisfiable":false,"clampedToFloor":false,"clampedToCeiling":false,"matrixFloor":4,"matrixCeiling":26,"lookupFailure":null,"pinned":true,"pinnedBin":"/Users/runner/.cache/nub/era-node/16.20.2/node-v16.20.2-darwin-arm64/bin","eraNodeRoot":"/Users/runner/.cache/nub"}
  VENUE-OVERRIDES {"set":{"PATH":"inherited-and-forwarded","HOME":"/Users/runner/v2m-KVCPsG/jailhome","TMPDIR":"/private/var/folders/_5/zjnzxgh147qcg3bb5cg2wvqw0000gn/T/nub-tmp-obscFYiXB","NODE_COMPAT":"1","PYTHONDONTWRITEBYTECODE":"1","PLAYWRIGHT_BROWSERS_PATH":"/Users/runner/.cache/nub/pm/tools/ms-playwright","ELECTRON_CACHE":"/Users/runner/.cache/nub/pm/tools/electron-cache","electron_config_cache":"/Users/runner/.cache/nub/pm/tools/electron-cache","npm_config_prefix":"/Users/runner/.cache/nub/pm/tools/npm-prefix"},"unset":["(sudo env_reset discards the caller environment; every var above is re-set after it)","CI","GITHUB_ACTIONS"],"passedThrough":{"CI":"true","GITHUB_ACTIONS":"true","NODE_ENV":null}}
  VENUE-OBSERVE-USER runner uid=501 (R7: ordinary non-root user, asserted)
  ARM-FALSIFIABILITY {"manifestFiles":6,"filesTheScriptProduced":0,"reasons":["gate-vacuous"]}
  ⛔ ARMS-UNFALSIFIABLE — a green arm for this package carries no evidence:
       gate-vacuous: the script changed no file the artifact gate keys on — every file in the manifest (6) was already present at its final size before the script ran, so the gate passes in every arm including a completely broken one
       The grant may still be correct; what is missing is a signal that could have gone
       red. Do not read this record's MINIMAL as a passing measurement.
  EVENTLOG-FILE /Users/runner/v2m-KVCPsG/Observe/events.ndjson.gz
  EVENTLOG-STATS {"lines":6219,"parsed":6201,"unparsed":0,"live":true,"tracerErrors":1,"tracerErrorTotal":1,"unresolvedDirfd":21,"unresolvedFd":0,"pairedTwoPath":0,"danglingPair":0,"failed":2694,"enoent":2691,"refusals":0,"byErrno":{"ENXIO":3,"ENOENT":2691},"procs":5,"lifecyclePids":1,"distinctEvents":4405,"emitted":4405,"calls":6159,"bytes":808678,"gzipBytes":25505,"out":"/Users/runner/v2m-KVCPsG/Observe/events.ndjson"}
  == TRACER == live=true decodable-events=1271 dropped-events=1
    NOTE 14 relative path(s) under a non-AT_FDCWD dirfd were not
       scope-assigned: resolving them against the cwd would invent a path.
    ⛔ CWD-UNOBSERVED 2 relative path(s) (0 write(s)) came from a lifecycle
       process whose own cwd was never observed
       macOS spawns with posix_spawn addchdir_np, which changes directory in-kernel and
       emits no chdir syscall, so the inherited cwd cannot be trusted. These are NOT
       scope-assigned; the grant below is WIDENED instead so it covers wherever they landed.
         pid=77154 read  unproven .
         pid=77154 read  unproven .
    ⛔ THE TRACER DROPPED 1 EVENT(S). A dropped event is a path never
       seen, so the grant below can only be too NARROW — the direction that breaks installs.
       Treat it as a FLOOR, not a measurement, until the adapter fault is fixed:
             1 x  epid=128 action=1 fault=1 addr=0x60000349c000
  == ATTRIBUTION == lifecycle pids: 1
    writes  script 6  /  whole traced subtree 24
    sockets script 3  /  whole traced subtree 4
  == ROOTS (from /Users/runner/v2m-KVCPsG/Observe/capture.json; the classifier reads no other source) ==
    project       /Users/runner/v2m-KVCPsG/Observe
    home          /Users/runner
    jailHome      /Users/runner/v2m-KVCPsG/jailhome
    globalStore   /Users/runner/.cache/nub/pm/store
    projectStore  /Users/runner/v2m-KVCPsG/Observe/node_modules/.store
    interpreter   /Users/runner/hostedtoolcache/node/22.23.2/arm64
    toolsDir      /Users/runner/.cache/nub/pm/tools
    temp          /private/var/folders/_5/zjnzxgh147qcg3bb5cg2wvqw0000gn/T/nub-tmp-obscFYiXB
    npmPrefix     /Users/runner/.cache/nub/pm/tools/npm-prefix
    ownPkg        /Users/runner/v2m-KVCPsG/Observe/node_modules/@apollo/rover
    cwd           (null — this platform has no such root)
  == WRITES the script actually performed ==
    systemfs      1
        /dev/dtracehelper
    deps          5
  == READS the script performed, by scope ==
    outside       7
    systemfs     10
    userHome      2
    ownPkg        3
    deps        128
        outside: /
        outside: /bin/sh
        outside: /bin
        outside: /bin/bash
        outside: /etc/resolv.conf
        outside: /var/db/timezone/zoneinfo/UTC
        outside: /var/db/timezone/zoneinfo/posixrules
  == NETWORK ==
    AF_INET connects: 3   distinct peers: 3
        13.52.188.95:443
        172.182.252.133:443
        185.199.110.133:443
  == REFUSALS (errno EPERM/EACCES/EROFS only; ENOENT is a miss, not a denial) ==
    distinct: 0
  == SYNTHESIZED GRANT (verify this in the real unprivileged jail) ==
    {"write":{"deps":true},"network":true}
  == writePaths (DERIVED — promotion out of the package's PRIVATE home) ==
    private-home writes observed: 0
    none declared — the script wrote nothing into its private home — there is nothing to promote
  == writePaths FEASIBILITY (distinct writes outside project/deps) ==
    count: 0
  EVICT[synth] 9 store entries removed, 40 spared as nub tooling, 1967 in store
OSV-SCREEN {"schemaVersion":1,"kind":"nub-synth-resolved","status":"clean","digest":"6091f94862cceaa032d17fa457c48728934a54881b6525db55e2bb29dea1fc44","specCount":32,"lockfiles":{"digest":"98d3728e1faf2f3db3d2ea70ab3a9c35de26cc42e23de4f7fec2a8485b9565b9","files":[{"path":"nub.lock","sha256":"422a884121dad274c9e1a54be537d541d6f181bcc68e737c814b7f75a2181db4","bytes":8448}]},"maliciousAdvisories":[],"screenedAt":"2026-08-27T13:22:27.085Z","cacheHit":false,"clearancePath":"/Users/runner/v2m-KVCPsG/security/nub-synth-resolved.json"}
  SECURITY nub-synth-resolved clean: 32 exact package-version(s), tree 6091f94862cc
  VENUE-STORE-LAYOUT isolated
  VERIFY[synth] rc=0 artifacts=6/6 missing=0 shortfall=none (tree 826/268) OVERRIDDEN=3 REJECTED=0 grant={"write":{"deps":true},"network":true}
  => VERIFIED {"write":{"deps":true},"network":true}
  EVICT[nar-no-network] 12 store entries removed, 40 spared as nub tooling, 1970 in store
OSV-SCREEN {"schemaVersion":1,"kind":"nub-nar-no-network-resolved","status":"clean","digest":"6091f94862cceaa032d17fa457c48728934a54881b6525db55e2bb29dea1fc44","specCount":32,"lockfiles":{"digest":"98d3728e1faf2f3db3d2ea70ab3a9c35de26cc42e23de4f7fec2a8485b9565b9","files":[{"path":"nub.lock","sha256":"422a884121dad274c9e1a54be537d541d6f181bcc68e737c814b7f75a2181db4","bytes":8448}]},"maliciousAdvisories":[],"screenedAt":"2026-08-27T13:22:27.085Z","cacheHit":true,"clearancePath":"/Users/runner/v2m-KVCPsG/security/nub-nar-no-network-resolved.json"}
  SECURITY nub-nar-no-network-resolved clean: 32 exact package-version(s), tree 6091f94862cc (cached exact-tree clearance)
  VERIFY[nar-no-network] rc=1 artifacts=6/6 missing=0 shortfall=none (tree 818/268) OVERRIDDEN=3 REJECTED=0 grant={"write":{"deps":true}}
     [nar-no-network/i] Error fetching release: getaddrinfo ENOTFOUND rover.apollo.dev
     [nar-no-network/a] Error fetching release: getaddrinfo ENOTFOUND rover.apollo.dev
     narrowing 'no-network' fails ⇒ that capability IS necessary
  EVICT[nar-no-write-deps] 12 store entries removed, 40 spared as nub tooling, 1970 in store
OSV-SCREEN {"schemaVersion":1,"kind":"nub-nar-no-write-deps-resolved","status":"clean","digest":"6091f94862cceaa032d17fa457c48728934a54881b6525db55e2bb29dea1fc44","specCount":32,"lockfiles":{"digest":"98d3728e1faf2f3db3d2ea70ab3a9c35de26cc42e23de4f7fec2a8485b9565b9","files":[{"path":"nub.lock","sha256":"422a884121dad274c9e1a54be537d541d6f181bcc68e737c814b7f75a2181db4","bytes":8448}]},"maliciousAdvisories":[],"screenedAt":"2026-08-27T13:22:27.085Z","cacheHit":true,"clearancePath":"/Users/runner/v2m-KVCPsG/security/nub-nar-no-write-deps-resolved.json"}
  SECURITY nub-nar-no-write-deps-resolved clean: 32 exact package-version(s), tree 6091f94862cc (cached exact-tree clearance)
  VERIFY[nar-no-write-deps] rc=1 artifacts=6/6 missing=0 shortfall=none (tree 818/268) OVERRIDDEN=3 REJECTED=0 grant={"network":true}
     [nar-no-write-deps/i] Error: EPERM: operation not permitted, mkdir '/Users/runner/.cache/nub/pm/store/binary-install@1.1.2-a7ad6a2d6239e176/node_modules/binary-install/node_modules/.bin'
     [nar-no-write-deps/i]   code: 'EPERM',
     [nar-no-write-deps/a] Error: EPERM: operation not permitted, mkdir '/Users/runner/.cache/nub/pm/store/binary-install@1.1.2-a7ad6a2d6239e176/node_modules/binary-install/node_modules/.bin'
     [nar-no-write-deps/a]   code: 'EPERM',
     narrowing 'no-write-deps' fails ⇒ that capability IS necessary
  => MINIMAL — every capability in {"write":{"deps":true},"network":true} is independently necessary
### DONE @apollo/rover@0.8.2  synthesized={"write":{"deps":true},"network":true} verified=1
