### @turbodocx/html-to-docx@1.22.0   (D:\jail\m-turbodocxhtmltodocx-mtsk4etn)
  CI-ENV scrubbed: CI GITHUB_ACTIONS
OSV-SCREEN {"schemaVersion":1,"kind":"direct","status":"clean","digest":"7dd54c15e47983c7d3b5294b1ca0dc2bf272c1adc972744503ed538040620503","specCount":1,"lockfiles":{"digest":null,"files":[]},"maliciousAdvisories":[],"screenedAt":"2026-09-08T10:59:09.230Z","cacheHit":false,"clearancePath":"D:\\jail\\m-turbodocxhtmltodocx-mtsk4etn\\security\\direct.json"}
  SECURITY direct clean: 1 exact package-version(s), tree 7dd54c15e479
OSV-SCREEN {"schemaVersion":1,"kind":"npm-observe-resolved","status":"clean","digest":"499c7b8237e3ed188891a8914effcd3855308aac95a47d833286d0a148177adf","specCount":85,"lockfiles":{"digest":"6e694c3927565351d12be82faddd3a789804f00a47dacbd2044fc3b4a06313b9","files":[{"path":"package-lock.json","sha256":"3473addefc9ae8bcb54151ac5362527aea703a556b6a06d6583aa04e2de1b28a","bytes":35703}]},"maliciousAdvisories":[],"screenedAt":"2026-09-08T10:59:13.186Z","cacheHit":false,"clearancePath":"D:\\jail\\m-turbodocxhtmltodocx-mtsk4etn\\security\\npm-observe-resolved.json"}
  SECURITY npm-observe-resolved clean: 85 exact package-version(s), tree 499c7b8237e3
  CAPTURE user=runnervmeef0v\runneradmin elevated=True rootPid=3528 exit=0 events=22440 lost=0
  VENUE-OBSERVE-USER runnervmeef0v\runneradmin elevated=true privDropped={"SeBackupPrivilege":"removed","SeRestorePrivilege":"removed","SeTakeOwnershipPrivilege":"removed"}
  OBSERVE artifacts: 10 files  (D:\jail\m-turbodocxhtmltodocx-mtsk4etn\observe\node_modules\@turbodocx\html-to-docx)
  ARM-FALSIFIABILITY {"manifestFiles":10,"filesTheScriptProduced":0,"reasons":["gate-vacuous"]}
  ⛔ ARMS-UNFALSIFIABLE — a green arm for this package carries no evidence:
       gate-vacuous: the script changed no file the artifact gate keys on — every file in the manifest (10) was already present at its final size before the script ran, so the gate passes in every arm including a completely broken one
       The grant may still be correct; what is missing is a signal that could have gone
       red. Do not read this record's MINIMAL as a passing measurement.
  CLOSURE 79 packages evicted per arm
  8.3 MAP 0 components resolved on runnervmeef0v, folded into capture.json
  == ROOTS (from capture.json — R2: no ambient reads) ==
    project       D:\jail\m-turbodocxhtmltodocx-mtsk4etn\observe   [keyed on]
    home          C:\Users\runneradmin   [keyed on]
    jailHome      (null — declared inapplicable)
    globalStore   C:\Users\runneradmin\AppData\Local\nub\pm\store
    projectStore  D:\jail\m-turbodocxhtmltodocx-mtsk4etn\observe\node_modules\.store
    interpreter   C:\hostedtoolcache\windows\node\22.23.2\x64\node.exe
    toolsDir      C:\Users\runneradmin\AppData\Local\nub\pm\tools
    temp          D:\jail\m-turbodocxhtmltodocx-mtsk4etn\tmp   [keyed on]
    npmPrefix     (null — declared inapplicable)
    ownPkg        D:\jail\m-turbodocxhtmltodocx-mtsk4etn\observe\node_modules\@turbodocx\html-to-docx
  == ATTRIBUTION == lifecycle pids: 2 (root 3528)
    writes  script 0  /  whole traced tree 7
    peers   script 0  /  whole traced tree 0
  == WRITES ==
  == READS ==
    deps          7
    outside       6
    project       1
    systemfs     25
  == NETWORK ==
    distinct peers: 0
  == REFUSALS (adapter-classified) ==
    distinct: 0
  == SYNTHESIZED GRANT (verify this in the real unprivileged jail) ==
    {}
  RAW       etw-raw.xml.gz  28628587 B xml -> 415081 B gz (69.0x)  sha256 1defe4929f8f36f0…
  HEADER    etw-header.json (5154 bytes)
  DERIVED   5363 distinct from 6523 kept ops (22440 xml events, 1823 out of subtree)
  PROCS     4   thread-reattributed 0
  8.3       0 expanded, 0 kept short, 0 not covered  [map: recorded 8.3 map (0 components, resolved on runnervmeef0v)]
  wrote events.ndjson.gz (67467 bytes)
  RAWLOG-CAPTURE D:\jail\m-turbodocxhtmltodocx-mtsk4etn\cap\capture.json
  VENUE-NUB-BINARY {"path":"C:/Users/RUNNER~1/AppData/Local/Temp/nub/target/release/nub.exe","sha256":"f186817a44be332fee712b4936a071a0b5f9cde18a1d2fdc3a791729d4bf1005","bytes":68717056,"features":{"buildJailCatalogOverride":true,"pythonDontWriteBytecodeEnv":true}}
  VENUE-INTERPRETER C:\hostedtoolcache\windows\node\22.23.2\x64\node.exe
  VENUE-JAIL-ROOT D:\jail\m-turbodocxhtmltodocx-mtsk4etn
  VENUE-OVERRIDES {"set":{"npm_config_cache":"D:\\jail\\m-turbodocxhtmltodocx-mtsk4etn\\npm-cache","TMP":"D:\\jail\\m-turbodocxhtmltodocx-mtsk4etn\\tmp","TEMP":"D:\\jail\\m-turbodocxhtmltodocx-mtsk4etn\\tmp","TMPDIR":"D:\\jail\\m-turbodocxhtmltodocx-mtsk4etn\\tmp"},"unset":["CI","GITHUB_ACTIONS"],"notRedirected":{"USERPROFILE":"C:\\Users\\runneradmin","why":"the jail leaves HOME/USERPROFILE alone — `build_jail.rs` sandbox_homes() reads the ambient value and `compiler/defaults.rs` BASELINE_ENV_EXACT passes it through — so there is no private jail home to reproduce and redirecting one would measure an environment no confined script sees"},"passedThrough":{"CI":"true","GITHUB_ACTIONS":"true","NODE_ENV":null}}
  STORE   isolated virtual store at D:\jail\m-turbodocxhtmltodocx-mtsk4etn\verify-synth\.cache
  VENUE-STORE-LAYOUT isolated
OSV-SCREEN {"schemaVersion":1,"kind":"nub-synth-resolved","status":"clean","digest":"499c7b8237e3ed188891a8914effcd3855308aac95a47d833286d0a148177adf","specCount":85,"lockfiles":{"digest":"1347f45002c70f751568ff7138d2b1abe05107c21a716d4049b843456b98f59d","files":[{"path":"nub.lock","sha256":"8c4f6b50a2901f1aae6cd667ef0eb382b03d08516dc0a4977121f93cdce326be","bytes":20697}]},"maliciousAdvisories":[],"screenedAt":"2026-09-08T10:59:13.186Z","cacheHit":true,"clearancePath":"D:\\jail\\m-turbodocxhtmltodocx-mtsk4etn\\security\\nub-synth-resolved.json"}
  SECURITY nub-synth-resolved clean: 85 exact package-version(s), tree 499c7b8237e3 (cached exact-tree clearance)
  VERIFY[synth] rc=0 artifacts=10/10 missing=0 shortfall=none (tree 9189/3169) OVERRIDDEN=2 REJECTED=0 grant={}
  => MINIMUM {}   (observed, then verified)
  DESCEND   grant is already empty — nothing to narrow; MINIMAL by construction.
