OSV-SCREEN {"schemaVersion":1,"kind":"direct","status":"clean","digest":"30d6c26c658045deb3353da3ea504ff8ddb9262a6e2981eb5d34c9b698a80016","specCount":1,"lockfiles":{"digest":null,"files":[]},"maliciousAdvisories":[],"screenedAt":"2026-09-08T07:48:14.114Z","cacheHit":false,"clearancePath":"/Users/runner/v2m-iYdXy0/security/direct.json"}
  SECURITY direct clean: 1 exact package-version(s), tree 30d6c26c6580
### lzma-native@8.0.6   (/Users/runner/v2m-iYdXy0)   nub=/tmp/nub/target/release/nub
  VENUE-NUB-BINARY {"path":"/tmp/nub/target/release/nub","sha256":"f923f9d246b7061a3e88675efb7b4fdcda741d02368002ce6e7f7044b01e7bbe","bytes":93818888,"features":{"buildJailCatalogOverride":true,"pythonDontWriteBytecodeEnv":true}}
  CI-ENV scrubbed: CI GITHUB_ACTIONS
  --- fbt preflight (advisory; never fails the run) ---
     csrutil: System Integrity Protection status: disabled.
     fbt probes visible: 93591
     fbt enable attempt: dtrace: description 'fbt:::entry ' matched 50364 probes CPU     ID                    FUNCTION:NAME 
     cwd builtin value:  
     fbt chdir symbols:  
     fbt fires on spawn-with-cwd: dtrace: invalid probe specifier fbt::chdir*:entry /progenyof($target)/ { @[probefunc] = count(); }: probe description fbt::chdir*:entry does not match any probes 
  --- end fbt preflight ---
OSV-SCREEN {"schemaVersion":1,"kind":"npm-observe-resolved","status":"clean","digest":"1a485f51a3566d5c80ec6f8d4b462b2ba25c1f78da6a79be7111a217b31618a2","specCount":8,"lockfiles":{"digest":"c9aa3b012fe1de7c911d59a27d7f78bfcaf3655d14f2457a5a0b9c4e2cea4455","files":[{"path":"package-lock.json","sha256":"7b0be44d50c9c58ebcd34b8a86b6ed0610a2fda11241e8aaf2c1b522b9352d23","bytes":3624}]},"maliciousAdvisories":[],"screenedAt":"2026-09-08T07:48:19.642Z","cacheHit":false,"clearancePath":"/Users/runner/v2m-iYdXy0/security/npm-observe-resolved.json"}
  SECURITY npm-observe-resolved clean: 8 exact package-version(s), tree 1a485f51a356
  VENUE-CI-CHILD clean (no CI-detection variable reaches the traced script)
  --- wrapper (run.sh) ---
     cd "/Users/runner/v2m-iYdXy0/Observe"
     sudo -u "runner" -H env "PATH=$PATH"   "HOME=/Users/runner/v2m-iYdXy0/jailhome"   "TMPDIR=/private/var/folders/bl/vzjcvbz95c3dk19cb0fw46180000gn/T/nub-tmp-obsKAShKR"   "NODE_COMPAT=1"   "PYTHONDONTWRITEBYTECODE=1"   "PLAYWRIGHT_BROWSERS_PATH=/Users/runner/.cache/nub/pm/tools/ms-playwright"   "ELECTRON_CACHE=/Users/runner/.cache/nub/pm/tools/electron-cache"   "electron_config_cache=/Users/runner/.cache/nub/pm/tools/electron-cache"   "npm_config_prefix=/Users/runner/.cache/nub/pm/tools/npm-prefix"   "/Users/runner/hostedtoolcache/node/22.23.2/arm64/bin/npm" rebuild --no-audit --no-fund "lzma-native" > "/Users/runner/v2m-iYdXy0/Observe/npm.log" 2>&1
     echo $? > "/Users/runner/v2m-iYdXy0/Observe/rc"
  --- dtrace stderr + wrapper trace ---
     + cd /Users/runner/v2m-iYdXy0/Observe
     + sudo -u runner -H env PATH=/Users/runner/hostedtoolcache/node/22.23.2/arm64/bin:/opt/homebrew/lib/ruby/gems/3.3.0/bin:/opt/homebrew/opt/ruby@3.3/bin:/Users/runner/.local/bin:/opt/homebrew/bin:/opt/homebrew/sbin:/Users/runner/.cargo/bin:/usr/local/opt/curl/bin:/usr/local/bin:/usr/local/sbin:/Users/runner/bin:/Users/runner/.yarn/bin:/Users/runner/Library/Android/sdk/tools:/Users/runner/Library/Android/sdk/platform-tools:/Library/Frameworks/Python.framework/Versions/Current/bin:/Library/Frameworks/Mono.framework/Versions/Current/Commands:/usr/bin:/bin:/usr/sbin:/sbin:/Users/runner/.dotnet/tools HOME=/Users/runner/v2m-iYdXy0/jailhome TMPDIR=/private/var/folders/bl/vzjcvbz95c3dk19cb0fw46180000gn/T/nub-tmp-obsKAShKR NODE_COMPAT=1 PYTHONDONTWRITEBYTECODE=1 PLAYWRIGHT_BROWSERS_PATH=/Users/runner/.cache/nub/pm/tools/ms-playwright ELECTRON_CACHE=/Users/runner/.cache/nub/pm/tools/electron-cache electron_config_cache=/Users/runner/.cache/nub/pm/tools/electron-cache npm_config_prefix=/Users/runner/.cache/nub/pm/tools/npm-prefix /Users/runner/hostedtoolcache/node/22.23.2/arm64/bin/npm rebuild --no-audit --no-fund lzma-native
     dtrace: error on enabled probe ID 128 (ID 286: syscall::execve:entry): invalid address (0x6000007790e0) in action #1 at DIF offset 20
     + echo 0
  OBSERVE   rc=0 dtrace_rc=0 files=138 (pre=136) trace=12064 lines
  CLOSURE   8 packages evicted per arm   store=/Users/runner/.cache/nub/pm/store
  RAWLOG-FILE /Users/runner/v2m-iYdXy0/Observe/trace.txt.gz
  RAWLOG-CAPTURE /Users/runner/v2m-iYdXy0/Observe/capture.json
  RAWLOG-BYTES raw=2087668 gz=65401
  VENUE-INTERPRETER /Users/runner/hostedtoolcache/node/22.23.2/arm64
  VENUE-OVERRIDES {"set":{"PATH":"inherited-and-forwarded","HOME":"/Users/runner/v2m-iYdXy0/jailhome","TMPDIR":"/private/var/folders/bl/vzjcvbz95c3dk19cb0fw46180000gn/T/nub-tmp-obsKAShKR","NODE_COMPAT":"1","PYTHONDONTWRITEBYTECODE":"1","PLAYWRIGHT_BROWSERS_PATH":"/Users/runner/.cache/nub/pm/tools/ms-playwright","ELECTRON_CACHE":"/Users/runner/.cache/nub/pm/tools/electron-cache","electron_config_cache":"/Users/runner/.cache/nub/pm/tools/electron-cache","npm_config_prefix":"/Users/runner/.cache/nub/pm/tools/npm-prefix"},"unset":["(sudo env_reset discards the caller environment; every var above is re-set after it)","CI","GITHUB_ACTIONS"],"passedThrough":{"CI":"true","GITHUB_ACTIONS":"true","NODE_ENV":null}}
  VENUE-OBSERVE-USER runner uid=501 (R7: ordinary non-root user, asserted)
  ARM-FALSIFIABILITY {"manifestFiles":54,"filesTheScriptProduced":0,"reasons":["gate-vacuous"]}
  ⛔ ARMS-UNFALSIFIABLE — a green arm for this package carries no evidence:
       gate-vacuous: the script changed no file the artifact gate keys on — every file in the manifest (54) was already present at its final size before the script ran, so the gate passes in every arm including a completely broken one
       The grant may still be correct; what is missing is a signal that could have gone
       red. Do not read this record's MINIMAL as a passing measurement.
  EVENTLOG-FILE /Users/runner/v2m-iYdXy0/Observe/events.ndjson.gz
  EVENTLOG-STATS {"lines":12065,"parsed":12047,"unparsed":0,"live":true,"tracerErrors":1,"tracerErrorTotal":1,"unresolvedDirfd":36,"unresolvedFd":0,"pairedTwoPath":541,"danglingPair":0,"failed":4573,"enoent":4569,"refusals":0,"byErrno":{"ENXIO":4,"ENOENT":4569},"procs":6,"lifecyclePids":2,"distinctEvents":5377,"emitted":5377,"calls":11469,"bytes":1101873,"gzipBytes":36961,"out":"/Users/runner/v2m-iYdXy0/Observe/events.ndjson"}
  == TRACER == live=true decodable-events=3205 dropped-events=1
    NOTE 24 relative path(s) under a non-AT_FDCWD dirfd were not
       scope-assigned: resolving them against the cwd would invent a path.
    ⛔ CWD-UNOBSERVED 2 relative path(s) (0 write(s)) came from a lifecycle
       process whose own cwd was never observed
       macOS spawns with posix_spawn addchdir_np, which changes directory in-kernel and
       emits no chdir syscall, so the inherited cwd cannot be trusted. These are NOT
       scope-assigned; the grant below is WIDENED instead so it covers wherever they landed.
         pid=71198 read  unproven .
         pid=71199 read  unproven .
    ⛔ THE TRACER DROPPED 1 EVENT(S). A dropped event is a path never
       seen, so the grant below can only be too NARROW — the direction that breaks installs.
       Treat it as a FLOOR, not a measurement, until the adapter fault is fixed:
             1 x  epid=128 action=1 fault=1 addr=0x6000007790e0
  == ATTRIBUTION == lifecycle pids: 2
    writes  script 1  /  whole traced subtree 1091
    sockets script 0  /  whole traced subtree 1
  == ROOTS (from /Users/runner/v2m-iYdXy0/Observe/capture.json; the classifier reads no other source) ==
    project       /Users/runner/v2m-iYdXy0/Observe
    home          /Users/runner
    jailHome      /Users/runner/v2m-iYdXy0/jailhome
    globalStore   /Users/runner/.cache/nub/pm/store
    projectStore  /Users/runner/v2m-iYdXy0/Observe/node_modules/.store
    interpreter   /Users/runner/hostedtoolcache/node/22.23.2/arm64
    toolsDir      /Users/runner/.cache/nub/pm/tools
    temp          /private/var/folders/bl/vzjcvbz95c3dk19cb0fw46180000gn/T/nub-tmp-obsKAShKR
    npmPrefix     /Users/runner/.cache/nub/pm/tools/npm-prefix
    ownPkg        /Users/runner/v2m-iYdXy0/Observe/node_modules/lzma-native
    cwd           (null — this platform has no such root)
  == WRITES the script actually performed ==
    systemfs      1
        /dev/dtracehelper
  == READS the script performed, by scope ==
    outside       6
    systemfs      8
    userHome      2
    deps          5
    ownPkg        4
        outside: /
        outside: /bin/bash
        outside: /bin
        outside: /usr/bin/env
        outside: /usr/bin
        outside: /bin/sh
  == NETWORK ==
    AF_INET connects: 0   distinct peers: 0
  == REFUSALS (errno EPERM/EACCES/EROFS only; ENOENT is a miss, not a denial) ==
    distinct: 0
  == SYNTHESIZED GRANT (verify this in the real unprivileged jail) ==
    {}
  == writePaths (DERIVED — promotion out of the package's PRIVATE home) ==
    private-home writes observed: 0
    none declared — the script wrote nothing into its private home — there is nothing to promote
  == writePaths FEASIBILITY (distinct writes outside project/deps) ==
    count: 0
  EVICT[synth] 6 store entries removed, 0 spared as nub tooling, 334 in store
OSV-SCREEN {"schemaVersion":1,"kind":"nub-synth-resolved","status":"clean","digest":"1a485f51a3566d5c80ec6f8d4b462b2ba25c1f78da6a79be7111a217b31618a2","specCount":8,"lockfiles":{"digest":"5dcf0b6630884aacdcde13ca67645fe4f6b2595ea07502028103e94d2a9cefc6","files":[{"path":"nub.lock","sha256":"96213bd67f01ea728b80dfc54422f42aa771af045b7d5fbac7a2ec5a3b6e4b16","bytes":1948}]},"maliciousAdvisories":[],"screenedAt":"2026-09-08T07:48:19.642Z","cacheHit":true,"clearancePath":"/Users/runner/v2m-iYdXy0/security/nub-synth-resolved.json"}
  SECURITY nub-synth-resolved clean: 8 exact package-version(s), tree 1a485f51a356 (cached exact-tree clearance)
  VENUE-STORE-LAYOUT isolated
  VERIFY[synth] rc=0 artifacts=54/54 missing=0 shortfall=none (tree 394/138) OVERRIDDEN=3 REJECTED=0 grant={}
  => VERIFIED {}
  NARROW    no capability to drop — the grant is already empty; over-prediction is 0 by construction
### DONE lzma-native@8.0.6  synthesized={} verified=1
