### dprint@0.19.2   (/home/runner/v2-VDZjRH)
  CI-ENV scrubbed: CI GITHUB_ACTIONS
OSV-SCREEN {"schemaVersion":1,"kind":"direct","status":"clean","digest":"1d3104e0c3fb41e95f9d8d37145a77afc940db183de440b7438c23c3c7a1d256","specCount":1,"lockfiles":{"digest":null,"files":[]},"maliciousAdvisories":[],"screenedAt":"2026-09-07T23:16:51.215Z","cacheHit":false,"clearancePath":"/home/runner/v2-VDZjRH/security/direct.json"}
  SECURITY direct clean: 1 exact package-version(s), tree 1d3104e0c3fb
  VENUE-OBSERVE-USER {"uid":1001,"user":"runner","umask":"0022","capBnd":"000001ffffffffff","noNewPrivs":"0"}
  VENUE-NUB-BINARY {"path":"/tmp/nub/target/release/nub","sha256":"2a18683f50f7afeb02a521cd3cae175dc2f91780d461c5f012065241f5a1447b","bytes":207643464,"features":{"buildJailCatalogOverride":true,"pythonDontWriteBytecodeEnv":true}}
OSV-SCREEN {"schemaVersion":1,"kind":"npm-observe-resolved","status":"clean","digest":"1d3104e0c3fb41e95f9d8d37145a77afc940db183de440b7438c23c3c7a1d256","specCount":1,"lockfiles":{"digest":"557125f16221d5ae626df4d7ad2b683e24e5c2ddfc665801b52b75b5e4cb023d","files":[{"path":"package-lock.json","sha256":"1be2efe3158141595f16a310e59de23addc182b7bdbe696109130d2d4651bbb2","bytes":588}]},"maliciousAdvisories":[],"screenedAt":"2026-09-07T23:16:51.215Z","cacheHit":true,"clearancePath":"/home/runner/v2-VDZjRH/security/npm-observe-resolved.json"}
  SECURITY npm-observe-resolved clean: 1 exact package-version(s), tree 1d3104e0c3fb (cached exact-tree clearance)
  OBSERVE   rc=0 files=14 trace=12351 lines
  CLOSURE   1 packages evicted per arm
  ARM-FALSIFIABILITY {"manifestFiles":10,"filesTheScriptProduced":1,"reasons":[]}
  RAWLOG-FILE /home/runner/v2-VDZjRH/observe/trace.txt.gz
  RAWLOG-CAPTURE /home/runner/v2-VDZjRH/observe/capture.json
  RAWLOG-BYTES raw=2531018 gz=102045
  VENUE-INTERPRETER /opt/hostedtoolcache/node/22.23.2/x64
  VENUE-OVERRIDES {"set":{"HOME":"/home/runner/v2-VDZjRH/jailhome","TMPDIR":"/tmp/nub-tmp-obseSGzUY","NODE_COMPAT":"1","PLAYWRIGHT_BROWSERS_PATH":"/home/runner/.cache/nub/pm/tools/ms-playwright","ELECTRON_CACHE":"/home/runner/.cache/nub/pm/tools/electron-cache","electron_config_cache":"/home/runner/.cache/nub/pm/tools/electron-cache","npm_config_prefix":"/home/runner/.cache/nub/pm/tools/npm-prefix","PYTHONDONTWRITEBYTECODE":"1","NUB_CACHE_DIR":"/home/runner/v2-VDZjRH/nubcache"},"unset":["CI","GITHUB_ACTIONS"],"passedThrough":{"CI":"true","GITHUB_ACTIONS":"true","NODE_ENV":null}}
  == ATTRIBUTION == attributed pids: 29
    writes  script 4  /  whole traced tree 1092
    sockets script 6  /  whole traced tree 12
  == ROOTS (from capture.json — R2: no ambient reads) ==
    project       /home/runner/v2-VDZjRH/observe
    home          /home/runner
    jailHome      /home/runner/v2-VDZjRH/jailhome
    globalStore   /home/runner/.cache/nub/pm/store   [declared, not keyed on]
    projectStore  /home/runner/v2-VDZjRH/observe/node_modules/.store   [declared, not keyed on]
    interpreter   /opt/hostedtoolcache/node/22.23.2/x64   [declared, not keyed on]
    toolsDir      /home/runner/.cache/nub/pm/tools   [declared, not keyed on]
    temp          /tmp/nub-tmp-obseSGzUY
    npmPrefix     /home/runner/.cache/nub/pm/tools/npm-prefix
    ownPkg        /home/runner/v2-VDZjRH/observe/node_modules/dprint
  == WRITES the script actually performed ==
    ownPkg        3  (base profile already grants this — NOT billed)
        /home/runner/v2-VDZjRH/observe/node_modules/dprint/install.sh
        /home/runner/v2-VDZjRH/observe/node_modules/dprint/dprint.zip
        /home/runner/v2-VDZjRH/observe/node_modules/dprint/dprint
    kernelfs      1
        /dev/null
  == NETWORK ==
    AF_INET sockets: 6   distinct peers: 3
        127.0.0.53:53
        104.16.0.34:443
        172.182.252.133:443
  == REFUSALS (only `= -1 EACCES/EPERM/EROFS`) ==
    distinct: 0
  == SYNTHESIZED GRANT (verify this in the real unprivileged jail) ==
    {"network":true}
    NOTE 1 kernel-fs touches (/proc,/sys,/dev) — a READ floor question, not a write grant
  == writePaths (DERIVED — promotion out of the package's PRIVATE home) ==
    private-home writes observed: 0
    none declared — the script wrote nothing into its private home — there is nothing to promote
  == writePaths FEASIBILITY (distinct writes outside project/deps) ==
    count: 0
    EVENTS    4738 distinct from 12262 calls (12352 lines, 43 rejoined, 0 unparsed)
    PROCS     36   lifecycle shells 24
    ⛔ 3 paths with an UNRESOLVED dirfd — kept, marked, never guessed
    unsubscribed/unmapped syscalls: getsockname×39 setsockopt×33 exit×22 wait4×18 getsockopt×12 exit_group×11 recvmsg×9 getpeername×6
    wrote /home/runner/v2-VDZjRH/observe/events.ndjson.gz (33297 bytes)
  EVENTLOG-FILE /home/runner/v2-VDZjRH/observe/events.ndjson.gz
  EVENTLOG-STATS {"lines":12352,"parsed":12262,"unparsed":0,"unfinished":43,"rejoined":43,"unresolvedDirfd":3,"truncatedArg":0,"procs":36,"lifecyclePids":24,"distinctEvents":4738,"unknownSyscall":{"getsockname":39,"getsockopt":12,"getcwd":5,"recvmsg":9,"exit":22,"setsockopt":33,"sendmmsg":3,"socketpair":3,"shutdown":3,"exit_group":11,"wait4":18,"getpeername":6},"out":"/home/runner/v2-VDZjRH/observe/events.ndjson.gz","gzipBytes":33297}
  EVICT     0 store entries removed, 0 spared as nub tooling
  SE-PURGE  0 side-effects-cache entries for dprint
OSV-SCREEN {"schemaVersion":1,"kind":"nub-synth-resolved","status":"clean","digest":"1d3104e0c3fb41e95f9d8d37145a77afc940db183de440b7438c23c3c7a1d256","specCount":1,"lockfiles":{"digest":"2eeebecf468e6d319937807adefac8ef281ff8473b6382247e14753a7b261f3d","files":[{"path":"nub.lock","sha256":"525d0632f5f6d898fb2bfcb5f620f0209f934f70fd2c35038f2b2bc28e911475","bytes":397}]},"maliciousAdvisories":[],"screenedAt":"2026-09-07T23:16:51.215Z","cacheHit":true,"clearancePath":"/home/runner/v2-VDZjRH/security/nub-synth-resolved.json"}
  SECURITY nub-synth-resolved clean: 1 exact package-version(s), tree 1d3104e0c3fb (cached exact-tree clearance)
  VENUE-STORE-LAYOUT isolated
  VERIFY[synth] rc=0 artifacts=10/10 missing=0 shortfall=none (tree 40/14) OVERRIDDEN=2 REJECTED=0 grant={"network":true}
  => VERIFIED {"network":true}   (observed, then verified)
  EVICT     1 store entries removed, 0 spared as nub tooling
  SE-PURGE  0 side-effects-cache entries for dprint
OSV-SCREEN {"schemaVersion":1,"kind":"nub-drop-no-network-resolved","status":"clean","digest":"1d3104e0c3fb41e95f9d8d37145a77afc940db183de440b7438c23c3c7a1d256","specCount":1,"lockfiles":{"digest":"2eeebecf468e6d319937807adefac8ef281ff8473b6382247e14753a7b261f3d","files":[{"path":"nub.lock","sha256":"525d0632f5f6d898fb2bfcb5f620f0209f934f70fd2c35038f2b2bc28e911475","bytes":397}]},"maliciousAdvisories":[],"screenedAt":"2026-09-07T23:16:51.215Z","cacheHit":true,"clearancePath":"/home/runner/v2-VDZjRH/security/nub-drop-no-network-resolved.json"}
  SECURITY nub-drop-no-network-resolved clean: 1 exact package-version(s), tree 1d3104e0c3fb (cached exact-tree clearance)
  VERIFY[drop-no-network] rc=1 artifacts=9/10 missing=1 shortfall=7f017aa8136b (tree 38/14) OVERRIDDEN=2 REJECTED=0 grant={}
       missing: dprint
     'no-network' is NECESSARY — dropping it fails to verify
  => MINIMAL — every capability in {"network":true} is independently necessary
