OSV-SCREEN {"schemaVersion":1,"kind":"direct","status":"clean","digest":"3d9c3ec0960c3d66594fa1fa6e997a0a2045f51d0dd0c709c6de94c9c0e871a9","specCount":1,"lockfiles":{"digest":null,"files":[]},"maliciousAdvisories":[],"screenedAt":"2026-08-27T12:15:54.436Z","cacheHit":false,"clearancePath":"/Users/runner/v2m-9ZA8Pu/security/direct.json"}
  SECURITY direct clean: 1 exact package-version(s), tree 3d9c3ec0960c
  ERA-NODE PINNED 16.20.2 (provisioned) (arms will run: v16.20.2)
  ERA-PYTHON /Users/runner/hostedtoolcache/Python/3.9.13/arm64/bin/python (Python 3.9.13) for era Node 16, whose node-gyp requires python3
  ARM-MAKE /usr/bin/make (GNU Make 3.81) — the system make; a build needing GNU Make 4 WILL fail here
### saucectl@0.75.0   (/Users/runner/v2m-9ZA8Pu)   nub=/tmp/nub/target/release/nub
  VENUE-NUB-BINARY {"path":"/tmp/nub/target/release/nub","sha256":"69e622342d0c8393c78fa50a01dc9cc0a94371ac9b106b59bdcc016f06d86d30","bytes":94535576,"features":{"buildJailCatalogOverride":true,"pythonDontWriteBytecodeEnv":true}}
  CI-ENV scrubbed: CI GITHUB_ACTIONS
  --- fbt preflight (advisory; never fails the run) ---
     csrutil: System Integrity Protection status: disabled.
     fbt probes visible: 93577
     fbt enable attempt: dtrace: description 'fbt:::entry ' matched 50357 probes CPU     ID                    FUNCTION:NAME 
     cwd builtin value:  
     fbt chdir symbols:  
     fbt fires on spawn-with-cwd: dtrace: invalid probe specifier fbt::chdir*:entry /progenyof($target)/ { @[probefunc] = count(); }: probe description fbt::chdir*:entry does not match any probes 
  --- end fbt preflight ---
  ERA-RESOLUTION DATED 2021-12-01T00:54:03.001Z (deps as of the package's own publish date + 1d)
OSV-SCREEN {"schemaVersion":1,"kind":"npm-observe-resolved","status":"clean","digest":"ecf4733adaa8aa67099706aeb527134aeb4b9f244f465e03141f57148d8d472c","specCount":139,"lockfiles":{"digest":"db351be05b9c5fde3d97b90415fc5d53a41139acd19def0bae5b648b47d9e1e2","files":[{"path":"package-lock.json","sha256":"00fd0be2c71ed7d8d56bb51d9929798c4d5e4d57199490eee8ff8a7a8619ecfa","bytes":57479}]},"maliciousAdvisories":[],"screenedAt":"2026-08-27T12:16:05.637Z","cacheHit":false,"clearancePath":"/Users/runner/v2m-9ZA8Pu/security/npm-observe-resolved.json"}
  SECURITY npm-observe-resolved clean: 139 exact package-version(s), tree ecf4733adaa8
  ARM-PATH SANITISED (dropped 1: /Users/runner/.yarn/bin)
  ARM-AMBIENT-TOOLS none
  ARM-SCAFFOLD none
  ARM-UNPROVIDABLE none
  VENUE-CI-CHILD clean (no CI-detection variable reaches the traced script)
  --- wrapper (run.sh) ---
     cd "/Users/runner/v2m-9ZA8Pu/Observe"
     sudo -u "runner" -H env "PATH=/Users/runner/v2m-9ZA8Pu/Observe/node_modules/.bin:/Users/runner/.cache/nub/era-node/16.20.2/node-v16.20.2-darwin-arm64/bin:/Users/runner/hostedtoolcache/node/22.23.2/arm64/bin:/opt/homebrew/lib/ruby/gems/3.3.0/bin:/opt/homebrew/opt/ruby@3.3/bin:/Users/runner/.local/bin:/opt/homebrew/bin:/opt/homebrew/sbin:/Users/runner/.cargo/bin:/usr/local/opt/curl/bin:/usr/local/bin:/usr/local/sbin:/Users/runner/bin:/Users/runner/Library/Android/sdk/tools:/Users/runner/Library/Android/sdk/platform-tools:/Library/Frameworks/Python.framework/Versions/Current/bin:/Library/Frameworks/Mono.framework/Versions/Current/Commands:/usr/bin:/bin:/usr/sbin:/sbin:/Users/runner/.dotnet/tools"   "HOME=/Users/runner/v2m-9ZA8Pu/jailhome"   "TMPDIR=/private/var/folders/_5/zjnzxgh147qcg3bb5cg2wvqw0000gn/T/nub-tmp-obssyFuX5"   "NODE_COMPAT=1"   "PYTHONDONTWRITEBYTECODE=1"   "PLAYWRIGHT_BROWSERS_PATH=/Users/runner/.cache/nub/pm/tools/ms-playwright"   "ELECTRON_CACHE=/Users/runner/.cache/nub/pm/tools/electron-cache"   "electron_config_cache=/Users/runner/.cache/nub/pm/tools/electron-cache"   "npm_config_prefix=/Users/runner/.cache/nub/pm/tools/npm-prefix"   PYTHON=/Users/runner/hostedtoolcache/Python/3.9.13/arm64/bin/python   npm rebuild --no-audit --no-fund "saucectl" > "/Users/runner/v2m-9ZA8Pu/Observe/npm.log" 2>&1
     echo $? > "/Users/runner/v2m-9ZA8Pu/Observe/rc"
  --- dtrace stderr + wrapper trace ---
     + cd /Users/runner/v2m-9ZA8Pu/Observe
     + sudo -u runner -H env PATH=/Users/runner/v2m-9ZA8Pu/Observe/node_modules/.bin:/Users/runner/.cache/nub/era-node/16.20.2/node-v16.20.2-darwin-arm64/bin:/Users/runner/hostedtoolcache/node/22.23.2/arm64/bin:/opt/homebrew/lib/ruby/gems/3.3.0/bin:/opt/homebrew/opt/ruby@3.3/bin:/Users/runner/.local/bin:/opt/homebrew/bin:/opt/homebrew/sbin:/Users/runner/.cargo/bin:/usr/local/opt/curl/bin:/usr/local/bin:/usr/local/sbin:/Users/runner/bin:/Users/runner/Library/Android/sdk/tools:/Users/runner/Library/Android/sdk/platform-tools:/Library/Frameworks/Python.framework/Versions/Current/bin:/Library/Frameworks/Mono.framework/Versions/Current/Commands:/usr/bin:/bin:/usr/sbin:/sbin:/Users/runner/.dotnet/tools HOME=/Users/runner/v2m-9ZA8Pu/jailhome TMPDIR=/private/var/folders/_5/zjnzxgh147qcg3bb5cg2wvqw0000gn/T/nub-tmp-obssyFuX5 NODE_COMPAT=1 PYTHONDONTWRITEBYTECODE=1 PLAYWRIGHT_BROWSERS_PATH=/Users/runner/.cache/nub/pm/tools/ms-playwright ELECTRON_CACHE=/Users/runner/.cache/nub/pm/tools/electron-cache electron_config_cache=/Users/runner/.cache/nub/pm/tools/electron-cache npm_config_prefix=/Users/runner/.cache/nub/pm/tools/npm-prefix PYTHON=/Users/runner/hostedtoolcache/Python/3.9.13/arm64/bin/python npm rebuild --no-audit --no-fund saucectl
     dtrace: error on enabled probe ID 128 (ID 286: syscall::execve:entry): invalid address (0x600003d610e0) in action #1 at DIF offset 20
     + echo 0
  OBSERVE   rc=0 dtrace_rc=0 files=761 (pre=757) trace=11831 lines
  CLOSURE   127 packages evicted per arm   store=/Users/runner/.cache/nub/pm/store
  RAWLOG-FILE /Users/runner/v2m-9ZA8Pu/Observe/trace.txt.gz
  RAWLOG-CAPTURE /Users/runner/v2m-9ZA8Pu/Observe/capture.json
  RAWLOG-BYTES raw=1828108 gz=72243
  VENUE-INTERPRETER /Users/runner/hostedtoolcache/node/22.23.2/arm64
  VENUE-NODE-SELECTION {"pkg":"saucectl","packageVersion":"0.75.0","major":16,"version":"16.20.2","npm":"8.19.4","pinnable":true,"engines":null,"publishedAt":"2021-11-30T00:54:03.001Z","eraMajor":16,"startMajor":16,"raisedByEngines":false,"enginesUnsatisfiable":false,"clampedToFloor":false,"clampedToCeiling":false,"matrixFloor":4,"matrixCeiling":26,"lookupFailure":null,"pinned":true,"pinnedBin":"/Users/runner/.cache/nub/era-node/16.20.2/node-v16.20.2-darwin-arm64/bin","eraNodeRoot":"/Users/runner/.cache/nub"}
  VENUE-OVERRIDES {"set":{"PATH":"inherited-and-forwarded","HOME":"/Users/runner/v2m-9ZA8Pu/jailhome","TMPDIR":"/private/var/folders/_5/zjnzxgh147qcg3bb5cg2wvqw0000gn/T/nub-tmp-obssyFuX5","NODE_COMPAT":"1","PYTHONDONTWRITEBYTECODE":"1","PLAYWRIGHT_BROWSERS_PATH":"/Users/runner/.cache/nub/pm/tools/ms-playwright","ELECTRON_CACHE":"/Users/runner/.cache/nub/pm/tools/electron-cache","electron_config_cache":"/Users/runner/.cache/nub/pm/tools/electron-cache","npm_config_prefix":"/Users/runner/.cache/nub/pm/tools/npm-prefix"},"unset":["(sudo env_reset discards the caller environment; every var above is re-set after it)","CI","GITHUB_ACTIONS"],"passedThrough":{"CI":"true","GITHUB_ACTIONS":"true","NODE_ENV":null}}
  VENUE-OBSERVE-USER runner uid=501 (R7: ordinary non-root user, asserted)
  ARM-FALSIFIABILITY {"manifestFiles":8,"filesTheScriptProduced":2,"reasons":[]}
  EVENTLOG-FILE /Users/runner/v2m-9ZA8Pu/Observe/events.ndjson.gz
  EVENTLOG-STATS {"lines":11832,"parsed":11812,"unparsed":0,"live":true,"tracerErrors":1,"tracerErrorTotal":1,"unresolvedDirfd":27,"unresolvedFd":0,"pairedTwoPath":0,"danglingPair":0,"failed":7109,"enoent":7103,"refusals":0,"byErrno":{"ENXIO":3,"ENOENT":7103,"EEXIST":3},"procs":7,"lifecyclePids":1,"distinctEvents":8280,"emitted":8280,"calls":11767,"bytes":1401111,"gzipBytes":50716,"out":"/Users/runner/v2m-9ZA8Pu/Observe/events.ndjson"}
  == TRACER == live=true decodable-events=1679 dropped-events=1
    NOTE 18 relative path(s) under a non-AT_FDCWD dirfd were not
       scope-assigned: resolving them against the cwd would invent a path.
    ⛔ CWD-UNOBSERVED 2 relative path(s) (0 write(s)) came from a lifecycle
       process whose own cwd was never observed
       macOS spawns with posix_spawn addchdir_np, which changes directory in-kernel and
       emits no chdir syscall, so the inherited cwd cannot be trusted. These are NOT
       scope-assigned; the grant below is WIDENED instead so it covers wherever they landed.
         pid=47067 read  unproven .
         pid=47067 read  unproven .
    ⛔ THE TRACER DROPPED 1 EVENT(S). A dropped event is a path never
       seen, so the grant below can only be too NARROW — the direction that breaks installs.
       Treat it as a FLOOR, not a measurement, until the adapter fault is fixed:
             1 x  epid=128 action=1 fault=1 addr=0x600003d610e0
  == ATTRIBUTION == lifecycle pids: 1
    writes  script 4  /  whole traced subtree 22
    sockets script 2  /  whole traced subtree 3
  == ROOTS (from /Users/runner/v2m-9ZA8Pu/Observe/capture.json; the classifier reads no other source) ==
    project       /Users/runner/v2m-9ZA8Pu/Observe
    home          /Users/runner
    jailHome      /Users/runner/v2m-9ZA8Pu/jailhome
    globalStore   /Users/runner/.cache/nub/pm/store
    projectStore  /Users/runner/v2m-9ZA8Pu/Observe/node_modules/.store
    interpreter   /Users/runner/hostedtoolcache/node/22.23.2/arm64
    toolsDir      /Users/runner/.cache/nub/pm/tools
    temp          /private/var/folders/_5/zjnzxgh147qcg3bb5cg2wvqw0000gn/T/nub-tmp-obssyFuX5
    npmPrefix     /Users/runner/.cache/nub/pm/tools/npm-prefix
    ownPkg        /Users/runner/v2m-9ZA8Pu/Observe/node_modules/saucectl
    cwd           (null — this platform has no such root)
  == WRITES the script actually performed ==
    systemfs      1
        /dev/dtracehelper
    ownPkg        3  (base profile already grants this — NOT billed)
        /Users/runner/v2m-9ZA8Pu/Observe/node_modules/saucectl/bin
        /Users/runner/v2m-9ZA8Pu/Observe/node_modules/saucectl/bin/LICENSE
        /Users/runner/v2m-9ZA8Pu/Observe/node_modules/saucectl/bin/saucectl
  == READS the script performed, by scope ==
    outside       7
    systemfs     11
    userHome      2
    ownPkg        6
    deps        321
        outside: /
        outside: /bin/sh
        outside: /bin
        outside: /bin/bash
        outside: /etc/resolv.conf
        outside: /var/db/timezone/zoneinfo/UTC
        outside: /var/db/timezone/zoneinfo/posixrules
  == NETWORK ==
    AF_INET connects: 2   distinct peers: 2
        172.182.252.133:443
        185.199.108.133:443
  == REFUSALS (errno EPERM/EACCES/EROFS only; ENOENT is a miss, not a denial) ==
    distinct: 0
  == SYNTHESIZED GRANT (verify this in the real unprivileged jail) ==
    {"network":true}
  == writePaths (DERIVED — promotion out of the package's PRIVATE home) ==
    private-home writes observed: 0
    none declared — the script wrote nothing into its private home — there is nothing to promote
  == writePaths FEASIBILITY (distinct writes outside project/deps) ==
    count: 0
  EVICT[synth] 124 store entries removed, 38 spared as nub tooling, 459 in store
OSV-SCREEN {"schemaVersion":1,"kind":"nub-synth-resolved","status":"clean","digest":"26f5bcef3c6c6f8448b1ea631ce902ddba198445ffa414406776ee616ea5b85a","specCount":170,"lockfiles":{"digest":"dfab03d5c295dd9e120fae15dbfbe7ba9131c19990274cd8d4f2378ac6aab318","files":[{"path":"nub.lock","sha256":"9d263e57d3b0fddbd3b342f3352c014e2bc1c4486bce37f637c7e28b90abffe5","bytes":40151}]},"maliciousAdvisories":[],"screenedAt":"2026-08-27T12:16:13.724Z","cacheHit":false,"clearancePath":"/Users/runner/v2m-9ZA8Pu/security/nub-synth-resolved.json"}
  SECURITY nub-synth-resolved clean: 170 exact package-version(s), tree 26f5bcef3c6c
  VENUE-STORE-LAYOUT isolated
  VERIFY[synth] rc=0 artifacts=8/8 missing=0 shortfall=none (tree 4358/761) OVERRIDDEN=3 REJECTED=0 grant={"network":true}
  => VERIFIED {"network":true}
  EVICT[nar-no-network] 124 store entries removed, 38 spared as nub tooling, 459 in store
OSV-SCREEN {"schemaVersion":1,"kind":"nub-nar-no-network-resolved","status":"clean","digest":"26f5bcef3c6c6f8448b1ea631ce902ddba198445ffa414406776ee616ea5b85a","specCount":170,"lockfiles":{"digest":"dfab03d5c295dd9e120fae15dbfbe7ba9131c19990274cd8d4f2378ac6aab318","files":[{"path":"nub.lock","sha256":"9d263e57d3b0fddbd3b342f3352c014e2bc1c4486bce37f637c7e28b90abffe5","bytes":40151}]},"maliciousAdvisories":[],"screenedAt":"2026-08-27T12:16:13.724Z","cacheHit":true,"clearancePath":"/Users/runner/v2m-9ZA8Pu/security/nub-nar-no-network-resolved.json"}
  SECURITY nub-nar-no-network-resolved clean: 170 exact package-version(s), tree 26f5bcef3c6c (cached exact-tree clearance)
  VERIFY[nar-no-network] rc=1 artifacts=6/8 missing=2 shortfall=e4e32fdf5a57 (tree 4353/761) OVERRIDDEN=3 REJECTED=0 grant={}
       missing: bin/LICENSE, bin/saucectl
     [nar-no-network/i] Installation failed: RequestError: getaddrinfo ENOTFOUND github.com
     [nar-no-network/a] Installation failed: RequestError: getaddrinfo ENOTFOUND github.com
     narrowing 'no-network' fails ⇒ that capability IS necessary
  => MINIMAL — every capability in {"network":true} is independently necessary
### DONE saucectl@0.75.0  synthesized={"network":true} verified=1
