### snappy@6.3.5   (/home/runner/v2-7h9ymp)
  CI-ENV scrubbed: CI GITHUB_ACTIONS
OSV-SCREEN {"schemaVersion":1,"kind":"direct","status":"clean","digest":"b2db33b8ffb04ff84b496e72bc55df2ad2aa369f4bf434c6020cbda184de7fb0","specCount":1,"lockfiles":{"digest":null,"files":[]},"maliciousAdvisories":[],"screenedAt":"2026-09-08T02:53:08.757Z","cacheHit":false,"clearancePath":"/home/runner/v2-7h9ymp/security/direct.json"}
  SECURITY direct clean: 1 exact package-version(s), tree b2db33b8ffb0
  VENUE-OBSERVE-USER {"uid":1001,"user":"runner","umask":"0022","capBnd":"000001ffffffffff","noNewPrivs":"0"}
  VENUE-NUB-BINARY {"path":"/tmp/nub/target/release/nub","sha256":"2a18683f50f7afeb02a521cd3cae175dc2f91780d461c5f012065241f5a1447b","bytes":207643464,"features":{"buildJailCatalogOverride":true,"pythonDontWriteBytecodeEnv":true}}
OSV-SCREEN {"schemaVersion":1,"kind":"npm-observe-resolved","status":"clean","digest":"7b69ab82a4473819f0d67d0cd113eaa7c9252f382eaaa90f16717b9f6538f793","specCount":92,"lockfiles":{"digest":"be5854563ff45c42d2ec09f6d1649e5ea0548ac9a72861e6071ccd61a692e94e","files":[{"path":"package-lock.json","sha256":"87889c299c0fa42040c5672733e82b5b0a17ffe0fba58de2aeec7ea394a770e3","bytes":38062}]},"maliciousAdvisories":[],"screenedAt":"2026-09-08T02:53:11.356Z","cacheHit":false,"clearancePath":"/home/runner/v2-7h9ymp/security/npm-observe-resolved.json"}
  SECURITY npm-observe-resolved clean: 92 exact package-version(s), tree 7b69ab82a447
  OBSERVE   rc=0 files=903 trace=122291 lines
  CLOSURE   89 packages evicted per arm
  ARM-FALSIFIABILITY {"manifestFiles":78,"filesTheScriptProduced":22,"reasons":[]}
  RAWLOG-FILE /home/runner/v2-7h9ymp/observe/trace.txt.gz
  RAWLOG-CAPTURE /home/runner/v2-7h9ymp/observe/capture.json
  RAWLOG-BYTES raw=20089702 gz=502254
  VENUE-INTERPRETER /opt/hostedtoolcache/node/22.23.2/x64
  VENUE-OVERRIDES {"set":{"HOME":"/home/runner/v2-7h9ymp/jailhome","TMPDIR":"/tmp/nub-tmp-obsuvJ8AR","NODE_COMPAT":"1","PLAYWRIGHT_BROWSERS_PATH":"/home/runner/.cache/nub/pm/tools/ms-playwright","ELECTRON_CACHE":"/home/runner/.cache/nub/pm/tools/electron-cache","electron_config_cache":"/home/runner/.cache/nub/pm/tools/electron-cache","npm_config_prefix":"/home/runner/.cache/nub/pm/tools/npm-prefix","PYTHONDONTWRITEBYTECODE":"1","NUB_CACHE_DIR":"/home/runner/v2-7h9ymp/nubcache"},"unset":["CI","GITHUB_ACTIONS"],"passedThrough":{"CI":"true","GITHUB_ACTIONS":"true","NODE_ENV":null}}
  == ATTRIBUTION == attributed pids: 153
    writes  script 6710  /  whole traced tree 7798
    sockets script 4  /  whole traced tree 8
  == ROOTS (from capture.json — R2: no ambient reads) ==
    project       /home/runner/v2-7h9ymp/observe
    home          /home/runner
    jailHome      /home/runner/v2-7h9ymp/jailhome
    globalStore   /home/runner/.cache/nub/pm/store   [declared, not keyed on]
    projectStore  /home/runner/v2-7h9ymp/observe/node_modules/.store   [declared, not keyed on]
    interpreter   /opt/hostedtoolcache/node/22.23.2/x64   [declared, not keyed on]
    toolsDir      /home/runner/.cache/nub/pm/tools   [declared, not keyed on]
    temp          /tmp/nub-tmp-obsuvJ8AR
    npmPrefix     /home/runner/.cache/nub/pm/tools/npm-prefix
    ownPkg        /home/runner/v2-7h9ymp/observe/node_modules/snappy
  == WRITES the script actually performed ==
    jailHome   3328  (base profile already grants this — NOT billed)
        /home/runner/v2-7h9ymp/jailhome/.cache
        /home/runner/v2-7h9ymp/jailhome/.cache/node-gyp
        /home/runner/v2-7h9ymp/jailhome/.cache/node-gyp/22.23.2
        /home/runner/v2-7h9ymp/jailhome/.cache/node-gyp/22.23.2/include
        /home/runner/v2-7h9ymp/jailhome/.cache/node-gyp/22.23.2/include/node
        /home/runner/v2-7h9ymp/jailhome/.cache/node-gyp/22.23.2/include/node/common.gypi
        /home/runner/v2-7h9ymp/jailhome/.cache/node-gyp/22.23.2/include/node/config.gypi
        /home/runner/v2-7h9ymp/jailhome/.cache/node-gyp/22.23.2/include/node/cppgc
        /home/runner/v2-7h9ymp/jailhome/.cache/node-gyp/22.23.2/include/node/cppgc/allocation.h
        /home/runner/v2-7h9ymp/jailhome/.cache/node-gyp/22.23.2/include/node/cppgc/common.h
        … and 3318 more
    jailTmp    3333  (base profile already grants this — NOT billed)
        /tmp/nub-tmp-obsuvJ8AR/node-gyp-tmp-BXwRBM
        /tmp/nub-tmp-obsuvJ8AR/node-gyp-tmp-BXwRBM/include
        /tmp/nub-tmp-obsuvJ8AR/node-gyp-tmp-BXwRBM/include/node
        /tmp/nub-tmp-obsuvJ8AR/node-gyp-tmp-BXwRBM/include/node/v8-locker.h
        /tmp/nub-tmp-obsuvJ8AR/node-gyp-tmp-BXwRBM/include/node/zconf.h
        /tmp/nub-tmp-obsuvJ8AR/node-gyp-tmp-BXwRBM/include/node/v8config.h
        /tmp/nub-tmp-obsuvJ8AR/node-gyp-tmp-BXwRBM/include/node/common.gypi
        /tmp/nub-tmp-obsuvJ8AR/node-gyp-tmp-BXwRBM/include/node/v8-object.h
        /tmp/nub-tmp-obsuvJ8AR/node-gyp-tmp-BXwRBM/include/node/v8-forward.h
        /tmp/nub-tmp-obsuvJ8AR/node-gyp-tmp-BXwRBM/include/node/v8-profiler.h
        … and 3323 more
    ownPkg       48  (base profile already grants this — NOT billed)
        /home/runner/v2-7h9ymp/observe/node_modules/snappy/build
        /home/runner/v2-7h9ymp/observe/node_modules/snappy/build/config.gypi
        /home/runner/v2-7h9ymp/observe/node_modules/snappy/build/Makefile
        /home/runner/v2-7h9ymp/observe/node_modules/snappy/build/deps
        /home/runner/v2-7h9ymp/observe/node_modules/snappy/build/deps/snappy
        /home/runner/v2-7h9ymp/observe/node_modules/snappy/build/deps/snappy/snappy.target.mk
        /home/runner/v2-7h9ymp/observe/node_modules/snappy/build/binding.target.mk
        /home/runner/v2-7h9ymp/observe/node_modules/snappy/build/binding.Makefile
        /home/runner/v2-7h9ymp/observe/node_modules/snappy/build/deps/snappy/snappy.Makefile
        /home/runner/v2-7h9ymp/observe/node_modules/snappy/build/node_gyp_bins
        … and 38 more
    kernelfs      1
        /dev/null
  == NETWORK ==
    AF_INET sockets: 4   distinct peers: 3
        127.0.0.53:53
        104.16.5.34:443
        104.16.212.131:443
  == REFUSALS (only `= -1 EACCES/EPERM/EROFS`) ==
    distinct: 0
  == SYNTHESIZED GRANT (verify this in the real unprivileged jail) ==
    {"network":true}
    NOTE 1 kernel-fs touches (/proc,/sys,/dev) — a READ floor question, not a write grant
  == writePaths (DERIVED — promotion out of the package's PRIVATE home) ==
    private-home writes observed: 3328
    none declared — every write was a FILE at the top of the private home, or landed in a directory the TOOLCHAIN owns (see `writePathsDeny`) — an entry names a directory belonging to the PACKAGE, so there is nothing to name
  == writePaths FEASIBILITY (distinct writes outside project/deps) ==
    count: 0
    EVENTS    43057 distinct from 114376 calls (122292 lines, 7708 rejoined, 0 unparsed)
    PROCS     160   lifecycle shells 148
    ⛔ 3 paths with an UNRESOLVED dirfd — kept, marked, never guessed
    unsubscribed/unmapped syscalls: getcwd×158 wait4×148 exit_group×125 setsockopt×70 getsockname×44 exit×31 getsockopt×29 socketpair×12
    wrote /home/runner/v2-7h9ymp/observe/events.ndjson.gz (245512 bytes)
  EVENTLOG-FILE /home/runner/v2-7h9ymp/observe/events.ndjson.gz
  EVENTLOG-STATS {"lines":122292,"parsed":114376,"unparsed":0,"unfinished":7708,"rejoined":7708,"unresolvedDirfd":3,"truncatedArg":0,"procs":160,"lifecyclePids":148,"distinctEvents":43057,"unknownSyscall":{"getsockname":44,"getsockopt":29,"getcwd":158,"recvmsg":9,"exit":31,"setsockopt":70,"sendmmsg":2,"socketpair":12,"shutdown":10,"exit_group":125,"wait4":148},"out":"/home/runner/v2-7h9ymp/observe/events.ndjson.gz","gzipBytes":245512}
  EVICT     63 store entries removed, 2 spared as nub tooling
  SE-PURGE  0 side-effects-cache entries for snappy
OSV-SCREEN {"schemaVersion":1,"kind":"nub-synth-resolved","status":"clean","digest":"7b69ab82a4473819f0d67d0cd113eaa7c9252f382eaaa90f16717b9f6538f793","specCount":92,"lockfiles":{"digest":"7c0d887ca292623a498b2d6a5b242053fba970176bb6d29d39b58b26db7f20ae","files":[{"path":"nub.lock","sha256":"015ea41afea94c0ba6c636b7881edb1fdfdb4a4cdf2eb503edf777e725e90058","bytes":21876}]},"maliciousAdvisories":[],"screenedAt":"2026-09-08T02:53:11.356Z","cacheHit":true,"clearancePath":"/home/runner/v2-7h9ymp/security/nub-synth-resolved.json"}
  SECURITY nub-synth-resolved clean: 92 exact package-version(s), tree 7b69ab82a447 (cached exact-tree clearance)
  VENUE-STORE-LAYOUT isolated
  VERIFY[synth] rc=0 artifacts=78/78 missing=0 shortfall=none (tree 3238/903) OVERRIDDEN=3 REJECTED=0 grant={"network":true}
  => VERIFIED {"network":true}   (observed, then verified)
  EVICT     92 store entries removed, 2 spared as nub tooling
  SE-PURGE  0 side-effects-cache entries for snappy
OSV-SCREEN {"schemaVersion":1,"kind":"nub-drop-no-network-resolved","status":"clean","digest":"7b69ab82a4473819f0d67d0cd113eaa7c9252f382eaaa90f16717b9f6538f793","specCount":92,"lockfiles":{"digest":"7c0d887ca292623a498b2d6a5b242053fba970176bb6d29d39b58b26db7f20ae","files":[{"path":"nub.lock","sha256":"015ea41afea94c0ba6c636b7881edb1fdfdb4a4cdf2eb503edf777e725e90058","bytes":21876}]},"maliciousAdvisories":[],"screenedAt":"2026-09-08T02:53:11.356Z","cacheHit":true,"clearancePath":"/home/runner/v2-7h9ymp/security/nub-drop-no-network-resolved.json"}
  SECURITY nub-drop-no-network-resolved clean: 92 exact package-version(s), tree 7b69ab82a447 (cached exact-tree clearance)
  VERIFY[drop-no-network] rc=0 artifacts=78/78 missing=0 shortfall=none (tree 3238/903) OVERRIDDEN=3 REJECTED=0 grant={}
     ⛔ OVER-PREDICTED: dropping 'no-network' STILL VERIFIES — {} is sufficient
  => OVER-PREDICTED by: no-network  (synthesized {"network":true}; each named capability drops on its own)
