### dprint@0.43.2   (/home/runner/v2-YxUgIl)
  CI-ENV scrubbed: CI GITHUB_ACTIONS
OSV-SCREEN {"schemaVersion":1,"kind":"direct","status":"clean","digest":"bbab75d5bbb627726efcca10234d404a2bddea13a017f208bce334adf9ed5cba","specCount":1,"lockfiles":{"digest":null,"files":[]},"maliciousAdvisories":[],"screenedAt":"2026-09-07T23:35:42.466Z","cacheHit":false,"clearancePath":"/home/runner/v2-YxUgIl/security/direct.json"}
  SECURITY direct clean: 1 exact package-version(s), tree bbab75d5bbb6
  VENUE-OBSERVE-USER {"uid":1001,"user":"runner","umask":"0022","capBnd":"000001ffffffffff","noNewPrivs":"0"}
  VENUE-NUB-BINARY {"path":"/tmp/nub/target/release/nub","sha256":"2a18683f50f7afeb02a521cd3cae175dc2f91780d461c5f012065241f5a1447b","bytes":207643464,"features":{"buildJailCatalogOverride":true,"pythonDontWriteBytecodeEnv":true}}
OSV-SCREEN {"schemaVersion":1,"kind":"npm-observe-resolved","status":"clean","digest":"1abb21df3928bb0a07da9146df033f6c114e649c82f8df2a5f11a0289944aed0","specCount":2,"lockfiles":{"digest":"b359c725d85f97af825b6c98ae057609a010d9125c16698c069fb2e03f863682","files":[{"path":"package-lock.json","sha256":"27e759ff34ac7b25be96dbdaac4c68b1ad76f14a19aa2982ab8878d07bdeb207","bytes":3864}]},"maliciousAdvisories":[],"screenedAt":"2026-09-07T23:35:43.922Z","cacheHit":false,"clearancePath":"/home/runner/v2-YxUgIl/security/npm-observe-resolved.json"}
  SECURITY npm-observe-resolved clean: 2 exact package-version(s), tree 1abb21df3928
  OBSERVE   rc=0 files=14 trace=10912 lines
  CLOSURE   2 packages evicted per arm
  ARM-FALSIFIABILITY {"manifestFiles":7,"filesTheScriptProduced":1,"reasons":[]}
  RAWLOG-FILE /home/runner/v2-YxUgIl/observe/trace.txt.gz
  RAWLOG-CAPTURE /home/runner/v2-YxUgIl/observe/capture.json
  RAWLOG-BYTES raw=2402610 gz=72240
  VENUE-INTERPRETER /opt/hostedtoolcache/node/22.23.2/x64
  VENUE-OVERRIDES {"set":{"HOME":"/home/runner/v2-YxUgIl/jailhome","TMPDIR":"/tmp/nub-tmp-obs7nsarw","NODE_COMPAT":"1","PLAYWRIGHT_BROWSERS_PATH":"/home/runner/.cache/nub/pm/tools/ms-playwright","ELECTRON_CACHE":"/home/runner/.cache/nub/pm/tools/electron-cache","electron_config_cache":"/home/runner/.cache/nub/pm/tools/electron-cache","npm_config_prefix":"/home/runner/.cache/nub/pm/tools/npm-prefix","PYTHONDONTWRITEBYTECODE":"1","NUB_CACHE_DIR":"/home/runner/v2-YxUgIl/nubcache"},"unset":["CI","GITHUB_ACTIONS"],"passedThrough":{"CI":"true","GITHUB_ACTIONS":"true","NODE_ENV":null}}
  == ATTRIBUTION == attributed pids: 16
    writes  script 2  /  whole traced tree 1090
    sockets script 0  /  whole traced tree 6
  == ROOTS (from capture.json — R2: no ambient reads) ==
    project       /home/runner/v2-YxUgIl/observe
    home          /home/runner
    jailHome      /home/runner/v2-YxUgIl/jailhome
    globalStore   /home/runner/.cache/nub/pm/store   [declared, not keyed on]
    projectStore  /home/runner/v2-YxUgIl/observe/node_modules/.store   [declared, not keyed on]
    interpreter   /opt/hostedtoolcache/node/22.23.2/x64   [declared, not keyed on]
    toolsDir      /home/runner/.cache/nub/pm/tools   [declared, not keyed on]
    temp          /tmp/nub-tmp-obs7nsarw
    npmPrefix     /home/runner/.cache/nub/pm/tools/npm-prefix
    ownPkg        /home/runner/v2-YxUgIl/observe/node_modules/dprint
  == WRITES the script actually performed ==
    ownPkg        2  (base profile already grants this — NOT billed)
        /home/runner/v2-YxUgIl/observe/node_modules/dprint/dprint.05769340
        /home/runner/v2-YxUgIl/observe/node_modules/dprint/dprint
  == NETWORK ==
    AF_INET sockets: 0   distinct peers: 2
        127.0.0.53:53
        104.16.1.34:443
  == REFUSALS (only `= -1 EACCES/EPERM/EROFS`) ==
    distinct: 0
  == SYNTHESIZED GRANT (verify this in the real unprivileged jail) ==
    {}
  == writePaths (DERIVED — promotion out of the package's PRIVATE home) ==
    private-home writes observed: 0
    none declared — the script wrote nothing into its private home — there is nothing to promote
  == writePaths FEASIBILITY (distinct writes outside project/deps) ==
    count: 0
    EVENTS    4502 distinct from 10858 calls (10913 lines, 26 rejoined, 0 unparsed)
    PROCS     23   lifecycle shells 11
    ⛔ 3 paths with an UNRESOLVED dirfd — kept, marked, never guessed
    unsubscribed/unmapped syscalls: setsockopt×35 getsockname×22 exit×15 recvmsg×12 wait4×8 getsockopt×7 socketpair×6 exit_group×6
    wrote /home/runner/v2-YxUgIl/observe/events.ndjson.gz (31976 bytes)
  EVENTLOG-FILE /home/runner/v2-YxUgIl/observe/events.ndjson.gz
  EVENTLOG-STATS {"lines":10913,"parsed":10858,"unparsed":0,"unfinished":26,"rejoined":26,"unresolvedDirfd":3,"truncatedArg":0,"procs":23,"lifecyclePids":11,"distinctEvents":4502,"unknownSyscall":{"getsockname":22,"getsockopt":7,"getcwd":5,"recvmsg":12,"exit":15,"setsockopt":35,"sendmmsg":1,"socketpair":6,"shutdown":4,"exit_group":6,"wait4":8},"out":"/home/runner/v2-YxUgIl/observe/events.ndjson.gz","gzipBytes":31976}
  EVICT     1 store entries removed, 0 spared as nub tooling
  SE-PURGE  0 side-effects-cache entries for dprint
OSV-SCREEN {"schemaVersion":1,"kind":"nub-synth-resolved","status":"clean","digest":"1abb21df3928bb0a07da9146df033f6c114e649c82f8df2a5f11a0289944aed0","specCount":2,"lockfiles":{"digest":"02af6353a94efa64efdc16f1ecf4d54b1832e719adbd72eca6ebd879230d2975","files":[{"path":"nub.lock","sha256":"9ca14f4fd8d01b5c234ef4ad9b46af6d39a677a205550fa09eb69afdfb10eb1b","bytes":2485}]},"maliciousAdvisories":[],"screenedAt":"2026-09-07T23:35:43.922Z","cacheHit":true,"clearancePath":"/home/runner/v2-YxUgIl/security/nub-synth-resolved.json"}
  SECURITY nub-synth-resolved clean: 2 exact package-version(s), tree 1abb21df3928 (cached exact-tree clearance)
  VENUE-STORE-LAYOUT isolated
  VERIFY[synth] rc=0 artifacts=7/7 missing=0 shortfall=none (tree 49/14) OVERRIDDEN=2 REJECTED=0 grant={}
  => VERIFIED {}   (observed, then verified)
  DESCEND   grant is already empty — nothing to narrow; MINIMAL by construction.
