OSV-SCREEN {"schemaVersion":1,"kind":"direct","status":"clean","digest":"d1f7329df134568cff48ffc07987c7945d8f333f2b0cfc809f78aed88f4c9916","specCount":1,"lockfiles":{"digest":null,"files":[]},"maliciousAdvisories":[],"screenedAt":"2026-09-08T06:43:32.425Z","cacheHit":false,"clearancePath":"/Users/runner/v2m-rDsVLk/security/direct.json"}
  SECURITY direct clean: 1 exact package-version(s), tree d1f7329df134
### egg-ci@2.2.0   (/Users/runner/v2m-rDsVLk)   nub=/tmp/nub/target/release/nub
  VENUE-NUB-BINARY {"path":"/tmp/nub/target/release/nub","sha256":"f923f9d246b7061a3e88675efb7b4fdcda741d02368002ce6e7f7044b01e7bbe","bytes":93818888,"features":{"buildJailCatalogOverride":true,"pythonDontWriteBytecodeEnv":true}}
  CI-ENV scrubbed: CI GITHUB_ACTIONS
  --- fbt preflight (advisory; never fails the run) ---
     csrutil: System Integrity Protection status: disabled.
     fbt probes visible: 93591
     fbt enable attempt: dtrace: description 'fbt:::entry ' matched 50364 probes CPU     ID                    FUNCTION:NAME 
     cwd builtin value:  
     fbt chdir symbols:  
     fbt fires on spawn-with-cwd: dtrace: invalid probe specifier fbt::chdir*:entry /progenyof($target)/ { @[probefunc] = count(); }: probe description fbt::chdir*:entry does not match any probes 
  --- end fbt preflight ---
OSV-SCREEN {"schemaVersion":1,"kind":"npm-observe-resolved","status":"clean","digest":"54652d6e07e13672e96955d8d6c1f1509eee6a63d1c1d77b9e03e7f5a194ad61","specCount":5,"lockfiles":{"digest":"89ece7da59d108bba39630ff69002f565a410de4afb4a28da131d0c245cb3074","files":[{"path":"package-lock.json","sha256":"ef31d38bf3b78b28975610655847f30152747be600f5bc9f57153418c9e1d0aa","bytes":2223}]},"maliciousAdvisories":[],"screenedAt":"2026-09-08T06:43:39.603Z","cacheHit":false,"clearancePath":"/Users/runner/v2m-rDsVLk/security/npm-observe-resolved.json"}
  SECURITY npm-observe-resolved clean: 5 exact package-version(s), tree 54652d6e07e1
  VENUE-CI-CHILD clean (no CI-detection variable reaches the traced script)
  --- wrapper (run.sh) ---
     cd "/Users/runner/v2m-rDsVLk/Observe"
     sudo -u "runner" -H env "PATH=$PATH"   "HOME=/Users/runner/v2m-rDsVLk/jailhome"   "TMPDIR=/private/var/folders/bl/vzjcvbz95c3dk19cb0fw46180000gn/T/nub-tmp-obskbzueq"   "NODE_COMPAT=1"   "PYTHONDONTWRITEBYTECODE=1"   "PLAYWRIGHT_BROWSERS_PATH=/Users/runner/.cache/nub/pm/tools/ms-playwright"   "ELECTRON_CACHE=/Users/runner/.cache/nub/pm/tools/electron-cache"   "electron_config_cache=/Users/runner/.cache/nub/pm/tools/electron-cache"   "npm_config_prefix=/Users/runner/.cache/nub/pm/tools/npm-prefix"   "/Users/runner/hostedtoolcache/node/22.23.2/arm64/bin/npm" rebuild --no-audit --no-fund "egg-ci" > "/Users/runner/v2m-rDsVLk/Observe/npm.log" 2>&1
     echo $? > "/Users/runner/v2m-rDsVLk/Observe/rc"
  --- dtrace stderr + wrapper trace ---
     + cd /Users/runner/v2m-rDsVLk/Observe
     + sudo -u runner -H env PATH=/Users/runner/hostedtoolcache/node/22.23.2/arm64/bin:/opt/homebrew/lib/ruby/gems/3.3.0/bin:/opt/homebrew/opt/ruby@3.3/bin:/Users/runner/.local/bin:/opt/homebrew/bin:/opt/homebrew/sbin:/Users/runner/.cargo/bin:/usr/local/opt/curl/bin:/usr/local/bin:/usr/local/sbin:/Users/runner/bin:/Users/runner/.yarn/bin:/Users/runner/Library/Android/sdk/tools:/Users/runner/Library/Android/sdk/platform-tools:/Library/Frameworks/Python.framework/Versions/Current/bin:/Library/Frameworks/Mono.framework/Versions/Current/Commands:/usr/bin:/bin:/usr/sbin:/sbin:/Users/runner/.dotnet/tools HOME=/Users/runner/v2m-rDsVLk/jailhome TMPDIR=/private/var/folders/bl/vzjcvbz95c3dk19cb0fw46180000gn/T/nub-tmp-obskbzueq NODE_COMPAT=1 PYTHONDONTWRITEBYTECODE=1 PLAYWRIGHT_BROWSERS_PATH=/Users/runner/.cache/nub/pm/tools/ms-playwright ELECTRON_CACHE=/Users/runner/.cache/nub/pm/tools/electron-cache electron_config_cache=/Users/runner/.cache/nub/pm/tools/electron-cache npm_config_prefix=/Users/runner/.cache/nub/pm/tools/npm-prefix /Users/runner/hostedtoolcache/node/22.23.2/arm64/bin/npm rebuild --no-audit --no-fund egg-ci
     dtrace: error on enabled probe ID 128 (ID 286: syscall::execve:entry): invalid address (0x600001b5c090) in action #1 at DIF offset 20
     + echo 0
  OBSERVE   rc=0 dtrace_rc=0 files=71 (pre=68) trace=12137 lines
  CLOSURE   5 packages evicted per arm   store=/Users/runner/.cache/nub/pm/store
  RAWLOG-FILE /Users/runner/v2m-rDsVLk/Observe/trace.txt.gz
  RAWLOG-CAPTURE /Users/runner/v2m-rDsVLk/Observe/capture.json
  RAWLOG-BYTES raw=2094882 gz=65295
  VENUE-INTERPRETER /Users/runner/hostedtoolcache/node/22.23.2/arm64
  VENUE-OVERRIDES {"set":{"PATH":"inherited-and-forwarded","HOME":"/Users/runner/v2m-rDsVLk/jailhome","TMPDIR":"/private/var/folders/bl/vzjcvbz95c3dk19cb0fw46180000gn/T/nub-tmp-obskbzueq","NODE_COMPAT":"1","PYTHONDONTWRITEBYTECODE":"1","PLAYWRIGHT_BROWSERS_PATH":"/Users/runner/.cache/nub/pm/tools/ms-playwright","ELECTRON_CACHE":"/Users/runner/.cache/nub/pm/tools/electron-cache","electron_config_cache":"/Users/runner/.cache/nub/pm/tools/electron-cache","npm_config_prefix":"/Users/runner/.cache/nub/pm/tools/npm-prefix"},"unset":["(sudo env_reset discards the caller environment; every var above is re-set after it)","CI","GITHUB_ACTIONS"],"passedThrough":{"CI":"true","GITHUB_ACTIONS":"true","NODE_ENV":null}}
  VENUE-OBSERVE-USER runner uid=501 (R7: ordinary non-root user, asserted)
  ARM-FALSIFIABILITY {"manifestFiles":7,"filesTheScriptProduced":0,"reasons":["gate-vacuous"]}
  ⛔ ARMS-UNFALSIFIABLE — a green arm for this package carries no evidence:
       gate-vacuous: the script changed no file the artifact gate keys on — every file in the manifest (7) was already present at its final size before the script ran, so the gate passes in every arm including a completely broken one
       The grant may still be correct; what is missing is a signal that could have gone
       red. Do not read this record's MINIMAL as a passing measurement.
  EVENTLOG-FILE /Users/runner/v2m-rDsVLk/Observe/events.ndjson.gz
  EVENTLOG-STATS {"lines":12138,"parsed":12120,"unparsed":0,"live":true,"tracerErrors":1,"tracerErrorTotal":1,"unresolvedDirfd":21,"unresolvedFd":0,"pairedTwoPath":541,"danglingPair":0,"failed":4647,"enoent":4644,"refusals":0,"byErrno":{"ENXIO":3,"ENOENT":4644},"procs":5,"lifecyclePids":1,"distinctEvents":5402,"emitted":5402,"calls":11567,"bytes":1106740,"gzipBytes":37066,"out":"/Users/runner/v2m-rDsVLk/Observe/events.ndjson"}
  == TRACER == live=true decodable-events=3149 dropped-events=1
    NOTE 14 relative path(s) under a non-AT_FDCWD dirfd were not
       scope-assigned: resolving them against the cwd would invent a path.
    ⛔ CWD-UNOBSERVED 2 relative path(s) (0 write(s)) came from a lifecycle
       process whose own cwd was never observed
       macOS spawns with posix_spawn addchdir_np, which changes directory in-kernel and
       emits no chdir syscall, so the inherited cwd cannot be trusted. These are NOT
       scope-assigned; the grant below is WIDENED instead so it covers wherever they landed.
         pid=21379 read  unproven .
         pid=21379 read  unproven .
    ⛔ THE TRACER DROPPED 1 EVENT(S). A dropped event is a path never
       seen, so the grant below can only be too NARROW — the direction that breaks installs.
       Treat it as a FLOOR, not a measurement, until the adapter fault is fixed:
             1 x  epid=128 action=1 fault=1 addr=0x600001b5c090
  == ATTRIBUTION == lifecycle pids: 1
    writes  script 4  /  whole traced subtree 1094
    sockets script 0  /  whole traced subtree 1
  == ROOTS (from /Users/runner/v2m-rDsVLk/Observe/capture.json; the classifier reads no other source) ==
    project       /Users/runner/v2m-rDsVLk/Observe
    home          /Users/runner
    jailHome      /Users/runner/v2m-rDsVLk/jailhome
    globalStore   /Users/runner/.cache/nub/pm/store
    projectStore  /Users/runner/v2m-rDsVLk/Observe/node_modules/.store
    interpreter   /Users/runner/hostedtoolcache/node/22.23.2/arm64
    toolsDir      /Users/runner/.cache/nub/pm/tools
    temp          /private/var/folders/bl/vzjcvbz95c3dk19cb0fw46180000gn/T/nub-tmp-obskbzueq
    npmPrefix     /Users/runner/.cache/nub/pm/tools/npm-prefix
    ownPkg        /Users/runner/v2m-rDsVLk/Observe/node_modules/egg-ci
    cwd           (null — this platform has no such root)
  == WRITES the script actually performed ==
    systemfs      1
        /dev/dtracehelper
    project       3
  == READS the script performed, by scope ==
    outside       3
    systemfs      8
    userHome      2
    ownPkg        3
    deps         27
    project       1
        outside: /
        outside: /bin/bash
        outside: /bin
  == NETWORK ==
    AF_INET connects: 0   distinct peers: 0
  == REFUSALS (errno EPERM/EACCES/EROFS only; ENOENT is a miss, not a denial) ==
    distinct: 0
  == SYNTHESIZED GRANT (verify this in the real unprivileged jail) ==
    {"write":{"project":true}}
  == writePaths (DERIVED — promotion out of the package's PRIVATE home) ==
    private-home writes observed: 0
    none declared — the script wrote nothing into its private home — there is nothing to promote
  == writePaths FEASIBILITY (distinct writes outside project/deps) ==
    count: 0
  EVICT[synth] 1 store entries removed, 0 spared as nub tooling, 163 in store
OSV-SCREEN {"schemaVersion":1,"kind":"nub-synth-resolved","status":"clean","digest":"54652d6e07e13672e96955d8d6c1f1509eee6a63d1c1d77b9e03e7f5a194ad61","specCount":5,"lockfiles":{"digest":"c56b88d9444c502dfbfe6a8ce73f3026a2fe3233e6a8e0d0483ed9965fa3fa66","files":[{"path":"nub.lock","sha256":"0a4959f0e4541ab82a8c489d432ac66123ec5e2af92b18a99dff6dcc410a1117","bytes":1409}]},"maliciousAdvisories":[],"screenedAt":"2026-09-08T06:43:39.603Z","cacheHit":true,"clearancePath":"/Users/runner/v2m-rDsVLk/security/nub-synth-resolved.json"}
  SECURITY nub-synth-resolved clean: 5 exact package-version(s), tree 54652d6e07e1 (cached exact-tree clearance)
  VENUE-STORE-LAYOUT isolated
  VERIFY[synth] rc=0 artifacts=7/7 missing=0 shortfall=none (tree 193/71) OVERRIDDEN=3 REJECTED=0 grant={"write":{"project":true}}
  => VERIFIED {"write":{"project":true}}
  EVICT[nar-no-write-project] 5 store entries removed, 0 spared as nub tooling, 167 in store
OSV-SCREEN {"schemaVersion":1,"kind":"nub-nar-no-write-project-resolved","status":"clean","digest":"54652d6e07e13672e96955d8d6c1f1509eee6a63d1c1d77b9e03e7f5a194ad61","specCount":5,"lockfiles":{"digest":"c56b88d9444c502dfbfe6a8ce73f3026a2fe3233e6a8e0d0483ed9965fa3fa66","files":[{"path":"nub.lock","sha256":"0a4959f0e4541ab82a8c489d432ac66123ec5e2af92b18a99dff6dcc410a1117","bytes":1409}]},"maliciousAdvisories":[],"screenedAt":"2026-09-08T06:43:39.603Z","cacheHit":true,"clearancePath":"/Users/runner/v2m-rDsVLk/security/nub-nar-no-write-project-resolved.json"}
  SECURITY nub-nar-no-write-project-resolved clean: 5 exact package-version(s), tree 54652d6e07e1 (cached exact-tree clearance)
  VERIFY[nar-no-write-project] rc=0 artifacts=7/7 missing=0 shortfall=none (tree 193/71) OVERRIDDEN=3 REJECTED=0 grant={}
     ⛔ OVER-PREDICTED — the strictly narrower {} also verifies; 'no-write-project' was not needed
### DONE egg-ci@2.2.0  synthesized={"write":{"project":true}} verified=1
