OSV-SCREEN {"schemaVersion":1,"kind":"direct","status":"clean","digest":"92eb05a31b4ab58c4451e8fd222cc03ab9b724b96bcabd5ac99a971cd6ea77a3","specCount":1,"lockfiles":{"digest":null,"files":[]},"maliciousAdvisories":[],"screenedAt":"2026-08-27T10:50:23.904Z","cacheHit":false,"clearancePath":"/Users/runner/v2m-fgakA5/security/direct.json"}
  SECURITY direct clean: 1 exact package-version(s), tree 92eb05a31b4a
  ERA-NODE PINNED 8.17.0 (provisioned) (arms will run: v8.17.0)
  ERA-PYTHON /Users/runner/hostedtoolcache/Python/3.9.13/arm64/bin/python (Python 3.9.13) for era Node 8, whose node-gyp requires python3-legacy
  ARM-MAKE /usr/bin/make (GNU Make 3.81) — the system make; a build needing GNU Make 4 WILL fail here
### parse-server@2.8.4   (/Users/runner/v2m-fgakA5)   nub=/tmp/nub/target/release/nub
  VENUE-NUB-BINARY {"path":"/tmp/nub/target/release/nub","sha256":"69e622342d0c8393c78fa50a01dc9cc0a94371ac9b106b59bdcc016f06d86d30","bytes":94535576,"features":{"buildJailCatalogOverride":true,"pythonDontWriteBytecodeEnv":true}}
  CI-ENV scrubbed: CI GITHUB_ACTIONS
  --- fbt preflight (advisory; never fails the run) ---
     csrutil: System Integrity Protection status: disabled.
     fbt probes visible: 93577
     fbt enable attempt: dtrace: description 'fbt:::entry ' matched 50357 probes CPU     ID                    FUNCTION:NAME 
     cwd builtin value:  
     fbt chdir symbols:  
     fbt fires on spawn-with-cwd: dtrace: invalid probe specifier fbt::chdir*:entry /progenyof($target)/ { @[probefunc] = count(); }: probe description fbt::chdir*:entry does not match any probes 
  --- end fbt preflight ---
  ERA-RESOLUTION DATED 2018-08-13T21:51:29.370Z (deps as of the package's own publish date + 1d)
OSV-SCREEN {"schemaVersion":1,"kind":"npm-observe-resolved","status":"clean","digest":"721a75429065908bbaf9e1b50f46d09706500d02fe7f2a403ddff497f22a642d","specCount":310,"lockfiles":{"digest":"ef00482ffa8f4b3e20680a4c2710d2458f27e3e2aaeafd9b4111eab538c3c06f","files":[{"path":"package-lock.json","sha256":"3c4881b2ac187405a7235feb3d164f2cb4a910ffc8e47df7598e0836e0e732e8","bytes":126278}]},"maliciousAdvisories":[],"screenedAt":"2026-08-27T10:50:40.772Z","cacheHit":false,"clearancePath":"/Users/runner/v2m-fgakA5/security/npm-observe-resolved.json"}
  SECURITY npm-observe-resolved clean: 310 exact package-version(s), tree 721a75429065
  ARM-PATH SANITISED (dropped 1: /Users/runner/.yarn/bin)
  ARM-AMBIENT-TOOLS none
  ARM-SCAFFOLD 1 added: babel-cli@6.26.0
  ARM-UNPROVIDABLE none
  ARM-SCAFFOLD-INSTALL rc=0
  VENUE-CI-CHILD clean (no CI-detection variable reaches the traced script)
  --- wrapper (run.sh) ---
     cd "/Users/runner/v2m-fgakA5/Observe"
     sudo -u "runner" -H env "PATH=/Users/runner/v2m-fgakA5/Observe/node_modules/.bin:/Users/runner/.cache/nub/era-node/8.17.0/node-v8.17.0-darwin-x64/bin:/Users/runner/hostedtoolcache/node/22.23.2/arm64/bin:/opt/homebrew/lib/ruby/gems/3.3.0/bin:/opt/homebrew/opt/ruby@3.3/bin:/Users/runner/.local/bin:/opt/homebrew/bin:/opt/homebrew/sbin:/Users/runner/.cargo/bin:/usr/local/opt/curl/bin:/usr/local/bin:/usr/local/sbin:/Users/runner/bin:/Users/runner/Library/Android/sdk/tools:/Users/runner/Library/Android/sdk/platform-tools:/Library/Frameworks/Python.framework/Versions/Current/bin:/Library/Frameworks/Mono.framework/Versions/Current/Commands:/usr/bin:/bin:/usr/sbin:/sbin:/Users/runner/.dotnet/tools"   "HOME=/Users/runner/v2m-fgakA5/jailhome"   "TMPDIR=/private/var/folders/_5/zjnzxgh147qcg3bb5cg2wvqw0000gn/T/nub-tmp-obs5FBAzP"   "NODE_COMPAT=1"   "PYTHONDONTWRITEBYTECODE=1"   "PLAYWRIGHT_BROWSERS_PATH=/Users/runner/.cache/nub/pm/tools/ms-playwright"   "ELECTRON_CACHE=/Users/runner/.cache/nub/pm/tools/electron-cache"   "electron_config_cache=/Users/runner/.cache/nub/pm/tools/electron-cache"   "npm_config_prefix=/Users/runner/.cache/nub/pm/tools/npm-prefix"   PYTHON=/Users/runner/hostedtoolcache/Python/3.9.13/arm64/bin/python   npm rebuild --no-audit --no-fund "parse-server" > "/Users/runner/v2m-fgakA5/Observe/npm.log" 2>&1
     echo $? > "/Users/runner/v2m-fgakA5/Observe/rc"
  --- dtrace stderr + wrapper trace ---
     + cd /Users/runner/v2m-fgakA5/Observe
     + sudo -u runner -H env PATH=/Users/runner/v2m-fgakA5/Observe/node_modules/.bin:/Users/runner/.cache/nub/era-node/8.17.0/node-v8.17.0-darwin-x64/bin:/Users/runner/hostedtoolcache/node/22.23.2/arm64/bin:/opt/homebrew/lib/ruby/gems/3.3.0/bin:/opt/homebrew/opt/ruby@3.3/bin:/Users/runner/.local/bin:/opt/homebrew/bin:/opt/homebrew/sbin:/Users/runner/.cargo/bin:/usr/local/opt/curl/bin:/usr/local/bin:/usr/local/sbin:/Users/runner/bin:/Users/runner/Library/Android/sdk/tools:/Users/runner/Library/Android/sdk/platform-tools:/Library/Frameworks/Python.framework/Versions/Current/bin:/Library/Frameworks/Mono.framework/Versions/Current/Commands:/usr/bin:/bin:/usr/sbin:/sbin:/Users/runner/.dotnet/tools HOME=/Users/runner/v2m-fgakA5/jailhome TMPDIR=/private/var/folders/_5/zjnzxgh147qcg3bb5cg2wvqw0000gn/T/nub-tmp-obs5FBAzP NODE_COMPAT=1 PYTHONDONTWRITEBYTECODE=1 PLAYWRIGHT_BROWSERS_PATH=/Users/runner/.cache/nub/pm/tools/ms-playwright ELECTRON_CACHE=/Users/runner/.cache/nub/pm/tools/electron-cache electron_config_cache=/Users/runner/.cache/nub/pm/tools/electron-cache npm_config_prefix=/Users/runner/.cache/nub/pm/tools/npm-prefix PYTHON=/Users/runner/hostedtoolcache/Python/3.9.13/arm64/bin/python npm rebuild --no-audit --no-fund parse-server
     dtrace: error on enabled probe ID 128 (ID 286: syscall::execve:entry): invalid address (0x6000020590e0) in action #1 at DIF offset 20
     + echo 0
  OBSERVE   rc=0 dtrace_rc=0 files=12255 (pre=12253) trace=18977 lines
  CLOSURE   424 packages evicted per arm   store=/Users/runner/.cache/nub/pm/store
  RAWLOG-FILE /Users/runner/v2m-fgakA5/Observe/trace.txt.gz
  RAWLOG-CAPTURE /Users/runner/v2m-fgakA5/Observe/capture.json
  RAWLOG-BYTES raw=2513671 gz=121589
  VENUE-INTERPRETER /Users/runner/hostedtoolcache/node/22.23.2/arm64
  VENUE-NODE-SELECTION {"pkg":"parse-server","packageVersion":"2.8.4","major":8,"version":"8.17.0","npm":"6.13.4","pinnable":true,"engines":">= 8","publishedAt":"2018-08-12T21:51:29.370Z","eraMajor":8,"startMajor":8,"raisedByEngines":false,"enginesUnsatisfiable":false,"clampedToFloor":false,"clampedToCeiling":false,"matrixFloor":4,"matrixCeiling":26,"lookupFailure":null,"pinned":true,"pinnedBin":"/Users/runner/.cache/nub/era-node/8.17.0/node-v8.17.0-darwin-x64/bin","eraNodeRoot":"/Users/runner/.cache/nub"}
  VENUE-OVERRIDES {"set":{"PATH":"inherited-and-forwarded","HOME":"/Users/runner/v2m-fgakA5/jailhome","TMPDIR":"/private/var/folders/_5/zjnzxgh147qcg3bb5cg2wvqw0000gn/T/nub-tmp-obs5FBAzP","NODE_COMPAT":"1","PYTHONDONTWRITEBYTECODE":"1","PLAYWRIGHT_BROWSERS_PATH":"/Users/runner/.cache/nub/pm/tools/ms-playwright","ELECTRON_CACHE":"/Users/runner/.cache/nub/pm/tools/electron-cache","electron_config_cache":"/Users/runner/.cache/nub/pm/tools/electron-cache","npm_config_prefix":"/Users/runner/.cache/nub/pm/tools/npm-prefix"},"unset":["(sudo env_reset discards the caller environment; every var above is re-set after it)","CI","GITHUB_ACTIONS"],"passedThrough":{"CI":"true","GITHUB_ACTIONS":"true","NODE_ENV":null}}
  VENUE-OBSERVE-USER runner uid=501 (R7: ordinary non-root user, asserted)
  ARM-FALSIFIABILITY {"manifestFiles":178,"filesTheScriptProduced":0,"reasons":["gate-vacuous"]}
  ⛔ ARMS-UNFALSIFIABLE — a green arm for this package carries no evidence:
       gate-vacuous: the script changed no file the artifact gate keys on — every file in the manifest (178) was already present at its final size before the script ran, so the gate passes in every arm including a completely broken one
       The grant may still be correct; what is missing is a signal that could have gone
       red. Do not read this record's MINIMAL as a passing measurement.
  EVENTLOG-FILE /Users/runner/v2m-fgakA5/Observe/events.ndjson.gz
  EVENTLOG-STATS {"lines":18978,"parsed":18960,"unparsed":0,"live":true,"tracerErrors":1,"tracerErrorTotal":1,"unresolvedDirfd":21,"unresolvedFd":0,"pairedTwoPath":1,"danglingPair":0,"failed":9610,"enoent":9605,"refusals":0,"byErrno":{"ENXIO":3,"ENOENT":9605,"EEXIST":2},"procs":5,"lifecyclePids":1,"distinctEvents":9779,"emitted":9779,"calls":18923,"bytes":1605962,"gzipBytes":55485,"out":"/Users/runner/v2m-fgakA5/Observe/events.ndjson"}
  == TRACER == live=true decodable-events=4231 dropped-events=1
    NOTE 14 relative path(s) under a non-AT_FDCWD dirfd were not
       scope-assigned: resolving them against the cwd would invent a path.
    ⛔ CWD-UNOBSERVED 4 relative path(s) (0 write(s)) came from a lifecycle
       process whose own cwd was never observed
       macOS spawns with posix_spawn addchdir_np, which changes directory in-kernel and
       emits no chdir syscall, so the inherited cwd cannot be trusted. These are NOT
       scope-assigned; the grant below is WIDENED instead so it covers wherever they landed.
         pid=14014 read  unproven .
         pid=14014 read  unproven .
         pid=14014 read  unproven .
         pid=14014 read  unproven .
    ⛔ THE TRACER DROPPED 1 EVENT(S). A dropped event is a path never
       seen, so the grant below can only be too NARROW — the direction that breaks installs.
       Treat it as a FLOOR, not a measurement, until the adapter fault is fixed:
             1 x  epid=128 action=1 fault=1 addr=0x6000020590e0
  == ATTRIBUTION == lifecycle pids: 1
    writes  script 0  /  whole traced subtree 6
    sockets script 0  /  whole traced subtree 0
  == ROOTS (from /Users/runner/v2m-fgakA5/Observe/capture.json; the classifier reads no other source) ==
    project       /Users/runner/v2m-fgakA5/Observe
    home          /Users/runner
    jailHome      /Users/runner/v2m-fgakA5/jailhome
    globalStore   /Users/runner/.cache/nub/pm/store
    projectStore  /Users/runner/v2m-fgakA5/Observe/node_modules/.store
    interpreter   /Users/runner/hostedtoolcache/node/22.23.2/arm64
    toolsDir      /Users/runner/.cache/nub/pm/tools
    temp          /private/var/folders/_5/zjnzxgh147qcg3bb5cg2wvqw0000gn/T/nub-tmp-obs5FBAzP
    npmPrefix     /Users/runner/.cache/nub/pm/tools/npm-prefix
    ownPkg        /Users/runner/v2m-fgakA5/Observe/node_modules/parse-server
    cwd           (null — this platform has no such root)
  == WRITES the script actually performed ==
  == READS the script performed, by scope ==
    systemfs      8
    outside       4
    userHome      2
    ownPkg        2
        outside: /
        outside: /bin/sh
        outside: /bin
        outside: /bin/bash
  == NETWORK ==
    AF_INET connects: 0   distinct peers: 0
  == REFUSALS (errno EPERM/EACCES/EROFS only; ENOENT is a miss, not a denial) ==
    distinct: 0
  == SYNTHESIZED GRANT (verify this in the real unprivileged jail) ==
    {}
  == writePaths (DERIVED — promotion out of the package's PRIVATE home) ==
    private-home writes observed: 0
    none declared — the script wrote nothing into its private home — there is nothing to promote
  == writePaths FEASIBILITY (distinct writes outside project/deps) ==
    count: 0
  scaffold: 4 dependency package(s) with lifecycle scripts granted a fixed wide grant
  EVICT[synth] 41 store entries removed, 117 spared as nub tooling, 392 in store
OSV-SCREEN {"schemaVersion":1,"kind":"nub-synth-resolved","status":"clean","digest":"4ff7cc7cd18e08e600e12961344d36fcc4af1b94c9f1221ef4e63cf6cfa6f7f1","specCount":362,"lockfiles":{"digest":"c7d449e4fdf9541c11d558fe82b8feee445a1ab75fe015eec498b84d4d76333c","files":[{"path":"nub.lock","sha256":"66403396e0a9d7c9773f8d0a5857cf5474a0dea0d7d0a7b02c66455b1fa49254","bytes":80458}]},"maliciousAdvisories":[],"screenedAt":"2026-08-27T10:51:22.452Z","cacheHit":false,"clearancePath":"/Users/runner/v2m-fgakA5/security/nub-synth-resolved.json"}
  SECURITY nub-synth-resolved clean: 362 exact package-version(s), tree 4ff7cc7cd18e
  VENUE-STORE-LAYOUT isolated
  VERIFY[synth] rc=0 artifacts=175/175 missing=0 shortfall=none (tree 33360/12255) OVERRIDDEN=3 REJECTED=0 grant={}
  => VERIFIED {}
  NARROW    no capability to drop — the grant is already empty; over-prediction is 0 by construction
### DONE parse-server@2.8.4  synthesized={} verified=1
