### optipng-bin@3.1.4   (D:\jail\m-optipngbin-mtstb0u1)
  CI-ENV scrubbed: CI GITHUB_ACTIONS
OSV-SCREEN {"schemaVersion":1,"kind":"direct","status":"clean","digest":"772c4e1b452d5d00f8c17d889414bb9d1d74df2acf6639cc38106cab9ac15912","specCount":1,"lockfiles":{"digest":null,"files":[]},"maliciousAdvisories":[],"screenedAt":"2026-09-08T15:16:14.230Z","cacheHit":false,"clearancePath":"D:\\jail\\m-optipngbin-mtstb0u1\\security\\direct.json"}
  SECURITY direct clean: 1 exact package-version(s), tree 772c4e1b452d
OSV-SCREEN {"schemaVersion":1,"kind":"npm-observe-resolved","status":"clean","digest":"1691aa797f16d7d28b2234ef63b49b68f11e4ee6629be089e6c8efd9926a6d0b","specCount":311,"lockfiles":{"digest":"f68fb0fbec9e1a093cc8e384e0ccc4ade25d98222526fb60653780a024b6b394","files":[{"path":"package-lock.json","sha256":"81f7e00d9621e0669c7b6bdce8499dae84a488f22b106d5b55bf605bef8451de","bytes":137014}]},"maliciousAdvisories":[],"screenedAt":"2026-09-08T15:16:22.061Z","cacheHit":false,"clearancePath":"D:\\jail\\m-optipngbin-mtstb0u1\\security\\npm-observe-resolved.json"}
  SECURITY npm-observe-resolved clean: 311 exact package-version(s), tree 1691aa797f16
  CAPTURE user=runnervmeef0v\runneradmin elevated=True rootPid=6232 exit=0 events=30989 lost=0
  VENUE-OBSERVE-USER runnervmeef0v\runneradmin elevated=true privDropped={"SeBackupPrivilege":"removed","SeRestorePrivilege":"removed","SeTakeOwnershipPrivilege":"removed"}
  OBSERVE artifacts: 8 files  (D:\jail\m-optipngbin-mtstb0u1\observe\node_modules\optipng-bin)
  ARM-FALSIFIABILITY {"manifestFiles":8,"filesTheScriptProduced":1,"reasons":[]}
  CLOSURE 290 packages evicted per arm
  8.3 MAP 0 components resolved on runnervmeef0v, folded into capture.json
  == ROOTS (from capture.json — R2: no ambient reads) ==
    project       D:\jail\m-optipngbin-mtstb0u1\observe   [keyed on]
    home          C:\Users\runneradmin   [keyed on]
    jailHome      (null — declared inapplicable)
    globalStore   C:\Users\runneradmin\AppData\Local\nub\pm\store
    projectStore  D:\jail\m-optipngbin-mtstb0u1\observe\node_modules\.store
    interpreter   C:\hostedtoolcache\windows\node\22.23.2\x64\node.exe
    toolsDir      C:\Users\runneradmin\AppData\Local\nub\pm\tools
    temp          D:\jail\m-optipngbin-mtstb0u1\tmp   [keyed on]
    npmPrefix     (null — declared inapplicable)
    ownPkg        D:\jail\m-optipngbin-mtstb0u1\observe\node_modules\optipng-bin
  == ATTRIBUTION == lifecycle pids: 3 (root 6232)
    writes  script 2  /  whole traced tree 13
    peers   script 1  /  whole traced tree 1
  == WRITES ==
    deps          2
  == READS ==
    deps        685
    outside       6
    project       1
    systemfs     36
  == NETWORK ==
    distinct peers: 1
        185.199.110.133:443
  == REFUSALS (adapter-classified) ==
    distinct: 0
  == SYNTHESIZED GRANT (verify this in the real unprivileged jail) ==
    {"write":{"deps":true},"network":true}
  RAW       etw-raw.xml.gz  39598606 B xml -> 578015 B gz (68.5x)  sha256 fb1ef2eb95f14283…
  HEADER    etw-header.json (5075 bytes)
  DERIVED   8596 distinct from 9961 kept ops (30989 xml events, 1734 out of subtree)
  PROCS     5   thread-reattributed 0
  ⛔ 1 operations with NO OperationEnd — kept, status marked unknown
  ⛔ 2 handle ops whose path no table could supply
  8.3       0 expanded, 0 kept short, 0 not covered  [map: recorded 8.3 map (0 components, resolved on runnervmeef0v)]
  wrote events.ndjson.gz (103126 bytes)
  RAWLOG-CAPTURE D:\jail\m-optipngbin-mtstb0u1\cap\capture.json
  VENUE-NUB-BINARY {"path":"C:/Users/RUNNER~1/AppData/Local/Temp/nub/target/release/nub.exe","sha256":"f186817a44be332fee712b4936a071a0b5f9cde18a1d2fdc3a791729d4bf1005","bytes":68717056,"features":{"buildJailCatalogOverride":true,"pythonDontWriteBytecodeEnv":true}}
  VENUE-INTERPRETER C:\hostedtoolcache\windows\node\22.23.2\x64\node.exe
  VENUE-JAIL-ROOT D:\jail\m-optipngbin-mtstb0u1
  VENUE-OVERRIDES {"set":{"npm_config_cache":"D:\\jail\\m-optipngbin-mtstb0u1\\npm-cache","TMP":"D:\\jail\\m-optipngbin-mtstb0u1\\tmp","TEMP":"D:\\jail\\m-optipngbin-mtstb0u1\\tmp","TMPDIR":"D:\\jail\\m-optipngbin-mtstb0u1\\tmp"},"unset":["CI","GITHUB_ACTIONS"],"notRedirected":{"USERPROFILE":"C:\\Users\\runneradmin","why":"the jail leaves HOME/USERPROFILE alone — `build_jail.rs` sandbox_homes() reads the ambient value and `compiler/defaults.rs` BASELINE_ENV_EXACT passes it through — so there is no private jail home to reproduce and redirecting one would measure an environment no confined script sees"},"passedThrough":{"CI":"true","GITHUB_ACTIONS":"true","NODE_ENV":null}}
  STORE   isolated virtual store at D:\jail\m-optipngbin-mtstb0u1\verify-synth\.cache
  VENUE-STORE-LAYOUT isolated
OSV-SCREEN {"schemaVersion":1,"kind":"nub-synth-resolved","status":"clean","digest":"66774be40b13a6d13d05441f4244efa5335d350ba3d6fb513423e260619e0b42","specCount":314,"lockfiles":{"digest":"32f766c28a3e007c24a4d6f4024e9e0590ba94998d1ad39bbdbf7ec64beb6f4a","files":[{"path":"nub.lock","sha256":"3c0ed53a70b1b80c5c9cba9bb679348fd0ddb396ff791524c5bde5b8a50919d3","bytes":76857}]},"maliciousAdvisories":[],"screenedAt":"2026-09-08T15:16:33.979Z","cacheHit":false,"clearancePath":"D:\\jail\\m-optipngbin-mtstb0u1\\security\\nub-synth-resolved.json"}
  SECURITY nub-synth-resolved clean: 314 exact package-version(s), tree 66774be40b13
  VERIFY[synth] rc=1 artifacts=8/8 missing=0 shortfall=none (tree 9182/2065) OVERRIDDEN=2 REJECTED=0 grant={"write":{"deps":true},"network":true}
  synthesized grant did not verify -- falling back to a bounded ladder
  STORE   isolated virtual store at D:\jail\m-optipngbin-mtstb0u1\verify-fb0\.cache
OSV-SCREEN {"schemaVersion":1,"kind":"nub-fb0-resolved","status":"clean","digest":"66774be40b13a6d13d05441f4244efa5335d350ba3d6fb513423e260619e0b42","specCount":314,"lockfiles":{"digest":"32f766c28a3e007c24a4d6f4024e9e0590ba94998d1ad39bbdbf7ec64beb6f4a","files":[{"path":"nub.lock","sha256":"3c0ed53a70b1b80c5c9cba9bb679348fd0ddb396ff791524c5bde5b8a50919d3","bytes":76857}]},"maliciousAdvisories":[],"screenedAt":"2026-09-08T15:16:33.979Z","cacheHit":true,"clearancePath":"D:\\jail\\m-optipngbin-mtstb0u1\\security\\nub-fb0-resolved.json"}
  SECURITY nub-fb0-resolved clean: 314 exact package-version(s), tree 66774be40b13 (cached exact-tree clearance)
  VERIFY[fb0] rc=1 artifacts=8/8 missing=0 shortfall=none (tree 9182/2065) OVERRIDDEN=2 REJECTED=0 grant={"write":{"deps":true,"project":true,"userHome":true},"network":true}
  STORE   isolated virtual store at D:\jail\m-optipngbin-mtstb0u1\verify-fb1\.cache
OSV-SCREEN {"schemaVersion":1,"kind":"nub-fb1-resolved","status":"clean","digest":"66774be40b13a6d13d05441f4244efa5335d350ba3d6fb513423e260619e0b42","specCount":314,"lockfiles":{"digest":"32f766c28a3e007c24a4d6f4024e9e0590ba94998d1ad39bbdbf7ec64beb6f4a","files":[{"path":"nub.lock","sha256":"3c0ed53a70b1b80c5c9cba9bb679348fd0ddb396ff791524c5bde5b8a50919d3","bytes":76857}]},"maliciousAdvisories":[],"screenedAt":"2026-09-08T15:16:33.979Z","cacheHit":true,"clearancePath":"D:\\jail\\m-optipngbin-mtstb0u1\\security\\nub-fb1-resolved.json"}
  SECURITY nub-fb1-resolved clean: 314 exact package-version(s), tree 66774be40b13 (cached exact-tree clearance)
  VERIFY[fb1] rc=1 artifacts=8/8 missing=0 shortfall=none (tree 9182/2065) OVERRIDDEN=2 REJECTED=0 grant={"write":{"deps":true,"project":true,"userHome":true},"read":"disk","network":true}
  STORE   isolated virtual store at D:\jail\m-optipngbin-mtstb0u1\verify-fb2\.cache
OSV-SCREEN {"schemaVersion":1,"kind":"nub-fb2-resolved","status":"clean","digest":"66774be40b13a6d13d05441f4244efa5335d350ba3d6fb513423e260619e0b42","specCount":314,"lockfiles":{"digest":"32f766c28a3e007c24a4d6f4024e9e0590ba94998d1ad39bbdbf7ec64beb6f4a","files":[{"path":"nub.lock","sha256":"3c0ed53a70b1b80c5c9cba9bb679348fd0ddb396ff791524c5bde5b8a50919d3","bytes":76857}]},"maliciousAdvisories":[],"screenedAt":"2026-09-08T15:16:33.979Z","cacheHit":true,"clearancePath":"D:\\jail\\m-optipngbin-mtstb0u1\\security\\nub-fb2-resolved.json"}
  SECURITY nub-fb2-resolved clean: 314 exact package-version(s), tree 66774be40b13 (cached exact-tree clearance)
  VERIFY[fb2] rc=0 artifacts=8/8 missing=0 shortfall=none (tree 9181/2065) OVERRIDDEN=2 REJECTED=0 grant={"write":"disk","network":true}
  => MINIMUM {"write":"disk","network":true}   (ladder fallback; synthesized grant was insufficient)
  !! OBSERVE UNDER-PREDICTED -- the gap between {"write":{"deps":true},"network":true} and this is what the trace missed
  !! last rung is write:"disk" = NO CONFINEMENT on Windows; a token problem and a path problem look identical here
