OSV-SCREEN {"schemaVersion":1,"kind":"direct","status":"clean","digest":"289f3a39042a02e1b8d5d310e23f6650acab84b78084a0abb2a02269719a8206","specCount":1,"lockfiles":{"digest":null,"files":[]},"maliciousAdvisories":[],"screenedAt":"2026-09-08T06:00:45.135Z","cacheHit":false,"clearancePath":"/Users/runner/v2m-5okmAw/security/direct.json"}
  SECURITY direct clean: 1 exact package-version(s), tree 289f3a39042a
### diskusage@1.2.0   (/Users/runner/v2m-5okmAw)   nub=/tmp/nub/target/release/nub
  VENUE-NUB-BINARY {"path":"/tmp/nub/target/release/nub","sha256":"f923f9d246b7061a3e88675efb7b4fdcda741d02368002ce6e7f7044b01e7bbe","bytes":93818888,"features":{"buildJailCatalogOverride":true,"pythonDontWriteBytecodeEnv":true}}
  CI-ENV scrubbed: CI GITHUB_ACTIONS
  --- fbt preflight (advisory; never fails the run) ---
     csrutil: System Integrity Protection status: disabled.
     fbt probes visible: 93591
     fbt enable attempt: dtrace: description 'fbt:::entry ' matched 50364 probes CPU     ID                    FUNCTION:NAME 
     cwd builtin value:  
     fbt chdir symbols:  
     fbt fires on spawn-with-cwd: dtrace: invalid probe specifier fbt::chdir*:entry /progenyof($target)/ { @[probefunc] = count(); }: probe description fbt::chdir*:entry does not match any probes 
  --- end fbt preflight ---
OSV-SCREEN {"schemaVersion":1,"kind":"npm-observe-resolved","status":"clean","digest":"91698a2cb2bd642eac5bb2d22c93eb58f86e2a9dc403ffdbcc0345e2bd02bde1","specCount":3,"lockfiles":{"digest":"287679183e799b4dd24ba83fc02d3a5e896ed3012bf640577e3670d09fea57d0","files":[{"path":"package-lock.json","sha256":"00cbd025f6bbe488f99c3a99a1e7464841470200e39b246e4536c4216da3e53b","bytes":1199}]},"maliciousAdvisories":[],"screenedAt":"2026-09-08T06:00:51.836Z","cacheHit":false,"clearancePath":"/Users/runner/v2m-5okmAw/security/npm-observe-resolved.json"}
  SECURITY npm-observe-resolved clean: 3 exact package-version(s), tree 91698a2cb2bd
  VENUE-CI-CHILD clean (no CI-detection variable reaches the traced script)
  --- wrapper (run.sh) ---
     cd "/Users/runner/v2m-5okmAw/Observe"
     sudo -u "runner" -H env "PATH=$PATH"   "HOME=/Users/runner/v2m-5okmAw/jailhome"   "TMPDIR=/private/var/folders/bl/vzjcvbz95c3dk19cb0fw46180000gn/T/nub-tmp-obsA08gkw"   "NODE_COMPAT=1"   "PYTHONDONTWRITEBYTECODE=1"   "PLAYWRIGHT_BROWSERS_PATH=/Users/runner/.cache/nub/pm/tools/ms-playwright"   "ELECTRON_CACHE=/Users/runner/.cache/nub/pm/tools/electron-cache"   "electron_config_cache=/Users/runner/.cache/nub/pm/tools/electron-cache"   "npm_config_prefix=/Users/runner/.cache/nub/pm/tools/npm-prefix"   "/Users/runner/hostedtoolcache/node/22.23.2/arm64/bin/npm" rebuild --no-audit --no-fund "diskusage" > "/Users/runner/v2m-5okmAw/Observe/npm.log" 2>&1
     echo $? > "/Users/runner/v2m-5okmAw/Observe/rc"
  --- dtrace stderr + wrapper trace ---
     + cd /Users/runner/v2m-5okmAw/Observe
     + sudo -u runner -H env PATH=/Users/runner/hostedtoolcache/node/22.23.2/arm64/bin:/opt/homebrew/lib/ruby/gems/3.3.0/bin:/opt/homebrew/opt/ruby@3.3/bin:/Users/runner/.local/bin:/opt/homebrew/bin:/opt/homebrew/sbin:/Users/runner/.cargo/bin:/usr/local/opt/curl/bin:/usr/local/bin:/usr/local/sbin:/Users/runner/bin:/Users/runner/.yarn/bin:/Users/runner/Library/Android/sdk/tools:/Users/runner/Library/Android/sdk/platform-tools:/Library/Frameworks/Python.framework/Versions/Current/bin:/Library/Frameworks/Mono.framework/Versions/Current/Commands:/usr/bin:/bin:/usr/sbin:/sbin:/Users/runner/.dotnet/tools HOME=/Users/runner/v2m-5okmAw/jailhome TMPDIR=/private/var/folders/bl/vzjcvbz95c3dk19cb0fw46180000gn/T/nub-tmp-obsA08gkw NODE_COMPAT=1 PYTHONDONTWRITEBYTECODE=1 PLAYWRIGHT_BROWSERS_PATH=/Users/runner/.cache/nub/pm/tools/ms-playwright ELECTRON_CACHE=/Users/runner/.cache/nub/pm/tools/electron-cache electron_config_cache=/Users/runner/.cache/nub/pm/tools/electron-cache npm_config_prefix=/Users/runner/.cache/nub/pm/tools/npm-prefix /Users/runner/hostedtoolcache/node/22.23.2/arm64/bin/npm rebuild --no-audit --no-fund diskusage
     dtrace: error on enabled probe ID 128 (ID 286: syscall::execve:entry): invalid address (0x600001500090) in action #1 at DIF offset 20
     dtrace: error on enabled probe ID 8 (ID 179: syscall::open:return): invalid address (0x600002ad2700) in action #9 at DIF offset 12
     dtrace: error on enabled probe ID 128 (ID 286: syscall::execve:entry): invalid address (0x600000e7c0e0) in action #5 at DIF offset 88
     dtrace: error on enabled probe ID 53 (ID 189: syscall::unlink:return): invalid address (0x600003edb340) in action #10 at DIF offset 12
     dtrace: error on enabled probe ID 128 (ID 286: syscall::execve:entry): invalid address (0x656d616e75) in action #6 at DIF offset 88
     dtrace: error on enabled probe ID 128 (ID 286: syscall::execve:entry): invalid address (0x656d616e75) in action #6 at DIF offset 88
     dtrace: error on enabled probe ID 128 (ID 286: syscall::execve:entry): invalid address (0x656d616e75) in action #6 at DIF offset 88
     dtrace: error on enabled probe ID 128 (ID 286: syscall::execve:entry): invalid address (0x656d616e75) in action #6 at DIF offset 88
     dtrace: error on enabled probe ID 128 (ID 286: syscall::execve:entry): invalid address (0x656d616e75) in action #6 at DIF offset 88
     dtrace: error on enabled probe ID 128 (ID 286: syscall::execve:entry): invalid address (0x656d616e75) in action #6 at DIF offset 88
     dtrace: error on enabled probe ID 128 (ID 286: syscall::execve:entry): invalid address (0x656d616e75) in action #6 at DIF offset 88
     dtrace: error on enabled probe ID 128 (ID 286: syscall::execve:entry): invalid address (0x656d616e75) in action #6 at DIF offset 88
     dtrace: error on enabled probe ID 128 (ID 286: syscall::execve:entry): invalid address (0x656d616e75) in action #6 at DIF offset 88
     dtrace: error on enabled probe ID 128 (ID 286: syscall::execve:entry): invalid address (0x656d616e75) in action #6 at DIF offset 88
     dtrace: error on enabled probe ID 128 (ID 286: syscall::execve:entry): invalid address (0x656d616e75) in action #6 at DIF offset 88
     dtrace: error on enabled probe ID 128 (ID 286: syscall::execve:entry): invalid address (0x656d616e75) in action #6 at DIF offset 88
     dtrace: error on enabled probe ID 128 (ID 286: syscall::execve:entry): invalid address (0x656d616e75) in action #6 at DIF offset 88
     dtrace: error on enabled probe ID 128 (ID 286: syscall::execve:entry): invalid address (0x656d616e75) in action #6 at DIF offset 88
     dtrace: error on enabled probe ID 128 (ID 286: syscall::execve:entry): invalid address (0x656d616e75) in action #6 at DIF offset 88
     dtrace: error on enabled probe ID 128 (ID 286: syscall::execve:entry): invalid address (0x656d616e75) in action #6 at DIF offset 88
     dtrace: error on enabled probe ID 128 (ID 286: syscall::execve:entry): invalid address (0x656d616e75) in action #6 at DIF offset 88
     dtrace: error on enabled probe ID 128 (ID 286: syscall::execve:entry): invalid address (0x656d616e75) in action #6 at DIF offset 88
     dtrace: error on enabled probe ID 128 (ID 286: syscall::execve:entry): invalid address (0x656d616e75) in action #6 at DIF offset 88
     dtrace: error on enabled probe ID 128 (ID 286: syscall::execve:entry): invalid address (0x656d616e75) in action #6 at DIF offset 88
     dtrace: error on enabled probe ID 128 (ID 286: syscall::execve:entry): invalid address (0x656d616e75) in action #6 at DIF offset 88
     dtrace: error on enabled probe ID 128 (ID 286: syscall::execve:entry): invalid address (0x656d616e75) in action #6 at DIF offset 88
     dtrace: error on enabled probe ID 128 (ID 286: syscall::execve:entry): invalid address (0x656d616e75) in action #6 at DIF offset 88
     dtrace: error on enabled probe ID 128 (ID 286: syscall::execve:entry): invalid address (0x656d616e75) in action #6 at DIF offset 88
  OBSERVE   rc=0 dtrace_rc=0 files=110 (pre=97) trace=103179 lines
  CLOSURE   3 packages evicted per arm   store=/Users/runner/.cache/nub/pm/store
  RAWLOG-FILE /Users/runner/v2m-5okmAw/Observe/trace.txt.gz
  RAWLOG-CAPTURE /Users/runner/v2m-5okmAw/Observe/capture.json
  RAWLOG-BYTES raw=18022168 gz=552492
  VENUE-INTERPRETER /Users/runner/hostedtoolcache/node/22.23.2/arm64
  VENUE-OVERRIDES {"set":{"PATH":"inherited-and-forwarded","HOME":"/Users/runner/v2m-5okmAw/jailhome","TMPDIR":"/private/var/folders/bl/vzjcvbz95c3dk19cb0fw46180000gn/T/nub-tmp-obsA08gkw","NODE_COMPAT":"1","PYTHONDONTWRITEBYTECODE":"1","PLAYWRIGHT_BROWSERS_PATH":"/Users/runner/.cache/nub/pm/tools/ms-playwright","ELECTRON_CACHE":"/Users/runner/.cache/nub/pm/tools/electron-cache","electron_config_cache":"/Users/runner/.cache/nub/pm/tools/electron-cache","npm_config_prefix":"/Users/runner/.cache/nub/pm/tools/npm-prefix"},"unset":["(sudo env_reset discards the caller environment; every var above is re-set after it)","CI","GITHUB_ACTIONS"],"passedThrough":{"CI":"true","GITHUB_ACTIONS":"true","NODE_ENV":null}}
  VENUE-OBSERVE-USER runner uid=501 (R7: ordinary non-root user, asserted)
  ARM-FALSIFIABILITY {"manifestFiles":25,"filesTheScriptProduced":11,"reasons":[]}
  EVENTLOG-FILE /Users/runner/v2m-5okmAw/Observe/events.ndjson.gz
  EVENTLOG-STATS {"lines":103180,"parsed":103094,"unparsed":0,"live":true,"tracerErrors":39,"tracerErrorTotal":39,"unresolvedDirfd":285,"unresolvedFd":0,"pairedTwoPath":544,"danglingPair":0,"failed":34126,"enoent":13065,"refusals":0,"byErrno":{"ENXIO":27,"ENOENT":13065,"EINVAL":4,"EEXIST":20429,"ENOTEMPTY":601},"procs":57,"lifecyclePids":24,"distinctEvents":50538,"emitted":50538,"calls":102366,"bytes":10826478,"gzipBytes":269089,"out":"/Users/runner/v2m-5okmAw/Observe/events.ndjson"}
  == TRACER == live=true decodable-events=43346 dropped-events=39
    NOTE 190 relative path(s) under a non-AT_FDCWD dirfd were not
       scope-assigned: resolving them against the cwd would invent a path.
    ⛔ CWD-UNOBSERVED 110 relative path(s) (8 write(s)) came from a lifecycle
       process whose own cwd was never observed
       macOS spawns with posix_spawn addchdir_np, which changes directory in-kernel and
       emits no chdir syscall, so the inherited cwd cannot be trusted. These are NOT
       scope-assigned; the grant below is WIDENED instead so it covers wherever they landed.
         pid=28043 read  unproven .
         pid=28044 read  unproven .
         pid=28057 read  unproven .
         pid=28058 read  unproven .
         pid=28070 read  unproven .
         pid=28070 read  unproven .
         pid=28070 read  unproven .
         pid=28070 read  unproven .
         pid=28070 read  unproven .
         pid=28070 read  unproven .
         … and 100 more
    CWD-UNPLACEABLE-WRITES ["./Release/.deps/Release/obj.target/diskusage/src/diskusage_posix.o.d.raw","./Release/.deps/Release/obj.target/diskusage/src/main.o.d.raw","Release","Release/obj.target","Release/obj.target/diskusage","Release/obj.target/diskusage/src"]
    CWD-RESOLVED 23 relative path(s) placed against the package dir
       and CONFIRMED by an artifact present after the run — not assumed.
    ⛔ THE TRACER DROPPED 39 EVENT(S). A dropped event is a path never
       seen, so the grant below can only be too NARROW — the direction that breaks installs.
       Treat it as a FLOOR, not a measurement, until the adapter fault is fixed:
            25 x  epid=128 action=6 fault=1 addr=0x656d616e75
             5 x  epid=128 action=1 fault=1 addr=0x105122280
             1 x  epid=128 action=1 fault=1 addr=0x600001500090
             1 x  epid=8 action=9 fault=1 addr=0x600002ad2700
             1 x  epid=128 action=5 fault=1 addr=0x600000e7c0e0
             1 x  epid=53 action=10 fault=1 addr=0x600003edb340
             1 x  epid=128 action=1 fault=1 addr=0x1054c28b0
             1 x  epid=128 action=6 fault=1 addr=0x6000026f81c0
             1 x  epid=8 action=9 fault=1 addr=0x148e04080
             1 x  epid=8 action=9 fault=1 addr=0x148e0a490
  == ATTRIBUTION == lifecycle pids: 24
    writes  script 6681  /  whole traced subtree 7771
    sockets script 1  /  whole traced subtree 2
  == ROOTS (from /Users/runner/v2m-5okmAw/Observe/capture.json; the classifier reads no other source) ==
    project       /Users/runner/v2m-5okmAw/Observe
    home          /Users/runner
    jailHome      /Users/runner/v2m-5okmAw/jailhome
    globalStore   /Users/runner/.cache/nub/pm/store
    projectStore  /Users/runner/v2m-5okmAw/Observe/node_modules/.store
    interpreter   /Users/runner/hostedtoolcache/node/22.23.2/arm64
    toolsDir      /Users/runner/.cache/nub/pm/tools
    temp          /private/var/folders/bl/vzjcvbz95c3dk19cb0fw46180000gn/T/nub-tmp-obsA08gkw
    npmPrefix     /Users/runner/.cache/nub/pm/tools/npm-prefix
    ownPkg        /Users/runner/v2m-5okmAw/Observe/node_modules/diskusage
    cwd           (null — this platform has no such root)
  == WRITES the script actually performed ==
    systemfs      1
        /dev/dtracehelper
    jailHome   3329  (base profile already grants this — NOT billed)
        /Users/runner/v2m-5okmAw/jailhome/Library
        /Users/runner/v2m-5okmAw/jailhome/Library/Caches
        /Users/runner/v2m-5okmAw/jailhome/Library/Caches/node-gyp
        /Users/runner/v2m-5okmAw/jailhome/Library/Caches/node-gyp/22.23.2
        /Users/runner/v2m-5okmAw/jailhome/Library/Caches/node-gyp/22.23.2/include
        /Users/runner/v2m-5okmAw/jailhome/Library/Caches/node-gyp/22.23.2/include/node
        /Users/runner/v2m-5okmAw/jailhome/Library/Caches/node-gyp/22.23.2/include/node/common.gypi
        /Users/runner/v2m-5okmAw/jailhome/Library/Caches/node-gyp/22.23.2/include/node/config.gypi
        /Users/runner/v2m-5okmAw/jailhome/Library/Caches/node-gyp/22.23.2/include/node/cppgc
        /Users/runner/v2m-5okmAw/jailhome/Library/Caches/node-gyp/22.23.2/include/node/cppgc/allocation.h
        … and 3319 more
    jailTmp    3326  (base profile already grants this — NOT billed)
        /private/var/folders/bl/vzjcvbz95c3dk19cb0fw46180000gn/T/nub-tmp-obsA08gkw/node-gyp-tmp-S0nEue
        /private/var/folders/bl/vzjcvbz95c3dk19cb0fw46180000gn/T/nub-tmp-obsA08gkw/node-gyp-tmp-S0nEue/include
        /private/var/folders/bl/vzjcvbz95c3dk19cb0fw46180000gn/T/nub-tmp-obsA08gkw/node-gyp-tmp-S0nEue/include/node
        /private/var/folders/bl/vzjcvbz95c3dk19cb0fw46180000gn/T/nub-tmp-obsA08gkw/node-gyp-tmp-S0nEue/include/node/v8-locker.h
        /private/var/folders/bl/vzjcvbz95c3dk19cb0fw46180000gn/T/nub-tmp-obsA08gkw/node-gyp-tmp-S0nEue/include/node/zconf.h
        /private/var/folders/bl/vzjcvbz95c3dk19cb0fw46180000gn/T/nub-tmp-obsA08gkw/node-gyp-tmp-S0nEue/include/node/v8config.h
        /private/var/folders/bl/vzjcvbz95c3dk19cb0fw46180000gn/T/nub-tmp-obsA08gkw/node-gyp-tmp-S0nEue/include/node/common.gypi
        /private/var/folders/bl/vzjcvbz95c3dk19cb0fw46180000gn/T/nub-tmp-obsA08gkw/node-gyp-tmp-S0nEue/include/node/v8-object.h
        /private/var/folders/bl/vzjcvbz95c3dk19cb0fw46180000gn/T/nub-tmp-obsA08gkw/node-gyp-tmp-S0nEue/include/node/v8-forward.h
        /private/var/folders/bl/vzjcvbz95c3dk19cb0fw46180000gn/T/nub-tmp-obsA08gkw/node-gyp-tmp-S0nEue/include/node/v8-profiler.h
        … and 3316 more
    ownPkg       23  (base profile already grants this — NOT billed)
        /Users/runner/v2m-5okmAw/Observe/node_modules/diskusage/build
        /Users/runner/v2m-5okmAw/Observe/node_modules/diskusage/build/config.gypi
        /Users/runner/v2m-5okmAw/Observe/node_modules/diskusage/build/Makefile
        /Users/runner/v2m-5okmAw/Observe/node_modules/diskusage/build/gyp-mac-tool
        /Users/runner/v2m-5okmAw/Observe/node_modules/diskusage/build/diskusage.target.mk
        /Users/runner/v2m-5okmAw/Observe/node_modules/diskusage/build/binding.Makefile
        /Users/runner/v2m-5okmAw/Observe/node_modules/diskusage/build/node_gyp_bins
        /Users/runner/v2m-5okmAw/Observe/node_modules/diskusage/build/node_gyp_bins/python3
        /Users/runner/v2m-5okmAw/Observe/node_modules/diskusage/build/Release/.deps
        /Users/runner/v2m-5okmAw/Observe/node_modules/diskusage/build/Release/.deps/Release
        … and 13 more
    outside       2
        /var/folders/bl/vzjcvbz95c3dk19cb0fw46180000gn/T/xcrun_db-RHucH8Xb
        /var/folders/bl/vzjcvbz95c3dk19cb0fw46180000gn/T/xcrun_db
  == READS the script performed, by scope ==
    outside    1099
    systemfs    617
    userHome    307
    bytecode    107
    ownPkg        9
    jailTmp    3326
    jailHome     65
    deps          2
        outside: /
        outside: /bin/bash
        outside: /bin
        outside: /usr/bin/env
        outside: /usr/bin
        outside: /bin/sh
        outside: /var/db/timezone/icutz/icutz44l.dat
        outside: /etc/localtime
        outside: /var/db/timezone/zoneinfo/posixrules
        outside: /opt/homebrew/Cellar/python@3.14/3.14.7/Frameworks/Python.framework/Versions/3.14/bin/python3.14
  == NETWORK ==
    AF_INET connects: 1   distinct peers: 1
        104.16.213.131:443
  == REFUSALS (errno EPERM/EACCES/EROFS only; ENOENT is a miss, not a denial) ==
    distinct: 0
  == SYNTHESIZED GRANT (verify this in the real unprivileged jail) ==
    {"write":{"deps":true,"project":true},"network":true,"writePaths":["Library/Caches/node-gyp"]}
    ⛔ 2 writes OUTSIDE project/home — no scope covers these; inspect before granting
  == writePaths (DERIVED — promotion out of the package's PRIVATE home) ==
    private-home writes observed: 3329
        Library/Caches/node-gyp
  == writePaths FEASIBILITY (distinct writes outside project/deps) ==
    count: 2
        /var/folders/bl/vzjcvbz95c3dk19cb0fw46180000gn/T/xcrun_db-RHucH8Xb
        /var/folders/bl/vzjcvbz95c3dk19cb0fw46180000gn/T/xcrun_db
  EVICT[synth] 0 store entries removed, 0 spared as nub tooling, 271 in store
OSV-SCREEN {"schemaVersion":1,"kind":"nub-synth-resolved","status":"clean","digest":"91698a2cb2bd642eac5bb2d22c93eb58f86e2a9dc403ffdbcc0345e2bd02bde1","specCount":3,"lockfiles":{"digest":"237a1c57387dac63897638a5bd8981abbee952454203c2429c137c982a59084e","files":[{"path":"nub.lock","sha256":"0e948f3c5ab7bf78b75834b7ef262cc3a5a018ab418dd40bc5a11c9a5572290c","bytes":773}]},"maliciousAdvisories":[],"screenedAt":"2026-09-08T06:00:51.836Z","cacheHit":true,"clearancePath":"/Users/runner/v2m-5okmAw/security/nub-synth-resolved.json"}
  SECURITY nub-synth-resolved clean: 3 exact package-version(s), tree 91698a2cb2bd (cached exact-tree clearance)
  VENUE-STORE-LAYOUT isolated
  VERIFY[synth] rc=0 artifacts=24/24 missing=0 shortfall=none (tree 314/110) OVERRIDDEN=3 REJECTED=0 grant={"write":{"deps":true,"project":true},"network":true,"writePaths":["Library/Caches/node-gyp"]}
  => VERIFIED {"write":{"deps":true,"project":true},"network":true,"writePaths":["Library/Caches/node-gyp"]}
  EVICT[nar-no-network] 3 store entries removed, 0 spared as nub tooling, 274 in store
OSV-SCREEN {"schemaVersion":1,"kind":"nub-nar-no-network-resolved","status":"clean","digest":"91698a2cb2bd642eac5bb2d22c93eb58f86e2a9dc403ffdbcc0345e2bd02bde1","specCount":3,"lockfiles":{"digest":"237a1c57387dac63897638a5bd8981abbee952454203c2429c137c982a59084e","files":[{"path":"nub.lock","sha256":"0e948f3c5ab7bf78b75834b7ef262cc3a5a018ab418dd40bc5a11c9a5572290c","bytes":773}]},"maliciousAdvisories":[],"screenedAt":"2026-09-08T06:00:51.836Z","cacheHit":true,"clearancePath":"/Users/runner/v2m-5okmAw/security/nub-nar-no-network-resolved.json"}
  SECURITY nub-nar-no-network-resolved clean: 3 exact package-version(s), tree 91698a2cb2bd (cached exact-tree clearance)
  VERIFY[nar-no-network] rc=0 artifacts=24/24 missing=0 shortfall=none (tree 314/110) OVERRIDDEN=3 REJECTED=0 grant={"write":{"deps":true,"project":true},"writePaths":["Library/Caches/node-gyp"]}
     ⛔ OVER-PREDICTED — the strictly narrower {"write":{"deps":true,"project":true},"writePaths":["Library/Caches/node-gyp"]} also verifies; 'no-network' was not needed
  EVICT[nar-no-write-deps] 3 store entries removed, 0 spared as nub tooling, 274 in store
OSV-SCREEN {"schemaVersion":1,"kind":"nub-nar-no-write-deps-resolved","status":"clean","digest":"91698a2cb2bd642eac5bb2d22c93eb58f86e2a9dc403ffdbcc0345e2bd02bde1","specCount":3,"lockfiles":{"digest":"237a1c57387dac63897638a5bd8981abbee952454203c2429c137c982a59084e","files":[{"path":"nub.lock","sha256":"0e948f3c5ab7bf78b75834b7ef262cc3a5a018ab418dd40bc5a11c9a5572290c","bytes":773}]},"maliciousAdvisories":[],"screenedAt":"2026-09-08T06:00:51.836Z","cacheHit":true,"clearancePath":"/Users/runner/v2m-5okmAw/security/nub-nar-no-write-deps-resolved.json"}
  SECURITY nub-nar-no-write-deps-resolved clean: 3 exact package-version(s), tree 91698a2cb2bd (cached exact-tree clearance)
  VERIFY[nar-no-write-deps] rc=0 artifacts=24/24 missing=0 shortfall=none (tree 314/110) OVERRIDDEN=3 REJECTED=0 grant={"write":{"project":true},"network":true,"writePaths":["Library/Caches/node-gyp"]}
     ⛔ OVER-PREDICTED — the strictly narrower {"write":{"project":true},"network":true,"writePaths":["Library/Caches/node-gyp"]} also verifies; 'no-write-deps' was not needed
  EVICT[nar-no-write-project] 3 store entries removed, 0 spared as nub tooling, 274 in store
OSV-SCREEN {"schemaVersion":1,"kind":"nub-nar-no-write-project-resolved","status":"clean","digest":"91698a2cb2bd642eac5bb2d22c93eb58f86e2a9dc403ffdbcc0345e2bd02bde1","specCount":3,"lockfiles":{"digest":"237a1c57387dac63897638a5bd8981abbee952454203c2429c137c982a59084e","files":[{"path":"nub.lock","sha256":"0e948f3c5ab7bf78b75834b7ef262cc3a5a018ab418dd40bc5a11c9a5572290c","bytes":773}]},"maliciousAdvisories":[],"screenedAt":"2026-09-08T06:00:51.836Z","cacheHit":true,"clearancePath":"/Users/runner/v2m-5okmAw/security/nub-nar-no-write-project-resolved.json"}
  SECURITY nub-nar-no-write-project-resolved clean: 3 exact package-version(s), tree 91698a2cb2bd (cached exact-tree clearance)
  VERIFY[nar-no-write-project] rc=0 artifacts=24/24 missing=0 shortfall=none (tree 314/110) OVERRIDDEN=3 REJECTED=0 grant={"write":{"deps":true},"network":true,"writePaths":["Library/Caches/node-gyp"]}
     ⛔ OVER-PREDICTED — the strictly narrower {"write":{"deps":true},"network":true,"writePaths":["Library/Caches/node-gyp"]} also verifies; 'no-write-project' was not needed
  EVICT[joint-narrow] 3 store entries removed, 0 spared as nub tooling, 274 in store
OSV-SCREEN {"schemaVersion":1,"kind":"nub-joint-narrow-resolved","status":"clean","digest":"91698a2cb2bd642eac5bb2d22c93eb58f86e2a9dc403ffdbcc0345e2bd02bde1","specCount":3,"lockfiles":{"digest":"237a1c57387dac63897638a5bd8981abbee952454203c2429c137c982a59084e","files":[{"path":"nub.lock","sha256":"0e948f3c5ab7bf78b75834b7ef262cc3a5a018ab418dd40bc5a11c9a5572290c","bytes":773}]},"maliciousAdvisories":[],"screenedAt":"2026-09-08T06:00:51.836Z","cacheHit":true,"clearancePath":"/Users/runner/v2m-5okmAw/security/nub-joint-narrow-resolved.json"}
  SECURITY nub-joint-narrow-resolved clean: 3 exact package-version(s), tree 91698a2cb2bd (cached exact-tree clearance)
  VERIFY[joint-narrow] rc=0 artifacts=24/24 missing=0 shortfall=none (tree 314/110) OVERRIDDEN=3 REJECTED=0 grant={"writePaths":["Library/Caches/node-gyp"]}
  => JOINT-NARROW VERIFIED {"writePaths":["Library/Caches/node-gyp"]} — all 3 capabilities drop TOGETHER, measured
### DONE diskusage@1.2.0  synthesized={"write":{"deps":true,"project":true},"network":true,"writePaths":["Library/Caches/node-gyp"]} verified=1
