### hugo-extended@0.152.2   (/home/runner/v2-BfS4UZ)
  CI-ENV scrubbed: CI GITHUB_ACTIONS
OSV-SCREEN {"schemaVersion":1,"kind":"direct","status":"clean","digest":"b11a362297195c01059a2782408e4007568b5b15298489c6c0e09c1854b48e11","specCount":1,"lockfiles":{"digest":null,"files":[]},"maliciousAdvisories":[],"screenedAt":"2026-09-08T03:45:11.729Z","cacheHit":false,"clearancePath":"/home/runner/v2-BfS4UZ/security/direct.json"}
  SECURITY direct clean: 1 exact package-version(s), tree b11a36229719
  VENUE-OBSERVE-USER {"uid":1001,"user":"runner","umask":"0022","capBnd":"000001ffffffffff","noNewPrivs":"0"}
  VENUE-NUB-BINARY {"path":"/tmp/nub/target/release/nub","sha256":"2a18683f50f7afeb02a521cd3cae175dc2f91780d461c5f012065241f5a1447b","bytes":207643464,"features":{"buildJailCatalogOverride":true,"pythonDontWriteBytecodeEnv":true}}
OSV-SCREEN {"schemaVersion":1,"kind":"npm-observe-resolved","status":"clean","digest":"af76978b14d907952b67a3f10c8fe607a42fedc55b25755d255ad2c2b04200c1","specCount":145,"lockfiles":{"digest":"80cede0add3449526b93c73371078c9286caa8ff92e00f5b1e8c5be8a678217c","files":[{"path":"package-lock.json","sha256":"3afb6c6dca26680f74eb46c1de4c7f2401bc4e820d922ca6025f98791c867b7f","bytes":63461}]},"maliciousAdvisories":[],"screenedAt":"2026-09-08T03:45:13.739Z","cacheHit":false,"clearancePath":"/home/runner/v2-BfS4UZ/security/npm-observe-resolved.json"}
  SECURITY npm-observe-resolved clean: 145 exact package-version(s), tree af76978b14d9
  OBSERVE   rc=0 files=1315 trace=15572 lines
  CLOSURE   136 packages evicted per arm
  ARM-FALSIFIABILITY {"manifestFiles":12,"filesTheScriptProduced":3,"reasons":[]}
  RAWLOG-FILE /home/runner/v2-BfS4UZ/observe/trace.txt.gz
  RAWLOG-CAPTURE /home/runner/v2-BfS4UZ/observe/capture.json
  RAWLOG-BYTES raw=3273082 gz=98412
  VENUE-INTERPRETER /opt/hostedtoolcache/node/22.23.2/x64
  VENUE-OVERRIDES {"set":{"HOME":"/home/runner/v2-BfS4UZ/jailhome","TMPDIR":"/tmp/nub-tmp-obsD7kn6f","NODE_COMPAT":"1","PLAYWRIGHT_BROWSERS_PATH":"/home/runner/.cache/nub/pm/tools/ms-playwright","ELECTRON_CACHE":"/home/runner/.cache/nub/pm/tools/electron-cache","electron_config_cache":"/home/runner/.cache/nub/pm/tools/electron-cache","npm_config_prefix":"/home/runner/.cache/nub/pm/tools/npm-prefix","PYTHONDONTWRITEBYTECODE":"1","NUB_CACHE_DIR":"/home/runner/v2-BfS4UZ/nubcache"},"unset":["CI","GITHUB_ACTIONS"],"passedThrough":{"CI":"true","GITHUB_ACTIONS":"true","NODE_ENV":null}}
  == ATTRIBUTION == attributed pids: 26
    writes  script 7  /  whole traced tree 1095
    sockets script 10  /  whole traced tree 14
  == ROOTS (from capture.json — R2: no ambient reads) ==
    project       /home/runner/v2-BfS4UZ/observe
    home          /home/runner
    jailHome      /home/runner/v2-BfS4UZ/jailhome
    globalStore   /home/runner/.cache/nub/pm/store   [declared, not keyed on]
    projectStore  /home/runner/v2-BfS4UZ/observe/node_modules/.store   [declared, not keyed on]
    interpreter   /opt/hostedtoolcache/node/22.23.2/x64   [declared, not keyed on]
    toolsDir      /home/runner/.cache/nub/pm/tools   [declared, not keyed on]
    temp          /tmp/nub-tmp-obsD7kn6f
    npmPrefix     /home/runner/.cache/nub/pm/tools/npm-prefix
    ownPkg        /home/runner/v2-BfS4UZ/observe/node_modules/hugo-extended
  == WRITES the script actually performed ==
    jailTmp       3  (base profile already grants this — NOT billed)
        /tmp/nub-tmp-obsD7kn6f/2054b7e1bc206b07410caaade7af4e34
        /tmp/nub-tmp-obsD7kn6f/2054b7e1bc206b07410caaade7af4e34/hugo_extended_0.152.2_linux-amd64.tar.gz
        /tmp/nub-tmp-obsD7kn6f/2054b7e1bc206b07410caaade7af4e34/hugo_0.152.2_checksums.txt
    ownPkg        4  (base profile already grants this — NOT billed)
        /home/runner/v2-BfS4UZ/observe/node_modules/hugo-extended/vendor
        /home/runner/v2-BfS4UZ/observe/node_modules/hugo-extended/vendor/hugo
        /home/runner/v2-BfS4UZ/observe/node_modules/hugo-extended/vendor/LICENSE
        /home/runner/v2-BfS4UZ/observe/node_modules/hugo-extended/vendor/README.md
  == NETWORK ==
    AF_INET sockets: 10   distinct peers: 3
        127.0.0.53:53
        104.16.5.34:443
        172.182.252.133:443
  == REFUSALS (only `= -1 EACCES/EPERM/EROFS`) ==
    distinct: 0
  == SYNTHESIZED GRANT (verify this in the real unprivileged jail) ==
    {"network":true}
  == writePaths (DERIVED — promotion out of the package's PRIVATE home) ==
    private-home writes observed: 0
    none declared — the script wrote nothing into its private home — there is nothing to promote
  == writePaths FEASIBILITY (distinct writes outside project/deps) ==
    count: 0
    EVENTS    6594 distinct from 15312 calls (15573 lines, 199 rejoined, 0 unparsed)
    PROCS     33   lifecycle shells 21
    ⛔ 3 paths with an UNRESOLVED dirfd — kept, marked, never guessed
    unsubscribed/unmapped syscalls: setsockopt×55 getsockname×41 tgkill×25 getsockopt×20 exit×20 getcwd×16 recvmsg×15 socketpair×6
    wrote /home/runner/v2-BfS4UZ/observe/events.ndjson.gz (44021 bytes)
  EVENTLOG-FILE /home/runner/v2-BfS4UZ/observe/events.ndjson.gz
  EVENTLOG-STATS {"lines":15573,"parsed":15312,"unparsed":0,"unfinished":199,"rejoined":199,"unresolvedDirfd":3,"truncatedArg":0,"procs":33,"lifecyclePids":21,"distinctEvents":6594,"unknownSyscall":{"getsockname":41,"getsockopt":20,"getcwd":16,"recvmsg":15,"exit":20,"setsockopt":55,"sendmmsg":5,"socketpair":6,"shutdown":4,"getpeername":4,"tgkill":25,"exit_group":4,"wait4":4},"out":"/home/runner/v2-BfS4UZ/observe/events.ndjson.gz","gzipBytes":44021}
  EVICT     143 store entries removed, 3 spared as nub tooling
  SE-PURGE  0 side-effects-cache entries for hugo-extended
OSV-SCREEN {"schemaVersion":1,"kind":"nub-synth-resolved","status":"clean","digest":"af76978b14d907952b67a3f10c8fe607a42fedc55b25755d255ad2c2b04200c1","specCount":145,"lockfiles":{"digest":"59723e8df02208774b8ca8e84a71abfd186ce3302608c98f2e8f92bfb80e3280","files":[{"path":"nub.lock","sha256":"d11a594fe535c4219b7312c0b85244c921afa6c8651967a343c4a687228aa6d6","bytes":34923}]},"maliciousAdvisories":[],"screenedAt":"2026-09-08T03:45:13.739Z","cacheHit":true,"clearancePath":"/home/runner/v2-BfS4UZ/security/nub-synth-resolved.json"}
  SECURITY nub-synth-resolved clean: 145 exact package-version(s), tree af76978b14d9 (cached exact-tree clearance)
  VENUE-STORE-LAYOUT isolated
  VERIFY[synth] rc=0 artifacts=12/12 missing=0 shortfall=none (tree 4463/1315) OVERRIDDEN=3 REJECTED=0 grant={"network":true}
  => VERIFIED {"network":true}   (observed, then verified)
  EVICT     143 store entries removed, 3 spared as nub tooling
  SE-PURGE  0 side-effects-cache entries for hugo-extended
OSV-SCREEN {"schemaVersion":1,"kind":"nub-drop-no-network-resolved","status":"clean","digest":"af76978b14d907952b67a3f10c8fe607a42fedc55b25755d255ad2c2b04200c1","specCount":145,"lockfiles":{"digest":"59723e8df02208774b8ca8e84a71abfd186ce3302608c98f2e8f92bfb80e3280","files":[{"path":"nub.lock","sha256":"d11a594fe535c4219b7312c0b85244c921afa6c8651967a343c4a687228aa6d6","bytes":34923}]},"maliciousAdvisories":[],"screenedAt":"2026-09-08T03:45:13.739Z","cacheHit":true,"clearancePath":"/home/runner/v2-BfS4UZ/security/nub-drop-no-network-resolved.json"}
  SECURITY nub-drop-no-network-resolved clean: 145 exact package-version(s), tree af76978b14d9 (cached exact-tree clearance)
  VERIFY[drop-no-network] rc=1 artifacts=9/12 missing=3 shortfall=219cbefac624 (tree 4454/1315) OVERRIDDEN=3 REJECTED=0 grant={}
       missing: vendor/LICENSE, vendor/README.md, vendor/hugo
     'no-network' is NECESSARY — dropping it fails to verify
  => MINIMAL — every capability in {"network":true} is independently necessary
