OSV-SCREEN {"schemaVersion":1,"kind":"direct","status":"clean","digest":"e0d8c82f22c992f2b96ea8166a9424c8e724af0a0b88d4651f7488089aae46d9","specCount":1,"lockfiles":{"digest":null,"files":[]},"maliciousAdvisories":[],"screenedAt":"2026-08-27T05:45:03.589Z","cacheHit":false,"clearancePath":"/Users/runner/v2m-qTduJ2/security/direct.json"}
  SECURITY direct clean: 1 exact package-version(s), tree e0d8c82f22c9
  ERA-NODE PINNED 12.22.12 (provisioned) (arms will run: v12.22.12)
  ERA-PYTHON /Users/runner/hostedtoolcache/Python/3.9.13/arm64/bin/python (Python 3.9.13) for era Node 12, whose node-gyp requires python3-legacy
  ARM-MAKE /usr/bin/make (GNU Make 3.81) — the system make; a build needing GNU Make 4 WILL fail here
### @progress/kendo-licensing@0.2.0   (/Users/runner/v2m-qTduJ2)   nub=/tmp/nub/target/release/nub
  VENUE-NUB-BINARY {"path":"/tmp/nub/target/release/nub","sha256":"69e622342d0c8393c78fa50a01dc9cc0a94371ac9b106b59bdcc016f06d86d30","bytes":94535576,"features":{"buildJailCatalogOverride":true,"pythonDontWriteBytecodeEnv":true}}
  CI-ENV scrubbed: CI GITHUB_ACTIONS
  --- fbt preflight (advisory; never fails the run) ---
     csrutil: System Integrity Protection status: disabled.
     fbt probes visible: 93577
     fbt enable attempt: dtrace: description 'fbt:::entry ' matched 50357 probes CPU     ID                    FUNCTION:NAME 
     cwd builtin value:  
     fbt chdir symbols:  
     fbt fires on spawn-with-cwd: dtrace: invalid probe specifier fbt::chdir*:entry /progenyof($target)/ { @[probefunc] = count(); }: probe description fbt::chdir*:entry does not match any probes 
  --- end fbt preflight ---
  ERA-RESOLUTION DATED 2020-08-08T08:27:00.887Z (deps as of the package's own publish date + 1d)
OSV-SCREEN {"schemaVersion":1,"kind":"npm-observe-resolved","status":"clean","digest":"5d3f63a5ab87b35ec7a37237c61500a45f40b7ebd5f5aa5a2c98497c1e17f137","specCount":16,"lockfiles":{"digest":"56db3942a72587b168e5effd0cfe5e8d1444ca3b46a504e2cc66e48366b6b0c6","files":[{"path":"package-lock.json","sha256":"011c9b834fff27a604704913cf76ac659ea6f0aa1334d9e0449a933b515523a5","bytes":6387}]},"maliciousAdvisories":[],"screenedAt":"2026-08-27T05:45:10.186Z","cacheHit":false,"clearancePath":"/Users/runner/v2m-qTduJ2/security/npm-observe-resolved.json"}
  SECURITY npm-observe-resolved clean: 16 exact package-version(s), tree 5d3f63a5ab87
  ARM-PATH SANITISED (dropped 1: /Users/runner/.yarn/bin)
  ARM-AMBIENT-TOOLS none
  ARM-SCAFFOLD none
  ARM-UNPROVIDABLE none
  VENUE-CI-CHILD clean (no CI-detection variable reaches the traced script)
  --- wrapper (run.sh) ---
     cd "/Users/runner/v2m-qTduJ2/Observe"
     sudo -u "runner" -H env "PATH=/Users/runner/v2m-qTduJ2/Observe/node_modules/.bin:/Users/runner/.cache/nub/era-node/12.22.12/node-v12.22.12-darwin-x64/bin:/Users/runner/hostedtoolcache/node/22.23.2/arm64/bin:/opt/homebrew/lib/ruby/gems/3.3.0/bin:/opt/homebrew/opt/ruby@3.3/bin:/Users/runner/.local/bin:/opt/homebrew/bin:/opt/homebrew/sbin:/Users/runner/.cargo/bin:/usr/local/opt/curl/bin:/usr/local/bin:/usr/local/sbin:/Users/runner/bin:/Users/runner/Library/Android/sdk/tools:/Users/runner/Library/Android/sdk/platform-tools:/Library/Frameworks/Python.framework/Versions/Current/bin:/Library/Frameworks/Mono.framework/Versions/Current/Commands:/usr/bin:/bin:/usr/sbin:/sbin:/Users/runner/.dotnet/tools"   "HOME=/Users/runner/v2m-qTduJ2/jailhome"   "TMPDIR=/private/var/folders/_5/zjnzxgh147qcg3bb5cg2wvqw0000gn/T/nub-tmp-obsiMgoaS"   "NODE_COMPAT=1"   "PYTHONDONTWRITEBYTECODE=1"   "PLAYWRIGHT_BROWSERS_PATH=/Users/runner/.cache/nub/pm/tools/ms-playwright"   "ELECTRON_CACHE=/Users/runner/.cache/nub/pm/tools/electron-cache"   "electron_config_cache=/Users/runner/.cache/nub/pm/tools/electron-cache"   "npm_config_prefix=/Users/runner/.cache/nub/pm/tools/npm-prefix"   PYTHON=/Users/runner/hostedtoolcache/Python/3.9.13/arm64/bin/python   npm rebuild --no-audit --no-fund "@progress/kendo-licensing" > "/Users/runner/v2m-qTduJ2/Observe/npm.log" 2>&1
     echo $? > "/Users/runner/v2m-qTduJ2/Observe/rc"
  --- dtrace stderr + wrapper trace ---
     + cd /Users/runner/v2m-qTduJ2/Observe
     + sudo -u runner -H env PATH=/Users/runner/v2m-qTduJ2/Observe/node_modules/.bin:/Users/runner/.cache/nub/era-node/12.22.12/node-v12.22.12-darwin-x64/bin:/Users/runner/hostedtoolcache/node/22.23.2/arm64/bin:/opt/homebrew/lib/ruby/gems/3.3.0/bin:/opt/homebrew/opt/ruby@3.3/bin:/Users/runner/.local/bin:/opt/homebrew/bin:/opt/homebrew/sbin:/Users/runner/.cargo/bin:/usr/local/opt/curl/bin:/usr/local/bin:/usr/local/sbin:/Users/runner/bin:/Users/runner/Library/Android/sdk/tools:/Users/runner/Library/Android/sdk/platform-tools:/Library/Frameworks/Python.framework/Versions/Current/bin:/Library/Frameworks/Mono.framework/Versions/Current/Commands:/usr/bin:/bin:/usr/sbin:/sbin:/Users/runner/.dotnet/tools HOME=/Users/runner/v2m-qTduJ2/jailhome TMPDIR=/private/var/folders/_5/zjnzxgh147qcg3bb5cg2wvqw0000gn/T/nub-tmp-obsiMgoaS NODE_COMPAT=1 PYTHONDONTWRITEBYTECODE=1 PLAYWRIGHT_BROWSERS_PATH=/Users/runner/.cache/nub/pm/tools/ms-playwright ELECTRON_CACHE=/Users/runner/.cache/nub/pm/tools/electron-cache electron_config_cache=/Users/runner/.cache/nub/pm/tools/electron-cache npm_config_prefix=/Users/runner/.cache/nub/pm/tools/npm-prefix PYTHON=/Users/runner/hostedtoolcache/Python/3.9.13/arm64/bin/python npm rebuild --no-audit --no-fund @progress/kendo-licensing
     dtrace: error on enabled probe ID 128 (ID 286: syscall::execve:entry): invalid address (0x60000381c000) in action #1 at DIF offset 20
     dtrace: error on enabled probe ID 128 (ID 286: syscall::execve:entry): invalid address (0x6000033b05d0) in action #6 at DIF offset 88
     dtrace: error on enabled probe ID 128 (ID 286: syscall::execve:entry): invalid address (0x6000033b05d0) in action #6 at DIF offset 88
     dtrace: error on enabled probe ID 128 (ID 286: syscall::execve:entry): invalid address (0x6000033b05d0) in action #6 at DIF offset 88
     dtrace: error on enabled probe ID 128 (ID 286: syscall::execve:entry): invalid address (0x6000033b05d0) in action #6 at DIF offset 88
     dtrace: error on enabled probe ID 128 (ID 286: syscall::execve:entry): invalid address (0x6000033b05d0) in action #6 at DIF offset 88
     dtrace: error on enabled probe ID 128 (ID 286: syscall::execve:entry): invalid address (0x6000033b05d0) in action #6 at DIF offset 88
     dtrace: error on enabled probe ID 128 (ID 286: syscall::execve:entry): invalid address (0x6000033b05d0) in action #6 at DIF offset 88
     dtrace: error on enabled probe ID 128 (ID 286: syscall::execve:entry): invalid address (0x6000033b05d0) in action #6 at DIF offset 88
     dtrace: error on enabled probe ID 128 (ID 286: syscall::execve:entry): invalid address (0x6000033b05d0) in action #6 at DIF offset 88
     dtrace: error on enabled probe ID 128 (ID 286: syscall::execve:entry): invalid address (0x6000033b05d0) in action #6 at DIF offset 88
     dtrace: error on enabled probe ID 128 (ID 286: syscall::execve:entry): invalid address (0x6000033b05d0) in action #6 at DIF offset 88
     dtrace: error on enabled probe ID 128 (ID 286: syscall::execve:entry): invalid address (0x6000033b05d0) in action #6 at DIF offset 88
     dtrace: error on enabled probe ID 128 (ID 286: syscall::execve:entry): invalid address (0x6000033b05d0) in action #6 at DIF offset 88
     dtrace: error on enabled probe ID 128 (ID 286: syscall::execve:entry): invalid address (0x6000033b05d0) in action #6 at DIF offset 88
     dtrace: error on enabled probe ID 128 (ID 286: syscall::execve:entry): invalid address (0x6000033b05d0) in action #6 at DIF offset 88
     dtrace: error on enabled probe ID 128 (ID 286: syscall::execve:entry): invalid address (0x6000033b05d0) in action #6 at DIF offset 88
     dtrace: error on enabled probe ID 128 (ID 286: syscall::execve:entry): invalid address (0x6000033b05d0) in action #6 at DIF offset 88
     dtrace: error on enabled probe ID 128 (ID 286: syscall::execve:entry): invalid address (0x6000033b05d0) in action #6 at DIF offset 88
     dtrace: error on enabled probe ID 128 (ID 286: syscall::execve:entry): invalid address (0x6000033b05d0) in action #6 at DIF offset 88
     dtrace: error on enabled probe ID 128 (ID 286: syscall::execve:entry): invalid address (0x6000033b05d0) in action #6 at DIF offset 88
     dtrace: error on enabled probe ID 128 (ID 286: syscall::execve:entry): invalid address (0x6000033b05d0) in action #6 at DIF offset 88
     dtrace: error on enabled probe ID 128 (ID 286: syscall::execve:entry): invalid address (0x6000033b05d0) in action #6 at DIF offset 88
     + echo 0
  OBSERVE   rc=0 dtrace_rc=0 files=103 (pre=101) trace=10050 lines
  CLOSURE   16 packages evicted per arm   store=/Users/runner/.cache/nub/pm/store
  RAWLOG-FILE /Users/runner/v2m-qTduJ2/Observe/trace.txt.gz
  RAWLOG-CAPTURE /Users/runner/v2m-qTduJ2/Observe/capture.json
  RAWLOG-BYTES raw=1468800 gz=63301
  VENUE-INTERPRETER /Users/runner/hostedtoolcache/node/22.23.2/arm64
  VENUE-NODE-SELECTION {"pkg":"@progress/kendo-licensing","packageVersion":"0.2.0","major":12,"version":"12.22.12","npm":"6.14.16","pinnable":true,"engines":null,"publishedAt":"2020-08-07T08:27:00.887Z","eraMajor":12,"startMajor":12,"raisedByEngines":false,"enginesUnsatisfiable":false,"clampedToFloor":false,"clampedToCeiling":false,"matrixFloor":4,"matrixCeiling":26,"lookupFailure":null,"pinned":true,"pinnedBin":"/Users/runner/.cache/nub/era-node/12.22.12/node-v12.22.12-darwin-x64/bin","eraNodeRoot":"/Users/runner/.cache/nub"}
  VENUE-OVERRIDES {"set":{"PATH":"inherited-and-forwarded","HOME":"/Users/runner/v2m-qTduJ2/jailhome","TMPDIR":"/private/var/folders/_5/zjnzxgh147qcg3bb5cg2wvqw0000gn/T/nub-tmp-obsiMgoaS","NODE_COMPAT":"1","PYTHONDONTWRITEBYTECODE":"1","PLAYWRIGHT_BROWSERS_PATH":"/Users/runner/.cache/nub/pm/tools/ms-playwright","ELECTRON_CACHE":"/Users/runner/.cache/nub/pm/tools/electron-cache","electron_config_cache":"/Users/runner/.cache/nub/pm/tools/electron-cache","npm_config_prefix":"/Users/runner/.cache/nub/pm/tools/npm-prefix"},"unset":["(sudo env_reset discards the caller environment; every var above is re-set after it)","CI","GITHUB_ACTIONS"],"passedThrough":{"CI":"true","GITHUB_ACTIONS":"true","NODE_ENV":null}}
  VENUE-OBSERVE-USER runner uid=501 (R7: ordinary non-root user, asserted)
  ARM-FALSIFIABILITY {"manifestFiles":9,"filesTheScriptProduced":0,"reasons":["gate-vacuous"]}
  ⛔ ARMS-UNFALSIFIABLE — a green arm for this package carries no evidence:
       gate-vacuous: the script changed no file the artifact gate keys on — every file in the manifest (9) was already present at its final size before the script ran, so the gate passes in every arm including a completely broken one
       The grant may still be correct; what is missing is a signal that could have gone
       red. Do not read this record's MINIMAL as a passing measurement.
  EVENTLOG-FILE /Users/runner/v2m-qTduJ2/Observe/events.ndjson.gz
  EVENTLOG-STATS {"lines":10051,"parsed":10011,"unparsed":0,"live":true,"tracerErrors":23,"tracerErrorTotal":23,"unresolvedDirfd":21,"unresolvedFd":0,"pairedTwoPath":1,"danglingPair":0,"failed":7897,"enoent":7892,"refusals":0,"byErrno":{"ENXIO":3,"ENOENT":7892,"EEXIST":2},"procs":5,"lifecyclePids":1,"distinctEvents":4868,"emitted":4868,"calls":9996,"bytes":834856,"gzipBytes":33035,"out":"/Users/runner/v2m-qTduJ2/Observe/events.ndjson"}
  == TRACER == live=true decodable-events=784 dropped-events=23
    NOTE 14 relative path(s) under a non-AT_FDCWD dirfd were not
       scope-assigned: resolving them against the cwd would invent a path.
    ⛔ CWD-UNOBSERVED 2 relative path(s) (0 write(s)) came from a lifecycle
       process whose own cwd was never observed
       macOS spawns with posix_spawn addchdir_np, which changes directory in-kernel and
       emits no chdir syscall, so the inherited cwd cannot be trusted. These are NOT
       scope-assigned; the grant below is WIDENED instead so it covers wherever they landed.
         pid=89666 read  unproven .
         pid=89666 read  unproven .
    ⛔ THE TRACER DROPPED 23 EVENT(S). A dropped event is a path never
       seen, so the grant below can only be too NARROW — the direction that breaks installs.
       Treat it as a FLOOR, not a measurement, until the adapter fault is fixed:
            22 x  epid=128 action=6 fault=1 addr=0x6000033b05d0
             1 x  epid=128 action=1 fault=1 addr=0x60000381c000
  == ATTRIBUTION == lifecycle pids: 1
    writes  script 0  /  whole traced subtree 8
    sockets script 0  /  whole traced subtree 0
  == ROOTS (from /Users/runner/v2m-qTduJ2/Observe/capture.json; the classifier reads no other source) ==
    project       /Users/runner/v2m-qTduJ2/Observe
    home          /Users/runner
    jailHome      /Users/runner/v2m-qTduJ2/jailhome
    globalStore   /Users/runner/.cache/nub/pm/store
    projectStore  /Users/runner/v2m-qTduJ2/Observe/node_modules/.store
    interpreter   /Users/runner/hostedtoolcache/node/22.23.2/arm64
    toolsDir      /Users/runner/.cache/nub/pm/tools
    temp          /private/var/folders/_5/zjnzxgh147qcg3bb5cg2wvqw0000gn/T/nub-tmp-obsiMgoaS
    npmPrefix     /Users/runner/.cache/nub/pm/tools/npm-prefix
    ownPkg        /Users/runner/v2m-qTduJ2/Observe/node_modules/@progress/kendo-licensing
    cwd           (null — this platform has no such root)
  == WRITES the script actually performed ==
  == READS the script performed, by scope ==
    systemfs      8
    outside       3
    userHome      2
    ownPkg        2
    deps         43
        outside: /
        outside: /bin/bash
        outside: /bin
  == NETWORK ==
    AF_INET connects: 0   distinct peers: 0
  == REFUSALS (errno EPERM/EACCES/EROFS only; ENOENT is a miss, not a denial) ==
    distinct: 0
  == SYNTHESIZED GRANT (verify this in the real unprivileged jail) ==
    {}
  == writePaths (DERIVED — promotion out of the package's PRIVATE home) ==
    private-home writes observed: 0
    none declared — the script wrote nothing into its private home — there is nothing to promote
  == writePaths FEASIBILITY (distinct writes outside project/deps) ==
    count: 0
  EVICT[synth] 14 store entries removed, 6 spared as nub tooling, 1058 in store
OSV-SCREEN {"schemaVersion":1,"kind":"nub-synth-resolved","status":"clean","digest":"dc7a45de97ab0b9be0848ed0ed13ad1225ac654c23ae1556c15d2a4566bb631a","specCount":16,"lockfiles":{"digest":"ea86d0f2e2c8bd49f17d68a20de1a93973ac30c5872dfa536c21de3ddf69d932","files":[{"path":"nub.lock","sha256":"0c745a16323e8f7da4efd1ef8fdcf4fc87977ae76fc437a4e3f596cac3356058","bytes":3675}]},"maliciousAdvisories":[],"screenedAt":"2026-08-27T05:45:14.016Z","cacheHit":false,"clearancePath":"/Users/runner/v2m-qTduJ2/security/nub-synth-resolved.json"}
  SECURITY nub-synth-resolved clean: 16 exact package-version(s), tree dc7a45de97ab
  VENUE-STORE-LAYOUT isolated
  VERIFY[synth] rc=0 artifacts=9/9 missing=0 shortfall=none (tree 298/103) OVERRIDDEN=3 REJECTED=0 grant={}
  => VERIFIED {}
  NARROW    no capability to drop — the grant is already empty; over-prediction is 0 by construction
### DONE @progress/kendo-licensing@0.2.0  synthesized={} verified=1
