### netlify-cli@18.1.0   (D:\jail\m-netlifycli-mtrzyc5w)
  CI-ENV scrubbed: CI GITHUB_ACTIONS
OSV-SCREEN {"schemaVersion":1,"kind":"direct","status":"clean","digest":"7a86d32fd0a800d38bf816a505270524ecd25262b2e78e4bd43902cefbb9d11b","specCount":1,"lockfiles":{"digest":null,"files":[]},"maliciousAdvisories":[],"screenedAt":"2026-09-08T01:34:33.526Z","cacheHit":false,"clearancePath":"D:\\jail\\m-netlifycli-mtrzyc5w\\security\\direct.json"}
  SECURITY direct clean: 1 exact package-version(s), tree 7a86d32fd0a8
OSV-SCREEN {"schemaVersion":1,"kind":"npm-observe-resolved","status":"clean","digest":"310999f00f9501c20066ddb6d4d9160163d51ff67f39c60fb0594202130343c9","specCount":976,"lockfiles":{"digest":"0dedfd4a857370ee14ae80d664934d5d630b04a4a84e12de911aee2286c4ad62","files":[{"path":"package-lock.json","sha256":"e8152478003215ccd779cde9beea656ffb0729c76b62fa6f04170db26d2f2d4d","bytes":582098}]},"maliciousAdvisories":[],"screenedAt":"2026-09-08T01:34:59.015Z","cacheHit":false,"clearancePath":"D:\\jail\\m-netlifycli-mtrzyc5w\\security\\npm-observe-resolved.json"}
  SECURITY npm-observe-resolved clean: 976 exact package-version(s), tree 310999f00f95
  CAPTURE user=runnervmeef0v\runneradmin elevated=True rootPid=9136 exit=0 events=182789 lost=0
  VENUE-OBSERVE-USER runnervmeef0v\runneradmin elevated=true privDropped={"SeBackupPrivilege":"removed","SeRestorePrivilege":"removed","SeTakeOwnershipPrivilege":"removed"}
  OBSERVE artifacts: 659 files  (D:\jail\m-netlifycli-mtrzyc5w\observe\node_modules\netlify-cli)
  ARM-FALSIFIABILITY {"manifestFiles":658,"filesTheScriptProduced":0,"reasons":["gate-vacuous"]}
  ⛔ ARMS-UNFALSIFIABLE — a green arm for this package carries no evidence:
       gate-vacuous: the script changed no file the artifact gate keys on — every file in the manifest (658) was already present at its final size before the script ran, so the gate passes in every arm including a completely broken one
       The grant may still be correct; what is missing is a signal that could have gone
       red. Do not read this record's MINIMAL as a passing measurement.
  CLOSURE 1 packages evicted per arm
  8.3 MAP 0 components resolved on runnervmeef0v, folded into capture.json
  == ROOTS (from capture.json — R2: no ambient reads) ==
    project       D:\jail\m-netlifycli-mtrzyc5w\observe   [keyed on]
    home          C:\Users\runneradmin   [keyed on]
    jailHome      (null — declared inapplicable)
    globalStore   C:\Users\runneradmin\AppData\Local\nub\pm\store
    projectStore  D:\jail\m-netlifycli-mtrzyc5w\observe\node_modules\.store
    interpreter   C:\hostedtoolcache\windows\node\22.23.2\x64\node.exe
    toolsDir      C:\Users\runneradmin\AppData\Local\nub\pm\tools
    temp          D:\jail\m-netlifycli-mtrzyc5w\tmp   [keyed on]
    npmPrefix     (null — declared inapplicable)
    ownPkg        D:\jail\m-netlifycli-mtrzyc5w\observe\node_modules\netlify-cli
  == ATTRIBUTION == lifecycle pids: 2 (root 9136)
    writes  script 3  /  whole traced tree 16
    peers   script 0  /  whole traced tree 0
  == WRITES ==
    userHome      3
  == READS ==
    deps       5076
    outside       6
    project       1
    systemfs     32
    jailTmp       1
  == NETWORK ==
    distinct peers: 0
  == REFUSALS (adapter-classified) ==
    distinct: 0
  == SYNTHESIZED GRANT (verify this in the real unprivileged jail) ==
    {"write":{"userHome":true}}
  RAW       etw-raw.xml.gz  234713475 B xml -> 3429208 B gz (68.4x)  sha256 dc8f3fb46f8df7bc…
  HEADER    etw-header.json (5086 bytes)
  DERIVED   32816 distinct from 44262 kept ops (182789 xml events, 26168 out of subtree)
  PROCS     4   thread-reattributed 0
  ⛔ 2 operations with NO OperationEnd — kept, status marked unknown
  ⛔ 1 handle ops whose path no table could supply
  8.3       0 expanded, 0 kept short, 0 not covered  [map: recorded 8.3 map (0 components, resolved on runnervmeef0v)]
  wrote events.ndjson.gz (405060 bytes)
  RAWLOG-CAPTURE D:\jail\m-netlifycli-mtrzyc5w\cap\capture.json
  VENUE-NUB-BINARY {"path":"C:/Users/RUNNER~1/AppData/Local/Temp/nub/target/release/nub.exe","sha256":"f186817a44be332fee712b4936a071a0b5f9cde18a1d2fdc3a791729d4bf1005","bytes":68717056,"features":{"buildJailCatalogOverride":true,"pythonDontWriteBytecodeEnv":true}}
  VENUE-INTERPRETER C:\hostedtoolcache\windows\node\22.23.2\x64\node.exe
  VENUE-JAIL-ROOT D:\jail\m-netlifycli-mtrzyc5w
  VENUE-OVERRIDES {"set":{"npm_config_cache":"D:\\jail\\m-netlifycli-mtrzyc5w\\npm-cache","TMP":"D:\\jail\\m-netlifycli-mtrzyc5w\\tmp","TEMP":"D:\\jail\\m-netlifycli-mtrzyc5w\\tmp","TMPDIR":"D:\\jail\\m-netlifycli-mtrzyc5w\\tmp"},"unset":["CI","GITHUB_ACTIONS"],"notRedirected":{"USERPROFILE":"C:\\Users\\runneradmin","why":"the jail leaves HOME/USERPROFILE alone — `build_jail.rs` sandbox_homes() reads the ambient value and `compiler/defaults.rs` BASELINE_ENV_EXACT passes it through — so there is no private jail home to reproduce and redirecting one would measure an environment no confined script sees"},"passedThrough":{"CI":"true","GITHUB_ACTIONS":"true","NODE_ENV":null}}
  STORE   isolated virtual store at D:\jail\m-netlifycli-mtrzyc5w\verify-synth\.cache
  VENUE-STORE-LAYOUT isolated
OSV-SCREEN {"schemaVersion":1,"kind":"nub-synth-resolved","status":"clean","digest":"00880b06ad55a0eebd37f3adf5d3f1b93cd3691a688c810bdef60ace8d324820","specCount":1043,"lockfiles":{"digest":"7efc5d443102e1a217d0a34654c622a8983c1d57f48b92bc9b932336d82b39be","files":[{"path":"nub.lock","sha256":"822c037c3c749173bf7585fde28551628ffe75c925b9e2e2f4db40c966f2355b","bytes":303833}]},"maliciousAdvisories":[],"screenedAt":"2026-09-08T01:36:02.216Z","cacheHit":false,"clearancePath":"D:\\jail\\m-netlifycli-mtrzyc5w\\security\\nub-synth-resolved.json"}
  SECURITY nub-synth-resolved clean: 1043 exact package-version(s), tree 00880b06ad55
  VERIFY[synth] rc=0 artifacts=659/659 missing=0 shortfall=none (tree 43003/32974) OVERRIDDEN=2 REJECTED=0 grant={"write":{"userHome":true}}
  => MINIMUM {"write":{"userHome":true}}   (observed, then verified)
  STORE   isolated virtual store at D:\jail\m-netlifycli-mtrzyc5w\verify-nar-no-write-userHome\.cache
OSV-SCREEN {"schemaVersion":1,"kind":"nub-nar-no-write-userHome-resolved","status":"clean","digest":"00880b06ad55a0eebd37f3adf5d3f1b93cd3691a688c810bdef60ace8d324820","specCount":1043,"lockfiles":{"digest":"7efc5d443102e1a217d0a34654c622a8983c1d57f48b92bc9b932336d82b39be","files":[{"path":"nub.lock","sha256":"822c037c3c749173bf7585fde28551628ffe75c925b9e2e2f4db40c966f2355b","bytes":303833}]},"maliciousAdvisories":[],"screenedAt":"2026-09-08T01:36:02.216Z","cacheHit":true,"clearancePath":"D:\\jail\\m-netlifycli-mtrzyc5w\\security\\nub-nar-no-write-userHome-resolved.json"}
  SECURITY nub-nar-no-write-userHome-resolved clean: 1043 exact package-version(s), tree 00880b06ad55 (cached exact-tree clearance)
  VERIFY[nar-no-write-userHome] rc=1 artifacts=659/659 missing=0 shortfall=none (tree 43003/32974) OVERRIDDEN=2 REJECTED=0 grant={}
     'no-write-userHome' is NECESSARY — dropping it fails to verify
  => MINIMAL — every capability in {"write":{"userHome":true}} is independently necessary
