### ttag-cli@1.12.0   (/home/runner/v2-zth6f5)
  CI-ENV scrubbed: CI GITHUB_ACTIONS
OSV-SCREEN {"schemaVersion":1,"kind":"direct","status":"clean","digest":"79018786bf400ffd59d9a9619b2d471c1115a0f67db910ae7898ca8d64e85e72","specCount":1,"lockfiles":{"digest":null,"files":[]},"maliciousAdvisories":[],"screenedAt":"2026-09-10T00:26:50.859Z","cacheHit":false,"clearancePath":"/home/runner/v2-zth6f5/security/direct.json"}
  SECURITY direct clean: 1 exact package-version(s), tree 79018786bf40
  VENUE-OBSERVE-USER {"uid":1001,"user":"runner","umask":"0022","capBnd":"000001ffffffffff","noNewPrivs":"0"}
  VENUE-NUB-BINARY {"path":"/tmp/nub/target/release/nub","sha256":"2a18683f50f7afeb02a521cd3cae175dc2f91780d461c5f012065241f5a1447b","bytes":207643464,"features":{"buildJailCatalogOverride":true,"pythonDontWriteBytecodeEnv":true}}
OSV-SCREEN {"schemaVersion":1,"kind":"npm-observe-resolved","status":"clean","digest":"b03b5b91390d8596fb48b85a4d6b37acdf030db9a52f0eae7d874f5510c5ed03","specCount":374,"lockfiles":{"digest":"c5b4ded0f510fb1e3760c66db6a2ddde3cd9d02b053204cf7b3a34a4d79907f9","files":[{"path":"package-lock.json","sha256":"81a7e544ae74e4e9b074bbd7eb5ca7410ba7dbf4e55fac0f8e8667c713ec8e75","bytes":184600}]},"maliciousAdvisories":[],"screenedAt":"2026-09-10T00:27:00.857Z","cacheHit":false,"clearancePath":"/home/runner/v2-zth6f5/security/npm-observe-resolved.json"}
  SECURITY npm-observe-resolved clean: 374 exact package-version(s), tree b03b5b91390d
  OBSERVE   rc=0 files=7872 trace=11848 lines
  CLOSURE   358 packages evicted per arm
  ARM-FALSIFIABILITY {"manifestFiles":46,"filesTheScriptProduced":0,"reasons":["gate-vacuous"]}
  ⛔ ARMS-UNFALSIFIABLE — a green arm for this package carries no evidence:
       gate-vacuous: the script changed no file the artifact gate keys on — every file in the manifest (46) was already present at its final size before the script ran, so the gate passes in every arm including a completely broken one
       The grant may still be correct; what is missing is a signal that could have gone
       red. Do not read this record's MINIMAL as a passing measurement.
  RAWLOG-FILE /home/runner/v2-zth6f5/observe/trace.txt.gz
  RAWLOG-CAPTURE /home/runner/v2-zth6f5/observe/capture.json
  RAWLOG-BYTES raw=2543171 gz=77039
  VENUE-INTERPRETER /opt/hostedtoolcache/node/22.23.2/x64
  VENUE-OVERRIDES {"set":{"HOME":"/home/runner/v2-zth6f5/jailhome","TMPDIR":"/tmp/nub-tmp-obsVQr34M","NODE_COMPAT":"1","PLAYWRIGHT_BROWSERS_PATH":"/home/runner/.cache/nub/pm/tools/ms-playwright","ELECTRON_CACHE":"/home/runner/.cache/nub/pm/tools/electron-cache","electron_config_cache":"/home/runner/.cache/nub/pm/tools/electron-cache","npm_config_prefix":"/home/runner/.cache/nub/pm/tools/npm-prefix","PYTHONDONTWRITEBYTECODE":"1","NUB_CACHE_DIR":"/home/runner/v2-zth6f5/nubcache"},"unset":["CI","GITHUB_ACTIONS"],"passedThrough":{"CI":"true","GITHUB_ACTIONS":"true","NODE_ENV":null}}
  == ATTRIBUTION == attributed pids: 13
    writes  script 0  /  whole traced tree 1088
    sockets script 0  /  whole traced tree 4
  == ROOTS (from capture.json — R2: no ambient reads) ==
    project       /home/runner/v2-zth6f5/observe
    home          /home/runner
    jailHome      /home/runner/v2-zth6f5/jailhome
    globalStore   /home/runner/.cache/nub/pm/store   [declared, not keyed on]
    projectStore  /home/runner/v2-zth6f5/observe/node_modules/.store   [declared, not keyed on]
    interpreter   /opt/hostedtoolcache/node/22.23.2/x64   [declared, not keyed on]
    toolsDir      /home/runner/.cache/nub/pm/tools   [declared, not keyed on]
    temp          /tmp/nub-tmp-obsVQr34M
    npmPrefix     /home/runner/.cache/nub/pm/tools/npm-prefix
    ownPkg        /home/runner/v2-zth6f5/observe/node_modules/ttag-cli
  == WRITES the script actually performed ==
  == NETWORK ==
    AF_INET sockets: 0   distinct peers: 2
        127.0.0.53:53
        104.16.10.34:443
  == REFUSALS (only `= -1 EACCES/EPERM/EROFS`) ==
    distinct: 1
        openat /etc/bash_completion.d/ttag
  == SYNTHESIZED GRANT (verify this in the real unprivileged jail) ==
    {}
  == writePaths (DERIVED — promotion out of the package's PRIVATE home) ==
    private-home writes observed: 0
    none declared — the script wrote nothing into its private home — there is nothing to promote
  == writePaths FEASIBILITY (distinct writes outside project/deps) ==
    count: 0
    EVENTS    5156 distinct from 11454 calls (11849 lines, 372 rejoined, 0 unparsed)
    PROCS     20   lifecycle shells 8
    ⛔ 3 paths with an UNRESOLVED dirfd — kept, marked, never guessed
    unsubscribed/unmapped syscalls: setsockopt×23 getsockname×22 exit×15 getsockopt×9 recvmsg×7 getcwd×4 socketpair×3 shutdown×3
    wrote /home/runner/v2-zth6f5/observe/events.ndjson.gz (36454 bytes)
  EVENTLOG-FILE /home/runner/v2-zth6f5/observe/events.ndjson.gz
  EVENTLOG-STATS {"lines":11849,"parsed":11454,"unparsed":0,"unfinished":372,"rejoined":372,"unresolvedDirfd":3,"truncatedArg":0,"procs":20,"lifecyclePids":8,"distinctEvents":5156,"unknownSyscall":{"getsockname":22,"getsockopt":9,"getcwd":4,"recvmsg":7,"exit":15,"setsockopt":23,"sendmmsg":1,"socketpair":3,"shutdown":3,"exit_group":3,"wait4":3},"out":"/home/runner/v2-zth6f5/observe/events.ndjson.gz","gzipBytes":36454}
  EVICT     49 store entries removed, 5 spared as nub tooling
  SE-PURGE  0 side-effects-cache entries for ttag-cli
OSV-SCREEN {"schemaVersion":1,"kind":"nub-synth-resolved","status":"clean","digest":"e60a974cfd753c7bda0f431b0da99bf0b86437704ff3f2276f0d5052befea727","specCount":372,"lockfiles":{"digest":"be78bf2c4f139f96acaa7580b63549739d140b3899cbbec138b9f7938e5aa40d","files":[{"path":"nub.lock","sha256":"0c3e725a4321751833f45b505e625cd985816aed0d64d326f4d8c3317d3eaa1b","bytes":120588}]},"maliciousAdvisories":[],"screenedAt":"2026-09-10T00:27:07.557Z","cacheHit":false,"clearancePath":"/home/runner/v2-zth6f5/security/nub-synth-resolved.json"}
  SECURITY nub-synth-resolved clean: 372 exact package-version(s), tree e60a974cfd75
  VENUE-STORE-LAYOUT isolated
  VERIFY[synth] rc=0 artifacts=46/46 missing=0 shortfall=none (tree 41107/7872) OVERRIDDEN=2 REJECTED=0 grant={}
  => VERIFIED {}   (observed, then verified)
  DESCEND   grant is already empty — nothing to narrow; MINIMAL by construction.
