### netlify-cli@13.2.2   (/home/runner/v2-LfeiMt)
  CI-ENV scrubbed: CI GITHUB_ACTIONS
OSV-SCREEN {"schemaVersion":1,"kind":"direct","status":"clean","digest":"d2c7a30cca3d0e6b2913048a7f29a985a356518d8f194fb3f0032756ee568565","specCount":1,"lockfiles":{"digest":null,"files":[]},"maliciousAdvisories":[],"screenedAt":"2026-09-08T01:46:53.017Z","cacheHit":false,"clearancePath":"/home/runner/v2-LfeiMt/security/direct.json"}
  SECURITY direct clean: 1 exact package-version(s), tree d2c7a30cca3d
  VENUE-OBSERVE-USER {"uid":1001,"user":"runner","umask":"0022","capBnd":"000001ffffffffff","noNewPrivs":"0"}
  VENUE-NUB-BINARY {"path":"/tmp/nub/target/release/nub","sha256":"2a18683f50f7afeb02a521cd3cae175dc2f91780d461c5f012065241f5a1447b","bytes":207643464,"features":{"buildJailCatalogOverride":true,"pythonDontWriteBytecodeEnv":true}}
OSV-SCREEN {"schemaVersion":1,"kind":"npm-observe-resolved","status":"clean","digest":"e69bd07fd59d2553ebdac1835797c6462d98026127705478073d66f18668cc05","specCount":1634,"lockfiles":{"digest":"f4c546d16e17a2e175c03f8144cec76f4493389de038be64e1db506f410bb680","files":[{"path":"package-lock.json","sha256":"086809aa25e6f19756e21f65e0cfbef089da447255f95e0906ad182d47629c82","bytes":974585}]},"maliciousAdvisories":[],"screenedAt":"2026-09-08T01:47:14.421Z","cacheHit":false,"clearancePath":"/home/runner/v2-LfeiMt/security/npm-observe-resolved.json"}
  SECURITY npm-observe-resolved clean: 1634 exact package-version(s), tree e69bd07fd59d
  OBSERVE   rc=0 files=45019 trace=75270 lines
  CLOSURE   1 packages evicted per arm
  ARM-FALSIFIABILITY {"manifestFiles":348,"filesTheScriptProduced":0,"reasons":["gate-vacuous"]}
  ⛔ ARMS-UNFALSIFIABLE — a green arm for this package carries no evidence:
       gate-vacuous: the script changed no file the artifact gate keys on — every file in the manifest (348) was already present at its final size before the script ran, so the gate passes in every arm including a completely broken one
       The grant may still be correct; what is missing is a signal that could have gone
       red. Do not read this record's MINIMAL as a passing measurement.
  RAWLOG-FILE /home/runner/v2-LfeiMt/observe/trace.txt.gz
  RAWLOG-CAPTURE /home/runner/v2-LfeiMt/observe/capture.json
  RAWLOG-BYTES raw=16722948 gz=423948
  VENUE-INTERPRETER /opt/hostedtoolcache/node/22.23.2/x64
  VENUE-OVERRIDES {"set":{"HOME":"/home/runner/v2-LfeiMt/jailhome","TMPDIR":"/tmp/nub-tmp-obsXZoV8B","NODE_COMPAT":"1","PLAYWRIGHT_BROWSERS_PATH":"/home/runner/.cache/nub/pm/tools/ms-playwright","ELECTRON_CACHE":"/home/runner/.cache/nub/pm/tools/electron-cache","electron_config_cache":"/home/runner/.cache/nub/pm/tools/electron-cache","npm_config_prefix":"/home/runner/.cache/nub/pm/tools/npm-prefix","PYTHONDONTWRITEBYTECODE":"1","NUB_CACHE_DIR":"/home/runner/v2-LfeiMt/nubcache"},"unset":["CI","GITHUB_ACTIONS"],"passedThrough":{"CI":"true","GITHUB_ACTIONS":"true","NODE_ENV":null}}
  == ATTRIBUTION == attributed pids: 18
    writes  script 2  /  whole traced tree 1090
    sockets script 0  /  whole traced tree 4
  == ROOTS (from capture.json — R2: no ambient reads) ==
    project       /home/runner/v2-LfeiMt/observe
    home          /home/runner
    jailHome      /home/runner/v2-LfeiMt/jailhome
    globalStore   /home/runner/.cache/nub/pm/store   [declared, not keyed on]
    projectStore  /home/runner/v2-LfeiMt/observe/node_modules/.store   [declared, not keyed on]
    interpreter   /opt/hostedtoolcache/node/22.23.2/x64   [declared, not keyed on]
    toolsDir      /home/runner/.cache/nub/pm/tools   [declared, not keyed on]
    temp          /tmp/nub-tmp-obsXZoV8B
    npmPrefix     /home/runner/.cache/nub/pm/tools/npm-prefix
    ownPkg        /home/runner/v2-LfeiMt/observe/node_modules/netlify-cli
  == WRITES the script actually performed ==
    userHome      2
  == NETWORK ==
    AF_INET sockets: 0   distinct peers: 2
        127.0.0.53:53
        104.16.4.34:443
  == REFUSALS (only `= -1 EACCES/EPERM/EROFS`) ==
    distinct: 0
  == SYNTHESIZED GRANT (verify this in the real unprivileged jail) ==
    {"write":{"userHome":true}}
  == writePaths (DERIVED — promotion out of the package's PRIVATE home) ==
    private-home writes observed: 0
    none declared — the script wrote nothing into its private home — there is nothing to promote
    2 write(s) landed in the REAL home by absolute path, so promotion cannot reach them — nub moves OUT of the private home, and nothing of theirs is in it. Only `write:{userHome}` covers these; emitting `writePaths` instead would be an UNDER-GRANT.
  == writePaths FEASIBILITY (distinct writes outside project/deps) ==
    count: 2
        .config/netlify
        .config/netlify/autocompletion.json
    EVENTS    30683 distinct from 72070 calls (75271 lines, 3173 rejoined, 0 unparsed)
    PROCS     25   lifecycle shells 13
    ⛔ 3 paths with an UNRESOLVED dirfd — kept, marked, never guessed
    unsubscribed/unmapped syscalls: getcwd×336 getsockname×65 getsockopt×52 setsockopt×23 exit×20 recvmsg×7 socketpair×3 shutdown×3
    wrote /home/runner/v2-LfeiMt/observe/events.ndjson.gz (183695 bytes)
  EVENTLOG-FILE /home/runner/v2-LfeiMt/observe/events.ndjson.gz
  EVENTLOG-STATS {"lines":75271,"parsed":72070,"unparsed":0,"unfinished":3173,"rejoined":3173,"unresolvedDirfd":3,"truncatedArg":0,"procs":25,"lifecyclePids":13,"distinctEvents":30683,"unknownSyscall":{"getsockname":65,"getsockopt":52,"getcwd":336,"recvmsg":7,"exit":20,"setsockopt":23,"sendmmsg":1,"socketpair":3,"shutdown":3,"exit_group":3,"wait4":3},"out":"/home/runner/v2-LfeiMt/observe/events.ndjson.gz","gzipBytes":183695}
  EVICT     0 store entries removed, 0 spared as nub tooling
  SE-PURGE  0 side-effects-cache entries for netlify-cli
OSV-SCREEN {"schemaVersion":1,"kind":"nub-synth-resolved","status":"clean","digest":"78702a9b586f478f659dc26c06b681f79cd59dc0f5b96ad06b4a42df54ac2fa4","specCount":1195,"lockfiles":{"digest":"3c1b0f7cc2229776428de83010daf30e0d3f4ab710bd435af07f0e8a08254370","files":[{"path":"nub.lock","sha256":"c8a886b8d0a5d1afedeb5884f72d1179357b4d6d3a860c7dd2a1328ddd6e6a2c","bytes":358255}]},"maliciousAdvisories":[],"screenedAt":"2026-09-08T01:47:37.494Z","cacheHit":false,"clearancePath":"/home/runner/v2-LfeiMt/security/nub-synth-resolved.json"}
  SECURITY nub-synth-resolved clean: 1195 exact package-version(s), tree 78702a9b586f
  VENUE-STORE-LAYOUT isolated
  VERIFY[synth] rc=0 artifacts=348/348 missing=0 shortfall=none (tree 120131/45019) OVERRIDDEN=2 REJECTED=0 grant={"write":{"userHome":true}}
  => VERIFIED {"write":{"userHome":true}}   (observed, then verified)
  EVICT     1 store entries removed, 0 spared as nub tooling
  SE-PURGE  0 side-effects-cache entries for netlify-cli
OSV-SCREEN {"schemaVersion":1,"kind":"nub-drop-no-write-userHome-resolved","status":"clean","digest":"78702a9b586f478f659dc26c06b681f79cd59dc0f5b96ad06b4a42df54ac2fa4","specCount":1195,"lockfiles":{"digest":"3c1b0f7cc2229776428de83010daf30e0d3f4ab710bd435af07f0e8a08254370","files":[{"path":"nub.lock","sha256":"c8a886b8d0a5d1afedeb5884f72d1179357b4d6d3a860c7dd2a1328ddd6e6a2c","bytes":358255}]},"maliciousAdvisories":[],"screenedAt":"2026-09-08T01:47:37.494Z","cacheHit":true,"clearancePath":"/home/runner/v2-LfeiMt/security/nub-drop-no-write-userHome-resolved.json"}
  SECURITY nub-drop-no-write-userHome-resolved clean: 1195 exact package-version(s), tree 78702a9b586f (cached exact-tree clearance)
  VERIFY[drop-no-write-userHome] rc=0 artifacts=348/348 missing=0 shortfall=none (tree 120131/45019) OVERRIDDEN=2 REJECTED=0 grant={}
     ⛔ OVER-PREDICTED: dropping 'no-write-userHome' STILL VERIFIES — {} is sufficient
  => OVER-PREDICTED by: no-write-userHome  (synthesized {"write":{"userHome":true}}; each named capability drops on its own)
