OSV-SCREEN {"schemaVersion":1,"kind":"direct","status":"clean","digest":"9256fcfabf0fa1f42183d9658119b4417a352f37ec8b2d48ed2fb1b5695c7155","specCount":1,"lockfiles":{"digest":null,"files":[]},"maliciousAdvisories":[],"screenedAt":"2026-08-25T13:48:06.100Z","cacheHit":false,"clearancePath":"/Users/runner/v2m-3QgLml/security/direct.json"}
  SECURITY direct clean: 1 exact package-version(s), tree 9256fcfabf0f
  ERA-NODE PINNED 18.20.8 (provisioned) (arms will run: v18.20.8)
  ERA-PYTHON /Users/runner/hostedtoolcache/Python/3.9.13/arm64/bin/python (Python 3.9.13) for era Node 18, whose node-gyp requires python3
  ARM-MAKE /usr/bin/make (GNU Make 3.81) — the system make; a build needing GNU Make 4 WILL fail here
### saucectl@0.113.6   (/Users/runner/v2m-3QgLml)   nub=/tmp/nub/target/release/nub
  VENUE-NUB-BINARY {"path":"/tmp/nub/target/release/nub","sha256":"69e622342d0c8393c78fa50a01dc9cc0a94371ac9b106b59bdcc016f06d86d30","bytes":94535576,"features":{"buildJailCatalogOverride":true,"pythonDontWriteBytecodeEnv":true}}
  CI-ENV scrubbed: CI GITHUB_ACTIONS
  --- fbt preflight (advisory; never fails the run) ---
     csrutil: System Integrity Protection status: disabled.
     fbt probes visible: 93577
     fbt enable attempt: dtrace: description 'fbt:::entry ' matched 50357 probes CPU     ID                    FUNCTION:NAME 
     cwd builtin value:  
     fbt chdir symbols:  
     fbt fires on spawn-with-cwd: dtrace: invalid probe specifier fbt::chdir*:entry /progenyof($target)/ { @[probefunc] = count(); }: probe description fbt::chdir*:entry does not match any probes 
  --- end fbt preflight ---
  ERA-RESOLUTION DATED 2022-11-18T00:40:11.871Z (deps as of the package's own publish date + 1d)
OSV-SCREEN {"schemaVersion":1,"kind":"npm-observe-resolved","status":"clean","digest":"aa613f7b37f6ef7a23360d06046af2cc551beb5c5e6f13585d946e45c8cd8bc2","specCount":140,"lockfiles":{"digest":"3f9fd1fc153a3bcec965727dab749d718eac7add7f795ce8fb16e4c3f66cfcac","files":[{"path":"package-lock.json","sha256":"06acde244f8ab8f01e4f70174c3c130921467ab6f8517cb110cc32f300cbad27","bytes":58454}]},"maliciousAdvisories":[],"screenedAt":"2026-08-25T13:48:14.571Z","cacheHit":false,"clearancePath":"/Users/runner/v2m-3QgLml/security/npm-observe-resolved.json"}
  SECURITY npm-observe-resolved clean: 140 exact package-version(s), tree aa613f7b37f6
  ARM-PATH SANITISED (dropped 1: /Users/runner/.yarn/bin)
  ARM-AMBIENT-TOOLS none
  ARM-SCAFFOLD none
  ARM-UNPROVIDABLE none
  VENUE-CI-CHILD clean (no CI-detection variable reaches the traced script)
  --- wrapper (run.sh) ---
     cd "/Users/runner/v2m-3QgLml/Observe"
     sudo -u "runner" -H env "PATH=/Users/runner/v2m-3QgLml/Observe/node_modules/.bin:/Users/runner/.cache/nub/era-node/18.20.8/node-v18.20.8-darwin-arm64/bin:/Users/runner/hostedtoolcache/node/22.23.2/arm64/bin:/opt/homebrew/lib/ruby/gems/3.3.0/bin:/opt/homebrew/opt/ruby@3.3/bin:/Users/runner/.local/bin:/opt/homebrew/bin:/opt/homebrew/sbin:/Users/runner/.cargo/bin:/usr/local/opt/curl/bin:/usr/local/bin:/usr/local/sbin:/Users/runner/bin:/Users/runner/Library/Android/sdk/tools:/Users/runner/Library/Android/sdk/platform-tools:/Library/Frameworks/Python.framework/Versions/Current/bin:/Library/Frameworks/Mono.framework/Versions/Current/Commands:/usr/bin:/bin:/usr/sbin:/sbin:/Users/runner/.dotnet/tools"   "HOME=/Users/runner/v2m-3QgLml/jailhome"   "TMPDIR=/private/var/folders/_5/zjnzxgh147qcg3bb5cg2wvqw0000gn/T/nub-tmp-obskHYhYm"   "NODE_COMPAT=1"   "PYTHONDONTWRITEBYTECODE=1"   "PLAYWRIGHT_BROWSERS_PATH=/Users/runner/.cache/nub/pm/tools/ms-playwright"   "ELECTRON_CACHE=/Users/runner/.cache/nub/pm/tools/electron-cache"   "electron_config_cache=/Users/runner/.cache/nub/pm/tools/electron-cache"   "npm_config_prefix=/Users/runner/.cache/nub/pm/tools/npm-prefix"   PYTHON=/Users/runner/hostedtoolcache/Python/3.9.13/arm64/bin/python   "/Users/runner/hostedtoolcache/node/22.23.2/arm64/bin/npm" rebuild --no-audit --no-fund "saucectl" > "/Users/runner/v2m-3QgLml/Observe/npm.log" 2>&1
     echo $? > "/Users/runner/v2m-3QgLml/Observe/rc"
  --- dtrace stderr + wrapper trace ---
     + cd /Users/runner/v2m-3QgLml/Observe
     + sudo -u runner -H env PATH=/Users/runner/v2m-3QgLml/Observe/node_modules/.bin:/Users/runner/.cache/nub/era-node/18.20.8/node-v18.20.8-darwin-arm64/bin:/Users/runner/hostedtoolcache/node/22.23.2/arm64/bin:/opt/homebrew/lib/ruby/gems/3.3.0/bin:/opt/homebrew/opt/ruby@3.3/bin:/Users/runner/.local/bin:/opt/homebrew/bin:/opt/homebrew/sbin:/Users/runner/.cargo/bin:/usr/local/opt/curl/bin:/usr/local/bin:/usr/local/sbin:/Users/runner/bin:/Users/runner/Library/Android/sdk/tools:/Users/runner/Library/Android/sdk/platform-tools:/Library/Frameworks/Python.framework/Versions/Current/bin:/Library/Frameworks/Mono.framework/Versions/Current/Commands:/usr/bin:/bin:/usr/sbin:/sbin:/Users/runner/.dotnet/tools HOME=/Users/runner/v2m-3QgLml/jailhome TMPDIR=/private/var/folders/_5/zjnzxgh147qcg3bb5cg2wvqw0000gn/T/nub-tmp-obskHYhYm NODE_COMPAT=1 PYTHONDONTWRITEBYTECODE=1 PLAYWRIGHT_BROWSERS_PATH=/Users/runner/.cache/nub/pm/tools/ms-playwright ELECTRON_CACHE=/Users/runner/.cache/nub/pm/tools/electron-cache electron_config_cache=/Users/runner/.cache/nub/pm/tools/electron-cache npm_config_prefix=/Users/runner/.cache/nub/pm/tools/npm-prefix PYTHON=/Users/runner/hostedtoolcache/Python/3.9.13/arm64/bin/python /Users/runner/hostedtoolcache/node/22.23.2/arm64/bin/npm rebuild --no-audit --no-fund saucectl
     dtrace: error on enabled probe ID 128 (ID 286: syscall::execve:entry): invalid address (0x600000779050) in action #1 at DIF offset 20
     + echo 0
  OBSERVE   rc=0 dtrace_rc=0 files=771 (pre=767) trace=8789 lines
  CLOSURE   127 packages evicted per arm   store=/Users/runner/.cache/nub/pm/store
  RAWLOG-FILE /Users/runner/v2m-3QgLml/Observe/trace.txt.gz
  RAWLOG-CAPTURE /Users/runner/v2m-3QgLml/Observe/capture.json
  RAWLOG-BYTES raw=1328938 gz=49625
  VENUE-INTERPRETER /Users/runner/hostedtoolcache/node/22.23.2/arm64
  VENUE-NODE-SELECTION {"pkg":"saucectl","packageVersion":"0.113.6","major":18,"version":"18.20.8","npm":"10.8.2","pinnable":true,"engines":null,"publishedAt":"2022-11-17T00:40:11.871Z","eraMajor":18,"startMajor":18,"raisedByEngines":false,"enginesUnsatisfiable":false,"clampedToFloor":false,"clampedToCeiling":false,"matrixFloor":4,"matrixCeiling":26,"lookupFailure":null,"pinned":true,"pinnedBin":"/Users/runner/.cache/nub/era-node/18.20.8/node-v18.20.8-darwin-arm64/bin","eraNodeRoot":"/Users/runner/.cache/nub"}
  VENUE-OVERRIDES {"set":{"PATH":"inherited-and-forwarded","HOME":"/Users/runner/v2m-3QgLml/jailhome","TMPDIR":"/private/var/folders/_5/zjnzxgh147qcg3bb5cg2wvqw0000gn/T/nub-tmp-obskHYhYm","NODE_COMPAT":"1","PYTHONDONTWRITEBYTECODE":"1","PLAYWRIGHT_BROWSERS_PATH":"/Users/runner/.cache/nub/pm/tools/ms-playwright","ELECTRON_CACHE":"/Users/runner/.cache/nub/pm/tools/electron-cache","electron_config_cache":"/Users/runner/.cache/nub/pm/tools/electron-cache","npm_config_prefix":"/Users/runner/.cache/nub/pm/tools/npm-prefix"},"unset":["(sudo env_reset discards the caller environment; every var above is re-set after it)","CI","GITHUB_ACTIONS"],"passedThrough":{"CI":"true","GITHUB_ACTIONS":"true","NODE_ENV":null}}
  VENUE-OBSERVE-USER runner uid=501 (R7: ordinary non-root user, asserted)
  ARM-FALSIFIABILITY {"manifestFiles":8,"filesTheScriptProduced":2,"reasons":[]}
  EVENTLOG-FILE /Users/runner/v2m-3QgLml/Observe/events.ndjson.gz
  EVENTLOG-STATS {"lines":8790,"parsed":8770,"unparsed":0,"live":true,"tracerErrors":1,"tracerErrorTotal":1,"unresolvedDirfd":27,"unresolvedFd":0,"pairedTwoPath":0,"danglingPair":0,"failed":3469,"enoent":3463,"refusals":0,"byErrno":{"ENXIO":3,"ENOENT":3463,"EEXIST":3},"procs":7,"lifecyclePids":1,"distinctEvents":5799,"emitted":5799,"calls":8755,"bytes":957236,"gzipBytes":31761,"out":"/Users/runner/v2m-3QgLml/Observe/events.ndjson"}
  == TRACER == live=true decodable-events=1619 dropped-events=1
    NOTE 18 relative path(s) under a non-AT_FDCWD dirfd were not
       scope-assigned: resolving them against the cwd would invent a path.
    ⛔ CWD-UNOBSERVED 2 relative path(s) (0 write(s)) came from a lifecycle
       process whose own cwd was never observed
       macOS spawns with posix_spawn addchdir_np, which changes directory in-kernel and
       emits no chdir syscall, so the inherited cwd cannot be trusted. These are NOT
       scope-assigned; the grant below is WIDENED instead so it covers wherever they landed.
         pid=66215 read  unproven .
         pid=66215 read  unproven .
    ⛔ THE TRACER DROPPED 1 EVENT(S). A dropped event is a path never
       seen, so the grant below can only be too NARROW — the direction that breaks installs.
       Treat it as a FLOOR, not a measurement, until the adapter fault is fixed:
             1 x  epid=128 action=1 fault=1 addr=0x600000779050
  == ATTRIBUTION == lifecycle pids: 1
    writes  script 4  /  whole traced subtree 10
    sockets script 2  /  whole traced subtree 3
  == ROOTS (from /Users/runner/v2m-3QgLml/Observe/capture.json; the classifier reads no other source) ==
    project       /Users/runner/v2m-3QgLml/Observe
    home          /Users/runner
    jailHome      /Users/runner/v2m-3QgLml/jailhome
    globalStore   /Users/runner/.cache/nub/pm/store
    projectStore  /Users/runner/v2m-3QgLml/Observe/node_modules/.store
    interpreter   /Users/runner/hostedtoolcache/node/22.23.2/arm64
    toolsDir      /Users/runner/.cache/nub/pm/tools
    temp          /private/var/folders/_5/zjnzxgh147qcg3bb5cg2wvqw0000gn/T/nub-tmp-obskHYhYm
    npmPrefix     /Users/runner/.cache/nub/pm/tools/npm-prefix
    ownPkg        /Users/runner/v2m-3QgLml/Observe/node_modules/saucectl
    cwd           (null — this platform has no such root)
  == WRITES the script actually performed ==
    systemfs      1
        /dev/dtracehelper
    ownPkg        3  (base profile already grants this — NOT billed)
        /Users/runner/v2m-3QgLml/Observe/node_modules/saucectl/bin
        /Users/runner/v2m-3QgLml/Observe/node_modules/saucectl/bin/LICENSE
        /Users/runner/v2m-3QgLml/Observe/node_modules/saucectl/bin/saucectl
  == READS the script performed, by scope ==
    outside       6
    systemfs     10
    userHome      2
    ownPkg        6
    deps        323
        outside: /
        outside: /bin/bash
        outside: /bin
        outside: /var/db/timezone/zoneinfo/UTC
        outside: /var/db/timezone/zoneinfo/posixrules
        outside: /etc/localtime
  == NETWORK ==
    AF_INET connects: 2   distinct peers: 2
        172.182.252.133:443
        185.199.111.133:443
  == REFUSALS (errno EPERM/EACCES/EROFS only; ENOENT is a miss, not a denial) ==
    distinct: 0
  == SYNTHESIZED GRANT (verify this in the real unprivileged jail) ==
    {"network":true}
  == writePaths (DERIVED — promotion out of the package's PRIVATE home) ==
    private-home writes observed: 0
    none declared — the script wrote nothing into its private home — there is nothing to promote
  == writePaths FEASIBILITY (distinct writes outside project/deps) ==
    count: 0
  EVICT[synth] 66 store entries removed, 5 spared as nub tooling, 183 in store
OSV-SCREEN {"schemaVersion":1,"kind":"nub-synth-resolved","status":"clean","digest":"1b57300afc7662c67901599e19259e6bdc2417c77b67c5799956356dc1221b88","specCount":170,"lockfiles":{"digest":"dfd672bfe8d8e4c88f6ea90f02c2502d9abb75791b9bf8ea9942df69a31ca488","files":[{"path":"nub.lock","sha256":"8373371bb1d53cb4e40e77f7cd85369912b12c8a9e87bdb5cbc3f953ff3f2233","bytes":40155}]},"maliciousAdvisories":[],"screenedAt":"2026-08-25T13:48:20.966Z","cacheHit":false,"clearancePath":"/Users/runner/v2m-3QgLml/security/nub-synth-resolved.json"}
  SECURITY nub-synth-resolved clean: 170 exact package-version(s), tree 1b57300afc76
  VENUE-STORE-LAYOUT isolated
  VERIFY[synth] rc=0 artifacts=8/8 missing=0 shortfall=none (tree 4358/771) OVERRIDDEN=3 REJECTED=0 grant={"network":true}
  => VERIFIED {"network":true}
  EVICT[nar-no-network] 140 store entries removed, 5 spared as nub tooling, 261 in store
OSV-SCREEN {"schemaVersion":1,"kind":"nub-nar-no-network-resolved","status":"clean","digest":"1b57300afc7662c67901599e19259e6bdc2417c77b67c5799956356dc1221b88","specCount":170,"lockfiles":{"digest":"dfd672bfe8d8e4c88f6ea90f02c2502d9abb75791b9bf8ea9942df69a31ca488","files":[{"path":"nub.lock","sha256":"8373371bb1d53cb4e40e77f7cd85369912b12c8a9e87bdb5cbc3f953ff3f2233","bytes":40155}]},"maliciousAdvisories":[],"screenedAt":"2026-08-25T13:48:20.966Z","cacheHit":true,"clearancePath":"/Users/runner/v2m-3QgLml/security/nub-nar-no-network-resolved.json"}
  SECURITY nub-nar-no-network-resolved clean: 170 exact package-version(s), tree 1b57300afc76 (cached exact-tree clearance)
  VERIFY[nar-no-network] rc=1 artifacts=6/8 missing=2 shortfall=e4e32fdf5a57 (tree 4353/771) OVERRIDDEN=3 REJECTED=0 grant={}
       missing: bin/LICENSE, bin/saucectl
     [nar-no-network/i] Installation failed: RequestError: getaddrinfo ENOTFOUND github.com
     [nar-no-network/a] Installation failed: RequestError: getaddrinfo ENOTFOUND github.com
     narrowing 'no-network' fails ⇒ that capability IS necessary
  => MINIMAL — every capability in {"network":true} is independently necessary
### DONE saucectl@0.113.6  synthesized={"network":true} verified=1
