### msw@1.3.5   (D:\jail\m-msw-mtrjpu4w)
  CI-ENV scrubbed: CI GITHUB_ACTIONS
OSV-SCREEN {"schemaVersion":1,"kind":"direct","status":"clean","digest":"3c557d183ff725511a3375e66740b20a2fa75fed3f0b80c8241c9399c63fcd96","specCount":1,"lockfiles":{"digest":null,"files":[]},"maliciousAdvisories":[],"screenedAt":"2026-09-07T18:00:03.055Z","cacheHit":false,"clearancePath":"D:\\jail\\m-msw-mtrjpu4w\\security\\direct.json"}
  SECURITY direct clean: 1 exact package-version(s), tree 3c557d183ff7
OSV-SCREEN {"schemaVersion":1,"kind":"npm-observe-resolved","status":"clean","digest":"97c7c7e7eb609d4f517a56e114d5b7a1a950f8db46a910c59105493bc9b8b637","specCount":134,"lockfiles":{"digest":"0a0386852c9e0597fd4a7c391e2b22ac3bcf11af60c4df6f3358bf86b39bb06d","files":[{"path":"package-lock.json","sha256":"48f003a1b7902eb2a7d2115e6d8ea27fdf6c0baa4479a52d279e5b2c74937179","bytes":58730}]},"maliciousAdvisories":[],"screenedAt":"2026-09-07T18:00:13.884Z","cacheHit":false,"clearancePath":"D:\\jail\\m-msw-mtrjpu4w\\security\\npm-observe-resolved.json"}
  SECURITY npm-observe-resolved clean: 134 exact package-version(s), tree 97c7c7e7eb60
  CAPTURE user=runnervmeef0v\runneradmin elevated=True rootPid=7152 exit=0 events=21961 lost=0
  VENUE-OBSERVE-USER runnervmeef0v\runneradmin elevated=true privDropped={"SeBackupPrivilege":"removed","SeRestorePrivilege":"removed","SeTakeOwnershipPrivilege":"removed"}
  OBSERVE artifacts: 26 files  (D:\jail\m-msw-mtrjpu4w\observe\node_modules\msw)
  ARM-FALSIFIABILITY {"manifestFiles":26,"filesTheScriptProduced":0,"reasons":["gate-vacuous"]}
  ⛔ ARMS-UNFALSIFIABLE — a green arm for this package carries no evidence:
       gate-vacuous: the script changed no file the artifact gate keys on — every file in the manifest (26) was already present at its final size before the script ran, so the gate passes in every arm including a completely broken one
       The grant may still be correct; what is missing is a signal that could have gone
       red. Do not read this record's MINIMAL as a passing measurement.
  CLOSURE 131 packages evicted per arm
  8.3 MAP 0 components resolved on runnervmeef0v, folded into capture.json
  == ROOTS (from capture.json — R2: no ambient reads) ==
    project       D:\jail\m-msw-mtrjpu4w\observe   [keyed on]
    home          C:\Users\runneradmin   [keyed on]
    jailHome      (null — declared inapplicable)
    globalStore   C:\Users\runneradmin\AppData\Local\nub\pm\store
    projectStore  D:\jail\m-msw-mtrjpu4w\observe\node_modules\.store
    interpreter   C:\hostedtoolcache\windows\node\22.23.2\x64\node.exe
    toolsDir      C:\Users\runneradmin\AppData\Local\nub\pm\tools
    temp          D:\jail\m-msw-mtrjpu4w\tmp   [keyed on]
    npmPrefix     (null — declared inapplicable)
    ownPkg        D:\jail\m-msw-mtrjpu4w\observe\node_modules\msw
  == ATTRIBUTION == lifecycle pids: 2 (root 7152)
    writes  script 0  /  whole traced tree 11
    peers   script 0  /  whole traced tree 0
  == WRITES ==
  == READS ==
    deps          5
    outside       6
    project       2
    systemfs     23
  == NETWORK ==
    distinct peers: 0
  == REFUSALS (adapter-classified) ==
    distinct: 0
  == SYNTHESIZED GRANT (verify this in the real unprivileged jail) ==
    {}
  RAW       etw-raw.xml.gz  28011105 B xml -> 405580 B gz (69.1x)  sha256 57c4b71d288426f3…
  HEADER    etw-header.json (5016 bytes)
  DERIVED   5422 distinct from 6589 kept ops (21961 xml events, 1642 out of subtree)
  PROCS     4   thread-reattributed 0
  ⛔ 1 operations with NO OperationEnd — kept, status marked unknown
  8.3       0 expanded, 0 kept short, 0 not covered  [map: recorded 8.3 map (0 components, resolved on runnervmeef0v)]
  wrote events.ndjson.gz (69068 bytes)
  RAWLOG-CAPTURE D:\jail\m-msw-mtrjpu4w\cap\capture.json
  VENUE-NUB-BINARY {"path":"C:/Users/RUNNER~1/AppData/Local/Temp/nub/target/release/nub.exe","sha256":"f186817a44be332fee712b4936a071a0b5f9cde18a1d2fdc3a791729d4bf1005","bytes":68717056,"features":{"buildJailCatalogOverride":true,"pythonDontWriteBytecodeEnv":true}}
  VENUE-INTERPRETER C:\hostedtoolcache\windows\node\22.23.2\x64\node.exe
  VENUE-JAIL-ROOT D:\jail\m-msw-mtrjpu4w
  VENUE-OVERRIDES {"set":{"npm_config_cache":"D:\\jail\\m-msw-mtrjpu4w\\npm-cache","TMP":"D:\\jail\\m-msw-mtrjpu4w\\tmp","TEMP":"D:\\jail\\m-msw-mtrjpu4w\\tmp","TMPDIR":"D:\\jail\\m-msw-mtrjpu4w\\tmp"},"unset":["CI","GITHUB_ACTIONS"],"notRedirected":{"USERPROFILE":"C:\\Users\\runneradmin","why":"the jail leaves HOME/USERPROFILE alone — `build_jail.rs` sandbox_homes() reads the ambient value and `compiler/defaults.rs` BASELINE_ENV_EXACT passes it through — so there is no private jail home to reproduce and redirecting one would measure an environment no confined script sees"},"passedThrough":{"CI":"true","GITHUB_ACTIONS":"true","NODE_ENV":null}}
  STORE   isolated virtual store at D:\jail\m-msw-mtrjpu4w\verify-synth\.cache
  VENUE-STORE-LAYOUT isolated
OSV-SCREEN {"schemaVersion":1,"kind":"nub-synth-resolved","status":"clean","digest":"0e698232109f01b510525a4292c475357d8236d3af38f018910abd1e36265b3d","specCount":134,"lockfiles":{"digest":"b331f7b2ba49fe7460a6deb3118fc9dbe14ddc2dac706ec4ed09f6fe0060a0a2","files":[{"path":"nub.lock","sha256":"8fa5fe86ebb282e91931b09f3a1c73f07118569f1b29f53f8ab44ca21f5fe356","bytes":33190}]},"maliciousAdvisories":[],"screenedAt":"2026-09-07T18:00:29.679Z","cacheHit":false,"clearancePath":"D:\\jail\\m-msw-mtrjpu4w\\security\\nub-synth-resolved.json"}
  SECURITY nub-synth-resolved clean: 134 exact package-version(s), tree 0e698232109f
  VERIFY[synth] rc=0 artifacts=26/26 missing=0 shortfall=none (tree 12118/5840) OVERRIDDEN=2 REJECTED=0 grant={}
  => MINIMUM {}   (observed, then verified)
  DESCEND   grant is already empty — nothing to narrow; MINIMAL by construction.
