OSV-SCREEN {"schemaVersion":1,"kind":"direct","status":"clean","digest":"f10e60ba6b18e6e33cb70dd5eccb53fecb266784ca238263f2a6025d089e6868","specCount":1,"lockfiles":{"digest":null,"files":[]},"maliciousAdvisories":[],"screenedAt":"2026-09-08T06:21:00.839Z","cacheHit":false,"clearancePath":"/Users/runner/v2m-sGJHtb/security/direct.json"}
  SECURITY direct clean: 1 exact package-version(s), tree f10e60ba6b18
### ant-design-vue@1.7.8   (/Users/runner/v2m-sGJHtb)   nub=/tmp/nub/target/release/nub
  VENUE-NUB-BINARY {"path":"/tmp/nub/target/release/nub","sha256":"f923f9d246b7061a3e88675efb7b4fdcda741d02368002ce6e7f7044b01e7bbe","bytes":93818888,"features":{"buildJailCatalogOverride":true,"pythonDontWriteBytecodeEnv":true}}
  CI-ENV scrubbed: CI GITHUB_ACTIONS
  --- fbt preflight (advisory; never fails the run) ---
     csrutil: System Integrity Protection status: disabled.
     fbt probes visible: 93591
     fbt enable attempt: dtrace: description 'fbt:::entry ' matched 50364 probes CPU     ID                    FUNCTION:NAME 
     cwd builtin value:  
     fbt chdir symbols:  
     fbt fires on spawn-with-cwd: dtrace: invalid probe specifier fbt::chdir*:entry /progenyof($target)/ { @[probefunc] = count(); }: probe description fbt::chdir*:entry does not match any probes 
  --- end fbt preflight ---
OSV-SCREEN {"schemaVersion":1,"kind":"npm-observe-resolved","status":"clean","digest":"d1f659313a0433681fcd19cfea07c3d5bd00e99fb17bf3915d6787430078206d","specCount":60,"lockfiles":{"digest":"4a8abd91357211df3f1bd724c2e8a1737a92ea77b90dda93928d116cca35a9ad","files":[{"path":"package-lock.json","sha256":"d83254c3ad0d14cde9019aea6cc025271dd20011bd6bdf7e0545c4247e7213ab","bytes":23816}]},"maliciousAdvisories":[],"screenedAt":"2026-09-08T06:21:15.158Z","cacheHit":false,"clearancePath":"/Users/runner/v2m-sGJHtb/security/npm-observe-resolved.json"}
  SECURITY npm-observe-resolved clean: 60 exact package-version(s), tree d1f659313a04
  VENUE-CI-CHILD clean (no CI-detection variable reaches the traced script)
  --- wrapper (run.sh) ---
     cd "/Users/runner/v2m-sGJHtb/Observe"
     sudo -u "runner" -H env "PATH=$PATH"   "HOME=/Users/runner/v2m-sGJHtb/jailhome"   "TMPDIR=/private/var/folders/bl/vzjcvbz95c3dk19cb0fw46180000gn/T/nub-tmp-obsGP1j2F"   "NODE_COMPAT=1"   "PYTHONDONTWRITEBYTECODE=1"   "PLAYWRIGHT_BROWSERS_PATH=/Users/runner/.cache/nub/pm/tools/ms-playwright"   "ELECTRON_CACHE=/Users/runner/.cache/nub/pm/tools/electron-cache"   "electron_config_cache=/Users/runner/.cache/nub/pm/tools/electron-cache"   "npm_config_prefix=/Users/runner/.cache/nub/pm/tools/npm-prefix"   "/Users/runner/hostedtoolcache/node/22.23.2/arm64/bin/npm" rebuild --no-audit --no-fund "ant-design-vue" > "/Users/runner/v2m-sGJHtb/Observe/npm.log" 2>&1
     echo $? > "/Users/runner/v2m-sGJHtb/Observe/rc"
  --- dtrace stderr + wrapper trace ---
     + cd /Users/runner/v2m-sGJHtb/Observe
     + sudo -u runner -H env PATH=/Users/runner/hostedtoolcache/node/22.23.2/arm64/bin:/opt/homebrew/lib/ruby/gems/3.3.0/bin:/opt/homebrew/opt/ruby@3.3/bin:/Users/runner/.local/bin:/opt/homebrew/bin:/opt/homebrew/sbin:/Users/runner/.cargo/bin:/usr/local/opt/curl/bin:/usr/local/bin:/usr/local/sbin:/Users/runner/bin:/Users/runner/.yarn/bin:/Users/runner/Library/Android/sdk/tools:/Users/runner/Library/Android/sdk/platform-tools:/Library/Frameworks/Python.framework/Versions/Current/bin:/Library/Frameworks/Mono.framework/Versions/Current/Commands:/usr/bin:/bin:/usr/sbin:/sbin:/Users/runner/.dotnet/tools HOME=/Users/runner/v2m-sGJHtb/jailhome TMPDIR=/private/var/folders/bl/vzjcvbz95c3dk19cb0fw46180000gn/T/nub-tmp-obsGP1j2F NODE_COMPAT=1 PYTHONDONTWRITEBYTECODE=1 PLAYWRIGHT_BROWSERS_PATH=/Users/runner/.cache/nub/pm/tools/ms-playwright ELECTRON_CACHE=/Users/runner/.cache/nub/pm/tools/electron-cache electron_config_cache=/Users/runner/.cache/nub/pm/tools/electron-cache npm_config_prefix=/Users/runner/.cache/nub/pm/tools/npm-prefix /Users/runner/hostedtoolcache/node/22.23.2/arm64/bin/npm rebuild --no-audit --no-fund ant-design-vue
     dtrace: error on enabled probe ID 128 (ID 286: syscall::execve:entry): invalid address (0x600003bc8000) in action #1 at DIF offset 20
     + echo 0
  OBSERVE   rc=0 dtrace_rc=0 files=13582 (pre=13580) trace=12362 lines
  CLOSURE   59 packages evicted per arm   store=/Users/runner/.cache/nub/pm/store
  RAWLOG-FILE /Users/runner/v2m-sGJHtb/Observe/trace.txt.gz
  RAWLOG-CAPTURE /Users/runner/v2m-sGJHtb/Observe/capture.json
  RAWLOG-BYTES raw=2126870 gz=67120
  VENUE-INTERPRETER /Users/runner/hostedtoolcache/node/22.23.2/arm64
  VENUE-OVERRIDES {"set":{"PATH":"inherited-and-forwarded","HOME":"/Users/runner/v2m-sGJHtb/jailhome","TMPDIR":"/private/var/folders/bl/vzjcvbz95c3dk19cb0fw46180000gn/T/nub-tmp-obsGP1j2F","NODE_COMPAT":"1","PYTHONDONTWRITEBYTECODE":"1","PLAYWRIGHT_BROWSERS_PATH":"/Users/runner/.cache/nub/pm/tools/ms-playwright","ELECTRON_CACHE":"/Users/runner/.cache/nub/pm/tools/electron-cache","electron_config_cache":"/Users/runner/.cache/nub/pm/tools/electron-cache","npm_config_prefix":"/Users/runner/.cache/nub/pm/tools/npm-prefix"},"unset":["(sudo env_reset discards the caller environment; every var above is re-set after it)","CI","GITHUB_ACTIONS"],"passedThrough":{"CI":"true","GITHUB_ACTIONS":"true","NODE_ENV":null}}
  VENUE-OBSERVE-USER runner uid=501 (R7: ordinary non-root user, asserted)
  ARM-FALSIFIABILITY {"manifestFiles":2604,"filesTheScriptProduced":0,"reasons":["gate-vacuous"]}
  ⛔ ARMS-UNFALSIFIABLE — a green arm for this package carries no evidence:
       gate-vacuous: the script changed no file the artifact gate keys on — every file in the manifest (2604) was already present at its final size before the script ran, so the gate passes in every arm including a completely broken one
       The grant may still be correct; what is missing is a signal that could have gone
       red. Do not read this record's MINIMAL as a passing measurement.
  EVENTLOG-FILE /Users/runner/v2m-sGJHtb/Observe/events.ndjson.gz
  EVENTLOG-STATS {"lines":12363,"parsed":12345,"unparsed":0,"live":true,"tracerErrors":1,"tracerErrorTotal":1,"unresolvedDirfd":21,"unresolvedFd":0,"pairedTwoPath":541,"danglingPair":0,"failed":4676,"enoent":4673,"refusals":0,"byErrno":{"ENXIO":3,"ENOENT":4673},"procs":6,"lifecyclePids":1,"distinctEvents":5645,"emitted":5645,"calls":11792,"bytes":1142266,"gzipBytes":38616,"out":"/Users/runner/v2m-sGJHtb/Observe/events.ndjson"}
  == TRACER == live=true decodable-events=3234 dropped-events=1
    NOTE 14 relative path(s) under a non-AT_FDCWD dirfd were not
       scope-assigned: resolving them against the cwd would invent a path.
    ⛔ CWD-UNOBSERVED 2 relative path(s) (0 write(s)) came from a lifecycle
       process whose own cwd was never observed
       macOS spawns with posix_spawn addchdir_np, which changes directory in-kernel and
       emits no chdir syscall, so the inherited cwd cannot be trusted. These are NOT
       scope-assigned; the grant below is WIDENED instead so it covers wherever they landed.
         pid=15031 read  unproven .
         pid=15032 read  unproven .
    ⛔ THE TRACER DROPPED 1 EVENT(S). A dropped event is a path never
       seen, so the grant below can only be too NARROW — the direction that breaks installs.
       Treat it as a FLOOR, not a measurement, until the adapter fault is fixed:
             1 x  epid=128 action=1 fault=1 addr=0x600003bc8000
  == ATTRIBUTION == lifecycle pids: 1
    writes  script 1  /  whole traced subtree 1091
    sockets script 0  /  whole traced subtree 1
  == ROOTS (from /Users/runner/v2m-sGJHtb/Observe/capture.json; the classifier reads no other source) ==
    project       /Users/runner/v2m-sGJHtb/Observe
    home          /Users/runner
    jailHome      /Users/runner/v2m-sGJHtb/jailhome
    globalStore   /Users/runner/.cache/nub/pm/store
    projectStore  /Users/runner/v2m-sGJHtb/Observe/node_modules/.store
    interpreter   /Users/runner/hostedtoolcache/node/22.23.2/arm64
    toolsDir      /Users/runner/.cache/nub/pm/tools
    temp          /private/var/folders/bl/vzjcvbz95c3dk19cb0fw46180000gn/T/nub-tmp-obsGP1j2F
    npmPrefix     /Users/runner/.cache/nub/pm/tools/npm-prefix
    ownPkg        /Users/runner/v2m-sGJHtb/Observe/node_modules/ant-design-vue
    cwd           (null — this platform has no such root)
  == WRITES the script actually performed ==
    systemfs      1
        /dev/dtracehelper
  == READS the script performed, by scope ==
    outside       3
    systemfs      8
    userHome      2
    ownPkg        2
    deps         58
        outside: /
        outside: /bin/bash
        outside: /bin
  == NETWORK ==
    AF_INET connects: 0   distinct peers: 0
  == REFUSALS (errno EPERM/EACCES/EROFS only; ENOENT is a miss, not a denial) ==
    distinct: 0
  == SYNTHESIZED GRANT (verify this in the real unprivileged jail) ==
    {}
  == writePaths (DERIVED — promotion out of the package's PRIVATE home) ==
    private-home writes observed: 0
    none declared — the script wrote nothing into its private home — there is nothing to promote
  == writePaths FEASIBILITY (distinct writes outside project/deps) ==
    count: 0
  scaffold: 1 dependency package(s) with lifecycle scripts granted a fixed wide grant
  EVICT[synth] 4 store entries removed, 0 spared as nub tooling, 166 in store
OSV-SCREEN {"schemaVersion":1,"kind":"nub-synth-resolved","status":"clean","digest":"d1f659313a0433681fcd19cfea07c3d5bd00e99fb17bf3915d6787430078206d","specCount":60,"lockfiles":{"digest":"5956152e98689d0e880993b6d24d304c49f4c19641094373e53a2cd2c1fcb95b","files":[{"path":"nub.lock","sha256":"8585a06063ecab9627961638f302e0052d1947027795a6ca4ac00a5fdaaa8bd2","bytes":14324}]},"maliciousAdvisories":[],"screenedAt":"2026-09-08T06:21:15.158Z","cacheHit":true,"clearancePath":"/Users/runner/v2m-sGJHtb/security/nub-synth-resolved.json"}
  SECURITY nub-synth-resolved clean: 60 exact package-version(s), tree d1f659313a04 (cached exact-tree clearance)
  VENUE-STORE-LAYOUT isolated
  VERIFY[synth] rc=0 artifacts=2604/2604 missing=0 shortfall=none (tree 41702/13582) OVERRIDDEN=3 REJECTED=0 grant={}
  => VERIFIED {}
  NARROW    no capability to drop — the grant is already empty; over-prediction is 0 by construction
### DONE ant-design-vue@1.7.8  synthesized={} verified=1
