### husky@9.1.7   (D:\jail\m-husky-mtuyzbvv)
  CI-ENV scrubbed: CI GITHUB_ACTIONS
OSV-SCREEN {"schemaVersion":1,"kind":"direct","status":"clean","digest":"48d0d9a0f958d350acbcd9da446f1f6d9d8710a39eeda97c2a9ec91a26f99bef","specCount":1,"lockfiles":{"digest":null,"files":[]},"maliciousAdvisories":[],"screenedAt":"2026-09-10T03:30:38.686Z","cacheHit":false,"clearancePath":"D:\\jail\\m-husky-mtuyzbvv\\security\\direct.json"}
  SECURITY direct clean: 1 exact package-version(s), tree 48d0d9a0f958
OSV-SCREEN {"schemaVersion":1,"kind":"npm-observe-resolved","status":"clean","digest":"48d0d9a0f958d350acbcd9da446f1f6d9d8710a39eeda97c2a9ec91a26f99bef","specCount":1,"lockfiles":{"digest":"61b7fb1ae4e0ac6b091efb36d27fc60d8b6541ad7fc7a70e633f6173a16fd78a","files":[{"path":"package-lock.json","sha256":"40387cf07fc74a92d268aec9bc40a958da5e88264b0a6d5f0ff11555d9106db4","bytes":681}]},"maliciousAdvisories":[],"screenedAt":"2026-09-10T03:30:38.686Z","cacheHit":true,"clearancePath":"D:\\jail\\m-husky-mtuyzbvv\\security\\npm-observe-resolved.json"}
  SECURITY npm-observe-resolved clean: 1 exact package-version(s), tree 48d0d9a0f958 (cached exact-tree clearance)
  CAPTURE user=runnervmeef0v\runneradmin elevated=True rootPid=6800 exit=0 events=40639 lost=0
  VENUE-OBSERVE-USER runnervmeef0v\runneradmin elevated=true privDropped={"SeBackupPrivilege":"removed","SeRestorePrivilege":"removed","SeTakeOwnershipPrivilege":"removed"}
  OBSERVE artifacts: 7 files  (D:\jail\m-husky-mtuyzbvv\observe\node_modules\husky)
  ARM-FALSIFIABILITY {"manifestFiles":7,"filesTheScriptProduced":0,"reasons":["gate-vacuous"]}
  ⛔ ARMS-UNFALSIFIABLE — a green arm for this package carries no evidence:
       gate-vacuous: the script changed no file the artifact gate keys on — every file in the manifest (7) was already present at its final size before the script ran, so the gate passes in every arm including a completely broken one
       The grant may still be correct; what is missing is a signal that could have gone
       red. Do not read this record's MINIMAL as a passing measurement.
  CLOSURE 1 packages evicted per arm
  8.3 MAP 0 components resolved on runnervmeef0v, folded into capture.json
  == ROOTS (from capture.json — R2: no ambient reads) ==
    project       D:\jail\m-husky-mtuyzbvv\observe   [keyed on]
    home          C:\Users\runneradmin   [keyed on]
    jailHome      (null — declared inapplicable)
    globalStore   C:\Users\runneradmin\AppData\Local\nub\pm\store
    projectStore  D:\jail\m-husky-mtuyzbvv\observe\node_modules\.store
    interpreter   C:\hostedtoolcache\windows\node\22.23.2\x64\node.exe
    toolsDir      C:\Users\runneradmin\AppData\Local\nub\pm\tools
    temp          D:\jail\m-husky-mtuyzbvv\tmp   [keyed on]
    npmPrefix     (null — declared inapplicable)
    ownPkg        D:\jail\m-husky-mtuyzbvv\observe\node_modules\husky
  == ATTRIBUTION == lifecycle pids: 0 (root 6800)
    writes  script 0  /  whole traced tree 11
    peers   script 0  /  whole traced tree 0
    !! NO LIFECYCLE SHELL FOUND -- the subtree filter matched nothing, so the grant
       below is EMPTY BY DEFAULT rather than by measurement. Treat it as UNKNOWN.
  == WRITES ==
  == READS ==
  == NETWORK ==
    distinct peers: 0
  == REFUSALS (adapter-classified) ==
    distinct: 0
  == SYNTHESIZED GRANT (verify this in the real unprivileged jail) ==
    {}
  RAW       etw-raw.xml.gz  51914710 B xml -> 782632 B gz (66.3x)  sha256 5d7eb5419f722ec1…
  HEADER    etw-header.json (5031 bytes)
  DERIVED   5097 distinct from 6165 kept ops (40639 xml events, 9717 out of subtree)
  PROCS     2   thread-reattributed 0
  ⛔ 1 operations with NO OperationEnd — kept, status marked unknown
  8.3       0 expanded, 0 kept short, 0 not covered  [map: recorded 8.3 map (0 components, resolved on runnervmeef0v)]
  wrote events.ndjson.gz (63915 bytes)
  RAWLOG-CAPTURE D:\jail\m-husky-mtuyzbvv\cap\capture.json
  VENUE-NUB-BINARY {"path":"C:/Users/RUNNER~1/AppData/Local/Temp/nub/target/release/nub.exe","sha256":"f186817a44be332fee712b4936a071a0b5f9cde18a1d2fdc3a791729d4bf1005","bytes":68717056,"features":{"buildJailCatalogOverride":true,"pythonDontWriteBytecodeEnv":true}}
  VENUE-INTERPRETER C:\hostedtoolcache\windows\node\22.23.2\x64\node.exe
  VENUE-JAIL-ROOT D:\jail\m-husky-mtuyzbvv
  VENUE-OVERRIDES {"set":{"npm_config_cache":"D:\\jail\\m-husky-mtuyzbvv\\npm-cache","TMP":"D:\\jail\\m-husky-mtuyzbvv\\tmp","TEMP":"D:\\jail\\m-husky-mtuyzbvv\\tmp","TMPDIR":"D:\\jail\\m-husky-mtuyzbvv\\tmp"},"unset":["CI","GITHUB_ACTIONS"],"notRedirected":{"USERPROFILE":"C:\\Users\\runneradmin","why":"the jail leaves HOME/USERPROFILE alone — `build_jail.rs` sandbox_homes() reads the ambient value and `compiler/defaults.rs` BASELINE_ENV_EXACT passes it through — so there is no private jail home to reproduce and redirecting one would measure an environment no confined script sees"},"passedThrough":{"CI":"true","GITHUB_ACTIONS":"true","NODE_ENV":null}}
  STORE   isolated virtual store at D:\jail\m-husky-mtuyzbvv\verify-synth\.cache
  VENUE-STORE-LAYOUT isolated
OSV-SCREEN {"schemaVersion":1,"kind":"nub-synth-resolved","status":"clean","digest":"48d0d9a0f958d350acbcd9da446f1f6d9d8710a39eeda97c2a9ec91a26f99bef","specCount":1,"lockfiles":{"digest":"8ffe1b618306a395c920d6fdfb97d68c88aa882d08ff8a0dc18197aba7ce62f4","files":[{"path":"nub.lock","sha256":"514919236b27081e2922027afcf95a401e2408bbffc96515a6cc994694f51600","bytes":418}]},"maliciousAdvisories":[],"screenedAt":"2026-09-10T03:30:38.686Z","cacheHit":true,"clearancePath":"D:\\jail\\m-husky-mtuyzbvv\\security\\nub-synth-resolved.json"}
  SECURITY nub-synth-resolved clean: 1 exact package-version(s), tree 48d0d9a0f958 (cached exact-tree clearance)
  VERIFY[synth] rc=0 artifacts=7/7 missing=0 shortfall=none (tree 31/14) OVERRIDDEN=2 REJECTED=0 grant={}
  => MINIMUM {}   (observed, then verified)
  DESCEND   grant is already empty — nothing to narrow; MINIMAL by construction.
