### @carbon/motion@11.49.0   (/home/runner/v2-RLUPcc)
  CI-ENV scrubbed: CI GITHUB_ACTIONS
OSV-SCREEN {"schemaVersion":1,"kind":"direct","status":"clean","digest":"2cd12fbdfadc009fd11b0fad13a20ef255ae4fdccfc5c52e0e9c2cbf94fc79b9","specCount":1,"lockfiles":{"digest":null,"files":[]},"maliciousAdvisories":[],"screenedAt":"2026-09-08T13:19:41.420Z","cacheHit":false,"clearancePath":"/home/runner/v2-RLUPcc/security/direct.json"}
  SECURITY direct clean: 1 exact package-version(s), tree 2cd12fbdfadc
  VENUE-OBSERVE-USER {"uid":1001,"user":"runner","umask":"0022","capBnd":"000001ffffffffff","noNewPrivs":"0"}
  VENUE-NUB-BINARY {"path":"/tmp/nub/target/release/nub","sha256":"2a18683f50f7afeb02a521cd3cae175dc2f91780d461c5f012065241f5a1447b","bytes":207643464,"features":{"buildJailCatalogOverride":true,"pythonDontWriteBytecodeEnv":true}}
OSV-SCREEN {"schemaVersion":1,"kind":"npm-observe-resolved","status":"clean","digest":"0e30f54a6dc9cc6258f40540c4a8f8991187204434867c2e0dbf9f79162a9bd1","specCount":2,"lockfiles":{"digest":"aaa5690e65119f4de9f497f689cfba659232ef861ce3ad7512f58b85121c1f6b","files":[{"path":"package-lock.json","sha256":"0983ceec931ebd5c7dacd0d54a648426d9b41e73531d9813f421a145acb66302","bytes":1022}]},"maliciousAdvisories":[],"screenedAt":"2026-09-08T13:19:42.560Z","cacheHit":false,"clearancePath":"/home/runner/v2-RLUPcc/security/npm-observe-resolved.json"}
  SECURITY npm-observe-resolved clean: 2 exact package-version(s), tree 0e30f54a6dc9
  OBSERVE   rc=0 files=30 trace=10796 lines
  CLOSURE   2 packages evicted per arm
  ARM-FALSIFIABILITY {"manifestFiles":19,"filesTheScriptProduced":0,"reasons":["gate-vacuous"]}
  ⛔ ARMS-UNFALSIFIABLE — a green arm for this package carries no evidence:
       gate-vacuous: the script changed no file the artifact gate keys on — every file in the manifest (19) was already present at its final size before the script ran, so the gate passes in every arm including a completely broken one
       The grant may still be correct; what is missing is a signal that could have gone
       red. Do not read this record's MINIMAL as a passing measurement.
  RAWLOG-FILE /home/runner/v2-RLUPcc/observe/trace.txt.gz
  RAWLOG-CAPTURE /home/runner/v2-RLUPcc/observe/capture.json
  RAWLOG-BYTES raw=2377213 gz=69269
  VENUE-INTERPRETER /opt/hostedtoolcache/node/22.23.2/x64
  VENUE-OVERRIDES {"set":{"HOME":"/home/runner/v2-RLUPcc/jailhome","TMPDIR":"/tmp/nub-tmp-obsFxItOv","NODE_COMPAT":"1","PLAYWRIGHT_BROWSERS_PATH":"/home/runner/.cache/nub/pm/tools/ms-playwright","ELECTRON_CACHE":"/home/runner/.cache/nub/pm/tools/electron-cache","electron_config_cache":"/home/runner/.cache/nub/pm/tools/electron-cache","npm_config_prefix":"/home/runner/.cache/nub/pm/tools/npm-prefix","PYTHONDONTWRITEBYTECODE":"1","NUB_CACHE_DIR":"/home/runner/v2-RLUPcc/nubcache"},"unset":["CI","GITHUB_ACTIONS"],"passedThrough":{"CI":"true","GITHUB_ACTIONS":"true","NODE_ENV":null}}
  == ATTRIBUTION == attributed pids: 13
    writes  script 0  /  whole traced tree 1088
    sockets script 0  /  whole traced tree 6
  == ROOTS (from capture.json — R2: no ambient reads) ==
    project       /home/runner/v2-RLUPcc/observe
    home          /home/runner
    jailHome      /home/runner/v2-RLUPcc/jailhome
    globalStore   /home/runner/.cache/nub/pm/store   [declared, not keyed on]
    projectStore  /home/runner/v2-RLUPcc/observe/node_modules/.store   [declared, not keyed on]
    interpreter   /opt/hostedtoolcache/node/22.23.2/x64   [declared, not keyed on]
    toolsDir      /home/runner/.cache/nub/pm/tools   [declared, not keyed on]
    temp          /tmp/nub-tmp-obsFxItOv
    npmPrefix     /home/runner/.cache/nub/pm/tools/npm-prefix
    ownPkg        /home/runner/v2-RLUPcc/observe/node_modules/@carbon/motion
  == WRITES the script actually performed ==
  == NETWORK ==
    AF_INET sockets: 0   distinct peers: 2
        127.0.0.53:53
        104.16.4.34:443
  == REFUSALS (only `= -1 EACCES/EPERM/EROFS`) ==
    distinct: 0
  == SYNTHESIZED GRANT (verify this in the real unprivileged jail) ==
    {}
  == writePaths (DERIVED — promotion out of the package's PRIVATE home) ==
    private-home writes observed: 0
    none declared — the script wrote nothing into its private home — there is nothing to promote
  == writePaths FEASIBILITY (distinct writes outside project/deps) ==
    count: 0
    EVENTS    4430 distinct from 10756 calls (10797 lines, 18 rejoined, 0 unparsed)
    PROCS     20   lifecycle shells 8
    ⛔ 3 paths with an UNRESOLVED dirfd — kept, marked, never guessed
    unsubscribed/unmapped syscalls: setsockopt×23 getsockname×21 exit×15 getsockopt×7 recvmsg×7 getcwd×4 socketpair×3 shutdown×3
    wrote /home/runner/v2-RLUPcc/observe/events.ndjson.gz (31429 bytes)
  EVENTLOG-FILE /home/runner/v2-RLUPcc/observe/events.ndjson.gz
  EVENTLOG-STATS {"lines":10797,"parsed":10756,"unparsed":0,"unfinished":18,"rejoined":18,"unresolvedDirfd":3,"truncatedArg":0,"procs":20,"lifecyclePids":8,"distinctEvents":4430,"unknownSyscall":{"getsockname":21,"getsockopt":7,"getcwd":4,"recvmsg":7,"exit":15,"setsockopt":23,"sendmmsg":1,"socketpair":3,"shutdown":3,"exit_group":3,"wait4":3},"out":"/home/runner/v2-RLUPcc/observe/events.ndjson.gz","gzipBytes":31429}
  EVICT     1 store entries removed, 0 spared as nub tooling
  SE-PURGE  0 side-effects-cache entries for @carbon/motion
OSV-SCREEN {"schemaVersion":1,"kind":"nub-synth-resolved","status":"clean","digest":"0e30f54a6dc9cc6258f40540c4a8f8991187204434867c2e0dbf9f79162a9bd1","specCount":2,"lockfiles":{"digest":"d7090b3df94538fb0a4f21dca176b27632c45c1ea7ee501c259ee146ed063500","files":[{"path":"nub.lock","sha256":"9b144370018cc80f162c8f191014688344a88f2cdae88ba19023105793bc4136","bytes":670}]},"maliciousAdvisories":[],"screenedAt":"2026-09-08T13:19:42.560Z","cacheHit":true,"clearancePath":"/home/runner/v2-RLUPcc/security/nub-synth-resolved.json"}
  SECURITY nub-synth-resolved clean: 2 exact package-version(s), tree 0e30f54a6dc9 (cached exact-tree clearance)
  VENUE-STORE-LAYOUT isolated
  VERIFY[synth] rc=0 artifacts=19/19 missing=0 shortfall=none (tree 88/30) OVERRIDDEN=3 REJECTED=0 grant={}
  => VERIFIED {}   (observed, then verified)
  DESCEND   grant is already empty — nothing to narrow; MINIMAL by construction.
