OSV-SCREEN {"schemaVersion":1,"kind":"direct","status":"clean","digest":"43ba3f950dbb9a78a72ba202a04f9315198ac5f9521a20a1f3a56f5e5bcb3265","specCount":1,"lockfiles":{"digest":null,"files":[]},"maliciousAdvisories":[],"screenedAt":"2026-08-27T15:49:40.110Z","cacheHit":false,"clearancePath":"/Users/runner/v2m-yeK1Sv/security/direct.json"}
  SECURITY direct clean: 1 exact package-version(s), tree 43ba3f950dbb
  ERA-NODE PINNED 14.21.3 (provisioned) (arms will run: v14.21.3)
  ERA-PYTHON /Users/runner/hostedtoolcache/Python/3.9.13/arm64/bin/python (Python 3.9.13) for era Node 14, whose node-gyp requires python3-legacy
  ARM-MAKE /usr/bin/make (GNU Make 3.81) — the system make; a build needing GNU Make 4 WILL fail here
### hugo-extended@0.79.1   (/Users/runner/v2m-yeK1Sv)   nub=/tmp/nub/target/release/nub
  VENUE-NUB-BINARY {"path":"/tmp/nub/target/release/nub","sha256":"69e622342d0c8393c78fa50a01dc9cc0a94371ac9b106b59bdcc016f06d86d30","bytes":94535576,"features":{"buildJailCatalogOverride":true,"pythonDontWriteBytecodeEnv":true}}
  CI-ENV scrubbed: CI GITHUB_ACTIONS
  --- fbt preflight (advisory; never fails the run) ---
     csrutil: System Integrity Protection status: disabled.
     fbt probes visible: 93577
     fbt enable attempt: dtrace: description 'fbt:::entry ' matched 50357 probes CPU     ID                    FUNCTION:NAME 
     cwd builtin value:  
     fbt chdir symbols:  
     fbt fires on spawn-with-cwd: dtrace: invalid probe specifier fbt::chdir*:entry /progenyof($target)/ { @[probefunc] = count(); }: probe description fbt::chdir*:entry does not match any probes 
  --- end fbt preflight ---
  ERA-RESOLUTION DATED 2020-12-20T16:29:06.146Z (deps as of the package's own publish date + 1d)
OSV-SCREEN {"schemaVersion":1,"kind":"npm-observe-resolved","status":"clean","digest":"531d26b9e8c8ed15f3230225a08090fa638731c98c48be2e3be6f30e6e746b36","specCount":139,"lockfiles":{"digest":"6c92b81f13fdbebabb1ec14de61c8fe002b25ccf1402f917f7ac207cf98430bc","files":[{"path":"package-lock.json","sha256":"196d3286358ef260a849a37d3c2694802291a062b0ce6c402b03153650b1d42d","bytes":57513}]},"maliciousAdvisories":[],"screenedAt":"2026-08-27T15:49:50.950Z","cacheHit":false,"clearancePath":"/Users/runner/v2m-yeK1Sv/security/npm-observe-resolved.json"}
  SECURITY npm-observe-resolved clean: 139 exact package-version(s), tree 531d26b9e8c8
  ARM-PATH SANITISED (dropped 1: /Users/runner/.yarn/bin)
  ARM-AMBIENT-TOOLS none
  ARM-SCAFFOLD none
  ARM-UNPROVIDABLE none
  VENUE-CI-CHILD clean (no CI-detection variable reaches the traced script)
  --- wrapper (run.sh) ---
     cd "/Users/runner/v2m-yeK1Sv/Observe"
     sudo -u "runner" -H env "PATH=/Users/runner/v2m-yeK1Sv/Observe/node_modules/.bin:/Users/runner/.cache/nub/era-node/14.21.3/node-v14.21.3-darwin-x64/bin:/Users/runner/hostedtoolcache/node/22.23.2/arm64/bin:/opt/homebrew/lib/ruby/gems/3.3.0/bin:/opt/homebrew/opt/ruby@3.3/bin:/Users/runner/.local/bin:/opt/homebrew/bin:/opt/homebrew/sbin:/Users/runner/.cargo/bin:/usr/local/opt/curl/bin:/usr/local/bin:/usr/local/sbin:/Users/runner/bin:/Users/runner/Library/Android/sdk/tools:/Users/runner/Library/Android/sdk/platform-tools:/Library/Frameworks/Python.framework/Versions/Current/bin:/Library/Frameworks/Mono.framework/Versions/Current/Commands:/usr/bin:/bin:/usr/sbin:/sbin:/Users/runner/.dotnet/tools"   "HOME=/Users/runner/v2m-yeK1Sv/jailhome"   "TMPDIR=/private/var/folders/_5/zjnzxgh147qcg3bb5cg2wvqw0000gn/T/nub-tmp-obsKADWCm"   "NODE_COMPAT=1"   "PYTHONDONTWRITEBYTECODE=1"   "PLAYWRIGHT_BROWSERS_PATH=/Users/runner/.cache/nub/pm/tools/ms-playwright"   "ELECTRON_CACHE=/Users/runner/.cache/nub/pm/tools/electron-cache"   "electron_config_cache=/Users/runner/.cache/nub/pm/tools/electron-cache"   "npm_config_prefix=/Users/runner/.cache/nub/pm/tools/npm-prefix"   PYTHON=/Users/runner/hostedtoolcache/Python/3.9.13/arm64/bin/python   npm rebuild --no-audit --no-fund "hugo-extended" > "/Users/runner/v2m-yeK1Sv/Observe/npm.log" 2>&1
     echo $? > "/Users/runner/v2m-yeK1Sv/Observe/rc"
  --- dtrace stderr + wrapper trace ---
     + cd /Users/runner/v2m-yeK1Sv/Observe
     + sudo -u runner -H env PATH=/Users/runner/v2m-yeK1Sv/Observe/node_modules/.bin:/Users/runner/.cache/nub/era-node/14.21.3/node-v14.21.3-darwin-x64/bin:/Users/runner/hostedtoolcache/node/22.23.2/arm64/bin:/opt/homebrew/lib/ruby/gems/3.3.0/bin:/opt/homebrew/opt/ruby@3.3/bin:/Users/runner/.local/bin:/opt/homebrew/bin:/opt/homebrew/sbin:/Users/runner/.cargo/bin:/usr/local/opt/curl/bin:/usr/local/bin:/usr/local/sbin:/Users/runner/bin:/Users/runner/Library/Android/sdk/tools:/Users/runner/Library/Android/sdk/platform-tools:/Library/Frameworks/Python.framework/Versions/Current/bin:/Library/Frameworks/Mono.framework/Versions/Current/Commands:/usr/bin:/bin:/usr/sbin:/sbin:/Users/runner/.dotnet/tools HOME=/Users/runner/v2m-yeK1Sv/jailhome TMPDIR=/private/var/folders/_5/zjnzxgh147qcg3bb5cg2wvqw0000gn/T/nub-tmp-obsKADWCm NODE_COMPAT=1 PYTHONDONTWRITEBYTECODE=1 PLAYWRIGHT_BROWSERS_PATH=/Users/runner/.cache/nub/pm/tools/ms-playwright ELECTRON_CACHE=/Users/runner/.cache/nub/pm/tools/electron-cache electron_config_cache=/Users/runner/.cache/nub/pm/tools/electron-cache npm_config_prefix=/Users/runner/.cache/nub/pm/tools/npm-prefix PYTHON=/Users/runner/hostedtoolcache/Python/3.9.13/arm64/bin/python npm rebuild --no-audit --no-fund hugo-extended
     dtrace: error on enabled probe ID 128 (ID 286: syscall::execve:entry): invalid address (0x6000014a4090) in action #1 at DIF offset 20
     + echo 0
  OBSERVE   rc=0 dtrace_rc=0 files=766 (pre=761) trace=15919 lines
  CLOSURE   127 packages evicted per arm   store=/Users/runner/.cache/nub/pm/store
  RAWLOG-FILE /Users/runner/v2m-yeK1Sv/Observe/trace.txt.gz
  RAWLOG-CAPTURE /Users/runner/v2m-yeK1Sv/Observe/capture.json
  RAWLOG-BYTES raw=2211244 gz=98922
  VENUE-INTERPRETER /Users/runner/hostedtoolcache/node/22.23.2/arm64
  VENUE-NODE-SELECTION {"pkg":"hugo-extended","packageVersion":"0.79.1","major":14,"version":"14.21.3","npm":"6.14.18","pinnable":true,"engines":">=10","publishedAt":"2020-12-19T16:29:06.146Z","eraMajor":14,"startMajor":14,"raisedByEngines":false,"enginesUnsatisfiable":false,"clampedToFloor":false,"clampedToCeiling":false,"matrixFloor":4,"matrixCeiling":26,"lookupFailure":null,"pinned":true,"pinnedBin":"/Users/runner/.cache/nub/era-node/14.21.3/node-v14.21.3-darwin-x64/bin","eraNodeRoot":"/Users/runner/.cache/nub"}
  VENUE-OVERRIDES {"set":{"PATH":"inherited-and-forwarded","HOME":"/Users/runner/v2m-yeK1Sv/jailhome","TMPDIR":"/private/var/folders/_5/zjnzxgh147qcg3bb5cg2wvqw0000gn/T/nub-tmp-obsKADWCm","NODE_COMPAT":"1","PYTHONDONTWRITEBYTECODE":"1","PLAYWRIGHT_BROWSERS_PATH":"/Users/runner/.cache/nub/pm/tools/ms-playwright","ELECTRON_CACHE":"/Users/runner/.cache/nub/pm/tools/electron-cache","electron_config_cache":"/Users/runner/.cache/nub/pm/tools/electron-cache","npm_config_prefix":"/Users/runner/.cache/nub/pm/tools/npm-prefix"},"unset":["(sudo env_reset discards the caller environment; every var above is re-set after it)","CI","GITHUB_ACTIONS"],"passedThrough":{"CI":"true","GITHUB_ACTIONS":"true","NODE_ENV":null}}
  VENUE-OBSERVE-USER runner uid=501 (R7: ordinary non-root user, asserted)
  ARM-FALSIFIABILITY {"manifestFiles":10,"filesTheScriptProduced":3,"reasons":[]}
  EVENTLOG-FILE /Users/runner/v2m-yeK1Sv/Observe/events.ndjson.gz
  EVENTLOG-STATS {"lines":15920,"parsed":15900,"unparsed":0,"live":true,"tracerErrors":1,"tracerErrorTotal":1,"unresolvedDirfd":24,"unresolvedFd":0,"pairedTwoPath":1,"danglingPair":0,"failed":11003,"enoent":10993,"refusals":0,"byErrno":{"ENXIO":3,"ENOENT":10993,"EEXIST":7},"procs":6,"lifecyclePids":1,"distinctEvents":8809,"emitted":8809,"calls":15861,"bytes":1430336,"gzipBytes":52414,"out":"/Users/runner/v2m-yeK1Sv/Observe/events.ndjson"}
  == TRACER == live=true decodable-events=1977 dropped-events=1
    NOTE 16 relative path(s) under a non-AT_FDCWD dirfd were not
       scope-assigned: resolving them against the cwd would invent a path.
    ⛔ CWD-UNOBSERVED 2 relative path(s) (0 write(s)) came from a lifecycle
       process whose own cwd was never observed
       macOS spawns with posix_spawn addchdir_np, which changes directory in-kernel and
       emits no chdir syscall, so the inherited cwd cannot be trusted. These are NOT
       scope-assigned; the grant below is WIDENED instead so it covers wherever they landed.
         pid=51832 read  unproven .
         pid=51832 read  unproven .
    ⛔ THE TRACER DROPPED 1 EVENT(S). A dropped event is a path never
       seen, so the grant below can only be too NARROW — the direction that breaks installs.
       Treat it as a FLOOR, not a measurement, until the adapter fault is fixed:
             1 x  epid=128 action=1 fault=1 addr=0x6000014a4090
  == ATTRIBUTION == lifecycle pids: 1
    writes  script 4  /  whole traced subtree 12
    sockets script 2  /  whole traced subtree 2
  == ROOTS (from /Users/runner/v2m-yeK1Sv/Observe/capture.json; the classifier reads no other source) ==
    project       /Users/runner/v2m-yeK1Sv/Observe
    home          /Users/runner
    jailHome      /Users/runner/v2m-yeK1Sv/jailhome
    globalStore   /Users/runner/.cache/nub/pm/store
    projectStore  /Users/runner/v2m-yeK1Sv/Observe/node_modules/.store
    interpreter   /Users/runner/hostedtoolcache/node/22.23.2/arm64
    toolsDir      /Users/runner/.cache/nub/pm/tools
    temp          /private/var/folders/_5/zjnzxgh147qcg3bb5cg2wvqw0000gn/T/nub-tmp-obsKADWCm
    npmPrefix     /Users/runner/.cache/nub/pm/tools/npm-prefix
    ownPkg        /Users/runner/v2m-yeK1Sv/Observe/node_modules/hugo-extended
    cwd           (null — this platform has no such root)
  == WRITES the script actually performed ==
    ownPkg        4  (base profile already grants this — NOT billed)
        /Users/runner/v2m-yeK1Sv/Observe/node_modules/hugo-extended/vendor
        /Users/runner/v2m-yeK1Sv/Observe/node_modules/hugo-extended/vendor/LICENSE
        /Users/runner/v2m-yeK1Sv/Observe/node_modules/hugo-extended/vendor/README.md
        /Users/runner/v2m-yeK1Sv/Observe/node_modules/hugo-extended/vendor/hugo
  == READS the script performed, by scope ==
    systemfs     11
    outside       8
    userHome      2
    ownPkg        6
    deps        291
        outside: /
        outside: /bin/sh
        outside: /bin
        outside: /bin/bash
        outside: /etc/resolv.conf
        outside: /var/db/timezone/zoneinfo/UTC
        outside: /var/db/timezone/zoneinfo/posixrules
        outside: /etc/localtime
  == NETWORK ==
    AF_INET connects: 2   distinct peers: 2
        172.182.252.133:443
        185.199.110.133:443
  == REFUSALS (errno EPERM/EACCES/EROFS only; ENOENT is a miss, not a denial) ==
    distinct: 0
  == SYNTHESIZED GRANT (verify this in the real unprivileged jail) ==
    {"network":true}
  == writePaths (DERIVED — promotion out of the package's PRIVATE home) ==
    private-home writes observed: 0
    none declared — the script wrote nothing into its private home — there is nothing to promote
  == writePaths FEASIBILITY (distinct writes outside project/deps) ==
    count: 0
  EVICT[synth] 118 store entries removed, 41 spared as nub tooling, 1749 in store
OSV-SCREEN {"schemaVersion":1,"kind":"nub-synth-resolved","status":"clean","digest":"f3dcc68c02a180c7e7e18d90bd07d004cb0bfad0ebd0a6d8a98d815b82b0470e","specCount":170,"lockfiles":{"digest":"c111aedbf5d5cac6b8274dcc925ec50bd7eb1457d9e42ff4bda1c280b1e4af3a","files":[{"path":"nub.lock","sha256":"452bba93ab176378b9edbc2413d81132b433844b8e54e42240a9fbc39c48e7f9","bytes":40194}]},"maliciousAdvisories":[],"screenedAt":"2026-08-27T15:50:04.294Z","cacheHit":false,"clearancePath":"/Users/runner/v2m-yeK1Sv/security/nub-synth-resolved.json"}
  SECURITY nub-synth-resolved clean: 170 exact package-version(s), tree f3dcc68c02a1
  VENUE-STORE-LAYOUT isolated
  VERIFY[synth] rc=0 artifacts=10/10 missing=0 shortfall=none (tree 4364/766) OVERRIDDEN=3 REJECTED=0 grant={"network":true}
  => VERIFIED {"network":true}
  EVICT[nar-no-network] 123 store entries removed, 41 spared as nub tooling, 1757 in store
OSV-SCREEN {"schemaVersion":1,"kind":"nub-nar-no-network-resolved","status":"clean","digest":"f3dcc68c02a180c7e7e18d90bd07d004cb0bfad0ebd0a6d8a98d815b82b0470e","specCount":170,"lockfiles":{"digest":"c111aedbf5d5cac6b8274dcc925ec50bd7eb1457d9e42ff4bda1c280b1e4af3a","files":[{"path":"nub.lock","sha256":"452bba93ab176378b9edbc2413d81132b433844b8e54e42240a9fbc39c48e7f9","bytes":40194}]},"maliciousAdvisories":[],"screenedAt":"2026-08-27T15:50:04.294Z","cacheHit":true,"clearancePath":"/Users/runner/v2m-yeK1Sv/security/nub-nar-no-network-resolved.json"}
  SECURITY nub-nar-no-network-resolved clean: 170 exact package-version(s), tree f3dcc68c02a1 (cached exact-tree clearance)
  VERIFY[nar-no-network] rc=0 artifacts=7/10 missing=3 shortfall=219cbefac624 (tree 4355/766) OVERRIDDEN=3 REJECTED=0 grant={}
       missing: vendor/LICENSE, vendor/README.md, vendor/hugo
     narrowing 'no-network' fails ⇒ that capability IS necessary
  => MINIMAL — every capability in {"network":true} is independently necessary
### DONE hugo-extended@0.79.1  synthesized={"network":true} verified=1
