### @apollo/rover@0.28.1   (/home/runner/v2-4ssqlX)
  CI-ENV scrubbed: CI GITHUB_ACTIONS
OSV-SCREEN {"schemaVersion":1,"kind":"direct","status":"clean","digest":"3fb0c844f714cb926638f3724c8f6483c7361d7c983fef7b62e9b832e9a31f11","specCount":1,"lockfiles":{"digest":null,"files":[]},"maliciousAdvisories":[],"screenedAt":"2026-09-07T23:49:59.660Z","cacheHit":false,"clearancePath":"/home/runner/v2-4ssqlX/security/direct.json"}
  SECURITY direct clean: 1 exact package-version(s), tree 3fb0c844f714
  VENUE-OBSERVE-USER {"uid":1001,"user":"runner","umask":"0022","capBnd":"000001ffffffffff","noNewPrivs":"0"}
  VENUE-NUB-BINARY {"path":"/tmp/nub/target/release/nub","sha256":"2a18683f50f7afeb02a521cd3cae175dc2f91780d461c5f012065241f5a1447b","bytes":207643464,"features":{"buildJailCatalogOverride":true,"pythonDontWriteBytecodeEnv":true}}
OSV-SCREEN {"schemaVersion":1,"kind":"npm-observe-resolved","status":"clean","digest":"de4e07e7fc9e6017f8d485807af4228aa02446ad232351c877d8aabf4e0a4c39","specCount":42,"lockfiles":{"digest":"830b4cc721c0bd45c56d12879a8e28cf0f0b2899af597a25f0328a08b85bbe0b","files":[{"path":"package-lock.json","sha256":"63dda21fca2c80f172de018b028a7dc577334c0147b9e2c9f25f21aa282e9e23","bytes":17936}]},"maliciousAdvisories":[],"screenedAt":"2026-09-07T23:50:01.463Z","cacheHit":false,"clearancePath":"/home/runner/v2-4ssqlX/security/npm-observe-resolved.json"}
  SECURITY npm-observe-resolved clean: 42 exact package-version(s), tree de4e07e7fc9e
  OBSERVE   rc=0 files=807 trace=11823 lines
  CLOSURE   42 packages evicted per arm
  ARM-FALSIFIABILITY {"manifestFiles":9,"filesTheScriptProduced":3,"reasons":[]}
  RAWLOG-FILE /home/runner/v2-4ssqlX/observe/trace.txt.gz
  RAWLOG-CAPTURE /home/runner/v2-4ssqlX/observe/capture.json
  RAWLOG-BYTES raw=2574391 gz=77286
  VENUE-INTERPRETER /opt/hostedtoolcache/node/22.23.2/x64
  VENUE-OVERRIDES {"set":{"HOME":"/home/runner/v2-4ssqlX/jailhome","TMPDIR":"/tmp/nub-tmp-obsStERDS","NODE_COMPAT":"1","PLAYWRIGHT_BROWSERS_PATH":"/home/runner/.cache/nub/pm/tools/ms-playwright","ELECTRON_CACHE":"/home/runner/.cache/nub/pm/tools/electron-cache","electron_config_cache":"/home/runner/.cache/nub/pm/tools/electron-cache","npm_config_prefix":"/home/runner/.cache/nub/pm/tools/npm-prefix","PYTHONDONTWRITEBYTECODE":"1","NUB_CACHE_DIR":"/home/runner/v2-4ssqlX/nubcache"},"unset":["CI","GITHUB_ACTIONS"],"passedThrough":{"CI":"true","GITHUB_ACTIONS":"true","NODE_ENV":null}}
  == ATTRIBUTION == attributed pids: 18
    writes  script 5  /  whole traced tree 1093
    sockets script 8  /  whole traced tree 12
  == ROOTS (from capture.json — R2: no ambient reads) ==
    project       /home/runner/v2-4ssqlX/observe
    home          /home/runner
    jailHome      /home/runner/v2-4ssqlX/jailhome
    globalStore   /home/runner/.cache/nub/pm/store   [declared, not keyed on]
    projectStore  /home/runner/v2-4ssqlX/observe/node_modules/.store   [declared, not keyed on]
    interpreter   /opt/hostedtoolcache/node/22.23.2/x64   [declared, not keyed on]
    toolsDir      /home/runner/.cache/nub/pm/tools   [declared, not keyed on]
    temp          /tmp/nub-tmp-obsStERDS
    npmPrefix     /home/runner/.cache/nub/pm/tools/npm-prefix
    ownPkg        /home/runner/v2-4ssqlX/observe/node_modules/@apollo/rover
  == WRITES the script actually performed ==
    ownPkg        5  (base profile already grants this — NOT billed)
        /home/runner/v2-4ssqlX/observe/node_modules/@apollo/rover/binary
        /home/runner/v2-4ssqlX/observe/node_modules/@apollo/rover/binary/rover
        /home/runner/v2-4ssqlX/observe/node_modules/@apollo/rover/binary/README.md
        /home/runner/v2-4ssqlX/observe/node_modules/@apollo/rover/binary/LICENSE
        /home/runner/v2-4ssqlX/observe/node_modules/@apollo/rover/binary/rover-0.28.1
  == NETWORK ==
    AF_INET sockets: 8   distinct peers: 3
        127.0.0.53:53
        104.16.10.34:443
        52.52.192.191:443
  == REFUSALS (only `= -1 EACCES/EPERM/EROFS`) ==
    distinct: 0
  == SYNTHESIZED GRANT (verify this in the real unprivileged jail) ==
    {"network":true}
  == writePaths (DERIVED — promotion out of the package's PRIVATE home) ==
    private-home writes observed: 0
    none declared — the script wrote nothing into its private home — there is nothing to promote
  == writePaths FEASIBILITY (distinct writes outside project/deps) ==
    count: 0
    EVENTS    4945 distinct from 11761 calls (11824 lines, 35 rejoined, 0 unparsed)
    PROCS     25   lifecycle shells 13
    ⛔ 3 paths with an UNRESOLVED dirfd — kept, marked, never guessed
    unsubscribed/unmapped syscalls: setsockopt×54 getsockname×38 getsockopt×20 exit×20 recvmsg×13 getcwd×5 sendmmsg×4 socketpair×3
    wrote /home/runner/v2-4ssqlX/observe/events.ndjson.gz (34402 bytes)
  EVENTLOG-FILE /home/runner/v2-4ssqlX/observe/events.ndjson.gz
  EVENTLOG-STATS {"lines":11824,"parsed":11761,"unparsed":0,"unfinished":35,"rejoined":35,"unresolvedDirfd":3,"truncatedArg":0,"procs":25,"lifecyclePids":13,"distinctEvents":4945,"unknownSyscall":{"getsockname":38,"getsockopt":20,"getcwd":5,"recvmsg":13,"exit":20,"setsockopt":54,"sendmmsg":4,"socketpair":3,"shutdown":3,"getpeername":1,"exit_group":3,"wait4":3},"out":"/home/runner/v2-4ssqlX/observe/events.ndjson.gz","gzipBytes":34402}
  EVICT     35 store entries removed, 6 spared as nub tooling
  SE-PURGE  0 side-effects-cache entries for @apollo/rover
OSV-SCREEN {"schemaVersion":1,"kind":"nub-synth-resolved","status":"clean","digest":"de4e07e7fc9e6017f8d485807af4228aa02446ad232351c877d8aabf4e0a4c39","specCount":42,"lockfiles":{"digest":"8ecb585de1c9ec58bd2c2ae48b1da3dcf9ad646026ed8ed586035316c8f37232","files":[{"path":"nub.lock","sha256":"0f43f863dcba76709f383f11f2380c57cb38df6eabba7b6362bd270ed789c8d0","bytes":10798}]},"maliciousAdvisories":[],"screenedAt":"2026-09-07T23:50:01.463Z","cacheHit":true,"clearancePath":"/home/runner/v2-4ssqlX/security/nub-synth-resolved.json"}
  SECURITY nub-synth-resolved clean: 42 exact package-version(s), tree de4e07e7fc9e (cached exact-tree clearance)
  VENUE-STORE-LAYOUT isolated
  VERIFY[synth] rc=0 artifacts=9/9 missing=0 shortfall=none (tree 2649/807) OVERRIDDEN=2 REJECTED=0 grant={"network":true}
  => VERIFIED {"network":true}   (observed, then verified)
  EVICT     36 store entries removed, 6 spared as nub tooling
  SE-PURGE  0 side-effects-cache entries for @apollo/rover
OSV-SCREEN {"schemaVersion":1,"kind":"nub-drop-no-network-resolved","status":"clean","digest":"de4e07e7fc9e6017f8d485807af4228aa02446ad232351c877d8aabf4e0a4c39","specCount":42,"lockfiles":{"digest":"8ecb585de1c9ec58bd2c2ae48b1da3dcf9ad646026ed8ed586035316c8f37232","files":[{"path":"nub.lock","sha256":"0f43f863dcba76709f383f11f2380c57cb38df6eabba7b6362bd270ed789c8d0","bytes":10798}]},"maliciousAdvisories":[],"screenedAt":"2026-09-07T23:50:01.463Z","cacheHit":true,"clearancePath":"/home/runner/v2-4ssqlX/security/nub-drop-no-network-resolved.json"}
  SECURITY nub-drop-no-network-resolved clean: 42 exact package-version(s), tree de4e07e7fc9e (cached exact-tree clearance)
  VERIFY[drop-no-network] rc=1 artifacts=6/9 missing=3 shortfall=bf952238aa76 (tree 2641/807) OVERRIDDEN=2 REJECTED=0 grant={}
       missing: binary/LICENSE, binary/README.md, binary/rover-0.28.1
     'no-network' is NECESSARY — dropping it fails to verify
  => MINIMAL — every capability in {"network":true} is independently necessary
