### cldr-data@26.0.9   (D:\jail\m-cldrdata-mtsbnavq)
  CI-ENV scrubbed: CI GITHUB_ACTIONS
OSV-SCREEN {"schemaVersion":1,"kind":"direct","status":"clean","digest":"66fb0c158db3ba5e81005d58bf246cd99fe015c12d491fd83e3ef6c096011633","specCount":1,"lockfiles":{"digest":null,"files":[]},"maliciousAdvisories":[],"screenedAt":"2026-09-08T07:01:53.995Z","cacheHit":false,"clearancePath":"D:\\jail\\m-cldrdata-mtsbnavq\\security\\direct.json"}
  SECURITY direct clean: 1 exact package-version(s), tree 66fb0c158db3
OSV-SCREEN {"schemaVersion":1,"kind":"npm-observe-resolved","status":"clean","digest":"03a5cd27bdf9b08b6c7388c2dc927eeb2c811875c11ef52d5b67f94f5d3968b1","specCount":57,"lockfiles":{"digest":"c901b94fc1795e26d6feccdb23afb0ddc822d2864eeea3a5df8d2c3eae32ff6f","files":[{"path":"package-lock.json","sha256":"8601417fc6b59d8a26d3918b4c8a9a7d662b72098d166a9e9d3233f832f262eb","bytes":22860}]},"maliciousAdvisories":[],"screenedAt":"2026-09-08T07:01:57.034Z","cacheHit":false,"clearancePath":"D:\\jail\\m-cldrdata-mtsbnavq\\security\\npm-observe-resolved.json"}
  SECURITY npm-observe-resolved clean: 57 exact package-version(s), tree 03a5cd27bdf9
  CAPTURE user=runnervmeef0v\runneradmin elevated=True rootPid=6276 exit=0 events=60026 lost=0
  VENUE-OBSERVE-USER runnervmeef0v\runneradmin elevated=true privDropped={"SeBackupPrivilege":"removed","SeRestorePrivilege":"removed","SeTakeOwnershipPrivilege":"removed"}
  OBSERVE artifacts: 1500 files  (D:\jail\m-cldrdata-mtsbnavq\observe\node_modules\cldr-data)
  ARM-FALSIFIABILITY {"manifestFiles":1502,"filesTheScriptProduced":1492,"reasons":[]}
  CLOSURE 57 packages evicted per arm
  8.3 MAP 0 components resolved on runnervmeef0v, folded into capture.json
  == ROOTS (from capture.json — R2: no ambient reads) ==
    project       D:\jail\m-cldrdata-mtsbnavq\observe   [keyed on]
    home          C:\Users\runneradmin   [keyed on]
    jailHome      (null — declared inapplicable)
    globalStore   C:\Users\runneradmin\AppData\Local\nub\pm\store
    projectStore  D:\jail\m-cldrdata-mtsbnavq\observe\node_modules\.store
    interpreter   C:\hostedtoolcache\windows\node\22.23.2\x64\node.exe
    toolsDir      C:\Users\runneradmin\AppData\Local\nub\pm\tools
    temp          D:\jail\m-cldrdata-mtsbnavq\tmp   [keyed on]
    npmPrefix     (null — declared inapplicable)
    ownPkg        D:\jail\m-cldrdata-mtsbnavq\observe\node_modules\cldr-data
  == ATTRIBUTION == lifecycle pids: 2 (root 6276)
    writes  script 1536  /  whole traced tree 1543
    peers   script 1  /  whole traced tree 1
  == WRITES ==
    deps       1536
  == READS ==
    deps       1629
    outside       6
    project       2
    systemfs     30
  == NETWORK ==
    distinct peers: 1
        104.26.11.47:80
  == REFUSALS (adapter-classified) ==
    distinct: 0
  == SYNTHESIZED GRANT (verify this in the real unprivileged jail) ==
    {"write":{"deps":true},"network":true}
  RAW       etw-raw.xml.gz  76708349 B xml -> 1077678 B gz (71.2x)  sha256 b433bd0a48707765…
  HEADER    etw-header.json (5066 bytes)
  DERIVED   13395 distinct from 18035 kept ops (60026 xml events, 4809 out of subtree)
  PROCS     4   thread-reattributed 0
  ⛔ 11 operations with NO OperationEnd — kept, status marked unknown
  8.3       0 expanded, 0 kept short, 0 not covered  [map: recorded 8.3 map (0 components, resolved on runnervmeef0v)]
  wrote events.ndjson.gz (171584 bytes)
  RAWLOG-CAPTURE D:\jail\m-cldrdata-mtsbnavq\cap\capture.json
  VENUE-NUB-BINARY {"path":"C:/Users/RUNNER~1/AppData/Local/Temp/nub/target/release/nub.exe","sha256":"f186817a44be332fee712b4936a071a0b5f9cde18a1d2fdc3a791729d4bf1005","bytes":68717056,"features":{"buildJailCatalogOverride":true,"pythonDontWriteBytecodeEnv":true}}
  VENUE-INTERPRETER C:\hostedtoolcache\windows\node\22.23.2\x64\node.exe
  VENUE-JAIL-ROOT D:\jail\m-cldrdata-mtsbnavq
  VENUE-OVERRIDES {"set":{"npm_config_cache":"D:\\jail\\m-cldrdata-mtsbnavq\\npm-cache","TMP":"D:\\jail\\m-cldrdata-mtsbnavq\\tmp","TEMP":"D:\\jail\\m-cldrdata-mtsbnavq\\tmp","TMPDIR":"D:\\jail\\m-cldrdata-mtsbnavq\\tmp"},"unset":["CI","GITHUB_ACTIONS"],"notRedirected":{"USERPROFILE":"C:\\Users\\runneradmin","why":"the jail leaves HOME/USERPROFILE alone — `build_jail.rs` sandbox_homes() reads the ambient value and `compiler/defaults.rs` BASELINE_ENV_EXACT passes it through — so there is no private jail home to reproduce and redirecting one would measure an environment no confined script sees"},"passedThrough":{"CI":"true","GITHUB_ACTIONS":"true","NODE_ENV":null}}
  STORE   isolated virtual store at D:\jail\m-cldrdata-mtsbnavq\verify-synth\.cache
  VENUE-STORE-LAYOUT isolated
OSV-SCREEN {"schemaVersion":1,"kind":"nub-synth-resolved","status":"clean","digest":"b639d2790b0d9b45c774b87700dc6a15719f30de6240f222999461168f0711c7","specCount":57,"lockfiles":{"digest":"64ce8fbf657bc4ddcf72ba96bd5f0e89e13a6cf3e01a9af458b51e009a432f26","files":[{"path":"nub.lock","sha256":"c4f81ab25981fd2309ce98aab1ecaee195b669b9018ca656bac728f38b9c2332","bytes":14569}]},"maliciousAdvisories":[],"screenedAt":"2026-09-08T07:02:11.325Z","cacheHit":false,"clearancePath":"D:\\jail\\m-cldrdata-mtsbnavq\\security\\nub-synth-resolved.json"}
  SECURITY nub-synth-resolved clean: 57 exact package-version(s), tree b639d2790b0d
  VERIFY[synth] rc=0 artifacts=1500/1500 missing=0 shortfall=none (tree 8046/2136) OVERRIDDEN=2 REJECTED=0 grant={"write":{"deps":true},"network":true}
  => MINIMUM {"write":{"deps":true},"network":true}   (observed, then verified)
  STORE   isolated virtual store at D:\jail\m-cldrdata-mtsbnavq\verify-nar-no-network\.cache
OSV-SCREEN {"schemaVersion":1,"kind":"nub-nar-no-network-resolved","status":"clean","digest":"b639d2790b0d9b45c774b87700dc6a15719f30de6240f222999461168f0711c7","specCount":57,"lockfiles":{"digest":"64ce8fbf657bc4ddcf72ba96bd5f0e89e13a6cf3e01a9af458b51e009a432f26","files":[{"path":"nub.lock","sha256":"c4f81ab25981fd2309ce98aab1ecaee195b669b9018ca656bac728f38b9c2332","bytes":14569}]},"maliciousAdvisories":[],"screenedAt":"2026-09-08T07:02:11.325Z","cacheHit":true,"clearancePath":"D:\\jail\\m-cldrdata-mtsbnavq\\security\\nub-nar-no-network-resolved.json"}
  SECURITY nub-nar-no-network-resolved clean: 57 exact package-version(s), tree b639d2790b0d (cached exact-tree clearance)
  VERIFY[nar-no-network] rc=1 artifacts=10/1500 missing=1490 shortfall=c7f62a0d294b (tree 6557/2136) OVERRIDDEN=2 REJECTED=0 grant={"write":{"deps":true}}
     missing artifacts: json/availableLocales.json, json/icu-license.html, json/main/ar/ca-buddhist.json, json/main/ar/ca-chinese.json, json/main/ar/ca-coptic.json, json/main/ar/ca-dangi.json (+1484)
     'no-network' is NECESSARY — dropping it fails to verify
  STORE   isolated virtual store at D:\jail\m-cldrdata-mtsbnavq\verify-nar-no-write-deps\.cache
OSV-SCREEN {"schemaVersion":1,"kind":"nub-nar-no-write-deps-resolved","status":"clean","digest":"b639d2790b0d9b45c774b87700dc6a15719f30de6240f222999461168f0711c7","specCount":57,"lockfiles":{"digest":"64ce8fbf657bc4ddcf72ba96bd5f0e89e13a6cf3e01a9af458b51e009a432f26","files":[{"path":"nub.lock","sha256":"c4f81ab25981fd2309ce98aab1ecaee195b669b9018ca656bac728f38b9c2332","bytes":14569}]},"maliciousAdvisories":[],"screenedAt":"2026-09-08T07:02:11.325Z","cacheHit":true,"clearancePath":"D:\\jail\\m-cldrdata-mtsbnavq\\security\\nub-nar-no-write-deps-resolved.json"}
  SECURITY nub-nar-no-write-deps-resolved clean: 57 exact package-version(s), tree b639d2790b0d (cached exact-tree clearance)
  VERIFY[nar-no-write-deps] rc=0 artifacts=1500/1500 missing=0 shortfall=none (tree 8046/2136) OVERRIDDEN=2 REJECTED=0 grant={"network":true}
     ⛔ OVER-PREDICTED — the strictly narrower {"network":true} also verifies; 'no-write-deps' was not needed
