OSV-SCREEN {"schemaVersion":1,"kind":"direct","status":"clean","digest":"eb8e08c38e0ed93edd66b5d50ee58d7cf3321a035ad2a603e27f243c91b18d86","specCount":1,"lockfiles":{"digest":null,"files":[]},"maliciousAdvisories":[],"screenedAt":"2026-08-31T20:01:17.639Z","cacheHit":false,"clearancePath":"/Users/runner/v2m-RIIf35/security/direct.json"}
  SECURITY direct clean: 1 exact package-version(s), tree eb8e08c38e0e
  ERA-NODE PINNED 4.9.1 (provisioned) (arms will run: v4.9.1)
  ERA-PYTHON /usr/local/bin/python2.7 (Python 2.7.18) for era Node 0, whose node-gyp requires python2
  ARM-MAKE /usr/bin/make (GNU Make 3.81) — the system make; a build needing GNU Make 4 WILL fail here
### pngout-bin@0.1.6   (/Users/runner/v2m-RIIf35)   nub=/tmp/nub/target/release/nub
  VENUE-NUB-BINARY {"path":"/tmp/nub/target/release/nub","sha256":"69e622342d0c8393c78fa50a01dc9cc0a94371ac9b106b59bdcc016f06d86d30","bytes":94535576,"features":{"buildJailCatalogOverride":true,"pythonDontWriteBytecodeEnv":true}}
  CI-ENV scrubbed: CI GITHUB_ACTIONS
  --- fbt preflight (advisory; never fails the run) ---
     csrutil: System Integrity Protection status: disabled.
     fbt probes visible: 93577
     fbt enable attempt: dtrace: description 'fbt:::entry ' matched 50357 probes CPU     ID                    FUNCTION:NAME 
     cwd builtin value:  
     fbt chdir symbols:  
     fbt fires on spawn-with-cwd: dtrace: invalid probe specifier fbt::chdir*:entry /progenyof($target)/ { @[probefunc] = count(); }: probe description fbt::chdir*:entry does not match any probes 
  --- end fbt preflight ---
  ERA-RESOLUTION DATED 2014-09-21T15:20:16.125Z (deps as of the package's own publish date + 1d)
OSV-SCREEN {"schemaVersion":1,"kind":"npm-observe-resolved","status":"clean","digest":"74a8cf7125cf797c0c1add2bd612b4e0992ea66544aa583d6304c5d37973766e","specCount":107,"lockfiles":{"digest":"f42a6231d149a75144d49e56c6c6cb6b7b0ee3f8efa2daca45c9a7bccbb16465","files":[{"path":"package-lock.json","sha256":"f6b2f07c0c1e5eabbcdf74696e851306963e94a9313cf4914a5631ad04370b05","bytes":44043}]},"maliciousAdvisories":[],"screenedAt":"2026-08-31T20:01:31.403Z","cacheHit":false,"clearancePath":"/Users/runner/v2m-RIIf35/security/npm-observe-resolved.json"}
  SECURITY npm-observe-resolved clean: 107 exact package-version(s), tree 74a8cf7125cf
  ARM-PATH SANITISED (dropped 1: /Users/runner/.yarn/bin)
  ARM-AMBIENT-TOOLS 1 leaked: rimraf=/Users/runner/v2m-RIIf35/Observe/node_modules/.bin/rimraf
  ARM-SCAFFOLD none
  ARM-UNPROVIDABLE none
  VENUE-CI-CHILD clean (no CI-detection variable reaches the traced script)
  ARM-REBUILD-SPEC pngout-bin@0.1.6
  --- wrapper (run.sh) ---
     cd "/Users/runner/v2m-RIIf35/Observe"
     sudo -u "runner" -H env "PATH=/Users/runner/v2m-RIIf35/Observe/node_modules/.bin:/Users/runner/.cache/nub/era-node/4.9.1/node-v4.9.1-darwin-x64/bin:/Users/runner/hostedtoolcache/node/22.23.2/arm64/bin:/opt/homebrew/lib/ruby/gems/3.3.0/bin:/opt/homebrew/opt/ruby@3.3/bin:/Users/runner/.local/bin:/opt/homebrew/bin:/opt/homebrew/sbin:/Users/runner/.cargo/bin:/usr/local/opt/curl/bin:/usr/local/bin:/usr/local/sbin:/Users/runner/bin:/Users/runner/Library/Android/sdk/tools:/Users/runner/Library/Android/sdk/platform-tools:/Library/Frameworks/Python.framework/Versions/Current/bin:/Library/Frameworks/Mono.framework/Versions/Current/Commands:/usr/bin:/bin:/usr/sbin:/sbin:/Users/runner/.dotnet/tools"   "HOME=/Users/runner/v2m-RIIf35/jailhome"   "TMPDIR=/private/var/folders/_5/zjnzxgh147qcg3bb5cg2wvqw0000gn/T/nub-tmp-obs318MAb"   "NODE_COMPAT=1"   "PYTHONDONTWRITEBYTECODE=1"   "PLAYWRIGHT_BROWSERS_PATH=/Users/runner/.cache/nub/pm/tools/ms-playwright"   "ELECTRON_CACHE=/Users/runner/.cache/nub/pm/tools/electron-cache"   "electron_config_cache=/Users/runner/.cache/nub/pm/tools/electron-cache"   "npm_config_prefix=/Users/runner/.cache/nub/pm/tools/npm-prefix"   PYTHON=/usr/local/bin/python2.7   npm rebuild --no-audit --no-fund "pngout-bin@0.1.6" > "/Users/runner/v2m-RIIf35/Observe/npm.log" 2>&1
     echo $? > "/Users/runner/v2m-RIIf35/Observe/rc"
  --- dtrace stderr + wrapper trace ---
     + cd /Users/runner/v2m-RIIf35/Observe
     + sudo -u runner -H env PATH=/Users/runner/v2m-RIIf35/Observe/node_modules/.bin:/Users/runner/.cache/nub/era-node/4.9.1/node-v4.9.1-darwin-x64/bin:/Users/runner/hostedtoolcache/node/22.23.2/arm64/bin:/opt/homebrew/lib/ruby/gems/3.3.0/bin:/opt/homebrew/opt/ruby@3.3/bin:/Users/runner/.local/bin:/opt/homebrew/bin:/opt/homebrew/sbin:/Users/runner/.cargo/bin:/usr/local/opt/curl/bin:/usr/local/bin:/usr/local/sbin:/Users/runner/bin:/Users/runner/Library/Android/sdk/tools:/Users/runner/Library/Android/sdk/platform-tools:/Library/Frameworks/Python.framework/Versions/Current/bin:/Library/Frameworks/Mono.framework/Versions/Current/Commands:/usr/bin:/bin:/usr/sbin:/sbin:/Users/runner/.dotnet/tools HOME=/Users/runner/v2m-RIIf35/jailhome TMPDIR=/private/var/folders/_5/zjnzxgh147qcg3bb5cg2wvqw0000gn/T/nub-tmp-obs318MAb NODE_COMPAT=1 PYTHONDONTWRITEBYTECODE=1 PLAYWRIGHT_BROWSERS_PATH=/Users/runner/.cache/nub/pm/tools/ms-playwright ELECTRON_CACHE=/Users/runner/.cache/nub/pm/tools/electron-cache electron_config_cache=/Users/runner/.cache/nub/pm/tools/electron-cache npm_config_prefix=/Users/runner/.cache/nub/pm/tools/npm-prefix PYTHON=/usr/local/bin/python2.7 npm rebuild --no-audit --no-fund pngout-bin@0.1.6
     dtrace: error on enabled probe ID 128 (ID 286: syscall::execve:entry): invalid address (0x6000014f9170) in action #1 at DIF offset 20
     + echo 0
  OBSERVE   rc=0 dtrace_rc=0 files=903 (pre=900) trace=15391 lines
  CLOSURE   101 packages evicted per arm   store=/Users/runner/.cache/nub/pm/store
  RAWLOG-FILE /Users/runner/v2m-RIIf35/Observe/trace.txt.gz
  RAWLOG-CAPTURE /Users/runner/v2m-RIIf35/Observe/capture.json
  RAWLOG-BYTES raw=2212032 gz=94897
  VENUE-INTERPRETER /Users/runner/hostedtoolcache/node/22.23.2/arm64
  VENUE-NODE-SELECTION {"pkg":"pngout-bin","packageVersion":"0.1.6","major":4,"version":"4.9.1","npm":"2.15.11","pinnable":true,"engines":">=0.10.0","publishedAt":"2014-09-20T15:20:16.125Z","eraMajor":0,"startMajor":4,"raisedByEngines":false,"enginesUnsatisfiable":false,"clampedToFloor":true,"clampedToCeiling":false,"matrixFloor":4,"matrixCeiling":26,"lookupFailure":null,"pinned":true,"pinnedBin":"/Users/runner/.cache/nub/era-node/4.9.1/node-v4.9.1-darwin-x64/bin","eraNodeRoot":"/Users/runner/.cache/nub"}
  VENUE-OVERRIDES {"set":{"PATH":"inherited-and-forwarded","HOME":"/Users/runner/v2m-RIIf35/jailhome","TMPDIR":"/private/var/folders/_5/zjnzxgh147qcg3bb5cg2wvqw0000gn/T/nub-tmp-obs318MAb","NODE_COMPAT":"1","PYTHONDONTWRITEBYTECODE":"1","PLAYWRIGHT_BROWSERS_PATH":"/Users/runner/.cache/nub/pm/tools/ms-playwright","ELECTRON_CACHE":"/Users/runner/.cache/nub/pm/tools/electron-cache","electron_config_cache":"/Users/runner/.cache/nub/pm/tools/electron-cache","npm_config_prefix":"/Users/runner/.cache/nub/pm/tools/npm-prefix"},"unset":["(sudo env_reset discards the caller environment; every var above is re-set after it)","CI","GITHUB_ACTIONS"],"passedThrough":{"CI":"true","GITHUB_ACTIONS":"true","NODE_ENV":null}}
  VENUE-OBSERVE-USER runner uid=501 (R7: ordinary non-root user, asserted)
  ARM-FALSIFIABILITY {"manifestFiles":8,"filesTheScriptProduced":1,"reasons":[]}
  EVENTLOG-FILE /Users/runner/v2m-RIIf35/Observe/events.ndjson.gz
  EVENTLOG-STATS {"lines":15392,"parsed":15370,"unparsed":0,"live":true,"tracerErrors":1,"tracerErrorTotal":1,"unresolvedDirfd":30,"unresolvedFd":0,"pairedTwoPath":0,"danglingPair":0,"failed":10398,"enoent":10389,"refusals":1,"byErrno":{"ENXIO":4,"ENOENT":10389,"EEXIST":3,"EPERM":1,"ENOTEMPTY":1},"procs":8,"lifecyclePids":1,"distinctEvents":8098,"emitted":8098,"calls":15327,"bytes":1352386,"gzipBytes":49564,"out":"/Users/runner/v2m-RIIf35/Observe/events.ndjson"}
  == TRACER == live=true decodable-events=1739 dropped-events=1
    NOTE 20 relative path(s) under a non-AT_FDCWD dirfd were not
       scope-assigned: resolving them against the cwd would invent a path.
    ⛔ CWD-UNOBSERVED 3 relative path(s) (0 write(s)) came from a lifecycle
       process whose own cwd was never observed
       macOS spawns with posix_spawn addchdir_np, which changes directory in-kernel and
       emits no chdir syscall, so the inherited cwd cannot be trusted. These are NOT
       scope-assigned; the grant below is WIDENED instead so it covers wherever they landed.
         pid=75861 read  unproven .
         pid=75861 read  unproven .
         pid=75861 read  unproven .
    ⛔ THE TRACER DROPPED 1 EVENT(S). A dropped event is a path never
       seen, so the grant below can only be too NARROW — the direction that breaks installs.
       Treat it as a FLOOR, not a measurement, until the adapter fault is fixed:
             1 x  epid=128 action=1 fault=1 addr=0x6000014f9170
  == ATTRIBUTION == lifecycle pids: 1
    writes  script 4  /  whole traced subtree 10
    sockets script 2  /  whole traced subtree 2
  == ROOTS (from /Users/runner/v2m-RIIf35/Observe/capture.json; the classifier reads no other source) ==
    project       /Users/runner/v2m-RIIf35/Observe
    home          /Users/runner
    jailHome      /Users/runner/v2m-RIIf35/jailhome
    globalStore   /Users/runner/.cache/nub/pm/store
    projectStore  /Users/runner/v2m-RIIf35/Observe/node_modules/.store
    interpreter   /Users/runner/hostedtoolcache/node/22.23.2/arm64
    toolsDir      /Users/runner/.cache/nub/pm/tools
    temp          /private/var/folders/_5/zjnzxgh147qcg3bb5cg2wvqw0000gn/T/nub-tmp-obs318MAb
    npmPrefix     /Users/runner/.cache/nub/pm/tools/npm-prefix
    ownPkg        /Users/runner/v2m-RIIf35/Observe/node_modules/pngout-bin
    cwd           (null — this platform has no such root)
  == WRITES the script actually performed ==
    ownPkg        4  (base profile already grants this — NOT billed)
        /Users/runner/v2m-RIIf35/Observe/node_modules/pngout-bin/test/tmp
        /Users/runner/v2m-RIIf35/Observe/node_modules/pngout-bin/vendor
        /Users/runner/v2m-RIIf35/Observe/node_modules/pngout-bin/vendor/pngout
        /Users/runner/v2m-RIIf35/Observe/node_modules/pngout-bin/test/tmp/test.png
  == READS the script performed, by scope ==
    systemfs     10
    outside       7
    userHome      2
    ownPkg        7
    deps        280
        outside: /
        outside: /bin/sh
        outside: /bin
        outside: /bin/bash
        outside: /etc/resolv.conf
        outside: /var/db/timezone/zoneinfo/UTC
        outside: /var/db/timezone/zoneinfo/posixrules
  == NETWORK ==
    AF_INET connects: 2   distinct peers: 2
        185.199.109.133:443
        185.199.111.133:443
  == REFUSALS (errno EPERM/EACCES/EROFS only; ENOENT is a miss, not a denial) ==
    distinct: 1
        unlink errno=1 /Users/runner/v2m-RIIf35/Observe/node_modules/pngout-bin/test/tmp
  == SYNTHESIZED GRANT (verify this in the real unprivileged jail) ==
    {"network":true}
  == writePaths (DERIVED — promotion out of the package's PRIVATE home) ==
    private-home writes observed: 0
    none declared — the script wrote nothing into its private home — there is nothing to promote
  == writePaths FEASIBILITY (distinct writes outside project/deps) ==
    count: 0
  EVICT[synth] 41 store entries removed, 56 spared as nub tooling, 790 in store
OSV-SCREEN {"schemaVersion":1,"kind":"nub-synth-resolved","status":"clean","digest":"31ec9e298a126483b7a9565d2bda3490116dd8a4d0c23fb97cd539de241fca48","specCount":264,"lockfiles":{"digest":"e68f175ccfbde531c9ee0e125d4ce99daa0008b53f2330d8f944c355a05a040a","files":[{"path":"nub.lock","sha256":"8f43d3efb14c237155890975860c6582b098f5a976f90b854e74ab04d6c395de","bytes":63686}]},"maliciousAdvisories":[],"screenedAt":"2026-08-31T20:01:54.991Z","cacheHit":false,"clearancePath":"/Users/runner/v2m-RIIf35/security/nub-synth-resolved.json"}
  SECURITY nub-synth-resolved clean: 264 exact package-version(s), tree 31ec9e298a12
  VENUE-STORE-LAYOUT isolated
  VERIFY[synth] rc=1 artifacts=7/8 missing=1 shortfall=99617e73f0dd (tree 7356/903) OVERRIDDEN=3 REJECTED=0 grant={"network":true}
       missing: vendor/pngout
     [synth/a] /Users/runner/.cache/nub/pm/store/psl@1.15.0-2f9ec0a830a560da/node_modules/psl/dist/psl.cjs:1
     [synth/a] SyntaxError: Unexpected token ...
  !! OBSERVE UNDER-PREDICTED — the synthesized grant did NOT verify. This is the correctness
     finding: OBSERVE saw a run that the jail then refused on some axis it did not cover.
     The bounded ladder below is the repair; the terminal verdict waits on its outcome.
  DIAGNOSE  re-running the failing grant JAILED, under dtrace
     trace lines: 11449
     refused paths under the failing grant (count, path):
     ⇒ TREAT THIS AS A CANDIDATE SET, NOT AN ANSWER. On Linux the last refusal before a
       fatal exit was a trailing red herring once already; settle it with a
       single-variable arm per path plus a negative control granting all the others.
  synthesized grant did not verify — falling back to a bounded ladder
  EVICT[fb903772438] 60 store entries removed, 56 spared as nub tooling, 833 in store
OSV-SCREEN {"schemaVersion":1,"kind":"nub-fb903772438-resolved","status":"clean","digest":"31ec9e298a126483b7a9565d2bda3490116dd8a4d0c23fb97cd539de241fca48","specCount":264,"lockfiles":{"digest":"e68f175ccfbde531c9ee0e125d4ce99daa0008b53f2330d8f944c355a05a040a","files":[{"path":"nub.lock","sha256":"8f43d3efb14c237155890975860c6582b098f5a976f90b854e74ab04d6c395de","bytes":63686}]},"maliciousAdvisories":[],"screenedAt":"2026-08-31T20:01:54.991Z","cacheHit":true,"clearancePath":"/Users/runner/v2m-RIIf35/security/nub-fb903772438-resolved.json"}
  SECURITY nub-fb903772438-resolved clean: 264 exact package-version(s), tree 31ec9e298a12 (cached exact-tree clearance)
  VERIFY[fb903772438] rc=1 artifacts=7/8 missing=1 shortfall=99617e73f0dd (tree 7356/903) OVERRIDDEN=3 REJECTED=0 grant={"write":{"deps":true,"project":true,"userHome":true},"network":true}
       missing: vendor/pngout
     [fb903772438/a] /Users/runner/.cache/nub/pm/store/psl@1.15.0-2f9ec0a830a560da/node_modules/psl/dist/psl.cjs:1
     [fb903772438/a] SyntaxError: Unexpected token ...
  EVICT[fb2128993570] 60 store entries removed, 56 spared as nub tooling, 833 in store
OSV-SCREEN {"schemaVersion":1,"kind":"nub-fb2128993570-resolved","status":"clean","digest":"31ec9e298a126483b7a9565d2bda3490116dd8a4d0c23fb97cd539de241fca48","specCount":264,"lockfiles":{"digest":"e68f175ccfbde531c9ee0e125d4ce99daa0008b53f2330d8f944c355a05a040a","files":[{"path":"nub.lock","sha256":"8f43d3efb14c237155890975860c6582b098f5a976f90b854e74ab04d6c395de","bytes":63686}]},"maliciousAdvisories":[],"screenedAt":"2026-08-31T20:01:54.991Z","cacheHit":true,"clearancePath":"/Users/runner/v2m-RIIf35/security/nub-fb2128993570-resolved.json"}
  SECURITY nub-fb2128993570-resolved clean: 264 exact package-version(s), tree 31ec9e298a12 (cached exact-tree clearance)
  VERIFY[fb2128993570] rc=1 artifacts=7/8 missing=1 shortfall=99617e73f0dd (tree 7356/903) OVERRIDDEN=3 REJECTED=0 grant={"write":{"deps":true,"project":true,"userHome":true},"read":"disk","network":true}
       missing: vendor/pngout
     [fb2128993570/a] /Users/runner/.cache/nub/pm/store/psl@1.15.0-2f9ec0a830a560da/node_modules/psl/dist/psl.cjs:1
     [fb2128993570/a] SyntaxError: Unexpected token ...
  EVICT[fb1962834996] 60 store entries removed, 56 spared as nub tooling, 833 in store
OSV-SCREEN {"schemaVersion":1,"kind":"nub-fb1962834996-resolved","status":"clean","digest":"31ec9e298a126483b7a9565d2bda3490116dd8a4d0c23fb97cd539de241fca48","specCount":264,"lockfiles":{"digest":"e68f175ccfbde531c9ee0e125d4ce99daa0008b53f2330d8f944c355a05a040a","files":[{"path":"nub.lock","sha256":"8f43d3efb14c237155890975860c6582b098f5a976f90b854e74ab04d6c395de","bytes":63686}]},"maliciousAdvisories":[],"screenedAt":"2026-08-31T20:01:54.991Z","cacheHit":true,"clearancePath":"/Users/runner/v2m-RIIf35/security/nub-fb1962834996-resolved.json"}
  SECURITY nub-fb1962834996-resolved clean: 264 exact package-version(s), tree 31ec9e298a12 (cached exact-tree clearance)
  VERIFY[fb1962834996] rc=1 artifacts=7/8 missing=1 shortfall=99617e73f0dd (tree 7356/903) OVERRIDDEN=3 REJECTED=0 grant={"write":"disk","network":true}
       missing: vendor/pngout
     [fb1962834996/a] /Users/runner/.cache/nub/pm/store/psl@1.15.0-2f9ec0a830a560da/node_modules/psl/dist/psl.cjs:1
     [fb1962834996/a] SyntaxError: Unexpected token ...
  NOT-GRANT-INDEPENDENT every arm exited non-zero — nothing installed at any grant
  jail-off control: resolved as nspjailoffcontrol (rc=0)
OSV-SCREEN {"schemaVersion":1,"kind":"nub-unjailed-resolved","status":"clean","digest":"31ec9e298a126483b7a9565d2bda3490116dd8a4d0c23fb97cd539de241fca48","specCount":264,"lockfiles":{"digest":"e68f175ccfbde531c9ee0e125d4ce99daa0008b53f2330d8f944c355a05a040a","files":[{"path":"nub.lock","sha256":"8f43d3efb14c237155890975860c6582b098f5a976f90b854e74ab04d6c395de","bytes":63686}]},"maliciousAdvisories":[],"screenedAt":"2026-08-31T20:01:54.991Z","cacheHit":true,"clearancePath":"/Users/runner/v2m-RIIf35/security/nub-unjailed-resolved.json"}
  SECURITY nub-unjailed-resolved clean: 264 exact package-version(s), tree 31ec9e298a12 (cached exact-tree clearance)
  jail-off control: nub failed with the jail OFF; asking npm before naming a culprit
    | warn:   punycode@2.3.1: wanted node >=6, got 4.9.1
    | warn:   request@2.88.2: wanted node >= 6, got 4.9.1
    | WARN defaultTrust: running build scripts for pngout-bin@0.1.6
    | warning: pngout-bin build scripts are running without the build sandbox (install.buildJail is false in nub.jsonc)
    | /Users/runner/.cache/nub/pm/store/psl@1.15.0-2f9ec0a830a560da/node_modules/psl/dist/psl.cjs:1
    | (function (exports, require, module, __filename, __dirname) { "use strict";Object.defineProperties(exports,{__esModule:{value:!0},[Symbol.toStringTag]:{value:"Module"}});function K(e){return e&&e.__esModule&&Object.prototype.hasOwnProperty.call(e,"default")?e.default:e}var O,F;function Q(){if(F)return O;F=1;const e=2147483647,s=36,c=1,o=26,t=38,d=700,z=72,y=128,g="-",P=/^xn--/,V=/[^\0-\x7F]/,G=/[\x2E\u3002\uFF0E\uFF61]/g,W={overflow:"Overflow: input needs wider integers to process","not-basic":"Illegal input >= 0x80 (not a basic code point)","invalid-input":"Invalid input"},C=s-c,h=Math.floor,I=String.fromCharCode;function v(a){throw new RangeError(W[a])}function U(a,i){const m=[];let n=a.length;for(;n--;)m[n]=i(a[n]);return m}function S(a,i){const m=a.split("@");let n="";m.length>1&&(n=m[0]+"@",a=m[1]),a=a.replace(G,".");const r=a.split("."),p=U(r,i).join(".");return n+p}function L(a){const i=[];let m=0;const n=a.
    | SyntaxError: Unexpected token ...
    |     at exports.runInThisContext (vm.js:53:16)
    |     at Module._compile (module.js:373:25)
    |     at Object.Module._extensions..js (module.js:416:10)
    |     at Module.load (module.js:343:32)
    |     at Function.Module._load (module.js:300:12)
    |     at Module.require (module.js:353:17)
    |     at require (internal/module.js:12:17)
    |     at Object.<anonymous> (/Users/runner/.cache/nub/pm/store/tough-cookie@2.5.0-999edf9b5e6f617d/node_modules/tough-cookie/lib/pubsuffix-psl.js:32:11)
    |     at Module._compile (module.js:409:26)
    |     at Object.Module._extensions..js (module.js:416:10)
    |   × lifecycle script postinstall failed for pngout-bin@0.1.6: script
    |   │ `postinstall` exited with code 1
OSV-SCREEN {"schemaVersion":1,"kind":"npm-fallback-resolved","status":"clean","digest":"1dd62d10bad11d81b19a7756e93f6299ae01ae3fdff17c565c21738e404f0f5e","specCount":266,"lockfiles":{"digest":null,"files":[]},"maliciousAdvisories":[],"screenedAt":"2026-08-31T20:04:47.489Z","cacheHit":false,"clearancePath":"/Users/runner/v2m-RIIf35/security/npm-fallback-resolved.json"}
  SECURITY npm-fallback-resolved clean: 266 exact package-version(s), tree 1dd62d10bad1
  NPM-REFERENCE rebuild rc=1 for pngout-bin@0.1.6 (era 4.9.1)
    | npm ERR! node v4.9.1
    | npm ERR! npm  v2.15.11
    | npm ERR! code ELIFECYCLE
    | npm ERR! pngout-bin@0.1.6 postinstall: `node lib/install.js`
    | npm ERR! Exit status 1
    | npm ERR! 
    | npm ERR! Failed at the pngout-bin@0.1.6 postinstall script 'node lib/install.js'.
    | npm ERR! This is most likely a problem with the pngout-bin package,
    | npm ERR! not with npm itself.
    | npm ERR! Tell the author that this fails on your system:
    | npm ERR!     node lib/install.js
    | npm ERR! You can get information on how to open an issue for this project with:
    | npm ERR!     npm bugs pngout-bin
    | npm ERR! Or if that isn't available, you can get their info via:
    | npm ERR! 
    | npm ERR!     npm owner ls pngout-bin
    | npm ERR! There is likely additional logging output above.
    | 
    | npm ERR! Please include the following file with any support request:
    | npm ERR!     /private/var/folders/_5/zjnzxgh147qcg3bb5cg2wvqw0000gn/T/nspnpm-D6QLDd/npm-debug.log
  jail-off control: neither nub nor npm installs this unjailed; nothing to measure
  => BROKEN-WITHOUT-JAIL-TOO
