### fallow@2.9.3   (D:\jail\m-fallow-mtsn3ahx)
  CI-ENV scrubbed: CI GITHUB_ACTIONS
OSV-SCREEN {"schemaVersion":1,"kind":"direct","status":"clean","digest":"f8d8d3a11cf96687559263ccd6cacbb3f046f67b90a11e9502f7352e08b6f813","specCount":1,"lockfiles":{"digest":null,"files":[]},"maliciousAdvisories":[],"screenedAt":"2026-09-08T12:22:15.879Z","cacheHit":false,"clearancePath":"D:\\jail\\m-fallow-mtsn3ahx\\security\\direct.json"}
  SECURITY direct clean: 1 exact package-version(s), tree f8d8d3a11cf9
OSV-SCREEN {"schemaVersion":1,"kind":"npm-observe-resolved","status":"clean","digest":"87ba96fa81a7ad05a91d1bb0c44c2ad7d2713ff70e1aaa18c941b86f0476d3f7","specCount":3,"lockfiles":{"digest":"27aa9fe1ff6616f4af547357bd4799b11d7b8976f154684663137fc6878d6668","files":[{"path":"package-lock.json","sha256":"e83944a66120346d89fd6130a7bd3fdf840d2b7a660f60a42f4a48a2bfee35d9","bytes":4397}]},"maliciousAdvisories":[],"screenedAt":"2026-09-08T12:22:17.841Z","cacheHit":false,"clearancePath":"D:\\jail\\m-fallow-mtsn3ahx\\security\\npm-observe-resolved.json"}
  SECURITY npm-observe-resolved clean: 3 exact package-version(s), tree 87ba96fa81a7
  CAPTURE user=runnervmeef0v\runneradmin elevated=True rootPid=1004 exit=0 events=53675 lost=0
  VENUE-OBSERVE-USER runnervmeef0v\runneradmin elevated=true privDropped={"SeBackupPrivilege":"removed","SeRestorePrivilege":"removed","SeTakeOwnershipPrivilege":"removed"}
  OBSERVE artifacts: 4 files  (D:\jail\m-fallow-mtsn3ahx\observe\node_modules\fallow)
  ARM-FALSIFIABILITY {"manifestFiles":4,"filesTheScriptProduced":0,"reasons":["gate-vacuous"]}
  ⛔ ARMS-UNFALSIFIABLE — a green arm for this package carries no evidence:
       gate-vacuous: the script changed no file the artifact gate keys on — every file in the manifest (4) was already present at its final size before the script ran, so the gate passes in every arm including a completely broken one
       The grant may still be correct; what is missing is a signal that could have gone
       red. Do not read this record's MINIMAL as a passing measurement.
  CLOSURE 3 packages evicted per arm
  8.3 MAP 0 components resolved on runnervmeef0v, folded into capture.json
  == ROOTS (from capture.json — R2: no ambient reads) ==
    project       D:\jail\m-fallow-mtsn3ahx\observe   [keyed on]
    home          C:\Users\runneradmin   [keyed on]
    jailHome      (null — declared inapplicable)
    globalStore   C:\Users\runneradmin\AppData\Local\nub\pm\store
    projectStore  D:\jail\m-fallow-mtsn3ahx\observe\node_modules\.store
    interpreter   C:\hostedtoolcache\windows\node\22.23.2\x64\node.exe
    toolsDir      C:\Users\runneradmin\AppData\Local\nub\pm\tools
    temp          D:\jail\m-fallow-mtsn3ahx\tmp   [keyed on]
    npmPrefix     (null — declared inapplicable)
    ownPkg        D:\jail\m-fallow-mtsn3ahx\observe\node_modules\fallow
  == ATTRIBUTION == lifecycle pids: 2 (root 1004)
    writes  script 0  /  whole traced tree 11
    peers   script 0  /  whole traced tree 0
  == WRITES ==
  == READS ==
    deps          6
    outside       6
    project       1
    systemfs     23
  == NETWORK ==
    distinct peers: 0
  == REFUSALS (adapter-classified) ==
    distinct: 0
  == SYNTHESIZED GRANT (verify this in the real unprivileged jail) ==
    {}
  RAW       etw-raw.xml.gz  69120722 B xml -> 1002311 B gz (69.0x)  sha256 2f67bcee08e1287b…
  HEADER    etw-header.json (5044 bytes)
  DERIVED   5262 distinct from 6427 kept ops (53675 xml events, 13925 out of subtree)
  PROCS     4   thread-reattributed 1
  ⛔ 1 operations with NO OperationEnd — kept, status marked unknown
  8.3       0 expanded, 0 kept short, 0 not covered  [map: recorded 8.3 map (0 components, resolved on runnervmeef0v)]
  wrote events.ndjson.gz (66600 bytes)
  RAWLOG-CAPTURE D:\jail\m-fallow-mtsn3ahx\cap\capture.json
  VENUE-NUB-BINARY {"path":"C:/Users/RUNNER~1/AppData/Local/Temp/nub/target/release/nub.exe","sha256":"f186817a44be332fee712b4936a071a0b5f9cde18a1d2fdc3a791729d4bf1005","bytes":68717056,"features":{"buildJailCatalogOverride":true,"pythonDontWriteBytecodeEnv":true}}
  VENUE-INTERPRETER C:\hostedtoolcache\windows\node\22.23.2\x64\node.exe
  VENUE-JAIL-ROOT D:\jail\m-fallow-mtsn3ahx
  VENUE-OVERRIDES {"set":{"npm_config_cache":"D:\\jail\\m-fallow-mtsn3ahx\\npm-cache","TMP":"D:\\jail\\m-fallow-mtsn3ahx\\tmp","TEMP":"D:\\jail\\m-fallow-mtsn3ahx\\tmp","TMPDIR":"D:\\jail\\m-fallow-mtsn3ahx\\tmp"},"unset":["CI","GITHUB_ACTIONS"],"notRedirected":{"USERPROFILE":"C:\\Users\\runneradmin","why":"the jail leaves HOME/USERPROFILE alone — `build_jail.rs` sandbox_homes() reads the ambient value and `compiler/defaults.rs` BASELINE_ENV_EXACT passes it through — so there is no private jail home to reproduce and redirecting one would measure an environment no confined script sees"},"passedThrough":{"CI":"true","GITHUB_ACTIONS":"true","NODE_ENV":null}}
  STORE   isolated virtual store at D:\jail\m-fallow-mtsn3ahx\verify-synth\.cache
  VENUE-STORE-LAYOUT isolated
OSV-SCREEN {"schemaVersion":1,"kind":"nub-synth-resolved","status":"clean","digest":"87ba96fa81a7ad05a91d1bb0c44c2ad7d2713ff70e1aaa18c941b86f0476d3f7","specCount":3,"lockfiles":{"digest":"d81d66b873103b02082d44e57b2a22f6754cf2a34c452141bc5354564e6d9f56","files":[{"path":"nub.lock","sha256":"1046c5a6d4e7406768ebb024f8ce2201eb7089a5f536e1c93d8876a228e97138","bytes":2747}]},"maliciousAdvisories":[],"screenedAt":"2026-09-08T12:22:17.841Z","cacheHit":true,"clearancePath":"D:\\jail\\m-fallow-mtsn3ahx\\security\\nub-synth-resolved.json"}
  SECURITY nub-synth-resolved clean: 3 exact package-version(s), tree 87ba96fa81a7 (cached exact-tree clearance)
  VERIFY[synth] rc=0 artifacts=4/4 missing=0 shortfall=none (tree 5698/22) OVERRIDDEN=2 REJECTED=0 grant={}
  => MINIMUM {}   (observed, then verified)
  DESCEND   grant is already empty — nothing to narrow; MINIMAL by construction.
