OSV-SCREEN {"schemaVersion":1,"kind":"direct","status":"clean","digest":"4541ff42f6197ff89ff03cc98df20ebc462e9ae1a61f34dbf13e55f609ef5866","specCount":1,"lockfiles":{"digest":null,"files":[]},"maliciousAdvisories":[],"screenedAt":"2026-09-08T04:44:42.356Z","cacheHit":false,"clearancePath":"/Users/runner/v2m-uZechl/security/direct.json"}
  SECURITY direct clean: 1 exact package-version(s), tree 4541ff42f619
### redis-memory-server@0.1.0   (/Users/runner/v2m-uZechl)   nub=/tmp/nub/target/release/nub
  VENUE-NUB-BINARY {"path":"/tmp/nub/target/release/nub","sha256":"f923f9d246b7061a3e88675efb7b4fdcda741d02368002ce6e7f7044b01e7bbe","bytes":93818888,"features":{"buildJailCatalogOverride":true,"pythonDontWriteBytecodeEnv":true}}
  CI-ENV scrubbed: CI GITHUB_ACTIONS
  --- fbt preflight (advisory; never fails the run) ---
     csrutil: System Integrity Protection status: disabled.
     fbt probes visible: 93591
     fbt enable attempt: dtrace: description 'fbt:::entry ' matched 50364 probes CPU     ID                    FUNCTION:NAME 
     cwd builtin value:  
     fbt chdir symbols:  
     fbt fires on spawn-with-cwd: dtrace: invalid probe specifier fbt::chdir*:entry /progenyof($target)/ { @[probefunc] = count(); }: probe description fbt::chdir*:entry does not match any probes 
  --- end fbt preflight ---
OSV-SCREEN {"schemaVersion":1,"kind":"npm-observe-resolved","status":"clean","digest":"8b1f8a15f86e87ac8298f968c8cb21c259881f1a2f9ab4525e02789aaead2281","specCount":50,"lockfiles":{"digest":"feb2a301aa1877c62c9dd07c3720c1f6811130090129c98fe88c5e71292e4d49","files":[{"path":"package-lock.json","sha256":"955cd04d06929211a520ce9aa3930e3170a669dfeac9326094330129fc6a9684","bytes":21204}]},"maliciousAdvisories":[],"screenedAt":"2026-09-08T04:44:49.267Z","cacheHit":false,"clearancePath":"/Users/runner/v2m-uZechl/security/npm-observe-resolved.json"}
  SECURITY npm-observe-resolved clean: 50 exact package-version(s), tree 8b1f8a15f86e
  VENUE-CI-CHILD clean (no CI-detection variable reaches the traced script)
  --- wrapper (run.sh) ---
     cd "/Users/runner/v2m-uZechl/Observe"
     sudo -u "runner" -H env "PATH=$PATH"   "HOME=/Users/runner/v2m-uZechl/jailhome"   "TMPDIR=/private/var/folders/bl/vzjcvbz95c3dk19cb0fw46180000gn/T/nub-tmp-obsEqIurv"   "NODE_COMPAT=1"   "PYTHONDONTWRITEBYTECODE=1"   "PLAYWRIGHT_BROWSERS_PATH=/Users/runner/.cache/nub/pm/tools/ms-playwright"   "ELECTRON_CACHE=/Users/runner/.cache/nub/pm/tools/electron-cache"   "electron_config_cache=/Users/runner/.cache/nub/pm/tools/electron-cache"   "npm_config_prefix=/Users/runner/.cache/nub/pm/tools/npm-prefix"   "/Users/runner/hostedtoolcache/node/22.23.2/arm64/bin/npm" rebuild --no-audit --no-fund "redis-memory-server" > "/Users/runner/v2m-uZechl/Observe/npm.log" 2>&1
     echo $? > "/Users/runner/v2m-uZechl/Observe/rc"
  --- dtrace stderr + wrapper trace ---
     + cd /Users/runner/v2m-uZechl/Observe
     + sudo -u runner -H env PATH=/Users/runner/hostedtoolcache/node/22.23.2/arm64/bin:/opt/homebrew/lib/ruby/gems/3.3.0/bin:/opt/homebrew/opt/ruby@3.3/bin:/Users/runner/.local/bin:/opt/homebrew/bin:/opt/homebrew/sbin:/Users/runner/.cargo/bin:/usr/local/opt/curl/bin:/usr/local/bin:/usr/local/sbin:/Users/runner/bin:/Users/runner/.yarn/bin:/Users/runner/Library/Android/sdk/tools:/Users/runner/Library/Android/sdk/platform-tools:/Library/Frameworks/Python.framework/Versions/Current/bin:/Library/Frameworks/Mono.framework/Versions/Current/Commands:/usr/bin:/bin:/usr/sbin:/sbin:/Users/runner/.dotnet/tools HOME=/Users/runner/v2m-uZechl/jailhome TMPDIR=/private/var/folders/bl/vzjcvbz95c3dk19cb0fw46180000gn/T/nub-tmp-obsEqIurv NODE_COMPAT=1 PYTHONDONTWRITEBYTECODE=1 PLAYWRIGHT_BROWSERS_PATH=/Users/runner/.cache/nub/pm/tools/ms-playwright ELECTRON_CACHE=/Users/runner/.cache/nub/pm/tools/electron-cache electron_config_cache=/Users/runner/.cache/nub/pm/tools/electron-cache npm_config_prefix=/Users/runner/.cache/nub/pm/tools/npm-prefix /Users/runner/hostedtoolcache/node/22.23.2/arm64/bin/npm rebuild --no-audit --no-fund redis-memory-server
     dtrace: error on enabled probe ID 128 (ID 286: syscall::execve:entry): invalid address (0x600001e6d0e0) in action #1 at DIF offset 20
     + echo 0
  OBSERVE   rc=0 dtrace_rc=0 files=471 (pre=468) trace=12971 lines
  CLOSURE   48 packages evicted per arm   store=/Users/runner/.cache/nub/pm/store
  RAWLOG-FILE /Users/runner/v2m-uZechl/Observe/trace.txt.gz
  RAWLOG-CAPTURE /Users/runner/v2m-uZechl/Observe/capture.json
  RAWLOG-BYTES raw=2206853 gz=69616
  VENUE-INTERPRETER /Users/runner/hostedtoolcache/node/22.23.2/arm64
  VENUE-OVERRIDES {"set":{"PATH":"inherited-and-forwarded","HOME":"/Users/runner/v2m-uZechl/jailhome","TMPDIR":"/private/var/folders/bl/vzjcvbz95c3dk19cb0fw46180000gn/T/nub-tmp-obsEqIurv","NODE_COMPAT":"1","PYTHONDONTWRITEBYTECODE":"1","PLAYWRIGHT_BROWSERS_PATH":"/Users/runner/.cache/nub/pm/tools/ms-playwright","ELECTRON_CACHE":"/Users/runner/.cache/nub/pm/tools/electron-cache","electron_config_cache":"/Users/runner/.cache/nub/pm/tools/electron-cache","npm_config_prefix":"/Users/runner/.cache/nub/pm/tools/npm-prefix"},"unset":["(sudo env_reset discards the caller environment; every var above is re-set after it)","CI","GITHUB_ACTIONS"],"passedThrough":{"CI":"true","GITHUB_ACTIONS":"true","NODE_ENV":null}}
  VENUE-OBSERVE-USER runner uid=501 (R7: ordinary non-root user, asserted)
  ARM-FALSIFIABILITY {"manifestFiles":41,"filesTheScriptProduced":0,"reasons":["gate-vacuous"]}
  ⛔ ARMS-UNFALSIFIABLE — a green arm for this package carries no evidence:
       gate-vacuous: the script changed no file the artifact gate keys on — every file in the manifest (41) was already present at its final size before the script ran, so the gate passes in every arm including a completely broken one
       The grant may still be correct; what is missing is a signal that could have gone
       red. Do not read this record's MINIMAL as a passing measurement.
  EVENTLOG-FILE /Users/runner/v2m-uZechl/Observe/events.ndjson.gz
  EVENTLOG-STATS {"lines":12972,"parsed":12954,"unparsed":0,"live":true,"tracerErrors":1,"tracerErrorTotal":1,"unresolvedDirfd":21,"unresolvedFd":0,"pairedTwoPath":541,"danglingPair":0,"failed":4967,"enoent":4964,"refusals":0,"byErrno":{"ENXIO":3,"ENOENT":4964},"procs":5,"lifecyclePids":1,"distinctEvents":6006,"emitted":6006,"calls":12401,"bytes":1190759,"gzipBytes":40169,"out":"/Users/runner/v2m-uZechl/Observe/events.ndjson"}
  == TRACER == live=true decodable-events=3312 dropped-events=1
    NOTE 14 relative path(s) under a non-AT_FDCWD dirfd were not
       scope-assigned: resolving them against the cwd would invent a path.
    ⛔ CWD-UNOBSERVED 3 relative path(s) (0 write(s)) came from a lifecycle
       process whose own cwd was never observed
       macOS spawns with posix_spawn addchdir_np, which changes directory in-kernel and
       emits no chdir syscall, so the inherited cwd cannot be trusted. These are NOT
       scope-assigned; the grant below is WIDENED instead so it covers wherever they landed.
         pid=87513 read  unproven .
         pid=87513 read  unproven .
         pid=87513 read  unproven .
    ⛔ THE TRACER DROPPED 1 EVENT(S). A dropped event is a path never
       seen, so the grant below can only be too NARROW — the direction that breaks installs.
       Treat it as a FLOOR, not a measurement, until the adapter fault is fixed:
             1 x  epid=128 action=1 fault=1 addr=0x600001e6d0e0
  == ATTRIBUTION == lifecycle pids: 1
    writes  script 6  /  whole traced subtree 1096
    sockets script 1  /  whole traced subtree 2
  == ROOTS (from /Users/runner/v2m-uZechl/Observe/capture.json; the classifier reads no other source) ==
    project       /Users/runner/v2m-uZechl/Observe
    home          /Users/runner
    jailHome      /Users/runner/v2m-uZechl/jailhome
    globalStore   /Users/runner/.cache/nub/pm/store
    projectStore  /Users/runner/v2m-uZechl/Observe/node_modules/.store
    interpreter   /Users/runner/hostedtoolcache/node/22.23.2/arm64
    toolsDir      /Users/runner/.cache/nub/pm/tools
    temp          /private/var/folders/bl/vzjcvbz95c3dk19cb0fw46180000gn/T/nub-tmp-obsEqIurv
    npmPrefix     /Users/runner/.cache/nub/pm/tools/npm-prefix
    ownPkg        /Users/runner/v2m-uZechl/Observe/node_modules/redis-memory-server
    cwd           (null — this platform has no such root)
  == WRITES the script actually performed ==
    systemfs      1
        /dev/dtracehelper
    deps          5
  == READS the script performed, by scope ==
    outside       5
    systemfs      9
    userHome      2
    ownPkg        6
    deps        122
    project       1
        outside: /
        outside: /bin/bash
        outside: /bin
        outside: /var/db/timezone/zoneinfo/UTC
        outside: /var/db/timezone/zoneinfo/posixrules
  == NETWORK ==
    AF_INET connects: 1   distinct peers: 1
        104.18.27.34:443
  == REFUSALS (errno EPERM/EACCES/EROFS only; ENOENT is a miss, not a denial) ==
    distinct: 0
  == SYNTHESIZED GRANT (verify this in the real unprivileged jail) ==
    {"write":{"deps":true},"network":true}
  == writePaths (DERIVED — promotion out of the package's PRIVATE home) ==
    private-home writes observed: 0
    none declared — the script wrote nothing into its private home — there is nothing to promote
  == writePaths FEASIBILITY (distinct writes outside project/deps) ==
    count: 0
  EVICT[synth] 29 store entries removed, 8 spared as nub tooling, 595 in store
OSV-SCREEN {"schemaVersion":1,"kind":"nub-synth-resolved","status":"clean","digest":"8b1f8a15f86e87ac8298f968c8cb21c259881f1a2f9ab4525e02789aaead2281","specCount":50,"lockfiles":{"digest":"5ed8dac6f9bdddcfe18bbcfcda3c712542233b01cfbbf89b32f2f317ece8e914","files":[{"path":"nub.lock","sha256":"421b56b2c7707b1c081ede7be9579e8ff8c7efb8beb0a4f8b7326ac396fae8e8","bytes":12482}]},"maliciousAdvisories":[],"screenedAt":"2026-09-08T04:44:49.267Z","cacheHit":true,"clearancePath":"/Users/runner/v2m-uZechl/security/nub-synth-resolved.json"}
  SECURITY nub-synth-resolved clean: 50 exact package-version(s), tree 8b1f8a15f86e (cached exact-tree clearance)
  VENUE-STORE-LAYOUT isolated
  VERIFY[synth] rc=0 artifacts=42/41 missing=0 shortfall=none (tree 1367/471) OVERRIDDEN=3 REJECTED=0 grant={"write":{"deps":true},"network":true}
  => VERIFIED {"write":{"deps":true},"network":true}
  EVICT[nar-no-network] 49 store entries removed, 8 spared as nub tooling, 615 in store
OSV-SCREEN {"schemaVersion":1,"kind":"nub-nar-no-network-resolved","status":"clean","digest":"8b1f8a15f86e87ac8298f968c8cb21c259881f1a2f9ab4525e02789aaead2281","specCount":50,"lockfiles":{"digest":"5ed8dac6f9bdddcfe18bbcfcda3c712542233b01cfbbf89b32f2f317ece8e914","files":[{"path":"nub.lock","sha256":"421b56b2c7707b1c081ede7be9579e8ff8c7efb8beb0a4f8b7326ac396fae8e8","bytes":12482}]},"maliciousAdvisories":[],"screenedAt":"2026-09-08T04:44:49.267Z","cacheHit":true,"clearancePath":"/Users/runner/v2m-uZechl/security/nub-nar-no-network-resolved.json"}
  SECURITY nub-nar-no-network-resolved clean: 50 exact package-version(s), tree 8b1f8a15f86e (cached exact-tree clearance)
  VERIFY[nar-no-network] rc=0 artifacts=42/41 missing=0 shortfall=none (tree 1367/471) OVERRIDDEN=3 REJECTED=0 grant={"write":{"deps":true}}
     ⛔ OVER-PREDICTED — the strictly narrower {"write":{"deps":true}} also verifies; 'no-network' was not needed
  EVICT[nar-no-write-deps] 49 store entries removed, 8 spared as nub tooling, 615 in store
OSV-SCREEN {"schemaVersion":1,"kind":"nub-nar-no-write-deps-resolved","status":"clean","digest":"8b1f8a15f86e87ac8298f968c8cb21c259881f1a2f9ab4525e02789aaead2281","specCount":50,"lockfiles":{"digest":"5ed8dac6f9bdddcfe18bbcfcda3c712542233b01cfbbf89b32f2f317ece8e914","files":[{"path":"nub.lock","sha256":"421b56b2c7707b1c081ede7be9579e8ff8c7efb8beb0a4f8b7326ac396fae8e8","bytes":12482}]},"maliciousAdvisories":[],"screenedAt":"2026-09-08T04:44:49.267Z","cacheHit":true,"clearancePath":"/Users/runner/v2m-uZechl/security/nub-nar-no-write-deps-resolved.json"}
  SECURITY nub-nar-no-write-deps-resolved clean: 50 exact package-version(s), tree 8b1f8a15f86e (cached exact-tree clearance)
  VERIFY[nar-no-write-deps] rc=0 artifacts=42/41 missing=0 shortfall=none (tree 1367/471) OVERRIDDEN=3 REJECTED=0 grant={"network":true}
     ⛔ OVER-PREDICTED — the strictly narrower {"network":true} also verifies; 'no-write-deps' was not needed
  EVICT[joint-narrow] 49 store entries removed, 8 spared as nub tooling, 615 in store
OSV-SCREEN {"schemaVersion":1,"kind":"nub-joint-narrow-resolved","status":"clean","digest":"8b1f8a15f86e87ac8298f968c8cb21c259881f1a2f9ab4525e02789aaead2281","specCount":50,"lockfiles":{"digest":"5ed8dac6f9bdddcfe18bbcfcda3c712542233b01cfbbf89b32f2f317ece8e914","files":[{"path":"nub.lock","sha256":"421b56b2c7707b1c081ede7be9579e8ff8c7efb8beb0a4f8b7326ac396fae8e8","bytes":12482}]},"maliciousAdvisories":[],"screenedAt":"2026-09-08T04:44:49.267Z","cacheHit":true,"clearancePath":"/Users/runner/v2m-uZechl/security/nub-joint-narrow-resolved.json"}
  SECURITY nub-joint-narrow-resolved clean: 50 exact package-version(s), tree 8b1f8a15f86e (cached exact-tree clearance)
  VERIFY[joint-narrow] rc=0 artifacts=42/41 missing=0 shortfall=none (tree 1367/471) OVERRIDDEN=3 REJECTED=0 grant={}
  => JOINT-NARROW VERIFIED {} — all 2 capabilities drop TOGETHER, measured
### DONE redis-memory-server@0.1.0  synthesized={"write":{"deps":true},"network":true} verified=1
