OSV-SCREEN {"schemaVersion":1,"kind":"direct","status":"clean","digest":"98ec577e86498b54f54a27924acc4e98f08ca2d60ca9ad086b44fc790b600a41","specCount":1,"lockfiles":{"digest":null,"files":[]},"maliciousAdvisories":[],"screenedAt":"2026-09-08T05:37:06.531Z","cacheHit":false,"clearancePath":"/Users/runner/v2m-CzIEyb/security/direct.json"}
  SECURITY direct clean: 1 exact package-version(s), tree 98ec577e8649
### appium-uiautomator2-driver@0.5.5   (/Users/runner/v2m-CzIEyb)   nub=/tmp/nub/target/release/nub
  VENUE-NUB-BINARY {"path":"/tmp/nub/target/release/nub","sha256":"f923f9d246b7061a3e88675efb7b4fdcda741d02368002ce6e7f7044b01e7bbe","bytes":93818888,"features":{"buildJailCatalogOverride":true,"pythonDontWriteBytecodeEnv":true}}
  CI-ENV scrubbed: CI GITHUB_ACTIONS
  --- fbt preflight (advisory; never fails the run) ---
     csrutil: System Integrity Protection status: disabled.
     fbt probes visible: 93591
     fbt enable attempt: dtrace: description 'fbt:::entry ' matched 50364 probes CPU     ID                    FUNCTION:NAME 
     cwd builtin value:  
     fbt chdir symbols:  
     fbt fires on spawn-with-cwd: dtrace: invalid probe specifier fbt::chdir*:entry /progenyof($target)/ { @[probefunc] = count(); }: probe description fbt::chdir*:entry does not match any probes 
  --- end fbt preflight ---
OSV-SCREEN {"schemaVersion":1,"kind":"npm-observe-resolved","status":"clean","digest":"0d6095a6f73dea790576a3744ec6dda0168fb7f1ac2f8fca39ff8b409cb0dd58","specCount":460,"lockfiles":{"digest":"079011da4e017f0cad775e8c13bdab9860ec89cb63260da4f08dc30dc958d9c3","files":[{"path":"package-lock.json","sha256":"e49c950ef9fd5b03996e71d0361a4113c2ac9928413d4aa12b9ebe1b27d3bd9f","bytes":213111}]},"maliciousAdvisories":[],"screenedAt":"2026-09-08T05:37:28.302Z","cacheHit":false,"clearancePath":"/Users/runner/v2m-CzIEyb/security/npm-observe-resolved.json"}
  SECURITY npm-observe-resolved clean: 460 exact package-version(s), tree 0d6095a6f73d
  VENUE-CI-CHILD clean (no CI-detection variable reaches the traced script)
  --- wrapper (run.sh) ---
     cd "/Users/runner/v2m-CzIEyb/Observe"
     sudo -u "runner" -H env "PATH=$PATH"   "HOME=/Users/runner/v2m-CzIEyb/jailhome"   "TMPDIR=/private/var/folders/bl/vzjcvbz95c3dk19cb0fw46180000gn/T/nub-tmp-obsH5v4LD"   "NODE_COMPAT=1"   "PYTHONDONTWRITEBYTECODE=1"   "PLAYWRIGHT_BROWSERS_PATH=/Users/runner/.cache/nub/pm/tools/ms-playwright"   "ELECTRON_CACHE=/Users/runner/.cache/nub/pm/tools/electron-cache"   "electron_config_cache=/Users/runner/.cache/nub/pm/tools/electron-cache"   "npm_config_prefix=/Users/runner/.cache/nub/pm/tools/npm-prefix"   "/Users/runner/hostedtoolcache/node/22.23.2/arm64/bin/npm" rebuild --no-audit --no-fund "appium-uiautomator2-driver" > "/Users/runner/v2m-CzIEyb/Observe/npm.log" 2>&1
     echo $? > "/Users/runner/v2m-CzIEyb/Observe/rc"
  --- dtrace stderr + wrapper trace ---
     + cd /Users/runner/v2m-CzIEyb/Observe
     + sudo -u runner -H env PATH=/Users/runner/hostedtoolcache/node/22.23.2/arm64/bin:/opt/homebrew/lib/ruby/gems/3.3.0/bin:/opt/homebrew/opt/ruby@3.3/bin:/Users/runner/.local/bin:/opt/homebrew/bin:/opt/homebrew/sbin:/Users/runner/.cargo/bin:/usr/local/opt/curl/bin:/usr/local/bin:/usr/local/sbin:/Users/runner/bin:/Users/runner/.yarn/bin:/Users/runner/Library/Android/sdk/tools:/Users/runner/Library/Android/sdk/platform-tools:/Library/Frameworks/Python.framework/Versions/Current/bin:/Library/Frameworks/Mono.framework/Versions/Current/Commands:/usr/bin:/bin:/usr/sbin:/sbin:/Users/runner/.dotnet/tools HOME=/Users/runner/v2m-CzIEyb/jailhome TMPDIR=/private/var/folders/bl/vzjcvbz95c3dk19cb0fw46180000gn/T/nub-tmp-obsH5v4LD NODE_COMPAT=1 PYTHONDONTWRITEBYTECODE=1 PLAYWRIGHT_BROWSERS_PATH=/Users/runner/.cache/nub/pm/tools/ms-playwright ELECTRON_CACHE=/Users/runner/.cache/nub/pm/tools/electron-cache electron_config_cache=/Users/runner/.cache/nub/pm/tools/electron-cache npm_config_prefix=/Users/runner/.cache/nub/pm/tools/npm-prefix /Users/runner/hostedtoolcache/node/22.23.2/arm64/bin/npm rebuild --no-audit --no-fund appium-uiautomator2-driver
     dtrace: error on enabled probe ID 128 (ID 286: syscall::execve:entry): invalid address (0x600000d40090) in action #1 at DIF offset 20
     + echo 0
  OBSERVE   rc=0 dtrace_rc=0 files=21948 (pre=21944) trace=37877 lines
  CLOSURE   388 packages evicted per arm   store=/Users/runner/.cache/nub/pm/store
  RAWLOG-FILE /Users/runner/v2m-CzIEyb/Observe/trace.txt.gz
  RAWLOG-CAPTURE /Users/runner/v2m-CzIEyb/Observe/capture.json
  RAWLOG-BYTES raw=5803730 gz=167799
  VENUE-INTERPRETER /Users/runner/hostedtoolcache/node/22.23.2/arm64
  VENUE-OVERRIDES {"set":{"PATH":"inherited-and-forwarded","HOME":"/Users/runner/v2m-CzIEyb/jailhome","TMPDIR":"/private/var/folders/bl/vzjcvbz95c3dk19cb0fw46180000gn/T/nub-tmp-obsH5v4LD","NODE_COMPAT":"1","PYTHONDONTWRITEBYTECODE":"1","PLAYWRIGHT_BROWSERS_PATH":"/Users/runner/.cache/nub/pm/tools/ms-playwright","ELECTRON_CACHE":"/Users/runner/.cache/nub/pm/tools/electron-cache","electron_config_cache":"/Users/runner/.cache/nub/pm/tools/electron-cache","npm_config_prefix":"/Users/runner/.cache/nub/pm/tools/npm-prefix"},"unset":["(sudo env_reset discards the caller environment; every var above is re-set after it)","CI","GITHUB_ACTIONS"],"passedThrough":{"CI":"true","GITHUB_ACTIONS":"true","NODE_ENV":null}}
  VENUE-OBSERVE-USER runner uid=501 (R7: ordinary non-root user, asserted)
  ARM-FALSIFIABILITY {"manifestFiles":102,"filesTheScriptProduced":2,"reasons":[]}
  EVENTLOG-FILE /Users/runner/v2m-CzIEyb/Observe/events.ndjson.gz
  EVENTLOG-STATS {"lines":37878,"parsed":37858,"unparsed":0,"live":true,"tracerErrors":1,"tracerErrorTotal":1,"unresolvedDirfd":27,"unresolvedFd":0,"pairedTwoPath":541,"danglingPair":0,"failed":18788,"enoent":18785,"refusals":0,"byErrno":{"ENXIO":3,"ENOENT":18785},"procs":6,"lifecyclePids":1,"distinctEvents":16518,"emitted":16518,"calls":37303,"bytes":2835339,"gzipBytes":95447,"out":"/Users/runner/v2m-CzIEyb/Observe/events.ndjson"}
  == TRACER == live=true decodable-events=6306 dropped-events=1
    NOTE 18 relative path(s) under a non-AT_FDCWD dirfd were not
       scope-assigned: resolving them against the cwd would invent a path.
    ⛔ CWD-UNOBSERVED 6 relative path(s) (1 write(s)) came from a lifecycle
       process whose own cwd was never observed
       macOS spawns with posix_spawn addchdir_np, which changes directory in-kernel and
       emits no chdir syscall, so the inherited cwd cannot be trusted. These are NOT
       scope-assigned; the grant below is WIDENED instead so it covers wherever they landed.
         pid=26721 read  unproven .
         pid=26721 read  unproven .
         pid=26721 read  unproven .
         pid=26755 read  unproven .
         pid=26755 WRITE unproven 26755
         pid=26755 read  unproven .
    CWD-UNPLACEABLE-WRITES ["26755"]
    ⛔ THE TRACER DROPPED 1 EVENT(S). A dropped event is a path never
       seen, so the grant below can only be too NARROW — the direction that breaks installs.
       Treat it as a FLOOR, not a measurement, until the adapter fault is fixed:
             1 x  epid=128 action=1 fault=1 addr=0x600000d40090
  == ATTRIBUTION == lifecycle pids: 1
    writes  script 7  /  whole traced subtree 1097
    sockets script 2  /  whole traced subtree 3
  == ROOTS (from /Users/runner/v2m-CzIEyb/Observe/capture.json; the classifier reads no other source) ==
    project       /Users/runner/v2m-CzIEyb/Observe
    home          /Users/runner
    jailHome      /Users/runner/v2m-CzIEyb/jailhome
    globalStore   /Users/runner/.cache/nub/pm/store
    projectStore  /Users/runner/v2m-CzIEyb/Observe/node_modules/.store
    interpreter   /Users/runner/hostedtoolcache/node/22.23.2/arm64
    toolsDir      /Users/runner/.cache/nub/pm/tools
    temp          /private/var/folders/bl/vzjcvbz95c3dk19cb0fw46180000gn/T/nub-tmp-obsH5v4LD
    npmPrefix     /Users/runner/.cache/nub/pm/tools/npm-prefix
    ownPkg        /Users/runner/v2m-CzIEyb/Observe/node_modules/appium-uiautomator2-driver
    cwd           (null — this platform has no such root)
  == WRITES the script actually performed ==
    systemfs      1
        /dev/dtracehelper
    jailTmp       1  (base profile already grants this — NOT billed)
        /private/var/folders/bl/vzjcvbz95c3dk19cb0fw46180000gn/T/nub-tmp-obsH5v4LD/202688-26721-9srfeb.4p4wu
    outside       2
        /var/folders/bl/vzjcvbz95c3dk19cb0fw46180000gn/T/hsperfdata_runner
        /var/folders/bl/vzjcvbz95c3dk19cb0fw46180000gn/T/hsperfdata_runner/26755
    ownPkg        3  (base profile already grants this — NOT billed)
        /Users/runner/v2m-CzIEyb/Observe/node_modules/appium-uiautomator2-driver/uiautomator2
        /Users/runner/v2m-CzIEyb/Observe/node_modules/appium-uiautomator2-driver/uiautomator2/appium-uiautomator2-server-v0.1.8.apk
        /Users/runner/v2m-CzIEyb/Observe/node_modules/appium-uiautomator2-driver/uiautomator2/appium-uiautomator2-server-debug-androidTest.apk
  == READS the script performed, by scope ==
    outside       9
    systemfs     15
    userHome     26
    ownPkg        4
    deps       1857
        outside: /
        outside: /bin/bash
        outside: /bin
        outside: /etc/localtime
        outside: /var/db/timezone/zoneinfo/posixrules
        outside: /usr/bin/java
        outside: /usr/bin
        outside: /var/folders/bl/vzjcvbz95c3dk19cb0fw46180000gn/T/hsperfdata_runner
        outside: /var/db/timezone/zoneinfo/UTC
  == NETWORK ==
    AF_INET connects: 2   distinct peers: 2
        172.182.252.133:443
        185.199.109.133:443
  == REFUSALS (errno EPERM/EACCES/EROFS only; ENOENT is a miss, not a denial) ==
    distinct: 0
  == SYNTHESIZED GRANT (verify this in the real unprivileged jail) ==
    {"write":{"deps":true,"project":true},"network":true}
    ⛔ 2 writes OUTSIDE project/home — no scope covers these; inspect before granting
  == writePaths (DERIVED — promotion out of the package's PRIVATE home) ==
    private-home writes observed: 0
    none declared — the script wrote nothing into its private home — there is nothing to promote
  == writePaths FEASIBILITY (distinct writes outside project/deps) ==
    count: 2
        /var/folders/bl/vzjcvbz95c3dk19cb0fw46180000gn/T/hsperfdata_runner
        /var/folders/bl/vzjcvbz95c3dk19cb0fw46180000gn/T/hsperfdata_runner/26755
  scaffold: 1 dependency package(s) with lifecycle scripts granted a fixed wide grant
  EVICT[synth] 143 store entries removed, 5 spared as nub tooling, 378 in store
OSV-SCREEN {"schemaVersion":1,"kind":"nub-synth-resolved","status":"clean","digest":"2d3180fde686ec5bb9eb3a0603a2274f7a81780792891bc37839109b5721c5a8","specCount":459,"lockfiles":{"digest":"dc85aaf535bca42200c4ccde0fb6f0aa4df1370341b2e56d91e5319892a80cf9","files":[{"path":"nub.lock","sha256":"75035f347346d2f45ca5e03c7ce96c0ea379626c3184a7f25160809e08075415","bytes":114911}]},"maliciousAdvisories":[],"screenedAt":"2026-09-08T05:37:44.686Z","cacheHit":false,"clearancePath":"/Users/runner/v2m-CzIEyb/security/nub-synth-resolved.json"}
  SECURITY nub-synth-resolved clean: 459 exact package-version(s), tree 2d3180fde686
  VENUE-STORE-LAYOUT isolated
  VERIFY[synth] rc=0 artifacts=99/101 missing=2 shortfall=7a6548b8f6dc (tree 44565/21948) OVERRIDDEN=3 REJECTED=0 grant={"write":{"deps":true,"project":true},"network":true}
       missing: uiautomator2/appium-uiautomator2-server-debug-androidTest.apk, uiautomator2/appium-uiautomator2-server-v0.1.8.apk
  !! OBSERVE UNDER-PREDICTED — the synthesized grant did NOT verify. This is the correctness
     finding: OBSERVE saw a run that the jail then refused on some axis it did not cover.
     The bounded ladder below is the repair; the terminal verdict waits on its outcome.
  DIAGNOSE  re-running the failing grant JAILED, under dtrace
     trace lines: 26609
     refused paths under the failing grant (count, path):
     ⇒ TREAT THIS AS A CANDIDATE SET, NOT AN ANSWER. On Linux the last refusal before a
       fatal exit was a trailing red herring once already; settle it with a
       single-variable arm per path plus a negative control granting all the others.
  synthesized grant did not verify — falling back to a bounded ladder
  scaffold: 1 dependency package(s) with lifecycle scripts granted a fixed wide grant
  EVICT[fb903772438] 457 store entries removed, 5 spared as nub tooling, 692 in store
OSV-SCREEN {"schemaVersion":1,"kind":"nub-fb903772438-resolved","status":"clean","digest":"2d3180fde686ec5bb9eb3a0603a2274f7a81780792891bc37839109b5721c5a8","specCount":459,"lockfiles":{"digest":"dc85aaf535bca42200c4ccde0fb6f0aa4df1370341b2e56d91e5319892a80cf9","files":[{"path":"nub.lock","sha256":"75035f347346d2f45ca5e03c7ce96c0ea379626c3184a7f25160809e08075415","bytes":114911}]},"maliciousAdvisories":[],"screenedAt":"2026-09-08T05:37:44.686Z","cacheHit":true,"clearancePath":"/Users/runner/v2m-CzIEyb/security/nub-fb903772438-resolved.json"}
  SECURITY nub-fb903772438-resolved clean: 459 exact package-version(s), tree 2d3180fde686 (cached exact-tree clearance)
  VERIFY[fb903772438] rc=0 artifacts=101/101 missing=0 shortfall=none (tree 44571/21948) OVERRIDDEN=3 REJECTED=0 grant={"write":{"deps":true,"project":true,"userHome":true},"network":true}
  => MINIMUM {"write":{"deps":true,"project":true,"userHome":true},"network":true}   (ladder fallback; synthesized grant was insufficient)
  ⛔ OBSERVE UNDER-PREDICTED — the gap between {"write":{"deps":true,"project":true},"network":true} and {"write":{"deps":true,"project":true,"userHome":true},"network":true} is worth reading
  scaffold: 1 dependency package(s) with lifecycle scripts granted a fixed wide grant
  EVICT[nar-no-network] 457 store entries removed, 5 spared as nub tooling, 692 in store
OSV-SCREEN {"schemaVersion":1,"kind":"nub-nar-no-network-resolved","status":"clean","digest":"2d3180fde686ec5bb9eb3a0603a2274f7a81780792891bc37839109b5721c5a8","specCount":459,"lockfiles":{"digest":"dc85aaf535bca42200c4ccde0fb6f0aa4df1370341b2e56d91e5319892a80cf9","files":[{"path":"nub.lock","sha256":"75035f347346d2f45ca5e03c7ce96c0ea379626c3184a7f25160809e08075415","bytes":114911}]},"maliciousAdvisories":[],"screenedAt":"2026-09-08T05:37:44.686Z","cacheHit":true,"clearancePath":"/Users/runner/v2m-CzIEyb/security/nub-nar-no-network-resolved.json"}
  SECURITY nub-nar-no-network-resolved clean: 459 exact package-version(s), tree 2d3180fde686 (cached exact-tree clearance)
  VERIFY[nar-no-network] rc=1 artifacts=99/101 missing=2 shortfall=7a6548b8f6dc (tree 44565/21948) OVERRIDDEN=3 REJECTED=0 grant={"write":{"deps":true,"project":true,"userHome":true}}
       missing: uiautomator2/appium-uiautomator2-server-debug-androidTest.apk, uiautomator2/appium-uiautomator2-server-v0.1.8.apk
     narrowing 'no-network' fails ⇒ that capability IS necessary
  scaffold: 1 dependency package(s) with lifecycle scripts granted a fixed wide grant
  EVICT[nar-no-write-deps] 457 store entries removed, 5 spared as nub tooling, 692 in store
OSV-SCREEN {"schemaVersion":1,"kind":"nub-nar-no-write-deps-resolved","status":"clean","digest":"2d3180fde686ec5bb9eb3a0603a2274f7a81780792891bc37839109b5721c5a8","specCount":459,"lockfiles":{"digest":"dc85aaf535bca42200c4ccde0fb6f0aa4df1370341b2e56d91e5319892a80cf9","files":[{"path":"nub.lock","sha256":"75035f347346d2f45ca5e03c7ce96c0ea379626c3184a7f25160809e08075415","bytes":114911}]},"maliciousAdvisories":[],"screenedAt":"2026-09-08T05:37:44.686Z","cacheHit":true,"clearancePath":"/Users/runner/v2m-CzIEyb/security/nub-nar-no-write-deps-resolved.json"}
  SECURITY nub-nar-no-write-deps-resolved clean: 459 exact package-version(s), tree 2d3180fde686 (cached exact-tree clearance)
  VERIFY[nar-no-write-deps] rc=0 artifacts=101/101 missing=0 shortfall=none (tree 44571/21948) OVERRIDDEN=3 REJECTED=0 grant={"write":{"project":true,"userHome":true},"network":true}
     ⛔ OVER-PREDICTED — the strictly narrower {"write":{"project":true,"userHome":true},"network":true} also verifies; 'no-write-deps' was not needed
  scaffold: 1 dependency package(s) with lifecycle scripts granted a fixed wide grant
  EVICT[nar-no-write-project] 457 store entries removed, 5 spared as nub tooling, 692 in store
OSV-SCREEN {"schemaVersion":1,"kind":"nub-nar-no-write-project-resolved","status":"clean","digest":"2d3180fde686ec5bb9eb3a0603a2274f7a81780792891bc37839109b5721c5a8","specCount":459,"lockfiles":{"digest":"dc85aaf535bca42200c4ccde0fb6f0aa4df1370341b2e56d91e5319892a80cf9","files":[{"path":"nub.lock","sha256":"75035f347346d2f45ca5e03c7ce96c0ea379626c3184a7f25160809e08075415","bytes":114911}]},"maliciousAdvisories":[],"screenedAt":"2026-09-08T05:37:44.686Z","cacheHit":true,"clearancePath":"/Users/runner/v2m-CzIEyb/security/nub-nar-no-write-project-resolved.json"}
  SECURITY nub-nar-no-write-project-resolved clean: 459 exact package-version(s), tree 2d3180fde686 (cached exact-tree clearance)
  VERIFY[nar-no-write-project] rc=0 artifacts=101/101 missing=0 shortfall=none (tree 44571/21948) OVERRIDDEN=3 REJECTED=0 grant={"write":{"deps":true,"userHome":true},"network":true}
     ⛔ OVER-PREDICTED — the strictly narrower {"write":{"deps":true,"userHome":true},"network":true} also verifies; 'no-write-project' was not needed
  scaffold: 1 dependency package(s) with lifecycle scripts granted a fixed wide grant
  EVICT[nar-no-write-userHome] 457 store entries removed, 5 spared as nub tooling, 692 in store
OSV-SCREEN {"schemaVersion":1,"kind":"nub-nar-no-write-userHome-resolved","status":"clean","digest":"2d3180fde686ec5bb9eb3a0603a2274f7a81780792891bc37839109b5721c5a8","specCount":459,"lockfiles":{"digest":"dc85aaf535bca42200c4ccde0fb6f0aa4df1370341b2e56d91e5319892a80cf9","files":[{"path":"nub.lock","sha256":"75035f347346d2f45ca5e03c7ce96c0ea379626c3184a7f25160809e08075415","bytes":114911}]},"maliciousAdvisories":[],"screenedAt":"2026-09-08T05:37:44.686Z","cacheHit":true,"clearancePath":"/Users/runner/v2m-CzIEyb/security/nub-nar-no-write-userHome-resolved.json"}
  SECURITY nub-nar-no-write-userHome-resolved clean: 459 exact package-version(s), tree 2d3180fde686 (cached exact-tree clearance)
  VERIFY[nar-no-write-userHome] rc=0 artifacts=99/101 missing=2 shortfall=7a6548b8f6dc (tree 44565/21948) OVERRIDDEN=3 REJECTED=0 grant={"write":{"deps":true,"project":true},"network":true}
       missing: uiautomator2/appium-uiautomator2-server-debug-androidTest.apk, uiautomator2/appium-uiautomator2-server-v0.1.8.apk
     narrowing 'no-write-userHome' fails ⇒ that capability IS necessary
  scaffold: 1 dependency package(s) with lifecycle scripts granted a fixed wide grant
  EVICT[joint-narrow] 457 store entries removed, 5 spared as nub tooling, 692 in store
OSV-SCREEN {"schemaVersion":1,"kind":"nub-joint-narrow-resolved","status":"clean","digest":"2d3180fde686ec5bb9eb3a0603a2274f7a81780792891bc37839109b5721c5a8","specCount":459,"lockfiles":{"digest":"dc85aaf535bca42200c4ccde0fb6f0aa4df1370341b2e56d91e5319892a80cf9","files":[{"path":"nub.lock","sha256":"75035f347346d2f45ca5e03c7ce96c0ea379626c3184a7f25160809e08075415","bytes":114911}]},"maliciousAdvisories":[],"screenedAt":"2026-09-08T05:37:44.686Z","cacheHit":true,"clearancePath":"/Users/runner/v2m-CzIEyb/security/nub-joint-narrow-resolved.json"}
  SECURITY nub-joint-narrow-resolved clean: 459 exact package-version(s), tree 2d3180fde686 (cached exact-tree clearance)
  VERIFY[joint-narrow] rc=0 artifacts=101/101 missing=0 shortfall=none (tree 44571/21948) OVERRIDDEN=3 REJECTED=0 grant={"write":{"userHome":true},"network":true}
  => JOINT-NARROW VERIFIED {"write":{"userHome":true},"network":true} — all 2 capabilities drop TOGETHER, measured
