OSV-SCREEN {"schemaVersion":1,"kind":"direct","status":"clean","digest":"c50c91ac28834f06a44cc724435cbbb22d3865822052df18c7b1bc4e54021845","specCount":1,"lockfiles":{"digest":null,"files":[]},"maliciousAdvisories":[],"screenedAt":"2026-09-08T06:17:38.926Z","cacheHit":false,"clearancePath":"/Users/runner/v2m-moi38O/security/direct.json"}
  SECURITY direct clean: 1 exact package-version(s), tree c50c91ac2883
### tree-sitter-cli@0.19.5   (/Users/runner/v2m-moi38O)   nub=/tmp/nub/target/release/nub
  VENUE-NUB-BINARY {"path":"/tmp/nub/target/release/nub","sha256":"f923f9d246b7061a3e88675efb7b4fdcda741d02368002ce6e7f7044b01e7bbe","bytes":93818888,"features":{"buildJailCatalogOverride":true,"pythonDontWriteBytecodeEnv":true}}
  CI-ENV scrubbed: CI GITHUB_ACTIONS
  --- fbt preflight (advisory; never fails the run) ---
     csrutil: System Integrity Protection status: disabled.
     fbt probes visible: 93591
     fbt enable attempt: dtrace: description 'fbt:::entry ' matched 50364 probes CPU     ID                    FUNCTION:NAME 
     cwd builtin value:  
     fbt chdir symbols:  
     fbt fires on spawn-with-cwd: dtrace: invalid probe specifier fbt::chdir*:entry /progenyof($target)/ { @[probefunc] = count(); }: probe description fbt::chdir*:entry does not match any probes 
  --- end fbt preflight ---
OSV-SCREEN {"schemaVersion":1,"kind":"npm-observe-resolved","status":"clean","digest":"c50c91ac28834f06a44cc724435cbbb22d3865822052df18c7b1bc4e54021845","specCount":1,"lockfiles":{"digest":"3e2ae8243791a3c77e0ffa923f54316826e558e0d2d8288b3d9afa10570797a5","files":[{"path":"package-lock.json","sha256":"129b8600ff51414f1cbcacec03e9d5574640dc749a5aac34925d3ee00d47fb51","bytes":629}]},"maliciousAdvisories":[],"screenedAt":"2026-09-08T06:17:38.926Z","cacheHit":true,"clearancePath":"/Users/runner/v2m-moi38O/security/npm-observe-resolved.json"}
  SECURITY npm-observe-resolved clean: 1 exact package-version(s), tree c50c91ac2883 (cached exact-tree clearance)
  VENUE-CI-CHILD clean (no CI-detection variable reaches the traced script)
  --- wrapper (run.sh) ---
     cd "/Users/runner/v2m-moi38O/Observe"
     sudo -u "runner" -H env "PATH=$PATH"   "HOME=/Users/runner/v2m-moi38O/jailhome"   "TMPDIR=/private/var/folders/bl/vzjcvbz95c3dk19cb0fw46180000gn/T/nub-tmp-obsdfvf9w"   "NODE_COMPAT=1"   "PYTHONDONTWRITEBYTECODE=1"   "PLAYWRIGHT_BROWSERS_PATH=/Users/runner/.cache/nub/pm/tools/ms-playwright"   "ELECTRON_CACHE=/Users/runner/.cache/nub/pm/tools/electron-cache"   "electron_config_cache=/Users/runner/.cache/nub/pm/tools/electron-cache"   "npm_config_prefix=/Users/runner/.cache/nub/pm/tools/npm-prefix"   "/Users/runner/hostedtoolcache/node/22.23.2/arm64/bin/npm" rebuild --no-audit --no-fund "tree-sitter-cli" > "/Users/runner/v2m-moi38O/Observe/npm.log" 2>&1
     echo $? > "/Users/runner/v2m-moi38O/Observe/rc"
  --- dtrace stderr + wrapper trace ---
     + cd /Users/runner/v2m-moi38O/Observe
     + sudo -u runner -H env PATH=/Users/runner/hostedtoolcache/node/22.23.2/arm64/bin:/opt/homebrew/lib/ruby/gems/3.3.0/bin:/opt/homebrew/opt/ruby@3.3/bin:/Users/runner/.local/bin:/opt/homebrew/bin:/opt/homebrew/sbin:/Users/runner/.cargo/bin:/usr/local/opt/curl/bin:/usr/local/bin:/usr/local/sbin:/Users/runner/bin:/Users/runner/.yarn/bin:/Users/runner/Library/Android/sdk/tools:/Users/runner/Library/Android/sdk/platform-tools:/Library/Frameworks/Python.framework/Versions/Current/bin:/Library/Frameworks/Mono.framework/Versions/Current/Commands:/usr/bin:/bin:/usr/sbin:/sbin:/Users/runner/.dotnet/tools HOME=/Users/runner/v2m-moi38O/jailhome TMPDIR=/private/var/folders/bl/vzjcvbz95c3dk19cb0fw46180000gn/T/nub-tmp-obsdfvf9w NODE_COMPAT=1 PYTHONDONTWRITEBYTECODE=1 PLAYWRIGHT_BROWSERS_PATH=/Users/runner/.cache/nub/pm/tools/ms-playwright ELECTRON_CACHE=/Users/runner/.cache/nub/pm/tools/electron-cache electron_config_cache=/Users/runner/.cache/nub/pm/tools/electron-cache npm_config_prefix=/Users/runner/.cache/nub/pm/tools/npm-prefix /Users/runner/hostedtoolcache/node/22.23.2/arm64/bin/npm rebuild --no-audit --no-fund tree-sitter-cli
     dtrace: error on enabled probe ID 128 (ID 286: syscall::execve:entry): invalid address (0x600002a18090) in action #1 at DIF offset 20
     + echo 0
  OBSERVE   rc=0 dtrace_rc=0 files=14 (pre=11) trace=11903 lines
  CLOSURE   1 packages evicted per arm   store=/Users/runner/.cache/nub/pm/store
  RAWLOG-FILE /Users/runner/v2m-moi38O/Observe/trace.txt.gz
  RAWLOG-CAPTURE /Users/runner/v2m-moi38O/Observe/capture.json
  RAWLOG-BYTES raw=2068311 gz=64426
  VENUE-INTERPRETER /Users/runner/hostedtoolcache/node/22.23.2/arm64
  VENUE-OVERRIDES {"set":{"PATH":"inherited-and-forwarded","HOME":"/Users/runner/v2m-moi38O/jailhome","TMPDIR":"/private/var/folders/bl/vzjcvbz95c3dk19cb0fw46180000gn/T/nub-tmp-obsdfvf9w","NODE_COMPAT":"1","PYTHONDONTWRITEBYTECODE":"1","PLAYWRIGHT_BROWSERS_PATH":"/Users/runner/.cache/nub/pm/tools/ms-playwright","ELECTRON_CACHE":"/Users/runner/.cache/nub/pm/tools/electron-cache","electron_config_cache":"/Users/runner/.cache/nub/pm/tools/electron-cache","npm_config_prefix":"/Users/runner/.cache/nub/pm/tools/npm-prefix"},"unset":["(sudo env_reset discards the caller environment; every var above is re-set after it)","CI","GITHUB_ACTIONS"],"passedThrough":{"CI":"true","GITHUB_ACTIONS":"true","NODE_ENV":null}}
  VENUE-OBSERVE-USER runner uid=501 (R7: ordinary non-root user, asserted)
  ARM-FALSIFIABILITY {"manifestFiles":5,"filesTheScriptProduced":1,"reasons":[]}
  EVENTLOG-FILE /Users/runner/v2m-moi38O/Observe/events.ndjson.gz
  EVENTLOG-STATS {"lines":11904,"parsed":11886,"unparsed":0,"live":true,"tracerErrors":1,"tracerErrorTotal":1,"unresolvedDirfd":21,"unresolvedFd":0,"pairedTwoPath":541,"danglingPair":0,"failed":4553,"enoent":4550,"refusals":0,"byErrno":{"ENXIO":3,"ENOENT":4550},"procs":5,"lifecyclePids":1,"distinctEvents":5277,"emitted":5277,"calls":11333,"bytes":1089413,"gzipBytes":36393,"out":"/Users/runner/v2m-moi38O/Observe/events.ndjson"}
  == TRACER == live=true decodable-events=3127 dropped-events=1
    NOTE 14 relative path(s) under a non-AT_FDCWD dirfd were not
       scope-assigned: resolving them against the cwd would invent a path.
    ⛔ CWD-UNOBSERVED 2 relative path(s) (0 write(s)) came from a lifecycle
       process whose own cwd was never observed
       macOS spawns with posix_spawn addchdir_np, which changes directory in-kernel and
       emits no chdir syscall, so the inherited cwd cannot be trusted. These are NOT
       scope-assigned; the grant below is WIDENED instead so it covers wherever they landed.
         pid=16434 read  unproven .
         pid=16434 read  unproven .
    CWD-RESOLVED 2 relative path(s) placed against the package dir
       and CONFIRMED by an artifact present after the run — not assumed.
    ⛔ THE TRACER DROPPED 1 EVENT(S). A dropped event is a path never
       seen, so the grant below can only be too NARROW — the direction that breaks installs.
       Treat it as a FLOOR, not a measurement, until the adapter fault is fixed:
             1 x  epid=128 action=1 fault=1 addr=0x600002a18090
  == ATTRIBUTION == lifecycle pids: 1
    writes  script 2  /  whole traced subtree 1092
    sockets script 2  /  whole traced subtree 3
  == ROOTS (from /Users/runner/v2m-moi38O/Observe/capture.json; the classifier reads no other source) ==
    project       /Users/runner/v2m-moi38O/Observe
    home          /Users/runner
    jailHome      /Users/runner/v2m-moi38O/jailhome
    globalStore   /Users/runner/.cache/nub/pm/store
    projectStore  /Users/runner/v2m-moi38O/Observe/node_modules/.store
    interpreter   /Users/runner/hostedtoolcache/node/22.23.2/arm64
    toolsDir      /Users/runner/.cache/nub/pm/tools
    temp          /private/var/folders/bl/vzjcvbz95c3dk19cb0fw46180000gn/T/nub-tmp-obsdfvf9w
    npmPrefix     /Users/runner/.cache/nub/pm/tools/npm-prefix
    ownPkg        /Users/runner/v2m-moi38O/Observe/node_modules/tree-sitter-cli
    cwd           (null — this platform has no such root)
  == WRITES the script actually performed ==
    systemfs      1
        /dev/dtracehelper
    ownPkg        1  (base profile already grants this — NOT billed)
        /Users/runner/v2m-moi38O/Observe/node_modules/tree-sitter-cli/tree-sitter
  == READS the script performed, by scope ==
    outside       5
    systemfs      9
    userHome      2
    ownPkg        2
        outside: /
        outside: /bin/bash
        outside: /bin
        outside: /var/db/timezone/zoneinfo/UTC
        outside: /var/db/timezone/zoneinfo/posixrules
  == NETWORK ==
    AF_INET connects: 2   distinct peers: 2
        172.182.252.133:443
        185.199.111.133:443
  == REFUSALS (errno EPERM/EACCES/EROFS only; ENOENT is a miss, not a denial) ==
    distinct: 0
  == SYNTHESIZED GRANT (verify this in the real unprivileged jail) ==
    {"network":true}
  == writePaths (DERIVED — promotion out of the package's PRIVATE home) ==
    private-home writes observed: 0
    none declared — the script wrote nothing into its private home — there is nothing to promote
  == writePaths FEASIBILITY (distinct writes outside project/deps) ==
    count: 0
  EVICT[synth] 1 store entries removed, 0 spared as nub tooling, 380 in store
OSV-SCREEN {"schemaVersion":1,"kind":"nub-synth-resolved","status":"clean","digest":"c50c91ac28834f06a44cc724435cbbb22d3865822052df18c7b1bc4e54021845","specCount":1,"lockfiles":{"digest":"bda949bf01e6164099b31679bce65c19c7136dc5a17258f612ce387ee29f99db","files":[{"path":"nub.lock","sha256":"d9eca91a5751db937c0d9ee5d6a8157072c7425c3002a1754fee8a06fe4a2e04","bytes":424}]},"maliciousAdvisories":[],"screenedAt":"2026-09-08T06:17:38.926Z","cacheHit":true,"clearancePath":"/Users/runner/v2m-moi38O/security/nub-synth-resolved.json"}
  SECURITY nub-synth-resolved clean: 1 exact package-version(s), tree c50c91ac2883 (cached exact-tree clearance)
  VENUE-STORE-LAYOUT isolated
  VERIFY[synth] rc=0 artifacts=5/5 missing=0 shortfall=none (tree 25/14) OVERRIDDEN=3 REJECTED=0 grant={"network":true}
  => VERIFIED {"network":true}
  EVICT[nar-no-network] 1 store entries removed, 0 spared as nub tooling, 380 in store
OSV-SCREEN {"schemaVersion":1,"kind":"nub-nar-no-network-resolved","status":"clean","digest":"c50c91ac28834f06a44cc724435cbbb22d3865822052df18c7b1bc4e54021845","specCount":1,"lockfiles":{"digest":"bda949bf01e6164099b31679bce65c19c7136dc5a17258f612ce387ee29f99db","files":[{"path":"nub.lock","sha256":"d9eca91a5751db937c0d9ee5d6a8157072c7425c3002a1754fee8a06fe4a2e04","bytes":424}]},"maliciousAdvisories":[],"screenedAt":"2026-09-08T06:17:38.926Z","cacheHit":true,"clearancePath":"/Users/runner/v2m-moi38O/security/nub-nar-no-network-resolved.json"}
  SECURITY nub-nar-no-network-resolved clean: 1 exact package-version(s), tree c50c91ac2883 (cached exact-tree clearance)
  VERIFY[nar-no-network] rc=1 artifacts=5/5 missing=1 shortfall=0ea975d634fb (tree 26/14) OVERRIDDEN=3 REJECTED=0 grant={}
       missing: tree-sitter (0B < 12750760B)
     narrowing 'no-network' fails ⇒ that capability IS necessary
  => MINIMAL — every capability in {"network":true} is independently necessary
### DONE tree-sitter-cli@0.19.5  synthesized={"network":true} verified=1
