OSV-SCREEN {"schemaVersion":1,"kind":"direct","status":"clean","digest":"98bde331b28bdc87bd59ae3606f2090f0bc65b9bcdc34bc3883b1b0c3e5051f4","specCount":1,"lockfiles":{"digest":null,"files":[]},"maliciousAdvisories":[],"screenedAt":"2026-09-10T01:25:37.720Z","cacheHit":false,"clearancePath":"/Users/runner/v2m-uLDvWQ/security/direct.json"}
  SECURITY direct clean: 1 exact package-version(s), tree 98bde331b28b
### @playwright/browser-firefox@1.63.0   (/Users/runner/v2m-uLDvWQ)   nub=/tmp/nub/target/release/nub
  VENUE-NUB-BINARY {"path":"/tmp/nub/target/release/nub","sha256":"f923f9d246b7061a3e88675efb7b4fdcda741d02368002ce6e7f7044b01e7bbe","bytes":93818888,"features":{"buildJailCatalogOverride":true,"pythonDontWriteBytecodeEnv":true}}
  CI-ENV scrubbed: CI GITHUB_ACTIONS
  --- fbt preflight (advisory; never fails the run) ---
     csrutil: System Integrity Protection status: disabled.
     fbt probes visible: 93591
     fbt enable attempt: dtrace: description 'fbt:::entry ' matched 50364 probes CPU     ID                    FUNCTION:NAME 
     cwd builtin value:  
     fbt chdir symbols:  
     fbt fires on spawn-with-cwd: dtrace: invalid probe specifier fbt::chdir*:entry /progenyof($target)/ { @[probefunc] = count(); }: probe description fbt::chdir*:entry does not match any probes 
  --- end fbt preflight ---
OSV-SCREEN {"schemaVersion":1,"kind":"npm-observe-resolved","status":"clean","digest":"bc31785080ba7c0f2113334512916da8f9333017b9e9d3c1e2808e18884d6920","specCount":2,"lockfiles":{"digest":"8a525c3ba57e4926ef4058a1f9f95ac4405638417430f640defd58c46b7f126f","files":[{"path":"package-lock.json","sha256":"d53a3361431102a9194d2a65e6c8cda82fa5575a079259bb56860b4c46727967","bytes":1160}]},"maliciousAdvisories":[],"screenedAt":"2026-09-10T01:25:43.201Z","cacheHit":false,"clearancePath":"/Users/runner/v2m-uLDvWQ/security/npm-observe-resolved.json"}
  SECURITY npm-observe-resolved clean: 2 exact package-version(s), tree bc31785080ba
  VENUE-CI-CHILD clean (no CI-detection variable reaches the traced script)
  --- wrapper (run.sh) ---
     cd "/Users/runner/v2m-uLDvWQ/Observe"
     sudo -u "runner" -H env "PATH=$PATH"   "HOME=/Users/runner/v2m-uLDvWQ/jailhome"   "TMPDIR=/private/var/folders/bl/vzjcvbz95c3dk19cb0fw46180000gn/T/nub-tmp-obsnQT3y1"   "NODE_COMPAT=1"   "PYTHONDONTWRITEBYTECODE=1"   "PLAYWRIGHT_BROWSERS_PATH=/Users/runner/.cache/nub/pm/tools/ms-playwright"   "ELECTRON_CACHE=/Users/runner/.cache/nub/pm/tools/electron-cache"   "electron_config_cache=/Users/runner/.cache/nub/pm/tools/electron-cache"   "npm_config_prefix=/Users/runner/.cache/nub/pm/tools/npm-prefix"   "/Users/runner/hostedtoolcache/node/22.23.2/arm64/bin/npm" rebuild --no-audit --no-fund "@playwright/browser-firefox" > "/Users/runner/v2m-uLDvWQ/Observe/npm.log" 2>&1
     echo $? > "/Users/runner/v2m-uLDvWQ/Observe/rc"
  --- dtrace stderr + wrapper trace ---
     + cd /Users/runner/v2m-uLDvWQ/Observe
     + sudo -u runner -H env PATH=/Users/runner/hostedtoolcache/node/22.23.2/arm64/bin:/opt/homebrew/lib/ruby/gems/3.3.0/bin:/opt/homebrew/opt/ruby@3.3/bin:/Users/runner/.local/bin:/opt/homebrew/bin:/opt/homebrew/sbin:/Users/runner/.cargo/bin:/usr/local/opt/curl/bin:/usr/local/bin:/usr/local/sbin:/Users/runner/bin:/Users/runner/.yarn/bin:/Users/runner/Library/Android/sdk/tools:/Users/runner/Library/Android/sdk/platform-tools:/Library/Frameworks/Python.framework/Versions/Current/bin:/Library/Frameworks/Mono.framework/Versions/Current/Commands:/usr/bin:/bin:/usr/sbin:/sbin:/Users/runner/.dotnet/tools HOME=/Users/runner/v2m-uLDvWQ/jailhome TMPDIR=/private/var/folders/bl/vzjcvbz95c3dk19cb0fw46180000gn/T/nub-tmp-obsnQT3y1 NODE_COMPAT=1 PYTHONDONTWRITEBYTECODE=1 PLAYWRIGHT_BROWSERS_PATH=/Users/runner/.cache/nub/pm/tools/ms-playwright ELECTRON_CACHE=/Users/runner/.cache/nub/pm/tools/electron-cache electron_config_cache=/Users/runner/.cache/nub/pm/tools/electron-cache npm_config_prefix=/Users/runner/.cache/nub/pm/tools/npm-prefix /Users/runner/hostedtoolcache/node/22.23.2/arm64/bin/npm rebuild --no-audit --no-fund @playwright/browser-firefox
     dtrace: error on enabled probe ID 128 (ID 286: syscall::execve:entry): invalid address (0x600000e20000) in action #1 at DIF offset 20
     + echo 0
  OBSERVE   rc=0 dtrace_rc=0 files=131 (pre=129) trace=14195 lines
  CLOSURE   2 packages evicted per arm   store=/Users/runner/.cache/nub/pm/store
  RAWLOG-FILE /Users/runner/v2m-uLDvWQ/Observe/trace.txt.gz
  RAWLOG-CAPTURE /Users/runner/v2m-uLDvWQ/Observe/capture.json
  RAWLOG-BYTES raw=2327135 gz=72034
  VENUE-INTERPRETER /Users/runner/hostedtoolcache/node/22.23.2/arm64
  VENUE-OVERRIDES {"set":{"PATH":"inherited-and-forwarded","HOME":"/Users/runner/v2m-uLDvWQ/jailhome","TMPDIR":"/private/var/folders/bl/vzjcvbz95c3dk19cb0fw46180000gn/T/nub-tmp-obsnQT3y1","NODE_COMPAT":"1","PYTHONDONTWRITEBYTECODE":"1","PLAYWRIGHT_BROWSERS_PATH":"/Users/runner/.cache/nub/pm/tools/ms-playwright","ELECTRON_CACHE":"/Users/runner/.cache/nub/pm/tools/electron-cache","electron_config_cache":"/Users/runner/.cache/nub/pm/tools/electron-cache","npm_config_prefix":"/Users/runner/.cache/nub/pm/tools/npm-prefix"},"unset":["(sudo env_reset discards the caller environment; every var above is re-set after it)","CI","GITHUB_ACTIONS"],"passedThrough":{"CI":"true","GITHUB_ACTIONS":"true","NODE_ENV":null}}
  VENUE-OBSERVE-USER runner uid=501 (R7: ordinary non-root user, asserted)
  ARM-FALSIFIABILITY {"manifestFiles":8,"filesTheScriptProduced":0,"reasons":["gate-vacuous"]}
  ⛔ ARMS-UNFALSIFIABLE — a green arm for this package carries no evidence:
       gate-vacuous: the script changed no file the artifact gate keys on — every file in the manifest (8) was already present at its final size before the script ran, so the gate passes in every arm including a completely broken one
       The grant may still be correct; what is missing is a signal that could have gone
       red. Do not read this record's MINIMAL as a passing measurement.
  EVENTLOG-FILE /Users/runner/v2m-uLDvWQ/Observe/events.ndjson.gz
  EVENTLOG-STATS {"lines":14196,"parsed":14176,"unparsed":0,"live":true,"tracerErrors":1,"tracerErrorTotal":1,"unresolvedDirfd":33,"unresolvedFd":0,"pairedTwoPath":541,"danglingPair":0,"failed":4854,"enoent":4660,"refusals":0,"byErrno":{"ENXIO":4,"ENOENT":4660,"EEXIST":189,"ENOTEMPTY":1},"procs":7,"lifecyclePids":2,"distinctEvents":5751,"emitted":5751,"calls":13617,"bytes":1159080,"gzipBytes":39589,"out":"/Users/runner/v2m-uLDvWQ/Observe/events.ndjson"}
  == TRACER == live=true decodable-events=3533 dropped-events=1
    NOTE 22 relative path(s) under a non-AT_FDCWD dirfd were not
       scope-assigned: resolving them against the cwd would invent a path.
    ⛔ CWD-UNOBSERVED 4 relative path(s) (0 write(s)) came from a lifecycle
       process whose own cwd was never observed
       macOS spawns with posix_spawn addchdir_np, which changes directory in-kernel and
       emits no chdir syscall, so the inherited cwd cannot be trusted. These are NOT
       scope-assigned; the grant below is WIDENED instead so it covers wherever they landed.
         pid=9467 read  unproven .
         pid=9467 read  unproven .
         pid=9467 read  unproven .
         pid=9488 read  unproven .
    ⛔ THE TRACER DROPPED 1 EVENT(S). A dropped event is a path never
       seen, so the grant below can only be too NARROW — the direction that breaks installs.
       Treat it as a FLOOR, not a measurement, until the adapter fault is fixed:
             1 x  epid=128 action=1 fault=1 addr=0x600000e20000
  == ATTRIBUTION == lifecycle pids: 2
    writes  script 118  /  whole traced subtree 1208
    sockets script 0  /  whole traced subtree 1
  == ROOTS (from /Users/runner/v2m-uLDvWQ/Observe/capture.json; the classifier reads no other source) ==
    project       /Users/runner/v2m-uLDvWQ/Observe
    home          /Users/runner
    jailHome      /Users/runner/v2m-uLDvWQ/jailhome
    globalStore   /Users/runner/.cache/nub/pm/store
    projectStore  /Users/runner/v2m-uLDvWQ/Observe/node_modules/.store
    interpreter   /Users/runner/hostedtoolcache/node/22.23.2/arm64
    toolsDir      /Users/runner/.cache/nub/pm/tools
    temp          /private/var/folders/bl/vzjcvbz95c3dk19cb0fw46180000gn/T/nub-tmp-obsnQT3y1
    npmPrefix     /Users/runner/.cache/nub/pm/tools/npm-prefix
    ownPkg        /Users/runner/v2m-uLDvWQ/Observe/node_modules/@playwright/browser-firefox
    cwd           (null — this platform has no such root)
  == WRITES the script actually performed ==
    systemfs      1
        /dev/dtracehelper
    userHome    115
    jailTmp       2  (base profile already grants this — NOT billed)
        /private/var/folders/bl/vzjcvbz95c3dk19cb0fw46180000gn/T/nub-tmp-obsnQT3y1/playwright-download-gnn0DO
        /private/var/folders/bl/vzjcvbz95c3dk19cb0fw46180000gn/T/nub-tmp-obsnQT3y1/playwright-download-gnn0DO/playwright-download-firefox-mac15-arm64-1543.zip
  == READS the script performed, by scope ==
    outside       9
    systemfs     14
    userHome      5
    ownPkg        2
    deps          5
    jailTmp       2
        outside: /
        outside: /bin/bash
        outside: /bin
        outside: /etc/localtime
        outside: /var/db/timezone/zoneinfo/posixrules
        outside: /bin/sh
        outside: /usr/bin/sw_vers
        outside: /usr/bin
        outside: /var/db/timezone/zoneinfo/UTC
  == NETWORK ==
    AF_INET connects: 0   distinct peers: 0
  == REFUSALS (errno EPERM/EACCES/EROFS only; ENOENT is a miss, not a denial) ==
    distinct: 0
  == SYNTHESIZED GRANT (verify this in the real unprivileged jail) ==
    {"write":{"userHome":true}}
  == writePaths (DERIVED — promotion out of the package's PRIVATE home) ==
    private-home writes observed: 0
    none declared — the script wrote nothing into its private home — there is nothing to promote
    115 write(s) landed in the REAL home by absolute path, so promotion cannot reach them — nub moves OUT of the private home, and nothing of theirs is in it. Only `write:{userHome}` covers these; emitting `writePaths` instead would be an UNDER-GRANT.
  == writePaths FEASIBILITY (distinct writes outside project/deps) ==
    count: 115
        .cache/nub/pm/tools/ms-playwright/__dirlock
        .cache/nub/pm/tools/ms-playwright/.links
        .cache/nub/pm/tools/ms-playwright/.links/49ac00eea45f8a1db78609c7fdb33a4d0f29275e
        .cache/nub/pm/tools/ms-playwright/firefox-1543
        .cache/nub/pm/tools/ms-playwright/firefox-1543/firefox
        .cache/nub/pm/tools/ms-playwright/firefox-1543/firefox/Nightly.app
        .cache/nub/pm/tools/ms-playwright/firefox-1543/firefox/Nightly.app/Contents
        .cache/nub/pm/tools/ms-playwright/firefox-1543/firefox/Nightly.app/Contents/MacOS
        .cache/nub/pm/tools/ms-playwright/firefox-1543/firefox/Nightly.app/Contents/MacOS/firefox
        .cache/nub/pm/tools/ms-playwright/firefox-1543/firefox/Nightly.app/Contents/MacOS/libEGL.dylib
        .cache/nub/pm/tools/ms-playwright/firefox-1543/firefox/Nightly.app/Contents/MacOS/pingsender
        .cache/nub/pm/tools/ms-playwright/firefox-1543/firefox/Nightly.app/Contents/MacOS/libfreebl3.dylib
        .cache/nub/pm/tools/ms-playwright/firefox-1543/firefox/Nightly.app/Contents/MacOS/liblgpllibs.dylib
        .cache/nub/pm/tools/ms-playwright/firefox-1543/firefox/Nightly.app/Contents/MacOS/libmozinference.dylib
        .cache/nub/pm/tools/ms-playwright/firefox-1543/firefox/Nightly.app/Contents/MacOS/plugin-container.app
        .cache/nub/pm/tools/ms-playwright/firefox-1543/firefox/Nightly.app/Contents/MacOS/plugin-container.app/Contents
        .cache/nub/pm/tools/ms-playwright/firefox-1543/firefox/Nightly.app/Contents/MacOS/plugin-container.app/Contents/MacOS
        .cache/nub/pm/tools/ms-playwright/firefox-1543/firefox/Nightly.app/Contents/MacOS/plugin-container.app/Contents/MacOS/plugin-container
        .cache/nub/pm/tools/ms-playwright/firefox-1543/firefox/Nightly.app/Contents/MacOS/plugin-container.app/Contents/Resources
        .cache/nub/pm/tools/ms-playwright/firefox-1543/firefox/Nightly.app/Contents/MacOS/plugin-container.app/Contents/Resources/English.lproj
        .cache/nub/pm/tools/ms-playwright/firefox-1543/firefox/Nightly.app/Contents/MacOS/plugin-container.app/Contents/Resources/English.lproj/InfoPlist.strings
        .cache/nub/pm/tools/ms-playwright/firefox-1543/firefox/Nightly.app/Contents/MacOS/plugin-container.app/Contents/Info.plist
        .cache/nub/pm/tools/ms-playwright/firefox-1543/firefox/Nightly.app/Contents/MacOS/plugin-container.app/Contents/PkgInfo
        .cache/nub/pm/tools/ms-playwright/firefox-1543/firefox/Nightly.app/Contents/MacOS/nmhproxy
        .cache/nub/pm/tools/ms-playwright/firefox-1543/firefox/Nightly.app/Contents/MacOS/libsoftokn3.dylib
        .cache/nub/pm/tools/ms-playwright/firefox-1543/firefox/Nightly.app/Contents/MacOS/XUL
        .cache/nub/pm/tools/ms-playwright/firefox-1543/firefox/Nightly.app/Contents/MacOS/libmozavutil.dylib
        .cache/nub/pm/tools/ms-playwright/firefox-1543/firefox/Nightly.app/Contents/MacOS/libmozglue.dylib
        .cache/nub/pm/tools/ms-playwright/firefox-1543/firefox/Nightly.app/Contents/MacOS/libgkcodecs.dylib
        .cache/nub/pm/tools/ms-playwright/firefox-1543/firefox/Nightly.app/Contents/MacOS/gpu-helper.app
        .cache/nub/pm/tools/ms-playwright/firefox-1543/firefox/Nightly.app/Contents/MacOS/gpu-helper.app/Contents
        .cache/nub/pm/tools/ms-playwright/firefox-1543/firefox/Nightly.app/Contents/MacOS/gpu-helper.app/Contents/MacOS
        .cache/nub/pm/tools/ms-playwright/firefox-1543/firefox/Nightly.app/Contents/MacOS/gpu-helper.app/Contents/MacOS/Nightly GPU Helper
        .cache/nub/pm/tools/ms-playwright/firefox-1543/firefox/Nightly.app/Contents/MacOS/gpu-helper.app/Contents/Resources
        .cache/nub/pm/tools/ms-playwright/firefox-1543/firefox/Nightly.app/Contents/MacOS/gpu-helper.app/Contents/Resources/English.lproj
        .cache/nub/pm/tools/ms-playwright/firefox-1543/firefox/Nightly.app/Contents/MacOS/gpu-helper.app/Contents/Resources/English.lproj/InfoPlist.strings
        .cache/nub/pm/tools/ms-playwright/firefox-1543/firefox/Nightly.app/Contents/MacOS/gpu-helper.app/Contents/Info.plist
        .cache/nub/pm/tools/ms-playwright/firefox-1543/firefox/Nightly.app/Contents/MacOS/gpu-helper.app/Contents/PkgInfo
        .cache/nub/pm/tools/ms-playwright/firefox-1543/firefox/Nightly.app/Contents/MacOS/libmozavcodec.dylib
        .cache/nub/pm/tools/ms-playwright/firefox-1543/firefox/Nightly.app/Contents/MacOS/libGLESv2.dylib
        … and 75 more
  EVICT[synth] 0 store entries removed, 0 spared as nub tooling, 163 in store
OSV-SCREEN {"schemaVersion":1,"kind":"nub-synth-resolved","status":"clean","digest":"bc31785080ba7c0f2113334512916da8f9333017b9e9d3c1e2808e18884d6920","specCount":2,"lockfiles":{"digest":"6cd5be87d5a7b1d787d81d2ed650f5aa06291dca6a8c1e486093a38041c990fe","files":[{"path":"nub.lock","sha256":"f2489a747d8245040a96e4e8363b71523161fe8ae5fd6a33978c33b44491554b","bytes":749}]},"maliciousAdvisories":[],"screenedAt":"2026-09-10T01:25:43.201Z","cacheHit":true,"clearancePath":"/Users/runner/v2m-uLDvWQ/security/nub-synth-resolved.json"}
  SECURITY nub-synth-resolved clean: 2 exact package-version(s), tree bc31785080ba (cached exact-tree clearance)
  VENUE-STORE-LAYOUT isolated
  VERIFY[synth] rc=0 artifacts=8/8 missing=0 shortfall=none (tree 376/131) OVERRIDDEN=3 REJECTED=0 grant={"write":{"userHome":true}}
  => VERIFIED {"write":{"userHome":true}}
  EVICT[nar-no-write-userHome] 2 store entries removed, 0 spared as nub tooling, 165 in store
OSV-SCREEN {"schemaVersion":1,"kind":"nub-nar-no-write-userHome-resolved","status":"clean","digest":"bc31785080ba7c0f2113334512916da8f9333017b9e9d3c1e2808e18884d6920","specCount":2,"lockfiles":{"digest":"6cd5be87d5a7b1d787d81d2ed650f5aa06291dca6a8c1e486093a38041c990fe","files":[{"path":"nub.lock","sha256":"f2489a747d8245040a96e4e8363b71523161fe8ae5fd6a33978c33b44491554b","bytes":749}]},"maliciousAdvisories":[],"screenedAt":"2026-09-10T01:25:43.201Z","cacheHit":true,"clearancePath":"/Users/runner/v2m-uLDvWQ/security/nub-nar-no-write-userHome-resolved.json"}
  SECURITY nub-nar-no-write-userHome-resolved clean: 2 exact package-version(s), tree bc31785080ba (cached exact-tree clearance)
  VERIFY[nar-no-write-userHome] rc=0 artifacts=8/8 missing=0 shortfall=none (tree 376/131) OVERRIDDEN=3 REJECTED=0 grant={}
     ⛔ OVER-PREDICTED — the strictly narrower {} also verifies; 'no-write-userHome' was not needed
### DONE @playwright/browser-firefox@1.63.0  synthesized={"write":{"userHome":true}} verified=1
