OSV-SCREEN {"schemaVersion":1,"kind":"direct","status":"clean","digest":"8a4e766688fea109197e341332d7859230a03c65da1f4e2ac4064539ad3b04fd","specCount":1,"lockfiles":{"digest":null,"files":[]},"maliciousAdvisories":[],"screenedAt":"2026-09-08T07:20:07.318Z","cacheHit":false,"clearancePath":"/Users/runner/v2m-in2Icr/security/direct.json"}
  SECURITY direct clean: 1 exact package-version(s), tree 8a4e766688fe
### netlify-cli@17.9.0   (/Users/runner/v2m-in2Icr)   nub=/tmp/nub/target/release/nub
  VENUE-NUB-BINARY {"path":"/tmp/nub/target/release/nub","sha256":"f923f9d246b7061a3e88675efb7b4fdcda741d02368002ce6e7f7044b01e7bbe","bytes":93818888,"features":{"buildJailCatalogOverride":true,"pythonDontWriteBytecodeEnv":true}}
  CI-ENV scrubbed: CI GITHUB_ACTIONS
  --- fbt preflight (advisory; never fails the run) ---
     csrutil: System Integrity Protection status: disabled.
     fbt probes visible: 93591
     fbt enable attempt: dtrace: description 'fbt:::entry ' matched 50364 probes CPU     ID                    FUNCTION:NAME 
     cwd builtin value:  
     fbt chdir symbols:  
     fbt fires on spawn-with-cwd: dtrace: invalid probe specifier fbt::chdir*:entry /progenyof($target)/ { @[probefunc] = count(); }: probe description fbt::chdir*:entry does not match any probes 
  --- end fbt preflight ---
OSV-SCREEN {"schemaVersion":1,"kind":"npm-observe-resolved","status":"clean","digest":"2dcbf0a5cf70e2d81df74064d4742a355beb24729ebf0ee2412eeee140f38ee9","specCount":1098,"lockfiles":{"digest":"64120d755dcd474f0cce7ffb3da24f3752b83e4aa0d81dcc75412fd852d664c0","files":[{"path":"package-lock.json","sha256":"f5ab2878b4a51413e10c46a53542b2d6a77fc50bc677da88bfaf71bef24f1112","bytes":669148}]},"maliciousAdvisories":[],"screenedAt":"2026-09-08T07:20:47.748Z","cacheHit":false,"clearancePath":"/Users/runner/v2m-in2Icr/security/npm-observe-resolved.json"}
  SECURITY npm-observe-resolved clean: 1098 exact package-version(s), tree 2dcbf0a5cf70
  VENUE-CI-CHILD clean (no CI-detection variable reaches the traced script)
  --- wrapper (run.sh) ---
     cd "/Users/runner/v2m-in2Icr/Observe"
     sudo -u "runner" -H env "PATH=$PATH"   "HOME=/Users/runner/v2m-in2Icr/jailhome"   "TMPDIR=/private/var/folders/bl/vzjcvbz95c3dk19cb0fw46180000gn/T/nub-tmp-obspDPMH6"   "NODE_COMPAT=1"   "PYTHONDONTWRITEBYTECODE=1"   "PLAYWRIGHT_BROWSERS_PATH=/Users/runner/.cache/nub/pm/tools/ms-playwright"   "ELECTRON_CACHE=/Users/runner/.cache/nub/pm/tools/electron-cache"   "electron_config_cache=/Users/runner/.cache/nub/pm/tools/electron-cache"   "npm_config_prefix=/Users/runner/.cache/nub/pm/tools/npm-prefix"   "/Users/runner/hostedtoolcache/node/22.23.2/arm64/bin/npm" rebuild --no-audit --no-fund "netlify-cli" > "/Users/runner/v2m-in2Icr/Observe/npm.log" 2>&1
     echo $? > "/Users/runner/v2m-in2Icr/Observe/rc"
  --- dtrace stderr + wrapper trace ---
     + cd /Users/runner/v2m-in2Icr/Observe
     + sudo -u runner -H env PATH=/Users/runner/hostedtoolcache/node/22.23.2/arm64/bin:/opt/homebrew/lib/ruby/gems/3.3.0/bin:/opt/homebrew/opt/ruby@3.3/bin:/Users/runner/.local/bin:/opt/homebrew/bin:/opt/homebrew/sbin:/Users/runner/.cargo/bin:/usr/local/opt/curl/bin:/usr/local/bin:/usr/local/sbin:/Users/runner/bin:/Users/runner/.yarn/bin:/Users/runner/Library/Android/sdk/tools:/Users/runner/Library/Android/sdk/platform-tools:/Library/Frameworks/Python.framework/Versions/Current/bin:/Library/Frameworks/Mono.framework/Versions/Current/Commands:/usr/bin:/bin:/usr/sbin:/sbin:/Users/runner/.dotnet/tools HOME=/Users/runner/v2m-in2Icr/jailhome TMPDIR=/private/var/folders/bl/vzjcvbz95c3dk19cb0fw46180000gn/T/nub-tmp-obspDPMH6 NODE_COMPAT=1 PYTHONDONTWRITEBYTECODE=1 PLAYWRIGHT_BROWSERS_PATH=/Users/runner/.cache/nub/pm/tools/ms-playwright ELECTRON_CACHE=/Users/runner/.cache/nub/pm/tools/electron-cache electron_config_cache=/Users/runner/.cache/nub/pm/tools/electron-cache npm_config_prefix=/Users/runner/.cache/nub/pm/tools/npm-prefix /Users/runner/hostedtoolcache/node/22.23.2/arm64/bin/npm rebuild --no-audit --no-fund netlify-cli
     dtrace: error on enabled probe ID 128 (ID 286: syscall::execve:entry): invalid address (0x600002eed0e0) in action #1 at DIF offset 20
     + echo 0
  OBSERVE   rc=0 dtrace_rc=0 files=41369 (pre=41367) trace=89032 lines
  CLOSURE   1 packages evicted per arm   store=/Users/runner/.cache/nub/pm/store
  RAWLOG-FILE /Users/runner/v2m-in2Icr/Observe/trace.txt.gz
  RAWLOG-CAPTURE /Users/runner/v2m-in2Icr/Observe/capture.json
  RAWLOG-BYTES raw=15845999 gz=467139
  VENUE-INTERPRETER /Users/runner/hostedtoolcache/node/22.23.2/arm64
  VENUE-OVERRIDES {"set":{"PATH":"inherited-and-forwarded","HOME":"/Users/runner/v2m-in2Icr/jailhome","TMPDIR":"/private/var/folders/bl/vzjcvbz95c3dk19cb0fw46180000gn/T/nub-tmp-obspDPMH6","NODE_COMPAT":"1","PYTHONDONTWRITEBYTECODE":"1","PLAYWRIGHT_BROWSERS_PATH":"/Users/runner/.cache/nub/pm/tools/ms-playwright","ELECTRON_CACHE":"/Users/runner/.cache/nub/pm/tools/electron-cache","electron_config_cache":"/Users/runner/.cache/nub/pm/tools/electron-cache","npm_config_prefix":"/Users/runner/.cache/nub/pm/tools/npm-prefix"},"unset":["(sudo env_reset discards the caller environment; every var above is re-set after it)","CI","GITHUB_ACTIONS"],"passedThrough":{"CI":"true","GITHUB_ACTIONS":"true","NODE_ENV":null}}
  VENUE-OBSERVE-USER runner uid=501 (R7: ordinary non-root user, asserted)
  ARM-FALSIFIABILITY {"manifestFiles":269,"filesTheScriptProduced":0,"reasons":["gate-vacuous"]}
  ⛔ ARMS-UNFALSIFIABLE — a green arm for this package carries no evidence:
       gate-vacuous: the script changed no file the artifact gate keys on — every file in the manifest (269) was already present at its final size before the script ran, so the gate passes in every arm including a completely broken one
       The grant may still be correct; what is missing is a signal that could have gone
       red. Do not read this record's MINIMAL as a passing measurement.
  EVENTLOG-FILE /Users/runner/v2m-in2Icr/Observe/events.ndjson.gz
  EVENTLOG-STATS {"lines":89033,"parsed":89015,"unparsed":0,"live":true,"tracerErrors":1,"tracerErrorTotal":1,"unresolvedDirfd":21,"unresolvedFd":0,"pairedTwoPath":541,"danglingPair":0,"failed":43471,"enoent":43468,"refusals":0,"byErrno":{"ENXIO":3,"ENOENT":43468},"procs":5,"lifecyclePids":1,"distinctEvents":40674,"emitted":40674,"calls":88462,"bytes":7785050,"gzipBytes":226579,"out":"/Users/runner/v2m-in2Icr/Observe/events.ndjson"}
  == TRACER == live=true decodable-events=19346 dropped-events=1
    NOTE 14 relative path(s) under a non-AT_FDCWD dirfd were not
       scope-assigned: resolving them against the cwd would invent a path.
    ⛔ CWD-UNOBSERVED 288 relative path(s) (0 write(s)) came from a lifecycle
       process whose own cwd was never observed
       macOS spawns with posix_spawn addchdir_np, which changes directory in-kernel and
       emits no chdir syscall, so the inherited cwd cannot be trusted. These are NOT
       scope-assigned; the grant below is WIDENED instead so it covers wherever they landed.
         pid=35182 read  unproven .
         pid=35182 read  unproven .
         pid=35182 read  unproven .
         pid=35182 read  unproven .
         pid=35182 read  unproven .
         pid=35182 read  unproven .
         pid=35182 read  unproven .
         pid=35182 read  unproven .
         pid=35182 read  unproven .
         pid=35182 read  unproven .
         … and 278 more
    ⛔ THE TRACER DROPPED 1 EVENT(S). A dropped event is a path never
       seen, so the grant below can only be too NARROW — the direction that breaks installs.
       Treat it as a FLOOR, not a measurement, until the adapter fault is fixed:
             1 x  epid=128 action=1 fault=1 addr=0x600002eed0e0
  == ATTRIBUTION == lifecycle pids: 1
    writes  script 5  /  whole traced subtree 1095
    sockets script 0  /  whole traced subtree 1
  == ROOTS (from /Users/runner/v2m-in2Icr/Observe/capture.json; the classifier reads no other source) ==
    project       /Users/runner/v2m-in2Icr/Observe
    home          /Users/runner
    jailHome      /Users/runner/v2m-in2Icr/jailhome
    globalStore   /Users/runner/.cache/nub/pm/store
    projectStore  /Users/runner/v2m-in2Icr/Observe/node_modules/.store
    interpreter   /Users/runner/hostedtoolcache/node/22.23.2/arm64
    toolsDir      /Users/runner/.cache/nub/pm/tools
    temp          /private/var/folders/bl/vzjcvbz95c3dk19cb0fw46180000gn/T/nub-tmp-obspDPMH6
    npmPrefix     /Users/runner/.cache/nub/pm/tools/npm-prefix
    ownPkg        /Users/runner/v2m-in2Icr/Observe/node_modules/netlify-cli
    cwd           (null — this platform has no such root)
  == WRITES the script actually performed ==
    systemfs      1
        /dev/dtracehelper
    jailHome      4  (base profile already grants this — NOT billed)
        /Users/runner/v2m-in2Icr/jailhome/Library
        /Users/runner/v2m-in2Icr/jailhome/Library/Preferences
        /Users/runner/v2m-in2Icr/jailhome/Library/Preferences/netlify
        /Users/runner/v2m-in2Icr/jailhome/Library/Preferences/netlify/autocompletion.json
  == READS the script performed, by scope ==
    outside       3
    systemfs      8
    userHome      2
    ownPkg     5839
        outside: /
        outside: /bin/bash
        outside: /bin
  == NETWORK ==
    AF_INET connects: 0   distinct peers: 0
  == REFUSALS (errno EPERM/EACCES/EROFS only; ENOENT is a miss, not a denial) ==
    distinct: 0
  == SYNTHESIZED GRANT (verify this in the real unprivileged jail) ==
    {"writePaths":["Library/Preferences/netlify"]}
  == writePaths (DERIVED — promotion out of the package's PRIVATE home) ==
    private-home writes observed: 4
        Library/Preferences/netlify
  == writePaths FEASIBILITY (distinct writes outside project/deps) ==
    count: 0
  EVICT[synth] 0 store entries removed, 0 spared as nub tooling, 297 in store
OSV-SCREEN {"schemaVersion":1,"kind":"nub-synth-resolved","status":"clean","digest":"b0f7b9bf4b7ae9bea5db993ed084e6b6cf820fb4a6245025d6386dbf116b2c7e","specCount":1192,"lockfiles":{"digest":"a713f53ac1fd63b07c447c9514c88b2301e13a9d932ee8c3708ed53af30481dd","files":[{"path":"nub.lock","sha256":"89a4b1ce2ee07fd6d1eeaa358c1cfcc2d689d3314c2933b83243f761eb52d067","bytes":351296}]},"maliciousAdvisories":[],"screenedAt":"2026-09-08T07:21:36.539Z","cacheHit":false,"clearancePath":"/Users/runner/v2m-in2Icr/security/nub-synth-resolved.json"}
  SECURITY nub-synth-resolved clean: 1192 exact package-version(s), tree b0f7b9bf4b7a
  VENUE-STORE-LAYOUT isolated
  VERIFY[synth] rc=0 artifacts=269/269 missing=0 shortfall=none (tree 187079/41369) OVERRIDDEN=3 REJECTED=0 grant={"writePaths":["Library/Preferences/netlify"]}
  => VERIFIED {"writePaths":["Library/Preferences/netlify"]}
  NARROW    no capability to drop — the grant is already empty; over-prediction is 0 by construction
### DONE netlify-cli@17.9.0  synthesized={"writePaths":["Library/Preferences/netlify"]} verified=1
