OSV-SCREEN {"schemaVersion":1,"kind":"direct","status":"clean","digest":"b408a7e90d7600a2da1c3357d886af2fbfa437ee583d8ea1a641cc6596e5f405","specCount":1,"lockfiles":{"digest":null,"files":[]},"maliciousAdvisories":[],"screenedAt":"2026-09-08T01:14:56.216Z","cacheHit":false,"clearancePath":"/Users/runner/v2m-X1LjzA/security/direct.json"}
  SECURITY direct clean: 1 exact package-version(s), tree b408a7e90d76
### aws-iot-device-sdk-v2@1.8.3   (/Users/runner/v2m-X1LjzA)   nub=/tmp/nub/target/release/nub
  VENUE-NUB-BINARY {"path":"/tmp/nub/target/release/nub","sha256":"f923f9d246b7061a3e88675efb7b4fdcda741d02368002ce6e7f7044b01e7bbe","bytes":93818888,"features":{"buildJailCatalogOverride":true,"pythonDontWriteBytecodeEnv":true}}
  CI-ENV scrubbed: CI GITHUB_ACTIONS
  --- fbt preflight (advisory; never fails the run) ---
     csrutil: System Integrity Protection status: disabled.
     fbt probes visible: 93591
     fbt enable attempt: dtrace: description 'fbt:::entry ' matched 50364 probes CPU     ID                    FUNCTION:NAME 
     cwd builtin value:  
     fbt chdir symbols:  
     fbt fires on spawn-with-cwd: dtrace: invalid probe specifier fbt::chdir*:entry /progenyof($target)/ { @[probefunc] = count(); }: probe description fbt::chdir*:entry does not match any probes 
  --- end fbt preflight ---
OSV-SCREEN {"schemaVersion":1,"kind":"npm-observe-resolved","status":"clean","digest":"91f1ec0847bad2f9ba8fbebf3cd55a207dee84e5e468cc8c44813d243b212456","specCount":136,"lockfiles":{"digest":"d4ed374f0f97a30e6824bbb208bb09704001a9d6b5cdcd212832f1c05e173c8f","files":[{"path":"package-lock.json","sha256":"57adc80a32eac2b93f3c523e9303ae300eb3060824956c2c915cdf4ac382b0ec","bytes":58304}]},"maliciousAdvisories":[],"screenedAt":"2026-09-08T01:15:06.655Z","cacheHit":false,"clearancePath":"/Users/runner/v2m-X1LjzA/security/npm-observe-resolved.json"}
  SECURITY npm-observe-resolved clean: 136 exact package-version(s), tree 91f1ec0847ba
  VENUE-CI-CHILD clean (no CI-detection variable reaches the traced script)
  --- wrapper (run.sh) ---
     cd "/Users/runner/v2m-X1LjzA/Observe"
     sudo -u "runner" -H env "PATH=$PATH"   "HOME=/Users/runner/v2m-X1LjzA/jailhome"   "TMPDIR=/private/var/folders/bl/vzjcvbz95c3dk19cb0fw46180000gn/T/nub-tmp-obsQ5AcdJ"   "NODE_COMPAT=1"   "PYTHONDONTWRITEBYTECODE=1"   "PLAYWRIGHT_BROWSERS_PATH=/Users/runner/.cache/nub/pm/tools/ms-playwright"   "ELECTRON_CACHE=/Users/runner/.cache/nub/pm/tools/electron-cache"   "electron_config_cache=/Users/runner/.cache/nub/pm/tools/electron-cache"   "npm_config_prefix=/Users/runner/.cache/nub/pm/tools/npm-prefix"   "/Users/runner/hostedtoolcache/node/22.23.2/arm64/bin/npm" rebuild --no-audit --no-fund "aws-iot-device-sdk-v2" > "/Users/runner/v2m-X1LjzA/Observe/npm.log" 2>&1
     echo $? > "/Users/runner/v2m-X1LjzA/Observe/rc"
  --- dtrace stderr + wrapper trace ---
     + cd /Users/runner/v2m-X1LjzA/Observe
     + sudo -u runner -H env PATH=/Users/runner/hostedtoolcache/node/22.23.2/arm64/bin:/opt/homebrew/lib/ruby/gems/3.3.0/bin:/opt/homebrew/opt/ruby@3.3/bin:/Users/runner/.local/bin:/opt/homebrew/bin:/opt/homebrew/sbin:/Users/runner/.cargo/bin:/usr/local/opt/curl/bin:/usr/local/bin:/usr/local/sbin:/Users/runner/bin:/Users/runner/.yarn/bin:/Users/runner/Library/Android/sdk/tools:/Users/runner/Library/Android/sdk/platform-tools:/Library/Frameworks/Python.framework/Versions/Current/bin:/Library/Frameworks/Mono.framework/Versions/Current/Commands:/usr/bin:/bin:/usr/sbin:/sbin:/Users/runner/.dotnet/tools HOME=/Users/runner/v2m-X1LjzA/jailhome TMPDIR=/private/var/folders/bl/vzjcvbz95c3dk19cb0fw46180000gn/T/nub-tmp-obsQ5AcdJ NODE_COMPAT=1 PYTHONDONTWRITEBYTECODE=1 PLAYWRIGHT_BROWSERS_PATH=/Users/runner/.cache/nub/pm/tools/ms-playwright ELECTRON_CACHE=/Users/runner/.cache/nub/pm/tools/electron-cache electron_config_cache=/Users/runner/.cache/nub/pm/tools/electron-cache npm_config_prefix=/Users/runner/.cache/nub/pm/tools/npm-prefix /Users/runner/hostedtoolcache/node/22.23.2/arm64/bin/npm rebuild --no-audit --no-fund aws-iot-device-sdk-v2
     dtrace: error on enabled probe ID 128 (ID 286: syscall::execve:entry): invalid address (0x600000d04090) in action #1 at DIF offset 20
     dtrace: error on enabled probe ID 8 (ID 179: syscall::open:return): invalid address (0x6000007d4600) in action #9 at DIF offset 12
     dtrace: error on enabled probe ID 128 (ID 286: syscall::execve:entry): invalid address (0x600001e600e0) in action #5 at DIF offset 88
     dtrace: error on enabled probe ID 128 (ID 286: syscall::execve:entry): invalid address (0x656d616e75) in action #6 at DIF offset 88
     dtrace: error on enabled probe ID 128 (ID 286: syscall::execve:entry): invalid address (0x656d616e75) in action #6 at DIF offset 88
     dtrace: error on enabled probe ID 128 (ID 286: syscall::execve:entry): invalid address (0x656d616e75) in action #6 at DIF offset 88
     dtrace: error on enabled probe ID 128 (ID 286: syscall::execve:entry): invalid address (0x656d616e75) in action #6 at DIF offset 88
     dtrace: error on enabled probe ID 128 (ID 286: syscall::execve:entry): invalid address (0x656d616e75) in action #6 at DIF offset 88
     dtrace: error on enabled probe ID 128 (ID 286: syscall::execve:entry): invalid address (0x656d616e75) in action #6 at DIF offset 88
     dtrace: error on enabled probe ID 128 (ID 286: syscall::execve:entry): invalid address (0x656d616e75) in action #6 at DIF offset 88
     dtrace: error on enabled probe ID 128 (ID 286: syscall::execve:entry): invalid address (0x656d616e75) in action #6 at DIF offset 88
     dtrace: error on enabled probe ID 128 (ID 286: syscall::execve:entry): invalid address (0x656d616e75) in action #6 at DIF offset 88
     dtrace: error on enabled probe ID 128 (ID 286: syscall::execve:entry): invalid address (0x656d616e75) in action #6 at DIF offset 88
     dtrace: error on enabled probe ID 128 (ID 286: syscall::execve:entry): invalid address (0x656d616e75) in action #6 at DIF offset 88
     dtrace: error on enabled probe ID 128 (ID 286: syscall::execve:entry): invalid address (0x656d616e75) in action #6 at DIF offset 88
     dtrace: error on enabled probe ID 128 (ID 286: syscall::execve:entry): invalid address (0x656d616e75) in action #6 at DIF offset 88
     dtrace: error on enabled probe ID 128 (ID 286: syscall::execve:entry): invalid address (0x656d616e75) in action #6 at DIF offset 88
     dtrace: error on enabled probe ID 128 (ID 286: syscall::execve:entry): invalid address (0x656d616e75) in action #6 at DIF offset 88
     dtrace: error on enabled probe ID 128 (ID 286: syscall::execve:entry): invalid address (0x656d616e75) in action #6 at DIF offset 88
     dtrace: error on enabled probe ID 128 (ID 286: syscall::execve:entry): invalid address (0x656d616e75) in action #6 at DIF offset 88
     dtrace: error on enabled probe ID 128 (ID 286: syscall::execve:entry): invalid address (0x656d616e75) in action #6 at DIF offset 88
     dtrace: error on enabled probe ID 128 (ID 286: syscall::execve:entry): invalid address (0x656d616e75) in action #6 at DIF offset 88
     dtrace: error on enabled probe ID 128 (ID 286: syscall::execve:entry): invalid address (0x656d616e75) in action #6 at DIF offset 88
     dtrace: error on enabled probe ID 128 (ID 286: syscall::execve:entry): invalid address (0x656d616e75) in action #6 at DIF offset 88
     dtrace: error on enabled probe ID 128 (ID 286: syscall::execve:entry): invalid address (0x656d616e75) in action #6 at DIF offset 88
     dtrace: error on enabled probe ID 128 (ID 286: syscall::execve:entry): invalid address (0x656d616e75) in action #6 at DIF offset 88
     dtrace: error on enabled probe ID 128 (ID 286: syscall::execve:entry): invalid address (0x656d616e75) in action #6 at DIF offset 88
     dtrace: error on enabled probe ID 128 (ID 286: syscall::execve:entry): invalid address (0x656d616e75) in action #6 at DIF offset 88
  OBSERVE   rc=0 dtrace_rc=0 files=8346 (pre=2965) trace=391227 lines
  CLOSURE   119 packages evicted per arm   store=/Users/runner/.cache/nub/pm/store
  RAWLOG-FILE /Users/runner/v2m-X1LjzA/Observe/trace.txt.gz
  RAWLOG-CAPTURE /Users/runner/v2m-X1LjzA/Observe/capture.json
  RAWLOG-BYTES raw=72234748 gz=3144522
  VENUE-INTERPRETER /Users/runner/hostedtoolcache/node/22.23.2/arm64
  VENUE-OVERRIDES {"set":{"PATH":"inherited-and-forwarded","HOME":"/Users/runner/v2m-X1LjzA/jailhome","TMPDIR":"/private/var/folders/bl/vzjcvbz95c3dk19cb0fw46180000gn/T/nub-tmp-obsQ5AcdJ","NODE_COMPAT":"1","PYTHONDONTWRITEBYTECODE":"1","PLAYWRIGHT_BROWSERS_PATH":"/Users/runner/.cache/nub/pm/tools/ms-playwright","ELECTRON_CACHE":"/Users/runner/.cache/nub/pm/tools/electron-cache","electron_config_cache":"/Users/runner/.cache/nub/pm/tools/electron-cache","npm_config_prefix":"/Users/runner/.cache/nub/pm/tools/npm-prefix"},"unset":["(sudo env_reset discards the caller environment; every var above is re-set after it)","CI","GITHUB_ACTIONS"],"passedThrough":{"CI":"true","GITHUB_ACTIONS":"true","NODE_ENV":null}}
  VENUE-OBSERVE-USER runner uid=501 (R7: ordinary non-root user, asserted)
  ARM-FALSIFIABILITY {"manifestFiles":66,"filesTheScriptProduced":1,"reasons":[]}
  EVENTLOG-FILE /Users/runner/v2m-X1LjzA/Observe/events.ndjson.gz
  EVENTLOG-STATS {"lines":391228,"parsed":391152,"unparsed":0,"live":true,"tracerErrors":53,"tracerErrorTotal":53,"unresolvedDirfd":234,"unresolvedFd":0,"pairedTwoPath":3752,"danglingPair":0,"failed":143700,"enoent":83124,"refusals":0,"byErrno":{"ENXIO":17,"ENOENT":83124,"EEXIST":57869,"EINVAL":4,"ENOTEMPTY":2686},"procs":31,"lifecyclePids":14,"distinctEvents":207455,"emitted":207455,"calls":386932,"bytes":44022453,"gzipBytes":1283937,"out":"/Users/runner/v2m-X1LjzA/Observe/events.ndjson"}
  == TRACER == live=true decodable-events=160692 dropped-events=53
    NOTE 156 relative path(s) under a non-AT_FDCWD dirfd were not
       scope-assigned: resolving them against the cwd would invent a path.
    ⛔ CWD-UNOBSERVED 41 relative path(s) (0 write(s)) came from a lifecycle
       process whose own cwd was never observed
       macOS spawns with posix_spawn addchdir_np, which changes directory in-kernel and
       emits no chdir syscall, so the inherited cwd cannot be trusted. These are NOT
       scope-assigned; the grant below is WIDENED instead so it covers wherever they landed.
         pid=55183 read  unproven .
         pid=55184 read  unproven .
         pid=55184 read  unproven .
         pid=55488 read  unproven .
         pid=55489 read  unproven .
         pid=55489 read  unproven .
         pid=55842 read  unproven .
         pid=55890 read  unproven .
         pid=55890 read  unproven .
         pid=55891 read  unproven .
         … and 31 more
    CWD-RESOLVED 12 relative path(s) placed against the package dir
       and CONFIRMED by an artifact present after the run — not assumed.
    ⛔ THE TRACER DROPPED 53 EVENT(S). A dropped event is a path never
       seen, so the grant below can only be too NARROW — the direction that breaks installs.
       Treat it as a FLOOR, not a measurement, until the adapter fault is fixed:
            47 x  epid=128 action=6 fault=1 addr=0x656d616e75
             1 x  epid=128 action=1 fault=1 addr=0x600000d04090
             1 x  epid=8 action=9 fault=1 addr=0x6000007d4600
             1 x  epid=128 action=5 fault=1 addr=0x600001e600e0
             1 x  epid=52 action=10 fault=1 addr=0x600001458900
             1 x  epid=52 action=10 fault=1 addr=0x600001458e00
             1 x  epid=53 action=10 fault=1 addr=0x13d827cd0
  == ATTRIBUTION == lifecycle pids: 14
    writes  script 60914  /  whole traced subtree 61463
    sockets script 50  /  whole traced subtree 51
  == ROOTS (from /Users/runner/v2m-X1LjzA/Observe/capture.json; the classifier reads no other source) ==
    project       /Users/runner/v2m-X1LjzA/Observe
    home          /Users/runner
    jailHome      /Users/runner/v2m-X1LjzA/jailhome
    globalStore   /Users/runner/.cache/nub/pm/store
    projectStore  /Users/runner/v2m-X1LjzA/Observe/node_modules/.store
    interpreter   /Users/runner/hostedtoolcache/node/22.23.2/arm64
    toolsDir      /Users/runner/.cache/nub/pm/tools
    temp          /private/var/folders/bl/vzjcvbz95c3dk19cb0fw46180000gn/T/nub-tmp-obsQ5AcdJ
    npmPrefix     /Users/runner/.cache/nub/pm/tools/npm-prefix
    ownPkg        /Users/runner/v2m-X1LjzA/Observe/node_modules/aws-iot-device-sdk-v2
    cwd           (null — this platform has no such root)
  == WRITES the script actually performed ==
    systemfs      1
        /dev/dtracehelper
    jailHome  10143  (base profile already grants this — NOT billed)
        /Users/runner/v2m-X1LjzA/jailhome/.npm/_logs/2026-09-08T01_15_10_503Z-debug-0.log
        /Users/runner/v2m-X1LjzA/jailhome/.npm/_cacache
        /Users/runner/v2m-X1LjzA/jailhome/.npm/_cacache/tmp
        /Users/runner/v2m-X1LjzA/jailhome/.npm/_cacache/tmp/d5a86fd5
        /Users/runner/v2m-X1LjzA/jailhome/.npm/_cacache/content-v2
        /Users/runner/v2m-X1LjzA/jailhome/.npm/_cacache/content-v2/sha512
        /Users/runner/v2m-X1LjzA/jailhome/.npm/_cacache/content-v2/sha512/38
        /Users/runner/v2m-X1LjzA/jailhome/.npm/_cacache/content-v2/sha512/38/ef
        /Users/runner/v2m-X1LjzA/jailhome/.npm/_cacache/content-v2/sha512/38/ef/9307d1045930fb28edc7586bebc0450bce171f73e8888c102ff9cfde5e42b1575bddf0c8b5585815cb5172f0bbe761116544f06fb1c2d234f78d92cf8fce
        /Users/runner/v2m-X1LjzA/jailhome/.npm/_cacache/index-v5
        … and 10133 more
    ownPkg    45768  (base profile already grants this — NOT billed)
        /Users/runner/v2m-X1LjzA/Observe/node_modules/aws-iot-device-sdk-v2/node_modules
        /Users/runner/v2m-X1LjzA/Observe/node_modules/aws-iot-device-sdk-v2/node_modules/@types
        /Users/runner/v2m-X1LjzA/Observe/node_modules/aws-iot-device-sdk-v2/node_modules/aws-crt
        /Users/runner/v2m-X1LjzA/Observe/node_modules/aws-iot-device-sdk-v2/node_modules/cmake-js
        /Users/runner/v2m-X1LjzA/Observe/node_modules/aws-iot-device-sdk-v2/node_modules/@httptoolkit
        /Users/runner/v2m-X1LjzA/Observe/node_modules/aws-iot-device-sdk-v2/node_modules/npm-force-resolutions
        /Users/runner/v2m-X1LjzA/Observe/node_modules/aws-iot-device-sdk-v2/node_modules/@types/ws
        /Users/runner/v2m-X1LjzA/Observe/node_modules/aws-iot-device-sdk-v2/node_modules/memory-stream
        /Users/runner/v2m-X1LjzA/Observe/node_modules/aws-iot-device-sdk-v2/node_modules/memory-stream/node_modules
        /Users/runner/v2m-X1LjzA/Observe/node_modules/aws-iot-device-sdk-v2/node_modules/unzipper
        … and 45758 more
    jailTmp    5002  (base profile already grants this — NOT billed)
        /private/var/folders/bl/vzjcvbz95c3dk19cb0fw46180000gn/T/nub-tmp-obsQ5AcdJ/node-gyp-tmp-ibxh98
        /private/var/folders/bl/vzjcvbz95c3dk19cb0fw46180000gn/T/nub-tmp-obsQ5AcdJ/node-gyp-tmp-ibxh98/include
        /private/var/folders/bl/vzjcvbz95c3dk19cb0fw46180000gn/T/nub-tmp-obsQ5AcdJ/node-gyp-tmp-ibxh98/include/node
        /private/var/folders/bl/vzjcvbz95c3dk19cb0fw46180000gn/T/nub-tmp-obsQ5AcdJ/node-gyp-tmp-ibxh98/include/node/v8-locker.h
        /private/var/folders/bl/vzjcvbz95c3dk19cb0fw46180000gn/T/nub-tmp-obsQ5AcdJ/node-gyp-tmp-ibxh98/include/node/zconf.h
        /private/var/folders/bl/vzjcvbz95c3dk19cb0fw46180000gn/T/nub-tmp-obsQ5AcdJ/node-gyp-tmp-ibxh98/include/node/v8config.h
        /private/var/folders/bl/vzjcvbz95c3dk19cb0fw46180000gn/T/nub-tmp-obsQ5AcdJ/node-gyp-tmp-ibxh98/include/node/common.gypi
        /private/var/folders/bl/vzjcvbz95c3dk19cb0fw46180000gn/T/nub-tmp-obsQ5AcdJ/node-gyp-tmp-ibxh98/include/node/v8-object.h
        /private/var/folders/bl/vzjcvbz95c3dk19cb0fw46180000gn/T/nub-tmp-obsQ5AcdJ/node-gyp-tmp-ibxh98/include/node/v8-forward.h
        /private/var/folders/bl/vzjcvbz95c3dk19cb0fw46180000gn/T/nub-tmp-obsQ5AcdJ/node-gyp-tmp-ibxh98/include/node/v8-profiler.h
        … and 4992 more
  == READS the script performed, by scope ==
    outside      69
    systemfs     15
    userHome    748
    project       1
    jailHome    721
    ownPkg     4146
    bytecode    107
    jailTmp    3888
        outside: /
        outside: /bin/bash
        outside: /bin
        outside: /usr/bin/env
        outside: /usr/bin
        outside: /var/db/timezone/icutz/icutz44l.dat
        outside: /etc/localtime
        outside: /var/db/timezone/zoneinfo/posixrules
        outside: /var/db/timezone/zoneinfo/UTC
        outside: /bin/sh
  == NETWORK ==
    AF_INET connects: 50   distinct peers: 3
        104.16.7.34:443
        142.251.219.27:443
        104.16.213.131:443
  == REFUSALS (errno EPERM/EACCES/EROFS only; ENOENT is a miss, not a denial) ==
    distinct: 0
  == SYNTHESIZED GRANT (verify this in the real unprivileged jail) ==
    {"network":true,"writePaths":["Library/Caches/node-gyp"]}
  == writePaths (DERIVED — promotion out of the package's PRIVATE home) ==
    private-home writes observed: 10143
        Library/Caches/node-gyp
  == writePaths FEASIBILITY (distinct writes outside project/deps) ==
    count: 0
  scaffold: 1 dependency package(s) with lifecycle scripts granted a fixed wide grant
  EVICT[synth] 70 store entries removed, 9 spared as nub tooling, 463 in store
OSV-SCREEN {"schemaVersion":1,"kind":"nub-synth-resolved","status":"clean","digest":"8b45892cd117a2539c56571faa0adee42895a14d3679cddb7e081ab7892bd858","specCount":136,"lockfiles":{"digest":"f4e85cf2b309d91583ca98c577af11a6dbc672f7bb471e8a786521ca13ed7985","files":[{"path":"nub.lock","sha256":"125e39cd86cd4738ffd34e233511b74acae4b9150b1a32adba4e708a45de65df","bytes":32878}]},"maliciousAdvisories":[],"screenedAt":"2026-09-08T01:16:35.715Z","cacheHit":false,"clearancePath":"/Users/runner/v2m-X1LjzA/security/nub-synth-resolved.json"}
  SECURITY nub-synth-resolved clean: 136 exact package-version(s), tree 8b45892cd117
  VENUE-STORE-LAYOUT isolated
  VERIFY[synth] rc=0 artifacts=66/66 missing=0 shortfall=none (tree 78904/8346) OVERRIDDEN=3 REJECTED=0 grant={"network":true,"writePaths":["Library/Caches/node-gyp"]}
  => VERIFIED {"network":true,"writePaths":["Library/Caches/node-gyp"]}
  scaffold: 1 dependency package(s) with lifecycle scripts granted a fixed wide grant
  EVICT[nar-no-network] 136 store entries removed, 9 spared as nub tooling, 529 in store
OSV-SCREEN {"schemaVersion":1,"kind":"nub-nar-no-network-resolved","status":"clean","digest":"8b45892cd117a2539c56571faa0adee42895a14d3679cddb7e081ab7892bd858","specCount":136,"lockfiles":{"digest":"f4e85cf2b309d91583ca98c577af11a6dbc672f7bb471e8a786521ca13ed7985","files":[{"path":"nub.lock","sha256":"125e39cd86cd4738ffd34e233511b74acae4b9150b1a32adba4e708a45de65df","bytes":32878}]},"maliciousAdvisories":[],"screenedAt":"2026-09-08T01:16:35.715Z","cacheHit":true,"clearancePath":"/Users/runner/v2m-X1LjzA/security/nub-nar-no-network-resolved.json"}
  SECURITY nub-nar-no-network-resolved clean: 136 exact package-version(s), tree 8b45892cd117 (cached exact-tree clearance)
  VERIFY[nar-no-network] rc=1 artifacts=66/66 missing=1 shortfall=6398c0156743 (tree 62767/8346) OVERRIDDEN=3 REJECTED=0 grant={"writePaths":["Library/Caches/node-gyp"]}
       missing: package.json (1217B < 1218B)
     narrowing 'no-network' fails ⇒ that capability IS necessary
  => MINIMAL — every capability in {"network":true,"writePaths":["Library/Caches/node-gyp"]} is independently necessary
### DONE aws-iot-device-sdk-v2@1.8.3  synthesized={"network":true,"writePaths":["Library/Caches/node-gyp"]} verified=1
