### hugo-extended@0.116.1   (/home/runner/v2-mY7uTo)
  CI-ENV scrubbed: CI GITHUB_ACTIONS
OSV-SCREEN {"schemaVersion":1,"kind":"direct","status":"clean","digest":"a78c8e152269887a60bb2c3c76fa8434decadf04dc7173281461895e530caace","specCount":1,"lockfiles":{"digest":null,"files":[]},"maliciousAdvisories":[],"screenedAt":"2026-09-08T05:31:39.384Z","cacheHit":false,"clearancePath":"/home/runner/v2-mY7uTo/security/direct.json"}
  SECURITY direct clean: 1 exact package-version(s), tree a78c8e152269
  VENUE-OBSERVE-USER {"uid":1001,"user":"runner","umask":"0022","capBnd":"000001ffffffffff","noNewPrivs":"0"}
  VENUE-NUB-BINARY {"path":"/tmp/nub/target/release/nub","sha256":"2a18683f50f7afeb02a521cd3cae175dc2f91780d461c5f012065241f5a1447b","bytes":207643464,"features":{"buildJailCatalogOverride":true,"pythonDontWriteBytecodeEnv":true}}
OSV-SCREEN {"schemaVersion":1,"kind":"npm-observe-resolved","status":"clean","digest":"7d8fdc1fa5558f8c5e82295c193965e000f7d9c9aac5e149c969afab9b3697db","specCount":145,"lockfiles":{"digest":"a9c24a1a7073c59a87886f0ad145cff0691a111a6d8837ed90cc7ef60beca1e4","files":[{"path":"package-lock.json","sha256":"908e095b951469a216aa5e066d69ef3eae55812b577be934d32d041313ee6473","bytes":63461}]},"maliciousAdvisories":[],"screenedAt":"2026-09-08T05:31:40.832Z","cacheHit":false,"clearancePath":"/home/runner/v2-mY7uTo/security/npm-observe-resolved.json"}
  SECURITY npm-observe-resolved clean: 145 exact package-version(s), tree 7d8fdc1fa555
  OBSERVE   rc=0 files=1315 trace=15684 lines
  CLOSURE   136 packages evicted per arm
  ARM-FALSIFIABILITY {"manifestFiles":12,"filesTheScriptProduced":3,"reasons":[]}
  RAWLOG-FILE /home/runner/v2-mY7uTo/observe/trace.txt.gz
  RAWLOG-CAPTURE /home/runner/v2-mY7uTo/observe/capture.json
  RAWLOG-BYTES raw=3277929 gz=98869
  VENUE-INTERPRETER /opt/hostedtoolcache/node/22.23.2/x64
  VENUE-OVERRIDES {"set":{"HOME":"/home/runner/v2-mY7uTo/jailhome","TMPDIR":"/tmp/nub-tmp-obst4hziS","NODE_COMPAT":"1","PLAYWRIGHT_BROWSERS_PATH":"/home/runner/.cache/nub/pm/tools/ms-playwright","ELECTRON_CACHE":"/home/runner/.cache/nub/pm/tools/electron-cache","electron_config_cache":"/home/runner/.cache/nub/pm/tools/electron-cache","npm_config_prefix":"/home/runner/.cache/nub/pm/tools/npm-prefix","PYTHONDONTWRITEBYTECODE":"1","NUB_CACHE_DIR":"/home/runner/v2-mY7uTo/nubcache"},"unset":["CI","GITHUB_ACTIONS"],"passedThrough":{"CI":"true","GITHUB_ACTIONS":"true","NODE_ENV":null}}
  == ATTRIBUTION == attributed pids: 26
    writes  script 7  /  whole traced tree 1095
    sockets script 10  /  whole traced tree 14
  == ROOTS (from capture.json — R2: no ambient reads) ==
    project       /home/runner/v2-mY7uTo/observe
    home          /home/runner
    jailHome      /home/runner/v2-mY7uTo/jailhome
    globalStore   /home/runner/.cache/nub/pm/store   [declared, not keyed on]
    projectStore  /home/runner/v2-mY7uTo/observe/node_modules/.store   [declared, not keyed on]
    interpreter   /opt/hostedtoolcache/node/22.23.2/x64   [declared, not keyed on]
    toolsDir      /home/runner/.cache/nub/pm/tools   [declared, not keyed on]
    temp          /tmp/nub-tmp-obst4hziS
    npmPrefix     /home/runner/.cache/nub/pm/tools/npm-prefix
    ownPkg        /home/runner/v2-mY7uTo/observe/node_modules/hugo-extended
  == WRITES the script actually performed ==
    jailTmp       3  (base profile already grants this — NOT billed)
        /tmp/nub-tmp-obst4hziS/57120c9b1312217c42206a4c51db2629
        /tmp/nub-tmp-obst4hziS/57120c9b1312217c42206a4c51db2629/hugo_extended_0.116.1_linux-amd64.tar.gz
        /tmp/nub-tmp-obst4hziS/57120c9b1312217c42206a4c51db2629/hugo_0.116.1_checksums.txt
    ownPkg        4  (base profile already grants this — NOT billed)
        /home/runner/v2-mY7uTo/observe/node_modules/hugo-extended/vendor
        /home/runner/v2-mY7uTo/observe/node_modules/hugo-extended/vendor/hugo
        /home/runner/v2-mY7uTo/observe/node_modules/hugo-extended/vendor/README.md
        /home/runner/v2-mY7uTo/observe/node_modules/hugo-extended/vendor/LICENSE
  == NETWORK ==
    AF_INET sockets: 10   distinct peers: 3
        127.0.0.53:53
        104.16.8.34:443
        140.82.113.4:443
  == REFUSALS (only `= -1 EACCES/EPERM/EROFS`) ==
    distinct: 0
  == SYNTHESIZED GRANT (verify this in the real unprivileged jail) ==
    {"network":true}
  == writePaths (DERIVED — promotion out of the package's PRIVATE home) ==
    private-home writes observed: 0
    none declared — the script wrote nothing into its private home — there is nothing to promote
  == writePaths FEASIBILITY (distinct writes outside project/deps) ==
    count: 0
    EVENTS    6599 distinct from 15311 calls (15685 lines, 317 rejoined, 0 unparsed)
    PROCS     33   lifecycle shells 21
    ⛔ 3 paths with an UNRESOLVED dirfd — kept, marked, never guessed
    unsubscribed/unmapped syscalls: setsockopt×55 getsockname×42 getsockopt×20 exit×20 tgkill×20 getcwd×16 recvmsg×15 socketpair×6
    wrote /home/runner/v2-mY7uTo/observe/events.ndjson.gz (44042 bytes)
  EVENTLOG-FILE /home/runner/v2-mY7uTo/observe/events.ndjson.gz
  EVENTLOG-STATS {"lines":15685,"parsed":15311,"unparsed":0,"unfinished":317,"rejoined":317,"unresolvedDirfd":3,"truncatedArg":0,"procs":33,"lifecyclePids":21,"distinctEvents":6599,"unknownSyscall":{"getsockname":42,"getsockopt":20,"getcwd":16,"recvmsg":15,"exit":20,"setsockopt":55,"sendmmsg":5,"socketpair":6,"shutdown":4,"getpeername":5,"tgkill":20,"exit_group":4,"wait4":4},"out":"/home/runner/v2-mY7uTo/observe/events.ndjson.gz","gzipBytes":44042}
  EVICT     143 store entries removed, 3 spared as nub tooling
  SE-PURGE  0 side-effects-cache entries for hugo-extended
OSV-SCREEN {"schemaVersion":1,"kind":"nub-synth-resolved","status":"clean","digest":"7d8fdc1fa5558f8c5e82295c193965e000f7d9c9aac5e149c969afab9b3697db","specCount":145,"lockfiles":{"digest":"8a153befaccfbe767c80ec9dd0986b86f2faa63d0b1155c92b03eae64790cb9a","files":[{"path":"nub.lock","sha256":"daac47bf7ab0a721ef16f6a6303cc3c66815194675121d693995d7f4a9e3e7ec","bytes":34923}]},"maliciousAdvisories":[],"screenedAt":"2026-09-08T05:31:40.832Z","cacheHit":true,"clearancePath":"/home/runner/v2-mY7uTo/security/nub-synth-resolved.json"}
  SECURITY nub-synth-resolved clean: 145 exact package-version(s), tree 7d8fdc1fa555 (cached exact-tree clearance)
  VENUE-STORE-LAYOUT isolated
  VERIFY[synth] rc=0 artifacts=12/12 missing=0 shortfall=none (tree 4463/1315) OVERRIDDEN=3 REJECTED=0 grant={"network":true}
  => VERIFIED {"network":true}   (observed, then verified)
  EVICT     143 store entries removed, 3 spared as nub tooling
  SE-PURGE  0 side-effects-cache entries for hugo-extended
OSV-SCREEN {"schemaVersion":1,"kind":"nub-drop-no-network-resolved","status":"clean","digest":"7d8fdc1fa5558f8c5e82295c193965e000f7d9c9aac5e149c969afab9b3697db","specCount":145,"lockfiles":{"digest":"8a153befaccfbe767c80ec9dd0986b86f2faa63d0b1155c92b03eae64790cb9a","files":[{"path":"nub.lock","sha256":"daac47bf7ab0a721ef16f6a6303cc3c66815194675121d693995d7f4a9e3e7ec","bytes":34923}]},"maliciousAdvisories":[],"screenedAt":"2026-09-08T05:31:40.832Z","cacheHit":true,"clearancePath":"/home/runner/v2-mY7uTo/security/nub-drop-no-network-resolved.json"}
  SECURITY nub-drop-no-network-resolved clean: 145 exact package-version(s), tree 7d8fdc1fa555 (cached exact-tree clearance)
  VERIFY[drop-no-network] rc=1 artifacts=9/12 missing=3 shortfall=219cbefac624 (tree 4454/1315) OVERRIDDEN=3 REJECTED=0 grant={}
       missing: vendor/LICENSE, vendor/README.md, vendor/hugo
     'no-network' is NECESSARY — dropping it fails to verify
  => MINIMAL — every capability in {"network":true} is independently necessary
