### gatsby-telemetry@2.9.0   (/home/runner/v2-5bW81H)
  CI-ENV scrubbed: CI GITHUB_ACTIONS
OSV-SCREEN {"schemaVersion":1,"kind":"direct","status":"clean","digest":"eccdd1ed30062be5489497b9f19a77ce51a6a35d1758e5fa9ceb2833181a247e","specCount":1,"lockfiles":{"digest":null,"files":[]},"maliciousAdvisories":[],"screenedAt":"2026-09-08T09:00:57.186Z","cacheHit":false,"clearancePath":"/home/runner/v2-5bW81H/security/direct.json"}
  SECURITY direct clean: 1 exact package-version(s), tree eccdd1ed3006
  VENUE-OBSERVE-USER {"uid":1001,"user":"runner","umask":"0022","capBnd":"000001ffffffffff","noNewPrivs":"0"}
  VENUE-NUB-BINARY {"path":"/tmp/nub/target/release/nub","sha256":"2a18683f50f7afeb02a521cd3cae175dc2f91780d461c5f012065241f5a1447b","bytes":207643464,"features":{"buildJailCatalogOverride":true,"pythonDontWriteBytecodeEnv":true}}
OSV-SCREEN {"schemaVersion":1,"kind":"npm-observe-resolved","status":"clean","digest":"126a910f012d46308ecbaf963c4c6e84674d581bcbc3425b57d0e9874c85ca5e","specCount":146,"lockfiles":{"digest":"57b598ab28e7d77fb78d5a2693e24174b8df3901ca86bbea2b9392cc778376eb","files":[{"path":"package-lock.json","sha256":"110369a05b9e0ee8727997f96000f532f3216d1e05e4dc50ef82e8df0ce90960","bytes":62467}]},"maliciousAdvisories":[],"screenedAt":"2026-09-08T09:01:00.766Z","cacheHit":false,"clearancePath":"/home/runner/v2-5bW81H/security/npm-observe-resolved.json"}
  SECURITY npm-observe-resolved clean: 146 exact package-version(s), tree 126a910f012d
  OBSERVE   rc=0 files=2820 trace=11164 lines
  CLOSURE   141 packages evicted per arm
  ARM-FALSIFIABILITY {"manifestFiles":42,"filesTheScriptProduced":0,"reasons":["gate-vacuous","rc-vacuous"]}
  ⛔ ARMS-UNFALSIFIABLE — a green arm for this package carries no evidence:
       gate-vacuous: the script changed no file the artifact gate keys on — every file in the manifest (42) was already present at its final size before the script ran, so the gate passes in every arm including a completely broken one
       rc-vacuous: `postinstall` ends in a status-swallowing construct (`node src/postinstall.js || true`), so its exit code is 0 whether the work succeeded or failed
       The grant may still be correct; what is missing is a signal that could have gone
       red. Do not read this record's MINIMAL as a passing measurement.
  RAWLOG-FILE /home/runner/v2-5bW81H/observe/trace.txt.gz
  RAWLOG-CAPTURE /home/runner/v2-5bW81H/observe/capture.json
  RAWLOG-BYTES raw=2434092 gz=71334
  VENUE-INTERPRETER /opt/hostedtoolcache/node/22.23.2/x64
  VENUE-OVERRIDES {"set":{"HOME":"/home/runner/v2-5bW81H/jailhome","TMPDIR":"/tmp/nub-tmp-obswNdeIx","NODE_COMPAT":"1","PLAYWRIGHT_BROWSERS_PATH":"/home/runner/.cache/nub/pm/tools/ms-playwright","ELECTRON_CACHE":"/home/runner/.cache/nub/pm/tools/electron-cache","electron_config_cache":"/home/runner/.cache/nub/pm/tools/electron-cache","npm_config_prefix":"/home/runner/.cache/nub/pm/tools/npm-prefix","PYTHONDONTWRITEBYTECODE":"1","NUB_CACHE_DIR":"/home/runner/v2-5bW81H/nubcache"},"unset":["CI","GITHUB_ACTIONS"],"passedThrough":{"CI":"true","GITHUB_ACTIONS":"true","NODE_ENV":null}}
  == ATTRIBUTION == attributed pids: 13
    writes  script 0  /  whole traced tree 1088
    sockets script 0  /  whole traced tree 6
  == ROOTS (from capture.json — R2: no ambient reads) ==
    project       /home/runner/v2-5bW81H/observe
    home          /home/runner
    jailHome      /home/runner/v2-5bW81H/jailhome
    globalStore   /home/runner/.cache/nub/pm/store   [declared, not keyed on]
    projectStore  /home/runner/v2-5bW81H/observe/node_modules/.store   [declared, not keyed on]
    interpreter   /opt/hostedtoolcache/node/22.23.2/x64   [declared, not keyed on]
    toolsDir      /home/runner/.cache/nub/pm/tools   [declared, not keyed on]
    temp          /tmp/nub-tmp-obswNdeIx
    npmPrefix     /home/runner/.cache/nub/pm/tools/npm-prefix
    ownPkg        /home/runner/v2-5bW81H/observe/node_modules/gatsby-telemetry
  == WRITES the script actually performed ==
  == NETWORK ==
    AF_INET sockets: 0   distinct peers: 2
        127.0.0.53:53
        104.16.5.34:443
  == REFUSALS (only `= -1 EACCES/EPERM/EROFS`) ==
    distinct: 0
  == SYNTHESIZED GRANT (verify this in the real unprivileged jail) ==
    {}
  == writePaths (DERIVED — promotion out of the package's PRIVATE home) ==
    private-home writes observed: 0
    none declared — the script wrote nothing into its private home — there is nothing to promote
  == writePaths FEASIBILITY (distinct writes outside project/deps) ==
    count: 0
    EVENTS    4682 distinct from 10983 calls (11165 lines, 159 rejoined, 0 unparsed)
    PROCS     20   lifecycle shells 8
    ⛔ 3 paths with an UNRESOLVED dirfd — kept, marked, never guessed
    unsubscribed/unmapped syscalls: setsockopt×23 getsockname×21 exit×15 getsockopt×7 recvmsg×7 getcwd×4 socketpair×3 shutdown×3
    wrote /home/runner/v2-5bW81H/observe/events.ndjson.gz (33227 bytes)
  EVENTLOG-FILE /home/runner/v2-5bW81H/observe/events.ndjson.gz
  EVENTLOG-STATS {"lines":11165,"parsed":10983,"unparsed":0,"unfinished":159,"rejoined":159,"unresolvedDirfd":3,"truncatedArg":0,"procs":20,"lifecyclePids":8,"distinctEvents":4682,"unknownSyscall":{"getsockname":21,"getsockopt":7,"getcwd":4,"recvmsg":7,"exit":15,"setsockopt":23,"sendmmsg":1,"socketpair":3,"shutdown":3,"exit_group":3,"wait4":3},"out":"/home/runner/v2-5bW81H/observe/events.ndjson.gz","gzipBytes":33227}
  EVICT     95 store entries removed, 2 spared as nub tooling
  SE-PURGE  0 side-effects-cache entries for gatsby-telemetry
OSV-SCREEN {"schemaVersion":1,"kind":"nub-synth-resolved","status":"clean","digest":"4f6e64347de8f541ae6c3593c167aa6a4f1f034a158a775a4145e74570504909","specCount":146,"lockfiles":{"digest":"790d50e6d6dc2a1a714cf852241bdaec7b08cc1febcc1bfb33405fc3c6237427","files":[{"path":"nub.lock","sha256":"2c4c041d4d106de47dfa620099a0296a925ef74d00ef28a75fed69d8c4d52394","bytes":35261}]},"maliciousAdvisories":[],"screenedAt":"2026-09-08T09:01:05.013Z","cacheHit":false,"clearancePath":"/home/runner/v2-5bW81H/security/nub-synth-resolved.json"}
  SECURITY nub-synth-resolved clean: 146 exact package-version(s), tree 4f6e64347de8
  VENUE-STORE-LAYOUT isolated
  VERIFY[synth] rc=0 artifacts=42/42 missing=0 shortfall=none (tree 9512/2820) OVERRIDDEN=3 REJECTED=0 grant={}
  => VERIFIED {}   (observed, then verified)
  DESCEND   grant is already empty — nothing to narrow; MINIMAL by construction.
