OSV-SCREEN {"schemaVersion":1,"kind":"direct","status":"clean","digest":"593312df92f587db1bff24d026d15dd5ce88f08f8a6880d74e1856f9a1316fd3","specCount":1,"lockfiles":{"digest":null,"files":[]},"maliciousAdvisories":[],"screenedAt":"2026-09-08T00:49:31.204Z","cacheHit":false,"clearancePath":"/Users/runner/v2m-yTqah1/security/direct.json"}
  SECURITY direct clean: 1 exact package-version(s), tree 593312df92f5
### @apollo/rover@0.12.2   (/Users/runner/v2m-yTqah1)   nub=/tmp/nub/target/release/nub
  VENUE-NUB-BINARY {"path":"/tmp/nub/target/release/nub","sha256":"f923f9d246b7061a3e88675efb7b4fdcda741d02368002ce6e7f7044b01e7bbe","bytes":93818888,"features":{"buildJailCatalogOverride":true,"pythonDontWriteBytecodeEnv":true}}
  CI-ENV scrubbed: CI GITHUB_ACTIONS
  --- fbt preflight (advisory; never fails the run) ---
     csrutil: System Integrity Protection status: disabled.
     fbt probes visible: 93591
     fbt enable attempt: dtrace: description 'fbt:::entry ' matched 50364 probes CPU     ID                    FUNCTION:NAME 
     cwd builtin value:  
     fbt chdir symbols:  
     fbt fires on spawn-with-cwd: dtrace: invalid probe specifier fbt::chdir*:entry /progenyof($target)/ { @[probefunc] = count(); }: probe description fbt::chdir*:entry does not match any probes 
  --- end fbt preflight ---
OSV-SCREEN {"schemaVersion":1,"kind":"npm-observe-resolved","status":"clean","digest":"15ccfa8d0d7d898dcd0af8fad52022ab00620a4835d10b3f2e13947c9b6f7540","specCount":32,"lockfiles":{"digest":"69f2197aa1705172dab6041854eb2bec8de072c3c7d7439043f8ac20a3e393ca","files":[{"path":"package-lock.json","sha256":"19e35c43d08c297332f56faa15f16be4c34f6b4bfa01efdc80e48eba49bb6c75","bytes":14143}]},"maliciousAdvisories":[],"screenedAt":"2026-09-08T00:49:37.313Z","cacheHit":false,"clearancePath":"/Users/runner/v2m-yTqah1/security/npm-observe-resolved.json"}
  SECURITY npm-observe-resolved clean: 32 exact package-version(s), tree 15ccfa8d0d7d
  VENUE-CI-CHILD clean (no CI-detection variable reaches the traced script)
  --- wrapper (run.sh) ---
     cd "/Users/runner/v2m-yTqah1/Observe"
     sudo -u "runner" -H env "PATH=$PATH"   "HOME=/Users/runner/v2m-yTqah1/jailhome"   "TMPDIR=/private/var/folders/bl/vzjcvbz95c3dk19cb0fw46180000gn/T/nub-tmp-obs6mzGDX"   "NODE_COMPAT=1"   "PYTHONDONTWRITEBYTECODE=1"   "PLAYWRIGHT_BROWSERS_PATH=/Users/runner/.cache/nub/pm/tools/ms-playwright"   "ELECTRON_CACHE=/Users/runner/.cache/nub/pm/tools/electron-cache"   "electron_config_cache=/Users/runner/.cache/nub/pm/tools/electron-cache"   "npm_config_prefix=/Users/runner/.cache/nub/pm/tools/npm-prefix"   "/Users/runner/hostedtoolcache/node/22.23.2/arm64/bin/npm" rebuild --no-audit --no-fund "@apollo/rover" > "/Users/runner/v2m-yTqah1/Observe/npm.log" 2>&1
     echo $? > "/Users/runner/v2m-yTqah1/Observe/rc"
  --- dtrace stderr + wrapper trace ---
     + cd /Users/runner/v2m-yTqah1/Observe
     + sudo -u runner -H env PATH=/Users/runner/hostedtoolcache/node/22.23.2/arm64/bin:/opt/homebrew/lib/ruby/gems/3.3.0/bin:/opt/homebrew/opt/ruby@3.3/bin:/Users/runner/.local/bin:/opt/homebrew/bin:/opt/homebrew/sbin:/Users/runner/.cargo/bin:/usr/local/opt/curl/bin:/usr/local/bin:/usr/local/sbin:/Users/runner/bin:/Users/runner/.yarn/bin:/Users/runner/Library/Android/sdk/tools:/Users/runner/Library/Android/sdk/platform-tools:/Library/Frameworks/Python.framework/Versions/Current/bin:/Library/Frameworks/Mono.framework/Versions/Current/Commands:/usr/bin:/bin:/usr/sbin:/sbin:/Users/runner/.dotnet/tools HOME=/Users/runner/v2m-yTqah1/jailhome TMPDIR=/private/var/folders/bl/vzjcvbz95c3dk19cb0fw46180000gn/T/nub-tmp-obs6mzGDX NODE_COMPAT=1 PYTHONDONTWRITEBYTECODE=1 PLAYWRIGHT_BROWSERS_PATH=/Users/runner/.cache/nub/pm/tools/ms-playwright ELECTRON_CACHE=/Users/runner/.cache/nub/pm/tools/electron-cache electron_config_cache=/Users/runner/.cache/nub/pm/tools/electron-cache npm_config_prefix=/Users/runner/.cache/nub/pm/tools/npm-prefix /Users/runner/hostedtoolcache/node/22.23.2/arm64/bin/npm rebuild --no-audit --no-fund @apollo/rover
     dtrace: error on enabled probe ID 128 (ID 286: syscall::execve:entry): invalid address (0x6000012450e0) in action #1 at DIF offset 20
     dtrace: error on enabled probe ID 8 (ID 179: syscall::open:return): invalid address (0x6000010101e0) in action #9 at DIF offset 12
     + echo 0
  OBSERVE   rc=0 dtrace_rc=0 files=281 (pre=276) trace=13094 lines
  CLOSURE   31 packages evicted per arm   store=/Users/runner/.cache/nub/pm/store
  RAWLOG-FILE /Users/runner/v2m-yTqah1/Observe/trace.txt.gz
  RAWLOG-CAPTURE /Users/runner/v2m-yTqah1/Observe/capture.json
  RAWLOG-BYTES raw=2217663 gz=69789
  VENUE-INTERPRETER /Users/runner/hostedtoolcache/node/22.23.2/arm64
  VENUE-OVERRIDES {"set":{"PATH":"inherited-and-forwarded","HOME":"/Users/runner/v2m-yTqah1/jailhome","TMPDIR":"/private/var/folders/bl/vzjcvbz95c3dk19cb0fw46180000gn/T/nub-tmp-obs6mzGDX","NODE_COMPAT":"1","PYTHONDONTWRITEBYTECODE":"1","PLAYWRIGHT_BROWSERS_PATH":"/Users/runner/.cache/nub/pm/tools/ms-playwright","ELECTRON_CACHE":"/Users/runner/.cache/nub/pm/tools/electron-cache","electron_config_cache":"/Users/runner/.cache/nub/pm/tools/electron-cache","npm_config_prefix":"/Users/runner/.cache/nub/pm/tools/npm-prefix"},"unset":["(sudo env_reset discards the caller environment; every var above is re-set after it)","CI","GITHUB_ACTIONS"],"passedThrough":{"CI":"true","GITHUB_ACTIONS":"true","NODE_ENV":null}}
  VENUE-OBSERVE-USER runner uid=501 (R7: ordinary non-root user, asserted)
  ARM-FALSIFIABILITY {"manifestFiles":6,"filesTheScriptProduced":0,"reasons":["gate-vacuous"]}
  ⛔ ARMS-UNFALSIFIABLE — a green arm for this package carries no evidence:
       gate-vacuous: the script changed no file the artifact gate keys on — every file in the manifest (6) was already present at its final size before the script ran, so the gate passes in every arm including a completely broken one
       The grant may still be correct; what is missing is a signal that could have gone
       red. Do not read this record's MINIMAL as a passing measurement.
  EVENTLOG-FILE /Users/runner/v2m-yTqah1/Observe/events.ndjson.gz
  EVENTLOG-STATS {"lines":13095,"parsed":13076,"unparsed":0,"live":true,"tracerErrors":2,"tracerErrorTotal":2,"unresolvedDirfd":21,"unresolvedFd":0,"pairedTwoPath":541,"danglingPair":0,"failed":5020,"enoent":5017,"refusals":0,"byErrno":{"ENXIO":3,"ENOENT":5017},"procs":5,"lifecyclePids":1,"distinctEvents":5999,"emitted":5999,"calls":12523,"bytes":1189864,"gzipBytes":40258,"out":"/Users/runner/v2m-yTqah1/Observe/events.ndjson"}
  == TRACER == live=true decodable-events=3305 dropped-events=2
    NOTE 14 relative path(s) under a non-AT_FDCWD dirfd were not
       scope-assigned: resolving them against the cwd would invent a path.
    ⛔ CWD-UNOBSERVED 3 relative path(s) (0 write(s)) came from a lifecycle
       process whose own cwd was never observed
       macOS spawns with posix_spawn addchdir_np, which changes directory in-kernel and
       emits no chdir syscall, so the inherited cwd cannot be trusted. These are NOT
       scope-assigned; the grant below is WIDENED instead so it covers wherever they landed.
         pid=16893 read  unproven .
         pid=16893 read  unproven .
         pid=16893 read  unproven .
    ⛔ THE TRACER DROPPED 2 EVENT(S). A dropped event is a path never
       seen, so the grant below can only be too NARROW — the direction that breaks installs.
       Treat it as a FLOOR, not a measurement, until the adapter fault is fixed:
             1 x  epid=128 action=1 fault=1 addr=0x6000012450e0
             1 x  epid=8 action=9 fault=1 addr=0x6000010101e0
  == ATTRIBUTION == lifecycle pids: 1
    writes  script 6  /  whole traced subtree 1096
    sockets script 3  /  whole traced subtree 4
  == ROOTS (from /Users/runner/v2m-yTqah1/Observe/capture.json; the classifier reads no other source) ==
    project       /Users/runner/v2m-yTqah1/Observe
    home          /Users/runner
    jailHome      /Users/runner/v2m-yTqah1/jailhome
    globalStore   /Users/runner/.cache/nub/pm/store
    projectStore  /Users/runner/v2m-yTqah1/Observe/node_modules/.store
    interpreter   /Users/runner/hostedtoolcache/node/22.23.2/arm64
    toolsDir      /Users/runner/.cache/nub/pm/tools
    temp          /private/var/folders/bl/vzjcvbz95c3dk19cb0fw46180000gn/T/nub-tmp-obs6mzGDX
    npmPrefix     /Users/runner/.cache/nub/pm/tools/npm-prefix
    ownPkg        /Users/runner/v2m-yTqah1/Observe/node_modules/@apollo/rover
    cwd           (null — this platform has no such root)
  == WRITES the script actually performed ==
    systemfs      1
        /dev/dtracehelper
    deps          5
  == READS the script performed, by scope ==
    outside       5
    systemfs      9
    userHome      2
    ownPkg        3
    deps        134
        outside: /
        outside: /bin/bash
        outside: /bin
        outside: /var/db/timezone/zoneinfo/UTC
        outside: /var/db/timezone/zoneinfo/posixrules
  == NETWORK ==
    AF_INET connects: 3   distinct peers: 3
        13.52.188.95:443
        20.29.134.23:443
        185.199.108.133:443
  == REFUSALS (errno EPERM/EACCES/EROFS only; ENOENT is a miss, not a denial) ==
    distinct: 0
  == SYNTHESIZED GRANT (verify this in the real unprivileged jail) ==
    {"write":{"deps":true},"network":true}
  == writePaths (DERIVED — promotion out of the package's PRIVATE home) ==
    private-home writes observed: 0
    none declared — the script wrote nothing into its private home — there is nothing to promote
  == writePaths FEASIBILITY (distinct writes outside project/deps) ==
    count: 0
  EVICT[synth] 20 store entries removed, 5 spared as nub tooling, 614 in store
OSV-SCREEN {"schemaVersion":1,"kind":"nub-synth-resolved","status":"clean","digest":"15ccfa8d0d7d898dcd0af8fad52022ab00620a4835d10b3f2e13947c9b6f7540","specCount":32,"lockfiles":{"digest":"95eb81ef62676d139fb0d1bc627916e94847e52d9311806be392197348ad646d","files":[{"path":"nub.lock","sha256":"8833f1e0dd4a11c96dbc985dff5d7c330c879b8b314a04555aa4ec0c297b7928","bytes":8452}]},"maliciousAdvisories":[],"screenedAt":"2026-09-08T00:49:37.313Z","cacheHit":true,"clearancePath":"/Users/runner/v2m-yTqah1/security/nub-synth-resolved.json"}
  SECURITY nub-synth-resolved clean: 32 exact package-version(s), tree 15ccfa8d0d7d (cached exact-tree clearance)
  VENUE-STORE-LAYOUT isolated
  VERIFY[synth] rc=0 artifacts=6/6 missing=0 shortfall=none (tree 826/281) OVERRIDDEN=3 REJECTED=0 grant={"write":{"deps":true},"network":true}
  => VERIFIED {"write":{"deps":true},"network":true}
  EVICT[nar-no-network] 32 store entries removed, 5 spared as nub tooling, 626 in store
OSV-SCREEN {"schemaVersion":1,"kind":"nub-nar-no-network-resolved","status":"clean","digest":"15ccfa8d0d7d898dcd0af8fad52022ab00620a4835d10b3f2e13947c9b6f7540","specCount":32,"lockfiles":{"digest":"95eb81ef62676d139fb0d1bc627916e94847e52d9311806be392197348ad646d","files":[{"path":"nub.lock","sha256":"8833f1e0dd4a11c96dbc985dff5d7c330c879b8b314a04555aa4ec0c297b7928","bytes":8452}]},"maliciousAdvisories":[],"screenedAt":"2026-09-08T00:49:37.313Z","cacheHit":true,"clearancePath":"/Users/runner/v2m-yTqah1/security/nub-nar-no-network-resolved.json"}
  SECURITY nub-nar-no-network-resolved clean: 32 exact package-version(s), tree 15ccfa8d0d7d (cached exact-tree clearance)
  VERIFY[nar-no-network] rc=1 artifacts=6/6 missing=0 shortfall=none (tree 818/281) OVERRIDDEN=3 REJECTED=0 grant={"write":{"deps":true}}
     narrowing 'no-network' fails ⇒ that capability IS necessary
  EVICT[nar-no-write-deps] 32 store entries removed, 5 spared as nub tooling, 626 in store
OSV-SCREEN {"schemaVersion":1,"kind":"nub-nar-no-write-deps-resolved","status":"clean","digest":"15ccfa8d0d7d898dcd0af8fad52022ab00620a4835d10b3f2e13947c9b6f7540","specCount":32,"lockfiles":{"digest":"95eb81ef62676d139fb0d1bc627916e94847e52d9311806be392197348ad646d","files":[{"path":"nub.lock","sha256":"8833f1e0dd4a11c96dbc985dff5d7c330c879b8b314a04555aa4ec0c297b7928","bytes":8452}]},"maliciousAdvisories":[],"screenedAt":"2026-09-08T00:49:37.313Z","cacheHit":true,"clearancePath":"/Users/runner/v2m-yTqah1/security/nub-nar-no-write-deps-resolved.json"}
  SECURITY nub-nar-no-write-deps-resolved clean: 32 exact package-version(s), tree 15ccfa8d0d7d (cached exact-tree clearance)
  VERIFY[nar-no-write-deps] rc=1 artifacts=6/6 missing=0 shortfall=none (tree 818/281) OVERRIDDEN=3 REJECTED=0 grant={"network":true}
     narrowing 'no-write-deps' fails ⇒ that capability IS necessary
  => MINIMAL — every capability in {"write":{"deps":true},"network":true} is independently necessary
### DONE @apollo/rover@0.12.2  synthesized={"write":{"deps":true},"network":true} verified=1
