### egg-ci@2.2.0   (/home/runner/v2-WUclhN)
  CI-ENV scrubbed: CI GITHUB_ACTIONS
OSV-SCREEN {"schemaVersion":1,"kind":"direct","status":"clean","digest":"d1f7329df134568cff48ffc07987c7945d8f333f2b0cfc809f78aed88f4c9916","specCount":1,"lockfiles":{"digest":null,"files":[]},"maliciousAdvisories":[],"screenedAt":"2026-09-08T02:07:44.504Z","cacheHit":false,"clearancePath":"/home/runner/v2-WUclhN/security/direct.json"}
  SECURITY direct clean: 1 exact package-version(s), tree d1f7329df134
  VENUE-OBSERVE-USER {"uid":1001,"user":"runner","umask":"0022","capBnd":"000001ffffffffff","noNewPrivs":"0"}
  VENUE-NUB-BINARY {"path":"/tmp/nub/target/release/nub","sha256":"2a18683f50f7afeb02a521cd3cae175dc2f91780d461c5f012065241f5a1447b","bytes":207643464,"features":{"buildJailCatalogOverride":true,"pythonDontWriteBytecodeEnv":true}}
OSV-SCREEN {"schemaVersion":1,"kind":"npm-observe-resolved","status":"clean","digest":"54652d6e07e13672e96955d8d6c1f1509eee6a63d1c1d77b9e03e7f5a194ad61","specCount":5,"lockfiles":{"digest":"89ece7da59d108bba39630ff69002f565a410de4afb4a28da131d0c245cb3074","files":[{"path":"package-lock.json","sha256":"ef31d38bf3b78b28975610655847f30152747be600f5bc9f57153418c9e1d0aa","bytes":2223}]},"maliciousAdvisories":[],"screenedAt":"2026-09-08T02:07:45.602Z","cacheHit":false,"clearancePath":"/home/runner/v2-WUclhN/security/npm-observe-resolved.json"}
  SECURITY npm-observe-resolved clean: 5 exact package-version(s), tree 54652d6e07e1
  OBSERVE   rc=0 files=66 trace=10968 lines
  CLOSURE   5 packages evicted per arm
  ARM-FALSIFIABILITY {"manifestFiles":7,"filesTheScriptProduced":0,"reasons":["gate-vacuous"]}
  ⛔ ARMS-UNFALSIFIABLE — a green arm for this package carries no evidence:
       gate-vacuous: the script changed no file the artifact gate keys on — every file in the manifest (7) was already present at its final size before the script ran, so the gate passes in every arm including a completely broken one
       The grant may still be correct; what is missing is a signal that could have gone
       red. Do not read this record's MINIMAL as a passing measurement.
  RAWLOG-FILE /home/runner/v2-WUclhN/observe/trace.txt.gz
  RAWLOG-CAPTURE /home/runner/v2-WUclhN/observe/capture.json
  RAWLOG-BYTES raw=2414703 gz=69941
  VENUE-INTERPRETER /opt/hostedtoolcache/node/22.23.2/x64
  VENUE-OVERRIDES {"set":{"HOME":"/home/runner/v2-WUclhN/jailhome","TMPDIR":"/tmp/nub-tmp-obs2wQsPd","NODE_COMPAT":"1","PLAYWRIGHT_BROWSERS_PATH":"/home/runner/.cache/nub/pm/tools/ms-playwright","ELECTRON_CACHE":"/home/runner/.cache/nub/pm/tools/electron-cache","electron_config_cache":"/home/runner/.cache/nub/pm/tools/electron-cache","npm_config_prefix":"/home/runner/.cache/nub/pm/tools/npm-prefix","PYTHONDONTWRITEBYTECODE":"1","NUB_CACHE_DIR":"/home/runner/v2-WUclhN/nubcache"},"unset":["CI","GITHUB_ACTIONS"],"passedThrough":{"CI":"true","GITHUB_ACTIONS":"true","NODE_ENV":null}}
  == ATTRIBUTION == attributed pids: 13
    writes  script 3  /  whole traced tree 1091
    sockets script 0  /  whole traced tree 6
  == ROOTS (from capture.json — R2: no ambient reads) ==
    project       /home/runner/v2-WUclhN/observe
    home          /home/runner
    jailHome      /home/runner/v2-WUclhN/jailhome
    globalStore   /home/runner/.cache/nub/pm/store   [declared, not keyed on]
    projectStore  /home/runner/v2-WUclhN/observe/node_modules/.store   [declared, not keyed on]
    interpreter   /opt/hostedtoolcache/node/22.23.2/x64   [declared, not keyed on]
    toolsDir      /home/runner/.cache/nub/pm/tools   [declared, not keyed on]
    temp          /tmp/nub-tmp-obs2wQsPd
    npmPrefix     /home/runner/.cache/nub/pm/tools/npm-prefix
    ownPkg        /home/runner/v2-WUclhN/observe/node_modules/egg-ci
  == WRITES the script actually performed ==
    project       3
  == NETWORK ==
    AF_INET sockets: 0   distinct peers: 2
        127.0.0.53:53
        104.16.4.34:443
  == REFUSALS (only `= -1 EACCES/EPERM/EROFS`) ==
    distinct: 0
  == SYNTHESIZED GRANT (verify this in the real unprivileged jail) ==
    {"write":{"project":true}}
  == writePaths (DERIVED — promotion out of the package's PRIVATE home) ==
    private-home writes observed: 0
    none declared — the script wrote nothing into its private home — there is nothing to promote
  == writePaths FEASIBILITY (distinct writes outside project/deps) ==
    count: 0
    EVENTS    4477 distinct from 10931 calls (10969 lines, 15 rejoined, 0 unparsed)
    PROCS     20   lifecycle shells 8
    ⛔ 4 paths with an UNRESOLVED dirfd — kept, marked, never guessed
    unsubscribed/unmapped syscalls: getsockname×23 setsockopt×23 exit×15 getsockopt×9 recvmsg×7 getcwd×4 socketpair×3 shutdown×3
    wrote /home/runner/v2-WUclhN/observe/events.ndjson.gz (31585 bytes)
  EVENTLOG-FILE /home/runner/v2-WUclhN/observe/events.ndjson.gz
  EVENTLOG-STATS {"lines":10969,"parsed":10931,"unparsed":0,"unfinished":15,"rejoined":15,"unresolvedDirfd":4,"truncatedArg":0,"procs":20,"lifecyclePids":8,"distinctEvents":4477,"unknownSyscall":{"getsockname":23,"getsockopt":9,"getcwd":4,"recvmsg":7,"exit":15,"setsockopt":23,"sendmmsg":1,"socketpair":3,"shutdown":3,"exit_group":3,"wait4":3},"out":"/home/runner/v2-WUclhN/observe/events.ndjson.gz","gzipBytes":31585}
  EVICT     1 store entries removed, 0 spared as nub tooling
  SE-PURGE  0 side-effects-cache entries for egg-ci
OSV-SCREEN {"schemaVersion":1,"kind":"nub-synth-resolved","status":"clean","digest":"54652d6e07e13672e96955d8d6c1f1509eee6a63d1c1d77b9e03e7f5a194ad61","specCount":5,"lockfiles":{"digest":"c56b88d9444c502dfbfe6a8ce73f3026a2fe3233e6a8e0d0483ed9965fa3fa66","files":[{"path":"nub.lock","sha256":"0a4959f0e4541ab82a8c489d432ac66123ec5e2af92b18a99dff6dcc410a1117","bytes":1409}]},"maliciousAdvisories":[],"screenedAt":"2026-09-08T02:07:45.602Z","cacheHit":true,"clearancePath":"/home/runner/v2-WUclhN/security/nub-synth-resolved.json"}
  SECURITY nub-synth-resolved clean: 5 exact package-version(s), tree 54652d6e07e1 (cached exact-tree clearance)
  VENUE-STORE-LAYOUT isolated
  VERIFY[synth] rc=0 artifacts=7/7 missing=0 shortfall=none (tree 193/66) OVERRIDDEN=2 REJECTED=0 grant={"write":{"project":true}}
  => VERIFIED {"write":{"project":true}}   (observed, then verified)
  EVICT     5 store entries removed, 0 spared as nub tooling
  SE-PURGE  0 side-effects-cache entries for egg-ci
OSV-SCREEN {"schemaVersion":1,"kind":"nub-drop-no-write-project-resolved","status":"clean","digest":"54652d6e07e13672e96955d8d6c1f1509eee6a63d1c1d77b9e03e7f5a194ad61","specCount":5,"lockfiles":{"digest":"c56b88d9444c502dfbfe6a8ce73f3026a2fe3233e6a8e0d0483ed9965fa3fa66","files":[{"path":"nub.lock","sha256":"0a4959f0e4541ab82a8c489d432ac66123ec5e2af92b18a99dff6dcc410a1117","bytes":1409}]},"maliciousAdvisories":[],"screenedAt":"2026-09-08T02:07:45.602Z","cacheHit":true,"clearancePath":"/home/runner/v2-WUclhN/security/nub-drop-no-write-project-resolved.json"}
  SECURITY nub-drop-no-write-project-resolved clean: 5 exact package-version(s), tree 54652d6e07e1 (cached exact-tree clearance)
  VERIFY[drop-no-write-project] rc=0 artifacts=7/7 missing=0 shortfall=none (tree 193/66) OVERRIDDEN=2 REJECTED=0 grant={}
     ⛔ OVER-PREDICTED: dropping 'no-write-project' STILL VERIFIES — {} is sufficient
  => OVER-PREDICTED by: no-write-project  (synthesized {"write":{"project":true}}; each named capability drops on its own)
