### @sitespeed.io/chromedriver@125.0.6422-60   (D:\jail\m-sitespeediochromedriver-mts9q3is)
  CI-ENV scrubbed: CI GITHUB_ACTIONS
OSV-SCREEN {"schemaVersion":1,"kind":"direct","status":"clean","digest":"58f4d88d0e6301a71f95e9df44b3a622e375848380bf6f74a33f018c2ae2432a","specCount":1,"lockfiles":{"digest":null,"files":[]},"maliciousAdvisories":[],"screenedAt":"2026-09-08T06:08:05.177Z","cacheHit":false,"clearancePath":"D:\\jail\\m-sitespeediochromedriver-mts9q3is\\security\\direct.json"}
  SECURITY direct clean: 1 exact package-version(s), tree 58f4d88d0e63
OSV-SCREEN {"schemaVersion":1,"kind":"npm-observe-resolved","status":"clean","digest":"c54648f616ee9ee3bb2bdd7599525ef7b84bfe066360bb6b15a817cc4658d471","specCount":3,"lockfiles":{"digest":"a05f24e3e9146410e8c19bbccbb8cb6f134f9204007e3ad8151b9a9dd03b46be","files":[{"path":"package-lock.json","sha256":"ac7139af8a473c3c6d4bbba85390ef5818d6ffe05406bedd1f7ea13114294fa9","bytes":1632}]},"maliciousAdvisories":[],"screenedAt":"2026-09-08T06:08:06.942Z","cacheHit":false,"clearancePath":"D:\\jail\\m-sitespeediochromedriver-mts9q3is\\security\\npm-observe-resolved.json"}
  SECURITY npm-observe-resolved clean: 3 exact package-version(s), tree c54648f616ee
  CAPTURE user=runnervmeef0v\runneradmin elevated=True rootPid=7768 exit=0 events=41609 lost=0
  VENUE-OBSERVE-USER runnervmeef0v\runneradmin elevated=true privDropped={"SeBackupPrivilege":"removed","SeRestorePrivilege":"removed","SeTakeOwnershipPrivilege":"removed"}
  OBSERVE artifacts: 6 files  (D:\jail\m-sitespeediochromedriver-mts9q3is\observe\node_modules\@sitespeed.io\chromedriver)
  ARM-FALSIFIABILITY {"manifestFiles":6,"filesTheScriptProduced":1,"reasons":[]}
  CLOSURE 3 packages evicted per arm
  8.3 MAP 0 components resolved on runnervmeef0v, folded into capture.json
  == ROOTS (from capture.json — R2: no ambient reads) ==
    project       D:\jail\m-sitespeediochromedriver-mts9q3is\observe   [keyed on]
    home          C:\Users\runneradmin   [keyed on]
    jailHome      (null — declared inapplicable)
    globalStore   C:\Users\runneradmin\AppData\Local\nub\pm\store
    projectStore  D:\jail\m-sitespeediochromedriver-mts9q3is\observe\node_modules\.store
    interpreter   C:\hostedtoolcache\windows\node\22.23.2\x64\node.exe
    toolsDir      C:\Users\runneradmin\AppData\Local\nub\pm\tools
    temp          D:\jail\m-sitespeediochromedriver-mts9q3is\tmp   [keyed on]
    npmPrefix     (null — declared inapplicable)
    ownPkg        D:\jail\m-sitespeediochromedriver-mts9q3is\observe\node_modules\@sitespeed.io\chromedriver
  == ATTRIBUTION == lifecycle pids: 2 (root 7768)
    writes  script 3  /  whole traced tree 10
    peers   script 1  /  whole traced tree 1
  == WRITES ==
    deps          3
  == READS ==
    deps         12
    outside       6
    project       1
    systemfs     28
  == NETWORK ==
    distinct peers: 1
        172.253.115.207:443
  == REFUSALS (adapter-classified) ==
    distinct: 0
  == SYNTHESIZED GRANT (verify this in the real unprivileged jail) ==
    {"write":{"deps":true},"network":true}
  RAW       etw-raw.xml.gz  53500866 B xml -> 882895 B gz (60.6x)  sha256 f3f718659e3e3ec3…
  HEADER    etw-header.json (5193 bytes)
  DERIVED   5278 distinct from 9846 kept ops (41609 xml events, 7049 out of subtree)
  PROCS     4   thread-reattributed 0
  8.3       0 expanded, 0 kept short, 0 not covered  [map: recorded 8.3 map (0 components, resolved on runnervmeef0v)]
  wrote events.ndjson.gz (67220 bytes)
  RAWLOG-CAPTURE D:\jail\m-sitespeediochromedriver-mts9q3is\cap\capture.json
  VENUE-NUB-BINARY {"path":"C:/Users/RUNNER~1/AppData/Local/Temp/nub/target/release/nub.exe","sha256":"f186817a44be332fee712b4936a071a0b5f9cde18a1d2fdc3a791729d4bf1005","bytes":68717056,"features":{"buildJailCatalogOverride":true,"pythonDontWriteBytecodeEnv":true}}
  VENUE-INTERPRETER C:\hostedtoolcache\windows\node\22.23.2\x64\node.exe
  VENUE-JAIL-ROOT D:\jail\m-sitespeediochromedriver-mts9q3is
  VENUE-OVERRIDES {"set":{"npm_config_cache":"D:\\jail\\m-sitespeediochromedriver-mts9q3is\\npm-cache","TMP":"D:\\jail\\m-sitespeediochromedriver-mts9q3is\\tmp","TEMP":"D:\\jail\\m-sitespeediochromedriver-mts9q3is\\tmp","TMPDIR":"D:\\jail\\m-sitespeediochromedriver-mts9q3is\\tmp"},"unset":["CI","GITHUB_ACTIONS"],"notRedirected":{"USERPROFILE":"C:\\Users\\runneradmin","why":"the jail leaves HOME/USERPROFILE alone — `build_jail.rs` sandbox_homes() reads the ambient value and `compiler/defaults.rs` BASELINE_ENV_EXACT passes it through — so there is no private jail home to reproduce and redirecting one would measure an environment no confined script sees"},"passedThrough":{"CI":"true","GITHUB_ACTIONS":"true","NODE_ENV":null}}
  STORE   isolated virtual store at D:\jail\m-sitespeediochromedriver-mts9q3is\verify-synth\.cache
  VENUE-STORE-LAYOUT isolated
OSV-SCREEN {"schemaVersion":1,"kind":"nub-synth-resolved","status":"clean","digest":"c54648f616ee9ee3bb2bdd7599525ef7b84bfe066360bb6b15a817cc4658d471","specCount":3,"lockfiles":{"digest":"b709c8dc96d1b3498ba773f9f510c91680864f2741f0cdff74512e085b6fc4be","files":[{"path":"nub.lock","sha256":"296d9c186600dc4f4738193da32076fb5150d00343ca2f83a36e34cab3d61e56","bytes":1011}]},"maliciousAdvisories":[],"screenedAt":"2026-09-08T06:08:06.942Z","cacheHit":true,"clearancePath":"D:\\jail\\m-sitespeediochromedriver-mts9q3is\\security\\nub-synth-resolved.json"}
  SECURITY nub-synth-resolved clean: 3 exact package-version(s), tree c54648f616ee (cached exact-tree clearance)
  VERIFY[synth] rc=0 artifacts=6/6 missing=0 shortfall=none (tree 5688/25) OVERRIDDEN=2 REJECTED=0 grant={"write":{"deps":true},"network":true}
  => MINIMUM {"write":{"deps":true},"network":true}   (observed, then verified)
  STORE   isolated virtual store at D:\jail\m-sitespeediochromedriver-mts9q3is\verify-nar-no-network\.cache
OSV-SCREEN {"schemaVersion":1,"kind":"nub-nar-no-network-resolved","status":"clean","digest":"c54648f616ee9ee3bb2bdd7599525ef7b84bfe066360bb6b15a817cc4658d471","specCount":3,"lockfiles":{"digest":"b709c8dc96d1b3498ba773f9f510c91680864f2741f0cdff74512e085b6fc4be","files":[{"path":"nub.lock","sha256":"296d9c186600dc4f4738193da32076fb5150d00343ca2f83a36e34cab3d61e56","bytes":1011}]},"maliciousAdvisories":[],"screenedAt":"2026-09-08T06:08:06.942Z","cacheHit":true,"clearancePath":"D:\\jail\\m-sitespeediochromedriver-mts9q3is\\security\\nub-nar-no-network-resolved.json"}
  SECURITY nub-nar-no-network-resolved clean: 3 exact package-version(s), tree c54648f616ee (cached exact-tree clearance)
  VERIFY[nar-no-network] rc=1 artifacts=5/6 missing=1 shortfall=c8abdad68f79 (tree 5688/25) OVERRIDDEN=2 REJECTED=0 grant={"write":{"deps":true}}
     missing artifacts: vendor/chromedriver.exe
     'no-network' is NECESSARY — dropping it fails to verify
  STORE   isolated virtual store at D:\jail\m-sitespeediochromedriver-mts9q3is\verify-nar-no-write-deps\.cache
OSV-SCREEN {"schemaVersion":1,"kind":"nub-nar-no-write-deps-resolved","status":"clean","digest":"c54648f616ee9ee3bb2bdd7599525ef7b84bfe066360bb6b15a817cc4658d471","specCount":3,"lockfiles":{"digest":"b709c8dc96d1b3498ba773f9f510c91680864f2741f0cdff74512e085b6fc4be","files":[{"path":"nub.lock","sha256":"296d9c186600dc4f4738193da32076fb5150d00343ca2f83a36e34cab3d61e56","bytes":1011}]},"maliciousAdvisories":[],"screenedAt":"2026-09-08T06:08:06.942Z","cacheHit":true,"clearancePath":"D:\\jail\\m-sitespeediochromedriver-mts9q3is\\security\\nub-nar-no-write-deps-resolved.json"}
  SECURITY nub-nar-no-write-deps-resolved clean: 3 exact package-version(s), tree c54648f616ee (cached exact-tree clearance)
  VERIFY[nar-no-write-deps] rc=0 artifacts=6/6 missing=0 shortfall=none (tree 5688/25) OVERRIDDEN=2 REJECTED=0 grant={"network":true}
     ⛔ OVER-PREDICTED — the strictly narrower {"network":true} also verifies; 'no-write-deps' was not needed
