### electron-chromedriver@5.0.1   (/home/runner/v2-WbXIEY)
  CI-ENV scrubbed: CI GITHUB_ACTIONS
OSV-SCREEN {"schemaVersion":1,"kind":"direct","status":"clean","digest":"ef096470dde06ffe5a76e9595dcdd39bec3632fc8196a3e68c9e090d6ef12cde","specCount":1,"lockfiles":{"digest":null,"files":[]},"maliciousAdvisories":[],"screenedAt":"2026-09-08T03:24:24.229Z","cacheHit":false,"clearancePath":"/home/runner/v2-WbXIEY/security/direct.json"}
  SECURITY direct clean: 1 exact package-version(s), tree ef096470dde0
  VENUE-OBSERVE-USER {"uid":1001,"user":"runner","umask":"0022","capBnd":"000001ffffffffff","noNewPrivs":"0"}
  VENUE-NUB-BINARY {"path":"/tmp/nub/target/release/nub","sha256":"2a18683f50f7afeb02a521cd3cae175dc2f91780d461c5f012065241f5a1447b","bytes":207643464,"features":{"buildJailCatalogOverride":true,"pythonDontWriteBytecodeEnv":true}}
OSV-SCREEN {"schemaVersion":1,"kind":"npm-observe-resolved","status":"clean","digest":"9688c4741d3144d97ac3a162ef360205729fc6ee50b5ffefc5757e66b35827a6","specCount":100,"lockfiles":{"digest":"586872c5913a210655d0bd1e12d65c309095daf2549d277c3229492d9c6a95d5","files":[{"path":"package-lock.json","sha256":"64aade8c9a36921927e143aa72e6b5156b58d0028d06c2ede4ceaba3a5040d93","bytes":39510}]},"maliciousAdvisories":[],"screenedAt":"2026-09-08T03:24:27.946Z","cacheHit":false,"clearancePath":"/home/runner/v2-WbXIEY/security/npm-observe-resolved.json"}
  SECURITY npm-observe-resolved clean: 100 exact package-version(s), tree 9688c4741d31
  OBSERVE   rc=0 files=1036 trace=15060 lines
  CLOSURE   94 packages evicted per arm
  ARM-FALSIFIABILITY {"manifestFiles":9,"filesTheScriptProduced":4,"reasons":[]}
  RAWLOG-FILE /home/runner/v2-WbXIEY/observe/trace.txt.gz
  RAWLOG-CAPTURE /home/runner/v2-WbXIEY/observe/capture.json
  RAWLOG-BYTES raw=3210792 gz=92684
  VENUE-INTERPRETER /opt/hostedtoolcache/node/22.23.2/x64
  VENUE-OVERRIDES {"set":{"HOME":"/home/runner/v2-WbXIEY/jailhome","TMPDIR":"/tmp/nub-tmp-obsdiPMe8","NODE_COMPAT":"1","PLAYWRIGHT_BROWSERS_PATH":"/home/runner/.cache/nub/pm/tools/ms-playwright","ELECTRON_CACHE":"/home/runner/.cache/nub/pm/tools/electron-cache","electron_config_cache":"/home/runner/.cache/nub/pm/tools/electron-cache","npm_config_prefix":"/home/runner/.cache/nub/pm/tools/npm-prefix","PYTHONDONTWRITEBYTECODE":"1","NUB_CACHE_DIR":"/home/runner/v2-WbXIEY/nubcache"},"unset":["CI","GITHUB_ACTIONS"],"passedThrough":{"CI":"true","GITHUB_ACTIONS":"true","NODE_ENV":null}}
  == ATTRIBUTION == attributed pids: 18
    writes  script 9  /  whole traced tree 1097
    sockets script 10  /  whole traced tree 14
  == ROOTS (from capture.json — R2: no ambient reads) ==
    project       /home/runner/v2-WbXIEY/observe
    home          /home/runner
    jailHome      /home/runner/v2-WbXIEY/jailhome
    globalStore   /home/runner/.cache/nub/pm/store   [declared, not keyed on]
    projectStore  /home/runner/v2-WbXIEY/observe/node_modules/.store   [declared, not keyed on]
    interpreter   /opt/hostedtoolcache/node/22.23.2/x64   [declared, not keyed on]
    toolsDir      /home/runner/.cache/nub/pm/tools   [declared, not keyed on]
    temp          /tmp/nub-tmp-obsdiPMe8
    npmPrefix     /home/runner/.cache/nub/pm/tools/npm-prefix
    ownPkg        /home/runner/v2-WbXIEY/observe/node_modules/electron-chromedriver
  == WRITES the script actually performed ==
    userHome      4
    ownPkg        5  (base profile already grants this — NOT billed)
        /home/runner/v2-WbXIEY/observe/node_modules/electron-chromedriver/bin
        /home/runner/v2-WbXIEY/observe/node_modules/electron-chromedriver/bin/icudtl.dat
        /home/runner/v2-WbXIEY/observe/node_modules/electron-chromedriver/bin/LICENSES.chromium.html
        /home/runner/v2-WbXIEY/observe/node_modules/electron-chromedriver/bin/LICENSE
        /home/runner/v2-WbXIEY/observe/node_modules/electron-chromedriver/bin/chromedriver
  == NETWORK ==
    AF_INET sockets: 10   distinct peers: 3
        127.0.0.53:53
        104.16.8.34:443
        140.82.114.3:443
  == REFUSALS (only `= -1 EACCES/EPERM/EROFS`) ==
    distinct: 0
  == SYNTHESIZED GRANT (verify this in the real unprivileged jail) ==
    {"write":{"userHome":true},"network":true}
  == writePaths (DERIVED — promotion out of the package's PRIVATE home) ==
    private-home writes observed: 0
    none declared — the script wrote nothing into its private home — there is nothing to promote
    4 write(s) landed in the REAL home by absolute path, so promotion cannot reach them — nub moves OUT of the private home, and nothing of theirs is in it. Only `write:{userHome}` covers these; emitting `writePaths` instead would be an UNDER-GRANT.
  == writePaths FEASIBILITY (distinct writes outside project/deps) ==
    count: 4
        .cache/nub/pm/tools/electron-cache/tmp-18506-0-chromedriver-v5.0.1-linux-x64.zip
        .cache/nub/pm/tools/electron-cache/chromedriver-v5.0.1-linux-x64.zip
        .cache/nub/pm/tools/electron-cache/tmp-18506-1-SHASUMS256.txt-5.0.1
        .cache/nub/pm/tools/electron-cache/SHASUMS256.txt-5.0.1
    EVENTS    6223 distinct from 14971 calls (15061 lines, 62 rejoined, 0 unparsed)
    PROCS     25   lifecycle shells 13
    ⛔ 1 paths with an UNRESOLVED dirfd — kept, marked, never guessed
    unsubscribed/unmapped syscalls: getsockname×40 setsockopt×27 exit×20 getsockopt×19 recvmsg×15 shutdown×7 getcwd×5 sendmmsg×5
    wrote /home/runner/v2-WbXIEY/observe/events.ndjson.gz (40694 bytes)
  EVENTLOG-FILE /home/runner/v2-WbXIEY/observe/events.ndjson.gz
  EVENTLOG-STATS {"lines":15061,"parsed":14971,"unparsed":0,"unfinished":62,"rejoined":62,"unresolvedDirfd":1,"truncatedArg":0,"procs":25,"lifecyclePids":13,"distinctEvents":6223,"unknownSyscall":{"getsockname":40,"getsockopt":19,"getcwd":5,"recvmsg":15,"exit":20,"setsockopt":27,"sendmmsg":5,"socketpair":3,"shutdown":7,"exit_group":3,"wait4":3},"out":"/home/runner/v2-WbXIEY/observe/events.ndjson.gz","gzipBytes":40694}
  EVICT     28 store entries removed, 3 spared as nub tooling
  SE-PURGE  0 side-effects-cache entries for electron-chromedriver
OSV-SCREEN {"schemaVersion":1,"kind":"nub-synth-resolved","status":"clean","digest":"8a7b0cc4ed1634b36c5e28ea7ed1e585a8aa05ae9dec6a0989aefd56f66a9053","specCount":101,"lockfiles":{"digest":"8639c0eca1713b5c8a11afdbf52d4cbb4057bfbb3e0add64aae9b9cbc315d6b2","files":[{"path":"nub.lock","sha256":"4db8df0c95d65db32636fea378b8cab238d4e8c123ead54c1cffeecf866a0ecc","bytes":23131}]},"maliciousAdvisories":[],"screenedAt":"2026-09-08T03:24:34.295Z","cacheHit":false,"clearancePath":"/home/runner/v2-WbXIEY/security/nub-synth-resolved.json"}
  SECURITY nub-synth-resolved clean: 101 exact package-version(s), tree 8a7b0cc4ed16
  VENUE-STORE-LAYOUT isolated
  VERIFY[synth] rc=0 artifacts=9/9 missing=0 shortfall=none (tree 3180/1036) OVERRIDDEN=2 REJECTED=0 grant={"write":{"userHome":true},"network":true}
  => VERIFIED {"write":{"userHome":true},"network":true}   (observed, then verified)
  EVICT     100 store entries removed, 3 spared as nub tooling
  SE-PURGE  0 side-effects-cache entries for electron-chromedriver
OSV-SCREEN {"schemaVersion":1,"kind":"nub-drop-no-network-resolved","status":"clean","digest":"8a7b0cc4ed1634b36c5e28ea7ed1e585a8aa05ae9dec6a0989aefd56f66a9053","specCount":101,"lockfiles":{"digest":"8639c0eca1713b5c8a11afdbf52d4cbb4057bfbb3e0add64aae9b9cbc315d6b2","files":[{"path":"nub.lock","sha256":"4db8df0c95d65db32636fea378b8cab238d4e8c123ead54c1cffeecf866a0ecc","bytes":23131}]},"maliciousAdvisories":[],"screenedAt":"2026-09-08T03:24:34.295Z","cacheHit":true,"clearancePath":"/home/runner/v2-WbXIEY/security/nub-drop-no-network-resolved.json"}
  SECURITY nub-drop-no-network-resolved clean: 101 exact package-version(s), tree 8a7b0cc4ed16 (cached exact-tree clearance)
  VERIFY[drop-no-network] rc=1 artifacts=5/9 missing=4 shortfall=ed4ad5a02840 (tree 3169/1036) OVERRIDDEN=2 REJECTED=0 grant={"write":{"userHome":true}}
       missing: bin/LICENSE, bin/LICENSES.chromium.html, bin/chromedriver, bin/icudtl.dat
     'no-network' is NECESSARY — dropping it fails to verify
  EVICT     100 store entries removed, 3 spared as nub tooling
  SE-PURGE  0 side-effects-cache entries for electron-chromedriver
OSV-SCREEN {"schemaVersion":1,"kind":"nub-drop-no-write-userHome-resolved","status":"clean","digest":"8a7b0cc4ed1634b36c5e28ea7ed1e585a8aa05ae9dec6a0989aefd56f66a9053","specCount":101,"lockfiles":{"digest":"8639c0eca1713b5c8a11afdbf52d4cbb4057bfbb3e0add64aae9b9cbc315d6b2","files":[{"path":"nub.lock","sha256":"4db8df0c95d65db32636fea378b8cab238d4e8c123ead54c1cffeecf866a0ecc","bytes":23131}]},"maliciousAdvisories":[],"screenedAt":"2026-09-08T03:24:34.295Z","cacheHit":true,"clearancePath":"/home/runner/v2-WbXIEY/security/nub-drop-no-write-userHome-resolved.json"}
  SECURITY nub-drop-no-write-userHome-resolved clean: 101 exact package-version(s), tree 8a7b0cc4ed16 (cached exact-tree clearance)
  VERIFY[drop-no-write-userHome] rc=0 artifacts=9/9 missing=0 shortfall=none (tree 3180/1036) OVERRIDDEN=2 REJECTED=0 grant={"network":true}
     ⛔ OVER-PREDICTED: dropping 'no-write-userHome' STILL VERIFIES — {"network":true} is sufficient
  => OVER-PREDICTED by: no-write-userHome  (synthesized {"write":{"userHome":true},"network":true}; each named capability drops on its own)
