### saucectl@0.127.0   (D:\jail\m-saucectl-mtssem5q)
  CI-ENV scrubbed: CI GITHUB_ACTIONS
OSV-SCREEN {"schemaVersion":1,"kind":"direct","status":"clean","digest":"ac96959f6ecac6ef764e66318e6dc0e0430b57c13590e04a8152c0a7347dc049","specCount":1,"lockfiles":{"digest":null,"files":[]},"maliciousAdvisories":[],"screenedAt":"2026-09-08T14:51:02.174Z","cacheHit":false,"clearancePath":"D:\\jail\\m-saucectl-mtssem5q\\security\\direct.json"}
  SECURITY direct clean: 1 exact package-version(s), tree ac96959f6eca
OSV-SCREEN {"schemaVersion":1,"kind":"npm-observe-resolved","status":"clean","digest":"f27aa404e4a63fdc2f90779d710776347acc1528abda47d6bd00998e0a009eb2","specCount":42,"lockfiles":{"digest":"7d8badf55880c3a332a986919e50d0becf0da251621f556a7189d9ce0bed2ae4","files":[{"path":"package-lock.json","sha256":"bae34212a93fc736d14ae309203d0b543b07ca50716c3aea2bec637c9dfc1e80","bytes":18522}]},"maliciousAdvisories":[],"screenedAt":"2026-09-08T14:51:05.834Z","cacheHit":false,"clearancePath":"D:\\jail\\m-saucectl-mtssem5q\\security\\npm-observe-resolved.json"}
  SECURITY npm-observe-resolved clean: 42 exact package-version(s), tree f27aa404e4a6
  CAPTURE user=runnervmeef0v\runneradmin elevated=True rootPid=9212 exit=0 events=57939 lost=0
  VENUE-OBSERVE-USER runnervmeef0v\runneradmin elevated=true privDropped={"SeBackupPrivilege":"removed","SeRestorePrivilege":"removed","SeTakeOwnershipPrivilege":"removed"}
  OBSERVE artifacts: 7 files  (D:\jail\m-saucectl-mtssem5q\observe\node_modules\saucectl)
  ARM-FALSIFIABILITY {"manifestFiles":7,"filesTheScriptProduced":1,"reasons":[]}
  CLOSURE 42 packages evicted per arm
  8.3 MAP 0 components resolved on runnervmeef0v, folded into capture.json
  == ROOTS (from capture.json — R2: no ambient reads) ==
    project       D:\jail\m-saucectl-mtssem5q\observe   [keyed on]
    home          C:\Users\runneradmin   [keyed on]
    jailHome      (null — declared inapplicable)
    globalStore   C:\Users\runneradmin\AppData\Local\nub\pm\store
    projectStore  D:\jail\m-saucectl-mtssem5q\observe\node_modules\.store
    interpreter   C:\hostedtoolcache\windows\node\22.23.2\x64\node.exe
    toolsDir      C:\Users\runneradmin\AppData\Local\nub\pm\tools
    temp          D:\jail\m-saucectl-mtssem5q\tmp   [keyed on]
    npmPrefix     (null — declared inapplicable)
    ownPkg        D:\jail\m-saucectl-mtssem5q\observe\node_modules\saucectl
  == ATTRIBUTION == lifecycle pids: 3 (root 9212)
    writes  script 2  /  whole traced tree 12
    peers   script 2  /  whole traced tree 2
  == WRITES ==
    deps          2
  == READS ==
    deps        142
    outside       6
    project       1
    systemfs     34
  == NETWORK ==
    distinct peers: 2
        140.82.113.3:443
        185.199.111.133:443
  == REFUSALS (adapter-classified) ==
    distinct: 0
  == SYNTHESIZED GRANT (verify this in the real unprivileged jail) ==
    {"write":{"deps":true},"network":true}
  RAW       etw-raw.xml.gz  72211963 B xml -> 1160703 B gz (62.2x)  sha256 9b16a618cf372ace…
  HEADER    etw-header.json (5061 bytes)
  DERIVED   5963 distinct from 7841 kept ops (57939 xml events, 9441 out of subtree)
  PROCS     5   thread-reattributed 0
  ⛔ 2 operations with NO OperationEnd — kept, status marked unknown
  ⛔ 1 handle ops whose path no table could supply
  8.3       0 expanded, 0 kept short, 0 not covered  [map: recorded 8.3 map (0 components, resolved on runnervmeef0v)]
  wrote events.ndjson.gz (75082 bytes)
  RAWLOG-CAPTURE D:\jail\m-saucectl-mtssem5q\cap\capture.json
  VENUE-NUB-BINARY {"path":"C:/Users/RUNNER~1/AppData/Local/Temp/nub/target/release/nub.exe","sha256":"f186817a44be332fee712b4936a071a0b5f9cde18a1d2fdc3a791729d4bf1005","bytes":68717056,"features":{"buildJailCatalogOverride":true,"pythonDontWriteBytecodeEnv":true}}
  VENUE-INTERPRETER C:\hostedtoolcache\windows\node\22.23.2\x64\node.exe
  VENUE-JAIL-ROOT D:\jail\m-saucectl-mtssem5q
  VENUE-OVERRIDES {"set":{"npm_config_cache":"D:\\jail\\m-saucectl-mtssem5q\\npm-cache","TMP":"D:\\jail\\m-saucectl-mtssem5q\\tmp","TEMP":"D:\\jail\\m-saucectl-mtssem5q\\tmp","TMPDIR":"D:\\jail\\m-saucectl-mtssem5q\\tmp"},"unset":["CI","GITHUB_ACTIONS"],"notRedirected":{"USERPROFILE":"C:\\Users\\runneradmin","why":"the jail leaves HOME/USERPROFILE alone — `build_jail.rs` sandbox_homes() reads the ambient value and `compiler/defaults.rs` BASELINE_ENV_EXACT passes it through — so there is no private jail home to reproduce and redirecting one would measure an environment no confined script sees"},"passedThrough":{"CI":"true","GITHUB_ACTIONS":"true","NODE_ENV":null}}
  STORE   isolated virtual store at D:\jail\m-saucectl-mtssem5q\verify-synth\.cache
  VENUE-STORE-LAYOUT isolated
OSV-SCREEN {"schemaVersion":1,"kind":"nub-synth-resolved","status":"clean","digest":"f27aa404e4a63fdc2f90779d710776347acc1528abda47d6bd00998e0a009eb2","specCount":42,"lockfiles":{"digest":"7ef9d1edba818b08529c7e5c4f2f7ebcb8113199af32091f2f2e3f8d062c778f","files":[{"path":"nub.lock","sha256":"ac1629c07c437fa5c06c9f595e4f563d79cdc18dbd00b6b9e38ceb1a4f374b62","bytes":12168}]},"maliciousAdvisories":[],"screenedAt":"2026-09-08T14:51:05.834Z","cacheHit":true,"clearancePath":"D:\\jail\\m-saucectl-mtssem5q\\security\\nub-synth-resolved.json"}
  SECURITY nub-synth-resolved clean: 42 exact package-version(s), tree f27aa404e4a6 (cached exact-tree clearance)
  VERIFY[synth] rc=0 artifacts=7/7 missing=0 shortfall=none (tree 6452/610) OVERRIDDEN=2 REJECTED=0 grant={"write":{"deps":true},"network":true}
  => MINIMUM {"write":{"deps":true},"network":true}   (observed, then verified)
  STORE   isolated virtual store at D:\jail\m-saucectl-mtssem5q\verify-nar-no-network\.cache
OSV-SCREEN {"schemaVersion":1,"kind":"nub-nar-no-network-resolved","status":"clean","digest":"f27aa404e4a63fdc2f90779d710776347acc1528abda47d6bd00998e0a009eb2","specCount":42,"lockfiles":{"digest":"7ef9d1edba818b08529c7e5c4f2f7ebcb8113199af32091f2f2e3f8d062c778f","files":[{"path":"nub.lock","sha256":"ac1629c07c437fa5c06c9f595e4f563d79cdc18dbd00b6b9e38ceb1a4f374b62","bytes":12168}]},"maliciousAdvisories":[],"screenedAt":"2026-09-08T14:51:05.834Z","cacheHit":true,"clearancePath":"D:\\jail\\m-saucectl-mtssem5q\\security\\nub-nar-no-network-resolved.json"}
  SECURITY nub-nar-no-network-resolved clean: 42 exact package-version(s), tree f27aa404e4a6 (cached exact-tree clearance)
  VERIFY[nar-no-network] rc=1 artifacts=6/7 missing=1 shortfall=7b125f15df9d (tree 6452/610) OVERRIDDEN=2 REJECTED=0 grant={"write":{"deps":true}}
     missing artifacts: bin/saucectl.exe
     'no-network' is NECESSARY — dropping it fails to verify
  STORE   isolated virtual store at D:\jail\m-saucectl-mtssem5q\verify-nar-no-write-deps\.cache
OSV-SCREEN {"schemaVersion":1,"kind":"nub-nar-no-write-deps-resolved","status":"clean","digest":"f27aa404e4a63fdc2f90779d710776347acc1528abda47d6bd00998e0a009eb2","specCount":42,"lockfiles":{"digest":"7ef9d1edba818b08529c7e5c4f2f7ebcb8113199af32091f2f2e3f8d062c778f","files":[{"path":"nub.lock","sha256":"ac1629c07c437fa5c06c9f595e4f563d79cdc18dbd00b6b9e38ceb1a4f374b62","bytes":12168}]},"maliciousAdvisories":[],"screenedAt":"2026-09-08T14:51:05.834Z","cacheHit":true,"clearancePath":"D:\\jail\\m-saucectl-mtssem5q\\security\\nub-nar-no-write-deps-resolved.json"}
  SECURITY nub-nar-no-write-deps-resolved clean: 42 exact package-version(s), tree f27aa404e4a6 (cached exact-tree clearance)
  VERIFY[nar-no-write-deps] rc=0 artifacts=7/7 missing=0 shortfall=none (tree 6452/610) OVERRIDDEN=2 REJECTED=0 grant={"network":true}
     ⛔ OVER-PREDICTED — the strictly narrower {"network":true} also verifies; 'no-write-deps' was not needed
