### @bazel/cypress@4.6.2   (/home/runner/v2-v1ZeOx)
  CI-ENV scrubbed: CI GITHUB_ACTIONS
OSV-SCREEN {"schemaVersion":1,"kind":"direct","status":"clean","digest":"d3679a677ba54090b1efc2bfc13e1bbb38db654d5df30735da93688ac3498866","specCount":1,"lockfiles":{"digest":null,"files":[]},"maliciousAdvisories":[],"screenedAt":"2026-09-08T00:31:04.589Z","cacheHit":false,"clearancePath":"/home/runner/v2-v1ZeOx/security/direct.json"}
  SECURITY direct clean: 1 exact package-version(s), tree d3679a677ba5
  VENUE-OBSERVE-USER {"uid":1001,"user":"runner","umask":"0022","capBnd":"000001ffffffffff","noNewPrivs":"0"}
  VENUE-NUB-BINARY {"path":"/tmp/nub/target/release/nub","sha256":"2a18683f50f7afeb02a521cd3cae175dc2f91780d461c5f012065241f5a1447b","bytes":207643464,"features":{"buildJailCatalogOverride":true,"pythonDontWriteBytecodeEnv":true}}
OSV-SCREEN {"schemaVersion":1,"kind":"npm-observe-resolved","status":"clean","digest":"9c2f84c559b84821d4b927fdfb5f6dc4c0ab6cd73f729f031c4529d7706f3b38","specCount":170,"lockfiles":{"digest":"3a3f7dcdbb9cdcd110e7e5b0af7b62dfd702864c99574f6a2a98fb92c2fc07bb","files":[{"path":"package-lock.json","sha256":"4f5c946b0b0f0e73db7003192e477488b08662c7ed0be77ac8f6a3b85209347a","bytes":76926}]},"maliciousAdvisories":[],"screenedAt":"2026-09-08T00:31:08.845Z","cacheHit":false,"clearancePath":"/home/runner/v2-v1ZeOx/security/npm-observe-resolved.json"}
  SECURITY npm-observe-resolved clean: 170 exact package-version(s), tree 9c2f84c559b8
  OBSERVE   rc=0 files=3982 trace=11220 lines
  CLOSURE   157 packages evicted per arm
  ARM-FALSIFIABILITY {"manifestFiles":10,"filesTheScriptProduced":0,"reasons":["gate-vacuous"]}
  ⛔ ARMS-UNFALSIFIABLE — a green arm for this package carries no evidence:
       gate-vacuous: the script changed no file the artifact gate keys on — every file in the manifest (10) was already present at its final size before the script ran, so the gate passes in every arm including a completely broken one
       The grant may still be correct; what is missing is a signal that could have gone
       red. Do not read this record's MINIMAL as a passing measurement.
  RAWLOG-FILE /home/runner/v2-v1ZeOx/observe/trace.txt.gz
  RAWLOG-CAPTURE /home/runner/v2-v1ZeOx/observe/capture.json
  RAWLOG-BYTES raw=2442424 gz=71672
  VENUE-INTERPRETER /opt/hostedtoolcache/node/22.23.2/x64
  VENUE-OVERRIDES {"set":{"HOME":"/home/runner/v2-v1ZeOx/jailhome","TMPDIR":"/tmp/nub-tmp-obsLMUxqN","NODE_COMPAT":"1","PLAYWRIGHT_BROWSERS_PATH":"/home/runner/.cache/nub/pm/tools/ms-playwright","ELECTRON_CACHE":"/home/runner/.cache/nub/pm/tools/electron-cache","electron_config_cache":"/home/runner/.cache/nub/pm/tools/electron-cache","npm_config_prefix":"/home/runner/.cache/nub/pm/tools/npm-prefix","PYTHONDONTWRITEBYTECODE":"1","NUB_CACHE_DIR":"/home/runner/v2-v1ZeOx/nubcache"},"unset":["CI","GITHUB_ACTIONS"],"passedThrough":{"CI":"true","GITHUB_ACTIONS":"true","NODE_ENV":null}}
  == ATTRIBUTION == attributed pids: 13
    writes  script 0  /  whole traced tree 1088
    sockets script 0  /  whole traced tree 4
  == ROOTS (from capture.json — R2: no ambient reads) ==
    project       /home/runner/v2-v1ZeOx/observe
    home          /home/runner
    jailHome      /home/runner/v2-v1ZeOx/jailhome
    globalStore   /home/runner/.cache/nub/pm/store   [declared, not keyed on]
    projectStore  /home/runner/v2-v1ZeOx/observe/node_modules/.store   [declared, not keyed on]
    interpreter   /opt/hostedtoolcache/node/22.23.2/x64   [declared, not keyed on]
    toolsDir      /home/runner/.cache/nub/pm/tools   [declared, not keyed on]
    temp          /tmp/nub-tmp-obsLMUxqN
    npmPrefix     /home/runner/.cache/nub/pm/tools/npm-prefix
    ownPkg        /home/runner/v2-v1ZeOx/observe/node_modules/@bazel/cypress
  == WRITES the script actually performed ==
  == NETWORK ==
    AF_INET sockets: 0   distinct peers: 2
        127.0.0.53:53
        104.16.0.34:443
  == REFUSALS (only `= -1 EACCES/EPERM/EROFS`) ==
    distinct: 0
  == SYNTHESIZED GRANT (verify this in the real unprivileged jail) ==
    {}
  == writePaths (DERIVED — promotion out of the package's PRIVATE home) ==
    private-home writes observed: 0
    none declared — the script wrote nothing into its private home — there is nothing to promote
  == writePaths FEASIBILITY (distinct writes outside project/deps) ==
    count: 0
    EVENTS    4721 distinct from 11020 calls (11221 lines, 178 rejoined, 0 unparsed)
    PROCS     20   lifecycle shells 8
    ⛔ 3 paths with an UNRESOLVED dirfd — kept, marked, never guessed
    unsubscribed/unmapped syscalls: setsockopt×23 getsockname×20 exit×15 getsockopt×7 recvmsg×7 getcwd×4 socketpair×3 shutdown×3
    wrote /home/runner/v2-v1ZeOx/observe/events.ndjson.gz (33363 bytes)
  EVENTLOG-FILE /home/runner/v2-v1ZeOx/observe/events.ndjson.gz
  EVENTLOG-STATS {"lines":11221,"parsed":11020,"unparsed":0,"unfinished":178,"rejoined":178,"unresolvedDirfd":3,"truncatedArg":0,"procs":20,"lifecyclePids":8,"distinctEvents":4721,"unknownSyscall":{"getsockname":20,"getsockopt":7,"getcwd":4,"recvmsg":7,"exit":15,"setsockopt":23,"sendmmsg":1,"socketpair":3,"shutdown":3,"exit_group":3,"wait4":3},"out":"/home/runner/v2-v1ZeOx/observe/events.ndjson.gz","gzipBytes":33363}
  EVICT     62 store entries removed, 3 spared as nub tooling
  SE-PURGE  0 side-effects-cache entries for @bazel/cypress
  scaffold: 1 dependency package(s) with lifecycle scripts granted a fixed wide grant
OSV-SCREEN {"schemaVersion":1,"kind":"nub-synth-resolved","status":"clean","digest":"6fc78a7e1a0e29604eb10d1d5ce8ffe4304408a70139dbb1f8385f1e3e63f34a","specCount":170,"lockfiles":{"digest":"96ef9e130992417f92874e3c6b55e6b815092bfd9e3102700ea557c65dc7e6a6","files":[{"path":"nub.lock","sha256":"68fd34e09a93abce243158bc5896cd6984e17925b838caac7c5bfef38aaba2c0","bytes":40183}]},"maliciousAdvisories":[],"screenedAt":"2026-09-08T00:31:12.572Z","cacheHit":false,"clearancePath":"/home/runner/v2-v1ZeOx/security/nub-synth-resolved.json"}
  SECURITY nub-synth-resolved clean: 170 exact package-version(s), tree 6fc78a7e1a0e
  VENUE-STORE-LAYOUT isolated
  VERIFY[synth] rc=0 artifacts=10/10 missing=0 shortfall=none (tree 12487/3982) OVERRIDDEN=2 REJECTED=0 grant={}
  => VERIFIED {}   (observed, then verified)
  DESCEND   grant is already empty — nothing to narrow; MINIMAL by construction.
