  HARNESS-NODE /opt/hostedtoolcache/node/22.23.2/x64/bin/node (v22.23.2); arm-cap present
  ERA-NODE PINNED 18.20.8 (provisioned) (arms will run: v18.20.8)
  ERA-PYTHON /opt/hostedtoolcache/Python/3.9.25/x64/bin/python (Python 3.9.25) for era Node 18, whose node-gyp requires python3
  ARM-MAKE /usr/bin/gmake (GNU Make 4.3) — the system make; a build needing GNU Make 4 WILL fail here
### inngest-cli@0.17.1   (/home/runner/v2-bzVljz)
  CI-ENV scrubbed: CI GITHUB_ACTIONS
OSV-SCREEN {"schemaVersion":1,"kind":"direct","status":"clean","digest":"48c55e68727a75cb84201d96cf9794ffdb7fee91529f577ca5d89a66fec743aa","specCount":1,"lockfiles":{"digest":null,"files":[]},"maliciousAdvisories":[],"screenedAt":"2026-08-30T01:25:39.531Z","cacheHit":false,"clearancePath":"/home/runner/v2-bzVljz/security/direct.json"}
  SECURITY direct clean: 1 exact package-version(s), tree 48c55e68727a
  VENUE-OBSERVE-USER {"uid":1001,"user":"runner","umask":"0022","capBnd":"000001ffffffffff","noNewPrivs":"0"}
  VENUE-NUB-BINARY {"path":"/tmp/nub/target/release/nub","sha256":"bed0d624b324fb3de83de474ff73731ad2f1fd040ff548bb0158e2baf850701d","bytes":208304640,"features":{"buildJailCatalogOverride":true,"pythonDontWriteBytecodeEnv":true}}
  ERA-RESOLUTION DATED 2023-10-03T16:13:22.974Z (deps as of the package's own publish date + 1d)
OSV-SCREEN {"schemaVersion":1,"kind":"npm-observe-resolved","status":"clean","digest":"5c869ebf3d8bb97fd98f22cc0c4af4e868301d8482ce56b79386f93f84a46370","specCount":15,"lockfiles":{"digest":"235d27390e4d398073003de9476b64a80b05a5632af37f93128fd055c8637433","files":[{"path":"package-lock.json","sha256":"bf7dec567b366c0f6bc68f24797aeeed9a1220068b1ec54ed36b792306f82bcc","bytes":6478}]},"maliciousAdvisories":[],"screenedAt":"2026-08-30T01:25:41.001Z","cacheHit":false,"clearancePath":"/home/runner/v2-bzVljz/security/npm-observe-resolved.json"}
  SECURITY npm-observe-resolved clean: 15 exact package-version(s), tree 5c869ebf3d8b
  ARM-PATH SANITISED (nothing to drop)
  ARM-AMBIENT-TOOLS 7 leaked: tsc=/usr/local/bin/tsc grunt=/usr/local/bin/grunt gulp=/usr/local/bin/gulp webpack=/usr/local/bin/webpack lerna=/usr/local/bin/lerna yarn=/usr/local/bin/yarn pulumi=/usr/local/bin/pulumi
  ARM-SCAFFOLD none
  ARM-UNPROVIDABLE none
  OBSERVE   rc=0 files=128 trace=6900 lines
  CLOSURE   15 packages evicted per arm
  ARM-FALSIFIABILITY {"manifestFiles":6,"filesTheScriptProduced":2,"reasons":[]}
  RAWLOG-FILE /home/runner/v2-bzVljz/observe/trace.txt.gz
  RAWLOG-CAPTURE /home/runner/v2-bzVljz/observe/capture.json
  RAWLOG-BYTES raw=1631397 gz=49609
  VENUE-INTERPRETER /opt/hostedtoolcache/node/22.23.2/x64
  VENUE-NODE-SELECTION {"pkg":"inngest-cli","packageVersion":"0.17.1","major":18,"version":"18.20.8","npm":"10.8.2","pinnable":true,"engines":null,"publishedAt":"2023-10-02T16:13:22.974Z","eraMajor":18,"startMajor":18,"raisedByEngines":false,"enginesUnsatisfiable":false,"clampedToFloor":false,"clampedToCeiling":false,"matrixFloor":4,"matrixCeiling":26,"lookupFailure":null,"pinned":true,"pinnedBin":"/home/runner/.cache/nub/era-node/18.20.8/node-v18.20.8-linux-x64/bin","eraNodeRoot":"/home/runner/.cache/nub"}
  VENUE-OVERRIDES {"set":{"HOME":"/home/runner/v2-bzVljz/jailhome","TMPDIR":"/tmp/nub-tmp-obsrIHV4q","NODE_COMPAT":"1","PLAYWRIGHT_BROWSERS_PATH":"/home/runner/.cache/nub/pm/tools/ms-playwright","ELECTRON_CACHE":"/home/runner/.cache/nub/pm/tools/electron-cache","electron_config_cache":"/home/runner/.cache/nub/pm/tools/electron-cache","npm_config_prefix":"/home/runner/.cache/nub/pm/tools/npm-prefix","PYTHONDONTWRITEBYTECODE":"1","NUB_CACHE_DIR":"/home/runner/v2-bzVljz/nubcache"},"unset":["CI","GITHUB_ACTIONS"],"passedThrough":{"CI":"true","GITHUB_ACTIONS":"true","NODE_ENV":null}}
  == ATTRIBUTION == attributed pids: 17
    writes  script 2  /  whole traced tree 6
    sockets script 4  /  whole traced tree 8
  == ROOTS (from capture.json — R2: no ambient reads) ==
    project       /home/runner/v2-bzVljz/observe
    home          /home/runner
    jailHome      /home/runner/v2-bzVljz/jailhome
    globalStore   /home/runner/.cache/nub/pm/store   [declared, not keyed on]
    projectStore  /home/runner/v2-bzVljz/observe/node_modules/.store   [declared, not keyed on]
    interpreter   /opt/hostedtoolcache/node/22.23.2/x64   [declared, not keyed on]
    toolsDir      /home/runner/.cache/nub/pm/tools   [declared, not keyed on]
    temp          /tmp/nub-tmp-obsrIHV4q
    npmPrefix     /home/runner/.cache/nub/pm/tools/npm-prefix
    ownPkg        /home/runner/v2-bzVljz/observe/node_modules/inngest-cli
  == WRITES the script actually performed ==
    ownPkg        2  (base profile already grants this — NOT billed)
        /home/runner/v2-bzVljz/observe/node_modules/inngest-cli/bin/LICENSE.md
        /home/runner/v2-bzVljz/observe/node_modules/inngest-cli/bin/inngest
  == NETWORK ==
    AF_INET sockets: 4   distinct peers: 3
        127.0.0.53:53
        104.16.2.34:443
        172.66.47.141:443
  == REFUSALS (only `= -1 EACCES/EPERM/EROFS`) ==
    distinct: 0
  == SYNTHESIZED GRANT (verify this in the real unprivileged jail) ==
    {"network":true}
  == writePaths (DERIVED — promotion out of the package's PRIVATE home) ==
    private-home writes observed: 0
    none declared — the script wrote nothing into its private home — there is nothing to promote
  == writePaths FEASIBILITY (distinct writes outside project/deps) ==
    count: 0
    EVENTS    2999 distinct from 6852 calls (6901 lines, 23 rejoined, 0 unparsed)
    PROCS     23   lifecycle shells 12
    ⛔ 3 paths with an UNRESOLVED dirfd — kept, marked, never guessed
    unsubscribed/unmapped syscalls: getsockname×32 exit×18 getsockopt×17 setsockopt×12 recvmsg×9 shutdown×4 getcwd×3 socketpair×3
    wrote /home/runner/v2-bzVljz/observe/events.ndjson.gz (18856 bytes)
  EVENTLOG-FILE /home/runner/v2-bzVljz/observe/events.ndjson.gz
  EVENTLOG-STATS {"lines":6901,"parsed":6852,"unparsed":0,"unfinished":23,"rejoined":23,"unresolvedDirfd":3,"truncatedArg":0,"procs":23,"lifecyclePids":12,"distinctEvents":2999,"unknownSyscall":{"getsockname":32,"getsockopt":17,"getcwd":3,"recvmsg":9,"setsockopt":12,"sendmmsg":2,"socketpair":3,"shutdown":4,"exit":18,"exit_group":3,"wait4":3},"out":"/home/runner/v2-bzVljz/observe/events.ndjson.gz","gzipBytes":18856}
  EVICT     0 store entries removed, 23 spared as nub tooling
  SE-PURGE  0 side-effects-cache entries for inngest-cli
OSV-SCREEN {"schemaVersion":1,"kind":"nub-synth-resolved","status":"clean","digest":"6a5e96d2a187c3666b67e69caea9dca5020af970ea7d3634e86aebab80c7e745","specCount":15,"lockfiles":{"digest":"e7c02b35844ad1620c7135b8d4d77e7d13ecdba72a48982e9177dbcf942e7720","files":[{"path":"nub.lock","sha256":"b78dd9f239635aca5dc8e9e02b75c3a42f8c1d256c191356435f618bcc15268e","bytes":4075}]},"maliciousAdvisories":[],"screenedAt":"2026-08-30T01:25:46.986Z","cacheHit":false,"clearancePath":"/home/runner/v2-bzVljz/security/nub-synth-resolved.json"}
  SECURITY nub-synth-resolved clean: 15 exact package-version(s), tree 6a5e96d2a187
  VENUE-STORE-LAYOUT isolated
  VERIFY[synth] rc=0 artifacts=6/6 missing=0 shortfall=none (tree 406/128) OVERRIDDEN=3 REJECTED=0 grant={"network":true}
  => VERIFIED {"network":true}   (observed, then verified)
  EVICT     7 store entries removed, 23 spared as nub tooling
  SE-PURGE  0 side-effects-cache entries for inngest-cli
OSV-SCREEN {"schemaVersion":1,"kind":"nub-drop-no-network-resolved","status":"clean","digest":"6a5e96d2a187c3666b67e69caea9dca5020af970ea7d3634e86aebab80c7e745","specCount":15,"lockfiles":{"digest":"e7c02b35844ad1620c7135b8d4d77e7d13ecdba72a48982e9177dbcf942e7720","files":[{"path":"nub.lock","sha256":"b78dd9f239635aca5dc8e9e02b75c3a42f8c1d256c191356435f618bcc15268e","bytes":4075}]},"maliciousAdvisories":[],"screenedAt":"2026-08-30T01:25:46.986Z","cacheHit":true,"clearancePath":"/home/runner/v2-bzVljz/security/nub-drop-no-network-resolved.json"}
  SECURITY nub-drop-no-network-resolved clean: 15 exact package-version(s), tree 6a5e96d2a187 (cached exact-tree clearance)
  VERIFY[drop-no-network] rc=1 artifacts=5/6 missing=2 shortfall=6a0b1c1fd69c (tree 403/128) OVERRIDDEN=3 REJECTED=0 grant={}
       missing: bin/LICENSE.md, bin/inngest (0B < 54706176B)
     [drop-no-network/i] DEBUG final message final_message=; header 18110:QUERY:RD:NoError:QUERY
     [drop-no-network/i] DEBUG final message final_message=; header 57710:QUERY:RD:NoError:QUERY
     [drop-no-network/i] DEBUG final message final_message=; header 2055:QUERY:RD:NoError:QUERY
     [drop-no-network/i] DEBUG final message final_message=; header 59696:QUERY:RD:NoError:QUERY
     [drop-no-network/i] DEBUG response: ; header 57710:RESPONSE:RD,RA:NoError:QUERY
     [drop-no-network/i] DEBUG response: ; header 18110:RESPONSE:RD,RA:NoError:QUERY
     [drop-no-network/i] DEBUG response: ; header 57710:RESPONSE:RD,RA:NoError:QUERY
     [drop-no-network/i] DEBUG response: ; header 18110:RESPONSE:RD,RA:NoError:QUERY
     [drop-no-network/i] DEBUG response: ; header 59696:RESPONSE:RD,RA:NoError:QUERY
     [drop-no-network/i] DEBUG response: ; header 59696:RESPONSE:RD,RA:NoError:QUERY
     [drop-no-network/i] DEBUG response: ; header 2055:RESPONSE:RD,RA:NoError:QUERY
     [drop-no-network/i] DEBUG response: ; header 2055:RESPONSE:RD,RA:NoError:QUERY
     [drop-no-network/a] FetchError: request to https://cli.inngest.com/artifact/v0.17.1/inngest_0.17.1_linux_amd64.tar.gz failed, reason: getaddrinfo EAI_AGAIN cli.inngest.com
     'no-network' is NECESSARY — dropping it fails to verify
  => MINIMAL — every capability in {"network":true} is independently necessary
