OSV-SCREEN {"schemaVersion":1,"kind":"direct","status":"clean","digest":"a26a59e770879253cf8d2b459961a23db018bda7872543725eaad4965b260d7f","specCount":1,"lockfiles":{"digest":null,"files":[]},"maliciousAdvisories":[],"screenedAt":"2026-09-08T09:48:51.783Z","cacheHit":false,"clearancePath":"/Users/runner/v2m-s1Fc13/security/direct.json"}
  SECURITY direct clean: 1 exact package-version(s), tree a26a59e77087
### wrtc@0.0.67   (/Users/runner/v2m-s1Fc13)   nub=/tmp/nub/target/release/nub
  VENUE-NUB-BINARY {"path":"/tmp/nub/target/release/nub","sha256":"f923f9d246b7061a3e88675efb7b4fdcda741d02368002ce6e7f7044b01e7bbe","bytes":93818888,"features":{"buildJailCatalogOverride":true,"pythonDontWriteBytecodeEnv":true}}
  CI-ENV scrubbed: CI GITHUB_ACTIONS
  --- fbt preflight (advisory; never fails the run) ---
     csrutil: System Integrity Protection status: disabled.
     fbt probes visible: 93591
     fbt enable attempt: dtrace: description 'fbt:::entry ' matched 50364 probes CPU     ID                    FUNCTION:NAME 
     cwd builtin value:  
     fbt chdir symbols:  
     fbt fires on spawn-with-cwd: dtrace: invalid probe specifier fbt::chdir*:entry /progenyof($target)/ { @[probefunc] = count(); }: probe description fbt::chdir*:entry does not match any probes 
  --- end fbt preflight ---
OSV-SCREEN {"schemaVersion":1,"kind":"npm-observe-resolved","status":"clean","digest":"642959a673bef1b7acfcf63863c906d11eadca88a4a78fc6da02a0f496b87132","specCount":180,"lockfiles":{"digest":"02ee5c88e820214a212663b989cf3c6511465b4f274a772113eee91e5f8b4c63","files":[{"path":"package-lock.json","sha256":"bd642b399f0f17d9f21831893f79367487311ccae333df437b117658fb65f662","bytes":74530}]},"maliciousAdvisories":[],"screenedAt":"2026-09-08T09:48:59.289Z","cacheHit":false,"clearancePath":"/Users/runner/v2m-s1Fc13/security/npm-observe-resolved.json"}
  SECURITY npm-observe-resolved clean: 180 exact package-version(s), tree 642959a673be
  VENUE-CI-CHILD clean (no CI-detection variable reaches the traced script)
  --- wrapper (run.sh) ---
     cd "/Users/runner/v2m-s1Fc13/Observe"
     sudo -u "runner" -H env "PATH=$PATH"   "HOME=/Users/runner/v2m-s1Fc13/jailhome"   "TMPDIR=/private/var/folders/bl/vzjcvbz95c3dk19cb0fw46180000gn/T/nub-tmp-obsq3bYiX"   "NODE_COMPAT=1"   "PYTHONDONTWRITEBYTECODE=1"   "PLAYWRIGHT_BROWSERS_PATH=/Users/runner/.cache/nub/pm/tools/ms-playwright"   "ELECTRON_CACHE=/Users/runner/.cache/nub/pm/tools/electron-cache"   "electron_config_cache=/Users/runner/.cache/nub/pm/tools/electron-cache"   "npm_config_prefix=/Users/runner/.cache/nub/pm/tools/npm-prefix"   "/Users/runner/hostedtoolcache/node/22.23.2/arm64/bin/npm" rebuild --no-audit --no-fund "wrtc" > "/Users/runner/v2m-s1Fc13/Observe/npm.log" 2>&1
     echo $? > "/Users/runner/v2m-s1Fc13/Observe/rc"
  --- dtrace stderr + wrapper trace ---
     + cd /Users/runner/v2m-s1Fc13/Observe
     + sudo -u runner -H env PATH=/Users/runner/hostedtoolcache/node/22.23.2/arm64/bin:/opt/homebrew/lib/ruby/gems/3.3.0/bin:/opt/homebrew/opt/ruby@3.3/bin:/Users/runner/.local/bin:/opt/homebrew/bin:/opt/homebrew/sbin:/Users/runner/.cargo/bin:/usr/local/opt/curl/bin:/usr/local/bin:/usr/local/sbin:/Users/runner/bin:/Users/runner/.yarn/bin:/Users/runner/Library/Android/sdk/tools:/Users/runner/Library/Android/sdk/platform-tools:/Library/Frameworks/Python.framework/Versions/Current/bin:/Library/Frameworks/Mono.framework/Versions/Current/Commands:/usr/bin:/bin:/usr/sbin:/sbin:/Users/runner/.dotnet/tools HOME=/Users/runner/v2m-s1Fc13/jailhome TMPDIR=/private/var/folders/bl/vzjcvbz95c3dk19cb0fw46180000gn/T/nub-tmp-obsq3bYiX NODE_COMPAT=1 PYTHONDONTWRITEBYTECODE=1 PLAYWRIGHT_BROWSERS_PATH=/Users/runner/.cache/nub/pm/tools/ms-playwright ELECTRON_CACHE=/Users/runner/.cache/nub/pm/tools/electron-cache electron_config_cache=/Users/runner/.cache/nub/pm/tools/electron-cache npm_config_prefix=/Users/runner/.cache/nub/pm/tools/npm-prefix /Users/runner/hostedtoolcache/node/22.23.2/arm64/bin/npm rebuild --no-audit --no-fund wrtc
     dtrace: error on enabled probe ID 128 (ID 286: syscall::execve:entry): invalid address (0x6000037c4090) in action #1 at DIF offset 20
     dtrace: error on enabled probe ID 9 (ID 965: syscall::open_nocancel:return): invalid address (0x16b11105e) in action #9 at DIF offset 12
     + echo 0
  OBSERVE   rc=0 dtrace_rc=0 files=1629 (pre=1613) trace=46858 lines
  CLOSURE   173 packages evicted per arm   store=/Users/runner/.cache/nub/pm/store
  RAWLOG-FILE /Users/runner/v2m-s1Fc13/Observe/trace.txt.gz
  RAWLOG-CAPTURE /Users/runner/v2m-s1Fc13/Observe/capture.json
  RAWLOG-BYTES raw=7125684 gz=289053
  VENUE-INTERPRETER /Users/runner/hostedtoolcache/node/22.23.2/arm64
  VENUE-OVERRIDES {"set":{"PATH":"inherited-and-forwarded","HOME":"/Users/runner/v2m-s1Fc13/jailhome","TMPDIR":"/private/var/folders/bl/vzjcvbz95c3dk19cb0fw46180000gn/T/nub-tmp-obsq3bYiX","NODE_COMPAT":"1","PYTHONDONTWRITEBYTECODE":"1","PLAYWRIGHT_BROWSERS_PATH":"/Users/runner/.cache/nub/pm/tools/ms-playwright","ELECTRON_CACHE":"/Users/runner/.cache/nub/pm/tools/electron-cache","electron_config_cache":"/Users/runner/.cache/nub/pm/tools/electron-cache","npm_config_prefix":"/Users/runner/.cache/nub/pm/tools/npm-prefix"},"unset":["(sudo env_reset discards the caller environment; every var above is re-set after it)","CI","GITHUB_ACTIONS"],"passedThrough":{"CI":"true","GITHUB_ACTIONS":"true","NODE_ENV":null}}
  VENUE-OBSERVE-USER runner uid=501 (R7: ordinary non-root user, asserted)
  ARM-FALSIFIABILITY {"manifestFiles":84,"filesTheScriptProduced":14,"reasons":[]}
  EVENTLOG-FILE /Users/runner/v2m-s1Fc13/Observe/events.ndjson.gz
  EVENTLOG-STATS {"lines":46859,"parsed":46798,"unparsed":0,"live":true,"tracerErrors":2,"tracerErrorTotal":2,"unresolvedDirfd":291,"unresolvedFd":0,"pairedTwoPath":574,"danglingPair":0,"failed":17279,"enoent":17136,"refusals":0,"byErrno":{"ENXIO":18,"ENOENT":17136,"ENOTDIR":2,"EINVAL":10,"EEXIST":113},"procs":68,"lifecyclePids":10,"distinctEvents":25976,"emitted":25976,"calls":46073,"bytes":4321170,"gzipBytes":159245,"out":"/Users/runner/v2m-s1Fc13/Observe/events.ndjson"}
  == TRACER == live=true decodable-events=10028 dropped-events=2
    NOTE 194 relative path(s) under a non-AT_FDCWD dirfd were not
       scope-assigned: resolving them against the cwd would invent a path.
    ⛔ CWD-UNOBSERVED 30 relative path(s) (4 write(s)) came from a lifecycle
       process whose own cwd was never observed
       macOS spawns with posix_spawn addchdir_np, which changes directory in-kernel and
       emits no chdir syscall, so the inherited cwd cannot be trusted. These are NOT
       scope-assigned; the grant below is WIDENED instead so it covers wherever they landed.
         pid=10292 read  unproven .
         pid=10292 read  unproven .
         pid=10295 read  unproven .
         pid=10296 read  unproven .
         pid=10297 read  unproven .
         pid=10298 read  unproven .
         pid=10405 read  unproven .
         pid=10413 WRITE unproven a.out
         pid=10419 read  unproven .
         pid=10446 read  unproven .
         … and 20 more
    CWD-UNPLACEABLE-WRITES ["a.out","cmTC_2d873","cmTC_cc2bd"]
    CWD-RESOLVED 5 relative path(s) placed against the package dir
       and CONFIRMED by an artifact present after the run — not assumed.
    ⛔ THE TRACER DROPPED 2 EVENT(S). A dropped event is a path never
       seen, so the grant below can only be too NARROW — the direction that breaks installs.
       Treat it as a FLOOR, not a measurement, until the adapter fault is fixed:
             1 x  epid=128 action=1 fault=1 addr=0x6000037c4090
             1 x  epid=9 action=9 fault=1 addr=0x16b11105e
  == ATTRIBUTION == lifecycle pids: 10
    writes  script 91  /  whole traced subtree 1181
    sockets script 0  /  whole traced subtree 1
  == ROOTS (from /Users/runner/v2m-s1Fc13/Observe/capture.json; the classifier reads no other source) ==
    project       /Users/runner/v2m-s1Fc13/Observe
    home          /Users/runner
    jailHome      /Users/runner/v2m-s1Fc13/jailhome
    globalStore   /Users/runner/.cache/nub/pm/store
    projectStore  /Users/runner/v2m-s1Fc13/Observe/node_modules/.store
    interpreter   /Users/runner/hostedtoolcache/node/22.23.2/arm64
    toolsDir      /Users/runner/.cache/nub/pm/tools
    temp          /private/var/folders/bl/vzjcvbz95c3dk19cb0fw46180000gn/T/nub-tmp-obsq3bYiX
    npmPrefix     /Users/runner/.cache/nub/pm/tools/npm-prefix
    ownPkg        /Users/runner/v2m-s1Fc13/Observe/node_modules/wrtc
    cwd           (null — this platform has no such root)
  == WRITES the script actually performed ==
    systemfs      2
        /dev/dtracehelper
        /dev/null
    ownPkg       79  (base profile already grants this — NOT billed)
        /Users/runner/v2m-s1Fc13/Observe/node_modules/wrtc/build
        /Users/runner/v2m-s1Fc13/Observe/node_modules/wrtc/build/CMakeFiles
        /Users/runner/v2m-s1Fc13/Observe/node_modules/wrtc/build/CMakeFiles/pkgRedirects
        /Users/runner/v2m-s1Fc13/Observe/node_modules/wrtc/build/CMakeFiles/CMakeConfigureLog.yaml
        /Users/runner/v2m-s1Fc13/Observe/node_modules/wrtc/build/CMakeFiles/4.4.3
        /Users/runner/v2m-s1Fc13/Observe/node_modules/wrtc/build/CMakeFiles/4.4.3/CMakeSystem.cmake.tmp
        /Users/runner/v2m-s1Fc13/Observe/node_modules/wrtc/build/CMakeFiles/4.4.3/CMakeSystem.cmake
        /Users/runner/v2m-s1Fc13/Observe/node_modules/wrtc/build/CMakeFiles/4.4.3/CompilerIdC
        /Users/runner/v2m-s1Fc13/Observe/node_modules/wrtc/build/CMakeFiles/4.4.3/CompilerIdC/tmp
        /Users/runner/v2m-s1Fc13/Observe/node_modules/wrtc/build/CMakeFiles/4.4.3/CompilerIdC/CMakeCCompilerId.c
        … and 69 more
    outside       6
        /var/folders/bl/vzjcvbz95c3dk19cb0fw46180000gn/T/xcrun_db-5yQsZYZe
        /var/folders/bl/vzjcvbz95c3dk19cb0fw46180000gn/T/xcrun_db
        /var/folders/bl/vzjcvbz95c3dk19cb0fw46180000gn/C/com.apple.DeveloperTools/16.4-16F6/Xcode/.dat.nosync28CF.CiZIgh
        /var/folders/bl/vzjcvbz95c3dk19cb0fw46180000gn/C/com.apple.DeveloperTools/16.4-16F6/Xcode/PlugInCache-xcodebuild.xcplugincache
        /var/folders/bl/vzjcvbz95c3dk19cb0fw46180000gn/T/xcrun_db-AXTQ1ip1
        /var/folders/bl/vzjcvbz95c3dk19cb0fw46180000gn/T/xcrun_db-PJMyniKw
    jailTmp       4  (base profile already grants this — NOT billed)
        /private/var/folders/bl/vzjcvbz95c3dk19cb0fw46180000gn/T/nub-tmp-obsq3bYiX/CMakeCCompilerId-5755c9.o
        /private/var/folders/bl/vzjcvbz95c3dk19cb0fw46180000gn/T/nub-tmp-obsq3bYiX/CMakeCCompilerId-5755c9-ae2de768.o.tmp
        /private/var/folders/bl/vzjcvbz95c3dk19cb0fw46180000gn/T/nub-tmp-obsq3bYiX/CMakeCXXCompilerId-fcc560.o
        /private/var/folders/bl/vzjcvbz95c3dk19cb0fw46180000gn/T/nub-tmp-obsq3bYiX/CMakeCXXCompilerId-fcc560-bc32b290.o.tmp
  == READS the script performed, by scope ==
    outside     922
    systemfs    642
    userHome     27
    ownPkg       43
    deps        190
    project       2
    jailTmp       2
        outside: /
        outside: /bin/bash
        outside: /bin
        outside: /bin/sh
        outside: /usr/bin/env
        outside: /usr/bin
        outside: /opt/homebrew/Cellar/cmake/4.4.3/bin/cmake
        outside: /opt/homebrew/Cellar/cmake/4.4.3/bin
        outside: /Users
        outside: /opt
  == NETWORK ==
    AF_INET connects: 0   distinct peers: 0
  == REFUSALS (errno EPERM/EACCES/EROFS only; ENOENT is a miss, not a denial) ==
    distinct: 0
  == SYNTHESIZED GRANT (verify this in the real unprivileged jail) ==
    {"write":{"deps":true,"project":true}}
    ⛔ 6 writes OUTSIDE project/home — no scope covers these; inspect before granting
  == writePaths (DERIVED — promotion out of the package's PRIVATE home) ==
    private-home writes observed: 0
    none declared — the script wrote nothing into its private home — there is nothing to promote
  == writePaths FEASIBILITY (distinct writes outside project/deps) ==
    count: 6
        /var/folders/bl/vzjcvbz95c3dk19cb0fw46180000gn/T/xcrun_db-5yQsZYZe
        /var/folders/bl/vzjcvbz95c3dk19cb0fw46180000gn/T/xcrun_db
        /var/folders/bl/vzjcvbz95c3dk19cb0fw46180000gn/C/com.apple.DeveloperTools/16.4-16F6/Xcode/.dat.nosync28CF.CiZIgh
        /var/folders/bl/vzjcvbz95c3dk19cb0fw46180000gn/C/com.apple.DeveloperTools/16.4-16F6/Xcode/PlugInCache-xcodebuild.xcplugincache
        /var/folders/bl/vzjcvbz95c3dk19cb0fw46180000gn/T/xcrun_db-AXTQ1ip1
        /var/folders/bl/vzjcvbz95c3dk19cb0fw46180000gn/T/xcrun_db-PJMyniKw
  EVICT[synth] 94 store entries removed, 5 spared as nub tooling, 163 in store
OSV-SCREEN {"schemaVersion":1,"kind":"nub-synth-resolved","status":"clean","digest":"e3192d5a08d7931c1287c45d07e6f0c241bc074eae3b103b89ab998a7de6ee94","specCount":184,"lockfiles":{"digest":"95ff4524db4903b53f763213b29d7f6511601e12960c2ef85d5239455f38b35a","files":[{"path":"nub.lock","sha256":"085c268fee959ed50862d73909702bcdcd8a6f2563ae2c359fddd884d40528ff","bytes":43203}]},"maliciousAdvisories":[],"screenedAt":"2026-09-08T09:49:07.046Z","cacheHit":false,"clearancePath":"/Users/runner/v2m-s1Fc13/security/nub-synth-resolved.json"}
  SECURITY nub-synth-resolved clean: 184 exact package-version(s), tree e3192d5a08d7
  VENUE-STORE-LAYOUT isolated
  VERIFY[synth] rc=0 artifacts=84/84 missing=1 shortfall=15048f9dbd60 (tree 6170/1629) OVERRIDDEN=3 REJECTED=0 grant={"write":{"deps":true,"project":true}}
       missing: build/CMakeFiles/CMakeConfigureLog.yaml (126547B < 132692B)
  !! OBSERVE UNDER-PREDICTED — the synthesized grant did NOT verify. This is the correctness
     finding: OBSERVE saw a run that the jail then refused on some axis it did not cover.
     The bounded ladder below is the repair; the terminal verdict waits on its outcome.
  DIAGNOSE  re-running the failing grant JAILED, under dtrace
     trace lines: 25847
     refused paths under the failing grant (count, path):
         94 System/Cryptexes/OS
         12 /System/Library/CoreServices/SystemVersion.bundle
         12 /Library/Developer/CommandLineTools/SDKs
          7 /opt
          4 /System/Library/CoreServices/SystemVersion.bundle/
          3 /Users/runner/v2m-s1Fc13
          3 /Users/runner
          3 /Users
          3 /System/Cryptexes/OS/System/Library/CoreServices/SystemVersion.plist
          2 /Users/runner/.CFUserTextEncoding
          1 /usr
          1 /Users/runner/Library/Android/sdk/tools
          1 /Users/runner/Library/Android/sdk/platform-tools
          1 /Users/runner/Library/Android/sdk
          1 /Users/runner/Library/Android
     ⇒ TREAT THIS AS A CANDIDATE SET, NOT AN ANSWER. On Linux the last refusal before a
       fatal exit was a trailing red herring once already; settle it with a
       single-variable arm per path plus a negative control granting all the others.
  synthesized grant did not verify — falling back to a bounded ladder
  EVICT[fb903772438] 179 store entries removed, 5 spared as nub tooling, 252 in store
OSV-SCREEN {"schemaVersion":1,"kind":"nub-fb903772438-resolved","status":"clean","digest":"e3192d5a08d7931c1287c45d07e6f0c241bc074eae3b103b89ab998a7de6ee94","specCount":184,"lockfiles":{"digest":"95ff4524db4903b53f763213b29d7f6511601e12960c2ef85d5239455f38b35a","files":[{"path":"nub.lock","sha256":"085c268fee959ed50862d73909702bcdcd8a6f2563ae2c359fddd884d40528ff","bytes":43203}]},"maliciousAdvisories":[],"screenedAt":"2026-09-08T09:49:07.046Z","cacheHit":true,"clearancePath":"/Users/runner/v2m-s1Fc13/security/nub-fb903772438-resolved.json"}
  SECURITY nub-fb903772438-resolved clean: 184 exact package-version(s), tree e3192d5a08d7 (cached exact-tree clearance)
  VERIFY[fb903772438] rc=0 artifacts=84/84 missing=1 shortfall=f62d8ebf8dcd (tree 6170/1629) OVERRIDDEN=3 REJECTED=0 grant={"write":{"deps":true,"project":true,"userHome":true},"network":true}
       missing: build/CMakeFiles/CMakeConfigureLog.yaml (127447B < 132692B)
  EVICT[fb2128993570] 179 store entries removed, 5 spared as nub tooling, 252 in store
OSV-SCREEN {"schemaVersion":1,"kind":"nub-fb2128993570-resolved","status":"clean","digest":"e3192d5a08d7931c1287c45d07e6f0c241bc074eae3b103b89ab998a7de6ee94","specCount":184,"lockfiles":{"digest":"95ff4524db4903b53f763213b29d7f6511601e12960c2ef85d5239455f38b35a","files":[{"path":"nub.lock","sha256":"085c268fee959ed50862d73909702bcdcd8a6f2563ae2c359fddd884d40528ff","bytes":43203}]},"maliciousAdvisories":[],"screenedAt":"2026-09-08T09:49:07.046Z","cacheHit":true,"clearancePath":"/Users/runner/v2m-s1Fc13/security/nub-fb2128993570-resolved.json"}
  SECURITY nub-fb2128993570-resolved clean: 184 exact package-version(s), tree e3192d5a08d7 (cached exact-tree clearance)
  VERIFY[fb2128993570] rc=0 artifacts=84/84 missing=1 shortfall=38e47f427760 (tree 6170/1629) OVERRIDDEN=3 REJECTED=0 grant={"write":{"deps":true,"project":true,"userHome":true},"read":"disk","network":true}
       missing: build/CMakeFiles/CMakeConfigureLog.yaml (127597B < 132692B)
  EVICT[fb1962834996] 179 store entries removed, 5 spared as nub tooling, 252 in store
OSV-SCREEN {"schemaVersion":1,"kind":"nub-fb1962834996-resolved","status":"clean","digest":"e3192d5a08d7931c1287c45d07e6f0c241bc074eae3b103b89ab998a7de6ee94","specCount":184,"lockfiles":{"digest":"95ff4524db4903b53f763213b29d7f6511601e12960c2ef85d5239455f38b35a","files":[{"path":"nub.lock","sha256":"085c268fee959ed50862d73909702bcdcd8a6f2563ae2c359fddd884d40528ff","bytes":43203}]},"maliciousAdvisories":[],"screenedAt":"2026-09-08T09:49:07.046Z","cacheHit":true,"clearancePath":"/Users/runner/v2m-s1Fc13/security/nub-fb1962834996-resolved.json"}
  SECURITY nub-fb1962834996-resolved clean: 184 exact package-version(s), tree e3192d5a08d7 (cached exact-tree clearance)
  VERIFY[fb1962834996] rc=0 artifacts=84/84 missing=1 shortfall=38e47f427760 (tree 6170/1629) OVERRIDDEN=3 REJECTED=0 grant={"write":"disk","network":true}
       missing: build/CMakeFiles/CMakeConfigureLog.yaml (127597B < 132692B)
  NOT-GRANT-INDEPENDENT the shortfall CHANGED across arms (15048f9dbd60, f62d8ebf8dcd, 38e47f427760) — it responded to the grant
  => UNDER-PREDICTED — no state passed, up to and including write:"disk". OBSERVE saw a run
     the jail then refused on some axis it did not cover, and widening did not repair it.
### DONE wrtc@0.0.67  synthesized={"write":{"deps":true,"project":true}} verified=0
