OSV-SCREEN {"schemaVersion":1,"kind":"direct","status":"clean","digest":"213b7018b3ec808606191b2d33c8ac110adb7ee9872a4a46041b34ae0fd7cb2f","specCount":1,"lockfiles":{"digest":null,"files":[]},"maliciousAdvisories":[],"screenedAt":"2026-09-08T06:50:13.244Z","cacheHit":false,"clearancePath":"/Users/runner/v2m-eP5qk4/security/direct.json"}
  SECURITY direct clean: 1 exact package-version(s), tree 213b7018b3ec
### @pact-foundation/pact-node@10.18.0   (/Users/runner/v2m-eP5qk4)   nub=/tmp/nub/target/release/nub
  VENUE-NUB-BINARY {"path":"/tmp/nub/target/release/nub","sha256":"f923f9d246b7061a3e88675efb7b4fdcda741d02368002ce6e7f7044b01e7bbe","bytes":93818888,"features":{"buildJailCatalogOverride":true,"pythonDontWriteBytecodeEnv":true}}
  CI-ENV scrubbed: CI GITHUB_ACTIONS
  --- fbt preflight (advisory; never fails the run) ---
     csrutil: System Integrity Protection status: disabled.
     fbt probes visible: 93591
     fbt enable attempt: dtrace: description 'fbt:::entry ' matched 50364 probes CPU     ID                    FUNCTION:NAME 
     cwd builtin value:  
     fbt chdir symbols:  
     fbt fires on spawn-with-cwd: dtrace: invalid probe specifier fbt::chdir*:entry /progenyof($target)/ { @[probefunc] = count(); }: probe description fbt::chdir*:entry does not match any probes 
  --- end fbt preflight ---
OSV-SCREEN {"schemaVersion":1,"kind":"npm-observe-resolved","status":"clean","digest":"6aebe1534ebaf1dc57cf30b4e6e7ec938915a367c803df3e8ce8389317fa525a","specCount":146,"lockfiles":{"digest":"6bb9a3ad6b8cc93296995e5ff3e3b5c4d0bb867bcb05922ed34a5a7c060a4713","files":[{"path":"package-lock.json","sha256":"a97c756a290dd639cd77804d8254b0d468f2e8295645d225edd37b7918cb69b3","bytes":61733}]},"maliciousAdvisories":[],"screenedAt":"2026-09-08T06:50:24.300Z","cacheHit":false,"clearancePath":"/Users/runner/v2m-eP5qk4/security/npm-observe-resolved.json"}
  SECURITY npm-observe-resolved clean: 146 exact package-version(s), tree 6aebe1534eba
  VENUE-CI-CHILD clean (no CI-detection variable reaches the traced script)
  --- wrapper (run.sh) ---
     cd "/Users/runner/v2m-eP5qk4/Observe"
     sudo -u "runner" -H env "PATH=$PATH"   "HOME=/Users/runner/v2m-eP5qk4/jailhome"   "TMPDIR=/private/var/folders/bl/vzjcvbz95c3dk19cb0fw46180000gn/T/nub-tmp-obs3gi8CL"   "NODE_COMPAT=1"   "PYTHONDONTWRITEBYTECODE=1"   "PLAYWRIGHT_BROWSERS_PATH=/Users/runner/.cache/nub/pm/tools/ms-playwright"   "ELECTRON_CACHE=/Users/runner/.cache/nub/pm/tools/electron-cache"   "electron_config_cache=/Users/runner/.cache/nub/pm/tools/electron-cache"   "npm_config_prefix=/Users/runner/.cache/nub/pm/tools/npm-prefix"   "/Users/runner/hostedtoolcache/node/22.23.2/arm64/bin/npm" rebuild --no-audit --no-fund "@pact-foundation/pact-node" > "/Users/runner/v2m-eP5qk4/Observe/npm.log" 2>&1
     echo $? > "/Users/runner/v2m-eP5qk4/Observe/rc"
  --- dtrace stderr + wrapper trace ---
     + cd /Users/runner/v2m-eP5qk4/Observe
     + sudo -u runner -H env PATH=/Users/runner/hostedtoolcache/node/22.23.2/arm64/bin:/opt/homebrew/lib/ruby/gems/3.3.0/bin:/opt/homebrew/opt/ruby@3.3/bin:/Users/runner/.local/bin:/opt/homebrew/bin:/opt/homebrew/sbin:/Users/runner/.cargo/bin:/usr/local/opt/curl/bin:/usr/local/bin:/usr/local/sbin:/Users/runner/bin:/Users/runner/.yarn/bin:/Users/runner/Library/Android/sdk/tools:/Users/runner/Library/Android/sdk/platform-tools:/Library/Frameworks/Python.framework/Versions/Current/bin:/Library/Frameworks/Mono.framework/Versions/Current/Commands:/usr/bin:/bin:/usr/sbin:/sbin:/Users/runner/.dotnet/tools HOME=/Users/runner/v2m-eP5qk4/jailhome TMPDIR=/private/var/folders/bl/vzjcvbz95c3dk19cb0fw46180000gn/T/nub-tmp-obs3gi8CL NODE_COMPAT=1 PYTHONDONTWRITEBYTECODE=1 PLAYWRIGHT_BROWSERS_PATH=/Users/runner/.cache/nub/pm/tools/ms-playwright ELECTRON_CACHE=/Users/runner/.cache/nub/pm/tools/electron-cache electron_config_cache=/Users/runner/.cache/nub/pm/tools/electron-cache npm_config_prefix=/Users/runner/.cache/nub/pm/tools/npm-prefix /Users/runner/hostedtoolcache/node/22.23.2/arm64/bin/npm rebuild --no-audit --no-fund @pact-foundation/pact-node
     dtrace: error on enabled probe ID 128 (ID 286: syscall::execve:entry): invalid address (0x6000025f8090) in action #1 at DIF offset 20
     dtrace: error on enabled probe ID 51 (ID 441: syscall::mkdir:return): invalid address (0x600001e52ec0) in action #10 at DIF offset 12
     + echo 0
  OBSERVE   rc=0 dtrace_rc=0 files=5781 (pre=2499) trace=28770 lines
  CLOSURE   135 packages evicted per arm   store=/Users/runner/.cache/nub/pm/store
  RAWLOG-FILE /Users/runner/v2m-eP5qk4/Observe/trace.txt.gz
  RAWLOG-CAPTURE /Users/runner/v2m-eP5qk4/Observe/capture.json
  RAWLOG-BYTES raw=5073625 gz=173864
  VENUE-INTERPRETER /Users/runner/hostedtoolcache/node/22.23.2/arm64
  VENUE-OVERRIDES {"set":{"PATH":"inherited-and-forwarded","HOME":"/Users/runner/v2m-eP5qk4/jailhome","TMPDIR":"/private/var/folders/bl/vzjcvbz95c3dk19cb0fw46180000gn/T/nub-tmp-obs3gi8CL","NODE_COMPAT":"1","PYTHONDONTWRITEBYTECODE":"1","PLAYWRIGHT_BROWSERS_PATH":"/Users/runner/.cache/nub/pm/tools/ms-playwright","ELECTRON_CACHE":"/Users/runner/.cache/nub/pm/tools/electron-cache","electron_config_cache":"/Users/runner/.cache/nub/pm/tools/electron-cache","npm_config_prefix":"/Users/runner/.cache/nub/pm/tools/npm-prefix"},"unset":["(sudo env_reset discards the caller environment; every var above is re-set after it)","CI","GITHUB_ACTIONS"],"passedThrough":{"CI":"true","GITHUB_ACTIONS":"true","NODE_ENV":null}}
  VENUE-OBSERVE-USER runner uid=501 (R7: ordinary non-root user, asserted)
  ARM-FALSIFIABILITY {"manifestFiles":3379,"filesTheScriptProduced":3280,"reasons":[]}
  EVENTLOG-FILE /Users/runner/v2m-eP5qk4/Observe/events.ndjson.gz
  EVENTLOG-STATS {"lines":28771,"parsed":28752,"unparsed":0,"live":true,"tracerErrors":2,"tracerErrorTotal":2,"unresolvedDirfd":21,"unresolvedFd":0,"pairedTwoPath":541,"danglingPair":0,"failed":10882,"enoent":9565,"refusals":0,"byErrno":{"ENXIO":3,"ENOENT":9565,"EEXIST":1314},"procs":5,"lifecyclePids":1,"distinctEvents":18602,"emitted":18602,"calls":28199,"bytes":4319473,"gzipBytes":108040,"out":"/Users/runner/v2m-eP5qk4/Observe/events.ndjson"}
  == TRACER == live=true decodable-events=9390 dropped-events=2
    NOTE 14 relative path(s) under a non-AT_FDCWD dirfd were not
       scope-assigned: resolving them against the cwd would invent a path.
    ⛔ CWD-UNOBSERVED 3 relative path(s) (0 write(s)) came from a lifecycle
       process whose own cwd was never observed
       macOS spawns with posix_spawn addchdir_np, which changes directory in-kernel and
       emits no chdir syscall, so the inherited cwd cannot be trusted. These are NOT
       scope-assigned; the grant below is WIDENED instead so it covers wherever they landed.
         pid=13776 read  unproven .
         pid=13776 read  unproven .
         pid=13776 read  unproven .
    ⛔ THE TRACER DROPPED 2 EVENT(S). A dropped event is a path never
       seen, so the grant below can only be too NARROW — the direction that breaks installs.
       Treat it as a FLOOR, not a measurement, until the adapter fault is fixed:
             1 x  epid=128 action=1 fault=1 addr=0x6000025f8090
             1 x  epid=51 action=10 fault=1 addr=0x600001e52ec0
  == ATTRIBUTION == lifecycle pids: 1
    writes  script 3894  /  whole traced subtree 4984
    sockets script 4  /  whole traced subtree 5
  == ROOTS (from /Users/runner/v2m-eP5qk4/Observe/capture.json; the classifier reads no other source) ==
    project       /Users/runner/v2m-eP5qk4/Observe
    home          /Users/runner
    jailHome      /Users/runner/v2m-eP5qk4/jailhome
    globalStore   /Users/runner/.cache/nub/pm/store
    projectStore  /Users/runner/v2m-eP5qk4/Observe/node_modules/.store
    interpreter   /Users/runner/hostedtoolcache/node/22.23.2/arm64
    toolsDir      /Users/runner/.cache/nub/pm/tools
    temp          /private/var/folders/bl/vzjcvbz95c3dk19cb0fw46180000gn/T/nub-tmp-obs3gi8CL
    npmPrefix     /Users/runner/.cache/nub/pm/tools/npm-prefix
    ownPkg        /Users/runner/v2m-eP5qk4/Observe/node_modules/@pact-foundation/pact-node
    cwd           (null — this platform has no such root)
  == WRITES the script actually performed ==
    systemfs      1
        /dev/dtracehelper
    ownPkg     3893  (base profile already grants this — NOT billed)
        /Users/runner/v2m-eP5qk4/Observe/node_modules/@pact-foundation/pact-node/standalone/pact-2.4.1-osx-arm64.tar.gz
        /Users/runner/v2m-eP5qk4/Observe/node_modules/@pact-foundation/pact-node/standalone/darwin-arm64-2.4.1
        /Users/runner/v2m-eP5qk4/Observe/node_modules/@pact-foundation/pact-node/standalone/darwin-arm64-2.4.1/pact
        /Users/runner/v2m-eP5qk4/Observe/node_modules/@pact-foundation/pact-node/standalone/darwin-arm64-2.4.1/pact/README.md
        /Users/runner/v2m-eP5qk4/Observe/node_modules/@pact-foundation/pact-node/standalone/darwin-arm64-2.4.1/pact/lib
        /Users/runner/v2m-eP5qk4/Observe/node_modules/@pact-foundation/pact-node/standalone/darwin-arm64-2.4.1/pact/lib/vendor
        /Users/runner/v2m-eP5qk4/Observe/node_modules/@pact-foundation/pact-node/standalone/darwin-arm64-2.4.1/pact/lib/vendor/Gemfile.lock
        /Users/runner/v2m-eP5qk4/Observe/node_modules/@pact-foundation/pact-node/standalone/darwin-arm64-2.4.1/pact/lib/vendor/Gemfile
        /Users/runner/v2m-eP5qk4/Observe/node_modules/@pact-foundation/pact-node/standalone/darwin-arm64-2.4.1/pact/lib/vendor/.bundle
        /Users/runner/v2m-eP5qk4/Observe/node_modules/@pact-foundation/pact-node/standalone/darwin-arm64-2.4.1/pact/lib/vendor/.bundle/config
        … and 3883 more
  == READS the script performed, by scope ==
    outside       5
    systemfs      9
    userHome      2
    ownPkg        6
    deps        253
    project       1
        outside: /
        outside: /bin/bash
        outside: /bin
        outside: /var/db/timezone/zoneinfo/UTC
        outside: /var/db/timezone/zoneinfo/posixrules
  == NETWORK ==
    AF_INET connects: 4   distinct peers: 3
        172.182.252.133:443
        142.251.219.174:443
        185.199.111.133:443
  == REFUSALS (errno EPERM/EACCES/EROFS only; ENOENT is a miss, not a denial) ==
    distinct: 0
  == SYNTHESIZED GRANT (verify this in the real unprivileged jail) ==
    {"network":true}
  == writePaths (DERIVED — promotion out of the package's PRIVATE home) ==
    private-home writes observed: 0
    none declared — the script wrote nothing into its private home — there is nothing to promote
  == writePaths FEASIBILITY (distinct writes outside project/deps) ==
    count: 0
  EVICT[synth] 38 store entries removed, 8 spared as nub tooling, 163 in store
OSV-SCREEN {"schemaVersion":1,"kind":"nub-synth-resolved","status":"clean","digest":"8437a1f958e5d8b1ef3aa9c6aaa221904d9fe938324e83e59b05d1bdec032cf2","specCount":146,"lockfiles":{"digest":"07c77f6e2dbd7f487c922b42f0e013b773ec59e54d2c14efbc035fda9a489df3","files":[{"path":"nub.lock","sha256":"09e0407d8349832b4a3059ad7a390f6b9236733773d513fced0754d15215e4ee","bytes":35381}]},"maliciousAdvisories":[],"screenedAt":"2026-09-08T06:50:36.604Z","cacheHit":false,"clearancePath":"/Users/runner/v2m-eP5qk4/security/nub-synth-resolved.json"}
  SECURITY nub-synth-resolved clean: 146 exact package-version(s), tree 8437a1f958e5
  VENUE-STORE-LAYOUT isolated
  VERIFY[synth] rc=1 artifacts=99/3378 missing=3279 shortfall=fb9234798e54 (tree 7790/5781) OVERRIDDEN=3 REJECTED=0 grant={"network":true}
       missing: standalone/darwin-arm64-2.4.1/pact/README.md, standalone/darwin-arm64-2.4.1/pact/bin/pact, standalone/darwin-arm64-2.4.1/pact/bin/pact-broker, standalone/darwin-arm64-2.4.1/pact/bin/pact-message, standalone/darwin-arm64-2.4.1/pact/bin/pact-mock-service, standalone/darwin-arm64-2.4.1/pact/bin/pact-plugin-cli (+3273)
  !! OBSERVE UNDER-PREDICTED — the synthesized grant did NOT verify. This is the correctness
     finding: OBSERVE saw a run that the jail then refused on some axis it did not cover.
     The bounded ladder below is the repair; the terminal verdict waits on its outcome.
  DIAGNOSE  re-running the failing grant JAILED, under dtrace
     trace lines: 11670
     refused paths under the failing grant (count, path):
          4 /Users/runner/v2m-eP5qk4/verify-diag/.npmrc
          3 System/Cryptexes/OS
          2 /Users/runner/.CFUserTextEncoding
     ⇒ TREAT THIS AS A CANDIDATE SET, NOT AN ANSWER. On Linux the last refusal before a
       fatal exit was a trailing red herring once already; settle it with a
       single-variable arm per path plus a negative control granting all the others.
  synthesized grant did not verify — falling back to a bounded ladder
  EVICT[fb903772438] 145 store entries removed, 8 spared as nub tooling, 270 in store
OSV-SCREEN {"schemaVersion":1,"kind":"nub-fb903772438-resolved","status":"clean","digest":"8437a1f958e5d8b1ef3aa9c6aaa221904d9fe938324e83e59b05d1bdec032cf2","specCount":146,"lockfiles":{"digest":"07c77f6e2dbd7f487c922b42f0e013b773ec59e54d2c14efbc035fda9a489df3","files":[{"path":"nub.lock","sha256":"09e0407d8349832b4a3059ad7a390f6b9236733773d513fced0754d15215e4ee","bytes":35381}]},"maliciousAdvisories":[],"screenedAt":"2026-09-08T06:50:36.604Z","cacheHit":true,"clearancePath":"/Users/runner/v2m-eP5qk4/security/nub-fb903772438-resolved.json"}
  SECURITY nub-fb903772438-resolved clean: 146 exact package-version(s), tree 8437a1f958e5 (cached exact-tree clearance)
  VERIFY[fb903772438] rc=0 artifacts=3378/3378 missing=0 shortfall=none (tree 17629/5781) OVERRIDDEN=3 REJECTED=0 grant={"write":{"deps":true,"project":true,"userHome":true},"network":true}
  => MINIMUM {"write":{"deps":true,"project":true,"userHome":true},"network":true}   (ladder fallback; synthesized grant was insufficient)
  ⛔ OBSERVE UNDER-PREDICTED — the gap between {"network":true} and {"write":{"deps":true,"project":true,"userHome":true},"network":true} is worth reading
  EVICT[nar-no-network] 145 store entries removed, 8 spared as nub tooling, 270 in store
OSV-SCREEN {"schemaVersion":1,"kind":"nub-nar-no-network-resolved","status":"clean","digest":"8437a1f958e5d8b1ef3aa9c6aaa221904d9fe938324e83e59b05d1bdec032cf2","specCount":146,"lockfiles":{"digest":"07c77f6e2dbd7f487c922b42f0e013b773ec59e54d2c14efbc035fda9a489df3","files":[{"path":"nub.lock","sha256":"09e0407d8349832b4a3059ad7a390f6b9236733773d513fced0754d15215e4ee","bytes":35381}]},"maliciousAdvisories":[],"screenedAt":"2026-09-08T06:50:36.604Z","cacheHit":true,"clearancePath":"/Users/runner/v2m-eP5qk4/security/nub-nar-no-network-resolved.json"}
  SECURITY nub-nar-no-network-resolved clean: 146 exact package-version(s), tree 8437a1f958e5 (cached exact-tree clearance)
  VERIFY[nar-no-network] rc=1 artifacts=100/3378 missing=3279 shortfall=8ad95c6cd4ef (tree 7792/5781) OVERRIDDEN=3 REJECTED=0 grant={"write":{"deps":true,"project":true,"userHome":true}}
       missing: standalone/darwin-arm64-2.4.1/pact/README.md, standalone/darwin-arm64-2.4.1/pact/bin/pact, standalone/darwin-arm64-2.4.1/pact/bin/pact-broker, standalone/darwin-arm64-2.4.1/pact/bin/pact-message, standalone/darwin-arm64-2.4.1/pact/bin/pact-mock-service, standalone/darwin-arm64-2.4.1/pact/bin/pact-plugin-cli (+3273)
     narrowing 'no-network' fails ⇒ that capability IS necessary
  EVICT[nar-no-write-deps] 145 store entries removed, 8 spared as nub tooling, 270 in store
OSV-SCREEN {"schemaVersion":1,"kind":"nub-nar-no-write-deps-resolved","status":"clean","digest":"8437a1f958e5d8b1ef3aa9c6aaa221904d9fe938324e83e59b05d1bdec032cf2","specCount":146,"lockfiles":{"digest":"07c77f6e2dbd7f487c922b42f0e013b773ec59e54d2c14efbc035fda9a489df3","files":[{"path":"nub.lock","sha256":"09e0407d8349832b4a3059ad7a390f6b9236733773d513fced0754d15215e4ee","bytes":35381}]},"maliciousAdvisories":[],"screenedAt":"2026-09-08T06:50:36.604Z","cacheHit":true,"clearancePath":"/Users/runner/v2m-eP5qk4/security/nub-nar-no-write-deps-resolved.json"}
  SECURITY nub-nar-no-write-deps-resolved clean: 146 exact package-version(s), tree 8437a1f958e5 (cached exact-tree clearance)
  VERIFY[nar-no-write-deps] rc=0 artifacts=3378/3378 missing=0 shortfall=none (tree 17629/5781) OVERRIDDEN=3 REJECTED=0 grant={"write":{"project":true,"userHome":true},"network":true}
     ⛔ OVER-PREDICTED — the strictly narrower {"write":{"project":true,"userHome":true},"network":true} also verifies; 'no-write-deps' was not needed
  EVICT[nar-no-write-project] 145 store entries removed, 8 spared as nub tooling, 270 in store
OSV-SCREEN {"schemaVersion":1,"kind":"nub-nar-no-write-project-resolved","status":"clean","digest":"8437a1f958e5d8b1ef3aa9c6aaa221904d9fe938324e83e59b05d1bdec032cf2","specCount":146,"lockfiles":{"digest":"07c77f6e2dbd7f487c922b42f0e013b773ec59e54d2c14efbc035fda9a489df3","files":[{"path":"nub.lock","sha256":"09e0407d8349832b4a3059ad7a390f6b9236733773d513fced0754d15215e4ee","bytes":35381}]},"maliciousAdvisories":[],"screenedAt":"2026-09-08T06:50:36.604Z","cacheHit":true,"clearancePath":"/Users/runner/v2m-eP5qk4/security/nub-nar-no-write-project-resolved.json"}
  SECURITY nub-nar-no-write-project-resolved clean: 146 exact package-version(s), tree 8437a1f958e5 (cached exact-tree clearance)
  VERIFY[nar-no-write-project] rc=1 artifacts=99/3378 missing=3279 shortfall=fb9234798e54 (tree 7790/5781) OVERRIDDEN=3 REJECTED=0 grant={"write":{"deps":true,"userHome":true},"network":true}
       missing: standalone/darwin-arm64-2.4.1/pact/README.md, standalone/darwin-arm64-2.4.1/pact/bin/pact, standalone/darwin-arm64-2.4.1/pact/bin/pact-broker, standalone/darwin-arm64-2.4.1/pact/bin/pact-message, standalone/darwin-arm64-2.4.1/pact/bin/pact-mock-service, standalone/darwin-arm64-2.4.1/pact/bin/pact-plugin-cli (+3273)
     narrowing 'no-write-project' fails ⇒ that capability IS necessary
  EVICT[nar-no-write-userHome] 145 store entries removed, 8 spared as nub tooling, 270 in store
OSV-SCREEN {"schemaVersion":1,"kind":"nub-nar-no-write-userHome-resolved","status":"clean","digest":"8437a1f958e5d8b1ef3aa9c6aaa221904d9fe938324e83e59b05d1bdec032cf2","specCount":146,"lockfiles":{"digest":"07c77f6e2dbd7f487c922b42f0e013b773ec59e54d2c14efbc035fda9a489df3","files":[{"path":"nub.lock","sha256":"09e0407d8349832b4a3059ad7a390f6b9236733773d513fced0754d15215e4ee","bytes":35381}]},"maliciousAdvisories":[],"screenedAt":"2026-09-08T06:50:36.604Z","cacheHit":true,"clearancePath":"/Users/runner/v2m-eP5qk4/security/nub-nar-no-write-userHome-resolved.json"}
  SECURITY nub-nar-no-write-userHome-resolved clean: 146 exact package-version(s), tree 8437a1f958e5 (cached exact-tree clearance)
  VERIFY[nar-no-write-userHome] rc=0 artifacts=3378/3378 missing=0 shortfall=none (tree 17629/5781) OVERRIDDEN=3 REJECTED=0 grant={"write":{"deps":true,"project":true},"network":true}
     ⛔ OVER-PREDICTED — the strictly narrower {"write":{"deps":true,"project":true},"network":true} also verifies; 'no-write-userHome' was not needed
  EVICT[joint-narrow] 145 store entries removed, 8 spared as nub tooling, 270 in store
OSV-SCREEN {"schemaVersion":1,"kind":"nub-joint-narrow-resolved","status":"clean","digest":"8437a1f958e5d8b1ef3aa9c6aaa221904d9fe938324e83e59b05d1bdec032cf2","specCount":146,"lockfiles":{"digest":"07c77f6e2dbd7f487c922b42f0e013b773ec59e54d2c14efbc035fda9a489df3","files":[{"path":"nub.lock","sha256":"09e0407d8349832b4a3059ad7a390f6b9236733773d513fced0754d15215e4ee","bytes":35381}]},"maliciousAdvisories":[],"screenedAt":"2026-09-08T06:50:36.604Z","cacheHit":true,"clearancePath":"/Users/runner/v2m-eP5qk4/security/nub-joint-narrow-resolved.json"}
  SECURITY nub-joint-narrow-resolved clean: 146 exact package-version(s), tree 8437a1f958e5 (cached exact-tree clearance)
  VERIFY[joint-narrow] rc=0 artifacts=3378/3378 missing=0 shortfall=none (tree 17629/5781) OVERRIDDEN=3 REJECTED=0 grant={"write":{"project":true},"network":true}
  => JOINT-NARROW VERIFIED {"write":{"project":true},"network":true} — all 2 capabilities drop TOGETHER, measured
