### electron-chromedriver@42.8.0   (/home/runner/v2-EX0JOl)
  CI-ENV scrubbed: CI GITHUB_ACTIONS
OSV-SCREEN {"schemaVersion":1,"kind":"direct","status":"clean","digest":"e5956b59cbd1ff764db2bd42e38c1e88416e4d3b8fc14c5481df1dc3e8143274","specCount":1,"lockfiles":{"digest":null,"files":[]},"maliciousAdvisories":[],"screenedAt":"2026-09-08T00:31:13.851Z","cacheHit":false,"clearancePath":"/home/runner/v2-EX0JOl/security/direct.json"}
  SECURITY direct clean: 1 exact package-version(s), tree e5956b59cbd1
  VENUE-OBSERVE-USER {"uid":1001,"user":"runner","umask":"0022","capBnd":"000001ffffffffff","noNewPrivs":"0"}
  VENUE-NUB-BINARY {"path":"/tmp/nub/target/release/nub","sha256":"2a18683f50f7afeb02a521cd3cae175dc2f91780d461c5f012065241f5a1447b","bytes":207643464,"features":{"buildJailCatalogOverride":true,"pythonDontWriteBytecodeEnv":true}}
OSV-SCREEN {"schemaVersion":1,"kind":"npm-observe-resolved","status":"clean","digest":"b99fd44ffe8f4651a783ac5d60d70bd9312b3eed59c6e6ba69d388f0c1dc8828","specCount":70,"lockfiles":{"digest":"c92563af66e20e36e187bd0d1db9711afe6d5ad995a762b71dc3d20e0397968f","files":[{"path":"package-lock.json","sha256":"dfe80f93ae26abb6e2a5b751ea450a012fa71040b7b84fa37dea86307db3c339","bytes":29415}]},"maliciousAdvisories":[],"screenedAt":"2026-09-08T00:31:16.020Z","cacheHit":false,"clearancePath":"/home/runner/v2-EX0JOl/security/npm-observe-resolved.json"}
  SECURITY npm-observe-resolved clean: 70 exact package-version(s), tree b99fd44ffe8f
  OBSERVE   rc=0 files=882 trace=13331 lines
  CLOSURE   68 packages evicted per arm
  ARM-FALSIFIABILITY {"manifestFiles":10,"filesTheScriptProduced":5,"reasons":[]}
  RAWLOG-FILE /home/runner/v2-EX0JOl/observe/trace.txt.gz
  RAWLOG-CAPTURE /home/runner/v2-EX0JOl/observe/capture.json
  RAWLOG-BYTES raw=2847622 gz=83594
  VENUE-INTERPRETER /opt/hostedtoolcache/node/22.23.2/x64
  VENUE-OVERRIDES {"set":{"HOME":"/home/runner/v2-EX0JOl/jailhome","TMPDIR":"/tmp/nub-tmp-obsqgQZAS","NODE_COMPAT":"1","PLAYWRIGHT_BROWSERS_PATH":"/home/runner/.cache/nub/pm/tools/ms-playwright","ELECTRON_CACHE":"/home/runner/.cache/nub/pm/tools/electron-cache","electron_config_cache":"/home/runner/.cache/nub/pm/tools/electron-cache","npm_config_prefix":"/home/runner/.cache/nub/pm/tools/npm-prefix","PYTHONDONTWRITEBYTECODE":"1","NUB_CACHE_DIR":"/home/runner/v2-EX0JOl/nubcache"},"unset":["CI","GITHUB_ACTIONS"],"passedThrough":{"CI":"true","GITHUB_ACTIONS":"true","NODE_ENV":null}}
  == ATTRIBUTION == attributed pids: 18
    writes  script 18  /  whole traced tree 1106
    sockets script 5  /  whole traced tree 9
  == ROOTS (from capture.json — R2: no ambient reads) ==
    project       /home/runner/v2-EX0JOl/observe
    home          /home/runner
    jailHome      /home/runner/v2-EX0JOl/jailhome
    globalStore   /home/runner/.cache/nub/pm/store   [declared, not keyed on]
    projectStore  /home/runner/v2-EX0JOl/observe/node_modules/.store   [declared, not keyed on]
    interpreter   /opt/hostedtoolcache/node/22.23.2/x64   [declared, not keyed on]
    toolsDir      /home/runner/.cache/nub/pm/tools   [declared, not keyed on]
    temp          /tmp/nub-tmp-obsqgQZAS
    npmPrefix     /home/runner/.cache/nub/pm/tools/npm-prefix
    ownPkg        /home/runner/v2-EX0JOl/observe/node_modules/electron-chromedriver
  == WRITES the script actually performed ==
    jailTmp       6  (base profile already grants this — NOT billed)
        /tmp/nub-tmp-obsqgQZAS/electron-download-XheH0x
        /tmp/nub-tmp-obsqgQZAS/electron-download-XheH0x/chromedriver-v42.8.0-linux-x64.zip
        /tmp/nub-tmp-obsqgQZAS/electron-download-DDUw2C
        /tmp/nub-tmp-obsqgQZAS/electron-download-jrosRC
        /tmp/nub-tmp-obsqgQZAS/electron-download-jrosRC/SHASUMS256.txt
        /tmp/nub-tmp-obsqgQZAS/electron-download-E9bBUL
    userHome      3
    ownPkg        9  (base profile already grants this — NOT billed)
        /home/runner/v2-EX0JOl/observe/node_modules/electron-chromedriver/bin
        /home/runner/v2-EX0JOl/observe/node_modules/electron-chromedriver/bin/chromedriver.debug
        /home/runner/v2-EX0JOl/observe/node_modules/electron-chromedriver/bin/LICENSE
        /home/runner/v2-EX0JOl/observe/node_modules/electron-chromedriver/bin/chromedriver
        /home/runner/v2-EX0JOl/observe/node_modules/electron-chromedriver/bin/gen
        /home/runner/v2-EX0JOl/observe/node_modules/electron-chromedriver/bin/gen/electron
        /home/runner/v2-EX0JOl/observe/node_modules/electron-chromedriver/bin/gen/electron/buildflags
        /home/runner/v2-EX0JOl/observe/node_modules/electron-chromedriver/bin/gen/electron/buildflags/buildflags.h
        /home/runner/v2-EX0JOl/observe/node_modules/electron-chromedriver/bin/LICENSES.chromium.html
  == NETWORK ==
    AF_INET sockets: 5   distinct peers: 3
        127.0.0.53:53
        104.16.6.34:443
        140.82.113.4:443
  == REFUSALS (only `= -1 EACCES/EPERM/EROFS`) ==
    distinct: 0
  == SYNTHESIZED GRANT (verify this in the real unprivileged jail) ==
    {"write":{"userHome":true},"network":true}
  == writePaths (DERIVED — promotion out of the package's PRIVATE home) ==
    private-home writes observed: 0
    none declared — the script wrote nothing into its private home — there is nothing to promote
    3 write(s) landed in the REAL home by absolute path, so promotion cannot reach them — nub moves OUT of the private home, and nothing of theirs is in it. Only `write:{userHome}` covers these; emitting `writePaths` instead would be an UNDER-GRANT.
  == writePaths FEASIBILITY (distinct writes outside project/deps) ==
    count: 3
        .cache/nub/pm/tools/electron-cache/7937acee9a5fad351b99bcc44540ea5cf7769bdd09e07da68b2d6e6298ff8883
        .cache/nub/pm/tools/electron-cache/7937acee9a5fad351b99bcc44540ea5cf7769bdd09e07da68b2d6e6298ff8883/SHASUMS256.txt
        .cache/nub/pm/tools/electron-cache/7937acee9a5fad351b99bcc44540ea5cf7769bdd09e07da68b2d6e6298ff8883/chromedriver-v42.8.0-linux-x64.zip
    EVENTS    5383 distinct from 13123 calls (13332 lines, 181 rejoined, 0 unparsed)
    PROCS     25   lifecycle shells 13
    ⛔ 3 paths with an UNRESOLVED dirfd — kept, marked, never guessed
    unsubscribed/unmapped syscalls: getsockname×35 setsockopt×33 exit×20 getsockopt×18 recvmsg×11 getcwd×5 sendmmsg×3 socketpair×3
    wrote /home/runner/v2-EX0JOl/observe/events.ndjson.gz (36981 bytes)
  EVENTLOG-FILE /home/runner/v2-EX0JOl/observe/events.ndjson.gz
  EVENTLOG-STATS {"lines":13332,"parsed":13123,"unparsed":0,"unfinished":181,"rejoined":181,"unresolvedDirfd":3,"truncatedArg":0,"procs":25,"lifecyclePids":13,"distinctEvents":5383,"unknownSyscall":{"getsockname":35,"getsockopt":18,"getcwd":5,"recvmsg":11,"exit":20,"setsockopt":33,"sendmmsg":3,"socketpair":3,"shutdown":3,"getpeername":2,"exit_group":3,"wait4":3},"out":"/home/runner/v2-EX0JOl/observe/events.ndjson.gz","gzipBytes":36981}
  EVICT     67 store entries removed, 3 spared as nub tooling
  SE-PURGE  0 side-effects-cache entries for electron-chromedriver
OSV-SCREEN {"schemaVersion":1,"kind":"nub-synth-resolved","status":"clean","digest":"66c87fd3bbd5db7bca48e62bc8904012a34b1ccb14324e0bceb75e164242a723","specCount":70,"lockfiles":{"digest":"e6d4ad415443011e620d40b758c0965af006604178a1ad4c7447c6404e4876cd","files":[{"path":"nub.lock","sha256":"e79a8d26c567cd3da4c5964f258627dc4ea7fa6fccaa79678fa4fe8ef2023cfc","bytes":17220}]},"maliciousAdvisories":[],"screenedAt":"2026-09-08T00:31:23.749Z","cacheHit":false,"clearancePath":"/home/runner/v2-EX0JOl/security/nub-synth-resolved.json"}
  SECURITY nub-synth-resolved clean: 70 exact package-version(s), tree 66c87fd3bbd5
  VENUE-STORE-LAYOUT isolated
  VERIFY[synth] rc=0 artifacts=10/10 missing=0 shortfall=none (tree 2958/882) OVERRIDDEN=2 REJECTED=0 grant={"write":{"userHome":true},"network":true}
  => VERIFIED {"write":{"userHome":true},"network":true}   (observed, then verified)
  EVICT     67 store entries removed, 3 spared as nub tooling
  SE-PURGE  0 side-effects-cache entries for electron-chromedriver
OSV-SCREEN {"schemaVersion":1,"kind":"nub-drop-no-network-resolved","status":"clean","digest":"66c87fd3bbd5db7bca48e62bc8904012a34b1ccb14324e0bceb75e164242a723","specCount":70,"lockfiles":{"digest":"e6d4ad415443011e620d40b758c0965af006604178a1ad4c7447c6404e4876cd","files":[{"path":"nub.lock","sha256":"e79a8d26c567cd3da4c5964f258627dc4ea7fa6fccaa79678fa4fe8ef2023cfc","bytes":17220}]},"maliciousAdvisories":[],"screenedAt":"2026-09-08T00:31:23.749Z","cacheHit":true,"clearancePath":"/home/runner/v2-EX0JOl/security/nub-drop-no-network-resolved.json"}
  SECURITY nub-drop-no-network-resolved clean: 70 exact package-version(s), tree 66c87fd3bbd5 (cached exact-tree clearance)
  VERIFY[drop-no-network] rc=1 artifacts=5/10 missing=5 shortfall=090c996c72c5 (tree 2944/882) OVERRIDDEN=2 REJECTED=0 grant={"write":{"userHome":true}}
       missing: bin/LICENSE, bin/LICENSES.chromium.html, bin/chromedriver, bin/chromedriver.debug, bin/gen/electron/buildflags/buildflags.h
     'no-network' is NECESSARY — dropping it fails to verify
  EVICT     67 store entries removed, 3 spared as nub tooling
  SE-PURGE  0 side-effects-cache entries for electron-chromedriver
OSV-SCREEN {"schemaVersion":1,"kind":"nub-drop-no-write-userHome-resolved","status":"clean","digest":"66c87fd3bbd5db7bca48e62bc8904012a34b1ccb14324e0bceb75e164242a723","specCount":70,"lockfiles":{"digest":"e6d4ad415443011e620d40b758c0965af006604178a1ad4c7447c6404e4876cd","files":[{"path":"nub.lock","sha256":"e79a8d26c567cd3da4c5964f258627dc4ea7fa6fccaa79678fa4fe8ef2023cfc","bytes":17220}]},"maliciousAdvisories":[],"screenedAt":"2026-09-08T00:31:23.749Z","cacheHit":true,"clearancePath":"/home/runner/v2-EX0JOl/security/nub-drop-no-write-userHome-resolved.json"}
  SECURITY nub-drop-no-write-userHome-resolved clean: 70 exact package-version(s), tree 66c87fd3bbd5 (cached exact-tree clearance)
  VERIFY[drop-no-write-userHome] rc=0 artifacts=10/10 missing=0 shortfall=none (tree 2958/882) OVERRIDDEN=2 REJECTED=0 grant={"network":true}
     ⛔ OVER-PREDICTED: dropping 'no-write-userHome' STILL VERIFIES — {"network":true} is sufficient
  => OVER-PREDICTED by: no-write-userHome  (synthesized {"write":{"userHome":true},"network":true}; each named capability drops on its own)
