### dprint@0.14.1   (/home/runner/v2-ZwjpEl)
  CI-ENV scrubbed: CI GITHUB_ACTIONS
OSV-SCREEN {"schemaVersion":1,"kind":"direct","status":"clean","digest":"05acda8eae404872c40502af0368828d0cd5b0f847a39b0675582435b36c4b09","specCount":1,"lockfiles":{"digest":null,"files":[]},"maliciousAdvisories":[],"screenedAt":"2026-09-08T03:55:30.066Z","cacheHit":false,"clearancePath":"/home/runner/v2-ZwjpEl/security/direct.json"}
  SECURITY direct clean: 1 exact package-version(s), tree 05acda8eae40
  VENUE-OBSERVE-USER {"uid":1001,"user":"runner","umask":"0022","capBnd":"000001ffffffffff","noNewPrivs":"0"}
  VENUE-NUB-BINARY {"path":"/tmp/nub/target/release/nub","sha256":"2a18683f50f7afeb02a521cd3cae175dc2f91780d461c5f012065241f5a1447b","bytes":207643464,"features":{"buildJailCatalogOverride":true,"pythonDontWriteBytecodeEnv":true}}
OSV-SCREEN {"schemaVersion":1,"kind":"npm-observe-resolved","status":"clean","digest":"05acda8eae404872c40502af0368828d0cd5b0f847a39b0675582435b36c4b09","specCount":1,"lockfiles":{"digest":"7afa24db9627a3cb196fa879ecac7109c4dad36b8f6f4af6d4bfc6bc465da7c6","files":[{"path":"package-lock.json","sha256":"cef7b88e8eea8eeaa0cbe0e9e37a8c99c26e9409505d782d1269c3aa3c7e51c9","bytes":588}]},"maliciousAdvisories":[],"screenedAt":"2026-09-08T03:55:30.066Z","cacheHit":true,"clearancePath":"/home/runner/v2-ZwjpEl/security/npm-observe-resolved.json"}
  SECURITY npm-observe-resolved clean: 1 exact package-version(s), tree 05acda8eae40 (cached exact-tree clearance)
  OBSERVE   rc=0 files=13 trace=12399 lines
  CLOSURE   1 packages evicted per arm
  ARM-FALSIFIABILITY {"manifestFiles":9,"filesTheScriptProduced":1,"reasons":[]}
  RAWLOG-FILE /home/runner/v2-ZwjpEl/observe/trace.txt.gz
  RAWLOG-CAPTURE /home/runner/v2-ZwjpEl/observe/capture.json
  RAWLOG-BYTES raw=2530296 gz=100808
  VENUE-INTERPRETER /opt/hostedtoolcache/node/22.23.2/x64
  VENUE-OVERRIDES {"set":{"HOME":"/home/runner/v2-ZwjpEl/jailhome","TMPDIR":"/tmp/nub-tmp-obsAyr02b","NODE_COMPAT":"1","PLAYWRIGHT_BROWSERS_PATH":"/home/runner/.cache/nub/pm/tools/ms-playwright","ELECTRON_CACHE":"/home/runner/.cache/nub/pm/tools/electron-cache","electron_config_cache":"/home/runner/.cache/nub/pm/tools/electron-cache","npm_config_prefix":"/home/runner/.cache/nub/pm/tools/npm-prefix","PYTHONDONTWRITEBYTECODE":"1","NUB_CACHE_DIR":"/home/runner/v2-ZwjpEl/nubcache"},"unset":["CI","GITHUB_ACTIONS"],"passedThrough":{"CI":"true","GITHUB_ACTIONS":"true","NODE_ENV":null}}
  == ATTRIBUTION == attributed pids: 24
    writes  script 3  /  whole traced tree 1091
    sockets script 6  /  whole traced tree 10
  == ROOTS (from capture.json — R2: no ambient reads) ==
    project       /home/runner/v2-ZwjpEl/observe
    home          /home/runner
    jailHome      /home/runner/v2-ZwjpEl/jailhome
    globalStore   /home/runner/.cache/nub/pm/store   [declared, not keyed on]
    projectStore  /home/runner/v2-ZwjpEl/observe/node_modules/.store   [declared, not keyed on]
    interpreter   /opt/hostedtoolcache/node/22.23.2/x64   [declared, not keyed on]
    toolsDir      /home/runner/.cache/nub/pm/tools   [declared, not keyed on]
    temp          /tmp/nub-tmp-obsAyr02b
    npmPrefix     /home/runner/.cache/nub/pm/tools/npm-prefix
    ownPkg        /home/runner/v2-ZwjpEl/observe/node_modules/dprint
  == WRITES the script actually performed ==
    ownPkg        3  (base profile already grants this — NOT billed)
        /home/runner/v2-ZwjpEl/observe/node_modules/dprint/install.sh
        /home/runner/v2-ZwjpEl/observe/node_modules/dprint/dprint.zip
        /home/runner/v2-ZwjpEl/observe/node_modules/dprint/dprint
  == NETWORK ==
    AF_INET sockets: 6   distinct peers: 3
        127.0.0.53:53
        104.16.7.34:443
        20.29.134.23:443
  == REFUSALS (only `= -1 EACCES/EPERM/EROFS`) ==
    distinct: 0
  == SYNTHESIZED GRANT (verify this in the real unprivileged jail) ==
    {"network":true}
  == writePaths (DERIVED — promotion out of the package's PRIVATE home) ==
    private-home writes observed: 0
    none declared — the script wrote nothing into its private home — there is nothing to promote
  == writePaths FEASIBILITY (distinct writes outside project/deps) ==
    count: 0
    EVENTS    4748 distinct from 12237 calls (12400 lines, 120 rejoined, 0 unparsed)
    PROCS     31   lifecycle shells 19
    ⛔ 3 paths with an UNRESOLVED dirfd — kept, marked, never guessed
    unsubscribed/unmapped syscalls: getsockname×35 setsockopt×33 wait4×19 exit×17 exit_group×12 getsockopt×9 recvmsg×9 getpeername×6
    wrote /home/runner/v2-ZwjpEl/observe/events.ndjson.gz (33273 bytes)
  EVENTLOG-FILE /home/runner/v2-ZwjpEl/observe/events.ndjson.gz
  EVENTLOG-STATS {"lines":12400,"parsed":12237,"unparsed":0,"unfinished":120,"rejoined":120,"unresolvedDirfd":3,"truncatedArg":0,"procs":31,"lifecyclePids":19,"distinctEvents":4748,"unknownSyscall":{"getsockname":35,"getsockopt":9,"getcwd":4,"recvmsg":9,"exit":17,"setsockopt":33,"sendmmsg":3,"socketpair":3,"shutdown":3,"exit_group":12,"wait4":19,"getpeername":6},"out":"/home/runner/v2-ZwjpEl/observe/events.ndjson.gz","gzipBytes":33273}
  EVICT     0 store entries removed, 0 spared as nub tooling
  SE-PURGE  0 side-effects-cache entries for dprint
OSV-SCREEN {"schemaVersion":1,"kind":"nub-synth-resolved","status":"clean","digest":"05acda8eae404872c40502af0368828d0cd5b0f847a39b0675582435b36c4b09","specCount":1,"lockfiles":{"digest":"05137492ca9aec97560fb751e226f168e22fe6bccd4cdef87585c2b1f4cf72fe","files":[{"path":"nub.lock","sha256":"e707ee318f0bf9cec57acd4e21b3a3b841565b562040df2bbf501c883bf3d2cf","bytes":397}]},"maliciousAdvisories":[],"screenedAt":"2026-09-08T03:55:30.066Z","cacheHit":true,"clearancePath":"/home/runner/v2-ZwjpEl/security/nub-synth-resolved.json"}
  SECURITY nub-synth-resolved clean: 1 exact package-version(s), tree 05acda8eae40 (cached exact-tree clearance)
  VENUE-STORE-LAYOUT isolated
  VERIFY[synth] rc=0 artifacts=9/9 missing=0 shortfall=none (tree 37/13) OVERRIDDEN=2 REJECTED=0 grant={"network":true}
  => VERIFIED {"network":true}   (observed, then verified)
  EVICT     1 store entries removed, 0 spared as nub tooling
  SE-PURGE  0 side-effects-cache entries for dprint
OSV-SCREEN {"schemaVersion":1,"kind":"nub-drop-no-network-resolved","status":"clean","digest":"05acda8eae404872c40502af0368828d0cd5b0f847a39b0675582435b36c4b09","specCount":1,"lockfiles":{"digest":"05137492ca9aec97560fb751e226f168e22fe6bccd4cdef87585c2b1f4cf72fe","files":[{"path":"nub.lock","sha256":"e707ee318f0bf9cec57acd4e21b3a3b841565b562040df2bbf501c883bf3d2cf","bytes":397}]},"maliciousAdvisories":[],"screenedAt":"2026-09-08T03:55:30.066Z","cacheHit":true,"clearancePath":"/home/runner/v2-ZwjpEl/security/nub-drop-no-network-resolved.json"}
  SECURITY nub-drop-no-network-resolved clean: 1 exact package-version(s), tree 05acda8eae40 (cached exact-tree clearance)
  VERIFY[drop-no-network] rc=1 artifacts=8/9 missing=1 shortfall=7f017aa8136b (tree 35/13) OVERRIDDEN=2 REJECTED=0 grant={}
       missing: dprint
     'no-network' is NECESSARY — dropping it fails to verify
  => MINIMAL — every capability in {"network":true} is independently necessary
