### @stdlib/math-base-assert-is-positive-zero@0.2.3   (/home/runner/v2-VjOGnx)
  CI-ENV scrubbed: CI GITHUB_ACTIONS
OSV-SCREEN {"schemaVersion":1,"kind":"direct","status":"clean","digest":"6bf6a1417b55bb3adcfe24816c4b756f0099cc4bc06288c9d0e1610531f4483e","specCount":1,"lockfiles":{"digest":null,"files":[]},"maliciousAdvisories":[],"screenedAt":"2026-09-09T06:04:53.342Z","cacheHit":false,"clearancePath":"/home/runner/v2-VjOGnx/security/direct.json"}
  SECURITY direct clean: 1 exact package-version(s), tree 6bf6a1417b55
  VENUE-OBSERVE-USER {"uid":1001,"user":"runner","umask":"0022","capBnd":"000001ffffffffff","noNewPrivs":"0"}
  VENUE-NUB-BINARY {"path":"/tmp/nub/target/release/nub","sha256":"2a18683f50f7afeb02a521cd3cae175dc2f91780d461c5f012065241f5a1447b","bytes":207643464,"features":{"buildJailCatalogOverride":true,"pythonDontWriteBytecodeEnv":true}}
OSV-SCREEN {"schemaVersion":1,"kind":"npm-observe-resolved","status":"clean","digest":"2cc7749ab887933205b43ab0433d1c47481d3185b59a7f9014e3a1922b713cbb","specCount":50,"lockfiles":{"digest":"9b05129364b5e9245db470ccfd4ea8fad11878060c141d4819a90c6a57f5c43f","files":[{"path":"package-lock.json","sha256":"0b45a21a31170c86f0fea29c1ccd214582d373c6f4da33957fa91ff763750375","bytes":38032}]},"maliciousAdvisories":[],"screenedAt":"2026-09-09T06:04:54.562Z","cacheHit":false,"clearancePath":"/home/runner/v2-VjOGnx/security/npm-observe-resolved.json"}
  SECURITY npm-observe-resolved clean: 50 exact package-version(s), tree 2cc7749ab887
  OBSERVE   rc=0 files=702 trace=10811 lines
  CLOSURE   50 packages evicted per arm
  ARM-FALSIFIABILITY {"manifestFiles":16,"filesTheScriptProduced":0,"reasons":["gate-vacuous"]}
  ⛔ ARMS-UNFALSIFIABLE — a green arm for this package carries no evidence:
       gate-vacuous: the script changed no file the artifact gate keys on — every file in the manifest (16) was already present at its final size before the script ran, so the gate passes in every arm including a completely broken one
       The grant may still be correct; what is missing is a signal that could have gone
       red. Do not read this record's MINIMAL as a passing measurement.
  RAWLOG-FILE /home/runner/v2-VjOGnx/observe/trace.txt.gz
  RAWLOG-CAPTURE /home/runner/v2-VjOGnx/observe/capture.json
  RAWLOG-BYTES raw=2375114 gz=68049
  VENUE-INTERPRETER /opt/hostedtoolcache/node/22.23.2/x64
  VENUE-OVERRIDES {"set":{"HOME":"/home/runner/v2-VjOGnx/jailhome","TMPDIR":"/tmp/nub-tmp-obsMvsuvC","NODE_COMPAT":"1","PLAYWRIGHT_BROWSERS_PATH":"/home/runner/.cache/nub/pm/tools/ms-playwright","ELECTRON_CACHE":"/home/runner/.cache/nub/pm/tools/electron-cache","electron_config_cache":"/home/runner/.cache/nub/pm/tools/electron-cache","npm_config_prefix":"/home/runner/.cache/nub/pm/tools/npm-prefix","PYTHONDONTWRITEBYTECODE":"1","NUB_CACHE_DIR":"/home/runner/v2-VjOGnx/nubcache"},"unset":["CI","GITHUB_ACTIONS"],"passedThrough":{"CI":"true","GITHUB_ACTIONS":"true","NODE_ENV":null}}
  == ATTRIBUTION == attributed pids: 0
    writes  script 0  /  whole traced tree 1088
    sockets script 0  /  whole traced tree 4
    ⛔ NO LIFECYCLE SHELL FOUND — the subtree filter matched nothing, so the grant
       below is EMPTY BY DEFAULT rather than by measurement. Treat it as UNKNOWN.
  == ROOTS (from capture.json — R2: no ambient reads) ==
    project       /home/runner/v2-VjOGnx/observe
    home          /home/runner
    jailHome      /home/runner/v2-VjOGnx/jailhome
    globalStore   /home/runner/.cache/nub/pm/store   [declared, not keyed on]
    projectStore  /home/runner/v2-VjOGnx/observe/node_modules/.store   [declared, not keyed on]
    interpreter   /opt/hostedtoolcache/node/22.23.2/x64   [declared, not keyed on]
    toolsDir      /home/runner/.cache/nub/pm/tools   [declared, not keyed on]
    temp          /tmp/nub-tmp-obsMvsuvC
    npmPrefix     /home/runner/.cache/nub/pm/tools/npm-prefix
    ownPkg        /home/runner/v2-VjOGnx/observe/node_modules/@stdlib/math-base-assert-is-positive-zero
  == WRITES the script actually performed ==
  == NETWORK ==
    AF_INET sockets: 0   distinct peers: 2
        127.0.0.53:53
        104.16.2.34:443
  == REFUSALS (only `= -1 EACCES/EPERM/EROFS`) ==
    distinct: 0
  == SYNTHESIZED GRANT (verify this in the real unprivileged jail) ==
    {}
  == writePaths (DERIVED — promotion out of the package's PRIVATE home) ==
    private-home writes observed: 0
    none declared — the script wrote nothing into its private home — there is nothing to promote
  == writePaths FEASIBILITY (distinct writes outside project/deps) ==
    count: 0
    EVENTS    4400 distinct from 10640 calls (10812 lines, 159 rejoined, 0 unparsed)
    PROCS     12   lifecycle shells 0
    ⛔ 1 paths with an UNRESOLVED dirfd — kept, marked, never guessed
    unsubscribed/unmapped syscalls: getsockname×17 setsockopt×11 exit×10 recvmsg×7 getsockopt×4 getcwd×2 sendmmsg×1 exit_group×1
    wrote /home/runner/v2-VjOGnx/observe/events.ndjson.gz (31139 bytes)
  EVENTLOG-FILE /home/runner/v2-VjOGnx/observe/events.ndjson.gz
  EVENTLOG-STATS {"lines":10812,"parsed":10640,"unparsed":0,"unfinished":159,"rejoined":159,"unresolvedDirfd":1,"truncatedArg":0,"procs":12,"lifecyclePids":0,"distinctEvents":4400,"unknownSyscall":{"getsockname":17,"getsockopt":4,"getcwd":2,"recvmsg":7,"exit":10,"setsockopt":11,"sendmmsg":1,"exit_group":1},"out":"/home/runner/v2-VjOGnx/observe/events.ndjson.gz","gzipBytes":31139}
  EVICT     49 store entries removed, 0 spared as nub tooling
  SE-PURGE  0 side-effects-cache entries for @stdlib/math-base-assert-is-positive-zero
OSV-SCREEN {"schemaVersion":1,"kind":"nub-synth-resolved","status":"clean","digest":"2cc7749ab887933205b43ab0433d1c47481d3185b59a7f9014e3a1922b713cbb","specCount":50,"lockfiles":{"digest":"a7e85cc72515735064409e77cf82ec1dcdf5be249beda2682940263d6ad7cb12","files":[{"path":"nub.lock","sha256":"e3b3130722b56535eb936924f6e9fe595528e4fe760d45e51352311c66721f06","bytes":20019}]},"maliciousAdvisories":[],"screenedAt":"2026-09-09T06:04:54.562Z","cacheHit":true,"clearancePath":"/home/runner/v2-VjOGnx/security/nub-synth-resolved.json"}
  SECURITY nub-synth-resolved clean: 50 exact package-version(s), tree 2cc7749ab887 (cached exact-tree clearance)
  VENUE-STORE-LAYOUT isolated
  VERIFY[synth] rc=0 artifacts=16/16 missing=0 shortfall=none (tree 2542/702) OVERRIDDEN=3 REJECTED=0 grant={}
  => VERIFIED {}   (observed, then verified)
  DESCEND   grant is already empty — nothing to narrow; MINIMAL by construction.
