### faunadb@4.8.2   (D:\jail\m-faunadb-mtsmcekv)
  CI-ENV scrubbed: CI GITHUB_ACTIONS
OSV-SCREEN {"schemaVersion":1,"kind":"direct","status":"clean","digest":"f258327354acf07985e3e704b3a757a2676c69a6943ed8fb05f7128a6f886d47","specCount":1,"lockfiles":{"digest":null,"files":[]},"maliciousAdvisories":[],"screenedAt":"2026-09-08T12:01:21.443Z","cacheHit":false,"clearancePath":"D:\\jail\\m-faunadb-mtsmcekv\\security\\direct.json"}
  SECURITY direct clean: 1 exact package-version(s), tree f258327354ac
OSV-SCREEN {"schemaVersion":1,"kind":"npm-observe-resolved","status":"clean","digest":"fe7b30a1677958d62be0743fe21579549a083b75f86867a94f9a5e37dfe2d7fc","specCount":31,"lockfiles":{"digest":"f40ffb598b828b06cb35a9564ef0ebbf89df243e87a29ced3695aaaf6dc39ac6","files":[{"path":"package-lock.json","sha256":"da5be0a584f4a0e102941a43bb75ec0b85470bbaa881dae2d42bb45e2b33d8c0","bytes":13036}]},"maliciousAdvisories":[],"screenedAt":"2026-09-08T12:01:23.982Z","cacheHit":false,"clearancePath":"D:\\jail\\m-faunadb-mtsmcekv\\security\\npm-observe-resolved.json"}
  SECURITY npm-observe-resolved clean: 31 exact package-version(s), tree fe7b30a16779
  CAPTURE user=runnervmeef0v\runneradmin elevated=True rootPid=4676 exit=0 events=24079 lost=0
  VENUE-OBSERVE-USER runnervmeef0v\runneradmin elevated=true privDropped={"SeBackupPrivilege":"removed","SeRestorePrivilege":"removed","SeTakeOwnershipPrivilege":"removed"}
  OBSERVE artifacts: 32 files  (D:\jail\m-faunadb-mtsmcekv\observe\node_modules\faunadb)
  ARM-FALSIFIABILITY {"manifestFiles":32,"filesTheScriptProduced":0,"reasons":["gate-vacuous"]}
  ⛔ ARMS-UNFALSIFIABLE — a green arm for this package carries no evidence:
       gate-vacuous: the script changed no file the artifact gate keys on — every file in the manifest (32) was already present at its final size before the script ran, so the gate passes in every arm including a completely broken one
       The grant may still be correct; what is missing is a signal that could have gone
       red. Do not read this record's MINIMAL as a passing measurement.
  CLOSURE 31 packages evicted per arm
  8.3 MAP 0 components resolved on runnervmeef0v, folded into capture.json
  == ROOTS (from capture.json — R2: no ambient reads) ==
    project       D:\jail\m-faunadb-mtsmcekv\observe   [keyed on]
    home          C:\Users\runneradmin   [keyed on]
    jailHome      (null — declared inapplicable)
    globalStore   C:\Users\runneradmin\AppData\Local\nub\pm\store
    projectStore  D:\jail\m-faunadb-mtsmcekv\observe\node_modules\.store
    interpreter   C:\hostedtoolcache\windows\node\22.23.2\x64\node.exe
    toolsDir      C:\Users\runneradmin\AppData\Local\nub\pm\tools
    temp          D:\jail\m-faunadb-mtsmcekv\tmp   [keyed on]
    npmPrefix     (null — declared inapplicable)
    ownPkg        D:\jail\m-faunadb-mtsmcekv\observe\node_modules\faunadb
  == ATTRIBUTION == lifecycle pids: 2 (root 4676)
    writes  script 0  /  whole traced tree 7
    peers   script 1  /  whole traced tree 1
  == WRITES ==
  == READS ==
    deps         37
    outside       6
    project       1
    systemfs     28
  == NETWORK ==
    distinct peers: 1
        20.29.134.17:443
  == REFUSALS (adapter-classified) ==
    distinct: 0
  == SYNTHESIZED GRANT (verify this in the real unprivileged jail) ==
    {"network":true}
  RAW       etw-raw.xml.gz  30776203 B xml -> 465719 B gz (66.1x)  sha256 1996e4d814398668…
  HEADER    etw-header.json (5049 bytes)
  DERIVED   5394 distinct from 6567 kept ops (24079 xml events, 2620 out of subtree)
  PROCS     4   thread-reattributed 0
  8.3       0 expanded, 0 kept short, 0 not covered  [map: recorded 8.3 map (0 components, resolved on runnervmeef0v)]
  wrote events.ndjson.gz (68333 bytes)
  RAWLOG-CAPTURE D:\jail\m-faunadb-mtsmcekv\cap\capture.json
  VENUE-NUB-BINARY {"path":"C:/Users/RUNNER~1/AppData/Local/Temp/nub/target/release/nub.exe","sha256":"f186817a44be332fee712b4936a071a0b5f9cde18a1d2fdc3a791729d4bf1005","bytes":68717056,"features":{"buildJailCatalogOverride":true,"pythonDontWriteBytecodeEnv":true}}
  VENUE-INTERPRETER C:\hostedtoolcache\windows\node\22.23.2\x64\node.exe
  VENUE-JAIL-ROOT D:\jail\m-faunadb-mtsmcekv
  VENUE-OVERRIDES {"set":{"npm_config_cache":"D:\\jail\\m-faunadb-mtsmcekv\\npm-cache","TMP":"D:\\jail\\m-faunadb-mtsmcekv\\tmp","TEMP":"D:\\jail\\m-faunadb-mtsmcekv\\tmp","TMPDIR":"D:\\jail\\m-faunadb-mtsmcekv\\tmp"},"unset":["CI","GITHUB_ACTIONS"],"notRedirected":{"USERPROFILE":"C:\\Users\\runneradmin","why":"the jail leaves HOME/USERPROFILE alone — `build_jail.rs` sandbox_homes() reads the ambient value and `compiler/defaults.rs` BASELINE_ENV_EXACT passes it through — so there is no private jail home to reproduce and redirecting one would measure an environment no confined script sees"},"passedThrough":{"CI":"true","GITHUB_ACTIONS":"true","NODE_ENV":null}}
  STORE   isolated virtual store at D:\jail\m-faunadb-mtsmcekv\verify-synth\.cache
  VENUE-STORE-LAYOUT isolated
OSV-SCREEN {"schemaVersion":1,"kind":"nub-synth-resolved","status":"clean","digest":"fe7b30a1677958d62be0743fe21579549a083b75f86867a94f9a5e37dfe2d7fc","specCount":31,"lockfiles":{"digest":"5370dac7e86ccf6bec6b3ac6b0b1a207b9335702e88dca5c2a491a354f885510","files":[{"path":"nub.lock","sha256":"0a40b891f1f281bfabf476b09e84ba07e467064e82f3148b5c3adc66f3666455","bytes":7383}]},"maliciousAdvisories":[],"screenedAt":"2026-09-08T12:01:23.982Z","cacheHit":true,"clearancePath":"D:\\jail\\m-faunadb-mtsmcekv\\security\\nub-synth-resolved.json"}
  SECURITY nub-synth-resolved clean: 31 exact package-version(s), tree fe7b30a16779 (cached exact-tree clearance)
  VERIFY[synth] rc=0 artifacts=32/32 missing=0 shortfall=none (tree 6077/264) OVERRIDDEN=2 REJECTED=0 grant={"network":true}
  => MINIMUM {"network":true}   (observed, then verified)
  STORE   isolated virtual store at D:\jail\m-faunadb-mtsmcekv\verify-nar-no-network\.cache
OSV-SCREEN {"schemaVersion":1,"kind":"nub-nar-no-network-resolved","status":"clean","digest":"fe7b30a1677958d62be0743fe21579549a083b75f86867a94f9a5e37dfe2d7fc","specCount":31,"lockfiles":{"digest":"5370dac7e86ccf6bec6b3ac6b0b1a207b9335702e88dca5c2a491a354f885510","files":[{"path":"nub.lock","sha256":"0a40b891f1f281bfabf476b09e84ba07e467064e82f3148b5c3adc66f3666455","bytes":7383}]},"maliciousAdvisories":[],"screenedAt":"2026-09-08T12:01:23.982Z","cacheHit":true,"clearancePath":"D:\\jail\\m-faunadb-mtsmcekv\\security\\nub-nar-no-network-resolved.json"}
  SECURITY nub-nar-no-network-resolved clean: 31 exact package-version(s), tree fe7b30a16779 (cached exact-tree clearance)
  VERIFY[nar-no-network] rc=1 artifacts=32/32 missing=0 shortfall=none (tree 6078/264) OVERRIDDEN=2 REJECTED=0 grant={}
     'no-network' is NECESSARY — dropping it fails to verify
  => MINIMAL — every capability in {"network":true} is independently necessary
