### hugo-extended@0.87.0   (D:\jail\m-hugoextended-mtrjzoxg)
  CI-ENV scrubbed: CI GITHUB_ACTIONS
OSV-SCREEN {"schemaVersion":1,"kind":"direct","status":"clean","digest":"5309d0cd2910c6f39d520edb11071004b3430b42e0502996058fa072f4e7ef8c","specCount":1,"lockfiles":{"digest":null,"files":[]},"maliciousAdvisories":[],"screenedAt":"2026-09-07T18:07:42.893Z","cacheHit":false,"clearancePath":"D:\\jail\\m-hugoextended-mtrjzoxg\\security\\direct.json"}
  SECURITY direct clean: 1 exact package-version(s), tree 5309d0cd2910
OSV-SCREEN {"schemaVersion":1,"kind":"npm-observe-resolved","status":"clean","digest":"b73baafcc8195a7d9d5de70b9506eaf32580401454adf51a5ef44915e5b5273c","specCount":130,"lockfiles":{"digest":"099275ec62943674293a60ceff4b9ba738f15b1f501be6de7579a8074d924da6","files":[{"path":"package-lock.json","sha256":"6f162ea32f678c8817a550165e15ee15ca6a59f4ad05a011f27faae5b4cf3857","bytes":55164}]},"maliciousAdvisories":[],"screenedAt":"2026-09-07T18:07:47.762Z","cacheHit":false,"clearancePath":"D:\\jail\\m-hugoextended-mtrjzoxg\\security\\npm-observe-resolved.json"}
  SECURITY npm-observe-resolved clean: 130 exact package-version(s), tree b73baafcc819
  CAPTURE user=runnervmeef0v\runneradmin elevated=True rootPid=2996 exit=0 events=97102 lost=0
  VENUE-OBSERVE-USER runnervmeef0v\runneradmin elevated=true privDropped={"SeBackupPrivilege":"removed","SeRestorePrivilege":"removed","SeTakeOwnershipPrivilege":"removed"}
  OBSERVE artifacts: 9 files  (D:\jail\m-hugoextended-mtrjzoxg\observe\node_modules\hugo-extended)
  ARM-FALSIFIABILITY {"manifestFiles":9,"filesTheScriptProduced":3,"reasons":[]}
  CLOSURE 121 packages evicted per arm
  8.3 MAP 0 components resolved on runnervmeef0v, folded into capture.json
  == ROOTS (from capture.json — R2: no ambient reads) ==
    project       D:\jail\m-hugoextended-mtrjzoxg\observe   [keyed on]
    home          C:\Users\runneradmin   [keyed on]
    jailHome      (null — declared inapplicable)
    globalStore   C:\Users\runneradmin\AppData\Local\nub\pm\store
    projectStore  D:\jail\m-hugoextended-mtrjzoxg\observe\node_modules\.store
    interpreter   C:\hostedtoolcache\windows\node\22.23.2\x64\node.exe
    toolsDir      C:\Users\runneradmin\AppData\Local\nub\pm\tools
    temp          D:\jail\m-hugoextended-mtrjzoxg\tmp   [keyed on]
    npmPrefix     (null — declared inapplicable)
    ownPkg        D:\jail\m-hugoextended-mtrjzoxg\observe\node_modules\hugo-extended
  == ATTRIBUTION == lifecycle pids: 4 (root 2996)
    writes  script 6  /  whole traced tree 20
    peers   script 2  /  whole traced tree 2
  == WRITES ==
    deps          6
  == READS ==
    deps        336
    outside       6
    project       1
    systemfs     48
  == NETWORK ==
    distinct peers: 2
        140.82.114.3:443
        185.199.109.133:443
  == REFUSALS (adapter-classified) ==
    distinct: 0
  == SYNTHESIZED GRANT (verify this in the real unprivileged jail) ==
    {"write":{"deps":true},"network":true}
  RAW       etw-raw.xml.gz  123589021 B xml -> 2004415 B gz (61.7x)  sha256 5abb2b358abfda7f…
  HEADER    etw-header.json (5100 bytes)
  DERIVED   6989 distinct from 10934 kept ops (97102 xml events, 27265 out of subtree)
  PROCS     6   thread-reattributed 369
  ⛔ 1 operations with NO OperationEnd — kept, status marked unknown
  8.3       0 expanded, 0 kept short, 0 not covered  [map: recorded 8.3 map (0 components, resolved on runnervmeef0v)]
  wrote events.ndjson.gz (87337 bytes)
  RAWLOG-CAPTURE D:\jail\m-hugoextended-mtrjzoxg\cap\capture.json
  VENUE-NUB-BINARY {"path":"C:/Users/RUNNER~1/AppData/Local/Temp/nub/target/release/nub.exe","sha256":"f186817a44be332fee712b4936a071a0b5f9cde18a1d2fdc3a791729d4bf1005","bytes":68717056,"features":{"buildJailCatalogOverride":true,"pythonDontWriteBytecodeEnv":true}}
  VENUE-INTERPRETER C:\hostedtoolcache\windows\node\22.23.2\x64\node.exe
  VENUE-JAIL-ROOT D:\jail\m-hugoextended-mtrjzoxg
  VENUE-OVERRIDES {"set":{"npm_config_cache":"D:\\jail\\m-hugoextended-mtrjzoxg\\npm-cache","TMP":"D:\\jail\\m-hugoextended-mtrjzoxg\\tmp","TEMP":"D:\\jail\\m-hugoextended-mtrjzoxg\\tmp","TMPDIR":"D:\\jail\\m-hugoextended-mtrjzoxg\\tmp"},"unset":["CI","GITHUB_ACTIONS"],"notRedirected":{"USERPROFILE":"C:\\Users\\runneradmin","why":"the jail leaves HOME/USERPROFILE alone — `build_jail.rs` sandbox_homes() reads the ambient value and `compiler/defaults.rs` BASELINE_ENV_EXACT passes it through — so there is no private jail home to reproduce and redirecting one would measure an environment no confined script sees"},"passedThrough":{"CI":"true","GITHUB_ACTIONS":"true","NODE_ENV":null}}
  STORE   isolated virtual store at D:\jail\m-hugoextended-mtrjzoxg\verify-synth\.cache
  VENUE-STORE-LAYOUT isolated
OSV-SCREEN {"schemaVersion":1,"kind":"nub-synth-resolved","status":"clean","digest":"805571a96919f0002a95c30efaf56ff8e3f83ec7b2b56c92faff87c8fb296940","specCount":130,"lockfiles":{"digest":"ad78448eb976eaf243a4853bce4b1d96815f52481659c78ad251e4f35e5cfd98","files":[{"path":"nub.lock","sha256":"797db6123b311b0b1c7e9d619e3bf3625d615f18333d257b60986e2eb27c2280","bytes":30800}]},"maliciousAdvisories":[],"screenedAt":"2026-09-07T18:08:06.418Z","cacheHit":false,"clearancePath":"D:\\jail\\m-hugoextended-mtrjzoxg\\security\\nub-synth-resolved.json"}
  SECURITY nub-synth-resolved clean: 130 exact package-version(s), tree 805571a96919
  VERIFY[synth] rc=0 artifacts=9/9 missing=0 shortfall=none (tree 7391/1128) OVERRIDDEN=2 REJECTED=0 grant={"write":{"deps":true},"network":true}
  => MINIMUM {"write":{"deps":true},"network":true}   (observed, then verified)
  STORE   isolated virtual store at D:\jail\m-hugoextended-mtrjzoxg\verify-nar-no-network\.cache
OSV-SCREEN {"schemaVersion":1,"kind":"nub-nar-no-network-resolved","status":"clean","digest":"805571a96919f0002a95c30efaf56ff8e3f83ec7b2b56c92faff87c8fb296940","specCount":130,"lockfiles":{"digest":"ad78448eb976eaf243a4853bce4b1d96815f52481659c78ad251e4f35e5cfd98","files":[{"path":"nub.lock","sha256":"797db6123b311b0b1c7e9d619e3bf3625d615f18333d257b60986e2eb27c2280","bytes":30800}]},"maliciousAdvisories":[],"screenedAt":"2026-09-07T18:08:06.418Z","cacheHit":true,"clearancePath":"D:\\jail\\m-hugoextended-mtrjzoxg\\security\\nub-nar-no-network-resolved.json"}
  SECURITY nub-nar-no-network-resolved clean: 130 exact package-version(s), tree 805571a96919 (cached exact-tree clearance)
  VERIFY[nar-no-network] rc=1 artifacts=6/9 missing=3 shortfall=a63fd828aa49 (tree 7388/1128) OVERRIDDEN=2 REJECTED=0 grant={"write":{"deps":true}}
     missing artifacts: vendor/hugo.exe, vendor/LICENSE, vendor/README.md
     'no-network' is NECESSARY — dropping it fails to verify
  STORE   isolated virtual store at D:\jail\m-hugoextended-mtrjzoxg\verify-nar-no-write-deps\.cache
OSV-SCREEN {"schemaVersion":1,"kind":"nub-nar-no-write-deps-resolved","status":"clean","digest":"805571a96919f0002a95c30efaf56ff8e3f83ec7b2b56c92faff87c8fb296940","specCount":130,"lockfiles":{"digest":"ad78448eb976eaf243a4853bce4b1d96815f52481659c78ad251e4f35e5cfd98","files":[{"path":"nub.lock","sha256":"797db6123b311b0b1c7e9d619e3bf3625d615f18333d257b60986e2eb27c2280","bytes":30800}]},"maliciousAdvisories":[],"screenedAt":"2026-09-07T18:08:06.418Z","cacheHit":true,"clearancePath":"D:\\jail\\m-hugoextended-mtrjzoxg\\security\\nub-nar-no-write-deps-resolved.json"}
  SECURITY nub-nar-no-write-deps-resolved clean: 130 exact package-version(s), tree 805571a96919 (cached exact-tree clearance)
  VERIFY[nar-no-write-deps] rc=0 artifacts=9/9 missing=0 shortfall=none (tree 7391/1128) OVERRIDDEN=2 REJECTED=0 grant={"network":true}
     ⛔ OVER-PREDICTED — the strictly narrower {"network":true} also verifies; 'no-write-deps' was not needed
