OSV-SCREEN {"schemaVersion":1,"kind":"direct","status":"clean","digest":"40f646aa6148fb779021cf4e1e17ff9e80e1d9ddcc3997ab948d219b74566872","specCount":1,"lockfiles":{"digest":null,"files":[]},"maliciousAdvisories":[],"screenedAt":"2026-09-08T09:59:40.116Z","cacheHit":false,"clearancePath":"/Users/runner/v2m-AWvwGi/security/direct.json"}
  SECURITY direct clean: 1 exact package-version(s), tree 40f646aa6148
### hugo-extended@0.83.1   (/Users/runner/v2m-AWvwGi)   nub=/tmp/nub/target/release/nub
  VENUE-NUB-BINARY {"path":"/tmp/nub/target/release/nub","sha256":"f923f9d246b7061a3e88675efb7b4fdcda741d02368002ce6e7f7044b01e7bbe","bytes":93818888,"features":{"buildJailCatalogOverride":true,"pythonDontWriteBytecodeEnv":true}}
  CI-ENV scrubbed: CI GITHUB_ACTIONS
  --- fbt preflight (advisory; never fails the run) ---
     csrutil: System Integrity Protection status: disabled.
     fbt probes visible: 93591
     fbt enable attempt: dtrace: description 'fbt:::entry ' matched 50364 probes CPU     ID                    FUNCTION:NAME 
     cwd builtin value:  
     fbt chdir symbols:  
     fbt fires on spawn-with-cwd: dtrace: invalid probe specifier fbt::chdir*:entry /progenyof($target)/ { @[probefunc] = count(); }: probe description fbt::chdir*:entry does not match any probes 
  --- end fbt preflight ---
OSV-SCREEN {"schemaVersion":1,"kind":"npm-observe-resolved","status":"clean","digest":"2a11b37be2525fcba9d4486dbc905fec4488d376e2dc2efde5e1c81dd8a46f25","specCount":166,"lockfiles":{"digest":"498474672e27ff86080d71ca7b1da0e3dac3bac08f9bccdee519a8001159822b","files":[{"path":"package-lock.json","sha256":"e38a1e22b743d0215dbcc64fa3edc0b044f8b3571acc62d19a7c5c901de4dad5","bytes":71170}]},"maliciousAdvisories":[],"screenedAt":"2026-09-08T09:59:51.337Z","cacheHit":false,"clearancePath":"/Users/runner/v2m-AWvwGi/security/npm-observe-resolved.json"}
  SECURITY npm-observe-resolved clean: 166 exact package-version(s), tree 2a11b37be252
  VENUE-CI-CHILD clean (no CI-detection variable reaches the traced script)
  --- wrapper (run.sh) ---
     cd "/Users/runner/v2m-AWvwGi/Observe"
     sudo -u "runner" -H env "PATH=$PATH"   "HOME=/Users/runner/v2m-AWvwGi/jailhome"   "TMPDIR=/private/var/folders/bl/vzjcvbz95c3dk19cb0fw46180000gn/T/nub-tmp-obsR1dAcH"   "NODE_COMPAT=1"   "PYTHONDONTWRITEBYTECODE=1"   "PLAYWRIGHT_BROWSERS_PATH=/Users/runner/.cache/nub/pm/tools/ms-playwright"   "ELECTRON_CACHE=/Users/runner/.cache/nub/pm/tools/electron-cache"   "electron_config_cache=/Users/runner/.cache/nub/pm/tools/electron-cache"   "npm_config_prefix=/Users/runner/.cache/nub/pm/tools/npm-prefix"   "/Users/runner/hostedtoolcache/node/22.23.2/arm64/bin/npm" rebuild --no-audit --no-fund "hugo-extended" > "/Users/runner/v2m-AWvwGi/Observe/npm.log" 2>&1
     echo $? > "/Users/runner/v2m-AWvwGi/Observe/rc"
  --- dtrace stderr + wrapper trace ---
     + cd /Users/runner/v2m-AWvwGi/Observe
     + sudo -u runner -H env PATH=/Users/runner/hostedtoolcache/node/22.23.2/arm64/bin:/opt/homebrew/lib/ruby/gems/3.3.0/bin:/opt/homebrew/opt/ruby@3.3/bin:/Users/runner/.local/bin:/opt/homebrew/bin:/opt/homebrew/sbin:/Users/runner/.cargo/bin:/usr/local/opt/curl/bin:/usr/local/bin:/usr/local/sbin:/Users/runner/bin:/Users/runner/.yarn/bin:/Users/runner/Library/Android/sdk/tools:/Users/runner/Library/Android/sdk/platform-tools:/Library/Frameworks/Python.framework/Versions/Current/bin:/Library/Frameworks/Mono.framework/Versions/Current/Commands:/usr/bin:/bin:/usr/sbin:/sbin:/Users/runner/.dotnet/tools HOME=/Users/runner/v2m-AWvwGi/jailhome TMPDIR=/private/var/folders/bl/vzjcvbz95c3dk19cb0fw46180000gn/T/nub-tmp-obsR1dAcH NODE_COMPAT=1 PYTHONDONTWRITEBYTECODE=1 PLAYWRIGHT_BROWSERS_PATH=/Users/runner/.cache/nub/pm/tools/ms-playwright ELECTRON_CACHE=/Users/runner/.cache/nub/pm/tools/electron-cache electron_config_cache=/Users/runner/.cache/nub/pm/tools/electron-cache npm_config_prefix=/Users/runner/.cache/nub/pm/tools/npm-prefix /Users/runner/hostedtoolcache/node/22.23.2/arm64/bin/npm rebuild --no-audit --no-fund hugo-extended
     dtrace: error on enabled probe ID 128 (ID 286: syscall::execve:entry): invalid address (0x600001aec000) in action #1 at DIF offset 20
     + echo 0
  OBSERVE   rc=0 dtrace_rc=0 files=1126 (pre=1121) trace=15580 lines
  CLOSURE   152 packages evicted per arm   store=/Users/runner/.cache/nub/pm/store
  RAWLOG-FILE /Users/runner/v2m-AWvwGi/Observe/trace.txt.gz
  RAWLOG-CAPTURE /Users/runner/v2m-AWvwGi/Observe/capture.json
  RAWLOG-BYTES raw=2535854 gz=83406
  VENUE-INTERPRETER /Users/runner/hostedtoolcache/node/22.23.2/arm64
  VENUE-OVERRIDES {"set":{"PATH":"inherited-and-forwarded","HOME":"/Users/runner/v2m-AWvwGi/jailhome","TMPDIR":"/private/var/folders/bl/vzjcvbz95c3dk19cb0fw46180000gn/T/nub-tmp-obsR1dAcH","NODE_COMPAT":"1","PYTHONDONTWRITEBYTECODE":"1","PLAYWRIGHT_BROWSERS_PATH":"/Users/runner/.cache/nub/pm/tools/ms-playwright","ELECTRON_CACHE":"/Users/runner/.cache/nub/pm/tools/electron-cache","electron_config_cache":"/Users/runner/.cache/nub/pm/tools/electron-cache","npm_config_prefix":"/Users/runner/.cache/nub/pm/tools/npm-prefix"},"unset":["(sudo env_reset discards the caller environment; every var above is re-set after it)","CI","GITHUB_ACTIONS"],"passedThrough":{"CI":"true","GITHUB_ACTIONS":"true","NODE_ENV":null}}
  VENUE-OBSERVE-USER runner uid=501 (R7: ordinary non-root user, asserted)
  ARM-FALSIFIABILITY {"manifestFiles":11,"filesTheScriptProduced":3,"reasons":[]}
  EVENTLOG-FILE /Users/runner/v2m-AWvwGi/Observe/events.ndjson.gz
  EVENTLOG-STATS {"lines":15581,"parsed":15561,"unparsed":0,"live":true,"tracerErrors":1,"tracerErrorTotal":1,"unresolvedDirfd":24,"unresolvedFd":0,"pairedTwoPath":541,"danglingPair":0,"failed":5861,"enoent":5853,"refusals":0,"byErrno":{"ENXIO":3,"ENOENT":5853,"EEXIST":5},"procs":6,"lifecyclePids":1,"distinctEvents":7816,"emitted":7816,"calls":15007,"bytes":1454668,"gzipBytes":48960,"out":"/Users/runner/v2m-AWvwGi/Observe/events.ndjson"}
  == TRACER == live=true decodable-events=3766 dropped-events=1
    NOTE 16 relative path(s) under a non-AT_FDCWD dirfd were not
       scope-assigned: resolving them against the cwd would invent a path.
    ⛔ CWD-UNOBSERVED 3 relative path(s) (0 write(s)) came from a lifecycle
       process whose own cwd was never observed
       macOS spawns with posix_spawn addchdir_np, which changes directory in-kernel and
       emits no chdir syscall, so the inherited cwd cannot be trusted. These are NOT
       scope-assigned; the grant below is WIDENED instead so it covers wherever they landed.
         pid=19783 read  unproven .
         pid=19783 read  unproven .
         pid=19783 read  unproven .
    ⛔ THE TRACER DROPPED 1 EVENT(S). A dropped event is a path never
       seen, so the grant below can only be too NARROW — the direction that breaks installs.
       Treat it as a FLOOR, not a measurement, until the adapter fault is fixed:
             1 x  epid=128 action=1 fault=1 addr=0x600001aec000
  == ATTRIBUTION == lifecycle pids: 1
    writes  script 5  /  whole traced subtree 1095
    sockets script 2  /  whole traced subtree 3
  == ROOTS (from /Users/runner/v2m-AWvwGi/Observe/capture.json; the classifier reads no other source) ==
    project       /Users/runner/v2m-AWvwGi/Observe
    home          /Users/runner
    jailHome      /Users/runner/v2m-AWvwGi/jailhome
    globalStore   /Users/runner/.cache/nub/pm/store
    projectStore  /Users/runner/v2m-AWvwGi/Observe/node_modules/.store
    interpreter   /Users/runner/hostedtoolcache/node/22.23.2/arm64
    toolsDir      /Users/runner/.cache/nub/pm/tools
    temp          /private/var/folders/bl/vzjcvbz95c3dk19cb0fw46180000gn/T/nub-tmp-obsR1dAcH
    npmPrefix     /Users/runner/.cache/nub/pm/tools/npm-prefix
    ownPkg        /Users/runner/v2m-AWvwGi/Observe/node_modules/hugo-extended
    cwd           (null — this platform has no such root)
  == WRITES the script actually performed ==
    systemfs      1
        /dev/dtracehelper
    ownPkg        4  (base profile already grants this — NOT billed)
        /Users/runner/v2m-AWvwGi/Observe/node_modules/hugo-extended/vendor
        /Users/runner/v2m-AWvwGi/Observe/node_modules/hugo-extended/vendor/hugo
        /Users/runner/v2m-AWvwGi/Observe/node_modules/hugo-extended/vendor/README.md
        /Users/runner/v2m-AWvwGi/Observe/node_modules/hugo-extended/vendor/LICENSE
  == READS the script performed, by scope ==
    outside       6
    systemfs     10
    userHome      2
    ownPkg        7
    deps        368
        outside: /
        outside: /bin/bash
        outside: /bin
        outside: /var/db/timezone/zoneinfo/UTC
        outside: /var/db/timezone/zoneinfo/posixrules
        outside: /etc/localtime
  == NETWORK ==
    AF_INET connects: 2   distinct peers: 2
        172.182.252.133:443
        185.199.110.133:443
  == REFUSALS (errno EPERM/EACCES/EROFS only; ENOENT is a miss, not a denial) ==
    distinct: 0
  == SYNTHESIZED GRANT (verify this in the real unprivileged jail) ==
    {"network":true}
  == writePaths (DERIVED — promotion out of the package's PRIVATE home) ==
    private-home writes observed: 0
    none declared — the script wrote nothing into its private home — there is nothing to promote
  == writePaths FEASIBILITY (distinct writes outside project/deps) ==
    count: 0
  EVICT[synth] 97 store entries removed, 5 spared as nub tooling, 229 in store
OSV-SCREEN {"schemaVersion":1,"kind":"nub-synth-resolved","status":"clean","digest":"5c0357a020827d535ef9327d7f16b9f47682242bd552ba27589acd1d4d226afd","specCount":170,"lockfiles":{"digest":"23d80b4c2ae88ceff008af2935951bc11012942dd49299036ff6ec7be3272a44","files":[{"path":"nub.lock","sha256":"b70a56703d55bd71d7ac33ee56a998135e64467717a738888ead2a9a4517f5ab","bytes":40194}]},"maliciousAdvisories":[],"screenedAt":"2026-09-08T09:59:59.818Z","cacheHit":false,"clearancePath":"/Users/runner/v2m-AWvwGi/security/nub-synth-resolved.json"}
  SECURITY nub-synth-resolved clean: 170 exact package-version(s), tree 5c0357a02082
  VENUE-STORE-LAYOUT isolated
  VERIFY[synth] rc=0 artifacts=11/11 missing=0 shortfall=none (tree 4371/1126) OVERRIDDEN=3 REJECTED=0 grant={"network":true}
  => VERIFIED {"network":true}
  EVICT[nar-no-network] 165 store entries removed, 5 spared as nub tooling, 301 in store
OSV-SCREEN {"schemaVersion":1,"kind":"nub-nar-no-network-resolved","status":"clean","digest":"5c0357a020827d535ef9327d7f16b9f47682242bd552ba27589acd1d4d226afd","specCount":170,"lockfiles":{"digest":"23d80b4c2ae88ceff008af2935951bc11012942dd49299036ff6ec7be3272a44","files":[{"path":"nub.lock","sha256":"b70a56703d55bd71d7ac33ee56a998135e64467717a738888ead2a9a4517f5ab","bytes":40194}]},"maliciousAdvisories":[],"screenedAt":"2026-09-08T09:59:59.818Z","cacheHit":true,"clearancePath":"/Users/runner/v2m-AWvwGi/security/nub-nar-no-network-resolved.json"}
  SECURITY nub-nar-no-network-resolved clean: 170 exact package-version(s), tree 5c0357a02082 (cached exact-tree clearance)
  VERIFY[nar-no-network] rc=0 artifacts=8/11 missing=3 shortfall=219cbefac624 (tree 4362/1126) OVERRIDDEN=3 REJECTED=0 grant={}
       missing: vendor/LICENSE, vendor/README.md, vendor/hugo
     narrowing 'no-network' fails ⇒ that capability IS necessary
  => MINIMAL — every capability in {"network":true} is independently necessary
### DONE hugo-extended@0.83.1  synthesized={"network":true} verified=1
