OSV-SCREEN {"schemaVersion":1,"kind":"direct","status":"clean","digest":"f35839400a0682e30ca0347b1aeb57bbe6174dab6f50178477c9c55fdd75a21b","specCount":1,"lockfiles":{"digest":null,"files":[]},"maliciousAdvisories":[],"screenedAt":"2026-09-08T06:41:09.177Z","cacheHit":false,"clearancePath":"/Users/runner/v2m-R8TVZw/security/direct.json"}
  SECURITY direct clean: 1 exact package-version(s), tree f35839400a06
### saucectl@0.199.0   (/Users/runner/v2m-R8TVZw)   nub=/tmp/nub/target/release/nub
  VENUE-NUB-BINARY {"path":"/tmp/nub/target/release/nub","sha256":"f923f9d246b7061a3e88675efb7b4fdcda741d02368002ce6e7f7044b01e7bbe","bytes":93818888,"features":{"buildJailCatalogOverride":true,"pythonDontWriteBytecodeEnv":true}}
  CI-ENV scrubbed: CI GITHUB_ACTIONS
  --- fbt preflight (advisory; never fails the run) ---
     csrutil: System Integrity Protection status: disabled.
     fbt probes visible: 93591
     fbt enable attempt: dtrace: description 'fbt:::entry ' matched 50364 probes CPU     ID                    FUNCTION:NAME 
     cwd builtin value:  
     fbt chdir symbols:  
     fbt fires on spawn-with-cwd: dtrace: invalid probe specifier fbt::chdir*:entry /progenyof($target)/ { @[probefunc] = count(); }: probe description fbt::chdir*:entry does not match any probes 
  --- end fbt preflight ---
OSV-SCREEN {"schemaVersion":1,"kind":"npm-observe-resolved","status":"clean","digest":"8d62b05a14654e902eece082149c0f3ceda7d5a9ea9cabf4ecd4a37714a886ad","specCount":44,"lockfiles":{"digest":"4f59abb300f21ee63658b6a68e460a5c4565b1aa37f2db34b19ec4b8ba2bfe75","files":[{"path":"package-lock.json","sha256":"bdad3cef78c305b8c07dd43d466882b21e1e898b50388bc12078a377aad3b675","bytes":19402}]},"maliciousAdvisories":[],"screenedAt":"2026-09-08T06:41:18.378Z","cacheHit":false,"clearancePath":"/Users/runner/v2m-R8TVZw/security/npm-observe-resolved.json"}
  SECURITY npm-observe-resolved clean: 44 exact package-version(s), tree 8d62b05a1465
  VENUE-CI-CHILD clean (no CI-detection variable reaches the traced script)
  --- wrapper (run.sh) ---
     cd "/Users/runner/v2m-R8TVZw/Observe"
     sudo -u "runner" -H env "PATH=$PATH"   "HOME=/Users/runner/v2m-R8TVZw/jailhome"   "TMPDIR=/private/var/folders/bl/vzjcvbz95c3dk19cb0fw46180000gn/T/nub-tmp-obsS0UwkK"   "NODE_COMPAT=1"   "PYTHONDONTWRITEBYTECODE=1"   "PLAYWRIGHT_BROWSERS_PATH=/Users/runner/.cache/nub/pm/tools/ms-playwright"   "ELECTRON_CACHE=/Users/runner/.cache/nub/pm/tools/electron-cache"   "electron_config_cache=/Users/runner/.cache/nub/pm/tools/electron-cache"   "npm_config_prefix=/Users/runner/.cache/nub/pm/tools/npm-prefix"   "/Users/runner/hostedtoolcache/node/22.23.2/arm64/bin/npm" rebuild --no-audit --no-fund "saucectl" > "/Users/runner/v2m-R8TVZw/Observe/npm.log" 2>&1
     echo $? > "/Users/runner/v2m-R8TVZw/Observe/rc"
  --- dtrace stderr + wrapper trace ---
     + cd /Users/runner/v2m-R8TVZw/Observe
     + sudo -u runner -H env PATH=/Users/runner/hostedtoolcache/node/22.23.2/arm64/bin:/opt/homebrew/lib/ruby/gems/3.3.0/bin:/opt/homebrew/opt/ruby@3.3/bin:/Users/runner/.local/bin:/opt/homebrew/bin:/opt/homebrew/sbin:/Users/runner/.cargo/bin:/usr/local/opt/curl/bin:/usr/local/bin:/usr/local/sbin:/Users/runner/bin:/Users/runner/.yarn/bin:/Users/runner/Library/Android/sdk/tools:/Users/runner/Library/Android/sdk/platform-tools:/Library/Frameworks/Python.framework/Versions/Current/bin:/Library/Frameworks/Mono.framework/Versions/Current/Commands:/usr/bin:/bin:/usr/sbin:/sbin:/Users/runner/.dotnet/tools HOME=/Users/runner/v2m-R8TVZw/jailhome TMPDIR=/private/var/folders/bl/vzjcvbz95c3dk19cb0fw46180000gn/T/nub-tmp-obsS0UwkK NODE_COMPAT=1 PYTHONDONTWRITEBYTECODE=1 PLAYWRIGHT_BROWSERS_PATH=/Users/runner/.cache/nub/pm/tools/ms-playwright ELECTRON_CACHE=/Users/runner/.cache/nub/pm/tools/electron-cache electron_config_cache=/Users/runner/.cache/nub/pm/tools/electron-cache npm_config_prefix=/Users/runner/.cache/nub/pm/tools/npm-prefix /Users/runner/hostedtoolcache/node/22.23.2/arm64/bin/npm rebuild --no-audit --no-fund saucectl
     dtrace: error on enabled probe ID 128 (ID 286: syscall::execve:entry): invalid address (0x600003afc000) in action #1 at DIF offset 20
     + echo 0
  OBSERVE   rc=0 dtrace_rc=0 files=639 (pre=636) trace=13082 lines
  CLOSURE   42 packages evicted per arm   store=/Users/runner/.cache/nub/pm/store
  RAWLOG-FILE /Users/runner/v2m-R8TVZw/Observe/trace.txt.gz
  RAWLOG-CAPTURE /Users/runner/v2m-R8TVZw/Observe/capture.json
  RAWLOG-BYTES raw=2220715 gz=70666
  VENUE-INTERPRETER /Users/runner/hostedtoolcache/node/22.23.2/arm64
  VENUE-OVERRIDES {"set":{"PATH":"inherited-and-forwarded","HOME":"/Users/runner/v2m-R8TVZw/jailhome","TMPDIR":"/private/var/folders/bl/vzjcvbz95c3dk19cb0fw46180000gn/T/nub-tmp-obsS0UwkK","NODE_COMPAT":"1","PYTHONDONTWRITEBYTECODE":"1","PLAYWRIGHT_BROWSERS_PATH":"/Users/runner/.cache/nub/pm/tools/ms-playwright","ELECTRON_CACHE":"/Users/runner/.cache/nub/pm/tools/electron-cache","electron_config_cache":"/Users/runner/.cache/nub/pm/tools/electron-cache","npm_config_prefix":"/Users/runner/.cache/nub/pm/tools/npm-prefix"},"unset":["(sudo env_reset discards the caller environment; every var above is re-set after it)","CI","GITHUB_ACTIONS"],"passedThrough":{"CI":"true","GITHUB_ACTIONS":"true","NODE_ENV":null}}
  VENUE-OBSERVE-USER runner uid=501 (R7: ordinary non-root user, asserted)
  ARM-FALSIFIABILITY {"manifestFiles":8,"filesTheScriptProduced":1,"reasons":[]}
  EVENTLOG-FILE /Users/runner/v2m-R8TVZw/Observe/events.ndjson.gz
  EVENTLOG-STATS {"lines":13083,"parsed":13063,"unparsed":0,"live":true,"tracerErrors":1,"tracerErrorTotal":1,"unresolvedDirfd":24,"unresolvedFd":0,"pairedTwoPath":541,"danglingPair":0,"failed":4983,"enoent":4980,"refusals":0,"byErrno":{"ENXIO":3,"ENOENT":4980},"procs":6,"lifecyclePids":1,"distinctEvents":6070,"emitted":6070,"calls":12509,"bytes":1201855,"gzipBytes":40651,"out":"/Users/runner/v2m-R8TVZw/Observe/events.ndjson"}
  == TRACER == live=true decodable-events=3334 dropped-events=1
    NOTE 16 relative path(s) under a non-AT_FDCWD dirfd were not
       scope-assigned: resolving them against the cwd would invent a path.
    ⛔ CWD-UNOBSERVED 2 relative path(s) (0 write(s)) came from a lifecycle
       process whose own cwd was never observed
       macOS spawns with posix_spawn addchdir_np, which changes directory in-kernel and
       emits no chdir syscall, so the inherited cwd cannot be trusted. These are NOT
       scope-assigned; the grant below is WIDENED instead so it covers wherever they landed.
         pid=18471 read  unproven .
         pid=18471 read  unproven .
    ⛔ THE TRACER DROPPED 1 EVENT(S). A dropped event is a path never
       seen, so the grant below can only be too NARROW — the direction that breaks installs.
       Treat it as a FLOOR, not a measurement, until the adapter fault is fixed:
             1 x  epid=128 action=1 fault=1 addr=0x600003afc000
  == ATTRIBUTION == lifecycle pids: 1
    writes  script 3  /  whole traced subtree 1093
    sockets script 2  /  whole traced subtree 3
  == ROOTS (from /Users/runner/v2m-R8TVZw/Observe/capture.json; the classifier reads no other source) ==
    project       /Users/runner/v2m-R8TVZw/Observe
    home          /Users/runner
    jailHome      /Users/runner/v2m-R8TVZw/jailhome
    globalStore   /Users/runner/.cache/nub/pm/store
    projectStore  /Users/runner/v2m-R8TVZw/Observe/node_modules/.store
    interpreter   /Users/runner/hostedtoolcache/node/22.23.2/arm64
    toolsDir      /Users/runner/.cache/nub/pm/tools
    temp          /private/var/folders/bl/vzjcvbz95c3dk19cb0fw46180000gn/T/nub-tmp-obsS0UwkK
    npmPrefix     /Users/runner/.cache/nub/pm/tools/npm-prefix
    ownPkg        /Users/runner/v2m-R8TVZw/Observe/node_modules/saucectl
    cwd           (null — this platform has no such root)
  == WRITES the script actually performed ==
    systemfs      1
        /dev/dtracehelper
    ownPkg        2  (base profile already grants this — NOT billed)
        /Users/runner/v2m-R8TVZw/Observe/node_modules/saucectl/bin
        /Users/runner/v2m-R8TVZw/Observe/node_modules/saucectl/bin/saucectl
  == READS the script performed, by scope ==
    outside       6
    systemfs     10
    userHome      2
    ownPkg        5
    deps        141
        outside: /
        outside: /bin/bash
        outside: /bin
        outside: /var/db/timezone/zoneinfo/UTC
        outside: /var/db/timezone/zoneinfo/posixrules
        outside: /etc/localtime
  == NETWORK ==
    AF_INET connects: 2   distinct peers: 2
        172.182.252.133:443
        185.199.109.133:443
  == REFUSALS (errno EPERM/EACCES/EROFS only; ENOENT is a miss, not a denial) ==
    distinct: 0
  == SYNTHESIZED GRANT (verify this in the real unprivileged jail) ==
    {"network":true}
  == writePaths (DERIVED — promotion out of the package's PRIVATE home) ==
    private-home writes observed: 0
    none declared — the script wrote nothing into its private home — there is nothing to promote
  == writePaths FEASIBILITY (distinct writes outside project/deps) ==
    count: 0
  EVICT[synth] 24 store entries removed, 0 spared as nub tooling, 319 in store
OSV-SCREEN {"schemaVersion":1,"kind":"nub-synth-resolved","status":"clean","digest":"8d62b05a14654e902eece082149c0f3ceda7d5a9ea9cabf4ecd4a37714a886ad","specCount":44,"lockfiles":{"digest":"f29cf93e770edbaf4702ca0bb37a40bfbf86ab1ed3c80ac9dc113c54cedf20cc","files":[{"path":"nub.lock","sha256":"26e2388a381b9d2504c9a1cf62763cbb7237948d8f62e682ee3e0611077e08e7","bytes":12723}]},"maliciousAdvisories":[],"screenedAt":"2026-09-08T06:41:18.378Z","cacheHit":true,"clearancePath":"/Users/runner/v2m-R8TVZw/security/nub-synth-resolved.json"}
  SECURITY nub-synth-resolved clean: 44 exact package-version(s), tree 8d62b05a1465 (cached exact-tree clearance)
  VENUE-STORE-LAYOUT isolated
  VERIFY[synth] rc=0 artifacts=8/8 missing=0 shortfall=none (tree 2185/639) OVERRIDDEN=3 REJECTED=0 grant={"network":true}
  => VERIFIED {"network":true}
  EVICT[nar-no-network] 44 store entries removed, 0 spared as nub tooling, 339 in store
OSV-SCREEN {"schemaVersion":1,"kind":"nub-nar-no-network-resolved","status":"clean","digest":"8d62b05a14654e902eece082149c0f3ceda7d5a9ea9cabf4ecd4a37714a886ad","specCount":44,"lockfiles":{"digest":"f29cf93e770edbaf4702ca0bb37a40bfbf86ab1ed3c80ac9dc113c54cedf20cc","files":[{"path":"nub.lock","sha256":"26e2388a381b9d2504c9a1cf62763cbb7237948d8f62e682ee3e0611077e08e7","bytes":12723}]},"maliciousAdvisories":[],"screenedAt":"2026-09-08T06:41:18.378Z","cacheHit":true,"clearancePath":"/Users/runner/v2m-R8TVZw/security/nub-nar-no-network-resolved.json"}
  SECURITY nub-nar-no-network-resolved clean: 44 exact package-version(s), tree 8d62b05a1465 (cached exact-tree clearance)
  VERIFY[nar-no-network] rc=1 artifacts=7/8 missing=1 shortfall=1f6a7b28e9d5 (tree 2183/639) OVERRIDDEN=3 REJECTED=0 grant={}
       missing: bin/saucectl
     narrowing 'no-network' fails ⇒ that capability IS necessary
  => MINIMAL — every capability in {"network":true} is independently necessary
### DONE saucectl@0.199.0  synthesized={"network":true} verified=1
