### cld@2.9.1   (/home/runner/v2-snaSR0)
  CI-ENV scrubbed: CI GITHUB_ACTIONS
OSV-SCREEN {"schemaVersion":1,"kind":"direct","status":"clean","digest":"6b78f74c6e1258365fc23cd31b560abd2c09f2ea28c56b21c6eca73ebf13d428","specCount":1,"lockfiles":{"digest":null,"files":[]},"maliciousAdvisories":[],"screenedAt":"2026-09-07T23:51:45.520Z","cacheHit":false,"clearancePath":"/home/runner/v2-snaSR0/security/direct.json"}
  SECURITY direct clean: 1 exact package-version(s), tree 6b78f74c6e12
  VENUE-OBSERVE-USER {"uid":1001,"user":"runner","umask":"0022","capBnd":"000001ffffffffff","noNewPrivs":"0"}
  VENUE-NUB-BINARY {"path":"/tmp/nub/target/release/nub","sha256":"2a18683f50f7afeb02a521cd3cae175dc2f91780d461c5f012065241f5a1447b","bytes":207643464,"features":{"buildJailCatalogOverride":true,"pythonDontWriteBytecodeEnv":true}}
OSV-SCREEN {"schemaVersion":1,"kind":"npm-observe-resolved","status":"clean","digest":"c4cca26af9738b2f020a5cc7bf577d63f76c1506271cc731f39680de0f72f87d","specCount":14,"lockfiles":{"digest":"5b4fdf2895493d51b4e075ae5fbda4723ce8af6c5e795bfa21031ed23b74916e","files":[{"path":"package-lock.json","sha256":"269051c4572e62df9996be036fa7907a5c8ba6109e58bc0ae2d3f6c305cd4b5a","bytes":5741}]},"maliciousAdvisories":[],"screenedAt":"2026-09-07T23:51:47.967Z","cacheHit":false,"clearancePath":"/home/runner/v2-snaSR0/security/npm-observe-resolved.json"}
  SECURITY npm-observe-resolved clean: 14 exact package-version(s), tree c4cca26af973
  OBSERVE   rc=0 files=732 trace=171406 lines
  CLOSURE   14 packages evicted per arm
  ARM-FALSIFIABILITY {"manifestFiles":153,"filesTheScriptProduced":36,"reasons":[]}
  RAWLOG-FILE /home/runner/v2-snaSR0/observe/trace.txt.gz
  RAWLOG-CAPTURE /home/runner/v2-snaSR0/observe/capture.json
  RAWLOG-BYTES raw=25047615 gz=718772
  VENUE-INTERPRETER /opt/hostedtoolcache/node/22.23.2/x64
  VENUE-OVERRIDES {"set":{"HOME":"/home/runner/v2-snaSR0/jailhome","TMPDIR":"/tmp/nub-tmp-obs5cVPx9","NODE_COMPAT":"1","PLAYWRIGHT_BROWSERS_PATH":"/home/runner/.cache/nub/pm/tools/ms-playwright","ELECTRON_CACHE":"/home/runner/.cache/nub/pm/tools/electron-cache","electron_config_cache":"/home/runner/.cache/nub/pm/tools/electron-cache","npm_config_prefix":"/home/runner/.cache/nub/pm/tools/npm-prefix","PYTHONDONTWRITEBYTECODE":"1","NUB_CACHE_DIR":"/home/runner/v2-snaSR0/nubcache"},"unset":["CI","GITHUB_ACTIONS"],"passedThrough":{"CI":"true","GITHUB_ACTIONS":"true","NODE_ENV":null}}
  == ATTRIBUTION == attributed pids: 749
    writes  script 6819  /  whole traced tree 7907
    sockets script 3  /  whole traced tree 7
  == ROOTS (from capture.json — R2: no ambient reads) ==
    project       /home/runner/v2-snaSR0/observe
    home          /home/runner
    jailHome      /home/runner/v2-snaSR0/jailhome
    globalStore   /home/runner/.cache/nub/pm/store   [declared, not keyed on]
    projectStore  /home/runner/v2-snaSR0/observe/node_modules/.store   [declared, not keyed on]
    interpreter   /opt/hostedtoolcache/node/22.23.2/x64   [declared, not keyed on]
    toolsDir      /home/runner/.cache/nub/pm/tools   [declared, not keyed on]
    temp          /tmp/nub-tmp-obs5cVPx9
    npmPrefix     /home/runner/.cache/nub/pm/tools/npm-prefix
    ownPkg        /home/runner/v2-snaSR0/observe/node_modules/cld
  == WRITES the script actually performed ==
    jailHome   3328  (base profile already grants this — NOT billed)
        /home/runner/v2-snaSR0/jailhome/.cache
        /home/runner/v2-snaSR0/jailhome/.cache/node-gyp
        /home/runner/v2-snaSR0/jailhome/.cache/node-gyp/22.23.2
        /home/runner/v2-snaSR0/jailhome/.cache/node-gyp/22.23.2/include
        /home/runner/v2-snaSR0/jailhome/.cache/node-gyp/22.23.2/include/node
        /home/runner/v2-snaSR0/jailhome/.cache/node-gyp/22.23.2/include/node/common.gypi
        /home/runner/v2-snaSR0/jailhome/.cache/node-gyp/22.23.2/include/node/config.gypi
        /home/runner/v2-snaSR0/jailhome/.cache/node-gyp/22.23.2/include/node/cppgc
        /home/runner/v2-snaSR0/jailhome/.cache/node-gyp/22.23.2/include/node/cppgc/allocation.h
        /home/runner/v2-snaSR0/jailhome/.cache/node-gyp/22.23.2/include/node/cppgc/common.h
        … and 3318 more
    jailTmp    3360  (base profile already grants this — NOT billed)
        /tmp/nub-tmp-obs5cVPx9/node-gyp-tmp-t1KqZT
        /tmp/nub-tmp-obs5cVPx9/node-gyp-tmp-t1KqZT/include
        /tmp/nub-tmp-obs5cVPx9/node-gyp-tmp-t1KqZT/include/node
        /tmp/nub-tmp-obs5cVPx9/node-gyp-tmp-t1KqZT/include/node/v8-locker.h
        /tmp/nub-tmp-obs5cVPx9/node-gyp-tmp-t1KqZT/include/node/zconf.h
        /tmp/nub-tmp-obs5cVPx9/node-gyp-tmp-t1KqZT/include/node/v8config.h
        /tmp/nub-tmp-obs5cVPx9/node-gyp-tmp-t1KqZT/include/node/common.gypi
        /tmp/nub-tmp-obs5cVPx9/node-gyp-tmp-t1KqZT/include/node/v8-object.h
        /tmp/nub-tmp-obs5cVPx9/node-gyp-tmp-t1KqZT/include/node/v8-forward.h
        /tmp/nub-tmp-obs5cVPx9/node-gyp-tmp-t1KqZT/include/node/v8-profiler.h
        … and 3350 more
    ownPkg      130  (base profile already grants this — NOT billed)
        /home/runner/v2-snaSR0/observe/node_modules/cld/build
        /home/runner/v2-snaSR0/observe/node_modules/cld/build/config.gypi
        /home/runner/v2-snaSR0/observe/node_modules/cld/build/Makefile
        /home/runner/v2-snaSR0/observe/node_modules/cld/build/deps
        /home/runner/v2-snaSR0/observe/node_modules/cld/build/deps/cld
        /home/runner/v2-snaSR0/observe/node_modules/cld/build/deps/cld/cld-c.target.mk
        /home/runner/v2-snaSR0/observe/node_modules/cld/build/cld.target.mk
        /home/runner/v2-snaSR0/observe/node_modules/cld/build/binding.Makefile
        /home/runner/v2-snaSR0/observe/node_modules/cld/build/deps/cld/binding.Makefile
        /home/runner/v2-snaSR0/observe/node_modules/cld/build/node_gyp_bins
        … and 120 more
    kernelfs      1
        /dev/null
  == NETWORK ==
    AF_INET sockets: 3   distinct peers: 3
        127.0.0.53:53
        104.16.0.34:443
        104.16.213.131:443
  == REFUSALS (only `= -1 EACCES/EPERM/EROFS`) ==
    distinct: 0
  == SYNTHESIZED GRANT (verify this in the real unprivileged jail) ==
    {"network":true}
    NOTE 1 kernel-fs touches (/proc,/sys,/dev) — a READ floor question, not a write grant
  == writePaths (DERIVED — promotion out of the package's PRIVATE home) ==
    private-home writes observed: 3328
    none declared — every write was a FILE at the top of the private home, or landed in a directory the TOOLCHAIN owns (see `writePathsDeny`) — an entry names a directory belonging to the PACKAGE, so there is nothing to name
  == writePaths FEASIBILITY (distinct writes outside project/deps) ==
    count: 0
    EVENTS    66462 distinct from 159230 calls (171407 lines, 11189 rejoined, 0 unparsed)
    PROCS     756   lifecycle shells 744
    ⛔ 1 paths with an UNRESOLVED dirfd — kept, marked, never guessed
    unsubscribed/unmapped syscalls: wait4×822 exit_group×718 getcwd×557 setsockopt×70 getsockname×42 exit×34 getsockopt×27 socketpair×12
    wrote /home/runner/v2-snaSR0/observe/events.ndjson.gz (340311 bytes)
  EVENTLOG-FILE /home/runner/v2-snaSR0/observe/events.ndjson.gz
  EVENTLOG-STATS {"lines":171407,"parsed":159230,"unparsed":0,"unfinished":11189,"rejoined":11189,"unresolvedDirfd":1,"truncatedArg":0,"procs":756,"lifecyclePids":744,"distinctEvents":66462,"unknownSyscall":{"getsockname":42,"getsockopt":27,"getcwd":557,"recvmsg":9,"exit":34,"setsockopt":70,"sendmmsg":2,"socketpair":12,"shutdown":12,"exit_group":718,"wait4":822},"out":"/home/runner/v2-snaSR0/observe/events.ndjson.gz","gzipBytes":340311}
  EVICT     11 store entries removed, 0 spared as nub tooling
  SE-PURGE  0 side-effects-cache entries for cld
OSV-SCREEN {"schemaVersion":1,"kind":"nub-synth-resolved","status":"clean","digest":"c4cca26af9738b2f020a5cc7bf577d63f76c1506271cc731f39680de0f72f87d","specCount":14,"lockfiles":{"digest":"6fc10d51dc069d0e25118f24fc934680ea70f3d92b164914750b925875eaf6d6","files":[{"path":"nub.lock","sha256":"9bd09382ad99750f47e17709f8b9bc8c5ff895c2a78cb7f84e4db127a5cb69ea","bytes":3608}]},"maliciousAdvisories":[],"screenedAt":"2026-09-07T23:51:47.967Z","cacheHit":true,"clearancePath":"/home/runner/v2-snaSR0/security/nub-synth-resolved.json"}
  SECURITY nub-synth-resolved clean: 14 exact package-version(s), tree c4cca26af973 (cached exact-tree clearance)
  VENUE-STORE-LAYOUT isolated
  VERIFY[synth] rc=0 artifacts=153/153 missing=0 shortfall=none (tree 2200/732) OVERRIDDEN=2 REJECTED=0 grant={"network":true}
  => VERIFIED {"network":true}   (observed, then verified)
  EVICT     14 store entries removed, 0 spared as nub tooling
  SE-PURGE  0 side-effects-cache entries for cld
OSV-SCREEN {"schemaVersion":1,"kind":"nub-drop-no-network-resolved","status":"clean","digest":"c4cca26af9738b2f020a5cc7bf577d63f76c1506271cc731f39680de0f72f87d","specCount":14,"lockfiles":{"digest":"6fc10d51dc069d0e25118f24fc934680ea70f3d92b164914750b925875eaf6d6","files":[{"path":"nub.lock","sha256":"9bd09382ad99750f47e17709f8b9bc8c5ff895c2a78cb7f84e4db127a5cb69ea","bytes":3608}]},"maliciousAdvisories":[],"screenedAt":"2026-09-07T23:51:47.967Z","cacheHit":true,"clearancePath":"/home/runner/v2-snaSR0/security/nub-drop-no-network-resolved.json"}
  SECURITY nub-drop-no-network-resolved clean: 14 exact package-version(s), tree c4cca26af973 (cached exact-tree clearance)
  VERIFY[drop-no-network] rc=0 artifacts=153/153 missing=0 shortfall=none (tree 2200/732) OVERRIDDEN=2 REJECTED=0 grant={}
     ⛔ OVER-PREDICTED: dropping 'no-network' STILL VERIFIES — {} is sufficient
  => OVER-PREDICTED by: no-network  (synthesized {"network":true}; each named capability drops on its own)
