OSV-SCREEN {"schemaVersion":1,"kind":"direct","status":"clean","digest":"50b8025152b3fcf952d84f912c70466f368c3223c899857a4234c0774a2022a8","specCount":1,"lockfiles":{"digest":null,"files":[]},"maliciousAdvisories":[],"screenedAt":"2026-08-31T19:41:06.138Z","cacheHit":false,"clearancePath":"/Users/runner/v2m-6jW34A/security/direct.json"}
  SECURITY direct clean: 1 exact package-version(s), tree 50b8025152b3
  ERA-NODE PINNED 20.20.2 (provisioned) (arms will run: v20.20.2)
  ERA-PYTHON /Users/runner/hostedtoolcache/Python/3.9.13/arm64/bin/python (Python 3.9.13) for era Node 20, whose node-gyp requires python3
  ARM-MAKE /usr/bin/make (GNU Make 3.81) — the system make; a build needing GNU Make 4 WILL fail here
### tree-sitter@0.21.1   (/Users/runner/v2m-6jW34A)   nub=/tmp/nub/target/release/nub
  VENUE-NUB-BINARY {"path":"/tmp/nub/target/release/nub","sha256":"69e622342d0c8393c78fa50a01dc9cc0a94371ac9b106b59bdcc016f06d86d30","bytes":94535576,"features":{"buildJailCatalogOverride":true,"pythonDontWriteBytecodeEnv":true}}
  CI-ENV scrubbed: CI GITHUB_ACTIONS
  --- fbt preflight (advisory; never fails the run) ---
     csrutil: System Integrity Protection status: disabled.
     fbt probes visible: 93577
     fbt enable attempt: dtrace: description 'fbt:::entry ' matched 50357 probes CPU     ID                    FUNCTION:NAME 
     cwd builtin value:  
     fbt chdir symbols:  
     fbt fires on spawn-with-cwd: dtrace: invalid probe specifier fbt::chdir*:entry /progenyof($target)/ { @[probefunc] = count(); }: probe description fbt::chdir*:entry does not match any probes 
  --- end fbt preflight ---
  ERA-RESOLUTION DATED 2024-03-29T21:42:20.573Z (deps as of the package's own publish date + 1d)
OSV-SCREEN {"schemaVersion":1,"kind":"npm-observe-resolved","status":"clean","digest":"5c511fbbe746659d7e90b54b33fe004e1e6d34242e77f70af5ed2c5e7913f594","specCount":3,"lockfiles":{"digest":"ea2b54562a64d1031e6acea8fedb6660b620a391510e9f32f606c0fb5d72e045","files":[{"path":"package-lock.json","sha256":"3cc476179736332b8df82c8066c4659ce8a9b0bcd1db74486a609a8720af0d44","bytes":1486}]},"maliciousAdvisories":[],"screenedAt":"2026-08-31T19:41:12.060Z","cacheHit":false,"clearancePath":"/Users/runner/v2m-6jW34A/security/npm-observe-resolved.json"}
  SECURITY npm-observe-resolved clean: 3 exact package-version(s), tree 5c511fbbe746
  ARM-PATH SANITISED (dropped 1: /Users/runner/.yarn/bin)
  ARM-AMBIENT-TOOLS none
  ARM-SCAFFOLD none
  ARM-UNPROVIDABLE none
  VENUE-CI-CHILD clean (no CI-detection variable reaches the traced script)
  ARM-REBUILD-SPEC tree-sitter@0.21.1
  --- wrapper (run.sh) ---
     cd "/Users/runner/v2m-6jW34A/Observe"
     sudo -u "runner" -H env "PATH=/Users/runner/v2m-6jW34A/Observe/node_modules/.bin:/Users/runner/.cache/nub/era-node/20.20.2/node-v20.20.2-darwin-arm64/bin:/Users/runner/hostedtoolcache/node/22.23.2/arm64/bin:/opt/homebrew/lib/ruby/gems/3.3.0/bin:/opt/homebrew/opt/ruby@3.3/bin:/Users/runner/.local/bin:/opt/homebrew/bin:/opt/homebrew/sbin:/Users/runner/.cargo/bin:/usr/local/opt/curl/bin:/usr/local/bin:/usr/local/sbin:/Users/runner/bin:/Users/runner/Library/Android/sdk/tools:/Users/runner/Library/Android/sdk/platform-tools:/Library/Frameworks/Python.framework/Versions/Current/bin:/Library/Frameworks/Mono.framework/Versions/Current/Commands:/usr/bin:/bin:/usr/sbin:/sbin:/Users/runner/.dotnet/tools"   "HOME=/Users/runner/v2m-6jW34A/jailhome"   "TMPDIR=/private/var/folders/_5/zjnzxgh147qcg3bb5cg2wvqw0000gn/T/nub-tmp-obsSl4Prd"   "NODE_COMPAT=1"   "PYTHONDONTWRITEBYTECODE=1"   "PLAYWRIGHT_BROWSERS_PATH=/Users/runner/.cache/nub/pm/tools/ms-playwright"   "ELECTRON_CACHE=/Users/runner/.cache/nub/pm/tools/electron-cache"   "electron_config_cache=/Users/runner/.cache/nub/pm/tools/electron-cache"   "npm_config_prefix=/Users/runner/.cache/nub/pm/tools/npm-prefix"   PYTHON=/Users/runner/hostedtoolcache/Python/3.9.13/arm64/bin/python   npm rebuild --no-audit --no-fund "tree-sitter@0.21.1" > "/Users/runner/v2m-6jW34A/Observe/npm.log" 2>&1
     echo $? > "/Users/runner/v2m-6jW34A/Observe/rc"
  --- dtrace stderr + wrapper trace ---
     + cd /Users/runner/v2m-6jW34A/Observe
     + sudo -u runner -H env PATH=/Users/runner/v2m-6jW34A/Observe/node_modules/.bin:/Users/runner/.cache/nub/era-node/20.20.2/node-v20.20.2-darwin-arm64/bin:/Users/runner/hostedtoolcache/node/22.23.2/arm64/bin:/opt/homebrew/lib/ruby/gems/3.3.0/bin:/opt/homebrew/opt/ruby@3.3/bin:/Users/runner/.local/bin:/opt/homebrew/bin:/opt/homebrew/sbin:/Users/runner/.cargo/bin:/usr/local/opt/curl/bin:/usr/local/bin:/usr/local/sbin:/Users/runner/bin:/Users/runner/Library/Android/sdk/tools:/Users/runner/Library/Android/sdk/platform-tools:/Library/Frameworks/Python.framework/Versions/Current/bin:/Library/Frameworks/Mono.framework/Versions/Current/Commands:/usr/bin:/bin:/usr/sbin:/sbin:/Users/runner/.dotnet/tools HOME=/Users/runner/v2m-6jW34A/jailhome TMPDIR=/private/var/folders/_5/zjnzxgh147qcg3bb5cg2wvqw0000gn/T/nub-tmp-obsSl4Prd NODE_COMPAT=1 PYTHONDONTWRITEBYTECODE=1 PLAYWRIGHT_BROWSERS_PATH=/Users/runner/.cache/nub/pm/tools/ms-playwright ELECTRON_CACHE=/Users/runner/.cache/nub/pm/tools/electron-cache electron_config_cache=/Users/runner/.cache/nub/pm/tools/electron-cache npm_config_prefix=/Users/runner/.cache/nub/pm/tools/npm-prefix PYTHON=/Users/runner/hostedtoolcache/Python/3.9.13/arm64/bin/python npm rebuild --no-audit --no-fund tree-sitter@0.21.1
     dtrace: error on enabled probe ID 128 (ID 286: syscall::execve:entry): invalid address (0x600002695170) in action #1 at DIF offset 20
     + echo 0
  OBSERVE   rc=0 dtrace_rc=0 files=118 (pre=116) trace=6009 lines
  CLOSURE   3 packages evicted per arm   store=/Users/runner/.cache/nub/pm/store
  RAWLOG-FILE /Users/runner/v2m-6jW34A/Observe/trace.txt.gz
  RAWLOG-CAPTURE /Users/runner/v2m-6jW34A/Observe/capture.json
  RAWLOG-BYTES raw=1058883 gz=35165
  VENUE-INTERPRETER /Users/runner/hostedtoolcache/node/22.23.2/arm64
  VENUE-NODE-SELECTION {"pkg":"tree-sitter","packageVersion":"0.21.1","major":20,"version":"20.20.2","npm":"10.8.2","pinnable":true,"engines":null,"publishedAt":"2024-03-28T21:42:20.573Z","eraMajor":20,"startMajor":20,"raisedByEngines":false,"enginesUnsatisfiable":false,"clampedToFloor":false,"clampedToCeiling":false,"matrixFloor":4,"matrixCeiling":26,"lookupFailure":null,"pinned":true,"pinnedBin":"/Users/runner/.cache/nub/era-node/20.20.2/node-v20.20.2-darwin-arm64/bin","eraNodeRoot":"/Users/runner/.cache/nub"}
  VENUE-OVERRIDES {"set":{"PATH":"inherited-and-forwarded","HOME":"/Users/runner/v2m-6jW34A/jailhome","TMPDIR":"/private/var/folders/_5/zjnzxgh147qcg3bb5cg2wvqw0000gn/T/nub-tmp-obsSl4Prd","NODE_COMPAT":"1","PYTHONDONTWRITEBYTECODE":"1","PLAYWRIGHT_BROWSERS_PATH":"/Users/runner/.cache/nub/pm/tools/ms-playwright","ELECTRON_CACHE":"/Users/runner/.cache/nub/pm/tools/electron-cache","electron_config_cache":"/Users/runner/.cache/nub/pm/tools/electron-cache","npm_config_prefix":"/Users/runner/.cache/nub/pm/tools/npm-prefix"},"unset":["(sudo env_reset discards the caller environment; every var above is re-set after it)","CI","GITHUB_ACTIONS"],"passedThrough":{"CI":"true","GITHUB_ACTIONS":"true","NODE_ENV":null}}
  VENUE-OBSERVE-USER runner uid=501 (R7: ordinary non-root user, asserted)
  ARM-FALSIFIABILITY {"manifestFiles":80,"filesTheScriptProduced":0,"reasons":["gate-vacuous"]}
  ⛔ ARMS-UNFALSIFIABLE — the artifact gate carries no signal for this package:
       gate-vacuous: the script changed no file the artifact gate keys on — every file in the manifest (80) was already present at its final size before the script ran, so the gate passes in every arm including a completely broken one
       The EXIT CODE is still a live detector here, so a descent arm that actually
       FAILED is evidence. What is missing is the gate, not every signal — do not read
       a green arm as proof on its own, and do not read this note as "no evidence".
  EVENTLOG-FILE /Users/runner/v2m-6jW34A/Observe/events.ndjson.gz
  EVENTLOG-STATS {"lines":6010,"parsed":5992,"unparsed":0,"live":true,"tracerErrors":1,"tracerErrorTotal":1,"unresolvedDirfd":36,"unresolvedFd":0,"pairedTwoPath":0,"danglingPair":0,"failed":2100,"enoent":2096,"refusals":0,"byErrno":{"ENXIO":4,"ENOENT":2096},"procs":6,"lifecyclePids":2,"distinctEvents":3707,"emitted":3707,"calls":5951,"bytes":711633,"gzipBytes":21475,"out":"/Users/runner/v2m-6jW34A/Observe/events.ndjson"}
  == TRACER == live=true decodable-events=1118 dropped-events=1
    NOTE 24 relative path(s) under a non-AT_FDCWD dirfd were not
       scope-assigned: resolving them against the cwd would invent a path.
    ⛔ CWD-UNOBSERVED 2 relative path(s) (0 write(s)) came from a lifecycle
       process whose own cwd was never observed
       macOS spawns with posix_spawn addchdir_np, which changes directory in-kernel and
       emits no chdir syscall, so the inherited cwd cannot be trusted. These are NOT
       scope-assigned; the grant below is WIDENED instead so it covers wherever they landed.
         pid=34690 read  unproven .
         pid=34691 read  unproven .
    ⛔ THE TRACER DROPPED 1 EVENT(S). A dropped event is a path never
       seen, so the grant below can only be too NARROW — the direction that breaks installs.
       Treat it as a FLOOR, not a measurement, until the adapter fault is fixed:
             1 x  epid=128 action=1 fault=1 addr=0x600002695170
  == ATTRIBUTION == lifecycle pids: 2
    writes  script 1  /  whole traced subtree 7
    sockets script 0  /  whole traced subtree 1
  == ROOTS (from /Users/runner/v2m-6jW34A/Observe/capture.json; the classifier reads no other source) ==
    project       /Users/runner/v2m-6jW34A/Observe
    home          /Users/runner
    jailHome      /Users/runner/v2m-6jW34A/jailhome
    globalStore   /Users/runner/.cache/nub/pm/store
    projectStore  /Users/runner/v2m-6jW34A/Observe/node_modules/.store
    interpreter   /Users/runner/hostedtoolcache/node/22.23.2/arm64
    toolsDir      /Users/runner/.cache/nub/pm/tools
    temp          /private/var/folders/_5/zjnzxgh147qcg3bb5cg2wvqw0000gn/T/nub-tmp-obsSl4Prd
    npmPrefix     /Users/runner/.cache/nub/pm/tools/npm-prefix
    ownPkg        /Users/runner/v2m-6jW34A/Observe/node_modules/tree-sitter
    cwd           (null — this platform has no such root)
  == WRITES the script actually performed ==
    systemfs      1
        /dev/dtracehelper
  == READS the script performed, by scope ==
    outside       6
    systemfs      8
    userHome      2
    deps          5
    ownPkg        4
        outside: /
        outside: /bin/bash
        outside: /bin
        outside: /usr/bin/env
        outside: /usr/bin
        outside: /bin/sh
  == NETWORK ==
    AF_INET connects: 0   distinct peers: 0
  == REFUSALS (errno EPERM/EACCES/EROFS only; ENOENT is a miss, not a denial) ==
    distinct: 0
  == SYNTHESIZED GRANT (verify this in the real unprivileged jail) ==
    {}
  == writePaths (DERIVED — promotion out of the package's PRIVATE home) ==
    private-home writes observed: 0
    none declared — the script wrote nothing into its private home — there is nothing to promote
  == writePaths FEASIBILITY (distinct writes outside project/deps) ==
    count: 0
  EVICT[synth] 0 store entries removed, 0 spared as nub tooling, 597 in store
OSV-SCREEN {"schemaVersion":1,"kind":"nub-synth-resolved","status":"clean","digest":"bbb4ae8fd97fe8d66c5b020b39f4b07cb5d5ed9e75b6735e92d95f6af6d09d7a","specCount":3,"lockfiles":{"digest":"b663caada2188b50269fcdd65402b33097f44c4b3f53d14e657ccdf2a23c7175","files":[{"path":"nub.lock","sha256":"9f1355577b9755fc3e4bcafead0b39fdcff5ceb829b3f2e2199a5d0154d741da","bytes":880}]},"maliciousAdvisories":[],"screenedAt":"2026-08-31T19:41:15.677Z","cacheHit":false,"clearancePath":"/Users/runner/v2m-6jW34A/security/nub-synth-resolved.json"}
  SECURITY nub-synth-resolved clean: 3 exact package-version(s), tree bbb4ae8fd97f
  VENUE-STORE-LAYOUT isolated
  VERIFY[synth] rc=0 artifacts=80/80 missing=0 shortfall=none (tree 335/118) OVERRIDDEN=3 REJECTED=0 grant={}
  => VERIFIED {}
  NARROW    no capability to drop — the grant is already empty; over-prediction is 0 by construction
### DONE tree-sitter@0.21.1  synthesized={} verified=1
