OSV-SCREEN {"schemaVersion":1,"kind":"direct","status":"clean","digest":"40b779392681c9289de60657f872af2a41491f7ed702b1feece98073ee385d29","specCount":1,"lockfiles":{"digest":null,"files":[]},"maliciousAdvisories":[],"screenedAt":"2026-08-27T13:12:16.390Z","cacheHit":false,"clearancePath":"/Users/runner/v2m-4YAdnq/security/direct.json"}
  SECURITY direct clean: 1 exact package-version(s), tree 40b779392681
  ERA-NODE PINNED 14.21.3 (provisioned) (arms will run: v14.21.3)
  ERA-PYTHON /Users/runner/hostedtoolcache/Python/3.9.13/arm64/bin/python (Python 3.9.13) for era Node 14, whose node-gyp requires python3-legacy
  ARM-MAKE /usr/bin/make (GNU Make 3.81) — the system make; a build needing GNU Make 4 WILL fail here
### saucectl@0.33.4   (/Users/runner/v2m-4YAdnq)   nub=/tmp/nub/target/release/nub
  VENUE-NUB-BINARY {"path":"/tmp/nub/target/release/nub","sha256":"69e622342d0c8393c78fa50a01dc9cc0a94371ac9b106b59bdcc016f06d86d30","bytes":94535576,"features":{"buildJailCatalogOverride":true,"pythonDontWriteBytecodeEnv":true}}
  CI-ENV scrubbed: CI GITHUB_ACTIONS
  --- fbt preflight (advisory; never fails the run) ---
     csrutil: System Integrity Protection status: disabled.
     fbt probes visible: 93577
     fbt enable attempt: dtrace: description 'fbt:::entry ' matched 50357 probes CPU     ID                    FUNCTION:NAME 
     cwd builtin value:  
     fbt chdir symbols:  
     fbt fires on spawn-with-cwd: dtrace: invalid probe specifier fbt::chdir*:entry /progenyof($target)/ { @[probefunc] = count(); }: probe description fbt::chdir*:entry does not match any probes 
  --- end fbt preflight ---
  ERA-RESOLUTION DATED 2021-03-25T18:20:43.972Z (deps as of the package's own publish date + 1d)
OSV-SCREEN {"schemaVersion":1,"kind":"npm-observe-resolved","status":"clean","digest":"c39e5fa246917924ebe90d0174ff7f3e34cc61e1bf12cd0c8725443da4929c0e","specCount":139,"lockfiles":{"digest":"42020039694e53b30a42a508baa97010243cff93400fd542525d3165f3832068","files":[{"path":"package-lock.json","sha256":"1d761a5de363f5859507c4a5eafe076597e18aadd28569feab210a4e05cba37b","bytes":57455}]},"maliciousAdvisories":[],"screenedAt":"2026-08-27T13:12:26.427Z","cacheHit":false,"clearancePath":"/Users/runner/v2m-4YAdnq/security/npm-observe-resolved.json"}
  SECURITY npm-observe-resolved clean: 139 exact package-version(s), tree c39e5fa24691
  ARM-PATH SANITISED (dropped 1: /Users/runner/.yarn/bin)
  ARM-AMBIENT-TOOLS none
  ARM-SCAFFOLD none
  ARM-UNPROVIDABLE none
  VENUE-CI-CHILD clean (no CI-detection variable reaches the traced script)
  --- wrapper (run.sh) ---
     cd "/Users/runner/v2m-4YAdnq/Observe"
     sudo -u "runner" -H env "PATH=/Users/runner/v2m-4YAdnq/Observe/node_modules/.bin:/Users/runner/.cache/nub/era-node/14.21.3/node-v14.21.3-darwin-x64/bin:/Users/runner/hostedtoolcache/node/22.23.2/arm64/bin:/opt/homebrew/lib/ruby/gems/3.3.0/bin:/opt/homebrew/opt/ruby@3.3/bin:/Users/runner/.local/bin:/opt/homebrew/bin:/opt/homebrew/sbin:/Users/runner/.cargo/bin:/usr/local/opt/curl/bin:/usr/local/bin:/usr/local/sbin:/Users/runner/bin:/Users/runner/Library/Android/sdk/tools:/Users/runner/Library/Android/sdk/platform-tools:/Library/Frameworks/Python.framework/Versions/Current/bin:/Library/Frameworks/Mono.framework/Versions/Current/Commands:/usr/bin:/bin:/usr/sbin:/sbin:/Users/runner/.dotnet/tools"   "HOME=/Users/runner/v2m-4YAdnq/jailhome"   "TMPDIR=/private/var/folders/_5/zjnzxgh147qcg3bb5cg2wvqw0000gn/T/nub-tmp-obszrYlse"   "NODE_COMPAT=1"   "PYTHONDONTWRITEBYTECODE=1"   "PLAYWRIGHT_BROWSERS_PATH=/Users/runner/.cache/nub/pm/tools/ms-playwright"   "ELECTRON_CACHE=/Users/runner/.cache/nub/pm/tools/electron-cache"   "electron_config_cache=/Users/runner/.cache/nub/pm/tools/electron-cache"   "npm_config_prefix=/Users/runner/.cache/nub/pm/tools/npm-prefix"   PYTHON=/Users/runner/hostedtoolcache/Python/3.9.13/arm64/bin/python   npm rebuild --no-audit --no-fund "saucectl" > "/Users/runner/v2m-4YAdnq/Observe/npm.log" 2>&1
     echo $? > "/Users/runner/v2m-4YAdnq/Observe/rc"
  --- dtrace stderr + wrapper trace ---
     + cd /Users/runner/v2m-4YAdnq/Observe
     + sudo -u runner -H env PATH=/Users/runner/v2m-4YAdnq/Observe/node_modules/.bin:/Users/runner/.cache/nub/era-node/14.21.3/node-v14.21.3-darwin-x64/bin:/Users/runner/hostedtoolcache/node/22.23.2/arm64/bin:/opt/homebrew/lib/ruby/gems/3.3.0/bin:/opt/homebrew/opt/ruby@3.3/bin:/Users/runner/.local/bin:/opt/homebrew/bin:/opt/homebrew/sbin:/Users/runner/.cargo/bin:/usr/local/opt/curl/bin:/usr/local/bin:/usr/local/sbin:/Users/runner/bin:/Users/runner/Library/Android/sdk/tools:/Users/runner/Library/Android/sdk/platform-tools:/Library/Frameworks/Python.framework/Versions/Current/bin:/Library/Frameworks/Mono.framework/Versions/Current/Commands:/usr/bin:/bin:/usr/sbin:/sbin:/Users/runner/.dotnet/tools HOME=/Users/runner/v2m-4YAdnq/jailhome TMPDIR=/private/var/folders/_5/zjnzxgh147qcg3bb5cg2wvqw0000gn/T/nub-tmp-obszrYlse NODE_COMPAT=1 PYTHONDONTWRITEBYTECODE=1 PLAYWRIGHT_BROWSERS_PATH=/Users/runner/.cache/nub/pm/tools/ms-playwright ELECTRON_CACHE=/Users/runner/.cache/nub/pm/tools/electron-cache electron_config_cache=/Users/runner/.cache/nub/pm/tools/electron-cache npm_config_prefix=/Users/runner/.cache/nub/pm/tools/npm-prefix PYTHON=/Users/runner/hostedtoolcache/Python/3.9.13/arm64/bin/python npm rebuild --no-audit --no-fund saucectl
     dtrace: error on enabled probe ID 128 (ID 286: syscall::execve:entry): invalid address (0x60000138c090) in action #1 at DIF offset 20
     dtrace: error on enabled probe ID 128 (ID 286: syscall::execve:entry): invalid address (0x60000085c580) in action #1 at DIF offset 20
     dtrace: error on enabled probe ID 128 (ID 286: syscall::execve:entry): invalid address (0x60000085c580) in action #1 at DIF offset 20
     dtrace: error on enabled probe ID 128 (ID 286: syscall::execve:entry): invalid address (0x60000085c580) in action #1 at DIF offset 20
     dtrace: error on enabled probe ID 128 (ID 286: syscall::execve:entry): invalid address (0x60000085c580) in action #1 at DIF offset 20
     dtrace: error on enabled probe ID 128 (ID 286: syscall::execve:entry): invalid address (0x60000085c580) in action #1 at DIF offset 20
     dtrace: error on enabled probe ID 128 (ID 286: syscall::execve:entry): invalid address (0x60000085c580) in action #1 at DIF offset 20
     dtrace: error on enabled probe ID 128 (ID 286: syscall::execve:entry): invalid address (0x60000085c580) in action #1 at DIF offset 20
     dtrace: error on enabled probe ID 128 (ID 286: syscall::execve:entry): invalid address (0x60000085c580) in action #1 at DIF offset 20
     dtrace: error on enabled probe ID 128 (ID 286: syscall::execve:entry): invalid address (0x60000085c580) in action #1 at DIF offset 20
     dtrace: error on enabled probe ID 128 (ID 286: syscall::execve:entry): invalid address (0x60000085c580) in action #1 at DIF offset 20
     dtrace: error on enabled probe ID 128 (ID 286: syscall::execve:entry): invalid address (0x60000085c580) in action #1 at DIF offset 20
     dtrace: error on enabled probe ID 128 (ID 286: syscall::execve:entry): invalid address (0x60000085c580) in action #1 at DIF offset 20
     dtrace: error on enabled probe ID 128 (ID 286: syscall::execve:entry): invalid address (0x60000085c580) in action #1 at DIF offset 20
     dtrace: error on enabled probe ID 128 (ID 286: syscall::execve:entry): invalid address (0x60000085c580) in action #1 at DIF offset 20
     dtrace: error on enabled probe ID 128 (ID 286: syscall::execve:entry): invalid address (0x60000085c580) in action #1 at DIF offset 20
     dtrace: error on enabled probe ID 128 (ID 286: syscall::execve:entry): invalid address (0x60000085c580) in action #1 at DIF offset 20
     dtrace: error on enabled probe ID 128 (ID 286: syscall::execve:entry): invalid address (0x60000085c580) in action #1 at DIF offset 20
     dtrace: error on enabled probe ID 128 (ID 286: syscall::execve:entry): invalid address (0x60000085c580) in action #1 at DIF offset 20
     dtrace: error on enabled probe ID 128 (ID 286: syscall::execve:entry): invalid address (0x60000085c580) in action #1 at DIF offset 20
     dtrace: error on enabled probe ID 128 (ID 286: syscall::execve:entry): invalid address (0x60000085c580) in action #1 at DIF offset 20
     dtrace: error on enabled probe ID 128 (ID 286: syscall::execve:entry): invalid address (0x60000085c580) in action #1 at DIF offset 20
     dtrace: error on enabled probe ID 128 (ID 286: syscall::execve:entry): invalid address (0x60000085c580) in action #1 at DIF offset 20
     + echo 0
  OBSERVE   rc=0 dtrace_rc=0 files=764 (pre=760) trace=17986 lines
  CLOSURE   127 packages evicted per arm   store=/Users/runner/.cache/nub/pm/store
  RAWLOG-FILE /Users/runner/v2m-4YAdnq/Observe/trace.txt.gz
  RAWLOG-CAPTURE /Users/runner/v2m-4YAdnq/Observe/capture.json
  RAWLOG-BYTES raw=2507209 gz=111328
  VENUE-INTERPRETER /Users/runner/hostedtoolcache/node/22.23.2/arm64
  VENUE-NODE-SELECTION {"pkg":"saucectl","packageVersion":"0.33.4","major":14,"version":"14.21.3","npm":"6.14.18","pinnable":true,"engines":null,"publishedAt":"2021-03-24T18:20:43.972Z","eraMajor":14,"startMajor":14,"raisedByEngines":false,"enginesUnsatisfiable":false,"clampedToFloor":false,"clampedToCeiling":false,"matrixFloor":4,"matrixCeiling":26,"lookupFailure":null,"pinned":true,"pinnedBin":"/Users/runner/.cache/nub/era-node/14.21.3/node-v14.21.3-darwin-x64/bin","eraNodeRoot":"/Users/runner/.cache/nub"}
  VENUE-OVERRIDES {"set":{"PATH":"inherited-and-forwarded","HOME":"/Users/runner/v2m-4YAdnq/jailhome","TMPDIR":"/private/var/folders/_5/zjnzxgh147qcg3bb5cg2wvqw0000gn/T/nub-tmp-obszrYlse","NODE_COMPAT":"1","PYTHONDONTWRITEBYTECODE":"1","PLAYWRIGHT_BROWSERS_PATH":"/Users/runner/.cache/nub/pm/tools/ms-playwright","ELECTRON_CACHE":"/Users/runner/.cache/nub/pm/tools/electron-cache","electron_config_cache":"/Users/runner/.cache/nub/pm/tools/electron-cache","npm_config_prefix":"/Users/runner/.cache/nub/pm/tools/npm-prefix"},"unset":["(sudo env_reset discards the caller environment; every var above is re-set after it)","CI","GITHUB_ACTIONS"],"passedThrough":{"CI":"true","GITHUB_ACTIONS":"true","NODE_ENV":null}}
  VENUE-OBSERVE-USER runner uid=501 (R7: ordinary non-root user, asserted)
  ARM-FALSIFIABILITY {"manifestFiles":8,"filesTheScriptProduced":2,"reasons":[]}
  EVENTLOG-FILE /Users/runner/v2m-4YAdnq/Observe/events.ndjson.gz
  EVENTLOG-STATS {"lines":17987,"parsed":17945,"unparsed":0,"live":true,"tracerErrors":23,"tracerErrorTotal":23,"unresolvedDirfd":27,"unresolvedFd":0,"pairedTwoPath":1,"danglingPair":0,"failed":12930,"enoent":12922,"refusals":0,"byErrno":{"ENXIO":3,"ENOENT":12922,"EEXIST":5},"procs":7,"lifecyclePids":1,"distinctEvents":10207,"emitted":10207,"calls":17926,"bytes":1646883,"gzipBytes":59057,"out":"/Users/runner/v2m-4YAdnq/Observe/events.ndjson"}
  == TRACER == live=true decodable-events=2002 dropped-events=23
    NOTE 18 relative path(s) under a non-AT_FDCWD dirfd were not
       scope-assigned: resolving them against the cwd would invent a path.
    ⛔ CWD-UNOBSERVED 2 relative path(s) (0 write(s)) came from a lifecycle
       process whose own cwd was never observed
       macOS spawns with posix_spawn addchdir_np, which changes directory in-kernel and
       emits no chdir syscall, so the inherited cwd cannot be trusted. These are NOT
       scope-assigned; the grant below is WIDENED instead so it covers wherever they landed.
         pid=45797 read  unproven .
         pid=45797 read  unproven .
    ⛔ THE TRACER DROPPED 23 EVENT(S). A dropped event is a path never
       seen, so the grant below can only be too NARROW — the direction that breaks installs.
       Treat it as a FLOOR, not a measurement, until the adapter fault is fixed:
            22 x  epid=128 action=1 fault=1 addr=0x60000085c580
             1 x  epid=128 action=1 fault=1 addr=0x60000138c090
  == ATTRIBUTION == lifecycle pids: 1
    writes  script 3  /  whole traced subtree 11
    sockets script 2  /  whole traced subtree 2
  == ROOTS (from /Users/runner/v2m-4YAdnq/Observe/capture.json; the classifier reads no other source) ==
    project       /Users/runner/v2m-4YAdnq/Observe
    home          /Users/runner
    jailHome      /Users/runner/v2m-4YAdnq/jailhome
    globalStore   /Users/runner/.cache/nub/pm/store
    projectStore  /Users/runner/v2m-4YAdnq/Observe/node_modules/.store
    interpreter   /Users/runner/hostedtoolcache/node/22.23.2/arm64
    toolsDir      /Users/runner/.cache/nub/pm/tools
    temp          /private/var/folders/_5/zjnzxgh147qcg3bb5cg2wvqw0000gn/T/nub-tmp-obszrYlse
    npmPrefix     /Users/runner/.cache/nub/pm/tools/npm-prefix
    ownPkg        /Users/runner/v2m-4YAdnq/Observe/node_modules/saucectl
    cwd           (null — this platform has no such root)
  == WRITES the script actually performed ==
    ownPkg        3  (base profile already grants this — NOT billed)
        /Users/runner/v2m-4YAdnq/Observe/node_modules/saucectl/bin
        /Users/runner/v2m-4YAdnq/Observe/node_modules/saucectl/bin/LICENSE
        /Users/runner/v2m-4YAdnq/Observe/node_modules/saucectl/bin/saucectl
  == READS the script performed, by scope ==
    systemfs     11
    outside       6
    userHome      2
    ownPkg        6
    deps        321
        outside: /
        outside: /bin/bash
        outside: /bin
        outside: /etc/resolv.conf
        outside: /var/db/timezone/zoneinfo/UTC
        outside: /var/db/timezone/zoneinfo/posixrules
  == NETWORK ==
    AF_INET connects: 2   distinct peers: 2
        172.182.252.133:443
        185.199.109.133:443
  == REFUSALS (errno EPERM/EACCES/EROFS only; ENOENT is a miss, not a denial) ==
    distinct: 0
  == SYNTHESIZED GRANT (verify this in the real unprivileged jail) ==
    {"network":true}
  == writePaths (DERIVED — promotion out of the package's PRIVATE home) ==
    private-home writes observed: 0
    none declared — the script wrote nothing into its private home — there is nothing to promote
  == writePaths FEASIBILITY (distinct writes outside project/deps) ==
    count: 0
  EVICT[synth] 110 store entries removed, 40 spared as nub tooling, 1262 in store
OSV-SCREEN {"schemaVersion":1,"kind":"nub-synth-resolved","status":"clean","digest":"bdef1c50a8e56a36d869ab93aad79f3166ef842d9d3b3f63d9380e9a6af9ccc0","specCount":170,"lockfiles":{"digest":"dd2cc2399872d82d2e44d7e70554e96308d85f239e917ee8db106fb6cf837725","files":[{"path":"nub.lock","sha256":"81e3dab05a8b393a28b29bfee1c8998b4fedce6927f3379caa04a5a82d1543bb","bytes":40151}]},"maliciousAdvisories":[],"screenedAt":"2026-08-27T13:12:37.257Z","cacheHit":false,"clearancePath":"/Users/runner/v2m-4YAdnq/security/nub-synth-resolved.json"}
  SECURITY nub-synth-resolved clean: 170 exact package-version(s), tree bdef1c50a8e5
  VENUE-STORE-LAYOUT isolated
  VERIFY[synth] rc=0 artifacts=8/8 missing=0 shortfall=none (tree 4358/764) OVERRIDDEN=3 REJECTED=0 grant={"network":true}
  => VERIFIED {"network":true}
  EVICT[nar-no-network] 123 store entries removed, 40 spared as nub tooling, 1275 in store
OSV-SCREEN {"schemaVersion":1,"kind":"nub-nar-no-network-resolved","status":"clean","digest":"bdef1c50a8e56a36d869ab93aad79f3166ef842d9d3b3f63d9380e9a6af9ccc0","specCount":170,"lockfiles":{"digest":"dd2cc2399872d82d2e44d7e70554e96308d85f239e917ee8db106fb6cf837725","files":[{"path":"nub.lock","sha256":"81e3dab05a8b393a28b29bfee1c8998b4fedce6927f3379caa04a5a82d1543bb","bytes":40151}]},"maliciousAdvisories":[],"screenedAt":"2026-08-27T13:12:37.257Z","cacheHit":true,"clearancePath":"/Users/runner/v2m-4YAdnq/security/nub-nar-no-network-resolved.json"}
  SECURITY nub-nar-no-network-resolved clean: 170 exact package-version(s), tree bdef1c50a8e5 (cached exact-tree clearance)
  VERIFY[nar-no-network] rc=1 artifacts=6/8 missing=2 shortfall=e4e32fdf5a57 (tree 4353/764) OVERRIDDEN=3 REJECTED=0 grant={}
       missing: bin/LICENSE, bin/saucectl
     [nar-no-network/i] Installation failed: RequestError: getaddrinfo ENOTFOUND github.com
     [nar-no-network/a] Installation failed: RequestError: getaddrinfo ENOTFOUND github.com
     narrowing 'no-network' fails ⇒ that capability IS necessary
  => MINIMAL — every capability in {"network":true} is independently necessary
### DONE saucectl@0.33.4  synthesized={"network":true} verified=1
