OSV-SCREEN {"schemaVersion":1,"kind":"direct","status":"clean","digest":"d808e321270a0a817883d7bd86728bef0f4bc49e2b1448080a415c0e3bafb972","specCount":1,"lockfiles":{"digest":null,"files":[]},"maliciousAdvisories":[],"screenedAt":"2026-08-31T18:39:17.083Z","cacheHit":false,"clearancePath":"/Users/runner/v2m-4USf7c/security/direct.json"}
  SECURITY direct clean: 1 exact package-version(s), tree d808e321270a
  ERA-NODE PINNED 24.19.0 (provisioned) (arms will run: v24.19.0)
  ERA-PYTHON /Users/runner/hostedtoolcache/Python/3.9.13/arm64/bin/python (Python 3.9.13) for era Node 24, whose node-gyp requires python3
  ARM-MAKE /usr/bin/make (GNU Make 3.81) — the system make; a build needing GNU Make 4 WILL fail here
### esbuild-plugins-node-modules-polyfill@1.8.0   (/Users/runner/v2m-4USf7c)   nub=/tmp/nub/target/release/nub
  VENUE-NUB-BINARY {"path":"/tmp/nub/target/release/nub","sha256":"69e622342d0c8393c78fa50a01dc9cc0a94371ac9b106b59bdcc016f06d86d30","bytes":94535576,"features":{"buildJailCatalogOverride":true,"pythonDontWriteBytecodeEnv":true}}
  CI-ENV scrubbed: CI GITHUB_ACTIONS
  --- fbt preflight (advisory; never fails the run) ---
     csrutil: System Integrity Protection status: disabled.
     fbt probes visible: 93577
     fbt enable attempt: dtrace: description 'fbt:::entry ' matched 50357 probes CPU     ID                    FUNCTION:NAME 
     cwd builtin value:  
     fbt chdir symbols:  
     fbt fires on spawn-with-cwd: dtrace: invalid probe specifier fbt::chdir*:entry /progenyof($target)/ { @[probefunc] = count(); }: probe description fbt::chdir*:entry does not match any probes 
  --- end fbt preflight ---
  ERA-RESOLUTION DATED 2026-01-19T03:48:43.488Z (deps as of the package's own publish date + 1d)
OSV-SCREEN {"schemaVersion":1,"kind":"npm-observe-resolved","status":"clean","digest":"9e68bc2908b75ed2fcf03233f7cf959c38283defad6b5099055fae92181768fe","specCount":16,"lockfiles":{"digest":"3f0ef23848c642538c1e17c8a757e0e478b11f6206d78fcf0733ab7c78a6e6a9","files":[{"path":"package-lock.json","sha256":"9b47e603e7e85575c7512d297bfc329f6dd535e502764f2db65f931f93ac859b","bytes":19888}]},"maliciousAdvisories":[],"screenedAt":"2026-08-31T18:39:28.546Z","cacheHit":false,"clearancePath":"/Users/runner/v2m-4USf7c/security/npm-observe-resolved.json"}
  SECURITY npm-observe-resolved clean: 16 exact package-version(s), tree 9e68bc2908b7
  ARM-PATH SANITISED (dropped 1: /Users/runner/.yarn/bin)
  ARM-AMBIENT-TOOLS none
  ARM-SCAFFOLD none
  ARM-UNPROVIDABLE none
  VENUE-CI-CHILD clean (no CI-detection variable reaches the traced script)
  ARM-REBUILD-SPEC esbuild-plugins-node-modules-polyfill@1.8.0
  --- wrapper (run.sh) ---
     cd "/Users/runner/v2m-4USf7c/Observe"
     sudo -u "runner" -H env "PATH=/Users/runner/v2m-4USf7c/Observe/node_modules/.bin:/Users/runner/.cache/nub/era-node/24.19.0/node-v24.19.0-darwin-arm64/bin:/Users/runner/hostedtoolcache/node/22.23.2/arm64/bin:/opt/homebrew/lib/ruby/gems/3.3.0/bin:/opt/homebrew/opt/ruby@3.3/bin:/Users/runner/.local/bin:/opt/homebrew/bin:/opt/homebrew/sbin:/Users/runner/.cargo/bin:/usr/local/opt/curl/bin:/usr/local/bin:/usr/local/sbin:/Users/runner/bin:/Users/runner/Library/Android/sdk/tools:/Users/runner/Library/Android/sdk/platform-tools:/Library/Frameworks/Python.framework/Versions/Current/bin:/Library/Frameworks/Mono.framework/Versions/Current/Commands:/usr/bin:/bin:/usr/sbin:/sbin:/Users/runner/.dotnet/tools"   "HOME=/Users/runner/v2m-4USf7c/jailhome"   "TMPDIR=/private/var/folders/_5/zjnzxgh147qcg3bb5cg2wvqw0000gn/T/nub-tmp-obswXyimW"   "NODE_COMPAT=1"   "PYTHONDONTWRITEBYTECODE=1"   "PLAYWRIGHT_BROWSERS_PATH=/Users/runner/.cache/nub/pm/tools/ms-playwright"   "ELECTRON_CACHE=/Users/runner/.cache/nub/pm/tools/electron-cache"   "electron_config_cache=/Users/runner/.cache/nub/pm/tools/electron-cache"   "npm_config_prefix=/Users/runner/.cache/nub/pm/tools/npm-prefix"   PYTHON=/Users/runner/hostedtoolcache/Python/3.9.13/arm64/bin/python   npm rebuild --no-audit --no-fund "esbuild-plugins-node-modules-polyfill@1.8.0" > "/Users/runner/v2m-4USf7c/Observe/npm.log" 2>&1
     echo $? > "/Users/runner/v2m-4USf7c/Observe/rc"
  --- dtrace stderr + wrapper trace ---
     + cd /Users/runner/v2m-4USf7c/Observe
     + sudo -u runner -H env PATH=/Users/runner/v2m-4USf7c/Observe/node_modules/.bin:/Users/runner/.cache/nub/era-node/24.19.0/node-v24.19.0-darwin-arm64/bin:/Users/runner/hostedtoolcache/node/22.23.2/arm64/bin:/opt/homebrew/lib/ruby/gems/3.3.0/bin:/opt/homebrew/opt/ruby@3.3/bin:/Users/runner/.local/bin:/opt/homebrew/bin:/opt/homebrew/sbin:/Users/runner/.cargo/bin:/usr/local/opt/curl/bin:/usr/local/bin:/usr/local/sbin:/Users/runner/bin:/Users/runner/Library/Android/sdk/tools:/Users/runner/Library/Android/sdk/platform-tools:/Library/Frameworks/Python.framework/Versions/Current/bin:/Library/Frameworks/Mono.framework/Versions/Current/Commands:/usr/bin:/bin:/usr/sbin:/sbin:/Users/runner/.dotnet/tools HOME=/Users/runner/v2m-4USf7c/jailhome TMPDIR=/private/var/folders/_5/zjnzxgh147qcg3bb5cg2wvqw0000gn/T/nub-tmp-obswXyimW NODE_COMPAT=1 PYTHONDONTWRITEBYTECODE=1 PLAYWRIGHT_BROWSERS_PATH=/Users/runner/.cache/nub/pm/tools/ms-playwright ELECTRON_CACHE=/Users/runner/.cache/nub/pm/tools/electron-cache electron_config_cache=/Users/runner/.cache/nub/pm/tools/electron-cache npm_config_prefix=/Users/runner/.cache/nub/pm/tools/npm-prefix PYTHON=/Users/runner/hostedtoolcache/Python/3.9.13/arm64/bin/python npm rebuild --no-audit --no-fund esbuild-plugins-node-modules-polyfill@1.8.0
     dtrace: error on enabled probe ID 128 (ID 286: syscall::execve:entry): invalid address (0x6000031c4120) in action #1 at DIF offset 20
     + echo 0
  OBSERVE   rc=0 dtrace_rc=0 files=451 (pre=449) trace=8077 lines
  CLOSURE   14 packages evicted per arm   store=/Users/runner/.cache/nub/pm/store
  RAWLOG-FILE /Users/runner/v2m-4USf7c/Observe/trace.txt.gz
  RAWLOG-CAPTURE /Users/runner/v2m-4USf7c/Observe/capture.json
  RAWLOG-BYTES raw=1522915 gz=56354
  VENUE-INTERPRETER /Users/runner/hostedtoolcache/node/22.23.2/arm64
  VENUE-NODE-SELECTION {"pkg":"esbuild-plugins-node-modules-polyfill","packageVersion":"1.8.0","major":24,"version":"24.19.0","npm":"11.17.0","pinnable":true,"engines":">=14.0.0","publishedAt":"2026-01-18T03:48:43.488Z","eraMajor":24,"startMajor":24,"raisedByEngines":false,"enginesUnsatisfiable":false,"clampedToFloor":false,"clampedToCeiling":false,"matrixFloor":4,"matrixCeiling":26,"lookupFailure":null,"pinned":true,"pinnedBin":"/Users/runner/.cache/nub/era-node/24.19.0/node-v24.19.0-darwin-arm64/bin","eraNodeRoot":"/Users/runner/.cache/nub"}
  VENUE-OVERRIDES {"set":{"PATH":"inherited-and-forwarded","HOME":"/Users/runner/v2m-4USf7c/jailhome","TMPDIR":"/private/var/folders/_5/zjnzxgh147qcg3bb5cg2wvqw0000gn/T/nub-tmp-obswXyimW","NODE_COMPAT":"1","PYTHONDONTWRITEBYTECODE":"1","PLAYWRIGHT_BROWSERS_PATH":"/Users/runner/.cache/nub/pm/tools/ms-playwright","ELECTRON_CACHE":"/Users/runner/.cache/nub/pm/tools/electron-cache","electron_config_cache":"/Users/runner/.cache/nub/pm/tools/electron-cache","npm_config_prefix":"/Users/runner/.cache/nub/pm/tools/npm-prefix"},"unset":["(sudo env_reset discards the caller environment; every var above is re-set after it)","CI","GITHUB_ACTIONS"],"passedThrough":{"CI":"true","GITHUB_ACTIONS":"true","NODE_ENV":null}}
  VENUE-OBSERVE-USER runner uid=501 (R7: ordinary non-root user, asserted)
  ARM-FALSIFIABILITY {"manifestFiles":8,"filesTheScriptProduced":0,"reasons":["gate-vacuous"]}
  ⛔ ARMS-UNFALSIFIABLE — the artifact gate carries no signal for this package:
       gate-vacuous: the script changed no file the artifact gate keys on — every file in the manifest (8) was already present at its final size before the script ran, so the gate passes in every arm including a completely broken one
       The EXIT CODE is still a live detector here, so a descent arm that actually
       FAILED is evidence. What is missing is the gate, not every signal — do not read
       a green arm as proof on its own, and do not read this note as "no evidence".
  EVENTLOG-FILE /Users/runner/v2m-4USf7c/Observe/events.ndjson.gz
  EVENTLOG-STATS {"lines":8078,"parsed":8063,"unparsed":0,"live":true,"tracerErrors":1,"tracerErrorTotal":1,"unresolvedDirfd":12,"unresolvedFd":0,"pairedTwoPath":529,"danglingPair":0,"failed":2482,"enoent":2480,"refusals":0,"byErrno":{"ENXIO":2,"ENOENT":2480},"procs":4,"lifecyclePids":0,"distinctEvents":4824,"emitted":4824,"calls":7525,"bytes":1065976,"gzipBytes":33641,"out":"/Users/runner/v2m-4USf7c/Observe/events.ndjson"}
  == TRACER == live=true decodable-events=3066 dropped-events=1
    NOTE 8 relative path(s) under a non-AT_FDCWD dirfd were not
       scope-assigned: resolving them against the cwd would invent a path.
    ⛔ THE TRACER DROPPED 1 EVENT(S). A dropped event is a path never
       seen, so the grant below can only be too NARROW — the direction that breaks installs.
       Treat it as a FLOOR, not a measurement, until the adapter fault is fixed:
             1 x  epid=128 action=1 fault=1 addr=0x6000031c4120
  == ATTRIBUTION == lifecycle pids: 0
    writes  script 0  /  whole traced subtree 1067
    sockets script 0  /  whole traced subtree 1
    ⛔ NO LIFECYCLE SHELL FOUND — the subtree filter matched nothing, so the grant
       below is EMPTY BY DEFAULT rather than by measurement. Treat it as UNKNOWN.
  == ROOTS (from /Users/runner/v2m-4USf7c/Observe/capture.json; the classifier reads no other source) ==
    project       /Users/runner/v2m-4USf7c/Observe
    home          /Users/runner
    jailHome      /Users/runner/v2m-4USf7c/jailhome
    globalStore   /Users/runner/.cache/nub/pm/store
    projectStore  /Users/runner/v2m-4USf7c/Observe/node_modules/.store
    interpreter   /Users/runner/hostedtoolcache/node/22.23.2/arm64
    toolsDir      /Users/runner/.cache/nub/pm/tools
    temp          /private/var/folders/_5/zjnzxgh147qcg3bb5cg2wvqw0000gn/T/nub-tmp-obswXyimW
    npmPrefix     /Users/runner/.cache/nub/pm/tools/npm-prefix
    ownPkg        /Users/runner/v2m-4USf7c/Observe/node_modules/esbuild-plugins-node-modules-polyfill
    cwd           (null — this platform has no such root)
  == WRITES the script actually performed ==
  == READS the script performed, by scope ==
  == NETWORK ==
    AF_INET connects: 0   distinct peers: 0
  == REFUSALS (errno EPERM/EACCES/EROFS only; ENOENT is a miss, not a denial) ==
    distinct: 0
  == SYNTHESIZED GRANT (verify this in the real unprivileged jail) ==
    UNKNOWN-ATTRIBUTION-FAILED
  == writePaths (DERIVED — promotion out of the package's PRIVATE home) ==
    private-home writes observed: 0
    none declared — the script wrote nothing into its private home — there is nothing to promote
  == writePaths FEASIBILITY (distinct writes outside project/deps) ==
    count: 0
  ATTRIBUTION EMPTY BY MEASUREMENT — the manifest declares no preinstall/install/postinstall
     and ships no binding.gyp, so `npm rebuild` ran no script. {} is the answer, not a gap.
  scaffold: 1 dependency package(s) with lifecycle scripts granted a fixed wide grant
  EVICT[synth] 0 store entries removed, 0 spared as nub tooling, 362 in store
OSV-SCREEN {"schemaVersion":1,"kind":"nub-synth-resolved","status":"clean","digest":"0cffe1336cbd07729532774694e26b2b20a324e5b930beb6c927a06e51c06ba0","specCount":16,"lockfiles":{"digest":"27e30ba56c78967fef965b705241c9571b150a0c10ad72f9c6f3b00f6f37b1a4","files":[{"path":"nub.lock","sha256":"0908ee8cee04cc95ce6339fdf608c3bebf1911cec9f3e1c761403d1e362f2328","bytes":11607}]},"maliciousAdvisories":[],"screenedAt":"2026-08-31T18:39:34.516Z","cacheHit":false,"clearancePath":"/Users/runner/v2m-4USf7c/security/nub-synth-resolved.json"}
  SECURITY nub-synth-resolved clean: 16 exact package-version(s), tree 0cffe1336cbd
  VENUE-STORE-LAYOUT isolated
  VERIFY[synth] rc=0 artifacts=8/8 missing=0 shortfall=none (tree 1377/451) OVERRIDDEN=3 REJECTED=0 grant={}
  => VERIFIED {}
  NARROW    no capability to drop — the grant is already empty; over-prediction is 0 by construction
### DONE esbuild-plugins-node-modules-polyfill@1.8.0  synthesized={} verified=1
