OSV-SCREEN {"schemaVersion":1,"kind":"direct","status":"clean","digest":"ae2392bccf8e059360e4114117555ccfdc54874e1070fbbe60a2d5f562b40984","specCount":1,"lockfiles":{"digest":null,"files":[]},"maliciousAdvisories":[],"screenedAt":"2026-09-08T07:05:07.787Z","cacheHit":false,"clearancePath":"/Users/runner/v2m-XT0sVT/security/direct.json"}
  SECURITY direct clean: 1 exact package-version(s), tree ae2392bccf8e
### tree-sitter-ruby@0.12.0   (/Users/runner/v2m-XT0sVT)   nub=/tmp/nub/target/release/nub
  VENUE-NUB-BINARY {"path":"/tmp/nub/target/release/nub","sha256":"f923f9d246b7061a3e88675efb7b4fdcda741d02368002ce6e7f7044b01e7bbe","bytes":93818888,"features":{"buildJailCatalogOverride":true,"pythonDontWriteBytecodeEnv":true}}
  CI-ENV scrubbed: CI GITHUB_ACTIONS
  --- fbt preflight (advisory; never fails the run) ---
     csrutil: System Integrity Protection status: disabled.
     fbt probes visible: 93591
     fbt enable attempt: dtrace: description 'fbt:::entry ' matched 50364 probes CPU     ID                    FUNCTION:NAME 
     cwd builtin value:  
     fbt chdir symbols:  
     fbt fires on spawn-with-cwd: dtrace: invalid probe specifier fbt::chdir*:entry /progenyof($target)/ { @[probefunc] = count(); }: probe description fbt::chdir*:entry does not match any probes 
  --- end fbt preflight ---
OSV-SCREEN {"schemaVersion":1,"kind":"npm-observe-resolved","status":"clean","digest":"a54099f2164faf0e251d23ca4a558098210745fe4b9f0bdfd92aba3d475456e4","specCount":2,"lockfiles":{"digest":"a83189cc3974d9312aeb813ef590a7109c6b612bbfd066cc138b933550f7e0cd","files":[{"path":"package-lock.json","sha256":"5db0d671eee833760cc093ba12e8cde9cba6f0b83a08baaef994c74e5961a275","bytes":905}]},"maliciousAdvisories":[],"screenedAt":"2026-09-08T07:05:14.411Z","cacheHit":false,"clearancePath":"/Users/runner/v2m-XT0sVT/security/npm-observe-resolved.json"}
  SECURITY npm-observe-resolved clean: 2 exact package-version(s), tree a54099f2164f
  VENUE-CI-CHILD clean (no CI-detection variable reaches the traced script)
  --- wrapper (run.sh) ---
     cd "/Users/runner/v2m-XT0sVT/Observe"
     sudo -u "runner" -H env "PATH=$PATH"   "HOME=/Users/runner/v2m-XT0sVT/jailhome"   "TMPDIR=/private/var/folders/bl/vzjcvbz95c3dk19cb0fw46180000gn/T/nub-tmp-obssWmEyd"   "NODE_COMPAT=1"   "PYTHONDONTWRITEBYTECODE=1"   "PLAYWRIGHT_BROWSERS_PATH=/Users/runner/.cache/nub/pm/tools/ms-playwright"   "ELECTRON_CACHE=/Users/runner/.cache/nub/pm/tools/electron-cache"   "electron_config_cache=/Users/runner/.cache/nub/pm/tools/electron-cache"   "npm_config_prefix=/Users/runner/.cache/nub/pm/tools/npm-prefix"   "/Users/runner/hostedtoolcache/node/22.23.2/arm64/bin/npm" rebuild --no-audit --no-fund "tree-sitter-ruby" > "/Users/runner/v2m-XT0sVT/Observe/npm.log" 2>&1
     echo $? > "/Users/runner/v2m-XT0sVT/Observe/rc"
  --- dtrace stderr + wrapper trace ---
     + cd /Users/runner/v2m-XT0sVT/Observe
     + sudo -u runner -H env PATH=/Users/runner/hostedtoolcache/node/22.23.2/arm64/bin:/opt/homebrew/lib/ruby/gems/3.3.0/bin:/opt/homebrew/opt/ruby@3.3/bin:/Users/runner/.local/bin:/opt/homebrew/bin:/opt/homebrew/sbin:/Users/runner/.cargo/bin:/usr/local/opt/curl/bin:/usr/local/bin:/usr/local/sbin:/Users/runner/bin:/Users/runner/.yarn/bin:/Users/runner/Library/Android/sdk/tools:/Users/runner/Library/Android/sdk/platform-tools:/Library/Frameworks/Python.framework/Versions/Current/bin:/Library/Frameworks/Mono.framework/Versions/Current/Commands:/usr/bin:/bin:/usr/sbin:/sbin:/Users/runner/.dotnet/tools HOME=/Users/runner/v2m-XT0sVT/jailhome TMPDIR=/private/var/folders/bl/vzjcvbz95c3dk19cb0fw46180000gn/T/nub-tmp-obssWmEyd NODE_COMPAT=1 PYTHONDONTWRITEBYTECODE=1 PLAYWRIGHT_BROWSERS_PATH=/Users/runner/.cache/nub/pm/tools/ms-playwright ELECTRON_CACHE=/Users/runner/.cache/nub/pm/tools/electron-cache electron_config_cache=/Users/runner/.cache/nub/pm/tools/electron-cache npm_config_prefix=/Users/runner/.cache/nub/pm/tools/npm-prefix /Users/runner/hostedtoolcache/node/22.23.2/arm64/bin/npm rebuild --no-audit --no-fund tree-sitter-ruby
     dtrace: error on enabled probe ID 128 (ID 286: syscall::execve:entry): invalid address (0x6000014c1170) in action #1 at DIF offset 20
     dtrace: error on enabled probe ID 128 (ID 286: syscall::execve:entry): invalid address (0x600002f040e0) in action #5 at DIF offset 88
     dtrace: error on enabled probe ID 128 (ID 286: syscall::execve:entry): invalid address (0x656d616e75) in action #6 at DIF offset 88
     dtrace: error on enabled probe ID 128 (ID 286: syscall::execve:entry): invalid address (0x656d616e75) in action #6 at DIF offset 88
     dtrace: error on enabled probe ID 128 (ID 286: syscall::execve:entry): invalid address (0x656d616e75) in action #6 at DIF offset 88
     dtrace: error on enabled probe ID 128 (ID 286: syscall::execve:entry): invalid address (0x656d616e75) in action #6 at DIF offset 88
     dtrace: error on enabled probe ID 128 (ID 286: syscall::execve:entry): invalid address (0x656d616e75) in action #6 at DIF offset 88
     dtrace: error on enabled probe ID 128 (ID 286: syscall::execve:entry): invalid address (0x656d616e75) in action #6 at DIF offset 88
     dtrace: error on enabled probe ID 128 (ID 286: syscall::execve:entry): invalid address (0x656d616e75) in action #6 at DIF offset 88
     dtrace: error on enabled probe ID 128 (ID 286: syscall::execve:entry): invalid address (0x656d616e75) in action #6 at DIF offset 88
     dtrace: error on enabled probe ID 128 (ID 286: syscall::execve:entry): invalid address (0x656d616e75) in action #6 at DIF offset 88
     dtrace: error on enabled probe ID 128 (ID 286: syscall::execve:entry): invalid address (0x656d616e75) in action #6 at DIF offset 88
     dtrace: error on enabled probe ID 128 (ID 286: syscall::execve:entry): invalid address (0x656d616e75) in action #6 at DIF offset 88
     dtrace: error on enabled probe ID 128 (ID 286: syscall::execve:entry): invalid address (0x656d616e75) in action #6 at DIF offset 88
     dtrace: error on enabled probe ID 128 (ID 286: syscall::execve:entry): invalid address (0x656d616e75) in action #6 at DIF offset 88
     dtrace: error on enabled probe ID 128 (ID 286: syscall::execve:entry): invalid address (0x656d616e75) in action #6 at DIF offset 88
     dtrace: error on enabled probe ID 128 (ID 286: syscall::execve:entry): invalid address (0x656d616e75) in action #6 at DIF offset 88
     dtrace: error on enabled probe ID 128 (ID 286: syscall::execve:entry): invalid address (0x656d616e75) in action #6 at DIF offset 88
     dtrace: error on enabled probe ID 128 (ID 286: syscall::execve:entry): invalid address (0x656d616e75) in action #6 at DIF offset 88
     dtrace: error on enabled probe ID 128 (ID 286: syscall::execve:entry): invalid address (0x656d616e75) in action #6 at DIF offset 88
     dtrace: error on enabled probe ID 128 (ID 286: syscall::execve:entry): invalid address (0x656d616e75) in action #6 at DIF offset 88
     dtrace: error on enabled probe ID 128 (ID 286: syscall::execve:entry): invalid address (0x656d616e75) in action #6 at DIF offset 88
     dtrace: error on enabled probe ID 128 (ID 286: syscall::execve:entry): invalid address (0x656d616e75) in action #6 at DIF offset 88
     dtrace: error on enabled probe ID 128 (ID 286: syscall::execve:entry): invalid address (0x656d616e75) in action #6 at DIF offset 88
     dtrace: error on enabled probe ID 128 (ID 286: syscall::execve:entry): invalid address (0x656d616e75) in action #6 at DIF offset 88
     dtrace: error on enabled probe ID 128 (ID 286: syscall::execve:entry): invalid address (0x656d616e75) in action #6 at DIF offset 88
     dtrace: error on enabled probe ID 128 (ID 286: syscall::execve:entry): invalid address (0x656d616e75) in action #6 at DIF offset 88
     dtrace: error on enabled probe ID 128 (ID 286: syscall::execve:entry): invalid address (0x1054edb10) in action #1 at DIF offset 20
  OBSERVE   rc=1 dtrace_rc=0 files=4457 (pre=4447) trace=100718 lines
  => BROKEN-WITHOUT-JAIL-TOO (unjailed control failed rc=1; nothing to measure)
     npm error /Users/runner/v2m-XT0sVT/jailhome/Library/Caches/node-gyp/22.23.2/include/node/node.h:1243:7: note: expanded from macro 'NODE_MODULE_X'
     npm error  1243 |       (node::addon_register_func) (regfunc),                          \
     npm error       |       ^~~~~~~~~~~~~~~~~~~~~~~~~~~~~~~~~~~~~
     npm error 1 warning and 4 errors generated.
     npm error make: *** [Release/obj.target/tree_sitter_ruby_binding/src/binding.o] Error 1
     npm error gyp ERR! build error 
     npm error gyp ERR! stack Error: `make` failed with exit code: 2
     npm error gyp ERR! stack at ChildProcess.<anonymous> (/Users/runner/hostedtoolcache/node/22.23.2/arm64/lib/node_modules/npm/node_modules/node-gyp/lib/build.js:219:23)
     npm error gyp ERR! System Darwin 24.6.0
     npm error gyp ERR! command "/Users/runner/hostedtoolcache/node/22.23.2/arm64/bin/node" "/Users/runner/hostedtoolcache/node/22.23.2/arm64/lib/node_modules/npm/node_modules/node-gyp/bin/node-gyp.js" "rebuild"
     npm error gyp ERR! cwd /Users/runner/v2m-XT0sVT/Observe/node_modules/tree-sitter-ruby
     npm error gyp ERR! node -v v22.23.2
     npm error gyp ERR! node-gyp -v v11.5.0
     npm error gyp ERR! not ok
     npm notice
     npm notice New major version of npm available! 10.9.8 -> 12.0.2
     npm notice Changelog: https://github.com/npm/cli/releases/tag/v12.0.2
     npm notice To update run: npm install -g npm@12.0.2
     npm notice
     npm error A complete log of this run can be found in: /Users/runner/v2m-XT0sVT/jailhome/.npm/_logs/2026-09-08T07_05_16_623Z-debug-0.log
