OSV-SCREEN {"schemaVersion":1,"kind":"direct","status":"clean","digest":"72356c1cc52050ac97bb345eb250d4277794e25278a2fbaf380d552f5943b887","specCount":1,"lockfiles":{"digest":null,"files":[]},"maliciousAdvisories":[],"screenedAt":"2026-09-08T06:00:16.728Z","cacheHit":false,"clearancePath":"/Users/runner/v2m-nLm0Cx/security/direct.json"}
  SECURITY direct clean: 1 exact package-version(s), tree 72356c1cc520
### sse4_crc32@7.0.0   (/Users/runner/v2m-nLm0Cx)   nub=/tmp/nub/target/release/nub
  VENUE-NUB-BINARY {"path":"/tmp/nub/target/release/nub","sha256":"f923f9d246b7061a3e88675efb7b4fdcda741d02368002ce6e7f7044b01e7bbe","bytes":93818888,"features":{"buildJailCatalogOverride":true,"pythonDontWriteBytecodeEnv":true}}
  CI-ENV scrubbed: CI GITHUB_ACTIONS
  --- fbt preflight (advisory; never fails the run) ---
     csrutil: System Integrity Protection status: disabled.
     fbt probes visible: 93591
     fbt enable attempt: dtrace: description 'fbt:::entry ' matched 50364 probes CPU     ID                    FUNCTION:NAME 
     cwd builtin value:  
     fbt chdir symbols:  
     fbt fires on spawn-with-cwd: dtrace: invalid probe specifier fbt::chdir*:entry /progenyof($target)/ { @[probefunc] = count(); }: probe description fbt::chdir*:entry does not match any probes 
  --- end fbt preflight ---
OSV-SCREEN {"schemaVersion":1,"kind":"npm-observe-resolved","status":"clean","digest":"16b3497e4b37f744753f73a5e037f80271ff744acc014bd2db6d4dfdb39aa3d7","specCount":4,"lockfiles":{"digest":"cdbcde9ae172d2224748ac135c907f3ea518f1e2e76588de900ed64714c18589","files":[{"path":"package-lock.json","sha256":"ed5faf62162f53f21214025edf5b3d722671d4a8fafb62ecedfc20e443b90d5f","bytes":1658}]},"maliciousAdvisories":[],"screenedAt":"2026-09-08T06:00:24.866Z","cacheHit":false,"clearancePath":"/Users/runner/v2m-nLm0Cx/security/npm-observe-resolved.json"}
  SECURITY npm-observe-resolved clean: 4 exact package-version(s), tree 16b3497e4b37
  VENUE-CI-CHILD clean (no CI-detection variable reaches the traced script)
  --- wrapper (run.sh) ---
     cd "/Users/runner/v2m-nLm0Cx/Observe"
     sudo -u "runner" -H env "PATH=$PATH"   "HOME=/Users/runner/v2m-nLm0Cx/jailhome"   "TMPDIR=/private/var/folders/bl/vzjcvbz95c3dk19cb0fw46180000gn/T/nub-tmp-obsPg1Gu7"   "NODE_COMPAT=1"   "PYTHONDONTWRITEBYTECODE=1"   "PLAYWRIGHT_BROWSERS_PATH=/Users/runner/.cache/nub/pm/tools/ms-playwright"   "ELECTRON_CACHE=/Users/runner/.cache/nub/pm/tools/electron-cache"   "electron_config_cache=/Users/runner/.cache/nub/pm/tools/electron-cache"   "npm_config_prefix=/Users/runner/.cache/nub/pm/tools/npm-prefix"   "/Users/runner/hostedtoolcache/node/22.23.2/arm64/bin/npm" rebuild --no-audit --no-fund "sse4_crc32" > "/Users/runner/v2m-nLm0Cx/Observe/npm.log" 2>&1
     echo $? > "/Users/runner/v2m-nLm0Cx/Observe/rc"
  --- dtrace stderr + wrapper trace ---
     + cd /Users/runner/v2m-nLm0Cx/Observe
     + sudo -u runner -H env PATH=/Users/runner/hostedtoolcache/node/22.23.2/arm64/bin:/opt/homebrew/lib/ruby/gems/3.3.0/bin:/opt/homebrew/opt/ruby@3.3/bin:/Users/runner/.local/bin:/opt/homebrew/bin:/opt/homebrew/sbin:/Users/runner/.cargo/bin:/usr/local/opt/curl/bin:/usr/local/bin:/usr/local/sbin:/Users/runner/bin:/Users/runner/.yarn/bin:/Users/runner/Library/Android/sdk/tools:/Users/runner/Library/Android/sdk/platform-tools:/Library/Frameworks/Python.framework/Versions/Current/bin:/Library/Frameworks/Mono.framework/Versions/Current/Commands:/usr/bin:/bin:/usr/sbin:/sbin:/Users/runner/.dotnet/tools HOME=/Users/runner/v2m-nLm0Cx/jailhome TMPDIR=/private/var/folders/bl/vzjcvbz95c3dk19cb0fw46180000gn/T/nub-tmp-obsPg1Gu7 NODE_COMPAT=1 PYTHONDONTWRITEBYTECODE=1 PLAYWRIGHT_BROWSERS_PATH=/Users/runner/.cache/nub/pm/tools/ms-playwright ELECTRON_CACHE=/Users/runner/.cache/nub/pm/tools/electron-cache electron_config_cache=/Users/runner/.cache/nub/pm/tools/electron-cache npm_config_prefix=/Users/runner/.cache/nub/pm/tools/npm-prefix /Users/runner/hostedtoolcache/node/22.23.2/arm64/bin/npm rebuild --no-audit --no-fund sse4_crc32
     dtrace: error on enabled probe ID 128 (ID 286: syscall::execve:entry): invalid address (0x600001115050) in action #1 at DIF offset 20
     dtrace: error on enabled probe ID 128 (ID 286: syscall::execve:entry): invalid address (0x600003c000e0) in action #5 at DIF offset 88
     dtrace: error on enabled probe ID 102 (ID 849: syscall::lstat64:return): invalid address (0x600001a86250) in action #8 at DIF offset 12
     dtrace: error on enabled probe ID 128 (ID 286: syscall::execve:entry): invalid address (0x656d616e75) in action #6 at DIF offset 88
     dtrace: error on enabled probe ID 128 (ID 286: syscall::execve:entry): invalid address (0x656d616e75) in action #6 at DIF offset 88
     dtrace: error on enabled probe ID 128 (ID 286: syscall::execve:entry): invalid address (0x656d616e75) in action #6 at DIF offset 88
     dtrace: error on enabled probe ID 128 (ID 286: syscall::execve:entry): invalid address (0x656d616e75) in action #6 at DIF offset 88
     dtrace: error on enabled probe ID 128 (ID 286: syscall::execve:entry): invalid address (0x656d616e75) in action #6 at DIF offset 88
     dtrace: error on enabled probe ID 128 (ID 286: syscall::execve:entry): invalid address (0x656d616e75) in action #6 at DIF offset 88
     dtrace: error on enabled probe ID 128 (ID 286: syscall::execve:entry): invalid address (0x656d616e75) in action #6 at DIF offset 88
     dtrace: error on enabled probe ID 128 (ID 286: syscall::execve:entry): invalid address (0x656d616e75) in action #6 at DIF offset 88
     dtrace: error on enabled probe ID 128 (ID 286: syscall::execve:entry): invalid address (0x656d616e75) in action #6 at DIF offset 88
     dtrace: error on enabled probe ID 128 (ID 286: syscall::execve:entry): invalid address (0x656d616e75) in action #6 at DIF offset 88
     dtrace: error on enabled probe ID 128 (ID 286: syscall::execve:entry): invalid address (0x656d616e75) in action #6 at DIF offset 88
     dtrace: error on enabled probe ID 128 (ID 286: syscall::execve:entry): invalid address (0x656d616e75) in action #6 at DIF offset 88
     dtrace: error on enabled probe ID 128 (ID 286: syscall::execve:entry): invalid address (0x656d616e75) in action #6 at DIF offset 88
     dtrace: error on enabled probe ID 128 (ID 286: syscall::execve:entry): invalid address (0x656d616e75) in action #6 at DIF offset 88
     dtrace: error on enabled probe ID 128 (ID 286: syscall::execve:entry): invalid address (0x656d616e75) in action #6 at DIF offset 88
     dtrace: error on enabled probe ID 128 (ID 286: syscall::execve:entry): invalid address (0x656d616e75) in action #6 at DIF offset 88
     dtrace: error on enabled probe ID 128 (ID 286: syscall::execve:entry): invalid address (0x656d616e75) in action #6 at DIF offset 88
     dtrace: error on enabled probe ID 128 (ID 286: syscall::execve:entry): invalid address (0x656d616e75) in action #6 at DIF offset 88
     dtrace: error on enabled probe ID 128 (ID 286: syscall::execve:entry): invalid address (0x656d616e75) in action #6 at DIF offset 88
     dtrace: error on enabled probe ID 128 (ID 286: syscall::execve:entry): invalid address (0x656d616e75) in action #6 at DIF offset 88
     dtrace: error on enabled probe ID 128 (ID 286: syscall::execve:entry): invalid address (0x656d616e75) in action #6 at DIF offset 88
     dtrace: error on enabled probe ID 128 (ID 286: syscall::execve:entry): invalid address (0x656d616e75) in action #6 at DIF offset 88
     dtrace: error on enabled probe ID 128 (ID 286: syscall::execve:entry): invalid address (0x656d616e75) in action #6 at DIF offset 88
     dtrace: error on enabled probe ID 128 (ID 286: syscall::execve:entry): invalid address (0x656d616e75) in action #6 at DIF offset 88
     dtrace: error on enabled probe ID 128 (ID 286: syscall::execve:entry): invalid address (0x656d616e75) in action #6 at DIF offset 88
  OBSERVE   rc=0 dtrace_rc=0 files=131 (pre=112) trace=119776 lines
  CLOSURE   4 packages evicted per arm   store=/Users/runner/.cache/nub/pm/store
  RAWLOG-FILE /Users/runner/v2m-nLm0Cx/Observe/trace.txt.gz
  RAWLOG-CAPTURE /Users/runner/v2m-nLm0Cx/Observe/capture.json
  RAWLOG-BYTES raw=20562878 gz=660452
  VENUE-INTERPRETER /Users/runner/hostedtoolcache/node/22.23.2/arm64
  VENUE-OVERRIDES {"set":{"PATH":"inherited-and-forwarded","HOME":"/Users/runner/v2m-nLm0Cx/jailhome","TMPDIR":"/private/var/folders/bl/vzjcvbz95c3dk19cb0fw46180000gn/T/nub-tmp-obsPg1Gu7","NODE_COMPAT":"1","PYTHONDONTWRITEBYTECODE":"1","PLAYWRIGHT_BROWSERS_PATH":"/Users/runner/.cache/nub/pm/tools/ms-playwright","ELECTRON_CACHE":"/Users/runner/.cache/nub/pm/tools/electron-cache","electron_config_cache":"/Users/runner/.cache/nub/pm/tools/electron-cache","npm_config_prefix":"/Users/runner/.cache/nub/pm/tools/npm-prefix"},"unset":["(sudo env_reset discards the caller environment; every var above is re-set after it)","CI","GITHUB_ACTIONS"],"passedThrough":{"CI":"true","GITHUB_ACTIONS":"true","NODE_ENV":null}}
  VENUE-OBSERVE-USER runner uid=501 (R7: ordinary non-root user, asserted)
  ARM-FALSIFIABILITY {"manifestFiles":35,"filesTheScriptProduced":17,"reasons":[]}
  EVENTLOG-FILE /Users/runner/v2m-nLm0Cx/Observe/events.ndjson.gz
  EVENTLOG-STATS {"lines":119777,"parsed":119677,"unparsed":0,"live":true,"tracerErrors":45,"tracerErrorTotal":45,"unresolvedDirfd":435,"unresolvedFd":0,"pairedTwoPath":549,"danglingPair":0,"failed":38360,"enoent":17266,"refusals":0,"byErrno":{"ENXIO":42,"ENOENT":17266,"EINVAL":6,"EEXIST":20445,"ENOTEMPTY":601},"procs":86,"lifecyclePids":39,"distinctEvents":59039,"emitted":59039,"calls":118847,"bytes":12192423,"gzipBytes":320148,"out":"/Users/runner/v2m-nLm0Cx/Observe/events.ndjson"}
  == TRACER == live=true decodable-events=45600 dropped-events=45
    NOTE 290 relative path(s) under a non-AT_FDCWD dirfd were not
       scope-assigned: resolving them against the cwd would invent a path.
    ⛔ CWD-UNOBSERVED 175 relative path(s) (25 write(s)) came from a lifecycle
       process whose own cwd was never observed
       macOS spawns with posix_spawn addchdir_np, which changes directory in-kernel and
       emits no chdir syscall, so the inherited cwd cannot be trusted. These are NOT
       scope-assigned; the grant below is WIDENED instead so it covers wherever they landed.
         pid=25014 read  unproven .
         pid=25015 read  unproven .
         pid=25028 read  unproven .
         pid=25031 read  unproven .
         pid=25146 read  unproven .
         pid=25146 read  unproven .
         pid=25146 read  unproven .
         pid=25146 read  unproven .
         pid=25146 read  unproven .
         pid=25146 read  unproven .
         … and 165 more
    CWD-UNPLACEABLE-WRITES ["./Release/.deps/Release/obj.target/crc32c/src/crc32c.o.d.raw","./Release/.deps/Release/obj.target/crc32c/src/table.o.d.raw","./Release/.deps/Release/obj.target/nothing/../node-addon-api","./Release/.deps/Release/obj.target/nothing/../node-addon-api/src","./Release/.deps/Release/obj.target/nothing/../node-addon-api/src/nothing.o.d","./Release/.deps/Release/obj.target/nothing/../node-addon-api/src/nothing.o.d.raw","./build/../node-addon-api","./build/../node-addon-api/src","./build/../node-addon-api/src/node-api.target.mk","./build/../node-addon-api/src/nothing.target.mk","Release","Release/nothing.a.oTyLur","Release/obj.target","Release/obj.target/crc32c","Release/obj.target/crc32c/src","Release/obj.target/nothing","Release/obj.target/nothing/../node-addon-api","Release/obj.target/nothing/../node-addon-api/src"]
    CWD-RESOLVED 29 relative path(s) placed against the package dir
       and CONFIRMED by an artifact present after the run — not assumed.
    ⛔ THE TRACER DROPPED 45 EVENT(S). A dropped event is a path never
       seen, so the grant below can only be too NARROW — the direction that breaks installs.
       Treat it as a FLOOR, not a measurement, until the adapter fault is fixed:
            25 x  epid=128 action=6 fault=1 addr=0x656d616e75
             7 x  epid=128 action=1 fault=1 addr=0x102a1b240
             5 x  epid=128 action=1 fault=1 addr=0x101684fc0
             1 x  epid=128 action=1 fault=1 addr=0x600001115050
             1 x  epid=128 action=5 fault=1 addr=0x600003c000e0
             1 x  epid=102 action=8 fault=1 addr=0x600001a86250
             1 x  epid=128 action=1 fault=1 addr=0x1019e9350
             1 x  epid=128 action=1 fault=1 addr=0x1019e81d0
             1 x  epid=128 action=6 fault=1 addr=0x600000a4c0a0
             1 x  epid=8 action=9 fault=1 addr=0x1028685d0
  == ATTRIBUTION == lifecycle pids: 39
    writes  script 6692  /  whole traced subtree 7782
    sockets script 1  /  whole traced subtree 2
  == ROOTS (from /Users/runner/v2m-nLm0Cx/Observe/capture.json; the classifier reads no other source) ==
    project       /Users/runner/v2m-nLm0Cx/Observe
    home          /Users/runner
    jailHome      /Users/runner/v2m-nLm0Cx/jailhome
    globalStore   /Users/runner/.cache/nub/pm/store
    projectStore  /Users/runner/v2m-nLm0Cx/Observe/node_modules/.store
    interpreter   /Users/runner/hostedtoolcache/node/22.23.2/arm64
    toolsDir      /Users/runner/.cache/nub/pm/tools
    temp          /private/var/folders/bl/vzjcvbz95c3dk19cb0fw46180000gn/T/nub-tmp-obsPg1Gu7
    npmPrefix     /Users/runner/.cache/nub/pm/tools/npm-prefix
    ownPkg        /Users/runner/v2m-nLm0Cx/Observe/node_modules/sse4_crc32
    cwd           (null — this platform has no such root)
  == WRITES the script actually performed ==
    systemfs      2
        /dev/dtracehelper
        /dev/null
    jailHome   3329  (base profile already grants this — NOT billed)
        /Users/runner/v2m-nLm0Cx/jailhome/Library
        /Users/runner/v2m-nLm0Cx/jailhome/Library/Caches
        /Users/runner/v2m-nLm0Cx/jailhome/Library/Caches/node-gyp
        /Users/runner/v2m-nLm0Cx/jailhome/Library/Caches/node-gyp/22.23.2
        /Users/runner/v2m-nLm0Cx/jailhome/Library/Caches/node-gyp/22.23.2/include
        /Users/runner/v2m-nLm0Cx/jailhome/Library/Caches/node-gyp/22.23.2/include/node
        /Users/runner/v2m-nLm0Cx/jailhome/Library/Caches/node-gyp/22.23.2/include/node/common.gypi
        /Users/runner/v2m-nLm0Cx/jailhome/Library/Caches/node-gyp/22.23.2/include/node/config.gypi
        /Users/runner/v2m-nLm0Cx/jailhome/Library/Caches/node-gyp/22.23.2/include/node/cppgc
        /Users/runner/v2m-nLm0Cx/jailhome/Library/Caches/node-gyp/22.23.2/include/node/cppgc/allocation.h
        … and 3319 more
    jailTmp    3326  (base profile already grants this — NOT billed)
        /private/var/folders/bl/vzjcvbz95c3dk19cb0fw46180000gn/T/nub-tmp-obsPg1Gu7/node-gyp-tmp-hspuOE
        /private/var/folders/bl/vzjcvbz95c3dk19cb0fw46180000gn/T/nub-tmp-obsPg1Gu7/node-gyp-tmp-hspuOE/include
        /private/var/folders/bl/vzjcvbz95c3dk19cb0fw46180000gn/T/nub-tmp-obsPg1Gu7/node-gyp-tmp-hspuOE/include/node
        /private/var/folders/bl/vzjcvbz95c3dk19cb0fw46180000gn/T/nub-tmp-obsPg1Gu7/node-gyp-tmp-hspuOE/include/node/v8-locker.h
        /private/var/folders/bl/vzjcvbz95c3dk19cb0fw46180000gn/T/nub-tmp-obsPg1Gu7/node-gyp-tmp-hspuOE/include/node/zconf.h
        /private/var/folders/bl/vzjcvbz95c3dk19cb0fw46180000gn/T/nub-tmp-obsPg1Gu7/node-gyp-tmp-hspuOE/include/node/v8config.h
        /private/var/folders/bl/vzjcvbz95c3dk19cb0fw46180000gn/T/nub-tmp-obsPg1Gu7/node-gyp-tmp-hspuOE/include/node/common.gypi
        /private/var/folders/bl/vzjcvbz95c3dk19cb0fw46180000gn/T/nub-tmp-obsPg1Gu7/node-gyp-tmp-hspuOE/include/node/v8-object.h
        /private/var/folders/bl/vzjcvbz95c3dk19cb0fw46180000gn/T/nub-tmp-obsPg1Gu7/node-gyp-tmp-hspuOE/include/node/v8-forward.h
        /private/var/folders/bl/vzjcvbz95c3dk19cb0fw46180000gn/T/nub-tmp-obsPg1Gu7/node-gyp-tmp-hspuOE/include/node/v8-profiler.h
        … and 3316 more
    ownPkg       29  (base profile already grants this — NOT billed)
        /Users/runner/v2m-nLm0Cx/Observe/node_modules/sse4_crc32/build
        /Users/runner/v2m-nLm0Cx/Observe/node_modules/sse4_crc32/build/config.gypi
        /Users/runner/v2m-nLm0Cx/Observe/node_modules/sse4_crc32/build/Makefile
        /Users/runner/v2m-nLm0Cx/Observe/node_modules/sse4_crc32/build/gyp-mac-tool
        /Users/runner/v2m-nLm0Cx/Observe/node_modules/sse4_crc32/build/crc32c.target.mk
        /Users/runner/v2m-nLm0Cx/Observe/node_modules/sse4_crc32/build/binding.Makefile
        /Users/runner/v2m-nLm0Cx/Observe/node_modules/sse4_crc32/build/node_gyp_bins
        /Users/runner/v2m-nLm0Cx/Observe/node_modules/sse4_crc32/build/node_gyp_bins/python3
        /Users/runner/v2m-nLm0Cx/Observe/node_modules/sse4_crc32/build/Release/.deps
        /Users/runner/v2m-nLm0Cx/Observe/node_modules/sse4_crc32/build/Release/.deps/Release
        … and 19 more
    outside       6
        /var/folders/bl/vzjcvbz95c3dk19cb0fw46180000gn/T/xcrun_db-0BVb979W
        /var/folders/bl/vzjcvbz95c3dk19cb0fw46180000gn/T/xcrun_db
        /var/folders/bl/vzjcvbz95c3dk19cb0fw46180000gn/C/com.apple.DeveloperTools/16.4-16F6/Xcode/.dat.nosync6377.DDACtj
        /var/folders/bl/vzjcvbz95c3dk19cb0fw46180000gn/C/com.apple.DeveloperTools/16.4-16F6/Xcode/PlugInCache-xcodebuild.xcplugincache
        /var/folders/bl/vzjcvbz95c3dk19cb0fw46180000gn/T/xcrun_db-grjjyXBR
        /var/folders/bl/vzjcvbz95c3dk19cb0fw46180000gn/T/xcrun_db-TnpFLkb5
  == READS the script performed, by scope ==
    outside    1616
    systemfs    636
    userHome    307
    bytecode    109
    ownPkg       13
    jailTmp    3326
    jailHome      5
    deps          6
        outside: /
        outside: /bin/bash
        outside: /bin
        outside: /usr/bin/env
        outside: /usr/bin
        outside: /bin/sh
        outside: /var/db/timezone/icutz/icutz44l.dat
        outside: /etc/localtime
        outside: /var/db/timezone/zoneinfo/posixrules
        outside: /opt/homebrew/Cellar/python@3.14/3.14.7/Frameworks/Python.framework/Versions/3.14/bin/python3.14
  == NETWORK ==
    AF_INET connects: 1   distinct peers: 1
        104.16.212.131:443
  == REFUSALS (errno EPERM/EACCES/EROFS only; ENOENT is a miss, not a denial) ==
    distinct: 0
  == SYNTHESIZED GRANT (verify this in the real unprivileged jail) ==
    {"write":{"deps":true,"project":true},"network":true,"writePaths":["Library/Caches/node-gyp"]}
    ⛔ 6 writes OUTSIDE project/home — no scope covers these; inspect before granting
  == writePaths (DERIVED — promotion out of the package's PRIVATE home) ==
    private-home writes observed: 3329
        Library/Caches/node-gyp
  == writePaths FEASIBILITY (distinct writes outside project/deps) ==
    count: 6
        /var/folders/bl/vzjcvbz95c3dk19cb0fw46180000gn/T/xcrun_db-0BVb979W
        /var/folders/bl/vzjcvbz95c3dk19cb0fw46180000gn/T/xcrun_db
        /var/folders/bl/vzjcvbz95c3dk19cb0fw46180000gn/C/com.apple.DeveloperTools/16.4-16F6/Xcode/.dat.nosync6377.DDACtj
        /var/folders/bl/vzjcvbz95c3dk19cb0fw46180000gn/C/com.apple.DeveloperTools/16.4-16F6/Xcode/PlugInCache-xcodebuild.xcplugincache
        /var/folders/bl/vzjcvbz95c3dk19cb0fw46180000gn/T/xcrun_db-grjjyXBR
        /var/folders/bl/vzjcvbz95c3dk19cb0fw46180000gn/T/xcrun_db-TnpFLkb5
  EVICT[synth] 0 store entries removed, 0 spared as nub tooling, 495 in store
OSV-SCREEN {"schemaVersion":1,"kind":"nub-synth-resolved","status":"clean","digest":"16b3497e4b37f744753f73a5e037f80271ff744acc014bd2db6d4dfdb39aa3d7","specCount":4,"lockfiles":{"digest":"2732eebc6dcf034857ac659c26c8b15f1904deae647ba52ee9e8f9762c3121cf","files":[{"path":"nub.lock","sha256":"d149646060c1a15c3cd6501b285412dcfd83bd83a06c2486d1b42932885b58cb","bytes":1051}]},"maliciousAdvisories":[],"screenedAt":"2026-09-08T06:00:24.866Z","cacheHit":true,"clearancePath":"/Users/runner/v2m-nLm0Cx/security/nub-synth-resolved.json"}
  SECURITY nub-synth-resolved clean: 4 exact package-version(s), tree 16b3497e4b37 (cached exact-tree clearance)
  VENUE-STORE-LAYOUT isolated
  VERIFY[synth] rc=0 artifacts=31/35 missing=4 shortfall=6949e35bef64 (tree 373/131) OVERRIDDEN=3 REJECTED=0 grant={"write":{"deps":true,"project":true},"network":true,"writePaths":["Library/Caches/node-gyp"]}
       missing: build/Release/.deps/Release/obj.target/node-addon-api/src/nothing.o.d, build/Release/obj.target/node-addon-api/src/nothing.o, node-addon-api/src/node-api.target.mk, node-addon-api/src/nothing.target.mk
  !! OBSERVE UNDER-PREDICTED — the synthesized grant did NOT verify. This is the correctness
     finding: OBSERVE saw a run that the jail then refused on some axis it did not cover.
     The bounded ladder below is the repair; the terminal verdict waits on its outcome.
  DIAGNOSE  re-running the failing grant JAILED, under dtrace
     trace lines: 18099
     refused paths under the failing grant (count, path):
        138 System/Cryptexes/OS
          6 /Library/Developer/CommandLineTools/SDKs
          3 /System/Library/CoreServices/SystemVersion.bundle
          2 /Users/runner/.CFUserTextEncoding
          1 /System/Library/CoreServices/SystemVersion.bundle/
     ⇒ TREAT THIS AS A CANDIDATE SET, NOT AN ANSWER. On Linux the last refusal before a
       fatal exit was a trailing red herring once already; settle it with a
       single-variable arm per path plus a negative control granting all the others.
  synthesized grant did not verify — falling back to a bounded ladder
  EVICT[fb903772438] 4 store entries removed, 0 spared as nub tooling, 499 in store
OSV-SCREEN {"schemaVersion":1,"kind":"nub-fb903772438-resolved","status":"clean","digest":"16b3497e4b37f744753f73a5e037f80271ff744acc014bd2db6d4dfdb39aa3d7","specCount":4,"lockfiles":{"digest":"2732eebc6dcf034857ac659c26c8b15f1904deae647ba52ee9e8f9762c3121cf","files":[{"path":"nub.lock","sha256":"d149646060c1a15c3cd6501b285412dcfd83bd83a06c2486d1b42932885b58cb","bytes":1051}]},"maliciousAdvisories":[],"screenedAt":"2026-09-08T06:00:24.866Z","cacheHit":true,"clearancePath":"/Users/runner/v2m-nLm0Cx/security/nub-fb903772438-resolved.json"}
  SECURITY nub-fb903772438-resolved clean: 4 exact package-version(s), tree 16b3497e4b37 (cached exact-tree clearance)
  VERIFY[fb903772438] rc=0 artifacts=31/35 missing=4 shortfall=6949e35bef64 (tree 373/131) OVERRIDDEN=3 REJECTED=0 grant={"write":{"deps":true,"project":true,"userHome":true},"network":true}
       missing: build/Release/.deps/Release/obj.target/node-addon-api/src/nothing.o.d, build/Release/obj.target/node-addon-api/src/nothing.o, node-addon-api/src/node-api.target.mk, node-addon-api/src/nothing.target.mk
  EVICT[fb2128993570] 4 store entries removed, 0 spared as nub tooling, 499 in store
OSV-SCREEN {"schemaVersion":1,"kind":"nub-fb2128993570-resolved","status":"clean","digest":"16b3497e4b37f744753f73a5e037f80271ff744acc014bd2db6d4dfdb39aa3d7","specCount":4,"lockfiles":{"digest":"2732eebc6dcf034857ac659c26c8b15f1904deae647ba52ee9e8f9762c3121cf","files":[{"path":"nub.lock","sha256":"d149646060c1a15c3cd6501b285412dcfd83bd83a06c2486d1b42932885b58cb","bytes":1051}]},"maliciousAdvisories":[],"screenedAt":"2026-09-08T06:00:24.866Z","cacheHit":true,"clearancePath":"/Users/runner/v2m-nLm0Cx/security/nub-fb2128993570-resolved.json"}
  SECURITY nub-fb2128993570-resolved clean: 4 exact package-version(s), tree 16b3497e4b37 (cached exact-tree clearance)
  VERIFY[fb2128993570] rc=0 artifacts=31/35 missing=4 shortfall=6949e35bef64 (tree 373/131) OVERRIDDEN=3 REJECTED=0 grant={"write":{"deps":true,"project":true,"userHome":true},"read":"disk","network":true}
       missing: build/Release/.deps/Release/obj.target/node-addon-api/src/nothing.o.d, build/Release/obj.target/node-addon-api/src/nothing.o, node-addon-api/src/node-api.target.mk, node-addon-api/src/nothing.target.mk
  EVICT[fb1962834996] 4 store entries removed, 0 spared as nub tooling, 499 in store
OSV-SCREEN {"schemaVersion":1,"kind":"nub-fb1962834996-resolved","status":"clean","digest":"16b3497e4b37f744753f73a5e037f80271ff744acc014bd2db6d4dfdb39aa3d7","specCount":4,"lockfiles":{"digest":"2732eebc6dcf034857ac659c26c8b15f1904deae647ba52ee9e8f9762c3121cf","files":[{"path":"nub.lock","sha256":"d149646060c1a15c3cd6501b285412dcfd83bd83a06c2486d1b42932885b58cb","bytes":1051}]},"maliciousAdvisories":[],"screenedAt":"2026-09-08T06:00:24.866Z","cacheHit":true,"clearancePath":"/Users/runner/v2m-nLm0Cx/security/nub-fb1962834996-resolved.json"}
  SECURITY nub-fb1962834996-resolved clean: 4 exact package-version(s), tree 16b3497e4b37 (cached exact-tree clearance)
  VERIFY[fb1962834996] rc=0 artifacts=31/35 missing=4 shortfall=6949e35bef64 (tree 373/131) OVERRIDDEN=3 REJECTED=0 grant={"write":"disk","network":true}
       missing: build/Release/.deps/Release/obj.target/node-addon-api/src/nothing.o.d, build/Release/obj.target/node-addon-api/src/nothing.o, node-addon-api/src/node-api.target.mk, node-addon-api/src/nothing.target.mk
  => ARTIFACT-GATE-SUSPECT {"write":{"deps":true,"project":true},"network":true,"writePaths":["Library/Caches/node-gyp"]}   (every arm rc=0 and the SAME 4-artifact shortfall at every
     grant up to write:"disk" — invariant under widening, so it is not a capability gap)
     ⇒ The grant is the SYNTHESIZED one and is UNVERIFIED — minimality was never descended.
        Triage the shortfall against the arm's toolchain, not against the jail.
### DONE sse4_crc32@7.0.0  synthesized={"write":{"deps":true,"project":true},"network":true,"writePaths":["Library/Caches/node-gyp"]} verified=0
