OSV-SCREEN {"schemaVersion":1,"kind":"direct","status":"clean","digest":"56212d4957298111d948ae28aabfdd0e77688ab747ae6b420d1eb30fb991ce8f","specCount":1,"lockfiles":{"digest":null,"files":[]},"maliciousAdvisories":[],"screenedAt":"2026-09-08T07:07:33.870Z","cacheHit":false,"clearancePath":"/Users/runner/v2m-SOeHbx/security/direct.json"}
  SECURITY direct clean: 1 exact package-version(s), tree 56212d495729
### @sap/hdi-deploy@5.3.1   (/Users/runner/v2m-SOeHbx)   nub=/tmp/nub/target/release/nub
  VENUE-NUB-BINARY {"path":"/tmp/nub/target/release/nub","sha256":"f923f9d246b7061a3e88675efb7b4fdcda741d02368002ce6e7f7044b01e7bbe","bytes":93818888,"features":{"buildJailCatalogOverride":true,"pythonDontWriteBytecodeEnv":true}}
  CI-ENV scrubbed: CI GITHUB_ACTIONS
  --- fbt preflight (advisory; never fails the run) ---
     csrutil: System Integrity Protection status: disabled.
     fbt probes visible: 93591
     fbt enable attempt: dtrace: description 'fbt:::entry ' matched 50364 probes CPU     ID                    FUNCTION:NAME 
     cwd builtin value:  
     fbt chdir symbols:  
     fbt fires on spawn-with-cwd: dtrace: invalid probe specifier fbt::chdir*:entry /progenyof($target)/ { @[probefunc] = count(); }: probe description fbt::chdir*:entry does not match any probes 
  --- end fbt preflight ---
OSV-SCREEN {"schemaVersion":1,"kind":"npm-observe-resolved","status":"clean","digest":"e8c7cf44419b3134105421e79a5175f3aa59f314a0db4aa766a85179c8adf722","specCount":25,"lockfiles":{"digest":"ab6ae17f2d4d87666d2d259de43eecfeb95d4810c38be0689969f279d78ba367","files":[{"path":"package-lock.json","sha256":"3d648f72129bc7165f61e0f221ff63d083271e8019d69423ca35f61843d59b5a","bytes":10657}]},"maliciousAdvisories":[],"screenedAt":"2026-09-08T07:07:38.834Z","cacheHit":false,"clearancePath":"/Users/runner/v2m-SOeHbx/security/npm-observe-resolved.json"}
  SECURITY npm-observe-resolved clean: 25 exact package-version(s), tree e8c7cf44419b
  VENUE-CI-CHILD clean (no CI-detection variable reaches the traced script)
  --- wrapper (run.sh) ---
     cd "/Users/runner/v2m-SOeHbx/Observe"
     sudo -u "runner" -H env "PATH=$PATH"   "HOME=/Users/runner/v2m-SOeHbx/jailhome"   "TMPDIR=/private/var/folders/bl/vzjcvbz95c3dk19cb0fw46180000gn/T/nub-tmp-obsXsCmuj"   "NODE_COMPAT=1"   "PYTHONDONTWRITEBYTECODE=1"   "PLAYWRIGHT_BROWSERS_PATH=/Users/runner/.cache/nub/pm/tools/ms-playwright"   "ELECTRON_CACHE=/Users/runner/.cache/nub/pm/tools/electron-cache"   "electron_config_cache=/Users/runner/.cache/nub/pm/tools/electron-cache"   "npm_config_prefix=/Users/runner/.cache/nub/pm/tools/npm-prefix"   "/Users/runner/hostedtoolcache/node/22.23.2/arm64/bin/npm" rebuild --no-audit --no-fund "@sap/hdi-deploy" > "/Users/runner/v2m-SOeHbx/Observe/npm.log" 2>&1
     echo $? > "/Users/runner/v2m-SOeHbx/Observe/rc"
  --- dtrace stderr + wrapper trace ---
     + cd /Users/runner/v2m-SOeHbx/Observe
     + sudo -u runner -H env PATH=/Users/runner/hostedtoolcache/node/22.23.2/arm64/bin:/opt/homebrew/lib/ruby/gems/3.3.0/bin:/opt/homebrew/opt/ruby@3.3/bin:/Users/runner/.local/bin:/opt/homebrew/bin:/opt/homebrew/sbin:/Users/runner/.cargo/bin:/usr/local/opt/curl/bin:/usr/local/bin:/usr/local/sbin:/Users/runner/bin:/Users/runner/.yarn/bin:/Users/runner/Library/Android/sdk/tools:/Users/runner/Library/Android/sdk/platform-tools:/Library/Frameworks/Python.framework/Versions/Current/bin:/Library/Frameworks/Mono.framework/Versions/Current/Commands:/usr/bin:/bin:/usr/sbin:/sbin:/Users/runner/.dotnet/tools HOME=/Users/runner/v2m-SOeHbx/jailhome TMPDIR=/private/var/folders/bl/vzjcvbz95c3dk19cb0fw46180000gn/T/nub-tmp-obsXsCmuj NODE_COMPAT=1 PYTHONDONTWRITEBYTECODE=1 PLAYWRIGHT_BROWSERS_PATH=/Users/runner/.cache/nub/pm/tools/ms-playwright ELECTRON_CACHE=/Users/runner/.cache/nub/pm/tools/electron-cache electron_config_cache=/Users/runner/.cache/nub/pm/tools/electron-cache npm_config_prefix=/Users/runner/.cache/nub/pm/tools/npm-prefix /Users/runner/hostedtoolcache/node/22.23.2/arm64/bin/npm rebuild --no-audit --no-fund @sap/hdi-deploy
     dtrace: error on enabled probe ID 128 (ID 286: syscall::execve:entry): invalid address (0x6000033fc000) in action #1 at DIF offset 20
     + echo 1
  OBSERVE   rc=1 dtrace_rc=0 files=700 (pre=698) trace=11975 lines
  => BROKEN-WITHOUT-JAIL-TOO (unjailed control failed rc=1; nothing to measure)
     npm error code 1
     npm error path /Users/runner/v2m-SOeHbx/Observe/node_modules/@sap/hdi-deploy
     npm error command failed
     npm error command sh -c node lib/check_client.js
     npm error Cannot find module '@sap/hana-client'
     npm error Require stack:
     npm error - /Users/runner/v2m-SOeHbx/Observe/node_modules/@sap/hdi-deploy/lib/check_client.js
     npm error Cannot find module 'hdb'
     npm error Require stack:
     npm error - /Users/runner/v2m-SOeHbx/Observe/node_modules/@sap/hdi-deploy/lib/check_client.js
     npm error npm error @sap/hdi-deploy@5.3.1: requires a peer of either '@sap/hana-client' or 'hdb' but none is installed. You must install peer dependencies yourself or add them to your package.json file.
     npm notice
     npm notice New major version of npm available! 10.9.8 -> 12.0.2
     npm notice Changelog: https://github.com/npm/cli/releases/tag/v12.0.2
     npm notice To update run: npm install -g npm@12.0.2
     npm notice
     npm error A complete log of this run can be found in: /Users/runner/v2m-SOeHbx/jailhome/.npm/_logs/2026-09-08T07_07_40_337Z-debug-0.log
