### detox@20.51.4   (/home/runner/v2-E9KRih)
  CI-ENV scrubbed: CI GITHUB_ACTIONS
OSV-SCREEN {"schemaVersion":1,"kind":"direct","status":"clean","digest":"c5386e200bcd504fbbf36adccc538056b102d8998e67861d858384a0e57b917c","specCount":1,"lockfiles":{"digest":null,"files":[]},"maliciousAdvisories":[],"screenedAt":"2026-09-09T05:41:19.259Z","cacheHit":false,"clearancePath":"/home/runner/v2-E9KRih/security/direct.json"}
  SECURITY direct clean: 1 exact package-version(s), tree c5386e200bcd
  VENUE-OBSERVE-USER {"uid":1001,"user":"runner","umask":"0022","capBnd":"000001ffffffffff","noNewPrivs":"0"}
  VENUE-NUB-BINARY {"path":"/tmp/nub/target/release/nub","sha256":"2a18683f50f7afeb02a521cd3cae175dc2f91780d461c5f012065241f5a1447b","bytes":207643464,"features":{"buildJailCatalogOverride":true,"pythonDontWriteBytecodeEnv":true}}
OSV-SCREEN {"schemaVersion":1,"kind":"npm-observe-resolved","status":"clean","digest":"35a00051f26910b01a32336b96ce39de6bcf4a255cbf476bd110667e6a22dc64","specCount":192,"lockfiles":{"digest":"5ed7b28bf39ae4897e885ecea7d818272f373b14c8183e1b56697a0a586e6930","files":[{"path":"package-lock.json","sha256":"2d2f09f8a038cf93dc5e0647d54a817a3a70102b0a3686d0ff9e6ee60366ba61","bytes":81552}]},"maliciousAdvisories":[],"screenedAt":"2026-09-09T05:41:27.098Z","cacheHit":false,"clearancePath":"/home/runner/v2-E9KRih/security/npm-observe-resolved.json"}
  SECURITY npm-observe-resolved clean: 192 exact package-version(s), tree 35a00051f269
  OBSERVE   rc=0 files=5276 trace=11420 lines
  CLOSURE   182 packages evicted per arm
  ARM-FALSIFIABILITY {"manifestFiles":609,"filesTheScriptProduced":0,"reasons":["gate-vacuous"]}
  ⛔ ARMS-UNFALSIFIABLE — a green arm for this package carries no evidence:
       gate-vacuous: the script changed no file the artifact gate keys on — every file in the manifest (609) was already present at its final size before the script ran, so the gate passes in every arm including a completely broken one
       The grant may still be correct; what is missing is a signal that could have gone
       red. Do not read this record's MINIMAL as a passing measurement.
  RAWLOG-FILE /home/runner/v2-E9KRih/observe/trace.txt.gz
  RAWLOG-CAPTURE /home/runner/v2-E9KRih/observe/capture.json
  RAWLOG-BYTES raw=2466606 gz=73029
  VENUE-INTERPRETER /opt/hostedtoolcache/node/22.23.2/x64
  VENUE-OVERRIDES {"set":{"HOME":"/home/runner/v2-E9KRih/jailhome","TMPDIR":"/tmp/nub-tmp-obs4DwI51","NODE_COMPAT":"1","PLAYWRIGHT_BROWSERS_PATH":"/home/runner/.cache/nub/pm/tools/ms-playwright","ELECTRON_CACHE":"/home/runner/.cache/nub/pm/tools/electron-cache","electron_config_cache":"/home/runner/.cache/nub/pm/tools/electron-cache","npm_config_prefix":"/home/runner/.cache/nub/pm/tools/npm-prefix","PYTHONDONTWRITEBYTECODE":"1","NUB_CACHE_DIR":"/home/runner/v2-E9KRih/nubcache"},"unset":["CI","GITHUB_ACTIONS"],"passedThrough":{"CI":"true","GITHUB_ACTIONS":"true","NODE_ENV":null}}
  == ATTRIBUTION == attributed pids: 13
    writes  script 1  /  whole traced tree 1089
    sockets script 0  /  whole traced tree 6
  == ROOTS (from capture.json — R2: no ambient reads) ==
    project       /home/runner/v2-E9KRih/observe
    home          /home/runner
    jailHome      /home/runner/v2-E9KRih/jailhome
    globalStore   /home/runner/.cache/nub/pm/store   [declared, not keyed on]
    projectStore  /home/runner/v2-E9KRih/observe/node_modules/.store   [declared, not keyed on]
    interpreter   /opt/hostedtoolcache/node/22.23.2/x64   [declared, not keyed on]
    toolsDir      /home/runner/.cache/nub/pm/tools   [declared, not keyed on]
    temp          /tmp/nub-tmp-obs4DwI51
    npmPrefix     /home/runner/.cache/nub/pm/tools/npm-prefix
    ownPkg        /home/runner/v2-E9KRih/observe/node_modules/detox
  == WRITES the script actually performed ==
    ownPkg        1  (base profile already grants this — NOT billed)
        /home/runner/v2-E9KRih/observe/node_modules/detox/android/gradle/wrapper/gradle-wrapper.properties
  == NETWORK ==
    AF_INET sockets: 0   distinct peers: 2
        127.0.0.53:53
        104.16.4.34:443
  == REFUSALS (only `= -1 EACCES/EPERM/EROFS`) ==
    distinct: 0
  == SYNTHESIZED GRANT (verify this in the real unprivileged jail) ==
    {}
  == writePaths (DERIVED — promotion out of the package's PRIVATE home) ==
    private-home writes observed: 0
    none declared — the script wrote nothing into its private home — there is nothing to promote
  == writePaths FEASIBILITY (distinct writes outside project/deps) ==
    count: 0
    EVENTS    4814 distinct from 11132 calls (11421 lines, 266 rejoined, 0 unparsed)
    PROCS     20   lifecycle shells 8
    ⛔ 3 paths with an UNRESOLVED dirfd — kept, marked, never guessed
    unsubscribed/unmapped syscalls: getsockname×23 setsockopt×23 exit×15 getsockopt×9 recvmsg×7 getcwd×5 socketpair×3 shutdown×3
    wrote /home/runner/v2-E9KRih/observe/events.ndjson.gz (34026 bytes)
  EVENTLOG-FILE /home/runner/v2-E9KRih/observe/events.ndjson.gz
  EVENTLOG-STATS {"lines":11421,"parsed":11132,"unparsed":0,"unfinished":266,"rejoined":266,"unresolvedDirfd":3,"truncatedArg":0,"procs":20,"lifecyclePids":8,"distinctEvents":4814,"unknownSyscall":{"getsockname":23,"getsockopt":9,"getcwd":5,"recvmsg":7,"exit":15,"setsockopt":23,"sendmmsg":1,"socketpair":3,"shutdown":3,"exit_group":3,"wait4":3},"out":"/home/runner/v2-E9KRih/observe/events.ndjson.gz","gzipBytes":34026}
  EVICT     44 store entries removed, 5 spared as nub tooling
  SE-PURGE  0 side-effects-cache entries for detox
  scaffold: 1 dependency package(s) with lifecycle scripts granted a fixed wide grant
OSV-SCREEN {"schemaVersion":1,"kind":"nub-synth-resolved","status":"clean","digest":"f92db0589c1e455bede6aa21c3a85d0ead7f35dbfe44bb27e87087f03bf72c65","specCount":194,"lockfiles":{"digest":"4a199e81fdf537156bda15756dfa1852e9e00e35a498e9548018b188049dfb85","files":[{"path":"nub.lock","sha256":"bc93f1409d429fea605d29e1ebe3331be1632e8775b8f607ea4aaef2f96329e4","bytes":48417}]},"maliciousAdvisories":[],"screenedAt":"2026-09-09T05:41:33.307Z","cacheHit":false,"clearancePath":"/home/runner/v2-E9KRih/security/nub-synth-resolved.json"}
  SECURITY nub-synth-resolved clean: 194 exact package-version(s), tree f92db0589c1e
  VENUE-STORE-LAYOUT isolated
  VERIFY[synth] rc=0 artifacts=609/609 missing=0 shortfall=none (tree 17844/5276) OVERRIDDEN=2 REJECTED=0 grant={}
  => VERIFIED {}   (observed, then verified)
  DESCEND   grant is already empty — nothing to narrow; MINIMAL by construction.
