### parse-server@2.8.4   (/home/runner/v2-FRiJBK)
  CI-ENV scrubbed: CI GITHUB_ACTIONS
OSV-SCREEN {"schemaVersion":1,"kind":"direct","status":"clean","digest":"92eb05a31b4ab58c4451e8fd222cc03ab9b724b96bcabd5ac99a971cd6ea77a3","specCount":1,"lockfiles":{"digest":null,"files":[]},"maliciousAdvisories":[],"screenedAt":"2026-09-08T09:07:47.328Z","cacheHit":false,"clearancePath":"/home/runner/v2-FRiJBK/security/direct.json"}
  SECURITY direct clean: 1 exact package-version(s), tree 92eb05a31b4a
  VENUE-OBSERVE-USER {"uid":1001,"user":"runner","umask":"0022","capBnd":"000001ffffffffff","noNewPrivs":"0"}
  VENUE-NUB-BINARY {"path":"/tmp/nub/target/release/nub","sha256":"2a18683f50f7afeb02a521cd3cae175dc2f91780d461c5f012065241f5a1447b","bytes":207643464,"features":{"buildJailCatalogOverride":true,"pythonDontWriteBytecodeEnv":true}}
OSV-SCREEN {"schemaVersion":1,"kind":"npm-observe-resolved","status":"clean","digest":"58ffb6660c836b57cda2dcbdf840e66a58c1e220153fccb573e88c59bb2d75c7","specCount":362,"lockfiles":{"digest":"f7671ddbd5316b36d385ecb399f800c5a9efbe5f65b26bb910a9f2f2c9dd3c54","files":[{"path":"package-lock.json","sha256":"2846603109f2b9784c3e909366c8ac6340437906ab2779b22d49235189123596","bytes":152582}]},"maliciousAdvisories":[],"screenedAt":"2026-09-08T09:07:56.495Z","cacheHit":false,"clearancePath":"/home/runner/v2-FRiJBK/security/npm-observe-resolved.json"}
  SECURITY npm-observe-resolved clean: 362 exact package-version(s), tree 58ffb6660c83
  OBSERVE   rc=0 files=10840 trace=12243 lines
  CLOSURE   281 packages evicted per arm
  ARM-FALSIFIABILITY {"manifestFiles":178,"filesTheScriptProduced":0,"reasons":["gate-vacuous"]}
  ⛔ ARMS-UNFALSIFIABLE — a green arm for this package carries no evidence:
       gate-vacuous: the script changed no file the artifact gate keys on — every file in the manifest (178) was already present at its final size before the script ran, so the gate passes in every arm including a completely broken one
       The grant may still be correct; what is missing is a signal that could have gone
       red. Do not read this record's MINIMAL as a passing measurement.
  RAWLOG-FILE /home/runner/v2-FRiJBK/observe/trace.txt.gz
  RAWLOG-CAPTURE /home/runner/v2-FRiJBK/observe/capture.json
  RAWLOG-BYTES raw=2564000 gz=76841
  VENUE-INTERPRETER /opt/hostedtoolcache/node/22.23.2/x64
  VENUE-OVERRIDES {"set":{"HOME":"/home/runner/v2-FRiJBK/jailhome","TMPDIR":"/tmp/nub-tmp-obsyxsfRo","NODE_COMPAT":"1","PLAYWRIGHT_BROWSERS_PATH":"/home/runner/.cache/nub/pm/tools/ms-playwright","ELECTRON_CACHE":"/home/runner/.cache/nub/pm/tools/electron-cache","electron_config_cache":"/home/runner/.cache/nub/pm/tools/electron-cache","npm_config_prefix":"/home/runner/.cache/nub/pm/tools/npm-prefix","PYTHONDONTWRITEBYTECODE":"1","NUB_CACHE_DIR":"/home/runner/v2-FRiJBK/nubcache"},"unset":["CI","GITHUB_ACTIONS"],"passedThrough":{"CI":"true","GITHUB_ACTIONS":"true","NODE_ENV":null}}
  == ATTRIBUTION == attributed pids: 13
    writes  script 0  /  whole traced tree 1088
    sockets script 0  /  whole traced tree 4
  == ROOTS (from capture.json — R2: no ambient reads) ==
    project       /home/runner/v2-FRiJBK/observe
    home          /home/runner
    jailHome      /home/runner/v2-FRiJBK/jailhome
    globalStore   /home/runner/.cache/nub/pm/store   [declared, not keyed on]
    projectStore  /home/runner/v2-FRiJBK/observe/node_modules/.store   [declared, not keyed on]
    interpreter   /opt/hostedtoolcache/node/22.23.2/x64   [declared, not keyed on]
    toolsDir      /home/runner/.cache/nub/pm/tools   [declared, not keyed on]
    temp          /tmp/nub-tmp-obsyxsfRo
    npmPrefix     /home/runner/.cache/nub/pm/tools/npm-prefix
    ownPkg        /home/runner/v2-FRiJBK/observe/node_modules/parse-server
  == WRITES the script actually performed ==
  == NETWORK ==
    AF_INET sockets: 0   distinct peers: 2
        127.0.0.53:53
        104.16.10.34:443
  == REFUSALS (only `= -1 EACCES/EPERM/EROFS`) ==
    distinct: 0
  == SYNTHESIZED GRANT (verify this in the real unprivileged jail) ==
    {}
  == writePaths (DERIVED — promotion out of the package's PRIVATE home) ==
    private-home writes observed: 0
    none declared — the script wrote nothing into its private home — there is nothing to promote
  == writePaths FEASIBILITY (distinct writes outside project/deps) ==
    count: 0
    EVENTS    5183 distinct from 11487 calls (12244 lines, 734 rejoined, 0 unparsed)
    PROCS     20   lifecycle shells 8
    ⛔ 3 paths with an UNRESOLVED dirfd — kept, marked, never guessed
    unsubscribed/unmapped syscalls: setsockopt×23 getsockname×22 exit×15 getsockopt×9 recvmsg×7 getcwd×4 socketpair×3 shutdown×3
    wrote /home/runner/v2-FRiJBK/observe/events.ndjson.gz (36368 bytes)
  EVENTLOG-FILE /home/runner/v2-FRiJBK/observe/events.ndjson.gz
  EVENTLOG-STATS {"lines":12244,"parsed":11487,"unparsed":0,"unfinished":734,"rejoined":734,"unresolvedDirfd":3,"truncatedArg":0,"procs":20,"lifecyclePids":8,"distinctEvents":5183,"unknownSyscall":{"getsockname":22,"getsockopt":9,"getcwd":4,"recvmsg":7,"exit":15,"setsockopt":23,"sendmmsg":1,"socketpair":3,"shutdown":3,"exit_group":3,"wait4":3},"out":"/home/runner/v2-FRiJBK/observe/events.ndjson.gz","gzipBytes":36368}
  EVICT     47 store entries removed, 2 spared as nub tooling
  SE-PURGE  0 side-effects-cache entries for parse-server
  scaffold: 3 dependency package(s) with lifecycle scripts granted a fixed wide grant
OSV-SCREEN {"schemaVersion":1,"kind":"nub-synth-resolved","status":"clean","digest":"97e7fa755fbd21b8b307358b1fd5a4023884671c8f34f13ef11c73b70f3b94c5","specCount":362,"lockfiles":{"digest":"2c00ecc97e5bbe7aebe8972b5c94b083fc2014a55e828c973f6e1f793d316329","files":[{"path":"nub.lock","sha256":"7fe1575e8e12557556658f16967a21c06728f86bac47d5ba16aef12a8c6f89e3","bytes":80458}]},"maliciousAdvisories":[],"screenedAt":"2026-09-08T09:08:02.289Z","cacheHit":false,"clearancePath":"/home/runner/v2-FRiJBK/security/nub-synth-resolved.json"}
  SECURITY nub-synth-resolved clean: 362 exact package-version(s), tree 97e7fa755fbd
  VENUE-STORE-LAYOUT isolated
  VERIFY[synth] rc=0 artifacts=175/175 missing=0 shortfall=none (tree 33453/10840) OVERRIDDEN=2 REJECTED=0 grant={}
  => VERIFIED {}   (observed, then verified)
  DESCEND   grant is already empty — nothing to narrow; MINIMAL by construction.
