### elm@0.19.1   (/home/runner/v2-RRmsig)
  CI-ENV scrubbed: CI GITHUB_ACTIONS
OSV-SCREEN {"schemaVersion":1,"kind":"direct","status":"clean","digest":"33cb92dfbdcbaede686ab0db532037d77a8f2900d6a51327e6c44beb7f0d636c","specCount":1,"lockfiles":{"digest":null,"files":[]},"maliciousAdvisories":[],"screenedAt":"2026-09-08T08:53:16.262Z","cacheHit":false,"clearancePath":"/home/runner/v2-RRmsig/security/direct.json"}
  SECURITY direct clean: 1 exact package-version(s), tree 33cb92dfbdcb
  VENUE-OBSERVE-USER {"uid":1001,"user":"runner","umask":"0022","capBnd":"000001ffffffffff","noNewPrivs":"0"}
  VENUE-NUB-BINARY {"path":"/tmp/nub/target/release/nub","sha256":"2a18683f50f7afeb02a521cd3cae175dc2f91780d461c5f012065241f5a1447b","bytes":207643464,"features":{"buildJailCatalogOverride":true,"pythonDontWriteBytecodeEnv":true}}
OSV-SCREEN {"schemaVersion":1,"kind":"npm-observe-resolved","status":"clean","digest":"8efb33fa0f8c0f65c78d357801a3d527a2e6840ba1aa4dbced74691ab61e20af","specCount":48,"lockfiles":{"digest":"78052c27c86e60c0327441c848a6f481147a7c32bf5353fe62f5710581b5b27a","files":[{"path":"package-lock.json","sha256":"bdf4b1051ab8d444de224625aa47cb793d81e25dd513841ddaf07922cb39a00a","bytes":19282}]},"maliciousAdvisories":[],"screenedAt":"2026-09-08T08:53:18.099Z","cacheHit":false,"clearancePath":"/home/runner/v2-RRmsig/security/npm-observe-resolved.json"}
  SECURITY npm-observe-resolved clean: 48 exact package-version(s), tree 8efb33fa0f8c
  OBSERVE   rc=0 files=573 trace=13110 lines
  CLOSURE   48 packages evicted per arm
  ARM-FALSIFIABILITY {"manifestFiles":5,"filesTheScriptProduced":1,"reasons":[]}
  RAWLOG-FILE /home/runner/v2-RRmsig/observe/trace.txt.gz
  RAWLOG-CAPTURE /home/runner/v2-RRmsig/observe/capture.json
  RAWLOG-BYTES raw=2830303 gz=81979
  VENUE-INTERPRETER /opt/hostedtoolcache/node/22.23.2/x64
  VENUE-OVERRIDES {"set":{"HOME":"/home/runner/v2-RRmsig/jailhome","TMPDIR":"/tmp/nub-tmp-obsqKlRRI","NODE_COMPAT":"1","PLAYWRIGHT_BROWSERS_PATH":"/home/runner/.cache/nub/pm/tools/ms-playwright","ELECTRON_CACHE":"/home/runner/.cache/nub/pm/tools/electron-cache","electron_config_cache":"/home/runner/.cache/nub/pm/tools/electron-cache","npm_config_prefix":"/home/runner/.cache/nub/pm/tools/npm-prefix","PYTHONDONTWRITEBYTECODE":"1","NUB_CACHE_DIR":"/home/runner/v2-RRmsig/nubcache"},"unset":["CI","GITHUB_ACTIONS"],"passedThrough":{"CI":"true","GITHUB_ACTIONS":"true","NODE_ENV":null}}
  == ATTRIBUTION == attributed pids: 18
    writes  script 1  /  whole traced tree 1089
    sockets script 5  /  whole traced tree 11
  == ROOTS (from capture.json — R2: no ambient reads) ==
    project       /home/runner/v2-RRmsig/observe
    home          /home/runner
    jailHome      /home/runner/v2-RRmsig/jailhome
    globalStore   /home/runner/.cache/nub/pm/store   [declared, not keyed on]
    projectStore  /home/runner/v2-RRmsig/observe/node_modules/.store   [declared, not keyed on]
    interpreter   /opt/hostedtoolcache/node/22.23.2/x64   [declared, not keyed on]
    toolsDir      /home/runner/.cache/nub/pm/tools   [declared, not keyed on]
    temp          /tmp/nub-tmp-obsqKlRRI
    npmPrefix     /home/runner/.cache/nub/pm/tools/npm-prefix
    ownPkg        /home/runner/v2-RRmsig/observe/node_modules/elm
  == WRITES the script actually performed ==
    ownPkg        1  (base profile already grants this — NOT billed)
        /home/runner/v2-RRmsig/observe/node_modules/elm/bin/elm
  == NETWORK ==
    AF_INET sockets: 5   distinct peers: 3
        127.0.0.53:53
        104.16.1.34:443
        140.82.114.4:443
  == REFUSALS (only `= -1 EACCES/EPERM/EROFS`) ==
    distinct: 0
  == SYNTHESIZED GRANT (verify this in the real unprivileged jail) ==
    {"network":true}
  == writePaths (DERIVED — promotion out of the package's PRIVATE home) ==
    private-home writes observed: 0
    none declared — the script wrote nothing into its private home — there is nothing to promote
  == writePaths FEASIBILITY (distinct writes outside project/deps) ==
    count: 0
    EVENTS    5284 distinct from 13055 calls (13111 lines, 28 rejoined, 0 unparsed)
    PROCS     25   lifecycle shells 13
    ⛔ 3 paths with an UNRESOLVED dirfd — kept, marked, never guessed
    unsubscribed/unmapped syscalls: setsockopt×33 getsockname×31 exit×20 getsockopt×13 recvmsg×11 getcwd×4 sendmmsg×3 socketpair×3
    wrote /home/runner/v2-RRmsig/observe/events.ndjson.gz (35978 bytes)
  EVENTLOG-FILE /home/runner/v2-RRmsig/observe/events.ndjson.gz
  EVENTLOG-STATS {"lines":13111,"parsed":13055,"unparsed":0,"unfinished":28,"rejoined":28,"unresolvedDirfd":3,"truncatedArg":0,"procs":25,"lifecyclePids":13,"distinctEvents":5284,"unknownSyscall":{"getsockname":31,"getsockopt":13,"getcwd":4,"recvmsg":11,"exit":20,"setsockopt":33,"sendmmsg":3,"socketpair":3,"shutdown":3,"exit_group":3,"wait4":3},"out":"/home/runner/v2-RRmsig/observe/events.ndjson.gz","gzipBytes":35978}
  EVICT     4 store entries removed, 0 spared as nub tooling
  SE-PURGE  0 side-effects-cache entries for elm
OSV-SCREEN {"schemaVersion":1,"kind":"nub-synth-resolved","status":"clean","digest":"8efb33fa0f8c0f65c78d357801a3d527a2e6840ba1aa4dbced74691ab61e20af","specCount":48,"lockfiles":{"digest":"478392bf06fd73fc38e0feca102fc2e9b2cc9619fc0cf60c99c7935c3d6ec1d4","files":[{"path":"nub.lock","sha256":"4b0ee36b93c92f6ea4e7aa4c82e699cab1b77f2eb4a5408db08ba7c504ce45d2","bytes":11159}]},"maliciousAdvisories":[],"screenedAt":"2026-09-08T08:53:18.099Z","cacheHit":true,"clearancePath":"/home/runner/v2-RRmsig/security/nub-synth-resolved.json"}
  SECURITY nub-synth-resolved clean: 48 exact package-version(s), tree 8efb33fa0f8c (cached exact-tree clearance)
  VENUE-STORE-LAYOUT isolated
  VERIFY[synth] rc=0 artifacts=5/5 missing=0 shortfall=none (tree 1817/573) OVERRIDDEN=2 REJECTED=0 grant={"network":true}
  => VERIFIED {"network":true}   (observed, then verified)
  EVICT     48 store entries removed, 0 spared as nub tooling
  SE-PURGE  0 side-effects-cache entries for elm
OSV-SCREEN {"schemaVersion":1,"kind":"nub-drop-no-network-resolved","status":"clean","digest":"8efb33fa0f8c0f65c78d357801a3d527a2e6840ba1aa4dbced74691ab61e20af","specCount":48,"lockfiles":{"digest":"478392bf06fd73fc38e0feca102fc2e9b2cc9619fc0cf60c99c7935c3d6ec1d4","files":[{"path":"nub.lock","sha256":"4b0ee36b93c92f6ea4e7aa4c82e699cab1b77f2eb4a5408db08ba7c504ce45d2","bytes":11159}]},"maliciousAdvisories":[],"screenedAt":"2026-09-08T08:53:18.099Z","cacheHit":true,"clearancePath":"/home/runner/v2-RRmsig/security/nub-drop-no-network-resolved.json"}
  SECURITY nub-drop-no-network-resolved clean: 48 exact package-version(s), tree 8efb33fa0f8c (cached exact-tree clearance)
  VERIFY[drop-no-network] rc=1 artifacts=5/5 missing=1 shortfall=3c96fbbf9856 (tree 1818/573) OVERRIDDEN=2 REJECTED=0 grant={}
       missing: bin/elm (0B < 28392488B)
     'no-network' is NECESSARY — dropping it fails to verify
  => MINIMAL — every capability in {"network":true} is independently necessary
