### type-graphql@1.1.1   (D:\jail\m-typegraphql-mtsscv34)
  CI-ENV scrubbed: CI GITHUB_ACTIONS
OSV-SCREEN {"schemaVersion":1,"kind":"direct","status":"clean","digest":"03b25784e9e810545cc357d89b3dcba489d368a38087784a8bd18651ef05b891","specCount":1,"lockfiles":{"digest":null,"files":[]},"maliciousAdvisories":[],"screenedAt":"2026-09-08T14:49:40.463Z","cacheHit":false,"clearancePath":"D:\\jail\\m-typegraphql-mtsscv34\\security\\direct.json"}
  SECURITY direct clean: 1 exact package-version(s), tree 03b25784e9e8
OSV-SCREEN {"schemaVersion":1,"kind":"npm-observe-resolved","status":"clean","digest":"326c90f2c91482e3a745ac7f8f3e3f7f152f08eaf3f68c4c4e206dafb5f6d8df","specCount":28,"lockfiles":{"digest":"84c3c4e77dae4a50faaabf44517feb5d1f8da1384f4ec05cceecce99a31a0985","files":[{"path":"package-lock.json","sha256":"f100e9b7351ee96e04e30a4c783a15d1949d17a8633419578305faa2dd9f6975","bytes":11336}]},"maliciousAdvisories":[],"screenedAt":"2026-09-08T14:49:44.587Z","cacheHit":false,"clearancePath":"D:\\jail\\m-typegraphql-mtsscv34\\security\\npm-observe-resolved.json"}
  SECURITY npm-observe-resolved clean: 28 exact package-version(s), tree 326c90f2c914
  CAPTURE user=runnervmeef0v\runneradmin elevated=True rootPid=2104 exit=0 events=59814 lost=0
  VENUE-OBSERVE-USER runnervmeef0v\runneradmin elevated=true privDropped={"SeBackupPrivilege":"removed","SeRestorePrivilege":"removed","SeTakeOwnershipPrivilege":"removed"}
  OBSERVE artifacts: 222 files  (D:\jail\m-typegraphql-mtsscv34\observe\node_modules\type-graphql)
  ARM-FALSIFIABILITY {"manifestFiles":222,"filesTheScriptProduced":0,"reasons":["gate-vacuous","rc-vacuous"]}
  ⛔ ARMS-UNFALSIFIABLE — a green arm for this package carries no evidence:
       gate-vacuous: the script changed no file the artifact gate keys on — every file in the manifest (222) was already present at its final size before the script ran, so the gate passes in every arm including a completely broken one
       rc-vacuous: `postinstall` ends in a status-swallowing construct (`node ./dist/postinstall || exit 0`), so its exit code is 0 whether the work succeeded or failed
       The grant may still be correct; what is missing is a signal that could have gone
       red. Do not read this record's MINIMAL as a passing measurement.
  CLOSURE 28 packages evicted per arm
  8.3 MAP 0 components resolved on runnervmeef0v, folded into capture.json
  == ROOTS (from capture.json — R2: no ambient reads) ==
    project       D:\jail\m-typegraphql-mtsscv34\observe   [keyed on]
    home          C:\Users\runneradmin   [keyed on]
    jailHome      (null — declared inapplicable)
    globalStore   C:\Users\runneradmin\AppData\Local\nub\pm\store
    projectStore  D:\jail\m-typegraphql-mtsscv34\observe\node_modules\.store
    interpreter   C:\hostedtoolcache\windows\node\22.23.2\x64\node.exe
    toolsDir      C:\Users\runneradmin\AppData\Local\nub\pm\tools
    temp          D:\jail\m-typegraphql-mtsscv34\tmp   [keyed on]
    npmPrefix     (null — declared inapplicable)
    ownPkg        D:\jail\m-typegraphql-mtsscv34\observe\node_modules\type-graphql
  == ATTRIBUTION == lifecycle pids: 2 (root 2104)
    writes  script 0  /  whole traced tree 6
    peers   script 0  /  whole traced tree 0
  == WRITES ==
  == READS ==
    deps          5
    outside       6
    project       1
    systemfs     23
  == NETWORK ==
    distinct peers: 0
  == REFUSALS (adapter-classified) ==
    distinct: 0
  == SYNTHESIZED GRANT (verify this in the real unprivileged jail) ==
    {}
  RAW       etw-raw.xml.gz  75416041 B xml -> 1135277 B gz (66.4x)  sha256 73103eb25a4ed998…
  HEADER    etw-header.json (5085 bytes)
  DERIVED   5249 distinct from 6397 kept ops (59814 xml events, 14029 out of subtree)
  PROCS     4   thread-reattributed 0
  ⛔ 1 handle ops whose path no table could supply
  8.3       0 expanded, 0 kept short, 0 not covered  [map: recorded 8.3 map (0 components, resolved on runnervmeef0v)]
  wrote events.ndjson.gz (66231 bytes)
  RAWLOG-CAPTURE D:\jail\m-typegraphql-mtsscv34\cap\capture.json
  VENUE-NUB-BINARY {"path":"C:/Users/RUNNER~1/AppData/Local/Temp/nub/target/release/nub.exe","sha256":"f186817a44be332fee712b4936a071a0b5f9cde18a1d2fdc3a791729d4bf1005","bytes":68717056,"features":{"buildJailCatalogOverride":true,"pythonDontWriteBytecodeEnv":true}}
  VENUE-INTERPRETER C:\hostedtoolcache\windows\node\22.23.2\x64\node.exe
  VENUE-JAIL-ROOT D:\jail\m-typegraphql-mtsscv34
  VENUE-OVERRIDES {"set":{"npm_config_cache":"D:\\jail\\m-typegraphql-mtsscv34\\npm-cache","TMP":"D:\\jail\\m-typegraphql-mtsscv34\\tmp","TEMP":"D:\\jail\\m-typegraphql-mtsscv34\\tmp","TMPDIR":"D:\\jail\\m-typegraphql-mtsscv34\\tmp"},"unset":["CI","GITHUB_ACTIONS"],"notRedirected":{"USERPROFILE":"C:\\Users\\runneradmin","why":"the jail leaves HOME/USERPROFILE alone — `build_jail.rs` sandbox_homes() reads the ambient value and `compiler/defaults.rs` BASELINE_ENV_EXACT passes it through — so there is no private jail home to reproduce and redirecting one would measure an environment no confined script sees"},"passedThrough":{"CI":"true","GITHUB_ACTIONS":"true","NODE_ENV":null}}
  STORE   isolated virtual store at D:\jail\m-typegraphql-mtsscv34\verify-synth\.cache
  VENUE-STORE-LAYOUT isolated
OSV-SCREEN {"schemaVersion":1,"kind":"nub-synth-resolved","status":"clean","digest":"7c3cacf6b75939e7715a3d114c69fc8429854140b9add9810163251a99895c2a","specCount":28,"lockfiles":{"digest":"e37321b22d8a86281c32c606d4619a88d162049df09e2b303adc43bb67053647","files":[{"path":"nub.lock","sha256":"772a491d0591dd6e3f4803cc8b04c4139ef36afd64c9d41b4af344ad377ec99f","bytes":7392}]},"maliciousAdvisories":[],"screenedAt":"2026-09-08T14:50:00.845Z","cacheHit":false,"clearancePath":"D:\\jail\\m-typegraphql-mtsscv34\\security\\nub-synth-resolved.json"}
  SECURITY nub-synth-resolved clean: 28 exact package-version(s), tree 7c3cacf6b759
  VERIFY[synth] rc=0 artifacts=222/222 missing=0 shortfall=none (tree 9452/3513) OVERRIDDEN=2 REJECTED=0 grant={}
  => MINIMUM {}   (observed, then verified)
  DESCEND   grant is already empty — nothing to narrow; MINIMAL by construction.
