### hugo-extended@0.156.0   (/home/runner/v2-IvGyeC)
  CI-ENV scrubbed: CI GITHUB_ACTIONS
OSV-SCREEN {"schemaVersion":1,"kind":"direct","status":"clean","digest":"7fb00fc272ef167709b8ae7f143446e8022244f11b40e35e5bb68288a6b2d233","specCount":1,"lockfiles":{"digest":null,"files":[]},"maliciousAdvisories":[],"screenedAt":"2026-09-08T02:09:09.201Z","cacheHit":false,"clearancePath":"/home/runner/v2-IvGyeC/security/direct.json"}
  SECURITY direct clean: 1 exact package-version(s), tree 7fb00fc272ef
  VENUE-OBSERVE-USER {"uid":1001,"user":"runner","umask":"0022","capBnd":"000001ffffffffff","noNewPrivs":"0"}
  VENUE-NUB-BINARY {"path":"/tmp/nub/target/release/nub","sha256":"2a18683f50f7afeb02a521cd3cae175dc2f91780d461c5f012065241f5a1447b","bytes":207643464,"features":{"buildJailCatalogOverride":true,"pythonDontWriteBytecodeEnv":true}}
OSV-SCREEN {"schemaVersion":1,"kind":"npm-observe-resolved","status":"clean","digest":"c173ab8785dcadc5689013b78319503af2d6801eb1bcbdfb168aabd75c917f04","specCount":8,"lockfiles":{"digest":"b03e84ae610330d50a4731f7b9ff04147fb498a097ffdf5efa35408f6a0a5311","files":[{"path":"package-lock.json","sha256":"5271d06d6801163e2b8eaaf60180099d45bc456b09851596c1a96eb9d0bd54d0","bytes":3520}]},"maliciousAdvisories":[],"screenedAt":"2026-09-08T02:09:10.460Z","cacheHit":false,"clearancePath":"/home/runner/v2-IvGyeC/security/npm-observe-resolved.json"}
  SECURITY npm-observe-resolved clean: 8 exact package-version(s), tree c173ab8785dc
  OBSERVE   rc=0 files=368 trace=11315 lines
  CLOSURE   8 packages evicted per arm
  ARM-FALSIFIABILITY {"manifestFiles":23,"filesTheScriptProduced":3,"reasons":[]}
  RAWLOG-FILE /home/runner/v2-IvGyeC/observe/trace.txt.gz
  RAWLOG-CAPTURE /home/runner/v2-IvGyeC/observe/capture.json
  RAWLOG-BYTES raw=2455643 gz=74740
  VENUE-INTERPRETER /opt/hostedtoolcache/node/22.23.2/x64
  VENUE-OVERRIDES {"set":{"HOME":"/home/runner/v2-IvGyeC/jailhome","TMPDIR":"/tmp/nub-tmp-obsZ4ndOh","NODE_COMPAT":"1","PLAYWRIGHT_BROWSERS_PATH":"/home/runner/.cache/nub/pm/tools/ms-playwright","ELECTRON_CACHE":"/home/runner/.cache/nub/pm/tools/electron-cache","electron_config_cache":"/home/runner/.cache/nub/pm/tools/electron-cache","npm_config_prefix":"/home/runner/.cache/nub/pm/tools/npm-prefix","PYTHONDONTWRITEBYTECODE":"1","NUB_CACHE_DIR":"/home/runner/v2-IvGyeC/nubcache"},"unset":["CI","GITHUB_ACTIONS"],"passedThrough":{"CI":"true","GITHUB_ACTIONS":"true","NODE_ENV":null}}
  == ATTRIBUTION == attributed pids: 26
    writes  script 5  /  whole traced tree 1093
    sockets script 5  /  whole traced tree 9
  == ROOTS (from capture.json — R2: no ambient reads) ==
    project       /home/runner/v2-IvGyeC/observe
    home          /home/runner
    jailHome      /home/runner/v2-IvGyeC/jailhome
    globalStore   /home/runner/.cache/nub/pm/store   [declared, not keyed on]
    projectStore  /home/runner/v2-IvGyeC/observe/node_modules/.store   [declared, not keyed on]
    interpreter   /opt/hostedtoolcache/node/22.23.2/x64   [declared, not keyed on]
    toolsDir      /home/runner/.cache/nub/pm/tools   [declared, not keyed on]
    temp          /tmp/nub-tmp-obsZ4ndOh
    npmPrefix     /home/runner/.cache/nub/pm/tools/npm-prefix
    ownPkg        /home/runner/v2-IvGyeC/observe/node_modules/hugo-extended
  == WRITES the script actually performed ==
    ownPkg        5  (base profile already grants this — NOT billed)
        /home/runner/v2-IvGyeC/observe/node_modules/hugo-extended/bin
        /home/runner/v2-IvGyeC/observe/node_modules/hugo-extended/bin/hugo_extended_0.156.0_linux-amd64.tar.gz
        /home/runner/v2-IvGyeC/observe/node_modules/hugo-extended/bin/hugo
        /home/runner/v2-IvGyeC/observe/node_modules/hugo-extended/bin/README.md
        /home/runner/v2-IvGyeC/observe/node_modules/hugo-extended/bin/LICENSE
  == NETWORK ==
    AF_INET sockets: 5   distinct peers: 3
        127.0.0.53:53
        104.16.4.34:443
        140.82.112.3:443
  == REFUSALS (only `= -1 EACCES/EPERM/EROFS`) ==
    distinct: 0
  == SYNTHESIZED GRANT (verify this in the real unprivileged jail) ==
    {"network":true}
  == writePaths (DERIVED — promotion out of the package's PRIVATE home) ==
    private-home writes observed: 0
    none declared — the script wrote nothing into its private home — there is nothing to promote
  == writePaths FEASIBILITY (distinct writes outside project/deps) ==
    count: 0
    EVENTS    4666 distinct from 11237 calls (11316 lines, 20 rejoined, 0 unparsed)
    PROCS     33   lifecycle shells 21
    ⛔ 3 paths with an UNRESOLVED dirfd — kept, marked, never guessed
    unsubscribed/unmapped syscalls: setsockopt×57 getsockname×30 tgkill×22 exit×20 getsockopt×13 recvmsg×11 getcwd×6 socketpair×6
    wrote /home/runner/v2-IvGyeC/observe/events.ndjson.gz (33066 bytes)
  EVENTLOG-FILE /home/runner/v2-IvGyeC/observe/events.ndjson.gz
  EVENTLOG-STATS {"lines":11316,"parsed":11237,"unparsed":0,"unfinished":20,"rejoined":20,"unresolvedDirfd":3,"truncatedArg":0,"procs":33,"lifecyclePids":21,"distinctEvents":4666,"unknownSyscall":{"getsockname":30,"getsockopt":13,"getcwd":6,"recvmsg":11,"exit":20,"setsockopt":57,"sendmmsg":3,"socketpair":6,"shutdown":4,"tgkill":22,"exit_group":4,"wait4":4},"out":"/home/runner/v2-IvGyeC/observe/events.ndjson.gz","gzipBytes":33066}
  EVICT     6 store entries removed, 6 spared as nub tooling
  SE-PURGE  0 side-effects-cache entries for hugo-extended
OSV-SCREEN {"schemaVersion":1,"kind":"nub-synth-resolved","status":"clean","digest":"c173ab8785dcadc5689013b78319503af2d6801eb1bcbdfb168aabd75c917f04","specCount":8,"lockfiles":{"digest":"d5f3a1f14815b0f0f360fcc4c2bb6797d0241d8f4a5528439415979e459a60c8","files":[{"path":"nub.lock","sha256":"8929289f929895bbcd436b8b9f324a11434ac9b9a663e2449dad9dcea7a4d91f","bytes":2108}]},"maliciousAdvisories":[],"screenedAt":"2026-09-08T02:09:10.460Z","cacheHit":true,"clearancePath":"/home/runner/v2-IvGyeC/security/nub-synth-resolved.json"}
  SECURITY nub-synth-resolved clean: 8 exact package-version(s), tree c173ab8785dc (cached exact-tree clearance)
  VENUE-STORE-LAYOUT isolated
  VERIFY[synth] rc=0 artifacts=23/23 missing=0 shortfall=none (tree 1130/368) OVERRIDDEN=3 REJECTED=0 grant={"network":true}
  => VERIFIED {"network":true}   (observed, then verified)
  EVICT     2 store entries removed, 6 spared as nub tooling
  SE-PURGE  0 side-effects-cache entries for hugo-extended
OSV-SCREEN {"schemaVersion":1,"kind":"nub-drop-no-network-resolved","status":"clean","digest":"c173ab8785dcadc5689013b78319503af2d6801eb1bcbdfb168aabd75c917f04","specCount":8,"lockfiles":{"digest":"d5f3a1f14815b0f0f360fcc4c2bb6797d0241d8f4a5528439415979e459a60c8","files":[{"path":"nub.lock","sha256":"8929289f929895bbcd436b8b9f324a11434ac9b9a663e2449dad9dcea7a4d91f","bytes":2108}]},"maliciousAdvisories":[],"screenedAt":"2026-09-08T02:09:10.460Z","cacheHit":true,"clearancePath":"/home/runner/v2-IvGyeC/security/nub-drop-no-network-resolved.json"}
  SECURITY nub-drop-no-network-resolved clean: 8 exact package-version(s), tree c173ab8785dc (cached exact-tree clearance)
  VERIFY[drop-no-network] rc=1 artifacts=20/23 missing=3 shortfall=6100e9502c41 (tree 1121/368) OVERRIDDEN=3 REJECTED=0 grant={}
       missing: bin/LICENSE, bin/README.md, bin/hugo
     'no-network' is NECESSARY — dropping it fails to verify
  => MINIMAL — every capability in {"network":true} is independently necessary
