### @pulumi/kubernetes@0.21.1   (/home/runner/v2-GhNnPK)
  CI-ENV scrubbed: CI GITHUB_ACTIONS
OSV-SCREEN {"schemaVersion":1,"kind":"direct","status":"clean","digest":"6f9e40540ee02595c57b71641164f6e6ee1a4bdf45c623dd2369c619b0a58a05","specCount":1,"lockfiles":{"digest":null,"files":[]},"maliciousAdvisories":[],"screenedAt":"2026-09-08T02:09:51.680Z","cacheHit":false,"clearancePath":"/home/runner/v2-GhNnPK/security/direct.json"}
  SECURITY direct clean: 1 exact package-version(s), tree 6f9e40540ee0
  VENUE-OBSERVE-USER {"uid":1001,"user":"runner","umask":"0022","capBnd":"000001ffffffffff","noNewPrivs":"0"}
  VENUE-NUB-BINARY {"path":"/tmp/nub/target/release/nub","sha256":"2a18683f50f7afeb02a521cd3cae175dc2f91780d461c5f012065241f5a1447b","bytes":207643464,"features":{"buildJailCatalogOverride":true,"pythonDontWriteBytecodeEnv":true}}
OSV-SCREEN {"schemaVersion":1,"kind":"npm-observe-resolved","status":"clean","digest":"7f065711274151f41d6798ebcedf3d7cad012bcb55b3e744d669fccd41383be9","specCount":267,"lockfiles":{"digest":"920747046608413f92ff2c7b5618381d2c7af21b7a1d86d4b82aa4d1f38ddc61","files":[{"path":"package-lock.json","sha256":"0f74fc2cc38ecc3476097e059a0c205f386ce4dd360d50ef52b94e61bbb853cd","bytes":114225}]},"maliciousAdvisories":[],"screenedAt":"2026-09-08T02:09:59.755Z","cacheHit":false,"clearancePath":"/home/runner/v2-GhNnPK/security/npm-observe-resolved.json"}
  SECURITY npm-observe-resolved clean: 267 exact package-version(s), tree 7f0657112741
  OBSERVE   rc=0 files=10581 trace=13406 lines
  CLOSURE   209 packages evicted per arm
  ARM-FALSIFIABILITY {"manifestFiles":459,"filesTheScriptProduced":0,"reasons":["gate-vacuous"]}
  ⛔ ARMS-UNFALSIFIABLE — a green arm for this package carries no evidence:
       gate-vacuous: the script changed no file the artifact gate keys on — every file in the manifest (459) was already present at its final size before the script ran, so the gate passes in every arm including a completely broken one
       The grant may still be correct; what is missing is a signal that could have gone
       red. Do not read this record's MINIMAL as a passing measurement.
  RAWLOG-FILE /home/runner/v2-GhNnPK/observe/trace.txt.gz
  RAWLOG-CAPTURE /home/runner/v2-GhNnPK/observe/capture.json
  RAWLOG-BYTES raw=2649584 gz=84450
  VENUE-INTERPRETER /opt/hostedtoolcache/node/22.23.2/x64
  VENUE-OVERRIDES {"set":{"HOME":"/home/runner/v2-GhNnPK/jailhome","TMPDIR":"/tmp/nub-tmp-obshvQhqJ","NODE_COMPAT":"1","PLAYWRIGHT_BROWSERS_PATH":"/home/runner/.cache/nub/pm/tools/ms-playwright","ELECTRON_CACHE":"/home/runner/.cache/nub/pm/tools/electron-cache","electron_config_cache":"/home/runner/.cache/nub/pm/tools/electron-cache","npm_config_prefix":"/home/runner/.cache/nub/pm/tools/npm-prefix","PYTHONDONTWRITEBYTECODE":"1","NUB_CACHE_DIR":"/home/runner/v2-GhNnPK/nubcache"},"unset":["CI","GITHUB_ACTIONS"],"passedThrough":{"CI":"true","GITHUB_ACTIONS":"true","NODE_ENV":null}}
  == ATTRIBUTION == attributed pids: 22
    writes  script 10  /  whole traced tree 1098
    sockets script 25  /  whole traced tree 31
  == ROOTS (from capture.json — R2: no ambient reads) ==
    project       /home/runner/v2-GhNnPK/observe
    home          /home/runner
    jailHome      /home/runner/v2-GhNnPK/jailhome
    globalStore   /home/runner/.cache/nub/pm/store   [declared, not keyed on]
    projectStore  /home/runner/v2-GhNnPK/observe/node_modules/.store   [declared, not keyed on]
    interpreter   /opt/hostedtoolcache/node/22.23.2/x64   [declared, not keyed on]
    toolsDir      /home/runner/.cache/nub/pm/tools   [declared, not keyed on]
    temp          /tmp/nub-tmp-obshvQhqJ
    npmPrefix     /home/runner/.cache/nub/pm/tools/npm-prefix
    ownPkg        /home/runner/v2-GhNnPK/observe/node_modules/@pulumi/kubernetes
  == WRITES the script actually performed ==
    userHome      9
    jailTmp       1  (base profile already grants this — NOT billed)
        /tmp/nub-tmp-obshvQhqJ/pulumi-plugin-tar1348173488
  == NETWORK ==
    AF_INET sockets: 25   distinct peers: 6
        127.0.0.53:53
        104.16.5.34:443
        140.82.113.4:443
        13.226.238.103:53
        13.226.238.118:443
        140.82.114.6:443
  == REFUSALS (only `= -1 EACCES/EPERM/EROFS`) ==
    distinct: 0
  == SYNTHESIZED GRANT (verify this in the real unprivileged jail) ==
    {"write":{"userHome":true},"network":true}
  == writePaths (DERIVED — promotion out of the package's PRIVATE home) ==
    private-home writes observed: 0
    none declared — the script wrote nothing into its private home — there is nothing to promote
    9 write(s) landed in the REAL home by absolute path, so promotion cannot reach them — nub moves OUT of the private home, and nothing of theirs is in it. Only `write:{userHome}` covers these; emitting `writePaths` instead would be an UNDER-GRANT.
  == writePaths FEASIBILITY (distinct writes outside project/deps) ==
    count: 9
        .pulumi
        .pulumi/logs
        .pulumi/logs/pulumi-20260908T021006-17335-plugin_install.log
        .pulumi/plugins
        .pulumi/plugins/resource-kubernetes-v0.21.1.lock
        .pulumi/plugins/resource-kubernetes-v0.21.1.partial
        .pulumi/plugins/resource-kubernetes-v0.21.1
        .pulumi/plugins/resource-kubernetes-v0.21.1/pulumi-resource-kubernetes
        .pulumi/.cachedVersionInfo
    EVENTS    5533 distinct from 12445 calls (13407 lines, 569 rejoined, 0 unparsed)
    PROCS     29   lifecycle shells 17
    ⛔ 3 paths with an UNRESOLVED dirfd — kept, marked, never guessed
    unsubscribed/unmapped syscalls: tgkill×360 setsockopt×64 getsockname×40 getpeername×18 getsockopt×15 exit×15 recvmsg×7 getcwd×4
    wrote /home/runner/v2-GhNnPK/observe/events.ndjson.gz (39251 bytes)
  EVENTLOG-FILE /home/runner/v2-GhNnPK/observe/events.ndjson.gz
  EVENTLOG-STATS {"lines":13407,"parsed":12445,"unparsed":0,"unfinished":569,"rejoined":569,"unresolvedDirfd":3,"truncatedArg":0,"procs":29,"lifecyclePids":17,"distinctEvents":5533,"unknownSyscall":{"getsockname":40,"getsockopt":15,"getcwd":4,"recvmsg":7,"exit":15,"setsockopt":64,"sendmmsg":1,"socketpair":3,"shutdown":3,"tgkill":360,"listen":1,"accept4":1,"getpeername":18,"exit_group":4,"wait4":4},"out":"/home/runner/v2-GhNnPK/observe/events.ndjson.gz","gzipBytes":39251}
  EVICT     67 store entries removed, 2 spared as nub tooling
  SE-PURGE  0 side-effects-cache entries for @pulumi/kubernetes
  scaffold: 3 dependency package(s) with lifecycle scripts granted a fixed wide grant
OSV-SCREEN {"schemaVersion":1,"kind":"nub-synth-resolved","status":"clean","digest":"84f49f6923c6b95e37b2f8f09cf5c950151cb70fdedc4adf646c960391c2f13e","specCount":267,"lockfiles":{"digest":"5ccb9c0961fc499b7af285662e947324f5b27bde98374e4f98a49176efd3b0a3","files":[{"path":"nub.lock","sha256":"200c759e309924c57a39138461504b350a97966e8c1ffeb286fed2a00bef831a","bytes":58338}]},"maliciousAdvisories":[],"screenedAt":"2026-09-08T02:10:13.277Z","cacheHit":false,"clearancePath":"/home/runner/v2-GhNnPK/security/nub-synth-resolved.json"}
  SECURITY nub-synth-resolved clean: 267 exact package-version(s), tree 84f49f6923c6
  VENUE-STORE-LAYOUT isolated
  VERIFY[synth] rc=1 artifacts=459/459 missing=0 shortfall=none (tree 43604/10581) OVERRIDDEN=2 REJECTED=0 grant={"write":{"userHome":true},"network":true}
  DIAGNOSE  ZERO filesystem refusals under the failing grant.
     ⇒ the missing capability is NOT a path this tracer covers — look at the network axis,
       or a resource class strace's file+network filter does not carry.
  synthesized grant did not verify — falling back to a bounded ladder
  EVICT     213 store entries removed, 2 spared as nub tooling
  SE-PURGE  0 side-effects-cache entries for @pulumi/kubernetes
  scaffold: 3 dependency package(s) with lifecycle scripts granted a fixed wide grant
OSV-SCREEN {"schemaVersion":1,"kind":"nub-fb2126003217-resolved","status":"clean","digest":"84f49f6923c6b95e37b2f8f09cf5c950151cb70fdedc4adf646c960391c2f13e","specCount":267,"lockfiles":{"digest":"5ccb9c0961fc499b7af285662e947324f5b27bde98374e4f98a49176efd3b0a3","files":[{"path":"nub.lock","sha256":"200c759e309924c57a39138461504b350a97966e8c1ffeb286fed2a00bef831a","bytes":58338}]},"maliciousAdvisories":[],"screenedAt":"2026-09-08T02:10:13.277Z","cacheHit":true,"clearancePath":"/home/runner/v2-GhNnPK/security/nub-fb2126003217-resolved.json"}
  SECURITY nub-fb2126003217-resolved clean: 267 exact package-version(s), tree 84f49f6923c6 (cached exact-tree clearance)
  VERIFY[fb2126003217] rc=1 artifacts=459/459 missing=0 shortfall=none (tree 43604/10581) OVERRIDDEN=2 REJECTED=0 grant={"write":{"deps":true,"project":true,"userHome":true},"network":true}
  EVICT     213 store entries removed, 2 spared as nub tooling
  SE-PURGE  0 side-effects-cache entries for @pulumi/kubernetes
  scaffold: 3 dependency package(s) with lifecycle scripts granted a fixed wide grant
OSV-SCREEN {"schemaVersion":1,"kind":"nub-fb3938809772-resolved","status":"clean","digest":"84f49f6923c6b95e37b2f8f09cf5c950151cb70fdedc4adf646c960391c2f13e","specCount":267,"lockfiles":{"digest":"5ccb9c0961fc499b7af285662e947324f5b27bde98374e4f98a49176efd3b0a3","files":[{"path":"nub.lock","sha256":"200c759e309924c57a39138461504b350a97966e8c1ffeb286fed2a00bef831a","bytes":58338}]},"maliciousAdvisories":[],"screenedAt":"2026-09-08T02:10:13.277Z","cacheHit":true,"clearancePath":"/home/runner/v2-GhNnPK/security/nub-fb3938809772-resolved.json"}
  SECURITY nub-fb3938809772-resolved clean: 267 exact package-version(s), tree 84f49f6923c6 (cached exact-tree clearance)
  VERIFY[fb3938809772] rc=1 artifacts=459/459 missing=0 shortfall=none (tree 43604/10581) OVERRIDDEN=2 REJECTED=0 grant={"write":{"deps":true,"project":true,"userHome":true},"read":"disk","network":true}
  EVICT     213 store entries removed, 2 spared as nub tooling
  SE-PURGE  0 side-effects-cache entries for @pulumi/kubernetes
  scaffold: 3 dependency package(s) with lifecycle scripts granted a fixed wide grant
OSV-SCREEN {"schemaVersion":1,"kind":"nub-fb2742342390-resolved","status":"clean","digest":"84f49f6923c6b95e37b2f8f09cf5c950151cb70fdedc4adf646c960391c2f13e","specCount":267,"lockfiles":{"digest":"5ccb9c0961fc499b7af285662e947324f5b27bde98374e4f98a49176efd3b0a3","files":[{"path":"nub.lock","sha256":"200c759e309924c57a39138461504b350a97966e8c1ffeb286fed2a00bef831a","bytes":58338}]},"maliciousAdvisories":[],"screenedAt":"2026-09-08T02:10:13.277Z","cacheHit":true,"clearancePath":"/home/runner/v2-GhNnPK/security/nub-fb2742342390-resolved.json"}
  SECURITY nub-fb2742342390-resolved clean: 267 exact package-version(s), tree 84f49f6923c6 (cached exact-tree clearance)
  VERIFY[fb2742342390] rc=1 artifacts=459/459 missing=0 shortfall=none (tree 43604/10581) OVERRIDDEN=2 REJECTED=0 grant={"write":"disk","network":true}
  NOT-GRANT-INDEPENDENT an arm exited non-zero
OSV-SCREEN {"schemaVersion":1,"kind":"nub-unjailed-resolved","status":"clean","digest":"84f49f6923c6b95e37b2f8f09cf5c950151cb70fdedc4adf646c960391c2f13e","specCount":267,"lockfiles":{"digest":"5ccb9c0961fc499b7af285662e947324f5b27bde98374e4f98a49176efd3b0a3","files":[{"path":"nub.lock","sha256":"200c759e309924c57a39138461504b350a97966e8c1ffeb286fed2a00bef831a","bytes":58338}]},"maliciousAdvisories":[],"screenedAt":"2026-09-08T02:10:13.277Z","cacheHit":true,"clearancePath":"/home/runner/v2-GhNnPK/security/nub-unjailed-resolved.json"}
  SECURITY nub-unjailed-resolved clean: 267 exact package-version(s), tree 84f49f6923c6 (cached exact-tree clearance)
OSV-SCREEN {"schemaVersion":1,"kind":"npm-fallback-resolved","status":"clean","digest":"7f065711274151f41d6798ebcedf3d7cad012bcb55b3e744d669fccd41383be9","specCount":267,"lockfiles":{"digest":"43815fc70239a891ab087f1c22900a5c3b6542379a35896b67c59dd2ea26314a","files":[{"path":"package-lock.json","sha256":"4ed1c7affd7267743e4cbabf6a1ebf7528168f633ebbe17c03746e06a6a7eb78","bytes":114235}]},"maliciousAdvisories":[],"screenedAt":"2026-09-08T02:09:59.755Z","cacheHit":true,"clearancePath":"/home/runner/v2-GhNnPK/security/npm-fallback-resolved.json"}
  SECURITY npm-fallback-resolved clean: 267 exact package-version(s), tree 7f0657112741 (cached exact-tree clearance)
  => BROKEN-WITHOUT-JAIL-TOO (neither nub nor npm installs this unjailed; nothing to measure)
