### saucectl@0.155.1   (D:\jail\m-saucectl-mtrmvstw)
  CI-ENV scrubbed: CI GITHUB_ACTIONS
OSV-SCREEN {"schemaVersion":1,"kind":"direct","status":"clean","digest":"9232997a0d0f5b6a17a417628c85377ca468c9d79d5a82f5452122636a9d4125","specCount":1,"lockfiles":{"digest":null,"files":[]},"maliciousAdvisories":[],"screenedAt":"2026-09-07T19:28:40.085Z","cacheHit":false,"clearancePath":"D:\\jail\\m-saucectl-mtrmvstw\\security\\direct.json"}
  SECURITY direct clean: 1 exact package-version(s), tree 9232997a0d0f
OSV-SCREEN {"schemaVersion":1,"kind":"npm-observe-resolved","status":"clean","digest":"3e0da394438c5cb2bfacc96d332a0ea688acea02588c327ea5589a7dec1a3fda","specCount":42,"lockfiles":{"digest":"e862bb014f12709f108497ac242dda050de03b8663bd2ad456115d4f503d3fde","files":[{"path":"package-lock.json","sha256":"3ab6e24dea0fe63aac665badd62ab9f14f29f99ce4ee05ef15726a73649427dd","bytes":18522}]},"maliciousAdvisories":[],"screenedAt":"2026-09-07T19:28:44.273Z","cacheHit":false,"clearancePath":"D:\\jail\\m-saucectl-mtrmvstw\\security\\npm-observe-resolved.json"}
  SECURITY npm-observe-resolved clean: 42 exact package-version(s), tree 3e0da394438c
  CAPTURE user=runnervmeef0v\runneradmin elevated=True rootPid=1472 exit=0 events=26207 lost=0
  VENUE-OBSERVE-USER runnervmeef0v\runneradmin elevated=true privDropped={"SeBackupPrivilege":"removed","SeRestorePrivilege":"removed","SeTakeOwnershipPrivilege":"removed"}
  OBSERVE artifacts: 7 files  (D:\jail\m-saucectl-mtrmvstw\observe\node_modules\saucectl)
  ARM-FALSIFIABILITY {"manifestFiles":7,"filesTheScriptProduced":1,"reasons":[]}
  CLOSURE 42 packages evicted per arm
  8.3 MAP 0 components resolved on runnervmeef0v, folded into capture.json
  == ROOTS (from capture.json — R2: no ambient reads) ==
    project       D:\jail\m-saucectl-mtrmvstw\observe   [keyed on]
    home          C:\Users\runneradmin   [keyed on]
    jailHome      (null — declared inapplicable)
    globalStore   C:\Users\runneradmin\AppData\Local\nub\pm\store
    projectStore  D:\jail\m-saucectl-mtrmvstw\observe\node_modules\.store
    interpreter   C:\hostedtoolcache\windows\node\22.23.2\x64\node.exe
    toolsDir      C:\Users\runneradmin\AppData\Local\nub\pm\tools
    temp          D:\jail\m-saucectl-mtrmvstw\tmp   [keyed on]
    npmPrefix     (null — declared inapplicable)
    ownPkg        D:\jail\m-saucectl-mtrmvstw\observe\node_modules\saucectl
  == ATTRIBUTION == lifecycle pids: 3 (root 1472)
    writes  script 2  /  whole traced tree 12
    peers   script 2  /  whole traced tree 2
  == WRITES ==
    deps          2
  == READS ==
    deps        142
    outside       6
    project       1
    systemfs     34
  == NETWORK ==
    distinct peers: 2
        140.82.114.3:443
        185.199.108.133:443
  == REFUSALS (adapter-classified) ==
    distinct: 0
  == SYNTHESIZED GRANT (verify this in the real unprivileged jail) ==
    {"write":{"deps":true},"network":true}
  RAW       etw-raw.xml.gz  33489835 B xml -> 494532 B gz (67.7x)  sha256 6048f5ab0440b74b…
  HEADER    etw-header.json (5060 bytes)
  DERIVED   5961 distinct from 7874 kept ops (26207 xml events, 2174 out of subtree)
  PROCS     5   thread-reattributed 0
  ⛔ 3 operations with NO OperationEnd — kept, status marked unknown
  ⛔ 1 handle ops whose path no table could supply
  8.3       0 expanded, 0 kept short, 0 not covered  [map: recorded 8.3 map (0 components, resolved on runnervmeef0v)]
  wrote events.ndjson.gz (75090 bytes)
  RAWLOG-CAPTURE D:\jail\m-saucectl-mtrmvstw\cap\capture.json
  VENUE-NUB-BINARY {"path":"C:/Users/RUNNER~1/AppData/Local/Temp/nub/target/release/nub.exe","sha256":"f186817a44be332fee712b4936a071a0b5f9cde18a1d2fdc3a791729d4bf1005","bytes":68717056,"features":{"buildJailCatalogOverride":true,"pythonDontWriteBytecodeEnv":true}}
  VENUE-INTERPRETER C:\hostedtoolcache\windows\node\22.23.2\x64\node.exe
  VENUE-JAIL-ROOT D:\jail\m-saucectl-mtrmvstw
  VENUE-OVERRIDES {"set":{"npm_config_cache":"D:\\jail\\m-saucectl-mtrmvstw\\npm-cache","TMP":"D:\\jail\\m-saucectl-mtrmvstw\\tmp","TEMP":"D:\\jail\\m-saucectl-mtrmvstw\\tmp","TMPDIR":"D:\\jail\\m-saucectl-mtrmvstw\\tmp"},"unset":["CI","GITHUB_ACTIONS"],"notRedirected":{"USERPROFILE":"C:\\Users\\runneradmin","why":"the jail leaves HOME/USERPROFILE alone — `build_jail.rs` sandbox_homes() reads the ambient value and `compiler/defaults.rs` BASELINE_ENV_EXACT passes it through — so there is no private jail home to reproduce and redirecting one would measure an environment no confined script sees"},"passedThrough":{"CI":"true","GITHUB_ACTIONS":"true","NODE_ENV":null}}
  STORE   isolated virtual store at D:\jail\m-saucectl-mtrmvstw\verify-synth\.cache
  VENUE-STORE-LAYOUT isolated
OSV-SCREEN {"schemaVersion":1,"kind":"nub-synth-resolved","status":"clean","digest":"3e0da394438c5cb2bfacc96d332a0ea688acea02588c327ea5589a7dec1a3fda","specCount":42,"lockfiles":{"digest":"2e306b9261e7b27c621c1168cc701d3c3f2a812c6671f87a1fede1d316c0e811","files":[{"path":"nub.lock","sha256":"847d1ae52cd17c8eec478a1d57d0c396aa91874f2793fbce4ffabf119a7d65fe","bytes":12168}]},"maliciousAdvisories":[],"screenedAt":"2026-09-07T19:28:44.273Z","cacheHit":true,"clearancePath":"D:\\jail\\m-saucectl-mtrmvstw\\security\\nub-synth-resolved.json"}
  SECURITY nub-synth-resolved clean: 42 exact package-version(s), tree 3e0da394438c (cached exact-tree clearance)
  VERIFY[synth] rc=0 artifacts=7/7 missing=0 shortfall=none (tree 6452/610) OVERRIDDEN=2 REJECTED=0 grant={"write":{"deps":true},"network":true}
  => MINIMUM {"write":{"deps":true},"network":true}   (observed, then verified)
  STORE   isolated virtual store at D:\jail\m-saucectl-mtrmvstw\verify-nar-no-network\.cache
OSV-SCREEN {"schemaVersion":1,"kind":"nub-nar-no-network-resolved","status":"clean","digest":"3e0da394438c5cb2bfacc96d332a0ea688acea02588c327ea5589a7dec1a3fda","specCount":42,"lockfiles":{"digest":"2e306b9261e7b27c621c1168cc701d3c3f2a812c6671f87a1fede1d316c0e811","files":[{"path":"nub.lock","sha256":"847d1ae52cd17c8eec478a1d57d0c396aa91874f2793fbce4ffabf119a7d65fe","bytes":12168}]},"maliciousAdvisories":[],"screenedAt":"2026-09-07T19:28:44.273Z","cacheHit":true,"clearancePath":"D:\\jail\\m-saucectl-mtrmvstw\\security\\nub-nar-no-network-resolved.json"}
  SECURITY nub-nar-no-network-resolved clean: 42 exact package-version(s), tree 3e0da394438c (cached exact-tree clearance)
  VERIFY[nar-no-network] rc=1 artifacts=6/7 missing=1 shortfall=7b125f15df9d (tree 6452/610) OVERRIDDEN=2 REJECTED=0 grant={"write":{"deps":true}}
     missing artifacts: bin/saucectl.exe
     'no-network' is NECESSARY — dropping it fails to verify
  STORE   isolated virtual store at D:\jail\m-saucectl-mtrmvstw\verify-nar-no-write-deps\.cache
OSV-SCREEN {"schemaVersion":1,"kind":"nub-nar-no-write-deps-resolved","status":"clean","digest":"3e0da394438c5cb2bfacc96d332a0ea688acea02588c327ea5589a7dec1a3fda","specCount":42,"lockfiles":{"digest":"2e306b9261e7b27c621c1168cc701d3c3f2a812c6671f87a1fede1d316c0e811","files":[{"path":"nub.lock","sha256":"847d1ae52cd17c8eec478a1d57d0c396aa91874f2793fbce4ffabf119a7d65fe","bytes":12168}]},"maliciousAdvisories":[],"screenedAt":"2026-09-07T19:28:44.273Z","cacheHit":true,"clearancePath":"D:\\jail\\m-saucectl-mtrmvstw\\security\\nub-nar-no-write-deps-resolved.json"}
  SECURITY nub-nar-no-write-deps-resolved clean: 42 exact package-version(s), tree 3e0da394438c (cached exact-tree clearance)
  VERIFY[nar-no-write-deps] rc=0 artifacts=7/7 missing=0 shortfall=none (tree 6452/610) OVERRIDDEN=2 REJECTED=0 grant={"network":true}
     ⛔ OVER-PREDICTED — the strictly narrower {"network":true} also verifies; 'no-write-deps' was not needed
