OSV-SCREEN {"schemaVersion":1,"kind":"direct","status":"clean","digest":"c2ba072db32d9f18b8ebbfb29fbd3152898b72029f5999f8d3346accb548ea31","specCount":1,"lockfiles":{"digest":null,"files":[]},"maliciousAdvisories":[],"screenedAt":"2026-09-09T04:20:15.382Z","cacheHit":false,"clearancePath":"/Users/runner/v2m-4bE75r/security/direct.json"}
  SECURITY direct clean: 1 exact package-version(s), tree c2ba072db32d
### @playwright/browser-webkit@1.62.1   (/Users/runner/v2m-4bE75r)   nub=/tmp/nub/target/release/nub
  VENUE-NUB-BINARY {"path":"/tmp/nub/target/release/nub","sha256":"f923f9d246b7061a3e88675efb7b4fdcda741d02368002ce6e7f7044b01e7bbe","bytes":93818888,"features":{"buildJailCatalogOverride":true,"pythonDontWriteBytecodeEnv":true}}
  CI-ENV scrubbed: CI GITHUB_ACTIONS
  --- fbt preflight (advisory; never fails the run) ---
     csrutil: System Integrity Protection status: disabled.
     fbt probes visible: 93591
     fbt enable attempt: dtrace: description 'fbt:::entry ' matched 50364 probes CPU     ID                    FUNCTION:NAME 
     cwd builtin value:  
     fbt chdir symbols:  
     fbt fires on spawn-with-cwd: dtrace: invalid probe specifier fbt::chdir*:entry /progenyof($target)/ { @[probefunc] = count(); }: probe description fbt::chdir*:entry does not match any probes 
  --- end fbt preflight ---
OSV-SCREEN {"schemaVersion":1,"kind":"npm-observe-resolved","status":"clean","digest":"a724bfadb5088ac0696aa33f2d188278512a0594e09bb3e32d32ee724a4a8e65","specCount":2,"lockfiles":{"digest":"f3a677ea9a548b627339e68ad70fd8cfd733d5bbc4662a20e2f56c75bae8cb75","files":[{"path":"package-lock.json","sha256":"a5965cf2aab9d78131144b3a026f7f7506e97e9a26c3e6fb5c8ab46e74ad7e45","bytes":1156}]},"maliciousAdvisories":[],"screenedAt":"2026-09-09T04:20:21.633Z","cacheHit":false,"clearancePath":"/Users/runner/v2m-4bE75r/security/npm-observe-resolved.json"}
  SECURITY npm-observe-resolved clean: 2 exact package-version(s), tree a724bfadb508
  VENUE-CI-CHILD clean (no CI-detection variable reaches the traced script)
  --- wrapper (run.sh) ---
     cd "/Users/runner/v2m-4bE75r/Observe"
     sudo -u "runner" -H env "PATH=$PATH"   "HOME=/Users/runner/v2m-4bE75r/jailhome"   "TMPDIR=/private/var/folders/bl/vzjcvbz95c3dk19cb0fw46180000gn/T/nub-tmp-obsIaEyDp"   "NODE_COMPAT=1"   "PYTHONDONTWRITEBYTECODE=1"   "PLAYWRIGHT_BROWSERS_PATH=/Users/runner/.cache/nub/pm/tools/ms-playwright"   "ELECTRON_CACHE=/Users/runner/.cache/nub/pm/tools/electron-cache"   "electron_config_cache=/Users/runner/.cache/nub/pm/tools/electron-cache"   "npm_config_prefix=/Users/runner/.cache/nub/pm/tools/npm-prefix"   "/Users/runner/hostedtoolcache/node/22.23.2/arm64/bin/npm" rebuild --no-audit --no-fund "@playwright/browser-webkit" > "/Users/runner/v2m-4bE75r/Observe/npm.log" 2>&1
     echo $? > "/Users/runner/v2m-4bE75r/Observe/rc"
  --- dtrace stderr + wrapper trace ---
     + cd /Users/runner/v2m-4bE75r/Observe
     + sudo -u runner -H env PATH=/Users/runner/hostedtoolcache/node/22.23.2/arm64/bin:/opt/homebrew/lib/ruby/gems/3.3.0/bin:/opt/homebrew/opt/ruby@3.3/bin:/Users/runner/.local/bin:/opt/homebrew/bin:/opt/homebrew/sbin:/Users/runner/.cargo/bin:/usr/local/opt/curl/bin:/usr/local/bin:/usr/local/sbin:/Users/runner/bin:/Users/runner/.yarn/bin:/Users/runner/Library/Android/sdk/tools:/Users/runner/Library/Android/sdk/platform-tools:/Library/Frameworks/Python.framework/Versions/Current/bin:/Library/Frameworks/Mono.framework/Versions/Current/Commands:/usr/bin:/bin:/usr/sbin:/sbin:/Users/runner/.dotnet/tools HOME=/Users/runner/v2m-4bE75r/jailhome TMPDIR=/private/var/folders/bl/vzjcvbz95c3dk19cb0fw46180000gn/T/nub-tmp-obsIaEyDp NODE_COMPAT=1 PYTHONDONTWRITEBYTECODE=1 PLAYWRIGHT_BROWSERS_PATH=/Users/runner/.cache/nub/pm/tools/ms-playwright ELECTRON_CACHE=/Users/runner/.cache/nub/pm/tools/electron-cache electron_config_cache=/Users/runner/.cache/nub/pm/tools/electron-cache npm_config_prefix=/Users/runner/.cache/nub/pm/tools/npm-prefix /Users/runner/hostedtoolcache/node/22.23.2/arm64/bin/npm rebuild --no-audit --no-fund @playwright/browser-webkit
     dtrace: error on enabled probe ID 128 (ID 286: syscall::execve:entry): invalid address (0x6000019890e0) in action #1 at DIF offset 20
     + echo 0
  OBSERVE   rc=0 dtrace_rc=0 files=128 (pre=126) trace=133140 lines
  CLOSURE   2 packages evicted per arm   store=/Users/runner/.cache/nub/pm/store
  RAWLOG-FILE /Users/runner/v2m-4bE75r/Observe/trace.txt.gz
  RAWLOG-CAPTURE /Users/runner/v2m-4bE75r/Observe/capture.json
  RAWLOG-BYTES raw=17892254 gz=385376
  VENUE-INTERPRETER /Users/runner/hostedtoolcache/node/22.23.2/arm64
  VENUE-OVERRIDES {"set":{"PATH":"inherited-and-forwarded","HOME":"/Users/runner/v2m-4bE75r/jailhome","TMPDIR":"/private/var/folders/bl/vzjcvbz95c3dk19cb0fw46180000gn/T/nub-tmp-obsIaEyDp","NODE_COMPAT":"1","PYTHONDONTWRITEBYTECODE":"1","PLAYWRIGHT_BROWSERS_PATH":"/Users/runner/.cache/nub/pm/tools/ms-playwright","ELECTRON_CACHE":"/Users/runner/.cache/nub/pm/tools/electron-cache","electron_config_cache":"/Users/runner/.cache/nub/pm/tools/electron-cache","npm_config_prefix":"/Users/runner/.cache/nub/pm/tools/npm-prefix"},"unset":["(sudo env_reset discards the caller environment; every var above is re-set after it)","CI","GITHUB_ACTIONS"],"passedThrough":{"CI":"true","GITHUB_ACTIONS":"true","NODE_ENV":null}}
  VENUE-OBSERVE-USER runner uid=501 (R7: ordinary non-root user, asserted)
  ARM-FALSIFIABILITY {"manifestFiles":8,"filesTheScriptProduced":0,"reasons":["gate-vacuous"]}
  ⛔ ARMS-UNFALSIFIABLE — a green arm for this package carries no evidence:
       gate-vacuous: the script changed no file the artifact gate keys on — every file in the manifest (8) was already present at its final size before the script ran, so the gate passes in every arm including a completely broken one
       The grant may still be correct; what is missing is a signal that could have gone
       red. Do not read this record's MINIMAL as a passing measurement.
  EVENTLOG-FILE /Users/runner/v2m-4bE75r/Observe/events.ndjson.gz
  EVENTLOG-STATS {"lines":133141,"parsed":133121,"unparsed":0,"live":true,"tracerErrors":1,"tracerErrorTotal":1,"unresolvedDirfd":33,"unresolvedFd":0,"pairedTwoPath":541,"danglingPair":0,"failed":18659,"enoent":4693,"refusals":0,"byErrno":{"ENXIO":4,"ENOENT":4693,"EEXIST":13961,"ENOTEMPTY":1},"procs":7,"lifecyclePids":2,"distinctEvents":13067,"emitted":13067,"calls":132562,"bytes":2878071,"gzipBytes":92859,"out":"/Users/runner/v2m-4bE75r/Observe/events.ndjson"}
  == TRACER == live=true decodable-events=24254 dropped-events=1
    NOTE 22 relative path(s) under a non-AT_FDCWD dirfd were not
       scope-assigned: resolving them against the cwd would invent a path.
    ⛔ CWD-UNOBSERVED 4 relative path(s) (0 write(s)) came from a lifecycle
       process whose own cwd was never observed
       macOS spawns with posix_spawn addchdir_np, which changes directory in-kernel and
       emits no chdir syscall, so the inherited cwd cannot be trusted. These are NOT
       scope-assigned; the grant below is WIDENED instead so it covers wherever they landed.
         pid=16596 read  unproven .
         pid=16596 read  unproven .
         pid=16596 read  unproven .
         pid=16597 read  unproven .
    ⛔ THE TRACER DROPPED 1 EVENT(S). A dropped event is a path never
       seen, so the grant below can only be too NARROW — the direction that breaks installs.
       Treat it as a FLOOR, not a measurement, until the adapter fault is fixed:
             1 x  epid=128 action=1 fault=1 addr=0x6000019890e0
  == ATTRIBUTION == lifecycle pids: 2
    writes  script 7064  /  whole traced subtree 8154
    sockets script 0  /  whole traced subtree 1
  == ROOTS (from /Users/runner/v2m-4bE75r/Observe/capture.json; the classifier reads no other source) ==
    project       /Users/runner/v2m-4bE75r/Observe
    home          /Users/runner
    jailHome      /Users/runner/v2m-4bE75r/jailhome
    globalStore   /Users/runner/.cache/nub/pm/store
    projectStore  /Users/runner/v2m-4bE75r/Observe/node_modules/.store
    interpreter   /Users/runner/hostedtoolcache/node/22.23.2/arm64
    toolsDir      /Users/runner/.cache/nub/pm/tools
    temp          /private/var/folders/bl/vzjcvbz95c3dk19cb0fw46180000gn/T/nub-tmp-obsIaEyDp
    npmPrefix     /Users/runner/.cache/nub/pm/tools/npm-prefix
    ownPkg        /Users/runner/v2m-4bE75r/Observe/node_modules/@playwright/browser-webkit
    cwd           (null — this platform has no such root)
  == WRITES the script actually performed ==
    systemfs      1
        /dev/dtracehelper
    userHome   7061
    jailTmp       2  (base profile already grants this — NOT billed)
        /private/var/folders/bl/vzjcvbz95c3dk19cb0fw46180000gn/T/nub-tmp-obsIaEyDp/playwright-download-ZkE1gV
        /private/var/folders/bl/vzjcvbz95c3dk19cb0fw46180000gn/T/nub-tmp-obsIaEyDp/playwright-download-ZkE1gV/playwright-download-webkit-mac15-arm64-2336.zip
  == READS the script performed, by scope ==
    outside       9
    systemfs     14
    userHome      5
    ownPkg        2
    deps          5
    jailTmp       2
        outside: /
        outside: /bin/bash
        outside: /bin
        outside: /etc/localtime
        outside: /var/db/timezone/zoneinfo/posixrules
        outside: /bin/sh
        outside: /usr/bin/sw_vers
        outside: /usr/bin
        outside: /var/db/timezone/zoneinfo/UTC
  == NETWORK ==
    AF_INET connects: 0   distinct peers: 0
  == REFUSALS (errno EPERM/EACCES/EROFS only; ENOENT is a miss, not a denial) ==
    distinct: 0
  == SYNTHESIZED GRANT (verify this in the real unprivileged jail) ==
    {"write":{"userHome":true}}
  == writePaths (DERIVED — promotion out of the package's PRIVATE home) ==
    private-home writes observed: 0
    none declared — the script wrote nothing into its private home — there is nothing to promote
    7061 write(s) landed in the REAL home by absolute path, so promotion cannot reach them — nub moves OUT of the private home, and nothing of theirs is in it. Only `write:{userHome}` covers these; emitting `writePaths` instead would be an UNDER-GRANT.
  == writePaths FEASIBILITY (distinct writes outside project/deps) ==
    count: 7061
        .cache/nub/pm/tools/ms-playwright/__dirlock
        .cache/nub/pm/tools/ms-playwright/.links
        .cache/nub/pm/tools/ms-playwright/.links/2f10462d6b12ce17100e980bd5eea5518337ce4b
        .cache/nub/pm/tools/ms-playwright/webkit-2336
        .cache/nub/pm/tools/ms-playwright/webkit-2336/libwebrtc.dylib
        .cache/nub/pm/tools/ms-playwright/webkit-2336/WebCore.framework
        .cache/nub/pm/tools/ms-playwright/webkit-2336/WebCore.framework/PrivateHeaders
        .cache/nub/pm/tools/ms-playwright/webkit-2336/WebCore.framework/Resources
        .cache/nub/pm/tools/ms-playwright/webkit-2336/WebCore.framework/Versions
        .cache/nub/pm/tools/ms-playwright/webkit-2336/WebCore.framework/Versions/A
        .cache/nub/pm/tools/ms-playwright/webkit-2336/WebCore.framework/Versions/A/_CodeSignature
        .cache/nub/pm/tools/ms-playwright/webkit-2336/WebCore.framework/Versions/A/_CodeSignature/CodeResources
        .cache/nub/pm/tools/ms-playwright/webkit-2336/WebCore.framework/Versions/A/PrivateHeaders
        .cache/nub/pm/tools/ms-playwright/webkit-2336/WebCore.framework/Versions/A/PrivateHeaders/Editor.h
        .cache/nub/pm/tools/ms-playwright/webkit-2336/WebCore.framework/Versions/A/PrivateHeaders/MarkupExclusionRule.h
        .cache/nub/pm/tools/ms-playwright/webkit-2336/WebCore.framework/Versions/A/PrivateHeaders/StyleOutlineOffset.h
        .cache/nub/pm/tools/ms-playwright/webkit-2336/WebCore.framework/Versions/A/PrivateHeaders/EditableLinkBehavior.h
        .cache/nub/pm/tools/ms-playwright/webkit-2336/WebCore.framework/Versions/A/PrivateHeaders/SWServerDelegate.h
        .cache/nub/pm/tools/ms-playwright/webkit-2336/WebCore.framework/Versions/A/PrivateHeaders/ApplePayShippingContactUpdate.h
        .cache/nub/pm/tools/ms-playwright/webkit-2336/WebCore.framework/Versions/A/PrivateHeaders/CSSCounterStyleDescriptors.h
        .cache/nub/pm/tools/ms-playwright/webkit-2336/WebCore.framework/Versions/A/PrivateHeaders/WebGPUXRBinding.h
        .cache/nub/pm/tools/ms-playwright/webkit-2336/WebCore.framework/Versions/A/PrivateHeaders/MediaPlayerPrivateMediaStreamAVFObjC.h
        .cache/nub/pm/tools/ms-playwright/webkit-2336/WebCore.framework/Versions/A/PrivateHeaders/DeferrableTask.h
        .cache/nub/pm/tools/ms-playwright/webkit-2336/WebCore.framework/Versions/A/PrivateHeaders/VideoColorSpaceInit.h
        .cache/nub/pm/tools/ms-playwright/webkit-2336/WebCore.framework/Versions/A/PrivateHeaders/FEFlood.h
        .cache/nub/pm/tools/ms-playwright/webkit-2336/WebCore.framework/Versions/A/PrivateHeaders/Editing.h
        .cache/nub/pm/tools/ms-playwright/webkit-2336/WebCore.framework/Versions/A/PrivateHeaders/StaticRange.h
        .cache/nub/pm/tools/ms-playwright/webkit-2336/WebCore.framework/Versions/A/PrivateHeaders/CSSPrimitiveValue.h
        .cache/nub/pm/tools/ms-playwright/webkit-2336/WebCore.framework/Versions/A/PrivateHeaders/FidoHidPacket.h
        .cache/nub/pm/tools/ms-playwright/webkit-2336/WebCore.framework/Versions/A/PrivateHeaders/DataDetectorHighlight.h
        .cache/nub/pm/tools/ms-playwright/webkit-2336/WebCore.framework/Versions/A/PrivateHeaders/Autocapitalize.h
        .cache/nub/pm/tools/ms-playwright/webkit-2336/WebCore.framework/Versions/A/PrivateHeaders/HTMLTextAreaElement.h
        .cache/nub/pm/tools/ms-playwright/webkit-2336/WebCore.framework/Versions/A/PrivateHeaders/VideoFrameMetadata.h
        .cache/nub/pm/tools/ms-playwright/webkit-2336/WebCore.framework/Versions/A/PrivateHeaders/DigitalCredentialsMobileDocumentRequestDataWithRequestInfo.h
        .cache/nub/pm/tools/ms-playwright/webkit-2336/WebCore.framework/Versions/A/PrivateHeaders/GradientColorStop.h
        .cache/nub/pm/tools/ms-playwright/webkit-2336/WebCore.framework/Versions/A/PrivateHeaders/SVGList.h
        .cache/nub/pm/tools/ms-playwright/webkit-2336/WebCore.framework/Versions/A/PrivateHeaders/JSDOMConvertEnumeration.h
        .cache/nub/pm/tools/ms-playwright/webkit-2336/WebCore.framework/Versions/A/PrivateHeaders/DocumentWriter.h
        .cache/nub/pm/tools/ms-playwright/webkit-2336/WebCore.framework/Versions/A/PrivateHeaders/ResourceTimingInformation.h
        .cache/nub/pm/tools/ms-playwright/webkit-2336/WebCore.framework/Versions/A/PrivateHeaders/RTCIceCandidateType.h
        … and 7021 more
  EVICT[synth] 0 store entries removed, 0 spared as nub tooling, 480 in store
OSV-SCREEN {"schemaVersion":1,"kind":"nub-synth-resolved","status":"clean","digest":"a724bfadb5088ac0696aa33f2d188278512a0594e09bb3e32d32ee724a4a8e65","specCount":2,"lockfiles":{"digest":"6c6fc7378e78bd86a93b352708f2b72b5fa05adcfa69a7922ec82afeef086555","files":[{"path":"nub.lock","sha256":"b9e11039b1494a5fa5713c3ef271ea6c1cdc47072c44b2d21cdc6beeb20d2573","bytes":746}]},"maliciousAdvisories":[],"screenedAt":"2026-09-09T04:20:21.633Z","cacheHit":true,"clearancePath":"/Users/runner/v2m-4bE75r/security/nub-synth-resolved.json"}
  SECURITY nub-synth-resolved clean: 2 exact package-version(s), tree a724bfadb508 (cached exact-tree clearance)
  VENUE-STORE-LAYOUT isolated
  VERIFY[synth] rc=0 artifacts=8/8 missing=0 shortfall=none (tree 367/128) OVERRIDDEN=3 REJECTED=0 grant={"write":{"userHome":true}}
  => VERIFIED {"write":{"userHome":true}}
  EVICT[nar-no-write-userHome] 2 store entries removed, 0 spared as nub tooling, 482 in store
OSV-SCREEN {"schemaVersion":1,"kind":"nub-nar-no-write-userHome-resolved","status":"clean","digest":"a724bfadb5088ac0696aa33f2d188278512a0594e09bb3e32d32ee724a4a8e65","specCount":2,"lockfiles":{"digest":"6c6fc7378e78bd86a93b352708f2b72b5fa05adcfa69a7922ec82afeef086555","files":[{"path":"nub.lock","sha256":"b9e11039b1494a5fa5713c3ef271ea6c1cdc47072c44b2d21cdc6beeb20d2573","bytes":746}]},"maliciousAdvisories":[],"screenedAt":"2026-09-09T04:20:21.633Z","cacheHit":true,"clearancePath":"/Users/runner/v2m-4bE75r/security/nub-nar-no-write-userHome-resolved.json"}
  SECURITY nub-nar-no-write-userHome-resolved clean: 2 exact package-version(s), tree a724bfadb508 (cached exact-tree clearance)
  VERIFY[nar-no-write-userHome] rc=0 artifacts=8/8 missing=0 shortfall=none (tree 367/128) OVERRIDDEN=3 REJECTED=0 grant={}
     ⛔ OVER-PREDICTED — the strictly narrower {} also verifies; 'no-write-userHome' was not needed
### DONE @playwright/browser-webkit@1.62.1  synthesized={"write":{"userHome":true}} verified=1
