OSV-SCREEN {"schemaVersion":1,"kind":"direct","status":"clean","digest":"d871fd7b7d781ad9b50ade14f47317e73b0e648709989abb8775582d413f63e6","specCount":1,"lockfiles":{"digest":null,"files":[]},"maliciousAdvisories":[],"screenedAt":"2026-08-28T14:35:18.208Z","cacheHit":false,"clearancePath":"/Users/runner/v2m-yQLHnt/security/direct.json"}
  SECURITY direct clean: 1 exact package-version(s), tree d871fd7b7d78
  ERA-NODE PINNED 12.22.12 (provisioned) (arms will run: v12.22.12)
  ERA-PYTHON /Users/runner/hostedtoolcache/Python/3.9.13/arm64/bin/python (Python 3.9.13) for era Node 12, whose node-gyp requires python3-legacy
  ARM-MAKE /usr/bin/make (GNU Make 3.81) — the system make; a build needing GNU Make 4 WILL fail here
### paper@0.12.9   (/Users/runner/v2m-yQLHnt)   nub=/tmp/nub/target/release/nub
  VENUE-NUB-BINARY {"path":"/tmp/nub/target/release/nub","sha256":"69e622342d0c8393c78fa50a01dc9cc0a94371ac9b106b59bdcc016f06d86d30","bytes":94535576,"features":{"buildJailCatalogOverride":true,"pythonDontWriteBytecodeEnv":true}}
  CI-ENV scrubbed: CI GITHUB_ACTIONS
  --- fbt preflight (advisory; never fails the run) ---
     csrutil: System Integrity Protection status: disabled.
     fbt probes visible: 93577
     fbt enable attempt: dtrace: description 'fbt:::entry ' matched 50357 probes CPU     ID                    FUNCTION:NAME 
     cwd builtin value:  
     fbt chdir symbols:  
     fbt fires on spawn-with-cwd: dtrace: invalid probe specifier fbt::chdir*:entry /progenyof($target)/ { @[probefunc] = count(); }: probe description fbt::chdir*:entry does not match any probes 
  --- end fbt preflight ---
  ERA-RESOLUTION DATED 2020-06-20T11:13:06.579Z (deps as of the package's own publish date + 1d)
OSV-SCREEN {"schemaVersion":1,"kind":"npm-observe-resolved","status":"clean","digest":"d871fd7b7d781ad9b50ade14f47317e73b0e648709989abb8775582d413f63e6","specCount":1,"lockfiles":{"digest":"5507d28d8fc11659f714461b00bf347ea11e6615b92b20310c5df49772317322","files":[{"path":"package-lock.json","sha256":"aff51a2c09a3cb63f1768a82a73541906ca22f6c0785ff867a0fbf62a020382e","bytes":587}]},"maliciousAdvisories":[],"screenedAt":"2026-08-28T14:35:18.208Z","cacheHit":true,"clearancePath":"/Users/runner/v2m-yQLHnt/security/npm-observe-resolved.json"}
  SECURITY npm-observe-resolved clean: 1 exact package-version(s), tree d871fd7b7d78 (cached exact-tree clearance)
  ARM-PATH SANITISED (dropped 1: /Users/runner/.yarn/bin)
  ARM-AMBIENT-TOOLS none
  ARM-SCAFFOLD 1 added: npm-force-resolutions@^0.0.3
  ARM-UNPROVIDABLE none
TERM=unknown
LC_ALL=en_US.UTF-8
SSH_AUTH_SOCK=/private/tmp/com.apple.launchd.294RAFr3zv/Listeners
__CF_USER_TEXT_ENCODING=0x0:0:0
PATH=/Users/runner/v2m-yQLHnt/Observe/node_modules/.bin:/Users/runner/.cache/nub/era-node/12.22.12/node-v12.22.12-darwin-x64/bin:/Users/runner/hostedtoolcache/node/22.23.2/arm64/bin:/opt/homebrew/lib/ruby/gems/3.3.0/bin:/opt/homebrew/opt/ruby@3.3/bin:/Users/runner/.local/bin:/opt/homebrew/bin:/opt/homebrew/sbin:/Users/runner/.cargo/bin:/usr/local/opt/curl/bin:/usr/local/bin:/usr/local/sbin:/Users/runner/bin:/Users/runner/Library/Android/sdk/tools:/Users/runner/Library/Android/sdk/platform-tools:/Library/Frameworks/Python.framework/Versions/Current/bin:/Library/Frameworks/Mono.framework/Versions/Current/Commands:/usr/bin:/bin:/usr/sbin:/sbin:/Users/runner/.dotnet/tools
LANG=en_US.UTF-8
HOME=/Users/runner/v2m-yQLHnt/jailhome
LC_CTYPE=en_US.UTF-8
MAIL=/var/mail/runner
LOGNAME=runner
USER=runner
SHELL=/bin/bash
SUDO_COMMAND=/usr/bin/env PATH=/Users/runner/v2m-yQLHnt/Observe/node_modules/.bin:/Users/runner/.cache/nub/era-node/12.22.12/node-v12.22.12-darwin-x64/bin:/Users/runner/hostedtoolcache/node/22.23.2/arm64/bin:/opt/homebrew/lib/ruby/gems/3.3.0/bin:/opt/homebrew/opt/ruby@3.3/bin:/Users/runner/.local/bin:/opt/homebrew/bin:/opt/homebrew/sbin:/Users/runner/.cargo/bin:/usr/local/opt/curl/bin:/usr/local/bin:/usr/local/sbin:/Users/runner/bin:/Users/runner/Library/Android/sdk/tools:/Users/runner/Library/Android/sdk/platform-tools:/Library/Frameworks/Python.framework/Versions/Current/bin:/Library/Frameworks/Mono.framework/Versions/Current/Commands:/usr/bin:/bin:/usr/sbin:/sbin:/Users/runner/.dotnet/tools HOME=/Users/runner/v2m-yQLHnt/jailhome
SUDO_USER=root
SUDO_UID=0
SUDO_GID=0
  ARM-SCAFFOLD-INSTALL rc=0
  VENUE-CI-CHILD clean (no CI-detection variable reaches the traced script)
  --- wrapper (run.sh) ---
     cd "/Users/runner/v2m-yQLHnt/Observe"
     sudo -u "runner" -H env "PATH=/Users/runner/v2m-yQLHnt/Observe/node_modules/.bin:/Users/runner/.cache/nub/era-node/12.22.12/node-v12.22.12-darwin-x64/bin:/Users/runner/hostedtoolcache/node/22.23.2/arm64/bin:/opt/homebrew/lib/ruby/gems/3.3.0/bin:/opt/homebrew/opt/ruby@3.3/bin:/Users/runner/.local/bin:/opt/homebrew/bin:/opt/homebrew/sbin:/Users/runner/.cargo/bin:/usr/local/opt/curl/bin:/usr/local/bin:/usr/local/sbin:/Users/runner/bin:/Users/runner/Library/Android/sdk/tools:/Users/runner/Library/Android/sdk/platform-tools:/Library/Frameworks/Python.framework/Versions/Current/bin:/Library/Frameworks/Mono.framework/Versions/Current/Commands:/usr/bin:/bin:/usr/sbin:/sbin:/Users/runner/.dotnet/tools"   "HOME=/Users/runner/v2m-yQLHnt/jailhome"   "TMPDIR=/private/var/folders/_5/zjnzxgh147qcg3bb5cg2wvqw0000gn/T/nub-tmp-obsEVdxZz"   "NODE_COMPAT=1"   "PYTHONDONTWRITEBYTECODE=1"   "PLAYWRIGHT_BROWSERS_PATH=/Users/runner/.cache/nub/pm/tools/ms-playwright"   "ELECTRON_CACHE=/Users/runner/.cache/nub/pm/tools/electron-cache"   "electron_config_cache=/Users/runner/.cache/nub/pm/tools/electron-cache"   "npm_config_prefix=/Users/runner/.cache/nub/pm/tools/npm-prefix"   PYTHON=/Users/runner/hostedtoolcache/Python/3.9.13/arm64/bin/python   npm rebuild --no-audit --no-fund "paper" > "/Users/runner/v2m-yQLHnt/Observe/npm.log" 2>&1
     echo $? > "/Users/runner/v2m-yQLHnt/Observe/rc"
  --- dtrace stderr + wrapper trace ---
     + cd /Users/runner/v2m-yQLHnt/Observe
     + sudo -u runner -H env PATH=/Users/runner/v2m-yQLHnt/Observe/node_modules/.bin:/Users/runner/.cache/nub/era-node/12.22.12/node-v12.22.12-darwin-x64/bin:/Users/runner/hostedtoolcache/node/22.23.2/arm64/bin:/opt/homebrew/lib/ruby/gems/3.3.0/bin:/opt/homebrew/opt/ruby@3.3/bin:/Users/runner/.local/bin:/opt/homebrew/bin:/opt/homebrew/sbin:/Users/runner/.cargo/bin:/usr/local/opt/curl/bin:/usr/local/bin:/usr/local/sbin:/Users/runner/bin:/Users/runner/Library/Android/sdk/tools:/Users/runner/Library/Android/sdk/platform-tools:/Library/Frameworks/Python.framework/Versions/Current/bin:/Library/Frameworks/Mono.framework/Versions/Current/Commands:/usr/bin:/bin:/usr/sbin:/sbin:/Users/runner/.dotnet/tools HOME=/Users/runner/v2m-yQLHnt/jailhome TMPDIR=/private/var/folders/_5/zjnzxgh147qcg3bb5cg2wvqw0000gn/T/nub-tmp-obsEVdxZz NODE_COMPAT=1 PYTHONDONTWRITEBYTECODE=1 PLAYWRIGHT_BROWSERS_PATH=/Users/runner/.cache/nub/pm/tools/ms-playwright ELECTRON_CACHE=/Users/runner/.cache/nub/pm/tools/electron-cache electron_config_cache=/Users/runner/.cache/nub/pm/tools/electron-cache npm_config_prefix=/Users/runner/.cache/nub/pm/tools/npm-prefix PYTHON=/Users/runner/hostedtoolcache/Python/3.9.13/arm64/bin/python npm rebuild --no-audit --no-fund paper
     dtrace: error on enabled probe ID 128 (ID 286: syscall::execve:entry): invalid address (0x600001014000) in action #1 at DIF offset 20
     dtrace: error on enabled probe ID 128 (ID 286: syscall::execve:entry): invalid address (0x60000061e460) in action #1 at DIF offset 20
     dtrace: error on enabled probe ID 128 (ID 286: syscall::execve:entry): invalid address (0x60000061e460) in action #1 at DIF offset 20
     dtrace: error on enabled probe ID 128 (ID 286: syscall::execve:entry): invalid address (0x60000061e460) in action #1 at DIF offset 20
     dtrace: error on enabled probe ID 128 (ID 286: syscall::execve:entry): invalid address (0x60000061e460) in action #1 at DIF offset 20
     dtrace: error on enabled probe ID 128 (ID 286: syscall::execve:entry): invalid address (0x60000061e460) in action #1 at DIF offset 20
     dtrace: error on enabled probe ID 128 (ID 286: syscall::execve:entry): invalid address (0x60000061e460) in action #1 at DIF offset 20
     dtrace: error on enabled probe ID 128 (ID 286: syscall::execve:entry): invalid address (0x60000061e460) in action #1 at DIF offset 20
     dtrace: error on enabled probe ID 128 (ID 286: syscall::execve:entry): invalid address (0x60000061e460) in action #1 at DIF offset 20
     dtrace: error on enabled probe ID 128 (ID 286: syscall::execve:entry): invalid address (0x60000061e460) in action #1 at DIF offset 20
     dtrace: error on enabled probe ID 128 (ID 286: syscall::execve:entry): invalid address (0x60000061e460) in action #1 at DIF offset 20
     dtrace: error on enabled probe ID 128 (ID 286: syscall::execve:entry): invalid address (0x60000061e460) in action #1 at DIF offset 20
     dtrace: error on enabled probe ID 128 (ID 286: syscall::execve:entry): invalid address (0x60000061e460) in action #1 at DIF offset 20
     dtrace: error on enabled probe ID 128 (ID 286: syscall::execve:entry): invalid address (0x60000061e460) in action #1 at DIF offset 20
     dtrace: error on enabled probe ID 128 (ID 286: syscall::execve:entry): invalid address (0x60000061e460) in action #1 at DIF offset 20
     dtrace: error on enabled probe ID 128 (ID 286: syscall::execve:entry): invalid address (0x60000061e460) in action #1 at DIF offset 20
     dtrace: error on enabled probe ID 128 (ID 286: syscall::execve:entry): invalid address (0x60000061e460) in action #1 at DIF offset 20
     dtrace: error on enabled probe ID 128 (ID 286: syscall::execve:entry): invalid address (0x60000061e460) in action #1 at DIF offset 20
     dtrace: error on enabled probe ID 128 (ID 286: syscall::execve:entry): invalid address (0x60000061e460) in action #1 at DIF offset 20
     dtrace: error on enabled probe ID 128 (ID 286: syscall::execve:entry): invalid address (0x60000061e460) in action #1 at DIF offset 20
     dtrace: error on enabled probe ID 128 (ID 286: syscall::execve:entry): invalid address (0x60000061e460) in action #1 at DIF offset 20
     dtrace: error on enabled probe ID 128 (ID 286: syscall::execve:entry): invalid address (0x60000061e460) in action #1 at DIF offset 20
     dtrace: error on enabled probe ID 128 (ID 286: syscall::execve:entry): invalid address (0x60000061e460) in action #1 at DIF offset 20
     + echo 1
  OBSERVE   rc=1 dtrace_rc=0 files=300 (pre=298) trace=11724 lines
  => BROKEN-WITHOUT-JAIL-TOO (unjailed control failed rc=1; nothing to measure)
     
     > paper@0.12.9 preinstall /Users/runner/v2m-yQLHnt/Observe/node_modules/paper
     > npx npm-force-resolutions
     
     ENOENT: no such file or directory, open './package-lock.json'
     npm ERR! code ELIFECYCLE
     npm ERR! errno 1
     npm ERR! paper@0.12.9 preinstall: `npx npm-force-resolutions`
     npm ERR! Exit status 1
     npm ERR! 
     npm ERR! Failed at the paper@0.12.9 preinstall script.
     npm ERR! This is probably not a problem with npm. There is likely additional logging output above.
     
     npm ERR! A complete log of this run can be found in:
     npm ERR!     /Users/runner/v2m-yQLHnt/jailhome/.npm/_logs/2026-08-28T14_35_32_530Z-debug.log
