### subrequests@2.9.2   (D:\jail\m-subrequests-mtsmy258)
  CI-ENV scrubbed: CI GITHUB_ACTIONS
OSV-SCREEN {"schemaVersion":1,"kind":"direct","status":"clean","digest":"4fa87c829e56719ea4f2836d1a20ddb3b65fdbe6da4497c601dce47b6637a0b3","specCount":1,"lockfiles":{"digest":null,"files":[]},"maliciousAdvisories":[],"screenedAt":"2026-09-08T12:18:11.674Z","cacheHit":false,"clearancePath":"D:\\jail\\m-subrequests-mtsmy258\\security\\direct.json"}
  SECURITY direct clean: 1 exact package-version(s), tree 4fa87c829e56
OSV-SCREEN {"schemaVersion":1,"kind":"npm-observe-resolved","status":"clean","digest":"dd97739936917e1621fd99ab2acdaab0a03392d34c59dba9c1584c3fa4f07f05","specCount":268,"lockfiles":{"digest":"4d08a2bd0daa1206738ed1d1a91bf0828c5d2e26c61adb83e83ee10db3c9f4a2","files":[{"path":"package-lock.json","sha256":"4a223ae0437b00fdb0c7f75f4b41e5c992154c8f834e413b37d6d484ef398342","bytes":116425}]},"maliciousAdvisories":[],"screenedAt":"2026-09-08T12:18:22.259Z","cacheHit":false,"clearancePath":"D:\\jail\\m-subrequests-mtsmy258\\security\\npm-observe-resolved.json"}
  SECURITY npm-observe-resolved clean: 268 exact package-version(s), tree dd9773993691
  CAPTURE user=runnervmeef0v\runneradmin elevated=True rootPid=1884 exit=0 events=38161 lost=0
  VENUE-OBSERVE-USER runnervmeef0v\runneradmin elevated=true privDropped={"SeBackupPrivilege":"removed","SeRestorePrivilege":"removed","SeTakeOwnershipPrivilege":"removed"}
  OBSERVE artifacts: 45 files  (D:\jail\m-subrequests-mtsmy258\observe\node_modules\subrequests)
  ARM-FALSIFIABILITY {"manifestFiles":45,"filesTheScriptProduced":0,"reasons":["gate-vacuous"]}
  ⛔ ARMS-UNFALSIFIABLE — a green arm for this package carries no evidence:
       gate-vacuous: the script changed no file the artifact gate keys on — every file in the manifest (45) was already present at its final size before the script ran, so the gate passes in every arm including a completely broken one
       The grant may still be correct; what is missing is a signal that could have gone
       red. Do not read this record's MINIMAL as a passing measurement.
  CLOSURE 227 packages evicted per arm
  8.3 MAP 0 components resolved on runnervmeef0v, folded into capture.json
  == ROOTS (from capture.json — R2: no ambient reads) ==
    project       D:\jail\m-subrequests-mtsmy258\observe   [keyed on]
    home          C:\Users\runneradmin   [keyed on]
    jailHome      (null — declared inapplicable)
    globalStore   C:\Users\runneradmin\AppData\Local\nub\pm\store
    projectStore  D:\jail\m-subrequests-mtsmy258\observe\node_modules\.store
    interpreter   C:\hostedtoolcache\windows\node\22.23.2\x64\node.exe
    toolsDir      C:\Users\runneradmin\AppData\Local\nub\pm\tools
    temp          D:\jail\m-subrequests-mtsmy258\tmp   [keyed on]
    npmPrefix     (null — declared inapplicable)
    ownPkg        D:\jail\m-subrequests-mtsmy258\observe\node_modules\subrequests
  == ATTRIBUTION == lifecycle pids: 7 (root 1884)
    writes  script 17  /  whole traced tree 23
    peers   script 0  /  whole traced tree 0
  == WRITES ==
    outside       1
        d:\jail\m-subrequests-mtsmy258\npm-cache\_logs\2026-09-08t12_18_25_515z-debug-0.log
    deps         14
    jailTmp       2
  == READS ==
    deps        203
    outside     136
    project       2
    systemfs     33
    jailTmp      93
  == NETWORK ==
    distinct peers: 0
  == REFUSALS (adapter-classified) ==
    distinct: 0
  == SYNTHESIZED GRANT (verify this in the real unprivileged jail) ==
    {"write":{"deps":true}}
    NOTE 2 writes into the DECLARED private temp -- the base profile grants
         that directory unconditionally (preset.rs `$tmp`=rw), so they widen nothing.
    !! 1 writes OUTSIDE project/home -- no scope covers these; inspect before granting
  RAW       etw-raw.xml.gz  48754614 B xml -> 742849 B gz (65.6x)  sha256 3600c82543b4a010…
  HEADER    etw-header.json (5082 bytes)
  DERIVED   8085 distinct from 10611 kept ops (38161 xml events, 3907 out of subtree)
  PROCS     9   thread-reattributed 7
  ⛔ 8 operations with NO OperationEnd — kept, status marked unknown
  ⛔ 1 handle ops whose path no table could supply
  8.3       0 expanded, 0 kept short, 0 not covered  [map: recorded 8.3 map (0 components, resolved on runnervmeef0v)]
  wrote events.ndjson.gz (101154 bytes)
  RAWLOG-CAPTURE D:\jail\m-subrequests-mtsmy258\cap\capture.json
  VENUE-NUB-BINARY {"path":"C:/Users/RUNNER~1/AppData/Local/Temp/nub/target/release/nub.exe","sha256":"f186817a44be332fee712b4936a071a0b5f9cde18a1d2fdc3a791729d4bf1005","bytes":68717056,"features":{"buildJailCatalogOverride":true,"pythonDontWriteBytecodeEnv":true}}
  VENUE-INTERPRETER C:\hostedtoolcache\windows\node\22.23.2\x64\node.exe
  VENUE-JAIL-ROOT D:\jail\m-subrequests-mtsmy258
  VENUE-OVERRIDES {"set":{"npm_config_cache":"D:\\jail\\m-subrequests-mtsmy258\\npm-cache","TMP":"D:\\jail\\m-subrequests-mtsmy258\\tmp","TEMP":"D:\\jail\\m-subrequests-mtsmy258\\tmp","TMPDIR":"D:\\jail\\m-subrequests-mtsmy258\\tmp"},"unset":["CI","GITHUB_ACTIONS"],"notRedirected":{"USERPROFILE":"C:\\Users\\runneradmin","why":"the jail leaves HOME/USERPROFILE alone — `build_jail.rs` sandbox_homes() reads the ambient value and `compiler/defaults.rs` BASELINE_ENV_EXACT passes it through — so there is no private jail home to reproduce and redirecting one would measure an environment no confined script sees"},"passedThrough":{"CI":"true","GITHUB_ACTIONS":"true","NODE_ENV":null}}
  scaffold: 1 dependency package(s) with lifecycle scripts granted a fixed wide grant
  STORE   isolated virtual store at D:\jail\m-subrequests-mtsmy258\verify-synth\.cache
  VENUE-STORE-LAYOUT isolated
OSV-SCREEN {"schemaVersion":1,"kind":"nub-synth-resolved","status":"clean","digest":"431572d166347e336d8aab070715b60f775116d20a957db495423542072d711e","specCount":269,"lockfiles":{"digest":"5ed358d4672a50f4f13adbcfee4515ab9fffef822e333bdcdc2da1b9297a7c9e","files":[{"path":"nub.lock","sha256":"e9144de5d03dff69d4e31932c0dd6a2737ccd441e4761f427f5c6fcfa82aec47","bytes":61177}]},"maliciousAdvisories":[],"screenedAt":"2026-09-08T12:18:40.268Z","cacheHit":false,"clearancePath":"D:\\jail\\m-subrequests-mtsmy258\\security\\nub-synth-resolved.json"}
  SECURITY nub-synth-resolved clean: 269 exact package-version(s), tree 431572d16634
  VERIFY[synth] rc=0 artifacts=45/45 missing=0 shortfall=none (tree 13751/6162) OVERRIDDEN=2 REJECTED=0 grant={"write":{"deps":true}}
  => MINIMUM {"write":{"deps":true}}   (observed, then verified)
  scaffold: 1 dependency package(s) with lifecycle scripts granted a fixed wide grant
  STORE   isolated virtual store at D:\jail\m-subrequests-mtsmy258\verify-nar-no-write-deps\.cache
OSV-SCREEN {"schemaVersion":1,"kind":"nub-nar-no-write-deps-resolved","status":"clean","digest":"431572d166347e336d8aab070715b60f775116d20a957db495423542072d711e","specCount":269,"lockfiles":{"digest":"5ed358d4672a50f4f13adbcfee4515ab9fffef822e333bdcdc2da1b9297a7c9e","files":[{"path":"nub.lock","sha256":"e9144de5d03dff69d4e31932c0dd6a2737ccd441e4761f427f5c6fcfa82aec47","bytes":61177}]},"maliciousAdvisories":[],"screenedAt":"2026-09-08T12:18:40.268Z","cacheHit":true,"clearancePath":"D:\\jail\\m-subrequests-mtsmy258\\security\\nub-nar-no-write-deps-resolved.json"}
  SECURITY nub-nar-no-write-deps-resolved clean: 269 exact package-version(s), tree 431572d16634 (cached exact-tree clearance)
  VERIFY[nar-no-write-deps] rc=0 artifacts=45/45 missing=0 shortfall=none (tree 13751/6162) OVERRIDDEN=2 REJECTED=0 grant={}
     ⛔ OVER-PREDICTED — the strictly narrower {} also verifies; 'no-write-deps' was not needed
