  HARNESS-NODE /opt/hostedtoolcache/node/22.23.2/x64/bin/node (v22.23.2); arm-cap present
  ERA-NODE PINNED 12.22.12 (provisioned) (arms will run: v12.22.12)
  ERA-PYTHON /opt/hostedtoolcache/Python/3.9.25/x64/bin/python (Python 3.9.25) for era Node 12, whose node-gyp requires python3-legacy
  ARM-MAKE /usr/bin/gmake (GNU Make 4.3) — the system make; a build needing GNU Make 4 WILL fail here
### lzma-native@4.0.6   (/home/runner/v2-unaFVx)
  CI-ENV scrubbed: CI GITHUB_ACTIONS
OSV-SCREEN {"schemaVersion":1,"kind":"direct","status":"clean","digest":"ea4cae4d39a7a3a6320ec080def24767b33c27fa70f289bbf0d4ff192dcd73eb","specCount":1,"lockfiles":{"digest":null,"files":[]},"maliciousAdvisories":[],"screenedAt":"2026-08-24T15:02:07.883Z","cacheHit":false,"clearancePath":"/home/runner/v2-unaFVx/security/direct.json"}
  SECURITY direct clean: 1 exact package-version(s), tree ea4cae4d39a7
  VENUE-OBSERVE-USER {"uid":1001,"user":"runner","umask":"0022","capBnd":"000001ffffffffff","noNewPrivs":"0"}
  VENUE-NUB-BINARY {"path":"/tmp/nub/target/release/nub","sha256":"bed0d624b324fb3de83de474ff73731ad2f1fd040ff548bb0158e2baf850701d","bytes":208304640,"features":{"buildJailCatalogOverride":true,"pythonDontWriteBytecodeEnv":true}}
  ERA-RESOLUTION DATED 2019-11-23T23:01:49.610Z (deps as of the package's own publish date + 1d)
OSV-SCREEN {"schemaVersion":1,"kind":"npm-observe-resolved","status":"clean","digest":"fcf4dd8237d31a94b99126241b4b7cfa8f2d3169836042cfbb414aacf53e1fa9","specCount":68,"lockfiles":{"digest":"282866c76d2e951408114c811e71bc6bd5780ad2b38c4b360f626b0245120e59","files":[{"path":"package-lock.json","sha256":"2df4388713dd9cb9ced3163043708ed8e533cdb0026c55d523afa517d4c2efae","bytes":26905}]},"maliciousAdvisories":[],"screenedAt":"2026-08-24T15:02:09.991Z","cacheHit":false,"clearancePath":"/home/runner/v2-unaFVx/security/npm-observe-resolved.json"}
  SECURITY npm-observe-resolved clean: 68 exact package-version(s), tree fcf4dd8237d3
  ARM-PATH SANITISED (nothing to drop)
  ARM-AMBIENT-TOOLS 9 leaked: tsc=/usr/local/bin/tsc rimraf=/home/runner/v2-unaFVx/observe/node_modules/.bin/rimraf grunt=/usr/local/bin/grunt gulp=/usr/local/bin/gulp webpack=/usr/local/bin/webpack lerna=/usr/local/bin/lerna node-pre-gyp=/home/runner/v2-unaFVx/observe/node_modules/.bin/node-pre-gyp yarn=/usr/local/bin/yarn pulumi=/usr/local/bin/pulumi
  ARM-SCAFFOLD 1 added: 7z
  ARM-UNPROVIDABLE none
  ARM-SCAFFOLD-INSTALL rc=0
  OBSERVE   rc=1 files=1435 trace=607137 lines
  => BROKEN-WITHOUT-JAIL-TOO (unjailed control failed; nothing to measure)
