OSV-SCREEN {"schemaVersion":1,"kind":"direct","status":"clean","digest":"ef7ffb36389c919cc33af2b1fe38ca34926e58b8bfe090f2638bf7af45d8073a","specCount":1,"lockfiles":{"digest":null,"files":[]},"maliciousAdvisories":[],"screenedAt":"2026-08-31T14:37:18.575Z","cacheHit":false,"clearancePath":"/Users/runner/v2m-h4wsHd/security/direct.json"}
  SECURITY direct clean: 1 exact package-version(s), tree ef7ffb36389c
  ERA-NODE PINNED 18.20.8 (provisioned) (arms will run: v18.20.8)
  ERA-PYTHON /Users/runner/hostedtoolcache/Python/3.9.13/arm64/bin/python (Python 3.9.13) for era Node 18, whose node-gyp requires python3
  ARM-MAKE /usr/bin/make (GNU Make 3.81) — the system make; a build needing GNU Make 4 WILL fail here
### saucectl@0.163.0   (/Users/runner/v2m-h4wsHd)   nub=/tmp/nub/target/release/nub
  VENUE-NUB-BINARY {"path":"/tmp/nub/target/release/nub","sha256":"69e622342d0c8393c78fa50a01dc9cc0a94371ac9b106b59bdcc016f06d86d30","bytes":94535576,"features":{"buildJailCatalogOverride":true,"pythonDontWriteBytecodeEnv":true}}
  CI-ENV scrubbed: CI GITHUB_ACTIONS
  --- fbt preflight (advisory; never fails the run) ---
     csrutil: System Integrity Protection status: disabled.
     fbt probes visible: 93577
     fbt enable attempt: dtrace: description 'fbt:::entry ' matched 50357 probes CPU     ID                    FUNCTION:NAME 
     cwd builtin value:  
     fbt chdir symbols:  
     fbt fires on spawn-with-cwd: dtrace: invalid probe specifier fbt::chdir*:entry /progenyof($target)/ { @[probefunc] = count(); }: probe description fbt::chdir*:entry does not match any probes 
  --- end fbt preflight ---
  ERA-RESOLUTION DATED 2023-10-06T13:59:44.930Z (deps as of the package's own publish date + 1d)
OSV-SCREEN {"schemaVersion":1,"kind":"npm-observe-resolved","status":"clean","digest":"a87a68fae4a6bdb2320ba65372b3d3f087495077921f506c1bf740312997d8f9","specCount":21,"lockfiles":{"digest":"73f342a3c15fed0e1343a675610689218d7154796b489cbf4043316677a82c23","files":[{"path":"package-lock.json","sha256":"aacf527ba8310ca95be3bc0a6667c93af42664d93c738994c36e49b1c79a1377","bytes":8385}]},"maliciousAdvisories":[],"screenedAt":"2026-08-31T14:37:26.851Z","cacheHit":false,"clearancePath":"/Users/runner/v2m-h4wsHd/security/npm-observe-resolved.json"}
  SECURITY npm-observe-resolved clean: 21 exact package-version(s), tree a87a68fae4a6
  ARM-PATH SANITISED (dropped 1: /Users/runner/.yarn/bin)
  ARM-AMBIENT-TOOLS none
  ARM-SCAFFOLD none
  ARM-UNPROVIDABLE none
  VENUE-CI-CHILD clean (no CI-detection variable reaches the traced script)
  ARM-REBUILD-SPEC saucectl@0.163.0
  --- wrapper (run.sh) ---
     cd "/Users/runner/v2m-h4wsHd/Observe"
     sudo -u "runner" -H env "PATH=/Users/runner/v2m-h4wsHd/Observe/node_modules/.bin:/Users/runner/.cache/nub/era-node/18.20.8/node-v18.20.8-darwin-arm64/bin:/Users/runner/hostedtoolcache/node/22.23.2/arm64/bin:/opt/homebrew/lib/ruby/gems/3.3.0/bin:/opt/homebrew/opt/ruby@3.3/bin:/Users/runner/.local/bin:/opt/homebrew/bin:/opt/homebrew/sbin:/Users/runner/.cargo/bin:/usr/local/opt/curl/bin:/usr/local/bin:/usr/local/sbin:/Users/runner/bin:/Users/runner/Library/Android/sdk/tools:/Users/runner/Library/Android/sdk/platform-tools:/Library/Frameworks/Python.framework/Versions/Current/bin:/Library/Frameworks/Mono.framework/Versions/Current/Commands:/usr/bin:/bin:/usr/sbin:/sbin:/Users/runner/.dotnet/tools"   "HOME=/Users/runner/v2m-h4wsHd/jailhome"   "TMPDIR=/private/var/folders/_5/zjnzxgh147qcg3bb5cg2wvqw0000gn/T/nub-tmp-obsAewpNo"   "NODE_COMPAT=1"   "PYTHONDONTWRITEBYTECODE=1"   "PLAYWRIGHT_BROWSERS_PATH=/Users/runner/.cache/nub/pm/tools/ms-playwright"   "ELECTRON_CACHE=/Users/runner/.cache/nub/pm/tools/electron-cache"   "electron_config_cache=/Users/runner/.cache/nub/pm/tools/electron-cache"   "npm_config_prefix=/Users/runner/.cache/nub/pm/tools/npm-prefix"   PYTHON=/Users/runner/hostedtoolcache/Python/3.9.13/arm64/bin/python   npm rebuild --no-audit --no-fund "saucectl@0.163.0" > "/Users/runner/v2m-h4wsHd/Observe/npm.log" 2>&1
     echo $? > "/Users/runner/v2m-h4wsHd/Observe/rc"
  --- dtrace stderr + wrapper trace ---
     + cd /Users/runner/v2m-h4wsHd/Observe
     + sudo -u runner -H env PATH=/Users/runner/v2m-h4wsHd/Observe/node_modules/.bin:/Users/runner/.cache/nub/era-node/18.20.8/node-v18.20.8-darwin-arm64/bin:/Users/runner/hostedtoolcache/node/22.23.2/arm64/bin:/opt/homebrew/lib/ruby/gems/3.3.0/bin:/opt/homebrew/opt/ruby@3.3/bin:/Users/runner/.local/bin:/opt/homebrew/bin:/opt/homebrew/sbin:/Users/runner/.cargo/bin:/usr/local/opt/curl/bin:/usr/local/bin:/usr/local/sbin:/Users/runner/bin:/Users/runner/Library/Android/sdk/tools:/Users/runner/Library/Android/sdk/platform-tools:/Library/Frameworks/Python.framework/Versions/Current/bin:/Library/Frameworks/Mono.framework/Versions/Current/Commands:/usr/bin:/bin:/usr/sbin:/sbin:/Users/runner/.dotnet/tools HOME=/Users/runner/v2m-h4wsHd/jailhome TMPDIR=/private/var/folders/_5/zjnzxgh147qcg3bb5cg2wvqw0000gn/T/nub-tmp-obsAewpNo NODE_COMPAT=1 PYTHONDONTWRITEBYTECODE=1 PLAYWRIGHT_BROWSERS_PATH=/Users/runner/.cache/nub/pm/tools/ms-playwright ELECTRON_CACHE=/Users/runner/.cache/nub/pm/tools/electron-cache electron_config_cache=/Users/runner/.cache/nub/pm/tools/electron-cache npm_config_prefix=/Users/runner/.cache/nub/pm/tools/npm-prefix PYTHON=/Users/runner/hostedtoolcache/Python/3.9.13/arm64/bin/python npm rebuild --no-audit --no-fund saucectl@0.163.0
     dtrace: error on enabled probe ID 128 (ID 286: syscall::execve:entry): invalid address (0x600002bc8090) in action #1 at DIF offset 20
     + echo 0
  OBSERVE   rc=0 dtrace_rc=0 files=266 (pre=263) trace=6382 lines
  CLOSURE   21 packages evicted per arm   store=/Users/runner/.cache/nub/pm/store
  RAWLOG-FILE /Users/runner/v2m-h4wsHd/Observe/trace.txt.gz
  RAWLOG-CAPTURE /Users/runner/v2m-h4wsHd/Observe/capture.json
  RAWLOG-BYTES raw=1111478 gz=38179
  VENUE-INTERPRETER /Users/runner/hostedtoolcache/node/22.23.2/arm64
  VENUE-NODE-SELECTION {"pkg":"saucectl","packageVersion":"0.163.0","major":18,"version":"18.20.8","npm":"10.8.2","pinnable":true,"engines":null,"publishedAt":"2023-10-05T13:59:44.930Z","eraMajor":18,"startMajor":18,"raisedByEngines":false,"enginesUnsatisfiable":false,"clampedToFloor":false,"clampedToCeiling":false,"matrixFloor":4,"matrixCeiling":26,"lookupFailure":null,"pinned":true,"pinnedBin":"/Users/runner/.cache/nub/era-node/18.20.8/node-v18.20.8-darwin-arm64/bin","eraNodeRoot":"/Users/runner/.cache/nub"}
  VENUE-OVERRIDES {"set":{"PATH":"inherited-and-forwarded","HOME":"/Users/runner/v2m-h4wsHd/jailhome","TMPDIR":"/private/var/folders/_5/zjnzxgh147qcg3bb5cg2wvqw0000gn/T/nub-tmp-obsAewpNo","NODE_COMPAT":"1","PYTHONDONTWRITEBYTECODE":"1","PLAYWRIGHT_BROWSERS_PATH":"/Users/runner/.cache/nub/pm/tools/ms-playwright","ELECTRON_CACHE":"/Users/runner/.cache/nub/pm/tools/electron-cache","electron_config_cache":"/Users/runner/.cache/nub/pm/tools/electron-cache","npm_config_prefix":"/Users/runner/.cache/nub/pm/tools/npm-prefix"},"unset":["(sudo env_reset discards the caller environment; every var above is re-set after it)","CI","GITHUB_ACTIONS"],"passedThrough":{"CI":"true","GITHUB_ACTIONS":"true","NODE_ENV":null}}
  VENUE-OBSERVE-USER runner uid=501 (R7: ordinary non-root user, asserted)
  ARM-FALSIFIABILITY {"manifestFiles":7,"filesTheScriptProduced":1,"reasons":[]}
  EVENTLOG-FILE /Users/runner/v2m-h4wsHd/Observe/events.ndjson.gz
  EVENTLOG-STATS {"lines":6383,"parsed":6363,"unparsed":0,"live":true,"tracerErrors":1,"tracerErrorTotal":1,"unresolvedDirfd":24,"unresolvedFd":0,"pairedTwoPath":0,"danglingPair":0,"failed":2306,"enoent":2303,"refusals":0,"byErrno":{"ENXIO":3,"ENOENT":2303},"procs":6,"lifecyclePids":1,"distinctEvents":4113,"emitted":4113,"calls":6348,"bytes":769649,"gzipBytes":23671,"out":"/Users/runner/v2m-h4wsHd/Observe/events.ndjson"}
  == TRACER == live=true decodable-events=1178 dropped-events=1
    NOTE 16 relative path(s) under a non-AT_FDCWD dirfd were not
       scope-assigned: resolving them against the cwd would invent a path.
    ⛔ CWD-UNOBSERVED 2 relative path(s) (0 write(s)) came from a lifecycle
       process whose own cwd was never observed
       macOS spawns with posix_spawn addchdir_np, which changes directory in-kernel and
       emits no chdir syscall, so the inherited cwd cannot be trusted. These are NOT
       scope-assigned; the grant below is WIDENED instead so it covers wherever they landed.
         pid=22182 read  unproven .
         pid=22182 read  unproven .
    ⛔ THE TRACER DROPPED 1 EVENT(S). A dropped event is a path never
       seen, so the grant below can only be too NARROW — the direction that breaks installs.
       Treat it as a FLOOR, not a measurement, until the adapter fault is fixed:
             1 x  epid=128 action=1 fault=1 addr=0x600002bc8090
  == ATTRIBUTION == lifecycle pids: 1
    writes  script 3  /  whole traced subtree 9
    sockets script 2  /  whole traced subtree 3
  == ROOTS (from /Users/runner/v2m-h4wsHd/Observe/capture.json; the classifier reads no other source) ==
    project       /Users/runner/v2m-h4wsHd/Observe
    home          /Users/runner
    jailHome      /Users/runner/v2m-h4wsHd/jailhome
    globalStore   /Users/runner/.cache/nub/pm/store
    projectStore  /Users/runner/v2m-h4wsHd/Observe/node_modules/.store
    interpreter   /Users/runner/hostedtoolcache/node/22.23.2/arm64
    toolsDir      /Users/runner/.cache/nub/pm/tools
    temp          /private/var/folders/_5/zjnzxgh147qcg3bb5cg2wvqw0000gn/T/nub-tmp-obsAewpNo
    npmPrefix     /Users/runner/.cache/nub/pm/tools/npm-prefix
    ownPkg        /Users/runner/v2m-h4wsHd/Observe/node_modules/saucectl
    cwd           (null — this platform has no such root)
  == WRITES the script actually performed ==
    systemfs      1
        /dev/dtracehelper
    ownPkg        2  (base profile already grants this — NOT billed)
        /Users/runner/v2m-h4wsHd/Observe/node_modules/saucectl/bin
        /Users/runner/v2m-h4wsHd/Observe/node_modules/saucectl/bin/saucectl
  == READS the script performed, by scope ==
    outside       6
    systemfs     10
    userHome      2
    ownPkg        5
    deps         82
        outside: /
        outside: /bin/bash
        outside: /bin
        outside: /var/db/timezone/zoneinfo/UTC
        outside: /var/db/timezone/zoneinfo/posixrules
        outside: /etc/localtime
  == NETWORK ==
    AF_INET connects: 2   distinct peers: 2
        172.182.252.133:443
        185.199.108.133:443
  == REFUSALS (errno EPERM/EACCES/EROFS only; ENOENT is a miss, not a denial) ==
    distinct: 0
  == SYNTHESIZED GRANT (verify this in the real unprivileged jail) ==
    {"network":true}
  == writePaths (DERIVED — promotion out of the package's PRIVATE home) ==
    private-home writes observed: 0
    none declared — the script wrote nothing into its private home — there is nothing to promote
  == writePaths FEASIBILITY (distinct writes outside project/deps) ==
    count: 0
  EVICT[synth] 2 store entries removed, 4 spared as nub tooling, 253 in store
OSV-SCREEN {"schemaVersion":1,"kind":"nub-synth-resolved","status":"clean","digest":"399af0a8d0947415642fdc6dbaa4c4a79642a657b49f60bd162d10f3f85696ba","specCount":42,"lockfiles":{"digest":"b75cc9f266df095279598ab9c981cd48d959a0e7c2150542bca47abe7049c409","files":[{"path":"nub.lock","sha256":"fdfab58fad17f7eb6465ea8cc8b9918d7009091cb89401f8d0047d6675cb7b3d","bytes":12168}]},"maliciousAdvisories":[],"screenedAt":"2026-08-31T14:37:32.198Z","cacheHit":false,"clearancePath":"/Users/runner/v2m-h4wsHd/security/nub-synth-resolved.json"}
  SECURITY nub-synth-resolved clean: 42 exact package-version(s), tree 399af0a8d094
  VENUE-STORE-LAYOUT isolated
  VERIFY[synth] rc=0 artifacts=7/7 missing=0 shortfall=none (tree 2133/266) OVERRIDDEN=3 REJECTED=0 grant={"network":true}
  => VERIFIED {"network":true}
  EVICT[nar-no-network] 16 store entries removed, 4 spared as nub tooling, 276 in store
OSV-SCREEN {"schemaVersion":1,"kind":"nub-nar-no-network-resolved","status":"clean","digest":"364af55cd327f0f5cc4cce9b9b1b34f3ff583b867d5d3e0c35827e37e7813d79","specCount":42,"lockfiles":{"digest":"2436cfe4c58ff5909abd936b17a9d4938e38a6351ab6243071c95c8f4b56f45a","files":[{"path":"nub.lock","sha256":"d43a0190bd1f17dbdfd94f91766fc80e3b239ae305e4af0c50305e77a671eca4","bytes":12168}]},"maliciousAdvisories":[],"screenedAt":"2026-08-31T14:37:34.044Z","cacheHit":false,"clearancePath":"/Users/runner/v2m-h4wsHd/security/nub-nar-no-network-resolved.json"}
  SECURITY nub-nar-no-network-resolved clean: 42 exact package-version(s), tree 364af55cd327
  VERIFY[nar-no-network] rc=1 artifacts=6/7 missing=1 shortfall=1f6a7b28e9d5 (tree 2136/266) OVERRIDDEN=3 REJECTED=0 grant={}
       missing: bin/saucectl
     [nar-no-network/a] Installation failed: Error: failed to download: Error: getaddrinfo ENOTFOUND github.com
     narrowing 'no-network' fails ⇒ that capability IS necessary
  => MINIMAL — every capability in {"network":true} is independently necessary
### DONE saucectl@0.163.0  synthesized={"network":true} verified=1
