  HARNESS-NODE /opt/hostedtoolcache/node/22.23.2/x64/bin/node (v22.23.2); arm-cap present
  ERA-NODE PINNED 4.9.1 (provisioned) (arms will run: v4.9.1)
  ERA-PYTHON /usr/bin/python2.7 (Python 2.7.18) for era Node 0, whose node-gyp requires python2
  ARM-MAKE /usr/bin/gmake (GNU Make 4.3) — the system make; a build needing GNU Make 4 WILL fail here
### flow-bin@0.3.0   (/home/runner/v2-xj45CQ)
  CI-ENV scrubbed: CI GITHUB_ACTIONS
OSV-SCREEN {"schemaVersion":1,"kind":"direct","status":"clean","digest":"0d870a0486358dae46bc02a0b5d47eab75f8852cb6aa15b630d4bd74698c6293","specCount":1,"lockfiles":{"digest":null,"files":[]},"maliciousAdvisories":[],"screenedAt":"2026-08-29T18:18:04.206Z","cacheHit":false,"clearancePath":"/home/runner/v2-xj45CQ/security/direct.json"}
  SECURITY direct clean: 1 exact package-version(s), tree 0d870a048635
  VENUE-OBSERVE-USER {"uid":1001,"user":"runner","umask":"0022","capBnd":"000001ffffffffff","noNewPrivs":"0"}
  VENUE-NUB-BINARY {"path":"/tmp/nub/target/release/nub","sha256":"bed0d624b324fb3de83de474ff73731ad2f1fd040ff548bb0158e2baf850701d","bytes":208304640,"features":{"buildJailCatalogOverride":true,"pythonDontWriteBytecodeEnv":true}}
  ERA-RESOLUTION DATED 2015-02-16T19:22:15.229Z (deps as of the package's own publish date + 1d)
OSV-SCREEN {"schemaVersion":1,"kind":"npm-observe-resolved","status":"clean","digest":"497f78385d525802c4d4a23d99c8f24023f4cd53a3c81b7f1ae42bef1b3f239c","specCount":167,"lockfiles":{"digest":"c0d30dc1bcb6bb256e5ebed76457804d1e3a4634cbcf1cc3d0536fbe472f4507","files":[{"path":"package-lock.json","sha256":"7c387b09deeadb00f3786a5c6ab7fd77c9abff076ac3c67bc44499d286cb7222","bytes":69977}]},"maliciousAdvisories":[],"screenedAt":"2026-08-29T18:18:07.603Z","cacheHit":false,"clearancePath":"/home/runner/v2-xj45CQ/security/npm-observe-resolved.json"}
  SECURITY npm-observe-resolved clean: 167 exact package-version(s), tree 497f78385d52
  ARM-PATH SANITISED (nothing to drop)
  ARM-AMBIENT-TOOLS 8 leaked: tsc=/usr/local/bin/tsc rimraf=/home/runner/v2-xj45CQ/observe/node_modules/.bin/rimraf grunt=/usr/local/bin/grunt gulp=/usr/local/bin/gulp webpack=/usr/local/bin/webpack lerna=/usr/local/bin/lerna yarn=/usr/local/bin/yarn pulumi=/usr/local/bin/pulumi
  ARM-SCAFFOLD none
  ARM-UNPROVIDABLE none
  OBSERVE   rc=0 files=1237 trace=10334 lines
  CLOSURE   154 packages evicted per arm
  ARM-FALSIFIABILITY {"manifestFiles":51,"filesTheScriptProduced":44,"reasons":[]}
  RAWLOG-FILE /home/runner/v2-xj45CQ/observe/trace.txt.gz
  RAWLOG-CAPTURE /home/runner/v2-xj45CQ/observe/capture.json
  RAWLOG-BYTES raw=1417304 gz=60209
  VENUE-INTERPRETER /opt/hostedtoolcache/node/22.23.2/x64
  VENUE-NODE-SELECTION {"pkg":"flow-bin","packageVersion":"0.3.0","major":4,"version":"4.9.1","npm":"2.15.11","pinnable":true,"engines":">=0.10.0","publishedAt":"2015-02-15T19:22:15.229Z","eraMajor":0,"startMajor":4,"raisedByEngines":false,"enginesUnsatisfiable":false,"clampedToFloor":true,"clampedToCeiling":false,"matrixFloor":4,"matrixCeiling":26,"lookupFailure":null,"pinned":true,"pinnedBin":"/home/runner/.cache/nub/era-node/4.9.1/node-v4.9.1-linux-x64/bin","eraNodeRoot":"/home/runner/.cache/nub"}
  VENUE-OVERRIDES {"set":{"HOME":"/home/runner/v2-xj45CQ/jailhome","TMPDIR":"/tmp/nub-tmp-obs3TDhF0","NODE_COMPAT":"1","PLAYWRIGHT_BROWSERS_PATH":"/home/runner/.cache/nub/pm/tools/ms-playwright","ELECTRON_CACHE":"/home/runner/.cache/nub/pm/tools/electron-cache","electron_config_cache":"/home/runner/.cache/nub/pm/tools/electron-cache","npm_config_prefix":"/home/runner/.cache/nub/pm/tools/npm-prefix","PYTHONDONTWRITEBYTECODE":"1","NUB_CACHE_DIR":"/home/runner/v2-xj45CQ/nubcache"},"unset":["CI","GITHUB_ACTIONS"],"passedThrough":{"CI":"true","GITHUB_ACTIONS":"true","NODE_ENV":null}}
  == ATTRIBUTION == attributed pids: 28
    writes  script 75  /  whole traced tree 78
    sockets script 5  /  whole traced tree 5
  == ROOTS (from capture.json — R2: no ambient reads) ==
    project       /home/runner/v2-xj45CQ/observe
    home          /home/runner
    jailHome      /home/runner/v2-xj45CQ/jailhome
    globalStore   /home/runner/.cache/nub/pm/store   [declared, not keyed on]
    projectStore  /home/runner/v2-xj45CQ/observe/node_modules/.store   [declared, not keyed on]
    interpreter   /opt/hostedtoolcache/node/22.23.2/x64   [declared, not keyed on]
    toolsDir      /home/runner/.cache/nub/pm/tools   [declared, not keyed on]
    temp          /tmp/nub-tmp-obs3TDhF0
    npmPrefix     /home/runner/.cache/nub/pm/tools/npm-prefix
    ownPkg        /home/runner/v2-xj45CQ/observe/node_modules/flow-bin
  == WRITES the script actually performed ==
    ownPkg       67  (base profile already grants this — NOT billed)
        /home/runner/v2-xj45CQ/observe/node_modules/flow-bin/vendor
        /home/runner/v2-xj45CQ/observe/node_modules/flow-bin/vendor/examples
        /home/runner/v2-xj45CQ/observe/node_modules/flow-bin/vendor/examples/01_HelloWorld
        /home/runner/v2-xj45CQ/observe/node_modules/flow-bin/vendor/examples/01_HelloWorld/.flowconfig
        /home/runner/v2-xj45CQ/observe/node_modules/flow-bin/vendor/examples/01_HelloWorld/answer
        /home/runner/v2-xj45CQ/observe/node_modules/flow-bin/vendor/examples/01_HelloWorld/answer/hello.js
        /home/runner/v2-xj45CQ/observe/node_modules/flow-bin/vendor/examples/01_HelloWorld/hello.js
        /home/runner/v2-xj45CQ/observe/node_modules/flow-bin/vendor/examples/02_TypeAnnotations
        /home/runner/v2-xj45CQ/observe/node_modules/flow-bin/vendor/examples/02_TypeAnnotations/.flowconfig
        /home/runner/v2-xj45CQ/observe/node_modules/flow-bin/vendor/examples/02_TypeAnnotations/answer
        … and 57 more
    jailTmp       8  (base profile already grants this — NOT billed)
        /tmp/nub-tmp-obs3TDhF0/flow_runner
        /tmp/nub-tmp-obs3TDhF0/flow_runner/flowlib_e988ab7
        /tmp/nub-tmp-obs3TDhF0/flow_runner/flowlib_e988ab7/lib
        /tmp/nub-tmp-obs3TDhF0/flow_runner/flowlib_e988ab7/lib/bom.js
        /tmp/nub-tmp-obs3TDhF0/flow_runner/flowlib_e988ab7/lib/core.js
        /tmp/nub-tmp-obs3TDhF0/flow_runner/flowlib_e988ab7/lib/dom.js
        /tmp/nub-tmp-obs3TDhF0/flow_runner/flowlib_e988ab7/lib/node.js
        /tmp/nub-tmp-obs3TDhF0/flow_runner/flowlib_e988ab7/lib/react.js
  == NETWORK ==
    AF_INET sockets: 5   distinct peers: 2
        127.0.0.53:53
        140.82.114.3:443
  == REFUSALS (only `= -1 EACCES/EPERM/EROFS`) ==
    distinct: 1
        execve /
  == SYNTHESIZED GRANT (verify this in the real unprivileged jail) ==
    {"network":true}
  == writePaths (DERIVED — promotion out of the package's PRIVATE home) ==
    private-home writes observed: 0
    none declared — the script wrote nothing into its private home — there is nothing to promote
  == writePaths FEASIBILITY (distinct writes outside project/deps) ==
    count: 0
    EVENTS    6474 distinct from 9202 calls (10335 lines, 1081 rejoined, 0 unparsed)
    PROCS     35   lifecycle shells 23
    ⛔ 3 paths with an UNRESOLVED dirfd — kept, marked, never guessed
    unsubscribed/unmapped syscalls: wait4×21 exit_group×17 exit×16 recvmsg×9 getcwd×7 getsockname×7 socketpair×3 setsockopt×2
    wrote /home/runner/v2-xj45CQ/observe/events.ndjson.gz (36091 bytes)
  EVENTLOG-FILE /home/runner/v2-xj45CQ/observe/events.ndjson.gz
  EVENTLOG-STATS {"lines":10335,"parsed":9202,"unparsed":0,"unfinished":1081,"rejoined":1081,"unresolvedDirfd":3,"truncatedArg":0,"procs":35,"lifecyclePids":23,"distinctEvents":6474,"unknownSyscall":{"exit_group":17,"wait4":21,"getcwd":7,"getsockname":7,"recvmsg":9,"setsockopt":2,"sendmmsg":2,"getsockopt":2,"socketpair":3,"exit":16},"out":"/home/runner/v2-xj45CQ/observe/events.ndjson.gz","gzipBytes":36091}
  EVICT     44 store entries removed, 64 spared as nub tooling
  SE-PURGE  0 side-effects-cache entries for flow-bin
OSV-SCREEN {"schemaVersion":1,"kind":"nub-synth-resolved","status":"clean","digest":"4e6ec33f10e00976644c038905ac8838f0d3358e421d53afc768e1423b4ba78e","specCount":276,"lockfiles":{"digest":"1923c538ba0c403caff466e02697afa3d1eb166746b98931e1d407029315178a","files":[{"path":"nub.lock","sha256":"c89b09b42bab242dd656c820ab49e3bbcdfe7c2a781d0c0e54d04a682c861019","bytes":66547}]},"maliciousAdvisories":[],"screenedAt":"2026-08-29T18:18:13.285Z","cacheHit":false,"clearancePath":"/home/runner/v2-xj45CQ/security/nub-synth-resolved.json"}
  SECURITY nub-synth-resolved clean: 276 exact package-version(s), tree 4e6ec33f10e0
  VENUE-STORE-LAYOUT isolated
  VERIFY[synth] rc=1 artifacts=7/51 missing=44 shortfall=05f417030a1a (tree 7574/1237) OVERRIDDEN=3 REJECTED=0 grant={"network":true}
       missing: vendor/examples/01_HelloWorld/.flowconfig, vendor/examples/01_HelloWorld/answer/hello.js, vendor/examples/01_HelloWorld/hello.js, vendor/examples/02_TypeAnnotations/.flowconfig, vendor/examples/02_TypeAnnotations/answer/type_annotations.js, vendor/examples/02_TypeAnnotations/type_annotations.js (+38)
     [synth/i] DEBUG final message final_message=; header 20022:QUERY:RD:NoError:QUERY
     [synth/i] DEBUG final message final_message=; header 36564:QUERY:RD:NoError:QUERY
     [synth/i] DEBUG final message final_message=; header 52795:QUERY:RD:NoError:QUERY
     [synth/i] DEBUG final message final_message=; header 44288:QUERY:RD:NoError:QUERY
     [synth/i] DEBUG response: ; header 36564:RESPONSE:RD,RA:NoError:QUERY
     [synth/i] DEBUG response: ; header 36564:RESPONSE:RD,RA:NoError:QUERY
     [synth/i] DEBUG response: ; header 52795:RESPONSE:RD,RA:NoError:QUERY
     [synth/i] DEBUG response: ; header 52795:RESPONSE:RD,RA:NoError:QUERY
     [synth/i] DEBUG response: ; header 44288:RESPONSE:RD,RA:NoError:QUERY
     [synth/i] DEBUG response: ; header 44288:RESPONSE:RD,RA:NoError:QUERY
     [synth/i] DEBUG response: ; header 20022:RESPONSE:RD,RA:NoError:QUERY
     [synth/i] DEBUG response: ; header 20022:RESPONSE:RD,RA:NoError:QUERY
     [synth/a] DEBUG final message final_message=; header 14878:QUERY:RD:NoError:QUERY
     [synth/a] DEBUG final message final_message=; header 19128:QUERY:RD:NoError:QUERY
     [synth/a] DEBUG final message final_message=; header 17803:QUERY:RD:NoError:QUERY
     [synth/a] DEBUG final message final_message=; header 25874:QUERY:RD:NoError:QUERY
     [synth/a] DEBUG response: ; header 19128:RESPONSE:RD,RA:NoError:QUERY
     [synth/a] DEBUG response: ; header 19128:RESPONSE:RD,RA:NoError:QUERY
     [synth/a] DEBUG response: ; header 25874:RESPONSE:RD,RA:NoError:QUERY
     [synth/a] DEBUG response: ; header 25874:RESPONSE:RD,RA:NoError:QUERY
     [synth/a] DEBUG response: ; header 14878:RESPONSE:RD,RA:NoError:QUERY
     [synth/a] DEBUG response: ; header 14878:RESPONSE:RD,RA:NoError:QUERY
     [synth/a] DEBUG response: ; header 17803:RESPONSE:RD,RA:NoError:QUERY
     [synth/a] DEBUG response: ; header 17803:RESPONSE:RD,RA:NoError:QUERY
  DIAGNOSE  ZERO filesystem refusals under the failing grant.
     ⇒ the missing capability is NOT a path this tracer covers — look at the network axis,
       or a resource class strace's file+network filter does not carry.
  synthesized grant did not verify — falling back to a bounded ladder
  EVICT     134 store entries removed, 65 spared as nub tooling
  SE-PURGE  0 side-effects-cache entries for flow-bin
OSV-SCREEN {"schemaVersion":1,"kind":"nub-fb2126003217-resolved","status":"clean","digest":"4e6ec33f10e00976644c038905ac8838f0d3358e421d53afc768e1423b4ba78e","specCount":276,"lockfiles":{"digest":"1923c538ba0c403caff466e02697afa3d1eb166746b98931e1d407029315178a","files":[{"path":"nub.lock","sha256":"c89b09b42bab242dd656c820ab49e3bbcdfe7c2a781d0c0e54d04a682c861019","bytes":66547}]},"maliciousAdvisories":[],"screenedAt":"2026-08-29T18:18:13.285Z","cacheHit":true,"clearancePath":"/home/runner/v2-xj45CQ/security/nub-fb2126003217-resolved.json"}
  SECURITY nub-fb2126003217-resolved clean: 276 exact package-version(s), tree 4e6ec33f10e0 (cached exact-tree clearance)
  VERIFY[fb2126003217] rc=1 artifacts=7/51 missing=44 shortfall=05f417030a1a (tree 7574/1237) OVERRIDDEN=3 REJECTED=0 grant={"write":{"deps":true,"project":true,"userHome":true},"network":true}
       missing: vendor/examples/01_HelloWorld/.flowconfig, vendor/examples/01_HelloWorld/answer/hello.js, vendor/examples/01_HelloWorld/hello.js, vendor/examples/02_TypeAnnotations/.flowconfig, vendor/examples/02_TypeAnnotations/answer/type_annotations.js, vendor/examples/02_TypeAnnotations/type_annotations.js (+38)
     [fb2126003217/i] DEBUG final message final_message=; header 9013:QUERY:RD:NoError:QUERY
     [fb2126003217/i] DEBUG final message final_message=; header 19901:QUERY:RD:NoError:QUERY
     [fb2126003217/i] DEBUG final message final_message=; header 39717:QUERY:RD:NoError:QUERY
     [fb2126003217/i] DEBUG final message final_message=; header 32260:QUERY:RD:NoError:QUERY
     [fb2126003217/i] DEBUG response: ; header 32260:RESPONSE:RD,RA:NoError:QUERY
     [fb2126003217/i] DEBUG response: ; header 32260:RESPONSE:RD,RA:NoError:QUERY
     [fb2126003217/i] DEBUG response: ; header 9013:RESPONSE:RD,RA:NoError:QUERY
     [fb2126003217/i] DEBUG response: ; header 9013:RESPONSE:RD,RA:NoError:QUERY
     [fb2126003217/i] DEBUG response: ; header 19901:RESPONSE:RD,RA:NoError:QUERY
     [fb2126003217/i] DEBUG response: ; header 39717:RESPONSE:RD,RA:NoError:QUERY
     [fb2126003217/i] DEBUG response: ; header 19901:RESPONSE:RD,RA:NoError:QUERY
     [fb2126003217/i] DEBUG response: ; header 39717:RESPONSE:RD,RA:NoError:QUERY
     [fb2126003217/a] SyntaxError: Unexpected token ...
  EVICT     134 store entries removed, 65 spared as nub tooling
  SE-PURGE  0 side-effects-cache entries for flow-bin
OSV-SCREEN {"schemaVersion":1,"kind":"nub-fb3938809772-resolved","status":"clean","digest":"4e6ec33f10e00976644c038905ac8838f0d3358e421d53afc768e1423b4ba78e","specCount":276,"lockfiles":{"digest":"1923c538ba0c403caff466e02697afa3d1eb166746b98931e1d407029315178a","files":[{"path":"nub.lock","sha256":"c89b09b42bab242dd656c820ab49e3bbcdfe7c2a781d0c0e54d04a682c861019","bytes":66547}]},"maliciousAdvisories":[],"screenedAt":"2026-08-29T18:18:13.285Z","cacheHit":true,"clearancePath":"/home/runner/v2-xj45CQ/security/nub-fb3938809772-resolved.json"}
  SECURITY nub-fb3938809772-resolved clean: 276 exact package-version(s), tree 4e6ec33f10e0 (cached exact-tree clearance)
  VERIFY[fb3938809772] rc=1 artifacts=7/51 missing=44 shortfall=05f417030a1a (tree 7574/1237) OVERRIDDEN=3 REJECTED=0 grant={"write":{"deps":true,"project":true,"userHome":true},"read":"disk","network":true}
       missing: vendor/examples/01_HelloWorld/.flowconfig, vendor/examples/01_HelloWorld/answer/hello.js, vendor/examples/01_HelloWorld/hello.js, vendor/examples/02_TypeAnnotations/.flowconfig, vendor/examples/02_TypeAnnotations/answer/type_annotations.js, vendor/examples/02_TypeAnnotations/type_annotations.js (+38)
     [fb3938809772/i] DEBUG final message final_message=; header 36850:QUERY:RD:NoError:QUERY
     [fb3938809772/i] DEBUG final message final_message=; header 19041:QUERY:RD:NoError:QUERY
     [fb3938809772/i] DEBUG final message final_message=; header 44131:QUERY:RD:NoError:QUERY
     [fb3938809772/i] DEBUG final message final_message=; header 45254:QUERY:RD:NoError:QUERY
     [fb3938809772/i] DEBUG response: ; header 19041:RESPONSE:RD,RA:NoError:QUERY
     [fb3938809772/i] DEBUG response: ; header 19041:RESPONSE:RD,RA:NoError:QUERY
     [fb3938809772/i] DEBUG response: ; header 36850:RESPONSE:RD,RA:NoError:QUERY
     [fb3938809772/i] DEBUG response: ; header 36850:RESPONSE:RD,RA:NoError:QUERY
     [fb3938809772/i] DEBUG response: ; header 44131:RESPONSE:RD,RA:NoError:QUERY
     [fb3938809772/i] DEBUG response: ; header 44131:RESPONSE:RD,RA:NoError:QUERY
     [fb3938809772/i] DEBUG response: ; header 45254:RESPONSE:RD,RA:NoError:QUERY
     [fb3938809772/i] DEBUG response: ; header 45254:RESPONSE:RD,RA:NoError:QUERY
     [fb3938809772/a] SyntaxError: Unexpected token ...
  EVICT     134 store entries removed, 65 spared as nub tooling
  SE-PURGE  0 side-effects-cache entries for flow-bin
OSV-SCREEN {"schemaVersion":1,"kind":"nub-fb2742342390-resolved","status":"clean","digest":"4e6ec33f10e00976644c038905ac8838f0d3358e421d53afc768e1423b4ba78e","specCount":276,"lockfiles":{"digest":"1923c538ba0c403caff466e02697afa3d1eb166746b98931e1d407029315178a","files":[{"path":"nub.lock","sha256":"c89b09b42bab242dd656c820ab49e3bbcdfe7c2a781d0c0e54d04a682c861019","bytes":66547}]},"maliciousAdvisories":[],"screenedAt":"2026-08-29T18:18:13.285Z","cacheHit":true,"clearancePath":"/home/runner/v2-xj45CQ/security/nub-fb2742342390-resolved.json"}
  SECURITY nub-fb2742342390-resolved clean: 276 exact package-version(s), tree 4e6ec33f10e0 (cached exact-tree clearance)
  VERIFY[fb2742342390] rc=1 artifacts=7/51 missing=44 shortfall=05f417030a1a (tree 7574/1237) OVERRIDDEN=3 REJECTED=0 grant={"write":"disk","network":true}
       missing: vendor/examples/01_HelloWorld/.flowconfig, vendor/examples/01_HelloWorld/answer/hello.js, vendor/examples/01_HelloWorld/hello.js, vendor/examples/02_TypeAnnotations/.flowconfig, vendor/examples/02_TypeAnnotations/answer/type_annotations.js, vendor/examples/02_TypeAnnotations/type_annotations.js (+38)
     [fb2742342390/i] DEBUG final message final_message=; header 31420:QUERY:RD:NoError:QUERY
     [fb2742342390/i] DEBUG final message final_message=; header 64219:QUERY:RD:NoError:QUERY
     [fb2742342390/i] DEBUG final message final_message=; header 47252:QUERY:RD:NoError:QUERY
     [fb2742342390/i] DEBUG final message final_message=; header 42217:QUERY:RD:NoError:QUERY
     [fb2742342390/i] DEBUG response: ; header 31420:RESPONSE:RD,RA:NoError:QUERY
     [fb2742342390/i] DEBUG response: ; header 31420:RESPONSE:RD,RA:NoError:QUERY
     [fb2742342390/i] DEBUG response: ; header 64219:RESPONSE:RD,RA:NoError:QUERY
     [fb2742342390/i] DEBUG response: ; header 64219:RESPONSE:RD,RA:NoError:QUERY
     [fb2742342390/i] DEBUG response: ; header 47252:RESPONSE:RD,RA:NoError:QUERY
     [fb2742342390/i] DEBUG response: ; header 47252:RESPONSE:RD,RA:NoError:QUERY
     [fb2742342390/i] DEBUG response: ; header 42217:RESPONSE:RD,RA:NoError:QUERY
     [fb2742342390/i] DEBUG response: ; header 42217:RESPONSE:RD,RA:NoError:QUERY
     [fb2742342390/a] SyntaxError: Unexpected token ...
  NOT-GRANT-INDEPENDENT every arm exited non-zero — nothing installed at any grant
  jail-off control: resolved as nspjailoffcontrol (rc=0)
OSV-SCREEN {"schemaVersion":1,"kind":"nub-unjailed-resolved","status":"clean","digest":"4e6ec33f10e00976644c038905ac8838f0d3358e421d53afc768e1423b4ba78e","specCount":276,"lockfiles":{"digest":"1923c538ba0c403caff466e02697afa3d1eb166746b98931e1d407029315178a","files":[{"path":"nub.lock","sha256":"c89b09b42bab242dd656c820ab49e3bbcdfe7c2a781d0c0e54d04a682c861019","bytes":66547}]},"maliciousAdvisories":[],"screenedAt":"2026-08-29T18:18:13.285Z","cacheHit":true,"clearancePath":"/home/runner/v2-xj45CQ/security/nub-unjailed-resolved.json"}
  SECURITY nub-unjailed-resolved clean: 276 exact package-version(s), tree 4e6ec33f10e0 (cached exact-tree clearance)
  jail-off control: nub failed with the jail OFF; asking npm before naming a culprit
    |   flow-bin@0.3.0
    |   spawn-sync@1.0.15
    | warning: flow-bin build scripts are running without the build sandbox (install.buildJail is false in nub.jsonc)
    | warning: spawn-sync build scripts are running without the build sandbox (install.buildJail is false in nub.jsonc)
    | /home/runner/.cache/nub/pm/store/psl@1.15.0-2f9ec0a830a560da/node_modules/psl/dist/psl.cjs:1
    | (function (exports, require, module, __filename, __dirname) { "use strict";Object.defineProperties(exports,{__esModule:{value:!0},[Symbol.toStringTag]:{value:"Module"}});function K(e){return e&&e.__esModule&&Object.prototype.hasOwnProperty.call(e,"default")?e.default:e}var O,F;function Q(){if(F)return O;F=1;const e=2147483647,s=36,c=1,o=26,t=38,d=700,z=72,y=128,g="-",P=/^xn--/,V=/[^\0-\x7F]/,G=/[\x2E\u3002\uFF0E\uFF61]/g,W={overflow:"Overflow: input needs wider integers to process","not-basic":"Illegal input >= 0x80 (not a basic code point)","invalid-input":"Invalid input"},C=s-c,h=Math.floor,I=String.fromCharCode;function v(a){throw new RangeError(W[a])}function U(a,i){const m=[];let n=a.length;for(;n--;)m[n]=i(a[n]);return m}function S(a,i){const m=a.split("@");let n="";m.length>1&&(n=m[0]+"@",a=m[1]),a=a.replace(G,".");const r=a.split("."),p=U(r,i).join(".");return n+p}function L(a){const i=[];let m=0;const n=a.l
    | SyntaxError: Unexpected token ...
    |     at exports.runInThisContext (vm.js:53:16)
    |     at Module._compile (module.js:373:25)
    |     at Object.Module._extensions..js (module.js:416:10)
    |     at Module.load (module.js:343:32)
    |     at Function.Module._load (module.js:300:12)
    |     at Module.require (module.js:353:17)
    |     at require (internal/module.js:12:17)
    |     at Object.<anonymous> (/home/runner/.cache/nub/pm/store/tough-cookie@2.5.0-999edf9b5e6f617d/node_modules/tough-cookie/lib/pubsuffix-psl.js:32:11)
    |     at Module._compile (module.js:409:26)
    |     at Object.Module._extensions..js (module.js:416:10)
    |   × lifecycle script postinstall failed for flow-bin@0.3.0: script
    |   │ `postinstall` exited with code 1
OSV-SCREEN {"schemaVersion":1,"kind":"npm-fallback-resolved","status":"clean","digest":"1d99918fcff3f28e383354aa42b6fa715cbcc4bbf9b9ccb96068ef9bb301f9c8","specCount":277,"lockfiles":{"digest":null,"files":[]},"maliciousAdvisories":[],"screenedAt":"2026-08-29T18:18:39.972Z","cacheHit":false,"clearancePath":"/home/runner/v2-xj45CQ/security/npm-fallback-resolved.json"}
  SECURITY npm-fallback-resolved clean: 277 exact package-version(s), tree 1d99918fcff3
  NPM-REFERENCE rebuild rc=1 for flow-bin@0.3.0 (era 4.9.1)
    | npm ERR! node v4.9.1
    | npm ERR! npm  v2.15.11
    | npm ERR! code ELIFECYCLE
    | npm ERR! flow-bin@0.3.0 postinstall: `node lib/install.js`
    | npm ERR! Exit status 1
    | npm ERR! 
    | npm ERR! Failed at the flow-bin@0.3.0 postinstall script 'node lib/install.js'.
    | npm ERR! This is most likely a problem with the flow-bin package,
    | npm ERR! not with npm itself.
    | npm ERR! Tell the author that this fails on your system:
    | npm ERR!     node lib/install.js
    | npm ERR! You can get information on how to open an issue for this project with:
    | npm ERR!     npm bugs flow-bin
    | npm ERR! Or if that isn't available, you can get their info via:
    | npm ERR! 
    | npm ERR!     npm owner ls flow-bin
    | npm ERR! There is likely additional logging output above.
    | 
    | npm ERR! Please include the following file with any support request:
    | npm ERR!     /tmp/nspnpm-x3t7So/npm-debug.log
  jail-off control: neither nub nor npm installs this unjailed; nothing to measure
  => BROKEN-WITHOUT-JAIL-TOO
