### jotai-devtools@0.5.1   (D:\jail\m-jotaidevtools-mtt5bkuq)
  CI-ENV scrubbed: CI GITHUB_ACTIONS
OSV-SCREEN {"schemaVersion":1,"kind":"direct","status":"clean","digest":"a3b2998a3ff36baebaee73b751283fdbd386b958b494ba5e984fb60d25a44288","specCount":1,"lockfiles":{"digest":null,"files":[]},"maliciousAdvisories":[],"screenedAt":"2026-09-08T20:52:35.598Z","cacheHit":false,"clearancePath":"D:\\jail\\m-jotaidevtools-mtt5bkuq\\security\\direct.json"}
  SECURITY direct clean: 1 exact package-version(s), tree a3b2998a3ff3
OSV-SCREEN {"schemaVersion":1,"kind":"npm-observe-resolved","status":"clean","digest":"bf4058ad2d3a1af506b21773d594c07b00ad0213fa825059c0876806eaa96b06","specCount":134,"lockfiles":{"digest":"96cf68f1f13cbf7a62fab1f9390795526216d1c4c8e5e99e90097764daab08e2","files":[{"path":"package-lock.json","sha256":"ca6d6ab0cd6a1c996e705f5b42571a890482fd94191b3cc36500201e82b0608b","bytes":60171}]},"maliciousAdvisories":[],"screenedAt":"2026-09-08T20:53:14.206Z","cacheHit":false,"clearancePath":"D:\\jail\\m-jotaidevtools-mtt5bkuq\\security\\npm-observe-resolved.json"}
  SECURITY npm-observe-resolved clean: 134 exact package-version(s), tree bf4058ad2d3a
  CAPTURE user=runnervmeef0v\runneradmin elevated=True rootPid=4308 exit=0 events=70098 lost=0
  VENUE-OBSERVE-USER runnervmeef0v\runneradmin elevated=true privDropped={"SeBackupPrivilege":"removed","SeRestorePrivilege":"removed","SeTakeOwnershipPrivilege":"removed"}
  OBSERVE artifacts: 25 files  (D:\jail\m-jotaidevtools-mtt5bkuq\observe\node_modules\jotai-devtools)
  ARM-FALSIFIABILITY {"manifestFiles":25,"filesTheScriptProduced":0,"reasons":["gate-vacuous"]}
  ⛔ ARMS-UNFALSIFIABLE — a green arm for this package carries no evidence:
       gate-vacuous: the script changed no file the artifact gate keys on — every file in the manifest (25) was already present at its final size before the script ran, so the gate passes in every arm including a completely broken one
       The grant may still be correct; what is missing is a signal that could have gone
       red. Do not read this record's MINIMAL as a passing measurement.
  CLOSURE 119 packages evicted per arm
  8.3 MAP 0 components resolved on runnervmeef0v, folded into capture.json
  == ROOTS (from capture.json — R2: no ambient reads) ==
    project       D:\jail\m-jotaidevtools-mtt5bkuq\observe   [keyed on]
    home          C:\Users\runneradmin   [keyed on]
    jailHome      (null — declared inapplicable)
    globalStore   C:\Users\runneradmin\AppData\Local\nub\pm\store
    projectStore  D:\jail\m-jotaidevtools-mtt5bkuq\observe\node_modules\.store
    interpreter   C:\hostedtoolcache\windows\node\22.23.2\x64\node.exe
    toolsDir      C:\Users\runneradmin\AppData\Local\nub\pm\tools
    temp          D:\jail\m-jotaidevtools-mtt5bkuq\tmp   [keyed on]
    npmPrefix     (null — declared inapplicable)
    ownPkg        D:\jail\m-jotaidevtools-mtt5bkuq\observe\node_modules\jotai-devtools
  == ATTRIBUTION == lifecycle pids: 6 (root 4308)
    writes  script 66  /  whole traced tree 73
    peers   script 1  /  whole traced tree 1
  == WRITES ==
    outside      48
        d:\jail\m-jotaidevtools-mtt5bkuq\npm-cache\_logs\2026-09-08t20_53_17_679z-debug-0.log
        d:\jail\m-jotaidevtools-mtt5bkuq\npm-cache\_cacache\tmp\148b92fc
        d:\jail\m-jotaidevtools-mtt5bkuq\npm-cache\_cacache\content-v2\sha512\2c\fe
        d:\jail\m-jotaidevtools-mtt5bkuq\npm-cache\_cacache\content-v2\sha512\2c\fe\9f205c0cc4dd708b31360783f9cd646626591ba9b023720771588dc52a8fdda4c3bbeb413487fff8f024126556fea516e5a95c384e2057751293e57e1622
        d:\jail\m-jotaidevtools-mtt5bkuq\npm-cache\_cacache\index-v5\8a\a3
        d:\jail\m-jotaidevtools-mtt5bkuq\npm-cache\_cacache\index-v5\8a\a3\1235b179867bbebf4c1677a8ebc095929882f519156b90e89ff4b9da9bf2
        d:\jail\m-jotaidevtools-mtt5bkuq\npm-cache\_npx
        d:\jail\m-jotaidevtools-mtt5bkuq\npm-cache\_npx\0b83cd9ca5e1325c
        d:\jail\m-jotaidevtools-mtt5bkuq\npm-cache\_cacache\tmp\9d80f182
        d:\jail\m-jotaidevtools-mtt5bkuq\npm-cache\_cacache\tmp\39999f61
        d:\jail\m-jotaidevtools-mtt5bkuq\npm-cache\_cacache\content-v2\sha512\47
        d:\jail\m-jotaidevtools-mtt5bkuq\npm-cache\_cacache\content-v2\sha512\47\fa
    jailTmp      18
  == READS ==
    deps         25
    outside    1531
    project       2
    systemfs     34
    jailTmp     548
  == NETWORK ==
    distinct peers: 1
        104.16.11.34:443
  == REFUSALS (adapter-classified) ==
    distinct: 0
  == SYNTHESIZED GRANT (verify this in the real unprivileged jail) ==
    {"network":true}
    NOTE 18 writes into the DECLARED private temp -- the base profile grants
         that directory unconditionally (preset.rs `$tmp`=rw), so they widen nothing.
    !! 48 writes OUTSIDE project/home -- no scope covers these; inspect before granting
  RAW       etw-raw.xml.gz  90464459 B xml -> 1417857 B gz (63.8x)  sha256 95bdb67345a618ee…
  HEADER    etw-header.json (5105 bytes)
  DERIVED   15373 distinct from 19314 kept ops (70098 xml events, 10390 out of subtree)
  PROCS     8   thread-reattributed 0
  ⛔ 6 operations with NO OperationEnd — kept, status marked unknown
  8.3       0 expanded, 0 kept short, 0 not covered  [map: recorded 8.3 map (0 components, resolved on runnervmeef0v)]
  wrote events.ndjson.gz (189884 bytes)
  RAWLOG-CAPTURE D:\jail\m-jotaidevtools-mtt5bkuq\cap\capture.json
  VENUE-NUB-BINARY {"path":"C:/Users/RUNNER~1/AppData/Local/Temp/nub/target/release/nub.exe","sha256":"f186817a44be332fee712b4936a071a0b5f9cde18a1d2fdc3a791729d4bf1005","bytes":68717056,"features":{"buildJailCatalogOverride":true,"pythonDontWriteBytecodeEnv":true}}
  VENUE-INTERPRETER C:\hostedtoolcache\windows\node\22.23.2\x64\node.exe
  VENUE-JAIL-ROOT D:\jail\m-jotaidevtools-mtt5bkuq
  VENUE-OVERRIDES {"set":{"npm_config_cache":"D:\\jail\\m-jotaidevtools-mtt5bkuq\\npm-cache","TMP":"D:\\jail\\m-jotaidevtools-mtt5bkuq\\tmp","TEMP":"D:\\jail\\m-jotaidevtools-mtt5bkuq\\tmp","TMPDIR":"D:\\jail\\m-jotaidevtools-mtt5bkuq\\tmp"},"unset":["CI","GITHUB_ACTIONS"],"notRedirected":{"USERPROFILE":"C:\\Users\\runneradmin","why":"the jail leaves HOME/USERPROFILE alone — `build_jail.rs` sandbox_homes() reads the ambient value and `compiler/defaults.rs` BASELINE_ENV_EXACT passes it through — so there is no private jail home to reproduce and redirecting one would measure an environment no confined script sees"},"passedThrough":{"CI":"true","GITHUB_ACTIONS":"true","NODE_ENV":null}}
  STORE   isolated virtual store at D:\jail\m-jotaidevtools-mtt5bkuq\verify-synth\.cache
  VENUE-STORE-LAYOUT isolated
OSV-SCREEN {"schemaVersion":1,"kind":"nub-synth-resolved","status":"clean","digest":"081bf774a607e825d506920d01e8c856addc8ae324c89e959b5c07d6f6e9be83","specCount":135,"lockfiles":{"digest":"06679b23a7288aadf82adce2418024144bd3882852f430d15076c722741078e3","files":[{"path":"nub.lock","sha256":"45a0c2e2ca18b67a924aa0737b89f5a42986fcc337203216ead375d3f285d687","bytes":41693}]},"maliciousAdvisories":[],"screenedAt":"2026-09-08T20:54:36.542Z","cacheHit":false,"clearancePath":"D:\\jail\\m-jotaidevtools-mtt5bkuq\\security\\nub-synth-resolved.json"}
  SECURITY nub-synth-resolved clean: 135 exact package-version(s), tree 081bf774a607
  VERIFY[synth] rc=1 artifacts=25/25 missing=0 shortfall=none (tree 46526/36697) OVERRIDDEN=2 REJECTED=0 grant={"network":true}
  synthesized grant did not verify -- falling back to a bounded ladder
  STORE   isolated virtual store at D:\jail\m-jotaidevtools-mtt5bkuq\verify-fb0\.cache
OSV-SCREEN {"schemaVersion":1,"kind":"nub-fb0-resolved","status":"clean","digest":"081bf774a607e825d506920d01e8c856addc8ae324c89e959b5c07d6f6e9be83","specCount":135,"lockfiles":{"digest":"06679b23a7288aadf82adce2418024144bd3882852f430d15076c722741078e3","files":[{"path":"nub.lock","sha256":"45a0c2e2ca18b67a924aa0737b89f5a42986fcc337203216ead375d3f285d687","bytes":41693}]},"maliciousAdvisories":[],"screenedAt":"2026-09-08T20:54:36.542Z","cacheHit":true,"clearancePath":"D:\\jail\\m-jotaidevtools-mtt5bkuq\\security\\nub-fb0-resolved.json"}
  SECURITY nub-fb0-resolved clean: 135 exact package-version(s), tree 081bf774a607 (cached exact-tree clearance)
  VERIFY[fb0] rc=0 artifacts=25/25 missing=0 shortfall=none (tree 46526/36697) OVERRIDDEN=2 REJECTED=0 grant={"write":{"deps":true,"project":true,"userHome":true},"network":true}
  => MINIMUM {"write":{"deps":true,"project":true,"userHome":true},"network":true}   (ladder fallback; synthesized grant was insufficient)
  !! OBSERVE UNDER-PREDICTED -- the gap between {"network":true} and this is what the trace missed
  STORE   isolated virtual store at D:\jail\m-jotaidevtools-mtt5bkuq\verify-nar-no-network\.cache
OSV-SCREEN {"schemaVersion":1,"kind":"nub-nar-no-network-resolved","status":"clean","digest":"081bf774a607e825d506920d01e8c856addc8ae324c89e959b5c07d6f6e9be83","specCount":135,"lockfiles":{"digest":"06679b23a7288aadf82adce2418024144bd3882852f430d15076c722741078e3","files":[{"path":"nub.lock","sha256":"45a0c2e2ca18b67a924aa0737b89f5a42986fcc337203216ead375d3f285d687","bytes":41693}]},"maliciousAdvisories":[],"screenedAt":"2026-09-08T20:54:36.542Z","cacheHit":true,"clearancePath":"D:\\jail\\m-jotaidevtools-mtt5bkuq\\security\\nub-nar-no-network-resolved.json"}
  SECURITY nub-nar-no-network-resolved clean: 135 exact package-version(s), tree 081bf774a607 (cached exact-tree clearance)
  VERIFY[nar-no-network] rc=1 artifacts=25/25 missing=0 shortfall=none (tree 46526/36697) OVERRIDDEN=2 REJECTED=0 grant={"write":{"deps":true,"project":true,"userHome":true}}
     'no-network' is NECESSARY — dropping it fails to verify
  STORE   isolated virtual store at D:\jail\m-jotaidevtools-mtt5bkuq\verify-nar-no-write-deps\.cache
OSV-SCREEN {"schemaVersion":1,"kind":"nub-nar-no-write-deps-resolved","status":"clean","digest":"081bf774a607e825d506920d01e8c856addc8ae324c89e959b5c07d6f6e9be83","specCount":135,"lockfiles":{"digest":"06679b23a7288aadf82adce2418024144bd3882852f430d15076c722741078e3","files":[{"path":"nub.lock","sha256":"45a0c2e2ca18b67a924aa0737b89f5a42986fcc337203216ead375d3f285d687","bytes":41693}]},"maliciousAdvisories":[],"screenedAt":"2026-09-08T20:54:36.542Z","cacheHit":true,"clearancePath":"D:\\jail\\m-jotaidevtools-mtt5bkuq\\security\\nub-nar-no-write-deps-resolved.json"}
  SECURITY nub-nar-no-write-deps-resolved clean: 135 exact package-version(s), tree 081bf774a607 (cached exact-tree clearance)
  VERIFY[nar-no-write-deps] rc=0 artifacts=25/25 missing=0 shortfall=none (tree 46526/36697) OVERRIDDEN=2 REJECTED=0 grant={"write":{"project":true,"userHome":true},"network":true}
     ⛔ OVER-PREDICTED — the strictly narrower {"write":{"project":true,"userHome":true},"network":true} also verifies; 'no-write-deps' was not needed
  STORE   isolated virtual store at D:\jail\m-jotaidevtools-mtt5bkuq\verify-nar-no-write-project\.cache
OSV-SCREEN {"schemaVersion":1,"kind":"nub-nar-no-write-project-resolved","status":"clean","digest":"081bf774a607e825d506920d01e8c856addc8ae324c89e959b5c07d6f6e9be83","specCount":135,"lockfiles":{"digest":"06679b23a7288aadf82adce2418024144bd3882852f430d15076c722741078e3","files":[{"path":"nub.lock","sha256":"45a0c2e2ca18b67a924aa0737b89f5a42986fcc337203216ead375d3f285d687","bytes":41693}]},"maliciousAdvisories":[],"screenedAt":"2026-09-08T20:54:36.542Z","cacheHit":true,"clearancePath":"D:\\jail\\m-jotaidevtools-mtt5bkuq\\security\\nub-nar-no-write-project-resolved.json"}
  SECURITY nub-nar-no-write-project-resolved clean: 135 exact package-version(s), tree 081bf774a607 (cached exact-tree clearance)
  VERIFY[nar-no-write-project] rc=0 artifacts=25/25 missing=0 shortfall=none (tree 46526/36697) OVERRIDDEN=2 REJECTED=0 grant={"write":{"deps":true,"userHome":true},"network":true}
     ⛔ OVER-PREDICTED — the strictly narrower {"write":{"deps":true,"userHome":true},"network":true} also verifies; 'no-write-project' was not needed
  STORE   isolated virtual store at D:\jail\m-jotaidevtools-mtt5bkuq\verify-nar-no-write-userHome\.cache
OSV-SCREEN {"schemaVersion":1,"kind":"nub-nar-no-write-userHome-resolved","status":"clean","digest":"081bf774a607e825d506920d01e8c856addc8ae324c89e959b5c07d6f6e9be83","specCount":135,"lockfiles":{"digest":"06679b23a7288aadf82adce2418024144bd3882852f430d15076c722741078e3","files":[{"path":"nub.lock","sha256":"45a0c2e2ca18b67a924aa0737b89f5a42986fcc337203216ead375d3f285d687","bytes":41693}]},"maliciousAdvisories":[],"screenedAt":"2026-09-08T20:54:36.542Z","cacheHit":true,"clearancePath":"D:\\jail\\m-jotaidevtools-mtt5bkuq\\security\\nub-nar-no-write-userHome-resolved.json"}
  SECURITY nub-nar-no-write-userHome-resolved clean: 135 exact package-version(s), tree 081bf774a607 (cached exact-tree clearance)
  VERIFY[nar-no-write-userHome] rc=1 artifacts=25/25 missing=0 shortfall=none (tree 46526/36697) OVERRIDDEN=2 REJECTED=0 grant={"write":{"deps":true,"project":true},"network":true}
     'no-write-userHome' is NECESSARY — dropping it fails to verify
  STORE   isolated virtual store at D:\jail\m-jotaidevtools-mtt5bkuq\verify-joint-narrow\.cache
OSV-SCREEN {"schemaVersion":1,"kind":"nub-joint-narrow-resolved","status":"clean","digest":"081bf774a607e825d506920d01e8c856addc8ae324c89e959b5c07d6f6e9be83","specCount":135,"lockfiles":{"digest":"06679b23a7288aadf82adce2418024144bd3882852f430d15076c722741078e3","files":[{"path":"nub.lock","sha256":"45a0c2e2ca18b67a924aa0737b89f5a42986fcc337203216ead375d3f285d687","bytes":41693}]},"maliciousAdvisories":[],"screenedAt":"2026-09-08T20:54:36.542Z","cacheHit":true,"clearancePath":"D:\\jail\\m-jotaidevtools-mtt5bkuq\\security\\nub-joint-narrow-resolved.json"}
  SECURITY nub-joint-narrow-resolved clean: 135 exact package-version(s), tree 081bf774a607 (cached exact-tree clearance)
  VERIFY[joint-narrow] rc=0 artifacts=25/25 missing=0 shortfall=none (tree 46526/36697) OVERRIDDEN=2 REJECTED=0 grant={"write":{"userHome":true},"network":true}
  => JOINT-NARROW VERIFIED {"write":{"userHome":true},"network":true} — all 2 capabilities drop TOGETHER, measured
