### hugo-extended@0.102.3   (/home/runner/v2-1dIo2x)
  CI-ENV scrubbed: CI GITHUB_ACTIONS
OSV-SCREEN {"schemaVersion":1,"kind":"direct","status":"clean","digest":"abe2b574c976a82b87d2e0fba3aeb2016d773ef89245f6b70beb6b7e818ba90d","specCount":1,"lockfiles":{"digest":null,"files":[]},"maliciousAdvisories":[],"screenedAt":"2026-09-08T02:25:18.855Z","cacheHit":false,"clearancePath":"/home/runner/v2-1dIo2x/security/direct.json"}
  SECURITY direct clean: 1 exact package-version(s), tree abe2b574c976
  VENUE-OBSERVE-USER {"uid":1001,"user":"runner","umask":"0022","capBnd":"000001ffffffffff","noNewPrivs":"0"}
  VENUE-NUB-BINARY {"path":"/tmp/nub/target/release/nub","sha256":"2a18683f50f7afeb02a521cd3cae175dc2f91780d461c5f012065241f5a1447b","bytes":207643464,"features":{"buildJailCatalogOverride":true,"pythonDontWriteBytecodeEnv":true}}
OSV-SCREEN {"schemaVersion":1,"kind":"npm-observe-resolved","status":"clean","digest":"3b5b6dbfb56f78249a858be118446e0b28a82ef89fd98dcbd7029798218559bb","specCount":191,"lockfiles":{"digest":"2fca0405c7c1b389e1275957ee46951626bab57d24244c775c5a0c990d37a82d","files":[{"path":"package-lock.json","sha256":"51c86d0f9edc85e128ff3b9a6c7937e070d903cb160bf2cc8c333b6474c0b1f9","bytes":82336}]},"maliciousAdvisories":[],"screenedAt":"2026-09-08T02:25:23.026Z","cacheHit":false,"clearancePath":"/home/runner/v2-1dIo2x/security/npm-observe-resolved.json"}
  SECURITY npm-observe-resolved clean: 191 exact package-version(s), tree 3b5b6dbfb56f
  OBSERVE   rc=0 files=1745 trace=16763 lines
  CLOSURE   181 packages evicted per arm
  ARM-FALSIFIABILITY {"manifestFiles":12,"filesTheScriptProduced":3,"reasons":[]}
  RAWLOG-FILE /home/runner/v2-1dIo2x/observe/trace.txt.gz
  RAWLOG-CAPTURE /home/runner/v2-1dIo2x/observe/capture.json
  RAWLOG-BYTES raw=3520533 gz=105327
  VENUE-INTERPRETER /opt/hostedtoolcache/node/22.23.2/x64
  VENUE-OVERRIDES {"set":{"HOME":"/home/runner/v2-1dIo2x/jailhome","TMPDIR":"/tmp/nub-tmp-obs9xh4mi","NODE_COMPAT":"1","PLAYWRIGHT_BROWSERS_PATH":"/home/runner/.cache/nub/pm/tools/ms-playwright","ELECTRON_CACHE":"/home/runner/.cache/nub/pm/tools/electron-cache","electron_config_cache":"/home/runner/.cache/nub/pm/tools/electron-cache","npm_config_prefix":"/home/runner/.cache/nub/pm/tools/npm-prefix","PYTHONDONTWRITEBYTECODE":"1","NUB_CACHE_DIR":"/home/runner/v2-1dIo2x/nubcache"},"unset":["CI","GITHUB_ACTIONS"],"passedThrough":{"CI":"true","GITHUB_ACTIONS":"true","NODE_ENV":null}}
  == ATTRIBUTION == attributed pids: 25
    writes  script 7  /  whole traced tree 1095
    sockets script 10  /  whole traced tree 16
  == ROOTS (from capture.json — R2: no ambient reads) ==
    project       /home/runner/v2-1dIo2x/observe
    home          /home/runner
    jailHome      /home/runner/v2-1dIo2x/jailhome
    globalStore   /home/runner/.cache/nub/pm/store   [declared, not keyed on]
    projectStore  /home/runner/v2-1dIo2x/observe/node_modules/.store   [declared, not keyed on]
    interpreter   /opt/hostedtoolcache/node/22.23.2/x64   [declared, not keyed on]
    toolsDir      /home/runner/.cache/nub/pm/tools   [declared, not keyed on]
    temp          /tmp/nub-tmp-obs9xh4mi
    npmPrefix     /home/runner/.cache/nub/pm/tools/npm-prefix
    ownPkg        /home/runner/v2-1dIo2x/observe/node_modules/hugo-extended
  == WRITES the script actually performed ==
    jailTmp       3  (base profile already grants this — NOT billed)
        /tmp/nub-tmp-obs9xh4mi/33f3d09d9b204b17354653bfe0eb8ae2
        /tmp/nub-tmp-obs9xh4mi/33f3d09d9b204b17354653bfe0eb8ae2/hugo_extended_0.102.3_Linux-64bit.tar.gz
        /tmp/nub-tmp-obs9xh4mi/33f3d09d9b204b17354653bfe0eb8ae2/hugo_0.102.3_checksums.txt
    ownPkg        4  (base profile already grants this — NOT billed)
        /home/runner/v2-1dIo2x/observe/node_modules/hugo-extended/vendor
        /home/runner/v2-1dIo2x/observe/node_modules/hugo-extended/vendor/hugo
        /home/runner/v2-1dIo2x/observe/node_modules/hugo-extended/vendor/LICENSE
        /home/runner/v2-1dIo2x/observe/node_modules/hugo-extended/vendor/README.md
  == NETWORK ==
    AF_INET sockets: 10   distinct peers: 3
        127.0.0.53:53
        104.16.0.34:443
        140.82.114.3:443
  == REFUSALS (only `= -1 EACCES/EPERM/EROFS`) ==
    distinct: 0
  == SYNTHESIZED GRANT (verify this in the real unprivileged jail) ==
    {"network":true}
  == writePaths (DERIVED — promotion out of the package's PRIVATE home) ==
    private-home writes observed: 0
    none declared — the script wrote nothing into its private home — there is nothing to promote
  == writePaths FEASIBILITY (distinct writes outside project/deps) ==
    count: 0
    EVENTS    7212 distinct from 16473 calls (16764 lines, 239 rejoined, 0 unparsed)
    PROCS     32   lifecycle shells 20
    ⛔ 3 paths with an UNRESOLVED dirfd — kept, marked, never guessed
    unsubscribed/unmapped syscalls: setsockopt×55 getsockname×43 getsockopt×20 exit×20 tgkill×16 getcwd×15 recvmsg×15 socketpair×6
    wrote /home/runner/v2-1dIo2x/observe/events.ndjson.gz (46967 bytes)
  EVENTLOG-FILE /home/runner/v2-1dIo2x/observe/events.ndjson.gz
  EVENTLOG-STATS {"lines":16764,"parsed":16473,"unparsed":0,"unfinished":239,"rejoined":239,"unresolvedDirfd":3,"truncatedArg":0,"procs":32,"lifecyclePids":20,"distinctEvents":7212,"unknownSyscall":{"getsockname":43,"getsockopt":20,"getcwd":15,"recvmsg":15,"exit":20,"setsockopt":55,"sendmmsg":5,"socketpair":6,"shutdown":4,"getpeername":5,"tgkill":16,"exit_group":4,"wait4":4},"out":"/home/runner/v2-1dIo2x/observe/events.ndjson.gz","gzipBytes":46967}
  EVICT     151 store entries removed, 4 spared as nub tooling
  SE-PURGE  0 side-effects-cache entries for hugo-extended
OSV-SCREEN {"schemaVersion":1,"kind":"nub-synth-resolved","status":"clean","digest":"9b2be48838d1b167e859d6c396238cf2f3d09e574b01d58efe54cbf5070ea2e4","specCount":191,"lockfiles":{"digest":"dfc80e5c13465dacc79f55af98c135275319d6aa69ee025531510a8b71edd8f2","files":[{"path":"nub.lock","sha256":"11ca78da5e6a48ff9741c740400a4e810c14b2870d1a9ee9b1a76abb2840e24e","bytes":46050}]},"maliciousAdvisories":[],"screenedAt":"2026-09-08T02:25:29.344Z","cacheHit":false,"clearancePath":"/home/runner/v2-1dIo2x/security/nub-synth-resolved.json"}
  SECURITY nub-synth-resolved clean: 191 exact package-version(s), tree 9b2be48838d1
  VENUE-STORE-LAYOUT isolated
  VERIFY[synth] rc=0 artifacts=12/12 missing=0 shortfall=none (tree 6014/1745) OVERRIDDEN=3 REJECTED=0 grant={"network":true}
  => VERIFIED {"network":true}   (observed, then verified)
  EVICT     189 store entries removed, 4 spared as nub tooling
  SE-PURGE  0 side-effects-cache entries for hugo-extended
OSV-SCREEN {"schemaVersion":1,"kind":"nub-drop-no-network-resolved","status":"clean","digest":"9b2be48838d1b167e859d6c396238cf2f3d09e574b01d58efe54cbf5070ea2e4","specCount":191,"lockfiles":{"digest":"dfc80e5c13465dacc79f55af98c135275319d6aa69ee025531510a8b71edd8f2","files":[{"path":"nub.lock","sha256":"11ca78da5e6a48ff9741c740400a4e810c14b2870d1a9ee9b1a76abb2840e24e","bytes":46050}]},"maliciousAdvisories":[],"screenedAt":"2026-09-08T02:25:29.344Z","cacheHit":true,"clearancePath":"/home/runner/v2-1dIo2x/security/nub-drop-no-network-resolved.json"}
  SECURITY nub-drop-no-network-resolved clean: 191 exact package-version(s), tree 9b2be48838d1 (cached exact-tree clearance)
  VERIFY[drop-no-network] rc=1 artifacts=9/12 missing=3 shortfall=219cbefac624 (tree 6005/1745) OVERRIDDEN=3 REJECTED=0 grant={}
       missing: vendor/LICENSE, vendor/README.md, vendor/hugo
     'no-network' is NECESSARY — dropping it fails to verify
  => MINIMAL — every capability in {"network":true} is independently necessary
