### @percy/core@1.9.1   (D:\jail\m-percycore-mtsi06rr)
  CI-ENV scrubbed: CI GITHUB_ACTIONS
OSV-SCREEN {"schemaVersion":1,"kind":"direct","status":"clean","digest":"848c36a988f631f659fff61cd3d16e4d62d797b7e723b3b47e7311b199698691","specCount":1,"lockfiles":{"digest":null,"files":[]},"maliciousAdvisories":[],"screenedAt":"2026-09-08T09:59:52.929Z","cacheHit":false,"clearancePath":"D:\\jail\\m-percycore-mtsi06rr\\security\\direct.json"}
  SECURITY direct clean: 1 exact package-version(s), tree 848c36a988f6
OSV-SCREEN {"schemaVersion":1,"kind":"npm-observe-resolved","status":"clean","digest":"1a854e3f93f589d2d5a683a9cfa70e8fb0964a3700ed7c94ad1d4ef9dbba589f","specCount":84,"lockfiles":{"digest":"9e8faa9a173c368a9f037cda5309c30ba3a9a261f92b9bdcc130beef62bce062","files":[{"path":"package-lock.json","sha256":"6f9f6b189e4896f9cb5c7185ebcb2ace83820a1041f8456369be406f5467f340","bytes":34660}]},"maliciousAdvisories":[],"screenedAt":"2026-09-08T09:59:57.824Z","cacheHit":false,"clearancePath":"D:\\jail\\m-percycore-mtsi06rr\\security\\npm-observe-resolved.json"}
  SECURITY npm-observe-resolved clean: 84 exact package-version(s), tree 1a854e3f93f5
  CAPTURE user=runnervmeef0v\runneradmin elevated=True rootPid=6288 exit=0 events=34343 lost=0
  VENUE-OBSERVE-USER runnervmeef0v\runneradmin elevated=true privDropped={"SeBackupPrivilege":"removed","SeRestorePrivilege":"removed","SeTakeOwnershipPrivilege":"removed"}
  OBSERVE artifacts: 23 files  (D:\jail\m-percycore-mtsi06rr\observe\node_modules\@percy\core)
  ARM-FALSIFIABILITY {"manifestFiles":23,"filesTheScriptProduced":0,"reasons":["gate-vacuous"]}
  ⛔ ARMS-UNFALSIFIABLE — a green arm for this package carries no evidence:
       gate-vacuous: the script changed no file the artifact gate keys on — every file in the manifest (23) was already present at its final size before the script ran, so the gate passes in every arm including a completely broken one
       The grant may still be correct; what is missing is a signal that could have gone
       red. Do not read this record's MINIMAL as a passing measurement.
  CLOSURE 83 packages evicted per arm
  8.3 MAP 0 components resolved on runnervmeef0v, folded into capture.json
  == ROOTS (from capture.json — R2: no ambient reads) ==
    project       D:\jail\m-percycore-mtsi06rr\observe   [keyed on]
    home          C:\Users\runneradmin   [keyed on]
    jailHome      (null — declared inapplicable)
    globalStore   C:\Users\runneradmin\AppData\Local\nub\pm\store
    projectStore  D:\jail\m-percycore-mtsi06rr\observe\node_modules\.store
    interpreter   C:\hostedtoolcache\windows\node\22.23.2\x64\node.exe
    toolsDir      C:\Users\runneradmin\AppData\Local\nub\pm\tools
    temp          D:\jail\m-percycore-mtsi06rr\tmp   [keyed on]
    npmPrefix     (null — declared inapplicable)
    ownPkg        D:\jail\m-percycore-mtsi06rr\observe\node_modules\@percy\core
  == ATTRIBUTION == lifecycle pids: 2 (root 6288)
    writes  script 0  /  whole traced tree 7
    peers   script 0  /  whole traced tree 0
  == WRITES ==
  == READS ==
    deps          6
    outside       6
    project       1
    systemfs     23
  == NETWORK ==
    distinct peers: 0
  == REFUSALS (adapter-classified) ==
    distinct: 0
  == SYNTHESIZED GRANT (verify this in the real unprivileged jail) ==
    {}
  RAW       etw-raw.xml.gz  43965802 B xml -> 691978 B gz (63.5x)  sha256 1685b6a1d8436749…
  HEADER    etw-header.json (5071 bytes)
  DERIVED   5323 distinct from 6476 kept ops (34343 xml events, 6726 out of subtree)
  PROCS     4   thread-reattributed 1
  8.3       0 expanded, 0 kept short, 0 not covered  [map: recorded 8.3 map (0 components, resolved on runnervmeef0v)]
  wrote events.ndjson.gz (67365 bytes)
  RAWLOG-CAPTURE D:\jail\m-percycore-mtsi06rr\cap\capture.json
  VENUE-NUB-BINARY {"path":"C:/Users/RUNNER~1/AppData/Local/Temp/nub/target/release/nub.exe","sha256":"f186817a44be332fee712b4936a071a0b5f9cde18a1d2fdc3a791729d4bf1005","bytes":68717056,"features":{"buildJailCatalogOverride":true,"pythonDontWriteBytecodeEnv":true}}
  VENUE-INTERPRETER C:\hostedtoolcache\windows\node\22.23.2\x64\node.exe
  VENUE-JAIL-ROOT D:\jail\m-percycore-mtsi06rr
  VENUE-OVERRIDES {"set":{"npm_config_cache":"D:\\jail\\m-percycore-mtsi06rr\\npm-cache","TMP":"D:\\jail\\m-percycore-mtsi06rr\\tmp","TEMP":"D:\\jail\\m-percycore-mtsi06rr\\tmp","TMPDIR":"D:\\jail\\m-percycore-mtsi06rr\\tmp"},"unset":["CI","GITHUB_ACTIONS"],"notRedirected":{"USERPROFILE":"C:\\Users\\runneradmin","why":"the jail leaves HOME/USERPROFILE alone — `build_jail.rs` sandbox_homes() reads the ambient value and `compiler/defaults.rs` BASELINE_ENV_EXACT passes it through — so there is no private jail home to reproduce and redirecting one would measure an environment no confined script sees"},"passedThrough":{"CI":"true","GITHUB_ACTIONS":"true","NODE_ENV":null}}
  STORE   isolated virtual store at D:\jail\m-percycore-mtsi06rr\verify-synth\.cache
  VENUE-STORE-LAYOUT isolated
OSV-SCREEN {"schemaVersion":1,"kind":"nub-synth-resolved","status":"clean","digest":"f5890f7bdd27c26ef4adeee3293df9aabe526068ea881186d6cced60acaba04d","specCount":84,"lockfiles":{"digest":"67eebd33b49a92218afc730c5af6a366441b8744f131e850d8d8956e6bc2df3c","files":[{"path":"nub.lock","sha256":"70b2a51fa68c2d52cfe50306c35ca618eab2fb2e5631219818bf66bc5b836728","bytes":20087}]},"maliciousAdvisories":[],"screenedAt":"2026-09-08T10:00:08.450Z","cacheHit":false,"clearancePath":"D:\\jail\\m-percycore-mtsi06rr\\security\\nub-synth-resolved.json"}
  SECURITY nub-synth-resolved clean: 84 exact package-version(s), tree f5890f7bdd27
  VERIFY[synth] rc=0 artifacts=23/23 missing=0 shortfall=none (tree 7627/1582) OVERRIDDEN=2 REJECTED=0 grant={}
  => MINIMUM {}   (observed, then verified)
  DESCEND   grant is already empty — nothing to narrow; MINIMAL by construction.
