### @carbon/layout@10.37.5   (/home/runner/v2-3scKJp)
  CI-ENV scrubbed: CI GITHUB_ACTIONS
OSV-SCREEN {"schemaVersion":1,"kind":"direct","status":"clean","digest":"d82d911c3b44400013caa544ce4e3016440bb4112ababdc247f5b5dab8ac7086","specCount":1,"lockfiles":{"digest":null,"files":[]},"maliciousAdvisories":[],"screenedAt":"2026-09-08T02:16:50.618Z","cacheHit":false,"clearancePath":"/home/runner/v2-3scKJp/security/direct.json"}
  SECURITY direct clean: 1 exact package-version(s), tree d82d911c3b44
  VENUE-OBSERVE-USER {"uid":1001,"user":"runner","umask":"0022","capBnd":"000001ffffffffff","noNewPrivs":"0"}
  VENUE-NUB-BINARY {"path":"/tmp/nub/target/release/nub","sha256":"2a18683f50f7afeb02a521cd3cae175dc2f91780d461c5f012065241f5a1447b","bytes":207643464,"features":{"buildJailCatalogOverride":true,"pythonDontWriteBytecodeEnv":true}}
OSV-SCREEN {"schemaVersion":1,"kind":"npm-observe-resolved","status":"clean","digest":"bfc9fb4c68ad5c336a82085a8180808a68587ae16a96e5cae5a65686ed4407a9","specCount":2,"lockfiles":{"digest":"121439d97fbc11d214db48ada167c43774f6af7f935eac24ce299f0b8291ea89","files":[{"path":"package-lock.json","sha256":"63cac5eb40a2d02c1f5cc26ade25da30670a1ba92955e80812a4d98da32b7123","bytes":1022}]},"maliciousAdvisories":[],"screenedAt":"2026-09-08T02:16:51.880Z","cacheHit":false,"clearancePath":"/home/runner/v2-3scKJp/security/npm-observe-resolved.json"}
  SECURITY npm-observe-resolved clean: 2 exact package-version(s), tree bfc9fb4c68ad
  OBSERVE   rc=0 files=43 trace=10801 lines
  CLOSURE   2 packages evicted per arm
  ARM-FALSIFIABILITY {"manifestFiles":32,"filesTheScriptProduced":0,"reasons":["gate-vacuous"]}
  ⛔ ARMS-UNFALSIFIABLE — a green arm for this package carries no evidence:
       gate-vacuous: the script changed no file the artifact gate keys on — every file in the manifest (32) was already present at its final size before the script ran, so the gate passes in every arm including a completely broken one
       The grant may still be correct; what is missing is a signal that could have gone
       red. Do not read this record's MINIMAL as a passing measurement.
  RAWLOG-FILE /home/runner/v2-3scKJp/observe/trace.txt.gz
  RAWLOG-CAPTURE /home/runner/v2-3scKJp/observe/capture.json
  RAWLOG-BYTES raw=2377417 gz=69272
  VENUE-INTERPRETER /opt/hostedtoolcache/node/22.23.2/x64
  VENUE-OVERRIDES {"set":{"HOME":"/home/runner/v2-3scKJp/jailhome","TMPDIR":"/tmp/nub-tmp-obsHgVvBq","NODE_COMPAT":"1","PLAYWRIGHT_BROWSERS_PATH":"/home/runner/.cache/nub/pm/tools/ms-playwright","ELECTRON_CACHE":"/home/runner/.cache/nub/pm/tools/electron-cache","electron_config_cache":"/home/runner/.cache/nub/pm/tools/electron-cache","npm_config_prefix":"/home/runner/.cache/nub/pm/tools/npm-prefix","PYTHONDONTWRITEBYTECODE":"1","NUB_CACHE_DIR":"/home/runner/v2-3scKJp/nubcache"},"unset":["CI","GITHUB_ACTIONS"],"passedThrough":{"CI":"true","GITHUB_ACTIONS":"true","NODE_ENV":null}}
  == ATTRIBUTION == attributed pids: 13
    writes  script 0  /  whole traced tree 1088
    sockets script 0  /  whole traced tree 6
  == ROOTS (from capture.json — R2: no ambient reads) ==
    project       /home/runner/v2-3scKJp/observe
    home          /home/runner
    jailHome      /home/runner/v2-3scKJp/jailhome
    globalStore   /home/runner/.cache/nub/pm/store   [declared, not keyed on]
    projectStore  /home/runner/v2-3scKJp/observe/node_modules/.store   [declared, not keyed on]
    interpreter   /opt/hostedtoolcache/node/22.23.2/x64   [declared, not keyed on]
    toolsDir      /home/runner/.cache/nub/pm/tools   [declared, not keyed on]
    temp          /tmp/nub-tmp-obsHgVvBq
    npmPrefix     /home/runner/.cache/nub/pm/tools/npm-prefix
    ownPkg        /home/runner/v2-3scKJp/observe/node_modules/@carbon/layout
  == WRITES the script actually performed ==
  == NETWORK ==
    AF_INET sockets: 0   distinct peers: 2
        127.0.0.53:53
        104.16.6.34:443
  == REFUSALS (only `= -1 EACCES/EPERM/EROFS`) ==
    distinct: 0
  == SYNTHESIZED GRANT (verify this in the real unprivileged jail) ==
    {}
  == writePaths (DERIVED — promotion out of the package's PRIVATE home) ==
    private-home writes observed: 0
    none declared — the script wrote nothing into its private home — there is nothing to promote
  == writePaths FEASIBILITY (distinct writes outside project/deps) ==
    count: 0
    EVENTS    4429 distinct from 10755 calls (10802 lines, 24 rejoined, 0 unparsed)
    PROCS     20   lifecycle shells 8
    ⛔ 3 paths with an UNRESOLVED dirfd — kept, marked, never guessed
    unsubscribed/unmapped syscalls: setsockopt×23 getsockname×21 exit×15 getsockopt×7 recvmsg×7 getcwd×4 socketpair×3 shutdown×3
    wrote /home/runner/v2-3scKJp/observe/events.ndjson.gz (31378 bytes)
  EVENTLOG-FILE /home/runner/v2-3scKJp/observe/events.ndjson.gz
  EVENTLOG-STATS {"lines":10802,"parsed":10755,"unparsed":0,"unfinished":24,"rejoined":24,"unresolvedDirfd":3,"truncatedArg":0,"procs":20,"lifecyclePids":8,"distinctEvents":4429,"unknownSyscall":{"getsockname":21,"getsockopt":7,"getcwd":4,"recvmsg":7,"exit":15,"setsockopt":23,"sendmmsg":1,"socketpair":3,"shutdown":3,"exit_group":3,"wait4":3},"out":"/home/runner/v2-3scKJp/observe/events.ndjson.gz","gzipBytes":31378}
  EVICT     0 store entries removed, 0 spared as nub tooling
  SE-PURGE  0 side-effects-cache entries for @carbon/layout
OSV-SCREEN {"schemaVersion":1,"kind":"nub-synth-resolved","status":"clean","digest":"bfc9fb4c68ad5c336a82085a8180808a68587ae16a96e5cae5a65686ed4407a9","specCount":2,"lockfiles":{"digest":"bfea94bc15809bc8e0387d2f21fb07106c012e41e859f8ba65661935564644e8","files":[{"path":"nub.lock","sha256":"36dd1645728e982ec387288669aa53bc7be1eecc4ec9ae2d6ee814fa5c43cac0","bytes":670}]},"maliciousAdvisories":[],"screenedAt":"2026-09-08T02:16:51.880Z","cacheHit":true,"clearancePath":"/home/runner/v2-3scKJp/security/nub-synth-resolved.json"}
  SECURITY nub-synth-resolved clean: 2 exact package-version(s), tree bfc9fb4c68ad (cached exact-tree clearance)
  VENUE-STORE-LAYOUT isolated
  VERIFY[synth] rc=0 artifacts=32/32 missing=0 shortfall=none (tree 127/43) OVERRIDDEN=3 REJECTED=0 grant={}
  => VERIFIED {}   (observed, then verified)
  DESCEND   grant is already empty — nothing to narrow; MINIMAL by construction.
