### electron-prebuilt@0.35.6   (/home/runner/v2-Bo6xIh)
  CI-ENV scrubbed: CI GITHUB_ACTIONS
OSV-SCREEN {"schemaVersion":1,"kind":"direct","status":"clean","digest":"9ea7df57e0d7967b9d8439a5d9a6f23eb484ddc5fa528af7cebade3cf80b6f71","specCount":1,"lockfiles":{"digest":null,"files":[]},"maliciousAdvisories":[],"screenedAt":"2026-09-08T08:45:51.710Z","cacheHit":false,"clearancePath":"/home/runner/v2-Bo6xIh/security/direct.json"}
  SECURITY direct clean: 1 exact package-version(s), tree 9ea7df57e0d7
  VENUE-OBSERVE-USER {"uid":1001,"user":"runner","umask":"0022","capBnd":"000001ffffffffff","noNewPrivs":"0"}
  VENUE-NUB-BINARY {"path":"/tmp/nub/target/release/nub","sha256":"2a18683f50f7afeb02a521cd3cae175dc2f91780d461c5f012065241f5a1447b","bytes":207643464,"features":{"buildJailCatalogOverride":true,"pythonDontWriteBytecodeEnv":true}}
OSV-SCREEN {"schemaVersion":1,"kind":"npm-observe-resolved","status":"clean","digest":"a089710ad1e4d7065826b83c1ca5099cf952fdd3389f579ead7fdc7dc826535f","specCount":145,"lockfiles":{"digest":"96ccfd811d36d47faadb18bf39a28d58c42988975d4eefb30e550b56fa2f8fac","files":[{"path":"package-lock.json","sha256":"d0eff5385562b2c021c3786d403d2792d771befb8fe3e5e6a73a5a9e97fe062a","bytes":56926}]},"maliciousAdvisories":[],"screenedAt":"2026-09-08T08:45:54.638Z","cacheHit":false,"clearancePath":"/home/runner/v2-Bo6xIh/security/npm-observe-resolved.json"}
  SECURITY npm-observe-resolved clean: 145 exact package-version(s), tree a089710ad1e4
  OBSERVE   rc=0 files=1371 trace=15074 lines
  CLOSURE   140 packages evicted per arm
  ARM-FALSIFIABILITY {"manifestFiles":80,"filesTheScriptProduced":70,"reasons":[]}
  RAWLOG-FILE /home/runner/v2-Bo6xIh/observe/trace.txt.gz
  RAWLOG-CAPTURE /home/runner/v2-Bo6xIh/observe/capture.json
  RAWLOG-BYTES raw=3205666 gz=91225
  VENUE-INTERPRETER /opt/hostedtoolcache/node/22.23.2/x64
  VENUE-OVERRIDES {"set":{"HOME":"/home/runner/v2-Bo6xIh/jailhome","TMPDIR":"/tmp/nub-tmp-obsFAZXu9","NODE_COMPAT":"1","PLAYWRIGHT_BROWSERS_PATH":"/home/runner/.cache/nub/pm/tools/ms-playwright","ELECTRON_CACHE":"/home/runner/.cache/nub/pm/tools/electron-cache","electron_config_cache":"/home/runner/.cache/nub/pm/tools/electron-cache","npm_config_prefix":"/home/runner/.cache/nub/pm/tools/npm-prefix","PYTHONDONTWRITEBYTECODE":"1","NUB_CACHE_DIR":"/home/runner/v2-Bo6xIh/nubcache"},"unset":["CI","GITHUB_ACTIONS"],"passedThrough":{"CI":"true","GITHUB_ACTIONS":"true","NODE_ENV":null}}
  == ATTRIBUTION == attributed pids: 18
    writes  script 78  /  whole traced tree 1166
    sockets script 5  /  whole traced tree 9
  == ROOTS (from capture.json — R2: no ambient reads) ==
    project       /home/runner/v2-Bo6xIh/observe
    home          /home/runner
    jailHome      /home/runner/v2-Bo6xIh/jailhome
    globalStore   /home/runner/.cache/nub/pm/store   [declared, not keyed on]
    projectStore  /home/runner/v2-Bo6xIh/observe/node_modules/.store   [declared, not keyed on]
    interpreter   /opt/hostedtoolcache/node/22.23.2/x64   [declared, not keyed on]
    toolsDir      /home/runner/.cache/nub/pm/tools   [declared, not keyed on]
    temp          /tmp/nub-tmp-obsFAZXu9
    npmPrefix     /home/runner/.cache/nub/pm/tools/npm-prefix
    ownPkg        /home/runner/v2-Bo6xIh/observe/node_modules/electron-prebuilt
  == WRITES the script actually performed ==
    jailHome      2  (base profile already grants this — NOT billed)
        /home/runner/v2-Bo6xIh/jailhome/.electron
        /home/runner/v2-Bo6xIh/jailhome/.electron/electron-v0.35.6-linux-x64.zip
    jailTmp       2  (base profile already grants this — NOT billed)
        /tmp/nub-tmp-obsFAZXu9/electron-tmp-download-19242-1788857156612
        /tmp/nub-tmp-obsFAZXu9/electron-tmp-download-19242-1788857156612/electron-v0.35.6-linux-x64.zip
    ownPkg       74  (base profile already grants this — NOT billed)
        /home/runner/v2-Bo6xIh/observe/node_modules/electron-prebuilt/path.txt
        /home/runner/v2-Bo6xIh/observe/node_modules/electron-prebuilt/dist
        /home/runner/v2-Bo6xIh/observe/node_modules/electron-prebuilt/dist/electron
        /home/runner/v2-Bo6xIh/observe/node_modules/electron-prebuilt/dist/content_shell.pak
        /home/runner/v2-Bo6xIh/observe/node_modules/electron-prebuilt/dist/icudtl.dat
        /home/runner/v2-Bo6xIh/observe/node_modules/electron-prebuilt/dist/libnode.so
        /home/runner/v2-Bo6xIh/observe/node_modules/electron-prebuilt/dist/natives_blob.bin
        /home/runner/v2-Bo6xIh/observe/node_modules/electron-prebuilt/dist/snapshot_blob.bin
        /home/runner/v2-Bo6xIh/observe/node_modules/electron-prebuilt/dist/LICENSE
        /home/runner/v2-Bo6xIh/observe/node_modules/electron-prebuilt/dist/LICENSES.chromium.html
        … and 64 more
  == NETWORK ==
    AF_INET sockets: 5   distinct peers: 3
        127.0.0.53:53
        104.16.9.34:443
        20.29.134.23:443
  == REFUSALS (only `= -1 EACCES/EPERM/EROFS`) ==
    distinct: 0
  == SYNTHESIZED GRANT (verify this in the real unprivileged jail) ==
    {"network":true,"writePaths":[".electron"]}
  == writePaths (DERIVED — promotion out of the package's PRIVATE home) ==
    private-home writes observed: 2
        .electron
  == writePaths FEASIBILITY (distinct writes outside project/deps) ==
    count: 0
    EVENTS    6083 distinct from 14939 calls (15075 lines, 108 rejoined, 0 unparsed)
    PROCS     25   lifecycle shells 13
    ⛔ 3 paths with an UNRESOLVED dirfd — kept, marked, never guessed
    unsubscribed/unmapped syscalls: getsockname×33 setsockopt×33 exit×20 getsockopt×16 recvmsg×11 getcwd×5 sendmmsg×3 socketpair×3
    wrote /home/runner/v2-Bo6xIh/observe/events.ndjson.gz (40451 bytes)
  EVENTLOG-FILE /home/runner/v2-Bo6xIh/observe/events.ndjson.gz
  EVENTLOG-STATS {"lines":15075,"parsed":14939,"unparsed":0,"unfinished":108,"rejoined":108,"unresolvedDirfd":3,"truncatedArg":0,"procs":25,"lifecyclePids":13,"distinctEvents":6083,"unknownSyscall":{"getsockname":33,"getsockopt":16,"getcwd":5,"recvmsg":11,"exit":20,"setsockopt":33,"sendmmsg":3,"socketpair":3,"shutdown":3,"exit_group":3,"wait4":3},"out":"/home/runner/v2-Bo6xIh/observe/events.ndjson.gz","gzipBytes":40451}
  EVICT     58 store entries removed, 2 spared as nub tooling
  SE-PURGE  0 side-effects-cache entries for electron-prebuilt
OSV-SCREEN {"schemaVersion":1,"kind":"nub-synth-resolved","status":"clean","digest":"1df59bcf90fa12e9929c0f2e04f60f46cef5385dd64b757099afdbc0320b56d2","specCount":146,"lockfiles":{"digest":"ae473de7f376ce7e40d708d491ea0b789d74aa074f3652a117415f5cc960277e","files":[{"path":"nub.lock","sha256":"e7e338e37b06c0b06719fd1684ee9c1c08fd254684cd234123ef884cdc76a8d4","bytes":34123}]},"maliciousAdvisories":[],"screenedAt":"2026-09-08T08:46:04.083Z","cacheHit":false,"clearancePath":"/home/runner/v2-Bo6xIh/security/nub-synth-resolved.json"}
  SECURITY nub-synth-resolved clean: 146 exact package-version(s), tree 1df59bcf90fa
  VENUE-STORE-LAYOUT isolated
  VERIFY[synth] rc=0 artifacts=79/79 missing=0 shortfall=none (tree 4429/1371) OVERRIDDEN=2 REJECTED=0 grant={"network":true,"writePaths":[".electron"]}
  => VERIFIED {"network":true,"writePaths":[".electron"]}   (observed, then verified)
  EVICT     145 store entries removed, 2 spared as nub tooling
  SE-PURGE  0 side-effects-cache entries for electron-prebuilt
OSV-SCREEN {"schemaVersion":1,"kind":"nub-drop-no-network-resolved","status":"clean","digest":"1df59bcf90fa12e9929c0f2e04f60f46cef5385dd64b757099afdbc0320b56d2","specCount":146,"lockfiles":{"digest":"ae473de7f376ce7e40d708d491ea0b789d74aa074f3652a117415f5cc960277e","files":[{"path":"nub.lock","sha256":"e7e338e37b06c0b06719fd1684ee9c1c08fd254684cd234123ef884cdc76a8d4","bytes":34123}]},"maliciousAdvisories":[],"screenedAt":"2026-09-08T08:46:04.083Z","cacheHit":true,"clearancePath":"/home/runner/v2-Bo6xIh/security/nub-drop-no-network-resolved.json"}
  SECURITY nub-drop-no-network-resolved clean: 146 exact package-version(s), tree 1df59bcf90fa (cached exact-tree clearance)
  VERIFY[drop-no-network] rc=1 artifacts=9/79 missing=70 shortfall=257cefb10ae4 (tree 4220/1371) OVERRIDDEN=2 REJECTED=0 grant={"writePaths":[".electron"]}
       missing: dist/LICENSE, dist/LICENSES.chromium.html, dist/content_shell.pak, dist/electron, dist/icudtl.dat, dist/libgcrypt.so.11 (+64)
     'no-network' is NECESSARY — dropping it fails to verify
  => MINIMAL — every capability in {"network":true,"writePaths":[".electron"]} is independently necessary
