OSV-SCREEN {"schemaVersion":1,"kind":"direct","status":"clean","digest":"92fb5029ff500cab40dd4d08d83206cd132eed8bdde56fcd9eb817a85e5fa6ef","specCount":1,"lockfiles":{"digest":null,"files":[]},"maliciousAdvisories":[],"screenedAt":"2026-08-24T18:24:18.615Z","cacheHit":false,"clearancePath":"/Users/runner/v2m-RiDQjg/security/direct.json"}
  SECURITY direct clean: 1 exact package-version(s), tree 92fb5029ff50
  ERA-NODE PINNED 20.20.2 (provisioned) (arms will run: v20.20.2)
  ERA-PYTHON /Users/runner/hostedtoolcache/Python/3.9.13/arm64/bin/python (Python 3.9.13) for era Node 20, whose node-gyp requires python3
  ARM-MAKE /usr/bin/make (GNU Make 3.81) — the system make; a build needing GNU Make 4 WILL fail here
### inngest-cli@0.27.0   (/Users/runner/v2m-RiDQjg)   nub=/tmp/nub/target/release/nub
  VENUE-NUB-BINARY {"path":"/tmp/nub/target/release/nub","sha256":"69e622342d0c8393c78fa50a01dc9cc0a94371ac9b106b59bdcc016f06d86d30","bytes":94535576,"features":{"buildJailCatalogOverride":true,"pythonDontWriteBytecodeEnv":true}}
  CI-ENV scrubbed: CI GITHUB_ACTIONS
  --- fbt preflight (advisory; never fails the run) ---
     csrutil: System Integrity Protection status: disabled.
     fbt probes visible: 93577
     fbt enable attempt: dtrace: description 'fbt:::entry ' matched 50357 probes CPU     ID                    FUNCTION:NAME 
     cwd builtin value:  
     fbt chdir symbols:  
     fbt fires on spawn-with-cwd: dtrace: invalid probe specifier fbt::chdir*:entry /progenyof($target)/ { @[probefunc] = count(); }: probe description fbt::chdir*:entry does not match any probes 
  --- end fbt preflight ---
  ERA-RESOLUTION DATED 2024-04-17T19:55:34.956Z (deps as of the package's own publish date + 1d)
OSV-SCREEN {"schemaVersion":1,"kind":"npm-observe-resolved","status":"clean","digest":"ee64d8e822fbb87d305f91b39b4be5f7ae8aa3a4456dd079c69a2b49774f0cc1","specCount":16,"lockfiles":{"digest":"fe90508113ef68c26e775ed5f04cc0e5fd7bbf7497f2035dfe4660565d6abd63","files":[{"path":"package-lock.json","sha256":"a20bde6b588cd38f6484e9f52d9475db8bc5e44d6231824b8c2ee55e03b4d671","bytes":7248}]},"maliciousAdvisories":[],"screenedAt":"2026-08-24T18:24:25.253Z","cacheHit":false,"clearancePath":"/Users/runner/v2m-RiDQjg/security/npm-observe-resolved.json"}
  SECURITY npm-observe-resolved clean: 16 exact package-version(s), tree ee64d8e822fb
  ARM-PATH SANITISED (dropped 1: /Users/runner/.yarn/bin)
  ARM-AMBIENT-TOOLS none
  ARM-SCAFFOLD none
  ARM-UNPROVIDABLE none
  VENUE-CI-CHILD clean (no CI-detection variable reaches the traced script)
  --- wrapper (run.sh) ---
     cd "/Users/runner/v2m-RiDQjg/Observe"
     sudo -u "runner" -H env "PATH=/Users/runner/v2m-RiDQjg/Observe/node_modules/.bin:/Users/runner/.cache/nub/era-node/20.20.2/node-v20.20.2-darwin-arm64/bin:/Users/runner/hostedtoolcache/node/22.23.2/arm64/bin:/opt/homebrew/lib/ruby/gems/3.3.0/bin:/opt/homebrew/opt/ruby@3.3/bin:/Users/runner/.local/bin:/opt/homebrew/bin:/opt/homebrew/sbin:/Users/runner/.cargo/bin:/usr/local/opt/curl/bin:/usr/local/bin:/usr/local/sbin:/Users/runner/bin:/Users/runner/Library/Android/sdk/tools:/Users/runner/Library/Android/sdk/platform-tools:/Library/Frameworks/Python.framework/Versions/Current/bin:/Library/Frameworks/Mono.framework/Versions/Current/Commands:/usr/bin:/bin:/usr/sbin:/sbin:/Users/runner/.dotnet/tools"   "HOME=/Users/runner/v2m-RiDQjg/jailhome"   "TMPDIR=/private/var/folders/_5/zjnzxgh147qcg3bb5cg2wvqw0000gn/T/nub-tmp-obsne52Kj"   "NODE_COMPAT=1"   "PYTHONDONTWRITEBYTECODE=1"   "PLAYWRIGHT_BROWSERS_PATH=/Users/runner/.cache/nub/pm/tools/ms-playwright"   "ELECTRON_CACHE=/Users/runner/.cache/nub/pm/tools/electron-cache"   "electron_config_cache=/Users/runner/.cache/nub/pm/tools/electron-cache"   "npm_config_prefix=/Users/runner/.cache/nub/pm/tools/npm-prefix"   PYTHON=/Users/runner/hostedtoolcache/Python/3.9.13/arm64/bin/python   "/Users/runner/hostedtoolcache/node/22.23.2/arm64/bin/npm" rebuild --no-audit --no-fund "inngest-cli" > "/Users/runner/v2m-RiDQjg/Observe/npm.log" 2>&1
     echo $? > "/Users/runner/v2m-RiDQjg/Observe/rc"
  --- dtrace stderr + wrapper trace ---
     + cd /Users/runner/v2m-RiDQjg/Observe
     + sudo -u runner -H env PATH=/Users/runner/v2m-RiDQjg/Observe/node_modules/.bin:/Users/runner/.cache/nub/era-node/20.20.2/node-v20.20.2-darwin-arm64/bin:/Users/runner/hostedtoolcache/node/22.23.2/arm64/bin:/opt/homebrew/lib/ruby/gems/3.3.0/bin:/opt/homebrew/opt/ruby@3.3/bin:/Users/runner/.local/bin:/opt/homebrew/bin:/opt/homebrew/sbin:/Users/runner/.cargo/bin:/usr/local/opt/curl/bin:/usr/local/bin:/usr/local/sbin:/Users/runner/bin:/Users/runner/Library/Android/sdk/tools:/Users/runner/Library/Android/sdk/platform-tools:/Library/Frameworks/Python.framework/Versions/Current/bin:/Library/Frameworks/Mono.framework/Versions/Current/Commands:/usr/bin:/bin:/usr/sbin:/sbin:/Users/runner/.dotnet/tools HOME=/Users/runner/v2m-RiDQjg/jailhome TMPDIR=/private/var/folders/_5/zjnzxgh147qcg3bb5cg2wvqw0000gn/T/nub-tmp-obsne52Kj NODE_COMPAT=1 PYTHONDONTWRITEBYTECODE=1 PLAYWRIGHT_BROWSERS_PATH=/Users/runner/.cache/nub/pm/tools/ms-playwright ELECTRON_CACHE=/Users/runner/.cache/nub/pm/tools/electron-cache electron_config_cache=/Users/runner/.cache/nub/pm/tools/electron-cache npm_config_prefix=/Users/runner/.cache/nub/pm/tools/npm-prefix PYTHON=/Users/runner/hostedtoolcache/Python/3.9.13/arm64/bin/python /Users/runner/hostedtoolcache/node/22.23.2/arm64/bin/npm rebuild --no-audit --no-fund inngest-cli
     dtrace: error on enabled probe ID 128 (ID 286: syscall::execve:entry): invalid address (0x6000013dc000) in action #1 at DIF offset 20
     + echo 0
  OBSERVE   rc=0 dtrace_rc=0 files=146 (pre=143) trace=6359 lines
  CLOSURE   15 packages evicted per arm   store=/Users/runner/.cache/nub/pm/store
  RAWLOG-FILE /Users/runner/v2m-RiDQjg/Observe/trace.txt.gz
  RAWLOG-CAPTURE /Users/runner/v2m-RiDQjg/Observe/capture.json
  RAWLOG-BYTES raw=1015424 gz=36422
  VENUE-INTERPRETER /Users/runner/hostedtoolcache/node/22.23.2/arm64
  VENUE-NODE-SELECTION {"pkg":"inngest-cli","packageVersion":"0.27.0","major":20,"version":"20.20.2","npm":"10.8.2","pinnable":true,"engines":null,"publishedAt":"2024-04-16T19:55:34.956Z","eraMajor":20,"startMajor":20,"raisedByEngines":false,"enginesUnsatisfiable":false,"clampedToFloor":false,"clampedToCeiling":false,"matrixFloor":4,"matrixCeiling":26,"lookupFailure":null,"pinned":true,"pinnedBin":"/Users/runner/.cache/nub/era-node/20.20.2/node-v20.20.2-darwin-arm64/bin","eraNodeRoot":"/Users/runner/.cache/nub"}
  VENUE-OVERRIDES {"set":{"PATH":"inherited-and-forwarded","HOME":"/Users/runner/v2m-RiDQjg/jailhome","TMPDIR":"/private/var/folders/_5/zjnzxgh147qcg3bb5cg2wvqw0000gn/T/nub-tmp-obsne52Kj","NODE_COMPAT":"1","PYTHONDONTWRITEBYTECODE":"1","PLAYWRIGHT_BROWSERS_PATH":"/Users/runner/.cache/nub/pm/tools/ms-playwright","ELECTRON_CACHE":"/Users/runner/.cache/nub/pm/tools/electron-cache","electron_config_cache":"/Users/runner/.cache/nub/pm/tools/electron-cache","npm_config_prefix":"/Users/runner/.cache/nub/pm/tools/npm-prefix"},"unset":["(sudo env_reset discards the caller environment; every var above is re-set after it)","CI","GITHUB_ACTIONS"],"passedThrough":{"CI":"true","GITHUB_ACTIONS":"true","NODE_ENV":null}}
  VENUE-OBSERVE-USER runner uid=501 (R7: ordinary non-root user, asserted)
  ARM-FALSIFIABILITY {"manifestFiles":6,"filesTheScriptProduced":2,"reasons":[]}
  EVENTLOG-FILE /Users/runner/v2m-RiDQjg/Observe/events.ndjson.gz
  EVENTLOG-STATS {"lines":6360,"parsed":6342,"unparsed":0,"live":true,"tracerErrors":1,"tracerErrorTotal":1,"unresolvedDirfd":21,"unresolvedFd":0,"pairedTwoPath":0,"danglingPair":0,"failed":2374,"enoent":2371,"refusals":0,"byErrno":{"ENXIO":3,"ENOENT":2371},"procs":5,"lifecyclePids":1,"distinctEvents":3946,"emitted":3946,"calls":6329,"bytes":685902,"gzipBytes":22796,"out":"/Users/runner/v2m-RiDQjg/Observe/events.ndjson"}
  == TRACER == live=true decodable-events=1133 dropped-events=1
    NOTE 14 relative path(s) under a non-AT_FDCWD dirfd were not
       scope-assigned: resolving them against the cwd would invent a path.
    ⛔ CWD-UNOBSERVED 2 relative path(s) (0 write(s)) came from a lifecycle
       process whose own cwd was never observed
       macOS spawns with posix_spawn addchdir_np, which changes directory in-kernel and
       emits no chdir syscall, so the inherited cwd cannot be trusted. These are NOT
       scope-assigned; the grant below is WIDENED instead so it covers wherever they landed.
         pid=75564 read  unproven .
         pid=75564 read  unproven .
    ⛔ THE TRACER DROPPED 1 EVENT(S). A dropped event is a path never
       seen, so the grant below can only be too NARROW — the direction that breaks installs.
       Treat it as a FLOOR, not a measurement, until the adapter fault is fixed:
             1 x  epid=128 action=1 fault=1 addr=0x6000013dc000
  == ATTRIBUTION == lifecycle pids: 1
    writes  script 3  /  whole traced subtree 9
    sockets script 1  /  whole traced subtree 2
  == ROOTS (from /Users/runner/v2m-RiDQjg/Observe/capture.json; the classifier reads no other source) ==
    project       /Users/runner/v2m-RiDQjg/Observe
    home          /Users/runner
    jailHome      /Users/runner/v2m-RiDQjg/jailhome
    globalStore   /Users/runner/.cache/nub/pm/store
    projectStore  /Users/runner/v2m-RiDQjg/Observe/node_modules/.store
    interpreter   /Users/runner/hostedtoolcache/node/22.23.2/arm64
    toolsDir      /Users/runner/.cache/nub/pm/tools
    temp          /private/var/folders/_5/zjnzxgh147qcg3bb5cg2wvqw0000gn/T/nub-tmp-obsne52Kj
    npmPrefix     /Users/runner/.cache/nub/pm/tools/npm-prefix
    ownPkg        /Users/runner/v2m-RiDQjg/Observe/node_modules/inngest-cli
    cwd           (null — this platform has no such root)
  == WRITES the script actually performed ==
    systemfs      1
        /dev/dtracehelper
    ownPkg        2  (base profile already grants this — NOT billed)
        /Users/runner/v2m-RiDQjg/Observe/node_modules/inngest-cli/bin/LICENSE.md
        /Users/runner/v2m-RiDQjg/Observe/node_modules/inngest-cli/bin/inngest
  == READS the script performed, by scope ==
    outside       5
    systemfs      9
    userHome      2
    ownPkg        2
    deps         87
        outside: /
        outside: /bin/bash
        outside: /bin
        outside: /var/db/timezone/zoneinfo/UTC
        outside: /var/db/timezone/zoneinfo/posixrules
  == NETWORK ==
    AF_INET connects: 1   distinct peers: 1
        172.66.47.141:443
  == REFUSALS (errno EPERM/EACCES/EROFS only; ENOENT is a miss, not a denial) ==
    distinct: 0
  == SYNTHESIZED GRANT (verify this in the real unprivileged jail) ==
    {"network":true}
  == writePaths (DERIVED — promotion out of the package's PRIVATE home) ==
    private-home writes observed: 0
    none declared — the script wrote nothing into its private home — there is nothing to promote
  == writePaths FEASIBILITY (distinct writes outside project/deps) ==
    count: 0
  EVICT[synth] 4 store entries removed, 16 spared as nub tooling, 461 in store
OSV-SCREEN {"schemaVersion":1,"kind":"nub-synth-resolved","status":"clean","digest":"9a77fb03d45fd37a690f14a2d6b4a0bfee702031ae954172adb9c3eafbbd58dc","specCount":16,"lockfiles":{"digest":"2af48f41bc2c98c16db97f009e24622edda54110122474549c760848c3fe97cb","files":[{"path":"nub.lock","sha256":"bbb5446170458eae60b892d1eb82350bf48dd28ac53de3da3040a8a1110c0d9c","bytes":4264}]},"maliciousAdvisories":[],"screenedAt":"2026-08-24T18:24:31.697Z","cacheHit":false,"clearancePath":"/Users/runner/v2m-RiDQjg/security/nub-synth-resolved.json"}
  SECURITY nub-synth-resolved clean: 16 exact package-version(s), tree 9a77fb03d45f
  VENUE-STORE-LAYOUT isolated
  VERIFY[synth] rc=0 artifacts=6/6 missing=0 shortfall=none (tree 413/146) OVERRIDDEN=3 REJECTED=0 grant={"network":true}
  => VERIFIED {"network":true}
  EVICT[nar-no-network] 6 store entries removed, 16 spared as nub tooling, 463 in store
OSV-SCREEN {"schemaVersion":1,"kind":"nub-nar-no-network-resolved","status":"clean","digest":"9a77fb03d45fd37a690f14a2d6b4a0bfee702031ae954172adb9c3eafbbd58dc","specCount":16,"lockfiles":{"digest":"2af48f41bc2c98c16db97f009e24622edda54110122474549c760848c3fe97cb","files":[{"path":"nub.lock","sha256":"bbb5446170458eae60b892d1eb82350bf48dd28ac53de3da3040a8a1110c0d9c","bytes":4264}]},"maliciousAdvisories":[],"screenedAt":"2026-08-24T18:24:31.697Z","cacheHit":true,"clearancePath":"/Users/runner/v2m-RiDQjg/security/nub-nar-no-network-resolved.json"}
  SECURITY nub-nar-no-network-resolved clean: 16 exact package-version(s), tree 9a77fb03d45f (cached exact-tree clearance)
  VERIFY[nar-no-network] rc=1 artifacts=5/6 missing=2 shortfall=b1893b543e42 (tree 410/146) OVERRIDDEN=3 REJECTED=0 grant={}
       missing: bin/LICENSE.md, bin/inngest (0B < 62771874B)
     [nar-no-network/a] FetchError: request to https://cli.inngest.com/artifact/v0.27.0/inngest_0.27.0_darwin_arm64.tar.gz failed, reason: getaddrinfo ENOTFOUND cli.inngest.com
     [nar-no-network/a]   errno: 'ENOTFOUND',
     [nar-no-network/a]   code: 'ENOTFOUND'
     narrowing 'no-network' fails ⇒ that capability IS necessary
  => MINIMAL — every capability in {"network":true} is independently necessary
### DONE inngest-cli@0.27.0  synthesized={"network":true} verified=1
