### saucectl@0.46.1   (D:\jail\m-saucectl-mtsidy60)
  CI-ENV scrubbed: CI GITHUB_ACTIONS
OSV-SCREEN {"schemaVersion":1,"kind":"direct","status":"clean","digest":"4c19d5ee123589af5fea75549c1ce163c699d919eca7984d2a384e5a4dbfeed0","specCount":1,"lockfiles":{"digest":null,"files":[]},"maliciousAdvisories":[],"screenedAt":"2026-09-08T10:10:34.940Z","cacheHit":false,"clearancePath":"D:\\jail\\m-saucectl-mtsidy60\\security\\direct.json"}
  SECURITY direct clean: 1 exact package-version(s), tree 4c19d5ee1235
OSV-SCREEN {"schemaVersion":1,"kind":"npm-observe-resolved","status":"clean","digest":"271708d99589a54e5774372461d140237f31a9872b3d6e7377dbfd2d9bb6f7db","specCount":166,"lockfiles":{"digest":"512a97fd68f004613353ddcb4efc06a6c2dc97794977f1d8eed8c5f578266af7","files":[{"path":"package-lock.json","sha256":"0776a6831e252e4566e3ec2ddf7970a755b2388a7eba034be1b467d155461074","bytes":71112}]},"maliciousAdvisories":[],"screenedAt":"2026-09-08T10:10:39.913Z","cacheHit":false,"clearancePath":"D:\\jail\\m-saucectl-mtsidy60\\security\\npm-observe-resolved.json"}
  SECURITY npm-observe-resolved clean: 166 exact package-version(s), tree 271708d99589
  CAPTURE user=runnervmeef0v\runneradmin elevated=True rootPid=4132 exit=0 events=81080 lost=0
  VENUE-OBSERVE-USER runnervmeef0v\runneradmin elevated=true privDropped={"SeBackupPrivilege":"removed","SeRestorePrivilege":"removed","SeTakeOwnershipPrivilege":"removed"}
  OBSERVE artifacts: 8 files  (D:\jail\m-saucectl-mtsidy60\observe\node_modules\saucectl)
  ARM-FALSIFIABILITY {"manifestFiles":8,"filesTheScriptProduced":2,"reasons":[]}
  CLOSURE 152 packages evicted per arm
  8.3 MAP 0 components resolved on runnervmeef0v, folded into capture.json
  == ROOTS (from capture.json — R2: no ambient reads) ==
    project       D:\jail\m-saucectl-mtsidy60\observe   [keyed on]
    home          C:\Users\runneradmin   [keyed on]
    jailHome      (null — declared inapplicable)
    globalStore   C:\Users\runneradmin\AppData\Local\nub\pm\store
    projectStore  D:\jail\m-saucectl-mtsidy60\observe\node_modules\.store
    interpreter   C:\hostedtoolcache\windows\node\22.23.2\x64\node.exe
    toolsDir      C:\Users\runneradmin\AppData\Local\nub\pm\tools
    temp          D:\jail\m-saucectl-mtsidy60\tmp   [keyed on]
    npmPrefix     (null — declared inapplicable)
    ownPkg        D:\jail\m-saucectl-mtsidy60\observe\node_modules\saucectl
  == ATTRIBUTION == lifecycle pids: 4 (root 4132)
    writes  script 8  /  whole traced tree 18
    peers   script 2  /  whole traced tree 2
  == WRITES ==
    deps          3
    systemfs      5
        c:\windows\syswow64\cryptbase.dll:wofcompresseddata
        c:\windows\syswow64\powrprof.dll:wofcompresseddata
        c:\windows\syswow64\umpdc.dll:wofcompresseddata
        c:\windows\syswow64\mswsock.dll:wofcompresseddata
        c:\windows\syswow64\wshqos.dll:wofcompresseddata
  == READS ==
    deps        406
    outside       7
    project       1
    systemfs     56
  == NETWORK ==
    distinct peers: 2
        140.82.114.4:443
        185.199.108.133:443
  == REFUSALS (adapter-classified) ==
    distinct: 0
  == SYNTHESIZED GRANT (verify this in the real unprivileged jail) ==
    {"write":{"deps":true},"network":true}
    !! 5 writes into system dirs -- an unprivileged user would be refused these
  RAW       etw-raw.xml.gz  102090194 B xml -> 1507870 B gz (67.7x)  sha256 15064eade7f65826…
  HEADER    etw-header.json (5064 bytes)
  DERIVED   9743 distinct from 14118 kept ops (81080 xml events, 12438 out of subtree)
  PROCS     6   thread-reattributed 0
  ⛔ 2 operations with NO OperationEnd — kept, status marked unknown
  ⛔ 5 handle ops whose path no table could supply
  8.3       0 expanded, 0 kept short, 0 not covered  [map: recorded 8.3 map (0 components, resolved on runnervmeef0v)]
  wrote events.ndjson.gz (123233 bytes)
  RAWLOG-CAPTURE D:\jail\m-saucectl-mtsidy60\cap\capture.json
  VENUE-NUB-BINARY {"path":"C:/Users/RUNNER~1/AppData/Local/Temp/nub/target/release/nub.exe","sha256":"f186817a44be332fee712b4936a071a0b5f9cde18a1d2fdc3a791729d4bf1005","bytes":68717056,"features":{"buildJailCatalogOverride":true,"pythonDontWriteBytecodeEnv":true}}
  VENUE-INTERPRETER C:\hostedtoolcache\windows\node\22.23.2\x64\node.exe
  VENUE-JAIL-ROOT D:\jail\m-saucectl-mtsidy60
  VENUE-OVERRIDES {"set":{"npm_config_cache":"D:\\jail\\m-saucectl-mtsidy60\\npm-cache","TMP":"D:\\jail\\m-saucectl-mtsidy60\\tmp","TEMP":"D:\\jail\\m-saucectl-mtsidy60\\tmp","TMPDIR":"D:\\jail\\m-saucectl-mtsidy60\\tmp"},"unset":["CI","GITHUB_ACTIONS"],"notRedirected":{"USERPROFILE":"C:\\Users\\runneradmin","why":"the jail leaves HOME/USERPROFILE alone — `build_jail.rs` sandbox_homes() reads the ambient value and `compiler/defaults.rs` BASELINE_ENV_EXACT passes it through — so there is no private jail home to reproduce and redirecting one would measure an environment no confined script sees"},"passedThrough":{"CI":"true","GITHUB_ACTIONS":"true","NODE_ENV":null}}
  STORE   isolated virtual store at D:\jail\m-saucectl-mtsidy60\verify-synth\.cache
  VENUE-STORE-LAYOUT isolated
OSV-SCREEN {"schemaVersion":1,"kind":"nub-synth-resolved","status":"clean","digest":"1a127eb7cf437f6456417d11b0222a352b747c3ae0a5441fbe27f5cc4d6a25d1","specCount":170,"lockfiles":{"digest":"83096d55617e946c21dc9e40cf2067a5581bc3760f5e0095d8742e1ec0268acf","files":[{"path":"nub.lock","sha256":"59b9ebaa94b81eb46eca1ca95d25db2acbfbe5c1b4680c51bbe300513daf8cfa","bytes":40151}]},"maliciousAdvisories":[],"screenedAt":"2026-09-08T10:10:54.002Z","cacheHit":false,"clearancePath":"D:\\jail\\m-saucectl-mtsidy60\\security\\nub-synth-resolved.json"}
  SECURITY nub-synth-resolved clean: 170 exact package-version(s), tree 1a127eb7cf43
  VERIFY[synth] rc=0 artifacts=8/8 missing=0 shortfall=none (tree 7631/1128) OVERRIDDEN=2 REJECTED=0 grant={"write":{"deps":true},"network":true}
  => MINIMUM {"write":{"deps":true},"network":true}   (observed, then verified)
  STORE   isolated virtual store at D:\jail\m-saucectl-mtsidy60\verify-nar-no-network\.cache
OSV-SCREEN {"schemaVersion":1,"kind":"nub-nar-no-network-resolved","status":"clean","digest":"1a127eb7cf437f6456417d11b0222a352b747c3ae0a5441fbe27f5cc4d6a25d1","specCount":170,"lockfiles":{"digest":"83096d55617e946c21dc9e40cf2067a5581bc3760f5e0095d8742e1ec0268acf","files":[{"path":"nub.lock","sha256":"59b9ebaa94b81eb46eca1ca95d25db2acbfbe5c1b4680c51bbe300513daf8cfa","bytes":40151}]},"maliciousAdvisories":[],"screenedAt":"2026-09-08T10:10:54.002Z","cacheHit":true,"clearancePath":"D:\\jail\\m-saucectl-mtsidy60\\security\\nub-nar-no-network-resolved.json"}
  SECURITY nub-nar-no-network-resolved clean: 170 exact package-version(s), tree 1a127eb7cf43 (cached exact-tree clearance)
  VERIFY[nar-no-network] rc=1 artifacts=6/8 missing=2 shortfall=d9782089ad00 (tree 7630/1128) OVERRIDDEN=2 REJECTED=0 grant={"write":{"deps":true}}
     missing artifacts: bin/LICENSE, bin/saucectl.exe
     'no-network' is NECESSARY — dropping it fails to verify
  STORE   isolated virtual store at D:\jail\m-saucectl-mtsidy60\verify-nar-no-write-deps\.cache
OSV-SCREEN {"schemaVersion":1,"kind":"nub-nar-no-write-deps-resolved","status":"clean","digest":"1a127eb7cf437f6456417d11b0222a352b747c3ae0a5441fbe27f5cc4d6a25d1","specCount":170,"lockfiles":{"digest":"83096d55617e946c21dc9e40cf2067a5581bc3760f5e0095d8742e1ec0268acf","files":[{"path":"nub.lock","sha256":"59b9ebaa94b81eb46eca1ca95d25db2acbfbe5c1b4680c51bbe300513daf8cfa","bytes":40151}]},"maliciousAdvisories":[],"screenedAt":"2026-09-08T10:10:54.002Z","cacheHit":true,"clearancePath":"D:\\jail\\m-saucectl-mtsidy60\\security\\nub-nar-no-write-deps-resolved.json"}
  SECURITY nub-nar-no-write-deps-resolved clean: 170 exact package-version(s), tree 1a127eb7cf43 (cached exact-tree clearance)
  VERIFY[nar-no-write-deps] rc=0 artifacts=8/8 missing=0 shortfall=none (tree 7631/1128) OVERRIDDEN=2 REJECTED=0 grant={"network":true}
     ⛔ OVER-PREDICTED — the strictly narrower {"network":true} also verifies; 'no-write-deps' was not needed
