OSV-SCREEN {"schemaVersion":1,"kind":"direct","status":"clean","digest":"2864cf73d646cbba331d21195c7c71ca11ede5ff0f675ff59dae1c61ef0e96bf","specCount":1,"lockfiles":{"digest":null,"files":[]},"maliciousAdvisories":[],"screenedAt":"2026-09-08T03:19:17.387Z","cacheHit":false,"clearancePath":"/Users/runner/v2m-cHJKdU/security/direct.json"}
  SECURITY direct clean: 1 exact package-version(s), tree 2864cf73d646
### blake-hash@2.0.0   (/Users/runner/v2m-cHJKdU)   nub=/tmp/nub/target/release/nub
  VENUE-NUB-BINARY {"path":"/tmp/nub/target/release/nub","sha256":"f923f9d246b7061a3e88675efb7b4fdcda741d02368002ce6e7f7044b01e7bbe","bytes":93818888,"features":{"buildJailCatalogOverride":true,"pythonDontWriteBytecodeEnv":true}}
  CI-ENV scrubbed: CI GITHUB_ACTIONS
  --- fbt preflight (advisory; never fails the run) ---
     csrutil: System Integrity Protection status: disabled.
     fbt probes visible: 93591
     fbt enable attempt: dtrace: description 'fbt:::entry ' matched 50364 probes CPU     ID                    FUNCTION:NAME 
     cwd builtin value:  
     fbt chdir symbols:  
     fbt fires on spawn-with-cwd: dtrace: invalid probe specifier fbt::chdir*:entry /progenyof($target)/ { @[probefunc] = count(); }: probe description fbt::chdir*:entry does not match any probes 
  --- end fbt preflight ---
OSV-SCREEN {"schemaVersion":1,"kind":"npm-observe-resolved","status":"clean","digest":"bf2a53a94c603391edad49d463b83c3ef1f6b9ef7607529f8c799ae8aefb0301","specCount":8,"lockfiles":{"digest":"728cbffec9fbf5c6df8a0c92d8f2e5241f20472e500f7a9634c530542eb0ed62","files":[{"path":"package-lock.json","sha256":"c8ab05188cb0f39e787f589b2d22b013af01e50a6a1ca9a8198ad63d0d98f2cc","bytes":3562}]},"maliciousAdvisories":[],"screenedAt":"2026-09-08T03:19:23.055Z","cacheHit":false,"clearancePath":"/Users/runner/v2m-cHJKdU/security/npm-observe-resolved.json"}
  SECURITY npm-observe-resolved clean: 8 exact package-version(s), tree bf2a53a94c60
  VENUE-CI-CHILD clean (no CI-detection variable reaches the traced script)
  --- wrapper (run.sh) ---
     cd "/Users/runner/v2m-cHJKdU/Observe"
     sudo -u "runner" -H env "PATH=$PATH"   "HOME=/Users/runner/v2m-cHJKdU/jailhome"   "TMPDIR=/private/var/folders/bl/vzjcvbz95c3dk19cb0fw46180000gn/T/nub-tmp-obscQsOqM"   "NODE_COMPAT=1"   "PYTHONDONTWRITEBYTECODE=1"   "PLAYWRIGHT_BROWSERS_PATH=/Users/runner/.cache/nub/pm/tools/ms-playwright"   "ELECTRON_CACHE=/Users/runner/.cache/nub/pm/tools/electron-cache"   "electron_config_cache=/Users/runner/.cache/nub/pm/tools/electron-cache"   "npm_config_prefix=/Users/runner/.cache/nub/pm/tools/npm-prefix"   "/Users/runner/hostedtoolcache/node/22.23.2/arm64/bin/npm" rebuild --no-audit --no-fund "blake-hash" > "/Users/runner/v2m-cHJKdU/Observe/npm.log" 2>&1
     echo $? > "/Users/runner/v2m-cHJKdU/Observe/rc"
  --- dtrace stderr + wrapper trace ---
     + cd /Users/runner/v2m-cHJKdU/Observe
     + sudo -u runner -H env PATH=/Users/runner/hostedtoolcache/node/22.23.2/arm64/bin:/opt/homebrew/lib/ruby/gems/3.3.0/bin:/opt/homebrew/opt/ruby@3.3/bin:/Users/runner/.local/bin:/opt/homebrew/bin:/opt/homebrew/sbin:/Users/runner/.cargo/bin:/usr/local/opt/curl/bin:/usr/local/bin:/usr/local/sbin:/Users/runner/bin:/Users/runner/.yarn/bin:/Users/runner/Library/Android/sdk/tools:/Users/runner/Library/Android/sdk/platform-tools:/Library/Frameworks/Python.framework/Versions/Current/bin:/Library/Frameworks/Mono.framework/Versions/Current/Commands:/usr/bin:/bin:/usr/sbin:/sbin:/Users/runner/.dotnet/tools HOME=/Users/runner/v2m-cHJKdU/jailhome TMPDIR=/private/var/folders/bl/vzjcvbz95c3dk19cb0fw46180000gn/T/nub-tmp-obscQsOqM NODE_COMPAT=1 PYTHONDONTWRITEBYTECODE=1 PLAYWRIGHT_BROWSERS_PATH=/Users/runner/.cache/nub/pm/tools/ms-playwright ELECTRON_CACHE=/Users/runner/.cache/nub/pm/tools/electron-cache electron_config_cache=/Users/runner/.cache/nub/pm/tools/electron-cache npm_config_prefix=/Users/runner/.cache/nub/pm/tools/npm-prefix /Users/runner/hostedtoolcache/node/22.23.2/arm64/bin/npm rebuild --no-audit --no-fund blake-hash
     dtrace: error on enabled probe ID 128 (ID 286: syscall::execve:entry): invalid address (0x6000016e8000) in action #1 at DIF offset 20
     dtrace: error on enabled probe ID 128 (ID 286: syscall::execve:entry): invalid address (0x6000033600e0) in action #5 at DIF offset 88
     dtrace: error on enabled probe ID 53 (ID 189: syscall::unlink:return): invalid address (0x600000320000) in action #10 at DIF offset 12
     dtrace: error on enabled probe ID 128 (ID 286: syscall::execve:entry): invalid address (0x656d616e75) in action #6 at DIF offset 88
     dtrace: error on enabled probe ID 128 (ID 286: syscall::execve:entry): invalid address (0x656d616e75) in action #6 at DIF offset 88
     dtrace: error on enabled probe ID 128 (ID 286: syscall::execve:entry): invalid address (0x656d616e75) in action #6 at DIF offset 88
     dtrace: error on enabled probe ID 128 (ID 286: syscall::execve:entry): invalid address (0x656d616e75) in action #6 at DIF offset 88
     dtrace: error on enabled probe ID 128 (ID 286: syscall::execve:entry): invalid address (0x656d616e75) in action #6 at DIF offset 88
     dtrace: error on enabled probe ID 128 (ID 286: syscall::execve:entry): invalid address (0x656d616e75) in action #6 at DIF offset 88
     dtrace: error on enabled probe ID 128 (ID 286: syscall::execve:entry): invalid address (0x656d616e75) in action #6 at DIF offset 88
     dtrace: error on enabled probe ID 128 (ID 286: syscall::execve:entry): invalid address (0x656d616e75) in action #6 at DIF offset 88
     dtrace: error on enabled probe ID 128 (ID 286: syscall::execve:entry): invalid address (0x656d616e75) in action #6 at DIF offset 88
     dtrace: error on enabled probe ID 128 (ID 286: syscall::execve:entry): invalid address (0x656d616e75) in action #6 at DIF offset 88
     dtrace: error on enabled probe ID 128 (ID 286: syscall::execve:entry): invalid address (0x656d616e75) in action #6 at DIF offset 88
     dtrace: error on enabled probe ID 128 (ID 286: syscall::execve:entry): invalid address (0x656d616e75) in action #6 at DIF offset 88
     dtrace: error on enabled probe ID 128 (ID 286: syscall::execve:entry): invalid address (0x656d616e75) in action #6 at DIF offset 88
     dtrace: error on enabled probe ID 128 (ID 286: syscall::execve:entry): invalid address (0x656d616e75) in action #6 at DIF offset 88
     dtrace: error on enabled probe ID 128 (ID 286: syscall::execve:entry): invalid address (0x656d616e75) in action #6 at DIF offset 88
     dtrace: error on enabled probe ID 128 (ID 286: syscall::execve:entry): invalid address (0x656d616e75) in action #6 at DIF offset 88
     dtrace: error on enabled probe ID 128 (ID 286: syscall::execve:entry): invalid address (0x656d616e75) in action #6 at DIF offset 88
     dtrace: error on enabled probe ID 128 (ID 286: syscall::execve:entry): invalid address (0x656d616e75) in action #6 at DIF offset 88
     dtrace: error on enabled probe ID 128 (ID 286: syscall::execve:entry): invalid address (0x656d616e75) in action #6 at DIF offset 88
     dtrace: error on enabled probe ID 128 (ID 286: syscall::execve:entry): invalid address (0x656d616e75) in action #6 at DIF offset 88
     dtrace: error on enabled probe ID 128 (ID 286: syscall::execve:entry): invalid address (0x656d616e75) in action #6 at DIF offset 88
     dtrace: error on enabled probe ID 128 (ID 286: syscall::execve:entry): invalid address (0x656d616e75) in action #6 at DIF offset 88
     dtrace: error on enabled probe ID 128 (ID 286: syscall::execve:entry): invalid address (0x656d616e75) in action #6 at DIF offset 88
     dtrace: error on enabled probe ID 128 (ID 286: syscall::execve:entry): invalid address (0x656d616e75) in action #6 at DIF offset 88
     dtrace: error on enabled probe ID 128 (ID 286: syscall::execve:entry): invalid address (0x656d616e75) in action #6 at DIF offset 88
  OBSERVE   rc=0 dtrace_rc=0 files=123 (pre=104) trace=105515 lines
  CLOSURE   8 packages evicted per arm   store=/Users/runner/.cache/nub/pm/store
  RAWLOG-FILE /Users/runner/v2m-cHJKdU/Observe/trace.txt.gz
  RAWLOG-CAPTURE /Users/runner/v2m-cHJKdU/Observe/capture.json
  RAWLOG-BYTES raw=18177912 gz=563344
  VENUE-INTERPRETER /Users/runner/hostedtoolcache/node/22.23.2/arm64
  VENUE-OVERRIDES {"set":{"PATH":"inherited-and-forwarded","HOME":"/Users/runner/v2m-cHJKdU/jailhome","TMPDIR":"/private/var/folders/bl/vzjcvbz95c3dk19cb0fw46180000gn/T/nub-tmp-obscQsOqM","NODE_COMPAT":"1","PYTHONDONTWRITEBYTECODE":"1","PLAYWRIGHT_BROWSERS_PATH":"/Users/runner/.cache/nub/pm/tools/ms-playwright","ELECTRON_CACHE":"/Users/runner/.cache/nub/pm/tools/electron-cache","electron_config_cache":"/Users/runner/.cache/nub/pm/tools/electron-cache","npm_config_prefix":"/Users/runner/.cache/nub/pm/tools/npm-prefix"},"unset":["(sudo env_reset discards the caller environment; every var above is re-set after it)","CI","GITHUB_ACTIONS"],"passedThrough":{"CI":"true","GITHUB_ACTIONS":"true","NODE_ENV":null}}
  VENUE-OBSERVE-USER runner uid=501 (R7: ordinary non-root user, asserted)
  ARM-FALSIFIABILITY {"manifestFiles":40,"filesTheScriptProduced":17,"reasons":["rc-vacuous"]}
  ⛔ ARMS-UNFALSIFIABLE — a green arm for this package carries no evidence:
       rc-vacuous: `install` ends in a status-swallowing construct (`node-gyp-build || exit 0`), so its exit code is 0 whether the work succeeded or failed
       The grant may still be correct; what is missing is a signal that could have gone
       red. Do not read this record's MINIMAL as a passing measurement.
  EVENTLOG-FILE /Users/runner/v2m-cHJKdU/Observe/events.ndjson.gz
  EVENTLOG-STATS {"lines":105516,"parsed":105430,"unparsed":0,"live":true,"tracerErrors":37,"tracerErrorTotal":37,"unresolvedDirfd":582,"unresolvedFd":0,"pairedTwoPath":547,"danglingPair":0,"failed":34756,"enoent":13631,"refusals":0,"byErrno":{"ENXIO":58,"ENOENT":13631,"EINVAL":4,"EEXIST":20462,"ENOTEMPTY":601},"procs":117,"lifecyclePids":55,"distinctEvents":51995,"emitted":51995,"calls":104530,"bytes":10932870,"gzipBytes":275520,"out":"/Users/runner/v2m-cHJKdU/Observe/events.ndjson"}
  == TRACER == live=true decodable-events=44185 dropped-events=37
    NOTE 388 relative path(s) under a non-AT_FDCWD dirfd were not
       scope-assigned: resolving them against the cwd would invent a path.
    ⛔ CWD-UNOBSERVED 156 relative path(s) (14 write(s)) came from a lifecycle
       process whose own cwd was never observed
       macOS spawns with posix_spawn addchdir_np, which changes directory in-kernel and
       emits no chdir syscall, so the inherited cwd cannot be trusted. These are NOT
       scope-assigned; the grant below is WIDENED instead so it covers wherever they landed.
         pid=26264 read  unproven .
         pid=26266 read  unproven .
         pid=26275 read  unproven .
         pid=26288 read  unproven .
         pid=26289 read  unproven .
         pid=26295 read  unproven .
         pid=26295 read  unproven .
         pid=26295 read  unproven .
         pid=26295 read  unproven .
         pid=26295 read  unproven .
         … and 146 more
    CWD-UNPLACEABLE-WRITES ["./Release/.deps/Release/obj.target/addon/src/addon.o.d.raw","./Release/.deps/Release/obj.target/addon/src/blake224.o.d.raw","./Release/.deps/Release/obj.target/addon/src/blake256.o.d.raw","./Release/.deps/Release/obj.target/addon/src/blake384.o.d.raw","./Release/.deps/Release/obj.target/addon/src/blake512.o.d.raw","Release","Release/obj.target","Release/obj.target/addon","Release/obj.target/addon/src"]
    CWD-RESOLVED 35 relative path(s) placed against the package dir
       and CONFIRMED by an artifact present after the run — not assumed.
    ⛔ THE TRACER DROPPED 37 EVENT(S). A dropped event is a path never
       seen, so the grant below can only be too NARROW — the direction that breaks installs.
       Treat it as a FLOOR, not a measurement, until the adapter fault is fixed:
            25 x  epid=128 action=6 fault=1 addr=0x656d616e75
             5 x  epid=128 action=1 fault=1 addr=0x103fb6490
             1 x  epid=128 action=1 fault=1 addr=0x6000016e8000
             1 x  epid=128 action=5 fault=1 addr=0x6000033600e0
             1 x  epid=53 action=10 fault=1 addr=0x600000320000
             1 x  epid=128 action=1 fault=1 addr=0x104321150
             1 x  epid=8 action=9 fault=1 addr=0x12ff0e200
             1 x  epid=8 action=9 fault=1 addr=0x12ff10310
             1 x  epid=8 action=9 fault=1 addr=0x12fe09aa0
  == ATTRIBUTION == lifecycle pids: 55
    writes  script 6693  /  whole traced subtree 7783
    sockets script 1  /  whole traced subtree 2
  == ROOTS (from /Users/runner/v2m-cHJKdU/Observe/capture.json; the classifier reads no other source) ==
    project       /Users/runner/v2m-cHJKdU/Observe
    home          /Users/runner
    jailHome      /Users/runner/v2m-cHJKdU/jailhome
    globalStore   /Users/runner/.cache/nub/pm/store
    projectStore  /Users/runner/v2m-cHJKdU/Observe/node_modules/.store
    interpreter   /Users/runner/hostedtoolcache/node/22.23.2/arm64
    toolsDir      /Users/runner/.cache/nub/pm/tools
    temp          /private/var/folders/bl/vzjcvbz95c3dk19cb0fw46180000gn/T/nub-tmp-obscQsOqM
    npmPrefix     /Users/runner/.cache/nub/pm/tools/npm-prefix
    ownPkg        /Users/runner/v2m-cHJKdU/Observe/node_modules/blake-hash
    cwd           (null — this platform has no such root)
  == WRITES the script actually performed ==
    systemfs      1
        /dev/dtracehelper
    jailHome   3329  (base profile already grants this — NOT billed)
        /Users/runner/v2m-cHJKdU/jailhome/Library
        /Users/runner/v2m-cHJKdU/jailhome/Library/Caches
        /Users/runner/v2m-cHJKdU/jailhome/Library/Caches/node-gyp
        /Users/runner/v2m-cHJKdU/jailhome/Library/Caches/node-gyp/22.23.2
        /Users/runner/v2m-cHJKdU/jailhome/Library/Caches/node-gyp/22.23.2/include
        /Users/runner/v2m-cHJKdU/jailhome/Library/Caches/node-gyp/22.23.2/include/node
        /Users/runner/v2m-cHJKdU/jailhome/Library/Caches/node-gyp/22.23.2/include/node/common.gypi
        /Users/runner/v2m-cHJKdU/jailhome/Library/Caches/node-gyp/22.23.2/include/node/config.gypi
        /Users/runner/v2m-cHJKdU/jailhome/Library/Caches/node-gyp/22.23.2/include/node/cppgc
        /Users/runner/v2m-cHJKdU/jailhome/Library/Caches/node-gyp/22.23.2/include/node/cppgc/allocation.h
        … and 3319 more
    jailTmp    3326  (base profile already grants this — NOT billed)
        /private/var/folders/bl/vzjcvbz95c3dk19cb0fw46180000gn/T/nub-tmp-obscQsOqM/node-gyp-tmp-FMAS8B
        /private/var/folders/bl/vzjcvbz95c3dk19cb0fw46180000gn/T/nub-tmp-obscQsOqM/node-gyp-tmp-FMAS8B/include
        /private/var/folders/bl/vzjcvbz95c3dk19cb0fw46180000gn/T/nub-tmp-obscQsOqM/node-gyp-tmp-FMAS8B/include/node
        /private/var/folders/bl/vzjcvbz95c3dk19cb0fw46180000gn/T/nub-tmp-obscQsOqM/node-gyp-tmp-FMAS8B/include/node/v8-locker.h
        /private/var/folders/bl/vzjcvbz95c3dk19cb0fw46180000gn/T/nub-tmp-obscQsOqM/node-gyp-tmp-FMAS8B/include/node/zconf.h
        /private/var/folders/bl/vzjcvbz95c3dk19cb0fw46180000gn/T/nub-tmp-obscQsOqM/node-gyp-tmp-FMAS8B/include/node/v8config.h
        /private/var/folders/bl/vzjcvbz95c3dk19cb0fw46180000gn/T/nub-tmp-obscQsOqM/node-gyp-tmp-FMAS8B/include/node/common.gypi
        /private/var/folders/bl/vzjcvbz95c3dk19cb0fw46180000gn/T/nub-tmp-obscQsOqM/node-gyp-tmp-FMAS8B/include/node/v8-object.h
        /private/var/folders/bl/vzjcvbz95c3dk19cb0fw46180000gn/T/nub-tmp-obscQsOqM/node-gyp-tmp-FMAS8B/include/node/v8-forward.h
        /private/var/folders/bl/vzjcvbz95c3dk19cb0fw46180000gn/T/nub-tmp-obscQsOqM/node-gyp-tmp-FMAS8B/include/node/v8-profiler.h
        … and 3316 more
    ownPkg       35  (base profile already grants this — NOT billed)
        /Users/runner/v2m-cHJKdU/Observe/node_modules/blake-hash/build
        /Users/runner/v2m-cHJKdU/Observe/node_modules/blake-hash/build/config.gypi
        /Users/runner/v2m-cHJKdU/Observe/node_modules/blake-hash/build/Makefile
        /Users/runner/v2m-cHJKdU/Observe/node_modules/blake-hash/build/gyp-mac-tool
        /Users/runner/v2m-cHJKdU/Observe/node_modules/blake-hash/build/addon.target.mk
        /Users/runner/v2m-cHJKdU/Observe/node_modules/blake-hash/build/binding.Makefile
        /Users/runner/v2m-cHJKdU/Observe/node_modules/blake-hash/build/node_gyp_bins
        /Users/runner/v2m-cHJKdU/Observe/node_modules/blake-hash/build/node_gyp_bins/python3
        /Users/runner/v2m-cHJKdU/Observe/node_modules/blake-hash/build/Release/.deps
        /Users/runner/v2m-cHJKdU/Observe/node_modules/blake-hash/build/Release/.deps/Release
        … and 25 more
    outside       2
        /var/folders/bl/vzjcvbz95c3dk19cb0fw46180000gn/T/xcrun_db-nf86NJPP
        /var/folders/bl/vzjcvbz95c3dk19cb0fw46180000gn/T/xcrun_db
  == READS the script performed, by scope ==
    outside     952
    systemfs    617
    userHome    307
    deps         10
    ownPkg       13
    bytecode    107
    jailTmp    3326
    jailHome      5
        outside: /
        outside: /bin/bash
        outside: /bin
        outside: /usr/bin/env
        outside: /usr/bin
        outside: /bin/sh
        outside: /var/db/timezone/icutz/icutz44l.dat
        outside: /etc/localtime
        outside: /var/db/timezone/zoneinfo/posixrules
        outside: /opt/homebrew/Cellar/python@3.14/3.14.7/Frameworks/Python.framework/Versions/3.14/bin/python3.14
  == NETWORK ==
    AF_INET connects: 1   distinct peers: 1
        104.16.212.131:443
  == REFUSALS (errno EPERM/EACCES/EROFS only; ENOENT is a miss, not a denial) ==
    distinct: 0
  == SYNTHESIZED GRANT (verify this in the real unprivileged jail) ==
    {"write":{"deps":true,"project":true},"network":true,"writePaths":["Library/Caches/node-gyp"]}
    ⛔ 2 writes OUTSIDE project/home — no scope covers these; inspect before granting
  == writePaths (DERIVED — promotion out of the package's PRIVATE home) ==
    private-home writes observed: 3329
        Library/Caches/node-gyp
  == writePaths FEASIBILITY (distinct writes outside project/deps) ==
    count: 2
        /var/folders/bl/vzjcvbz95c3dk19cb0fw46180000gn/T/xcrun_db-nf86NJPP
        /var/folders/bl/vzjcvbz95c3dk19cb0fw46180000gn/T/xcrun_db
  EVICT[synth] 9 store entries removed, 0 spared as nub tooling, 407 in store
OSV-SCREEN {"schemaVersion":1,"kind":"nub-synth-resolved","status":"clean","digest":"bf2a53a94c603391edad49d463b83c3ef1f6b9ef7607529f8c799ae8aefb0301","specCount":8,"lockfiles":{"digest":"587c8771a0a321424fdc3e4e4f18c302550bd0a9e24f532f27e451f5decd232f","files":[{"path":"nub.lock","sha256":"30150283f736e2d88ebb7c10601eda6690f2cf60b2584e3e6c6739e74512955c","bytes":1925}]},"maliciousAdvisories":[],"screenedAt":"2026-09-08T03:19:23.055Z","cacheHit":true,"clearancePath":"/Users/runner/v2m-cHJKdU/security/nub-synth-resolved.json"}
  SECURITY nub-synth-resolved clean: 8 exact package-version(s), tree bf2a53a94c60 (cached exact-tree clearance)
  VENUE-STORE-LAYOUT isolated
  VERIFY[synth] rc=0 artifacts=40/40 missing=0 shortfall=none (tree 350/123) OVERRIDDEN=3 REJECTED=0 grant={"write":{"deps":true,"project":true},"network":true,"writePaths":["Library/Caches/node-gyp"]}
  => VERIFIED {"write":{"deps":true,"project":true},"network":true,"writePaths":["Library/Caches/node-gyp"]}
  EVICT[nar-no-network] 8 store entries removed, 0 spared as nub tooling, 406 in store
OSV-SCREEN {"schemaVersion":1,"kind":"nub-nar-no-network-resolved","status":"clean","digest":"bf2a53a94c603391edad49d463b83c3ef1f6b9ef7607529f8c799ae8aefb0301","specCount":8,"lockfiles":{"digest":"587c8771a0a321424fdc3e4e4f18c302550bd0a9e24f532f27e451f5decd232f","files":[{"path":"nub.lock","sha256":"30150283f736e2d88ebb7c10601eda6690f2cf60b2584e3e6c6739e74512955c","bytes":1925}]},"maliciousAdvisories":[],"screenedAt":"2026-09-08T03:19:23.055Z","cacheHit":true,"clearancePath":"/Users/runner/v2m-cHJKdU/security/nub-nar-no-network-resolved.json"}
  SECURITY nub-nar-no-network-resolved clean: 8 exact package-version(s), tree bf2a53a94c60 (cached exact-tree clearance)
  VERIFY[nar-no-network] rc=0 artifacts=40/40 missing=0 shortfall=none (tree 350/123) OVERRIDDEN=3 REJECTED=0 grant={"write":{"deps":true,"project":true},"writePaths":["Library/Caches/node-gyp"]}
     ⛔ OVER-PREDICTED — the strictly narrower {"write":{"deps":true,"project":true},"writePaths":["Library/Caches/node-gyp"]} also verifies; 'no-network' was not needed
  EVICT[nar-no-write-deps] 8 store entries removed, 0 spared as nub tooling, 406 in store
OSV-SCREEN {"schemaVersion":1,"kind":"nub-nar-no-write-deps-resolved","status":"clean","digest":"bf2a53a94c603391edad49d463b83c3ef1f6b9ef7607529f8c799ae8aefb0301","specCount":8,"lockfiles":{"digest":"587c8771a0a321424fdc3e4e4f18c302550bd0a9e24f532f27e451f5decd232f","files":[{"path":"nub.lock","sha256":"30150283f736e2d88ebb7c10601eda6690f2cf60b2584e3e6c6739e74512955c","bytes":1925}]},"maliciousAdvisories":[],"screenedAt":"2026-09-08T03:19:23.055Z","cacheHit":true,"clearancePath":"/Users/runner/v2m-cHJKdU/security/nub-nar-no-write-deps-resolved.json"}
  SECURITY nub-nar-no-write-deps-resolved clean: 8 exact package-version(s), tree bf2a53a94c60 (cached exact-tree clearance)
  VERIFY[nar-no-write-deps] rc=0 artifacts=40/40 missing=0 shortfall=none (tree 350/123) OVERRIDDEN=3 REJECTED=0 grant={"write":{"project":true},"network":true,"writePaths":["Library/Caches/node-gyp"]}
     ⛔ OVER-PREDICTED — the strictly narrower {"write":{"project":true},"network":true,"writePaths":["Library/Caches/node-gyp"]} also verifies; 'no-write-deps' was not needed
  EVICT[nar-no-write-project] 8 store entries removed, 0 spared as nub tooling, 406 in store
OSV-SCREEN {"schemaVersion":1,"kind":"nub-nar-no-write-project-resolved","status":"clean","digest":"bf2a53a94c603391edad49d463b83c3ef1f6b9ef7607529f8c799ae8aefb0301","specCount":8,"lockfiles":{"digest":"587c8771a0a321424fdc3e4e4f18c302550bd0a9e24f532f27e451f5decd232f","files":[{"path":"nub.lock","sha256":"30150283f736e2d88ebb7c10601eda6690f2cf60b2584e3e6c6739e74512955c","bytes":1925}]},"maliciousAdvisories":[],"screenedAt":"2026-09-08T03:19:23.055Z","cacheHit":true,"clearancePath":"/Users/runner/v2m-cHJKdU/security/nub-nar-no-write-project-resolved.json"}
  SECURITY nub-nar-no-write-project-resolved clean: 8 exact package-version(s), tree bf2a53a94c60 (cached exact-tree clearance)
  VERIFY[nar-no-write-project] rc=0 artifacts=40/40 missing=0 shortfall=none (tree 350/123) OVERRIDDEN=3 REJECTED=0 grant={"write":{"deps":true},"network":true,"writePaths":["Library/Caches/node-gyp"]}
     ⛔ OVER-PREDICTED — the strictly narrower {"write":{"deps":true},"network":true,"writePaths":["Library/Caches/node-gyp"]} also verifies; 'no-write-project' was not needed
  EVICT[joint-narrow] 8 store entries removed, 0 spared as nub tooling, 406 in store
OSV-SCREEN {"schemaVersion":1,"kind":"nub-joint-narrow-resolved","status":"clean","digest":"bf2a53a94c603391edad49d463b83c3ef1f6b9ef7607529f8c799ae8aefb0301","specCount":8,"lockfiles":{"digest":"587c8771a0a321424fdc3e4e4f18c302550bd0a9e24f532f27e451f5decd232f","files":[{"path":"nub.lock","sha256":"30150283f736e2d88ebb7c10601eda6690f2cf60b2584e3e6c6739e74512955c","bytes":1925}]},"maliciousAdvisories":[],"screenedAt":"2026-09-08T03:19:23.055Z","cacheHit":true,"clearancePath":"/Users/runner/v2m-cHJKdU/security/nub-joint-narrow-resolved.json"}
  SECURITY nub-joint-narrow-resolved clean: 8 exact package-version(s), tree bf2a53a94c60 (cached exact-tree clearance)
  VERIFY[joint-narrow] rc=0 artifacts=40/40 missing=0 shortfall=none (tree 350/123) OVERRIDDEN=3 REJECTED=0 grant={"writePaths":["Library/Caches/node-gyp"]}
  => JOINT-NARROW VERIFIED {"writePaths":["Library/Caches/node-gyp"]} — all 3 capabilities drop TOGETHER, measured
### DONE blake-hash@2.0.0  synthesized={"write":{"deps":true,"project":true},"network":true,"writePaths":["Library/Caches/node-gyp"]} verified=1
