### hugo-extended@0.110.0   (D:\jail\m-hugoextended-mtsd06e8)
  CI-ENV scrubbed: CI GITHUB_ACTIONS
OSV-SCREEN {"schemaVersion":1,"kind":"direct","status":"clean","digest":"19b57bd39b807442220d9db37ae6d1b00d355d9a0fa5372ad64a6911d71f3e54","specCount":1,"lockfiles":{"digest":null,"files":[]},"maliciousAdvisories":[],"screenedAt":"2026-09-08T07:39:54.361Z","cacheHit":false,"clearancePath":"D:\\jail\\m-hugoextended-mtsd06e8\\security\\direct.json"}
  SECURITY direct clean: 1 exact package-version(s), tree 19b57bd39b80
OSV-SCREEN {"schemaVersion":1,"kind":"npm-observe-resolved","status":"clean","digest":"4322f822352a3c1a406bdc5ea7dd5f9b88d345cb4778fcda6d5c83ca879aee87","specCount":191,"lockfiles":{"digest":"551e781b9ebaa8296a98a0d9d63e38cd40ec23359a58fdc21712102d4b0cb356","files":[{"path":"package-lock.json","sha256":"251d3868da6ebcc9fced0d797e6e716b2d8b4b369e244b7a6346e86b3d514e24","bytes":82336}]},"maliciousAdvisories":[],"screenedAt":"2026-09-08T07:40:01.934Z","cacheHit":false,"clearancePath":"D:\\jail\\m-hugoextended-mtsd06e8\\security\\npm-observe-resolved.json"}
  SECURITY npm-observe-resolved clean: 191 exact package-version(s), tree 4322f822352a
  CAPTURE user=runnervmeef0v\runneradmin elevated=True rootPid=3300 exit=0 events=38967 lost=0
  VENUE-OBSERVE-USER runnervmeef0v\runneradmin elevated=true privDropped={"SeBackupPrivilege":"removed","SeRestorePrivilege":"removed","SeTakeOwnershipPrivilege":"removed"}
  OBSERVE artifacts: 12 files  (D:\jail\m-hugoextended-mtsd06e8\observe\node_modules\hugo-extended)
  ARM-FALSIFIABILITY {"manifestFiles":12,"filesTheScriptProduced":3,"reasons":[]}
  CLOSURE 181 packages evicted per arm
  8.3 MAP 0 components resolved on runnervmeef0v, folded into capture.json
  == ROOTS (from capture.json — R2: no ambient reads) ==
    project       D:\jail\m-hugoextended-mtsd06e8\observe   [keyed on]
    home          C:\Users\runneradmin   [keyed on]
    jailHome      (null — declared inapplicable)
    globalStore   C:\Users\runneradmin\AppData\Local\nub\pm\store
    projectStore  D:\jail\m-hugoextended-mtsd06e8\observe\node_modules\.store
    interpreter   C:\hostedtoolcache\windows\node\22.23.2\x64\node.exe
    toolsDir      C:\Users\runneradmin\AppData\Local\nub\pm\tools
    temp          D:\jail\m-hugoextended-mtsd06e8\tmp   [keyed on]
    npmPrefix     (null — declared inapplicable)
    ownPkg        D:\jail\m-hugoextended-mtsd06e8\observe\node_modules\hugo-extended
  == ATTRIBUTION == lifecycle pids: 3 (root 3300)
    writes  script 7  /  whole traced tree 21
    peers   script 2  /  whole traced tree 2
  == WRITES ==
    jailTmp       3
    deps          4
  == READS ==
    deps        554
    outside       6
    project       1
    systemfs     45
    jailTmp       3
  == NETWORK ==
    distinct peers: 2
        140.82.113.4:443
        185.199.111.133:443
  == REFUSALS (adapter-classified) ==
    distinct: 0
  == SYNTHESIZED GRANT (verify this in the real unprivileged jail) ==
    {"write":{"deps":true},"network":true}
    NOTE 3 writes into the DECLARED private temp -- the base profile grants
         that directory unconditionally (preset.rs `$tmp`=rw), so they widen nothing.
  RAW       etw-raw.xml.gz  49979787 B xml -> 727535 B gz (68.7x)  sha256 1855243d0474464f…
  HEADER    etw-header.json (5096 bytes)
  DERIVED   7957 distinct from 12322 kept ops (38967 xml events, 3240 out of subtree)
  PROCS     5   thread-reattributed 0
  ⛔ 2 operations with NO OperationEnd — kept, status marked unknown
  8.3       0 expanded, 0 kept short, 0 not covered  [map: recorded 8.3 map (0 components, resolved on runnervmeef0v)]
  wrote events.ndjson.gz (98267 bytes)
  RAWLOG-CAPTURE D:\jail\m-hugoextended-mtsd06e8\cap\capture.json
  VENUE-NUB-BINARY {"path":"C:/Users/RUNNER~1/AppData/Local/Temp/nub/target/release/nub.exe","sha256":"f186817a44be332fee712b4936a071a0b5f9cde18a1d2fdc3a791729d4bf1005","bytes":68717056,"features":{"buildJailCatalogOverride":true,"pythonDontWriteBytecodeEnv":true}}
  VENUE-INTERPRETER C:\hostedtoolcache\windows\node\22.23.2\x64\node.exe
  VENUE-JAIL-ROOT D:\jail\m-hugoextended-mtsd06e8
  VENUE-OVERRIDES {"set":{"npm_config_cache":"D:\\jail\\m-hugoextended-mtsd06e8\\npm-cache","TMP":"D:\\jail\\m-hugoextended-mtsd06e8\\tmp","TEMP":"D:\\jail\\m-hugoextended-mtsd06e8\\tmp","TMPDIR":"D:\\jail\\m-hugoextended-mtsd06e8\\tmp"},"unset":["CI","GITHUB_ACTIONS"],"notRedirected":{"USERPROFILE":"C:\\Users\\runneradmin","why":"the jail leaves HOME/USERPROFILE alone — `build_jail.rs` sandbox_homes() reads the ambient value and `compiler/defaults.rs` BASELINE_ENV_EXACT passes it through — so there is no private jail home to reproduce and redirecting one would measure an environment no confined script sees"},"passedThrough":{"CI":"true","GITHUB_ACTIONS":"true","NODE_ENV":null}}
  STORE   isolated virtual store at D:\jail\m-hugoextended-mtsd06e8\verify-synth\.cache
  VENUE-STORE-LAYOUT isolated
OSV-SCREEN {"schemaVersion":1,"kind":"nub-synth-resolved","status":"clean","digest":"771d6b0ca178e7267f2fbdbff21d5f257c71019b3071e3af41ad8402524d5595","specCount":191,"lockfiles":{"digest":"b3a61a112ccb9068fdfd5f6e89a113b41dcd06e7374a56a34b8d9a3fee426d34","files":[{"path":"nub.lock","sha256":"d01295f1144a44f1aee832a77bb498c5d4ffa33973710aa094e6520bfcae73d7","bytes":46050}]},"maliciousAdvisories":[],"screenedAt":"2026-09-08T07:40:15.445Z","cacheHit":false,"clearancePath":"D:\\jail\\m-hugoextended-mtsd06e8\\security\\nub-synth-resolved.json"}
  SECURITY nub-synth-resolved clean: 191 exact package-version(s), tree 771d6b0ca178
  VERIFY[synth] rc=1 artifacts=9/12 missing=3 shortfall=a63fd828aa49 (tree 8244/1763) OVERRIDDEN=2 REJECTED=0 grant={"write":{"deps":true},"network":true}
     missing artifacts: vendor/hugo.exe, vendor/LICENSE, vendor/README.md
  synthesized grant did not verify -- falling back to a bounded ladder
  STORE   isolated virtual store at D:\jail\m-hugoextended-mtsd06e8\verify-fb0\.cache
OSV-SCREEN {"schemaVersion":1,"kind":"nub-fb0-resolved","status":"clean","digest":"771d6b0ca178e7267f2fbdbff21d5f257c71019b3071e3af41ad8402524d5595","specCount":191,"lockfiles":{"digest":"b3a61a112ccb9068fdfd5f6e89a113b41dcd06e7374a56a34b8d9a3fee426d34","files":[{"path":"nub.lock","sha256":"d01295f1144a44f1aee832a77bb498c5d4ffa33973710aa094e6520bfcae73d7","bytes":46050}]},"maliciousAdvisories":[],"screenedAt":"2026-09-08T07:40:15.445Z","cacheHit":true,"clearancePath":"D:\\jail\\m-hugoextended-mtsd06e8\\security\\nub-fb0-resolved.json"}
  SECURITY nub-fb0-resolved clean: 191 exact package-version(s), tree 771d6b0ca178 (cached exact-tree clearance)
  VERIFY[fb0] rc=0 artifacts=12/12 missing=0 shortfall=none (tree 8247/1763) OVERRIDDEN=2 REJECTED=0 grant={"write":{"deps":true,"project":true,"userHome":true},"network":true}
  => MINIMUM {"write":{"deps":true,"project":true,"userHome":true},"network":true}   (ladder fallback; synthesized grant was insufficient)
  !! OBSERVE UNDER-PREDICTED -- the gap between {"write":{"deps":true},"network":true} and this is what the trace missed
  STORE   isolated virtual store at D:\jail\m-hugoextended-mtsd06e8\verify-nar-no-network\.cache
OSV-SCREEN {"schemaVersion":1,"kind":"nub-nar-no-network-resolved","status":"clean","digest":"771d6b0ca178e7267f2fbdbff21d5f257c71019b3071e3af41ad8402524d5595","specCount":191,"lockfiles":{"digest":"b3a61a112ccb9068fdfd5f6e89a113b41dcd06e7374a56a34b8d9a3fee426d34","files":[{"path":"nub.lock","sha256":"d01295f1144a44f1aee832a77bb498c5d4ffa33973710aa094e6520bfcae73d7","bytes":46050}]},"maliciousAdvisories":[],"screenedAt":"2026-09-08T07:40:15.445Z","cacheHit":true,"clearancePath":"D:\\jail\\m-hugoextended-mtsd06e8\\security\\nub-nar-no-network-resolved.json"}
  SECURITY nub-nar-no-network-resolved clean: 191 exact package-version(s), tree 771d6b0ca178 (cached exact-tree clearance)
  VERIFY[nar-no-network] rc=1 artifacts=9/12 missing=3 shortfall=a63fd828aa49 (tree 8244/1763) OVERRIDDEN=2 REJECTED=0 grant={"write":{"deps":true,"project":true,"userHome":true}}
     missing artifacts: vendor/hugo.exe, vendor/LICENSE, vendor/README.md
     'no-network' is NECESSARY — dropping it fails to verify
  STORE   isolated virtual store at D:\jail\m-hugoextended-mtsd06e8\verify-nar-no-write-deps\.cache
OSV-SCREEN {"schemaVersion":1,"kind":"nub-nar-no-write-deps-resolved","status":"clean","digest":"771d6b0ca178e7267f2fbdbff21d5f257c71019b3071e3af41ad8402524d5595","specCount":191,"lockfiles":{"digest":"b3a61a112ccb9068fdfd5f6e89a113b41dcd06e7374a56a34b8d9a3fee426d34","files":[{"path":"nub.lock","sha256":"d01295f1144a44f1aee832a77bb498c5d4ffa33973710aa094e6520bfcae73d7","bytes":46050}]},"maliciousAdvisories":[],"screenedAt":"2026-09-08T07:40:15.445Z","cacheHit":true,"clearancePath":"D:\\jail\\m-hugoextended-mtsd06e8\\security\\nub-nar-no-write-deps-resolved.json"}
  SECURITY nub-nar-no-write-deps-resolved clean: 191 exact package-version(s), tree 771d6b0ca178 (cached exact-tree clearance)
  VERIFY[nar-no-write-deps] rc=0 artifacts=12/12 missing=0 shortfall=none (tree 8247/1763) OVERRIDDEN=2 REJECTED=0 grant={"write":{"project":true,"userHome":true},"network":true}
     ⛔ OVER-PREDICTED — the strictly narrower {"write":{"project":true,"userHome":true},"network":true} also verifies; 'no-write-deps' was not needed
  STORE   isolated virtual store at D:\jail\m-hugoextended-mtsd06e8\verify-nar-no-write-project\.cache
OSV-SCREEN {"schemaVersion":1,"kind":"nub-nar-no-write-project-resolved","status":"clean","digest":"771d6b0ca178e7267f2fbdbff21d5f257c71019b3071e3af41ad8402524d5595","specCount":191,"lockfiles":{"digest":"b3a61a112ccb9068fdfd5f6e89a113b41dcd06e7374a56a34b8d9a3fee426d34","files":[{"path":"nub.lock","sha256":"d01295f1144a44f1aee832a77bb498c5d4ffa33973710aa094e6520bfcae73d7","bytes":46050}]},"maliciousAdvisories":[],"screenedAt":"2026-09-08T07:40:15.445Z","cacheHit":true,"clearancePath":"D:\\jail\\m-hugoextended-mtsd06e8\\security\\nub-nar-no-write-project-resolved.json"}
  SECURITY nub-nar-no-write-project-resolved clean: 191 exact package-version(s), tree 771d6b0ca178 (cached exact-tree clearance)
  VERIFY[nar-no-write-project] rc=0 artifacts=12/12 missing=0 shortfall=none (tree 8247/1763) OVERRIDDEN=2 REJECTED=0 grant={"write":{"deps":true,"userHome":true},"network":true}
     ⛔ OVER-PREDICTED — the strictly narrower {"write":{"deps":true,"userHome":true},"network":true} also verifies; 'no-write-project' was not needed
  STORE   isolated virtual store at D:\jail\m-hugoextended-mtsd06e8\verify-nar-no-write-userHome\.cache
OSV-SCREEN {"schemaVersion":1,"kind":"nub-nar-no-write-userHome-resolved","status":"clean","digest":"771d6b0ca178e7267f2fbdbff21d5f257c71019b3071e3af41ad8402524d5595","specCount":191,"lockfiles":{"digest":"b3a61a112ccb9068fdfd5f6e89a113b41dcd06e7374a56a34b8d9a3fee426d34","files":[{"path":"nub.lock","sha256":"d01295f1144a44f1aee832a77bb498c5d4ffa33973710aa094e6520bfcae73d7","bytes":46050}]},"maliciousAdvisories":[],"screenedAt":"2026-09-08T07:40:15.445Z","cacheHit":true,"clearancePath":"D:\\jail\\m-hugoextended-mtsd06e8\\security\\nub-nar-no-write-userHome-resolved.json"}
  SECURITY nub-nar-no-write-userHome-resolved clean: 191 exact package-version(s), tree 771d6b0ca178 (cached exact-tree clearance)
  VERIFY[nar-no-write-userHome] rc=1 artifacts=9/12 missing=3 shortfall=a63fd828aa49 (tree 8244/1763) OVERRIDDEN=2 REJECTED=0 grant={"write":{"deps":true,"project":true},"network":true}
     missing artifacts: vendor/hugo.exe, vendor/LICENSE, vendor/README.md
     'no-write-userHome' is NECESSARY — dropping it fails to verify
  STORE   isolated virtual store at D:\jail\m-hugoextended-mtsd06e8\verify-joint-narrow\.cache
OSV-SCREEN {"schemaVersion":1,"kind":"nub-joint-narrow-resolved","status":"clean","digest":"771d6b0ca178e7267f2fbdbff21d5f257c71019b3071e3af41ad8402524d5595","specCount":191,"lockfiles":{"digest":"b3a61a112ccb9068fdfd5f6e89a113b41dcd06e7374a56a34b8d9a3fee426d34","files":[{"path":"nub.lock","sha256":"d01295f1144a44f1aee832a77bb498c5d4ffa33973710aa094e6520bfcae73d7","bytes":46050}]},"maliciousAdvisories":[],"screenedAt":"2026-09-08T07:40:15.445Z","cacheHit":true,"clearancePath":"D:\\jail\\m-hugoextended-mtsd06e8\\security\\nub-joint-narrow-resolved.json"}
  SECURITY nub-joint-narrow-resolved clean: 191 exact package-version(s), tree 771d6b0ca178 (cached exact-tree clearance)
  VERIFY[joint-narrow] rc=0 artifacts=12/12 missing=0 shortfall=none (tree 8247/1763) OVERRIDDEN=2 REJECTED=0 grant={"write":{"userHome":true},"network":true}
  => JOINT-NARROW VERIFIED {"write":{"userHome":true},"network":true} — all 2 capabilities drop TOGETHER, measured
