### apify-client@2.25.0   (/home/runner/v2-M4ctT1)
  CI-ENV scrubbed: CI GITHUB_ACTIONS
OSV-SCREEN {"schemaVersion":1,"kind":"direct","status":"clean","digest":"acb118471298974bef15fe7c8c467029b69d98512ee28eac97796640232b0aac","specCount":1,"lockfiles":{"digest":null,"files":[]},"maliciousAdvisories":[],"screenedAt":"2026-09-09T04:55:33.918Z","cacheHit":false,"clearancePath":"/home/runner/v2-M4ctT1/security/direct.json"}
  SECURITY direct clean: 1 exact package-version(s), tree acb118471298
  VENUE-OBSERVE-USER {"uid":1001,"user":"runner","umask":"0022","capBnd":"000001ffffffffff","noNewPrivs":"0"}
  VENUE-NUB-BINARY {"path":"/tmp/nub/target/release/nub","sha256":"2a18683f50f7afeb02a521cd3cae175dc2f91780d461c5f012065241f5a1447b","bytes":207643464,"features":{"buildJailCatalogOverride":true,"pythonDontWriteBytecodeEnv":true}}
OSV-SCREEN {"schemaVersion":1,"kind":"npm-observe-resolved","status":"clean","digest":"e537fddab672178a343c5f9d32c23112503853e54717958b7dabba5b54f3d164","specCount":69,"lockfiles":{"digest":"4889047729cd947aa390bc37149a2730fb0c826f5ab00b5e991dd014950a7c33","files":[{"path":"package-lock.json","sha256":"4acce0c3c4c161913bc9cc0cf41ba931ea2c00ceab6f8b4b33ff0a4d2b1bfe30","bytes":30991}]},"maliciousAdvisories":[],"screenedAt":"2026-09-09T04:55:36.549Z","cacheHit":false,"clearancePath":"/home/runner/v2-M4ctT1/security/npm-observe-resolved.json"}
  SECURITY npm-observe-resolved clean: 69 exact package-version(s), tree e537fddab672
  OBSERVE   rc=0 files=1365 trace=10785 lines
  CLOSURE   66 packages evicted per arm
  ARM-FALSIFIABILITY {"manifestFiles":84,"filesTheScriptProduced":0,"reasons":["gate-vacuous"]}
  ⛔ ARMS-UNFALSIFIABLE — a green arm for this package carries no evidence:
       gate-vacuous: the script changed no file the artifact gate keys on — every file in the manifest (84) was already present at its final size before the script ran, so the gate passes in every arm including a completely broken one
       The grant may still be correct; what is missing is a signal that could have gone
       red. Do not read this record's MINIMAL as a passing measurement.
  RAWLOG-FILE /home/runner/v2-M4ctT1/observe/trace.txt.gz
  RAWLOG-CAPTURE /home/runner/v2-M4ctT1/observe/capture.json
  RAWLOG-BYTES raw=2380560 gz=67983
  VENUE-INTERPRETER /opt/hostedtoolcache/node/22.23.2/x64
  VENUE-OVERRIDES {"set":{"HOME":"/home/runner/v2-M4ctT1/jailhome","TMPDIR":"/tmp/nub-tmp-obsx4enIM","NODE_COMPAT":"1","PLAYWRIGHT_BROWSERS_PATH":"/home/runner/.cache/nub/pm/tools/ms-playwright","ELECTRON_CACHE":"/home/runner/.cache/nub/pm/tools/electron-cache","electron_config_cache":"/home/runner/.cache/nub/pm/tools/electron-cache","npm_config_prefix":"/home/runner/.cache/nub/pm/tools/npm-prefix","PYTHONDONTWRITEBYTECODE":"1","NUB_CACHE_DIR":"/home/runner/v2-M4ctT1/nubcache"},"unset":["CI","GITHUB_ACTIONS"],"passedThrough":{"CI":"true","GITHUB_ACTIONS":"true","NODE_ENV":null}}
  == ATTRIBUTION == attributed pids: 0
    writes  script 0  /  whole traced tree 1088
    sockets script 0  /  whole traced tree 4
    ⛔ NO LIFECYCLE SHELL FOUND — the subtree filter matched nothing, so the grant
       below is EMPTY BY DEFAULT rather than by measurement. Treat it as UNKNOWN.
  == ROOTS (from capture.json — R2: no ambient reads) ==
    project       /home/runner/v2-M4ctT1/observe
    home          /home/runner
    jailHome      /home/runner/v2-M4ctT1/jailhome
    globalStore   /home/runner/.cache/nub/pm/store   [declared, not keyed on]
    projectStore  /home/runner/v2-M4ctT1/observe/node_modules/.store   [declared, not keyed on]
    interpreter   /opt/hostedtoolcache/node/22.23.2/x64   [declared, not keyed on]
    toolsDir      /home/runner/.cache/nub/pm/tools   [declared, not keyed on]
    temp          /tmp/nub-tmp-obsx4enIM
    npmPrefix     /home/runner/.cache/nub/pm/tools/npm-prefix
    ownPkg        /home/runner/v2-M4ctT1/observe/node_modules/apify-client
  == WRITES the script actually performed ==
  == NETWORK ==
    AF_INET sockets: 0   distinct peers: 2
        127.0.0.53:53
        104.16.9.34:443
  == REFUSALS (only `= -1 EACCES/EPERM/EROFS`) ==
    distinct: 0
  == SYNTHESIZED GRANT (verify this in the real unprivileged jail) ==
    {}
  == writePaths (DERIVED — promotion out of the package's PRIVATE home) ==
    private-home writes observed: 0
    none declared — the script wrote nothing into its private home — there is nothing to promote
  == writePaths FEASIBILITY (distinct writes outside project/deps) ==
    count: 0
    EVENTS    4452 distinct from 10693 calls (10786 lines, 80 rejoined, 0 unparsed)
    PROCS     12   lifecycle shells 0
    ⛔ 3 paths with an UNRESOLVED dirfd — kept, marked, never guessed
    unsubscribed/unmapped syscalls: getsockname×17 setsockopt×11 exit×10 recvmsg×7 getsockopt×4 getcwd×2 sendmmsg×1 exit_group×1
    wrote /home/runner/v2-M4ctT1/observe/events.ndjson.gz (31393 bytes)
  EVENTLOG-FILE /home/runner/v2-M4ctT1/observe/events.ndjson.gz
  EVENTLOG-STATS {"lines":10786,"parsed":10693,"unparsed":0,"unfinished":80,"rejoined":80,"unresolvedDirfd":3,"truncatedArg":0,"procs":12,"lifecyclePids":0,"distinctEvents":4452,"unknownSyscall":{"getsockname":17,"getsockopt":4,"getcwd":2,"recvmsg":7,"exit":10,"setsockopt":11,"sendmmsg":1,"exit_group":1},"out":"/home/runner/v2-M4ctT1/observe/events.ndjson.gz","gzipBytes":31393}
  EVICT     21 store entries removed, 0 spared as nub tooling
  SE-PURGE  0 side-effects-cache entries for apify-client
OSV-SCREEN {"schemaVersion":1,"kind":"nub-synth-resolved","status":"clean","digest":"e537fddab672178a343c5f9d32c23112503853e54717958b7dabba5b54f3d164","specCount":69,"lockfiles":{"digest":"a7bc23d19f3ab015d0cb513896d89de5b250f05b2ae1b48533d32c4f82ce3897","files":[{"path":"nub.lock","sha256":"e6d742c24309b8c47800f3b3a0b28738e033da343867abe2f719020f2103a5d1","bytes":17873}]},"maliciousAdvisories":[],"screenedAt":"2026-09-09T04:55:36.549Z","cacheHit":true,"clearancePath":"/home/runner/v2-M4ctT1/security/nub-synth-resolved.json"}
  SECURITY nub-synth-resolved clean: 69 exact package-version(s), tree e537fddab672 (cached exact-tree clearance)
  VENUE-STORE-LAYOUT isolated
  VERIFY[synth] rc=0 artifacts=84/84 missing=0 shortfall=none (tree 4325/1365) OVERRIDDEN=3 REJECTED=0 grant={}
  => VERIFIED {}   (observed, then verified)
  DESCEND   grant is already empty — nothing to narrow; MINIMAL by construction.
