  HARNESS-NODE /opt/hostedtoolcache/node/22.23.2/x64/bin/node (v22.23.2); arm-cap present
  ERA-NODE PINNED 16.20.2 (provisioned) (arms will run: v16.20.2)
  ERA-PYTHON /opt/hostedtoolcache/Python/3.9.25/x64/bin/python (Python 3.9.25) for era Node 16, whose node-gyp requires python3
  ARM-MAKE /usr/bin/gmake (GNU Make 4.3) — the system make; a build needing GNU Make 4 WILL fail here
### @vendia/serverless-express@4.7.0   (/home/runner/v2-vp8ZhH)
  CI-ENV scrubbed: CI GITHUB_ACTIONS
OSV-SCREEN {"schemaVersion":1,"kind":"direct","status":"clean","digest":"91e95a6b4d5134119637d54fc95de9bd6061d9e9a5292d177a5bb48e716038a7","specCount":1,"lockfiles":{"digest":null,"files":[]},"maliciousAdvisories":[],"screenedAt":"2026-08-24T09:09:48.468Z","cacheHit":false,"clearancePath":"/home/runner/v2-vp8ZhH/security/direct.json"}
  SECURITY direct clean: 1 exact package-version(s), tree 91e95a6b4d51
  VENUE-OBSERVE-USER {"uid":1001,"user":"runner","umask":"0022","capBnd":"000001ffffffffff","noNewPrivs":"0"}
  VENUE-NUB-BINARY {"path":"/tmp/nub/target/release/nub","sha256":"bed0d624b324fb3de83de474ff73731ad2f1fd040ff548bb0158e2baf850701d","bytes":208304640,"features":{"buildJailCatalogOverride":true,"pythonDontWriteBytecodeEnv":true}}
  ERA-RESOLUTION DATED 2022-04-20T23:55:25.293Z (deps as of the package's own publish date + 1d)
OSV-SCREEN {"schemaVersion":1,"kind":"npm-observe-resolved","status":"clean","digest":"91e95a6b4d5134119637d54fc95de9bd6061d9e9a5292d177a5bb48e716038a7","specCount":1,"lockfiles":{"digest":"3c0d2a670dec76594658dd6b31e00cb851cb4dc1581085e779233311acaa6ec2","files":[{"path":"package-lock.json","sha256":"c8eede9dafe1b91801edd2174c69403422b7592cb881e172af67158f4ed40343","bytes":664}]},"maliciousAdvisories":[],"screenedAt":"2026-08-24T09:09:48.468Z","cacheHit":true,"clearancePath":"/home/runner/v2-vp8ZhH/security/npm-observe-resolved.json"}
  SECURITY npm-observe-resolved clean: 1 exact package-version(s), tree 91e95a6b4d51 (cached exact-tree clearance)
  ARM-PATH SANITISED (nothing to drop)
  ARM-AMBIENT-TOOLS 7 leaked: tsc=/usr/local/bin/tsc grunt=/usr/local/bin/grunt gulp=/usr/local/bin/gulp webpack=/usr/local/bin/webpack lerna=/usr/local/bin/lerna yarn=/usr/local/bin/yarn pulumi=/usr/local/bin/pulumi
  ARM-SCAFFOLD 1 added: npm-force-resolutions
  ARM-UNPROVIDABLE none
  ARM-SCAFFOLD-INSTALL rc=0
  OBSERVE   rc=1 files=531 trace=12370 lines
  => BROKEN-WITHOUT-JAIL-TOO (unjailed control failed; nothing to measure)
