### dprint@0.35.4   (/home/runner/v2-817GZI)
  CI-ENV scrubbed: CI GITHUB_ACTIONS
OSV-SCREEN {"schemaVersion":1,"kind":"direct","status":"clean","digest":"44464b8b3d3f41b2c6123bf3924df6898a1933ec0943140225b0776614f3e326","specCount":1,"lockfiles":{"digest":null,"files":[]},"maliciousAdvisories":[],"screenedAt":"2026-09-08T08:23:48.033Z","cacheHit":false,"clearancePath":"/home/runner/v2-817GZI/security/direct.json"}
  SECURITY direct clean: 1 exact package-version(s), tree 44464b8b3d3f
  VENUE-OBSERVE-USER {"uid":1001,"user":"runner","umask":"0022","capBnd":"000001ffffffffff","noNewPrivs":"0"}
  VENUE-NUB-BINARY {"path":"/tmp/nub/target/release/nub","sha256":"2a18683f50f7afeb02a521cd3cae175dc2f91780d461c5f012065241f5a1447b","bytes":207643464,"features":{"buildJailCatalogOverride":true,"pythonDontWriteBytecodeEnv":true}}
OSV-SCREEN {"schemaVersion":1,"kind":"npm-observe-resolved","status":"clean","digest":"e0f68e067cb29e8beab000e865579e02c2a0da50ddb751d1f1c823cdd8e05399","specCount":9,"lockfiles":{"digest":"f6f997234f281ac1de9b7ea836f93df5a6155cc5207cca9a8e73738cc8a4bebe","files":[{"path":"package-lock.json","sha256":"b3f3ef63569fd588e22682e502fef759b3a846c631fa0cb9d1fa1758c41c99cd","bytes":3613}]},"maliciousAdvisories":[],"screenedAt":"2026-09-08T08:23:49.139Z","cacheHit":false,"clearancePath":"/home/runner/v2-817GZI/security/npm-observe-resolved.json"}
  SECURITY npm-observe-resolved clean: 9 exact package-version(s), tree e0f68e067cb2
  OBSERVE   rc=0 files=65 trace=11203 lines
  CLOSURE   9 packages evicted per arm
  ARM-FALSIFIABILITY {"manifestFiles":8,"filesTheScriptProduced":1,"reasons":[]}
  RAWLOG-FILE /home/runner/v2-817GZI/observe/trace.txt.gz
  RAWLOG-CAPTURE /home/runner/v2-817GZI/observe/capture.json
  RAWLOG-BYTES raw=2455164 gz=75522
  VENUE-INTERPRETER /opt/hostedtoolcache/node/22.23.2/x64
  VENUE-OVERRIDES {"set":{"HOME":"/home/runner/v2-817GZI/jailhome","TMPDIR":"/tmp/nub-tmp-obsydMrgb","NODE_COMPAT":"1","PLAYWRIGHT_BROWSERS_PATH":"/home/runner/.cache/nub/pm/tools/ms-playwright","ELECTRON_CACHE":"/home/runner/.cache/nub/pm/tools/electron-cache","electron_config_cache":"/home/runner/.cache/nub/pm/tools/electron-cache","npm_config_prefix":"/home/runner/.cache/nub/pm/tools/npm-prefix","PYTHONDONTWRITEBYTECODE":"1","NUB_CACHE_DIR":"/home/runner/v2-817GZI/nubcache"},"unset":["CI","GITHUB_ACTIONS"],"passedThrough":{"CI":"true","GITHUB_ACTIONS":"true","NODE_ENV":null}}
  == ATTRIBUTION == attributed pids: 21
    writes  script 2  /  whole traced tree 1090
    sockets script 5  /  whole traced tree 11
  == ROOTS (from capture.json — R2: no ambient reads) ==
    project       /home/runner/v2-817GZI/observe
    home          /home/runner
    jailHome      /home/runner/v2-817GZI/jailhome
    globalStore   /home/runner/.cache/nub/pm/store   [declared, not keyed on]
    projectStore  /home/runner/v2-817GZI/observe/node_modules/.store   [declared, not keyed on]
    interpreter   /opt/hostedtoolcache/node/22.23.2/x64   [declared, not keyed on]
    toolsDir      /home/runner/.cache/nub/pm/tools   [declared, not keyed on]
    temp          /tmp/nub-tmp-obsydMrgb
    npmPrefix     /home/runner/.cache/nub/pm/tools/npm-prefix
    ownPkg        /home/runner/v2-817GZI/observe/node_modules/dprint
  == WRITES the script actually performed ==
    ownPkg        2  (base profile already grants this — NOT billed)
        /home/runner/v2-817GZI/observe/node_modules/dprint/dprint.zip
        /home/runner/v2-817GZI/observe/node_modules/dprint/dprint
  == NETWORK ==
    AF_INET sockets: 5   distinct peers: 3
        127.0.0.53:53
        104.16.0.34:443
        140.82.113.3:443
  == REFUSALS (only `= -1 EACCES/EPERM/EROFS`) ==
    distinct: 0
  == SYNTHESIZED GRANT (verify this in the real unprivileged jail) ==
    {"network":true}
  == writePaths (DERIVED — promotion out of the package's PRIVATE home) ==
    private-home writes observed: 0
    none declared — the script wrote nothing into its private home — there is nothing to promote
  == writePaths FEASIBILITY (distinct writes outside project/deps) ==
    count: 0
    EVENTS    4641 distinct from 11141 calls (11204 lines, 29 rejoined, 0 unparsed)
    PROCS     28   lifecycle shells 16
    ⛔ 4 paths with an UNRESOLVED dirfd — kept, marked, never guessed
    unsubscribed/unmapped syscalls: setsockopt×37 getsockname×36 exit×20 getsockopt×18 recvmsg×16 wait4×8 socketpair×6 shutdown×6
    wrote /home/runner/v2-817GZI/observe/events.ndjson.gz (32741 bytes)
  EVENTLOG-FILE /home/runner/v2-817GZI/observe/events.ndjson.gz
  EVENTLOG-STATS {"lines":11204,"parsed":11141,"unparsed":0,"unfinished":29,"rejoined":29,"unresolvedDirfd":4,"truncatedArg":0,"procs":28,"lifecyclePids":16,"distinctEvents":4641,"unknownSyscall":{"getsockname":36,"getsockopt":18,"getcwd":5,"recvmsg":16,"exit":20,"setsockopt":37,"sendmmsg":3,"socketpair":6,"shutdown":6,"getpeername":1,"exit_group":6,"wait4":8},"out":"/home/runner/v2-817GZI/observe/events.ndjson.gz","gzipBytes":32741}
  EVICT     6 store entries removed, 0 spared as nub tooling
  SE-PURGE  0 side-effects-cache entries for dprint
OSV-SCREEN {"schemaVersion":1,"kind":"nub-synth-resolved","status":"clean","digest":"e0f68e067cb29e8beab000e865579e02c2a0da50ddb751d1f1c823cdd8e05399","specCount":9,"lockfiles":{"digest":"139d8dfee7b93ea80069b12b93456b862e14d5f9ff7b10a5bb1b4ada5ce32e03","files":[{"path":"nub.lock","sha256":"78b84820ece1a4b91d638f5e912c0f761f608a8ef61f1c8a1b0eb2227b8d4843","bytes":2389}]},"maliciousAdvisories":[],"screenedAt":"2026-09-08T08:23:49.139Z","cacheHit":true,"clearancePath":"/home/runner/v2-817GZI/security/nub-synth-resolved.json"}
  SECURITY nub-synth-resolved clean: 9 exact package-version(s), tree e0f68e067cb2 (cached exact-tree clearance)
  VENUE-STORE-LAYOUT isolated
  VERIFY[synth] rc=0 artifacts=8/8 missing=0 shortfall=none (tree 200/65) OVERRIDDEN=2 REJECTED=0 grant={"network":true}
  => VERIFIED {"network":true}   (observed, then verified)
  EVICT     9 store entries removed, 0 spared as nub tooling
  SE-PURGE  0 side-effects-cache entries for dprint
OSV-SCREEN {"schemaVersion":1,"kind":"nub-drop-no-network-resolved","status":"clean","digest":"e0f68e067cb29e8beab000e865579e02c2a0da50ddb751d1f1c823cdd8e05399","specCount":9,"lockfiles":{"digest":"139d8dfee7b93ea80069b12b93456b862e14d5f9ff7b10a5bb1b4ada5ce32e03","files":[{"path":"nub.lock","sha256":"78b84820ece1a4b91d638f5e912c0f761f608a8ef61f1c8a1b0eb2227b8d4843","bytes":2389}]},"maliciousAdvisories":[],"screenedAt":"2026-09-08T08:23:49.139Z","cacheHit":true,"clearancePath":"/home/runner/v2-817GZI/security/nub-drop-no-network-resolved.json"}
  SECURITY nub-drop-no-network-resolved clean: 9 exact package-version(s), tree e0f68e067cb2 (cached exact-tree clearance)
  VERIFY[drop-no-network] rc=1 artifacts=7/8 missing=1 shortfall=7f017aa8136b (tree 198/65) OVERRIDDEN=2 REJECTED=0 grant={}
       missing: dprint
     'no-network' is NECESSARY — dropping it fails to verify
  => MINIMAL — every capability in {"network":true} is independently necessary
