### hugo-extended@0.154.5   (/home/runner/v2-bxXcbC)
  CI-ENV scrubbed: CI GITHUB_ACTIONS
OSV-SCREEN {"schemaVersion":1,"kind":"direct","status":"clean","digest":"e37539b688a990119b55ac952829b83eeb295ba316f6558a0d60158e2889aeed","specCount":1,"lockfiles":{"digest":null,"files":[]},"maliciousAdvisories":[],"screenedAt":"2026-09-08T03:27:35.328Z","cacheHit":false,"clearancePath":"/home/runner/v2-bxXcbC/security/direct.json"}
  SECURITY direct clean: 1 exact package-version(s), tree e37539b688a9
  VENUE-OBSERVE-USER {"uid":1001,"user":"runner","umask":"0022","capBnd":"000001ffffffffff","noNewPrivs":"0"}
  VENUE-NUB-BINARY {"path":"/tmp/nub/target/release/nub","sha256":"2a18683f50f7afeb02a521cd3cae175dc2f91780d461c5f012065241f5a1447b","bytes":207643464,"features":{"buildJailCatalogOverride":true,"pythonDontWriteBytecodeEnv":true}}
OSV-SCREEN {"schemaVersion":1,"kind":"npm-observe-resolved","status":"clean","digest":"cc203d33ed871f3515f67a12599ed332ba005507214f55e62a35b73faa32b77b","specCount":8,"lockfiles":{"digest":"9a1c89de1b9ac93a852ef2a8ef2d7d7383d1c7cc2539b259be565aece21bd617","files":[{"path":"package-lock.json","sha256":"d49d61a1ba77df6b3423482befc4f760a9102206c7387acd09489c1ed54e52e9","bytes":3520}]},"maliciousAdvisories":[],"screenedAt":"2026-09-08T03:27:36.685Z","cacheHit":false,"clearancePath":"/home/runner/v2-bxXcbC/security/npm-observe-resolved.json"}
  SECURITY npm-observe-resolved clean: 8 exact package-version(s), tree cc203d33ed87
  OBSERVE   rc=0 files=368 trace=11324 lines
  CLOSURE   8 packages evicted per arm
  ARM-FALSIFIABILITY {"manifestFiles":23,"filesTheScriptProduced":3,"reasons":[]}
  RAWLOG-FILE /home/runner/v2-bxXcbC/observe/trace.txt.gz
  RAWLOG-CAPTURE /home/runner/v2-bxXcbC/observe/capture.json
  RAWLOG-BYTES raw=2456172 gz=74825
  VENUE-INTERPRETER /opt/hostedtoolcache/node/22.23.2/x64
  VENUE-OVERRIDES {"set":{"HOME":"/home/runner/v2-bxXcbC/jailhome","TMPDIR":"/tmp/nub-tmp-obs4aqaYx","NODE_COMPAT":"1","PLAYWRIGHT_BROWSERS_PATH":"/home/runner/.cache/nub/pm/tools/ms-playwright","ELECTRON_CACHE":"/home/runner/.cache/nub/pm/tools/electron-cache","electron_config_cache":"/home/runner/.cache/nub/pm/tools/electron-cache","npm_config_prefix":"/home/runner/.cache/nub/pm/tools/npm-prefix","PYTHONDONTWRITEBYTECODE":"1","NUB_CACHE_DIR":"/home/runner/v2-bxXcbC/nubcache"},"unset":["CI","GITHUB_ACTIONS"],"passedThrough":{"CI":"true","GITHUB_ACTIONS":"true","NODE_ENV":null}}
  == ATTRIBUTION == attributed pids: 26
    writes  script 5  /  whole traced tree 1093
    sockets script 5  /  whole traced tree 9
  == ROOTS (from capture.json — R2: no ambient reads) ==
    project       /home/runner/v2-bxXcbC/observe
    home          /home/runner
    jailHome      /home/runner/v2-bxXcbC/jailhome
    globalStore   /home/runner/.cache/nub/pm/store   [declared, not keyed on]
    projectStore  /home/runner/v2-bxXcbC/observe/node_modules/.store   [declared, not keyed on]
    interpreter   /opt/hostedtoolcache/node/22.23.2/x64   [declared, not keyed on]
    toolsDir      /home/runner/.cache/nub/pm/tools   [declared, not keyed on]
    temp          /tmp/nub-tmp-obs4aqaYx
    npmPrefix     /home/runner/.cache/nub/pm/tools/npm-prefix
    ownPkg        /home/runner/v2-bxXcbC/observe/node_modules/hugo-extended
  == WRITES the script actually performed ==
    ownPkg        5  (base profile already grants this — NOT billed)
        /home/runner/v2-bxXcbC/observe/node_modules/hugo-extended/bin
        /home/runner/v2-bxXcbC/observe/node_modules/hugo-extended/bin/hugo_extended_0.154.5_linux-amd64.tar.gz
        /home/runner/v2-bxXcbC/observe/node_modules/hugo-extended/bin/hugo
        /home/runner/v2-bxXcbC/observe/node_modules/hugo-extended/bin/README.md
        /home/runner/v2-bxXcbC/observe/node_modules/hugo-extended/bin/LICENSE
  == NETWORK ==
    AF_INET sockets: 5   distinct peers: 3
        127.0.0.53:53
        104.16.5.34:443
        172.182.252.133:443
  == REFUSALS (only `= -1 EACCES/EPERM/EROFS`) ==
    distinct: 0
  == SYNTHESIZED GRANT (verify this in the real unprivileged jail) ==
    {"network":true}
  == writePaths (DERIVED — promotion out of the package's PRIVATE home) ==
    private-home writes observed: 0
    none declared — the script wrote nothing into its private home — there is nothing to promote
  == writePaths FEASIBILITY (distinct writes outside project/deps) ==
    count: 0
    EVENTS    4665 distinct from 11241 calls (11325 lines, 21 rejoined, 0 unparsed)
    PROCS     33   lifecycle shells 21
    ⛔ 4 paths with an UNRESOLVED dirfd — kept, marked, never guessed
    unsubscribed/unmapped syscalls: setsockopt×57 getsockname×30 tgkill×26 exit×20 getsockopt×13 recvmsg×11 getcwd×6 socketpair×6
    wrote /home/runner/v2-bxXcbC/observe/events.ndjson.gz (33090 bytes)
  EVENTLOG-FILE /home/runner/v2-bxXcbC/observe/events.ndjson.gz
  EVENTLOG-STATS {"lines":11325,"parsed":11241,"unparsed":0,"unfinished":21,"rejoined":21,"unresolvedDirfd":4,"truncatedArg":0,"procs":33,"lifecyclePids":21,"distinctEvents":4665,"unknownSyscall":{"getsockname":30,"getsockopt":13,"getcwd":6,"recvmsg":11,"exit":20,"setsockopt":57,"sendmmsg":3,"socketpair":6,"shutdown":4,"tgkill":26,"exit_group":4,"wait4":4},"out":"/home/runner/v2-bxXcbC/observe/events.ndjson.gz","gzipBytes":33090}
  EVICT     8 store entries removed, 6 spared as nub tooling
  SE-PURGE  0 side-effects-cache entries for hugo-extended
OSV-SCREEN {"schemaVersion":1,"kind":"nub-synth-resolved","status":"clean","digest":"cc203d33ed871f3515f67a12599ed332ba005507214f55e62a35b73faa32b77b","specCount":8,"lockfiles":{"digest":"40213a9de8ba073e7f54888417dca7d49f0d7c19bcbef00045a36bea4ad3b0bf","files":[{"path":"nub.lock","sha256":"dbfcd4652e3d88fdd13174d67439ef0b5191cb0b58094819905d120da92257a9","bytes":2108}]},"maliciousAdvisories":[],"screenedAt":"2026-09-08T03:27:36.685Z","cacheHit":true,"clearancePath":"/home/runner/v2-bxXcbC/security/nub-synth-resolved.json"}
  SECURITY nub-synth-resolved clean: 8 exact package-version(s), tree cc203d33ed87 (cached exact-tree clearance)
  VENUE-STORE-LAYOUT isolated
  VERIFY[synth] rc=0 artifacts=23/23 missing=0 shortfall=none (tree 1130/368) OVERRIDDEN=3 REJECTED=0 grant={"network":true}
  => VERIFIED {"network":true}   (observed, then verified)
  EVICT     2 store entries removed, 6 spared as nub tooling
  SE-PURGE  0 side-effects-cache entries for hugo-extended
OSV-SCREEN {"schemaVersion":1,"kind":"nub-drop-no-network-resolved","status":"clean","digest":"cc203d33ed871f3515f67a12599ed332ba005507214f55e62a35b73faa32b77b","specCount":8,"lockfiles":{"digest":"40213a9de8ba073e7f54888417dca7d49f0d7c19bcbef00045a36bea4ad3b0bf","files":[{"path":"nub.lock","sha256":"dbfcd4652e3d88fdd13174d67439ef0b5191cb0b58094819905d120da92257a9","bytes":2108}]},"maliciousAdvisories":[],"screenedAt":"2026-09-08T03:27:36.685Z","cacheHit":true,"clearancePath":"/home/runner/v2-bxXcbC/security/nub-drop-no-network-resolved.json"}
  SECURITY nub-drop-no-network-resolved clean: 8 exact package-version(s), tree cc203d33ed87 (cached exact-tree clearance)
  VERIFY[drop-no-network] rc=1 artifacts=20/23 missing=3 shortfall=6100e9502c41 (tree 1121/368) OVERRIDDEN=3 REJECTED=0 grant={}
       missing: bin/LICENSE, bin/README.md, bin/hugo
     'no-network' is NECESSARY — dropping it fails to verify
  => MINIMAL — every capability in {"network":true} is independently necessary
