  HARNESS-NODE /opt/hostedtoolcache/node/22.23.2/x64/bin/node (v22.23.2); arm-cap present
  ERA-NODE PINNED 18.20.8 (provisioned) (arms will run: v18.20.8)
  ERA-PYTHON /opt/hostedtoolcache/Python/3.9.25/x64/bin/python (Python 3.9.25) for era Node 18, whose node-gyp requires python3
  ARM-MAKE /usr/bin/gmake (GNU Make 4.3) — the system make; a build needing GNU Make 4 WILL fail here
### neonctl@1.1.0   (/home/runner/v2-cBET2y)
  CI-ENV scrubbed: CI GITHUB_ACTIONS
OSV-SCREEN {"schemaVersion":1,"kind":"direct","status":"clean","digest":"775f889795c2a0f836a084a93071d96120c4d5ecc6a03b020d16d535416b7e54","specCount":1,"lockfiles":{"digest":null,"files":[]},"maliciousAdvisories":[],"screenedAt":"2026-08-29T09:08:21.283Z","cacheHit":false,"clearancePath":"/home/runner/v2-cBET2y/security/direct.json"}
  SECURITY direct clean: 1 exact package-version(s), tree 775f889795c2
  VENUE-OBSERVE-USER {"uid":1001,"user":"runner","umask":"0022","capBnd":"000001ffffffffff","noNewPrivs":"0"}
  VENUE-NUB-BINARY {"path":"/tmp/nub/target/release/nub","sha256":"bed0d624b324fb3de83de474ff73731ad2f1fd040ff548bb0158e2baf850701d","bytes":208304640,"features":{"buildJailCatalogOverride":true,"pythonDontWriteBytecodeEnv":true}}
  ERA-RESOLUTION DATED 2023-05-30T15:36:04.767Z (deps as of the package's own publish date + 1d)
OSV-SCREEN {"schemaVersion":1,"kind":"npm-observe-resolved","status":"clean","digest":"644c0c5864ddcf5e9046a2b44390b8207c9efdb819eb3aa3c763b9f37d9e1db9","specCount":40,"lockfiles":{"digest":"2401c6e040fd861a03562e96b0b4edc01b218b5257cb07f4f21c4019a14de67e","files":[{"path":"package-lock.json","sha256":"3a23e39dd8d31dd459c598e958d27be273af445045bd4591629501d626a1a697","bytes":16375}]},"maliciousAdvisories":[],"screenedAt":"2026-08-29T09:08:23.337Z","cacheHit":false,"clearancePath":"/home/runner/v2-cBET2y/security/npm-observe-resolved.json"}
  SECURITY npm-observe-resolved clean: 40 exact package-version(s), tree 644c0c5864dd
  ARM-PATH SANITISED (nothing to drop)
  ARM-AMBIENT-TOOLS 7 leaked: tsc=/usr/local/bin/tsc grunt=/usr/local/bin/grunt gulp=/usr/local/bin/gulp webpack=/usr/local/bin/webpack lerna=/usr/local/bin/lerna yarn=/usr/local/bin/yarn pulumi=/usr/local/bin/pulumi
  ARM-SCAFFOLD 1 added: ts-node@^10.9.1
  ARM-UNPROVIDABLE none
  ARM-SCAFFOLD-INSTALL rc=0
  OBSERVE   rc=1 files=1406 trace=6692 lines
  => BROKEN-WITHOUT-JAIL-TOO (unjailed control failed; nothing to measure)
