### ngx-popperjs@12.2.4   (D:\jail\m-ngxpopperjs-mtsh37yl)
  CI-ENV scrubbed: CI GITHUB_ACTIONS
OSV-SCREEN {"schemaVersion":1,"kind":"direct","status":"clean","digest":"32a8bc88d11836e2042cad0b099158cf3f3db45843192df44c38633cc478d783","specCount":1,"lockfiles":{"digest":null,"files":[]},"maliciousAdvisories":[],"screenedAt":"2026-09-08T09:34:14.812Z","cacheHit":false,"clearancePath":"D:\\jail\\m-ngxpopperjs-mtsh37yl\\security\\direct.json"}
  SECURITY direct clean: 1 exact package-version(s), tree 32a8bc88d118
OSV-SCREEN {"schemaVersion":1,"kind":"npm-observe-resolved","status":"clean","digest":"18f8822fa4c82f7229be9540e458fa32c946d789b9bc3fb94916f3fd14a92b9c","specCount":7,"lockfiles":{"digest":"ec99235fae3eee4212fd03acd686f6d2b810f65a7bcbffbbf5ca568c20af7d6d","files":[{"path":"package-lock.json","sha256":"6daa75212a224f7360d4016f0e6b85deadbf12fd54f9b525d29f3633626838f7","bytes":3307}]},"maliciousAdvisories":[],"screenedAt":"2026-09-08T09:34:20.628Z","cacheHit":false,"clearancePath":"D:\\jail\\m-ngxpopperjs-mtsh37yl\\security\\npm-observe-resolved.json"}
  SECURITY npm-observe-resolved clean: 7 exact package-version(s), tree 18f8822fa4c8
  CAPTURE user=runnervmeef0v\runneradmin elevated=True rootPid=9748 exit=0 events=21502 lost=0
  VENUE-OBSERVE-USER runnervmeef0v\runneradmin elevated=true privDropped={"SeBackupPrivilege":"removed","SeRestorePrivilege":"removed","SeTakeOwnershipPrivilege":"removed"}
  OBSERVE artifacts: 34 files  (D:\jail\m-ngxpopperjs-mtsh37yl\observe\node_modules\ngx-popperjs)
  ARM-FALSIFIABILITY {"manifestFiles":34,"filesTheScriptProduced":0,"reasons":["gate-vacuous"]}
  ⛔ ARMS-UNFALSIFIABLE — a green arm for this package carries no evidence:
       gate-vacuous: the script changed no file the artifact gate keys on — every file in the manifest (34) was already present at its final size before the script ran, so the gate passes in every arm including a completely broken one
       The grant may still be correct; what is missing is a signal that could have gone
       red. Do not read this record's MINIMAL as a passing measurement.
  CLOSURE 7 packages evicted per arm
  8.3 MAP 0 components resolved on runnervmeef0v, folded into capture.json
  == ROOTS (from capture.json — R2: no ambient reads) ==
    project       D:\jail\m-ngxpopperjs-mtsh37yl\observe   [keyed on]
    home          C:\Users\runneradmin   [keyed on]
    jailHome      (null — declared inapplicable)
    globalStore   C:\Users\runneradmin\AppData\Local\nub\pm\store
    projectStore  D:\jail\m-ngxpopperjs-mtsh37yl\observe\node_modules\.store
    interpreter   C:\hostedtoolcache\windows\node\22.23.2\x64\node.exe
    toolsDir      C:\Users\runneradmin\AppData\Local\nub\pm\tools
    temp          D:\jail\m-ngxpopperjs-mtsh37yl\tmp   [keyed on]
    npmPrefix     (null — declared inapplicable)
    ownPkg        D:\jail\m-ngxpopperjs-mtsh37yl\observe\node_modules\ngx-popperjs
  == ATTRIBUTION == lifecycle pids: 2 (root 9748)
    writes  script 0  /  whole traced tree 7
    peers   script 0  /  whole traced tree 0
  == WRITES ==
  == READS ==
    deps          4
    outside       6
    project       1
    systemfs     23
  == NETWORK ==
    distinct peers: 0
  == REFUSALS (adapter-classified) ==
    distinct: 0
  == SYNTHESIZED GRANT (verify this in the real unprivileged jail) ==
    {}
  RAW       etw-raw.xml.gz  27421224 B xml -> 397028 B gz (69.1x)  sha256 a6493a1daab5d88c…
  HEADER    etw-header.json (5083 bytes)
  DERIVED   5232 distinct from 6380 kept ops (21502 xml events, 1620 out of subtree)
  PROCS     4   thread-reattributed 0
  8.3       0 expanded, 0 kept short, 0 not covered  [map: recorded 8.3 map (0 components, resolved on runnervmeef0v)]
  wrote events.ndjson.gz (65959 bytes)
  RAWLOG-CAPTURE D:\jail\m-ngxpopperjs-mtsh37yl\cap\capture.json
  VENUE-NUB-BINARY {"path":"C:/Users/RUNNER~1/AppData/Local/Temp/nub/target/release/nub.exe","sha256":"f186817a44be332fee712b4936a071a0b5f9cde18a1d2fdc3a791729d4bf1005","bytes":68717056,"features":{"buildJailCatalogOverride":true,"pythonDontWriteBytecodeEnv":true}}
  VENUE-INTERPRETER C:\hostedtoolcache\windows\node\22.23.2\x64\node.exe
  VENUE-JAIL-ROOT D:\jail\m-ngxpopperjs-mtsh37yl
  VENUE-OVERRIDES {"set":{"npm_config_cache":"D:\\jail\\m-ngxpopperjs-mtsh37yl\\npm-cache","TMP":"D:\\jail\\m-ngxpopperjs-mtsh37yl\\tmp","TEMP":"D:\\jail\\m-ngxpopperjs-mtsh37yl\\tmp","TMPDIR":"D:\\jail\\m-ngxpopperjs-mtsh37yl\\tmp"},"unset":["CI","GITHUB_ACTIONS"],"notRedirected":{"USERPROFILE":"C:\\Users\\runneradmin","why":"the jail leaves HOME/USERPROFILE alone — `build_jail.rs` sandbox_homes() reads the ambient value and `compiler/defaults.rs` BASELINE_ENV_EXACT passes it through — so there is no private jail home to reproduce and redirecting one would measure an environment no confined script sees"},"passedThrough":{"CI":"true","GITHUB_ACTIONS":"true","NODE_ENV":null}}
  STORE   isolated virtual store at D:\jail\m-ngxpopperjs-mtsh37yl\verify-synth\.cache
  VENUE-STORE-LAYOUT isolated
OSV-SCREEN {"schemaVersion":1,"kind":"nub-synth-resolved","status":"clean","digest":"18f8822fa4c82f7229be9540e458fa32c946d789b9bc3fb94916f3fd14a92b9c","specCount":7,"lockfiles":{"digest":"bc3751e0ab982312b0a81f541606d103c88ff82ae3ddd2016f575956d1cdeb57","files":[{"path":"nub.lock","sha256":"f38edcc1c6a6d0d5f3bd62608e0f0a9bd134ffe3e670fdd7b9c7ff3ebd7eef3c","bytes":2744}]},"maliciousAdvisories":[],"screenedAt":"2026-09-08T09:34:20.628Z","cacheHit":true,"clearancePath":"D:\\jail\\m-ngxpopperjs-mtsh37yl\\security\\nub-synth-resolved.json"}
  SECURITY nub-synth-resolved clean: 7 exact package-version(s), tree 18f8822fa4c8 (cached exact-tree clearance)
  VERIFY[synth] rc=0 artifacts=34/34 missing=0 shortfall=none (tree 11966/6251) OVERRIDDEN=2 REJECTED=0 grant={}
  => MINIMUM {}   (observed, then verified)
  DESCEND   grant is already empty — nothing to narrow; MINIMAL by construction.
