### stream-chat@9.52.1   (D:\jail\m-streamchat-mtuq8eh9)
  CI-ENV scrubbed: CI GITHUB_ACTIONS
OSV-SCREEN {"schemaVersion":1,"kind":"direct","status":"clean","digest":"05f6d4fbcfc39a37913ec87da9f4866fa42f5254359f36f46c163cf1005f6910","specCount":1,"lockfiles":{"digest":null,"files":[]},"maliciousAdvisories":[],"screenedAt":"2026-09-09T23:25:45.491Z","cacheHit":false,"clearancePath":"D:\\jail\\m-streamchat-mtuq8eh9\\security\\direct.json"}
  SECURITY direct clean: 1 exact package-version(s), tree 05f6d4fbcfc3
OSV-SCREEN {"schemaVersion":1,"kind":"npm-observe-resolved","status":"clean","digest":"ca9c12b0a2e1fcb3152a379443f01e0c2ed79f0619105c2bed2b928b737339ea","specCount":51,"lockfiles":{"digest":"b8c317b1d54d074beb6495e3d03eb4748c9b4d33dae28d24d59c9ea8525e06bd","files":[{"path":"package-lock.json","sha256":"088fbdf7845197e2ee8ff36860d708156be90542384a7dab5262b3c3fdd33ea3","bytes":21528}]},"maliciousAdvisories":[],"screenedAt":"2026-09-09T23:25:49.147Z","cacheHit":false,"clearancePath":"D:\\jail\\m-streamchat-mtuq8eh9\\security\\npm-observe-resolved.json"}
  SECURITY npm-observe-resolved clean: 51 exact package-version(s), tree ca9c12b0a2e1
  CAPTURE user=runnervmvmocb\runneradmin elevated=True rootPid=7048 exit=0 events=24756 lost=0
  VENUE-OBSERVE-USER runnervmvmocb\runneradmin elevated=true privDropped={"SeBackupPrivilege":"removed","SeRestorePrivilege":"removed","SeTakeOwnershipPrivilege":"removed"}
  OBSERVE artifacts: 265 files  (D:\jail\m-streamchat-mtuq8eh9\observe\node_modules\stream-chat)
  ARM-FALSIFIABILITY {"manifestFiles":265,"filesTheScriptProduced":0,"reasons":["gate-vacuous"]}
  ⛔ ARMS-UNFALSIFIABLE — a green arm for this package carries no evidence:
       gate-vacuous: the script changed no file the artifact gate keys on — every file in the manifest (265) was already present at its final size before the script ran, so the gate passes in every arm including a completely broken one
       The grant may still be correct; what is missing is a signal that could have gone
       red. Do not read this record's MINIMAL as a passing measurement.
  CLOSURE 51 packages evicted per arm
  8.3 MAP 0 components resolved on runnervmvmocb, folded into capture.json
  == ROOTS (from capture.json — R2: no ambient reads) ==
    project       D:\jail\m-streamchat-mtuq8eh9\observe   [keyed on]
    home          C:\Users\runneradmin   [keyed on]
    jailHome      (null — declared inapplicable)
    globalStore   C:\Users\runneradmin\AppData\Local\nub\pm\store
    projectStore  D:\jail\m-streamchat-mtuq8eh9\observe\node_modules\.store
    interpreter   C:\hostedtoolcache\windows\node\22.23.2\x64\node.exe
    toolsDir      C:\Users\runneradmin\AppData\Local\nub\pm\tools
    temp          D:\jail\m-streamchat-mtuq8eh9\tmp   [keyed on]
    npmPrefix     (null — declared inapplicable)
    ownPkg        D:\jail\m-streamchat-mtuq8eh9\observe\node_modules\stream-chat
  == ATTRIBUTION == lifecycle pids: 2 (root 7048)
    writes  script 0  /  whole traced tree 7
    peers   script 0  /  whole traced tree 0
  == WRITES ==
  == READS ==
    deps          3
    outside       6
    project       1
    systemfs     23
  == NETWORK ==
    distinct peers: 0
  == REFUSALS (adapter-classified) ==
    distinct: 0
  == SYNTHESIZED GRANT (verify this in the real unprivileged jail) ==
    {}
  RAW       etw-raw.xml.gz  31513012 B xml -> 456763 B gz (69.0x)  sha256 99fd55c57e872c1d…
  HEADER    etw-header.json (5074 bytes)
  DERIVED   5263 distinct from 6412 kept ops (24756 xml events, 2782 out of subtree)
  PROCS     4   thread-reattributed 0
  8.3       0 expanded, 0 kept short, 0 not covered  [map: recorded 8.3 map (0 components, resolved on runnervmvmocb)]
  wrote events.ndjson.gz (66531 bytes)
  RAWLOG-CAPTURE D:\jail\m-streamchat-mtuq8eh9\cap\capture.json
  VENUE-NUB-BINARY {"path":"C:/Users/RUNNER~1/AppData/Local/Temp/nub/target/release/nub.exe","sha256":"f186817a44be332fee712b4936a071a0b5f9cde18a1d2fdc3a791729d4bf1005","bytes":68717056,"features":{"buildJailCatalogOverride":true,"pythonDontWriteBytecodeEnv":true}}
  VENUE-INTERPRETER C:\hostedtoolcache\windows\node\22.23.2\x64\node.exe
  VENUE-JAIL-ROOT D:\jail\m-streamchat-mtuq8eh9
  VENUE-OVERRIDES {"set":{"npm_config_cache":"D:\\jail\\m-streamchat-mtuq8eh9\\npm-cache","TMP":"D:\\jail\\m-streamchat-mtuq8eh9\\tmp","TEMP":"D:\\jail\\m-streamchat-mtuq8eh9\\tmp","TMPDIR":"D:\\jail\\m-streamchat-mtuq8eh9\\tmp"},"unset":["CI","GITHUB_ACTIONS"],"notRedirected":{"USERPROFILE":"C:\\Users\\runneradmin","why":"the jail leaves HOME/USERPROFILE alone — `build_jail.rs` sandbox_homes() reads the ambient value and `compiler/defaults.rs` BASELINE_ENV_EXACT passes it through — so there is no private jail home to reproduce and redirecting one would measure an environment no confined script sees"},"passedThrough":{"CI":"true","GITHUB_ACTIONS":"true","NODE_ENV":null}}
  STORE   isolated virtual store at D:\jail\m-streamchat-mtuq8eh9\verify-synth\.cache
  VENUE-STORE-LAYOUT isolated
OSV-SCREEN {"schemaVersion":1,"kind":"nub-synth-resolved","status":"clean","digest":"1ee285ae925e5d77707dfe232f32e131e77d9b4487434eba2cf67b963610f45d","specCount":51,"lockfiles":{"digest":"0233790e445394681d4f6e851c3b05b76827e98331c142c3b7e6e685aa046605","files":[{"path":"nub.lock","sha256":"947de6b63dfdc9c549915c2d8717d921e1ae5f8cbd52632a25a59b24da617286","bytes":12825}]},"maliciousAdvisories":[],"screenedAt":"2026-09-09T23:25:58.929Z","cacheHit":false,"clearancePath":"D:\\jail\\m-streamchat-mtuq8eh9\\security\\nub-synth-resolved.json"}
  SECURITY nub-synth-resolved clean: 51 exact package-version(s), tree 1ee285ae925e
  VERIFY[synth] rc=0 artifacts=265/265 missing=0 shortfall=none (tree 7092/975) OVERRIDDEN=2 REJECTED=0 grant={}
  => MINIMUM {}   (observed, then verified)
  DESCEND   grant is already empty — nothing to narrow; MINIMAL by construction.
