### agentdb@2.0.0-alpha.3.7   (D:\jail\m-agentdb-mts6odc9)
  CI-ENV scrubbed: CI GITHUB_ACTIONS
OSV-SCREEN {"schemaVersion":1,"kind":"direct","status":"clean","digest":"ce5cc6d75221a661f00f5e2aae4d6f0b094bab0665b6eda7b13591843f227e1b","specCount":1,"lockfiles":{"digest":null,"files":[]},"maliciousAdvisories":[],"screenedAt":"2026-09-08T04:42:45.870Z","cacheHit":false,"clearancePath":"D:\\jail\\m-agentdb-mts6odc9\\security\\direct.json"}
  SECURITY direct clean: 1 exact package-version(s), tree ce5cc6d75221
OSV-SCREEN {"schemaVersion":1,"kind":"npm-observe-resolved","status":"clean","digest":"1e8727f9047cc4d76f6fc35eaa6a89b55d6383b92b7a7ebf51305dbead086b23","specCount":435,"lockfiles":{"digest":"aefacacd2af2b4b4d1d0fce57bf2d683fd3a783ca7746aa441a7894047053d42","files":[{"path":"package-lock.json","sha256":"6bf04b10d5b25d033ce9f321299a20626aed1f58410a199b5e92a7dc27860de9","bytes":263496}]},"maliciousAdvisories":[],"screenedAt":"2026-09-08T04:43:19.249Z","cacheHit":false,"clearancePath":"D:\\jail\\m-agentdb-mts6odc9\\security\\npm-observe-resolved.json"}
  SECURITY npm-observe-resolved clean: 435 exact package-version(s), tree 1e8727f9047c
  CAPTURE user=runnervmeef0v\runneradmin elevated=True rootPid=3620 exit=0 events=43437 lost=0
  VENUE-OBSERVE-USER runnervmeef0v\runneradmin elevated=true privDropped={"SeBackupPrivilege":"removed","SeRestorePrivilege":"removed","SeTakeOwnershipPrivilege":"removed"}
  OBSERVE artifacts: 1065 files  (D:\jail\m-agentdb-mts6odc9\observe\node_modules\agentdb)
  ARM-FALSIFIABILITY {"manifestFiles":1065,"filesTheScriptProduced":0,"reasons":["gate-vacuous","rc-vacuous"]}
  ⛔ ARMS-UNFALSIFIABLE — a green arm for this package carries no evidence:
       gate-vacuous: the script changed no file the artifact gate keys on — every file in the manifest (1065) was already present at its final size before the script ran, so the gate passes in every arm including a completely broken one
       rc-vacuous: `postinstall` ends in a status-swallowing construct (`node scripts/postinstall.cjs || true`), so its exit code is 0 whether the work succeeded or failed
       The grant may still be correct; what is missing is a signal that could have gone
       red. Do not read this record's MINIMAL as a passing measurement.
  CLOSURE 407 packages evicted per arm
  8.3 MAP 0 components resolved on runnervmeef0v, folded into capture.json
  == ROOTS (from capture.json — R2: no ambient reads) ==
    project       D:\jail\m-agentdb-mts6odc9\observe   [keyed on]
    home          C:\Users\runneradmin   [keyed on]
    jailHome      (null — declared inapplicable)
    globalStore   C:\Users\runneradmin\AppData\Local\nub\pm\store
    projectStore  D:\jail\m-agentdb-mts6odc9\observe\node_modules\.store
    interpreter   C:\hostedtoolcache\windows\node\22.23.2\x64\node.exe
    toolsDir      C:\Users\runneradmin\AppData\Local\nub\pm\tools
    temp          D:\jail\m-agentdb-mts6odc9\tmp   [keyed on]
    npmPrefix     (null — declared inapplicable)
    ownPkg        D:\jail\m-agentdb-mts6odc9\observe\node_modules\agentdb
  == ATTRIBUTION == lifecycle pids: 12 (root 3620)
    writes  script 3  /  whole traced tree 13
    peers   script 0  /  whole traced tree 0
  == WRITES ==
    outside       1
        d:\jail\m-agentdb-mts6odc9\npm-cache\_logs\2026-09-08t04_43_22_659z-debug-0.log
    jailTmp       2
  == READS ==
    deps         23
    outside     701
    project       2
    systemfs     57
    jailTmp     541
  == NETWORK ==
    distinct peers: 0
  == REFUSALS (adapter-classified) ==
    distinct: 0
  == SYNTHESIZED GRANT (verify this in the real unprivileged jail) ==
    {}
    NOTE 2 writes into the DECLARED private temp -- the base profile grants
         that directory unconditionally (preset.rs `$tmp`=rw), so they widen nothing.
    !! 1 writes OUTSIDE project/home -- no scope covers these; inspect before granting
  RAW       etw-raw.xml.gz  55575296 B xml -> 810433 B gz (68.6x)  sha256 d55c497eefbdc2cb…
  HEADER    etw-header.json (5061 bytes)
  DERIVED   12032 distinct from 14860 kept ops (43437 xml events, 2035 out of subtree)
  PROCS     14   thread-reattributed 0
  ⛔ 1 operations with NO OperationEnd — kept, status marked unknown
  ⛔ 5 handle ops whose path no table could supply
  8.3       0 expanded, 0 kept short, 0 not covered  [map: recorded 8.3 map (0 components, resolved on runnervmeef0v)]
  wrote events.ndjson.gz (144085 bytes)
  RAWLOG-CAPTURE D:\jail\m-agentdb-mts6odc9\cap\capture.json
  VENUE-NUB-BINARY {"path":"C:/Users/RUNNER~1/AppData/Local/Temp/nub/target/release/nub.exe","sha256":"f186817a44be332fee712b4936a071a0b5f9cde18a1d2fdc3a791729d4bf1005","bytes":68717056,"features":{"buildJailCatalogOverride":true,"pythonDontWriteBytecodeEnv":true}}
  VENUE-INTERPRETER C:\hostedtoolcache\windows\node\22.23.2\x64\node.exe
  VENUE-JAIL-ROOT D:\jail\m-agentdb-mts6odc9
  VENUE-OVERRIDES {"set":{"npm_config_cache":"D:\\jail\\m-agentdb-mts6odc9\\npm-cache","TMP":"D:\\jail\\m-agentdb-mts6odc9\\tmp","TEMP":"D:\\jail\\m-agentdb-mts6odc9\\tmp","TMPDIR":"D:\\jail\\m-agentdb-mts6odc9\\tmp"},"unset":["CI","GITHUB_ACTIONS"],"notRedirected":{"USERPROFILE":"C:\\Users\\runneradmin","why":"the jail leaves HOME/USERPROFILE alone — `build_jail.rs` sandbox_homes() reads the ambient value and `compiler/defaults.rs` BASELINE_ENV_EXACT passes it through — so there is no private jail home to reproduce and redirecting one would measure an environment no confined script sees"},"passedThrough":{"CI":"true","GITHUB_ACTIONS":"true","NODE_ENV":null}}
  scaffold: 5 dependency package(s) with lifecycle scripts granted a fixed wide grant
  STORE   isolated virtual store at D:\jail\m-agentdb-mts6odc9\verify-synth\.cache
  VENUE-STORE-LAYOUT isolated
OSV-SCREEN {"schemaVersion":1,"kind":"nub-synth-resolved","status":"clean","digest":"068fe768b02c77be97f22fb2b59b32a0ccbd26f87c6cf982e563bc53a5f120a6","specCount":435,"lockfiles":{"digest":"359a30bba56d5e6c6ea4062f3e0326a1e8c65fc7307449a0f98e30632d3e1034","files":[{"path":"nub.lock","sha256":"d4e0ddcac623b07302e1dc66219a77cb1afc0a5fc58827805566efd926606cd8","bytes":154510}]},"maliciousAdvisories":[],"screenedAt":"2026-09-08T04:44:13.803Z","cacheHit":false,"clearancePath":"D:\\jail\\m-agentdb-mts6odc9\\security\\nub-synth-resolved.json"}
  SECURITY nub-synth-resolved clean: 435 exact package-version(s), tree 068fe768b02c
  VERIFY[synth] rc=0 artifacts=1065/1065 missing=0 shortfall=none (tree 34604/29327) OVERRIDDEN=2 REJECTED=0 grant={}
  => MINIMUM {}   (observed, then verified)
  DESCEND   grant is already empty — nothing to narrow; MINIMAL by construction.
