OSV-SCREEN {"schemaVersion":1,"kind":"direct","status":"clean","digest":"ba9eaa7569779a8cfe3ffb4fc42a4e941857132ee92de8bac8f90f93cd0a17a2","specCount":1,"lockfiles":{"digest":null,"files":[]},"maliciousAdvisories":[],"screenedAt":"2026-08-31T08:45:19.488Z","cacheHit":false,"clearancePath":"/Users/runner/v2m-ev1EbW/security/direct.json"}
  SECURITY direct clean: 1 exact package-version(s), tree ba9eaa756977
  ERA-NODE PINNED 14.21.3 (provisioned) (arms will run: v14.21.3)
  ERA-PYTHON /Users/runner/hostedtoolcache/Python/3.9.13/arm64/bin/python (Python 3.9.13) for era Node 14, whose node-gyp requires python3-legacy
  ARM-MAKE /usr/bin/make (GNU Make 3.81) — the system make; a build needing GNU Make 4 WILL fail here
### saucectl@0.35.2   (/Users/runner/v2m-ev1EbW)   nub=/tmp/nub/target/release/nub
  VENUE-NUB-BINARY {"path":"/tmp/nub/target/release/nub","sha256":"69e622342d0c8393c78fa50a01dc9cc0a94371ac9b106b59bdcc016f06d86d30","bytes":94535576,"features":{"buildJailCatalogOverride":true,"pythonDontWriteBytecodeEnv":true}}
  CI-ENV scrubbed: CI GITHUB_ACTIONS
  --- fbt preflight (advisory; never fails the run) ---
     csrutil: System Integrity Protection status: disabled.
     fbt probes visible: 93577
     fbt enable attempt: dtrace: description 'fbt:::entry ' matched 50357 probes CPU     ID                    FUNCTION:NAME 
     cwd builtin value:  
     fbt chdir symbols:  
     fbt fires on spawn-with-cwd: dtrace: invalid probe specifier fbt::chdir*:entry /progenyof($target)/ { @[probefunc] = count(); }: probe description fbt::chdir*:entry does not match any probes 
  --- end fbt preflight ---
  ERA-RESOLUTION DATED 2021-04-07T14:56:21.726Z (deps as of the package's own publish date + 1d)
OSV-SCREEN {"schemaVersion":1,"kind":"npm-observe-resolved","status":"clean","digest":"973fcf6c7b7ab0cbe1aed60f14250053a4af757f9a9325f64a799666776d0264","specCount":139,"lockfiles":{"digest":"cdd0a7029326f4ac0150269d09f5386d3ce347e65597e0feb3fa77e9c5a1f575","files":[{"path":"package-lock.json","sha256":"43b159a1f693d550aef9968f369cd717fde915b1cc0cd20931f154dcb4099933","bytes":57455}]},"maliciousAdvisories":[],"screenedAt":"2026-08-31T08:45:27.823Z","cacheHit":false,"clearancePath":"/Users/runner/v2m-ev1EbW/security/npm-observe-resolved.json"}
  SECURITY npm-observe-resolved clean: 139 exact package-version(s), tree 973fcf6c7b7a
  ARM-PATH SANITISED (dropped 1: /Users/runner/.yarn/bin)
  ARM-AMBIENT-TOOLS none
  ARM-SCAFFOLD none
  ARM-UNPROVIDABLE none
  VENUE-CI-CHILD clean (no CI-detection variable reaches the traced script)
  --- wrapper (run.sh) ---
     cd "/Users/runner/v2m-ev1EbW/Observe"
     sudo -u "runner" -H env "PATH=/Users/runner/v2m-ev1EbW/Observe/node_modules/.bin:/Users/runner/.cache/nub/era-node/14.21.3/node-v14.21.3-darwin-x64/bin:/Users/runner/hostedtoolcache/node/22.23.2/arm64/bin:/opt/homebrew/lib/ruby/gems/3.3.0/bin:/opt/homebrew/opt/ruby@3.3/bin:/Users/runner/.local/bin:/opt/homebrew/bin:/opt/homebrew/sbin:/Users/runner/.cargo/bin:/usr/local/opt/curl/bin:/usr/local/bin:/usr/local/sbin:/Users/runner/bin:/Users/runner/Library/Android/sdk/tools:/Users/runner/Library/Android/sdk/platform-tools:/Library/Frameworks/Python.framework/Versions/Current/bin:/Library/Frameworks/Mono.framework/Versions/Current/Commands:/usr/bin:/bin:/usr/sbin:/sbin:/Users/runner/.dotnet/tools"   "HOME=/Users/runner/v2m-ev1EbW/jailhome"   "TMPDIR=/private/var/folders/_5/zjnzxgh147qcg3bb5cg2wvqw0000gn/T/nub-tmp-obsiQKXnM"   "NODE_COMPAT=1"   "PYTHONDONTWRITEBYTECODE=1"   "PLAYWRIGHT_BROWSERS_PATH=/Users/runner/.cache/nub/pm/tools/ms-playwright"   "ELECTRON_CACHE=/Users/runner/.cache/nub/pm/tools/electron-cache"   "electron_config_cache=/Users/runner/.cache/nub/pm/tools/electron-cache"   "npm_config_prefix=/Users/runner/.cache/nub/pm/tools/npm-prefix"   PYTHON=/Users/runner/hostedtoolcache/Python/3.9.13/arm64/bin/python   npm rebuild --no-audit --no-fund "saucectl" > "/Users/runner/v2m-ev1EbW/Observe/npm.log" 2>&1
     echo $? > "/Users/runner/v2m-ev1EbW/Observe/rc"
  --- dtrace stderr + wrapper trace ---
     + cd /Users/runner/v2m-ev1EbW/Observe
     + sudo -u runner -H env PATH=/Users/runner/v2m-ev1EbW/Observe/node_modules/.bin:/Users/runner/.cache/nub/era-node/14.21.3/node-v14.21.3-darwin-x64/bin:/Users/runner/hostedtoolcache/node/22.23.2/arm64/bin:/opt/homebrew/lib/ruby/gems/3.3.0/bin:/opt/homebrew/opt/ruby@3.3/bin:/Users/runner/.local/bin:/opt/homebrew/bin:/opt/homebrew/sbin:/Users/runner/.cargo/bin:/usr/local/opt/curl/bin:/usr/local/bin:/usr/local/sbin:/Users/runner/bin:/Users/runner/Library/Android/sdk/tools:/Users/runner/Library/Android/sdk/platform-tools:/Library/Frameworks/Python.framework/Versions/Current/bin:/Library/Frameworks/Mono.framework/Versions/Current/Commands:/usr/bin:/bin:/usr/sbin:/sbin:/Users/runner/.dotnet/tools HOME=/Users/runner/v2m-ev1EbW/jailhome TMPDIR=/private/var/folders/_5/zjnzxgh147qcg3bb5cg2wvqw0000gn/T/nub-tmp-obsiQKXnM NODE_COMPAT=1 PYTHONDONTWRITEBYTECODE=1 PLAYWRIGHT_BROWSERS_PATH=/Users/runner/.cache/nub/pm/tools/ms-playwright ELECTRON_CACHE=/Users/runner/.cache/nub/pm/tools/electron-cache electron_config_cache=/Users/runner/.cache/nub/pm/tools/electron-cache npm_config_prefix=/Users/runner/.cache/nub/pm/tools/npm-prefix PYTHON=/Users/runner/hostedtoolcache/Python/3.9.13/arm64/bin/python npm rebuild --no-audit --no-fund saucectl
     dtrace: error on enabled probe ID 128 (ID 286: syscall::execve:entry): invalid address (0x6000001a10e0) in action #1 at DIF offset 20
     + echo 0
  OBSERVE   rc=0 dtrace_rc=0 files=764 (pre=760) trace=17986 lines
  CLOSURE   127 packages evicted per arm   store=/Users/runner/.cache/nub/pm/store
  RAWLOG-FILE /Users/runner/v2m-ev1EbW/Observe/trace.txt.gz
  RAWLOG-CAPTURE /Users/runner/v2m-ev1EbW/Observe/capture.json
  RAWLOG-BYTES raw=2504501 gz=111057
  VENUE-INTERPRETER /Users/runner/hostedtoolcache/node/22.23.2/arm64
  VENUE-NODE-SELECTION {"pkg":"saucectl","packageVersion":"0.35.2","major":14,"version":"14.21.3","npm":"6.14.18","pinnable":true,"engines":null,"publishedAt":"2021-04-06T14:56:21.726Z","eraMajor":14,"startMajor":14,"raisedByEngines":false,"enginesUnsatisfiable":false,"clampedToFloor":false,"clampedToCeiling":false,"matrixFloor":4,"matrixCeiling":26,"lookupFailure":null,"pinned":true,"pinnedBin":"/Users/runner/.cache/nub/era-node/14.21.3/node-v14.21.3-darwin-x64/bin","eraNodeRoot":"/Users/runner/.cache/nub"}
  VENUE-OVERRIDES {"set":{"PATH":"inherited-and-forwarded","HOME":"/Users/runner/v2m-ev1EbW/jailhome","TMPDIR":"/private/var/folders/_5/zjnzxgh147qcg3bb5cg2wvqw0000gn/T/nub-tmp-obsiQKXnM","NODE_COMPAT":"1","PYTHONDONTWRITEBYTECODE":"1","PLAYWRIGHT_BROWSERS_PATH":"/Users/runner/.cache/nub/pm/tools/ms-playwright","ELECTRON_CACHE":"/Users/runner/.cache/nub/pm/tools/electron-cache","electron_config_cache":"/Users/runner/.cache/nub/pm/tools/electron-cache","npm_config_prefix":"/Users/runner/.cache/nub/pm/tools/npm-prefix"},"unset":["(sudo env_reset discards the caller environment; every var above is re-set after it)","CI","GITHUB_ACTIONS"],"passedThrough":{"CI":"true","GITHUB_ACTIONS":"true","NODE_ENV":null}}
  VENUE-OBSERVE-USER runner uid=501 (R7: ordinary non-root user, asserted)
  ARM-FALSIFIABILITY {"manifestFiles":8,"filesTheScriptProduced":2,"reasons":[]}
  EVENTLOG-FILE /Users/runner/v2m-ev1EbW/Observe/events.ndjson.gz
  EVENTLOG-STATS {"lines":17987,"parsed":17967,"unparsed":0,"live":true,"tracerErrors":1,"tracerErrorTotal":1,"unresolvedDirfd":27,"unresolvedFd":0,"pairedTwoPath":1,"danglingPair":0,"failed":12930,"enoent":12922,"refusals":0,"byErrno":{"ENXIO":3,"ENOENT":12922,"EEXIST":5},"procs":7,"lifecyclePids":1,"distinctEvents":10207,"emitted":10207,"calls":17926,"bytes":1646783,"gzipBytes":59019,"out":"/Users/runner/v2m-ev1EbW/Observe/events.ndjson"}
  == TRACER == live=true decodable-events=2024 dropped-events=1
    NOTE 18 relative path(s) under a non-AT_FDCWD dirfd were not
       scope-assigned: resolving them against the cwd would invent a path.
    ⛔ CWD-UNOBSERVED 2 relative path(s) (0 write(s)) came from a lifecycle
       process whose own cwd was never observed
       macOS spawns with posix_spawn addchdir_np, which changes directory in-kernel and
       emits no chdir syscall, so the inherited cwd cannot be trusted. These are NOT
       scope-assigned; the grant below is WIDENED instead so it covers wherever they landed.
         pid=55359 read  unproven .
         pid=55359 read  unproven .
    ⛔ THE TRACER DROPPED 1 EVENT(S). A dropped event is a path never
       seen, so the grant below can only be too NARROW — the direction that breaks installs.
       Treat it as a FLOOR, not a measurement, until the adapter fault is fixed:
             1 x  epid=128 action=1 fault=1 addr=0x6000001a10e0
  == ATTRIBUTION == lifecycle pids: 1
    writes  script 3  /  whole traced subtree 11
    sockets script 2  /  whole traced subtree 2
  == ROOTS (from /Users/runner/v2m-ev1EbW/Observe/capture.json; the classifier reads no other source) ==
    project       /Users/runner/v2m-ev1EbW/Observe
    home          /Users/runner
    jailHome      /Users/runner/v2m-ev1EbW/jailhome
    globalStore   /Users/runner/.cache/nub/pm/store
    projectStore  /Users/runner/v2m-ev1EbW/Observe/node_modules/.store
    interpreter   /Users/runner/hostedtoolcache/node/22.23.2/arm64
    toolsDir      /Users/runner/.cache/nub/pm/tools
    temp          /private/var/folders/_5/zjnzxgh147qcg3bb5cg2wvqw0000gn/T/nub-tmp-obsiQKXnM
    npmPrefix     /Users/runner/.cache/nub/pm/tools/npm-prefix
    ownPkg        /Users/runner/v2m-ev1EbW/Observe/node_modules/saucectl
    cwd           (null — this platform has no such root)
  == WRITES the script actually performed ==
    ownPkg        3  (base profile already grants this — NOT billed)
        /Users/runner/v2m-ev1EbW/Observe/node_modules/saucectl/bin
        /Users/runner/v2m-ev1EbW/Observe/node_modules/saucectl/bin/saucectl
        /Users/runner/v2m-ev1EbW/Observe/node_modules/saucectl/bin/LICENSE
  == READS the script performed, by scope ==
    systemfs     11
    outside       7
    userHome      2
    ownPkg        6
    deps        321
        outside: /
        outside: /bin/sh
        outside: /bin
        outside: /bin/bash
        outside: /etc/resolv.conf
        outside: /var/db/timezone/zoneinfo/UTC
        outside: /var/db/timezone/zoneinfo/posixrules
  == NETWORK ==
    AF_INET connects: 2   distinct peers: 2
        172.182.252.133:443
        185.199.110.133:443
  == REFUSALS (errno EPERM/EACCES/EROFS only; ENOENT is a miss, not a denial) ==
    distinct: 0
  == SYNTHESIZED GRANT (verify this in the real unprivileged jail) ==
    {"network":true}
  == writePaths (DERIVED — promotion out of the package's PRIVATE home) ==
    private-home writes observed: 0
    none declared — the script wrote nothing into its private home — there is nothing to promote
  == writePaths FEASIBILITY (distinct writes outside project/deps) ==
    count: 0
  EVICT[synth] 130 store entries removed, 27 spared as nub tooling, 1374 in store
OSV-SCREEN {"schemaVersion":1,"kind":"nub-synth-resolved","status":"clean","digest":"fe390ba50ebaac23c37c3a05e92b8bfc91e2a304af4ba46a0779007d72769fc0","specCount":170,"lockfiles":{"digest":"d12c7665608a2284831e54ab7fb398f0626d400655b5ac21e0545d88352fc884","files":[{"path":"nub.lock","sha256":"be280933471cc406d88636356564a7186b50ae5f06c67985891270bc7324f07c","bytes":40151}]},"maliciousAdvisories":[],"screenedAt":"2026-08-31T08:45:34.919Z","cacheHit":false,"clearancePath":"/Users/runner/v2m-ev1EbW/security/nub-synth-resolved.json"}
  SECURITY nub-synth-resolved clean: 170 exact package-version(s), tree fe390ba50eba
  VENUE-STORE-LAYOUT isolated
  VERIFY[synth] rc=0 artifacts=8/8 missing=0 shortfall=none (tree 4362/764) OVERRIDDEN=3 REJECTED=0 grant={"network":true}
  => VERIFIED {"network":true}
  EVICT[nar-no-network] 133 store entries removed, 27 spared as nub tooling, 1379 in store
OSV-SCREEN {"schemaVersion":1,"kind":"nub-nar-no-network-resolved","status":"clean","digest":"fe390ba50ebaac23c37c3a05e92b8bfc91e2a304af4ba46a0779007d72769fc0","specCount":170,"lockfiles":{"digest":"d12c7665608a2284831e54ab7fb398f0626d400655b5ac21e0545d88352fc884","files":[{"path":"nub.lock","sha256":"be280933471cc406d88636356564a7186b50ae5f06c67985891270bc7324f07c","bytes":40151}]},"maliciousAdvisories":[],"screenedAt":"2026-08-31T08:45:34.919Z","cacheHit":true,"clearancePath":"/Users/runner/v2m-ev1EbW/security/nub-nar-no-network-resolved.json"}
  SECURITY nub-nar-no-network-resolved clean: 170 exact package-version(s), tree fe390ba50eba (cached exact-tree clearance)
  VERIFY[nar-no-network] rc=1 artifacts=6/8 missing=2 shortfall=e4e32fdf5a57 (tree 4356/764) OVERRIDDEN=3 REJECTED=0 grant={}
       missing: bin/LICENSE, bin/saucectl
     [nar-no-network/a] Installation failed: RequestError: getaddrinfo ENOTFOUND github.com
     narrowing 'no-network' fails ⇒ that capability IS necessary
  => MINIMAL — every capability in {"network":true} is independently necessary
### DONE saucectl@0.35.2  synthesized={"network":true} verified=1
