### braintrust@3.27.0   (D:\jail\m-braintrust-mtsubvb6)
  CI-ENV scrubbed: CI GITHUB_ACTIONS
OSV-SCREEN {"schemaVersion":1,"kind":"direct","status":"clean","digest":"c0360cabbd68c6db40d950a190ac8d98eb22ec30d8771f8655c67529fe857bfc","specCount":1,"lockfiles":{"digest":null,"files":[]},"maliciousAdvisories":[],"screenedAt":"2026-09-08T15:44:53.279Z","cacheHit":false,"clearancePath":"D:\\jail\\m-braintrust-mtsubvb6\\security\\direct.json"}
  SECURITY direct clean: 1 exact package-version(s), tree c0360cabbd68
OSV-SCREEN {"schemaVersion":1,"kind":"npm-observe-resolved","status":"clean","digest":"1053a9e1b9df332d820ec0c8af26be311dd333e2e0ac1a9de0491c62702ecd6e","specCount":122,"lockfiles":{"digest":"aed89952b35125d4517b5db8d22d1343517074a5b3f2b900d7f72e21b814a5a1","files":[{"path":"package-lock.json","sha256":"c3437d1db0f9067658140cb65c7f78f582c9a7aa427ebe074feb5b2ed87fb270","bytes":69927}]},"maliciousAdvisories":[],"screenedAt":"2026-09-08T15:45:00.821Z","cacheHit":false,"clearancePath":"D:\\jail\\m-braintrust-mtsubvb6\\security\\npm-observe-resolved.json"}
  SECURITY npm-observe-resolved clean: 122 exact package-version(s), tree 1053a9e1b9df
  CAPTURE user=runnervmeef0v\runneradmin elevated=True rootPid=7644 exit=0 events=56837 lost=0
  VENUE-OBSERVE-USER runnervmeef0v\runneradmin elevated=true privDropped={"SeBackupPrivilege":"removed","SeRestorePrivilege":"removed","SeTakeOwnershipPrivilege":"removed"}
  OBSERVE artifacts: 106 files  (D:\jail\m-braintrust-mtsubvb6\observe\node_modules\braintrust)
  ARM-FALSIFIABILITY {"manifestFiles":106,"filesTheScriptProduced":0,"reasons":["gate-vacuous"]}
  ⛔ ARMS-UNFALSIFIABLE — a green arm for this package carries no evidence:
       gate-vacuous: the script changed no file the artifact gate keys on — every file in the manifest (106) was already present at its final size before the script ran, so the gate passes in every arm including a completely broken one
       The grant may still be correct; what is missing is a signal that could have gone
       red. Do not read this record's MINIMAL as a passing measurement.
  CLOSURE 121 packages evicted per arm
  8.3 MAP 0 components resolved on runnervmeef0v, folded into capture.json
  == ROOTS (from capture.json — R2: no ambient reads) ==
    project       D:\jail\m-braintrust-mtsubvb6\observe   [keyed on]
    home          C:\Users\runneradmin   [keyed on]
    jailHome      (null — declared inapplicable)
    globalStore   C:\Users\runneradmin\AppData\Local\nub\pm\store
    projectStore  D:\jail\m-braintrust-mtsubvb6\observe\node_modules\.store
    interpreter   C:\hostedtoolcache\windows\node\22.23.2\x64\node.exe
    toolsDir      C:\Users\runneradmin\AppData\Local\nub\pm\tools
    temp          D:\jail\m-braintrust-mtsubvb6\tmp   [keyed on]
    npmPrefix     (null — declared inapplicable)
    ownPkg        D:\jail\m-braintrust-mtsubvb6\observe\node_modules\braintrust
  == ATTRIBUTION == lifecycle pids: 2 (root 7644)
    writes  script 0  /  whole traced tree 14
    peers   script 0  /  whole traced tree 0
  == WRITES ==
  == READS ==
    deps          7
    outside       6
    project       1
    systemfs     23
  == NETWORK ==
    distinct peers: 0
  == REFUSALS (adapter-classified) ==
    distinct: 0
  == SYNTHESIZED GRANT (verify this in the real unprivileged jail) ==
    {}
  RAW       etw-raw.xml.gz  71747515 B xml -> 1115437 B gz (64.3x)  sha256 11ac53366c8883e1…
  HEADER    etw-header.json (5077 bytes)
  DERIVED   5457 distinct from 6647 kept ops (56837 xml events, 12141 out of subtree)
  PROCS     4   thread-reattributed 0
  ⛔ 3 operations with NO OperationEnd — kept, status marked unknown
  ⛔ 1 handle ops whose path no table could supply
  8.3       0 expanded, 0 kept short, 0 not covered  [map: recorded 8.3 map (0 components, resolved on runnervmeef0v)]
  wrote events.ndjson.gz (69330 bytes)
  RAWLOG-CAPTURE D:\jail\m-braintrust-mtsubvb6\cap\capture.json
  VENUE-NUB-BINARY {"path":"C:/Users/RUNNER~1/AppData/Local/Temp/nub/target/release/nub.exe","sha256":"f186817a44be332fee712b4936a071a0b5f9cde18a1d2fdc3a791729d4bf1005","bytes":68717056,"features":{"buildJailCatalogOverride":true,"pythonDontWriteBytecodeEnv":true}}
  VENUE-INTERPRETER C:\hostedtoolcache\windows\node\22.23.2\x64\node.exe
  VENUE-JAIL-ROOT D:\jail\m-braintrust-mtsubvb6
  VENUE-OVERRIDES {"set":{"npm_config_cache":"D:\\jail\\m-braintrust-mtsubvb6\\npm-cache","TMP":"D:\\jail\\m-braintrust-mtsubvb6\\tmp","TEMP":"D:\\jail\\m-braintrust-mtsubvb6\\tmp","TMPDIR":"D:\\jail\\m-braintrust-mtsubvb6\\tmp"},"unset":["CI","GITHUB_ACTIONS"],"notRedirected":{"USERPROFILE":"C:\\Users\\runneradmin","why":"the jail leaves HOME/USERPROFILE alone — `build_jail.rs` sandbox_homes() reads the ambient value and `compiler/defaults.rs` BASELINE_ENV_EXACT passes it through — so there is no private jail home to reproduce and redirecting one would measure an environment no confined script sees"},"passedThrough":{"CI":"true","GITHUB_ACTIONS":"true","NODE_ENV":null}}
  scaffold: 1 dependency package(s) with lifecycle scripts granted a fixed wide grant
  STORE   isolated virtual store at D:\jail\m-braintrust-mtsubvb6\verify-synth\.cache
  VENUE-STORE-LAYOUT isolated
OSV-SCREEN {"schemaVersion":1,"kind":"nub-synth-resolved","status":"clean","digest":"1053a9e1b9df332d820ec0c8af26be311dd333e2e0ac1a9de0491c62702ecd6e","specCount":122,"lockfiles":{"digest":"0d4651a946c8dfff081c87dbaa4eda996ccf8381a2e2bd0d8c3ac3ebc6e994d9","files":[{"path":"nub.lock","sha256":"64c2a837905cbcb5e5864e0c68d57facefa3540183572f10a269605a0c23e1d8","bytes":40526}]},"maliciousAdvisories":[],"screenedAt":"2026-09-08T15:45:00.821Z","cacheHit":true,"clearancePath":"D:\\jail\\m-braintrust-mtsubvb6\\security\\nub-synth-resolved.json"}
  SECURITY nub-synth-resolved clean: 122 exact package-version(s), tree 1053a9e1b9df (cached exact-tree clearance)
  VERIFY[synth] rc=0 artifacts=106/106 missing=0 shortfall=none (tree 9630/3180) OVERRIDDEN=2 REJECTED=0 grant={}
  => MINIMUM {}   (observed, then verified)
  DESCEND   grant is already empty — nothing to narrow; MINIMAL by construction.
