### @apollo/rover@0.30.0   (D:\jail\m-apollorover-mtrkxndd)
  CI-ENV scrubbed: CI GITHUB_ACTIONS
OSV-SCREEN {"schemaVersion":1,"kind":"direct","status":"clean","digest":"2ecd583d5aafdd28d1c941b4e162c9956746496fb1d2b81417f8c7c981130cc3","specCount":1,"lockfiles":{"digest":null,"files":[]},"maliciousAdvisories":[],"screenedAt":"2026-09-07T18:34:07.172Z","cacheHit":false,"clearancePath":"D:\\jail\\m-apollorover-mtrkxndd\\security\\direct.json"}
  SECURITY direct clean: 1 exact package-version(s), tree 2ecd583d5aaf
OSV-SCREEN {"schemaVersion":1,"kind":"npm-observe-resolved","status":"clean","digest":"cf0339dbaf7fa5dbe9fdc28f79f756961cff8c95dc24c0cf3ee2e376a55eaeec","specCount":42,"lockfiles":{"digest":"de76121fae8c545e3b33cf3b8aba4f40f6cd08c52f6af65605f17c0aa934a4eb","files":[{"path":"package-lock.json","sha256":"965b4793dd7d0e186501bd427e747a48160ef59f79acf6b2be7599d400857cd8","bytes":17936}]},"maliciousAdvisories":[],"screenedAt":"2026-09-07T18:34:10.115Z","cacheHit":false,"clearancePath":"D:\\jail\\m-apollorover-mtrkxndd\\security\\npm-observe-resolved.json"}
  SECURITY npm-observe-resolved clean: 42 exact package-version(s), tree cf0339dbaf7f
  CAPTURE user=runnervmeef0v\runneradmin elevated=True rootPid=5208 exit=0 events=27578 lost=0
  VENUE-OBSERVE-USER runnervmeef0v\runneradmin elevated=true privDropped={"SeBackupPrivilege":"removed","SeRestorePrivilege":"removed","SeTakeOwnershipPrivilege":"removed"}
  OBSERVE artifacts: 9 files  (D:\jail\m-apollorover-mtrkxndd\observe\node_modules\@apollo\rover)
  ARM-FALSIFIABILITY {"manifestFiles":9,"filesTheScriptProduced":3,"reasons":[]}
  CLOSURE 42 packages evicted per arm
  8.3 MAP 0 components resolved on runnervmeef0v, folded into capture.json
  == ROOTS (from capture.json — R2: no ambient reads) ==
    project       D:\jail\m-apollorover-mtrkxndd\observe   [keyed on]
    home          C:\Users\runneradmin   [keyed on]
    jailHome      (null — declared inapplicable)
    globalStore   C:\Users\runneradmin\AppData\Local\nub\pm\store
    projectStore  D:\jail\m-apollorover-mtrkxndd\observe\node_modules\.store
    interpreter   C:\hostedtoolcache\windows\node\22.23.2\x64\node.exe
    toolsDir      C:\Users\runneradmin\AppData\Local\nub\pm\tools
    temp          D:\jail\m-apollorover-mtrkxndd\tmp   [keyed on]
    npmPrefix     (null — declared inapplicable)
    ownPkg        D:\jail\m-apollorover-mtrkxndd\observe\node_modules\@apollo\rover
  == ATTRIBUTION == lifecycle pids: 2 (root 5208)
    writes  script 5  /  whole traced tree 16
    peers   script 3  /  whole traced tree 3
  == WRITES ==
    deps          5
  == READS ==
    deps        128
    outside       6
    project       1
    systemfs     28
  == NETWORK ==
    distinct peers: 3
        52.52.192.191:443
        172.182.252.133:443
        185.199.110.133:443
  == REFUSALS (adapter-classified) ==
    distinct: 0
  == SYNTHESIZED GRANT (verify this in the real unprivileged jail) ==
    {"write":{"deps":true},"network":true}
  RAW       etw-raw.xml.gz  35353080 B xml -> 522851 B gz (67.6x)  sha256 d9b7f988a61e0d6b…
  HEADER    etw-header.json (5088 bytes)
  DERIVED   5828 distinct from 9184 kept ops (27578 xml events, 1677 out of subtree)
  PROCS     4   thread-reattributed 0
  ⛔ 2 operations with NO OperationEnd — kept, status marked unknown
  8.3       0 expanded, 0 kept short, 0 not covered  [map: recorded 8.3 map (0 components, resolved on runnervmeef0v)]
  wrote events.ndjson.gz (73134 bytes)
  RAWLOG-CAPTURE D:\jail\m-apollorover-mtrkxndd\cap\capture.json
  VENUE-NUB-BINARY {"path":"C:/Users/RUNNER~1/AppData/Local/Temp/nub/target/release/nub.exe","sha256":"f186817a44be332fee712b4936a071a0b5f9cde18a1d2fdc3a791729d4bf1005","bytes":68717056,"features":{"buildJailCatalogOverride":true,"pythonDontWriteBytecodeEnv":true}}
  VENUE-INTERPRETER C:\hostedtoolcache\windows\node\22.23.2\x64\node.exe
  VENUE-JAIL-ROOT D:\jail\m-apollorover-mtrkxndd
  VENUE-OVERRIDES {"set":{"npm_config_cache":"D:\\jail\\m-apollorover-mtrkxndd\\npm-cache","TMP":"D:\\jail\\m-apollorover-mtrkxndd\\tmp","TEMP":"D:\\jail\\m-apollorover-mtrkxndd\\tmp","TMPDIR":"D:\\jail\\m-apollorover-mtrkxndd\\tmp"},"unset":["CI","GITHUB_ACTIONS"],"notRedirected":{"USERPROFILE":"C:\\Users\\runneradmin","why":"the jail leaves HOME/USERPROFILE alone — `build_jail.rs` sandbox_homes() reads the ambient value and `compiler/defaults.rs` BASELINE_ENV_EXACT passes it through — so there is no private jail home to reproduce and redirecting one would measure an environment no confined script sees"},"passedThrough":{"CI":"true","GITHUB_ACTIONS":"true","NODE_ENV":null}}
  STORE   isolated virtual store at D:\jail\m-apollorover-mtrkxndd\verify-synth\.cache
  VENUE-STORE-LAYOUT isolated
OSV-SCREEN {"schemaVersion":1,"kind":"nub-synth-resolved","status":"clean","digest":"cf0339dbaf7fa5dbe9fdc28f79f756961cff8c95dc24c0cf3ee2e376a55eaeec","specCount":42,"lockfiles":{"digest":"b2a6328b60128dee571e6c45c61b8cb07d2a3e8a36990bc86a0ebf85708ed50e","files":[{"path":"nub.lock","sha256":"ca3996e070954d979d6d648df3e784811f1ff398c71ebe9ce4b0692b9d10fb48","bytes":10798}]},"maliciousAdvisories":[],"screenedAt":"2026-09-07T18:34:10.115Z","cacheHit":true,"clearancePath":"D:\\jail\\m-apollorover-mtrkxndd\\security\\nub-synth-resolved.json"}
  SECURITY nub-synth-resolved clean: 42 exact package-version(s), tree cf0339dbaf7f (cached exact-tree clearance)
  VERIFY[synth] rc=0 artifacts=9/9 missing=0 shortfall=none (tree 6309/806) OVERRIDDEN=2 REJECTED=0 grant={"write":{"deps":true},"network":true}
  => MINIMUM {"write":{"deps":true},"network":true}   (observed, then verified)
  STORE   isolated virtual store at D:\jail\m-apollorover-mtrkxndd\verify-nar-no-network\.cache
OSV-SCREEN {"schemaVersion":1,"kind":"nub-nar-no-network-resolved","status":"clean","digest":"cf0339dbaf7fa5dbe9fdc28f79f756961cff8c95dc24c0cf3ee2e376a55eaeec","specCount":42,"lockfiles":{"digest":"b2a6328b60128dee571e6c45c61b8cb07d2a3e8a36990bc86a0ebf85708ed50e","files":[{"path":"nub.lock","sha256":"ca3996e070954d979d6d648df3e784811f1ff398c71ebe9ce4b0692b9d10fb48","bytes":10798}]},"maliciousAdvisories":[],"screenedAt":"2026-09-07T18:34:10.115Z","cacheHit":true,"clearancePath":"D:\\jail\\m-apollorover-mtrkxndd\\security\\nub-nar-no-network-resolved.json"}
  SECURITY nub-nar-no-network-resolved clean: 42 exact package-version(s), tree cf0339dbaf7f (cached exact-tree clearance)
  VERIFY[nar-no-network] rc=1 artifacts=6/9 missing=3 shortfall=1b67b051a42e (tree 6307/806) OVERRIDDEN=2 REJECTED=0 grant={"write":{"deps":true}}
     missing artifacts: binary/LICENSE, binary/README.md, binary/rover-0.30.0.exe
     'no-network' is NECESSARY — dropping it fails to verify
  STORE   isolated virtual store at D:\jail\m-apollorover-mtrkxndd\verify-nar-no-write-deps\.cache
OSV-SCREEN {"schemaVersion":1,"kind":"nub-nar-no-write-deps-resolved","status":"clean","digest":"cf0339dbaf7fa5dbe9fdc28f79f756961cff8c95dc24c0cf3ee2e376a55eaeec","specCount":42,"lockfiles":{"digest":"b2a6328b60128dee571e6c45c61b8cb07d2a3e8a36990bc86a0ebf85708ed50e","files":[{"path":"nub.lock","sha256":"ca3996e070954d979d6d648df3e784811f1ff398c71ebe9ce4b0692b9d10fb48","bytes":10798}]},"maliciousAdvisories":[],"screenedAt":"2026-09-07T18:34:10.115Z","cacheHit":true,"clearancePath":"D:\\jail\\m-apollorover-mtrkxndd\\security\\nub-nar-no-write-deps-resolved.json"}
  SECURITY nub-nar-no-write-deps-resolved clean: 42 exact package-version(s), tree cf0339dbaf7f (cached exact-tree clearance)
  VERIFY[nar-no-write-deps] rc=0 artifacts=9/9 missing=0 shortfall=none (tree 6309/806) OVERRIDDEN=2 REJECTED=0 grant={"network":true}
     ⛔ OVER-PREDICTED — the strictly narrower {"network":true} also verifies; 'no-write-deps' was not needed
