OSV-SCREEN {"schemaVersion":1,"kind":"direct","status":"clean","digest":"a0726f4f28f796f6c7e77096ca9d12dbffdbee8c6fa468ef151f28141931b4f8","specCount":1,"lockfiles":{"digest":null,"files":[]},"maliciousAdvisories":[],"screenedAt":"2026-09-08T10:26:33.648Z","cacheHit":false,"clearancePath":"/Users/runner/v2m-O1tZMH/security/direct.json"}
  SECURITY direct clean: 1 exact package-version(s), tree a0726f4f28f7
### fibers@3.1.1   (/Users/runner/v2m-O1tZMH)   nub=/tmp/nub/target/release/nub
  VENUE-NUB-BINARY {"path":"/tmp/nub/target/release/nub","sha256":"f923f9d246b7061a3e88675efb7b4fdcda741d02368002ce6e7f7044b01e7bbe","bytes":93818888,"features":{"buildJailCatalogOverride":true,"pythonDontWriteBytecodeEnv":true}}
  CI-ENV scrubbed: CI GITHUB_ACTIONS
  --- fbt preflight (advisory; never fails the run) ---
     csrutil: System Integrity Protection status: disabled.
     fbt probes visible: 93591
     fbt enable attempt: dtrace: description 'fbt:::entry ' matched 50364 probes CPU     ID                    FUNCTION:NAME 
     cwd builtin value:  
     fbt chdir symbols:  
     fbt fires on spawn-with-cwd: dtrace: invalid probe specifier fbt::chdir*:entry /progenyof($target)/ { @[probefunc] = count(); }: probe description fbt::chdir*:entry does not match any probes 
  --- end fbt preflight ---
OSV-SCREEN {"schemaVersion":1,"kind":"npm-observe-resolved","status":"clean","digest":"25d395e25fb8bf4a76e2ab9fbe4acecd1df44ca7cb6c93aebcfc02cf6a22923a","specCount":2,"lockfiles":{"digest":"28b33e11ca9de786a2fa916fad30198d3c7bd153f86b7c1138222db26619fc18","files":[{"path":"package-lock.json","sha256":"475ec5483aaf14da5751d6c8d58e5a9664539079604b3985199d1dd3638aa914","bytes":1073}]},"maliciousAdvisories":[],"screenedAt":"2026-09-08T10:26:38.427Z","cacheHit":false,"clearancePath":"/Users/runner/v2m-O1tZMH/security/npm-observe-resolved.json"}
  SECURITY npm-observe-resolved clean: 2 exact package-version(s), tree 25d395e25fb8
  VENUE-CI-CHILD clean (no CI-detection variable reaches the traced script)
  --- wrapper (run.sh) ---
     cd "/Users/runner/v2m-O1tZMH/Observe"
     sudo -u "runner" -H env "PATH=$PATH"   "HOME=/Users/runner/v2m-O1tZMH/jailhome"   "TMPDIR=/private/var/folders/bl/vzjcvbz95c3dk19cb0fw46180000gn/T/nub-tmp-obsINWgC1"   "NODE_COMPAT=1"   "PYTHONDONTWRITEBYTECODE=1"   "PLAYWRIGHT_BROWSERS_PATH=/Users/runner/.cache/nub/pm/tools/ms-playwright"   "ELECTRON_CACHE=/Users/runner/.cache/nub/pm/tools/electron-cache"   "electron_config_cache=/Users/runner/.cache/nub/pm/tools/electron-cache"   "npm_config_prefix=/Users/runner/.cache/nub/pm/tools/npm-prefix"   "/Users/runner/hostedtoolcache/node/22.23.2/arm64/bin/npm" rebuild --no-audit --no-fund "fibers" > "/Users/runner/v2m-O1tZMH/Observe/npm.log" 2>&1
     echo $? > "/Users/runner/v2m-O1tZMH/Observe/rc"
  --- dtrace stderr + wrapper trace ---
     + cd /Users/runner/v2m-O1tZMH/Observe
     + sudo -u runner -H env PATH=/Users/runner/hostedtoolcache/node/22.23.2/arm64/bin:/opt/homebrew/lib/ruby/gems/3.3.0/bin:/opt/homebrew/opt/ruby@3.3/bin:/Users/runner/.local/bin:/opt/homebrew/bin:/opt/homebrew/sbin:/Users/runner/.cargo/bin:/usr/local/opt/curl/bin:/usr/local/bin:/usr/local/sbin:/Users/runner/bin:/Users/runner/.yarn/bin:/Users/runner/Library/Android/sdk/tools:/Users/runner/Library/Android/sdk/platform-tools:/Library/Frameworks/Python.framework/Versions/Current/bin:/Library/Frameworks/Mono.framework/Versions/Current/Commands:/usr/bin:/bin:/usr/sbin:/sbin:/Users/runner/.dotnet/tools HOME=/Users/runner/v2m-O1tZMH/jailhome TMPDIR=/private/var/folders/bl/vzjcvbz95c3dk19cb0fw46180000gn/T/nub-tmp-obsINWgC1 NODE_COMPAT=1 PYTHONDONTWRITEBYTECODE=1 PLAYWRIGHT_BROWSERS_PATH=/Users/runner/.cache/nub/pm/tools/ms-playwright ELECTRON_CACHE=/Users/runner/.cache/nub/pm/tools/electron-cache electron_config_cache=/Users/runner/.cache/nub/pm/tools/electron-cache npm_config_prefix=/Users/runner/.cache/nub/pm/tools/npm-prefix /Users/runner/hostedtoolcache/node/22.23.2/arm64/bin/npm rebuild --no-audit --no-fund fibers
     dtrace: error on enabled probe ID 128 (ID 286: syscall::execve:entry): invalid address (0x6000022f1170) in action #1 at DIF offset 20
     dtrace: error on enabled probe ID 128 (ID 286: syscall::execve:entry): invalid address (0x60000398c0e0) in action #5 at DIF offset 88
     dtrace: error on enabled probe ID 53 (ID 189: syscall::unlink:return): invalid address (0x600001f9a1b0) in action #10 at DIF offset 12
     dtrace: error on enabled probe ID 53 (ID 189: syscall::unlink:return): invalid address (0x600001f9a1b0) in action #10 at DIF offset 12
     dtrace: error on enabled probe ID 128 (ID 286: syscall::execve:entry): invalid address (0x656d616e75) in action #6 at DIF offset 88
     dtrace: error on enabled probe ID 128 (ID 286: syscall::execve:entry): invalid address (0x656d616e75) in action #6 at DIF offset 88
     dtrace: error on enabled probe ID 128 (ID 286: syscall::execve:entry): invalid address (0x656d616e75) in action #6 at DIF offset 88
     dtrace: error on enabled probe ID 128 (ID 286: syscall::execve:entry): invalid address (0x656d616e75) in action #6 at DIF offset 88
     dtrace: error on enabled probe ID 128 (ID 286: syscall::execve:entry): invalid address (0x656d616e75) in action #6 at DIF offset 88
     dtrace: error on enabled probe ID 128 (ID 286: syscall::execve:entry): invalid address (0x656d616e75) in action #6 at DIF offset 88
     dtrace: error on enabled probe ID 128 (ID 286: syscall::execve:entry): invalid address (0x656d616e75) in action #6 at DIF offset 88
     dtrace: error on enabled probe ID 128 (ID 286: syscall::execve:entry): invalid address (0x656d616e75) in action #6 at DIF offset 88
     dtrace: error on enabled probe ID 128 (ID 286: syscall::execve:entry): invalid address (0x656d616e75) in action #6 at DIF offset 88
     dtrace: error on enabled probe ID 128 (ID 286: syscall::execve:entry): invalid address (0x656d616e75) in action #6 at DIF offset 88
     dtrace: error on enabled probe ID 128 (ID 286: syscall::execve:entry): invalid address (0x656d616e75) in action #6 at DIF offset 88
     dtrace: error on enabled probe ID 128 (ID 286: syscall::execve:entry): invalid address (0x656d616e75) in action #6 at DIF offset 88
     dtrace: error on enabled probe ID 128 (ID 286: syscall::execve:entry): invalid address (0x656d616e75) in action #6 at DIF offset 88
     dtrace: error on enabled probe ID 128 (ID 286: syscall::execve:entry): invalid address (0x656d616e75) in action #6 at DIF offset 88
     dtrace: error on enabled probe ID 128 (ID 286: syscall::execve:entry): invalid address (0x656d616e75) in action #6 at DIF offset 88
     dtrace: error on enabled probe ID 128 (ID 286: syscall::execve:entry): invalid address (0x656d616e75) in action #6 at DIF offset 88
     dtrace: error on enabled probe ID 128 (ID 286: syscall::execve:entry): invalid address (0x656d616e75) in action #6 at DIF offset 88
     dtrace: error on enabled probe ID 128 (ID 286: syscall::execve:entry): invalid address (0x656d616e75) in action #6 at DIF offset 88
     dtrace: error on enabled probe ID 128 (ID 286: syscall::execve:entry): invalid address (0x656d616e75) in action #6 at DIF offset 88
     dtrace: error on enabled probe ID 128 (ID 286: syscall::execve:entry): invalid address (0x656d616e75) in action #6 at DIF offset 88
     dtrace: error on enabled probe ID 128 (ID 286: syscall::execve:entry): invalid address (0x656d616e75) in action #6 at DIF offset 88
     dtrace: error on enabled probe ID 128 (ID 286: syscall::execve:entry): invalid address (0x656d616e75) in action #6 at DIF offset 88
     dtrace: error on enabled probe ID 128 (ID 286: syscall::execve:entry): invalid address (0x656d616e75) in action #6 at DIF offset 88
     dtrace: error on enabled probe ID 128 (ID 286: syscall::execve:entry): invalid address (0x656d616e75) in action #6 at DIF offset 88
  OBSERVE   rc=127 dtrace_rc=0 files=73 (pre=65) trace=98924 lines
  => BROKEN-WITHOUT-JAIL-TOO (unjailed control failed rc=127; nothing to measure)
     npm error gyp ERR! command "/Users/runner/hostedtoolcache/node/22.23.2/arm64/bin/node" "/Users/runner/hostedtoolcache/node/22.23.2/arm64/lib/node_modules/npm/node_modules/node-gyp/bin/node-gyp.js" "rebuild" "--release"
     npm error gyp ERR! cwd /Users/runner/v2m-O1tZMH/Observe/node_modules/fibers
     npm error gyp ERR! node -v v22.23.2
     npm error gyp ERR! node-gyp -v v11.5.0
     npm error gyp ERR! not ok 
     npm error node-gyp exited with code: 1
     npm error Please make sure you are using a supported platform and node version. If you
     npm error would like to compile fibers on this machine please make sure you have setup your
     npm error build environment--
     npm error Windows + OS X instructions here: https://github.com/nodejs/node-gyp
     npm error Ubuntu users please run: `sudo apt-get install g++ build-essential`
     npm error RHEL users please run: `yum install gcc-c++` and `yum groupinstall 'Development Tools'` 
     npm error Alpine users please run: `sudo apk add python make g++`
     npm error sh: nodejs: command not found
     npm notice
     npm notice New major version of npm available! 10.9.8 -> 12.0.2
     npm notice Changelog: https://github.com/npm/cli/releases/tag/v12.0.2
     npm notice To update run: npm install -g npm@12.0.2
     npm notice
     npm error A complete log of this run can be found in: /Users/runner/v2m-O1tZMH/jailhome/.npm/_logs/2026-09-08T10_26_39_784Z-debug-0.log
