### tree-sitter-ruby@0.20.1   (/home/runner/v2-b561uL)
  CI-ENV scrubbed: CI GITHUB_ACTIONS
OSV-SCREEN {"schemaVersion":1,"kind":"direct","status":"clean","digest":"5783f50d8033eabba64345bf14c89f8459427aa65e155ce9891ab8a1675bae24","specCount":1,"lockfiles":{"digest":null,"files":[]},"maliciousAdvisories":[],"screenedAt":"2026-09-08T08:50:19.353Z","cacheHit":false,"clearancePath":"/home/runner/v2-b561uL/security/direct.json"}
  SECURITY direct clean: 1 exact package-version(s), tree 5783f50d8033
  VENUE-OBSERVE-USER {"uid":1001,"user":"runner","umask":"0022","capBnd":"000001ffffffffff","noNewPrivs":"0"}
  VENUE-NUB-BINARY {"path":"/tmp/nub/target/release/nub","sha256":"2a18683f50f7afeb02a521cd3cae175dc2f91780d461c5f012065241f5a1447b","bytes":207643464,"features":{"buildJailCatalogOverride":true,"pythonDontWriteBytecodeEnv":true}}
OSV-SCREEN {"schemaVersion":1,"kind":"npm-observe-resolved","status":"clean","digest":"32bccb85613e5a9a97f17c8c047856d4a3c654ba3b95387e380d725dc03b14ef","specCount":125,"lockfiles":{"digest":"0b047d41a9d64555f7226b4db17492b5abdf568bf635077b003a2c0fcbaef8f7","files":[{"path":"package-lock.json","sha256":"edd730fcb40129af33fd66dabc512e7c3966d0f468793ca7cd9a6c3cac46bf25","bytes":58166}]},"maliciousAdvisories":[],"screenedAt":"2026-09-08T08:50:22.615Z","cacheHit":false,"clearancePath":"/home/runner/v2-b561uL/security/npm-observe-resolved.json"}
  SECURITY npm-observe-resolved clean: 125 exact package-version(s), tree 32bccb85613e
  OBSERVE   rc=0 files=1534 trace=45935 lines
  CLOSURE   116 packages evicted per arm
  ARM-FALSIFIABILITY {"manifestFiles":48,"filesTheScriptProduced":14,"reasons":[]}
  RAWLOG-FILE /home/runner/v2-b561uL/observe/trace.txt.gz
  RAWLOG-CAPTURE /home/runner/v2-b561uL/observe/capture.json
  RAWLOG-BYTES raw=7655275 gz=248047
  VENUE-INTERPRETER /opt/hostedtoolcache/node/22.23.2/x64
  VENUE-OVERRIDES {"set":{"HOME":"/home/runner/v2-b561uL/jailhome","TMPDIR":"/tmp/nub-tmp-obsNvOipG","NODE_COMPAT":"1","PLAYWRIGHT_BROWSERS_PATH":"/home/runner/.cache/nub/pm/tools/ms-playwright","ELECTRON_CACHE":"/home/runner/.cache/nub/pm/tools/electron-cache","electron_config_cache":"/home/runner/.cache/nub/pm/tools/electron-cache","npm_config_prefix":"/home/runner/.cache/nub/pm/tools/npm-prefix","PYTHONDONTWRITEBYTECODE":"1","NUB_CACHE_DIR":"/home/runner/v2-b561uL/nubcache"},"unset":["CI","GITHUB_ACTIONS"],"passedThrough":{"CI":"true","GITHUB_ACTIONS":"true","NODE_ENV":null}}
  == ATTRIBUTION == attributed pids: 119
    writes  script 3368  /  whole traced tree 4456
    sockets script 6  /  whole traced tree 10
  == ROOTS (from capture.json — R2: no ambient reads) ==
    project       /home/runner/v2-b561uL/observe
    home          /home/runner
    jailHome      /home/runner/v2-b561uL/jailhome
    globalStore   /home/runner/.cache/nub/pm/store   [declared, not keyed on]
    projectStore  /home/runner/v2-b561uL/observe/node_modules/.store   [declared, not keyed on]
    interpreter   /opt/hostedtoolcache/node/22.23.2/x64   [declared, not keyed on]
    toolsDir      /home/runner/.cache/nub/pm/tools   [declared, not keyed on]
    temp          /tmp/nub-tmp-obsNvOipG
    npmPrefix     /home/runner/.cache/nub/pm/tools/npm-prefix
    ownPkg        /home/runner/v2-b561uL/observe/node_modules/tree-sitter-ruby
  == WRITES the script actually performed ==
    jailHome   3328  (base profile already grants this — NOT billed)
        /home/runner/v2-b561uL/jailhome/.cache
        /home/runner/v2-b561uL/jailhome/.cache/node-gyp
        /home/runner/v2-b561uL/jailhome/.cache/node-gyp/22.23.2
        /home/runner/v2-b561uL/jailhome/.cache/node-gyp/22.23.2/include
        /home/runner/v2-b561uL/jailhome/.cache/node-gyp/22.23.2/include/node
        /home/runner/v2-b561uL/jailhome/.cache/node-gyp/22.23.2/include/node/v8-locker.h
        /home/runner/v2-b561uL/jailhome/.cache/node-gyp/22.23.2/include/node/zconf.h
        /home/runner/v2-b561uL/jailhome/.cache/node-gyp/22.23.2/include/node/v8config.h
        /home/runner/v2-b561uL/jailhome/.cache/node-gyp/22.23.2/include/node/common.gypi
        /home/runner/v2-b561uL/jailhome/.cache/node-gyp/22.23.2/include/node/v8-object.h
        … and 3318 more
    ownPkg       33  (base profile already grants this — NOT billed)
        /home/runner/v2-b561uL/observe/node_modules/tree-sitter-ruby/build
        /home/runner/v2-b561uL/observe/node_modules/tree-sitter-ruby/build/config.gypi
        /home/runner/v2-b561uL/observe/node_modules/tree-sitter-ruby/build/Makefile
        /home/runner/v2-b561uL/observe/node_modules/tree-sitter-ruby/build/tree_sitter_ruby_binding.target.mk
        /home/runner/v2-b561uL/observe/node_modules/tree-sitter-ruby/build/binding.Makefile
        /home/runner/v2-b561uL/observe/node_modules/tree-sitter-ruby/build/node_gyp_bins
        /home/runner/v2-b561uL/observe/node_modules/tree-sitter-ruby/build/node_gyp_bins/python3
        /home/runner/v2-b561uL/observe/node_modules/tree-sitter-ruby/build/Release
        /home/runner/v2-b561uL/observe/node_modules/tree-sitter-ruby/build/obj.target
        /home/runner/v2-b561uL/observe/node_modules/tree-sitter-ruby/build/tree_sitter_ruby_binding
        … and 23 more
    jailTmp       6  (base profile already grants this — NOT billed)
        /tmp/nub-tmp-obsNvOipG/cch8AnPc.s
        /tmp/nub-tmp-obsNvOipG/ccZp4eRB.s
        /tmp/nub-tmp-obsNvOipG/ccE6Dyu9.s
        /tmp/nub-tmp-obsNvOipG/ccb3PbzZ.res
        /tmp/nub-tmp-obsNvOipG/ccAVMRTS.cdtor.c
        /tmp/nub-tmp-obsNvOipG/ccSdCA9X.cdtor.o
    kernelfs      1
        /dev/null
  == NETWORK ==
    AF_INET sockets: 6   distinct peers: 4
        127.0.0.53:53
        104.16.1.34:443
        140.82.114.4:443
        104.16.213.131:443
  == REFUSALS (only `= -1 EACCES/EPERM/EROFS`) ==
    distinct: 0
  == SYNTHESIZED GRANT (verify this in the real unprivileged jail) ==
    {"network":true}
    NOTE 1 kernel-fs touches (/proc,/sys,/dev) — a READ floor question, not a write grant
  == writePaths (DERIVED — promotion out of the package's PRIVATE home) ==
    private-home writes observed: 3328
    none declared — every write was a FILE at the top of the private home, or landed in a directory the TOOLCHAIN owns (see `writePathsDeny`) — an entry names a directory belonging to the PACKAGE, so there is nothing to name
  == writePaths FEASIBILITY (distinct writes outside project/deps) ==
    count: 0
    EVENTS    20853 distinct from 45182 calls (45936 lines, 592 rejoined, 0 unparsed)
    PROCS     126   lifecycle shells 114
    ⛔ 3 paths with an UNRESOLVED dirfd — kept, marked, never guessed
    unsubscribed/unmapped syscalls: getcwd×109 wait4×101 exit_group×87 setsockopt×63 getsockname×41 exit×35 getsockopt×26 recvmsg×11
    wrote /home/runner/v2-b561uL/observe/events.ndjson.gz (124523 bytes)
  EVENTLOG-FILE /home/runner/v2-b561uL/observe/events.ndjson.gz
  EVENTLOG-STATS {"lines":45936,"parsed":45182,"unparsed":0,"unfinished":592,"rejoined":592,"unresolvedDirfd":3,"truncatedArg":0,"procs":126,"lifecyclePids":114,"distinctEvents":20853,"unknownSyscall":{"getsockname":41,"getsockopt":26,"getcwd":109,"recvmsg":11,"exit":35,"setsockopt":63,"sendmmsg":3,"socketpair":9,"shutdown":9,"exit_group":87,"wait4":101},"out":"/home/runner/v2-b561uL/observe/events.ndjson.gz","gzipBytes":124523}
  EVICT     51 store entries removed, 15 spared as nub tooling
  SE-PURGE  0 side-effects-cache entries for tree-sitter-ruby
OSV-SCREEN {"schemaVersion":1,"kind":"nub-synth-resolved","status":"clean","digest":"32bccb85613e5a9a97f17c8c047856d4a3c654ba3b95387e380d725dc03b14ef","specCount":125,"lockfiles":{"digest":"f34ab348b7b24389e34cbe6a7a7593f23de746e3add938dd7d45e6780146fc6d","files":[{"path":"nub.lock","sha256":"40ca37bfdfa541cb1f495f0a2752b2478db2796579b5b1eb2a47a2dc3370d722","bytes":31396}]},"maliciousAdvisories":[],"screenedAt":"2026-09-08T08:50:22.615Z","cacheHit":true,"clearancePath":"/home/runner/v2-b561uL/security/nub-synth-resolved.json"}
  SECURITY nub-synth-resolved clean: 125 exact package-version(s), tree 32bccb85613e (cached exact-tree clearance)
  VENUE-STORE-LAYOUT isolated
  VERIFY[synth] rc=0 artifacts=47/47 missing=0 shortfall=none (tree 4938/1534) OVERRIDDEN=3 REJECTED=0 grant={"network":true}
  => VERIFIED {"network":true}   (observed, then verified)
  EVICT     122 store entries removed, 15 spared as nub tooling
  SE-PURGE  0 side-effects-cache entries for tree-sitter-ruby
OSV-SCREEN {"schemaVersion":1,"kind":"nub-drop-no-network-resolved","status":"clean","digest":"32bccb85613e5a9a97f17c8c047856d4a3c654ba3b95387e380d725dc03b14ef","specCount":125,"lockfiles":{"digest":"f34ab348b7b24389e34cbe6a7a7593f23de746e3add938dd7d45e6780146fc6d","files":[{"path":"nub.lock","sha256":"40ca37bfdfa541cb1f495f0a2752b2478db2796579b5b1eb2a47a2dc3370d722","bytes":31396}]},"maliciousAdvisories":[],"screenedAt":"2026-09-08T08:50:22.615Z","cacheHit":true,"clearancePath":"/home/runner/v2-b561uL/security/nub-drop-no-network-resolved.json"}
  SECURITY nub-drop-no-network-resolved clean: 125 exact package-version(s), tree 32bccb85613e (cached exact-tree clearance)
  VERIFY[drop-no-network] rc=0 artifacts=47/47 missing=0 shortfall=none (tree 4938/1534) OVERRIDDEN=3 REJECTED=0 grant={}
     ⛔ OVER-PREDICTED: dropping 'no-network' STILL VERIFIES — {} is sufficient
  => OVER-PREDICTED by: no-network  (synthesized {"network":true}; each named capability drops on its own)
