### @notarize/qlc-cli@0.7.0   (/home/runner/v2-4EjhWs)
  CI-ENV scrubbed: CI GITHUB_ACTIONS
OSV-SCREEN {"schemaVersion":1,"kind":"direct","status":"clean","digest":"72036aa338ce916d936b9d1554d2772ffb15069646e7a17f840e020b8b1b9a02","specCount":1,"lockfiles":{"digest":null,"files":[]},"maliciousAdvisories":[],"screenedAt":"2026-09-08T07:11:33.647Z","cacheHit":false,"clearancePath":"/home/runner/v2-4EjhWs/security/direct.json"}
  SECURITY direct clean: 1 exact package-version(s), tree 72036aa338ce
  VENUE-OBSERVE-USER {"uid":1001,"user":"runner","umask":"0022","capBnd":"000001ffffffffff","noNewPrivs":"0"}
  VENUE-NUB-BINARY {"path":"/tmp/nub/target/release/nub","sha256":"2a18683f50f7afeb02a521cd3cae175dc2f91780d461c5f012065241f5a1447b","bytes":207643464,"features":{"buildJailCatalogOverride":true,"pythonDontWriteBytecodeEnv":true}}
OSV-SCREEN {"schemaVersion":1,"kind":"npm-observe-resolved","status":"clean","digest":"72036aa338ce916d936b9d1554d2772ffb15069646e7a17f840e020b8b1b9a02","specCount":1,"lockfiles":{"digest":"d022f8020dfcbf9bbf709e91279206a2639c32ac5d0bfa8537e8f9ffb2f38fc3","files":[{"path":"package-lock.json","sha256":"c2482bd847ae72b4607fa25d28d63d5d17aeffbe1ad8dfab1622e4df01e25f86","bytes":731}]},"maliciousAdvisories":[],"screenedAt":"2026-09-08T07:11:33.647Z","cacheHit":true,"clearancePath":"/home/runner/v2-4EjhWs/security/npm-observe-resolved.json"}
  SECURITY npm-observe-resolved clean: 1 exact package-version(s), tree 72036aa338ce (cached exact-tree clearance)
  OBSERVE   rc=0 files=11 trace=10936 lines
  CLOSURE   1 packages evicted per arm
  ARM-FALSIFIABILITY {"manifestFiles":7,"filesTheScriptProduced":1,"reasons":[]}
  RAWLOG-FILE /home/runner/v2-4EjhWs/observe/trace.txt.gz
  RAWLOG-CAPTURE /home/runner/v2-4EjhWs/observe/capture.json
  RAWLOG-BYTES raw=2398082 gz=71343
  VENUE-INTERPRETER /opt/hostedtoolcache/node/22.23.2/x64
  VENUE-OVERRIDES {"set":{"HOME":"/home/runner/v2-4EjhWs/jailhome","TMPDIR":"/tmp/nub-tmp-obsbuJnRg","NODE_COMPAT":"1","PLAYWRIGHT_BROWSERS_PATH":"/home/runner/.cache/nub/pm/tools/ms-playwright","ELECTRON_CACHE":"/home/runner/.cache/nub/pm/tools/electron-cache","electron_config_cache":"/home/runner/.cache/nub/pm/tools/electron-cache","npm_config_prefix":"/home/runner/.cache/nub/pm/tools/npm-prefix","PYTHONDONTWRITEBYTECODE":"1","NUB_CACHE_DIR":"/home/runner/v2-4EjhWs/nubcache"},"unset":["CI","GITHUB_ACTIONS"],"passedThrough":{"CI":"true","GITHUB_ACTIONS":"true","NODE_ENV":null}}
  == ATTRIBUTION == attributed pids: 20
    writes  script 2  /  whole traced tree 1090
    sockets script 5  /  whole traced tree 9
  == ROOTS (from capture.json — R2: no ambient reads) ==
    project       /home/runner/v2-4EjhWs/observe
    home          /home/runner
    jailHome      /home/runner/v2-4EjhWs/jailhome
    globalStore   /home/runner/.cache/nub/pm/store   [declared, not keyed on]
    projectStore  /home/runner/v2-4EjhWs/observe/node_modules/.store   [declared, not keyed on]
    interpreter   /opt/hostedtoolcache/node/22.23.2/x64   [declared, not keyed on]
    toolsDir      /home/runner/.cache/nub/pm/tools   [declared, not keyed on]
    temp          /tmp/nub-tmp-obsbuJnRg
    npmPrefix     /home/runner/.cache/nub/pm/tools/npm-prefix
    ownPkg        /home/runner/v2-4EjhWs/observe/node_modules/@notarize/qlc-cli
  == WRITES the script actually performed ==
    ownPkg        2  (base profile already grants this — NOT billed)
        /home/runner/v2-4EjhWs/observe/node_modules/@notarize/qlc-cli/qlc-0.7.0-x86_64-unknown-linux-musl.tar.gz
        /home/runner/v2-4EjhWs/observe/node_modules/@notarize/qlc-cli/bin/qlc
  == NETWORK ==
    AF_INET sockets: 5   distinct peers: 3
        127.0.0.53:53
        104.16.3.34:443
        140.82.112.4:443
  == REFUSALS (only `= -1 EACCES/EPERM/EROFS`) ==
    distinct: 0
  == SYNTHESIZED GRANT (verify this in the real unprivileged jail) ==
    {"network":true}
  == writePaths (DERIVED — promotion out of the package's PRIVATE home) ==
    private-home writes observed: 0
    none declared — the script wrote nothing into its private home — there is nothing to promote
  == writePaths FEASIBILITY (distinct writes outside project/deps) ==
    count: 0
    EVENTS    4505 distinct from 10885 calls (10937 lines, 20 rejoined, 0 unparsed)
    PROCS     27   lifecycle shells 15
    ⛔ 3 paths with an UNRESOLVED dirfd — kept, marked, never guessed
    unsubscribed/unmapped syscalls: getsockname×30 setsockopt×29 exit×20 getsockopt×13 recvmsg×11 exit_group×5 wait4×5 getcwd×4
    wrote /home/runner/v2-4EjhWs/observe/events.ndjson.gz (32006 bytes)
  EVENTLOG-FILE /home/runner/v2-4EjhWs/observe/events.ndjson.gz
  EVENTLOG-STATS {"lines":10937,"parsed":10885,"unparsed":0,"unfinished":20,"rejoined":20,"unresolvedDirfd":3,"truncatedArg":0,"procs":27,"lifecyclePids":15,"distinctEvents":4505,"unknownSyscall":{"getsockname":30,"getsockopt":13,"getcwd":4,"recvmsg":11,"exit":20,"setsockopt":29,"sendmmsg":3,"socketpair":3,"shutdown":4,"exit_group":5,"wait4":5},"out":"/home/runner/v2-4EjhWs/observe/events.ndjson.gz","gzipBytes":32006}
  EVICT     0 store entries removed, 0 spared as nub tooling
  SE-PURGE  0 side-effects-cache entries for @notarize/qlc-cli
OSV-SCREEN {"schemaVersion":1,"kind":"nub-synth-resolved","status":"clean","digest":"72036aa338ce916d936b9d1554d2772ffb15069646e7a17f840e020b8b1b9a02","specCount":1,"lockfiles":{"digest":"a88a3ea973e8ef55008ca5970a7fae14b76340f0732842a7b96665b8828ccebc","files":[{"path":"nub.lock","sha256":"dd942348a20d0197e4f6fb95334a8cae1f2387135baa21c8945b9d8cce446ebc","bytes":465}]},"maliciousAdvisories":[],"screenedAt":"2026-09-08T07:11:33.647Z","cacheHit":true,"clearancePath":"/home/runner/v2-4EjhWs/security/nub-synth-resolved.json"}
  SECURITY nub-synth-resolved clean: 1 exact package-version(s), tree 72036aa338ce (cached exact-tree clearance)
  VENUE-STORE-LAYOUT isolated
  VERIFY[synth] rc=0 artifacts=7/7 missing=0 shortfall=none (tree 33/11) OVERRIDDEN=2 REJECTED=0 grant={"network":true}
  => VERIFIED {"network":true}   (observed, then verified)
  EVICT     1 store entries removed, 0 spared as nub tooling
  SE-PURGE  0 side-effects-cache entries for @notarize/qlc-cli
OSV-SCREEN {"schemaVersion":1,"kind":"nub-drop-no-network-resolved","status":"clean","digest":"72036aa338ce916d936b9d1554d2772ffb15069646e7a17f840e020b8b1b9a02","specCount":1,"lockfiles":{"digest":"a88a3ea973e8ef55008ca5970a7fae14b76340f0732842a7b96665b8828ccebc","files":[{"path":"nub.lock","sha256":"dd942348a20d0197e4f6fb95334a8cae1f2387135baa21c8945b9d8cce446ebc","bytes":465}]},"maliciousAdvisories":[],"screenedAt":"2026-09-08T07:11:33.647Z","cacheHit":true,"clearancePath":"/home/runner/v2-4EjhWs/security/nub-drop-no-network-resolved.json"}
  SECURITY nub-drop-no-network-resolved clean: 1 exact package-version(s), tree 72036aa338ce (cached exact-tree clearance)
  VERIFY[drop-no-network] rc=1 artifacts=7/7 missing=1 shortfall=e882688ae83a (tree 34/11) OVERRIDDEN=2 REJECTED=0 grant={}
       missing: bin/qlc (0B < 5350488B)
     'no-network' is NECESSARY — dropping it fails to verify
  => MINIMAL — every capability in {"network":true} is independently necessary
