### @matrix-org/matrix-sdk-crypto-nodejs@0.6.6   (/home/runner/v2-7VsD2i)
  CI-ENV scrubbed: CI GITHUB_ACTIONS
OSV-SCREEN {"schemaVersion":1,"kind":"direct","status":"clean","digest":"2b40585c8abd677557a67de4b75aed71cfd20ec692d9bca0d4e6c329582d0d4c","specCount":1,"lockfiles":{"digest":null,"files":[]},"maliciousAdvisories":[],"screenedAt":"2026-09-10T02:17:40.305Z","cacheHit":false,"clearancePath":"/home/runner/v2-7VsD2i/security/direct.json"}
  SECURITY direct clean: 1 exact package-version(s), tree 2b40585c8abd
  VENUE-OBSERVE-USER {"uid":1001,"user":"runner","umask":"0022","capBnd":"000001ffffffffff","noNewPrivs":"0"}
  VENUE-NUB-BINARY {"path":"/tmp/nub/target/release/nub","sha256":"2a18683f50f7afeb02a521cd3cae175dc2f91780d461c5f012065241f5a1447b","bytes":207643464,"features":{"buildJailCatalogOverride":true,"pythonDontWriteBytecodeEnv":true}}
OSV-SCREEN {"schemaVersion":1,"kind":"npm-observe-resolved","status":"clean","digest":"67c2399018265847354cd2da2fb38636fd312532f287e72ab1e9857515cc5bf5","specCount":6,"lockfiles":{"digest":"bfb2ce41ace48776387e9bfb67a0866a2258a3abfe65f86c3c2d969a3c7b0963","files":[{"path":"package-lock.json","sha256":"74b32d68dc4ee5389cf41bda85571b11f140e618571aef93066a291f5ce38f44","bytes":2788}]},"maliciousAdvisories":[],"screenedAt":"2026-09-10T02:17:41.398Z","cacheHit":false,"clearancePath":"/home/runner/v2-7VsD2i/security/npm-observe-resolved.json"}
  SECURITY npm-observe-resolved clean: 6 exact package-version(s), tree 67c239901826
  OBSERVE   rc=0 files=59 trace=10995 lines
  CLOSURE   6 packages evicted per arm
  ARM-FALSIFIABILITY {"manifestFiles":15,"filesTheScriptProduced":2,"reasons":[]}
  RAWLOG-FILE /home/runner/v2-7VsD2i/observe/trace.txt.gz
  RAWLOG-CAPTURE /home/runner/v2-7VsD2i/observe/capture.json
  RAWLOG-BYTES raw=2430779 gz=73858
  VENUE-INTERPRETER /opt/hostedtoolcache/node/22.23.2/x64
  VENUE-OVERRIDES {"set":{"HOME":"/home/runner/v2-7VsD2i/jailhome","TMPDIR":"/tmp/nub-tmp-obs4D78sn","NODE_COMPAT":"1","PLAYWRIGHT_BROWSERS_PATH":"/home/runner/.cache/nub/pm/tools/ms-playwright","ELECTRON_CACHE":"/home/runner/.cache/nub/pm/tools/electron-cache","electron_config_cache":"/home/runner/.cache/nub/pm/tools/electron-cache","npm_config_prefix":"/home/runner/.cache/nub/pm/tools/npm-prefix","PYTHONDONTWRITEBYTECODE":"1","NUB_CACHE_DIR":"/home/runner/v2-7VsD2i/nubcache"},"unset":["CI","GITHUB_ACTIONS"],"passedThrough":{"CI":"true","GITHUB_ACTIONS":"true","NODE_ENV":null}}
  == ATTRIBUTION == attributed pids: 18
    writes  script 2  /  whole traced tree 1090
    sockets script 5  /  whole traced tree 11
  == ROOTS (from capture.json — R2: no ambient reads) ==
    project       /home/runner/v2-7VsD2i/observe
    home          /home/runner
    jailHome      /home/runner/v2-7VsD2i/jailhome
    globalStore   /home/runner/.cache/nub/pm/store   [declared, not keyed on]
    projectStore  /home/runner/v2-7VsD2i/observe/node_modules/.store   [declared, not keyed on]
    interpreter   /opt/hostedtoolcache/node/22.23.2/x64   [declared, not keyed on]
    toolsDir      /home/runner/.cache/nub/pm/tools   [declared, not keyed on]
    temp          /tmp/nub-tmp-obs4D78sn
    npmPrefix     /home/runner/.cache/nub/pm/tools/npm-prefix
    ownPkg        /home/runner/v2-7VsD2i/observe/node_modules/@matrix-org/matrix-sdk-crypto-nodejs
  == WRITES the script actually performed ==
    ownPkg        2  (base profile already grants this — NOT billed)
        /home/runner/v2-7VsD2i/observe/node_modules/@matrix-org/matrix-sdk-crypto-nodejs/matrix-sdk-crypto.linux-x64-gnu.node
        /home/runner/v2-7VsD2i/observe/node_modules/@matrix-org/matrix-sdk-crypto-nodejs/matrix-sdk-crypto.linux-x64-gnu.node.version
  == NETWORK ==
    AF_INET sockets: 5   distinct peers: 3
        127.0.0.53:53
        104.16.1.34:443
        140.82.112.3:443
  == REFUSALS (only `= -1 EACCES/EPERM/EROFS`) ==
    distinct: 0
  == SYNTHESIZED GRANT (verify this in the real unprivileged jail) ==
    {"network":true}
  == writePaths (DERIVED — promotion out of the package's PRIVATE home) ==
    private-home writes observed: 0
    none declared — the script wrote nothing into its private home — there is nothing to promote
  == writePaths FEASIBILITY (distinct writes outside project/deps) ==
    count: 0
    EVENTS    4495 distinct from 10943 calls (10996 lines, 25 rejoined, 0 unparsed)
    PROCS     25   lifecycle shells 13
    ⛔ 4 paths with an UNRESOLVED dirfd — kept, marked, never guessed
    unsubscribed/unmapped syscalls: getsockname×35 setsockopt×25 exit×20 getsockopt×17 recvmsg×16 getcwd×5 shutdown×4 sendmmsg×3
    wrote /home/runner/v2-7VsD2i/observe/events.ndjson.gz (31808 bytes)
  EVENTLOG-FILE /home/runner/v2-7VsD2i/observe/events.ndjson.gz
  EVENTLOG-STATS {"lines":10996,"parsed":10943,"unparsed":0,"unfinished":25,"rejoined":25,"unresolvedDirfd":4,"truncatedArg":0,"procs":25,"lifecyclePids":13,"distinctEvents":4495,"unknownSyscall":{"getsockname":35,"getsockopt":17,"getcwd":5,"recvmsg":16,"exit":20,"setsockopt":25,"sendmmsg":3,"socketpair":3,"shutdown":4,"getpeername":1,"exit_group":3,"wait4":3},"out":"/home/runner/v2-7VsD2i/observe/events.ndjson.gz","gzipBytes":31808}
  EVICT     2 store entries removed, 0 spared as nub tooling
  SE-PURGE  0 side-effects-cache entries for @matrix-org/matrix-sdk-crypto-nodejs
OSV-SCREEN {"schemaVersion":1,"kind":"nub-synth-resolved","status":"clean","digest":"67c2399018265847354cd2da2fb38636fd312532f287e72ab1e9857515cc5bf5","specCount":6,"lockfiles":{"digest":"1f689a5fa4438811b8fca3e6c0d757d6bc700a1e6e356ac50b7c5508c79a5ee9","files":[{"path":"nub.lock","sha256":"2e11aac1ea82484fc2deb2881755501efb82a9cde15ba1132bcaa35d8bdbd5bb","bytes":1901}]},"maliciousAdvisories":[],"screenedAt":"2026-09-10T02:17:41.398Z","cacheHit":true,"clearancePath":"/home/runner/v2-7VsD2i/security/nub-synth-resolved.json"}
  SECURITY nub-synth-resolved clean: 6 exact package-version(s), tree 67c239901826 (cached exact-tree clearance)
  VENUE-STORE-LAYOUT isolated
  VERIFY[synth] rc=0 artifacts=15/15 missing=0 shortfall=none (tree 175/59) OVERRIDDEN=3 REJECTED=0 grant={"network":true}
  => VERIFIED {"network":true}   (observed, then verified)
  EVICT     6 store entries removed, 0 spared as nub tooling
  SE-PURGE  0 side-effects-cache entries for @matrix-org/matrix-sdk-crypto-nodejs
OSV-SCREEN {"schemaVersion":1,"kind":"nub-drop-no-network-resolved","status":"clean","digest":"67c2399018265847354cd2da2fb38636fd312532f287e72ab1e9857515cc5bf5","specCount":6,"lockfiles":{"digest":"1f689a5fa4438811b8fca3e6c0d757d6bc700a1e6e356ac50b7c5508c79a5ee9","files":[{"path":"nub.lock","sha256":"2e11aac1ea82484fc2deb2881755501efb82a9cde15ba1132bcaa35d8bdbd5bb","bytes":1901}]},"maliciousAdvisories":[],"screenedAt":"2026-09-10T02:17:41.398Z","cacheHit":true,"clearancePath":"/home/runner/v2-7VsD2i/security/nub-drop-no-network-resolved.json"}
  SECURITY nub-drop-no-network-resolved clean: 6 exact package-version(s), tree 67c239901826 (cached exact-tree clearance)
  VERIFY[drop-no-network] rc=1 artifacts=13/15 missing=2 shortfall=651897f36cee (tree 169/59) OVERRIDDEN=3 REJECTED=0 grant={}
       missing: matrix-sdk-crypto.linux-x64-gnu.node, matrix-sdk-crypto.linux-x64-gnu.node.version
     'no-network' is NECESSARY — dropping it fails to verify
  => MINIMAL — every capability in {"network":true} is independently necessary
