### msw@2.15.0   (D:\jail\m-msw-mtup1tov)
  CI-ENV scrubbed: CI GITHUB_ACTIONS
OSV-SCREEN {"schemaVersion":1,"kind":"direct","status":"clean","digest":"c27d66644ac5991b65d0e2c7a7272f4297eada4cb6fecc6c6b7a6aec29b28215","specCount":1,"lockfiles":{"digest":null,"files":[]},"maliciousAdvisories":[],"screenedAt":"2026-09-09T22:52:38.994Z","cacheHit":false,"clearancePath":"D:\\jail\\m-msw-mtup1tov\\security\\direct.json"}
  SECURITY direct clean: 1 exact package-version(s), tree c27d66644ac5
OSV-SCREEN {"schemaVersion":1,"kind":"npm-observe-resolved","status":"clean","digest":"ea775417b5fb48e43e55bfca86b78e1126d721057eb4fb8a85d81eadd29aa30a","specCount":54,"lockfiles":{"digest":"968615ce87213504e680815a9b3823cfb485c9f0e33f0928f6729ef3f0d07110","files":[{"path":"package-lock.json","sha256":"92f7f61162f3b0d38131f335e6f8849d0f98a756c5b6fb1b99113049328214cc","bytes":22411}]},"maliciousAdvisories":[],"screenedAt":"2026-09-09T22:52:44.432Z","cacheHit":false,"clearancePath":"D:\\jail\\m-msw-mtup1tov\\security\\npm-observe-resolved.json"}
  SECURITY npm-observe-resolved clean: 54 exact package-version(s), tree ea775417b5fb
  CAPTURE user=runnervmeef0v\runneradmin elevated=True rootPid=8932 exit=0 events=21884 lost=0
  VENUE-OBSERVE-USER runnervmeef0v\runneradmin elevated=true privDropped={"SeBackupPrivilege":"removed","SeRestorePrivilege":"removed","SeTakeOwnershipPrivilege":"removed"}
  OBSERVE artifacts: 670 files  (D:\jail\m-msw-mtup1tov\observe\node_modules\msw)
  ARM-FALSIFIABILITY {"manifestFiles":670,"filesTheScriptProduced":0,"reasons":["gate-vacuous"]}
  ⛔ ARMS-UNFALSIFIABLE — a green arm for this package carries no evidence:
       gate-vacuous: the script changed no file the artifact gate keys on — every file in the manifest (670) was already present at its final size before the script ran, so the gate passes in every arm including a completely broken one
       The grant may still be correct; what is missing is a signal that could have gone
       red. Do not read this record's MINIMAL as a passing measurement.
  CLOSURE 53 packages evicted per arm
  8.3 MAP 0 components resolved on runnervmeef0v, folded into capture.json
  == ROOTS (from capture.json — R2: no ambient reads) ==
    project       D:\jail\m-msw-mtup1tov\observe   [keyed on]
    home          C:\Users\runneradmin   [keyed on]
    jailHome      (null — declared inapplicable)
    globalStore   C:\Users\runneradmin\AppData\Local\nub\pm\store
    projectStore  D:\jail\m-msw-mtup1tov\observe\node_modules\.store
    interpreter   C:\hostedtoolcache\windows\node\22.23.2\x64\node.exe
    toolsDir      C:\Users\runneradmin\AppData\Local\nub\pm\tools
    temp          D:\jail\m-msw-mtup1tov\tmp   [keyed on]
    npmPrefix     (null — declared inapplicable)
    ownPkg        D:\jail\m-msw-mtup1tov\observe\node_modules\msw
  == ATTRIBUTION == lifecycle pids: 2 (root 8932)
    writes  script 0  /  whole traced tree 11
    peers   script 0  /  whole traced tree 0
  == WRITES ==
  == READS ==
    deps          5
    outside       6
    project       2
    systemfs     23
  == NETWORK ==
    distinct peers: 0
  == REFUSALS (adapter-classified) ==
    distinct: 0
  == SYNTHESIZED GRANT (verify this in the real unprivileged jail) ==
    {}
  RAW       etw-raw.xml.gz  27908467 B xml -> 406382 B gz (68.7x)  sha256 1bb70f3a1038a08f…
  HEADER    etw-header.json (4972 bytes)
  DERIVED   5333 distinct from 6498 kept ops (21884 xml events, 1667 out of subtree)
  PROCS     4   thread-reattributed 0
  ⛔ 1 operations with NO OperationEnd — kept, status marked unknown
  8.3       0 expanded, 0 kept short, 0 not covered  [map: recorded 8.3 map (0 components, resolved on runnervmeef0v)]
  wrote events.ndjson.gz (67704 bytes)
  RAWLOG-CAPTURE D:\jail\m-msw-mtup1tov\cap\capture.json
  VENUE-NUB-BINARY {"path":"C:/Users/RUNNER~1/AppData/Local/Temp/nub/target/release/nub.exe","sha256":"f186817a44be332fee712b4936a071a0b5f9cde18a1d2fdc3a791729d4bf1005","bytes":68717056,"features":{"buildJailCatalogOverride":true,"pythonDontWriteBytecodeEnv":true}}
  VENUE-INTERPRETER C:\hostedtoolcache\windows\node\22.23.2\x64\node.exe
  VENUE-JAIL-ROOT D:\jail\m-msw-mtup1tov
  VENUE-OVERRIDES {"set":{"npm_config_cache":"D:\\jail\\m-msw-mtup1tov\\npm-cache","TMP":"D:\\jail\\m-msw-mtup1tov\\tmp","TEMP":"D:\\jail\\m-msw-mtup1tov\\tmp","TMPDIR":"D:\\jail\\m-msw-mtup1tov\\tmp"},"unset":["CI","GITHUB_ACTIONS"],"notRedirected":{"USERPROFILE":"C:\\Users\\runneradmin","why":"the jail leaves HOME/USERPROFILE alone — `build_jail.rs` sandbox_homes() reads the ambient value and `compiler/defaults.rs` BASELINE_ENV_EXACT passes it through — so there is no private jail home to reproduce and redirecting one would measure an environment no confined script sees"},"passedThrough":{"CI":"true","GITHUB_ACTIONS":"true","NODE_ENV":null}}
  STORE   isolated virtual store at D:\jail\m-msw-mtup1tov\verify-synth\.cache
  VENUE-STORE-LAYOUT isolated
OSV-SCREEN {"schemaVersion":1,"kind":"nub-synth-resolved","status":"clean","digest":"da09005634319f5523da8e555c8a2b9e986e3cd1f2178a17536f31b786ce07c0","specCount":54,"lockfiles":{"digest":"8425fc3baf271409818bb5c15d42a57dbfaefee91aba68667f2a237279c0495a","files":[{"path":"nub.lock","sha256":"99abd1880987bb49742582a56c722075db560368af38a8d03c7cd2742e891b61","bytes":13568}]},"maliciousAdvisories":[],"screenedAt":"2026-09-09T22:52:57.392Z","cacheHit":false,"clearancePath":"D:\\jail\\m-msw-mtup1tov\\security\\nub-synth-resolved.json"}
  SECURITY nub-synth-resolved clean: 54 exact package-version(s), tree da0900563431
  VERIFY[synth] rc=0 artifacts=670/670 missing=0 shortfall=none (tree 8794/2210) OVERRIDDEN=2 REJECTED=0 grant={}
  => MINIMUM {}   (observed, then verified)
  DESCEND   grant is already empty — nothing to narrow; MINIMAL by construction.
