OSV-SCREEN {"schemaVersion":1,"kind":"direct","status":"clean","digest":"5e579696951ed57c0efe27217b474b1fd19a0e9d46fe6fa3799f730103d5e0d2","specCount":1,"lockfiles":{"digest":null,"files":[]},"maliciousAdvisories":[],"screenedAt":"2026-08-31T23:06:47.644Z","cacheHit":false,"clearancePath":"/Users/runner/v2m-FlXrlW/security/direct.json"}
  SECURITY direct clean: 1 exact package-version(s), tree 5e579696951e
  ERA-NODE PINNED 24.19.0 (provisioned) (arms will run: v24.19.0)
  ERA-PYTHON /Users/runner/hostedtoolcache/Python/3.9.13/arm64/bin/python (Python 3.9.13) for era Node 24, whose node-gyp requires python3
  ARM-MAKE /usr/bin/make (GNU Make 3.81) — the system make; a build needing GNU Make 4 WILL fail here
### stream-chat@9.50.2   (/Users/runner/v2m-FlXrlW)   nub=/tmp/nub/target/release/nub
  VENUE-NUB-BINARY {"path":"/tmp/nub/target/release/nub","sha256":"69e622342d0c8393c78fa50a01dc9cc0a94371ac9b106b59bdcc016f06d86d30","bytes":94535576,"features":{"buildJailCatalogOverride":true,"pythonDontWriteBytecodeEnv":true}}
  CI-ENV scrubbed: CI GITHUB_ACTIONS
  --- fbt preflight (advisory; never fails the run) ---
     csrutil: System Integrity Protection status: disabled.
     fbt probes visible: 93577
     fbt enable attempt: dtrace: description 'fbt:::entry ' matched 50357 probes CPU     ID                    FUNCTION:NAME 
     cwd builtin value:  
     fbt chdir symbols:  
     fbt fires on spawn-with-cwd: dtrace: invalid probe specifier fbt::chdir*:entry /progenyof($target)/ { @[probefunc] = count(); }: probe description fbt::chdir*:entry does not match any probes 
  --- end fbt preflight ---
  ERA-RESOLUTION DATED 2026-07-17T09:39:38.938Z (deps as of the package's own publish date + 1d)
OSV-SCREEN {"schemaVersion":1,"kind":"npm-observe-resolved","status":"clean","digest":"b553953f67e6040cb990a931c52e44b072f865f9faf85c60355f6e1f81405f6e","specCount":51,"lockfiles":{"digest":"bb167facc44afac9faf10a9a3de1c1da180228fcde7c83995945f52d4097bde3","files":[{"path":"package-lock.json","sha256":"4fb23801812abe4fed850ed96483339c00eea4ab5ec8de5656b0dfab5e03f87d","bytes":21523}]},"maliciousAdvisories":[],"screenedAt":"2026-08-31T23:06:58.680Z","cacheHit":false,"clearancePath":"/Users/runner/v2m-FlXrlW/security/npm-observe-resolved.json"}
  SECURITY npm-observe-resolved clean: 51 exact package-version(s), tree b553953f67e6
  ARM-PATH SANITISED (dropped 1: /Users/runner/.yarn/bin)
  ARM-AMBIENT-TOOLS none
  ARM-SCAFFOLD 2 added: concurrently@^9.2.1 yarn
  ARM-UNPROVIDABLE none
  ARM-SCAFFOLD-INSTALL rc=0
  VENUE-CI-CHILD clean (no CI-detection variable reaches the traced script)
  ARM-REBUILD-SPEC stream-chat@9.50.2
  --- wrapper (run.sh) ---
     cd "/Users/runner/v2m-FlXrlW/Observe"
     sudo -u "runner" -H env "PATH=/Users/runner/v2m-FlXrlW/Observe/node_modules/.bin:/Users/runner/.cache/nub/era-node/24.19.0/node-v24.19.0-darwin-arm64/bin:/Users/runner/hostedtoolcache/node/22.23.2/arm64/bin:/opt/homebrew/lib/ruby/gems/3.3.0/bin:/opt/homebrew/opt/ruby@3.3/bin:/Users/runner/.local/bin:/opt/homebrew/bin:/opt/homebrew/sbin:/Users/runner/.cargo/bin:/usr/local/opt/curl/bin:/usr/local/bin:/usr/local/sbin:/Users/runner/bin:/Users/runner/Library/Android/sdk/tools:/Users/runner/Library/Android/sdk/platform-tools:/Library/Frameworks/Python.framework/Versions/Current/bin:/Library/Frameworks/Mono.framework/Versions/Current/Commands:/usr/bin:/bin:/usr/sbin:/sbin:/Users/runner/.dotnet/tools"   "HOME=/Users/runner/v2m-FlXrlW/jailhome"   "TMPDIR=/private/var/folders/_5/zjnzxgh147qcg3bb5cg2wvqw0000gn/T/nub-tmp-obsNliDAN"   "NODE_COMPAT=1"   "PYTHONDONTWRITEBYTECODE=1"   "PLAYWRIGHT_BROWSERS_PATH=/Users/runner/.cache/nub/pm/tools/ms-playwright"   "ELECTRON_CACHE=/Users/runner/.cache/nub/pm/tools/electron-cache"   "electron_config_cache=/Users/runner/.cache/nub/pm/tools/electron-cache"   "npm_config_prefix=/Users/runner/.cache/nub/pm/tools/npm-prefix"   PYTHON=/Users/runner/hostedtoolcache/Python/3.9.13/arm64/bin/python   npm rebuild --no-audit --no-fund "stream-chat@9.50.2" > "/Users/runner/v2m-FlXrlW/Observe/npm.log" 2>&1
     echo $? > "/Users/runner/v2m-FlXrlW/Observe/rc"
  --- dtrace stderr + wrapper trace ---
     + cd /Users/runner/v2m-FlXrlW/Observe
     + sudo -u runner -H env PATH=/Users/runner/v2m-FlXrlW/Observe/node_modules/.bin:/Users/runner/.cache/nub/era-node/24.19.0/node-v24.19.0-darwin-arm64/bin:/Users/runner/hostedtoolcache/node/22.23.2/arm64/bin:/opt/homebrew/lib/ruby/gems/3.3.0/bin:/opt/homebrew/opt/ruby@3.3/bin:/Users/runner/.local/bin:/opt/homebrew/bin:/opt/homebrew/sbin:/Users/runner/.cargo/bin:/usr/local/opt/curl/bin:/usr/local/bin:/usr/local/sbin:/Users/runner/bin:/Users/runner/Library/Android/sdk/tools:/Users/runner/Library/Android/sdk/platform-tools:/Library/Frameworks/Python.framework/Versions/Current/bin:/Library/Frameworks/Mono.framework/Versions/Current/Commands:/usr/bin:/bin:/usr/sbin:/sbin:/Users/runner/.dotnet/tools HOME=/Users/runner/v2m-FlXrlW/jailhome TMPDIR=/private/var/folders/_5/zjnzxgh147qcg3bb5cg2wvqw0000gn/T/nub-tmp-obsNliDAN NODE_COMPAT=1 PYTHONDONTWRITEBYTECODE=1 PLAYWRIGHT_BROWSERS_PATH=/Users/runner/.cache/nub/pm/tools/ms-playwright ELECTRON_CACHE=/Users/runner/.cache/nub/pm/tools/electron-cache electron_config_cache=/Users/runner/.cache/nub/pm/tools/electron-cache npm_config_prefix=/Users/runner/.cache/nub/pm/tools/npm-prefix PYTHON=/Users/runner/hostedtoolcache/Python/3.9.13/arm64/bin/python npm rebuild --no-audit --no-fund stream-chat@9.50.2
     dtrace: error on enabled probe ID 128 (ID 286: syscall::execve:entry): invalid address (0x600003d44090) in action #1 at DIF offset 20
     + echo 0
  OBSERVE   rc=0 dtrace_rc=0 files=3602 (pre=3600) trace=8375 lines
  CLOSURE   76 packages evicted per arm   store=/Users/runner/.cache/nub/pm/store
  RAWLOG-FILE /Users/runner/v2m-FlXrlW/Observe/trace.txt.gz
  RAWLOG-CAPTURE /Users/runner/v2m-FlXrlW/Observe/capture.json
  RAWLOG-BYTES raw=1557110 gz=58951
  VENUE-INTERPRETER /Users/runner/hostedtoolcache/node/22.23.2/arm64
  VENUE-NODE-SELECTION {"pkg":"stream-chat","packageVersion":"9.50.2","major":24,"version":"24.19.0","npm":"11.17.0","pinnable":true,"engines":">=18","publishedAt":"2026-07-16T09:39:38.938Z","eraMajor":24,"startMajor":24,"raisedByEngines":false,"enginesUnsatisfiable":false,"clampedToFloor":false,"clampedToCeiling":false,"matrixFloor":4,"matrixCeiling":26,"lookupFailure":null,"pinned":true,"pinnedBin":"/Users/runner/.cache/nub/era-node/24.19.0/node-v24.19.0-darwin-arm64/bin","eraNodeRoot":"/Users/runner/.cache/nub"}
  VENUE-OVERRIDES {"set":{"PATH":"inherited-and-forwarded","HOME":"/Users/runner/v2m-FlXrlW/jailhome","TMPDIR":"/private/var/folders/_5/zjnzxgh147qcg3bb5cg2wvqw0000gn/T/nub-tmp-obsNliDAN","NODE_COMPAT":"1","PYTHONDONTWRITEBYTECODE":"1","PLAYWRIGHT_BROWSERS_PATH":"/Users/runner/.cache/nub/pm/tools/ms-playwright","ELECTRON_CACHE":"/Users/runner/.cache/nub/pm/tools/electron-cache","electron_config_cache":"/Users/runner/.cache/nub/pm/tools/electron-cache","npm_config_prefix":"/Users/runner/.cache/nub/pm/tools/npm-prefix"},"unset":["(sudo env_reset discards the caller environment; every var above is re-set after it)","CI","GITHUB_ACTIONS"],"passedThrough":{"CI":"true","GITHUB_ACTIONS":"true","NODE_ENV":null}}
  VENUE-OBSERVE-USER runner uid=501 (R7: ordinary non-root user, asserted)
  ARM-FALSIFIABILITY {"manifestFiles":265,"filesTheScriptProduced":0,"reasons":["gate-vacuous"]}
  ⛔ ARMS-UNFALSIFIABLE — the artifact gate carries no signal for this package:
       gate-vacuous: the script changed no file the artifact gate keys on — every file in the manifest (265) was already present at its final size before the script ran, so the gate passes in every arm including a completely broken one
       The EXIT CODE is still a live detector here, so a descent arm that actually
       FAILED is evidence. What is missing is the gate, not every signal — do not read
       a green arm as proof on its own, and do not read this note as "no evidence".
  EVENTLOG-FILE /Users/runner/v2m-FlXrlW/Observe/events.ndjson.gz
  EVENTLOG-STATS {"lines":8376,"parsed":8358,"unparsed":0,"live":true,"tracerErrors":1,"tracerErrorTotal":1,"unresolvedDirfd":21,"unresolvedFd":0,"pairedTwoPath":529,"danglingPair":0,"failed":2654,"enoent":2649,"refusals":0,"byErrno":{"ENXIO":3,"ENOENT":2649,"EEXIST":2},"procs":5,"lifecyclePids":1,"distinctEvents":5089,"emitted":5089,"calls":7815,"bytes":1102755,"gzipBytes":35285,"out":"/Users/runner/v2m-FlXrlW/Observe/events.ndjson"}
  == TRACER == live=true decodable-events=3161 dropped-events=1
    NOTE 14 relative path(s) under a non-AT_FDCWD dirfd were not
       scope-assigned: resolving them against the cwd would invent a path.
    ⛔ CWD-UNOBSERVED 2 relative path(s) (0 write(s)) came from a lifecycle
       process whose own cwd was never observed
       macOS spawns with posix_spawn addchdir_np, which changes directory in-kernel and
       emits no chdir syscall, so the inherited cwd cannot be trusted. These are NOT
       scope-assigned; the grant below is WIDENED instead so it covers wherever they landed.
         pid=30535 read  unproven .
         pid=30535 read  unproven .
    ⛔ THE TRACER DROPPED 1 EVENT(S). A dropped event is a path never
       seen, so the grant below can only be too NARROW — the direction that breaks installs.
       Treat it as a FLOOR, not a measurement, until the adapter fault is fixed:
             1 x  epid=128 action=1 fault=1 addr=0x600003d44090
  == ATTRIBUTION == lifecycle pids: 1
    writes  script 1  /  whole traced subtree 1064
    sockets script 0  /  whole traced subtree 0
  == ROOTS (from /Users/runner/v2m-FlXrlW/Observe/capture.json; the classifier reads no other source) ==
    project       /Users/runner/v2m-FlXrlW/Observe
    home          /Users/runner
    jailHome      /Users/runner/v2m-FlXrlW/jailhome
    globalStore   /Users/runner/.cache/nub/pm/store
    projectStore  /Users/runner/v2m-FlXrlW/Observe/node_modules/.store
    interpreter   /Users/runner/hostedtoolcache/node/22.23.2/arm64
    toolsDir      /Users/runner/.cache/nub/pm/tools
    temp          /private/var/folders/_5/zjnzxgh147qcg3bb5cg2wvqw0000gn/T/nub-tmp-obsNliDAN
    npmPrefix     /Users/runner/.cache/nub/pm/tools/npm-prefix
    ownPkg        /Users/runner/v2m-FlXrlW/Observe/node_modules/stream-chat
    cwd           (null — this platform has no such root)
  == WRITES the script actually performed ==
    systemfs      1
        /dev/dtracehelper
  == READS the script performed, by scope ==
    outside       3
    systemfs      7
    userHome      2
        outside: /
        outside: /bin/bash
        outside: /bin
  == NETWORK ==
    AF_INET connects: 0   distinct peers: 0
  == REFUSALS (errno EPERM/EACCES/EROFS only; ENOENT is a miss, not a denial) ==
    distinct: 0
  == SYNTHESIZED GRANT (verify this in the real unprivileged jail) ==
    {}
  == writePaths (DERIVED — promotion out of the package's PRIVATE home) ==
    private-home writes observed: 0
    none declared — the script wrote nothing into its private home — there is nothing to promote
  == writePaths FEASIBILITY (distinct writes outside project/deps) ==
    count: 0
  scaffold: 1 dependency package(s) with lifecycle scripts granted a fixed wide grant
  EVICT[synth] 17 store entries removed, 19 spared as nub tooling, 251 in store
OSV-SCREEN {"schemaVersion":1,"kind":"nub-synth-resolved","status":"clean","digest":"ea57d73b394bf9b90a4bfe147622dfee1387f636f709182dbbe4877822688216","specCount":51,"lockfiles":{"digest":"f154e5d3af0f25b13262ad8ec3eb2de48615bc2ed8287f529b3e017b0fbd3a20","files":[{"path":"nub.lock","sha256":"92b50d513e9618e21f240c1958d8e554a76708c9cf62ea6929ff9d9fea4d6bb1","bytes":12825}]},"maliciousAdvisories":[],"screenedAt":"2026-08-31T23:07:09.271Z","cacheHit":false,"clearancePath":"/Users/runner/v2m-FlXrlW/security/nub-synth-resolved.json"}
  SECURITY nub-synth-resolved clean: 51 exact package-version(s), tree ea57d73b394b
  VENUE-STORE-LAYOUT isolated
  VERIFY[synth] rc=0 artifacts=265/265 missing=0 shortfall=none (tree 3319/3602) OVERRIDDEN=3 REJECTED=0 grant={}
  => VERIFIED {}
  NARROW    no capability to drop — the grant is already empty; over-prediction is 0 by construction
### DONE stream-chat@9.50.2  synthesized={} verified=1
