### dprint@0.32.2   (D:\jail\m-dprint-mtspbzep)
  CI-ENV scrubbed: CI GITHUB_ACTIONS
OSV-SCREEN {"schemaVersion":1,"kind":"direct","status":"clean","digest":"1e359a9418da108aa78257b5e0c78b5ed9656ede6718f140533fce7ddb1f7b88","specCount":1,"lockfiles":{"digest":null,"files":[]},"maliciousAdvisories":[],"screenedAt":"2026-09-08T13:25:00.594Z","cacheHit":false,"clearancePath":"D:\\jail\\m-dprint-mtspbzep\\security\\direct.json"}
  SECURITY direct clean: 1 exact package-version(s), tree 1e359a9418da
OSV-SCREEN {"schemaVersion":1,"kind":"npm-observe-resolved","status":"clean","digest":"9769585412486561a6a89afa93ec36205b65c77aaf00da0a5a1e98eeca1c0e89","specCount":5,"lockfiles":{"digest":"10c2c3aba21a63ecea3fe38ded37bfddada51da53b38b929270bcc215fc27c49","files":[{"path":"package-lock.json","sha256":"3aca19377c3de32113b0f26412bcbc0f057763f0d2e4ca77c76b5c691d423bc0","bytes":1981}]},"maliciousAdvisories":[],"screenedAt":"2026-09-08T13:25:02.121Z","cacheHit":false,"clearancePath":"D:\\jail\\m-dprint-mtspbzep\\security\\npm-observe-resolved.json"}
  SECURITY npm-observe-resolved clean: 5 exact package-version(s), tree 976958541248
  CAPTURE user=runnervmeef0v\runneradmin elevated=True rootPid=864 exit=0 events=51300 lost=0
  VENUE-OBSERVE-USER runnervmeef0v\runneradmin elevated=true privDropped={"SeBackupPrivilege":"removed","SeRestorePrivilege":"removed","SeTakeOwnershipPrivilege":"removed"}
  OBSERVE artifacts: 8 files  (D:\jail\m-dprint-mtspbzep\observe\node_modules\dprint)
  ARM-FALSIFIABILITY {"manifestFiles":8,"filesTheScriptProduced":1,"reasons":[]}
  CLOSURE 5 packages evicted per arm
  8.3 MAP 0 components resolved on runnervmeef0v, folded into capture.json
  == ROOTS (from capture.json — R2: no ambient reads) ==
    project       D:\jail\m-dprint-mtspbzep\observe   [keyed on]
    home          C:\Users\runneradmin   [keyed on]
    jailHome      (null — declared inapplicable)
    globalStore   C:\Users\runneradmin\AppData\Local\nub\pm\store
    projectStore  D:\jail\m-dprint-mtspbzep\observe\node_modules\.store
    interpreter   C:\hostedtoolcache\windows\node\22.23.2\x64\node.exe
    toolsDir      C:\Users\runneradmin\AppData\Local\nub\pm\tools
    temp          D:\jail\m-dprint-mtspbzep\tmp   [keyed on]
    npmPrefix     (null — declared inapplicable)
    ownPkg        D:\jail\m-dprint-mtspbzep\observe\node_modules\dprint
  == ATTRIBUTION == lifecycle pids: 2 (root 864)
    writes  script 2  /  whole traced tree 13
    peers   script 2  /  whole traced tree 2
  == WRITES ==
    deps          2
  == READS ==
    deps         17
    outside       6
    project       1
    systemfs     28
  == NETWORK ==
    distinct peers: 2
        172.182.252.133:443
        185.199.110.133:443
  == REFUSALS (adapter-classified) ==
    distinct: 0
  == SYNTHESIZED GRANT (verify this in the real unprivileged jail) ==
    {"write":{"deps":true},"network":true}
  RAW       etw-raw.xml.gz  66244383 B xml -> 967462 B gz (68.5x)  sha256 7d9a4adfd5ec5ad3…
  HEADER    etw-header.json (5042 bytes)
  DERIVED   5329 distinct from 8647 kept ops (51300 xml events, 13236 out of subtree)
  PROCS     4   thread-reattributed 0
  ⛔ 1 operations with NO OperationEnd — kept, status marked unknown
  8.3       0 expanded, 0 kept short, 0 not covered  [map: recorded 8.3 map (0 components, resolved on runnervmeef0v)]
  wrote events.ndjson.gz (67695 bytes)
  RAWLOG-CAPTURE D:\jail\m-dprint-mtspbzep\cap\capture.json
  VENUE-NUB-BINARY {"path":"C:/Users/RUNNER~1/AppData/Local/Temp/nub/target/release/nub.exe","sha256":"f186817a44be332fee712b4936a071a0b5f9cde18a1d2fdc3a791729d4bf1005","bytes":68717056,"features":{"buildJailCatalogOverride":true,"pythonDontWriteBytecodeEnv":true}}
  VENUE-INTERPRETER C:\hostedtoolcache\windows\node\22.23.2\x64\node.exe
  VENUE-JAIL-ROOT D:\jail\m-dprint-mtspbzep
  VENUE-OVERRIDES {"set":{"npm_config_cache":"D:\\jail\\m-dprint-mtspbzep\\npm-cache","TMP":"D:\\jail\\m-dprint-mtspbzep\\tmp","TEMP":"D:\\jail\\m-dprint-mtspbzep\\tmp","TMPDIR":"D:\\jail\\m-dprint-mtspbzep\\tmp"},"unset":["CI","GITHUB_ACTIONS"],"notRedirected":{"USERPROFILE":"C:\\Users\\runneradmin","why":"the jail leaves HOME/USERPROFILE alone — `build_jail.rs` sandbox_homes() reads the ambient value and `compiler/defaults.rs` BASELINE_ENV_EXACT passes it through — so there is no private jail home to reproduce and redirecting one would measure an environment no confined script sees"},"passedThrough":{"CI":"true","GITHUB_ACTIONS":"true","NODE_ENV":null}}
  STORE   isolated virtual store at D:\jail\m-dprint-mtspbzep\verify-synth\.cache
  VENUE-STORE-LAYOUT isolated
OSV-SCREEN {"schemaVersion":1,"kind":"nub-synth-resolved","status":"clean","digest":"9769585412486561a6a89afa93ec36205b65c77aaf00da0a5a1e98eeca1c0e89","specCount":5,"lockfiles":{"digest":"6c5d42b4a6d48403bae793bbdf35f6d5c44fb272ce021cf319673209e22a2d31","files":[{"path":"nub.lock","sha256":"5b348bfbec9bc63f884d7af666d2e6d5204e878a06ca34436ebf0353ca2579a2","bytes":1194}]},"maliciousAdvisories":[],"screenedAt":"2026-09-08T13:25:02.121Z","cacheHit":true,"clearancePath":"D:\\jail\\m-dprint-mtspbzep\\security\\nub-synth-resolved.json"}
  SECURITY nub-synth-resolved clean: 5 exact package-version(s), tree 976958541248 (cached exact-tree clearance)
  VERIFY[synth] rc=0 artifacts=8/8 missing=0 shortfall=none (tree 5708/36) OVERRIDDEN=2 REJECTED=0 grant={"write":{"deps":true},"network":true}
  => MINIMUM {"write":{"deps":true},"network":true}   (observed, then verified)
  STORE   isolated virtual store at D:\jail\m-dprint-mtspbzep\verify-nar-no-network\.cache
OSV-SCREEN {"schemaVersion":1,"kind":"nub-nar-no-network-resolved","status":"clean","digest":"9769585412486561a6a89afa93ec36205b65c77aaf00da0a5a1e98eeca1c0e89","specCount":5,"lockfiles":{"digest":"6c5d42b4a6d48403bae793bbdf35f6d5c44fb272ce021cf319673209e22a2d31","files":[{"path":"nub.lock","sha256":"5b348bfbec9bc63f884d7af666d2e6d5204e878a06ca34436ebf0353ca2579a2","bytes":1194}]},"maliciousAdvisories":[],"screenedAt":"2026-09-08T13:25:02.121Z","cacheHit":true,"clearancePath":"D:\\jail\\m-dprint-mtspbzep\\security\\nub-nar-no-network-resolved.json"}
  SECURITY nub-nar-no-network-resolved clean: 5 exact package-version(s), tree 976958541248 (cached exact-tree clearance)
  VERIFY[nar-no-network] rc=1 artifacts=7/8 missing=1 shortfall=bfd2cfd888e8 (tree 5708/36) OVERRIDDEN=2 REJECTED=0 grant={"write":{"deps":true}}
     missing artifacts: dprint.exe
     'no-network' is NECESSARY — dropping it fails to verify
  STORE   isolated virtual store at D:\jail\m-dprint-mtspbzep\verify-nar-no-write-deps\.cache
OSV-SCREEN {"schemaVersion":1,"kind":"nub-nar-no-write-deps-resolved","status":"clean","digest":"9769585412486561a6a89afa93ec36205b65c77aaf00da0a5a1e98eeca1c0e89","specCount":5,"lockfiles":{"digest":"6c5d42b4a6d48403bae793bbdf35f6d5c44fb272ce021cf319673209e22a2d31","files":[{"path":"nub.lock","sha256":"5b348bfbec9bc63f884d7af666d2e6d5204e878a06ca34436ebf0353ca2579a2","bytes":1194}]},"maliciousAdvisories":[],"screenedAt":"2026-09-08T13:25:02.121Z","cacheHit":true,"clearancePath":"D:\\jail\\m-dprint-mtspbzep\\security\\nub-nar-no-write-deps-resolved.json"}
  SECURITY nub-nar-no-write-deps-resolved clean: 5 exact package-version(s), tree 976958541248 (cached exact-tree clearance)
  VERIFY[nar-no-write-deps] rc=0 artifacts=8/8 missing=0 shortfall=none (tree 5708/36) OVERRIDDEN=2 REJECTED=0 grant={"network":true}
     ⛔ OVER-PREDICTED — the strictly narrower {"network":true} also verifies; 'no-write-deps' was not needed
