OSV-SCREEN {"schemaVersion":1,"kind":"direct","status":"clean","digest":"b81b0e4fed746649273702c56c5a6f1538276c019ac06345e11490f7fb046dde","specCount":1,"lockfiles":{"digest":null,"files":[]},"maliciousAdvisories":[],"screenedAt":"2026-08-31T21:02:52.903Z","cacheHit":false,"clearancePath":"/Users/runner/v2m-lJuNGc/security/direct.json"}
  SECURITY direct clean: 1 exact package-version(s), tree b81b0e4fed74
  ERA-NODE PINNED 18.20.8 (provisioned) (arms will run: v18.20.8)
  ERA-PYTHON /Users/runner/hostedtoolcache/Python/3.9.13/arm64/bin/python (Python 3.9.13) for era Node 18, whose node-gyp requires python3
  ARM-MAKE /usr/bin/make (GNU Make 3.81) — the system make; a build needing GNU Make 4 WILL fail here
### squawk-cli@0.20.0   (/Users/runner/v2m-lJuNGc)   nub=/tmp/nub/target/release/nub
  VENUE-NUB-BINARY {"path":"/tmp/nub/target/release/nub","sha256":"69e622342d0c8393c78fa50a01dc9cc0a94371ac9b106b59bdcc016f06d86d30","bytes":94535576,"features":{"buildJailCatalogOverride":true,"pythonDontWriteBytecodeEnv":true}}
  CI-ENV scrubbed: CI GITHUB_ACTIONS
  --- fbt preflight (advisory; never fails the run) ---
     csrutil: System Integrity Protection status: disabled.
     fbt probes visible: 93577
     fbt enable attempt: dtrace: description 'fbt:::entry ' matched 50357 probes CPU     ID                    FUNCTION:NAME 
     cwd builtin value:  
     fbt chdir symbols:  
     fbt fires on spawn-with-cwd: dtrace: invalid probe specifier fbt::chdir*:entry /progenyof($target)/ { @[probefunc] = count(); }: probe description fbt::chdir*:entry does not match any probes 
  --- end fbt preflight ---
  ERA-RESOLUTION DATED 2023-02-01T13:48:04.726Z (deps as of the package's own publish date + 1d)
OSV-SCREEN {"schemaVersion":1,"kind":"npm-observe-resolved","status":"clean","digest":"262660029d263ab2aae62541718668894a668d98ae4f942b27d9e20d4cfebcc1","specCount":5,"lockfiles":{"digest":"1aad7fe6741e3bb01ce82f0565998996067cf6f59b9b303e7f44ab25783437fa","files":[{"path":"package-lock.json","sha256":"2d29372796fde20052756a0ff2e07daad2d8f4ff2dfd2e8e25814d40d721f634","bytes":2239}]},"maliciousAdvisories":[],"screenedAt":"2026-08-31T21:02:58.630Z","cacheHit":false,"clearancePath":"/Users/runner/v2m-lJuNGc/security/npm-observe-resolved.json"}
  SECURITY npm-observe-resolved clean: 5 exact package-version(s), tree 262660029d26
  ARM-PATH SANITISED (dropped 1: /Users/runner/.yarn/bin)
  ARM-AMBIENT-TOOLS none
  ARM-SCAFFOLD none
  ARM-UNPROVIDABLE none
  VENUE-CI-CHILD clean (no CI-detection variable reaches the traced script)
  ARM-REBUILD-SPEC squawk-cli@0.20.0
  --- wrapper (run.sh) ---
     cd "/Users/runner/v2m-lJuNGc/Observe"
     sudo -u "runner" -H env "PATH=/Users/runner/v2m-lJuNGc/Observe/node_modules/.bin:/Users/runner/.cache/nub/era-node/18.20.8/node-v18.20.8-darwin-arm64/bin:/Users/runner/hostedtoolcache/node/22.23.2/arm64/bin:/opt/homebrew/lib/ruby/gems/3.3.0/bin:/opt/homebrew/opt/ruby@3.3/bin:/Users/runner/.local/bin:/opt/homebrew/bin:/opt/homebrew/sbin:/Users/runner/.cargo/bin:/usr/local/opt/curl/bin:/usr/local/bin:/usr/local/sbin:/Users/runner/bin:/Users/runner/Library/Android/sdk/tools:/Users/runner/Library/Android/sdk/platform-tools:/Library/Frameworks/Python.framework/Versions/Current/bin:/Library/Frameworks/Mono.framework/Versions/Current/Commands:/usr/bin:/bin:/usr/sbin:/sbin:/Users/runner/.dotnet/tools"   "HOME=/Users/runner/v2m-lJuNGc/jailhome"   "TMPDIR=/private/var/folders/_5/zjnzxgh147qcg3bb5cg2wvqw0000gn/T/nub-tmp-obsqnAXWT"   "NODE_COMPAT=1"   "PYTHONDONTWRITEBYTECODE=1"   "PLAYWRIGHT_BROWSERS_PATH=/Users/runner/.cache/nub/pm/tools/ms-playwright"   "ELECTRON_CACHE=/Users/runner/.cache/nub/pm/tools/electron-cache"   "electron_config_cache=/Users/runner/.cache/nub/pm/tools/electron-cache"   "npm_config_prefix=/Users/runner/.cache/nub/pm/tools/npm-prefix"   PYTHON=/Users/runner/hostedtoolcache/Python/3.9.13/arm64/bin/python   npm rebuild --no-audit --no-fund "squawk-cli@0.20.0" > "/Users/runner/v2m-lJuNGc/Observe/npm.log" 2>&1
     echo $? > "/Users/runner/v2m-lJuNGc/Observe/rc"
  --- dtrace stderr + wrapper trace ---
     + cd /Users/runner/v2m-lJuNGc/Observe
     + sudo -u runner -H env PATH=/Users/runner/v2m-lJuNGc/Observe/node_modules/.bin:/Users/runner/.cache/nub/era-node/18.20.8/node-v18.20.8-darwin-arm64/bin:/Users/runner/hostedtoolcache/node/22.23.2/arm64/bin:/opt/homebrew/lib/ruby/gems/3.3.0/bin:/opt/homebrew/opt/ruby@3.3/bin:/Users/runner/.local/bin:/opt/homebrew/bin:/opt/homebrew/sbin:/Users/runner/.cargo/bin:/usr/local/opt/curl/bin:/usr/local/bin:/usr/local/sbin:/Users/runner/bin:/Users/runner/Library/Android/sdk/tools:/Users/runner/Library/Android/sdk/platform-tools:/Library/Frameworks/Python.framework/Versions/Current/bin:/Library/Frameworks/Mono.framework/Versions/Current/Commands:/usr/bin:/bin:/usr/sbin:/sbin:/Users/runner/.dotnet/tools HOME=/Users/runner/v2m-lJuNGc/jailhome TMPDIR=/private/var/folders/_5/zjnzxgh147qcg3bb5cg2wvqw0000gn/T/nub-tmp-obsqnAXWT NODE_COMPAT=1 PYTHONDONTWRITEBYTECODE=1 PLAYWRIGHT_BROWSERS_PATH=/Users/runner/.cache/nub/pm/tools/ms-playwright ELECTRON_CACHE=/Users/runner/.cache/nub/pm/tools/electron-cache electron_config_cache=/Users/runner/.cache/nub/pm/tools/electron-cache npm_config_prefix=/Users/runner/.cache/nub/pm/tools/npm-prefix PYTHON=/Users/runner/hostedtoolcache/Python/3.9.13/arm64/bin/python npm rebuild --no-audit --no-fund squawk-cli@0.20.0
     dtrace: error on enabled probe ID 128 (ID 286: syscall::execve:entry): invalid address (0x60000284d0e0) in action #1 at DIF offset 20
     + echo 0
  OBSERVE   rc=0 dtrace_rc=0 files=41 (pre=38) trace=5954 lines
  CLOSURE   5 packages evicted per arm   store=/Users/runner/.cache/nub/pm/store
  RAWLOG-FILE /Users/runner/v2m-lJuNGc/Observe/trace.txt.gz
  RAWLOG-CAPTURE /Users/runner/v2m-lJuNGc/Observe/capture.json
  RAWLOG-BYTES raw=1058261 gz=35119
  VENUE-INTERPRETER /Users/runner/hostedtoolcache/node/22.23.2/arm64
  VENUE-NODE-SELECTION {"pkg":"squawk-cli","packageVersion":"0.20.0","major":18,"version":"18.20.8","npm":"10.8.2","pinnable":true,"engines":null,"publishedAt":"2023-01-31T13:48:04.726Z","eraMajor":18,"startMajor":18,"raisedByEngines":false,"enginesUnsatisfiable":false,"clampedToFloor":false,"clampedToCeiling":false,"matrixFloor":4,"matrixCeiling":26,"lookupFailure":null,"pinned":true,"pinnedBin":"/Users/runner/.cache/nub/era-node/18.20.8/node-v18.20.8-darwin-arm64/bin","eraNodeRoot":"/Users/runner/.cache/nub"}
  VENUE-OVERRIDES {"set":{"PATH":"inherited-and-forwarded","HOME":"/Users/runner/v2m-lJuNGc/jailhome","TMPDIR":"/private/var/folders/_5/zjnzxgh147qcg3bb5cg2wvqw0000gn/T/nub-tmp-obsqnAXWT","NODE_COMPAT":"1","PYTHONDONTWRITEBYTECODE":"1","PLAYWRIGHT_BROWSERS_PATH":"/Users/runner/.cache/nub/pm/tools/ms-playwright","ELECTRON_CACHE":"/Users/runner/.cache/nub/pm/tools/electron-cache","electron_config_cache":"/Users/runner/.cache/nub/pm/tools/electron-cache","npm_config_prefix":"/Users/runner/.cache/nub/pm/tools/npm-prefix"},"unset":["(sudo env_reset discards the caller environment; every var above is re-set after it)","CI","GITHUB_ACTIONS"],"passedThrough":{"CI":"true","GITHUB_ACTIONS":"true","NODE_ENV":null}}
  VENUE-OBSERVE-USER runner uid=501 (R7: ordinary non-root user, asserted)
  ARM-FALSIFIABILITY {"manifestFiles":8,"filesTheScriptProduced":1,"reasons":[]}
  EVENTLOG-FILE /Users/runner/v2m-lJuNGc/Observe/events.ndjson.gz
  EVENTLOG-STATS {"lines":5955,"parsed":5937,"unparsed":0,"live":true,"tracerErrors":1,"tracerErrorTotal":1,"unresolvedDirfd":21,"unresolvedFd":0,"pairedTwoPath":0,"danglingPair":0,"failed":2133,"enoent":2130,"refusals":0,"byErrno":{"ENXIO":3,"ENOENT":2130},"procs":5,"lifecyclePids":1,"distinctEvents":3727,"emitted":3727,"calls":5923,"bytes":715922,"gzipBytes":21649,"out":"/Users/runner/v2m-lJuNGc/Observe/events.ndjson"}
  == TRACER == live=true decodable-events=1075 dropped-events=1
    NOTE 14 relative path(s) under a non-AT_FDCWD dirfd were not
       scope-assigned: resolving them against the cwd would invent a path.
    ⛔ CWD-UNOBSERVED 2 relative path(s) (0 write(s)) came from a lifecycle
       process whose own cwd was never observed
       macOS spawns with posix_spawn addchdir_np, which changes directory in-kernel and
       emits no chdir syscall, so the inherited cwd cannot be trusted. These are NOT
       scope-assigned; the grant below is WIDENED instead so it covers wherever they landed.
         pid=24748 read  unproven .
         pid=24748 read  unproven .
    ⛔ THE TRACER DROPPED 1 EVENT(S). A dropped event is a path never
       seen, so the grant below can only be too NARROW — the direction that breaks installs.
       Treat it as a FLOOR, not a measurement, until the adapter fault is fixed:
             1 x  epid=128 action=1 fault=1 addr=0x60000284d0e0
  == ATTRIBUTION == lifecycle pids: 1
    writes  script 5  /  whole traced subtree 11
    sockets script 2  /  whole traced subtree 3
  == ROOTS (from /Users/runner/v2m-lJuNGc/Observe/capture.json; the classifier reads no other source) ==
    project       /Users/runner/v2m-lJuNGc/Observe
    home          /Users/runner
    jailHome      /Users/runner/v2m-lJuNGc/jailhome
    globalStore   /Users/runner/.cache/nub/pm/store
    projectStore  /Users/runner/v2m-lJuNGc/Observe/node_modules/.store
    interpreter   /Users/runner/hostedtoolcache/node/22.23.2/arm64
    toolsDir      /Users/runner/.cache/nub/pm/tools
    temp          /private/var/folders/_5/zjnzxgh147qcg3bb5cg2wvqw0000gn/T/nub-tmp-obsqnAXWT
    npmPrefix     /Users/runner/.cache/nub/pm/tools/npm-prefix
    ownPkg        /Users/runner/v2m-lJuNGc/Observe/node_modules/squawk-cli
    cwd           (null — this platform has no such root)
  == WRITES the script actually performed ==
    systemfs      1
        /dev/dtracehelper
    jailHome      3  (base profile already grants this — NOT billed)
        /Users/runner/v2m-lJuNGc/jailhome/.npm/squawk-cli
        /Users/runner/v2m-lJuNGc/jailhome/.npm/squawk-cli/401a60-squawk-darwin-x86-64.24748-b37040a1b332d.tmp
        /Users/runner/v2m-lJuNGc/jailhome/.npm/squawk-cli/401a60-squawk-darwin-x86-64
    ownPkg        1  (base profile already grants this — NOT billed)
        /Users/runner/v2m-lJuNGc/Observe/node_modules/squawk-cli/js/binaries/squawk
  == READS the script performed, by scope ==
    outside       5
    systemfs      9
    userHome      2
    ownPkg        3
    deps         13
    jailHome      1
        outside: /
        outside: /bin/bash
        outside: /bin
        outside: /var/db/timezone/zoneinfo/UTC
        outside: /var/db/timezone/zoneinfo/posixrules
  == NETWORK ==
    AF_INET connects: 2   distinct peers: 2
        140.82.116.4:443
        185.199.109.133:443
  == REFUSALS (errno EPERM/EACCES/EROFS only; ENOENT is a miss, not a denial) ==
    distinct: 0
  == SYNTHESIZED GRANT (verify this in the real unprivileged jail) ==
    {"network":true}
  == writePaths (DERIVED — promotion out of the package's PRIVATE home) ==
    private-home writes observed: 3
    none declared — every write was a FILE at the top of the private home, or landed in a directory the TOOLCHAIN owns (see `writePathsDeny`) — an entry names a directory belonging to the PACKAGE, so there is nothing to name
  == writePaths FEASIBILITY (distinct writes outside project/deps) ==
    count: 0
  EVICT[synth] 4 store entries removed, 0 spared as nub tooling, 807 in store
OSV-SCREEN {"schemaVersion":1,"kind":"nub-synth-resolved","status":"clean","digest":"1ac26741d600b53b952891ef0977d9326940edd8d622c4ac8fb037da2ade84f2","specCount":5,"lockfiles":{"digest":"21135edb43f6ce524a59a1fc0d8ef64fc4400e36d28271817577799f50939214","files":[{"path":"nub.lock","sha256":"6629f06d5405eda14e2035986faef9157ad9236798c58afd7f4c7e17c62766ab","bytes":1431}]},"maliciousAdvisories":[],"screenedAt":"2026-08-31T21:03:02.917Z","cacheHit":false,"clearancePath":"/Users/runner/v2m-lJuNGc/security/nub-synth-resolved.json"}
  SECURITY nub-synth-resolved clean: 5 exact package-version(s), tree 1ac26741d600
  VENUE-STORE-LAYOUT isolated
  VERIFY[synth] rc=0 artifacts=7/7 missing=0 shortfall=none (tree 106/41) OVERRIDDEN=3 REJECTED=0 grant={"network":true}
  => VERIFIED {"network":true}
  EVICT[nar-no-network] 5 store entries removed, 0 spared as nub tooling, 808 in store
OSV-SCREEN {"schemaVersion":1,"kind":"nub-nar-no-network-resolved","status":"clean","digest":"1ac26741d600b53b952891ef0977d9326940edd8d622c4ac8fb037da2ade84f2","specCount":5,"lockfiles":{"digest":"21135edb43f6ce524a59a1fc0d8ef64fc4400e36d28271817577799f50939214","files":[{"path":"nub.lock","sha256":"6629f06d5405eda14e2035986faef9157ad9236798c58afd7f4c7e17c62766ab","bytes":1431}]},"maliciousAdvisories":[],"screenedAt":"2026-08-31T21:03:02.917Z","cacheHit":true,"clearancePath":"/Users/runner/v2m-lJuNGc/security/nub-nar-no-network-resolved.json"}
  SECURITY nub-nar-no-network-resolved clean: 5 exact package-version(s), tree 1ac26741d600 (cached exact-tree clearance)
  VERIFY[nar-no-network] rc=1 artifacts=6/7 missing=1 shortfall=07f997e70de6 (tree 103/41) OVERRIDDEN=3 REJECTED=0 grant={}
       missing: js/binaries/squawk
     [nar-no-network/a] FetchError: request to https://github.com/sbdchd/squawk/releases/download/v0.20.0/squawk-darwin-x86_64 failed, reason: getaddrinfo ENOTFOUND github.com
     [nar-no-network/a]   errno: 'ENOTFOUND',
     [nar-no-network/a]   code: 'ENOTFOUND'
     narrowing 'no-network' fails ⇒ that capability IS necessary
  => MINIMAL — every capability in {"network":true} is independently necessary
### DONE squawk-cli@0.20.0  synthesized={"network":true} verified=1
