OSV-SCREEN {"schemaVersion":1,"kind":"direct","status":"clean","digest":"827e11910642ac715609d978ba0a797e17c26e8a5900774ef615cab138ac45a2","specCount":1,"lockfiles":{"digest":null,"files":[]},"maliciousAdvisories":[],"screenedAt":"2026-08-31T22:53:23.545Z","cacheHit":false,"clearancePath":"/Users/runner/v2m-84BY97/security/direct.json"}
  SECURITY direct clean: 1 exact package-version(s), tree 827e11910642
  ERA-NODE PINNED 20.20.2 (provisioned) (arms will run: v20.20.2)
  ERA-PYTHON /Users/runner/hostedtoolcache/Python/3.9.13/arm64/bin/python (Python 3.9.13) for era Node 20, whose node-gyp requires python3
  ARM-MAKE /usr/bin/make (GNU Make 3.81) — the system make; a build needing GNU Make 4 WILL fail here
### @stdlib/math-base-special-powm1@0.3.0   (/Users/runner/v2m-84BY97)   nub=/tmp/nub/target/release/nub
  VENUE-NUB-BINARY {"path":"/tmp/nub/target/release/nub","sha256":"69e622342d0c8393c78fa50a01dc9cc0a94371ac9b106b59bdcc016f06d86d30","bytes":94535576,"features":{"buildJailCatalogOverride":true,"pythonDontWriteBytecodeEnv":true}}
  CI-ENV scrubbed: CI GITHUB_ACTIONS
  --- fbt preflight (advisory; never fails the run) ---
     csrutil: System Integrity Protection status: disabled.
     fbt probes visible: 93577
     fbt enable attempt: dtrace: description 'fbt:::entry ' matched 50357 probes CPU     ID                    FUNCTION:NAME 
     cwd builtin value:  
     fbt chdir symbols:  
     fbt fires on spawn-with-cwd: dtrace: invalid probe specifier fbt::chdir*:entry /progenyof($target)/ { @[probefunc] = count(); }: probe description fbt::chdir*:entry does not match any probes 
  --- end fbt preflight ---
  ERA-RESOLUTION DATED 2024-07-29T14:14:54.608Z (deps as of the package's own publish date + 1d)
OSV-SCREEN {"schemaVersion":1,"kind":"npm-observe-resolved","status":"clean","digest":"0418f7edd6800a6b9e558fdbdbd47cb51ee22df4641e81b03ec5659a83020d8a","specCount":117,"lockfiles":{"digest":"e7e4fffcea2fe6af68da9f6c12581dd20141eaf6fb8d2fdecc0fce5a997d1933","files":[{"path":"package-lock.json","sha256":"ea0462ced665c9ab28f31ef82e20356238bf4a37da187e73e0031ae9e7c736ef","bytes":99821}]},"maliciousAdvisories":[],"screenedAt":"2026-08-31T22:53:36.180Z","cacheHit":false,"clearancePath":"/Users/runner/v2m-84BY97/security/npm-observe-resolved.json"}
  SECURITY npm-observe-resolved clean: 117 exact package-version(s), tree 0418f7edd680
  ARM-PATH SANITISED (dropped 1: /Users/runner/.yarn/bin)
  ARM-AMBIENT-TOOLS none
  ARM-SCAFFOLD none
  ARM-UNPROVIDABLE none
  VENUE-CI-CHILD clean (no CI-detection variable reaches the traced script)
  ARM-REBUILD-SPEC @stdlib/math-base-special-powm1@0.3.0
  --- wrapper (run.sh) ---
     cd "/Users/runner/v2m-84BY97/Observe"
     sudo -u "runner" -H env "PATH=/Users/runner/v2m-84BY97/Observe/node_modules/.bin:/Users/runner/.cache/nub/era-node/20.20.2/node-v20.20.2-darwin-arm64/bin:/Users/runner/hostedtoolcache/node/22.23.2/arm64/bin:/opt/homebrew/lib/ruby/gems/3.3.0/bin:/opt/homebrew/opt/ruby@3.3/bin:/Users/runner/.local/bin:/opt/homebrew/bin:/opt/homebrew/sbin:/Users/runner/.cargo/bin:/usr/local/opt/curl/bin:/usr/local/bin:/usr/local/sbin:/Users/runner/bin:/Users/runner/Library/Android/sdk/tools:/Users/runner/Library/Android/sdk/platform-tools:/Library/Frameworks/Python.framework/Versions/Current/bin:/Library/Frameworks/Mono.framework/Versions/Current/Commands:/usr/bin:/bin:/usr/sbin:/sbin:/Users/runner/.dotnet/tools"   "HOME=/Users/runner/v2m-84BY97/jailhome"   "TMPDIR=/private/var/folders/_5/zjnzxgh147qcg3bb5cg2wvqw0000gn/T/nub-tmp-obsXkqPv7"   "NODE_COMPAT=1"   "PYTHONDONTWRITEBYTECODE=1"   "PLAYWRIGHT_BROWSERS_PATH=/Users/runner/.cache/nub/pm/tools/ms-playwright"   "ELECTRON_CACHE=/Users/runner/.cache/nub/pm/tools/electron-cache"   "electron_config_cache=/Users/runner/.cache/nub/pm/tools/electron-cache"   "npm_config_prefix=/Users/runner/.cache/nub/pm/tools/npm-prefix"   PYTHON=/Users/runner/hostedtoolcache/Python/3.9.13/arm64/bin/python   npm rebuild --no-audit --no-fund "@stdlib/math-base-special-powm1@0.3.0" > "/Users/runner/v2m-84BY97/Observe/npm.log" 2>&1
     echo $? > "/Users/runner/v2m-84BY97/Observe/rc"
  --- dtrace stderr + wrapper trace ---
     + cd /Users/runner/v2m-84BY97/Observe
     + sudo -u runner -H env PATH=/Users/runner/v2m-84BY97/Observe/node_modules/.bin:/Users/runner/.cache/nub/era-node/20.20.2/node-v20.20.2-darwin-arm64/bin:/Users/runner/hostedtoolcache/node/22.23.2/arm64/bin:/opt/homebrew/lib/ruby/gems/3.3.0/bin:/opt/homebrew/opt/ruby@3.3/bin:/Users/runner/.local/bin:/opt/homebrew/bin:/opt/homebrew/sbin:/Users/runner/.cargo/bin:/usr/local/opt/curl/bin:/usr/local/bin:/usr/local/sbin:/Users/runner/bin:/Users/runner/Library/Android/sdk/tools:/Users/runner/Library/Android/sdk/platform-tools:/Library/Frameworks/Python.framework/Versions/Current/bin:/Library/Frameworks/Mono.framework/Versions/Current/Commands:/usr/bin:/bin:/usr/sbin:/sbin:/Users/runner/.dotnet/tools HOME=/Users/runner/v2m-84BY97/jailhome TMPDIR=/private/var/folders/_5/zjnzxgh147qcg3bb5cg2wvqw0000gn/T/nub-tmp-obsXkqPv7 NODE_COMPAT=1 PYTHONDONTWRITEBYTECODE=1 PLAYWRIGHT_BROWSERS_PATH=/Users/runner/.cache/nub/pm/tools/ms-playwright ELECTRON_CACHE=/Users/runner/.cache/nub/pm/tools/electron-cache electron_config_cache=/Users/runner/.cache/nub/pm/tools/electron-cache npm_config_prefix=/Users/runner/.cache/nub/pm/tools/npm-prefix PYTHON=/Users/runner/hostedtoolcache/Python/3.9.13/arm64/bin/python npm rebuild --no-audit --no-fund @stdlib/math-base-special-powm1@0.3.0
     dtrace: error on enabled probe ID 128 (ID 286: syscall::execve:entry): invalid address (0x600002554000) in action #1 at DIF offset 20
     + echo 0
  OBSERVE   rc=0 dtrace_rc=0 files=1629 (pre=1627) trace=5950 lines
  CLOSURE   117 packages evicted per arm   store=/Users/runner/.cache/nub/pm/store
  RAWLOG-FILE /Users/runner/v2m-84BY97/Observe/trace.txt.gz
  RAWLOG-CAPTURE /Users/runner/v2m-84BY97/Observe/capture.json
  RAWLOG-BYTES raw=1066454 gz=34668
  VENUE-INTERPRETER /Users/runner/hostedtoolcache/node/22.23.2/arm64
  VENUE-NODE-SELECTION {"pkg":"@stdlib/math-base-special-powm1","packageVersion":"0.3.0","major":20,"version":"20.20.2","npm":"10.8.2","pinnable":true,"engines":">=0.10.0","publishedAt":"2024-07-28T14:14:54.608Z","eraMajor":20,"startMajor":20,"raisedByEngines":false,"enginesUnsatisfiable":false,"clampedToFloor":false,"clampedToCeiling":false,"matrixFloor":4,"matrixCeiling":26,"lookupFailure":null,"pinned":true,"pinnedBin":"/Users/runner/.cache/nub/era-node/20.20.2/node-v20.20.2-darwin-arm64/bin","eraNodeRoot":"/Users/runner/.cache/nub"}
  VENUE-OVERRIDES {"set":{"PATH":"inherited-and-forwarded","HOME":"/Users/runner/v2m-84BY97/jailhome","TMPDIR":"/private/var/folders/_5/zjnzxgh147qcg3bb5cg2wvqw0000gn/T/nub-tmp-obsXkqPv7","NODE_COMPAT":"1","PYTHONDONTWRITEBYTECODE":"1","PLAYWRIGHT_BROWSERS_PATH":"/Users/runner/.cache/nub/pm/tools/ms-playwright","ELECTRON_CACHE":"/Users/runner/.cache/nub/pm/tools/electron-cache","electron_config_cache":"/Users/runner/.cache/nub/pm/tools/electron-cache","npm_config_prefix":"/Users/runner/.cache/nub/pm/tools/npm-prefix"},"unset":["(sudo env_reset discards the caller environment; every var above is re-set after it)","CI","GITHUB_ACTIONS"],"passedThrough":{"CI":"true","GITHUB_ACTIONS":"true","NODE_ENV":null}}
  VENUE-OBSERVE-USER runner uid=501 (R7: ordinary non-root user, asserted)
  ARM-FALSIFIABILITY {"manifestFiles":17,"filesTheScriptProduced":0,"reasons":["gate-vacuous"]}
  ⛔ ARMS-UNFALSIFIABLE — the artifact gate carries no signal for this package:
       gate-vacuous: the script changed no file the artifact gate keys on — every file in the manifest (17) was already present at its final size before the script ran, so the gate passes in every arm including a completely broken one
       The EXIT CODE is still a live detector here, so a descent arm that actually
       FAILED is evidence. What is missing is the gate, not every signal — do not read
       a green arm as proof on its own, and do not read this note as "no evidence".
  EVENTLOG-FILE /Users/runner/v2m-84BY97/Observe/events.ndjson.gz
  EVENTLOG-STATS {"lines":5951,"parsed":5936,"unparsed":0,"live":true,"tracerErrors":1,"tracerErrorTotal":1,"unresolvedDirfd":12,"unresolvedFd":0,"pairedTwoPath":0,"danglingPair":0,"failed":2153,"enoent":2151,"refusals":0,"byErrno":{"ENXIO":2,"ENOENT":2151},"procs":4,"lifecyclePids":0,"distinctEvents":3751,"emitted":3751,"calls":5927,"bytes":729689,"gzipBytes":21921,"out":"/Users/runner/v2m-84BY97/Observe/events.ndjson"}
  == TRACER == live=true decodable-events=1105 dropped-events=1
    NOTE 8 relative path(s) under a non-AT_FDCWD dirfd were not
       scope-assigned: resolving them against the cwd would invent a path.
    ⛔ THE TRACER DROPPED 1 EVENT(S). A dropped event is a path never
       seen, so the grant below can only be too NARROW — the direction that breaks installs.
       Treat it as a FLOOR, not a measurement, until the adapter fault is fixed:
             1 x  epid=128 action=1 fault=1 addr=0x600002554000
  == ATTRIBUTION == lifecycle pids: 0
    writes  script 0  /  whole traced subtree 7
    sockets script 0  /  whole traced subtree 1
    ⛔ NO LIFECYCLE SHELL FOUND — the subtree filter matched nothing, so the grant
       below is EMPTY BY DEFAULT rather than by measurement. Treat it as UNKNOWN.
  == ROOTS (from /Users/runner/v2m-84BY97/Observe/capture.json; the classifier reads no other source) ==
    project       /Users/runner/v2m-84BY97/Observe
    home          /Users/runner
    jailHome      /Users/runner/v2m-84BY97/jailhome
    globalStore   /Users/runner/.cache/nub/pm/store
    projectStore  /Users/runner/v2m-84BY97/Observe/node_modules/.store
    interpreter   /Users/runner/hostedtoolcache/node/22.23.2/arm64
    toolsDir      /Users/runner/.cache/nub/pm/tools
    temp          /private/var/folders/_5/zjnzxgh147qcg3bb5cg2wvqw0000gn/T/nub-tmp-obsXkqPv7
    npmPrefix     /Users/runner/.cache/nub/pm/tools/npm-prefix
    ownPkg        /Users/runner/v2m-84BY97/Observe/node_modules/@stdlib/math-base-special-powm1
    cwd           (null — this platform has no such root)
  == WRITES the script actually performed ==
  == READS the script performed, by scope ==
  == NETWORK ==
    AF_INET connects: 0   distinct peers: 0
  == REFUSALS (errno EPERM/EACCES/EROFS only; ENOENT is a miss, not a denial) ==
    distinct: 0
  == SYNTHESIZED GRANT (verify this in the real unprivileged jail) ==
    UNKNOWN-ATTRIBUTION-FAILED
  == writePaths (DERIVED — promotion out of the package's PRIVATE home) ==
    private-home writes observed: 0
    none declared — the script wrote nothing into its private home — there is nothing to promote
  == writePaths FEASIBILITY (distinct writes outside project/deps) ==
    count: 0
  ATTRIBUTION EMPTY BY MEASUREMENT — the manifest declares no preinstall/install/postinstall
     and ships no binding.gyp, so `npm rebuild` ran no script. {} is the answer, not a gap.
  EVICT[synth] 6 store entries removed, 2 spared as nub tooling, 1876 in store
OSV-SCREEN {"schemaVersion":1,"kind":"nub-synth-resolved","status":"clean","digest":"579bbc8bde73750160aded3f2d8acea571e9b550439fe37f731683554fbfe3cb","specCount":160,"lockfiles":{"digest":"703f2d095272813d9a9105a9f66601e01541be1a78f6cc8fa9310a3944666286","files":[{"path":"nub.lock","sha256":"0205fd158237143c4f73605dc7c8f393b1eebc3e03401ca362277e6f6b991f0d","bytes":76707}]},"maliciousAdvisories":[],"screenedAt":"2026-08-31T22:53:42.057Z","cacheHit":false,"clearancePath":"/Users/runner/v2m-84BY97/security/nub-synth-resolved.json"}
  SECURITY nub-synth-resolved clean: 160 exact package-version(s), tree 579bbc8bde73
  VENUE-STORE-LAYOUT isolated
  VERIFY[synth] rc=0 artifacts=17/17 missing=0 shortfall=none (tree 10797/1629) OVERRIDDEN=3 REJECTED=0 grant={}
  => VERIFIED {}
  NARROW    no capability to drop — the grant is already empty; over-prediction is 0 by construction
### DONE @stdlib/math-base-special-powm1@0.3.0  synthesized={} verified=1
