OSV-SCREEN {"schemaVersion":1,"kind":"direct","status":"clean","digest":"037471fcc043dcdc119e30d604b635a1166af56750eb904cc823223190edfe2c","specCount":1,"lockfiles":{"digest":null,"files":[]},"maliciousAdvisories":[],"screenedAt":"2026-08-31T14:37:39.460Z","cacheHit":false,"clearancePath":"/Users/runner/v2m-9rIYuP/security/direct.json"}
  SECURITY direct clean: 1 exact package-version(s), tree 037471fcc043
  ERA-NODE PINNED 18.20.8 (provisioned) (arms will run: v18.20.8)
  ERA-PYTHON /Users/runner/hostedtoolcache/Python/3.9.13/arm64/bin/python (Python 3.9.13) for era Node 18, whose node-gyp requires python3
  ARM-MAKE /usr/bin/make (GNU Make 3.81) — the system make; a build needing GNU Make 4 WILL fail here
### inngest-cli@0.10.0   (/Users/runner/v2m-9rIYuP)   nub=/tmp/nub/target/release/nub
  VENUE-NUB-BINARY {"path":"/tmp/nub/target/release/nub","sha256":"69e622342d0c8393c78fa50a01dc9cc0a94371ac9b106b59bdcc016f06d86d30","bytes":94535576,"features":{"buildJailCatalogOverride":true,"pythonDontWriteBytecodeEnv":true}}
  CI-ENV scrubbed: CI GITHUB_ACTIONS
  --- fbt preflight (advisory; never fails the run) ---
     csrutil: System Integrity Protection status: disabled.
     fbt probes visible: 93577
     fbt enable attempt: dtrace: description 'fbt:::entry ' matched 50357 probes CPU     ID                    FUNCTION:NAME 
     cwd builtin value:  
     fbt chdir symbols:  
     fbt fires on spawn-with-cwd: dtrace: invalid probe specifier fbt::chdir*:entry /progenyof($target)/ { @[probefunc] = count(); }: probe description fbt::chdir*:entry does not match any probes 
  --- end fbt preflight ---
  ERA-RESOLUTION DATED 2023-02-09T19:00:50.761Z (deps as of the package's own publish date + 1d)
OSV-SCREEN {"schemaVersion":1,"kind":"npm-observe-resolved","status":"clean","digest":"ef7d4ee68d5f3e104fcbc2be719579645a15e1238692c31d74ce65d5f2e07419","specCount":46,"lockfiles":{"digest":"bf8c94973e04b0ce898448e8747fbe477135f56a3a7c66fdfe1a32915e7502c7","files":[{"path":"package-lock.json","sha256":"e1bec0f082d4fafa4150a3cd64edf95063aa704fab7ea08e6792507a48d124ee","bytes":18375}]},"maliciousAdvisories":[],"screenedAt":"2026-08-31T14:37:46.626Z","cacheHit":false,"clearancePath":"/Users/runner/v2m-9rIYuP/security/npm-observe-resolved.json"}
  SECURITY npm-observe-resolved clean: 46 exact package-version(s), tree ef7d4ee68d5f
  ARM-PATH SANITISED (dropped 1: /Users/runner/.yarn/bin)
  ARM-AMBIENT-TOOLS 1 leaked: rimraf=/Users/runner/v2m-9rIYuP/Observe/node_modules/.bin/rimraf
  ARM-SCAFFOLD none
  ARM-UNPROVIDABLE none
  VENUE-CI-CHILD clean (no CI-detection variable reaches the traced script)
  ARM-REBUILD-SPEC inngest-cli@0.10.0
  --- wrapper (run.sh) ---
     cd "/Users/runner/v2m-9rIYuP/Observe"
     sudo -u "runner" -H env "PATH=/Users/runner/v2m-9rIYuP/Observe/node_modules/.bin:/Users/runner/.cache/nub/era-node/18.20.8/node-v18.20.8-darwin-arm64/bin:/Users/runner/hostedtoolcache/node/22.23.2/arm64/bin:/opt/homebrew/lib/ruby/gems/3.3.0/bin:/opt/homebrew/opt/ruby@3.3/bin:/Users/runner/.local/bin:/opt/homebrew/bin:/opt/homebrew/sbin:/Users/runner/.cargo/bin:/usr/local/opt/curl/bin:/usr/local/bin:/usr/local/sbin:/Users/runner/bin:/Users/runner/Library/Android/sdk/tools:/Users/runner/Library/Android/sdk/platform-tools:/Library/Frameworks/Python.framework/Versions/Current/bin:/Library/Frameworks/Mono.framework/Versions/Current/Commands:/usr/bin:/bin:/usr/sbin:/sbin:/Users/runner/.dotnet/tools"   "HOME=/Users/runner/v2m-9rIYuP/jailhome"   "TMPDIR=/private/var/folders/_5/zjnzxgh147qcg3bb5cg2wvqw0000gn/T/nub-tmp-obsGA8w7J"   "NODE_COMPAT=1"   "PYTHONDONTWRITEBYTECODE=1"   "PLAYWRIGHT_BROWSERS_PATH=/Users/runner/.cache/nub/pm/tools/ms-playwright"   "ELECTRON_CACHE=/Users/runner/.cache/nub/pm/tools/electron-cache"   "electron_config_cache=/Users/runner/.cache/nub/pm/tools/electron-cache"   "npm_config_prefix=/Users/runner/.cache/nub/pm/tools/npm-prefix"   PYTHON=/Users/runner/hostedtoolcache/Python/3.9.13/arm64/bin/python   npm rebuild --no-audit --no-fund "inngest-cli@0.10.0" > "/Users/runner/v2m-9rIYuP/Observe/npm.log" 2>&1
     echo $? > "/Users/runner/v2m-9rIYuP/Observe/rc"
  --- dtrace stderr + wrapper trace ---
     + cd /Users/runner/v2m-9rIYuP/Observe
     + sudo -u runner -H env PATH=/Users/runner/v2m-9rIYuP/Observe/node_modules/.bin:/Users/runner/.cache/nub/era-node/18.20.8/node-v18.20.8-darwin-arm64/bin:/Users/runner/hostedtoolcache/node/22.23.2/arm64/bin:/opt/homebrew/lib/ruby/gems/3.3.0/bin:/opt/homebrew/opt/ruby@3.3/bin:/Users/runner/.local/bin:/opt/homebrew/bin:/opt/homebrew/sbin:/Users/runner/.cargo/bin:/usr/local/opt/curl/bin:/usr/local/bin:/usr/local/sbin:/Users/runner/bin:/Users/runner/Library/Android/sdk/tools:/Users/runner/Library/Android/sdk/platform-tools:/Library/Frameworks/Python.framework/Versions/Current/bin:/Library/Frameworks/Mono.framework/Versions/Current/Commands:/usr/bin:/bin:/usr/sbin:/sbin:/Users/runner/.dotnet/tools HOME=/Users/runner/v2m-9rIYuP/jailhome TMPDIR=/private/var/folders/_5/zjnzxgh147qcg3bb5cg2wvqw0000gn/T/nub-tmp-obsGA8w7J NODE_COMPAT=1 PYTHONDONTWRITEBYTECODE=1 PLAYWRIGHT_BROWSERS_PATH=/Users/runner/.cache/nub/pm/tools/ms-playwright ELECTRON_CACHE=/Users/runner/.cache/nub/pm/tools/electron-cache electron_config_cache=/Users/runner/.cache/nub/pm/tools/electron-cache npm_config_prefix=/Users/runner/.cache/nub/pm/tools/npm-prefix PYTHON=/Users/runner/hostedtoolcache/Python/3.9.13/arm64/bin/python npm rebuild --no-audit --no-fund inngest-cli@0.10.0
     dtrace: error on enabled probe ID 128 (ID 286: syscall::execve:entry): invalid address (0x60000203c000) in action #1 at DIF offset 20
     + echo 0
  OBSERVE   rc=0 dtrace_rc=0 files=449 (pre=446) trace=6922 lines
  CLOSURE   45 packages evicted per arm   store=/Users/runner/.cache/nub/pm/store
  RAWLOG-FILE /Users/runner/v2m-9rIYuP/Observe/trace.txt.gz
  RAWLOG-CAPTURE /Users/runner/v2m-9rIYuP/Observe/capture.json
  RAWLOG-BYTES raw=1181958 gz=41421
  VENUE-INTERPRETER /Users/runner/hostedtoolcache/node/22.23.2/arm64
  VENUE-NODE-SELECTION {"pkg":"inngest-cli","packageVersion":"0.10.0","major":18,"version":"18.20.8","npm":"10.8.2","pinnable":true,"engines":null,"publishedAt":"2023-02-08T19:00:50.761Z","eraMajor":18,"startMajor":18,"raisedByEngines":false,"enginesUnsatisfiable":false,"clampedToFloor":false,"clampedToCeiling":false,"matrixFloor":4,"matrixCeiling":26,"lookupFailure":null,"pinned":true,"pinnedBin":"/Users/runner/.cache/nub/era-node/18.20.8/node-v18.20.8-darwin-arm64/bin","eraNodeRoot":"/Users/runner/.cache/nub"}
  VENUE-OVERRIDES {"set":{"PATH":"inherited-and-forwarded","HOME":"/Users/runner/v2m-9rIYuP/jailhome","TMPDIR":"/private/var/folders/_5/zjnzxgh147qcg3bb5cg2wvqw0000gn/T/nub-tmp-obsGA8w7J","NODE_COMPAT":"1","PYTHONDONTWRITEBYTECODE":"1","PLAYWRIGHT_BROWSERS_PATH":"/Users/runner/.cache/nub/pm/tools/ms-playwright","ELECTRON_CACHE":"/Users/runner/.cache/nub/pm/tools/electron-cache","electron_config_cache":"/Users/runner/.cache/nub/pm/tools/electron-cache","npm_config_prefix":"/Users/runner/.cache/nub/pm/tools/npm-prefix"},"unset":["(sudo env_reset discards the caller environment; every var above is re-set after it)","CI","GITHUB_ACTIONS"],"passedThrough":{"CI":"true","GITHUB_ACTIONS":"true","NODE_ENV":null}}
  VENUE-OBSERVE-USER runner uid=501 (R7: ordinary non-root user, asserted)
  ARM-FALSIFIABILITY {"manifestFiles":5,"filesTheScriptProduced":2,"reasons":[]}
  EVENTLOG-FILE /Users/runner/v2m-9rIYuP/Observe/events.ndjson.gz
  EVENTLOG-STATS {"lines":6923,"parsed":6905,"unparsed":0,"live":true,"tracerErrors":1,"tracerErrorTotal":1,"unresolvedDirfd":21,"unresolvedFd":0,"pairedTwoPath":0,"danglingPair":0,"failed":2485,"enoent":2482,"refusals":0,"byErrno":{"ENXIO":3,"ENOENT":2482},"procs":5,"lifecyclePids":1,"distinctEvents":4594,"emitted":4594,"calls":6891,"bytes":838089,"gzipBytes":26202,"out":"/Users/runner/v2m-9rIYuP/Observe/events.ndjson"}
  == TRACER == live=true decodable-events=1310 dropped-events=1
    NOTE 14 relative path(s) under a non-AT_FDCWD dirfd were not
       scope-assigned: resolving them against the cwd would invent a path.
    ⛔ CWD-UNOBSERVED 2 relative path(s) (0 write(s)) came from a lifecycle
       process whose own cwd was never observed
       macOS spawns with posix_spawn addchdir_np, which changes directory in-kernel and
       emits no chdir syscall, so the inherited cwd cannot be trusted. These are NOT
       scope-assigned; the grant below is WIDENED instead so it covers wherever they landed.
         pid=23248 read  unproven .
         pid=23248 read  unproven .
    ⛔ THE TRACER DROPPED 1 EVENT(S). A dropped event is a path never
       seen, so the grant below can only be too NARROW — the direction that breaks installs.
       Treat it as a FLOOR, not a measurement, until the adapter fault is fixed:
             1 x  epid=128 action=1 fault=1 addr=0x60000203c000
  == ATTRIBUTION == lifecycle pids: 1
    writes  script 3  /  whole traced subtree 9
    sockets script 1  /  whole traced subtree 2
  == ROOTS (from /Users/runner/v2m-9rIYuP/Observe/capture.json; the classifier reads no other source) ==
    project       /Users/runner/v2m-9rIYuP/Observe
    home          /Users/runner
    jailHome      /Users/runner/v2m-9rIYuP/jailhome
    globalStore   /Users/runner/.cache/nub/pm/store
    projectStore  /Users/runner/v2m-9rIYuP/Observe/node_modules/.store
    interpreter   /Users/runner/hostedtoolcache/node/22.23.2/arm64
    toolsDir      /Users/runner/.cache/nub/pm/tools
    temp          /private/var/folders/_5/zjnzxgh147qcg3bb5cg2wvqw0000gn/T/nub-tmp-obsGA8w7J
    npmPrefix     /Users/runner/.cache/nub/pm/tools/npm-prefix
    ownPkg        /Users/runner/v2m-9rIYuP/Observe/node_modules/inngest-cli
    cwd           (null — this platform has no such root)
  == WRITES the script actually performed ==
    systemfs      1
        /dev/dtracehelper
    ownPkg        2  (base profile already grants this — NOT billed)
        /Users/runner/v2m-9rIYuP/Observe/node_modules/inngest-cli/bin/LICENSE.md
        /Users/runner/v2m-9rIYuP/Observe/node_modules/inngest-cli/bin/inngest
  == READS the script performed, by scope ==
    outside       5
    systemfs      9
    userHome      2
    ownPkg        2
    deps        201
        outside: /
        outside: /bin/bash
        outside: /bin
        outside: /var/db/timezone/zoneinfo/UTC
        outside: /var/db/timezone/zoneinfo/posixrules
  == NETWORK ==
    AF_INET connects: 1   distinct peers: 1
        172.66.44.115:443
  == REFUSALS (errno EPERM/EACCES/EROFS only; ENOENT is a miss, not a denial) ==
    distinct: 0
  == SYNTHESIZED GRANT (verify this in the real unprivileged jail) ==
    {"network":true}
  == writePaths (DERIVED — promotion out of the package's PRIVATE home) ==
    private-home writes observed: 0
    none declared — the script wrote nothing into its private home — there is nothing to promote
  == writePaths FEASIBILITY (distinct writes outside project/deps) ==
    count: 0
  EVICT[synth] 12 store entries removed, 30 spared as nub tooling, 276 in store
OSV-SCREEN {"schemaVersion":1,"kind":"nub-synth-resolved","status":"clean","digest":"e292103c4efa8c48385ec15ea8d2f25154d539f56ee1ae8ba43ca7d9f59472eb","specCount":46,"lockfiles":{"digest":"60958224b7f3ff6b8ae0071988ec1e11bc46186c3ffffc3b3893c9d76294c910","files":[{"path":"nub.lock","sha256":"1aadbc4c0fcebc446cc1bbc18f0a4e6a6130b4679f10378e0946e0d549807dee","bytes":11124}]},"maliciousAdvisories":[],"screenedAt":"2026-08-31T14:37:52.003Z","cacheHit":false,"clearancePath":"/Users/runner/v2m-9rIYuP/security/nub-synth-resolved.json"}
  SECURITY nub-synth-resolved clean: 46 exact package-version(s), tree e292103c4efa
  VENUE-STORE-LAYOUT isolated
  VERIFY[synth] rc=0 artifacts=5/5 missing=0 shortfall=none (tree 1388/449) OVERRIDDEN=3 REJECTED=0 grant={"network":true}
  => VERIFIED {"network":true}
  EVICT[nar-no-network] 27 store entries removed, 30 spared as nub tooling, 291 in store
OSV-SCREEN {"schemaVersion":1,"kind":"nub-nar-no-network-resolved","status":"clean","digest":"e292103c4efa8c48385ec15ea8d2f25154d539f56ee1ae8ba43ca7d9f59472eb","specCount":46,"lockfiles":{"digest":"60958224b7f3ff6b8ae0071988ec1e11bc46186c3ffffc3b3893c9d76294c910","files":[{"path":"nub.lock","sha256":"1aadbc4c0fcebc446cc1bbc18f0a4e6a6130b4679f10378e0946e0d549807dee","bytes":11124}]},"maliciousAdvisories":[],"screenedAt":"2026-08-31T14:37:52.003Z","cacheHit":true,"clearancePath":"/Users/runner/v2m-9rIYuP/security/nub-nar-no-network-resolved.json"}
  SECURITY nub-nar-no-network-resolved clean: 46 exact package-version(s), tree e292103c4efa (cached exact-tree clearance)
  VERIFY[nar-no-network] rc=1 artifacts=4/5 missing=2 shortfall=8d2cc0ee8d94 (tree 1385/449) OVERRIDDEN=3 REJECTED=0 grant={}
       missing: bin/LICENSE.md, bin/inngest (0B < 62010066B)
     [nar-no-network/a] FetchError: request to https://cli.inngest.com/artifact/v0.10.0/inngest_0.10.0_darwin_arm64.tar.gz failed, reason: getaddrinfo ENOTFOUND cli.inngest.com
     [nar-no-network/a]   errno: 'ENOTFOUND',
     [nar-no-network/a]   code: 'ENOTFOUND'
     narrowing 'no-network' fails ⇒ that capability IS necessary
  => MINIMAL — every capability in {"network":true} is independently necessary
### DONE inngest-cli@0.10.0  synthesized={"network":true} verified=1
