OSV-SCREEN {"schemaVersion":1,"kind":"direct","status":"clean","digest":"680ab7fafad2b2aabbfc69539bd0cde082262c7b48185ab6b7fabb3a5c89c23d","specCount":1,"lockfiles":{"digest":null,"files":[]},"maliciousAdvisories":[],"screenedAt":"2026-08-31T12:54:51.425Z","cacheHit":false,"clearancePath":"/Users/runner/v2m-29BBup/security/direct.json"}
  SECURITY direct clean: 1 exact package-version(s), tree 680ab7fafad2
  ERA-NODE PINNED 10.24.1 (provisioned) (arms will run: v10.24.1)
  ERA-PYTHON /Users/runner/hostedtoolcache/Python/3.9.13/arm64/bin/python (Python 3.9.13) for era Node 10, whose node-gyp requires python3-legacy
  ARM-MAKE /usr/bin/make (GNU Make 3.81) — the system make; a build needing GNU Make 4 WILL fail here
### wrtc@0.3.7   (/Users/runner/v2m-29BBup)   nub=/tmp/nub/target/release/nub
  VENUE-NUB-BINARY {"path":"/tmp/nub/target/release/nub","sha256":"69e622342d0c8393c78fa50a01dc9cc0a94371ac9b106b59bdcc016f06d86d30","bytes":94535576,"features":{"buildJailCatalogOverride":true,"pythonDontWriteBytecodeEnv":true}}
  CI-ENV scrubbed: CI GITHUB_ACTIONS
  --- fbt preflight (advisory; never fails the run) ---
     csrutil: System Integrity Protection status: disabled.
     fbt probes visible: 93577
     fbt enable attempt: dtrace: description 'fbt:::entry ' matched 50357 probes CPU     ID                    FUNCTION:NAME 
     cwd builtin value:  
     fbt chdir symbols:  
     fbt fires on spawn-with-cwd: dtrace: invalid probe specifier fbt::chdir*:entry /progenyof($target)/ { @[probefunc] = count(); }: probe description fbt::chdir*:entry does not match any probes 
  --- end fbt preflight ---
  ERA-RESOLUTION DATED 2019-03-29T03:16:19.361Z (deps as of the package's own publish date + 1d)
OSV-SCREEN {"schemaVersion":1,"kind":"npm-observe-resolved","status":"clean","digest":"5520d0fe60ce2c25e9cee56883110eb9f42ddc2136d66d34d5fd53de3b99f3c2","specCount":53,"lockfiles":{"digest":"78559357e4d686a0724ccac44d2e3b33712c675f40fd98f2d1b8ebf09308e526","files":[{"path":"package-lock.json","sha256":"4ecd81c3a23176b0d1bd9838d7504708fb1e339c36f15121ea5852cd41f86981","bytes":20663}]},"maliciousAdvisories":[],"screenedAt":"2026-08-31T12:54:59.343Z","cacheHit":false,"clearancePath":"/Users/runner/v2m-29BBup/security/npm-observe-resolved.json"}
  SECURITY npm-observe-resolved clean: 53 exact package-version(s), tree 5520d0fe60ce
  ARM-PATH SANITISED (dropped 1: /Users/runner/.yarn/bin)
  ARM-AMBIENT-TOOLS none
  ARM-SCAFFOLD none
  ARM-UNPROVIDABLE none
  VENUE-CI-CHILD clean (no CI-detection variable reaches the traced script)
  --- wrapper (run.sh) ---
     cd "/Users/runner/v2m-29BBup/Observe"
     sudo -u "runner" -H env "PATH=/Users/runner/v2m-29BBup/Observe/node_modules/.bin:/Users/runner/.cache/nub/era-node/10.24.1/node-v10.24.1-darwin-x64/bin:/Users/runner/hostedtoolcache/node/22.23.2/arm64/bin:/opt/homebrew/lib/ruby/gems/3.3.0/bin:/opt/homebrew/opt/ruby@3.3/bin:/Users/runner/.local/bin:/opt/homebrew/bin:/opt/homebrew/sbin:/Users/runner/.cargo/bin:/usr/local/opt/curl/bin:/usr/local/bin:/usr/local/sbin:/Users/runner/bin:/Users/runner/Library/Android/sdk/tools:/Users/runner/Library/Android/sdk/platform-tools:/Library/Frameworks/Python.framework/Versions/Current/bin:/Library/Frameworks/Mono.framework/Versions/Current/Commands:/usr/bin:/bin:/usr/sbin:/sbin:/Users/runner/.dotnet/tools"   "HOME=/Users/runner/v2m-29BBup/jailhome"   "TMPDIR=/private/var/folders/_5/zjnzxgh147qcg3bb5cg2wvqw0000gn/T/nub-tmp-obs04kEii"   "NODE_COMPAT=1"   "PYTHONDONTWRITEBYTECODE=1"   "PLAYWRIGHT_BROWSERS_PATH=/Users/runner/.cache/nub/pm/tools/ms-playwright"   "ELECTRON_CACHE=/Users/runner/.cache/nub/pm/tools/electron-cache"   "electron_config_cache=/Users/runner/.cache/nub/pm/tools/electron-cache"   "npm_config_prefix=/Users/runner/.cache/nub/pm/tools/npm-prefix"   PYTHON=/Users/runner/hostedtoolcache/Python/3.9.13/arm64/bin/python   npm rebuild --no-audit --no-fund "wrtc" > "/Users/runner/v2m-29BBup/Observe/npm.log" 2>&1
     echo $? > "/Users/runner/v2m-29BBup/Observe/rc"
  --- dtrace stderr + wrapper trace ---
     + cd /Users/runner/v2m-29BBup/Observe
     + sudo -u runner -H env PATH=/Users/runner/v2m-29BBup/Observe/node_modules/.bin:/Users/runner/.cache/nub/era-node/10.24.1/node-v10.24.1-darwin-x64/bin:/Users/runner/hostedtoolcache/node/22.23.2/arm64/bin:/opt/homebrew/lib/ruby/gems/3.3.0/bin:/opt/homebrew/opt/ruby@3.3/bin:/Users/runner/.local/bin:/opt/homebrew/bin:/opt/homebrew/sbin:/Users/runner/.cargo/bin:/usr/local/opt/curl/bin:/usr/local/bin:/usr/local/sbin:/Users/runner/bin:/Users/runner/Library/Android/sdk/tools:/Users/runner/Library/Android/sdk/platform-tools:/Library/Frameworks/Python.framework/Versions/Current/bin:/Library/Frameworks/Mono.framework/Versions/Current/Commands:/usr/bin:/bin:/usr/sbin:/sbin:/Users/runner/.dotnet/tools HOME=/Users/runner/v2m-29BBup/jailhome TMPDIR=/private/var/folders/_5/zjnzxgh147qcg3bb5cg2wvqw0000gn/T/nub-tmp-obs04kEii NODE_COMPAT=1 PYTHONDONTWRITEBYTECODE=1 PLAYWRIGHT_BROWSERS_PATH=/Users/runner/.cache/nub/pm/tools/ms-playwright ELECTRON_CACHE=/Users/runner/.cache/nub/pm/tools/electron-cache electron_config_cache=/Users/runner/.cache/nub/pm/tools/electron-cache npm_config_prefix=/Users/runner/.cache/nub/pm/tools/npm-prefix PYTHON=/Users/runner/hostedtoolcache/Python/3.9.13/arm64/bin/python npm rebuild --no-audit --no-fund wrtc
     dtrace: error on enabled probe ID 128 (ID 286: syscall::execve:entry): invalid address (0x600001920000) in action #1 at DIF offset 20
     dtrace: error on enabled probe ID 128 (ID 286: syscall::execve:entry): invalid address (0x600001d140d0) in action #1 at DIF offset 20
     dtrace: error on enabled probe ID 128 (ID 286: syscall::execve:entry): invalid address (0x60000081d500) in action #1 at DIF offset 20
     dtrace: error on enabled probe ID 128 (ID 286: syscall::execve:entry): invalid address (0x600000d15180) in action #1 at DIF offset 20
     + echo 1
  OBSERVE   rc=1 dtrace_rc=0 files=1035 (pre=546) trace=215669 lines
  => BROKEN-WITHOUT-JAIL-TOO (unjailed control failed rc=1; nothing to measure)
         at build (/Users/runner/v2m-29BBup/Observe/node_modules/wrtc/scripts/install.js:59:11)
         at download (/Users/runner/v2m-29BBup/Observe/node_modules/wrtc/scripts/install.js:40:5)
         at Object.<anonymous> (/Users/runner/v2m-29BBup/Observe/node_modules/wrtc/scripts/install.js:67:3)
         at Module._compile (internal/modules/cjs/loader.js:778:30)
         at Object.Module._extensions..js (internal/modules/cjs/loader.js:789:10)
         at Module.load (internal/modules/cjs/loader.js:653:32)
         at tryModuleLoad (internal/modules/cjs/loader.js:593:12)
         at Function.Module._load (internal/modules/cjs/loader.js:585:3)
         at Function.Module.runMain (internal/modules/cjs/loader.js:831:12)
         at startup (internal/bootstrap/node.js:283:19)
     npm ERR! code ELIFECYCLE
     npm ERR! errno 1
     npm ERR! wrtc@0.3.7 install: `node scripts/install.js`
     npm ERR! Exit status 1
     npm ERR! 
     npm ERR! Failed at the wrtc@0.3.7 install script.
     npm ERR! This is probably not a problem with npm. There is likely additional logging output above.
     
     npm ERR! A complete log of this run can be found in:
     npm ERR!     /Users/runner/v2m-29BBup/jailhome/.npm/_logs/2026-08-31T12_55_19_927Z-debug.log
