OSV-SCREEN {"schemaVersion":1,"kind":"direct","status":"clean","digest":"bf8fd80c94b0587c47b44a3eea9f35643c99648911639fa8bdd842f11ae2620e","specCount":1,"lockfiles":{"digest":null,"files":[]},"maliciousAdvisories":[],"screenedAt":"2026-08-31T20:42:24.779Z","cacheHit":false,"clearancePath":"/Users/runner/v2m-4pb8PJ/security/direct.json"}
  SECURITY direct clean: 1 exact package-version(s), tree bf8fd80c94b0
  ERA-NODE PINNED 12.22.12 (provisioned) (arms will run: v12.22.12)
  ERA-PYTHON /Users/runner/hostedtoolcache/Python/3.9.13/arm64/bin/python (Python 3.9.13) for era Node 12, whose node-gyp requires python3-legacy
  ARM-MAKE /usr/bin/make (GNU Make 3.81) — the system make; a build needing GNU Make 4 WILL fail here
### ico-endec@0.1.2   (/Users/runner/v2m-4pb8PJ)   nub=/tmp/nub/target/release/nub
  VENUE-NUB-BINARY {"path":"/tmp/nub/target/release/nub","sha256":"69e622342d0c8393c78fa50a01dc9cc0a94371ac9b106b59bdcc016f06d86d30","bytes":94535576,"features":{"buildJailCatalogOverride":true,"pythonDontWriteBytecodeEnv":true}}
  CI-ENV scrubbed: CI GITHUB_ACTIONS
  --- fbt preflight (advisory; never fails the run) ---
     csrutil: System Integrity Protection status: disabled.
     fbt probes visible: 93577
     fbt enable attempt: dtrace: description 'fbt:::entry ' matched 50357 probes CPU     ID                    FUNCTION:NAME 
     cwd builtin value:  
     fbt chdir symbols:  
     fbt fires on spawn-with-cwd: dtrace: invalid probe specifier fbt::chdir*:entry /progenyof($target)/ { @[probefunc] = count(); }: probe description fbt::chdir*:entry does not match any probes 
  --- end fbt preflight ---
  ERA-RESOLUTION DATED 2020-04-02T23:56:37.772Z (deps as of the package's own publish date + 1d)
OSV-SCREEN {"schemaVersion":1,"kind":"npm-observe-resolved","status":"clean","digest":"bf8fd80c94b0587c47b44a3eea9f35643c99648911639fa8bdd842f11ae2620e","specCount":1,"lockfiles":{"digest":"d45045d8bca39dbce24dad723e3d9dbbf71bb9ff16ef8e0ca8b2c618aa65143f","files":[{"path":"package-lock.json","sha256":"8418121d6ac6b26690db3e3482bba36a4704d7c1dc71f5b4cc3b5a476503ba58","bytes":550}]},"maliciousAdvisories":[],"screenedAt":"2026-08-31T20:42:24.779Z","cacheHit":true,"clearancePath":"/Users/runner/v2m-4pb8PJ/security/npm-observe-resolved.json"}
  SECURITY npm-observe-resolved clean: 1 exact package-version(s), tree bf8fd80c94b0 (cached exact-tree clearance)
  ARM-PATH SANITISED (dropped 1: /Users/runner/.yarn/bin)
  ARM-AMBIENT-TOOLS none
  ARM-SCAFFOLD 1 added: npm-force-resolutions
  ARM-UNPROVIDABLE none
  ARM-SCAFFOLD-INSTALL rc=0
  VENUE-CI-CHILD clean (no CI-detection variable reaches the traced script)
  ARM-REBUILD-SPEC ico-endec@0.1.2
  --- wrapper (run.sh) ---
     cd "/Users/runner/v2m-4pb8PJ/Observe"
     sudo -u "runner" -H env "PATH=/Users/runner/v2m-4pb8PJ/Observe/node_modules/.bin:/Users/runner/.cache/nub/era-node/12.22.12/node-v12.22.12-darwin-x64/bin:/Users/runner/hostedtoolcache/node/22.23.2/arm64/bin:/opt/homebrew/lib/ruby/gems/3.3.0/bin:/opt/homebrew/opt/ruby@3.3/bin:/Users/runner/.local/bin:/opt/homebrew/bin:/opt/homebrew/sbin:/Users/runner/.cargo/bin:/usr/local/opt/curl/bin:/usr/local/bin:/usr/local/sbin:/Users/runner/bin:/Users/runner/Library/Android/sdk/tools:/Users/runner/Library/Android/sdk/platform-tools:/Library/Frameworks/Python.framework/Versions/Current/bin:/Library/Frameworks/Mono.framework/Versions/Current/Commands:/usr/bin:/bin:/usr/sbin:/sbin:/Users/runner/.dotnet/tools"   "HOME=/Users/runner/v2m-4pb8PJ/jailhome"   "TMPDIR=/private/var/folders/_5/zjnzxgh147qcg3bb5cg2wvqw0000gn/T/nub-tmp-obsiOMSVs"   "NODE_COMPAT=1"   "PYTHONDONTWRITEBYTECODE=1"   "PLAYWRIGHT_BROWSERS_PATH=/Users/runner/.cache/nub/pm/tools/ms-playwright"   "ELECTRON_CACHE=/Users/runner/.cache/nub/pm/tools/electron-cache"   "electron_config_cache=/Users/runner/.cache/nub/pm/tools/electron-cache"   "npm_config_prefix=/Users/runner/.cache/nub/pm/tools/npm-prefix"   PYTHON=/Users/runner/hostedtoolcache/Python/3.9.13/arm64/bin/python   npm rebuild --no-audit --no-fund "ico-endec@0.1.2" > "/Users/runner/v2m-4pb8PJ/Observe/npm.log" 2>&1
     echo $? > "/Users/runner/v2m-4pb8PJ/Observe/rc"
  --- dtrace stderr + wrapper trace ---
     + cd /Users/runner/v2m-4pb8PJ/Observe
     + sudo -u runner -H env PATH=/Users/runner/v2m-4pb8PJ/Observe/node_modules/.bin:/Users/runner/.cache/nub/era-node/12.22.12/node-v12.22.12-darwin-x64/bin:/Users/runner/hostedtoolcache/node/22.23.2/arm64/bin:/opt/homebrew/lib/ruby/gems/3.3.0/bin:/opt/homebrew/opt/ruby@3.3/bin:/Users/runner/.local/bin:/opt/homebrew/bin:/opt/homebrew/sbin:/Users/runner/.cargo/bin:/usr/local/opt/curl/bin:/usr/local/bin:/usr/local/sbin:/Users/runner/bin:/Users/runner/Library/Android/sdk/tools:/Users/runner/Library/Android/sdk/platform-tools:/Library/Frameworks/Python.framework/Versions/Current/bin:/Library/Frameworks/Mono.framework/Versions/Current/Commands:/usr/bin:/bin:/usr/sbin:/sbin:/Users/runner/.dotnet/tools HOME=/Users/runner/v2m-4pb8PJ/jailhome TMPDIR=/private/var/folders/_5/zjnzxgh147qcg3bb5cg2wvqw0000gn/T/nub-tmp-obsiOMSVs NODE_COMPAT=1 PYTHONDONTWRITEBYTECODE=1 PLAYWRIGHT_BROWSERS_PATH=/Users/runner/.cache/nub/pm/tools/ms-playwright ELECTRON_CACHE=/Users/runner/.cache/nub/pm/tools/electron-cache electron_config_cache=/Users/runner/.cache/nub/pm/tools/electron-cache npm_config_prefix=/Users/runner/.cache/nub/pm/tools/npm-prefix PYTHON=/Users/runner/hostedtoolcache/Python/3.9.13/arm64/bin/python npm rebuild --no-audit --no-fund ico-endec@0.1.2
     dtrace: error on enabled probe ID 128 (ID 286: syscall::execve:entry): invalid address (0x60000270c000) in action #1 at DIF offset 20
     dtrace: error on enabled probe ID 128 (ID 286: syscall::execve:entry): invalid address (0x600003236120) in action #1 at DIF offset 20
     dtrace: error on enabled probe ID 128 (ID 286: syscall::execve:entry): invalid address (0x600003236120) in action #1 at DIF offset 20
     dtrace: error on enabled probe ID 128 (ID 286: syscall::execve:entry): invalid address (0x600003236120) in action #1 at DIF offset 20
     dtrace: error on enabled probe ID 128 (ID 286: syscall::execve:entry): invalid address (0x600003236120) in action #1 at DIF offset 20
     dtrace: error on enabled probe ID 128 (ID 286: syscall::execve:entry): invalid address (0x600003236120) in action #1 at DIF offset 20
     dtrace: error on enabled probe ID 128 (ID 286: syscall::execve:entry): invalid address (0x600003236120) in action #1 at DIF offset 20
     dtrace: error on enabled probe ID 128 (ID 286: syscall::execve:entry): invalid address (0x600003236120) in action #1 at DIF offset 20
     dtrace: error on enabled probe ID 128 (ID 286: syscall::execve:entry): invalid address (0x600003236120) in action #1 at DIF offset 20
     dtrace: error on enabled probe ID 128 (ID 286: syscall::execve:entry): invalid address (0x600003236120) in action #1 at DIF offset 20
     dtrace: error on enabled probe ID 128 (ID 286: syscall::execve:entry): invalid address (0x600003236120) in action #1 at DIF offset 20
     dtrace: error on enabled probe ID 128 (ID 286: syscall::execve:entry): invalid address (0x600003236120) in action #1 at DIF offset 20
     dtrace: error on enabled probe ID 128 (ID 286: syscall::execve:entry): invalid address (0x600003236120) in action #1 at DIF offset 20
     dtrace: error on enabled probe ID 128 (ID 286: syscall::execve:entry): invalid address (0x600003236120) in action #1 at DIF offset 20
     dtrace: error on enabled probe ID 128 (ID 286: syscall::execve:entry): invalid address (0x600003236120) in action #1 at DIF offset 20
     dtrace: error on enabled probe ID 128 (ID 286: syscall::execve:entry): invalid address (0x600003236120) in action #1 at DIF offset 20
     dtrace: error on enabled probe ID 128 (ID 286: syscall::execve:entry): invalid address (0x600003236120) in action #1 at DIF offset 20
     dtrace: error on enabled probe ID 128 (ID 286: syscall::execve:entry): invalid address (0x600003236120) in action #1 at DIF offset 20
     dtrace: error on enabled probe ID 128 (ID 286: syscall::execve:entry): invalid address (0x600003236120) in action #1 at DIF offset 20
     dtrace: error on enabled probe ID 128 (ID 286: syscall::execve:entry): invalid address (0x600003236120) in action #1 at DIF offset 20
     dtrace: error on enabled probe ID 128 (ID 286: syscall::execve:entry): invalid address (0x600003236120) in action #1 at DIF offset 20
     dtrace: error on enabled probe ID 128 (ID 286: syscall::execve:entry): invalid address (0x600003236120) in action #1 at DIF offset 20
     dtrace: error on enabled probe ID 128 (ID 286: syscall::execve:entry): invalid address (0x600003236120) in action #1 at DIF offset 20
     + echo 1
  OBSERVE   rc=1 dtrace_rc=0 files=111 (pre=109) trace=11717 lines
  => BROKEN-WITHOUT-JAIL-TOO (unjailed control failed rc=1; nothing to measure)
     
     > ico-endec@0.1.2 preinstall /Users/runner/v2m-4pb8PJ/Observe/node_modules/ico-endec
     > npx npm-force-resolutions
     
     ENOENT: no such file or directory, open './package-lock.json'
     npm ERR! code ELIFECYCLE
     npm ERR! errno 1
     npm ERR! ico-endec@0.1.2 preinstall: `npx npm-force-resolutions`
     npm ERR! Exit status 1
     npm ERR! 
     npm ERR! Failed at the ico-endec@0.1.2 preinstall script.
     npm ERR! This is probably not a problem with npm. There is likely additional logging output above.
     
     npm ERR! A complete log of this run can be found in:
     npm ERR!     /Users/runner/v2m-4pb8PJ/jailhome/.npm/_logs/2026-08-31T20_42_39_603Z-debug.log
