OSV-SCREEN {"schemaVersion":1,"kind":"direct","status":"clean","digest":"eccdd1ed30062be5489497b9f19a77ce51a6a35d1758e5fa9ceb2833181a247e","specCount":1,"lockfiles":{"digest":null,"files":[]},"maliciousAdvisories":[],"screenedAt":"2026-08-31T11:34:54.819Z","cacheHit":false,"clearancePath":"/Users/runner/v2m-g3U69J/security/direct.json"}
  SECURITY direct clean: 1 exact package-version(s), tree eccdd1ed3006
  ERA-NODE PINNED 14.21.3 (provisioned) (arms will run: v14.21.3)
  ERA-PYTHON /Users/runner/hostedtoolcache/Python/3.9.13/arm64/bin/python (Python 3.9.13) for era Node 14, whose node-gyp requires python3-legacy
  ARM-MAKE /usr/bin/make (GNU Make 3.81) — the system make; a build needing GNU Make 4 WILL fail here
### gatsby-telemetry@2.9.0   (/Users/runner/v2m-g3U69J)   nub=/tmp/nub/target/release/nub
  VENUE-NUB-BINARY {"path":"/tmp/nub/target/release/nub","sha256":"69e622342d0c8393c78fa50a01dc9cc0a94371ac9b106b59bdcc016f06d86d30","bytes":94535576,"features":{"buildJailCatalogOverride":true,"pythonDontWriteBytecodeEnv":true}}
  CI-ENV scrubbed: CI GITHUB_ACTIONS
  --- fbt preflight (advisory; never fails the run) ---
     csrutil: System Integrity Protection status: disabled.
     fbt probes visible: 93577
     fbt enable attempt: dtrace: description 'fbt:::entry ' matched 50357 probes CPU     ID                    FUNCTION:NAME 
     cwd builtin value:  
     fbt chdir symbols:  
     fbt fires on spawn-with-cwd: dtrace: invalid probe specifier fbt::chdir*:entry /progenyof($target)/ { @[probefunc] = count(); }: probe description fbt::chdir*:entry does not match any probes 
  --- end fbt preflight ---
  ERA-RESOLUTION DATED 2021-07-07T19:01:43.114Z (deps as of the package's own publish date + 1d)
OSV-SCREEN {"schemaVersion":1,"kind":"npm-observe-resolved","status":"clean","digest":"79e536adb78a475cf83b3aedf6c6f5ade38343e272cc32ae45ea242b7943e306","specCount":119,"lockfiles":{"digest":"ad032535ca963dd8fe7ce18fb6f4dbf25d55c411c97ba29f7847ab804aab8911","files":[{"path":"package-lock.json","sha256":"288616d34fa2277adaea533f51ea85ae2b09d59a2526f12b0ebc31ff3521698d","bytes":48919}]},"maliciousAdvisories":[],"screenedAt":"2026-08-31T11:35:05.419Z","cacheHit":false,"clearancePath":"/Users/runner/v2m-g3U69J/security/npm-observe-resolved.json"}
  SECURITY npm-observe-resolved clean: 119 exact package-version(s), tree 79e536adb78a
  ARM-PATH SANITISED (dropped 1: /Users/runner/.yarn/bin)
  ARM-AMBIENT-TOOLS 1 leaked: rimraf=/Users/runner/v2m-g3U69J/Observe/node_modules/.bin/rimraf
  ARM-SCAFFOLD 3 added: babel-cli typescript@^4.1.5 cross-env@^7.0.3
  ARM-UNPROVIDABLE none
  ARM-SCAFFOLD-INSTALL rc=0
  VENUE-CI-CHILD clean (no CI-detection variable reaches the traced script)
  --- wrapper (run.sh) ---
     cd "/Users/runner/v2m-g3U69J/Observe"
     sudo -u "runner" -H env "PATH=/Users/runner/v2m-g3U69J/Observe/node_modules/.bin:/Users/runner/.cache/nub/era-node/14.21.3/node-v14.21.3-darwin-x64/bin:/Users/runner/hostedtoolcache/node/22.23.2/arm64/bin:/opt/homebrew/lib/ruby/gems/3.3.0/bin:/opt/homebrew/opt/ruby@3.3/bin:/Users/runner/.local/bin:/opt/homebrew/bin:/opt/homebrew/sbin:/Users/runner/.cargo/bin:/usr/local/opt/curl/bin:/usr/local/bin:/usr/local/sbin:/Users/runner/bin:/Users/runner/Library/Android/sdk/tools:/Users/runner/Library/Android/sdk/platform-tools:/Library/Frameworks/Python.framework/Versions/Current/bin:/Library/Frameworks/Mono.framework/Versions/Current/Commands:/usr/bin:/bin:/usr/sbin:/sbin:/Users/runner/.dotnet/tools"   "HOME=/Users/runner/v2m-g3U69J/jailhome"   "TMPDIR=/private/var/folders/_5/zjnzxgh147qcg3bb5cg2wvqw0000gn/T/nub-tmp-obs08vDs7"   "NODE_COMPAT=1"   "PYTHONDONTWRITEBYTECODE=1"   "PLAYWRIGHT_BROWSERS_PATH=/Users/runner/.cache/nub/pm/tools/ms-playwright"   "ELECTRON_CACHE=/Users/runner/.cache/nub/pm/tools/electron-cache"   "electron_config_cache=/Users/runner/.cache/nub/pm/tools/electron-cache"   "npm_config_prefix=/Users/runner/.cache/nub/pm/tools/npm-prefix"   PYTHON=/Users/runner/hostedtoolcache/Python/3.9.13/arm64/bin/python   npm rebuild --no-audit --no-fund "gatsby-telemetry" > "/Users/runner/v2m-g3U69J/Observe/npm.log" 2>&1
     echo $? > "/Users/runner/v2m-g3U69J/Observe/rc"
  --- dtrace stderr + wrapper trace ---
     + cd /Users/runner/v2m-g3U69J/Observe
     + sudo -u runner -H env PATH=/Users/runner/v2m-g3U69J/Observe/node_modules/.bin:/Users/runner/.cache/nub/era-node/14.21.3/node-v14.21.3-darwin-x64/bin:/Users/runner/hostedtoolcache/node/22.23.2/arm64/bin:/opt/homebrew/lib/ruby/gems/3.3.0/bin:/opt/homebrew/opt/ruby@3.3/bin:/Users/runner/.local/bin:/opt/homebrew/bin:/opt/homebrew/sbin:/Users/runner/.cargo/bin:/usr/local/opt/curl/bin:/usr/local/bin:/usr/local/sbin:/Users/runner/bin:/Users/runner/Library/Android/sdk/tools:/Users/runner/Library/Android/sdk/platform-tools:/Library/Frameworks/Python.framework/Versions/Current/bin:/Library/Frameworks/Mono.framework/Versions/Current/Commands:/usr/bin:/bin:/usr/sbin:/sbin:/Users/runner/.dotnet/tools HOME=/Users/runner/v2m-g3U69J/jailhome TMPDIR=/private/var/folders/_5/zjnzxgh147qcg3bb5cg2wvqw0000gn/T/nub-tmp-obs08vDs7 NODE_COMPAT=1 PYTHONDONTWRITEBYTECODE=1 PLAYWRIGHT_BROWSERS_PATH=/Users/runner/.cache/nub/pm/tools/ms-playwright ELECTRON_CACHE=/Users/runner/.cache/nub/pm/tools/electron-cache electron_config_cache=/Users/runner/.cache/nub/pm/tools/electron-cache npm_config_prefix=/Users/runner/.cache/nub/pm/tools/npm-prefix PYTHON=/Users/runner/hostedtoolcache/Python/3.9.13/arm64/bin/python npm rebuild --no-audit --no-fund gatsby-telemetry
     dtrace: error on enabled probe ID 128 (ID 286: syscall::execve:entry): invalid address (0x600003acc090) in action #1 at DIF offset 20
     + echo 0
  OBSERVE   rc=0 dtrace_rc=0 files=5407 (pre=5405) trace=15069 lines
  CLOSURE   256 packages evicted per arm   store=/Users/runner/.cache/nub/pm/store
  RAWLOG-FILE /Users/runner/v2m-g3U69J/Observe/trace.txt.gz
  RAWLOG-CAPTURE /Users/runner/v2m-g3U69J/Observe/capture.json
  RAWLOG-BYTES raw=2076628 gz=96086
  VENUE-INTERPRETER /Users/runner/hostedtoolcache/node/22.23.2/arm64
  VENUE-NODE-SELECTION {"pkg":"gatsby-telemetry","packageVersion":"2.9.0","major":14,"version":"14.21.3","npm":"6.14.18","pinnable":true,"engines":">=12.13.0","publishedAt":"2021-07-06T19:01:43.114Z","eraMajor":14,"startMajor":14,"raisedByEngines":false,"enginesUnsatisfiable":false,"clampedToFloor":false,"clampedToCeiling":false,"matrixFloor":4,"matrixCeiling":26,"lookupFailure":null,"pinned":true,"pinnedBin":"/Users/runner/.cache/nub/era-node/14.21.3/node-v14.21.3-darwin-x64/bin","eraNodeRoot":"/Users/runner/.cache/nub"}
  VENUE-OVERRIDES {"set":{"PATH":"inherited-and-forwarded","HOME":"/Users/runner/v2m-g3U69J/jailhome","TMPDIR":"/private/var/folders/_5/zjnzxgh147qcg3bb5cg2wvqw0000gn/T/nub-tmp-obs08vDs7","NODE_COMPAT":"1","PYTHONDONTWRITEBYTECODE":"1","PLAYWRIGHT_BROWSERS_PATH":"/Users/runner/.cache/nub/pm/tools/ms-playwright","ELECTRON_CACHE":"/Users/runner/.cache/nub/pm/tools/electron-cache","electron_config_cache":"/Users/runner/.cache/nub/pm/tools/electron-cache","npm_config_prefix":"/Users/runner/.cache/nub/pm/tools/npm-prefix"},"unset":["(sudo env_reset discards the caller environment; every var above is re-set after it)","CI","GITHUB_ACTIONS"],"passedThrough":{"CI":"true","GITHUB_ACTIONS":"true","NODE_ENV":null}}
  VENUE-OBSERVE-USER runner uid=501 (R7: ordinary non-root user, asserted)
  ARM-FALSIFIABILITY {"manifestFiles":42,"filesTheScriptProduced":0,"reasons":["gate-vacuous","rc-vacuous"]}
  ⛔ ARMS-UNFALSIFIABLE — a green arm for this package carries no evidence:
       gate-vacuous: the script changed no file the artifact gate keys on — every file in the manifest (42) was already present at its final size before the script ran, so the gate passes in every arm including a completely broken one
       rc-vacuous: `postinstall` ends in a status-swallowing construct (`node src/postinstall.js || true`), so its exit code is 0 whether the work succeeded or failed
       The grant may still be correct; what is missing is a signal that could have gone
       red. Do not read this record's MINIMAL as a passing measurement.
  EVENTLOG-FILE /Users/runner/v2m-g3U69J/Observe/events.ndjson.gz
  EVENTLOG-STATS {"lines":15070,"parsed":15052,"unparsed":0,"live":true,"tracerErrors":1,"tracerErrorTotal":1,"unresolvedDirfd":21,"unresolvedFd":0,"pairedTwoPath":1,"danglingPair":0,"failed":9077,"enoent":9072,"refusals":0,"byErrno":{"ENXIO":3,"ENOENT":9072,"EEXIST":2},"procs":6,"lifecyclePids":1,"distinctEvents":8847,"emitted":8847,"calls":15015,"bytes":1476487,"gzipBytes":52122,"out":"/Users/runner/v2m-g3U69J/Observe/events.ndjson"}
  == TRACER == live=true decodable-events=2680 dropped-events=1
    NOTE 14 relative path(s) under a non-AT_FDCWD dirfd were not
       scope-assigned: resolving them against the cwd would invent a path.
    ⛔ CWD-UNOBSERVED 2 relative path(s) (0 write(s)) came from a lifecycle
       process whose own cwd was never observed
       macOS spawns with posix_spawn addchdir_np, which changes directory in-kernel and
       emits no chdir syscall, so the inherited cwd cannot be trusted. These are NOT
       scope-assigned; the grant below is WIDENED instead so it covers wherever they landed.
         pid=80630 read  unproven .
         pid=80631 read  unproven .
    ⛔ THE TRACER DROPPED 1 EVENT(S). A dropped event is a path never
       seen, so the grant below can only be too NARROW — the direction that breaks installs.
       Treat it as a FLOOR, not a measurement, until the adapter fault is fixed:
             1 x  epid=128 action=1 fault=1 addr=0x600003acc090
  == ATTRIBUTION == lifecycle pids: 1
    writes  script 0  /  whole traced subtree 5
    sockets script 0  /  whole traced subtree 0
  == ROOTS (from /Users/runner/v2m-g3U69J/Observe/capture.json; the classifier reads no other source) ==
    project       /Users/runner/v2m-g3U69J/Observe
    home          /Users/runner
    jailHome      /Users/runner/v2m-g3U69J/jailhome
    globalStore   /Users/runner/.cache/nub/pm/store
    projectStore  /Users/runner/v2m-g3U69J/Observe/node_modules/.store
    interpreter   /Users/runner/hostedtoolcache/node/22.23.2/arm64
    toolsDir      /Users/runner/.cache/nub/pm/tools
    temp          /private/var/folders/_5/zjnzxgh147qcg3bb5cg2wvqw0000gn/T/nub-tmp-obs08vDs7
    npmPrefix     /Users/runner/.cache/nub/pm/tools/npm-prefix
    ownPkg        /Users/runner/v2m-g3U69J/Observe/node_modules/gatsby-telemetry
    cwd           (null — this platform has no such root)
  == WRITES the script actually performed ==
  == READS the script performed, by scope ==
    systemfs      8
    outside       4
    userHome      2
    ownPkg        2
        outside: /
        outside: /bin/sh
        outside: /bin
        outside: /bin/bash
  == NETWORK ==
    AF_INET connects: 0   distinct peers: 0
  == REFUSALS (errno EPERM/EACCES/EROFS only; ENOENT is a miss, not a denial) ==
    distinct: 0
  == SYNTHESIZED GRANT (verify this in the real unprivileged jail) ==
    {}
  == writePaths (DERIVED — promotion out of the package's PRIVATE home) ==
    private-home writes observed: 0
    none declared — the script wrote nothing into its private home — there is nothing to promote
  == writePaths FEASIBILITY (distinct writes outside project/deps) ==
    count: 0
  scaffold: 2 dependency package(s) with lifecycle scripts granted a fixed wide grant
  EVICT[synth] 73 store entries removed, 82 spared as nub tooling, 2108 in store
OSV-SCREEN {"schemaVersion":1,"kind":"nub-synth-resolved","status":"clean","digest":"c2b8ce6fcca92ef1ee3acc90436e06e0e08cd450312deff9efc4a3dfe416c111","specCount":146,"lockfiles":{"digest":"b032d0722867f29f5577b08e6bf1c22f6b63b8998ed0649416d0e1f55ae69287","files":[{"path":"nub.lock","sha256":"e42893133bb8b5d86d02a718dfdb3f684d34736ca6dfc3e5d0f0742d19d8aa6c","bytes":35261}]},"maliciousAdvisories":[],"screenedAt":"2026-08-31T11:35:45.289Z","cacheHit":false,"clearancePath":"/Users/runner/v2m-g3U69J/security/nub-synth-resolved.json"}
  SECURITY nub-synth-resolved clean: 146 exact package-version(s), tree c2b8ce6fcca9
  VENUE-STORE-LAYOUT isolated
  VERIFY[synth] rc=0 artifacts=42/42 missing=1 shortfall=f77d33cf2c1e (tree 9512/5407) OVERRIDDEN=3 REJECTED=0 grant={}
       missing: package.json (1965B < 2851B)
  !! OBSERVE UNDER-PREDICTED — the synthesized grant did NOT verify. This is the correctness
     finding: OBSERVE saw a run that the jail then refused on some axis it did not cover.
     The bounded ladder below is the repair; the terminal verdict waits on its outcome.
  DIAGNOSE  re-running the failing grant JAILED, under dtrace
     trace lines: 7740
     refused paths under the failing grant (count, path):
     ⇒ TREAT THIS AS A CANDIDATE SET, NOT AN ANSWER. On Linux the last refusal before a
       fatal exit was a trailing red herring once already; settle it with a
       single-variable arm per path plus a negative control granting all the others.
  synthesized grant did not verify — falling back to a bounded ladder
  scaffold: 2 dependency package(s) with lifecycle scripts granted a fixed wide grant
  EVICT[fb903772438] 71 store entries removed, 82 spared as nub tooling, 2106 in store
OSV-SCREEN {"schemaVersion":1,"kind":"nub-fb903772438-resolved","status":"clean","digest":"c2b8ce6fcca92ef1ee3acc90436e06e0e08cd450312deff9efc4a3dfe416c111","specCount":146,"lockfiles":{"digest":"b032d0722867f29f5577b08e6bf1c22f6b63b8998ed0649416d0e1f55ae69287","files":[{"path":"nub.lock","sha256":"e42893133bb8b5d86d02a718dfdb3f684d34736ca6dfc3e5d0f0742d19d8aa6c","bytes":35261}]},"maliciousAdvisories":[],"screenedAt":"2026-08-31T11:35:45.289Z","cacheHit":true,"clearancePath":"/Users/runner/v2m-g3U69J/security/nub-fb903772438-resolved.json"}
  SECURITY nub-fb903772438-resolved clean: 146 exact package-version(s), tree c2b8ce6fcca9 (cached exact-tree clearance)
  VERIFY[fb903772438] rc=0 artifacts=42/42 missing=1 shortfall=f77d33cf2c1e (tree 9512/5407) OVERRIDDEN=3 REJECTED=0 grant={"write":{"deps":true,"project":true,"userHome":true},"network":true}
       missing: package.json (1965B < 2851B)
  scaffold: 2 dependency package(s) with lifecycle scripts granted a fixed wide grant
  EVICT[fb2128993570] 71 store entries removed, 82 spared as nub tooling, 2106 in store
OSV-SCREEN {"schemaVersion":1,"kind":"nub-fb2128993570-resolved","status":"clean","digest":"c2b8ce6fcca92ef1ee3acc90436e06e0e08cd450312deff9efc4a3dfe416c111","specCount":146,"lockfiles":{"digest":"b032d0722867f29f5577b08e6bf1c22f6b63b8998ed0649416d0e1f55ae69287","files":[{"path":"nub.lock","sha256":"e42893133bb8b5d86d02a718dfdb3f684d34736ca6dfc3e5d0f0742d19d8aa6c","bytes":35261}]},"maliciousAdvisories":[],"screenedAt":"2026-08-31T11:35:45.289Z","cacheHit":true,"clearancePath":"/Users/runner/v2m-g3U69J/security/nub-fb2128993570-resolved.json"}
  SECURITY nub-fb2128993570-resolved clean: 146 exact package-version(s), tree c2b8ce6fcca9 (cached exact-tree clearance)
  VERIFY[fb2128993570] rc=0 artifacts=42/42 missing=1 shortfall=f77d33cf2c1e (tree 9512/5407) OVERRIDDEN=3 REJECTED=0 grant={"write":{"deps":true,"project":true,"userHome":true},"read":"disk","network":true}
       missing: package.json (1965B < 2851B)
  scaffold: 2 dependency package(s) with lifecycle scripts granted a fixed wide grant
  EVICT[fb1962834996] 71 store entries removed, 82 spared as nub tooling, 2106 in store
OSV-SCREEN {"schemaVersion":1,"kind":"nub-fb1962834996-resolved","status":"clean","digest":"c2b8ce6fcca92ef1ee3acc90436e06e0e08cd450312deff9efc4a3dfe416c111","specCount":146,"lockfiles":{"digest":"b032d0722867f29f5577b08e6bf1c22f6b63b8998ed0649416d0e1f55ae69287","files":[{"path":"nub.lock","sha256":"e42893133bb8b5d86d02a718dfdb3f684d34736ca6dfc3e5d0f0742d19d8aa6c","bytes":35261}]},"maliciousAdvisories":[],"screenedAt":"2026-08-31T11:35:45.289Z","cacheHit":true,"clearancePath":"/Users/runner/v2m-g3U69J/security/nub-fb1962834996-resolved.json"}
  SECURITY nub-fb1962834996-resolved clean: 146 exact package-version(s), tree c2b8ce6fcca9 (cached exact-tree clearance)
  VERIFY[fb1962834996] rc=0 artifacts=42/42 missing=1 shortfall=f77d33cf2c1e (tree 9512/5407) OVERRIDDEN=3 REJECTED=0 grant={"write":"disk","network":true}
       missing: package.json (1965B < 2851B)
  => ARTIFACT-GATE-SUSPECT {}   (every arm rc=0 and the SAME 1-artifact shortfall at every
     grant up to write:"disk" — invariant under widening, so it is not a capability gap)
     ⇒ The grant is the SYNTHESIZED one and is UNVERIFIED — minimality was never descended.
        Triage the shortfall against the arm's toolchain, not against the jail.
### DONE gatsby-telemetry@2.9.0  synthesized={} verified=0
