### pngquant-bin@9.0.0   (/home/runner/v2-lESfZK)
  CI-ENV scrubbed: CI GITHUB_ACTIONS
OSV-SCREEN {"schemaVersion":1,"kind":"direct","status":"clean","digest":"4745fcbbd481bdab353eec822dbcbd576b1f30d62f63a5b4a8ae8c0819768dfa","specCount":1,"lockfiles":{"digest":null,"files":[]},"maliciousAdvisories":[],"screenedAt":"2026-09-08T01:49:54.260Z","cacheHit":false,"clearancePath":"/home/runner/v2-lESfZK/security/direct.json"}
  SECURITY direct clean: 1 exact package-version(s), tree 4745fcbbd481
  VENUE-OBSERVE-USER {"uid":1001,"user":"runner","umask":"0022","capBnd":"000001ffffffffff","noNewPrivs":"0"}
  VENUE-NUB-BINARY {"path":"/tmp/nub/target/release/nub","sha256":"2a18683f50f7afeb02a521cd3cae175dc2f91780d461c5f012065241f5a1447b","bytes":207643464,"features":{"buildJailCatalogOverride":true,"pythonDontWriteBytecodeEnv":true}}
OSV-SCREEN {"schemaVersion":1,"kind":"npm-observe-resolved","status":"clean","digest":"a44c7deec842b3ff69469a9ece4709635a87f881a64ebac41fe3bbf44771596c","specCount":195,"lockfiles":{"digest":"0f6fdce906b8c3fb1fde7f444a32129aa62e055a724932ae1cb185b395642a26","files":[{"path":"package-lock.json","sha256":"5f7bea02813fd619b6fa8168e1fafc0095b4b9f497b6625fe22ec7321773712e","bytes":92578}]},"maliciousAdvisories":[],"screenedAt":"2026-09-08T01:49:58.205Z","cacheHit":false,"clearancePath":"/home/runner/v2-lESfZK/security/npm-observe-resolved.json"}
  SECURITY npm-observe-resolved clean: 195 exact package-version(s), tree a44c7deec842
  OBSERVE   rc=0 files=1406 trace=15345 lines
  CLOSURE   163 packages evicted per arm
  ARM-FALSIFIABILITY {"manifestFiles":9,"filesTheScriptProduced":1,"reasons":[]}
  RAWLOG-FILE /home/runner/v2-lESfZK/observe/trace.txt.gz
  RAWLOG-CAPTURE /home/runner/v2-lESfZK/observe/capture.json
  RAWLOG-BYTES raw=3263102 gz=97579
  VENUE-INTERPRETER /opt/hostedtoolcache/node/22.23.2/x64
  VENUE-OVERRIDES {"set":{"HOME":"/home/runner/v2-lESfZK/jailhome","TMPDIR":"/tmp/nub-tmp-obsEeDzv3","NODE_COMPAT":"1","PLAYWRIGHT_BROWSERS_PATH":"/home/runner/.cache/nub/pm/tools/ms-playwright","ELECTRON_CACHE":"/home/runner/.cache/nub/pm/tools/electron-cache","electron_config_cache":"/home/runner/.cache/nub/pm/tools/electron-cache","npm_config_prefix":"/home/runner/.cache/nub/pm/tools/npm-prefix","PYTHONDONTWRITEBYTECODE":"1","NUB_CACHE_DIR":"/home/runner/v2-lESfZK/nubcache"},"unset":["CI","GITHUB_ACTIONS"],"passedThrough":{"CI":"true","GITHUB_ACTIONS":"true","NODE_ENV":null}}
  == ATTRIBUTION == attributed pids: 19
    writes  script 1  /  whole traced tree 1089
    sockets script 4  /  whole traced tree 10
  == ROOTS (from capture.json — R2: no ambient reads) ==
    project       /home/runner/v2-lESfZK/observe
    home          /home/runner
    jailHome      /home/runner/v2-lESfZK/jailhome
    globalStore   /home/runner/.cache/nub/pm/store   [declared, not keyed on]
    projectStore  /home/runner/v2-lESfZK/observe/node_modules/.store   [declared, not keyed on]
    interpreter   /opt/hostedtoolcache/node/22.23.2/x64   [declared, not keyed on]
    toolsDir      /home/runner/.cache/nub/pm/tools   [declared, not keyed on]
    temp          /tmp/nub-tmp-obsEeDzv3
    npmPrefix     /home/runner/.cache/nub/pm/tools/npm-prefix
    ownPkg        /home/runner/v2-lESfZK/observe/node_modules/pngquant-bin
  == WRITES the script actually performed ==
    ownPkg        1  (base profile already grants this — NOT billed)
        /home/runner/v2-lESfZK/observe/node_modules/pngquant-bin/vendor/pngquant
  == NETWORK ==
    AF_INET sockets: 4   distinct peers: 3
        127.0.0.53:53
        104.16.0.34:443
        185.199.110.133:443
  == REFUSALS (only `= -1 EACCES/EPERM/EROFS`) ==
    distinct: 0
  == SYNTHESIZED GRANT (verify this in the real unprivileged jail) ==
    {"network":true}
  == writePaths (DERIVED — promotion out of the package's PRIVATE home) ==
    private-home writes observed: 0
    none declared — the script wrote nothing into its private home — there is nothing to promote
  == writePaths FEASIBILITY (distinct writes outside project/deps) ==
    count: 0
    EVENTS    7185 distinct from 15076 calls (15346 lines, 240 rejoined, 0 unparsed)
    PROCS     26   lifecycle shells 14
    ⛔ 3 paths with an UNRESOLVED dirfd — kept, marked, never guessed
    unsubscribed/unmapped syscalls: setsockopt×40 getsockname×32 exit×20 getsockopt×14 recvmsg×9 getcwd×7 socketpair×6 shutdown×5
    wrote /home/runner/v2-lESfZK/observe/events.ndjson.gz (45685 bytes)
  EVENTLOG-FILE /home/runner/v2-lESfZK/observe/events.ndjson.gz
  EVENTLOG-STATS {"lines":15346,"parsed":15076,"unparsed":0,"unfinished":240,"rejoined":240,"unresolvedDirfd":3,"truncatedArg":0,"procs":26,"lifecyclePids":14,"distinctEvents":7185,"unknownSyscall":{"getsockname":32,"getsockopt":14,"getcwd":7,"recvmsg":9,"exit":20,"setsockopt":40,"sendmmsg":2,"socketpair":6,"shutdown":5,"exit_group":4,"wait4":4},"out":"/home/runner/v2-lESfZK/observe/events.ndjson.gz","gzipBytes":45685}
  EVICT     93 store entries removed, 5 spared as nub tooling
  SE-PURGE  0 side-effects-cache entries for pngquant-bin
OSV-SCREEN {"schemaVersion":1,"kind":"nub-synth-resolved","status":"clean","digest":"ecac0a932bb139491f93d405d60ac1821a180cc81351293f617c65a7a98c112b","specCount":199,"lockfiles":{"digest":"60db3bccd48463347029c6be16b5b8c6149c37ab4661aeaaf2ab73b44ef7870a","files":[{"path":"nub.lock","sha256":"b2fd56839e7664bf6eddb8dca6b8270f76e7fe98714800f42746beed7ff49954","bytes":47695}]},"maliciousAdvisories":[],"screenedAt":"2026-09-08T01:50:03.458Z","cacheHit":false,"clearancePath":"/home/runner/v2-lESfZK/security/nub-synth-resolved.json"}
  SECURITY nub-synth-resolved clean: 199 exact package-version(s), tree ecac0a932bb1
  VENUE-STORE-LAYOUT isolated
  VERIFY[synth] rc=0 artifacts=9/9 missing=0 shortfall=none (tree 4931/1406) OVERRIDDEN=2 REJECTED=0 grant={"network":true}
  => VERIFIED {"network":true}   (observed, then verified)
  EVICT     194 store entries removed, 5 spared as nub tooling
  SE-PURGE  0 side-effects-cache entries for pngquant-bin
OSV-SCREEN {"schemaVersion":1,"kind":"nub-drop-no-network-resolved","status":"clean","digest":"ecac0a932bb139491f93d405d60ac1821a180cc81351293f617c65a7a98c112b","specCount":199,"lockfiles":{"digest":"60db3bccd48463347029c6be16b5b8c6149c37ab4661aeaaf2ab73b44ef7870a","files":[{"path":"nub.lock","sha256":"b2fd56839e7664bf6eddb8dca6b8270f76e7fe98714800f42746beed7ff49954","bytes":47695}]},"maliciousAdvisories":[],"screenedAt":"2026-09-08T01:50:03.458Z","cacheHit":true,"clearancePath":"/home/runner/v2-lESfZK/security/nub-drop-no-network-resolved.json"}
  SECURITY nub-drop-no-network-resolved clean: 199 exact package-version(s), tree ecac0a932bb1 (cached exact-tree clearance)
  VERIFY[drop-no-network] rc=1 artifacts=8/9 missing=1 shortfall=9e939e3eec44 (tree 4929/1406) OVERRIDDEN=2 REJECTED=0 grant={}
       missing: vendor/pngquant
     'no-network' is NECESSARY — dropping it fails to verify
  => MINIMAL — every capability in {"network":true} is independently necessary
