### azure-functions-core-tools@4.14.0   (D:\jail\m-azurefunctionscoretools-mtute77j)
  CI-ENV scrubbed: CI GITHUB_ACTIONS
OSV-SCREEN {"schemaVersion":1,"kind":"direct","status":"clean","digest":"45eefe971f05778886d71ebda505715fc56c1142c5ac916c9aaee119df8f536c","specCount":1,"lockfiles":{"digest":null,"files":[]},"maliciousAdvisories":[],"screenedAt":"2026-09-10T00:54:14.763Z","cacheHit":false,"clearancePath":"D:\\jail\\m-azurefunctionscoretools-mtute77j\\security\\direct.json"}
  SECURITY direct clean: 1 exact package-version(s), tree 45eefe971f05
OSV-SCREEN {"schemaVersion":1,"kind":"npm-observe-resolved","status":"clean","digest":"f680ab07764d8d01cfeb4229d4a3718c08e787e5db25e334161b79cf3cc936cc","specCount":30,"lockfiles":{"digest":"3d3e4f3f66fccbddc1aed4761dab7476af11cf98bc0f49c605eb776d06595d4e","files":[{"path":"package-lock.json","sha256":"80cebf930e61e2f80386164014a91da7a547003ee4f72507735677d87b0fe9a3","bytes":13972}]},"maliciousAdvisories":[],"screenedAt":"2026-09-10T00:54:17.024Z","cacheHit":false,"clearancePath":"D:\\jail\\m-azurefunctionscoretools-mtute77j\\security\\npm-observe-resolved.json"}
  SECURITY npm-observe-resolved clean: 30 exact package-version(s), tree f680ab07764d
  CAPTURE user=runnervmvmocb\runneradmin elevated=True rootPid=3576 exit=0 events=895933 lost=0
  VENUE-OBSERVE-USER runnervmvmocb\runneradmin elevated=true privDropped={"SeBackupPrivilege":"removed","SeRestorePrivilege":"removed","SeTakeOwnershipPrivilege":"removed"}
  OBSERVE artifacts: 9038 files  (D:\jail\m-azurefunctionscoretools-mtute77j\observe\node_modules\azure-functions-core-tools)
  ARM-FALSIFIABILITY {"manifestFiles":9078,"filesTheScriptProduced":9071,"reasons":[]}
  CLOSURE 1 packages evicted per arm
  8.3 MAP 0 components resolved on runnervmvmocb, folded into capture.json
  == ROOTS (from capture.json — R2: no ambient reads) ==
    project       D:\jail\m-azurefunctionscoretools-mtute77j\observe   [keyed on]
    home          C:\Users\runneradmin   [keyed on]
    jailHome      (null — declared inapplicable)
    globalStore   C:\Users\runneradmin\AppData\Local\nub\pm\store
    projectStore  D:\jail\m-azurefunctionscoretools-mtute77j\observe\node_modules\.store
    interpreter   C:\hostedtoolcache\windows\node\22.23.2\x64\node.exe
    toolsDir      C:\Users\runneradmin\AppData\Local\nub\pm\tools
    temp          D:\jail\m-azurefunctionscoretools-mtute77j\tmp   [keyed on]
    npmPrefix     (null — declared inapplicable)
    ownPkg        D:\jail\m-azurefunctionscoretools-mtute77j\observe\node_modules\azure-functions-core-tools
  == ATTRIBUTION == lifecycle pids: 2 (root 3576)
    writes  script 10636  /  whole traced tree 10651
    peers   script 1  /  whole traced tree 1
  == WRITES ==
    deps      10629
    kernelfs      5
    systemfs      2
        c:\programdata\usoprivate\updatestore\store.db-journal
        c:\programdata\usoprivate\updatestore\store.db-wal
  == READS ==
    deps       1310
    outside       6
    project       1
    systemfs     28
  == NETWORK ==
    distinct peers: 1
        150.171.109.73:443
  == REFUSALS (adapter-classified) ==
    distinct: 0
  == SYNTHESIZED GRANT (verify this in the real unprivileged jail) ==
    {"write":{"deps":true},"network":true}
    !! 2 writes into system dirs -- an unprivileged user would be refused these
    NOTE 5 kernel/metadata writes -- not a write-grant question (rule 3)
  RAW       etw-raw.xml.gz  1169874789 B xml -> 19584560 B gz (59.7x)  sha256 1407223abff8ddfa…
  HEADER    etw-header.json (5201 bytes)
  DERIVED   46273 distinct from 370523 kept ops (895933 xml events, 37971 out of subtree)
  PROCS     4   thread-reattributed 1
  ⛔ 304 operations with NO OperationEnd — kept, status marked unknown
  8.3       0 expanded, 0 kept short, 0 not covered  [map: recorded 8.3 map (0 components, resolved on runnervmvmocb)]
  wrote events.ndjson.gz (761277 bytes)
  RAWLOG-CAPTURE D:\jail\m-azurefunctionscoretools-mtute77j\cap\capture.json
  VENUE-NUB-BINARY {"path":"C:/Users/RUNNER~1/AppData/Local/Temp/nub/target/release/nub.exe","sha256":"f186817a44be332fee712b4936a071a0b5f9cde18a1d2fdc3a791729d4bf1005","bytes":68717056,"features":{"buildJailCatalogOverride":true,"pythonDontWriteBytecodeEnv":true}}
  VENUE-INTERPRETER C:\hostedtoolcache\windows\node\22.23.2\x64\node.exe
  VENUE-JAIL-ROOT D:\jail\m-azurefunctionscoretools-mtute77j
  VENUE-OVERRIDES {"set":{"npm_config_cache":"D:\\jail\\m-azurefunctionscoretools-mtute77j\\npm-cache","TMP":"D:\\jail\\m-azurefunctionscoretools-mtute77j\\tmp","TEMP":"D:\\jail\\m-azurefunctionscoretools-mtute77j\\tmp","TMPDIR":"D:\\jail\\m-azurefunctionscoretools-mtute77j\\tmp"},"unset":["CI","GITHUB_ACTIONS"],"notRedirected":{"USERPROFILE":"C:\\Users\\runneradmin","why":"the jail leaves HOME/USERPROFILE alone — `build_jail.rs` sandbox_homes() reads the ambient value and `compiler/defaults.rs` BASELINE_ENV_EXACT passes it through — so there is no private jail home to reproduce and redirecting one would measure an environment no confined script sees"},"passedThrough":{"CI":"true","GITHUB_ACTIONS":"true","NODE_ENV":null}}
  STORE   isolated virtual store at D:\jail\m-azurefunctionscoretools-mtute77j\verify-synth\.cache
  VENUE-STORE-LAYOUT isolated
OSV-SCREEN {"schemaVersion":1,"kind":"nub-synth-resolved","status":"clean","digest":"465556f4fc20a5b3601a91afd3f39824a7cfec89a2f5fb8740d686c3935379d9","specCount":30,"lockfiles":{"digest":"a35643024e21aaa80cb02fa0011faf82948ad87e188c417663e096f77e958b4e","files":[{"path":"nub.lock","sha256":"df89987115670c2b657a4c7d7b959bfa3f7c15a094a3702c6f0c8289400cd4b1","bytes":7524}]},"maliciousAdvisories":[],"screenedAt":"2026-09-10T00:56:02.587Z","cacheHit":false,"clearancePath":"D:\\jail\\m-azurefunctionscoretools-mtute77j\\security\\nub-synth-resolved.json"}
  SECURITY nub-synth-resolved clean: 30 exact package-version(s), tree 465556f4fc20
  VERIFY[synth] rc=0 artifacts=9038/9038 missing=0 shortfall=none (tree 15499/9720) OVERRIDDEN=2 REJECTED=0 grant={"write":{"deps":true},"network":true}
  => MINIMUM {"write":{"deps":true},"network":true}   (observed, then verified)
  STORE   isolated virtual store at D:\jail\m-azurefunctionscoretools-mtute77j\verify-nar-no-network\.cache
OSV-SCREEN {"schemaVersion":1,"kind":"nub-nar-no-network-resolved","status":"clean","digest":"465556f4fc20a5b3601a91afd3f39824a7cfec89a2f5fb8740d686c3935379d9","specCount":30,"lockfiles":{"digest":"a35643024e21aaa80cb02fa0011faf82948ad87e188c417663e096f77e958b4e","files":[{"path":"nub.lock","sha256":"df89987115670c2b657a4c7d7b959bfa3f7c15a094a3702c6f0c8289400cd4b1","bytes":7524}]},"maliciousAdvisories":[],"screenedAt":"2026-09-10T00:56:02.587Z","cacheHit":true,"clearancePath":"D:\\jail\\m-azurefunctionscoretools-mtute77j\\security\\nub-nar-no-network-resolved.json"}
  SECURITY nub-nar-no-network-resolved clean: 30 exact package-version(s), tree 465556f4fc20 (cached exact-tree clearance)
  VERIFY[nar-no-network] rc=1 artifacts=7/9038 missing=9031 shortfall=ff882a6c94c8 (tree 6469/9720) OVERRIDDEN=2 REJECTED=0 grant={"write":{"deps":true}}
     missing artifacts: bin/AccentedCommandLineParser.dll, bin/aspnetcorev2_inprocess.dll, bin/Autofac.dll, bin/Azure.Core.dll, bin/Azure.Data.Tables.dll, bin/Azure.Identity.dll (+9025)
     'no-network' is NECESSARY — dropping it fails to verify
  STORE   isolated virtual store at D:\jail\m-azurefunctionscoretools-mtute77j\verify-nar-no-write-deps\.cache
OSV-SCREEN {"schemaVersion":1,"kind":"nub-nar-no-write-deps-resolved","status":"clean","digest":"465556f4fc20a5b3601a91afd3f39824a7cfec89a2f5fb8740d686c3935379d9","specCount":30,"lockfiles":{"digest":"a35643024e21aaa80cb02fa0011faf82948ad87e188c417663e096f77e958b4e","files":[{"path":"nub.lock","sha256":"df89987115670c2b657a4c7d7b959bfa3f7c15a094a3702c6f0c8289400cd4b1","bytes":7524}]},"maliciousAdvisories":[],"screenedAt":"2026-09-10T00:56:02.587Z","cacheHit":true,"clearancePath":"D:\\jail\\m-azurefunctionscoretools-mtute77j\\security\\nub-nar-no-write-deps-resolved.json"}
  SECURITY nub-nar-no-write-deps-resolved clean: 30 exact package-version(s), tree 465556f4fc20 (cached exact-tree clearance)
  VERIFY[nar-no-write-deps] rc=0 artifacts=9038/9038 missing=0 shortfall=none (tree 15499/9720) OVERRIDDEN=2 REJECTED=0 grant={"network":true}
     ⛔ OVER-PREDICTED — the strictly narrower {"network":true} also verifies; 'no-write-deps' was not needed
