  HARNESS-NODE /opt/hostedtoolcache/node/22.23.2/x64/bin/node (v22.23.2); arm-cap present
  ERA-NODE PINNED 10.24.1 (provisioned) (arms will run: v10.24.1)
  ERA-PYTHON /opt/hostedtoolcache/Python/3.9.25/x64/bin/python (Python 3.9.25) for era Node 10, whose node-gyp requires python3-legacy
  ARM-MAKE /usr/bin/gmake (GNU Make 4.3) — the system make; a build needing GNU Make 4 WILL fail here
### @sitespeed.io/chromedriver@75.0.3770   (/home/runner/v2-RJum8n)
  CI-ENV scrubbed: CI GITHUB_ACTIONS
OSV-SCREEN {"schemaVersion":1,"kind":"direct","status":"clean","digest":"f2a3400afbf1849760f3e91110e381b42649b7d7783949647e63cf20c8c3c232","specCount":1,"lockfiles":{"digest":null,"files":[]},"maliciousAdvisories":[],"screenedAt":"2026-08-29T16:33:33.586Z","cacheHit":false,"clearancePath":"/home/runner/v2-RJum8n/security/direct.json"}
  SECURITY direct clean: 1 exact package-version(s), tree f2a3400afbf1
  VENUE-OBSERVE-USER {"uid":1001,"user":"runner","umask":"0022","capBnd":"000001ffffffffff","noNewPrivs":"0"}
  VENUE-NUB-BINARY {"path":"/tmp/nub/target/release/nub","sha256":"bed0d624b324fb3de83de474ff73731ad2f1fd040ff548bb0158e2baf850701d","bytes":208304640,"features":{"buildJailCatalogOverride":true,"pythonDontWriteBytecodeEnv":true}}
  ERA-RESOLUTION DATED 2019-06-07T07:26:17.103Z (deps as of the package's own publish date + 1d)
OSV-SCREEN {"schemaVersion":1,"kind":"npm-observe-resolved","status":"clean","digest":"5bb19132d3cff7456ce8db45eb2bd5a59ec751263737db3a105cda1de9ce85ca","specCount":166,"lockfiles":{"digest":"b32ece2ed21121b8ec1b2ad118cbaf872ead0a909668cd33dfb3e279b135049e","files":[{"path":"package-lock.json","sha256":"6deec34d979ece901c5d3a9dbfa8281140c498c292cf2bb80959ef2495f08a7d","bytes":59012}]},"maliciousAdvisories":[],"screenedAt":"2026-08-29T16:33:37.255Z","cacheHit":false,"clearancePath":"/home/runner/v2-RJum8n/security/npm-observe-resolved.json"}
  SECURITY npm-observe-resolved clean: 166 exact package-version(s), tree 5bb19132d3cf
  ARM-PATH SANITISED (nothing to drop)
  ARM-AMBIENT-TOOLS 7 leaked: tsc=/usr/local/bin/tsc grunt=/usr/local/bin/grunt gulp=/usr/local/bin/gulp webpack=/usr/local/bin/webpack lerna=/usr/local/bin/lerna yarn=/usr/local/bin/yarn pulumi=/usr/local/bin/pulumi
  ARM-SCAFFOLD none
  ARM-UNPROVIDABLE none
  OBSERVE   rc=0 files=6508 trace=10382 lines
  CLOSURE   1 packages evicted per arm
  ARM-FALSIFIABILITY {"manifestFiles":6,"filesTheScriptProduced":1,"reasons":[]}
  RAWLOG-FILE /home/runner/v2-RJum8n/observe/trace.txt.gz
  RAWLOG-CAPTURE /home/runner/v2-RJum8n/observe/capture.json
  RAWLOG-BYTES raw=1993640 gz=63297
  VENUE-INTERPRETER /opt/hostedtoolcache/node/22.23.2/x64
  VENUE-NODE-SELECTION {"pkg":"@sitespeed.io/chromedriver","packageVersion":"75.0.3770","major":10,"version":"10.24.1","npm":"6.14.12","pinnable":true,"engines":null,"publishedAt":"2019-06-06T07:26:17.103Z","eraMajor":10,"startMajor":10,"raisedByEngines":false,"enginesUnsatisfiable":false,"clampedToFloor":false,"clampedToCeiling":false,"matrixFloor":4,"matrixCeiling":26,"lookupFailure":null,"pinned":true,"pinnedBin":"/home/runner/.cache/nub/era-node/10.24.1/node-v10.24.1-linux-x64/bin","eraNodeRoot":"/home/runner/.cache/nub"}
  VENUE-OVERRIDES {"set":{"HOME":"/home/runner/v2-RJum8n/jailhome","TMPDIR":"/tmp/nub-tmp-obsauvdxI","NODE_COMPAT":"1","PLAYWRIGHT_BROWSERS_PATH":"/home/runner/.cache/nub/pm/tools/ms-playwright","ELECTRON_CACHE":"/home/runner/.cache/nub/pm/tools/electron-cache","electron_config_cache":"/home/runner/.cache/nub/pm/tools/electron-cache","npm_config_prefix":"/home/runner/.cache/nub/pm/tools/npm-prefix","PYTHONDONTWRITEBYTECODE":"1","NUB_CACHE_DIR":"/home/runner/v2-RJum8n/nubcache"},"unset":["CI","GITHUB_ACTIONS"],"passedThrough":{"CI":"true","GITHUB_ACTIONS":"true","NODE_ENV":null}}
  == ATTRIBUTION == attributed pids: 17
    writes  script 3  /  whole traced tree 28
    sockets script 3  /  whole traced tree 3
  == ROOTS (from capture.json — R2: no ambient reads) ==
    project       /home/runner/v2-RJum8n/observe
    home          /home/runner
    jailHome      /home/runner/v2-RJum8n/jailhome
    globalStore   /home/runner/.cache/nub/pm/store   [declared, not keyed on]
    projectStore  /home/runner/v2-RJum8n/observe/node_modules/.store   [declared, not keyed on]
    interpreter   /opt/hostedtoolcache/node/22.23.2/x64   [declared, not keyed on]
    toolsDir      /home/runner/.cache/nub/pm/tools   [declared, not keyed on]
    temp          /tmp/nub-tmp-obsauvdxI
    npmPrefix     /home/runner/.cache/nub/pm/tools/npm-prefix
    ownPkg        /home/runner/v2-RJum8n/observe/node_modules/@sitespeed.io/chromedriver
  == WRITES the script actually performed ==
    ownPkg        3  (base profile already grants this — NOT billed)
        /home/runner/v2-RJum8n/observe/node_modules/@sitespeed.io/chromedriver/vendor
        /home/runner/v2-RJum8n/observe/node_modules/@sitespeed.io/chromedriver/vendor/chromedriver.zip
        /home/runner/v2-RJum8n/observe/node_modules/@sitespeed.io/chromedriver/vendor/chromedriver
  == NETWORK ==
    AF_INET sockets: 3   distinct peers: 2
        127.0.0.53:53
        142.251.121.207:443
  == REFUSALS (only `= -1 EACCES/EPERM/EROFS`) ==
    distinct: 0
  == SYNTHESIZED GRANT (verify this in the real unprivileged jail) ==
    {"network":true}
  == writePaths (DERIVED — promotion out of the package's PRIVATE home) ==
    private-home writes observed: 0
    none declared — the script wrote nothing into its private home — there is nothing to promote
  == writePaths FEASIBILITY (distinct writes outside project/deps) ==
    count: 0
    EVENTS    4717 distinct from 8652 calls (10383 lines, 1705 rejoined, 0 unparsed)
    PROCS     23   lifecycle shells 12
    ⛔ 201 paths with an UNRESOLVED dirfd — kept, marked, never guessed
    unsubscribed/unmapped syscalls: exit×18 getcwd×8 recvmsg×7 getsockname×5 exit_group×3 wait4×3 setsockopt×1 sendmmsg×1
    wrote /home/runner/v2-RJum8n/observe/events.ndjson.gz (26404 bytes)
  EVENTLOG-FILE /home/runner/v2-RJum8n/observe/events.ndjson.gz
  EVENTLOG-STATS {"lines":10383,"parsed":8652,"unparsed":0,"unfinished":1705,"rejoined":1705,"unresolvedDirfd":201,"truncatedArg":0,"procs":23,"lifecyclePids":12,"distinctEvents":4717,"unknownSyscall":{"getcwd":8,"getsockname":5,"recvmsg":7,"setsockopt":1,"sendmmsg":1,"getsockopt":1,"shutdown":1,"exit":18,"exit_group":3,"wait4":3},"out":"/home/runner/v2-RJum8n/observe/events.ndjson.gz","gzipBytes":26404}
  EVICT     0 store entries removed, 0 spared as nub tooling
  SE-PURGE  0 side-effects-cache entries for @sitespeed.io/chromedriver
OSV-SCREEN {"schemaVersion":1,"kind":"nub-synth-resolved","status":"clean","digest":"99f9777b2c8c199fba8710ac73e1671e5ac54df2cbc999c237c1ce232e1cf4c5","specCount":3,"lockfiles":{"digest":"45fdd173dd2d64d1f95e05de09ae0b5166f90ccd5fe398d8429dc8c5434a8e1d","files":[{"path":"nub.lock","sha256":"6a3088b7091a744d298ba4847144ae76ab1d4efea9c032e21919c31c6b490c41","bytes":947}]},"maliciousAdvisories":[],"screenedAt":"2026-08-29T16:34:01.742Z","cacheHit":false,"clearancePath":"/home/runner/v2-RJum8n/security/nub-synth-resolved.json"}
  SECURITY nub-synth-resolved clean: 3 exact package-version(s), tree 99f9777b2c8c
  VENUE-STORE-LAYOUT isolated
  VERIFY[synth] rc=0 artifacts=6/6 missing=0 shortfall=none (tree 80/6508) OVERRIDDEN=2 REJECTED=0 grant={"network":true}
  => VERIFIED {"network":true}   (observed, then verified)
  EVICT     2 store entries removed, 0 spared as nub tooling
  SE-PURGE  0 side-effects-cache entries for @sitespeed.io/chromedriver
OSV-SCREEN {"schemaVersion":1,"kind":"nub-drop-no-network-resolved","status":"clean","digest":"99f9777b2c8c199fba8710ac73e1671e5ac54df2cbc999c237c1ce232e1cf4c5","specCount":3,"lockfiles":{"digest":"45fdd173dd2d64d1f95e05de09ae0b5166f90ccd5fe398d8429dc8c5434a8e1d","files":[{"path":"nub.lock","sha256":"6a3088b7091a744d298ba4847144ae76ab1d4efea9c032e21919c31c6b490c41","bytes":947}]},"maliciousAdvisories":[],"screenedAt":"2026-08-29T16:34:01.742Z","cacheHit":true,"clearancePath":"/home/runner/v2-RJum8n/security/nub-drop-no-network-resolved.json"}
  SECURITY nub-drop-no-network-resolved clean: 3 exact package-version(s), tree 99f9777b2c8c (cached exact-tree clearance)
  VERIFY[drop-no-network] rc=0 artifacts=5/6 missing=1 shortfall=669a7de28d48 (tree 77/6508) OVERRIDDEN=2 REJECTED=0 grant={}
       missing: vendor/chromedriver
     'no-network' is NECESSARY — dropping it fails to verify
  => MINIMAL — every capability in {"network":true} is independently necessary
