OSV-SCREEN {"schemaVersion":1,"kind":"direct","status":"clean","digest":"9309c5254924419e184d05bb7c1a201835486098c2fd1a91615e1db766a2a1d8","specCount":1,"lockfiles":{"digest":null,"files":[]},"maliciousAdvisories":[],"screenedAt":"2026-08-27T15:50:40.792Z","cacheHit":false,"clearancePath":"/Users/runner/v2m-EeYr50/security/direct.json"}
  SECURITY direct clean: 1 exact package-version(s), tree 9309c5254924
  ERA-NODE PINNED 16.20.2 (provisioned) (arms will run: v16.20.2)
  ERA-PYTHON /Users/runner/hostedtoolcache/Python/3.9.13/arm64/bin/python (Python 3.9.13) for era Node 16, whose node-gyp requires python3
  ARM-MAKE /usr/bin/make (GNU Make 3.81) — the system make; a build needing GNU Make 4 WILL fail here
### @intlify/vue-router-bridge@0.7.0   (/Users/runner/v2m-EeYr50)   nub=/tmp/nub/target/release/nub
  VENUE-NUB-BINARY {"path":"/tmp/nub/target/release/nub","sha256":"69e622342d0c8393c78fa50a01dc9cc0a94371ac9b106b59bdcc016f06d86d30","bytes":94535576,"features":{"buildJailCatalogOverride":true,"pythonDontWriteBytecodeEnv":true}}
  CI-ENV scrubbed: CI GITHUB_ACTIONS
  --- fbt preflight (advisory; never fails the run) ---
     csrutil: System Integrity Protection status: disabled.
     fbt probes visible: 93577
     fbt enable attempt: dtrace: description 'fbt:::entry ' matched 50357 probes CPU     ID                    FUNCTION:NAME 
     cwd builtin value:  
     fbt chdir symbols:  
     fbt fires on spawn-with-cwd: dtrace: invalid probe specifier fbt::chdir*:entry /progenyof($target)/ { @[probefunc] = count(); }: probe description fbt::chdir*:entry does not match any probes 
  --- end fbt preflight ---
  ERA-RESOLUTION DATED 2022-09-29T06:02:47.145Z (deps as of the package's own publish date + 1d)
OSV-SCREEN {"schemaVersion":1,"kind":"npm-observe-resolved","status":"clean","digest":"32b8d88020c756eb88dac8114c06396b9c75da2f31e3fe062d301427cae06153","specCount":4,"lockfiles":{"digest":"1a8f7af52a768e15af25f8df2854efa23e9e0d57bf233f8d9b9c6266cf991ac2","files":[{"path":"package-lock.json","sha256":"a64034c9d408f579a97cd13a6db743b6a46b6844a633b695644fc326b6ac65c9","bytes":2809}]},"maliciousAdvisories":[],"screenedAt":"2026-08-27T15:50:50.649Z","cacheHit":false,"clearancePath":"/Users/runner/v2m-EeYr50/security/npm-observe-resolved.json"}
  SECURITY npm-observe-resolved clean: 4 exact package-version(s), tree 32b8d88020c7
  ARM-PATH SANITISED (dropped 1: /Users/runner/.yarn/bin)
  ARM-AMBIENT-TOOLS none
  ARM-SCAFFOLD none
  ARM-UNPROVIDABLE none
  VENUE-CI-CHILD clean (no CI-detection variable reaches the traced script)
  --- wrapper (run.sh) ---
     cd "/Users/runner/v2m-EeYr50/Observe"
     sudo -u "runner" -H env "PATH=/Users/runner/v2m-EeYr50/Observe/node_modules/.bin:/Users/runner/.cache/nub/era-node/16.20.2/node-v16.20.2-darwin-arm64/bin:/Users/runner/hostedtoolcache/node/22.23.2/arm64/bin:/opt/homebrew/lib/ruby/gems/3.3.0/bin:/opt/homebrew/opt/ruby@3.3/bin:/Users/runner/.local/bin:/opt/homebrew/bin:/opt/homebrew/sbin:/Users/runner/.cargo/bin:/usr/local/opt/curl/bin:/usr/local/bin:/usr/local/sbin:/Users/runner/bin:/Users/runner/Library/Android/sdk/tools:/Users/runner/Library/Android/sdk/platform-tools:/Library/Frameworks/Python.framework/Versions/Current/bin:/Library/Frameworks/Mono.framework/Versions/Current/Commands:/usr/bin:/bin:/usr/sbin:/sbin:/Users/runner/.dotnet/tools"   "HOME=/Users/runner/v2m-EeYr50/jailhome"   "TMPDIR=/private/var/folders/_5/zjnzxgh147qcg3bb5cg2wvqw0000gn/T/nub-tmp-obs5XuKiN"   "NODE_COMPAT=1"   "PYTHONDONTWRITEBYTECODE=1"   "PLAYWRIGHT_BROWSERS_PATH=/Users/runner/.cache/nub/pm/tools/ms-playwright"   "ELECTRON_CACHE=/Users/runner/.cache/nub/pm/tools/electron-cache"   "electron_config_cache=/Users/runner/.cache/nub/pm/tools/electron-cache"   "npm_config_prefix=/Users/runner/.cache/nub/pm/tools/npm-prefix"   PYTHON=/Users/runner/hostedtoolcache/Python/3.9.13/arm64/bin/python   npm rebuild --no-audit --no-fund "@intlify/vue-router-bridge" > "/Users/runner/v2m-EeYr50/Observe/npm.log" 2>&1
     echo $? > "/Users/runner/v2m-EeYr50/Observe/rc"
  --- dtrace stderr + wrapper trace ---
     + cd /Users/runner/v2m-EeYr50/Observe
     + sudo -u runner -H env PATH=/Users/runner/v2m-EeYr50/Observe/node_modules/.bin:/Users/runner/.cache/nub/era-node/16.20.2/node-v16.20.2-darwin-arm64/bin:/Users/runner/hostedtoolcache/node/22.23.2/arm64/bin:/opt/homebrew/lib/ruby/gems/3.3.0/bin:/opt/homebrew/opt/ruby@3.3/bin:/Users/runner/.local/bin:/opt/homebrew/bin:/opt/homebrew/sbin:/Users/runner/.cargo/bin:/usr/local/opt/curl/bin:/usr/local/bin:/usr/local/sbin:/Users/runner/bin:/Users/runner/Library/Android/sdk/tools:/Users/runner/Library/Android/sdk/platform-tools:/Library/Frameworks/Python.framework/Versions/Current/bin:/Library/Frameworks/Mono.framework/Versions/Current/Commands:/usr/bin:/bin:/usr/sbin:/sbin:/Users/runner/.dotnet/tools HOME=/Users/runner/v2m-EeYr50/jailhome TMPDIR=/private/var/folders/_5/zjnzxgh147qcg3bb5cg2wvqw0000gn/T/nub-tmp-obs5XuKiN NODE_COMPAT=1 PYTHONDONTWRITEBYTECODE=1 PLAYWRIGHT_BROWSERS_PATH=/Users/runner/.cache/nub/pm/tools/ms-playwright ELECTRON_CACHE=/Users/runner/.cache/nub/pm/tools/electron-cache electron_config_cache=/Users/runner/.cache/nub/pm/tools/electron-cache npm_config_prefix=/Users/runner/.cache/nub/pm/tools/npm-prefix PYTHON=/Users/runner/hostedtoolcache/Python/3.9.13/arm64/bin/python npm rebuild --no-audit --no-fund @intlify/vue-router-bridge
     dtrace: error on enabled probe ID 128 (ID 286: syscall::execve:entry): invalid address (0x600000ecc000) in action #1 at DIF offset 20
     + echo 0
  OBSERVE   rc=0 dtrace_rc=0 files=283 (pre=281) trace=5474 lines
  CLOSURE   4 packages evicted per arm   store=/Users/runner/.cache/nub/pm/store
  RAWLOG-FILE /Users/runner/v2m-EeYr50/Observe/trace.txt.gz
  RAWLOG-CAPTURE /Users/runner/v2m-EeYr50/Observe/capture.json
  RAWLOG-BYTES raw=970075 gz=34077
  VENUE-INTERPRETER /Users/runner/hostedtoolcache/node/22.23.2/arm64
  VENUE-NODE-SELECTION {"pkg":"@intlify/vue-router-bridge","packageVersion":"0.7.0","major":16,"version":"16.20.2","npm":"8.19.4","pinnable":true,"engines":">= 12","publishedAt":"2022-09-28T06:02:47.145Z","eraMajor":16,"startMajor":16,"raisedByEngines":false,"enginesUnsatisfiable":false,"clampedToFloor":false,"clampedToCeiling":false,"matrixFloor":4,"matrixCeiling":26,"lookupFailure":null,"pinned":true,"pinnedBin":"/Users/runner/.cache/nub/era-node/16.20.2/node-v16.20.2-darwin-arm64/bin","eraNodeRoot":"/Users/runner/.cache/nub"}
  VENUE-OVERRIDES {"set":{"PATH":"inherited-and-forwarded","HOME":"/Users/runner/v2m-EeYr50/jailhome","TMPDIR":"/private/var/folders/_5/zjnzxgh147qcg3bb5cg2wvqw0000gn/T/nub-tmp-obs5XuKiN","NODE_COMPAT":"1","PYTHONDONTWRITEBYTECODE":"1","PLAYWRIGHT_BROWSERS_PATH":"/Users/runner/.cache/nub/pm/tools/ms-playwright","ELECTRON_CACHE":"/Users/runner/.cache/nub/pm/tools/electron-cache","electron_config_cache":"/Users/runner/.cache/nub/pm/tools/electron-cache","npm_config_prefix":"/Users/runner/.cache/nub/pm/tools/npm-prefix"},"unset":["(sudo env_reset discards the caller environment; every var above is re-set after it)","CI","GITHUB_ACTIONS"],"passedThrough":{"CI":"true","GITHUB_ACTIONS":"true","NODE_ENV":null}}
  VENUE-OBSERVE-USER runner uid=501 (R7: ordinary non-root user, asserted)
  ARM-FALSIFIABILITY {"manifestFiles":20,"filesTheScriptProduced":0,"reasons":["gate-vacuous"]}
  ⛔ ARMS-UNFALSIFIABLE — a green arm for this package carries no evidence:
       gate-vacuous: the script changed no file the artifact gate keys on — every file in the manifest (20) was already present at its final size before the script ran, so the gate passes in every arm including a completely broken one
       The grant may still be correct; what is missing is a signal that could have gone
       red. Do not read this record's MINIMAL as a passing measurement.
  EVENTLOG-FILE /Users/runner/v2m-EeYr50/Observe/events.ndjson.gz
  EVENTLOG-STATS {"lines":5475,"parsed":5457,"unparsed":0,"live":true,"tracerErrors":1,"tracerErrorTotal":1,"unresolvedDirfd":21,"unresolvedFd":0,"pairedTwoPath":0,"danglingPair":0,"failed":2426,"enoent":2423,"refusals":0,"byErrno":{"ENXIO":3,"ENOENT":2423},"procs":5,"lifecyclePids":1,"distinctEvents":3734,"emitted":3734,"calls":5415,"bytes":715912,"gzipBytes":21697,"out":"/Users/runner/v2m-EeYr50/Observe/events.ndjson"}
  == TRACER == live=true decodable-events=1058 dropped-events=1
    NOTE 14 relative path(s) under a non-AT_FDCWD dirfd were not
       scope-assigned: resolving them against the cwd would invent a path.
    ⛔ CWD-UNOBSERVED 2 relative path(s) (0 write(s)) came from a lifecycle
       process whose own cwd was never observed
       macOS spawns with posix_spawn addchdir_np, which changes directory in-kernel and
       emits no chdir syscall, so the inherited cwd cannot be trusted. These are NOT
       scope-assigned; the grant below is WIDENED instead so it covers wherever they landed.
         pid=56173 read  unproven .
         pid=56173 read  unproven .
    ⛔ THE TRACER DROPPED 1 EVENT(S). A dropped event is a path never
       seen, so the grant below can only be too NARROW — the direction that breaks installs.
       Treat it as a FLOOR, not a measurement, until the adapter fault is fixed:
             1 x  epid=128 action=1 fault=1 addr=0x600000ecc000
  == ATTRIBUTION == lifecycle pids: 1
    writes  script 1  /  whole traced subtree 6
    sockets script 0  /  whole traced subtree 1
  == ROOTS (from /Users/runner/v2m-EeYr50/Observe/capture.json; the classifier reads no other source) ==
    project       /Users/runner/v2m-EeYr50/Observe
    home          /Users/runner
    jailHome      /Users/runner/v2m-EeYr50/jailhome
    globalStore   /Users/runner/.cache/nub/pm/store
    projectStore  /Users/runner/v2m-EeYr50/Observe/node_modules/.store
    interpreter   /Users/runner/hostedtoolcache/node/22.23.2/arm64
    toolsDir      /Users/runner/.cache/nub/pm/tools
    temp          /private/var/folders/_5/zjnzxgh147qcg3bb5cg2wvqw0000gn/T/nub-tmp-obs5XuKiN
    npmPrefix     /Users/runner/.cache/nub/pm/tools/npm-prefix
    ownPkg        /Users/runner/v2m-EeYr50/Observe/node_modules/@intlify/vue-router-bridge
    cwd           (null — this platform has no such root)
  == WRITES the script actually performed ==
    systemfs      1
        /dev/dtracehelper
  == READS the script performed, by scope ==
    outside       4
    systemfs      8
    userHome      2
    ownPkg        3
        outside: /
        outside: /bin/sh
        outside: /bin
        outside: /bin/bash
  == NETWORK ==
    AF_INET connects: 0   distinct peers: 0
  == REFUSALS (errno EPERM/EACCES/EROFS only; ENOENT is a miss, not a denial) ==
    distinct: 0
  == SYNTHESIZED GRANT (verify this in the real unprivileged jail) ==
    {}
  == writePaths (DERIVED — promotion out of the package's PRIVATE home) ==
    private-home writes observed: 0
    none declared — the script wrote nothing into its private home — there is nothing to promote
  == writePaths FEASIBILITY (distinct writes outside project/deps) ==
    count: 0
  scaffold: 1 dependency package(s) with lifecycle scripts granted a fixed wide grant
  EVICT[synth] 0 store entries removed, 0 spared as nub tooling, 1759 in store
OSV-SCREEN {"schemaVersion":1,"kind":"nub-synth-resolved","status":"clean","digest":"34ace472a53101bce224379a84caa86e9c37e25d8f8d204167af7817893ea355","specCount":27,"lockfiles":{"digest":"0ec16910af93d0f680af0980c80054f06ec23e249e1ee2005f9e8914d1d50ccf","files":[{"path":"nub.lock","sha256":"3f3f4e004013f2de124c1ed74055aabc3c5a3a08175945890a846afe5f20f4fa","bytes":7968}]},"maliciousAdvisories":[],"screenedAt":"2026-08-27T15:50:57.544Z","cacheHit":false,"clearancePath":"/Users/runner/v2m-EeYr50/security/nub-synth-resolved.json"}
  SECURITY nub-synth-resolved clean: 27 exact package-version(s), tree 34ace472a531
  VENUE-STORE-LAYOUT isolated
  VERIFY[synth] rc=0 artifacts=20/20 missing=0 shortfall=none (tree 2771/283) OVERRIDDEN=3 REJECTED=0 grant={}
  => VERIFIED {}
  NARROW    no capability to drop — the grant is already empty; over-prediction is 0 by construction
### DONE @intlify/vue-router-bridge@0.7.0  synthesized={} verified=1
