### @reown/appkit@1.8.9   (D:\jail\m-reownappkit-mtrwl0yg)
  CI-ENV scrubbed: CI GITHUB_ACTIONS
OSV-SCREEN {"schemaVersion":1,"kind":"direct","status":"clean","digest":"c338e1298558514a81ea3cf6496833578d3decf1190574dd76d5a1fdbf22b2d8","specCount":1,"lockfiles":{"digest":null,"files":[]},"maliciousAdvisories":[],"screenedAt":"2026-09-08T00:00:13.611Z","cacheHit":false,"clearancePath":"D:\\jail\\m-reownappkit-mtrwl0yg\\security\\direct.json"}
  SECURITY direct clean: 1 exact package-version(s), tree c338e1298558
OSV-SCREEN {"schemaVersion":1,"kind":"npm-observe-resolved","status":"clean","digest":"7ea198c14abb07460b18ddd69cc8d83a67854287ae902ab50c1f469b4d43fd87","specCount":162,"lockfiles":{"digest":"c492c5d9a39d232f8ca86ae7b0bc1af6d11411bb53866dcb9d9147e4133c43fa","files":[{"path":"package-lock.json","sha256":"a4bfe7687683633fb583ed7c0ab0fb8521a646d91efa663c5ed8ebf16750000b","bytes":76874}]},"maliciousAdvisories":[],"screenedAt":"2026-09-08T00:00:46.397Z","cacheHit":false,"clearancePath":"D:\\jail\\m-reownappkit-mtrwl0yg\\security\\npm-observe-resolved.json"}
  SECURITY npm-observe-resolved clean: 162 exact package-version(s), tree 7ea198c14abb
  CAPTURE user=runnervmeef0v\runneradmin elevated=True rootPid=3348 exit=0 events=22698 lost=0
  VENUE-OBSERVE-USER runnervmeef0v\runneradmin elevated=true privDropped={"SeBackupPrivilege":"removed","SeRestorePrivilege":"removed","SeTakeOwnershipPrivilege":"removed"}
  OBSERVE artifacts: 147 files  (D:\jail\m-reownappkit-mtrwl0yg\observe\node_modules\@reown\appkit)
  ARM-FALSIFIABILITY {"manifestFiles":147,"filesTheScriptProduced":0,"reasons":["gate-vacuous"]}
  ⛔ ARMS-UNFALSIFIABLE — a green arm for this package carries no evidence:
       gate-vacuous: the script changed no file the artifact gate keys on — every file in the manifest (147) was already present at its final size before the script ran, so the gate passes in every arm including a completely broken one
       The grant may still be correct; what is missing is a signal that could have gone
       red. Do not read this record's MINIMAL as a passing measurement.
  CLOSURE 153 packages evicted per arm
  8.3 MAP 0 components resolved on runnervmeef0v, folded into capture.json
  == ROOTS (from capture.json — R2: no ambient reads) ==
    project       D:\jail\m-reownappkit-mtrwl0yg\observe   [keyed on]
    home          C:\Users\runneradmin   [keyed on]
    jailHome      (null — declared inapplicable)
    globalStore   C:\Users\runneradmin\AppData\Local\nub\pm\store
    projectStore  D:\jail\m-reownappkit-mtrwl0yg\observe\node_modules\.store
    interpreter   C:\hostedtoolcache\windows\node\22.23.2\x64\node.exe
    toolsDir      C:\Users\runneradmin\AppData\Local\nub\pm\tools
    temp          D:\jail\m-reownappkit-mtrwl0yg\tmp   [keyed on]
    npmPrefix     (null — declared inapplicable)
    ownPkg        D:\jail\m-reownappkit-mtrwl0yg\observe\node_modules\@reown\appkit
  == ATTRIBUTION == lifecycle pids: 2 (root 3348)
    writes  script 0  /  whole traced tree 7
    peers   script 0  /  whole traced tree 0
  == WRITES ==
  == READS ==
    deps         52
    outside       6
    project       2
    systemfs     23
  == NETWORK ==
    distinct peers: 0
  == REFUSALS (adapter-classified) ==
    distinct: 0
  == SYNTHESIZED GRANT (verify this in the real unprivileged jail) ==
    {}
  RAW       etw-raw.xml.gz  28965429 B xml -> 420706 B gz (68.8x)  sha256 1484963dc99981b7…
  HEADER    etw-header.json (5085 bytes)
  DERIVED   5663 distinct from 6834 kept ops (22698 xml events, 1668 out of subtree)
  PROCS     4   thread-reattributed 0
  8.3       0 expanded, 0 kept short, 0 not covered  [map: recorded 8.3 map (0 components, resolved on runnervmeef0v)]
  wrote events.ndjson.gz (71346 bytes)
  RAWLOG-CAPTURE D:\jail\m-reownappkit-mtrwl0yg\cap\capture.json
  VENUE-NUB-BINARY {"path":"C:/Users/RUNNER~1/AppData/Local/Temp/nub/target/release/nub.exe","sha256":"f186817a44be332fee712b4936a071a0b5f9cde18a1d2fdc3a791729d4bf1005","bytes":68717056,"features":{"buildJailCatalogOverride":true,"pythonDontWriteBytecodeEnv":true}}
  VENUE-INTERPRETER C:\hostedtoolcache\windows\node\22.23.2\x64\node.exe
  VENUE-JAIL-ROOT D:\jail\m-reownappkit-mtrwl0yg
  VENUE-OVERRIDES {"set":{"npm_config_cache":"D:\\jail\\m-reownappkit-mtrwl0yg\\npm-cache","TMP":"D:\\jail\\m-reownappkit-mtrwl0yg\\tmp","TEMP":"D:\\jail\\m-reownappkit-mtrwl0yg\\tmp","TMPDIR":"D:\\jail\\m-reownappkit-mtrwl0yg\\tmp"},"unset":["CI","GITHUB_ACTIONS"],"notRedirected":{"USERPROFILE":"C:\\Users\\runneradmin","why":"the jail leaves HOME/USERPROFILE alone — `build_jail.rs` sandbox_homes() reads the ambient value and `compiler/defaults.rs` BASELINE_ENV_EXACT passes it through — so there is no private jail home to reproduce and redirecting one would measure an environment no confined script sees"},"passedThrough":{"CI":"true","GITHUB_ACTIONS":"true","NODE_ENV":null}}
  STORE   isolated virtual store at D:\jail\m-reownappkit-mtrwl0yg\verify-synth\.cache
  VENUE-STORE-LAYOUT isolated
OSV-SCREEN {"schemaVersion":1,"kind":"nub-synth-resolved","status":"clean","digest":"7ea198c14abb07460b18ddd69cc8d83a67854287ae902ab50c1f469b4d43fd87","specCount":162,"lockfiles":{"digest":"e9a39411a010eeb2aa8bc25d8a68486f14bd1a2f8d11957dabab77d3c313bb6e","files":[{"path":"nub.lock","sha256":"204dbe21051c7dd419cf6af0d2b08523c0ae9dafd09b45879d4553549643b1f2","bytes":52984}]},"maliciousAdvisories":[],"screenedAt":"2026-09-08T00:00:46.397Z","cacheHit":true,"clearancePath":"D:\\jail\\m-reownappkit-mtrwl0yg\\security\\nub-synth-resolved.json"}
  SECURITY nub-synth-resolved clean: 162 exact package-version(s), tree 7ea198c14abb (cached exact-tree clearance)
  VERIFY[synth] rc=0 artifacts=147/147 missing=0 shortfall=none (tree 70710/37452) OVERRIDDEN=2 REJECTED=0 grant={}
  => MINIMUM {}   (observed, then verified)
  DESCEND   grant is already empty — nothing to narrow; MINIMAL by construction.
