OSV-SCREEN {"schemaVersion":1,"kind":"direct","status":"clean","digest":"c622e64effa51a6cda77f0aee537a80cc9fa8f229f55c1f62fbd3798b5be3f73","specCount":1,"lockfiles":{"digest":null,"files":[]},"maliciousAdvisories":[],"screenedAt":"2026-09-08T10:23:16.161Z","cacheHit":false,"clearancePath":"/Users/runner/v2m-CHQIlY/security/direct.json"}
  SECURITY direct clean: 1 exact package-version(s), tree c622e64effa5
### @ast-grep/cli@0.27.1   (/Users/runner/v2m-CHQIlY)   nub=/tmp/nub/target/release/nub
  VENUE-NUB-BINARY {"path":"/tmp/nub/target/release/nub","sha256":"f923f9d246b7061a3e88675efb7b4fdcda741d02368002ce6e7f7044b01e7bbe","bytes":93818888,"features":{"buildJailCatalogOverride":true,"pythonDontWriteBytecodeEnv":true}}
  CI-ENV scrubbed: CI GITHUB_ACTIONS
  --- fbt preflight (advisory; never fails the run) ---
     csrutil: System Integrity Protection status: disabled.
     fbt probes visible: 93591
     fbt enable attempt: dtrace: description 'fbt:::entry ' matched 50364 probes CPU     ID                    FUNCTION:NAME 
     cwd builtin value:  
     fbt chdir symbols:  
     fbt fires on spawn-with-cwd: dtrace: invalid probe specifier fbt::chdir*:entry /progenyof($target)/ { @[probefunc] = count(); }: probe description fbt::chdir*:entry does not match any probes 
  --- end fbt preflight ---
OSV-SCREEN {"schemaVersion":1,"kind":"npm-observe-resolved","status":"clean","digest":"0a5cf5faace2071d5a6818c67a256a4b2ee2527ae5b32e66a96317d7b8263998","specCount":3,"lockfiles":{"digest":"ae6c36a5c502b1e9e25b1d74516142509418775b68fc261481311f84f7668ba9","files":[{"path":"package-lock.json","sha256":"d1a941566ab1ff0ee40e321cfffd236c904a3fef5940e41dbbec60afcfad94d9","bytes":4878}]},"maliciousAdvisories":[],"screenedAt":"2026-09-08T10:23:21.478Z","cacheHit":false,"clearancePath":"/Users/runner/v2m-CHQIlY/security/npm-observe-resolved.json"}
  SECURITY npm-observe-resolved clean: 3 exact package-version(s), tree 0a5cf5faace2
  VENUE-CI-CHILD clean (no CI-detection variable reaches the traced script)
  --- wrapper (run.sh) ---
     cd "/Users/runner/v2m-CHQIlY/Observe"
     sudo -u "runner" -H env "PATH=$PATH"   "HOME=/Users/runner/v2m-CHQIlY/jailhome"   "TMPDIR=/private/var/folders/bl/vzjcvbz95c3dk19cb0fw46180000gn/T/nub-tmp-obsfEo5aY"   "NODE_COMPAT=1"   "PYTHONDONTWRITEBYTECODE=1"   "PLAYWRIGHT_BROWSERS_PATH=/Users/runner/.cache/nub/pm/tools/ms-playwright"   "ELECTRON_CACHE=/Users/runner/.cache/nub/pm/tools/electron-cache"   "electron_config_cache=/Users/runner/.cache/nub/pm/tools/electron-cache"   "npm_config_prefix=/Users/runner/.cache/nub/pm/tools/npm-prefix"   "/Users/runner/hostedtoolcache/node/22.23.2/arm64/bin/npm" rebuild --no-audit --no-fund "@ast-grep/cli" > "/Users/runner/v2m-CHQIlY/Observe/npm.log" 2>&1
     echo $? > "/Users/runner/v2m-CHQIlY/Observe/rc"
  --- dtrace stderr + wrapper trace ---
     + cd /Users/runner/v2m-CHQIlY/Observe
     + sudo -u runner -H env PATH=/Users/runner/hostedtoolcache/node/22.23.2/arm64/bin:/opt/homebrew/lib/ruby/gems/3.3.0/bin:/opt/homebrew/opt/ruby@3.3/bin:/Users/runner/.local/bin:/opt/homebrew/bin:/opt/homebrew/sbin:/Users/runner/.cargo/bin:/usr/local/opt/curl/bin:/usr/local/bin:/usr/local/sbin:/Users/runner/bin:/Users/runner/.yarn/bin:/Users/runner/Library/Android/sdk/tools:/Users/runner/Library/Android/sdk/platform-tools:/Library/Frameworks/Python.framework/Versions/Current/bin:/Library/Frameworks/Mono.framework/Versions/Current/Commands:/usr/bin:/bin:/usr/sbin:/sbin:/Users/runner/.dotnet/tools HOME=/Users/runner/v2m-CHQIlY/jailhome TMPDIR=/private/var/folders/bl/vzjcvbz95c3dk19cb0fw46180000gn/T/nub-tmp-obsfEo5aY NODE_COMPAT=1 PYTHONDONTWRITEBYTECODE=1 PLAYWRIGHT_BROWSERS_PATH=/Users/runner/.cache/nub/pm/tools/ms-playwright ELECTRON_CACHE=/Users/runner/.cache/nub/pm/tools/electron-cache electron_config_cache=/Users/runner/.cache/nub/pm/tools/electron-cache npm_config_prefix=/Users/runner/.cache/nub/pm/tools/npm-prefix /Users/runner/hostedtoolcache/node/22.23.2/arm64/bin/npm rebuild --no-audit --no-fund @ast-grep/cli
     dtrace: error on enabled probe ID 128 (ID 286: syscall::execve:entry): invalid address (0x6000025e8000) in action #1 at DIF offset 20
     + echo 0
  OBSERVE   rc=0 dtrace_rc=0 files=25 (pre=23) trace=11914 lines
  CLOSURE   3 packages evicted per arm   store=/Users/runner/.cache/nub/pm/store
  RAWLOG-FILE /Users/runner/v2m-CHQIlY/Observe/trace.txt.gz
  RAWLOG-CAPTURE /Users/runner/v2m-CHQIlY/Observe/capture.json
  RAWLOG-BYTES raw=2066528 gz=64452
  VENUE-INTERPRETER /Users/runner/hostedtoolcache/node/22.23.2/arm64
  VENUE-OVERRIDES {"set":{"PATH":"inherited-and-forwarded","HOME":"/Users/runner/v2m-CHQIlY/jailhome","TMPDIR":"/private/var/folders/bl/vzjcvbz95c3dk19cb0fw46180000gn/T/nub-tmp-obsfEo5aY","NODE_COMPAT":"1","PYTHONDONTWRITEBYTECODE":"1","PLAYWRIGHT_BROWSERS_PATH":"/Users/runner/.cache/nub/pm/tools/ms-playwright","ELECTRON_CACHE":"/Users/runner/.cache/nub/pm/tools/electron-cache","electron_config_cache":"/Users/runner/.cache/nub/pm/tools/electron-cache","npm_config_prefix":"/Users/runner/.cache/nub/pm/tools/npm-prefix"},"unset":["(sudo env_reset discards the caller environment; every var above is re-set after it)","CI","GITHUB_ACTIONS"],"passedThrough":{"CI":"true","GITHUB_ACTIONS":"true","NODE_ENV":null}}
  VENUE-OBSERVE-USER runner uid=501 (R7: ordinary non-root user, asserted)
  ARM-FALSIFIABILITY {"manifestFiles":5,"filesTheScriptProduced":2,"reasons":[]}
  EVENTLOG-FILE /Users/runner/v2m-CHQIlY/Observe/events.ndjson.gz
  EVENTLOG-STATS {"lines":11915,"parsed":11897,"unparsed":0,"live":true,"tracerErrors":1,"tracerErrorTotal":1,"unresolvedDirfd":21,"unresolvedFd":0,"pairedTwoPath":541,"danglingPair":0,"failed":4557,"enoent":4553,"refusals":0,"byErrno":{"ENXIO":3,"ENOENT":4553,"EEXIST":1},"procs":5,"lifecyclePids":1,"distinctEvents":5298,"emitted":5298,"calls":11344,"bytes":1092652,"gzipBytes":36572,"out":"/Users/runner/v2m-CHQIlY/Observe/events.ndjson"}
  == TRACER == live=true decodable-events=3120 dropped-events=1
    NOTE 14 relative path(s) under a non-AT_FDCWD dirfd were not
       scope-assigned: resolving them against the cwd would invent a path.
    ⛔ CWD-UNOBSERVED 2 relative path(s) (0 write(s)) came from a lifecycle
       process whose own cwd was never observed
       macOS spawns with posix_spawn addchdir_np, which changes directory in-kernel and
       emits no chdir syscall, so the inherited cwd cannot be trusted. These are NOT
       scope-assigned; the grant below is WIDENED instead so it covers wherever they landed.
         pid=11919 read  unproven .
         pid=11919 read  unproven .
    ⛔ THE TRACER DROPPED 1 EVENT(S). A dropped event is a path never
       seen, so the grant below can only be too NARROW — the direction that breaks installs.
       Treat it as a FLOOR, not a measurement, until the adapter fault is fixed:
             1 x  epid=128 action=1 fault=1 addr=0x6000025e8000
  == ATTRIBUTION == lifecycle pids: 1
    writes  script 3  /  whole traced subtree 1093
    sockets script 0  /  whole traced subtree 1
  == ROOTS (from /Users/runner/v2m-CHQIlY/Observe/capture.json; the classifier reads no other source) ==
    project       /Users/runner/v2m-CHQIlY/Observe
    home          /Users/runner
    jailHome      /Users/runner/v2m-CHQIlY/jailhome
    globalStore   /Users/runner/.cache/nub/pm/store
    projectStore  /Users/runner/v2m-CHQIlY/Observe/node_modules/.store
    interpreter   /Users/runner/hostedtoolcache/node/22.23.2/arm64
    toolsDir      /Users/runner/.cache/nub/pm/tools
    temp          /private/var/folders/bl/vzjcvbz95c3dk19cb0fw46180000gn/T/nub-tmp-obsfEo5aY
    npmPrefix     /Users/runner/.cache/nub/pm/tools/npm-prefix
    ownPkg        /Users/runner/v2m-CHQIlY/Observe/node_modules/@ast-grep/cli
    cwd           (null — this platform has no such root)
  == WRITES the script actually performed ==
    systemfs      1
        /dev/dtracehelper
    ownPkg        2  (base profile already grants this — NOT billed)
        /Users/runner/v2m-CHQIlY/Observe/node_modules/@ast-grep/cli/sg
        /Users/runner/v2m-CHQIlY/Observe/node_modules/@ast-grep/cli/ast-grep
  == READS the script performed, by scope ==
    outside       3
    systemfs      7
    userHome      2
    ownPkg        2
    deps          2
        outside: /
        outside: /bin/bash
        outside: /bin
  == NETWORK ==
    AF_INET connects: 0   distinct peers: 0
  == REFUSALS (errno EPERM/EACCES/EROFS only; ENOENT is a miss, not a denial) ==
    distinct: 0
  == SYNTHESIZED GRANT (verify this in the real unprivileged jail) ==
    {}
  == writePaths (DERIVED — promotion out of the package's PRIVATE home) ==
    private-home writes observed: 0
    none declared — the script wrote nothing into its private home — there is nothing to promote
  == writePaths FEASIBILITY (distinct writes outside project/deps) ==
    count: 0
  EVICT[synth] 0 store entries removed, 0 spared as nub tooling, 163 in store
OSV-SCREEN {"schemaVersion":1,"kind":"nub-synth-resolved","status":"clean","digest":"0a5cf5faace2071d5a6818c67a256a4b2ee2527ae5b32e66a96317d7b8263998","specCount":3,"lockfiles":{"digest":"9dd31c4b392d91872b7c2058e8e8c2f48079564c4f6c044718a35e3cc1f15a25","files":[{"path":"nub.lock","sha256":"3b76aaca2340817d1a36ad7a42ef4f3f947ea9a2d081a0a9da8789405d298ccc","bytes":3089}]},"maliciousAdvisories":[],"screenedAt":"2026-09-08T10:23:21.478Z","cacheHit":true,"clearancePath":"/Users/runner/v2m-CHQIlY/security/nub-synth-resolved.json"}
  SECURITY nub-synth-resolved clean: 3 exact package-version(s), tree 0a5cf5faace2 (cached exact-tree clearance)
  VENUE-STORE-LAYOUT isolated
  VERIFY[synth] rc=0 artifacts=5/5 missing=0 shortfall=none (tree 66/25) OVERRIDDEN=3 REJECTED=0 grant={}
  => VERIFIED {}
  NARROW    no capability to drop — the grant is already empty; over-prediction is 0 by construction
### DONE @ast-grep/cli@0.27.1  synthesized={} verified=1
