### @carbon/icons-react@10.49.6   (D:\jail\m-carboniconsreact-mtrnv0jr)
  CI-ENV scrubbed: CI GITHUB_ACTIONS
OSV-SCREEN {"schemaVersion":1,"kind":"direct","status":"clean","digest":"b69779739134c6ab5e8622693fb9b6298b3e18dbc2399a02d165a5022476ec2b","specCount":1,"lockfiles":{"digest":null,"files":[]},"maliciousAdvisories":[],"screenedAt":"2026-09-07T19:56:03.093Z","cacheHit":false,"clearancePath":"D:\\jail\\m-carboniconsreact-mtrnv0jr\\security\\direct.json"}
  SECURITY direct clean: 1 exact package-version(s), tree b69779739134
OSV-SCREEN {"schemaVersion":1,"kind":"npm-observe-resolved","status":"clean","digest":"565089d832caf6af49d2344ff113e3f0a7531c4b743ac10f9703cfec2bb9ee51","specCount":9,"lockfiles":{"digest":"210de933c1c79ca78009eaf67b419768790fb13f266d01b4f864d1a45bf92290","files":[{"path":"package-lock.json","sha256":"351a67ef68202be20ac869b9f9e42465c8602b7e80b74e052a8a0a8943be9afb","bytes":3731}]},"maliciousAdvisories":[],"screenedAt":"2026-09-07T19:56:27.750Z","cacheHit":false,"clearancePath":"D:\\jail\\m-carboniconsreact-mtrnv0jr\\security\\npm-observe-resolved.json"}
  SECURITY npm-observe-resolved clean: 9 exact package-version(s), tree 565089d832ca
  CAPTURE user=runnervmeef0v\runneradmin elevated=True rootPid=10204 exit=0 events=22373 lost=0
  VENUE-OBSERVE-USER runnervmeef0v\runneradmin elevated=true privDropped={"SeBackupPrivilege":"removed","SeRestorePrivilege":"removed","SeTakeOwnershipPrivilege":"removed"}
  OBSERVE artifacts: 20217 files  (D:\jail\m-carboniconsreact-mtrnv0jr\observe\node_modules\@carbon\icons-react)
  ARM-FALSIFIABILITY {"manifestFiles":20217,"filesTheScriptProduced":0,"reasons":["gate-vacuous"]}
  ⛔ ARMS-UNFALSIFIABLE — a green arm for this package carries no evidence:
       gate-vacuous: the script changed no file the artifact gate keys on — every file in the manifest (20217) was already present at its final size before the script ran, so the gate passes in every arm including a completely broken one
       The grant may still be correct; what is missing is a signal that could have gone
       red. Do not read this record's MINIMAL as a passing measurement.
  CLOSURE 9 packages evicted per arm
  8.3 MAP 0 components resolved on runnervmeef0v, folded into capture.json
  == ROOTS (from capture.json — R2: no ambient reads) ==
    project       D:\jail\m-carboniconsreact-mtrnv0jr\observe   [keyed on]
    home          C:\Users\runneradmin   [keyed on]
    jailHome      (null — declared inapplicable)
    globalStore   C:\Users\runneradmin\AppData\Local\nub\pm\store
    projectStore  D:\jail\m-carboniconsreact-mtrnv0jr\observe\node_modules\.store
    interpreter   C:\hostedtoolcache\windows\node\22.23.2\x64\node.exe
    toolsDir      C:\Users\runneradmin\AppData\Local\nub\pm\tools
    temp          D:\jail\m-carboniconsreact-mtrnv0jr\tmp   [keyed on]
    npmPrefix     (null — declared inapplicable)
    ownPkg        D:\jail\m-carboniconsreact-mtrnv0jr\observe\node_modules\@carbon\icons-react
  == ATTRIBUTION == lifecycle pids: 2 (root 10204)
    writes  script 0  /  whole traced tree 6
    peers   script 0  /  whole traced tree 0
  == WRITES ==
  == READS ==
    deps          9
    outside       6
    project       1
    systemfs     28
  == NETWORK ==
    distinct peers: 0
  == REFUSALS (adapter-classified) ==
    distinct: 0
  == SYNTHESIZED GRANT (verify this in the real unprivileged jail) ==
    {}
  RAW       etw-raw.xml.gz  28538579 B xml -> 416289 B gz (68.6x)  sha256 e120ca1265e35f55…
  HEADER    etw-header.json (5132 bytes)
  DERIVED   5286 distinct from 6691 kept ops (22373 xml events, 1657 out of subtree)
  PROCS     4   thread-reattributed 0
  ⛔ 1 handle ops whose path no table could supply
  8.3       0 expanded, 0 kept short, 0 not covered  [map: recorded 8.3 map (0 components, resolved on runnervmeef0v)]
  wrote events.ndjson.gz (67024 bytes)
  RAWLOG-CAPTURE D:\jail\m-carboniconsreact-mtrnv0jr\cap\capture.json
  VENUE-NUB-BINARY {"path":"C:/Users/RUNNER~1/AppData/Local/Temp/nub/target/release/nub.exe","sha256":"f186817a44be332fee712b4936a071a0b5f9cde18a1d2fdc3a791729d4bf1005","bytes":68717056,"features":{"buildJailCatalogOverride":true,"pythonDontWriteBytecodeEnv":true}}
  VENUE-INTERPRETER C:\hostedtoolcache\windows\node\22.23.2\x64\node.exe
  VENUE-JAIL-ROOT D:\jail\m-carboniconsreact-mtrnv0jr
  VENUE-OVERRIDES {"set":{"npm_config_cache":"D:\\jail\\m-carboniconsreact-mtrnv0jr\\npm-cache","TMP":"D:\\jail\\m-carboniconsreact-mtrnv0jr\\tmp","TEMP":"D:\\jail\\m-carboniconsreact-mtrnv0jr\\tmp","TMPDIR":"D:\\jail\\m-carboniconsreact-mtrnv0jr\\tmp"},"unset":["CI","GITHUB_ACTIONS"],"notRedirected":{"USERPROFILE":"C:\\Users\\runneradmin","why":"the jail leaves HOME/USERPROFILE alone — `build_jail.rs` sandbox_homes() reads the ambient value and `compiler/defaults.rs` BASELINE_ENV_EXACT passes it through — so there is no private jail home to reproduce and redirecting one would measure an environment no confined script sees"},"passedThrough":{"CI":"true","GITHUB_ACTIONS":"true","NODE_ENV":null}}
  scaffold: 1 dependency package(s) with lifecycle scripts granted a fixed wide grant
  STORE   isolated virtual store at D:\jail\m-carboniconsreact-mtrnv0jr\verify-synth\.cache
  VENUE-STORE-LAYOUT isolated
OSV-SCREEN {"schemaVersion":1,"kind":"nub-synth-resolved","status":"clean","digest":"565089d832caf6af49d2344ff113e3f0a7531c4b743ac10f9703cfec2bb9ee51","specCount":9,"lockfiles":{"digest":"dcd2ba9b6bb4f85a02e5567f1e2f6834baebe806dd423dca80885eb1d1da8a08","files":[{"path":"nub.lock","sha256":"8eb4c0760358ee8676fe9d72b5614b0acf811920ccd33c5ba64a7c546395aeaa","bytes":2318}]},"maliciousAdvisories":[],"screenedAt":"2026-09-07T19:56:27.750Z","cacheHit":true,"clearancePath":"D:\\jail\\m-carboniconsreact-mtrnv0jr\\security\\nub-synth-resolved.json"}
  SECURITY nub-synth-resolved clean: 9 exact package-version(s), tree 565089d832ca (cached exact-tree clearance)
  VERIFY[synth] rc=0 artifacts=20217/20217 missing=0 shortfall=none (tree 46251/20321) OVERRIDDEN=2 REJECTED=0 grant={}
  => MINIMUM {}   (observed, then verified)
  DESCEND   grant is already empty — nothing to narrow; MINIMAL by construction.
