### electron-chromedriver@22.3.27   (D:\jail\m-electronchromedriver-mts9lxdt)
  CI-ENV scrubbed: CI GITHUB_ACTIONS
OSV-SCREEN {"schemaVersion":1,"kind":"direct","status":"clean","digest":"3f717e0e2c900139e66e5b75f1632c6ed5ff9c0ef04e81520c110060db0b20ed","specCount":1,"lockfiles":{"digest":null,"files":[]},"maliciousAdvisories":[],"screenedAt":"2026-09-08T06:04:50.660Z","cacheHit":false,"clearancePath":"D:\\jail\\m-electronchromedriver-mts9lxdt\\security\\direct.json"}
  SECURITY direct clean: 1 exact package-version(s), tree 3f717e0e2c90
OSV-SCREEN {"schemaVersion":1,"kind":"npm-observe-resolved","status":"clean","digest":"9e5d3a90d5d231a3fc7c93567d624fe70d69fe910103a771450ad8303532ebeb","specCount":70,"lockfiles":{"digest":"4993c7f0162132562fb4f096c65ed0eb0b7fd3869f1b5edef25b715f101a671e","files":[{"path":"package-lock.json","sha256":"63e3fdd721190a6cd0daf5ff15ab6c50ea9bcaf6d98b939f00a6d16d82d1287c","bytes":29418}]},"maliciousAdvisories":[],"screenedAt":"2026-09-08T06:04:54.136Z","cacheHit":false,"clearancePath":"D:\\jail\\m-electronchromedriver-mts9lxdt\\security\\npm-observe-resolved.json"}
  SECURITY npm-observe-resolved clean: 70 exact package-version(s), tree 9e5d3a90d5d2
  CAPTURE user=runnervmeef0v\runneradmin elevated=True rootPid=2876 exit=0 events=35367 lost=0
  VENUE-OBSERVE-USER runnervmeef0v\runneradmin elevated=true privDropped={"SeBackupPrivilege":"removed","SeRestorePrivilege":"removed","SeTakeOwnershipPrivilege":"removed"}
  OBSERVE artifacts: 11 files  (D:\jail\m-electronchromedriver-mts9lxdt\observe\node_modules\electron-chromedriver)
  ARM-FALSIFIABILITY {"manifestFiles":11,"filesTheScriptProduced":6,"reasons":[]}
  CLOSURE 68 packages evicted per arm
  8.3 MAP 0 components resolved on runnervmeef0v, folded into capture.json
  == ROOTS (from capture.json — R2: no ambient reads) ==
    project       D:\jail\m-electronchromedriver-mts9lxdt\observe   [keyed on]
    home          C:\Users\runneradmin   [keyed on]
    jailHome      (null — declared inapplicable)
    globalStore   C:\Users\runneradmin\AppData\Local\nub\pm\store
    projectStore  D:\jail\m-electronchromedriver-mts9lxdt\observe\node_modules\.store
    interpreter   C:\hostedtoolcache\windows\node\22.23.2\x64\node.exe
    toolsDir      C:\Users\runneradmin\AppData\Local\nub\pm\tools
    temp          D:\jail\m-electronchromedriver-mts9lxdt\tmp   [keyed on]
    npmPrefix     (null — declared inapplicable)
    ownPkg        D:\jail\m-electronchromedriver-mts9lxdt\observe\node_modules\electron-chromedriver
  == ATTRIBUTION == lifecycle pids: 2 (root 2876)
    writes  script 21  /  whole traced tree 32
    peers   script 2  /  whole traced tree 2
  == WRITES ==
    jailTmp       6
    userHome      5
    deps         10
  == READS ==
    deps        163
    outside      12
    project       1
    systemfs     29
    jailTmp       6
    userHome      3
  == NETWORK ==
    distinct peers: 2
        140.82.112.3:443
        185.199.110.133:443
  == REFUSALS (adapter-classified) ==
    distinct: 0
  == SYNTHESIZED GRANT (verify this in the real unprivileged jail) ==
    {"write":{"deps":true,"userHome":true},"network":true}
    NOTE 6 writes into the DECLARED private temp -- the base profile grants
         that directory unconditionally (preset.rs `$tmp`=rw), so they widen nothing.
  RAW       etw-raw.xml.gz  45596896 B xml -> 676043 B gz (67.4x)  sha256 a31ccea402b8b3f3…
  HEADER    etw-header.json (5161 bytes)
  DERIVED   6163 distinct from 12980 kept ops (35367 xml events, 1795 out of subtree)
  PROCS     4   thread-reattributed 15
  ⛔ 1 operations with NO OperationEnd — kept, status marked unknown
  ⛔ 1 handle ops whose path no table could supply
  8.3       0 expanded, 0 kept short, 0 not covered  [map: recorded 8.3 map (0 components, resolved on runnervmeef0v)]
  wrote events.ndjson.gz (78564 bytes)
  RAWLOG-CAPTURE D:\jail\m-electronchromedriver-mts9lxdt\cap\capture.json
  VENUE-NUB-BINARY {"path":"C:/Users/RUNNER~1/AppData/Local/Temp/nub/target/release/nub.exe","sha256":"f186817a44be332fee712b4936a071a0b5f9cde18a1d2fdc3a791729d4bf1005","bytes":68717056,"features":{"buildJailCatalogOverride":true,"pythonDontWriteBytecodeEnv":true}}
  VENUE-INTERPRETER C:\hostedtoolcache\windows\node\22.23.2\x64\node.exe
  VENUE-JAIL-ROOT D:\jail\m-electronchromedriver-mts9lxdt
  VENUE-OVERRIDES {"set":{"npm_config_cache":"D:\\jail\\m-electronchromedriver-mts9lxdt\\npm-cache","TMP":"D:\\jail\\m-electronchromedriver-mts9lxdt\\tmp","TEMP":"D:\\jail\\m-electronchromedriver-mts9lxdt\\tmp","TMPDIR":"D:\\jail\\m-electronchromedriver-mts9lxdt\\tmp"},"unset":["CI","GITHUB_ACTIONS"],"notRedirected":{"USERPROFILE":"C:\\Users\\runneradmin","why":"the jail leaves HOME/USERPROFILE alone — `build_jail.rs` sandbox_homes() reads the ambient value and `compiler/defaults.rs` BASELINE_ENV_EXACT passes it through — so there is no private jail home to reproduce and redirecting one would measure an environment no confined script sees"},"passedThrough":{"CI":"true","GITHUB_ACTIONS":"true","NODE_ENV":null}}
  STORE   isolated virtual store at D:\jail\m-electronchromedriver-mts9lxdt\verify-synth\.cache
  VENUE-STORE-LAYOUT isolated
OSV-SCREEN {"schemaVersion":1,"kind":"nub-synth-resolved","status":"clean","digest":"3f09f5ae15cdff56590401b1befc2089d1fb958a449f763efcab6204bfc9dca9","specCount":70,"lockfiles":{"digest":"ea6cb3eb28d58066e9e2507e5ce1e6c7a8bdb08778da7d2e124ee04318895b77","files":[{"path":"nub.lock","sha256":"9e6f9b1e7a06af0b018da26d49b737ee80e25f80d5e4891ff754bf5beb6f028b","bytes":17224}]},"maliciousAdvisories":[],"screenedAt":"2026-09-08T06:05:05.666Z","cacheHit":false,"clearancePath":"D:\\jail\\m-electronchromedriver-mts9lxdt\\security\\nub-synth-resolved.json"}
  SECURITY nub-synth-resolved clean: 70 exact package-version(s), tree 3f09f5ae15cd
  VERIFY[synth] rc=0 artifacts=11/11 missing=0 shortfall=none (tree 6908/894) OVERRIDDEN=2 REJECTED=0 grant={"write":{"deps":true,"userHome":true},"network":true}
  => MINIMUM {"write":{"deps":true,"userHome":true},"network":true}   (observed, then verified)
  STORE   isolated virtual store at D:\jail\m-electronchromedriver-mts9lxdt\verify-nar-no-network\.cache
OSV-SCREEN {"schemaVersion":1,"kind":"nub-nar-no-network-resolved","status":"clean","digest":"3f09f5ae15cdff56590401b1befc2089d1fb958a449f763efcab6204bfc9dca9","specCount":70,"lockfiles":{"digest":"ea6cb3eb28d58066e9e2507e5ce1e6c7a8bdb08778da7d2e124ee04318895b77","files":[{"path":"nub.lock","sha256":"9e6f9b1e7a06af0b018da26d49b737ee80e25f80d5e4891ff754bf5beb6f028b","bytes":17224}]},"maliciousAdvisories":[],"screenedAt":"2026-09-08T06:05:05.666Z","cacheHit":true,"clearancePath":"D:\\jail\\m-electronchromedriver-mts9lxdt\\security\\nub-nar-no-network-resolved.json"}
  SECURITY nub-nar-no-network-resolved clean: 70 exact package-version(s), tree 3f09f5ae15cd (cached exact-tree clearance)
  VERIFY[nar-no-network] rc=1 artifacts=5/11 missing=6 shortfall=33cf23f5ec03 (tree 6902/894) OVERRIDDEN=2 REJECTED=0 grant={"write":{"deps":true,"userHome":true}}
     missing artifacts: bin/chromedriver.exe, bin/ffmpeg.dll, bin/gen/electron/buildflags/buildflags.h, bin/icudtl.dat, bin/LICENSE, bin/LICENSES.chromium.html
     'no-network' is NECESSARY — dropping it fails to verify
  STORE   isolated virtual store at D:\jail\m-electronchromedriver-mts9lxdt\verify-nar-no-write-deps\.cache
OSV-SCREEN {"schemaVersion":1,"kind":"nub-nar-no-write-deps-resolved","status":"clean","digest":"3f09f5ae15cdff56590401b1befc2089d1fb958a449f763efcab6204bfc9dca9","specCount":70,"lockfiles":{"digest":"ea6cb3eb28d58066e9e2507e5ce1e6c7a8bdb08778da7d2e124ee04318895b77","files":[{"path":"nub.lock","sha256":"9e6f9b1e7a06af0b018da26d49b737ee80e25f80d5e4891ff754bf5beb6f028b","bytes":17224}]},"maliciousAdvisories":[],"screenedAt":"2026-09-08T06:05:05.666Z","cacheHit":true,"clearancePath":"D:\\jail\\m-electronchromedriver-mts9lxdt\\security\\nub-nar-no-write-deps-resolved.json"}
  SECURITY nub-nar-no-write-deps-resolved clean: 70 exact package-version(s), tree 3f09f5ae15cd (cached exact-tree clearance)
  VERIFY[nar-no-write-deps] rc=0 artifacts=11/11 missing=0 shortfall=none (tree 6908/894) OVERRIDDEN=2 REJECTED=0 grant={"write":{"userHome":true},"network":true}
     ⛔ OVER-PREDICTED — the strictly narrower {"write":{"userHome":true},"network":true} also verifies; 'no-write-deps' was not needed
  STORE   isolated virtual store at D:\jail\m-electronchromedriver-mts9lxdt\verify-nar-no-write-userHome\.cache
OSV-SCREEN {"schemaVersion":1,"kind":"nub-nar-no-write-userHome-resolved","status":"clean","digest":"3f09f5ae15cdff56590401b1befc2089d1fb958a449f763efcab6204bfc9dca9","specCount":70,"lockfiles":{"digest":"ea6cb3eb28d58066e9e2507e5ce1e6c7a8bdb08778da7d2e124ee04318895b77","files":[{"path":"nub.lock","sha256":"9e6f9b1e7a06af0b018da26d49b737ee80e25f80d5e4891ff754bf5beb6f028b","bytes":17224}]},"maliciousAdvisories":[],"screenedAt":"2026-09-08T06:05:05.666Z","cacheHit":true,"clearancePath":"D:\\jail\\m-electronchromedriver-mts9lxdt\\security\\nub-nar-no-write-userHome-resolved.json"}
  SECURITY nub-nar-no-write-userHome-resolved clean: 70 exact package-version(s), tree 3f09f5ae15cd (cached exact-tree clearance)
  VERIFY[nar-no-write-userHome] rc=0 artifacts=11/11 missing=0 shortfall=none (tree 6908/894) OVERRIDDEN=2 REJECTED=0 grant={"write":{"deps":true},"network":true}
     ⛔ OVER-PREDICTED — the strictly narrower {"write":{"deps":true},"network":true} also verifies; 'no-write-userHome' was not needed
  STORE   isolated virtual store at D:\jail\m-electronchromedriver-mts9lxdt\verify-joint-narrow\.cache
OSV-SCREEN {"schemaVersion":1,"kind":"nub-joint-narrow-resolved","status":"clean","digest":"3f09f5ae15cdff56590401b1befc2089d1fb958a449f763efcab6204bfc9dca9","specCount":70,"lockfiles":{"digest":"ea6cb3eb28d58066e9e2507e5ce1e6c7a8bdb08778da7d2e124ee04318895b77","files":[{"path":"nub.lock","sha256":"9e6f9b1e7a06af0b018da26d49b737ee80e25f80d5e4891ff754bf5beb6f028b","bytes":17224}]},"maliciousAdvisories":[],"screenedAt":"2026-09-08T06:05:05.666Z","cacheHit":true,"clearancePath":"D:\\jail\\m-electronchromedriver-mts9lxdt\\security\\nub-joint-narrow-resolved.json"}
  SECURITY nub-joint-narrow-resolved clean: 70 exact package-version(s), tree 3f09f5ae15cd (cached exact-tree clearance)
  VERIFY[joint-narrow] rc=0 artifacts=11/11 missing=0 shortfall=none (tree 6908/894) OVERRIDDEN=2 REJECTED=0 grant={"network":true}
  => JOINT-NARROW VERIFIED {"network":true} — all 2 capabilities drop TOGETHER, measured
