  HARNESS-NODE /opt/hostedtoolcache/node/22.23.2/x64/bin/node (v22.23.2); arm-cap present
  ERA-NODE PINNED 12.22.12 (provisioned) (arms will run: v12.22.12)
  ERA-PYTHON /opt/hostedtoolcache/Python/3.9.25/x64/bin/python (Python 3.9.25) for era Node 12, whose node-gyp requires python3-legacy
  ARM-MAKE /usr/bin/gmake (GNU Make 4.3) — the system make; a build needing GNU Make 4 WILL fail here
### jpegtran-bin@5.0.2   (/home/runner/v2-OpVLit)
  CI-ENV scrubbed: CI GITHUB_ACTIONS
OSV-SCREEN {"schemaVersion":1,"kind":"direct","status":"clean","digest":"a6c2939551d813fc98341888048bf29cca40ba17629861ccf6436b447ab3bd93","specCount":1,"lockfiles":{"digest":null,"files":[]},"maliciousAdvisories":[],"screenedAt":"2026-08-29T23:59:06.512Z","cacheHit":false,"clearancePath":"/home/runner/v2-OpVLit/security/direct.json"}
  SECURITY direct clean: 1 exact package-version(s), tree a6c2939551d8
  VENUE-OBSERVE-USER {"uid":1001,"user":"runner","umask":"0022","capBnd":"000001ffffffffff","noNewPrivs":"0"}
  VENUE-NUB-BINARY {"path":"/tmp/nub/target/release/nub","sha256":"bed0d624b324fb3de83de474ff73731ad2f1fd040ff548bb0158e2baf850701d","bytes":208304640,"features":{"buildJailCatalogOverride":true,"pythonDontWriteBytecodeEnv":true}}
  ERA-RESOLUTION DATED 2020-07-01T03:36:24.201Z (deps as of the package's own publish date + 1d)
OSV-SCREEN {"schemaVersion":1,"kind":"npm-observe-resolved","status":"clean","digest":"99b7dd013c88f2c8f7781a9114cf8ed46ba46474c303b0b24ff606a05e89a9e6","specCount":201,"lockfiles":{"digest":"0bd102972b51c407e21870fe0879c7cbc97527c721cca54512cde6041c8ee875","files":[{"path":"package-lock.json","sha256":"0d23c36ca15c1652c60baa2e481e2f3969229c6c1d1f4fac1f150582a04240ac","bytes":85176}]},"maliciousAdvisories":[],"screenedAt":"2026-08-29T23:59:09.238Z","cacheHit":false,"clearancePath":"/home/runner/v2-OpVLit/security/npm-observe-resolved.json"}
  SECURITY npm-observe-resolved clean: 201 exact package-version(s), tree 99b7dd013c88
  ARM-PATH SANITISED (nothing to drop)
  ARM-AMBIENT-TOOLS 7 leaked: tsc=/usr/local/bin/tsc grunt=/usr/local/bin/grunt gulp=/usr/local/bin/gulp webpack=/usr/local/bin/webpack lerna=/usr/local/bin/lerna yarn=/usr/local/bin/yarn pulumi=/usr/local/bin/pulumi
  ARM-SCAFFOLD none
  ARM-UNPROVIDABLE none
  OBSERVE   rc=0 files=1186 trace=11203 lines
  CLOSURE   182 packages evicted per arm
  ARM-FALSIFIABILITY {"manifestFiles":12,"filesTheScriptProduced":1,"reasons":[]}
  RAWLOG-FILE /home/runner/v2-OpVLit/observe/trace.txt.gz
  RAWLOG-CAPTURE /home/runner/v2-OpVLit/observe/capture.json
  RAWLOG-BYTES raw=2015654 gz=69757
  VENUE-INTERPRETER /opt/hostedtoolcache/node/22.23.2/x64
  VENUE-NODE-SELECTION {"pkg":"jpegtran-bin","packageVersion":"5.0.2","major":12,"version":"12.22.12","npm":"6.14.16","pinnable":true,"engines":">=10","publishedAt":"2020-06-30T03:36:24.201Z","eraMajor":12,"startMajor":12,"raisedByEngines":false,"enginesUnsatisfiable":false,"clampedToFloor":false,"clampedToCeiling":false,"matrixFloor":4,"matrixCeiling":26,"lookupFailure":null,"pinned":true,"pinnedBin":"/home/runner/.cache/nub/era-node/12.22.12/node-v12.22.12-linux-x64/bin","eraNodeRoot":"/home/runner/.cache/nub"}
  VENUE-OVERRIDES {"set":{"HOME":"/home/runner/v2-OpVLit/jailhome","TMPDIR":"/tmp/nub-tmp-obs8PnS4I","NODE_COMPAT":"1","PLAYWRIGHT_BROWSERS_PATH":"/home/runner/.cache/nub/pm/tools/ms-playwright","ELECTRON_CACHE":"/home/runner/.cache/nub/pm/tools/electron-cache","electron_config_cache":"/home/runner/.cache/nub/pm/tools/electron-cache","npm_config_prefix":"/home/runner/.cache/nub/pm/tools/npm-prefix","PYTHONDONTWRITEBYTECODE":"1","NUB_CACHE_DIR":"/home/runner/v2-OpVLit/nubcache"},"unset":["CI","GITHUB_ACTIONS"],"passedThrough":{"CI":"true","GITHUB_ACTIONS":"true","NODE_ENV":null}}
  == ATTRIBUTION == attributed pids: 18
    writes  script 2  /  whole traced tree 5
    sockets script 3  /  whole traced tree 3
  == ROOTS (from capture.json — R2: no ambient reads) ==
    project       /home/runner/v2-OpVLit/observe
    home          /home/runner
    jailHome      /home/runner/v2-OpVLit/jailhome
    globalStore   /home/runner/.cache/nub/pm/store   [declared, not keyed on]
    projectStore  /home/runner/v2-OpVLit/observe/node_modules/.store   [declared, not keyed on]
    interpreter   /opt/hostedtoolcache/node/22.23.2/x64   [declared, not keyed on]
    toolsDir      /home/runner/.cache/nub/pm/tools   [declared, not keyed on]
    temp          /tmp/nub-tmp-obs8PnS4I
    npmPrefix     /home/runner/.cache/nub/pm/tools/npm-prefix
    ownPkg        /home/runner/v2-OpVLit/observe/node_modules/jpegtran-bin
  == WRITES the script actually performed ==
    ownPkg        2  (base profile already grants this — NOT billed)
        /home/runner/v2-OpVLit/observe/node_modules/jpegtran-bin/vendor/jpegtran
        /home/runner/v2-OpVLit/observe/node_modules/jpegtran-bin/test/fixtures/test-optimized.jpg
  == NETWORK ==
    AF_INET sockets: 3   distinct peers: 2
        127.0.0.53:53
        185.199.111.133:443
  == REFUSALS (only `= -1 EACCES/EPERM/EROFS`) ==
    distinct: 0
  == SYNTHESIZED GRANT (verify this in the real unprivileged jail) ==
    {"network":true}
  == writePaths (DERIVED — promotion out of the package's PRIVATE home) ==
    private-home writes observed: 0
    none declared — the script wrote nothing into its private home — there is nothing to promote
  == writePaths FEASIBILITY (distinct writes outside project/deps) ==
    count: 0
    EVENTS    5978 distinct from 9484 calls (11204 lines, 1692 rejoined, 0 unparsed)
    PROCS     24   lifecycle shells 13
    ⛔ 226 paths with an UNRESOLVED dirfd — kept, marked, never guessed
    unsubscribed/unmapped syscalls: exit×18 getsockname×8 recvmsg×7 getcwd×4 exit_group×4 wait4×4 getsockopt×3 socketpair×3
    wrote /home/runner/v2-OpVLit/observe/events.ndjson.gz (33948 bytes)
  EVENTLOG-FILE /home/runner/v2-OpVLit/observe/events.ndjson.gz
  EVENTLOG-STATS {"lines":11204,"parsed":9484,"unparsed":0,"unfinished":1692,"rejoined":1692,"unresolvedDirfd":226,"truncatedArg":0,"procs":24,"lifecyclePids":13,"distinctEvents":5978,"unknownSyscall":{"getsockopt":3,"getsockname":8,"getcwd":4,"recvmsg":7,"setsockopt":1,"sendmmsg":1,"socketpair":3,"exit_group":4,"wait4":4,"exit":18},"out":"/home/runner/v2-OpVLit/observe/events.ndjson.gz","gzipBytes":33948}
  EVICT     116 store entries removed, 51 spared as nub tooling
  SE-PURGE  0 side-effects-cache entries for jpegtran-bin
OSV-SCREEN {"schemaVersion":1,"kind":"nub-synth-resolved","status":"clean","digest":"25716b777ac79bcb9d617d54f0cdbc43d2d2c7f9204c106d4f64b91f36518d60","specCount":233,"lockfiles":{"digest":"17defba10be79e1193bdf4fd6fbe432b7ecfd07e659e2c98ab8c76f748a1f6ab","files":[{"path":"nub.lock","sha256":"5171e30b7abf149e0e88c6d4a0583fb995c7e1e9c2c2eedfb1c9cc940e59b836","bytes":56198}]},"maliciousAdvisories":[],"screenedAt":"2026-08-29T23:59:13.251Z","cacheHit":false,"clearancePath":"/home/runner/v2-OpVLit/security/nub-synth-resolved.json"}
  SECURITY nub-synth-resolved clean: 233 exact package-version(s), tree 25716b777ac7
  VENUE-STORE-LAYOUT isolated
  VERIFY[synth] rc=0 artifacts=12/12 missing=0 shortfall=none (tree 5885/1186) OVERRIDDEN=2 REJECTED=0 grant={"network":true}
  => VERIFIED {"network":true}   (observed, then verified)
  EVICT     181 store entries removed, 51 spared as nub tooling
  SE-PURGE  0 side-effects-cache entries for jpegtran-bin
OSV-SCREEN {"schemaVersion":1,"kind":"nub-drop-no-network-resolved","status":"clean","digest":"25716b777ac79bcb9d617d54f0cdbc43d2d2c7f9204c106d4f64b91f36518d60","specCount":233,"lockfiles":{"digest":"17defba10be79e1193bdf4fd6fbe432b7ecfd07e659e2c98ab8c76f748a1f6ab","files":[{"path":"nub.lock","sha256":"5171e30b7abf149e0e88c6d4a0583fb995c7e1e9c2c2eedfb1c9cc940e59b836","bytes":56198}]},"maliciousAdvisories":[],"screenedAt":"2026-08-29T23:59:13.251Z","cacheHit":true,"clearancePath":"/home/runner/v2-OpVLit/security/nub-drop-no-network-resolved.json"}
  SECURITY nub-drop-no-network-resolved clean: 233 exact package-version(s), tree 25716b777ac7 (cached exact-tree clearance)
  VERIFY[drop-no-network] rc=1 artifacts=11/12 missing=1 shortfall=f51458d4a712 (tree 5883/1186) OVERRIDDEN=2 REJECTED=0 grant={}
       missing: vendor/jpegtran
     [drop-no-network/i] DEBUG final message final_message=; header 49505:QUERY:RD:NoError:QUERY
     [drop-no-network/i] DEBUG final message final_message=; header 63371:QUERY:RD:NoError:QUERY
     [drop-no-network/i] DEBUG final message final_message=; header 47600:QUERY:RD:NoError:QUERY
     [drop-no-network/i] DEBUG response: ; header 63371:RESPONSE:RD,RA:NoError:QUERY
     [drop-no-network/i] DEBUG response: ; header 63371:RESPONSE:RD,RA:NoError:QUERY
     [drop-no-network/i] DEBUG response: ; header 49505:RESPONSE:RD,RA:NoError:QUERY
     [drop-no-network/i] DEBUG response: ; header 49505:RESPONSE:RD,RA:NoError:QUERY
     [drop-no-network/i] DEBUG final message final_message=; header 1433:QUERY:RD:NoError:QUERY
     [drop-no-network/i] DEBUG response: ; header 47600:RESPONSE:RD,RA:NoError:QUERY
     [drop-no-network/i] DEBUG response: ; header 47600:RESPONSE:RD,RA:NoError:QUERY
     [drop-no-network/i] DEBUG response: ; header 1433:RESPONSE:RD,RA:NoError:QUERY
     [drop-no-network/i] DEBUG response: ; header 1433:RESPONSE:RD,RA:NoError:QUERY
     'no-network' is NECESSARY — dropping it fails to verify
  => MINIMAL — every capability in {"network":true} is independently necessary
