### @stdlib/math-base-special-expm1@0.1.0   (D:\jail\m-stdlibmathbasespecialexpm1-mts42egt)
  CI-ENV scrubbed: CI GITHUB_ACTIONS
OSV-SCREEN {"schemaVersion":1,"kind":"direct","status":"clean","digest":"bcad6904323600e2e71f5a53755e793ee0a8d68606f62ad63ed7b4fe7a6aa5e7","specCount":1,"lockfiles":{"digest":null,"files":[]},"maliciousAdvisories":[],"screenedAt":"2026-09-08T03:29:41.577Z","cacheHit":false,"clearancePath":"D:\\jail\\m-stdlibmathbasespecialexpm1-mts42egt\\security\\direct.json"}
  SECURITY direct clean: 1 exact package-version(s), tree bcad69043236
OSV-SCREEN {"schemaVersion":1,"kind":"npm-observe-resolved","status":"clean","digest":"3488d0386718815805dafa3ac0dcd9e9d7e489459829857bc2caadc48e2afb9e","specCount":88,"lockfiles":{"digest":"737ef45b0fe1614eda730a12db8e1236330ab3e7a539279a7f6a5536af9c0dee","files":[{"path":"package-lock.json","sha256":"ab8805877b83ffd51b8d9f2532c915e6f7d65773feec155216615c61f1f500a7","bytes":71214}]},"maliciousAdvisories":[],"screenedAt":"2026-09-08T03:29:47.109Z","cacheHit":false,"clearancePath":"D:\\jail\\m-stdlibmathbasespecialexpm1-mts42egt\\security\\npm-observe-resolved.json"}
  SECURITY npm-observe-resolved clean: 88 exact package-version(s), tree 3488d0386718
  CAPTURE user=runnervmeef0v\runneradmin elevated=True rootPid=10128 exit=0 events=21849 lost=0
  VENUE-OBSERVE-USER runnervmeef0v\runneradmin elevated=true privDropped={"SeBackupPrivilege":"removed","SeRestorePrivilege":"removed","SeTakeOwnershipPrivilege":"removed"}
  OBSERVE artifacts: 18 files  (D:\jail\m-stdlibmathbasespecialexpm1-mts42egt\observe\node_modules\@stdlib\math-base-special-expm1)
  ARM-FALSIFIABILITY {"manifestFiles":18,"filesTheScriptProduced":0,"reasons":["gate-vacuous"]}
  ⛔ ARMS-UNFALSIFIABLE — a green arm for this package carries no evidence:
       gate-vacuous: the script changed no file the artifact gate keys on — every file in the manifest (18) was already present at its final size before the script ran, so the gate passes in every arm including a completely broken one
       The grant may still be correct; what is missing is a signal that could have gone
       red. Do not read this record's MINIMAL as a passing measurement.
  CLOSURE 88 packages evicted per arm
  8.3 MAP 0 components resolved on runnervmeef0v, folded into capture.json
  == ROOTS (from capture.json — R2: no ambient reads) ==
    project       D:\jail\m-stdlibmathbasespecialexpm1-mts42egt\observe   [keyed on]
    home          C:\Users\runneradmin   [keyed on]
    jailHome      (null — declared inapplicable)
    globalStore   C:\Users\runneradmin\AppData\Local\nub\pm\store
    projectStore  D:\jail\m-stdlibmathbasespecialexpm1-mts42egt\observe\node_modules\.store
    interpreter   C:\hostedtoolcache\windows\node\22.23.2\x64\node.exe
    toolsDir      C:\Users\runneradmin\AppData\Local\nub\pm\tools
    temp          D:\jail\m-stdlibmathbasespecialexpm1-mts42egt\tmp   [keyed on]
    npmPrefix     (null — declared inapplicable)
    ownPkg        D:\jail\m-stdlibmathbasespecialexpm1-mts42egt\observe\node_modules\@stdlib\math-base-special-expm1
  == ATTRIBUTION == lifecycle pids: 0 (root 10128)
    writes  script 0  /  whole traced tree 7
    peers   script 0  /  whole traced tree 0
    !! NO LIFECYCLE SHELL FOUND -- the subtree filter matched nothing, so the grant
       below is EMPTY BY DEFAULT rather than by measurement. Treat it as UNKNOWN.
  == WRITES ==
  == READS ==
  == NETWORK ==
    distinct peers: 0
  == REFUSALS (adapter-classified) ==
    distinct: 0
  == SYNTHESIZED GRANT (verify this in the real unprivileged jail) ==
    {}
  RAW       etw-raw.xml.gz  27969718 B xml -> 418273 B gz (66.9x)  sha256 b6fcb93e03eaad7f…
  HEADER    etw-header.json (5212 bytes)
  DERIVED   5158 distinct from 6210 kept ops (21849 xml events, 2230 out of subtree)
  PROCS     2   thread-reattributed 0
  8.3       0 expanded, 0 kept short, 0 not covered  [map: recorded 8.3 map (0 components, resolved on runnervmeef0v)]
  wrote events.ndjson.gz (64469 bytes)
  RAWLOG-CAPTURE D:\jail\m-stdlibmathbasespecialexpm1-mts42egt\cap\capture.json
  VENUE-NUB-BINARY {"path":"C:/Users/RUNNER~1/AppData/Local/Temp/nub/target/release/nub.exe","sha256":"f186817a44be332fee712b4936a071a0b5f9cde18a1d2fdc3a791729d4bf1005","bytes":68717056,"features":{"buildJailCatalogOverride":true,"pythonDontWriteBytecodeEnv":true}}
  VENUE-INTERPRETER C:\hostedtoolcache\windows\node\22.23.2\x64\node.exe
  VENUE-JAIL-ROOT D:\jail\m-stdlibmathbasespecialexpm1-mts42egt
  VENUE-OVERRIDES {"set":{"npm_config_cache":"D:\\jail\\m-stdlibmathbasespecialexpm1-mts42egt\\npm-cache","TMP":"D:\\jail\\m-stdlibmathbasespecialexpm1-mts42egt\\tmp","TEMP":"D:\\jail\\m-stdlibmathbasespecialexpm1-mts42egt\\tmp","TMPDIR":"D:\\jail\\m-stdlibmathbasespecialexpm1-mts42egt\\tmp"},"unset":["CI","GITHUB_ACTIONS"],"notRedirected":{"USERPROFILE":"C:\\Users\\runneradmin","why":"the jail leaves HOME/USERPROFILE alone — `build_jail.rs` sandbox_homes() reads the ambient value and `compiler/defaults.rs` BASELINE_ENV_EXACT passes it through — so there is no private jail home to reproduce and redirecting one would measure an environment no confined script sees"},"passedThrough":{"CI":"true","GITHUB_ACTIONS":"true","NODE_ENV":null}}
  STORE   isolated virtual store at D:\jail\m-stdlibmathbasespecialexpm1-mts42egt\verify-synth\.cache
  VENUE-STORE-LAYOUT isolated
OSV-SCREEN {"schemaVersion":1,"kind":"nub-synth-resolved","status":"clean","digest":"3488d0386718815805dafa3ac0dcd9e9d7e489459829857bc2caadc48e2afb9e","specCount":88,"lockfiles":{"digest":"20c991ad78925df3d0dad092593ce6b2f0eac0641b3c61704a28d9a722135d0b","files":[{"path":"nub.lock","sha256":"ec767cedc5b3fb1ab723bff6f48d68ba8ee4183baf2c1ce19db33d10a186e207","bytes":38407}]},"maliciousAdvisories":[],"screenedAt":"2026-09-08T03:29:47.109Z","cacheHit":true,"clearancePath":"D:\\jail\\m-stdlibmathbasespecialexpm1-mts42egt\\security\\nub-synth-resolved.json"}
  SECURITY nub-synth-resolved clean: 88 exact package-version(s), tree 3488d0386718 (cached exact-tree clearance)
  VERIFY[synth] rc=0 artifacts=18/18 missing=0 shortfall=none (tree 1575/1205) OVERRIDDEN=2 REJECTED=0 grant={}
  => MINIMUM {}   (observed, then verified)
  DESCEND   grant is already empty — nothing to narrow; MINIMAL by construction.
