### saucectl@0.74.0   (D:\jail\m-saucectl-mtrzyrzs)
  CI-ENV scrubbed: CI GITHUB_ACTIONS
OSV-SCREEN {"schemaVersion":1,"kind":"direct","status":"clean","digest":"232041a7bb727e6c0c3656b8009d3d42060c4421d0da3cd8ac9d0282d761dd30","specCount":1,"lockfiles":{"digest":null,"files":[]},"maliciousAdvisories":[],"screenedAt":"2026-09-08T01:34:54.039Z","cacheHit":false,"clearancePath":"D:\\jail\\m-saucectl-mtrzyrzs\\security\\direct.json"}
  SECURITY direct clean: 1 exact package-version(s), tree 232041a7bb72
OSV-SCREEN {"schemaVersion":1,"kind":"npm-observe-resolved","status":"clean","digest":"e7577848367635d5610271922224d2dbb82270c15d1fe5e84fdb88e92bf5f113","specCount":166,"lockfiles":{"digest":"ae523c724d345917a196853d98092fa7e34510318e3ee82e4ecfae9457af12b6","files":[{"path":"package-lock.json","sha256":"eecd904256b21937d001ebc976b0551780ba23b16c4f25cea23fce9e2adcecf8","bytes":71112}]},"maliciousAdvisories":[],"screenedAt":"2026-09-08T01:34:59.325Z","cacheHit":false,"clearancePath":"D:\\jail\\m-saucectl-mtrzyrzs\\security\\npm-observe-resolved.json"}
  SECURITY npm-observe-resolved clean: 166 exact package-version(s), tree e75778483676
  CAPTURE user=runnervmeef0v\runneradmin elevated=True rootPid=2644 exit=0 events=39977 lost=0
  VENUE-OBSERVE-USER runnervmeef0v\runneradmin elevated=true privDropped={"SeBackupPrivilege":"removed","SeRestorePrivilege":"removed","SeTakeOwnershipPrivilege":"removed"}
  OBSERVE artifacts: 8 files  (D:\jail\m-saucectl-mtrzyrzs\observe\node_modules\saucectl)
  ARM-FALSIFIABILITY {"manifestFiles":8,"filesTheScriptProduced":2,"reasons":[]}
  CLOSURE 152 packages evicted per arm
  8.3 MAP 0 components resolved on runnervmeef0v, folded into capture.json
  == ROOTS (from capture.json — R2: no ambient reads) ==
    project       D:\jail\m-saucectl-mtrzyrzs\observe   [keyed on]
    home          C:\Users\runneradmin   [keyed on]
    jailHome      (null — declared inapplicable)
    globalStore   C:\Users\runneradmin\AppData\Local\nub\pm\store
    projectStore  D:\jail\m-saucectl-mtrzyrzs\observe\node_modules\.store
    interpreter   C:\hostedtoolcache\windows\node\22.23.2\x64\node.exe
    toolsDir      C:\Users\runneradmin\AppData\Local\nub\pm\tools
    temp          D:\jail\m-saucectl-mtrzyrzs\tmp   [keyed on]
    npmPrefix     (null — declared inapplicable)
    ownPkg        D:\jail\m-saucectl-mtrzyrzs\observe\node_modules\saucectl
  == ATTRIBUTION == lifecycle pids: 4 (root 2644)
    writes  script 13  /  whole traced tree 24
    peers   script 2  /  whole traced tree 2
  == WRITES ==
    deps          3
    outside       1
        d:\node_modules\.bin
    systemfs      9
        c:\windows\syswow64\cryptbase.dll:wofcompresseddata
        c:\windows\syswow64\powrprof.dll:wofcompresseddata
        c:\windows\syswow64\umpdc.dll:wofcompresseddata
        c:\windows\syswow64\mswsock.dll:wofcompresseddata
        c:\windows\syswow64\wshqos.dll:wofcompresseddata
        c:\windows\syswow64\iphlpapi.dll:wofcompresseddata
        c:\windows\syswow64\dhcpcsvc6.dll:wofcompresseddata
        c:\windows\syswow64\dhcpcsvc.dll:wofcompresseddata
        c:\windows\syswow64\dnsapi.dll:wofcompresseddata
  == READS ==
    deps        406
    outside       7
    project       1
    systemfs     65
    kernelfs      1
  == NETWORK ==
    distinct peers: 2
        140.82.114.3:443
        185.199.109.133:443
  == REFUSALS (adapter-classified) ==
    distinct: 0
  == SYNTHESIZED GRANT (verify this in the real unprivileged jail) ==
    {"write":{"deps":true},"network":true}
    !! 1 writes OUTSIDE project/home -- no scope covers these; inspect before granting
    !! 9 writes into system dirs -- an unprivileged user would be refused these
  RAW       etw-raw.xml.gz  51684346 B xml -> 713434 B gz (72.4x)  sha256 aa2c15ea344665c7…
  HEADER    etw-header.json (5060 bytes)
  DERIVED   9821 distinct from 14587 kept ops (39977 xml events, 1790 out of subtree)
  PROCS     6   thread-reattributed 0
  ⛔ 3 operations with NO OperationEnd — kept, status marked unknown
  ⛔ 5 handle ops whose path no table could supply
  8.3       0 expanded, 0 kept short, 0 not covered  [map: recorded 8.3 map (0 components, resolved on runnervmeef0v)]
  wrote events.ndjson.gz (125130 bytes)
  RAWLOG-CAPTURE D:\jail\m-saucectl-mtrzyrzs\cap\capture.json
  VENUE-NUB-BINARY {"path":"C:/Users/RUNNER~1/AppData/Local/Temp/nub/target/release/nub.exe","sha256":"f186817a44be332fee712b4936a071a0b5f9cde18a1d2fdc3a791729d4bf1005","bytes":68717056,"features":{"buildJailCatalogOverride":true,"pythonDontWriteBytecodeEnv":true}}
  VENUE-INTERPRETER C:\hostedtoolcache\windows\node\22.23.2\x64\node.exe
  VENUE-JAIL-ROOT D:\jail\m-saucectl-mtrzyrzs
  VENUE-OVERRIDES {"set":{"npm_config_cache":"D:\\jail\\m-saucectl-mtrzyrzs\\npm-cache","TMP":"D:\\jail\\m-saucectl-mtrzyrzs\\tmp","TEMP":"D:\\jail\\m-saucectl-mtrzyrzs\\tmp","TMPDIR":"D:\\jail\\m-saucectl-mtrzyrzs\\tmp"},"unset":["CI","GITHUB_ACTIONS"],"notRedirected":{"USERPROFILE":"C:\\Users\\runneradmin","why":"the jail leaves HOME/USERPROFILE alone — `build_jail.rs` sandbox_homes() reads the ambient value and `compiler/defaults.rs` BASELINE_ENV_EXACT passes it through — so there is no private jail home to reproduce and redirecting one would measure an environment no confined script sees"},"passedThrough":{"CI":"true","GITHUB_ACTIONS":"true","NODE_ENV":null}}
  STORE   isolated virtual store at D:\jail\m-saucectl-mtrzyrzs\verify-synth\.cache
  VENUE-STORE-LAYOUT isolated
OSV-SCREEN {"schemaVersion":1,"kind":"nub-synth-resolved","status":"clean","digest":"48fdc2664bde26957291ef9fa5110fa1c58e129140469c5a91d79e116cfc6591","specCount":170,"lockfiles":{"digest":"bebd039b819bc5f022fe76e7fb70084c5b84f307020360efc38e2512a9b2f8dd","files":[{"path":"nub.lock","sha256":"f1fd56dcde29e27772275b4a700eecd54059b65e683e59fbf30a58c2f50577a9","bytes":40151}]},"maliciousAdvisories":[],"screenedAt":"2026-09-08T01:35:11.599Z","cacheHit":false,"clearancePath":"D:\\jail\\m-saucectl-mtrzyrzs\\security\\nub-synth-resolved.json"}
  SECURITY nub-synth-resolved clean: 170 exact package-version(s), tree 48fdc2664bde
  VERIFY[synth] rc=0 artifacts=8/8 missing=0 shortfall=none (tree 7631/1128) OVERRIDDEN=2 REJECTED=0 grant={"write":{"deps":true},"network":true}
  => MINIMUM {"write":{"deps":true},"network":true}   (observed, then verified)
  STORE   isolated virtual store at D:\jail\m-saucectl-mtrzyrzs\verify-nar-no-network\.cache
OSV-SCREEN {"schemaVersion":1,"kind":"nub-nar-no-network-resolved","status":"clean","digest":"48fdc2664bde26957291ef9fa5110fa1c58e129140469c5a91d79e116cfc6591","specCount":170,"lockfiles":{"digest":"bebd039b819bc5f022fe76e7fb70084c5b84f307020360efc38e2512a9b2f8dd","files":[{"path":"nub.lock","sha256":"f1fd56dcde29e27772275b4a700eecd54059b65e683e59fbf30a58c2f50577a9","bytes":40151}]},"maliciousAdvisories":[],"screenedAt":"2026-09-08T01:35:11.599Z","cacheHit":true,"clearancePath":"D:\\jail\\m-saucectl-mtrzyrzs\\security\\nub-nar-no-network-resolved.json"}
  SECURITY nub-nar-no-network-resolved clean: 170 exact package-version(s), tree 48fdc2664bde (cached exact-tree clearance)
  VERIFY[nar-no-network] rc=1 artifacts=6/8 missing=2 shortfall=d9782089ad00 (tree 7630/1128) OVERRIDDEN=2 REJECTED=0 grant={"write":{"deps":true}}
     missing artifacts: bin/LICENSE, bin/saucectl.exe
     'no-network' is NECESSARY — dropping it fails to verify
  STORE   isolated virtual store at D:\jail\m-saucectl-mtrzyrzs\verify-nar-no-write-deps\.cache
OSV-SCREEN {"schemaVersion":1,"kind":"nub-nar-no-write-deps-resolved","status":"clean","digest":"48fdc2664bde26957291ef9fa5110fa1c58e129140469c5a91d79e116cfc6591","specCount":170,"lockfiles":{"digest":"bebd039b819bc5f022fe76e7fb70084c5b84f307020360efc38e2512a9b2f8dd","files":[{"path":"nub.lock","sha256":"f1fd56dcde29e27772275b4a700eecd54059b65e683e59fbf30a58c2f50577a9","bytes":40151}]},"maliciousAdvisories":[],"screenedAt":"2026-09-08T01:35:11.599Z","cacheHit":true,"clearancePath":"D:\\jail\\m-saucectl-mtrzyrzs\\security\\nub-nar-no-write-deps-resolved.json"}
  SECURITY nub-nar-no-write-deps-resolved clean: 170 exact package-version(s), tree 48fdc2664bde (cached exact-tree clearance)
  VERIFY[nar-no-write-deps] rc=0 artifacts=8/8 missing=0 shortfall=none (tree 7631/1128) OVERRIDDEN=2 REJECTED=0 grant={"network":true}
     ⛔ OVER-PREDICTED — the strictly narrower {"network":true} also verifies; 'no-write-deps' was not needed
