### electron-chromedriver@36.9.5   (/home/runner/v2-QGeplW)
  CI-ENV scrubbed: CI GITHUB_ACTIONS
OSV-SCREEN {"schemaVersion":1,"kind":"direct","status":"clean","digest":"45f220a115a157222415af1c4bd63afe900e75ad9237fa0a15d992284e517fb3","specCount":1,"lockfiles":{"digest":null,"files":[]},"maliciousAdvisories":[],"screenedAt":"2026-09-08T07:16:36.688Z","cacheHit":false,"clearancePath":"/home/runner/v2-QGeplW/security/direct.json"}
  SECURITY direct clean: 1 exact package-version(s), tree 45f220a115a1
  VENUE-OBSERVE-USER {"uid":1001,"user":"runner","umask":"0022","capBnd":"000001ffffffffff","noNewPrivs":"0"}
  VENUE-NUB-BINARY {"path":"/tmp/nub/target/release/nub","sha256":"2a18683f50f7afeb02a521cd3cae175dc2f91780d461c5f012065241f5a1447b","bytes":207643464,"features":{"buildJailCatalogOverride":true,"pythonDontWriteBytecodeEnv":true}}
OSV-SCREEN {"schemaVersion":1,"kind":"npm-observe-resolved","status":"clean","digest":"79be46f2edd133231aaa9dfcb8a4396d6256a46624d3cb585081d9359cb213ad","specCount":70,"lockfiles":{"digest":"08d43686c39968d1b80eee7fbef69740c125e258c713401ab55faa5cda948580","files":[{"path":"package-lock.json","sha256":"7c917e9d5c9ff2589fe0f9ef991af8fe1e5372aba1a41e175e2d01f65dbe8b77","bytes":29415}]},"maliciousAdvisories":[],"screenedAt":"2026-09-08T07:16:38.557Z","cacheHit":false,"clearancePath":"/home/runner/v2-QGeplW/security/npm-observe-resolved.json"}
  SECURITY npm-observe-resolved clean: 70 exact package-version(s), tree 79be46f2edd1
  OBSERVE   rc=0 files=882 trace=13249 lines
  CLOSURE   68 packages evicted per arm
  ARM-FALSIFIABILITY {"manifestFiles":10,"filesTheScriptProduced":5,"reasons":[]}
  RAWLOG-FILE /home/runner/v2-QGeplW/observe/trace.txt.gz
  RAWLOG-CAPTURE /home/runner/v2-QGeplW/observe/capture.json
  RAWLOG-BYTES raw=2843606 gz=83185
  VENUE-INTERPRETER /opt/hostedtoolcache/node/22.23.2/x64
  VENUE-OVERRIDES {"set":{"HOME":"/home/runner/v2-QGeplW/jailhome","TMPDIR":"/tmp/nub-tmp-obsjzZwH3","NODE_COMPAT":"1","PLAYWRIGHT_BROWSERS_PATH":"/home/runner/.cache/nub/pm/tools/ms-playwright","ELECTRON_CACHE":"/home/runner/.cache/nub/pm/tools/electron-cache","electron_config_cache":"/home/runner/.cache/nub/pm/tools/electron-cache","npm_config_prefix":"/home/runner/.cache/nub/pm/tools/npm-prefix","PYTHONDONTWRITEBYTECODE":"1","NUB_CACHE_DIR":"/home/runner/v2-QGeplW/nubcache"},"unset":["CI","GITHUB_ACTIONS"],"passedThrough":{"CI":"true","GITHUB_ACTIONS":"true","NODE_ENV":null}}
  == ATTRIBUTION == attributed pids: 18
    writes  script 18  /  whole traced tree 1106
    sockets script 5  /  whole traced tree 9
  == ROOTS (from capture.json — R2: no ambient reads) ==
    project       /home/runner/v2-QGeplW/observe
    home          /home/runner
    jailHome      /home/runner/v2-QGeplW/jailhome
    globalStore   /home/runner/.cache/nub/pm/store   [declared, not keyed on]
    projectStore  /home/runner/v2-QGeplW/observe/node_modules/.store   [declared, not keyed on]
    interpreter   /opt/hostedtoolcache/node/22.23.2/x64   [declared, not keyed on]
    toolsDir      /home/runner/.cache/nub/pm/tools   [declared, not keyed on]
    temp          /tmp/nub-tmp-obsjzZwH3
    npmPrefix     /home/runner/.cache/nub/pm/tools/npm-prefix
    ownPkg        /home/runner/v2-QGeplW/observe/node_modules/electron-chromedriver
  == WRITES the script actually performed ==
    jailTmp       6  (base profile already grants this — NOT billed)
        /tmp/nub-tmp-obsjzZwH3/electron-download-OC1ISA
        /tmp/nub-tmp-obsjzZwH3/electron-download-OC1ISA/chromedriver-v36.9.5-linux-x64.zip
        /tmp/nub-tmp-obsjzZwH3/electron-download-olnW6C
        /tmp/nub-tmp-obsjzZwH3/electron-download-NfhC1e
        /tmp/nub-tmp-obsjzZwH3/electron-download-NfhC1e/SHASUMS256.txt
        /tmp/nub-tmp-obsjzZwH3/electron-download-8jDU8G
    userHome      3
    ownPkg        9  (base profile already grants this — NOT billed)
        /home/runner/v2-QGeplW/observe/node_modules/electron-chromedriver/bin
        /home/runner/v2-QGeplW/observe/node_modules/electron-chromedriver/bin/LICENSE
        /home/runner/v2-QGeplW/observe/node_modules/electron-chromedriver/bin/chromedriver.debug
        /home/runner/v2-QGeplW/observe/node_modules/electron-chromedriver/bin/chromedriver
        /home/runner/v2-QGeplW/observe/node_modules/electron-chromedriver/bin/gen
        /home/runner/v2-QGeplW/observe/node_modules/electron-chromedriver/bin/gen/electron
        /home/runner/v2-QGeplW/observe/node_modules/electron-chromedriver/bin/gen/electron/buildflags
        /home/runner/v2-QGeplW/observe/node_modules/electron-chromedriver/bin/gen/electron/buildflags/buildflags.h
        /home/runner/v2-QGeplW/observe/node_modules/electron-chromedriver/bin/LICENSES.chromium.html
  == NETWORK ==
    AF_INET sockets: 5   distinct peers: 3
        127.0.0.53:53
        104.16.3.34:443
        140.82.113.4:443
  == REFUSALS (only `= -1 EACCES/EPERM/EROFS`) ==
    distinct: 0
  == SYNTHESIZED GRANT (verify this in the real unprivileged jail) ==
    {"write":{"userHome":true},"network":true}
  == writePaths (DERIVED — promotion out of the package's PRIVATE home) ==
    private-home writes observed: 0
    none declared — the script wrote nothing into its private home — there is nothing to promote
    3 write(s) landed in the REAL home by absolute path, so promotion cannot reach them — nub moves OUT of the private home, and nothing of theirs is in it. Only `write:{userHome}` covers these; emitting `writePaths` instead would be an UNDER-GRANT.
  == writePaths FEASIBILITY (distinct writes outside project/deps) ==
    count: 3
        .cache/nub/pm/tools/electron-cache/9bba7013435de7753e6ceff232a49ca080ff8fc26705ad97ed62e68579c487f5
        .cache/nub/pm/tools/electron-cache/9bba7013435de7753e6ceff232a49ca080ff8fc26705ad97ed62e68579c487f5/SHASUMS256.txt
        .cache/nub/pm/tools/electron-cache/9bba7013435de7753e6ceff232a49ca080ff8fc26705ad97ed62e68579c487f5/chromedriver-v36.9.5-linux-x64.zip
    EVENTS    5377 distinct from 13123 calls (13250 lines, 99 rejoined, 0 unparsed)
    PROCS     25   lifecycle shells 13
    ⛔ 3 paths with an UNRESOLVED dirfd — kept, marked, never guessed
    unsubscribed/unmapped syscalls: getsockname×35 setsockopt×33 exit×20 getsockopt×18 recvmsg×11 getcwd×5 sendmmsg×3 socketpair×3
    wrote /home/runner/v2-QGeplW/observe/events.ndjson.gz (37008 bytes)
  EVENTLOG-FILE /home/runner/v2-QGeplW/observe/events.ndjson.gz
  EVENTLOG-STATS {"lines":13250,"parsed":13123,"unparsed":0,"unfinished":99,"rejoined":99,"unresolvedDirfd":3,"truncatedArg":0,"procs":25,"lifecyclePids":13,"distinctEvents":5377,"unknownSyscall":{"getsockname":35,"getsockopt":18,"getcwd":5,"recvmsg":11,"exit":20,"setsockopt":33,"sendmmsg":3,"socketpair":3,"shutdown":3,"getpeername":2,"exit_group":3,"wait4":3},"out":"/home/runner/v2-QGeplW/observe/events.ndjson.gz","gzipBytes":37008}
  EVICT     46 store entries removed, 3 spared as nub tooling
  SE-PURGE  0 side-effects-cache entries for electron-chromedriver
OSV-SCREEN {"schemaVersion":1,"kind":"nub-synth-resolved","status":"clean","digest":"2c6f9ed55ae1f1bf68ee14d11f0ef5cd3e3a0fd96493d287f272eb80a15b1527","specCount":70,"lockfiles":{"digest":"66475d3e8a80597d09cf558533c5a2ab179fdd7d81ba758feb47d380dcfb7bb1","files":[{"path":"nub.lock","sha256":"854ead3dbd3579b1ae6080291cb55d6e5c714d4c2183f6e5f11408aa5b12b39e","bytes":17220}]},"maliciousAdvisories":[],"screenedAt":"2026-09-08T07:16:45.063Z","cacheHit":false,"clearancePath":"/home/runner/v2-QGeplW/security/nub-synth-resolved.json"}
  SECURITY nub-synth-resolved clean: 70 exact package-version(s), tree 2c6f9ed55ae1
  VENUE-STORE-LAYOUT isolated
  VERIFY[synth] rc=0 artifacts=10/10 missing=0 shortfall=none (tree 2958/882) OVERRIDDEN=2 REJECTED=0 grant={"write":{"userHome":true},"network":true}
  => VERIFIED {"write":{"userHome":true},"network":true}   (observed, then verified)
  EVICT     67 store entries removed, 3 spared as nub tooling
  SE-PURGE  0 side-effects-cache entries for electron-chromedriver
OSV-SCREEN {"schemaVersion":1,"kind":"nub-drop-no-network-resolved","status":"clean","digest":"2c6f9ed55ae1f1bf68ee14d11f0ef5cd3e3a0fd96493d287f272eb80a15b1527","specCount":70,"lockfiles":{"digest":"66475d3e8a80597d09cf558533c5a2ab179fdd7d81ba758feb47d380dcfb7bb1","files":[{"path":"nub.lock","sha256":"854ead3dbd3579b1ae6080291cb55d6e5c714d4c2183f6e5f11408aa5b12b39e","bytes":17220}]},"maliciousAdvisories":[],"screenedAt":"2026-09-08T07:16:45.063Z","cacheHit":true,"clearancePath":"/home/runner/v2-QGeplW/security/nub-drop-no-network-resolved.json"}
  SECURITY nub-drop-no-network-resolved clean: 70 exact package-version(s), tree 2c6f9ed55ae1 (cached exact-tree clearance)
  VERIFY[drop-no-network] rc=1 artifacts=5/10 missing=5 shortfall=090c996c72c5 (tree 2944/882) OVERRIDDEN=2 REJECTED=0 grant={"write":{"userHome":true}}
       missing: bin/LICENSE, bin/LICENSES.chromium.html, bin/chromedriver, bin/chromedriver.debug, bin/gen/electron/buildflags/buildflags.h
     'no-network' is NECESSARY — dropping it fails to verify
  EVICT     67 store entries removed, 3 spared as nub tooling
  SE-PURGE  0 side-effects-cache entries for electron-chromedriver
OSV-SCREEN {"schemaVersion":1,"kind":"nub-drop-no-write-userHome-resolved","status":"clean","digest":"2c6f9ed55ae1f1bf68ee14d11f0ef5cd3e3a0fd96493d287f272eb80a15b1527","specCount":70,"lockfiles":{"digest":"66475d3e8a80597d09cf558533c5a2ab179fdd7d81ba758feb47d380dcfb7bb1","files":[{"path":"nub.lock","sha256":"854ead3dbd3579b1ae6080291cb55d6e5c714d4c2183f6e5f11408aa5b12b39e","bytes":17220}]},"maliciousAdvisories":[],"screenedAt":"2026-09-08T07:16:45.063Z","cacheHit":true,"clearancePath":"/home/runner/v2-QGeplW/security/nub-drop-no-write-userHome-resolved.json"}
  SECURITY nub-drop-no-write-userHome-resolved clean: 70 exact package-version(s), tree 2c6f9ed55ae1 (cached exact-tree clearance)
  VERIFY[drop-no-write-userHome] rc=0 artifacts=10/10 missing=0 shortfall=none (tree 2958/882) OVERRIDDEN=2 REJECTED=0 grant={"network":true}
     ⛔ OVER-PREDICTED: dropping 'no-write-userHome' STILL VERIFIES — {"network":true} is sufficient
  => OVER-PREDICTED by: no-write-userHome  (synthesized {"write":{"userHome":true},"network":true}; each named capability drops on its own)
