### @sitespeed.io/chromedriver@143.0.7499   (D:\jail\m-sitespeediochromedriver-mtsqck53)
  CI-ENV scrubbed: CI GITHUB_ACTIONS
OSV-SCREEN {"schemaVersion":1,"kind":"direct","status":"clean","digest":"c91fe6bb06a7640966ae23f7fef7fc2f321f314a8cb4aa4535ba86fe925ae371","specCount":1,"lockfiles":{"digest":null,"files":[]},"maliciousAdvisories":[],"screenedAt":"2026-09-08T13:53:27.075Z","cacheHit":false,"clearancePath":"D:\\jail\\m-sitespeediochromedriver-mtsqck53\\security\\direct.json"}
  SECURITY direct clean: 1 exact package-version(s), tree c91fe6bb06a7
OSV-SCREEN {"schemaVersion":1,"kind":"npm-observe-resolved","status":"clean","digest":"e0608f373d910b6f92129bedc150ab41c81fcfa359e14a6b09392a46a6679e50","specCount":3,"lockfiles":{"digest":"1ba5053db4ff04b0aee1cb5362be30f29fb8e2add15538c28e99df89b1213abc","files":[{"path":"package-lock.json","sha256":"048ce98373938e3b41b61631f2320eb774d27444418dc92391719ad90402f6b8","bytes":1623}]},"maliciousAdvisories":[],"screenedAt":"2026-09-08T13:53:28.665Z","cacheHit":false,"clearancePath":"D:\\jail\\m-sitespeediochromedriver-mtsqck53\\security\\npm-observe-resolved.json"}
  SECURITY npm-observe-resolved clean: 3 exact package-version(s), tree e0608f373d91
  CAPTURE user=runnervmeef0v\runneradmin elevated=True rootPid=4156 exit=0 events=40023 lost=0
  VENUE-OBSERVE-USER runnervmeef0v\runneradmin elevated=true privDropped={"SeBackupPrivilege":"removed","SeRestorePrivilege":"removed","SeTakeOwnershipPrivilege":"removed"}
  OBSERVE artifacts: 6 files  (D:\jail\m-sitespeediochromedriver-mtsqck53\observe\node_modules\@sitespeed.io\chromedriver)
  ARM-FALSIFIABILITY {"manifestFiles":6,"filesTheScriptProduced":1,"reasons":[]}
  CLOSURE 3 packages evicted per arm
  8.3 MAP 0 components resolved on runnervmeef0v, folded into capture.json
  == ROOTS (from capture.json — R2: no ambient reads) ==
    project       D:\jail\m-sitespeediochromedriver-mtsqck53\observe   [keyed on]
    home          C:\Users\runneradmin   [keyed on]
    jailHome      (null — declared inapplicable)
    globalStore   C:\Users\runneradmin\AppData\Local\nub\pm\store
    projectStore  D:\jail\m-sitespeediochromedriver-mtsqck53\observe\node_modules\.store
    interpreter   C:\hostedtoolcache\windows\node\22.23.2\x64\node.exe
    toolsDir      C:\Users\runneradmin\AppData\Local\nub\pm\tools
    temp          D:\jail\m-sitespeediochromedriver-mtsqck53\tmp   [keyed on]
    npmPrefix     (null — declared inapplicable)
    ownPkg        D:\jail\m-sitespeediochromedriver-mtsqck53\observe\node_modules\@sitespeed.io\chromedriver
  == ATTRIBUTION == lifecycle pids: 2 (root 4156)
    writes  script 3  /  whole traced tree 10
    peers   script 1  /  whole traced tree 1
  == WRITES ==
    deps          3
  == READS ==
    deps         12
    outside       6
    project       1
    systemfs     28
  == NETWORK ==
    distinct peers: 1
        142.251.34.91:443
  == REFUSALS (adapter-classified) ==
    distinct: 0
  == SYNTHESIZED GRANT (verify this in the real unprivileged jail) ==
    {"write":{"deps":true},"network":true}
  RAW       etw-raw.xml.gz  51629707 B xml -> 841170 B gz (61.4x)  sha256 38796ae4ddeba67c…
  HEADER    etw-header.json (5190 bytes)
  DERIVED   5278 distinct from 10281 kept ops (40023 xml events, 6507 out of subtree)
  PROCS     4   thread-reattributed 0
  8.3       0 expanded, 0 kept short, 0 not covered  [map: recorded 8.3 map (0 components, resolved on runnervmeef0v)]
  wrote events.ndjson.gz (67143 bytes)
  RAWLOG-CAPTURE D:\jail\m-sitespeediochromedriver-mtsqck53\cap\capture.json
  VENUE-NUB-BINARY {"path":"C:/Users/RUNNER~1/AppData/Local/Temp/nub/target/release/nub.exe","sha256":"f186817a44be332fee712b4936a071a0b5f9cde18a1d2fdc3a791729d4bf1005","bytes":68717056,"features":{"buildJailCatalogOverride":true,"pythonDontWriteBytecodeEnv":true}}
  VENUE-INTERPRETER C:\hostedtoolcache\windows\node\22.23.2\x64\node.exe
  VENUE-JAIL-ROOT D:\jail\m-sitespeediochromedriver-mtsqck53
  VENUE-OVERRIDES {"set":{"npm_config_cache":"D:\\jail\\m-sitespeediochromedriver-mtsqck53\\npm-cache","TMP":"D:\\jail\\m-sitespeediochromedriver-mtsqck53\\tmp","TEMP":"D:\\jail\\m-sitespeediochromedriver-mtsqck53\\tmp","TMPDIR":"D:\\jail\\m-sitespeediochromedriver-mtsqck53\\tmp"},"unset":["CI","GITHUB_ACTIONS"],"notRedirected":{"USERPROFILE":"C:\\Users\\runneradmin","why":"the jail leaves HOME/USERPROFILE alone — `build_jail.rs` sandbox_homes() reads the ambient value and `compiler/defaults.rs` BASELINE_ENV_EXACT passes it through — so there is no private jail home to reproduce and redirecting one would measure an environment no confined script sees"},"passedThrough":{"CI":"true","GITHUB_ACTIONS":"true","NODE_ENV":null}}
  STORE   isolated virtual store at D:\jail\m-sitespeediochromedriver-mtsqck53\verify-synth\.cache
  VENUE-STORE-LAYOUT isolated
OSV-SCREEN {"schemaVersion":1,"kind":"nub-synth-resolved","status":"clean","digest":"e0608f373d910b6f92129bedc150ab41c81fcfa359e14a6b09392a46a6679e50","specCount":3,"lockfiles":{"digest":"55f3e0e6fd990947f6ea8f9c131b9cd2bbd8b268ea7ab9ab9a3106003d1fcbf7","files":[{"path":"nub.lock","sha256":"f0a918e380990efaa7c2ca2c0fa2aef390758ee3ec34fb10c96d15f2cb7d40ab","bytes":999}]},"maliciousAdvisories":[],"screenedAt":"2026-09-08T13:53:28.665Z","cacheHit":true,"clearancePath":"D:\\jail\\m-sitespeediochromedriver-mtsqck53\\security\\nub-synth-resolved.json"}
  SECURITY nub-synth-resolved clean: 3 exact package-version(s), tree e0608f373d91 (cached exact-tree clearance)
  VERIFY[synth] rc=0 artifacts=6/6 missing=0 shortfall=none (tree 5688/25) OVERRIDDEN=2 REJECTED=0 grant={"write":{"deps":true},"network":true}
  => MINIMUM {"write":{"deps":true},"network":true}   (observed, then verified)
  STORE   isolated virtual store at D:\jail\m-sitespeediochromedriver-mtsqck53\verify-nar-no-network\.cache
OSV-SCREEN {"schemaVersion":1,"kind":"nub-nar-no-network-resolved","status":"clean","digest":"e0608f373d910b6f92129bedc150ab41c81fcfa359e14a6b09392a46a6679e50","specCount":3,"lockfiles":{"digest":"55f3e0e6fd990947f6ea8f9c131b9cd2bbd8b268ea7ab9ab9a3106003d1fcbf7","files":[{"path":"nub.lock","sha256":"f0a918e380990efaa7c2ca2c0fa2aef390758ee3ec34fb10c96d15f2cb7d40ab","bytes":999}]},"maliciousAdvisories":[],"screenedAt":"2026-09-08T13:53:28.665Z","cacheHit":true,"clearancePath":"D:\\jail\\m-sitespeediochromedriver-mtsqck53\\security\\nub-nar-no-network-resolved.json"}
  SECURITY nub-nar-no-network-resolved clean: 3 exact package-version(s), tree e0608f373d91 (cached exact-tree clearance)
  VERIFY[nar-no-network] rc=1 artifacts=5/6 missing=1 shortfall=c8abdad68f79 (tree 5688/25) OVERRIDDEN=2 REJECTED=0 grant={"write":{"deps":true}}
     missing artifacts: vendor/chromedriver.exe
     'no-network' is NECESSARY — dropping it fails to verify
  STORE   isolated virtual store at D:\jail\m-sitespeediochromedriver-mtsqck53\verify-nar-no-write-deps\.cache
OSV-SCREEN {"schemaVersion":1,"kind":"nub-nar-no-write-deps-resolved","status":"clean","digest":"e0608f373d910b6f92129bedc150ab41c81fcfa359e14a6b09392a46a6679e50","specCount":3,"lockfiles":{"digest":"55f3e0e6fd990947f6ea8f9c131b9cd2bbd8b268ea7ab9ab9a3106003d1fcbf7","files":[{"path":"nub.lock","sha256":"f0a918e380990efaa7c2ca2c0fa2aef390758ee3ec34fb10c96d15f2cb7d40ab","bytes":999}]},"maliciousAdvisories":[],"screenedAt":"2026-09-08T13:53:28.665Z","cacheHit":true,"clearancePath":"D:\\jail\\m-sitespeediochromedriver-mtsqck53\\security\\nub-nar-no-write-deps-resolved.json"}
  SECURITY nub-nar-no-write-deps-resolved clean: 3 exact package-version(s), tree e0608f373d91 (cached exact-tree clearance)
  VERIFY[nar-no-write-deps] rc=0 artifacts=6/6 missing=0 shortfall=none (tree 5688/25) OVERRIDDEN=2 REJECTED=0 grant={"network":true}
     ⛔ OVER-PREDICTED — the strictly narrower {"network":true} also verifies; 'no-write-deps' was not needed
