### inngest-cli@0.12.0   (/home/runner/v2-ji1gRe)
  CI-ENV scrubbed: CI GITHUB_ACTIONS
OSV-SCREEN {"schemaVersion":1,"kind":"direct","status":"clean","digest":"d224e7553fb488736715052efca57c578009bc714db0b19e9cbb2e148a4f7686","specCount":1,"lockfiles":{"digest":null,"files":[]},"maliciousAdvisories":[],"screenedAt":"2026-09-08T00:04:05.739Z","cacheHit":false,"clearancePath":"/home/runner/v2-ji1gRe/security/direct.json"}
  SECURITY direct clean: 1 exact package-version(s), tree d224e7553fb4
  VENUE-OBSERVE-USER {"uid":1001,"user":"runner","umask":"0022","capBnd":"000001ffffffffff","noNewPrivs":"0"}
  VENUE-NUB-BINARY {"path":"/tmp/nub/target/release/nub","sha256":"2a18683f50f7afeb02a521cd3cae175dc2f91780d461c5f012065241f5a1447b","bytes":207643464,"features":{"buildJailCatalogOverride":true,"pythonDontWriteBytecodeEnv":true}}
OSV-SCREEN {"schemaVersion":1,"kind":"npm-observe-resolved","status":"clean","digest":"858b121000397d06d8149a73cf4880cad24d642321323ae3bfb42651e3ff20f9","specCount":46,"lockfiles":{"digest":"e32fb28ce1ad41f9b2e1223647055fe6a498523dc961318b8d2256fbcc0bae82","files":[{"path":"package-lock.json","sha256":"b9ebd61358ba27007b4600007f1b578bc232ed3b099e34d2da050d7205f39bd5","bytes":18375}]},"maliciousAdvisories":[],"screenedAt":"2026-09-08T00:04:07.157Z","cacheHit":false,"clearancePath":"/home/runner/v2-ji1gRe/security/npm-observe-resolved.json"}
  SECURITY npm-observe-resolved clean: 46 exact package-version(s), tree 858b12100039
  OBSERVE   rc=0 files=440 trace=12617 lines
  CLOSURE   45 packages evicted per arm
  ARM-FALSIFIABILITY {"manifestFiles":5,"filesTheScriptProduced":2,"reasons":[]}
  RAWLOG-FILE /home/runner/v2-ji1gRe/observe/trace.txt.gz
  RAWLOG-CAPTURE /home/runner/v2-ji1gRe/observe/capture.json
  RAWLOG-BYTES raw=2735361 gz=80409
  VENUE-INTERPRETER /opt/hostedtoolcache/node/22.23.2/x64
  VENUE-OVERRIDES {"set":{"HOME":"/home/runner/v2-ji1gRe/jailhome","TMPDIR":"/tmp/nub-tmp-obsjMCE7v","NODE_COMPAT":"1","PLAYWRIGHT_BROWSERS_PATH":"/home/runner/.cache/nub/pm/tools/ms-playwright","ELECTRON_CACHE":"/home/runner/.cache/nub/pm/tools/electron-cache","electron_config_cache":"/home/runner/.cache/nub/pm/tools/electron-cache","npm_config_prefix":"/home/runner/.cache/nub/pm/tools/npm-prefix","PYTHONDONTWRITEBYTECODE":"1","NUB_CACHE_DIR":"/home/runner/v2-ji1gRe/nubcache"},"unset":["CI","GITHUB_ACTIONS"],"passedThrough":{"CI":"true","GITHUB_ACTIONS":"true","NODE_ENV":null}}
  == ATTRIBUTION == attributed pids: 18
    writes  script 2  /  whole traced tree 1090
    sockets script 3  /  whole traced tree 9
  == ROOTS (from capture.json — R2: no ambient reads) ==
    project       /home/runner/v2-ji1gRe/observe
    home          /home/runner
    jailHome      /home/runner/v2-ji1gRe/jailhome
    globalStore   /home/runner/.cache/nub/pm/store   [declared, not keyed on]
    projectStore  /home/runner/v2-ji1gRe/observe/node_modules/.store   [declared, not keyed on]
    interpreter   /opt/hostedtoolcache/node/22.23.2/x64   [declared, not keyed on]
    toolsDir      /home/runner/.cache/nub/pm/tools   [declared, not keyed on]
    temp          /tmp/nub-tmp-obsjMCE7v
    npmPrefix     /home/runner/.cache/nub/pm/tools/npm-prefix
    ownPkg        /home/runner/v2-ji1gRe/observe/node_modules/inngest-cli
  == WRITES the script actually performed ==
    ownPkg        2  (base profile already grants this — NOT billed)
        /home/runner/v2-ji1gRe/observe/node_modules/inngest-cli/bin/LICENSE.md
        /home/runner/v2-ji1gRe/observe/node_modules/inngest-cli/bin/inngest
  == NETWORK ==
    AF_INET sockets: 3   distinct peers: 3
        127.0.0.53:53
        104.16.1.34:443
        172.66.47.141:443
  == REFUSALS (only `= -1 EACCES/EPERM/EROFS`) ==
    distinct: 0
  == SYNTHESIZED GRANT (verify this in the real unprivileged jail) ==
    {"network":true}
  == writePaths (DERIVED — promotion out of the package's PRIVATE home) ==
    private-home writes observed: 0
    none declared — the script wrote nothing into its private home — there is nothing to promote
  == writePaths FEASIBILITY (distinct writes outside project/deps) ==
    count: 0
    EVENTS    5198 distinct from 12551 calls (12618 lines, 39 rejoined, 0 unparsed)
    PROCS     25   lifecycle shells 13
    ⛔ 3 paths with an UNRESOLVED dirfd — kept, marked, never guessed
    unsubscribed/unmapped syscalls: getsockname×28 setsockopt×24 exit×20 getsockopt×12 recvmsg×9 getcwd×5 shutdown×4 socketpair×3
    wrote /home/runner/v2-ji1gRe/observe/events.ndjson.gz (35652 bytes)
  EVENTLOG-FILE /home/runner/v2-ji1gRe/observe/events.ndjson.gz
  EVENTLOG-STATS {"lines":12618,"parsed":12551,"unparsed":0,"unfinished":39,"rejoined":39,"unresolvedDirfd":3,"truncatedArg":0,"procs":25,"lifecyclePids":13,"distinctEvents":5198,"unknownSyscall":{"getsockname":28,"getsockopt":12,"getcwd":5,"recvmsg":9,"exit":20,"setsockopt":24,"sendmmsg":2,"socketpair":3,"shutdown":4,"exit_group":3,"wait4":3},"out":"/home/runner/v2-ji1gRe/observe/events.ndjson.gz","gzipBytes":35652}
  EVICT     46 store entries removed, 6 spared as nub tooling
  SE-PURGE  0 side-effects-cache entries for inngest-cli
OSV-SCREEN {"schemaVersion":1,"kind":"nub-synth-resolved","status":"clean","digest":"858b121000397d06d8149a73cf4880cad24d642321323ae3bfb42651e3ff20f9","specCount":46,"lockfiles":{"digest":"d96a4b7c95b7fd316b44231a73269193a35cda2e14847d23b8fd0a2fe4f344e3","files":[{"path":"nub.lock","sha256":"3875a9d044e2a07c402fdacf7ed75e9489cf5ec883edcec2e46436a66ea6ff86","bytes":11124}]},"maliciousAdvisories":[],"screenedAt":"2026-09-08T00:04:07.157Z","cacheHit":true,"clearancePath":"/home/runner/v2-ji1gRe/security/nub-synth-resolved.json"}
  SECURITY nub-synth-resolved clean: 46 exact package-version(s), tree 858b12100039 (cached exact-tree clearance)
  VENUE-STORE-LAYOUT isolated
  VERIFY[synth] rc=0 artifacts=5/5 missing=0 shortfall=none (tree 1388/440) OVERRIDDEN=3 REJECTED=0 grant={"network":true}
  => VERIFIED {"network":true}   (observed, then verified)
  EVICT     45 store entries removed, 6 spared as nub tooling
  SE-PURGE  0 side-effects-cache entries for inngest-cli
OSV-SCREEN {"schemaVersion":1,"kind":"nub-drop-no-network-resolved","status":"clean","digest":"858b121000397d06d8149a73cf4880cad24d642321323ae3bfb42651e3ff20f9","specCount":46,"lockfiles":{"digest":"d96a4b7c95b7fd316b44231a73269193a35cda2e14847d23b8fd0a2fe4f344e3","files":[{"path":"nub.lock","sha256":"3875a9d044e2a07c402fdacf7ed75e9489cf5ec883edcec2e46436a66ea6ff86","bytes":11124}]},"maliciousAdvisories":[],"screenedAt":"2026-09-08T00:04:07.157Z","cacheHit":true,"clearancePath":"/home/runner/v2-ji1gRe/security/nub-drop-no-network-resolved.json"}
  SECURITY nub-drop-no-network-resolved clean: 46 exact package-version(s), tree 858b12100039 (cached exact-tree clearance)
  VERIFY[drop-no-network] rc=1 artifacts=4/5 missing=2 shortfall=e2756ea111a0 (tree 1385/440) OVERRIDDEN=3 REJECTED=0 grant={}
       missing: bin/LICENSE.md, bin/inngest (0B < 58040320B)
     'no-network' is NECESSARY — dropping it fails to verify
  => MINIMAL — every capability in {"network":true} is independently necessary
