### swiftlint@2.0.0   (/home/runner/v2-JwnJK4)
  CI-ENV scrubbed: CI GITHUB_ACTIONS
OSV-SCREEN {"schemaVersion":1,"kind":"direct","status":"clean","digest":"7858f0f400279375dd3f041a9012e507dc44666914f13a505a08ae025637c3d8","specCount":1,"lockfiles":{"digest":null,"files":[]},"maliciousAdvisories":[],"screenedAt":"2026-09-08T09:39:44.891Z","cacheHit":false,"clearancePath":"/home/runner/v2-JwnJK4/security/direct.json"}
  SECURITY direct clean: 1 exact package-version(s), tree 7858f0f40027
  VENUE-OBSERVE-USER {"uid":1001,"user":"runner","umask":"0022","capBnd":"000001ffffffffff","noNewPrivs":"0"}
  VENUE-NUB-BINARY {"path":"/tmp/nub/target/release/nub","sha256":"2a18683f50f7afeb02a521cd3cae175dc2f91780d461c5f012065241f5a1447b","bytes":207643464,"features":{"buildJailCatalogOverride":true,"pythonDontWriteBytecodeEnv":true}}
OSV-SCREEN {"schemaVersion":1,"kind":"npm-observe-resolved","status":"clean","digest":"e5c0735954e7a53d85da1100ad397708152731313daa1fcdf182b48fa561394b","specCount":57,"lockfiles":{"digest":"cd17f373c335d04a0fad1ed0d0598a3d244ffd91c11b2082ee33741ae97201d8","files":[{"path":"package-lock.json","sha256":"b8a06cfc560e10e57d98349f32c628b63c4d131a5f958a2fb094831243e791fd","bytes":23732}]},"maliciousAdvisories":[],"screenedAt":"2026-09-08T09:39:47.274Z","cacheHit":false,"clearancePath":"/home/runner/v2-JwnJK4/security/npm-observe-resolved.json"}
  SECURITY npm-observe-resolved clean: 57 exact package-version(s), tree e5c0735954e7
  OBSERVE   rc=0 files=532 trace=10902 lines
  CLOSURE   57 packages evicted per arm
  ARM-FALSIFIABILITY {"manifestFiles":5,"filesTheScriptProduced":0,"reasons":["gate-vacuous"]}
  ⛔ ARMS-UNFALSIFIABLE — a green arm for this package carries no evidence:
       gate-vacuous: the script changed no file the artifact gate keys on — every file in the manifest (5) was already present at its final size before the script ran, so the gate passes in every arm including a completely broken one
       The grant may still be correct; what is missing is a signal that could have gone
       red. Do not read this record's MINIMAL as a passing measurement.
  RAWLOG-FILE /home/runner/v2-JwnJK4/observe/trace.txt.gz
  RAWLOG-CAPTURE /home/runner/v2-JwnJK4/observe/capture.json
  RAWLOG-BYTES raw=2390907 gz=69697
  VENUE-INTERPRETER /opt/hostedtoolcache/node/22.23.2/x64
  VENUE-OVERRIDES {"set":{"HOME":"/home/runner/v2-JwnJK4/jailhome","TMPDIR":"/tmp/nub-tmp-obsbsgOnt","NODE_COMPAT":"1","PLAYWRIGHT_BROWSERS_PATH":"/home/runner/.cache/nub/pm/tools/ms-playwright","ELECTRON_CACHE":"/home/runner/.cache/nub/pm/tools/electron-cache","electron_config_cache":"/home/runner/.cache/nub/pm/tools/electron-cache","npm_config_prefix":"/home/runner/.cache/nub/pm/tools/npm-prefix","PYTHONDONTWRITEBYTECODE":"1","NUB_CACHE_DIR":"/home/runner/v2-JwnJK4/nubcache"},"unset":["CI","GITHUB_ACTIONS"],"passedThrough":{"CI":"true","GITHUB_ACTIONS":"true","NODE_ENV":null}}
  == ATTRIBUTION == attributed pids: 13
    writes  script 0  /  whole traced tree 1088
    sockets script 0  /  whole traced tree 4
  == ROOTS (from capture.json — R2: no ambient reads) ==
    project       /home/runner/v2-JwnJK4/observe
    home          /home/runner
    jailHome      /home/runner/v2-JwnJK4/jailhome
    globalStore   /home/runner/.cache/nub/pm/store   [declared, not keyed on]
    projectStore  /home/runner/v2-JwnJK4/observe/node_modules/.store   [declared, not keyed on]
    interpreter   /opt/hostedtoolcache/node/22.23.2/x64   [declared, not keyed on]
    toolsDir      /home/runner/.cache/nub/pm/tools   [declared, not keyed on]
    temp          /tmp/nub-tmp-obsbsgOnt
    npmPrefix     /home/runner/.cache/nub/pm/tools/npm-prefix
    ownPkg        /home/runner/v2-JwnJK4/observe/node_modules/swiftlint
  == WRITES the script actually performed ==
  == NETWORK ==
    AF_INET sockets: 0   distinct peers: 2
        127.0.0.53:53
        104.16.4.34:443
  == REFUSALS (only `= -1 EACCES/EPERM/EROFS`) ==
    distinct: 0
  == SYNTHESIZED GRANT (verify this in the real unprivileged jail) ==
    {}
  == writePaths (DERIVED — promotion out of the package's PRIVATE home) ==
    private-home writes observed: 0
    none declared — the script wrote nothing into its private home — there is nothing to promote
  == writePaths FEASIBILITY (distinct writes outside project/deps) ==
    count: 0
    EVENTS    4492 distinct from 10790 calls (10903 lines, 90 rejoined, 0 unparsed)
    PROCS     20   lifecycle shells 8
    ⛔ 3 paths with an UNRESOLVED dirfd — kept, marked, never guessed
    unsubscribed/unmapped syscalls: setsockopt×23 getsockname×22 exit×15 getsockopt×9 recvmsg×7 getcwd×4 socketpair×3 shutdown×3
    wrote /home/runner/v2-JwnJK4/observe/events.ndjson.gz (31826 bytes)
  EVENTLOG-FILE /home/runner/v2-JwnJK4/observe/events.ndjson.gz
  EVENTLOG-STATS {"lines":10903,"parsed":10790,"unparsed":0,"unfinished":90,"rejoined":90,"unresolvedDirfd":3,"truncatedArg":0,"procs":20,"lifecyclePids":8,"distinctEvents":4492,"unknownSyscall":{"getsockname":22,"getsockopt":9,"getcwd":4,"recvmsg":7,"exit":15,"setsockopt":23,"sendmmsg":1,"socketpair":3,"shutdown":3,"exit_group":3,"wait4":3},"out":"/home/runner/v2-JwnJK4/observe/events.ndjson.gz","gzipBytes":31826}
  EVICT     14 store entries removed, 4 spared as nub tooling
  SE-PURGE  0 side-effects-cache entries for swiftlint
OSV-SCREEN {"schemaVersion":1,"kind":"nub-synth-resolved","status":"clean","digest":"c402e8349f2bd3ac93cb39bf4592afa3dba9556217d6d0260dfb3abf2be01de3","specCount":57,"lockfiles":{"digest":"877a4b50dc4ef1164aca521c2b0a2b601ba769de686166f586a2132ddcce8d04","files":[{"path":"nub.lock","sha256":"152dfbb8571185a07e5deaeb9b22859fa7b68eff27bf5b344173c36ecf4d2c80","bytes":14491}]},"maliciousAdvisories":[],"screenedAt":"2026-09-08T09:39:50.616Z","cacheHit":false,"clearancePath":"/home/runner/v2-JwnJK4/security/nub-synth-resolved.json"}
  SECURITY nub-synth-resolved clean: 57 exact package-version(s), tree c402e8349f2b
  VENUE-STORE-LAYOUT isolated
  VERIFY[synth] rc=0 artifacts=5/5 missing=0 shortfall=none (tree 1788/532) OVERRIDDEN=2 REJECTED=0 grant={}
  => VERIFIED {}   (observed, then verified)
  DESCEND   grant is already empty — nothing to narrow; MINIMAL by construction.
