  HARNESS-NODE /opt/hostedtoolcache/node/22.23.2/x64/bin/node (v22.23.2); arm-cap present
  ERA-NODE PINNED 14.21.3 (provisioned) (arms will run: v14.21.3)
  ERA-PYTHON /opt/hostedtoolcache/Python/3.9.25/x64/bin/python (Python 3.9.25) for era Node 14, whose node-gyp requires python3-legacy
  ARM-MAKE /usr/bin/gmake (GNU Make 4.3) — the system make; a build needing GNU Make 4 WILL fail here
### @aws-amplify/cli@5.6.0   (/home/runner/v2-5nhtiB)
  CI-ENV scrubbed: CI GITHUB_ACTIONS
OSV-SCREEN {"schemaVersion":1,"kind":"direct","status":"clean","digest":"fabb502dc5975a331ad9ea8d465d5cba7e79adafa9e196b15103b0455fd3cbb0","specCount":1,"lockfiles":{"digest":null,"files":[]},"maliciousAdvisories":[],"screenedAt":"2026-08-24T08:51:02.898Z","cacheHit":false,"clearancePath":"/home/runner/v2-5nhtiB/security/direct.json"}
  SECURITY direct clean: 1 exact package-version(s), tree fabb502dc597
  VENUE-OBSERVE-USER {"uid":1001,"user":"runner","umask":"0022","capBnd":"000001ffffffffff","noNewPrivs":"0"}
  VENUE-NUB-BINARY {"path":"/tmp/nub/target/release/nub","sha256":"bed0d624b324fb3de83de474ff73731ad2f1fd040ff548bb0158e2baf850701d","bytes":208304640,"features":{"buildJailCatalogOverride":true,"pythonDontWriteBytecodeEnv":true}}
  ERA-RESOLUTION DATED 2021-09-15T23:27:44.778Z (deps as of the package's own publish date + 1d)
OSV-SCREEN {"schemaVersion":1,"kind":"npm-observe-resolved","status":"clean","digest":"e6398ab8c4035a877fa47e3856da603f0c4ad1ed90c69629148a96135e7b44b8","specCount":1073,"lockfiles":{"digest":"63e8009ee02f9616dc30207dcad0e31858eccdace9e07e25d54d0423d1cec431","files":[{"path":"package-lock.json","sha256":"00e376698f8275b9d6aebac308f962901a638bf6052fc867fefa0b735c6e6bc0","bytes":666877}]},"maliciousAdvisories":[],"screenedAt":"2026-08-24T08:51:22.714Z","cacheHit":false,"clearancePath":"/home/runner/v2-5nhtiB/security/npm-observe-resolved.json"}
  SECURITY npm-observe-resolved clean: 1073 exact package-version(s), tree e6398ab8c403
  ARM-PATH SANITISED (nothing to drop)
  ARM-AMBIENT-TOOLS 9 leaked: tsc=/home/runner/v2-5nhtiB/observe/node_modules/.bin/tsc rimraf=/home/runner/v2-5nhtiB/observe/node_modules/.bin/rimraf grunt=/usr/local/bin/grunt gulp=/usr/local/bin/gulp webpack=/usr/local/bin/webpack lerna=/usr/local/bin/lerna ts-node=/home/runner/v2-5nhtiB/observe/node_modules/.bin/ts-node yarn=/usr/local/bin/yarn pulumi=/usr/local/bin/pulumi
  ARM-SCAFFOLD none
  ARM-UNPROVIDABLE none
  OBSERVE   rc=0 files=48275 trace=45407 lines
  CLOSURE   884 packages evicted per arm
  ARM-FALSIFIABILITY {"manifestFiles":785,"filesTheScriptProduced":0,"reasons":["gate-vacuous"]}
  ⛔ ARMS-UNFALSIFIABLE — a green arm for this package carries no evidence:
       gate-vacuous: the script changed no file the artifact gate keys on — every file in the manifest (785) was already present at its final size before the script ran, so the gate passes in every arm including a completely broken one
       The grant may still be correct; what is missing is a signal that could have gone
       red. Do not read this record's MINIMAL as a passing measurement.
  RAWLOG-FILE /home/runner/v2-5nhtiB/observe/trace.txt.gz
  RAWLOG-CAPTURE /home/runner/v2-5nhtiB/observe/capture.json
  RAWLOG-BYTES raw=6691033 gz=226412
  VENUE-INTERPRETER /opt/hostedtoolcache/node/22.23.2/x64
  VENUE-NODE-SELECTION {"pkg":"@aws-amplify/cli","packageVersion":"5.6.0","major":14,"version":"14.21.3","npm":"6.14.18","pinnable":true,"engines":">=12.0.0","publishedAt":"2021-09-14T23:27:44.778Z","eraMajor":14,"startMajor":14,"raisedByEngines":false,"enginesUnsatisfiable":false,"clampedToFloor":false,"clampedToCeiling":false,"matrixFloor":4,"matrixCeiling":26,"lookupFailure":null,"pinned":true,"pinnedBin":"/home/runner/.cache/nub/era-node/14.21.3/node-v14.21.3-linux-x64/bin","eraNodeRoot":"/home/runner/.cache/nub"}
  VENUE-OVERRIDES {"set":{"HOME":"/home/runner/v2-5nhtiB/jailhome","TMPDIR":"/tmp/nub-tmp-obsUtf0Tm","NODE_COMPAT":"1","PLAYWRIGHT_BROWSERS_PATH":"/home/runner/.cache/nub/pm/tools/ms-playwright","ELECTRON_CACHE":"/home/runner/.cache/nub/pm/tools/electron-cache","electron_config_cache":"/home/runner/.cache/nub/pm/tools/electron-cache","npm_config_prefix":"/home/runner/.cache/nub/pm/tools/npm-prefix","PYTHONDONTWRITEBYTECODE":"1","NUB_CACHE_DIR":"/home/runner/v2-5nhtiB/nubcache"},"unset":["CI","GITHUB_ACTIONS"],"passedThrough":{"CI":"true","GITHUB_ACTIONS":"true","NODE_ENV":null}}
  == ATTRIBUTION == attributed pids: 14
    writes  script 8  /  whole traced tree 11
    sockets script 0  /  whole traced tree 0
  == ROOTS (from capture.json — R2: no ambient reads) ==
    project       /home/runner/v2-5nhtiB/observe
    home          /home/runner
    jailHome      /home/runner/v2-5nhtiB/jailhome
    globalStore   /home/runner/.cache/nub/pm/store   [declared, not keyed on]
    projectStore  /home/runner/v2-5nhtiB/observe/node_modules/.store   [declared, not keyed on]
    interpreter   /opt/hostedtoolcache/node/22.23.2/x64   [declared, not keyed on]
    toolsDir      /home/runner/.cache/nub/pm/tools   [declared, not keyed on]
    temp          /tmp/nub-tmp-obsUtf0Tm
    npmPrefix     /home/runner/.cache/nub/pm/tools/npm-prefix
    ownPkg        /home/runner/v2-5nhtiB/observe/node_modules/@aws-amplify/cli
  == WRITES the script actually performed ==
    deps          5
    ownPkg        3  (base profile already grants this — NOT billed)
        /home/runner/v2-5nhtiB/observe/node_modules/@aws-amplify/cli/node_modules
        /home/runner/v2-5nhtiB/observe/node_modules/@aws-amplify/cli/node_modules/.cache
        /home/runner/v2-5nhtiB/observe/node_modules/@aws-amplify/cli/node_modules/.cache/esm
  == NETWORK ==
    AF_INET sockets: 0   distinct peers: 0
  == REFUSALS (only `= -1 EACCES/EPERM/EROFS`) ==
    distinct: 0
  == SYNTHESIZED GRANT (verify this in the real unprivileged jail) ==
    {"write":{"deps":true}}
  == writePaths (DERIVED — promotion out of the package's PRIVATE home) ==
    private-home writes observed: 0
    none declared — the script wrote nothing into its private home — there is nothing to promote
  == writePaths FEASIBILITY (distinct writes outside project/deps) ==
    count: 0
    EVENTS    17820 distinct from 30459 calls (45408 lines, 14927 rejoined, 0 unparsed)
    PROCS     19   lifecycle shells 8
    ⛔ 1438 paths with an UNRESOLVED dirfd — kept, marked, never guessed
    unsubscribed/unmapped syscalls: exit×14 getsockname×5 recvmsg×5 getsockopt×4 getcwd×3 exit_group×3 wait4×3
    wrote /home/runner/v2-5nhtiB/observe/events.ndjson.gz (94831 bytes)
  EVENTLOG-FILE /home/runner/v2-5nhtiB/observe/events.ndjson.gz
  EVENTLOG-STATS {"lines":45408,"parsed":30459,"unparsed":0,"unfinished":14927,"rejoined":14927,"unresolvedDirfd":1438,"truncatedArg":0,"procs":19,"lifecyclePids":8,"distinctEvents":17820,"unknownSyscall":{"getsockopt":4,"getsockname":5,"getcwd":3,"recvmsg":5,"exit":14,"exit_group":3,"wait4":3},"out":"/home/runner/v2-5nhtiB/observe/events.ndjson.gz","gzipBytes":94831}
  EVICT     88 store entries removed, 114 spared as nub tooling
  SE-PURGE  0 side-effects-cache entries for @aws-amplify/cli
  scaffold: 2 dependency package(s) with lifecycle scripts granted a fixed wide grant
  => HARNESS-ERROR: Nub could not materialize the tree with --ignore-scripts; no lifecycle script ran
  ── nub's own words (tail of security-resolve.log) ──
     DEBUG write: "/home/runner/.local/share/nub/store/v1/index/1f2ee334dce43527/@aws-cdk__core@1.172.0.json" log.target=xx::file log.module_path=xx::file log.file=/home/runner/.cargo/registry/src/index.crates.io-1949cf8c6b5b557f/xx-2.2.0/src/file.rs log.line=142
     DEBUG mkdirp: "/home/runner/.local/share/nub/store/v1/index/1f2ee334dce43527" log.target=xx::file log.module_path=xx::file log.file=/home/runner/.cargo/registry/src/index.crates.io-1949cf8c6b5b557f/xx-2.2.0/src/file.rs log.line=168
     DEBUG write: "/home/runner/.local/share/nub/store/v1/index/72eb972ef03d62e4/amplify-provider-awscloudformation@4.60.0.json" log.target=xx::file log.module_path=xx::file log.file=/home/runner/.cargo/registry/src/index.crates.io-1949cf8c6b5b557f/xx-2.2.0/src/file.rs log.line=142
     DEBUG mkdirp: "/home/runner/.local/share/nub/store/v1/index/72eb972ef03d62e4" log.target=xx::file log.module_path=xx::file log.file=/home/runner/.cargo/registry/src/index.crates.io-1949cf8c6b5b557f/xx-2.2.0/src/file.rs log.line=168
     DEBUG write: "/home/runner/.local/share/nub/store/v1/index/c71595cb093a6ba0/caniuse-lite@1.0.30001809.json" log.target=xx::file log.module_path=xx::file log.file=/home/runner/.cargo/registry/src/index.crates.io-1949cf8c6b5b557f/xx-2.2.0/src/file.rs log.line=142
     DEBUG mkdirp: "/home/runner/.local/share/nub/store/v1/index/c71595cb093a6ba0" log.target=xx::file log.module_path=xx::file log.file=/home/runner/.cargo/registry/src/index.crates.io-1949cf8c6b5b557f/xx-2.2.0/src/file.rs log.line=168
     DEBUG write: "/home/runner/.local/share/nub/store/v1/index/29bdb00b47efb167/core-js@2.6.12.json" log.target=xx::file log.module_path=xx::file log.file=/home/runner/.cargo/registry/src/index.crates.io-1949cf8c6b5b557f/xx-2.2.0/src/file.rs log.line=142
     DEBUG mkdirp: "/home/runner/.local/share/nub/store/v1/index/29bdb00b47efb167" log.target=xx::file log.module_path=xx::file log.file=/home/runner/.cargo/registry/src/index.crates.io-1949cf8c6b5b557f/xx-2.2.0/src/file.rs log.line=168
     DEBUG write: "/home/runner/.local/share/nub/store/v1/index/76129ff74dd4fcf4/rxjs@7.8.2.json" log.target=xx::file log.module_path=xx::file log.file=/home/runner/.cargo/registry/src/index.crates.io-1949cf8c6b5b557f/xx-2.2.0/src/file.rs log.line=142
     DEBUG mkdirp: "/home/runner/.local/share/nub/store/v1/index/76129ff74dd4fcf4" log.target=xx::file log.module_path=xx::file log.file=/home/runner/.cargo/registry/src/index.crates.io-1949cf8c6b5b557f/xx-2.2.0/src/file.rs log.line=168
     DEBUG write: "/home/runner/.local/share/nub/store/v1/index/853770afeef260d2/rxjs@6.6.7.json" log.target=xx::file log.module_path=xx::file log.file=/home/runner/.cargo/registry/src/index.crates.io-1949cf8c6b5b557f/xx-2.2.0/src/file.rs log.line=142
     DEBUG mkdirp: "/home/runner/.local/share/nub/store/v1/index/853770afeef260d2" log.target=xx::file log.module_path=xx::file log.file=/home/runner/.cargo/registry/src/index.crates.io-1949cf8c6b5b557f/xx-2.2.0/src/file.rs log.line=168
     DEBUG write: "/home/runner/.local/share/nub/store/v1/index/0515a038b2a415e0/core-js@3.50.0.json" log.target=xx::file log.module_path=xx::file log.file=/home/runner/.cargo/registry/src/index.crates.io-1949cf8c6b5b557f/xx-2.2.0/src/file.rs log.line=142
     DEBUG mkdirp: "/home/runner/.local/share/nub/store/v1/index/0515a038b2a415e0" log.target=xx::file log.module_path=xx::file log.file=/home/runner/.cargo/registry/src/index.crates.io-1949cf8c6b5b557f/xx-2.2.0/src/file.rs log.line=168
     ERROR peer-context hit MAX_ITERATIONS=16 without convergence code=ERR_NUB_PEER_CONTEXT_NOT_CONVERGED max_iterations=16
     DEBUG io_stream is done, shutting down
     DEBUG send frame=GoAway { error_code: NO_ERROR, last_stream_id: StreamId(0) }
     DEBUG Connection::poll; connection error error=GoAway(b"", NO_ERROR, Library)
     DEBUG io_stream is done, shutting down
     DEBUG send frame=GoAway { error_code: NO_ERROR, last_stream_id: StreamId(0) }
     DEBUG Connection::poll; connection error error=GoAway(b"", NO_ERROR, Library)
     DEBUG io_stream is done, shutting down
     nub 0.7.1-DEBUG
     ██░░░░░░░░░░░░░ 1203/1497 pkgs · resolving
     ERR_NUB_PEER_CONTEXT_NOT_CONVERGED
     
       × failed to resolve dependencies
       ╰─▶ peer-context fixed-point did not converge after 16 iterations. mutually
           recursive peers, lockfile would be incomplete
     
