### saucectl@0.60.0   (/home/runner/v2-7E7K1V)
  CI-ENV scrubbed: CI GITHUB_ACTIONS
OSV-SCREEN {"schemaVersion":1,"kind":"direct","status":"clean","digest":"2c59b4da71453ad62b2d7d6790c00fcb8efbdbd1e1bef07a56f8af29a6ed10de","specCount":1,"lockfiles":{"digest":null,"files":[]},"maliciousAdvisories":[],"screenedAt":"2026-09-08T00:55:39.355Z","cacheHit":false,"clearancePath":"/home/runner/v2-7E7K1V/security/direct.json"}
  SECURITY direct clean: 1 exact package-version(s), tree 2c59b4da7145
  VENUE-OBSERVE-USER {"uid":1001,"user":"runner","umask":"0022","capBnd":"000001ffffffffff","noNewPrivs":"0"}
  VENUE-NUB-BINARY {"path":"/tmp/nub/target/release/nub","sha256":"2a18683f50f7afeb02a521cd3cae175dc2f91780d461c5f012065241f5a1447b","bytes":207643464,"features":{"buildJailCatalogOverride":true,"pythonDontWriteBytecodeEnv":true}}
OSV-SCREEN {"schemaVersion":1,"kind":"npm-observe-resolved","status":"clean","digest":"97ce152a72f0924a3e865f5018cb2b476dd2d5a58124f447447a98d08dda98be","specCount":166,"lockfiles":{"digest":"6ae62575f825c24c0d8394af870a788d5c06c4924726bf6e043046dbde93dc05","files":[{"path":"package-lock.json","sha256":"1f693dab1048b4b3e1d2831e26bf3249602a08f5da02c17a915975efd5e5a16c","bytes":71112}]},"maliciousAdvisories":[],"screenedAt":"2026-09-08T00:55:41.223Z","cacheHit":false,"clearancePath":"/home/runner/v2-7E7K1V/security/npm-observe-resolved.json"}
  SECURITY npm-observe-resolved clean: 166 exact package-version(s), tree 97ce152a72f0
  OBSERVE   rc=0 files=1114 trace=15229 lines
  CLOSURE   152 packages evicted per arm
  ARM-FALSIFIABILITY {"manifestFiles":8,"filesTheScriptProduced":2,"reasons":[]}
  RAWLOG-FILE /home/runner/v2-7E7K1V/observe/trace.txt.gz
  RAWLOG-CAPTURE /home/runner/v2-7E7K1V/observe/capture.json
  RAWLOG-BYTES raw=3208248 gz=96562
  VENUE-INTERPRETER /opt/hostedtoolcache/node/22.23.2/x64
  VENUE-OVERRIDES {"set":{"HOME":"/home/runner/v2-7E7K1V/jailhome","TMPDIR":"/tmp/nub-tmp-obsaIwSNh","NODE_COMPAT":"1","PLAYWRIGHT_BROWSERS_PATH":"/home/runner/.cache/nub/pm/tools/ms-playwright","ELECTRON_CACHE":"/home/runner/.cache/nub/pm/tools/electron-cache","electron_config_cache":"/home/runner/.cache/nub/pm/tools/electron-cache","npm_config_prefix":"/home/runner/.cache/nub/pm/tools/npm-prefix","PYTHONDONTWRITEBYTECODE":"1","NUB_CACHE_DIR":"/home/runner/v2-7E7K1V/nubcache"},"unset":["CI","GITHUB_ACTIONS"],"passedThrough":{"CI":"true","GITHUB_ACTIONS":"true","NODE_ENV":null}}
  == ATTRIBUTION == attributed pids: 28
    writes  script 3  /  whole traced tree 1091
    sockets script 5  /  whole traced tree 9
  == ROOTS (from capture.json — R2: no ambient reads) ==
    project       /home/runner/v2-7E7K1V/observe
    home          /home/runner
    jailHome      /home/runner/v2-7E7K1V/jailhome
    globalStore   /home/runner/.cache/nub/pm/store   [declared, not keyed on]
    projectStore  /home/runner/v2-7E7K1V/observe/node_modules/.store   [declared, not keyed on]
    interpreter   /opt/hostedtoolcache/node/22.23.2/x64   [declared, not keyed on]
    toolsDir      /home/runner/.cache/nub/pm/tools   [declared, not keyed on]
    temp          /tmp/nub-tmp-obsaIwSNh
    npmPrefix     /home/runner/.cache/nub/pm/tools/npm-prefix
    ownPkg        /home/runner/v2-7E7K1V/observe/node_modules/saucectl
  == WRITES the script actually performed ==
    ownPkg        3  (base profile already grants this — NOT billed)
        /home/runner/v2-7E7K1V/observe/node_modules/saucectl/bin
        /home/runner/v2-7E7K1V/observe/node_modules/saucectl/bin/LICENSE
        /home/runner/v2-7E7K1V/observe/node_modules/saucectl/bin/saucectl
  == NETWORK ==
    AF_INET sockets: 5   distinct peers: 3
        127.0.0.53:53
        104.16.7.34:443
        140.82.113.3:443
  == REFUSALS (only `= -1 EACCES/EPERM/EROFS`) ==
    distinct: 0
  == SYNTHESIZED GRANT (verify this in the real unprivileged jail) ==
    {"network":true}
  == writePaths (DERIVED — promotion out of the package's PRIVATE home) ==
    private-home writes observed: 0
    none declared — the script wrote nothing into its private home — there is nothing to promote
  == writePaths FEASIBILITY (distinct writes outside project/deps) ==
    count: 0
    EVENTS    6785 distinct from 14858 calls (15230 lines, 332 rejoined, 0 unparsed)
    PROCS     35   lifecycle shells 23
    ⛔ 3 paths with an UNRESOLVED dirfd — kept, marked, never guessed
    unsubscribed/unmapped syscalls: setsockopt×57 getsockname×30 exit×20 getsockopt×13 recvmsg×11 socketpair×9 shutdown×7 getcwd×5
    wrote /home/runner/v2-7E7K1V/observe/events.ndjson.gz (43707 bytes)
  EVENTLOG-FILE /home/runner/v2-7E7K1V/observe/events.ndjson.gz
  EVENTLOG-STATS {"lines":15230,"parsed":14858,"unparsed":0,"unfinished":332,"rejoined":332,"unresolvedDirfd":3,"truncatedArg":0,"procs":35,"lifecyclePids":23,"distinctEvents":6785,"unknownSyscall":{"getsockname":30,"getsockopt":13,"getcwd":5,"recvmsg":11,"exit":20,"setsockopt":57,"sendmmsg":3,"socketpair":9,"shutdown":7,"exit_group":5,"wait4":5},"out":"/home/runner/v2-7E7K1V/observe/events.ndjson.gz","gzipBytes":43707}
  EVICT     165 store entries removed, 5 spared as nub tooling
  SE-PURGE  0 side-effects-cache entries for saucectl
OSV-SCREEN {"schemaVersion":1,"kind":"nub-synth-resolved","status":"clean","digest":"84b0bdf319ab7362085b89896c95c3ba4c7f75c90c2eb96d3521918e16bd0624","specCount":170,"lockfiles":{"digest":"e505acbdf342ae8390d2e86e74630b3af295d2074a62033aadad5717a2ddcdbd","files":[{"path":"nub.lock","sha256":"2f1797823e622d220f4d70cf30b509419983b10e050781aa5040f73e4b349edf","bytes":40151}]},"maliciousAdvisories":[],"screenedAt":"2026-09-08T00:55:45.810Z","cacheHit":false,"clearancePath":"/home/runner/v2-7E7K1V/security/nub-synth-resolved.json"}
  SECURITY nub-synth-resolved clean: 170 exact package-version(s), tree 84b0bdf319ab
  VENUE-STORE-LAYOUT isolated
  VERIFY[synth] rc=0 artifacts=8/8 missing=0 shortfall=none (tree 4362/1114) OVERRIDDEN=2 REJECTED=0 grant={"network":true}
  => VERIFIED {"network":true}   (observed, then verified)
  EVICT     165 store entries removed, 5 spared as nub tooling
  SE-PURGE  0 side-effects-cache entries for saucectl
OSV-SCREEN {"schemaVersion":1,"kind":"nub-drop-no-network-resolved","status":"clean","digest":"84b0bdf319ab7362085b89896c95c3ba4c7f75c90c2eb96d3521918e16bd0624","specCount":170,"lockfiles":{"digest":"e505acbdf342ae8390d2e86e74630b3af295d2074a62033aadad5717a2ddcdbd","files":[{"path":"nub.lock","sha256":"2f1797823e622d220f4d70cf30b509419983b10e050781aa5040f73e4b349edf","bytes":40151}]},"maliciousAdvisories":[],"screenedAt":"2026-09-08T00:55:45.810Z","cacheHit":true,"clearancePath":"/home/runner/v2-7E7K1V/security/nub-drop-no-network-resolved.json"}
  SECURITY nub-drop-no-network-resolved clean: 170 exact package-version(s), tree 84b0bdf319ab (cached exact-tree clearance)
  VERIFY[drop-no-network] rc=1 artifacts=6/8 missing=2 shortfall=e4e32fdf5a57 (tree 4357/1114) OVERRIDDEN=2 REJECTED=0 grant={}
       missing: bin/LICENSE, bin/saucectl
     'no-network' is NECESSARY — dropping it fails to verify
  => MINIMAL — every capability in {"network":true} is independently necessary
