### @stdlib/math-base-special-log1pmx@0.1.1   (D:\jail\m-stdlibmathbasespeciallog1pmx-mtrik7ur)
  CI-ENV scrubbed: CI GITHUB_ACTIONS
OSV-SCREEN {"schemaVersion":1,"kind":"direct","status":"clean","digest":"2bb0fa5c69258173a7805921ce42814baac4c1465e99d37c7b28bae447939678","specCount":1,"lockfiles":{"digest":null,"files":[]},"maliciousAdvisories":[],"screenedAt":"2026-09-07T17:27:41.210Z","cacheHit":false,"clearancePath":"D:\\jail\\m-stdlibmathbasespeciallog1pmx-mtrik7ur\\security\\direct.json"}
  SECURITY direct clean: 1 exact package-version(s), tree 2bb0fa5c6925
OSV-SCREEN {"schemaVersion":1,"kind":"npm-observe-resolved","status":"clean","digest":"66c22822eaecb8a57c28ff2a6fac6c80185bb2ab62a8fb4f1a32a17e4d41fa4e","specCount":94,"lockfiles":{"digest":"1b61a3125ad7306735f0ad0acd77f4a922e706b0ed03439bdafb579297bc365d","files":[{"path":"package-lock.json","sha256":"2b6dfe8436304e22cac78ce4f0ed43894b529f7ebe3796e34944095d6515a6eb","bytes":76657}]},"maliciousAdvisories":[],"screenedAt":"2026-09-07T17:27:46.207Z","cacheHit":false,"clearancePath":"D:\\jail\\m-stdlibmathbasespeciallog1pmx-mtrik7ur\\security\\npm-observe-resolved.json"}
  SECURITY npm-observe-resolved clean: 94 exact package-version(s), tree 66c22822eaec
  CAPTURE user=runnervmeef0v\runneradmin elevated=True rootPid=1480 exit=0 events=21186 lost=0
  VENUE-OBSERVE-USER runnervmeef0v\runneradmin elevated=true privDropped={"SeBackupPrivilege":"removed","SeRestorePrivilege":"removed","SeTakeOwnershipPrivilege":"removed"}
  OBSERVE artifacts: 18 files  (D:\jail\m-stdlibmathbasespeciallog1pmx-mtrik7ur\observe\node_modules\@stdlib\math-base-special-log1pmx)
  ARM-FALSIFIABILITY {"manifestFiles":18,"filesTheScriptProduced":0,"reasons":["gate-vacuous"]}
  ⛔ ARMS-UNFALSIFIABLE — a green arm for this package carries no evidence:
       gate-vacuous: the script changed no file the artifact gate keys on — every file in the manifest (18) was already present at its final size before the script ran, so the gate passes in every arm including a completely broken one
       The grant may still be correct; what is missing is a signal that could have gone
       red. Do not read this record's MINIMAL as a passing measurement.
  CLOSURE 94 packages evicted per arm
  8.3 MAP 0 components resolved on runnervmeef0v, folded into capture.json
  == ROOTS (from capture.json — R2: no ambient reads) ==
    project       D:\jail\m-stdlibmathbasespeciallog1pmx-mtrik7ur\observe   [keyed on]
    home          C:\Users\runneradmin   [keyed on]
    jailHome      (null — declared inapplicable)
    globalStore   C:\Users\runneradmin\AppData\Local\nub\pm\store
    projectStore  D:\jail\m-stdlibmathbasespeciallog1pmx-mtrik7ur\observe\node_modules\.store
    interpreter   C:\hostedtoolcache\windows\node\22.23.2\x64\node.exe
    toolsDir      C:\Users\runneradmin\AppData\Local\nub\pm\tools
    temp          D:\jail\m-stdlibmathbasespeciallog1pmx-mtrik7ur\tmp   [keyed on]
    npmPrefix     (null — declared inapplicable)
    ownPkg        D:\jail\m-stdlibmathbasespeciallog1pmx-mtrik7ur\observe\node_modules\@stdlib\math-base-special-log1pmx
  == ATTRIBUTION == lifecycle pids: 0 (root 1480)
    writes  script 0  /  whole traced tree 7
    peers   script 0  /  whole traced tree 0
    !! NO LIFECYCLE SHELL FOUND -- the subtree filter matched nothing, so the grant
       below is EMPTY BY DEFAULT rather than by measurement. Treat it as UNKNOWN.
  == WRITES ==
  == READS ==
  == NETWORK ==
    distinct peers: 0
  == REFUSALS (adapter-classified) ==
    distinct: 0
  == SYNTHESIZED GRANT (verify this in the real unprivileged jail) ==
    {}
  RAW       etw-raw.xml.gz  27063029 B xml -> 393602 B gz (68.8x)  sha256 7ea846eb6b38e022…
  HEADER    etw-header.json (5226 bytes)
  DERIVED   5164 distinct from 6216 kept ops (21186 xml events, 1689 out of subtree)
  PROCS     2   thread-reattributed 0
  8.3       0 expanded, 0 kept short, 0 not covered  [map: recorded 8.3 map (0 components, resolved on runnervmeef0v)]
  wrote events.ndjson.gz (65350 bytes)
  RAWLOG-CAPTURE D:\jail\m-stdlibmathbasespeciallog1pmx-mtrik7ur\cap\capture.json
  VENUE-NUB-BINARY {"path":"C:/Users/RUNNER~1/AppData/Local/Temp/nub/target/release/nub.exe","sha256":"f186817a44be332fee712b4936a071a0b5f9cde18a1d2fdc3a791729d4bf1005","bytes":68717056,"features":{"buildJailCatalogOverride":true,"pythonDontWriteBytecodeEnv":true}}
  VENUE-INTERPRETER C:\hostedtoolcache\windows\node\22.23.2\x64\node.exe
  VENUE-JAIL-ROOT D:\jail\m-stdlibmathbasespeciallog1pmx-mtrik7ur
  VENUE-OVERRIDES {"set":{"npm_config_cache":"D:\\jail\\m-stdlibmathbasespeciallog1pmx-mtrik7ur\\npm-cache","TMP":"D:\\jail\\m-stdlibmathbasespeciallog1pmx-mtrik7ur\\tmp","TEMP":"D:\\jail\\m-stdlibmathbasespeciallog1pmx-mtrik7ur\\tmp","TMPDIR":"D:\\jail\\m-stdlibmathbasespeciallog1pmx-mtrik7ur\\tmp"},"unset":["CI","GITHUB_ACTIONS"],"notRedirected":{"USERPROFILE":"C:\\Users\\runneradmin","why":"the jail leaves HOME/USERPROFILE alone — `build_jail.rs` sandbox_homes() reads the ambient value and `compiler/defaults.rs` BASELINE_ENV_EXACT passes it through — so there is no private jail home to reproduce and redirecting one would measure an environment no confined script sees"},"passedThrough":{"CI":"true","GITHUB_ACTIONS":"true","NODE_ENV":null}}
  STORE   isolated virtual store at D:\jail\m-stdlibmathbasespeciallog1pmx-mtrik7ur\verify-synth\.cache
  VENUE-STORE-LAYOUT isolated
OSV-SCREEN {"schemaVersion":1,"kind":"nub-synth-resolved","status":"clean","digest":"66c22822eaecb8a57c28ff2a6fac6c80185bb2ab62a8fb4f1a32a17e4d41fa4e","specCount":94,"lockfiles":{"digest":"e48ebecfeed240e4ae97a54dc83f940809c993634050bba6026217060d929407","files":[{"path":"nub.lock","sha256":"cc4b5d4201ed2f4133ce4c6362f1d0bd3783c55e326324cdbabb37a4fd4dca90","bytes":41525}]},"maliciousAdvisories":[],"screenedAt":"2026-09-07T17:27:46.207Z","cacheHit":true,"clearancePath":"D:\\jail\\m-stdlibmathbasespeciallog1pmx-mtrik7ur\\security\\nub-synth-resolved.json"}
  SECURITY nub-synth-resolved clean: 94 exact package-version(s), tree 66c22822eaec (cached exact-tree clearance)
  VERIFY[synth] rc=0 artifacts=18/18 missing=0 shortfall=none (tree 1690/1291) OVERRIDDEN=2 REJECTED=0 grant={}
  => MINIMUM {}   (observed, then verified)
  DESCEND   grant is already empty — nothing to narrow; MINIMAL by construction.
