OSV-SCREEN {"schemaVersion":1,"kind":"direct","status":"clean","digest":"de7ef2d73cd9253400b4984412c026a36c825ab4d54bc6333be97d0c7921b29e","specCount":1,"lockfiles":{"digest":null,"files":[]},"maliciousAdvisories":[],"screenedAt":"2026-09-08T07:46:22.425Z","cacheHit":false,"clearancePath":"/Users/runner/v2m-zooht3/security/direct.json"}
  SECURITY direct clean: 1 exact package-version(s), tree de7ef2d73cd9
### victory-scatter@0.0.3   (/Users/runner/v2m-zooht3)   nub=/tmp/nub/target/release/nub
  VENUE-NUB-BINARY {"path":"/tmp/nub/target/release/nub","sha256":"f923f9d246b7061a3e88675efb7b4fdcda741d02368002ce6e7f7044b01e7bbe","bytes":93818888,"features":{"buildJailCatalogOverride":true,"pythonDontWriteBytecodeEnv":true}}
  CI-ENV scrubbed: CI GITHUB_ACTIONS
  --- fbt preflight (advisory; never fails the run) ---
     csrutil: System Integrity Protection status: disabled.
     fbt probes visible: 93591
     fbt enable attempt: dtrace: description 'fbt:::entry ' matched 50364 probes CPU     ID                    FUNCTION:NAME 
     cwd builtin value:  
     fbt chdir symbols:  
     fbt fires on spawn-with-cwd: dtrace: invalid probe specifier fbt::chdir*:entry /progenyof($target)/ { @[probefunc] = count(); }: probe description fbt::chdir*:entry does not match any probes 
  --- end fbt preflight ---
OSV-SCREEN {"schemaVersion":1,"kind":"npm-observe-resolved","status":"clean","digest":"2f20d184e3bee98ecd079ca16b0c1f985af6742689855a9b12c98674e897fc0e","specCount":424,"lockfiles":{"digest":"6811c3c1d859e042469fb02be986329be4cba8351e9cecf04c86467105e6a675","files":[{"path":"package-lock.json","sha256":"fb177730ef49e322e7a6a98492a4cc63815fe83d8d848585a53095170de424f8","bytes":208564}]},"maliciousAdvisories":[],"screenedAt":"2026-09-08T07:46:43.323Z","cacheHit":false,"clearancePath":"/Users/runner/v2m-zooht3/security/npm-observe-resolved.json"}
  SECURITY npm-observe-resolved clean: 424 exact package-version(s), tree 2f20d184e3be
  VENUE-CI-CHILD clean (no CI-detection variable reaches the traced script)
  --- wrapper (run.sh) ---
     cd "/Users/runner/v2m-zooht3/Observe"
     sudo -u "runner" -H env "PATH=$PATH"   "HOME=/Users/runner/v2m-zooht3/jailhome"   "TMPDIR=/private/var/folders/bl/vzjcvbz95c3dk19cb0fw46180000gn/T/nub-tmp-obsWL8Kai"   "NODE_COMPAT=1"   "PYTHONDONTWRITEBYTECODE=1"   "PLAYWRIGHT_BROWSERS_PATH=/Users/runner/.cache/nub/pm/tools/ms-playwright"   "ELECTRON_CACHE=/Users/runner/.cache/nub/pm/tools/electron-cache"   "electron_config_cache=/Users/runner/.cache/nub/pm/tools/electron-cache"   "npm_config_prefix=/Users/runner/.cache/nub/pm/tools/npm-prefix"   "/Users/runner/hostedtoolcache/node/22.23.2/arm64/bin/npm" rebuild --no-audit --no-fund "victory-scatter" > "/Users/runner/v2m-zooht3/Observe/npm.log" 2>&1
     echo $? > "/Users/runner/v2m-zooht3/Observe/rc"
  --- dtrace stderr + wrapper trace ---
     + cd /Users/runner/v2m-zooht3/Observe
     + sudo -u runner -H env PATH=/Users/runner/hostedtoolcache/node/22.23.2/arm64/bin:/opt/homebrew/lib/ruby/gems/3.3.0/bin:/opt/homebrew/opt/ruby@3.3/bin:/Users/runner/.local/bin:/opt/homebrew/bin:/opt/homebrew/sbin:/Users/runner/.cargo/bin:/usr/local/opt/curl/bin:/usr/local/bin:/usr/local/sbin:/Users/runner/bin:/Users/runner/.yarn/bin:/Users/runner/Library/Android/sdk/tools:/Users/runner/Library/Android/sdk/platform-tools:/Library/Frameworks/Python.framework/Versions/Current/bin:/Library/Frameworks/Mono.framework/Versions/Current/Commands:/usr/bin:/bin:/usr/sbin:/sbin:/Users/runner/.dotnet/tools HOME=/Users/runner/v2m-zooht3/jailhome TMPDIR=/private/var/folders/bl/vzjcvbz95c3dk19cb0fw46180000gn/T/nub-tmp-obsWL8Kai NODE_COMPAT=1 PYTHONDONTWRITEBYTECODE=1 PLAYWRIGHT_BROWSERS_PATH=/Users/runner/.cache/nub/pm/tools/ms-playwright ELECTRON_CACHE=/Users/runner/.cache/nub/pm/tools/electron-cache electron_config_cache=/Users/runner/.cache/nub/pm/tools/electron-cache npm_config_prefix=/Users/runner/.cache/nub/pm/tools/npm-prefix /Users/runner/hostedtoolcache/node/22.23.2/arm64/bin/npm rebuild --no-audit --no-fund victory-scatter
     dtrace: error on enabled probe ID 128 (ID 286: syscall::execve:entry): invalid address (0x600002e44000) in action #1 at DIF offset 20
     dtrace: error on enabled probe ID 8 (ID 179: syscall::open:return): invalid address (0x600002b81e60) in action #9 at DIF offset 12
     + echo 0
  OBSERVE   rc=0 dtrace_rc=0 files=10954 (pre=10952) trace=27336 lines
  CLOSURE   364 packages evicted per arm   store=/Users/runner/.cache/nub/pm/store
  RAWLOG-FILE /Users/runner/v2m-zooht3/Observe/trace.txt.gz
  RAWLOG-CAPTURE /Users/runner/v2m-zooht3/Observe/capture.json
  RAWLOG-BYTES raw=4259132 gz=139039
  VENUE-INTERPRETER /Users/runner/hostedtoolcache/node/22.23.2/arm64
  VENUE-OVERRIDES {"set":{"PATH":"inherited-and-forwarded","HOME":"/Users/runner/v2m-zooht3/jailhome","TMPDIR":"/private/var/folders/bl/vzjcvbz95c3dk19cb0fw46180000gn/T/nub-tmp-obsWL8Kai","NODE_COMPAT":"1","PYTHONDONTWRITEBYTECODE":"1","PLAYWRIGHT_BROWSERS_PATH":"/Users/runner/.cache/nub/pm/tools/ms-playwright","ELECTRON_CACHE":"/Users/runner/.cache/nub/pm/tools/electron-cache","electron_config_cache":"/Users/runner/.cache/nub/pm/tools/electron-cache","npm_config_prefix":"/Users/runner/.cache/nub/pm/tools/npm-prefix"},"unset":["(sudo env_reset discards the caller environment; every var above is re-set after it)","CI","GITHUB_ACTIONS"],"passedThrough":{"CI":"true","GITHUB_ACTIONS":"true","NODE_ENV":null}}
  VENUE-OBSERVE-USER runner uid=501 (R7: ordinary non-root user, asserted)
  ARM-FALSIFIABILITY {"manifestFiles":22,"filesTheScriptProduced":0,"reasons":["gate-vacuous"]}
  ⛔ ARMS-UNFALSIFIABLE — a green arm for this package carries no evidence:
       gate-vacuous: the script changed no file the artifact gate keys on — every file in the manifest (22) was already present at its final size before the script ran, so the gate passes in every arm including a completely broken one
       The grant may still be correct; what is missing is a signal that could have gone
       red. Do not read this record's MINIMAL as a passing measurement.
  EVENTLOG-FILE /Users/runner/v2m-zooht3/Observe/events.ndjson.gz
  EVENTLOG-STATS {"lines":27337,"parsed":27318,"unparsed":0,"live":true,"tracerErrors":2,"tracerErrorTotal":2,"unresolvedDirfd":54,"unresolvedFd":0,"pairedTwoPath":725,"danglingPair":0,"failed":12224,"enoent":12208,"refusals":0,"byErrno":{"ENXIO":5,"ENOENT":12208,"EEXIST":9,"ENOTEMPTY":2},"procs":9,"lifecyclePids":3,"distinctEvents":13379,"emitted":13379,"calls":26497,"bytes":2396417,"gzipBytes":78606,"out":"/Users/runner/v2m-zooht3/Observe/events.ndjson"}
  == TRACER == live=true decodable-events=5984 dropped-events=2
    NOTE 36 relative path(s) under a non-AT_FDCWD dirfd were not
       scope-assigned: resolving them against the cwd would invent a path.
    ⛔ CWD-UNOBSERVED 7 relative path(s) (0 write(s)) came from a lifecycle
       process whose own cwd was never observed
       macOS spawns with posix_spawn addchdir_np, which changes directory in-kernel and
       emits no chdir syscall, so the inherited cwd cannot be trusted. These are NOT
       scope-assigned; the grant below is WIDENED instead so it covers wherever they landed.
         pid=17808 read  unproven .
         pid=17808 read  unproven .
         pid=17808 read  unproven .
         pid=17846 read  unproven .
         pid=17846 read  unproven .
         pid=17888 read  unproven .
         pid=17889 read  unproven .
    CWD-RESOLVED 18 relative path(s) placed against the package dir
       and CONFIRMED by an artifact present after the run — not assumed.
    ⛔ THE TRACER DROPPED 2 EVENT(S). A dropped event is a path never
       seen, so the grant below can only be too NARROW — the direction that breaks installs.
       Treat it as a FLOOR, not a measurement, until the adapter fault is fixed:
             1 x  epid=128 action=1 fault=1 addr=0x600002e44000
             1 x  epid=8 action=9 fault=1 addr=0x600002b81e60
  == ATTRIBUTION == lifecycle pids: 3
    writes  script 285  /  whole traced subtree 1284
    sockets script 0  /  whole traced subtree 1
  == ROOTS (from /Users/runner/v2m-zooht3/Observe/capture.json; the classifier reads no other source) ==
    project       /Users/runner/v2m-zooht3/Observe
    home          /Users/runner
    jailHome      /Users/runner/v2m-zooht3/jailhome
    globalStore   /Users/runner/.cache/nub/pm/store
    projectStore  /Users/runner/v2m-zooht3/Observe/node_modules/.store
    interpreter   /Users/runner/hostedtoolcache/node/22.23.2/arm64
    toolsDir      /Users/runner/.cache/nub/pm/tools
    temp          /private/var/folders/bl/vzjcvbz95c3dk19cb0fw46180000gn/T/nub-tmp-obsWL8Kai
    npmPrefix     /Users/runner/.cache/nub/pm/tools/npm-prefix
    ownPkg        /Users/runner/v2m-zooht3/Observe/node_modules/victory-scatter
    cwd           (null — this platform has no such root)
  == WRITES the script actually performed ==
    systemfs      1
        /dev/dtracehelper
    jailHome      2  (base profile already grants this — NOT billed)
        /Users/runner/v2m-zooht3/jailhome/.npm/_logs/2026-09-08T07_46_47_074Z-debug-0.log
        /Users/runner/v2m-zooht3/jailhome/.npm/_logs/2026-09-08T07_46_47_292Z-debug-0.log
    ownPkg        6  (base profile already grants this — NOT billed)
        /Users/runner/v2m-zooht3/Observe/node_modules/victory-scatter/lib/index.js
        /Users/runner/v2m-zooht3/Observe/node_modules/victory-scatter/lib/log.js
        /Users/runner/v2m-zooht3/Observe/node_modules/victory-scatter/lib/path-helpers.js
        /Users/runner/v2m-zooht3/Observe/node_modules/victory-scatter/lib/components/victory-scatter.js
        /Users/runner/v2m-zooht3/Observe/node_modules/victory-scatter/lib/components
        /Users/runner/v2m-zooht3/Observe/node_modules/victory-scatter/lib
    jailTmp     276  (base profile already grants this — NOT billed)
        /private/var/folders/bl/vzjcvbz95c3dk19cb0fw46180000gn/T/nub-tmp-obsWL8Kai/node-compile-cache/v22.23.2-arm64-2b4477fa-501/acdef71a.0QJ3x5
        /private/var/folders/bl/vzjcvbz95c3dk19cb0fw46180000gn/T/nub-tmp-obsWL8Kai/node-compile-cache/v22.23.2-arm64-2b4477fa-501/acdef71a
        /private/var/folders/bl/vzjcvbz95c3dk19cb0fw46180000gn/T/nub-tmp-obsWL8Kai/node-compile-cache/v22.23.2-arm64-2b4477fa-501/4adaa53e.Zing4K
        /private/var/folders/bl/vzjcvbz95c3dk19cb0fw46180000gn/T/nub-tmp-obsWL8Kai/node-compile-cache/v22.23.2-arm64-2b4477fa-501/4adaa53e
        /private/var/folders/bl/vzjcvbz95c3dk19cb0fw46180000gn/T/nub-tmp-obsWL8Kai/node-compile-cache/v22.23.2-arm64-2b4477fa-501/68bf14e2.7igUNi
        /private/var/folders/bl/vzjcvbz95c3dk19cb0fw46180000gn/T/nub-tmp-obsWL8Kai/node-compile-cache/v22.23.2-arm64-2b4477fa-501/68bf14e2
        /private/var/folders/bl/vzjcvbz95c3dk19cb0fw46180000gn/T/nub-tmp-obsWL8Kai/node-compile-cache/v22.23.2-arm64-2b4477fa-501/804ef94f.eyMcB3
        /private/var/folders/bl/vzjcvbz95c3dk19cb0fw46180000gn/T/nub-tmp-obsWL8Kai/node-compile-cache/v22.23.2-arm64-2b4477fa-501/804ef94f
        /private/var/folders/bl/vzjcvbz95c3dk19cb0fw46180000gn/T/nub-tmp-obsWL8Kai/node-compile-cache/v22.23.2-arm64-2b4477fa-501/92cc0df7.prluif
        /private/var/folders/bl/vzjcvbz95c3dk19cb0fw46180000gn/T/nub-tmp-obsWL8Kai/node-compile-cache/v22.23.2-arm64-2b4477fa-501/92cc0df7
        … and 266 more
  == READS the script performed, by scope ==
    outside       9
    systemfs     12
    userHome    123
    project       1
    jailHome      1
    ownPkg        9
    deps        854
        outside: /
        outside: /bin/bash
        outside: /bin
        outside: /usr/bin/env
        outside: /usr/bin
        outside: /var/db/timezone/icutz/icutz44l.dat
        outside: /etc/localtime
        outside: /var/db/timezone/zoneinfo/posixrules
        outside: /bin/sh
  == NETWORK ==
    AF_INET connects: 0   distinct peers: 0
  == REFUSALS (errno EPERM/EACCES/EROFS only; ENOENT is a miss, not a denial) ==
    distinct: 0
  == SYNTHESIZED GRANT (verify this in the real unprivileged jail) ==
    {}
  == writePaths (DERIVED — promotion out of the package's PRIVATE home) ==
    private-home writes observed: 2
    none declared — every write was a FILE at the top of the private home, or landed in a directory the TOOLCHAIN owns (see `writePathsDeny`) — an entry names a directory belonging to the PACKAGE, so there is nothing to name
  == writePaths FEASIBILITY (distinct writes outside project/deps) ==
    count: 0
  scaffold: 3 dependency package(s) with lifecycle scripts granted a fixed wide grant
  EVICT[synth] 82 store entries removed, 1 spared as nub tooling, 470 in store
OSV-SCREEN {"schemaVersion":1,"kind":"nub-synth-resolved","status":"clean","digest":"1188a914c308653e298b3f2bc7e408006c40c2d4ccfc63407debefce913056f5","specCount":425,"lockfiles":{"digest":"084f9bb2abc2f5fad853275527c1f457180e2c517fd438e61d07f971ee3cb4d6","files":[{"path":"nub.lock","sha256":"74a4b91fd9e1671e1e93f258f093acdba97d5b834034da3c63e43d0e9d75e96d","bytes":111263}]},"maliciousAdvisories":[],"screenedAt":"2026-09-08T07:46:56.888Z","cacheHit":false,"clearancePath":"/Users/runner/v2m-zooht3/security/nub-synth-resolved.json"}
  SECURITY nub-synth-resolved clean: 425 exact package-version(s), tree 1188a914c308
  VENUE-STORE-LAYOUT isolated
  VERIFY[synth] rc=0 artifacts=21/21 missing=0 shortfall=none (tree 32812/10954) OVERRIDDEN=3 REJECTED=0 grant={}
  => VERIFIED {}
  NARROW    no capability to drop — the grant is already empty; over-prediction is 0 by construction
### DONE victory-scatter@0.0.3  synthesized={} verified=1
