### truffle@5.11.5   (D:\jail\m-truffle-mtso6wu5)
  CI-ENV scrubbed: CI GITHUB_ACTIONS
OSV-SCREEN {"schemaVersion":1,"kind":"direct","status":"clean","digest":"47876543e67ce9dbda274e92cbdeab9eb3a34587b45512461a550fe35ce6a47a","specCount":1,"lockfiles":{"digest":null,"files":[]},"maliciousAdvisories":[],"screenedAt":"2026-09-08T12:53:04.329Z","cacheHit":false,"clearancePath":"D:\\jail\\m-truffle-mtso6wu5\\security\\direct.json"}
  SECURITY direct clean: 1 exact package-version(s), tree 47876543e67c
OSV-SCREEN {"schemaVersion":1,"kind":"npm-observe-resolved","status":"clean","digest":"7d6ddfafc170536f69d59f082635b40044c8748a8efb02cbdda706cff3c29ebd","specCount":1028,"lockfiles":{"digest":"dd623b7751be3aea13f275f0b18c82db53cc83495e9048267c676f8a26671e1f","files":[{"path":"package-lock.json","sha256":"ebaf0a051c56e861191e3858bd94849b368755ad5db3be751e3b6d29297d9118","bytes":542278}]},"maliciousAdvisories":[],"screenedAt":"2026-09-08T12:53:46.377Z","cacheHit":false,"clearancePath":"D:\\jail\\m-truffle-mtso6wu5\\security\\npm-observe-resolved.json"}
  SECURITY npm-observe-resolved clean: 1028 exact package-version(s), tree 7d6ddfafc170
  CAPTURE user=runnervmeef0v\runneradmin elevated=True rootPid=10036 exit=0 events=47209 lost=0
  VENUE-OBSERVE-USER runnervmeef0v\runneradmin elevated=true privDropped={"SeBackupPrivilege":"removed","SeRestorePrivilege":"removed","SeTakeOwnershipPrivilege":"removed"}
  OBSERVE artifacts: 491 files  (D:\jail\m-truffle-mtso6wu5\observe\node_modules\truffle)
  ARM-FALSIFIABILITY {"manifestFiles":492,"filesTheScriptProduced":0,"reasons":["gate-vacuous"]}
  ⛔ ARMS-UNFALSIFIABLE — a green arm for this package carries no evidence:
       gate-vacuous: the script changed no file the artifact gate keys on — every file in the manifest (492) was already present at its final size before the script ran, so the gate passes in every arm including a completely broken one
       The grant may still be correct; what is missing is a signal that could have gone
       red. Do not read this record's MINIMAL as a passing measurement.
  CLOSURE 680 packages evicted per arm
  8.3 MAP 0 components resolved on runnervmeef0v, folded into capture.json
  == ROOTS (from capture.json — R2: no ambient reads) ==
    project       D:\jail\m-truffle-mtso6wu5\observe   [keyed on]
    home          C:\Users\runneradmin   [keyed on]
    jailHome      (null — declared inapplicable)
    globalStore   C:\Users\runneradmin\AppData\Local\nub\pm\store
    projectStore  D:\jail\m-truffle-mtso6wu5\observe\node_modules\.store
    interpreter   C:\hostedtoolcache\windows\node\22.23.2\x64\node.exe
    toolsDir      C:\Users\runneradmin\AppData\Local\nub\pm\tools
    temp          D:\jail\m-truffle-mtso6wu5\tmp   [keyed on]
    npmPrefix     (null — declared inapplicable)
    ownPkg        D:\jail\m-truffle-mtso6wu5\observe\node_modules\truffle
  == ATTRIBUTION == lifecycle pids: 4 (root 10036)
    writes  script 9  /  whole traced tree 20
    peers   script 1  /  whole traced tree 1
  == WRITES ==
    userHome      7
    kernelfs      2
  == READS ==
    deps         47
    outside      11
    project       1
    systemfs     29
    userHome      5
  == NETWORK ==
    distinct peers: 1
        104.20.47.207:443
  == REFUSALS (adapter-classified) ==
    distinct: 0
  == SYNTHESIZED GRANT (verify this in the real unprivileged jail) ==
    {"write":{"userHome":true},"network":true}
    NOTE 2 kernel/metadata writes -- not a write-grant question (rule 3)
  RAW       etw-raw.xml.gz  60704562 B xml -> 888055 B gz (68.4x)  sha256 708a9a0d27f0e9ec…
  HEADER    etw-header.json (5054 bytes)
  DERIVED   7277 distinct from 11958 kept ops (47209 xml events, 6858 out of subtree)
  PROCS     6   thread-reattributed 0
  ⛔ 2 operations with NO OperationEnd — kept, status marked unknown
  8.3       0 expanded, 0 kept short, 0 not covered  [map: recorded 8.3 map (0 components, resolved on runnervmeef0v)]
  wrote events.ndjson.gz (93027 bytes)
  RAWLOG-CAPTURE D:\jail\m-truffle-mtso6wu5\cap\capture.json
  VENUE-NUB-BINARY {"path":"C:/Users/RUNNER~1/AppData/Local/Temp/nub/target/release/nub.exe","sha256":"f186817a44be332fee712b4936a071a0b5f9cde18a1d2fdc3a791729d4bf1005","bytes":68717056,"features":{"buildJailCatalogOverride":true,"pythonDontWriteBytecodeEnv":true}}
  VENUE-INTERPRETER C:\hostedtoolcache\windows\node\22.23.2\x64\node.exe
  VENUE-JAIL-ROOT D:\jail\m-truffle-mtso6wu5
  VENUE-OVERRIDES {"set":{"npm_config_cache":"D:\\jail\\m-truffle-mtso6wu5\\npm-cache","TMP":"D:\\jail\\m-truffle-mtso6wu5\\tmp","TEMP":"D:\\jail\\m-truffle-mtso6wu5\\tmp","TMPDIR":"D:\\jail\\m-truffle-mtso6wu5\\tmp"},"unset":["CI","GITHUB_ACTIONS"],"notRedirected":{"USERPROFILE":"C:\\Users\\runneradmin","why":"the jail leaves HOME/USERPROFILE alone — `build_jail.rs` sandbox_homes() reads the ambient value and `compiler/defaults.rs` BASELINE_ENV_EXACT passes it through — so there is no private jail home to reproduce and redirecting one would measure an environment no confined script sees"},"passedThrough":{"CI":"true","GITHUB_ACTIONS":"true","NODE_ENV":null}}
  scaffold: 10 dependency package(s) with lifecycle scripts granted a fixed wide grant
  STORE   isolated virtual store at D:\jail\m-truffle-mtso6wu5\verify-synth\.cache
  VENUE-STORE-LAYOUT isolated
OSV-SCREEN {"schemaVersion":1,"kind":"nub-synth-resolved","status":"clean","digest":"2f55ff775fdb2559af856ace97b6162baea543ab1b2cd03f9953618bee6eedc0","specCount":802,"lockfiles":{"digest":"354fb56c979853a9965061258d7fbd9ab517631322d425405971dd5616e7e818","files":[{"path":"nub.lock","sha256":"0c8e206e363502528daab1e8e3033a47d59670959dcf62f96e37da1ae9bfb2c1","bytes":223812}]},"maliciousAdvisories":[],"screenedAt":"2026-09-08T12:54:26.735Z","cacheHit":false,"clearancePath":"D:\\jail\\m-truffle-mtso6wu5\\security\\nub-synth-resolved.json"}
  SECURITY nub-synth-resolved clean: 802 exact package-version(s), tree 2f55ff775fdb
  VERIFY[synth] rc=0 artifacts=491/491 missing=1 shortfall=dbd49cea73e4 (tree 34993/27624) OVERRIDDEN=2 REJECTED=0 grant={"write":{"userHome":true},"network":true}
     missing artifacts: test/.npmignore
  synthesized grant did not verify -- falling back to a bounded ladder
  scaffold: 10 dependency package(s) with lifecycle scripts granted a fixed wide grant
  STORE   isolated virtual store at D:\jail\m-truffle-mtso6wu5\verify-fb0\.cache
OSV-SCREEN {"schemaVersion":1,"kind":"nub-fb0-resolved","status":"clean","digest":"2f55ff775fdb2559af856ace97b6162baea543ab1b2cd03f9953618bee6eedc0","specCount":802,"lockfiles":{"digest":"354fb56c979853a9965061258d7fbd9ab517631322d425405971dd5616e7e818","files":[{"path":"nub.lock","sha256":"0c8e206e363502528daab1e8e3033a47d59670959dcf62f96e37da1ae9bfb2c1","bytes":223812}]},"maliciousAdvisories":[],"screenedAt":"2026-09-08T12:54:26.735Z","cacheHit":true,"clearancePath":"D:\\jail\\m-truffle-mtso6wu5\\security\\nub-fb0-resolved.json"}
  SECURITY nub-fb0-resolved clean: 802 exact package-version(s), tree 2f55ff775fdb (cached exact-tree clearance)
  VERIFY[fb0] rc=0 artifacts=491/491 missing=1 shortfall=dbd49cea73e4 (tree 34993/27624) OVERRIDDEN=2 REJECTED=0 grant={"write":{"deps":true,"project":true,"userHome":true},"network":true}
     missing artifacts: test/.npmignore
  scaffold: 10 dependency package(s) with lifecycle scripts granted a fixed wide grant
  STORE   isolated virtual store at D:\jail\m-truffle-mtso6wu5\verify-fb1\.cache
OSV-SCREEN {"schemaVersion":1,"kind":"nub-fb1-resolved","status":"clean","digest":"2f55ff775fdb2559af856ace97b6162baea543ab1b2cd03f9953618bee6eedc0","specCount":802,"lockfiles":{"digest":"354fb56c979853a9965061258d7fbd9ab517631322d425405971dd5616e7e818","files":[{"path":"nub.lock","sha256":"0c8e206e363502528daab1e8e3033a47d59670959dcf62f96e37da1ae9bfb2c1","bytes":223812}]},"maliciousAdvisories":[],"screenedAt":"2026-09-08T12:54:26.735Z","cacheHit":true,"clearancePath":"D:\\jail\\m-truffle-mtso6wu5\\security\\nub-fb1-resolved.json"}
  SECURITY nub-fb1-resolved clean: 802 exact package-version(s), tree 2f55ff775fdb (cached exact-tree clearance)
  VERIFY[fb1] rc=0 artifacts=491/491 missing=1 shortfall=dbd49cea73e4 (tree 34993/27624) OVERRIDDEN=2 REJECTED=0 grant={"write":{"deps":true,"project":true,"userHome":true},"read":"disk","network":true}
     missing artifacts: test/.npmignore
  scaffold: 10 dependency package(s) with lifecycle scripts granted a fixed wide grant
  STORE   isolated virtual store at D:\jail\m-truffle-mtso6wu5\verify-fb2\.cache
OSV-SCREEN {"schemaVersion":1,"kind":"nub-fb2-resolved","status":"clean","digest":"2f55ff775fdb2559af856ace97b6162baea543ab1b2cd03f9953618bee6eedc0","specCount":802,"lockfiles":{"digest":"354fb56c979853a9965061258d7fbd9ab517631322d425405971dd5616e7e818","files":[{"path":"nub.lock","sha256":"0c8e206e363502528daab1e8e3033a47d59670959dcf62f96e37da1ae9bfb2c1","bytes":223812}]},"maliciousAdvisories":[],"screenedAt":"2026-09-08T12:54:26.735Z","cacheHit":true,"clearancePath":"D:\\jail\\m-truffle-mtso6wu5\\security\\nub-fb2-resolved.json"}
  SECURITY nub-fb2-resolved clean: 802 exact package-version(s), tree 2f55ff775fdb (cached exact-tree clearance)
  VERIFY[fb2] rc=0 artifacts=491/491 missing=1 shortfall=dbd49cea73e4 (tree 34993/27624) OVERRIDDEN=2 REJECTED=0 grant={"write":"disk","network":true}
     missing artifacts: test/.npmignore
  => ARTIFACT-GATE-SUSPECT {"write":{"userHome":true},"network":true}   (every arm rc=0 and the SAME 1-artifact shortfall at
     every grant up to write:"disk" -- invariant under widening, so it is not a capability gap)
     -> The grant is the SYNTHESIZED one and is UNVERIFIED -- minimality was never descended.
        Triage the shortfall against the arm's toolchain, not against the jail.
