### @vaadin/vaadin-usage-statistics@2.1.3   (/home/runner/v2-yq6GOf)
  CI-ENV scrubbed: CI GITHUB_ACTIONS
OSV-SCREEN {"schemaVersion":1,"kind":"direct","status":"clean","digest":"6eafe6c4edd8489d241f75541da5b8a8cbded77782a4270b66822f28a36a728d","specCount":1,"lockfiles":{"digest":null,"files":[]},"maliciousAdvisories":[],"screenedAt":"2026-09-08T05:47:51.870Z","cacheHit":false,"clearancePath":"/home/runner/v2-yq6GOf/security/direct.json"}
  SECURITY direct clean: 1 exact package-version(s), tree 6eafe6c4edd8
  VENUE-OBSERVE-USER {"uid":1001,"user":"runner","umask":"0022","capBnd":"000001ffffffffff","noNewPrivs":"0"}
  VENUE-NUB-BINARY {"path":"/tmp/nub/target/release/nub","sha256":"2a18683f50f7afeb02a521cd3cae175dc2f91780d461c5f012065241f5a1447b","bytes":207643464,"features":{"buildJailCatalogOverride":true,"pythonDontWriteBytecodeEnv":true}}
OSV-SCREEN {"schemaVersion":1,"kind":"npm-observe-resolved","status":"clean","digest":"a426d76fa510cd945ed63fa7c8a326899f4d991e942c7063353129b5326a94aa","specCount":2,"lockfiles":{"digest":"61949941ca3736c19f13a5c9c0af2d491243e0a4f8a451b94486f79d61113738","files":[{"path":"package-lock.json","sha256":"dba4efee4d9f922fd7d818b08b495e09b08dc29ef51909d772c8ad91953c233f","bytes":1184}]},"maliciousAdvisories":[],"screenedAt":"2026-09-08T05:47:53.016Z","cacheHit":false,"clearancePath":"/home/runner/v2-yq6GOf/security/npm-observe-resolved.json"}
  SECURITY npm-observe-resolved clean: 2 exact package-version(s), tree a426d76fa510
  OBSERVE   rc=0 files=15 trace=10754 lines
  CLOSURE   2 packages evicted per arm
  ARM-FALSIFIABILITY {"manifestFiles":7,"filesTheScriptProduced":0,"reasons":["gate-vacuous"]}
  ⛔ ARMS-UNFALSIFIABLE — a green arm for this package carries no evidence:
       gate-vacuous: the script changed no file the artifact gate keys on — every file in the manifest (7) was already present at its final size before the script ran, so the gate passes in every arm including a completely broken one
       The grant may still be correct; what is missing is a signal that could have gone
       red. Do not read this record's MINIMAL as a passing measurement.
  RAWLOG-FILE /home/runner/v2-yq6GOf/observe/trace.txt.gz
  RAWLOG-CAPTURE /home/runner/v2-yq6GOf/observe/capture.json
  RAWLOG-BYTES raw=2367095 gz=68689
  VENUE-INTERPRETER /opt/hostedtoolcache/node/22.23.2/x64
  VENUE-OVERRIDES {"set":{"HOME":"/home/runner/v2-yq6GOf/jailhome","TMPDIR":"/tmp/nub-tmp-obsbYEnng","NODE_COMPAT":"1","PLAYWRIGHT_BROWSERS_PATH":"/home/runner/.cache/nub/pm/tools/ms-playwright","ELECTRON_CACHE":"/home/runner/.cache/nub/pm/tools/electron-cache","electron_config_cache":"/home/runner/.cache/nub/pm/tools/electron-cache","npm_config_prefix":"/home/runner/.cache/nub/pm/tools/npm-prefix","PYTHONDONTWRITEBYTECODE":"1","NUB_CACHE_DIR":"/home/runner/v2-yq6GOf/nubcache"},"unset":["CI","GITHUB_ACTIONS"],"passedThrough":{"CI":"true","GITHUB_ACTIONS":"true","NODE_ENV":null}}
  == ATTRIBUTION == attributed pids: 13
    writes  script 0  /  whole traced tree 1088
    sockets script 0  /  whole traced tree 4
  == ROOTS (from capture.json — R2: no ambient reads) ==
    project       /home/runner/v2-yq6GOf/observe
    home          /home/runner
    jailHome      /home/runner/v2-yq6GOf/jailhome
    globalStore   /home/runner/.cache/nub/pm/store   [declared, not keyed on]
    projectStore  /home/runner/v2-yq6GOf/observe/node_modules/.store   [declared, not keyed on]
    interpreter   /opt/hostedtoolcache/node/22.23.2/x64   [declared, not keyed on]
    toolsDir      /home/runner/.cache/nub/pm/tools   [declared, not keyed on]
    temp          /tmp/nub-tmp-obsbYEnng
    npmPrefix     /home/runner/.cache/nub/pm/tools/npm-prefix
    ownPkg        /home/runner/v2-yq6GOf/observe/node_modules/@vaadin/vaadin-usage-statistics
  == WRITES the script actually performed ==
  == NETWORK ==
    AF_INET sockets: 0   distinct peers: 2
        127.0.0.53:53
        104.16.1.34:443
  == REFUSALS (only `= -1 EACCES/EPERM/EROFS`) ==
    distinct: 0
  == SYNTHESIZED GRANT (verify this in the real unprivileged jail) ==
    {}
  == writePaths (DERIVED — promotion out of the package's PRIVATE home) ==
    private-home writes observed: 0
    none declared — the script wrote nothing into its private home — there is nothing to promote
  == writePaths FEASIBILITY (distinct writes outside project/deps) ==
    count: 0
    EVENTS    4380 distinct from 10678 calls (10755 lines, 54 rejoined, 0 unparsed)
    PROCS     20   lifecycle shells 8
    ⛔ 3 paths with an UNRESOLVED dirfd — kept, marked, never guessed
    unsubscribed/unmapped syscalls: setsockopt×23 getsockname×22 exit×15 getsockopt×9 recvmsg×7 getcwd×4 socketpair×3 shutdown×3
    wrote /home/runner/v2-yq6GOf/observe/events.ndjson.gz (31041 bytes)
  EVENTLOG-FILE /home/runner/v2-yq6GOf/observe/events.ndjson.gz
  EVENTLOG-STATS {"lines":10755,"parsed":10678,"unparsed":0,"unfinished":54,"rejoined":54,"unresolvedDirfd":3,"truncatedArg":0,"procs":20,"lifecyclePids":8,"distinctEvents":4380,"unknownSyscall":{"getsockname":22,"getsockopt":9,"getcwd":4,"recvmsg":7,"exit":15,"setsockopt":23,"sendmmsg":1,"socketpair":3,"shutdown":3,"exit_group":3,"wait4":3},"out":"/home/runner/v2-yq6GOf/observe/events.ndjson.gz","gzipBytes":31041}
  EVICT     0 store entries removed, 0 spared as nub tooling
  SE-PURGE  0 side-effects-cache entries for @vaadin/vaadin-usage-statistics
OSV-SCREEN {"schemaVersion":1,"kind":"nub-synth-resolved","status":"clean","digest":"a426d76fa510cd945ed63fa7c8a326899f4d991e942c7063353129b5326a94aa","specCount":2,"lockfiles":{"digest":"4f33336edaaa1293851a049950a45c7c14f061c3b7bb87b795ea908d8eb8aef5","files":[{"path":"nub.lock","sha256":"0681eac5dfd0f73b58fa4001d647657432a6d2404a5079bc0ba3a99ec4b9e660","bytes":816}]},"maliciousAdvisories":[],"screenedAt":"2026-09-08T05:47:53.016Z","cacheHit":true,"clearancePath":"/home/runner/v2-yq6GOf/security/nub-synth-resolved.json"}
  SECURITY nub-synth-resolved clean: 2 exact package-version(s), tree a426d76fa510 (cached exact-tree clearance)
  VENUE-STORE-LAYOUT isolated
  VERIFY[synth] rc=0 artifacts=7/7 missing=0 shortfall=none (tree 41/15) OVERRIDDEN=2 REJECTED=0 grant={}
  => VERIFIED {}   (observed, then verified)
  DESCEND   grant is already empty — nothing to narrow; MINIMAL by construction.
