OSV-SCREEN {"schemaVersion":1,"kind":"direct","status":"clean","digest":"ddf6b92a9ef6a409caa20ab9ed458ee4b75facbf2acbde2d3ede5aca88a2365d","specCount":1,"lockfiles":{"digest":null,"files":[]},"maliciousAdvisories":[],"screenedAt":"2026-08-31T13:49:55.296Z","cacheHit":false,"clearancePath":"/Users/runner/v2m-mnjcGM/security/direct.json"}
  SECURITY direct clean: 1 exact package-version(s), tree ddf6b92a9ef6
  ERA-NODE PINNED 14.21.3 (provisioned) (arms will run: v14.21.3)
  ERA-PYTHON /Users/runner/hostedtoolcache/Python/3.9.13/arm64/bin/python (Python 3.9.13) for era Node 14, whose node-gyp requires python3-legacy
  ARM-MAKE /usr/bin/make (GNU Make 3.81) — the system make; a build needing GNU Make 4 WILL fail here
### @pulumi/gcp@5.9.0   (/Users/runner/v2m-mnjcGM)   nub=/tmp/nub/target/release/nub
  VENUE-NUB-BINARY {"path":"/tmp/nub/target/release/nub","sha256":"69e622342d0c8393c78fa50a01dc9cc0a94371ac9b106b59bdcc016f06d86d30","bytes":94535576,"features":{"buildJailCatalogOverride":true,"pythonDontWriteBytecodeEnv":true}}
  CI-ENV scrubbed: CI GITHUB_ACTIONS
  --- fbt preflight (advisory; never fails the run) ---
     csrutil: System Integrity Protection status: disabled.
     fbt probes visible: 93577
     fbt enable attempt: dtrace: description 'fbt:::entry ' matched 50357 probes CPU     ID                    FUNCTION:NAME 
     cwd builtin value:  
     fbt chdir symbols:  
     fbt fires on spawn-with-cwd: dtrace: invalid probe specifier fbt::chdir*:entry /progenyof($target)/ { @[probefunc] = count(); }: probe description fbt::chdir*:entry does not match any probes 
  --- end fbt preflight ---
  ERA-RESOLUTION DATED 2021-06-17T14:30:14.855Z (deps as of the package's own publish date + 1d)
OSV-SCREEN {"schemaVersion":1,"kind":"npm-observe-resolved","status":"clean","digest":"bdc3ad52b29d2de3678df98f66ade826fe679c483085b3026653bae54b6c4a56","specCount":106,"lockfiles":{"digest":"f9131ddc428fd17d8317f37b38f70b8e0154d0810721203c342c8c2b4a446501","files":[{"path":"package-lock.json","sha256":"eb517c813fe18e48791dc89f5cedb84b18974985236d55f724aba2178d519adf","bytes":44019}]},"maliciousAdvisories":[],"screenedAt":"2026-08-31T13:50:11.390Z","cacheHit":false,"clearancePath":"/Users/runner/v2m-mnjcGM/security/npm-observe-resolved.json"}
  SECURITY npm-observe-resolved clean: 106 exact package-version(s), tree bdc3ad52b29d
  ARM-PATH SANITISED (dropped 1: /Users/runner/.yarn/bin)
  ARM-AMBIENT-TOOLS 2 leaked: tsc=/Users/runner/v2m-mnjcGM/Observe/node_modules/.bin/tsc ts-node=/Users/runner/v2m-mnjcGM/Observe/node_modules/.bin/ts-node
  ARM-SCAFFOLD none
  ARM-UNPROVIDABLE none
  VENUE-CI-CHILD clean (no CI-detection variable reaches the traced script)
  ARM-REBUILD-SPEC @pulumi/gcp@v5.9.0
  --- wrapper (run.sh) ---
     cd "/Users/runner/v2m-mnjcGM/Observe"
     sudo -u "runner" -H env "PATH=/Users/runner/v2m-mnjcGM/Observe/node_modules/.bin:/Users/runner/.cache/nub/era-node/14.21.3/node-v14.21.3-darwin-x64/bin:/Users/runner/hostedtoolcache/node/22.23.2/arm64/bin:/opt/homebrew/lib/ruby/gems/3.3.0/bin:/opt/homebrew/opt/ruby@3.3/bin:/Users/runner/.local/bin:/opt/homebrew/bin:/opt/homebrew/sbin:/Users/runner/.cargo/bin:/usr/local/opt/curl/bin:/usr/local/bin:/usr/local/sbin:/Users/runner/bin:/Users/runner/Library/Android/sdk/tools:/Users/runner/Library/Android/sdk/platform-tools:/Library/Frameworks/Python.framework/Versions/Current/bin:/Library/Frameworks/Mono.framework/Versions/Current/Commands:/usr/bin:/bin:/usr/sbin:/sbin:/Users/runner/.dotnet/tools"   "HOME=/Users/runner/v2m-mnjcGM/jailhome"   "TMPDIR=/private/var/folders/_5/zjnzxgh147qcg3bb5cg2wvqw0000gn/T/nub-tmp-obs3vScDl"   "NODE_COMPAT=1"   "PYTHONDONTWRITEBYTECODE=1"   "PLAYWRIGHT_BROWSERS_PATH=/Users/runner/.cache/nub/pm/tools/ms-playwright"   "ELECTRON_CACHE=/Users/runner/.cache/nub/pm/tools/electron-cache"   "electron_config_cache=/Users/runner/.cache/nub/pm/tools/electron-cache"   "npm_config_prefix=/Users/runner/.cache/nub/pm/tools/npm-prefix"   PYTHON=/Users/runner/hostedtoolcache/Python/3.9.13/arm64/bin/python   npm rebuild --no-audit --no-fund "@pulumi/gcp@v5.9.0" > "/Users/runner/v2m-mnjcGM/Observe/npm.log" 2>&1
     echo $? > "/Users/runner/v2m-mnjcGM/Observe/rc"
  --- dtrace stderr + wrapper trace ---
     + cd /Users/runner/v2m-mnjcGM/Observe
     + sudo -u runner -H env PATH=/Users/runner/v2m-mnjcGM/Observe/node_modules/.bin:/Users/runner/.cache/nub/era-node/14.21.3/node-v14.21.3-darwin-x64/bin:/Users/runner/hostedtoolcache/node/22.23.2/arm64/bin:/opt/homebrew/lib/ruby/gems/3.3.0/bin:/opt/homebrew/opt/ruby@3.3/bin:/Users/runner/.local/bin:/opt/homebrew/bin:/opt/homebrew/sbin:/Users/runner/.cargo/bin:/usr/local/opt/curl/bin:/usr/local/bin:/usr/local/sbin:/Users/runner/bin:/Users/runner/Library/Android/sdk/tools:/Users/runner/Library/Android/sdk/platform-tools:/Library/Frameworks/Python.framework/Versions/Current/bin:/Library/Frameworks/Mono.framework/Versions/Current/Commands:/usr/bin:/bin:/usr/sbin:/sbin:/Users/runner/.dotnet/tools HOME=/Users/runner/v2m-mnjcGM/jailhome TMPDIR=/private/var/folders/_5/zjnzxgh147qcg3bb5cg2wvqw0000gn/T/nub-tmp-obs3vScDl NODE_COMPAT=1 PYTHONDONTWRITEBYTECODE=1 PLAYWRIGHT_BROWSERS_PATH=/Users/runner/.cache/nub/pm/tools/ms-playwright ELECTRON_CACHE=/Users/runner/.cache/nub/pm/tools/electron-cache electron_config_cache=/Users/runner/.cache/nub/pm/tools/electron-cache npm_config_prefix=/Users/runner/.cache/nub/pm/tools/npm-prefix PYTHON=/Users/runner/hostedtoolcache/Python/3.9.13/arm64/bin/python npm rebuild --no-audit --no-fund @pulumi/gcp@v5.9.0
     dtrace: error on enabled probe ID 128 (ID 286: syscall::execve:entry): invalid address (0x600000bf10e0) in action #1 at DIF offset 20
     dtrace: error on enabled probe ID 128 (ID 286: syscall::execve:entry): invalid address (0x60000068d0a0) in action #1 at DIF offset 20
     dtrace: error on enabled probe ID 128 (ID 286: syscall::execve:entry): invalid address (0x60000068d0a0) in action #1 at DIF offset 20
     dtrace: error on enabled probe ID 128 (ID 286: syscall::execve:entry): invalid address (0x60000068d0a0) in action #1 at DIF offset 20
     dtrace: error on enabled probe ID 128 (ID 286: syscall::execve:entry): invalid address (0x60000068d0a0) in action #1 at DIF offset 20
     dtrace: error on enabled probe ID 128 (ID 286: syscall::execve:entry): invalid address (0x60000068d0a0) in action #1 at DIF offset 20
     dtrace: error on enabled probe ID 128 (ID 286: syscall::execve:entry): invalid address (0x60000068d0a0) in action #1 at DIF offset 20
     dtrace: error on enabled probe ID 128 (ID 286: syscall::execve:entry): invalid address (0x60000068d0a0) in action #1 at DIF offset 20
     dtrace: error on enabled probe ID 128 (ID 286: syscall::execve:entry): invalid address (0x60000068d0a0) in action #1 at DIF offset 20
     dtrace: error on enabled probe ID 128 (ID 286: syscall::execve:entry): invalid address (0x60000068d0a0) in action #1 at DIF offset 20
     dtrace: error on enabled probe ID 128 (ID 286: syscall::execve:entry): invalid address (0x60000068d0a0) in action #1 at DIF offset 20
     dtrace: error on enabled probe ID 128 (ID 286: syscall::execve:entry): invalid address (0x60000068d0a0) in action #1 at DIF offset 20
     dtrace: error on enabled probe ID 128 (ID 286: syscall::execve:entry): invalid address (0x60000068d0a0) in action #1 at DIF offset 20
     dtrace: error on enabled probe ID 128 (ID 286: syscall::execve:entry): invalid address (0x60000068d0a0) in action #1 at DIF offset 20
     dtrace: error on enabled probe ID 128 (ID 286: syscall::execve:entry): invalid address (0x60000068d0a0) in action #1 at DIF offset 20
     dtrace: error on enabled probe ID 128 (ID 286: syscall::execve:entry): invalid address (0x60000068d0a0) in action #1 at DIF offset 20
     dtrace: error on enabled probe ID 128 (ID 286: syscall::execve:entry): invalid address (0x60000068d0a0) in action #1 at DIF offset 20
     dtrace: error on enabled probe ID 128 (ID 286: syscall::execve:entry): invalid address (0x60000068d0a0) in action #1 at DIF offset 20
     dtrace: error on enabled probe ID 128 (ID 286: syscall::execve:entry): invalid address (0x60000068d0a0) in action #1 at DIF offset 20
     dtrace: error on enabled probe ID 128 (ID 286: syscall::execve:entry): invalid address (0x60000068d0a0) in action #1 at DIF offset 20
     dtrace: error on enabled probe ID 128 (ID 286: syscall::execve:entry): invalid address (0x60000068d0a0) in action #1 at DIF offset 20
     dtrace: error on enabled probe ID 128 (ID 286: syscall::execve:entry): invalid address (0x60000068d0a0) in action #1 at DIF offset 20
     dtrace: error on enabled probe ID 128 (ID 286: syscall::execve:entry): invalid address (0x60000068d0a0) in action #1 at DIF offset 20
     + echo 0
     dtrace: error on enabled probe ID 128 (ID 286: syscall::execve:entry): invalid address (0x600000d440d0) in action #1 at DIF offset 20
     dtrace: error on enabled probe ID 128 (ID 286: syscall::execve:entry): invalid address (0x600000d440d0) in action #1 at DIF offset 20
     dtrace: error on enabled probe ID 128 (ID 286: syscall::execve:entry): invalid address (0x600000d440d0) in action #1 at DIF offset 20
     dtrace: error on enabled probe ID 128 (ID 286: syscall::execve:entry): invalid address (0x600000d440d0) in action #1 at DIF offset 20
  OBSERVE   rc=0 dtrace_rc=0 files=4906 (pre=4904) trace=11350 lines
  CLOSURE   103 packages evicted per arm   store=/Users/runner/.cache/nub/pm/store
  RAWLOG-FILE /Users/runner/v2m-mnjcGM/Observe/trace.txt.gz
  RAWLOG-CAPTURE /Users/runner/v2m-mnjcGM/Observe/capture.json
  RAWLOG-BYTES raw=1618096 gz=72249
  VENUE-INTERPRETER /Users/runner/hostedtoolcache/node/22.23.2/arm64
  VENUE-NODE-SELECTION {"pkg":"@pulumi/gcp","packageVersion":"5.9.0","major":14,"version":"14.21.3","npm":"6.14.18","pinnable":true,"engines":null,"publishedAt":"2021-06-16T14:30:14.855Z","eraMajor":14,"startMajor":14,"raisedByEngines":false,"enginesUnsatisfiable":false,"clampedToFloor":false,"clampedToCeiling":false,"matrixFloor":4,"matrixCeiling":26,"lookupFailure":null,"pinned":true,"pinnedBin":"/Users/runner/.cache/nub/era-node/14.21.3/node-v14.21.3-darwin-x64/bin","eraNodeRoot":"/Users/runner/.cache/nub"}
  VENUE-OVERRIDES {"set":{"PATH":"inherited-and-forwarded","HOME":"/Users/runner/v2m-mnjcGM/jailhome","TMPDIR":"/private/var/folders/_5/zjnzxgh147qcg3bb5cg2wvqw0000gn/T/nub-tmp-obs3vScDl","NODE_COMPAT":"1","PYTHONDONTWRITEBYTECODE":"1","PLAYWRIGHT_BROWSERS_PATH":"/Users/runner/.cache/nub/pm/tools/ms-playwright","ELECTRON_CACHE":"/Users/runner/.cache/nub/pm/tools/electron-cache","electron_config_cache":"/Users/runner/.cache/nub/pm/tools/electron-cache","npm_config_prefix":"/Users/runner/.cache/nub/pm/tools/npm-prefix"},"unset":["(sudo env_reset discards the caller environment; every var above is re-set after it)","CI","GITHUB_ACTIONS"],"passedThrough":{"CI":"true","GITHUB_ACTIONS":"true","NODE_ENV":null}}
  VENUE-OBSERVE-USER runner uid=501 (R7: ordinary non-root user, asserted)
  ARM-FALSIFIABILITY {"manifestFiles":1980,"filesTheScriptProduced":0,"reasons":["gate-vacuous"]}
  ⛔ ARMS-UNFALSIFIABLE — a green arm for this package carries no evidence:
       gate-vacuous: the script changed no file the artifact gate keys on — every file in the manifest (1980) was already present at its final size before the script ran, so the gate passes in every arm including a completely broken one
       The grant may still be correct; what is missing is a signal that could have gone
       red. Do not read this record's MINIMAL as a passing measurement.
  EVENTLOG-FILE /Users/runner/v2m-mnjcGM/Observe/events.ndjson.gz
  EVENTLOG-STATS {"lines":11351,"parsed":11286,"unparsed":0,"live":true,"tracerErrors":48,"tracerErrorTotal":48,"unresolvedDirfd":21,"unresolvedFd":0,"pairedTwoPath":1,"danglingPair":0,"failed":8217,"enoent":8212,"refusals":0,"byErrno":{"ENXIO":3,"ENOENT":8212,"EEXIST":2},"procs":6,"lifecyclePids":1,"distinctEvents":5578,"emitted":5578,"calls":11271,"bytes":949150,"gzipBytes":36666,"out":"/Users/runner/v2m-mnjcGM/Observe/events.ndjson"}
  == TRACER == live=true decodable-events=1290 dropped-events=48
    NOTE 14 relative path(s) under a non-AT_FDCWD dirfd were not
       scope-assigned: resolving them against the cwd would invent a path.
    ⛔ CWD-UNOBSERVED 2 relative path(s) (0 write(s)) came from a lifecycle
       process whose own cwd was never observed
       macOS spawns with posix_spawn addchdir_np, which changes directory in-kernel and
       emits no chdir syscall, so the inherited cwd cannot be trusted. These are NOT
       scope-assigned; the grant below is WIDENED instead so it covers wherever they landed.
         pid=19238 read  unproven .
         pid=19238 read  unproven .
    ⛔ THE TRACER DROPPED 48 EVENT(S). A dropped event is a path never
       seen, so the grant below can only be too NARROW — the direction that breaks installs.
       Treat it as a FLOOR, not a measurement, until the adapter fault is fixed:
            25 x  epid=128 action=1 fault=1 addr=0x600000d440d0
            22 x  epid=128 action=1 fault=1 addr=0x60000068d0a0
             1 x  epid=128 action=1 fault=1 addr=0x600000bf10e0
  == ATTRIBUTION == lifecycle pids: 1
    writes  script 0  /  whole traced subtree 7
    sockets script 0  /  whole traced subtree 0
  == ROOTS (from /Users/runner/v2m-mnjcGM/Observe/capture.json; the classifier reads no other source) ==
    project       /Users/runner/v2m-mnjcGM/Observe
    home          /Users/runner
    jailHome      /Users/runner/v2m-mnjcGM/jailhome
    globalStore   /Users/runner/.cache/nub/pm/store
    projectStore  /Users/runner/v2m-mnjcGM/Observe/node_modules/.store
    interpreter   /Users/runner/hostedtoolcache/node/22.23.2/arm64
    toolsDir      /Users/runner/.cache/nub/pm/tools
    temp          /private/var/folders/_5/zjnzxgh147qcg3bb5cg2wvqw0000gn/T/nub-tmp-obs3vScDl
    npmPrefix     /Users/runner/.cache/nub/pm/tools/npm-prefix
    ownPkg        /Users/runner/v2m-mnjcGM/Observe/node_modules/@pulumi/gcp
    cwd           (null — this platform has no such root)
  == WRITES the script actually performed ==
  == READS the script performed, by scope ==
    systemfs      9
    outside       3
    userHome      2
    ownPkg        2
        outside: /
        outside: /bin/bash
        outside: /bin
  == NETWORK ==
    AF_INET connects: 0   distinct peers: 0
  == REFUSALS (errno EPERM/EACCES/EROFS only; ENOENT is a miss, not a denial) ==
    distinct: 0
  == SYNTHESIZED GRANT (verify this in the real unprivileged jail) ==
    {}
  == writePaths (DERIVED — promotion out of the package's PRIVATE home) ==
    private-home writes observed: 0
    none declared — the script wrote nothing into its private home — there is nothing to promote
  == writePaths FEASIBILITY (distinct writes outside project/deps) ==
    count: 0
  scaffold: 1 dependency package(s) with lifecycle scripts granted a fixed wide grant
  EVICT[synth] 16 store entries removed, 17 spared as nub tooling, 262 in store
OSV-SCREEN {"schemaVersion":1,"kind":"nub-synth-resolved","status":"clean","digest":"8200f9611761b2c4be0a00da709aa3731330405fafeee008db9166a68cfe5349","specCount":244,"lockfiles":{"digest":"bdb4347e542b58da0cf41d288252b35963984469dd017f4f9d4d07a3ef4caeff","files":[{"path":"nub.lock","sha256":"3fc0d3367ff04c9d6ba67bb8e6323eb001bfed55f6e3d524ae9d17fbc31505ba","bytes":70158}]},"maliciousAdvisories":[],"screenedAt":"2026-08-31T13:50:20.245Z","cacheHit":false,"clearancePath":"/Users/runner/v2m-mnjcGM/security/nub-synth-resolved.json"}
  SECURITY nub-synth-resolved clean: 244 exact package-version(s), tree 8200f9611761
  VENUE-STORE-LAYOUT isolated
  VERIFY[synth] rc=0 artifacts=1980/1980 missing=0 shortfall=none (tree 56659/4906) OVERRIDDEN=3 REJECTED=0 grant={}
  => VERIFIED {}
  NARROW    no capability to drop — the grant is already empty; over-prediction is 0 by construction
### DONE @pulumi/gcp@5.9.0  synthesized={} verified=1
