### wrtc@0.2.1   (/home/runner/v2-6o1zZF)
  CI-ENV scrubbed: CI GITHUB_ACTIONS
OSV-SCREEN {"schemaVersion":1,"kind":"direct","status":"clean","digest":"eb5eb5e17f7490a5c6e4a1e37f336f1f5a0fd7d91097c283ddede0c5cfefcde9","specCount":1,"lockfiles":{"digest":null,"files":[]},"maliciousAdvisories":[],"screenedAt":"2026-09-08T12:12:26.980Z","cacheHit":false,"clearancePath":"/home/runner/v2-6o1zZF/security/direct.json"}
  SECURITY direct clean: 1 exact package-version(s), tree eb5eb5e17f74
  VENUE-OBSERVE-USER {"uid":1001,"user":"runner","umask":"0022","capBnd":"000001ffffffffff","noNewPrivs":"0"}
  VENUE-NUB-BINARY {"path":"/tmp/nub/target/release/nub","sha256":"2a18683f50f7afeb02a521cd3cae175dc2f91780d461c5f012065241f5a1447b","bytes":207643464,"features":{"buildJailCatalogOverride":true,"pythonDontWriteBytecodeEnv":true}}
OSV-SCREEN {"schemaVersion":1,"kind":"npm-observe-resolved","status":"clean","digest":"35ba413a106a41353c400812d2431bfaf31b4edd369ee766aa3e0d0ce358b8ed","specCount":180,"lockfiles":{"digest":"98b67715147db6076c0e0b18b86fd05e736eb02a25840abcec284972c3e1bce2","files":[{"path":"package-lock.json","sha256":"08d9a488dbd829dcc1c55e72b187e66d01c5d8a7a4800f93973253da50c1ab72","bytes":74538}]},"maliciousAdvisories":[],"screenedAt":"2026-09-08T12:12:30.460Z","cacheHit":false,"clearancePath":"/home/runner/v2-6o1zZF/security/npm-observe-resolved.json"}
  SECURITY npm-observe-resolved clean: 180 exact package-version(s), tree 35ba413a106a
  OBSERVE   rc=0 files=5938 trace=446247 lines
  CLOSURE   173 packages evicted per arm
  ARM-FALSIFIABILITY {"manifestFiles":4405,"filesTheScriptProduced":4331,"reasons":[]}
  RAWLOG-FILE /home/runner/v2-6o1zZF/observe/trace.txt.gz
  RAWLOG-CAPTURE /home/runner/v2-6o1zZF/observe/capture.json
  RAWLOG-BYTES raw=42535329 gz=1328666
  VENUE-INTERPRETER /opt/hostedtoolcache/node/22.23.2/x64
  VENUE-OVERRIDES {"set":{"HOME":"/home/runner/v2-6o1zZF/jailhome","TMPDIR":"/tmp/nub-tmp-obsyQG95f","NODE_COMPAT":"1","PLAYWRIGHT_BROWSERS_PATH":"/home/runner/.cache/nub/pm/tools/ms-playwright","ELECTRON_CACHE":"/home/runner/.cache/nub/pm/tools/electron-cache","electron_config_cache":"/home/runner/.cache/nub/pm/tools/electron-cache","npm_config_prefix":"/home/runner/.cache/nub/pm/tools/npm-prefix","PYTHONDONTWRITEBYTECODE":"1","NUB_CACHE_DIR":"/home/runner/v2-6o1zZF/nubcache"},"unset":["CI","GITHUB_ACTIONS"],"passedThrough":{"CI":"true","GITHUB_ACTIONS":"true","NODE_ENV":null}}
  == ATTRIBUTION == attributed pids: 137
    writes  script 5435  /  whole traced tree 6523
    sockets script 19  /  whole traced tree 23
  == ROOTS (from capture.json — R2: no ambient reads) ==
    project       /home/runner/v2-6o1zZF/observe
    home          /home/runner
    jailHome      /home/runner/v2-6o1zZF/jailhome
    globalStore   /home/runner/.cache/nub/pm/store   [declared, not keyed on]
    projectStore  /home/runner/v2-6o1zZF/observe/node_modules/.store   [declared, not keyed on]
    interpreter   /opt/hostedtoolcache/node/22.23.2/x64   [declared, not keyed on]
    toolsDir      /home/runner/.cache/nub/pm/tools   [declared, not keyed on]
    temp          /tmp/nub-tmp-obsyQG95f
    npmPrefix     /home/runner/.cache/nub/pm/tools/npm-prefix
    ownPkg        /home/runner/v2-6o1zZF/observe/node_modules/wrtc
  == WRITES the script actually performed ==
    ownPkg     5406  (base profile already grants this — NOT billed)
        /home/runner/v2-6o1zZF/observe/node_modules/wrtc/build
        /home/runner/v2-6o1zZF/observe/node_modules/wrtc/build/CMakeFiles
        /home/runner/v2-6o1zZF/observe/node_modules/wrtc/build/CMakeFiles/pkgRedirects
        /home/runner/v2-6o1zZF/observe/node_modules/wrtc/build/CMakeFiles/CMakeConfigureLog.yaml
        /home/runner/v2-6o1zZF/observe/node_modules/wrtc/build/CMakeFiles/3.31.6
        /home/runner/v2-6o1zZF/observe/node_modules/wrtc/build/CMakeFiles/3.31.6/CMakeSystem.cmake.tmp
        /home/runner/v2-6o1zZF/observe/node_modules/wrtc/build/CMakeFiles/3.31.6/CMakeSystem.cmake
        /home/runner/v2-6o1zZF/observe/node_modules/wrtc/build/CMakeFiles/3.31.6/CompilerIdC
        /home/runner/v2-6o1zZF/observe/node_modules/wrtc/build/CMakeFiles/3.31.6/CompilerIdC/tmp
        /home/runner/v2-6o1zZF/observe/node_modules/wrtc/build/CMakeFiles/3.31.6/CompilerIdC/CMakeCCompilerId.c
        … and 5396 more
    jailTmp      28  (base profile already grants this — NOT billed)
        /tmp/nub-tmp-obsyQG95f/ccfXSWN5.s
        /tmp/nub-tmp-obsyQG95f/ccNi9x6k.o
        /tmp/nub-tmp-obsyQG95f/cczCZbrP.res
        /tmp/nub-tmp-obsyQG95f/ccCoFf3n.cdtor.c
        /tmp/nub-tmp-obsyQG95f/cc4PScFu.cdtor.o
        /tmp/nub-tmp-obsyQG95f/ccpa5lcK.s
        /tmp/nub-tmp-obsyQG95f/ccvkv5X0.o
        /tmp/nub-tmp-obsyQG95f/cc16BdgP.res
        /tmp/nub-tmp-obsyQG95f/ccoZrzo6.cdtor.c
        /tmp/nub-tmp-obsyQG95f/ccHzBt0Y.cdtor.o
        … and 18 more
    kernelfs      1
        /dev/null
  == NETWORK ==
    AF_INET sockets: 19   distinct peers: 4
        127.0.0.53:53
        104.16.4.34:443
        140.82.113.4:443
        104.16.212.131:443
  == REFUSALS (only `= -1 EACCES/EPERM/EROFS`) ==
    distinct: 0
  == SYNTHESIZED GRANT (verify this in the real unprivileged jail) ==
    {"network":true}
    NOTE 1 kernel-fs touches (/proc,/sys,/dev) — a READ floor question, not a write grant
  == writePaths (DERIVED — promotion out of the package's PRIVATE home) ==
    private-home writes observed: 0
    none declared — the script wrote nothing into its private home — there is nothing to promote
  == writePaths FEASIBILITY (distinct writes outside project/deps) ==
    count: 0
    EVENTS    59496 distinct from 255025 calls (446248 lines, 190983 rejoined, 0 unparsed)
    PROCS     144   lifecycle shells 132
    ⛔ 3 paths with an UNRESOLVED dirfd — kept, marked, never guessed
    unsubscribed/unmapped syscalls: wait4×114 exit_group×100 getcwd×96 getsockname×54 setsockopt×41 exit×39 getsockopt×23 recvmsg×15
    wrote /home/runner/v2-6o1zZF/observe/events.ndjson.gz (286516 bytes)
  EVENTLOG-FILE /home/runner/v2-6o1zZF/observe/events.ndjson.gz
  EVENTLOG-STATS {"lines":446248,"parsed":255025,"unparsed":0,"unfinished":190983,"rejoined":190983,"unresolvedDirfd":3,"truncatedArg":0,"procs":144,"lifecyclePids":132,"distinctEvents":59496,"unknownSyscall":{"getsockname":54,"getsockopt":23,"getcwd":96,"recvmsg":15,"exit":39,"setsockopt":41,"sendmmsg":5,"socketpair":3,"shutdown":3,"exit_group":100,"wait4":114},"out":"/home/runner/v2-6o1zZF/observe/events.ndjson.gz","gzipBytes":286516}
  EVICT     98 store entries removed, 5 spared as nub tooling
  SE-PURGE  0 side-effects-cache entries for wrtc
OSV-SCREEN {"schemaVersion":1,"kind":"nub-synth-resolved","status":"clean","digest":"3a45b5e98d222c858ec386b88e5be5579f1ac8bd3a9e6f95fb02ac32c72133b4","specCount":184,"lockfiles":{"digest":"4bf15bb40f84b9282f994d05ddb77069ea671e03a6cd7dc08d35cc7bee3f5fc1","files":[{"path":"nub.lock","sha256":"a7ddc401f080d9c308c12acdbf428e5979d8828866a35426c4c01bb04668e587","bytes":43207}]},"maliciousAdvisories":[],"screenedAt":"2026-09-08T12:13:03.997Z","cacheHit":false,"clearancePath":"/home/runner/v2-6o1zZF/security/nub-synth-resolved.json"}
  SECURITY nub-synth-resolved clean: 184 exact package-version(s), tree 3a45b5e98d22
  VENUE-STORE-LAYOUT isolated
  VERIFY[synth] rc=0 artifacts=4405/4405 missing=0 shortfall=none (tree 19133/5938) OVERRIDDEN=2 REJECTED=0 grant={"network":true}
  => VERIFIED {"network":true}   (observed, then verified)
  EVICT     179 store entries removed, 5 spared as nub tooling
  SE-PURGE  0 side-effects-cache entries for wrtc
OSV-SCREEN {"schemaVersion":1,"kind":"nub-drop-no-network-resolved","status":"clean","digest":"3a45b5e98d222c858ec386b88e5be5579f1ac8bd3a9e6f95fb02ac32c72133b4","specCount":184,"lockfiles":{"digest":"4bf15bb40f84b9282f994d05ddb77069ea671e03a6cd7dc08d35cc7bee3f5fc1","files":[{"path":"nub.lock","sha256":"a7ddc401f080d9c308c12acdbf428e5979d8828866a35426c4c01bb04668e587","bytes":43207}]},"maliciousAdvisories":[],"screenedAt":"2026-09-08T12:13:03.997Z","cacheHit":true,"clearancePath":"/home/runner/v2-6o1zZF/security/nub-drop-no-network-resolved.json"}
  SECURITY nub-drop-no-network-resolved clean: 184 exact package-version(s), tree 3a45b5e98d22 (cached exact-tree clearance)
  VERIFY[drop-no-network] rc=0 artifacts=86/4405 missing=4321 shortfall=83e0cea677bc (tree 6176/5938) OVERRIDDEN=2 REJECTED=0 grant={}
       missing: build/CMakeCache.txt (15277B < 15305B), build/CMakeFiles/CMakeConfigureLog.yaml (59377B < 60429B), build/CMakeFiles/TargetDirectories.txt, build/CMakeFiles/rules.ninja, build/build.ninja, build/cmake_install.cmake (+4315)
     'no-network' is NECESSARY — dropping it fails to verify
  => MINIMAL — every capability in {"network":true} is independently necessary
