### azure-functions-core-tools@2.7.3188   (D:\jail\m-azurefunctionscoretools-mtrilxk5)
  CI-ENV scrubbed: CI GITHUB_ACTIONS
OSV-SCREEN {"schemaVersion":1,"kind":"direct","status":"clean","digest":"f9c88a41ed1367a89279b607731bda47920df09dc359ffa14f936437ccb427da","specCount":1,"lockfiles":{"digest":null,"files":[]},"maliciousAdvisories":[],"screenedAt":"2026-09-07T17:29:01.231Z","cacheHit":false,"clearancePath":"D:\\jail\\m-azurefunctionscoretools-mtrilxk5\\security\\direct.json"}
  SECURITY direct clean: 1 exact package-version(s), tree f9c88a41ed13
OSV-SCREEN {"schemaVersion":1,"kind":"npm-observe-resolved","status":"clean","digest":"edcbb87334601d44a408c02160cead96f666d8df65f643451bc38752c9e0af51","specCount":50,"lockfiles":{"digest":"63de7486dc08f2aa82e6ed539d1e5d9736153135296aba705a436658ec220d26","files":[{"path":"package-lock.json","sha256":"cb5c4b66942f602d6aaa9f502e62dedf0fb623a9196168a274edeb0cd7853f67","bytes":17701}]},"maliciousAdvisories":[],"screenedAt":"2026-09-07T17:29:03.467Z","cacheHit":false,"clearancePath":"D:\\jail\\m-azurefunctionscoretools-mtrilxk5\\security\\npm-observe-resolved.json"}
  SECURITY npm-observe-resolved clean: 50 exact package-version(s), tree edcbb8733460
  CAPTURE user=runnervmeef0v\runneradmin elevated=True rootPid=9044 exit=0 events=218477 lost=0
  VENUE-OBSERVE-USER runnervmeef0v\runneradmin elevated=true privDropped={"SeBackupPrivilege":"removed","SeRestorePrivilege":"removed","SeTakeOwnershipPrivilege":"removed"}
  OBSERVE artifacts: 2483 files  (D:\jail\m-azurefunctionscoretools-mtrilxk5\observe\node_modules\azure-functions-core-tools)
  ARM-FALSIFIABILITY {"manifestFiles":2559,"filesTheScriptProduced":2552,"reasons":[]}
  CLOSURE 1 packages evicted per arm
  8.3 MAP 0 components resolved on runnervmeef0v, folded into capture.json
  == ROOTS (from capture.json — R2: no ambient reads) ==
    project       D:\jail\m-azurefunctionscoretools-mtrilxk5\observe   [keyed on]
    home          C:\Users\runneradmin   [keyed on]
    jailHome      (null — declared inapplicable)
    globalStore   C:\Users\runneradmin\AppData\Local\nub\pm\store
    projectStore  D:\jail\m-azurefunctionscoretools-mtrilxk5\observe\node_modules\.store
    interpreter   C:\hostedtoolcache\windows\node\22.23.2\x64\node.exe
    toolsDir      C:\Users\runneradmin\AppData\Local\nub\pm\tools
    temp          D:\jail\m-azurefunctionscoretools-mtrilxk5\tmp   [keyed on]
    npmPrefix     (null — declared inapplicable)
    ownPkg        D:\jail\m-azurefunctionscoretools-mtrilxk5\observe\node_modules\azure-functions-core-tools
  == ATTRIBUTION == lifecycle pids: 2 (root 9044)
    writes  script 2969  /  whole traced tree 2986
    peers   script 1  /  whole traced tree 1
  == WRITES ==
    deps       2969
  == READS ==
    deps        172
    outside       6
    project       1
    systemfs     28
  == NETWORK ==
    distinct peers: 1
        13.107.226.38:443
  == REFUSALS (adapter-classified) ==
    distinct: 0
  == SYNTHESIZED GRANT (verify this in the real unprivileged jail) ==
    {"write":{"deps":true},"network":true}
  RAW       etw-raw.xml.gz  286036665 B xml -> 4829829 B gz (59.2x)  sha256 f7563b5a68304793…
  HEADER    etw-header.json (5199 bytes)
  DERIVED   16204 distinct from 76678 kept ops (218477 xml events, 23766 out of subtree)
  PROCS     4   thread-reattributed 0
  ⛔ 63 operations with NO OperationEnd — kept, status marked unknown
  8.3       0 expanded, 0 kept short, 0 not covered  [map: recorded 8.3 map (0 components, resolved on runnervmeef0v)]
  wrote events.ndjson.gz (245839 bytes)
  RAWLOG-CAPTURE D:\jail\m-azurefunctionscoretools-mtrilxk5\cap\capture.json
  VENUE-NUB-BINARY {"path":"C:/Users/RUNNER~1/AppData/Local/Temp/nub/target/release/nub.exe","sha256":"f186817a44be332fee712b4936a071a0b5f9cde18a1d2fdc3a791729d4bf1005","bytes":68717056,"features":{"buildJailCatalogOverride":true,"pythonDontWriteBytecodeEnv":true}}
  VENUE-INTERPRETER C:\hostedtoolcache\windows\node\22.23.2\x64\node.exe
  VENUE-JAIL-ROOT D:\jail\m-azurefunctionscoretools-mtrilxk5
  VENUE-OVERRIDES {"set":{"npm_config_cache":"D:\\jail\\m-azurefunctionscoretools-mtrilxk5\\npm-cache","TMP":"D:\\jail\\m-azurefunctionscoretools-mtrilxk5\\tmp","TEMP":"D:\\jail\\m-azurefunctionscoretools-mtrilxk5\\tmp","TMPDIR":"D:\\jail\\m-azurefunctionscoretools-mtrilxk5\\tmp"},"unset":["CI","GITHUB_ACTIONS"],"notRedirected":{"USERPROFILE":"C:\\Users\\runneradmin","why":"the jail leaves HOME/USERPROFILE alone — `build_jail.rs` sandbox_homes() reads the ambient value and `compiler/defaults.rs` BASELINE_ENV_EXACT passes it through — so there is no private jail home to reproduce and redirecting one would measure an environment no confined script sees"},"passedThrough":{"CI":"true","GITHUB_ACTIONS":"true","NODE_ENV":null}}
  STORE   isolated virtual store at D:\jail\m-azurefunctionscoretools-mtrilxk5\verify-synth\.cache
  VENUE-STORE-LAYOUT isolated
OSV-SCREEN {"schemaVersion":1,"kind":"nub-synth-resolved","status":"clean","digest":"2ec7ce09a131e49287c83dee1bc1bb629802c48a4d699b80407dd26f651eb1c5","specCount":49,"lockfiles":{"digest":"494991e31038f1f7efb032f5a9c9881fc432a21e227065dd80fd6489ec022a06","files":[{"path":"nub.lock","sha256":"7c936fde78c8be080e2b570b3be5eb5da9eed49c2f08f2b0be1ee9eb1f3ad198","bytes":11883}]},"maliciousAdvisories":[],"screenedAt":"2026-09-07T17:29:53.487Z","cacheHit":false,"clearancePath":"D:\\jail\\m-azurefunctionscoretools-mtrilxk5\\security\\nub-synth-resolved.json"}
  SECURITY nub-synth-resolved clean: 49 exact package-version(s), tree 2ec7ce09a131
  VERIFY[synth] rc=0 artifacts=2483/2483 missing=0 shortfall=none (tree 8815/2940) OVERRIDDEN=2 REJECTED=0 grant={"write":{"deps":true},"network":true}
  => MINIMUM {"write":{"deps":true},"network":true}   (observed, then verified)
  STORE   isolated virtual store at D:\jail\m-azurefunctionscoretools-mtrilxk5\verify-nar-no-network\.cache
OSV-SCREEN {"schemaVersion":1,"kind":"nub-nar-no-network-resolved","status":"clean","digest":"2ec7ce09a131e49287c83dee1bc1bb629802c48a4d699b80407dd26f651eb1c5","specCount":49,"lockfiles":{"digest":"494991e31038f1f7efb032f5a9c9881fc432a21e227065dd80fd6489ec022a06","files":[{"path":"nub.lock","sha256":"7c936fde78c8be080e2b570b3be5eb5da9eed49c2f08f2b0be1ee9eb1f3ad198","bytes":11883}]},"maliciousAdvisories":[],"screenedAt":"2026-09-07T17:29:53.487Z","cacheHit":true,"clearancePath":"D:\\jail\\m-azurefunctionscoretools-mtrilxk5\\security\\nub-nar-no-network-resolved.json"}
  SECURITY nub-nar-no-network-resolved clean: 49 exact package-version(s), tree 2ec7ce09a131 (cached exact-tree clearance)
  VERIFY[nar-no-network] rc=1 artifacts=7/2483 missing=2476 shortfall=68e53781d1f0 (tree 6340/2940) OVERRIDDEN=2 REJECTED=0 grant={"write":{"deps":true}}
     missing artifacts: bin/AccentedCommandLineParser.dll, bin/api-ms-win-core-console-l1-1-0.dll, bin/api-ms-win-core-datetime-l1-1-0.dll, bin/api-ms-win-core-debug-l1-1-0.dll, bin/api-ms-win-core-errorhandling-l1-1-0.dll, bin/api-ms-win-core-file-l1-1-0.dll (+2470)
     'no-network' is NECESSARY — dropping it fails to verify
  STORE   isolated virtual store at D:\jail\m-azurefunctionscoretools-mtrilxk5\verify-nar-no-write-deps\.cache
OSV-SCREEN {"schemaVersion":1,"kind":"nub-nar-no-write-deps-resolved","status":"clean","digest":"2ec7ce09a131e49287c83dee1bc1bb629802c48a4d699b80407dd26f651eb1c5","specCount":49,"lockfiles":{"digest":"494991e31038f1f7efb032f5a9c9881fc432a21e227065dd80fd6489ec022a06","files":[{"path":"nub.lock","sha256":"7c936fde78c8be080e2b570b3be5eb5da9eed49c2f08f2b0be1ee9eb1f3ad198","bytes":11883}]},"maliciousAdvisories":[],"screenedAt":"2026-09-07T17:29:53.487Z","cacheHit":true,"clearancePath":"D:\\jail\\m-azurefunctionscoretools-mtrilxk5\\security\\nub-nar-no-write-deps-resolved.json"}
  SECURITY nub-nar-no-write-deps-resolved clean: 49 exact package-version(s), tree 2ec7ce09a131 (cached exact-tree clearance)
  VERIFY[nar-no-write-deps] rc=0 artifacts=2483/2483 missing=0 shortfall=none (tree 8815/2940) OVERRIDDEN=2 REJECTED=0 grant={"network":true}
     ⛔ OVER-PREDICTED — the strictly narrower {"network":true} also verifies; 'no-write-deps' was not needed
