### @nestjs/core@9.4.3   (D:\jail\m-nestjscore-mttklcvu)
  CI-ENV scrubbed: CI GITHUB_ACTIONS
OSV-SCREEN {"schemaVersion":1,"kind":"direct","status":"clean","digest":"efd38626726d1d53c273a0d5a5d799bf5877d92674722ee606585ae1aad1aa71","specCount":1,"lockfiles":{"digest":null,"files":[]},"maliciousAdvisories":[],"screenedAt":"2026-09-09T04:00:06.089Z","cacheHit":false,"clearancePath":"D:\\jail\\m-nestjscore-mttklcvu\\security\\direct.json"}
  SECURITY direct clean: 1 exact package-version(s), tree efd38626726d
OSV-SCREEN {"schemaVersion":1,"kind":"npm-observe-resolved","status":"clean","digest":"f004df440eaf2e12371b772dfa5395f60ff5c083ce64cb90425deae95fab34a7","specCount":22,"lockfiles":{"digest":"4e8f3171ac8ac956f4156174f5ffb89d8ec9b50844ff8e9bc00e38d98e973747","files":[{"path":"package-lock.json","sha256":"f2004044e04c0548d69072f09bec94f4ec6e37a0f57d22deedc1e1af9471136b","bytes":9930}]},"maliciousAdvisories":[],"screenedAt":"2026-09-09T04:00:12.470Z","cacheHit":false,"clearancePath":"D:\\jail\\m-nestjscore-mttklcvu\\security\\npm-observe-resolved.json"}
  SECURITY npm-observe-resolved clean: 22 exact package-version(s), tree f004df440eaf
  CAPTURE user=runnervmeef0v\runneradmin elevated=True rootPid=6356 exit=0 events=39228 lost=0
  VENUE-OBSERVE-USER runnervmeef0v\runneradmin elevated=true privDropped={"SeBackupPrivilege":"removed","SeRestorePrivilege":"removed","SeTakeOwnershipPrivilege":"removed"}
  OBSERVE artifacts: 345 files  (D:\jail\m-nestjscore-mttklcvu\observe\node_modules\@nestjs\core)
  ARM-FALSIFIABILITY {"manifestFiles":345,"filesTheScriptProduced":0,"reasons":["gate-vacuous","rc-vacuous"]}
  ⛔ ARMS-UNFALSIFIABLE — a green arm for this package carries no evidence:
       gate-vacuous: the script changed no file the artifact gate keys on — every file in the manifest (345) was already present at its final size before the script ran, so the gate passes in every arm including a completely broken one
       rc-vacuous: `postinstall` ends in a status-swallowing construct (`opencollective || exit 0`), so its exit code is 0 whether the work succeeded or failed
       The grant may still be correct; what is missing is a signal that could have gone
       red. Do not read this record's MINIMAL as a passing measurement.
  CLOSURE 22 packages evicted per arm
  8.3 MAP 0 components resolved on runnervmeef0v, folded into capture.json
  == ROOTS (from capture.json — R2: no ambient reads) ==
    project       D:\jail\m-nestjscore-mttklcvu\observe   [keyed on]
    home          C:\Users\runneradmin   [keyed on]
    jailHome      (null — declared inapplicable)
    globalStore   C:\Users\runneradmin\AppData\Local\nub\pm\store
    projectStore  D:\jail\m-nestjscore-mttklcvu\observe\node_modules\.store
    interpreter   C:\hostedtoolcache\windows\node\22.23.2\x64\node.exe
    toolsDir      C:\Users\runneradmin\AppData\Local\nub\pm\tools
    temp          D:\jail\m-nestjscore-mttklcvu\tmp   [keyed on]
    npmPrefix     (null — declared inapplicable)
    ownPkg        D:\jail\m-nestjscore-mttklcvu\observe\node_modules\@nestjs\core
  == ATTRIBUTION == lifecycle pids: 4 (root 6356)
    writes  script 0  /  whole traced tree 7
    peers   script 1  /  whole traced tree 1
  == WRITES ==
  == READS ==
    deps         33
    outside       6
    project       1
    systemfs     43
    userHome      1
  == NETWORK ==
    distinct peers: 1
        172.67.71.29:443
  == REFUSALS (adapter-classified) ==
    distinct: 0
  == SYNTHESIZED GRANT (verify this in the real unprivileged jail) ==
    {"network":true}
  RAW       etw-raw.xml.gz  49956738 B xml -> 750698 B gz (66.5x)  sha256 d10e31a477933f49…
  HEADER    etw-header.json (5078 bytes)
  DERIVED   5543 distinct from 7100 kept ops (39228 xml events, 7787 out of subtree)
  PROCS     6   thread-reattributed 0
  8.3       0 expanded, 0 kept short, 0 not covered  [map: recorded 8.3 map (0 components, resolved on runnervmeef0v)]
  wrote events.ndjson.gz (70622 bytes)
  RAWLOG-CAPTURE D:\jail\m-nestjscore-mttklcvu\cap\capture.json
  VENUE-NUB-BINARY {"path":"C:/Users/RUNNER~1/AppData/Local/Temp/nub/target/release/nub.exe","sha256":"f186817a44be332fee712b4936a071a0b5f9cde18a1d2fdc3a791729d4bf1005","bytes":68717056,"features":{"buildJailCatalogOverride":true,"pythonDontWriteBytecodeEnv":true}}
  VENUE-INTERPRETER C:\hostedtoolcache\windows\node\22.23.2\x64\node.exe
  VENUE-JAIL-ROOT D:\jail\m-nestjscore-mttklcvu
  VENUE-OVERRIDES {"set":{"npm_config_cache":"D:\\jail\\m-nestjscore-mttklcvu\\npm-cache","TMP":"D:\\jail\\m-nestjscore-mttklcvu\\tmp","TEMP":"D:\\jail\\m-nestjscore-mttklcvu\\tmp","TMPDIR":"D:\\jail\\m-nestjscore-mttklcvu\\tmp"},"unset":["CI","GITHUB_ACTIONS"],"notRedirected":{"USERPROFILE":"C:\\Users\\runneradmin","why":"the jail leaves HOME/USERPROFILE alone — `build_jail.rs` sandbox_homes() reads the ambient value and `compiler/defaults.rs` BASELINE_ENV_EXACT passes it through — so there is no private jail home to reproduce and redirecting one would measure an environment no confined script sees"},"passedThrough":{"CI":"true","GITHUB_ACTIONS":"true","NODE_ENV":null}}
  STORE   isolated virtual store at D:\jail\m-nestjscore-mttklcvu\verify-synth\.cache
  VENUE-STORE-LAYOUT isolated
OSV-SCREEN {"schemaVersion":1,"kind":"nub-synth-resolved","status":"clean","digest":"f004df440eaf2e12371b772dfa5395f60ff5c083ce64cb90425deae95fab34a7","specCount":22,"lockfiles":{"digest":"26a8e701a8229d6921b7fef969b11c3609039334b6bab6a2a4a3684124befcfd","files":[{"path":"nub.lock","sha256":"30c6268022cd3d88c55ca151ee62c1fd990a8995cec944c94c42edb2c8b65189","bytes":6361}]},"maliciousAdvisories":[],"screenedAt":"2026-09-09T04:00:12.470Z","cacheHit":true,"clearancePath":"D:\\jail\\m-nestjscore-mttklcvu\\security\\nub-synth-resolved.json"}
  SECURITY nub-synth-resolved clean: 22 exact package-version(s), tree f004df440eaf (cached exact-tree clearance)
  VERIFY[synth] rc=0 artifacts=345/345 missing=0 shortfall=none (tree 9332/3240) OVERRIDDEN=2 REJECTED=0 grant={"network":true}
  => MINIMUM {"network":true}   (observed, then verified)
  STORE   isolated virtual store at D:\jail\m-nestjscore-mttklcvu\verify-nar-no-network\.cache
OSV-SCREEN {"schemaVersion":1,"kind":"nub-nar-no-network-resolved","status":"clean","digest":"f004df440eaf2e12371b772dfa5395f60ff5c083ce64cb90425deae95fab34a7","specCount":22,"lockfiles":{"digest":"26a8e701a8229d6921b7fef969b11c3609039334b6bab6a2a4a3684124befcfd","files":[{"path":"nub.lock","sha256":"30c6268022cd3d88c55ca151ee62c1fd990a8995cec944c94c42edb2c8b65189","bytes":6361}]},"maliciousAdvisories":[],"screenedAt":"2026-09-09T04:00:12.470Z","cacheHit":true,"clearancePath":"D:\\jail\\m-nestjscore-mttklcvu\\security\\nub-nar-no-network-resolved.json"}
  SECURITY nub-nar-no-network-resolved clean: 22 exact package-version(s), tree f004df440eaf (cached exact-tree clearance)
  VERIFY[nar-no-network] rc=0 artifacts=345/345 missing=0 shortfall=none (tree 9332/3240) OVERRIDDEN=2 REJECTED=0 grant={}
     ⛔ OVER-PREDICTED — the strictly narrower {} also verifies; 'no-network' was not needed
