### @shopify/react-native-skia@2.6.2   (/home/runner/v2-Zw0BUF)
  CI-ENV scrubbed: CI GITHUB_ACTIONS
OSV-SCREEN {"schemaVersion":1,"kind":"direct","status":"clean","digest":"66dd010d86f27fbe5143ee4f26855be0e9359fb2fe19a314b3d9cd35b33955cb","specCount":1,"lockfiles":{"digest":null,"files":[]},"maliciousAdvisories":[],"screenedAt":"2026-09-09T03:38:59.877Z","cacheHit":false,"clearancePath":"/home/runner/v2-Zw0BUF/security/direct.json"}
  SECURITY direct clean: 1 exact package-version(s), tree 66dd010d86f2
  VENUE-OBSERVE-USER {"uid":1001,"user":"runner","umask":"0022","capBnd":"000001ffffffffff","noNewPrivs":"0"}
  VENUE-NUB-BINARY {"path":"/tmp/nub/target/release/nub","sha256":"2a18683f50f7afeb02a521cd3cae175dc2f91780d461c5f012065241f5a1447b","bytes":207643464,"features":{"buildJailCatalogOverride":true,"pythonDontWriteBytecodeEnv":true}}
OSV-SCREEN {"schemaVersion":1,"kind":"npm-observe-resolved","status":"clean","digest":"8196baeae4d342bef532baf43e697932c2eea8200e642ed077ab87488e23367c","specCount":10,"lockfiles":{"digest":"ef7c0882af8355fdacd4df085ca6c24ef8777a16e54cc9cb1309f245c499c774","files":[{"path":"package-lock.json","sha256":"ec9aa7cb534c2e9286b2dc161a65705788089f5be4ef6889e466ec8368211fc9","bytes":4555}]},"maliciousAdvisories":[],"screenedAt":"2026-09-09T03:39:09.098Z","cacheHit":false,"clearancePath":"/home/runner/v2-Zw0BUF/security/npm-observe-resolved.json"}
  SECURITY npm-observe-resolved clean: 10 exact package-version(s), tree 8196baeae4d3
  OBSERVE   rc=0 files=4437 trace=12075 lines
  CLOSURE   10 packages evicted per arm
  ARM-FALSIFIABILITY {"manifestFiles":4241,"filesTheScriptProduced":100,"reasons":[]}
  RAWLOG-FILE /home/runner/v2-Zw0BUF/observe/trace.txt.gz
  RAWLOG-CAPTURE /home/runner/v2-Zw0BUF/observe/capture.json
  RAWLOG-BYTES raw=2585158 gz=76019
  VENUE-INTERPRETER /opt/hostedtoolcache/node/22.23.2/x64
  VENUE-OVERRIDES {"set":{"HOME":"/home/runner/v2-Zw0BUF/jailhome","TMPDIR":"/tmp/nub-tmp-obs3nCliq","NODE_COMPAT":"1","PLAYWRIGHT_BROWSERS_PATH":"/home/runner/.cache/nub/pm/tools/ms-playwright","ELECTRON_CACHE":"/home/runner/.cache/nub/pm/tools/electron-cache","electron_config_cache":"/home/runner/.cache/nub/pm/tools/electron-cache","npm_config_prefix":"/home/runner/.cache/nub/pm/tools/npm-prefix","PYTHONDONTWRITEBYTECODE":"1","NUB_CACHE_DIR":"/home/runner/v2-Zw0BUF/nubcache"},"unset":["CI","GITHUB_ACTIONS"],"passedThrough":{"CI":"true","GITHUB_ACTIONS":"true","NODE_ENV":null}}
  == ATTRIBUTION == attributed pids: 13
    writes  script 173  /  whole traced tree 1261
    sockets script 0  /  whole traced tree 6
  == ROOTS (from capture.json — R2: no ambient reads) ==
    project       /home/runner/v2-Zw0BUF/observe
    home          /home/runner
    jailHome      /home/runner/v2-Zw0BUF/jailhome
    globalStore   /home/runner/.cache/nub/pm/store   [declared, not keyed on]
    projectStore  /home/runner/v2-Zw0BUF/observe/node_modules/.store   [declared, not keyed on]
    interpreter   /opt/hostedtoolcache/node/22.23.2/x64   [declared, not keyed on]
    toolsDir      /home/runner/.cache/nub/pm/tools   [declared, not keyed on]
    temp          /tmp/nub-tmp-obs3nCliq
    npmPrefix     /home/runner/.cache/nub/pm/tools/npm-prefix
    ownPkg        /home/runner/v2-Zw0BUF/observe/node_modules/@shopify/react-native-skia
  == WRITES the script actually performed ==
    ownPkg      173  (base profile already grants this — NOT billed)
        /home/runner/v2-Zw0BUF/observe/node_modules/@shopify/react-native-skia/libs
        /home/runner/v2-Zw0BUF/observe/node_modules/@shopify/react-native-skia/libs/ios
        /home/runner/v2-Zw0BUF/observe/node_modules/@shopify/react-native-skia/libs/macos
        /home/runner/v2-Zw0BUF/observe/node_modules/@shopify/react-native-skia/libs/ios/libskia.xcframework
        /home/runner/v2-Zw0BUF/observe/node_modules/@shopify/react-native-skia/libs/ios/libskia.xcframework/Info.plist
        /home/runner/v2-Zw0BUF/observe/node_modules/@shopify/react-native-skia/libs/ios/libskia.xcframework/ios-arm64_arm64e
        /home/runner/v2-Zw0BUF/observe/node_modules/@shopify/react-native-skia/libs/ios/libskia.xcframework/ios-arm64_arm64e/libskia.a
        /home/runner/v2-Zw0BUF/observe/node_modules/@shopify/react-native-skia/libs/ios/libskia.xcframework/ios-arm64_arm64e_x86_64-simulator
        /home/runner/v2-Zw0BUF/observe/node_modules/@shopify/react-native-skia/libs/ios/libskia.xcframework/ios-arm64_arm64e_x86_64-simulator/libskia.a
        /home/runner/v2-Zw0BUF/observe/node_modules/@shopify/react-native-skia/libs/ios/libskottie.xcframework
        … and 163 more
  == NETWORK ==
    AF_INET sockets: 0   distinct peers: 2
        127.0.0.53:53
        104.16.7.34:443
  == REFUSALS (only `= -1 EACCES/EPERM/EROFS`) ==
    distinct: 0
  == SYNTHESIZED GRANT (verify this in the real unprivileged jail) ==
    {}
  == writePaths (DERIVED — promotion out of the package's PRIVATE home) ==
    private-home writes observed: 0
    none declared — the script wrote nothing into its private home — there is nothing to promote
  == writePaths FEASIBILITY (distinct writes outside project/deps) ==
    count: 0
    EVENTS    5078 distinct from 12021 calls (12076 lines, 32 rejoined, 0 unparsed)
    PROCS     20   lifecycle shells 8
    ⛔ 3 paths with an UNRESOLVED dirfd — kept, marked, never guessed
    unsubscribed/unmapped syscalls: sendfile×100 getsockname×23 setsockopt×23 exit×15 getsockopt×9 recvmsg×7 getcwd×4 socketpair×3
    wrote /home/runner/v2-Zw0BUF/observe/events.ndjson.gz (34565 bytes)
  EVENTLOG-FILE /home/runner/v2-Zw0BUF/observe/events.ndjson.gz
  EVENTLOG-STATS {"lines":12076,"parsed":12021,"unparsed":0,"unfinished":32,"rejoined":32,"unresolvedDirfd":3,"truncatedArg":0,"procs":20,"lifecyclePids":8,"distinctEvents":5078,"unknownSyscall":{"getsockname":23,"getsockopt":9,"getcwd":4,"recvmsg":7,"exit":15,"setsockopt":23,"sendmmsg":1,"socketpair":3,"shutdown":3,"sendfile":100,"exit_group":3,"wait4":3},"out":"/home/runner/v2-Zw0BUF/observe/events.ndjson.gz","gzipBytes":34565}
  EVICT     0 store entries removed, 0 spared as nub tooling
  SE-PURGE  0 side-effects-cache entries for @shopify/react-native-skia
OSV-SCREEN {"schemaVersion":1,"kind":"nub-synth-resolved","status":"clean","digest":"8196baeae4d342bef532baf43e697932c2eea8200e642ed077ab87488e23367c","specCount":10,"lockfiles":{"digest":"6c5608dd3f6450c52a656ce23d60cd9729d35c2dedc7b351467161f00fbcb159","files":[{"path":"nub.lock","sha256":"1f02498af022302e01dd9b26dc87988965d7318ca8c0eb6a07fae9db9ce71ef7","bytes":2944}]},"maliciousAdvisories":[],"screenedAt":"2026-09-09T03:39:09.098Z","cacheHit":true,"clearancePath":"/home/runner/v2-Zw0BUF/security/nub-synth-resolved.json"}
  SECURITY nub-synth-resolved clean: 10 exact package-version(s), tree 8196baeae4d3 (cached exact-tree clearance)
  VENUE-STORE-LAYOUT isolated
  VERIFY[synth] rc=0 artifacts=4241/4241 missing=0 shortfall=none (tree 13338/4437) OVERRIDDEN=3 REJECTED=0 grant={}
  => VERIFIED {}   (observed, then verified)
  DESCEND   grant is already empty — nothing to narrow; MINIMAL by construction.
