### puppeteer@1.20.0   (/home/runner/v2-gydDt7)
  CI-ENV scrubbed: CI GITHUB_ACTIONS
OSV-SCREEN {"schemaVersion":1,"kind":"direct","status":"clean","digest":"064aed077da4dbba7f1866d9248cfaecfdb01afeb36bec547efa456d6958fb40","specCount":1,"lockfiles":{"digest":null,"files":[]},"maliciousAdvisories":[],"screenedAt":"2026-09-08T11:59:26.621Z","cacheHit":false,"clearancePath":"/home/runner/v2-gydDt7/security/direct.json"}
  SECURITY direct clean: 1 exact package-version(s), tree 064aed077da4
  VENUE-OBSERVE-USER {"uid":1001,"user":"runner","umask":"0022","capBnd":"000001ffffffffff","noNewPrivs":"0"}
  VENUE-NUB-BINARY {"path":"/tmp/nub/target/release/nub","sha256":"2a18683f50f7afeb02a521cd3cae175dc2f91780d461c5f012065241f5a1447b","bytes":207643464,"features":{"buildJailCatalogOverride":true,"pythonDontWriteBytecodeEnv":true}}
OSV-SCREEN {"schemaVersion":1,"kind":"npm-observe-resolved","status":"clean","digest":"ff1094604bc4c541a0f83709d7fc6450bda6eda693be07c20f3dbdfe047bc6a9","specCount":44,"lockfiles":{"digest":"aa31308285bc9fdc083ff57e8ceb7240a0fcf6e7b28c57309fbf9a378d57532e","files":[{"path":"package-lock.json","sha256":"571b55c36b17c0b7004ffd5ffc483c811706fa2258f7cc1d723ca01769b9a02e","bytes":16856}]},"maliciousAdvisories":[],"screenedAt":"2026-09-08T11:59:27.830Z","cacheHit":false,"clearancePath":"/home/runner/v2-gydDt7/security/npm-observe-resolved.json"}
  SECURITY npm-observe-resolved clean: 44 exact package-version(s), tree ff1094604bc4
  OBSERVE   rc=0 files=715 trace=18277 lines
  CLOSURE   41 packages evicted per arm
  ARM-FALSIFIABILITY {"manifestFiles":389,"filesTheScriptProduced":316,"reasons":[]}
  RAWLOG-FILE /home/runner/v2-gydDt7/observe/trace.txt.gz
  RAWLOG-CAPTURE /home/runner/v2-gydDt7/observe/capture.json
  RAWLOG-BYTES raw=4055617 gz=97309
  VENUE-INTERPRETER /opt/hostedtoolcache/node/22.23.2/x64
  VENUE-OVERRIDES {"set":{"HOME":"/home/runner/v2-gydDt7/jailhome","TMPDIR":"/tmp/nub-tmp-obsPmqKch","NODE_COMPAT":"1","PLAYWRIGHT_BROWSERS_PATH":"/home/runner/.cache/nub/pm/tools/ms-playwright","ELECTRON_CACHE":"/home/runner/.cache/nub/pm/tools/electron-cache","electron_config_cache":"/home/runner/.cache/nub/pm/tools/electron-cache","npm_config_prefix":"/home/runner/.cache/nub/pm/tools/npm-prefix","PYTHONDONTWRITEBYTECODE":"1","NUB_CACHE_DIR":"/home/runner/v2-gydDt7/nubcache"},"unset":["CI","GITHUB_ACTIONS"],"passedThrough":{"CI":"true","GITHUB_ACTIONS":"true","NODE_ENV":null}}
  == ATTRIBUTION == attributed pids: 18
    writes  script 395  /  whole traced tree 1483
    sockets script 4  /  whole traced tree 8
  == ROOTS (from capture.json — R2: no ambient reads) ==
    project       /home/runner/v2-gydDt7/observe
    home          /home/runner
    jailHome      /home/runner/v2-gydDt7/jailhome
    globalStore   /home/runner/.cache/nub/pm/store   [declared, not keyed on]
    projectStore  /home/runner/v2-gydDt7/observe/node_modules/.store   [declared, not keyed on]
    interpreter   /opt/hostedtoolcache/node/22.23.2/x64   [declared, not keyed on]
    toolsDir      /home/runner/.cache/nub/pm/tools   [declared, not keyed on]
    temp          /tmp/nub-tmp-obsPmqKch
    npmPrefix     /home/runner/.cache/nub/pm/tools/npm-prefix
    ownPkg        /home/runner/v2-gydDt7/observe/node_modules/puppeteer
  == WRITES the script actually performed ==
    ownPkg      395  (base profile already grants this — NOT billed)
        /home/runner/v2-gydDt7/observe/node_modules/puppeteer/.local-chromium
        /home/runner/v2-gydDt7/observe/node_modules/puppeteer/.local-chromium/download-linux-686378.zip
        /home/runner/v2-gydDt7/observe/node_modules/puppeteer/.local-chromium/linux-686378
        /home/runner/v2-gydDt7/observe/node_modules/puppeteer/.local-chromium/linux-686378/chrome-linux
        /home/runner/v2-gydDt7/observe/node_modules/puppeteer/.local-chromium/linux-686378/chrome-linux/natives_blob.bin
        /home/runner/v2-gydDt7/observe/node_modules/puppeteer/.local-chromium/linux-686378/chrome-linux/icudtl.dat
        /home/runner/v2-gydDt7/observe/node_modules/puppeteer/.local-chromium/linux-686378/chrome-linux/nacl_helper
        /home/runner/v2-gydDt7/observe/node_modules/puppeteer/.local-chromium/linux-686378/chrome-linux/resources
        /home/runner/v2-gydDt7/observe/node_modules/puppeteer/.local-chromium/linux-686378/chrome-linux/resources/inspector
        /home/runner/v2-gydDt7/observe/node_modules/puppeteer/.local-chromium/linux-686378/chrome-linux/resources/inspector/formatter_worker.js
        … and 385 more
  == NETWORK ==
    AF_INET sockets: 4   distinct peers: 3
        127.0.0.53:53
        104.16.9.34:443
        142.251.179.207:443
  == REFUSALS (only `= -1 EACCES/EPERM/EROFS`) ==
    distinct: 0
  == SYNTHESIZED GRANT (verify this in the real unprivileged jail) ==
    {"network":true}
  == writePaths (DERIVED — promotion out of the package's PRIVATE home) ==
    private-home writes observed: 0
    none declared — the script wrote nothing into its private home — there is nothing to promote
  == writePaths FEASIBILITY (distinct writes outside project/deps) ==
    count: 0
    EVENTS    5846 distinct from 18231 calls (18278 lines, 19 rejoined, 0 unparsed)
    PROCS     25   lifecycle shells 13
    ⛔ 3 paths with an UNRESOLVED dirfd — kept, marked, never guessed
    unsubscribed/unmapped syscalls: getsockname×43 setsockopt×28 exit×20 getsockopt×16 recvmsg×9 getcwd×4 socketpair×3 shutdown×3
    wrote /home/runner/v2-gydDt7/observe/events.ndjson.gz (39884 bytes)
  EVENTLOG-FILE /home/runner/v2-gydDt7/observe/events.ndjson.gz
  EVENTLOG-STATS {"lines":18278,"parsed":18231,"unparsed":0,"unfinished":19,"rejoined":19,"unresolvedDirfd":3,"truncatedArg":0,"procs":25,"lifecyclePids":13,"distinctEvents":5846,"unknownSyscall":{"getsockname":43,"getsockopt":16,"getcwd":4,"recvmsg":9,"exit":20,"setsockopt":28,"sendmmsg":2,"socketpair":3,"shutdown":3,"exit_group":3,"wait4":3},"out":"/home/runner/v2-gydDt7/observe/events.ndjson.gz","gzipBytes":39884}
  EVICT     48 store entries removed, 0 spared as nub tooling
  SE-PURGE  0 side-effects-cache entries for puppeteer
OSV-SCREEN {"schemaVersion":1,"kind":"nub-synth-resolved","status":"clean","digest":"ff1094604bc4c541a0f83709d7fc6450bda6eda693be07c20f3dbdfe047bc6a9","specCount":44,"lockfiles":{"digest":"5a3840758f56cc4c68d286a0d3209dd228d733f314be0d4fd79961ae6c2207dd","files":[{"path":"nub.lock","sha256":"5dddda58f4e3043714886bed1898abcad0199b1c0b50e33bf5be49797e8c1132","bytes":10738}]},"maliciousAdvisories":[],"screenedAt":"2026-09-08T11:59:27.830Z","cacheHit":true,"clearancePath":"/home/runner/v2-gydDt7/security/nub-synth-resolved.json"}
  SECURITY nub-synth-resolved clean: 44 exact package-version(s), tree ff1094604bc4 (cached exact-tree clearance)
  VENUE-STORE-LAYOUT isolated
  VERIFY[synth] rc=0 artifacts=388/388 missing=0 shortfall=none (tree 2156/715) OVERRIDDEN=2 REJECTED=0 grant={"network":true}
  => VERIFIED {"network":true}   (observed, then verified)
  EVICT     44 store entries removed, 0 spared as nub tooling
  SE-PURGE  0 side-effects-cache entries for puppeteer
OSV-SCREEN {"schemaVersion":1,"kind":"nub-drop-no-network-resolved","status":"clean","digest":"ff1094604bc4c541a0f83709d7fc6450bda6eda693be07c20f3dbdfe047bc6a9","specCount":44,"lockfiles":{"digest":"5a3840758f56cc4c68d286a0d3209dd228d733f314be0d4fd79961ae6c2207dd","files":[{"path":"nub.lock","sha256":"5dddda58f4e3043714886bed1898abcad0199b1c0b50e33bf5be49797e8c1132","bytes":10738}]},"maliciousAdvisories":[],"screenedAt":"2026-09-08T11:59:27.830Z","cacheHit":true,"clearancePath":"/home/runner/v2-gydDt7/security/nub-drop-no-network-resolved.json"}
  SECURITY nub-drop-no-network-resolved clean: 44 exact package-version(s), tree ff1094604bc4 (cached exact-tree clearance)
  VERIFY[drop-no-network] rc=1 artifacts=72/388 missing=316 shortfall=5e0dd873140b (tree 1209/715) OVERRIDDEN=2 REJECTED=0 grant={}
       missing: .local-chromium/linux-686378/chrome-linux/MEIPreload/manifest.json, .local-chromium/linux-686378/chrome-linux/MEIPreload/preloaded_data.pb, .local-chromium/linux-686378/chrome-linux/chrome, .local-chromium/linux-686378/chrome-linux/chrome-wrapper, .local-chromium/linux-686378/chrome-linux/chrome_100_percent.pak, .local-chromium/linux-686378/chrome-linux/chrome_200_percent.pak (+310)
     'no-network' is NECESSARY — dropping it fails to verify
  => MINIMAL — every capability in {"network":true} is independently necessary
