### gentype@1.9.0   (/home/runner/v2-WFFOYe)
  CI-ENV scrubbed: CI GITHUB_ACTIONS
OSV-SCREEN {"schemaVersion":1,"kind":"direct","status":"clean","digest":"292479f9286b0ecb59ee72bc7e6e261bd4aad79983744fba7219fb74fbb1ab26","specCount":1,"lockfiles":{"digest":null,"files":[]},"maliciousAdvisories":[],"screenedAt":"2026-09-08T11:05:35.630Z","cacheHit":false,"clearancePath":"/home/runner/v2-WFFOYe/security/direct.json"}
  SECURITY direct clean: 1 exact package-version(s), tree 292479f9286b
  VENUE-OBSERVE-USER {"uid":1001,"user":"runner","umask":"0022","capBnd":"000001ffffffffff","noNewPrivs":"0"}
  VENUE-NUB-BINARY {"path":"/tmp/nub/target/release/nub","sha256":"2a18683f50f7afeb02a521cd3cae175dc2f91780d461c5f012065241f5a1447b","bytes":207643464,"features":{"buildJailCatalogOverride":true,"pythonDontWriteBytecodeEnv":true}}
OSV-SCREEN {"schemaVersion":1,"kind":"npm-observe-resolved","status":"clean","digest":"292479f9286b0ecb59ee72bc7e6e261bd4aad79983744fba7219fb74fbb1ab26","specCount":1,"lockfiles":{"digest":"8b7a4fd02a6afa8db7c1c2f7dfbcc10e12fcbb2482966c36be2ab991838cf593","files":[{"path":"package-lock.json","sha256":"0972d69b89a18feb6f604f6ef946b86302f511ea65f3295236e2d6e8df567977","bytes":595}]},"maliciousAdvisories":[],"screenedAt":"2026-09-08T11:05:35.630Z","cacheHit":true,"clearancePath":"/home/runner/v2-WFFOYe/security/npm-observe-resolved.json"}
  SECURITY npm-observe-resolved clean: 1 exact package-version(s), tree 292479f9286b (cached exact-tree clearance)
  OBSERVE   rc=0 files=10 trace=10718 lines
  CLOSURE   1 packages evicted per arm
  ARM-FALSIFIABILITY {"manifestFiles":6,"filesTheScriptProduced":1,"reasons":[]}
  RAWLOG-FILE /home/runner/v2-WFFOYe/observe/trace.txt.gz
  RAWLOG-CAPTURE /home/runner/v2-WFFOYe/observe/capture.json
  RAWLOG-BYTES raw=2364943 gz=68728
  VENUE-INTERPRETER /opt/hostedtoolcache/node/22.23.2/x64
  VENUE-OVERRIDES {"set":{"HOME":"/home/runner/v2-WFFOYe/jailhome","TMPDIR":"/tmp/nub-tmp-obsUBIRRn","NODE_COMPAT":"1","PLAYWRIGHT_BROWSERS_PATH":"/home/runner/.cache/nub/pm/tools/ms-playwright","ELECTRON_CACHE":"/home/runner/.cache/nub/pm/tools/electron-cache","electron_config_cache":"/home/runner/.cache/nub/pm/tools/electron-cache","npm_config_prefix":"/home/runner/.cache/nub/pm/tools/npm-prefix","PYTHONDONTWRITEBYTECODE":"1","NUB_CACHE_DIR":"/home/runner/v2-WFFOYe/nubcache"},"unset":["CI","GITHUB_ACTIONS"],"passedThrough":{"CI":"true","GITHUB_ACTIONS":"true","NODE_ENV":null}}
  == ATTRIBUTION == attributed pids: 13
    writes  script 2  /  whole traced tree 1090
    sockets script 0  /  whole traced tree 6
  == ROOTS (from capture.json — R2: no ambient reads) ==
    project       /home/runner/v2-WFFOYe/observe
    home          /home/runner
    jailHome      /home/runner/v2-WFFOYe/jailhome
    globalStore   /home/runner/.cache/nub/pm/store   [declared, not keyed on]
    projectStore  /home/runner/v2-WFFOYe/observe/node_modules/.store   [declared, not keyed on]
    interpreter   /opt/hostedtoolcache/node/22.23.2/x64   [declared, not keyed on]
    toolsDir      /home/runner/.cache/nub/pm/tools   [declared, not keyed on]
    temp          /tmp/nub-tmp-obsUBIRRn
    npmPrefix     /home/runner/.cache/nub/pm/tools/npm-prefix
    ownPkg        /home/runner/v2-WFFOYe/observe/node_modules/gentype
  == WRITES the script actually performed ==
    ownPkg        2  (base profile already grants this — NOT billed)
        /home/runner/v2-WFFOYe/observe/node_modules/gentype/vendor-linux/gentype.native
        /home/runner/v2-WFFOYe/observe/node_modules/gentype/gentype.exe
  == NETWORK ==
    AF_INET sockets: 0   distinct peers: 2
        127.0.0.53:53
        104.16.10.34:443
  == REFUSALS (only `= -1 EACCES/EPERM/EROFS`) ==
    distinct: 0
  == SYNTHESIZED GRANT (verify this in the real unprivileged jail) ==
    {}
  == writePaths (DERIVED — promotion out of the package's PRIVATE home) ==
    private-home writes observed: 0
    none declared — the script wrote nothing into its private home — there is nothing to promote
  == writePaths FEASIBILITY (distinct writes outside project/deps) ==
    count: 0
    EVENTS    4376 distinct from 10674 calls (10719 lines, 22 rejoined, 0 unparsed)
    PROCS     20   lifecycle shells 8
    ⛔ 3 paths with an UNRESOLVED dirfd — kept, marked, never guessed
    unsubscribed/unmapped syscalls: setsockopt×23 getsockname×21 exit×15 getsockopt×7 recvmsg×7 getcwd×4 socketpair×3 shutdown×3
    wrote /home/runner/v2-WFFOYe/observe/events.ndjson.gz (31032 bytes)
  EVENTLOG-FILE /home/runner/v2-WFFOYe/observe/events.ndjson.gz
  EVENTLOG-STATS {"lines":10719,"parsed":10674,"unparsed":0,"unfinished":22,"rejoined":22,"unresolvedDirfd":3,"truncatedArg":0,"procs":20,"lifecyclePids":8,"distinctEvents":4376,"unknownSyscall":{"getsockname":21,"getsockopt":7,"getcwd":4,"recvmsg":7,"exit":15,"setsockopt":23,"sendmmsg":1,"socketpair":3,"shutdown":3,"exit_group":3,"wait4":3},"out":"/home/runner/v2-WFFOYe/observe/events.ndjson.gz","gzipBytes":31032}
  EVICT     0 store entries removed, 0 spared as nub tooling
  SE-PURGE  0 side-effects-cache entries for gentype
OSV-SCREEN {"schemaVersion":1,"kind":"nub-synth-resolved","status":"clean","digest":"292479f9286b0ecb59ee72bc7e6e261bd4aad79983744fba7219fb74fbb1ab26","specCount":1,"lockfiles":{"digest":"94283b6cdbe7498b79cbbd5803f08b6824b6f5b91a9758a0acd1712cea7cc40a","files":[{"path":"nub.lock","sha256":"bbd3051d51c97c0c33d09242dff2e77e74f66f281c8f97fcefc06f37d2fd028e","bytes":396}]},"maliciousAdvisories":[],"screenedAt":"2026-09-08T11:05:35.630Z","cacheHit":true,"clearancePath":"/home/runner/v2-WFFOYe/security/nub-synth-resolved.json"}
  SECURITY nub-synth-resolved clean: 1 exact package-version(s), tree 292479f9286b (cached exact-tree clearance)
  VENUE-STORE-LAYOUT isolated
  VERIFY[synth] rc=0 artifacts=6/6 missing=0 shortfall=none (tree 28/10) OVERRIDDEN=2 REJECTED=0 grant={}
  => VERIFIED {}   (observed, then verified)
  DESCEND   grant is already empty — nothing to narrow; MINIMAL by construction.
