OSV-SCREEN {"schemaVersion":1,"kind":"direct","status":"clean","digest":"a79a56750c5b9e2dd8a5063fb02c9d2e26f4c05418076fed4b86e26884edb4c0","specCount":1,"lockfiles":{"digest":null,"files":[]},"maliciousAdvisories":[],"screenedAt":"2026-09-08T05:39:02.695Z","cacheHit":false,"clearancePath":"/Users/runner/v2m-kUSNPh/security/direct.json"}
  SECURITY direct clean: 1 exact package-version(s), tree a79a56750c5b
### react-native-iap@14.0.0-rc.1   (/Users/runner/v2m-kUSNPh)   nub=/tmp/nub/target/release/nub
  VENUE-NUB-BINARY {"path":"/tmp/nub/target/release/nub","sha256":"f923f9d246b7061a3e88675efb7b4fdcda741d02368002ce6e7f7044b01e7bbe","bytes":93818888,"features":{"buildJailCatalogOverride":true,"pythonDontWriteBytecodeEnv":true}}
  CI-ENV scrubbed: CI GITHUB_ACTIONS
  --- fbt preflight (advisory; never fails the run) ---
     csrutil: System Integrity Protection status: disabled.
     fbt probes visible: 93591
     fbt enable attempt: dtrace: description 'fbt:::entry ' matched 50364 probes CPU     ID                    FUNCTION:NAME 
     cwd builtin value:  
     fbt chdir symbols:  
     fbt fires on spawn-with-cwd: dtrace: invalid probe specifier fbt::chdir*:entry /progenyof($target)/ { @[probefunc] = count(); }: probe description fbt::chdir*:entry does not match any probes 
  --- end fbt preflight ---
OSV-SCREEN {"schemaVersion":1,"kind":"npm-observe-resolved","status":"clean","digest":"8298ceaaa2226bcc350f63b3272099c72de40c4fed1d97a629a3fb8bc3c6cd9b","specCount":218,"lockfiles":{"digest":"80fc240bf91b9b56be5d4e96762a5021c703b805d0e40368bb264d6c35c5bc0a","files":[{"path":"package-lock.json","sha256":"306f19147f44c0fde7c3129f3ed23b89e59da681d4962c6c54a2a02ac2307f24","bytes":103950}]},"maliciousAdvisories":[],"screenedAt":"2026-09-08T05:39:18.443Z","cacheHit":false,"clearancePath":"/Users/runner/v2m-kUSNPh/security/npm-observe-resolved.json"}
  SECURITY npm-observe-resolved clean: 218 exact package-version(s), tree 8298ceaaa222
  VENUE-CI-CHILD clean (no CI-detection variable reaches the traced script)
  --- wrapper (run.sh) ---
     cd "/Users/runner/v2m-kUSNPh/Observe"
     sudo -u "runner" -H env "PATH=$PATH"   "HOME=/Users/runner/v2m-kUSNPh/jailhome"   "TMPDIR=/private/var/folders/bl/vzjcvbz95c3dk19cb0fw46180000gn/T/nub-tmp-obs6yOTnp"   "NODE_COMPAT=1"   "PYTHONDONTWRITEBYTECODE=1"   "PLAYWRIGHT_BROWSERS_PATH=/Users/runner/.cache/nub/pm/tools/ms-playwright"   "ELECTRON_CACHE=/Users/runner/.cache/nub/pm/tools/electron-cache"   "electron_config_cache=/Users/runner/.cache/nub/pm/tools/electron-cache"   "npm_config_prefix=/Users/runner/.cache/nub/pm/tools/npm-prefix"   "/Users/runner/hostedtoolcache/node/22.23.2/arm64/bin/npm" rebuild --no-audit --no-fund "react-native-iap" > "/Users/runner/v2m-kUSNPh/Observe/npm.log" 2>&1
     echo $? > "/Users/runner/v2m-kUSNPh/Observe/rc"
  --- dtrace stderr + wrapper trace ---
     + cd /Users/runner/v2m-kUSNPh/Observe
     + sudo -u runner -H env PATH=/Users/runner/hostedtoolcache/node/22.23.2/arm64/bin:/opt/homebrew/lib/ruby/gems/3.3.0/bin:/opt/homebrew/opt/ruby@3.3/bin:/Users/runner/.local/bin:/opt/homebrew/bin:/opt/homebrew/sbin:/Users/runner/.cargo/bin:/usr/local/opt/curl/bin:/usr/local/bin:/usr/local/sbin:/Users/runner/bin:/Users/runner/.yarn/bin:/Users/runner/Library/Android/sdk/tools:/Users/runner/Library/Android/sdk/platform-tools:/Library/Frameworks/Python.framework/Versions/Current/bin:/Library/Frameworks/Mono.framework/Versions/Current/Commands:/usr/bin:/bin:/usr/sbin:/sbin:/Users/runner/.dotnet/tools HOME=/Users/runner/v2m-kUSNPh/jailhome TMPDIR=/private/var/folders/bl/vzjcvbz95c3dk19cb0fw46180000gn/T/nub-tmp-obs6yOTnp NODE_COMPAT=1 PYTHONDONTWRITEBYTECODE=1 PLAYWRIGHT_BROWSERS_PATH=/Users/runner/.cache/nub/pm/tools/ms-playwright ELECTRON_CACHE=/Users/runner/.cache/nub/pm/tools/electron-cache electron_config_cache=/Users/runner/.cache/nub/pm/tools/electron-cache npm_config_prefix=/Users/runner/.cache/nub/pm/tools/npm-prefix /Users/runner/hostedtoolcache/node/22.23.2/arm64/bin/npm rebuild --no-audit --no-fund react-native-iap
     dtrace: error on enabled probe ID 128 (ID 286: syscall::execve:entry): invalid address (0x600002b5c090) in action #1 at DIF offset 20
     + echo 1
  OBSERVE   rc=1 dtrace_rc=0 files=10831 (pre=10829) trace=12758 lines
  => BROKEN-WITHOUT-JAIL-TOO (unjailed control failed rc=1; nothing to measure)
     npm error code 1
     npm error path /Users/runner/v2m-kUSNPh/Observe/node_modules/react-native-iap
     npm error command failed
     npm error command sh -c yarn prepare && yarn build:plugin
     npm error error This project's package.json defines "packageManager": "yarn@3.6.1". However the current global version of Yarn is 1.22.22.
     npm error
     npm error Presence of the "packageManager" field indicates that the project is meant to be used with Corepack, a tool included by default with all official Node.js distributions starting from 16.9 and 14.19.
     npm error Corepack must currently be enabled by running corepack enable in your terminal. For more information, check out https://yarnpkg.com/corepack.
     npm notice
     npm notice New major version of npm available! 10.9.8 -> 12.0.2
     npm notice Changelog: https://github.com/npm/cli/releases/tag/v12.0.2
     npm notice To update run: npm install -g npm@12.0.2
     npm notice
     npm error A complete log of this run can be found in: /Users/runner/v2m-kUSNPh/jailhome/.npm/_logs/2026-09-08T05_39_20_601Z-debug-0.log
