### sodium-native@2.4.9   (/home/runner/v2-0dm0kh)
  CI-ENV scrubbed: CI GITHUB_ACTIONS
OSV-SCREEN {"schemaVersion":1,"kind":"direct","status":"clean","digest":"3340a124dd3dbf8fba5f1c6daecc36bb73014caddbb9a7bddd7abe036d124c4d","specCount":1,"lockfiles":{"digest":null,"files":[]},"maliciousAdvisories":[],"screenedAt":"2026-09-09T03:25:01.653Z","cacheHit":false,"clearancePath":"/home/runner/v2-0dm0kh/security/direct.json"}
  SECURITY direct clean: 1 exact package-version(s), tree 3340a124dd3d
  VENUE-OBSERVE-USER {"uid":1001,"user":"runner","umask":"0022","capBnd":"000001ffffffffff","noNewPrivs":"0"}
  VENUE-NUB-BINARY {"path":"/tmp/nub/target/release/nub","sha256":"2a18683f50f7afeb02a521cd3cae175dc2f91780d461c5f012065241f5a1447b","bytes":207643464,"features":{"buildJailCatalogOverride":true,"pythonDontWriteBytecodeEnv":true}}
OSV-SCREEN {"schemaVersion":1,"kind":"npm-observe-resolved","status":"clean","digest":"3b1a95a3e306fa89da2a959cc54fa8ab79c3a693fbbcee271b7a0a452652c33f","specCount":4,"lockfiles":{"digest":"42704baf68c2959c70c55b953c9a90fa6c248bb252edba0f2e1e9f3115ca58f7","files":[{"path":"package-lock.json","sha256":"bf4de89695ff2e9f78d1147285137669a3b14769ffad0043ccec7d1ea1ba4909","bytes":1677}]},"maliciousAdvisories":[],"screenedAt":"2026-09-09T03:25:03.539Z","cacheHit":false,"clearancePath":"/home/runner/v2-0dm0kh/security/npm-observe-resolved.json"}
  SECURITY npm-observe-resolved clean: 4 exact package-version(s), tree 3b1a95a3e306
  OBSERVE   rc=0 files=1593 trace=1039918 lines
  CLOSURE   4 packages evicted per arm
  ARM-FALSIFIABILITY {"manifestFiles":1536,"filesTheScriptProduced":811,"reasons":[]}
  RAWLOG-FILE /home/runner/v2-0dm0kh/observe/trace.txt.gz
  RAWLOG-CAPTURE /home/runner/v2-0dm0kh/observe/capture.json
  RAWLOG-BYTES raw=112963628 gz=4010011
  VENUE-INTERPRETER /opt/hostedtoolcache/node/22.23.2/x64
  VENUE-OVERRIDES {"set":{"HOME":"/home/runner/v2-0dm0kh/jailhome","TMPDIR":"/tmp/nub-tmp-obsz1TptM","NODE_COMPAT":"1","PLAYWRIGHT_BROWSERS_PATH":"/home/runner/.cache/nub/pm/tools/ms-playwright","ELECTRON_CACHE":"/home/runner/.cache/nub/pm/tools/electron-cache","electron_config_cache":"/home/runner/.cache/nub/pm/tools/electron-cache","npm_config_prefix":"/home/runner/.cache/nub/pm/tools/npm-prefix","PYTHONDONTWRITEBYTECODE":"1","NUB_CACHE_DIR":"/home/runner/v2-0dm0kh/nubcache"},"unset":["CI","GITHUB_ACTIONS"],"passedThrough":{"CI":"true","GITHUB_ACTIONS":"true","NODE_ENV":null}}
  == ATTRIBUTION == attributed pids: 12166
    writes  script 8903  /  whole traced tree 9991
    sockets script 3  /  whole traced tree 7
    ⛔ 22 WRITES with an UNRESOLVED dirfd — base unknown, so NOT classified
       and NOT granted. They are a decoding gap, not a capability. Never guessed:
        unlinkat conftest.o (dirfd 8)
        unlinkat conftest.c (dirfd 8)
        unlinkat conftst6.h (dirfd 8)
        unlinkat conftest.Po (dirfd 8)
        unlinkat conftst4.h (dirfd 8)
        unlinkat conftst2.h (dirfd 8)
        unlinkat conftst5.h (dirfd 8)
        unlinkat conftst1.h (dirfd 8)
        unlinkat conftst3.h (dirfd 8)
        unlinkat libaesni_la-aead_aes256gcm_aesni.o (dirfd 5)
  == ROOTS (from capture.json — R2: no ambient reads) ==
    project       /home/runner/v2-0dm0kh/observe
    home          /home/runner
    jailHome      /home/runner/v2-0dm0kh/jailhome
    globalStore   /home/runner/.cache/nub/pm/store   [declared, not keyed on]
    projectStore  /home/runner/v2-0dm0kh/observe/node_modules/.store   [declared, not keyed on]
    interpreter   /opt/hostedtoolcache/node/22.23.2/x64   [declared, not keyed on]
    toolsDir      /home/runner/.cache/nub/pm/tools   [declared, not keyed on]
    temp          /tmp/nub-tmp-obsz1TptM
    npmPrefix     /home/runner/.cache/nub/pm/tools/npm-prefix
    ownPkg        /home/runner/v2-0dm0kh/observe/node_modules/sodium-native
  == WRITES the script actually performed ==
    ownPkg     1506  (base profile already grants this — NOT billed)
        /home/runner/v2-0dm0kh/observe/node_modules/sodium-native/lib
        /home/runner/v2-0dm0kh/observe/node_modules/sodium-native/libsodium/autom4te.cache
        /home/runner/v2-0dm0kh/observe/node_modules/sodium-native/libsodium/autom4te.cache/requests
        /home/runner/v2-0dm0kh/observe/node_modules/sodium-native/libsodium/autom4te.cache/output.0t
        /home/runner/v2-0dm0kh/observe/node_modules/sodium-native/libsodium/autom4te.cache/traces.0t
        /home/runner/v2-0dm0kh/observe/node_modules/sodium-native/libsodium/autom4te.cache/traces.0
        /home/runner/v2-0dm0kh/observe/node_modules/sodium-native/libsodium/autom4te.cache/output.0
        /home/runner/v2-0dm0kh/observe/node_modules/sodium-native/libsodium/aclocal.m4
        /home/runner/v2-0dm0kh/observe/node_modules/sodium-native/libsodium/autom4te.cache/output.1t
        /home/runner/v2-0dm0kh/observe/node_modules/sodium-native/libsodium/autom4te.cache/traces.1t
        … and 1496 more
    kernelfs     12
        /dev/null
        /proc/version_signature/dummy.o
        /proc/version_signature/dummy.c
        /proc/version_signature/conftest.two
        /proc/version_signature/conftest.one
        /proc/version_signature/file
        /proc/version_signature/sub
        /proc/version_signature/conftest.err
        /proc/version_signature/confmf
        /proc/version_signature/depcomp
        … and 2 more
    jailTmp    4057  (base profile already grants this — NOT billed)
        /tmp/nub-tmp-obsz1TptM/arEQqID8
        /tmp/nub-tmp-obsz1TptM/arZKVsMv
        /tmp/nub-tmp-obsz1TptM/arZKVsMv/am4tki5gc8
        /tmp/nub-tmp-obsz1TptM/arZKVsMv/m4-LzQ335
        /tmp/nub-tmp-obsz1TptM/arZKVsMv/m4-LzQ335/m4-1000
        /tmp/nub-tmp-obsz1TptM/arZKVsMv/am4tki5gc8/traces.m4
        /tmp/nub-tmp-obsz1TptM/arZKVsMv/am4tki5gc8/warnings
        /tmp/nub-tmp-obsz1TptM/arZKVsMv/am4tmzf14D
        /tmp/nub-tmp-obsz1TptM/arZKVsMv/am4tmzf14D/traces.m4
        /tmp/nub-tmp-obsz1TptM/arZKVsMv/am4tmzf14D/dependencies
        … and 4047 more
    jailHome   3328  (base profile already grants this — NOT billed)
        /home/runner/v2-0dm0kh/jailhome/.cache
        /home/runner/v2-0dm0kh/jailhome/.cache/node-gyp
        /home/runner/v2-0dm0kh/jailhome/.cache/node-gyp/22.23.2
        /home/runner/v2-0dm0kh/jailhome/.cache/node-gyp/22.23.2/include
        /home/runner/v2-0dm0kh/jailhome/.cache/node-gyp/22.23.2/include/node
        /home/runner/v2-0dm0kh/jailhome/.cache/node-gyp/22.23.2/include/node/common.gypi
        /home/runner/v2-0dm0kh/jailhome/.cache/node-gyp/22.23.2/include/node/config.gypi
        /home/runner/v2-0dm0kh/jailhome/.cache/node-gyp/22.23.2/include/node/cppgc
        /home/runner/v2-0dm0kh/jailhome/.cache/node-gyp/22.23.2/include/node/cppgc/allocation.h
        /home/runner/v2-0dm0kh/jailhome/.cache/node-gyp/22.23.2/include/node/cppgc/common.h
        … and 3318 more
  == NETWORK ==
    AF_INET sockets: 3   distinct peers: 3
        127.0.0.53:53
        104.16.3.34:443
        104.16.213.131:443
  == REFUSALS (only `= -1 EACCES/EPERM/EROFS`) ==
    distinct: 1
        openat /var/cache/ldconfig/aux-cache
  == SYNTHESIZED GRANT (verify this in the real unprivileged jail) ==
    {"network":true}
    NOTE 12 kernel-fs touches (/proc,/sys,/dev) — a READ floor question, not a write grant
  == writePaths (DERIVED — promotion out of the package's PRIVATE home) ==
    private-home writes observed: 3328
    none declared — every write was a FILE at the top of the private home, or landed in a directory the TOOLCHAIN owns (see `writePathsDeny`) — an entry names a directory belonging to the PACKAGE, so there is nothing to name
  == writePaths FEASIBILITY (distinct writes outside project/deps) ==
    count: 0
    EVENTS    431250 distinct from 991316 calls (1039919 lines, 27079 rejoined, 0 unparsed)
    PROCS     12173   lifecycle shells 12161
    ⛔ 34 paths with an UNRESOLVED dirfd — kept, marked, never guessed
    unsubscribed/unmapped syscalls: wait4×20330 exit_group×12107 getcwd×2156 getpeername×1126 setsockopt×70 exit×58 getsockname×55 getsockopt×40
    wrote /home/runner/v2-0dm0kh/observe/events.ndjson.gz (1821048 bytes)
  EVENTLOG-FILE /home/runner/v2-0dm0kh/observe/events.ndjson.gz
  EVENTLOG-STATS {"lines":1039919,"parsed":991316,"unparsed":0,"unfinished":27079,"rejoined":27079,"unresolvedDirfd":34,"truncatedArg":0,"procs":12173,"lifecyclePids":12161,"distinctEvents":431250,"unknownSyscall":{"getsockname":55,"getsockopt":40,"getcwd":2156,"recvmsg":9,"exit":58,"setsockopt":70,"sendmmsg":2,"socketpair":12,"shutdown":11,"exit_group":12107,"wait4":20330,"clone":1,"getpeername":1126,"tgkill":3},"out":"/home/runner/v2-0dm0kh/observe/events.ndjson.gz","gzipBytes":1821048}
  EVICT     2 store entries removed, 0 spared as nub tooling
  SE-PURGE  0 side-effects-cache entries for sodium-native
OSV-SCREEN {"schemaVersion":1,"kind":"nub-synth-resolved","status":"clean","digest":"3b1a95a3e306fa89da2a959cc54fa8ab79c3a693fbbcee271b7a0a452652c33f","specCount":4,"lockfiles":{"digest":"af98818cbbcc8ac875875f3f740916578e24081567d30bf21f773a215c1d80e2","files":[{"path":"nub.lock","sha256":"cc7c03573f6e773b86f94b98e8b1f30f5f3b1ef3cef66a808deca7ed80e159a0","bytes":984}]},"maliciousAdvisories":[],"screenedAt":"2026-09-09T03:25:03.539Z","cacheHit":true,"clearancePath":"/home/runner/v2-0dm0kh/security/nub-synth-resolved.json"}
  SECURITY nub-synth-resolved clean: 4 exact package-version(s), tree 3b1a95a3e306 (cached exact-tree clearance)
  VENUE-STORE-LAYOUT isolated
  VERIFY[synth] rc=0 artifacts=1536/1536 missing=0 shortfall=none (tree 4811/1593) OVERRIDDEN=2 REJECTED=0 grant={"network":true}
  => VERIFIED {"network":true}   (observed, then verified)
  EVICT     4 store entries removed, 0 spared as nub tooling
  SE-PURGE  0 side-effects-cache entries for sodium-native
OSV-SCREEN {"schemaVersion":1,"kind":"nub-drop-no-network-resolved","status":"clean","digest":"3b1a95a3e306fa89da2a959cc54fa8ab79c3a693fbbcee271b7a0a452652c33f","specCount":4,"lockfiles":{"digest":"af98818cbbcc8ac875875f3f740916578e24081567d30bf21f773a215c1d80e2","files":[{"path":"nub.lock","sha256":"cc7c03573f6e773b86f94b98e8b1f30f5f3b1ef3cef66a808deca7ed80e159a0","bytes":984}]},"maliciousAdvisories":[],"screenedAt":"2026-09-09T03:25:03.539Z","cacheHit":true,"clearancePath":"/home/runner/v2-0dm0kh/security/nub-drop-no-network-resolved.json"}
  SECURITY nub-drop-no-network-resolved clean: 4 exact package-version(s), tree 3b1a95a3e306 (cached exact-tree clearance)
  VERIFY[drop-no-network] rc=0 artifacts=1536/1536 missing=0 shortfall=none (tree 4811/1593) OVERRIDDEN=2 REJECTED=0 grant={}
     ⛔ OVER-PREDICTED: dropping 'no-network' STILL VERIFIES — {} is sufficient
  => OVER-PREDICTED by: no-network  (synthesized {"network":true}; each named capability drops on its own)
