### husky@3.1.0   (/home/runner/v2-rIExDx)
  CI-ENV scrubbed: CI GITHUB_ACTIONS
OSV-SCREEN {"schemaVersion":1,"kind":"direct","status":"clean","digest":"34466ec0f4a8080fa531939ebef336577686d1bbbb8bb6d11fd7a940d8a14188","specCount":1,"lockfiles":{"digest":null,"files":[]},"maliciousAdvisories":[],"screenedAt":"2026-09-08T09:07:35.920Z","cacheHit":false,"clearancePath":"/home/runner/v2-rIExDx/security/direct.json"}
  SECURITY direct clean: 1 exact package-version(s), tree 34466ec0f4a8
  VENUE-OBSERVE-USER {"uid":1001,"user":"runner","umask":"0022","capBnd":"000001ffffffffff","noNewPrivs":"0"}
  VENUE-NUB-BINARY {"path":"/tmp/nub/target/release/nub","sha256":"2a18683f50f7afeb02a521cd3cae175dc2f91780d461c5f012065241f5a1447b","bytes":207643464,"features":{"buildJailCatalogOverride":true,"pythonDontWriteBytecodeEnv":true}}
OSV-SCREEN {"schemaVersion":1,"kind":"npm-observe-resolved","status":"clean","digest":"e23fe716335287ef8de18df9b15d7249c1fc369327479a2b4caba8180fa85c1b","specCount":80,"lockfiles":{"digest":"98847b0eff212cda96d858777e537b4db8d2bc181fdf573d1763ea5193befd91","files":[{"path":"package-lock.json","sha256":"b9c75e6514a3b19a3a22f5bc1a73e41fddeb79988f468b738c758edcda0dd3ce","bytes":31483}]},"maliciousAdvisories":[],"screenedAt":"2026-09-08T09:07:37.730Z","cacheHit":false,"clearancePath":"/home/runner/v2-rIExDx/security/npm-observe-resolved.json"}
  SECURITY npm-observe-resolved clean: 80 exact package-version(s), tree e23fe7163352
  OBSERVE   rc=0 files=654 trace=12586 lines
  CLOSURE   79 packages evicted per arm
  ARM-FALSIFIABILITY {"manifestFiles":20,"filesTheScriptProduced":0,"reasons":["gate-vacuous","rc-vacuous"]}
  ⛔ ARMS-UNFALSIFIABLE — a green arm for this package carries no evidence:
       gate-vacuous: the script changed no file the artifact gate keys on — every file in the manifest (20) was already present at its final size before the script ran, so the gate passes in every arm including a completely broken one
       rc-vacuous: `postinstall` ends in a status-swallowing construct (`opencollective-postinstall || exit 0`), so its exit code is 0 whether the work succeeded or failed
       The grant may still be correct; what is missing is a signal that could have gone
       red. Do not read this record's MINIMAL as a passing measurement.
  RAWLOG-FILE /home/runner/v2-rIExDx/observe/trace.txt.gz
  RAWLOG-CAPTURE /home/runner/v2-rIExDx/observe/capture.json
  RAWLOG-BYTES raw=2698813 gz=79916
  VENUE-INTERPRETER /opt/hostedtoolcache/node/22.23.2/x64
  VENUE-OVERRIDES {"set":{"HOME":"/home/runner/v2-rIExDx/jailhome","TMPDIR":"/tmp/nub-tmp-obsgGw6K4","NODE_COMPAT":"1","PLAYWRIGHT_BROWSERS_PATH":"/home/runner/.cache/nub/pm/tools/ms-playwright","ELECTRON_CACHE":"/home/runner/.cache/nub/pm/tools/electron-cache","electron_config_cache":"/home/runner/.cache/nub/pm/tools/electron-cache","npm_config_prefix":"/home/runner/.cache/nub/pm/tools/npm-prefix","PYTHONDONTWRITEBYTECODE":"1","NUB_CACHE_DIR":"/home/runner/v2-rIExDx/nubcache"},"unset":["CI","GITHUB_ACTIONS"],"passedThrough":{"CI":"true","GITHUB_ACTIONS":"true","NODE_ENV":null}}
  == ATTRIBUTION == attributed pids: 22
    writes  script 1  /  whole traced tree 1089
    sockets script 0  /  whole traced tree 6
  == ROOTS (from capture.json — R2: no ambient reads) ==
    project       /home/runner/v2-rIExDx/observe
    home          /home/runner
    jailHome      /home/runner/v2-rIExDx/jailhome
    globalStore   /home/runner/.cache/nub/pm/store   [declared, not keyed on]
    projectStore  /home/runner/v2-rIExDx/observe/node_modules/.store   [declared, not keyed on]
    interpreter   /opt/hostedtoolcache/node/22.23.2/x64   [declared, not keyed on]
    toolsDir      /home/runner/.cache/nub/pm/tools   [declared, not keyed on]
    temp          /tmp/nub-tmp-obsgGw6K4
    npmPrefix     /home/runner/.cache/nub/pm/tools/npm-prefix
    ownPkg        /home/runner/v2-rIExDx/observe/node_modules/husky
  == WRITES the script actually performed ==
    kernelfs      1
        /dev/null
  == NETWORK ==
    AF_INET sockets: 0   distinct peers: 2
        127.0.0.53:53
        104.16.1.34:443
  == REFUSALS (only `= -1 EACCES/EPERM/EROFS`) ==
    distinct: 0
  == SYNTHESIZED GRANT (verify this in the real unprivileged jail) ==
    {}
    NOTE 1 kernel-fs touches (/proc,/sys,/dev) — a READ floor question, not a write grant
  == writePaths (DERIVED — promotion out of the package's PRIVATE home) ==
    private-home writes observed: 0
    none declared — the script wrote nothing into its private home — there is nothing to promote
  == writePaths FEASIBILITY (distinct writes outside project/deps) ==
    count: 0
    EVENTS    5329 distinct from 12446 calls (12587 lines, 106 rejoined, 0 unparsed)
    PROCS     29   lifecycle shells 17
    ⛔ 3 paths with an UNRESOLVED dirfd — kept, marked, never guessed
    unsubscribed/unmapped syscalls: setsockopt×47 getsockname×30 exit×20 getsockopt×16 getcwd×9 socketpair×9 recvmsg×7 shutdown×7
    wrote /home/runner/v2-rIExDx/observe/events.ndjson.gz (36443 bytes)
  EVENTLOG-FILE /home/runner/v2-rIExDx/observe/events.ndjson.gz
  EVENTLOG-STATS {"lines":12587,"parsed":12446,"unparsed":0,"unfinished":106,"rejoined":106,"unresolvedDirfd":3,"truncatedArg":0,"procs":29,"lifecyclePids":17,"distinctEvents":5329,"unknownSyscall":{"getsockname":30,"getsockopt":16,"getcwd":9,"recvmsg":7,"exit":20,"setsockopt":47,"sendmmsg":1,"socketpair":9,"shutdown":7,"exit_group":6,"wait4":7},"out":"/home/runner/v2-rIExDx/observe/events.ndjson.gz","gzipBytes":36443}
  EVICT     52 store entries removed, 3 spared as nub tooling
  SE-PURGE  0 side-effects-cache entries for husky
OSV-SCREEN {"schemaVersion":1,"kind":"nub-synth-resolved","status":"clean","digest":"e23fe716335287ef8de18df9b15d7249c1fc369327479a2b4caba8180fa85c1b","specCount":80,"lockfiles":{"digest":"cae6497f178bc45fdeb8cf1a576b9d24607d54ab068fc516b39225588013be6d","files":[{"path":"nub.lock","sha256":"c45ceaeb2b4e25b5553aa18ed63b56abb83cc263d1f20d12a5cfa31cb22c649b","bytes":18336}]},"maliciousAdvisories":[],"screenedAt":"2026-09-08T09:07:37.730Z","cacheHit":true,"clearancePath":"/home/runner/v2-rIExDx/security/nub-synth-resolved.json"}
  SECURITY nub-synth-resolved clean: 80 exact package-version(s), tree e23fe7163352 (cached exact-tree clearance)
  VENUE-STORE-LAYOUT isolated
  VERIFY[synth] rc=0 artifacts=20/20 missing=0 shortfall=none (tree 2004/654) OVERRIDDEN=3 REJECTED=0 grant={}
  => VERIFIED {}   (observed, then verified)
  DESCEND   grant is already empty — nothing to narrow; MINIMAL by construction.
