### pre-commit@0.0.9   (/home/runner/v2-HtKpys)
  CI-ENV scrubbed: CI GITHUB_ACTIONS
OSV-SCREEN {"schemaVersion":1,"kind":"direct","status":"clean","digest":"42769fb42ff35d6e644227894018b535dbee6bef79ce81063e8befd48826b29f","specCount":1,"lockfiles":{"digest":null,"files":[]},"maliciousAdvisories":[],"screenedAt":"2026-09-08T08:25:26.865Z","cacheHit":false,"clearancePath":"/home/runner/v2-HtKpys/security/direct.json"}
  SECURITY direct clean: 1 exact package-version(s), tree 42769fb42ff3
  VENUE-OBSERVE-USER {"uid":1001,"user":"runner","umask":"0022","capBnd":"000001ffffffffff","noNewPrivs":"0"}
  VENUE-NUB-BINARY {"path":"/tmp/nub/target/release/nub","sha256":"2a18683f50f7afeb02a521cd3cae175dc2f91780d461c5f012065241f5a1447b","bytes":207643464,"features":{"buildJailCatalogOverride":true,"pythonDontWriteBytecodeEnv":true}}
OSV-SCREEN {"schemaVersion":1,"kind":"npm-observe-resolved","status":"clean","digest":"42769fb42ff35d6e644227894018b535dbee6bef79ce81063e8befd48826b29f","specCount":1,"lockfiles":{"digest":"56ffa8beb0d67a79b1ada70a37b42bfc276d076fa00c3cc3099bb3c17458de10","files":[{"path":"package-lock.json","sha256":"b6291159bc6c23856d89c7ecfc9694486f2e0dc3636f05f494dc96493586152f","bytes":550}]},"maliciousAdvisories":[],"screenedAt":"2026-09-08T08:25:26.865Z","cacheHit":true,"clearancePath":"/home/runner/v2-HtKpys/security/npm-observe-resolved.json"}
  SECURITY npm-observe-resolved clean: 1 exact package-version(s), tree 42769fb42ff3 (cached exact-tree clearance)
  OBSERVE   rc=0 files=11 trace=10703 lines
  CLOSURE   1 packages evicted per arm
  ARM-FALSIFIABILITY {"manifestFiles":7,"filesTheScriptProduced":0,"reasons":["gate-vacuous"]}
  ⛔ ARMS-UNFALSIFIABLE — a green arm for this package carries no evidence:
       gate-vacuous: the script changed no file the artifact gate keys on — every file in the manifest (7) was already present at its final size before the script ran, so the gate passes in every arm including a completely broken one
       The grant may still be correct; what is missing is a signal that could have gone
       red. Do not read this record's MINIMAL as a passing measurement.
  RAWLOG-FILE /home/runner/v2-HtKpys/observe/trace.txt.gz
  RAWLOG-CAPTURE /home/runner/v2-HtKpys/observe/capture.json
  RAWLOG-BYTES raw=2363719 gz=68505
  VENUE-INTERPRETER /opt/hostedtoolcache/node/22.23.2/x64
  VENUE-OVERRIDES {"set":{"HOME":"/home/runner/v2-HtKpys/jailhome","TMPDIR":"/tmp/nub-tmp-obsnHr5Zm","NODE_COMPAT":"1","PLAYWRIGHT_BROWSERS_PATH":"/home/runner/.cache/nub/pm/tools/ms-playwright","ELECTRON_CACHE":"/home/runner/.cache/nub/pm/tools/electron-cache","electron_config_cache":"/home/runner/.cache/nub/pm/tools/electron-cache","npm_config_prefix":"/home/runner/.cache/nub/pm/tools/npm-prefix","PYTHONDONTWRITEBYTECODE":"1","NUB_CACHE_DIR":"/home/runner/v2-HtKpys/nubcache"},"unset":["CI","GITHUB_ACTIONS"],"passedThrough":{"CI":"true","GITHUB_ACTIONS":"true","NODE_ENV":null}}
  == ATTRIBUTION == attributed pids: 13
    writes  script 0  /  whole traced tree 1088
    sockets script 0  /  whole traced tree 6
  == ROOTS (from capture.json — R2: no ambient reads) ==
    project       /home/runner/v2-HtKpys/observe
    home          /home/runner
    jailHome      /home/runner/v2-HtKpys/jailhome
    globalStore   /home/runner/.cache/nub/pm/store   [declared, not keyed on]
    projectStore  /home/runner/v2-HtKpys/observe/node_modules/.store   [declared, not keyed on]
    interpreter   /opt/hostedtoolcache/node/22.23.2/x64   [declared, not keyed on]
    toolsDir      /home/runner/.cache/nub/pm/tools   [declared, not keyed on]
    temp          /tmp/nub-tmp-obsnHr5Zm
    npmPrefix     /home/runner/.cache/nub/pm/tools/npm-prefix
    ownPkg        /home/runner/v2-HtKpys/observe/node_modules/pre-commit
  == WRITES the script actually performed ==
  == NETWORK ==
    AF_INET sockets: 0   distinct peers: 2
        127.0.0.53:53
        104.16.11.34:443
  == REFUSALS (only `= -1 EACCES/EPERM/EROFS`) ==
    distinct: 0
  == SYNTHESIZED GRANT (verify this in the real unprivileged jail) ==
    {}
  == writePaths (DERIVED — promotion out of the package's PRIVATE home) ==
    private-home writes observed: 0
    none declared — the script wrote nothing into its private home — there is nothing to promote
  == writePaths FEASIBILITY (distinct writes outside project/deps) ==
    count: 0
    EVENTS    4371 distinct from 10670 calls (10704 lines, 11 rejoined, 0 unparsed)
    PROCS     20   lifecycle shells 8
    ⛔ 3 paths with an UNRESOLVED dirfd — kept, marked, never guessed
    unsubscribed/unmapped syscalls: setsockopt×23 getsockname×21 exit×15 getsockopt×7 recvmsg×7 getcwd×4 socketpair×3 shutdown×3
    wrote /home/runner/v2-HtKpys/observe/events.ndjson.gz (30959 bytes)
  EVENTLOG-FILE /home/runner/v2-HtKpys/observe/events.ndjson.gz
  EVENTLOG-STATS {"lines":10704,"parsed":10670,"unparsed":0,"unfinished":11,"rejoined":11,"unresolvedDirfd":3,"truncatedArg":0,"procs":20,"lifecyclePids":8,"distinctEvents":4371,"unknownSyscall":{"getsockname":21,"getsockopt":7,"getcwd":4,"recvmsg":7,"exit":15,"setsockopt":23,"sendmmsg":1,"socketpair":3,"shutdown":3,"exit_group":3,"wait4":3},"out":"/home/runner/v2-HtKpys/observe/events.ndjson.gz","gzipBytes":30959}
  EVICT     0 store entries removed, 0 spared as nub tooling
  SE-PURGE  0 side-effects-cache entries for pre-commit
OSV-SCREEN {"schemaVersion":1,"kind":"nub-synth-resolved","status":"clean","digest":"42769fb42ff35d6e644227894018b535dbee6bef79ce81063e8befd48826b29f","specCount":1,"lockfiles":{"digest":"c6ef569afc17e321f9489d38079d5bd15102bd708bf84f6197e079212d8ce341","files":[{"path":"nub.lock","sha256":"e3e5733b7448b10827da43fdf8a1bf3bb4861eb264f8cc26aa11b69d6cd5fe76","bytes":388}]},"maliciousAdvisories":[],"screenedAt":"2026-09-08T08:25:26.865Z","cacheHit":true,"clearancePath":"/home/runner/v2-HtKpys/security/nub-synth-resolved.json"}
  SECURITY nub-synth-resolved clean: 1 exact package-version(s), tree 42769fb42ff3 (cached exact-tree clearance)
  VENUE-STORE-LAYOUT isolated
  VERIFY[synth] rc=0 artifacts=6/6 missing=0 shortfall=none (tree 29/11) OVERRIDDEN=2 REJECTED=0 grant={}
  => VERIFIED {}   (observed, then verified)
  DESCEND   grant is already empty — nothing to narrow; MINIMAL by construction.
