### prisma-zod-generator@3.0.1   (D:\jail\m-prismazodgenerator-mtshdtmf)
  CI-ENV scrubbed: CI GITHUB_ACTIONS
OSV-SCREEN {"schemaVersion":1,"kind":"direct","status":"clean","digest":"ce01fe014b736b7b0c36b3bff7547fa32701de6bcf6a991acc84a95941a997b1","specCount":1,"lockfiles":{"digest":null,"files":[]},"maliciousAdvisories":[],"screenedAt":"2026-09-08T09:42:29.436Z","cacheHit":false,"clearancePath":"D:\\jail\\m-prismazodgenerator-mtshdtmf\\security\\direct.json"}
  SECURITY direct clean: 1 exact package-version(s), tree ce01fe014b73
OSV-SCREEN {"schemaVersion":1,"kind":"npm-observe-resolved","status":"clean","digest":"db98db7ab5b8287107f15fd5e67fd2043b599df8db32ccf82d33cbb173e2c30a","specCount":147,"lockfiles":{"digest":"8d7865914274930847c634839e413e6e3a135ece428bd9d5f2b263b78ac4e806","files":[{"path":"package-lock.json","sha256":"a558387698e487031abe4736329f38055b7d72db8e164e9c934a70488c3b49aa","bytes":65342}]},"maliciousAdvisories":[],"screenedAt":"2026-09-08T09:42:45.258Z","cacheHit":false,"clearancePath":"D:\\jail\\m-prismazodgenerator-mtshdtmf\\security\\npm-observe-resolved.json"}
  SECURITY npm-observe-resolved clean: 147 exact package-version(s), tree db98db7ab5b8
  CAPTURE user=runnervmeef0v\runneradmin elevated=True rootPid=9252 exit=0 events=35095 lost=0
  VENUE-OBSERVE-USER runnervmeef0v\runneradmin elevated=true privDropped={"SeBackupPrivilege":"removed","SeRestorePrivilege":"removed","SeTakeOwnershipPrivilege":"removed"}
  OBSERVE artifacts: 224 files  (D:\jail\m-prismazodgenerator-mtshdtmf\observe\node_modules\prisma-zod-generator)
  ARM-FALSIFIABILITY {"manifestFiles":224,"filesTheScriptProduced":0,"reasons":["gate-vacuous"]}
  ⛔ ARMS-UNFALSIFIABLE — a green arm for this package carries no evidence:
       gate-vacuous: the script changed no file the artifact gate keys on — every file in the manifest (224) was already present at its final size before the script ran, so the gate passes in every arm including a completely broken one
       The grant may still be correct; what is missing is a signal that could have gone
       red. Do not read this record's MINIMAL as a passing measurement.
  CLOSURE 145 packages evicted per arm
  8.3 MAP 0 components resolved on runnervmeef0v, folded into capture.json
  == ROOTS (from capture.json — R2: no ambient reads) ==
    project       D:\jail\m-prismazodgenerator-mtshdtmf\observe   [keyed on]
    home          C:\Users\runneradmin   [keyed on]
    jailHome      (null — declared inapplicable)
    globalStore   C:\Users\runneradmin\AppData\Local\nub\pm\store
    projectStore  D:\jail\m-prismazodgenerator-mtshdtmf\observe\node_modules\.store
    interpreter   C:\hostedtoolcache\windows\node\22.23.2\x64\node.exe
    toolsDir      C:\Users\runneradmin\AppData\Local\nub\pm\tools
    temp          D:\jail\m-prismazodgenerator-mtshdtmf\tmp   [keyed on]
    npmPrefix     (null — declared inapplicable)
    ownPkg        D:\jail\m-prismazodgenerator-mtshdtmf\observe\node_modules\prisma-zod-generator
  == ATTRIBUTION == lifecycle pids: 2 (root 9252)
    writes  script 0  /  whole traced tree 15
    peers   script 0  /  whole traced tree 0
  == WRITES ==
  == READS ==
    deps          5
    outside       6
    project       1
    systemfs     23
  == NETWORK ==
    distinct peers: 0
  == REFUSALS (adapter-classified) ==
    distinct: 0
  == SYNTHESIZED GRANT (verify this in the real unprivileged jail) ==
    {}
  RAW       etw-raw.xml.gz  44852104 B xml -> 651606 B gz (68.8x)  sha256 a74a80bcbe063b75…
  HEADER    etw-header.json (5096 bytes)
  DERIVED   5460 distinct from 6647 kept ops (35095 xml events, 6851 out of subtree)
  PROCS     4   thread-reattributed 0
  ⛔ 1 operations with NO OperationEnd — kept, status marked unknown
  8.3       0 expanded, 0 kept short, 0 not covered  [map: recorded 8.3 map (0 components, resolved on runnervmeef0v)]
  wrote events.ndjson.gz (68811 bytes)
  RAWLOG-CAPTURE D:\jail\m-prismazodgenerator-mtshdtmf\cap\capture.json
  VENUE-NUB-BINARY {"path":"C:/Users/RUNNER~1/AppData/Local/Temp/nub/target/release/nub.exe","sha256":"f186817a44be332fee712b4936a071a0b5f9cde18a1d2fdc3a791729d4bf1005","bytes":68717056,"features":{"buildJailCatalogOverride":true,"pythonDontWriteBytecodeEnv":true}}
  VENUE-INTERPRETER C:\hostedtoolcache\windows\node\22.23.2\x64\node.exe
  VENUE-JAIL-ROOT D:\jail\m-prismazodgenerator-mtshdtmf
  VENUE-OVERRIDES {"set":{"npm_config_cache":"D:\\jail\\m-prismazodgenerator-mtshdtmf\\npm-cache","TMP":"D:\\jail\\m-prismazodgenerator-mtshdtmf\\tmp","TEMP":"D:\\jail\\m-prismazodgenerator-mtshdtmf\\tmp","TMPDIR":"D:\\jail\\m-prismazodgenerator-mtshdtmf\\tmp"},"unset":["CI","GITHUB_ACTIONS"],"notRedirected":{"USERPROFILE":"C:\\Users\\runneradmin","why":"the jail leaves HOME/USERPROFILE alone — `build_jail.rs` sandbox_homes() reads the ambient value and `compiler/defaults.rs` BASELINE_ENV_EXACT passes it through — so there is no private jail home to reproduce and redirecting one would measure an environment no confined script sees"},"passedThrough":{"CI":"true","GITHUB_ACTIONS":"true","NODE_ENV":null}}
  scaffold: 1 dependency package(s) with lifecycle scripts granted a fixed wide grant
  STORE   isolated virtual store at D:\jail\m-prismazodgenerator-mtshdtmf\verify-synth\.cache
  VENUE-STORE-LAYOUT isolated
OSV-SCREEN {"schemaVersion":1,"kind":"nub-synth-resolved","status":"clean","digest":"cf5a8f1fe400e121a933f1f84a602714b6d00133c53792874962dec9ba4c1101","specCount":147,"lockfiles":{"digest":"d2f608ba98e91ae2754a64d8f8c99f3d2760585493ee9608583e7a75d5341456","files":[{"path":"nub.lock","sha256":"b49556001199ded2502c3c3582b09547e7fc0b5ec5eb0cf6f8af7ca9c76484c6","bytes":37249}]},"maliciousAdvisories":[],"screenedAt":"2026-09-08T09:43:08.313Z","cacheHit":false,"clearancePath":"D:\\jail\\m-prismazodgenerator-mtshdtmf\\security\\nub-synth-resolved.json"}
  SECURITY nub-synth-resolved clean: 147 exact package-version(s), tree cf5a8f1fe400
  VERIFY[synth] rc=0 artifacts=224/224 missing=0 shortfall=none (tree 14516/7471) OVERRIDDEN=2 REJECTED=0 grant={}
  => MINIMUM {}   (observed, then verified)
  DESCEND   grant is already empty — nothing to narrow; MINIMAL by construction.
