### electron-chromedriver@6.0.0   (D:\jail\m-electronchromedriver-mtspw7d7)
  CI-ENV scrubbed: CI GITHUB_ACTIONS
OSV-SCREEN {"schemaVersion":1,"kind":"direct","status":"clean","digest":"e626db220d84d3fe6f8baf66934ae1ea0bec122b2cc01878369762e1e1d3fd16","specCount":1,"lockfiles":{"digest":null,"files":[]},"maliciousAdvisories":[],"screenedAt":"2026-09-08T13:40:44.001Z","cacheHit":false,"clearancePath":"D:\\jail\\m-electronchromedriver-mtspw7d7\\security\\direct.json"}
  SECURITY direct clean: 1 exact package-version(s), tree e626db220d84
OSV-SCREEN {"schemaVersion":1,"kind":"npm-observe-resolved","status":"clean","digest":"7e811f89b98892e6d7b84095ca21e09c4fb526fb85f50481408bf75bef018a65","specCount":100,"lockfiles":{"digest":"d07f120e2d10eb58fd50ee6d880c7c50a124b9948b4a822d70e00706b6218439","files":[{"path":"package-lock.json","sha256":"4edb91bdba051d73bc70f31f766dc185b937501e857ee9bdcc9699a2e3306d17","bytes":39510}]},"maliciousAdvisories":[],"screenedAt":"2026-09-08T13:40:48.501Z","cacheHit":false,"clearancePath":"D:\\jail\\m-electronchromedriver-mtspw7d7\\security\\npm-observe-resolved.json"}
  SECURITY npm-observe-resolved clean: 100 exact package-version(s), tree 7e811f89b988
  CAPTURE user=runnervmeef0v\runneradmin elevated=True rootPid=6104 exit=0 events=52150 lost=0
  VENUE-OBSERVE-USER runnervmeef0v\runneradmin elevated=true privDropped={"SeBackupPrivilege":"removed","SeRestorePrivilege":"removed","SeTakeOwnershipPrivilege":"removed"}
  OBSERVE artifacts: 9 files  (D:\jail\m-electronchromedriver-mtspw7d7\observe\node_modules\electron-chromedriver)
  ARM-FALSIFIABILITY {"manifestFiles":9,"filesTheScriptProduced":4,"reasons":[]}
  CLOSURE 94 packages evicted per arm
  8.3 MAP 0 components resolved on runnervmeef0v, folded into capture.json
  == ROOTS (from capture.json — R2: no ambient reads) ==
    project       D:\jail\m-electronchromedriver-mtspw7d7\observe   [keyed on]
    home          C:\Users\runneradmin   [keyed on]
    jailHome      (null — declared inapplicable)
    globalStore   C:\Users\runneradmin\AppData\Local\nub\pm\store
    projectStore  D:\jail\m-electronchromedriver-mtspw7d7\observe\node_modules\.store
    interpreter   C:\hostedtoolcache\windows\node\22.23.2\x64\node.exe
    toolsDir      C:\Users\runneradmin\AppData\Local\nub\pm\tools
    temp          D:\jail\m-electronchromedriver-mtspw7d7\tmp   [keyed on]
    npmPrefix     (null — declared inapplicable)
    ownPkg        D:\jail\m-electronchromedriver-mtspw7d7\observe\node_modules\electron-chromedriver
  == ATTRIBUTION == lifecycle pids: 2 (root 6104)
    writes  script 11  /  whole traced tree 22
    peers   script 2  /  whole traced tree 2
  == WRITES ==
    userHome      6
    deps          5
  == READS ==
    deps        376
    outside      11
    project       1
    systemfs     28
    userHome      9
  == NETWORK ==
    distinct peers: 2
        140.82.113.4:443
        185.199.110.133:443
  == REFUSALS (adapter-classified) ==
    distinct: 0
  == SYNTHESIZED GRANT (verify this in the real unprivileged jail) ==
    {"write":{"deps":true,"userHome":true},"network":true}
  RAW       etw-raw.xml.gz  66902661 B xml -> 990698 B gz (67.5x)  sha256 8705ab64f74d3a8c…
  HEADER    etw-header.json (5158 bytes)
  DERIVED   6992 distinct from 12378 kept ops (52150 xml events, 8664 out of subtree)
  PROCS     4   thread-reattributed 0
  ⛔ 3 operations with NO OperationEnd — kept, status marked unknown
  8.3       0 expanded, 0 kept short, 0 not covered  [map: recorded 8.3 map (0 components, resolved on runnervmeef0v)]
  wrote events.ndjson.gz (86425 bytes)
  RAWLOG-CAPTURE D:\jail\m-electronchromedriver-mtspw7d7\cap\capture.json
  VENUE-NUB-BINARY {"path":"C:/Users/RUNNER~1/AppData/Local/Temp/nub/target/release/nub.exe","sha256":"f186817a44be332fee712b4936a071a0b5f9cde18a1d2fdc3a791729d4bf1005","bytes":68717056,"features":{"buildJailCatalogOverride":true,"pythonDontWriteBytecodeEnv":true}}
  VENUE-INTERPRETER C:\hostedtoolcache\windows\node\22.23.2\x64\node.exe
  VENUE-JAIL-ROOT D:\jail\m-electronchromedriver-mtspw7d7
  VENUE-OVERRIDES {"set":{"npm_config_cache":"D:\\jail\\m-electronchromedriver-mtspw7d7\\npm-cache","TMP":"D:\\jail\\m-electronchromedriver-mtspw7d7\\tmp","TEMP":"D:\\jail\\m-electronchromedriver-mtspw7d7\\tmp","TMPDIR":"D:\\jail\\m-electronchromedriver-mtspw7d7\\tmp"},"unset":["CI","GITHUB_ACTIONS"],"notRedirected":{"USERPROFILE":"C:\\Users\\runneradmin","why":"the jail leaves HOME/USERPROFILE alone — `build_jail.rs` sandbox_homes() reads the ambient value and `compiler/defaults.rs` BASELINE_ENV_EXACT passes it through — so there is no private jail home to reproduce and redirecting one would measure an environment no confined script sees"},"passedThrough":{"CI":"true","GITHUB_ACTIONS":"true","NODE_ENV":null}}
  STORE   isolated virtual store at D:\jail\m-electronchromedriver-mtspw7d7\verify-synth\.cache
  VENUE-STORE-LAYOUT isolated
OSV-SCREEN {"schemaVersion":1,"kind":"nub-synth-resolved","status":"clean","digest":"4693b8fd6f4276ba9a49bb89ee715af16c933be77f9692dc1445b25b11485d7e","specCount":101,"lockfiles":{"digest":"fa4b5719008b9f464244acb7c222cd1643ad95cc6bc7fceb16757bd581d31062","files":[{"path":"nub.lock","sha256":"35bbf4ac8e6751570151363c96cf29e9595280a6dbd6f0f835bcdb20a0937078","bytes":23131}]},"maliciousAdvisories":[],"screenedAt":"2026-09-08T13:41:01.527Z","cacheHit":false,"clearancePath":"D:\\jail\\m-electronchromedriver-mtspw7d7\\security\\nub-synth-resolved.json"}
  SECURITY nub-synth-resolved clean: 101 exact package-version(s), tree 4693b8fd6f42
  VERIFY[synth] rc=0 artifacts=9/9 missing=0 shortfall=none (tree 7115/1064) OVERRIDDEN=2 REJECTED=0 grant={"write":{"deps":true,"userHome":true},"network":true}
  => MINIMUM {"write":{"deps":true,"userHome":true},"network":true}   (observed, then verified)
  STORE   isolated virtual store at D:\jail\m-electronchromedriver-mtspw7d7\verify-nar-no-network\.cache
OSV-SCREEN {"schemaVersion":1,"kind":"nub-nar-no-network-resolved","status":"clean","digest":"4693b8fd6f4276ba9a49bb89ee715af16c933be77f9692dc1445b25b11485d7e","specCount":101,"lockfiles":{"digest":"fa4b5719008b9f464244acb7c222cd1643ad95cc6bc7fceb16757bd581d31062","files":[{"path":"nub.lock","sha256":"35bbf4ac8e6751570151363c96cf29e9595280a6dbd6f0f835bcdb20a0937078","bytes":23131}]},"maliciousAdvisories":[],"screenedAt":"2026-09-08T13:41:01.527Z","cacheHit":true,"clearancePath":"D:\\jail\\m-electronchromedriver-mtspw7d7\\security\\nub-nar-no-network-resolved.json"}
  SECURITY nub-nar-no-network-resolved clean: 101 exact package-version(s), tree 4693b8fd6f42 (cached exact-tree clearance)
  VERIFY[nar-no-network] rc=1 artifacts=5/9 missing=4 shortfall=a53a156d2060 (tree 7110/1064) OVERRIDDEN=2 REJECTED=0 grant={"write":{"deps":true,"userHome":true}}
     missing artifacts: bin/chromedriver.exe, bin/icudtl.dat, bin/LICENSE, bin/LICENSES.chromium.html
     'no-network' is NECESSARY — dropping it fails to verify
  STORE   isolated virtual store at D:\jail\m-electronchromedriver-mtspw7d7\verify-nar-no-write-deps\.cache
OSV-SCREEN {"schemaVersion":1,"kind":"nub-nar-no-write-deps-resolved","status":"clean","digest":"4693b8fd6f4276ba9a49bb89ee715af16c933be77f9692dc1445b25b11485d7e","specCount":101,"lockfiles":{"digest":"fa4b5719008b9f464244acb7c222cd1643ad95cc6bc7fceb16757bd581d31062","files":[{"path":"nub.lock","sha256":"35bbf4ac8e6751570151363c96cf29e9595280a6dbd6f0f835bcdb20a0937078","bytes":23131}]},"maliciousAdvisories":[],"screenedAt":"2026-09-08T13:41:01.527Z","cacheHit":true,"clearancePath":"D:\\jail\\m-electronchromedriver-mtspw7d7\\security\\nub-nar-no-write-deps-resolved.json"}
  SECURITY nub-nar-no-write-deps-resolved clean: 101 exact package-version(s), tree 4693b8fd6f42 (cached exact-tree clearance)
  VERIFY[nar-no-write-deps] rc=0 artifacts=9/9 missing=0 shortfall=none (tree 7115/1064) OVERRIDDEN=2 REJECTED=0 grant={"write":{"userHome":true},"network":true}
     ⛔ OVER-PREDICTED — the strictly narrower {"write":{"userHome":true},"network":true} also verifies; 'no-write-deps' was not needed
  STORE   isolated virtual store at D:\jail\m-electronchromedriver-mtspw7d7\verify-nar-no-write-userHome\.cache
OSV-SCREEN {"schemaVersion":1,"kind":"nub-nar-no-write-userHome-resolved","status":"clean","digest":"4693b8fd6f4276ba9a49bb89ee715af16c933be77f9692dc1445b25b11485d7e","specCount":101,"lockfiles":{"digest":"fa4b5719008b9f464244acb7c222cd1643ad95cc6bc7fceb16757bd581d31062","files":[{"path":"nub.lock","sha256":"35bbf4ac8e6751570151363c96cf29e9595280a6dbd6f0f835bcdb20a0937078","bytes":23131}]},"maliciousAdvisories":[],"screenedAt":"2026-09-08T13:41:01.527Z","cacheHit":true,"clearancePath":"D:\\jail\\m-electronchromedriver-mtspw7d7\\security\\nub-nar-no-write-userHome-resolved.json"}
  SECURITY nub-nar-no-write-userHome-resolved clean: 101 exact package-version(s), tree 4693b8fd6f42 (cached exact-tree clearance)
  VERIFY[nar-no-write-userHome] rc=0 artifacts=9/9 missing=0 shortfall=none (tree 7115/1064) OVERRIDDEN=2 REJECTED=0 grant={"write":{"deps":true},"network":true}
     ⛔ OVER-PREDICTED — the strictly narrower {"write":{"deps":true},"network":true} also verifies; 'no-write-userHome' was not needed
  STORE   isolated virtual store at D:\jail\m-electronchromedriver-mtspw7d7\verify-joint-narrow\.cache
OSV-SCREEN {"schemaVersion":1,"kind":"nub-joint-narrow-resolved","status":"clean","digest":"4693b8fd6f4276ba9a49bb89ee715af16c933be77f9692dc1445b25b11485d7e","specCount":101,"lockfiles":{"digest":"fa4b5719008b9f464244acb7c222cd1643ad95cc6bc7fceb16757bd581d31062","files":[{"path":"nub.lock","sha256":"35bbf4ac8e6751570151363c96cf29e9595280a6dbd6f0f835bcdb20a0937078","bytes":23131}]},"maliciousAdvisories":[],"screenedAt":"2026-09-08T13:41:01.527Z","cacheHit":true,"clearancePath":"D:\\jail\\m-electronchromedriver-mtspw7d7\\security\\nub-joint-narrow-resolved.json"}
  SECURITY nub-joint-narrow-resolved clean: 101 exact package-version(s), tree 4693b8fd6f42 (cached exact-tree clearance)
  VERIFY[joint-narrow] rc=0 artifacts=9/9 missing=0 shortfall=none (tree 7115/1064) OVERRIDDEN=2 REJECTED=0 grant={"network":true}
  => JOINT-NARROW VERIFIED {"network":true} — all 2 capabilities drop TOGETHER, measured
