### subrequests@1.6.0   (D:\jail\m-subrequests-mtsgaomc)
  CI-ENV scrubbed: CI GITHUB_ACTIONS
OSV-SCREEN {"schemaVersion":1,"kind":"direct","status":"clean","digest":"4e2a3d6c008ff8029bbc0272fbaf77c491dd48b595794b58cb81f3b233cbe5a2","specCount":1,"lockfiles":{"digest":null,"files":[]},"maliciousAdvisories":[],"screenedAt":"2026-09-08T09:12:03.355Z","cacheHit":false,"clearancePath":"D:\\jail\\m-subrequests-mtsgaomc\\security\\direct.json"}
  SECURITY direct clean: 1 exact package-version(s), tree 4e2a3d6c008f
OSV-SCREEN {"schemaVersion":1,"kind":"npm-observe-resolved","status":"clean","digest":"b649bb499e084f0ef5297e878993a0694d7fcd1ac6ecbd93955375e34e45bcd3","specCount":291,"lockfiles":{"digest":"d8a3e815797c474cb4e5a4203dfbf49c86caedd2a8011ccb2e31d47ccdacf638","files":[{"path":"package-lock.json","sha256":"e9fafc9751f4610904796648156a8aacb0aa0e53a173c9c6f18a3a6b3b638b8b","bytes":131640}]},"maliciousAdvisories":[],"screenedAt":"2026-09-08T09:12:11.990Z","cacheHit":false,"clearancePath":"D:\\jail\\m-subrequests-mtsgaomc\\security\\npm-observe-resolved.json"}
  SECURITY npm-observe-resolved clean: 291 exact package-version(s), tree b649bb499e08
  CAPTURE user=runnervmeef0v\runneradmin elevated=True rootPid=8928 exit=0 events=37921 lost=0
  VENUE-OBSERVE-USER runnervmeef0v\runneradmin elevated=true privDropped={"SeBackupPrivilege":"removed","SeRestorePrivilege":"removed","SeTakeOwnershipPrivilege":"removed"}
  OBSERVE artifacts: 44 files  (D:\jail\m-subrequests-mtsgaomc\observe\node_modules\subrequests)
  ARM-FALSIFIABILITY {"manifestFiles":44,"filesTheScriptProduced":14,"reasons":[]}
  CLOSURE 253 packages evicted per arm
  8.3 MAP 0 components resolved on runnervmeef0v, folded into capture.json
  == ROOTS (from capture.json — R2: no ambient reads) ==
    project       D:\jail\m-subrequests-mtsgaomc\observe   [keyed on]
    home          C:\Users\runneradmin   [keyed on]
    jailHome      (null — declared inapplicable)
    globalStore   C:\Users\runneradmin\AppData\Local\nub\pm\store
    projectStore  D:\jail\m-subrequests-mtsgaomc\observe\node_modules\.store
    interpreter   C:\hostedtoolcache\windows\node\22.23.2\x64\node.exe
    toolsDir      C:\Users\runneradmin\AppData\Local\nub\pm\tools
    temp          D:\jail\m-subrequests-mtsgaomc\tmp   [keyed on]
    npmPrefix     (null — declared inapplicable)
    ownPkg        D:\jail\m-subrequests-mtsgaomc\observe\node_modules\subrequests
  == ATTRIBUTION == lifecycle pids: 7 (root 8928)
    writes  script 18  /  whole traced tree 24
    peers   script 0  /  whole traced tree 0
  == WRITES ==
    outside       1
        d:\jail\m-subrequests-mtsgaomc\npm-cache\_logs\2026-09-08t09_12_15_462z-debug-0.log
    deps         15
    jailTmp       2
  == READS ==
    deps        203
    outside     136
    project       2
    systemfs     33
    jailTmp      93
  == NETWORK ==
    distinct peers: 0
  == REFUSALS (adapter-classified) ==
    distinct: 0
  == SYNTHESIZED GRANT (verify this in the real unprivileged jail) ==
    {"write":{"deps":true}}
    NOTE 2 writes into the DECLARED private temp -- the base profile grants
         that directory unconditionally (preset.rs `$tmp`=rw), so they widen nothing.
    !! 1 writes OUTSIDE project/home -- no scope covers these; inspect before granting
  RAW       etw-raw.xml.gz  48359230 B xml -> 747960 B gz (64.7x)  sha256 f62d9d29d82551be…
  HEADER    etw-header.json (5082 bytes)
  DERIVED   8088 distinct from 10592 kept ops (37921 xml events, 3388 out of subtree)
  PROCS     9   thread-reattributed 7
  ⛔ 3 operations with NO OperationEnd — kept, status marked unknown
  ⛔ 1 handle ops whose path no table could supply
  8.3       0 expanded, 0 kept short, 0 not covered  [map: recorded 8.3 map (0 components, resolved on runnervmeef0v)]
  wrote events.ndjson.gz (101497 bytes)
  RAWLOG-CAPTURE D:\jail\m-subrequests-mtsgaomc\cap\capture.json
  VENUE-NUB-BINARY {"path":"C:/Users/RUNNER~1/AppData/Local/Temp/nub/target/release/nub.exe","sha256":"f186817a44be332fee712b4936a071a0b5f9cde18a1d2fdc3a791729d4bf1005","bytes":68717056,"features":{"buildJailCatalogOverride":true,"pythonDontWriteBytecodeEnv":true}}
  VENUE-INTERPRETER C:\hostedtoolcache\windows\node\22.23.2\x64\node.exe
  VENUE-JAIL-ROOT D:\jail\m-subrequests-mtsgaomc
  VENUE-OVERRIDES {"set":{"npm_config_cache":"D:\\jail\\m-subrequests-mtsgaomc\\npm-cache","TMP":"D:\\jail\\m-subrequests-mtsgaomc\\tmp","TEMP":"D:\\jail\\m-subrequests-mtsgaomc\\tmp","TMPDIR":"D:\\jail\\m-subrequests-mtsgaomc\\tmp"},"unset":["CI","GITHUB_ACTIONS"],"notRedirected":{"USERPROFILE":"C:\\Users\\runneradmin","why":"the jail leaves HOME/USERPROFILE alone — `build_jail.rs` sandbox_homes() reads the ambient value and `compiler/defaults.rs` BASELINE_ENV_EXACT passes it through — so there is no private jail home to reproduce and redirecting one would measure an environment no confined script sees"},"passedThrough":{"CI":"true","GITHUB_ACTIONS":"true","NODE_ENV":null}}
  scaffold: 1 dependency package(s) with lifecycle scripts granted a fixed wide grant
  STORE   isolated virtual store at D:\jail\m-subrequests-mtsgaomc\verify-synth\.cache
  VENUE-STORE-LAYOUT isolated
OSV-SCREEN {"schemaVersion":1,"kind":"nub-synth-resolved","status":"clean","digest":"3134f5d22b70874fb2b5cfa0c55c8c409df157c66069ea6f955dd638ce16fca4","specCount":292,"lockfiles":{"digest":"2688d800f595ce4ba18b36f19b3d3869640e840b3948f93a12dc4cf1bae87b38","files":[{"path":"nub.lock","sha256":"c5417d521698e4ffca0e1c3b708ee9d9be39c19e195bf0963f7562fb47555524","bytes":72684}]},"maliciousAdvisories":[],"screenedAt":"2026-09-08T09:12:27.828Z","cacheHit":false,"clearancePath":"D:\\jail\\m-subrequests-mtsgaomc\\security\\nub-synth-resolved.json"}
  SECURITY nub-synth-resolved clean: 292 exact package-version(s), tree 3134f5d22b70
  VERIFY[synth] rc=0 artifacts=44/44 missing=0 shortfall=none (tree 10820/3888) OVERRIDDEN=2 REJECTED=0 grant={"write":{"deps":true}}
  => MINIMUM {"write":{"deps":true}}   (observed, then verified)
  scaffold: 1 dependency package(s) with lifecycle scripts granted a fixed wide grant
  STORE   isolated virtual store at D:\jail\m-subrequests-mtsgaomc\verify-nar-no-write-deps\.cache
OSV-SCREEN {"schemaVersion":1,"kind":"nub-nar-no-write-deps-resolved","status":"clean","digest":"3134f5d22b70874fb2b5cfa0c55c8c409df157c66069ea6f955dd638ce16fca4","specCount":292,"lockfiles":{"digest":"2688d800f595ce4ba18b36f19b3d3869640e840b3948f93a12dc4cf1bae87b38","files":[{"path":"nub.lock","sha256":"c5417d521698e4ffca0e1c3b708ee9d9be39c19e195bf0963f7562fb47555524","bytes":72684}]},"maliciousAdvisories":[],"screenedAt":"2026-09-08T09:12:27.828Z","cacheHit":true,"clearancePath":"D:\\jail\\m-subrequests-mtsgaomc\\security\\nub-nar-no-write-deps-resolved.json"}
  SECURITY nub-nar-no-write-deps-resolved clean: 292 exact package-version(s), tree 3134f5d22b70 (cached exact-tree clearance)
  VERIFY[nar-no-write-deps] rc=0 artifacts=44/44 missing=0 shortfall=none (tree 10820/3888) OVERRIDDEN=2 REJECTED=0 grant={}
     ⛔ OVER-PREDICTED — the strictly narrower {} also verifies; 'no-write-deps' was not needed
