### @intlify/vue-router-bridge@0.5.0   (D:\jail\m-intlifyvuerouterbridge-mtrkpfz1)
  CI-ENV scrubbed: CI GITHUB_ACTIONS
OSV-SCREEN {"schemaVersion":1,"kind":"direct","status":"clean","digest":"f03131e30328ba6025df4548a92c098b401eab878ce40f5280cede1e66220ab1","specCount":1,"lockfiles":{"digest":null,"files":[]},"maliciousAdvisories":[],"screenedAt":"2026-09-07T18:27:44.275Z","cacheHit":false,"clearancePath":"D:\\jail\\m-intlifyvuerouterbridge-mtrkpfz1\\security\\direct.json"}
  SECURITY direct clean: 1 exact package-version(s), tree f03131e30328
OSV-SCREEN {"schemaVersion":1,"kind":"npm-observe-resolved","status":"clean","digest":"522529060a5a8272005dba4ebba33aed98f2474f45463840efa0f17990e6b3f0","specCount":3,"lockfiles":{"digest":"77124c9103006ea7329cc91bc3a294b8af1befc0fa88f6ab829901406fe212d3","files":[{"path":"package-lock.json","sha256":"90f7546ff306db35e83f697f12939754b6551b3d120bfce29a6591b22fe6f7a1","bytes":2436}]},"maliciousAdvisories":[],"screenedAt":"2026-09-07T18:27:47.496Z","cacheHit":false,"clearancePath":"D:\\jail\\m-intlifyvuerouterbridge-mtrkpfz1\\security\\npm-observe-resolved.json"}
  SECURITY npm-observe-resolved clean: 3 exact package-version(s), tree 522529060a5a
  CAPTURE user=runnervmeef0v\runneradmin elevated=True rootPid=7952 exit=0 events=23654 lost=0
  VENUE-OBSERVE-USER runnervmeef0v\runneradmin elevated=true privDropped={"SeBackupPrivilege":"removed","SeRestorePrivilege":"removed","SeTakeOwnershipPrivilege":"removed"}
  OBSERVE artifacts: 20 files  (D:\jail\m-intlifyvuerouterbridge-mtrkpfz1\observe\node_modules\@intlify\vue-router-bridge)
  ARM-FALSIFIABILITY {"manifestFiles":20,"filesTheScriptProduced":0,"reasons":["gate-vacuous"]}
  ⛔ ARMS-UNFALSIFIABLE — a green arm for this package carries no evidence:
       gate-vacuous: the script changed no file the artifact gate keys on — every file in the manifest (20) was already present at its final size before the script ran, so the gate passes in every arm including a completely broken one
       The grant may still be correct; what is missing is a signal that could have gone
       red. Do not read this record's MINIMAL as a passing measurement.
  CLOSURE 3 packages evicted per arm
  8.3 MAP 0 components resolved on runnervmeef0v, folded into capture.json
  == ROOTS (from capture.json — R2: no ambient reads) ==
    project       D:\jail\m-intlifyvuerouterbridge-mtrkpfz1\observe   [keyed on]
    home          C:\Users\runneradmin   [keyed on]
    jailHome      (null — declared inapplicable)
    globalStore   C:\Users\runneradmin\AppData\Local\nub\pm\store
    projectStore  D:\jail\m-intlifyvuerouterbridge-mtrkpfz1\observe\node_modules\.store
    interpreter   C:\hostedtoolcache\windows\node\22.23.2\x64\node.exe
    toolsDir      C:\Users\runneradmin\AppData\Local\nub\pm\tools
    temp          D:\jail\m-intlifyvuerouterbridge-mtrkpfz1\tmp   [keyed on]
    npmPrefix     (null — declared inapplicable)
    ownPkg        D:\jail\m-intlifyvuerouterbridge-mtrkpfz1\observe\node_modules\@intlify\vue-router-bridge
  == ATTRIBUTION == lifecycle pids: 2 (root 7952)
    writes  script 0  /  whole traced tree 15
    peers   script 0  /  whole traced tree 0
  == WRITES ==
  == READS ==
    deps          7
    outside       6
    project       1
    systemfs     23
  == NETWORK ==
    distinct peers: 0
  == REFUSALS (adapter-classified) ==
    distinct: 0
  == SYNTHESIZED GRANT (verify this in the real unprivileged jail) ==
    {}
  RAW       etw-raw.xml.gz  30200355 B xml -> 452956 B gz (66.7x)  sha256 23d0bbd1debeec64…
  HEADER    etw-header.json (5177 bytes)
  DERIVED   5300 distinct from 6481 kept ops (23654 xml events, 2403 out of subtree)
  PROCS     4   thread-reattributed 0
  ⛔ 2 operations with NO OperationEnd — kept, status marked unknown
  8.3       0 expanded, 0 kept short, 0 not covered  [map: recorded 8.3 map (0 components, resolved on runnervmeef0v)]
  wrote events.ndjson.gz (67195 bytes)
  RAWLOG-CAPTURE D:\jail\m-intlifyvuerouterbridge-mtrkpfz1\cap\capture.json
  VENUE-NUB-BINARY {"path":"C:/Users/RUNNER~1/AppData/Local/Temp/nub/target/release/nub.exe","sha256":"f186817a44be332fee712b4936a071a0b5f9cde18a1d2fdc3a791729d4bf1005","bytes":68717056,"features":{"buildJailCatalogOverride":true,"pythonDontWriteBytecodeEnv":true}}
  VENUE-INTERPRETER C:\hostedtoolcache\windows\node\22.23.2\x64\node.exe
  VENUE-JAIL-ROOT D:\jail\m-intlifyvuerouterbridge-mtrkpfz1
  VENUE-OVERRIDES {"set":{"npm_config_cache":"D:\\jail\\m-intlifyvuerouterbridge-mtrkpfz1\\npm-cache","TMP":"D:\\jail\\m-intlifyvuerouterbridge-mtrkpfz1\\tmp","TEMP":"D:\\jail\\m-intlifyvuerouterbridge-mtrkpfz1\\tmp","TMPDIR":"D:\\jail\\m-intlifyvuerouterbridge-mtrkpfz1\\tmp"},"unset":["CI","GITHUB_ACTIONS"],"notRedirected":{"USERPROFILE":"C:\\Users\\runneradmin","why":"the jail leaves HOME/USERPROFILE alone — `build_jail.rs` sandbox_homes() reads the ambient value and `compiler/defaults.rs` BASELINE_ENV_EXACT passes it through — so there is no private jail home to reproduce and redirecting one would measure an environment no confined script sees"},"passedThrough":{"CI":"true","GITHUB_ACTIONS":"true","NODE_ENV":null}}
  scaffold: 1 dependency package(s) with lifecycle scripts granted a fixed wide grant
  STORE   isolated virtual store at D:\jail\m-intlifyvuerouterbridge-mtrkpfz1\verify-synth\.cache
  VENUE-STORE-LAYOUT isolated
OSV-SCREEN {"schemaVersion":1,"kind":"nub-synth-resolved","status":"clean","digest":"5e36b0d3945f1d116b509c5179a7a18998053b6091787f5cdf60f23d7542c705","specCount":25,"lockfiles":{"digest":"c2dd1cf28debdba67fc3e3b8edf05d06e06ee672345cd33f1ed6eaae679d76bf","files":[{"path":"nub.lock","sha256":"b4af115021c105ce59d6f108b88b7857fbbee8192e148f75eedcf65322cc07c9","bytes":7355}]},"maliciousAdvisories":[],"screenedAt":"2026-09-07T18:27:57.641Z","cacheHit":false,"clearancePath":"D:\\jail\\m-intlifyvuerouterbridge-mtrkpfz1\\security\\nub-synth-resolved.json"}
  SECURITY nub-synth-resolved clean: 25 exact package-version(s), tree 5e36b0d3945f
  VERIFY[synth] rc=0 artifacts=20/20 missing=0 shortfall=none (tree 6580/275) OVERRIDDEN=2 REJECTED=0 grant={}
  => MINIMUM {}   (observed, then verified)
  DESCEND   grant is already empty — nothing to narrow; MINIMAL by construction.
