  HARNESS-NODE /opt/hostedtoolcache/node/22.23.2/x64/bin/node (v22.23.2); arm-cap present
  ERA-NODE PINNED 4.9.1 (provisioned) (arms will run: v4.9.1)
  ERA-PYTHON /usr/bin/python2.7 (Python 2.7.18) for era Node 4, whose node-gyp requires python2
  ARM-MAKE /usr/bin/gmake (GNU Make 4.3) — the system make; a build needing GNU Make 4 WILL fail here
### farmhash@1.2.1   (/home/runner/v2-8QNiwd)
  CI-ENV scrubbed: CI GITHUB_ACTIONS
OSV-SCREEN {"schemaVersion":1,"kind":"direct","status":"clean","digest":"9c13222749ec3f75ff6a693dee4ba5adb11232836fb31c9d29332901b7a81110","specCount":1,"lockfiles":{"digest":null,"files":[]},"maliciousAdvisories":[],"screenedAt":"2026-08-24T20:29:11.212Z","cacheHit":false,"clearancePath":"/home/runner/v2-8QNiwd/security/direct.json"}
  SECURITY direct clean: 1 exact package-version(s), tree 9c13222749ec
  VENUE-OBSERVE-USER {"uid":1001,"user":"runner","umask":"0022","capBnd":"000001ffffffffff","noNewPrivs":"0"}
  VENUE-NUB-BINARY {"path":"/tmp/nub/target/release/nub","sha256":"bed0d624b324fb3de83de474ff73731ad2f1fd040ff548bb0158e2baf850701d","bytes":208304640,"features":{"buildJailCatalogOverride":true,"pythonDontWriteBytecodeEnv":true}}
  ERA-RESOLUTION DATED 2016-09-04T17:43:36.123Z (deps as of the package's own publish date + 1d)
OSV-SCREEN {"schemaVersion":1,"kind":"npm-observe-resolved","status":"clean","digest":"6f3965afe0facc329c12228200a96fe1d15597acb6d3b9f28ef945af40760d26","specCount":2,"lockfiles":{"digest":"54c07e993e605e3bfb2b91edecd7298368aee1f823bf1bcc628dc28de5f79020","files":[{"path":"package-lock.json","sha256":"e409ff5ac6f7146cdb9e6a4990399781bd649e132e19b06db6f46ac20e5769d1","bytes":927}]},"maliciousAdvisories":[],"screenedAt":"2026-08-24T20:29:12.367Z","cacheHit":false,"clearancePath":"/home/runner/v2-8QNiwd/security/npm-observe-resolved.json"}
  SECURITY npm-observe-resolved clean: 2 exact package-version(s), tree 6f3965afe0fa
  ARM-PATH SANITISED (nothing to drop)
  ARM-AMBIENT-TOOLS 7 leaked: tsc=/usr/local/bin/tsc grunt=/usr/local/bin/grunt gulp=/usr/local/bin/gulp webpack=/usr/local/bin/webpack lerna=/usr/local/bin/lerna yarn=/usr/local/bin/yarn pulumi=/usr/local/bin/pulumi
  ARM-SCAFFOLD none
  ARM-UNPROVIDABLE none
  OBSERVE   rc=0 files=77 trace=45677 lines
  CLOSURE   2 packages evicted per arm
  ARM-FALSIFIABILITY {"manifestFiles":31,"filesTheScriptProduced":16,"reasons":[]}
  RAWLOG-FILE /home/runner/v2-8QNiwd/observe/trace.txt.gz
  RAWLOG-CAPTURE /home/runner/v2-8QNiwd/observe/capture.json
  RAWLOG-BYTES raw=5347168 gz=162969
  VENUE-INTERPRETER /opt/hostedtoolcache/node/22.23.2/x64
  VENUE-NODE-SELECTION {"pkg":"farmhash","packageVersion":"1.2.1","major":4,"version":"4.9.1","npm":"2.15.11","pinnable":true,"engines":">=0.10","publishedAt":"2016-09-03T17:43:36.123Z","eraMajor":4,"startMajor":4,"raisedByEngines":false,"enginesUnsatisfiable":false,"clampedToFloor":false,"clampedToCeiling":false,"matrixFloor":4,"matrixCeiling":26,"lookupFailure":null,"pinned":true,"pinnedBin":"/home/runner/.cache/nub/era-node/4.9.1/node-v4.9.1-linux-x64/bin","eraNodeRoot":"/home/runner/.cache/nub"}
  VENUE-OVERRIDES {"set":{"HOME":"/home/runner/v2-8QNiwd/jailhome","TMPDIR":"/tmp/nub-tmp-obs4zWTw2","NODE_COMPAT":"1","PLAYWRIGHT_BROWSERS_PATH":"/home/runner/.cache/nub/pm/tools/ms-playwright","ELECTRON_CACHE":"/home/runner/.cache/nub/pm/tools/electron-cache","electron_config_cache":"/home/runner/.cache/nub/pm/tools/electron-cache","npm_config_prefix":"/home/runner/.cache/nub/pm/tools/npm-prefix","PYTHONDONTWRITEBYTECODE":"1","NUB_CACHE_DIR":"/home/runner/v2-8QNiwd/nubcache"},"unset":["CI","GITHUB_ACTIONS"],"passedThrough":{"CI":"true","GITHUB_ACTIONS":"true","NODE_ENV":null}}
  == ATTRIBUTION == attributed pids: 152
    writes  script 241  /  whole traced tree 242
    sockets script 8  /  whole traced tree 8
  == ROOTS (from capture.json — R2: no ambient reads) ==
    project       /home/runner/v2-8QNiwd/observe
    home          /home/runner
    jailHome      /home/runner/v2-8QNiwd/jailhome
    globalStore   /home/runner/.cache/nub/pm/store   [declared, not keyed on]
    projectStore  /home/runner/v2-8QNiwd/observe/node_modules/.store   [declared, not keyed on]
    interpreter   /opt/hostedtoolcache/node/22.23.2/x64   [declared, not keyed on]
    toolsDir      /home/runner/.cache/nub/pm/tools   [declared, not keyed on]
    temp          /tmp/nub-tmp-obs4zWTw2
    npmPrefix     /home/runner/.cache/nub/pm/tools/npm-prefix
    ownPkg        /home/runner/v2-8QNiwd/observe/node_modules/farmhash
  == WRITES the script actually performed ==
    ownPkg       56  (base profile already grants this — NOT billed)
        /home/runner/v2-8QNiwd/observe/node_modules/farmhash/build/Makefile
        /home/runner/v2-8QNiwd/observe/node_modules/farmhash/build/binding.Makefile
        /home/runner/v2-8QNiwd/observe/node_modules/farmhash/build/farmhash-legacy.target.mk
        /home/runner/v2-8QNiwd/observe/node_modules/farmhash/build/farmhash.target.mk
        /home/runner/v2-8QNiwd/observe/node_modules/farmhash/build/Release/farmhash.node
        /home/runner/v2-8QNiwd/observe/node_modules/farmhash/build/Release/farmhash-legacy.node
        /home/runner/v2-8QNiwd/observe/node_modules/farmhash/build/Release/obj.target/farmhash-legacy.node
        /home/runner/v2-8QNiwd/observe/node_modules/farmhash/build/Release/obj.target/farmhash.node
        /home/runner/v2-8QNiwd/observe/node_modules/farmhash/build/Release/.deps/Release/farmhash-legacy.node.d
        /home/runner/v2-8QNiwd/observe/node_modules/farmhash/build/Release/.deps/Release/farmhash.node.d
        … and 46 more
    jailHome    157  (base profile already grants this — NOT billed)
        /home/runner/v2-8QNiwd/jailhome/.node-gyp
        /home/runner/v2-8QNiwd/jailhome/.node-gyp/4.9.1
        /home/runner/v2-8QNiwd/jailhome/.node-gyp/4.9.1/include
        /home/runner/v2-8QNiwd/jailhome/.node-gyp/4.9.1/include/node
        /home/runner/v2-8QNiwd/jailhome/.node-gyp/4.9.1/include/node/android-ifaddrs.h
        /home/runner/v2-8QNiwd/jailhome/.node-gyp/4.9.1/include/node/ares.h
        /home/runner/v2-8QNiwd/jailhome/.node-gyp/4.9.1/include/node/ares_version.h
        /home/runner/v2-8QNiwd/jailhome/.node-gyp/4.9.1/include/node/common.gypi
        /home/runner/v2-8QNiwd/jailhome/.node-gyp/4.9.1/include/node/config.gypi
        /home/runner/v2-8QNiwd/jailhome/.node-gyp/4.9.1/include/node/nameser.h
        … and 147 more
    jailTmp      28  (base profile already grants this — NOT billed)
        /tmp/nub-tmp-obs4zWTw2/ccVurCjP.s
        /tmp/nub-tmp-obs4zWTw2/ccJUGgzD.s
        /tmp/nub-tmp-obs4zWTw2/ccmTgFIx.res
        /tmp/nub-tmp-obs4zWTw2/ccNCTtPG.cdtor.c
        /tmp/nub-tmp-obs4zWTw2/cc0EVkkU.cdtor.o
        /tmp/nub-tmp-obs4zWTw2/ccwMeetN.lto_wrapper_args
        /tmp/nub-tmp-obs4zWTw2/ccJivZN7.ltrans.out
        /tmp/nub-tmp-obs4zWTw2/ccUOwX8S
        /tmp/nub-tmp-obs4zWTw2/ccIS2QXw
        /tmp/nub-tmp-obs4zWTw2/ccJivZN7.ltrans0.o
        … and 18 more
  == NETWORK ==
    AF_INET sockets: 8   distinct peers: 2
        127.0.0.53:53
        104.16.212.131:443
  == REFUSALS (only `= -1 EACCES/EPERM/EROFS`) ==
    distinct: 1
        execve /
  == SYNTHESIZED GRANT (verify this in the real unprivileged jail) ==
    {"network":true,"writePaths":[".node-gyp"]}
  == writePaths (DERIVED — promotion out of the package's PRIVATE home) ==
    private-home writes observed: 157
        .node-gyp
  == writePaths FEASIBILITY (distinct writes outside project/deps) ==
    count: 0
    EVENTS    19992 distinct from 44804 calls (45678 lines, 653 rejoined, 0 unparsed)
    PROCS     159   lifecycle shells 147
    unsubscribed/unmapped syscalls: wait4×161 getcwd×147 exit_group×136 exit×20 recvmsg×9 getsockname×7 socketpair×3 setsockopt×2
    wrote /home/runner/v2-8QNiwd/observe/events.ndjson.gz (101948 bytes)
  EVENTLOG-FILE /home/runner/v2-8QNiwd/observe/events.ndjson.gz
  EVENTLOG-STATS {"lines":45678,"parsed":44804,"unparsed":0,"unfinished":653,"rejoined":653,"unresolvedDirfd":0,"truncatedArg":0,"procs":159,"lifecyclePids":147,"distinctEvents":19992,"unknownSyscall":{"exit_group":136,"wait4":161,"getcwd":147,"getsockname":7,"recvmsg":9,"socketpair":3,"setsockopt":2,"sendmmsg":2,"getsockopt":2,"exit":20},"out":"/home/runner/v2-8QNiwd/observe/events.ndjson.gz","gzipBytes":101948}
  EVICT     1 store entries removed, 0 spared as nub tooling
  SE-PURGE  0 side-effects-cache entries for farmhash
OSV-SCREEN {"schemaVersion":1,"kind":"nub-synth-resolved","status":"clean","digest":"4c54b8bbd48e33b6770274e7f3d4129aff60a33ad8665877db53a19357d4db4e","specCount":2,"lockfiles":{"digest":"a5a9de768c7a36d36c9e6c5c1603f75e8297285e435dea3b9bd7b7b0dbf1ebc4","files":[{"path":"nub.lock","sha256":"35e4c2a084a19050770cf83363f33a4f08756afc28a78aab522cda3380f46ecb","bytes":603}]},"maliciousAdvisories":[],"screenedAt":"2026-08-24T20:29:25.739Z","cacheHit":false,"clearancePath":"/home/runner/v2-8QNiwd/security/nub-synth-resolved.json"}
  SECURITY nub-synth-resolved clean: 2 exact package-version(s), tree 4c54b8bbd48e
  VENUE-STORE-LAYOUT isolated
  VERIFY[synth] rc=1 artifacts=9/30 missing=21 shortfall=6dba1c367366 (tree 129/77) OVERRIDDEN=2 REJECTED=0 grant={"network":true,"writePaths":[".node-gyp"]}
       missing: build/Makefile, build/Release/.deps/Release/farmhash-legacy.node.d, build/Release/.deps/Release/farmhash.node.d, build/Release/.deps/Release/obj.target/farmhash/src/bindings.o.d, build/Release/.deps/Release/obj.target/farmhash/src/upstream/farmhash.o.d, build/Release/.deps/Release/obj.target/farmhash-legacy/src/bindings.o.d (+15)
     [synth/i] DEBUG final message final_message=; header 61213:QUERY:RD:NoError:QUERY
     [synth/i] DEBUG final message final_message=; header 47335:QUERY:RD:NoError:QUERY
     [synth/i] DEBUG final message final_message=; header 25172:QUERY:RD:NoError:QUERY
     [synth/i] DEBUG response: ; header 61213:RESPONSE:RD,RA:NoError:QUERY
     [synth/i] DEBUG response: ; header 61213:RESPONSE:RD,RA:NoError:QUERY
     [synth/i] DEBUG response: ; header 25172:RESPONSE:RD,RA:NoError:QUERY
     [synth/i] DEBUG response: ; header 47335:RESPONSE:RD,RA:NoError:QUERY
     [synth/i] DEBUG response: ; header 25172:RESPONSE:RD,RA:NoError:QUERY
     [synth/i] DEBUG response: ; header 47335:RESPONSE:RD,RA:NoError:QUERY
     [synth/i] DEBUG final message final_message=; header 61307:QUERY:RD:NoError:QUERY
     [synth/i] DEBUG response: ; header 61307:RESPONSE:RD,RA:NoError:QUERY
     [synth/i] DEBUG response: ; header 61307:RESPONSE:RD,RA:NoError:QUERY
  DIAGNOSE  ZERO filesystem refusals under the failing grant.
     ⇒ the missing capability is NOT a path this tracer covers — look at the network axis,
       or a resource class strace's file+network filter does not carry.
  synthesized grant did not verify — falling back to a bounded ladder
  EVICT     3 store entries removed, 0 spared as nub tooling
  SE-PURGE  0 side-effects-cache entries for farmhash
OSV-SCREEN {"schemaVersion":1,"kind":"nub-fb2126003217-resolved","status":"clean","digest":"4c54b8bbd48e33b6770274e7f3d4129aff60a33ad8665877db53a19357d4db4e","specCount":2,"lockfiles":{"digest":"a5a9de768c7a36d36c9e6c5c1603f75e8297285e435dea3b9bd7b7b0dbf1ebc4","files":[{"path":"nub.lock","sha256":"35e4c2a084a19050770cf83363f33a4f08756afc28a78aab522cda3380f46ecb","bytes":603}]},"maliciousAdvisories":[],"screenedAt":"2026-08-24T20:29:25.739Z","cacheHit":true,"clearancePath":"/home/runner/v2-8QNiwd/security/nub-fb2126003217-resolved.json"}
  SECURITY nub-fb2126003217-resolved clean: 2 exact package-version(s), tree 4c54b8bbd48e (cached exact-tree clearance)
  VERIFY[fb2126003217] rc=1 artifacts=9/30 missing=21 shortfall=6dba1c367366 (tree 129/77) OVERRIDDEN=2 REJECTED=0 grant={"write":{"deps":true,"project":true,"userHome":true},"network":true}
       missing: build/Makefile, build/Release/.deps/Release/farmhash-legacy.node.d, build/Release/.deps/Release/farmhash.node.d, build/Release/.deps/Release/obj.target/farmhash/src/bindings.o.d, build/Release/.deps/Release/obj.target/farmhash/src/upstream/farmhash.o.d, build/Release/.deps/Release/obj.target/farmhash-legacy/src/bindings.o.d (+15)
     [fb2126003217/i] DEBUG final message final_message=; header 1271:QUERY:RD:NoError:QUERY
     [fb2126003217/i] DEBUG final message final_message=; header 54331:QUERY:RD:NoError:QUERY
     [fb2126003217/i] DEBUG final message final_message=; header 38138:QUERY:RD:NoError:QUERY
     [fb2126003217/i] DEBUG final message final_message=; header 58001:QUERY:RD:NoError:QUERY
     [fb2126003217/i] DEBUG response: ; header 1271:RESPONSE:RD,RA:NoError:QUERY
     [fb2126003217/i] DEBUG response: ; header 1271:RESPONSE:RD,RA:NoError:QUERY
     [fb2126003217/i] DEBUG response: ; header 54331:RESPONSE:RD,RA:NoError:QUERY
     [fb2126003217/i] DEBUG response: ; header 54331:RESPONSE:RD,RA:NoError:QUERY
     [fb2126003217/i] DEBUG response: ; header 38138:RESPONSE:RD,RA:NoError:QUERY
     [fb2126003217/i] DEBUG response: ; header 38138:RESPONSE:RD,RA:NoError:QUERY
     [fb2126003217/i] DEBUG response: ; header 58001:RESPONSE:RD,RA:NoError:QUERY
     [fb2126003217/i] DEBUG response: ; header 58001:RESPONSE:RD,RA:NoError:QUERY
  EVICT     3 store entries removed, 0 spared as nub tooling
  SE-PURGE  0 side-effects-cache entries for farmhash
OSV-SCREEN {"schemaVersion":1,"kind":"nub-fb3938809772-resolved","status":"clean","digest":"4c54b8bbd48e33b6770274e7f3d4129aff60a33ad8665877db53a19357d4db4e","specCount":2,"lockfiles":{"digest":"a5a9de768c7a36d36c9e6c5c1603f75e8297285e435dea3b9bd7b7b0dbf1ebc4","files":[{"path":"nub.lock","sha256":"35e4c2a084a19050770cf83363f33a4f08756afc28a78aab522cda3380f46ecb","bytes":603}]},"maliciousAdvisories":[],"screenedAt":"2026-08-24T20:29:25.739Z","cacheHit":true,"clearancePath":"/home/runner/v2-8QNiwd/security/nub-fb3938809772-resolved.json"}
  SECURITY nub-fb3938809772-resolved clean: 2 exact package-version(s), tree 4c54b8bbd48e (cached exact-tree clearance)
  VERIFY[fb3938809772] rc=1 artifacts=9/30 missing=21 shortfall=6dba1c367366 (tree 129/77) OVERRIDDEN=2 REJECTED=0 grant={"write":{"deps":true,"project":true,"userHome":true},"read":"disk","network":true}
       missing: build/Makefile, build/Release/.deps/Release/farmhash-legacy.node.d, build/Release/.deps/Release/farmhash.node.d, build/Release/.deps/Release/obj.target/farmhash/src/bindings.o.d, build/Release/.deps/Release/obj.target/farmhash/src/upstream/farmhash.o.d, build/Release/.deps/Release/obj.target/farmhash-legacy/src/bindings.o.d (+15)
     [fb3938809772/i] DEBUG final message final_message=; header 56422:QUERY:RD:NoError:QUERY
     [fb3938809772/i] DEBUG final message final_message=; header 3359:QUERY:RD:NoError:QUERY
     [fb3938809772/i] DEBUG final message final_message=; header 32573:QUERY:RD:NoError:QUERY
     [fb3938809772/i] DEBUG response: ; header 56422:RESPONSE:RD,RA:NoError:QUERY
     [fb3938809772/i] DEBUG response: ; header 56422:RESPONSE:RD,RA:NoError:QUERY
     [fb3938809772/i] DEBUG response: ; header 3359:RESPONSE:RD,RA:NoError:QUERY
     [fb3938809772/i] DEBUG response: ; header 3359:RESPONSE:RD,RA:NoError:QUERY
     [fb3938809772/i] DEBUG final message final_message=; header 24895:QUERY:RD:NoError:QUERY
     [fb3938809772/i] DEBUG response: ; header 32573:RESPONSE:RD,RA:NoError:QUERY
     [fb3938809772/i] DEBUG response: ; header 32573:RESPONSE:RD,RA:NoError:QUERY
     [fb3938809772/i] DEBUG response: ; header 24895:RESPONSE:RD,RA:NoError:QUERY
     [fb3938809772/i] DEBUG response: ; header 24895:RESPONSE:RD,RA:NoError:QUERY
  EVICT     3 store entries removed, 0 spared as nub tooling
  SE-PURGE  0 side-effects-cache entries for farmhash
OSV-SCREEN {"schemaVersion":1,"kind":"nub-fb2742342390-resolved","status":"clean","digest":"4c54b8bbd48e33b6770274e7f3d4129aff60a33ad8665877db53a19357d4db4e","specCount":2,"lockfiles":{"digest":"a5a9de768c7a36d36c9e6c5c1603f75e8297285e435dea3b9bd7b7b0dbf1ebc4","files":[{"path":"nub.lock","sha256":"35e4c2a084a19050770cf83363f33a4f08756afc28a78aab522cda3380f46ecb","bytes":603}]},"maliciousAdvisories":[],"screenedAt":"2026-08-24T20:29:25.739Z","cacheHit":true,"clearancePath":"/home/runner/v2-8QNiwd/security/nub-fb2742342390-resolved.json"}
  SECURITY nub-fb2742342390-resolved clean: 2 exact package-version(s), tree 4c54b8bbd48e (cached exact-tree clearance)
  VERIFY[fb2742342390] rc=1 artifacts=9/30 missing=21 shortfall=6dba1c367366 (tree 129/77) OVERRIDDEN=2 REJECTED=0 grant={"write":"disk","network":true}
       missing: build/Makefile, build/Release/.deps/Release/farmhash-legacy.node.d, build/Release/.deps/Release/farmhash.node.d, build/Release/.deps/Release/obj.target/farmhash/src/bindings.o.d, build/Release/.deps/Release/obj.target/farmhash/src/upstream/farmhash.o.d, build/Release/.deps/Release/obj.target/farmhash-legacy/src/bindings.o.d (+15)
     [fb2742342390/i] DEBUG final message final_message=; header 44154:QUERY:RD:NoError:QUERY
     [fb2742342390/i] DEBUG final message final_message=; header 49709:QUERY:RD:NoError:QUERY
     [fb2742342390/i] DEBUG final message final_message=; header 19818:QUERY:RD:NoError:QUERY
     [fb2742342390/i] DEBUG final message final_message=; header 65422:QUERY:RD:NoError:QUERY
     [fb2742342390/i] DEBUG response: ; header 44154:RESPONSE:RD,RA:NoError:QUERY
     [fb2742342390/i] DEBUG response: ; header 44154:RESPONSE:RD,RA:NoError:QUERY
     [fb2742342390/i] DEBUG response: ; header 49709:RESPONSE:RD,RA:NoError:QUERY
     [fb2742342390/i] DEBUG response: ; header 49709:RESPONSE:RD,RA:NoError:QUERY
     [fb2742342390/i] DEBUG response: ; header 65422:RESPONSE:RD,RA:NoError:QUERY
     [fb2742342390/i] DEBUG response: ; header 65422:RESPONSE:RD,RA:NoError:QUERY
     [fb2742342390/i] DEBUG response: ; header 19818:RESPONSE:RD,RA:NoError:QUERY
     [fb2742342390/i] DEBUG response: ; header 19818:RESPONSE:RD,RA:NoError:QUERY
  NOT-GRANT-INDEPENDENT every arm exited non-zero — nothing installed at any grant
  jail-off control: resolved as nspjailoffcontrol (rc=0)
OSV-SCREEN {"schemaVersion":1,"kind":"nub-unjailed-resolved","status":"clean","digest":"4c54b8bbd48e33b6770274e7f3d4129aff60a33ad8665877db53a19357d4db4e","specCount":2,"lockfiles":{"digest":"a5a9de768c7a36d36c9e6c5c1603f75e8297285e435dea3b9bd7b7b0dbf1ebc4","files":[{"path":"nub.lock","sha256":"35e4c2a084a19050770cf83363f33a4f08756afc28a78aab522cda3380f46ecb","bytes":603}]},"maliciousAdvisories":[],"screenedAt":"2026-08-24T20:29:25.739Z","cacheHit":true,"clearancePath":"/home/runner/v2-8QNiwd/security/nub-unjailed-resolved.json"}
  SECURITY nub-unjailed-resolved clean: 2 exact package-version(s), tree 4c54b8bbd48e (cached exact-tree clearance)
  jail-off control: nub installs this package unjailed (rc=0), so the jail IS the difference
  => NO-STATE-PASSED even at write:disk — investigate; do not widen the catalog blindly
