OSV-SCREEN {"schemaVersion":1,"kind":"direct","status":"clean","digest":"5fc5cc9d770ebae177841b5f7f406cf4bcfe353c9f8af1ad9d1be5a9d3ecd129","specCount":1,"lockfiles":{"digest":null,"files":[]},"maliciousAdvisories":[],"screenedAt":"2026-09-08T00:46:37.963Z","cacheHit":false,"clearancePath":"/Users/runner/v2m-ngdKGi/security/direct.json"}
  SECURITY direct clean: 1 exact package-version(s), tree 5fc5cc9d770e
### jest-stare@1.6.5   (/Users/runner/v2m-ngdKGi)   nub=/tmp/nub/target/release/nub
  VENUE-NUB-BINARY {"path":"/tmp/nub/target/release/nub","sha256":"f923f9d246b7061a3e88675efb7b4fdcda741d02368002ce6e7f7044b01e7bbe","bytes":93818888,"features":{"buildJailCatalogOverride":true,"pythonDontWriteBytecodeEnv":true}}
  CI-ENV scrubbed: CI GITHUB_ACTIONS
  --- fbt preflight (advisory; never fails the run) ---
     csrutil: System Integrity Protection status: disabled.
     fbt probes visible: 93591
     fbt enable attempt: dtrace: description 'fbt:::entry ' matched 50364 probes CPU     ID                    FUNCTION:NAME 
     cwd builtin value:  
     fbt chdir symbols:  
     fbt fires on spawn-with-cwd: dtrace: invalid probe specifier fbt::chdir*:entry /progenyof($target)/ { @[probefunc] = count(); }: probe description fbt::chdir*:entry does not match any probes 
  --- end fbt preflight ---
OSV-SCREEN {"schemaVersion":1,"kind":"npm-observe-resolved","status":"clean","digest":"0abf65310702e21faa80fcff8439a00adea53ec9915ddaf21d82bc8d9444587f","specCount":36,"lockfiles":{"digest":"343b9f97bf57622efc8c516fa2cb48f9be985b76e42515881d1d04269d049fc9","files":[{"path":"package-lock.json","sha256":"873b317bc970d52534569fed49047f07165766a9f10f71a459b9148d14434535","bytes":14447}]},"maliciousAdvisories":[],"screenedAt":"2026-09-08T00:46:45.229Z","cacheHit":false,"clearancePath":"/Users/runner/v2m-ngdKGi/security/npm-observe-resolved.json"}
  SECURITY npm-observe-resolved clean: 36 exact package-version(s), tree 0abf65310702
  VENUE-CI-CHILD clean (no CI-detection variable reaches the traced script)
  --- wrapper (run.sh) ---
     cd "/Users/runner/v2m-ngdKGi/Observe"
     sudo -u "runner" -H env "PATH=$PATH"   "HOME=/Users/runner/v2m-ngdKGi/jailhome"   "TMPDIR=/private/var/folders/bl/vzjcvbz95c3dk19cb0fw46180000gn/T/nub-tmp-obsTE8LZV"   "NODE_COMPAT=1"   "PYTHONDONTWRITEBYTECODE=1"   "PLAYWRIGHT_BROWSERS_PATH=/Users/runner/.cache/nub/pm/tools/ms-playwright"   "ELECTRON_CACHE=/Users/runner/.cache/nub/pm/tools/electron-cache"   "electron_config_cache=/Users/runner/.cache/nub/pm/tools/electron-cache"   "npm_config_prefix=/Users/runner/.cache/nub/pm/tools/npm-prefix"   "/Users/runner/hostedtoolcache/node/22.23.2/arm64/bin/npm" rebuild --no-audit --no-fund "jest-stare" > "/Users/runner/v2m-ngdKGi/Observe/npm.log" 2>&1
     echo $? > "/Users/runner/v2m-ngdKGi/Observe/rc"
  --- dtrace stderr + wrapper trace ---
     + cd /Users/runner/v2m-ngdKGi/Observe
     + sudo -u runner -H env PATH=/Users/runner/hostedtoolcache/node/22.23.2/arm64/bin:/opt/homebrew/lib/ruby/gems/3.3.0/bin:/opt/homebrew/opt/ruby@3.3/bin:/Users/runner/.local/bin:/opt/homebrew/bin:/opt/homebrew/sbin:/Users/runner/.cargo/bin:/usr/local/opt/curl/bin:/usr/local/bin:/usr/local/sbin:/Users/runner/bin:/Users/runner/.yarn/bin:/Users/runner/Library/Android/sdk/tools:/Users/runner/Library/Android/sdk/platform-tools:/Library/Frameworks/Python.framework/Versions/Current/bin:/Library/Frameworks/Mono.framework/Versions/Current/Commands:/usr/bin:/bin:/usr/sbin:/sbin:/Users/runner/.dotnet/tools HOME=/Users/runner/v2m-ngdKGi/jailhome TMPDIR=/private/var/folders/bl/vzjcvbz95c3dk19cb0fw46180000gn/T/nub-tmp-obsTE8LZV NODE_COMPAT=1 PYTHONDONTWRITEBYTECODE=1 PLAYWRIGHT_BROWSERS_PATH=/Users/runner/.cache/nub/pm/tools/ms-playwright ELECTRON_CACHE=/Users/runner/.cache/nub/pm/tools/electron-cache electron_config_cache=/Users/runner/.cache/nub/pm/tools/electron-cache npm_config_prefix=/Users/runner/.cache/nub/pm/tools/npm-prefix /Users/runner/hostedtoolcache/node/22.23.2/arm64/bin/npm rebuild --no-audit --no-fund jest-stare
     dtrace: error on enabled probe ID 128 (ID 286: syscall::execve:entry): invalid address (0x600001544000) in action #1 at DIF offset 20
     + echo 127
  OBSERVE   rc=127 dtrace_rc=0 files=1436 (pre=1434) trace=15810 lines
  => BROKEN-WITHOUT-JAIL-TOO (unjailed control failed rc=127; nothing to measure)
     npm error code 127
     npm error path /Users/runner/v2m-ngdKGi/Observe/node_modules/jest-stare
     npm error command failed
     npm error command sh -c npm run build
     npm error > jest-stare@1.6.5 prebuild
     npm error > npm run clean && npm run lint && echo Using TypeScript && tsc --version
     npm error
     npm error
     npm error > jest-stare@1.6.5 clean
     npm error > rimraf lib && rimraf coverage
     npm error sh: rimraf: command not found
     npm notice
     npm notice New major version of npm available! 10.9.8 -> 12.0.2
     npm notice Changelog: https://github.com/npm/cli/releases/tag/v12.0.2
     npm notice To update run: npm install -g npm@12.0.2
     npm notice
     npm error A complete log of this run can be found in: /Users/runner/v2m-ngdKGi/jailhome/.npm/_logs/2026-09-08T00_46_47_009Z-debug-0.log
