### egg-ci@2.2.0   (D:\jail\m-eggci-mtrnovcw)
  CI-ENV scrubbed: CI GITHUB_ACTIONS
OSV-SCREEN {"schemaVersion":1,"kind":"direct","status":"clean","digest":"d1f7329df134568cff48ffc07987c7945d8f333f2b0cfc809f78aed88f4c9916","specCount":1,"lockfiles":{"digest":null,"files":[]},"maliciousAdvisories":[],"screenedAt":"2026-09-07T19:51:16.453Z","cacheHit":false,"clearancePath":"D:\\jail\\m-eggci-mtrnovcw\\security\\direct.json"}
  SECURITY direct clean: 1 exact package-version(s), tree d1f7329df134
OSV-SCREEN {"schemaVersion":1,"kind":"npm-observe-resolved","status":"clean","digest":"54652d6e07e13672e96955d8d6c1f1509eee6a63d1c1d77b9e03e7f5a194ad61","specCount":5,"lockfiles":{"digest":"89ece7da59d108bba39630ff69002f565a410de4afb4a28da131d0c245cb3074","files":[{"path":"package-lock.json","sha256":"ef31d38bf3b78b28975610655847f30152747be600f5bc9f57153418c9e1d0aa","bytes":2223}]},"maliciousAdvisories":[],"screenedAt":"2026-09-07T19:51:18.331Z","cacheHit":false,"clearancePath":"D:\\jail\\m-eggci-mtrnovcw\\security\\npm-observe-resolved.json"}
  SECURITY npm-observe-resolved clean: 5 exact package-version(s), tree 54652d6e07e1
  CAPTURE user=runnervmeef0v\runneradmin elevated=True rootPid=3360 exit=0 events=21750 lost=0
  VENUE-OBSERVE-USER runnervmeef0v\runneradmin elevated=true privDropped={"SeBackupPrivilege":"removed","SeRestorePrivilege":"removed","SeTakeOwnershipPrivilege":"removed"}
  OBSERVE artifacts: 7 files  (D:\jail\m-eggci-mtrnovcw\observe\node_modules\egg-ci)
  ARM-FALSIFIABILITY {"manifestFiles":7,"filesTheScriptProduced":0,"reasons":["gate-vacuous"]}
  ⛔ ARMS-UNFALSIFIABLE — a green arm for this package carries no evidence:
       gate-vacuous: the script changed no file the artifact gate keys on — every file in the manifest (7) was already present at its final size before the script ran, so the gate passes in every arm including a completely broken one
       The grant may still be correct; what is missing is a signal that could have gone
       red. Do not read this record's MINIMAL as a passing measurement.
  CLOSURE 5 packages evicted per arm
  8.3 MAP 0 components resolved on runnervmeef0v, folded into capture.json
  == ROOTS (from capture.json — R2: no ambient reads) ==
    project       D:\jail\m-eggci-mtrnovcw\observe   [keyed on]
    home          C:\Users\runneradmin   [keyed on]
    jailHome      (null — declared inapplicable)
    globalStore   C:\Users\runneradmin\AppData\Local\nub\pm\store
    projectStore  D:\jail\m-eggci-mtrnovcw\observe\node_modules\.store
    interpreter   C:\hostedtoolcache\windows\node\22.23.2\x64\node.exe
    toolsDir      C:\Users\runneradmin\AppData\Local\nub\pm\tools
    temp          D:\jail\m-eggci-mtrnovcw\tmp   [keyed on]
    npmPrefix     (null — declared inapplicable)
    ownPkg        D:\jail\m-eggci-mtrnovcw\observe\node_modules\egg-ci
  == ATTRIBUTION == lifecycle pids: 2 (root 3360)
    writes  script 3  /  whole traced tree 10
    peers   script 0  /  whole traced tree 0
  == WRITES ==
    project       3
  == READS ==
    deps         33
    outside       6
    project       2
    systemfs     23
  == NETWORK ==
    distinct peers: 0
  == REFUSALS (adapter-classified) ==
    distinct: 0
  == SYNTHESIZED GRANT (verify this in the real unprivileged jail) ==
    {"write":{"project":true}}
  RAW       etw-raw.xml.gz  27745544 B xml -> 402294 B gz (69.0x)  sha256 f3269f6887a27f6e…
  HEADER    etw-header.json (5035 bytes)
  DERIVED   5345 distinct from 6512 kept ops (21750 xml events, 1640 out of subtree)
  PROCS     4   thread-reattributed 0
  8.3       0 expanded, 0 kept short, 0 not covered  [map: recorded 8.3 map (0 components, resolved on runnervmeef0v)]
  wrote events.ndjson.gz (67609 bytes)
  RAWLOG-CAPTURE D:\jail\m-eggci-mtrnovcw\cap\capture.json
  VENUE-NUB-BINARY {"path":"C:/Users/RUNNER~1/AppData/Local/Temp/nub/target/release/nub.exe","sha256":"f186817a44be332fee712b4936a071a0b5f9cde18a1d2fdc3a791729d4bf1005","bytes":68717056,"features":{"buildJailCatalogOverride":true,"pythonDontWriteBytecodeEnv":true}}
  VENUE-INTERPRETER C:\hostedtoolcache\windows\node\22.23.2\x64\node.exe
  VENUE-JAIL-ROOT D:\jail\m-eggci-mtrnovcw
  VENUE-OVERRIDES {"set":{"npm_config_cache":"D:\\jail\\m-eggci-mtrnovcw\\npm-cache","TMP":"D:\\jail\\m-eggci-mtrnovcw\\tmp","TEMP":"D:\\jail\\m-eggci-mtrnovcw\\tmp","TMPDIR":"D:\\jail\\m-eggci-mtrnovcw\\tmp"},"unset":["CI","GITHUB_ACTIONS"],"notRedirected":{"USERPROFILE":"C:\\Users\\runneradmin","why":"the jail leaves HOME/USERPROFILE alone — `build_jail.rs` sandbox_homes() reads the ambient value and `compiler/defaults.rs` BASELINE_ENV_EXACT passes it through — so there is no private jail home to reproduce and redirecting one would measure an environment no confined script sees"},"passedThrough":{"CI":"true","GITHUB_ACTIONS":"true","NODE_ENV":null}}
  STORE   isolated virtual store at D:\jail\m-eggci-mtrnovcw\verify-synth\.cache
  VENUE-STORE-LAYOUT isolated
OSV-SCREEN {"schemaVersion":1,"kind":"nub-synth-resolved","status":"clean","digest":"54652d6e07e13672e96955d8d6c1f1509eee6a63d1c1d77b9e03e7f5a194ad61","specCount":5,"lockfiles":{"digest":"c56b88d9444c502dfbfe6a8ce73f3026a2fe3233e6a8e0d0483ed9965fa3fa66","files":[{"path":"nub.lock","sha256":"0a4959f0e4541ab82a8c489d432ac66123ec5e2af92b18a99dff6dcc410a1117","bytes":1409}]},"maliciousAdvisories":[],"screenedAt":"2026-09-07T19:51:18.331Z","cacheHit":true,"clearancePath":"D:\\jail\\m-eggci-mtrnovcw\\security\\nub-synth-resolved.json"}
  SECURITY nub-synth-resolved clean: 5 exact package-version(s), tree 54652d6e07e1 (cached exact-tree clearance)
  VERIFY[synth] rc=0 artifacts=7/7 missing=0 shortfall=none (tree 5740/69) OVERRIDDEN=2 REJECTED=0 grant={"write":{"project":true}}
  => MINIMUM {"write":{"project":true}}   (observed, then verified)
  STORE   isolated virtual store at D:\jail\m-eggci-mtrnovcw\verify-nar-no-write-project\.cache
OSV-SCREEN {"schemaVersion":1,"kind":"nub-nar-no-write-project-resolved","status":"clean","digest":"54652d6e07e13672e96955d8d6c1f1509eee6a63d1c1d77b9e03e7f5a194ad61","specCount":5,"lockfiles":{"digest":"c56b88d9444c502dfbfe6a8ce73f3026a2fe3233e6a8e0d0483ed9965fa3fa66","files":[{"path":"nub.lock","sha256":"0a4959f0e4541ab82a8c489d432ac66123ec5e2af92b18a99dff6dcc410a1117","bytes":1409}]},"maliciousAdvisories":[],"screenedAt":"2026-09-07T19:51:18.331Z","cacheHit":true,"clearancePath":"D:\\jail\\m-eggci-mtrnovcw\\security\\nub-nar-no-write-project-resolved.json"}
  SECURITY nub-nar-no-write-project-resolved clean: 5 exact package-version(s), tree 54652d6e07e1 (cached exact-tree clearance)
  VERIFY[nar-no-write-project] rc=0 artifacts=7/7 missing=0 shortfall=none (tree 5740/69) OVERRIDDEN=2 REJECTED=0 grant={}
     ⛔ OVER-PREDICTED — the strictly narrower {} also verifies; 'no-write-project' was not needed
