### puppeteer@2.1.1   (/home/runner/v2-l2qpDf)
  CI-ENV scrubbed: CI GITHUB_ACTIONS
OSV-SCREEN {"schemaVersion":1,"kind":"direct","status":"clean","digest":"a753e37d4ed93cfb1a945b7e8039adf2b39a88d9f669285ecf6d65c03a66aea5","specCount":1,"lockfiles":{"digest":null,"files":[]},"maliciousAdvisories":[],"screenedAt":"2026-09-07T23:39:49.020Z","cacheHit":false,"clearancePath":"/home/runner/v2-l2qpDf/security/direct.json"}
  SECURITY direct clean: 1 exact package-version(s), tree a753e37d4ed9
  VENUE-OBSERVE-USER {"uid":1001,"user":"runner","umask":"0022","capBnd":"000001ffffffffff","noNewPrivs":"0"}
  VENUE-NUB-BINARY {"path":"/tmp/nub/target/release/nub","sha256":"2a18683f50f7afeb02a521cd3cae175dc2f91780d461c5f012065241f5a1447b","bytes":207643464,"features":{"buildJailCatalogOverride":true,"pythonDontWriteBytecodeEnv":true}}
OSV-SCREEN {"schemaVersion":1,"kind":"npm-observe-resolved","status":"clean","digest":"45af9643a279e75271f1493ab6b1c23e6fb52f5fce8799fd6785ffd31be0120d","specCount":44,"lockfiles":{"digest":"05ab2c0d09b5b1d0ce1037d8073ce0d548084cc03c858ca0c6666c771a9ae198","files":[{"path":"package-lock.json","sha256":"e3b6a63dd176ca9593a781fa3e25f493e80d9e1d81597d05c94efc8892de5b2e","bytes":16876}]},"maliciousAdvisories":[],"screenedAt":"2026-09-07T23:39:50.702Z","cacheHit":false,"clearancePath":"/home/runner/v2-l2qpDf/security/npm-observe-resolved.json"}
  SECURITY npm-observe-resolved clean: 44 exact package-version(s), tree 45af9643a279
  OBSERVE   rc=0 files=1186 trace=27825 lines
  CLOSURE   42 packages evicted per arm
  ARM-FALSIFIABILITY {"manifestFiles":887,"filesTheScriptProduced":847,"reasons":[]}
  RAWLOG-FILE /home/runner/v2-l2qpDf/observe/trace.txt.gz
  RAWLOG-CAPTURE /home/runner/v2-l2qpDf/observe/capture.json
  RAWLOG-BYTES raw=6338300 gz=125841
  VENUE-INTERPRETER /opt/hostedtoolcache/node/22.23.2/x64
  VENUE-OVERRIDES {"set":{"HOME":"/home/runner/v2-l2qpDf/jailhome","TMPDIR":"/tmp/nub-tmp-obsOonFV6","NODE_COMPAT":"1","PLAYWRIGHT_BROWSERS_PATH":"/home/runner/.cache/nub/pm/tools/ms-playwright","ELECTRON_CACHE":"/home/runner/.cache/nub/pm/tools/electron-cache","electron_config_cache":"/home/runner/.cache/nub/pm/tools/electron-cache","npm_config_prefix":"/home/runner/.cache/nub/pm/tools/npm-prefix","PYTHONDONTWRITEBYTECODE":"1","NUB_CACHE_DIR":"/home/runner/v2-l2qpDf/nubcache"},"unset":["CI","GITHUB_ACTIONS"],"passedThrough":{"CI":"true","GITHUB_ACTIONS":"true","NODE_ENV":null}}
  == ATTRIBUTION == attributed pids: 18
    writes  script 959  /  whole traced tree 2047
    sockets script 3  /  whole traced tree 7
  == ROOTS (from capture.json — R2: no ambient reads) ==
    project       /home/runner/v2-l2qpDf/observe
    home          /home/runner
    jailHome      /home/runner/v2-l2qpDf/jailhome
    globalStore   /home/runner/.cache/nub/pm/store   [declared, not keyed on]
    projectStore  /home/runner/v2-l2qpDf/observe/node_modules/.store   [declared, not keyed on]
    interpreter   /opt/hostedtoolcache/node/22.23.2/x64   [declared, not keyed on]
    toolsDir      /home/runner/.cache/nub/pm/tools   [declared, not keyed on]
    temp          /tmp/nub-tmp-obsOonFV6
    npmPrefix     /home/runner/.cache/nub/pm/tools/npm-prefix
    ownPkg        /home/runner/v2-l2qpDf/observe/node_modules/puppeteer
  == WRITES the script actually performed ==
    ownPkg      959  (base profile already grants this — NOT billed)
        /home/runner/v2-l2qpDf/observe/node_modules/puppeteer/.local-chromium
        /home/runner/v2-l2qpDf/observe/node_modules/puppeteer/.local-chromium/download-linux-722234.zip
        /home/runner/v2-l2qpDf/observe/node_modules/puppeteer/.local-chromium/linux-722234
        /home/runner/v2-l2qpDf/observe/node_modules/puppeteer/.local-chromium/linux-722234/chrome-linux
        /home/runner/v2-l2qpDf/observe/node_modules/puppeteer/.local-chromium/linux-722234/chrome-linux/crashpad_handler
        /home/runner/v2-l2qpDf/observe/node_modules/puppeteer/.local-chromium/linux-722234/chrome-linux/locales
        /home/runner/v2-l2qpDf/observe/node_modules/puppeteer/.local-chromium/linux-722234/chrome-linux/locales/en-GB.pak.info
        /home/runner/v2-l2qpDf/observe/node_modules/puppeteer/.local-chromium/linux-722234/chrome-linux/locales/mr.pak
        /home/runner/v2-l2qpDf/observe/node_modules/puppeteer/.local-chromium/linux-722234/chrome-linux/locales/ru.pak
        /home/runner/v2-l2qpDf/observe/node_modules/puppeteer/.local-chromium/linux-722234/chrome-linux/locales/ja.pak.info
        … and 949 more
  == NETWORK ==
    AF_INET sockets: 3   distinct peers: 3
        127.0.0.53:53
        104.16.11.34:443
        142.251.218.155:443
  == REFUSALS (only `= -1 EACCES/EPERM/EROFS`) ==
    distinct: 0
  == SYNTHESIZED GRANT (verify this in the real unprivileged jail) ==
    {"network":true}
  == writePaths (DERIVED — promotion out of the package's PRIVATE home) ==
    private-home writes observed: 0
    none declared — the script wrote nothing into its private home — there is nothing to promote
  == writePaths FEASIBILITY (distinct writes outside project/deps) ==
    count: 0
    EVENTS    6755 distinct from 27744 calls (27826 lines, 54 rejoined, 0 unparsed)
    PROCS     25   lifecycle shells 13
    ⛔ 3 paths with an UNRESOLVED dirfd — kept, marked, never guessed
    unsubscribed/unmapped syscalls: getsockname×41 setsockopt×28 exit×20 getsockopt×17 recvmsg×9 getcwd×4 socketpair×3 shutdown×3
    wrote /home/runner/v2-l2qpDf/observe/events.ndjson.gz (47715 bytes)
  EVENTLOG-FILE /home/runner/v2-l2qpDf/observe/events.ndjson.gz
  EVENTLOG-STATS {"lines":27826,"parsed":27744,"unparsed":0,"unfinished":54,"rejoined":54,"unresolvedDirfd":3,"truncatedArg":0,"procs":25,"lifecyclePids":13,"distinctEvents":6755,"unknownSyscall":{"getsockname":41,"getsockopt":17,"getcwd":4,"recvmsg":9,"exit":20,"setsockopt":28,"sendmmsg":2,"socketpair":3,"shutdown":3,"exit_group":3,"wait4":3},"out":"/home/runner/v2-l2qpDf/observe/events.ndjson.gz","gzipBytes":47715}
  EVICT     28 store entries removed, 0 spared as nub tooling
  SE-PURGE  0 side-effects-cache entries for puppeteer
OSV-SCREEN {"schemaVersion":1,"kind":"nub-synth-resolved","status":"clean","digest":"45af9643a279e75271f1493ab6b1c23e6fb52f5fce8799fd6785ffd31be0120d","specCount":44,"lockfiles":{"digest":"bb1cdd4ba213550ec5d49ac8f23a58787d9af9ba4b00da7b59b119658a767eee","files":[{"path":"nub.lock","sha256":"3d876862097c0198da2f6c029be1ac2e2c1152ae9fc3bec7649c7dae5aba41a9","bytes":10676}]},"maliciousAdvisories":[],"screenedAt":"2026-09-07T23:39:50.702Z","cacheHit":true,"clearancePath":"/home/runner/v2-l2qpDf/security/nub-synth-resolved.json"}
  SECURITY nub-synth-resolved clean: 44 exact package-version(s), tree 45af9643a279 (cached exact-tree clearance)
  VENUE-STORE-LAYOUT isolated
  VERIFY[synth] rc=0 artifacts=887/887 missing=0 shortfall=none (tree 3581/1186) OVERRIDDEN=2 REJECTED=0 grant={"network":true}
  => VERIFIED {"network":true}   (observed, then verified)
  EVICT     44 store entries removed, 0 spared as nub tooling
  SE-PURGE  0 side-effects-cache entries for puppeteer
OSV-SCREEN {"schemaVersion":1,"kind":"nub-drop-no-network-resolved","status":"clean","digest":"45af9643a279e75271f1493ab6b1c23e6fb52f5fce8799fd6785ffd31be0120d","specCount":44,"lockfiles":{"digest":"bb1cdd4ba213550ec5d49ac8f23a58787d9af9ba4b00da7b59b119658a767eee","files":[{"path":"nub.lock","sha256":"3d876862097c0198da2f6c029be1ac2e2c1152ae9fc3bec7649c7dae5aba41a9","bytes":10676}]},"maliciousAdvisories":[],"screenedAt":"2026-09-07T23:39:50.702Z","cacheHit":true,"clearancePath":"/home/runner/v2-l2qpDf/security/nub-drop-no-network-resolved.json"}
  SECURITY nub-drop-no-network-resolved clean: 44 exact package-version(s), tree 45af9643a279 (cached exact-tree clearance)
  VERIFY[drop-no-network] rc=1 artifacts=40/887 missing=847 shortfall=e2d63d568bc7 (tree 1041/1186) OVERRIDDEN=2 REJECTED=0 grant={}
       missing: .local-chromium/linux-722234/chrome-linux/ClearKeyCdm/_platform_specific/linux_x64/libclearkeycdm.so, .local-chromium/linux-722234/chrome-linux/MEIPreload/manifest.json, .local-chromium/linux-722234/chrome-linux/MEIPreload/preloaded_data.pb, .local-chromium/linux-722234/chrome-linux/chrome, .local-chromium/linux-722234/chrome-linux/chrome-wrapper, .local-chromium/linux-722234/chrome-linux/chrome_100_percent.pak (+841)
     'no-network' is NECESSARY — dropping it fails to verify
  => MINIMAL — every capability in {"network":true} is independently necessary
