OSV-SCREEN {"schemaVersion":1,"kind":"direct","status":"clean","digest":"16ebcf4f5d2f076a0f0350fab9bb95e03afe5c37b33f2adf4e35db1493352083","specCount":1,"lockfiles":{"digest":null,"files":[]},"maliciousAdvisories":[],"screenedAt":"2026-09-08T03:43:00.804Z","cacheHit":false,"clearancePath":"/Users/runner/v2m-rALpjY/security/direct.json"}
  SECURITY direct clean: 1 exact package-version(s), tree 16ebcf4f5d2f
### gl@8.1.6   (/Users/runner/v2m-rALpjY)   nub=/tmp/nub/target/release/nub
  VENUE-NUB-BINARY {"path":"/tmp/nub/target/release/nub","sha256":"f923f9d246b7061a3e88675efb7b4fdcda741d02368002ce6e7f7044b01e7bbe","bytes":93818888,"features":{"buildJailCatalogOverride":true,"pythonDontWriteBytecodeEnv":true}}
  CI-ENV scrubbed: CI GITHUB_ACTIONS
  --- fbt preflight (advisory; never fails the run) ---
     csrutil: System Integrity Protection status: disabled.
     fbt probes visible: 93591
     fbt enable attempt: dtrace: description 'fbt:::entry ' matched 50364 probes CPU     ID                    FUNCTION:NAME 
     cwd builtin value:  
     fbt chdir symbols:  
     fbt fires on spawn-with-cwd: dtrace: invalid probe specifier fbt::chdir*:entry /progenyof($target)/ { @[probefunc] = count(); }: probe description fbt::chdir*:entry does not match any probes 
  --- end fbt preflight ---
OSV-SCREEN {"schemaVersion":1,"kind":"npm-observe-resolved","status":"clean","digest":"17c121eaaef9f0504ca0cbbc437be0d0cf6f1ebe0b9c7790ebdfaddc503e9333","specCount":135,"lockfiles":{"digest":"0d0053a5d955ddf88e6a888399eabf88c44666435349e902e5c851d8291e83cd","files":[{"path":"package-lock.json","sha256":"82d2ed760dfc3f0f19bec7ad82f5f6815c2018074307346e42fed0b24279a76f","bytes":61734}]},"maliciousAdvisories":[],"screenedAt":"2026-09-08T03:43:09.113Z","cacheHit":false,"clearancePath":"/Users/runner/v2m-rALpjY/security/npm-observe-resolved.json"}
  SECURITY npm-observe-resolved clean: 135 exact package-version(s), tree 17c121eaaef9
  VENUE-CI-CHILD clean (no CI-detection variable reaches the traced script)
  --- wrapper (run.sh) ---
     cd "/Users/runner/v2m-rALpjY/Observe"
     sudo -u "runner" -H env "PATH=$PATH"   "HOME=/Users/runner/v2m-rALpjY/jailhome"   "TMPDIR=/private/var/folders/bl/vzjcvbz95c3dk19cb0fw46180000gn/T/nub-tmp-obs8WajGS"   "NODE_COMPAT=1"   "PYTHONDONTWRITEBYTECODE=1"   "PLAYWRIGHT_BROWSERS_PATH=/Users/runner/.cache/nub/pm/tools/ms-playwright"   "ELECTRON_CACHE=/Users/runner/.cache/nub/pm/tools/electron-cache"   "electron_config_cache=/Users/runner/.cache/nub/pm/tools/electron-cache"   "npm_config_prefix=/Users/runner/.cache/nub/pm/tools/npm-prefix"   "/Users/runner/hostedtoolcache/node/22.23.2/arm64/bin/npm" rebuild --no-audit --no-fund "gl" > "/Users/runner/v2m-rALpjY/Observe/npm.log" 2>&1
     echo $? > "/Users/runner/v2m-rALpjY/Observe/rc"
  --- dtrace stderr + wrapper trace ---
     + cd /Users/runner/v2m-rALpjY/Observe
     + sudo -u runner -H env PATH=/Users/runner/hostedtoolcache/node/22.23.2/arm64/bin:/opt/homebrew/lib/ruby/gems/3.3.0/bin:/opt/homebrew/opt/ruby@3.3/bin:/Users/runner/.local/bin:/opt/homebrew/bin:/opt/homebrew/sbin:/Users/runner/.cargo/bin:/usr/local/opt/curl/bin:/usr/local/bin:/usr/local/sbin:/Users/runner/bin:/Users/runner/.yarn/bin:/Users/runner/Library/Android/sdk/tools:/Users/runner/Library/Android/sdk/platform-tools:/Library/Frameworks/Python.framework/Versions/Current/bin:/Library/Frameworks/Mono.framework/Versions/Current/Commands:/usr/bin:/bin:/usr/sbin:/sbin:/Users/runner/.dotnet/tools HOME=/Users/runner/v2m-rALpjY/jailhome TMPDIR=/private/var/folders/bl/vzjcvbz95c3dk19cb0fw46180000gn/T/nub-tmp-obs8WajGS NODE_COMPAT=1 PYTHONDONTWRITEBYTECODE=1 PLAYWRIGHT_BROWSERS_PATH=/Users/runner/.cache/nub/pm/tools/ms-playwright ELECTRON_CACHE=/Users/runner/.cache/nub/pm/tools/electron-cache electron_config_cache=/Users/runner/.cache/nub/pm/tools/electron-cache npm_config_prefix=/Users/runner/.cache/nub/pm/tools/npm-prefix /Users/runner/hostedtoolcache/node/22.23.2/arm64/bin/npm rebuild --no-audit --no-fund gl
     dtrace: error on enabled probe ID 128 (ID 286: syscall::execve:entry): invalid address (0x600001fc10e0) in action #1 at DIF offset 20
     + echo 0
  OBSERVE   rc=0 dtrace_rc=0 files=2726 (pre=2723) trace=13453 lines
  CLOSURE   124 packages evicted per arm   store=/Users/runner/.cache/nub/pm/store
  RAWLOG-FILE /Users/runner/v2m-rALpjY/Observe/trace.txt.gz
  RAWLOG-CAPTURE /Users/runner/v2m-rALpjY/Observe/capture.json
  RAWLOG-BYTES raw=2265481 gz=72563
  VENUE-INTERPRETER /Users/runner/hostedtoolcache/node/22.23.2/arm64
  VENUE-OVERRIDES {"set":{"PATH":"inherited-and-forwarded","HOME":"/Users/runner/v2m-rALpjY/jailhome","TMPDIR":"/private/var/folders/bl/vzjcvbz95c3dk19cb0fw46180000gn/T/nub-tmp-obs8WajGS","NODE_COMPAT":"1","PYTHONDONTWRITEBYTECODE":"1","PLAYWRIGHT_BROWSERS_PATH":"/Users/runner/.cache/nub/pm/tools/ms-playwright","ELECTRON_CACHE":"/Users/runner/.cache/nub/pm/tools/electron-cache","electron_config_cache":"/Users/runner/.cache/nub/pm/tools/electron-cache","npm_config_prefix":"/Users/runner/.cache/nub/pm/tools/npm-prefix"},"unset":["(sudo env_reset discards the caller environment; every var above is re-set after it)","CI","GITHUB_ACTIONS"],"passedThrough":{"CI":"true","GITHUB_ACTIONS":"true","NODE_ENV":null}}
  VENUE-OBSERVE-USER runner uid=501 (R7: ordinary non-root user, asserted)
  ARM-FALSIFIABILITY {"manifestFiles":1152,"filesTheScriptProduced":1,"reasons":[]}
  EVENTLOG-FILE /Users/runner/v2m-rALpjY/Observe/events.ndjson.gz
  EVENTLOG-STATS {"lines":13454,"parsed":13436,"unparsed":0,"live":true,"tracerErrors":1,"tracerErrorTotal":1,"unresolvedDirfd":24,"unresolvedFd":0,"pairedTwoPath":542,"danglingPair":0,"failed":5146,"enoent":5143,"refusals":0,"byErrno":{"ENXIO":3,"ENOENT":5143},"procs":6,"lifecyclePids":1,"distinctEvents":6287,"emitted":6287,"calls":12872,"bytes":1234332,"gzipBytes":42033,"out":"/Users/runner/v2m-rALpjY/Observe/events.ndjson"}
  == TRACER == live=true decodable-events=3451 dropped-events=1
    NOTE 16 relative path(s) under a non-AT_FDCWD dirfd were not
       scope-assigned: resolving them against the cwd would invent a path.
    ⛔ CWD-UNOBSERVED 3 relative path(s) (0 write(s)) came from a lifecycle
       process whose own cwd was never observed
       macOS spawns with posix_spawn addchdir_np, which changes directory in-kernel and
       emits no chdir syscall, so the inherited cwd cannot be trusted. These are NOT
       scope-assigned; the grant below is WIDENED instead so it covers wherever they landed.
         pid=19536 read  unproven .
         pid=19537 read  unproven .
         pid=19537 read  unproven .
    ⛔ THE TRACER DROPPED 1 EVENT(S). A dropped event is a path never
       seen, so the grant below can only be too NARROW — the direction that breaks installs.
       Treat it as a FLOOR, not a measurement, until the adapter fault is fixed:
             1 x  epid=128 action=1 fault=1 addr=0x600001fc10e0
  == ATTRIBUTION == lifecycle pids: 1
    writes  script 7  /  whole traced subtree 1097
    sockets script 2  /  whole traced subtree 3
  == ROOTS (from /Users/runner/v2m-rALpjY/Observe/capture.json; the classifier reads no other source) ==
    project       /Users/runner/v2m-rALpjY/Observe
    home          /Users/runner
    jailHome      /Users/runner/v2m-rALpjY/jailhome
    globalStore   /Users/runner/.cache/nub/pm/store
    projectStore  /Users/runner/v2m-rALpjY/Observe/node_modules/.store
    interpreter   /Users/runner/hostedtoolcache/node/22.23.2/arm64
    toolsDir      /Users/runner/.cache/nub/pm/tools
    temp          /private/var/folders/bl/vzjcvbz95c3dk19cb0fw46180000gn/T/nub-tmp-obs8WajGS
    npmPrefix     /Users/runner/.cache/nub/pm/tools/npm-prefix
    ownPkg        /Users/runner/v2m-rALpjY/Observe/node_modules/gl
    cwd           (null — this platform has no such root)
  == WRITES the script actually performed ==
    systemfs      1
        /dev/dtracehelper
    jailHome      3  (base profile already grants this — NOT billed)
        /Users/runner/v2m-rALpjY/jailhome/.npm/_prebuilds
        /Users/runner/v2m-rALpjY/jailhome/.npm/_prebuilds/987cae-gl-v8.1.6-node-v127-darwin-arm64.tar.gz.19537-f9d88229cdf11.tmp
        /Users/runner/v2m-rALpjY/jailhome/.npm/_prebuilds/987cae-gl-v8.1.6-node-v127-darwin-arm64.tar.gz
    ownPkg        3  (base profile already grants this — NOT billed)
        /Users/runner/v2m-rALpjY/Observe/node_modules/gl/build
        /Users/runner/v2m-rALpjY/Observe/node_modules/gl/build/Release
        /Users/runner/v2m-rALpjY/Observe/node_modules/gl/build/Release/webgl.node
  == READS the script performed, by scope ==
    outside       8
    systemfs      9
    userHome      2
    deps        135
    ownPkg        2
    jailHome      1
        outside: /
        outside: /bin/bash
        outside: /bin
        outside: /usr/bin/env
        outside: /usr/bin
        outside: /etc/localtime
        outside: /var/db/timezone/zoneinfo/posixrules
        outside: /var/db/timezone/zoneinfo/UTC
  == NETWORK ==
    AF_INET connects: 2   distinct peers: 2
        172.182.252.133:443
        185.199.110.133:443
  == REFUSALS (errno EPERM/EACCES/EROFS only; ENOENT is a miss, not a denial) ==
    distinct: 0
  == SYNTHESIZED GRANT (verify this in the real unprivileged jail) ==
    {"network":true}
  == writePaths (DERIVED — promotion out of the package's PRIVATE home) ==
    private-home writes observed: 3
    none declared — every write was a FILE at the top of the private home, or landed in a directory the TOOLCHAIN owns (see `writePathsDeny`) — an entry names a directory belonging to the PACKAGE, so there is nothing to name
  == writePaths FEASIBILITY (distinct writes outside project/deps) ==
    count: 0
  EVICT[synth] 52 store entries removed, 15 spared as nub tooling, 404 in store
OSV-SCREEN {"schemaVersion":1,"kind":"nub-synth-resolved","status":"clean","digest":"17c121eaaef9f0504ca0cbbc437be0d0cf6f1ebe0b9c7790ebdfaddc503e9333","specCount":135,"lockfiles":{"digest":"f0b043a5ee663e15d395e7acb7f9b2c4f2e883e2972e77d9871328fdbb17aff1","files":[{"path":"nub.lock","sha256":"d170561919422e025fd91296feba5ef76c3f3d806278da889c7230ee8b582fd9","bytes":33495}]},"maliciousAdvisories":[],"screenedAt":"2026-09-08T03:43:09.113Z","cacheHit":true,"clearancePath":"/Users/runner/v2m-rALpjY/security/nub-synth-resolved.json"}
  SECURITY nub-synth-resolved clean: 135 exact package-version(s), tree 17c121eaaef9 (cached exact-tree clearance)
  VENUE-STORE-LAYOUT isolated
  VERIFY[synth] rc=0 artifacts=1151/1151 missing=0 shortfall=none (tree 8456/2726) OVERRIDDEN=3 REJECTED=0 grant={"network":true}
  => VERIFIED {"network":true}
  EVICT[nar-no-network] 132 store entries removed, 15 spared as nub tooling, 484 in store
OSV-SCREEN {"schemaVersion":1,"kind":"nub-nar-no-network-resolved","status":"clean","digest":"17c121eaaef9f0504ca0cbbc437be0d0cf6f1ebe0b9c7790ebdfaddc503e9333","specCount":135,"lockfiles":{"digest":"f0b043a5ee663e15d395e7acb7f9b2c4f2e883e2972e77d9871328fdbb17aff1","files":[{"path":"nub.lock","sha256":"d170561919422e025fd91296feba5ef76c3f3d806278da889c7230ee8b582fd9","bytes":33495}]},"maliciousAdvisories":[],"screenedAt":"2026-09-08T03:43:09.113Z","cacheHit":true,"clearancePath":"/Users/runner/v2m-rALpjY/security/nub-nar-no-network-resolved.json"}
  SECURITY nub-nar-no-network-resolved clean: 135 exact package-version(s), tree 17c121eaaef9 (cached exact-tree clearance)
  VERIFY[nar-no-network] rc=0 artifacts=1508/1151 missing=0 shortfall=none (tree 9527/2726) OVERRIDDEN=3 REJECTED=0 grant={}
     ⛔ OVER-PREDICTED — the strictly narrower {} also verifies; 'no-network' was not needed
### DONE gl@8.1.6  synthesized={"network":true} verified=1
