### @tsparticles/engine@4.4.0   (/home/runner/v2-ihuJZ9)
  CI-ENV scrubbed: CI GITHUB_ACTIONS
OSV-SCREEN {"schemaVersion":1,"kind":"direct","status":"clean","digest":"72dca473e0b58fa8fad5a3ee463e3d6c344db42cd7e19385551159f2af9a0c3a","specCount":1,"lockfiles":{"digest":null,"files":[]},"maliciousAdvisories":[],"screenedAt":"2026-09-09T22:53:16.164Z","cacheHit":false,"clearancePath":"/home/runner/v2-ihuJZ9/security/direct.json"}
  SECURITY direct clean: 1 exact package-version(s), tree 72dca473e0b5
  VENUE-OBSERVE-USER {"uid":1001,"user":"runner","umask":"0022","capBnd":"000001ffffffffff","noNewPrivs":"0"}
  VENUE-NUB-BINARY {"path":"/tmp/nub/target/release/nub","sha256":"2a18683f50f7afeb02a521cd3cae175dc2f91780d461c5f012065241f5a1447b","bytes":207643464,"features":{"buildJailCatalogOverride":true,"pythonDontWriteBytecodeEnv":true}}
OSV-SCREEN {"schemaVersion":1,"kind":"npm-observe-resolved","status":"clean","digest":"72dca473e0b58fa8fad5a3ee463e3d6c344db42cd7e19385551159f2af9a0c3a","specCount":1,"lockfiles":{"digest":"c11d0c4586f6fab56c9d35b6ed3b0262cff6496bc04c2ab65e65502609f698fc","files":[{"path":"package-lock.json","sha256":"d2ea83518fdc15348b0e47dbc1424cd59a3f7df3c363a1f2b012979cb4e42ba7","bytes":931}]},"maliciousAdvisories":[],"screenedAt":"2026-09-09T22:53:16.164Z","cacheHit":true,"clearancePath":"/home/runner/v2-ihuJZ9/security/npm-observe-resolved.json"}
  SECURITY npm-observe-resolved clean: 1 exact package-version(s), tree 72dca473e0b5 (cached exact-tree clearance)
  OBSERVE   rc=0 files=614 trace=10819 lines
  CLOSURE   1 packages evicted per arm
  ARM-FALSIFIABILITY {"manifestFiles":610,"filesTheScriptProduced":0,"reasons":["gate-vacuous"]}
  ⛔ ARMS-UNFALSIFIABLE — a green arm for this package carries no evidence:
       gate-vacuous: the script changed no file the artifact gate keys on — every file in the manifest (610) was already present at its final size before the script ran, so the gate passes in every arm including a completely broken one
       The grant may still be correct; what is missing is a signal that could have gone
       red. Do not read this record's MINIMAL as a passing measurement.
  RAWLOG-FILE /home/runner/v2-ihuJZ9/observe/trace.txt.gz
  RAWLOG-CAPTURE /home/runner/v2-ihuJZ9/observe/capture.json
  RAWLOG-BYTES raw=2373193 gz=68999
  VENUE-INTERPRETER /opt/hostedtoolcache/node/22.23.2/x64
  VENUE-OVERRIDES {"set":{"HOME":"/home/runner/v2-ihuJZ9/jailhome","TMPDIR":"/tmp/nub-tmp-obscHEDJf","NODE_COMPAT":"1","PLAYWRIGHT_BROWSERS_PATH":"/home/runner/.cache/nub/pm/tools/ms-playwright","ELECTRON_CACHE":"/home/runner/.cache/nub/pm/tools/electron-cache","electron_config_cache":"/home/runner/.cache/nub/pm/tools/electron-cache","npm_config_prefix":"/home/runner/.cache/nub/pm/tools/npm-prefix","PYTHONDONTWRITEBYTECODE":"1","NUB_CACHE_DIR":"/home/runner/v2-ihuJZ9/nubcache"},"unset":["CI","GITHUB_ACTIONS"],"passedThrough":{"CI":"true","GITHUB_ACTIONS":"true","NODE_ENV":null}}
  == ATTRIBUTION == attributed pids: 17
    writes  script 0  /  whole traced tree 1088
    sockets script 0  /  whole traced tree 4
  == ROOTS (from capture.json — R2: no ambient reads) ==
    project       /home/runner/v2-ihuJZ9/observe
    home          /home/runner
    jailHome      /home/runner/v2-ihuJZ9/jailhome
    globalStore   /home/runner/.cache/nub/pm/store   [declared, not keyed on]
    projectStore  /home/runner/v2-ihuJZ9/observe/node_modules/.store   [declared, not keyed on]
    interpreter   /opt/hostedtoolcache/node/22.23.2/x64   [declared, not keyed on]
    toolsDir      /home/runner/.cache/nub/pm/tools   [declared, not keyed on]
    temp          /tmp/nub-tmp-obscHEDJf
    npmPrefix     /home/runner/.cache/nub/pm/tools/npm-prefix
    ownPkg        /home/runner/v2-ihuJZ9/observe/node_modules/@tsparticles/engine
  == WRITES the script actually performed ==
  == NETWORK ==
    AF_INET sockets: 0   distinct peers: 2
        127.0.0.53:53
        104.16.8.34:443
  == REFUSALS (only `= -1 EACCES/EPERM/EROFS`) ==
    distinct: 0
  == SYNTHESIZED GRANT (verify this in the real unprivileged jail) ==
    {}
  == writePaths (DERIVED — promotion out of the package's PRIVATE home) ==
    private-home writes observed: 0
    none declared — the script wrote nothing into its private home — there is nothing to promote
  == writePaths FEASIBILITY (distinct writes outside project/deps) ==
    count: 0
    EVENTS    4377 distinct from 10700 calls (10820 lines, 93 rejoined, 0 unparsed)
    PROCS     24   lifecycle shells 12
    ⛔ 3 paths with an UNRESOLVED dirfd — kept, marked, never guessed
    unsubscribed/unmapped syscalls: getsockname×24 setsockopt×23 exit×19 getsockopt×11 recvmsg×7 getcwd×5 socketpair×3 shutdown×3
    wrote /home/runner/v2-ihuJZ9/observe/events.ndjson.gz (31012 bytes)
  EVENTLOG-FILE /home/runner/v2-ihuJZ9/observe/events.ndjson.gz
  EVENTLOG-STATS {"lines":10820,"parsed":10700,"unparsed":0,"unfinished":93,"rejoined":93,"unresolvedDirfd":3,"truncatedArg":0,"procs":24,"lifecyclePids":12,"distinctEvents":4377,"unknownSyscall":{"getsockname":24,"getsockopt":11,"getcwd":5,"recvmsg":7,"exit":19,"setsockopt":23,"sendmmsg":1,"socketpair":3,"shutdown":3,"exit_group":3,"wait4":3},"out":"/home/runner/v2-ihuJZ9/observe/events.ndjson.gz","gzipBytes":31012}
  EVICT     0 store entries removed, 0 spared as nub tooling
  SE-PURGE  0 side-effects-cache entries for @tsparticles/engine
OSV-SCREEN {"schemaVersion":1,"kind":"nub-synth-resolved","status":"clean","digest":"72dca473e0b58fa8fad5a3ee463e3d6c344db42cd7e19385551159f2af9a0c3a","specCount":1,"lockfiles":{"digest":"57ebc403eb04997f56be7425c49a67e7d273cee438bd99fa4606c081042fb6b4","files":[{"path":"nub.lock","sha256":"e9e6e557d1fce474e1f7141d7efe8b171f7984d2ac534d28ce090e475d3562a1","bytes":421}]},"maliciousAdvisories":[],"screenedAt":"2026-09-09T22:53:16.164Z","cacheHit":true,"clearancePath":"/home/runner/v2-ihuJZ9/security/nub-synth-resolved.json"}
  SECURITY nub-synth-resolved clean: 1 exact package-version(s), tree 72dca473e0b5 (cached exact-tree clearance)
  VENUE-STORE-LAYOUT isolated
  VERIFY[synth] rc=0 artifacts=610/610 missing=0 shortfall=none (tree 1838/614) OVERRIDDEN=3 REJECTED=0 grant={}
  => VERIFIED {}   (observed, then verified)
  DESCEND   grant is already empty — nothing to narrow; MINIMAL by construction.
