### @ibm/plex-sans-devanagari@1.1.0   (D:\jail\m-ibmplexsansdevanagari-mtrl8jzl)
  CI-ENV scrubbed: CI GITHUB_ACTIONS
OSV-SCREEN {"schemaVersion":1,"kind":"direct","status":"clean","digest":"ebe5add9015081d0eebad0232c42e2a9fdbcd5e8528f4a3cfb0a5583ba2db336","specCount":1,"lockfiles":{"digest":null,"files":[]},"maliciousAdvisories":[],"screenedAt":"2026-09-07T18:42:35.954Z","cacheHit":false,"clearancePath":"D:\\jail\\m-ibmplexsansdevanagari-mtrl8jzl\\security\\direct.json"}
  SECURITY direct clean: 1 exact package-version(s), tree ebe5add90150
OSV-SCREEN {"schemaVersion":1,"kind":"npm-observe-resolved","status":"clean","digest":"1d8d9f8ddd74b6a5b929be7caf9d51c949d3cff6f689140a84eadecd9baa5c26","specCount":2,"lockfiles":{"digest":"81fd97e642ad58244a8c885d3f617f21362b809729b30caebe739440743f62a6","files":[{"path":"package-lock.json","sha256":"4bd98e475053108d797c91718816fc14f2b9bf5ace0668005fdf28f9afc86616","bytes":1060}]},"maliciousAdvisories":[],"screenedAt":"2026-09-07T18:42:37.495Z","cacheHit":false,"clearancePath":"D:\\jail\\m-ibmplexsansdevanagari-mtrl8jzl\\security\\npm-observe-resolved.json"}
  SECURITY npm-observe-resolved clean: 2 exact package-version(s), tree 1d8d9f8ddd74
  CAPTURE user=runnervmeef0v\runneradmin elevated=True rootPid=7388 exit=0 events=24459 lost=0
  VENUE-OBSERVE-USER runnervmeef0v\runneradmin elevated=true privDropped={"SeBackupPrivilege":"removed","SeRestorePrivilege":"removed","SeTakeOwnershipPrivilege":"removed"}
  OBSERVE artifacts: 33 files  (D:\jail\m-ibmplexsansdevanagari-mtrl8jzl\observe\node_modules\@ibm\plex-sans-devanagari)
  ARM-FALSIFIABILITY {"manifestFiles":36,"filesTheScriptProduced":0,"reasons":["gate-vacuous"]}
  ⛔ ARMS-UNFALSIFIABLE — a green arm for this package carries no evidence:
       gate-vacuous: the script changed no file the artifact gate keys on — every file in the manifest (36) was already present at its final size before the script ran, so the gate passes in every arm including a completely broken one
       The grant may still be correct; what is missing is a signal that could have gone
       red. Do not read this record's MINIMAL as a passing measurement.
  CLOSURE 2 packages evicted per arm
  8.3 MAP 0 components resolved on runnervmeef0v, folded into capture.json
  == ROOTS (from capture.json — R2: no ambient reads) ==
    project       D:\jail\m-ibmplexsansdevanagari-mtrl8jzl\observe   [keyed on]
    home          C:\Users\runneradmin   [keyed on]
    jailHome      (null — declared inapplicable)
    globalStore   C:\Users\runneradmin\AppData\Local\nub\pm\store
    projectStore  D:\jail\m-ibmplexsansdevanagari-mtrl8jzl\observe\node_modules\.store
    interpreter   C:\hostedtoolcache\windows\node\22.23.2\x64\node.exe
    toolsDir      C:\Users\runneradmin\AppData\Local\nub\pm\tools
    temp          D:\jail\m-ibmplexsansdevanagari-mtrl8jzl\tmp   [keyed on]
    npmPrefix     (null — declared inapplicable)
    ownPkg        D:\jail\m-ibmplexsansdevanagari-mtrl8jzl\observe\node_modules\@ibm\plex-sans-devanagari
  == ATTRIBUTION == lifecycle pids: 2 (root 7388)
    writes  script 0  /  whole traced tree 7
    peers   script 0  /  whole traced tree 0
  == WRITES ==
  == READS ==
    deps          9
    outside       6
    project       1
    systemfs     28
  == NETWORK ==
    distinct peers: 0
  == REFUSALS (adapter-classified) ==
    distinct: 0
  == SYNTHESIZED GRANT (verify this in the real unprivileged jail) ==
    {}
  RAW       etw-raw.xml.gz  31227400 B xml -> 467179 B gz (66.8x)  sha256 68fa1006c35ae672…
  HEADER    etw-header.json (5170 bytes)
  DERIVED   5276 distinct from 6681 kept ops (24459 xml events, 2543 out of subtree)
  PROCS     4   thread-reattributed 0
  8.3       0 expanded, 0 kept short, 0 not covered  [map: recorded 8.3 map (0 components, resolved on runnervmeef0v)]
  wrote events.ndjson.gz (66758 bytes)
  RAWLOG-CAPTURE D:\jail\m-ibmplexsansdevanagari-mtrl8jzl\cap\capture.json
  VENUE-NUB-BINARY {"path":"C:/Users/RUNNER~1/AppData/Local/Temp/nub/target/release/nub.exe","sha256":"f186817a44be332fee712b4936a071a0b5f9cde18a1d2fdc3a791729d4bf1005","bytes":68717056,"features":{"buildJailCatalogOverride":true,"pythonDontWriteBytecodeEnv":true}}
  VENUE-INTERPRETER C:\hostedtoolcache\windows\node\22.23.2\x64\node.exe
  VENUE-JAIL-ROOT D:\jail\m-ibmplexsansdevanagari-mtrl8jzl
  VENUE-OVERRIDES {"set":{"npm_config_cache":"D:\\jail\\m-ibmplexsansdevanagari-mtrl8jzl\\npm-cache","TMP":"D:\\jail\\m-ibmplexsansdevanagari-mtrl8jzl\\tmp","TEMP":"D:\\jail\\m-ibmplexsansdevanagari-mtrl8jzl\\tmp","TMPDIR":"D:\\jail\\m-ibmplexsansdevanagari-mtrl8jzl\\tmp"},"unset":["CI","GITHUB_ACTIONS"],"notRedirected":{"USERPROFILE":"C:\\Users\\runneradmin","why":"the jail leaves HOME/USERPROFILE alone — `build_jail.rs` sandbox_homes() reads the ambient value and `compiler/defaults.rs` BASELINE_ENV_EXACT passes it through — so there is no private jail home to reproduce and redirecting one would measure an environment no confined script sees"},"passedThrough":{"CI":"true","GITHUB_ACTIONS":"true","NODE_ENV":null}}
  STORE   isolated virtual store at D:\jail\m-ibmplexsansdevanagari-mtrl8jzl\verify-synth\.cache
  VENUE-STORE-LAYOUT isolated
OSV-SCREEN {"schemaVersion":1,"kind":"nub-synth-resolved","status":"clean","digest":"1d8d9f8ddd74b6a5b929be7caf9d51c949d3cff6f689140a84eadecd9baa5c26","specCount":2,"lockfiles":{"digest":"0cf8eefb1dcf4a9ae53adaaf5d3a624ba15d760361e30f5dd9d42efd9509d7a5","files":[{"path":"nub.lock","sha256":"7f299131d61fc2a496095d6274d5740a3886a67968182ba45728c3971a755710","bytes":695}]},"maliciousAdvisories":[],"screenedAt":"2026-09-07T18:42:37.495Z","cacheHit":true,"clearancePath":"D:\\jail\\m-ibmplexsansdevanagari-mtrl8jzl\\security\\nub-synth-resolved.json"}
  SECURITY nub-synth-resolved clean: 2 exact package-version(s), tree 1d8d9f8ddd74 (cached exact-tree clearance)
  VERIFY[synth] rc=0 artifacts=33/33 missing=0 shortfall=none (tree 5733/47) OVERRIDDEN=2 REJECTED=0 grant={}
  => MINIMUM {}   (observed, then verified)
  DESCEND   grant is already empty — nothing to narrow; MINIMAL by construction.
