### hugo-extended@0.160.1   (D:\jail\m-hugoextended-msjs6fzp)
  CI-ENV scrubbed: CI GITHUB_ACTIONS
  CAPTURE user=runnervm7vqe0\runneradmin elevated=True rootPid=7644 exit=0 events=32210 lost=0
  VENUE-OBSERVE-USER runnervm7vqe0\runneradmin elevated=true privDropped={"SeBackupPrivilege":"removed","SeRestorePrivilege":"removed","SeTakeOwnershipPrivilege":"removed"}
  OBSERVE artifacts: 23 files  (D:\jail\m-hugoextended-msjs6fzp\observe\node_modules\hugo-extended)
  ARM-FALSIFIABILITY {"manifestFiles":23,"filesTheScriptProduced":3,"reasons":[]}
  CLOSURE 8 packages evicted per arm
  8.3 MAP 0 components resolved on runnervm7vqe0, folded into capture.json
  == ROOTS (from capture.json — R2: no ambient reads) ==
    project       D:\jail\m-hugoextended-msjs6fzp\observe   [keyed on]
    home          C:\Users\runneradmin   [keyed on]
    jailHome      (null — declared inapplicable)
    globalStore   C:\Users\runneradmin\AppData\Local\nub\pm\store
    projectStore  D:\jail\m-hugoextended-msjs6fzp\observe\node_modules\.store
    interpreter   C:\hostedtoolcache\windows\node\22.23.2\x64\node.exe
    toolsDir      C:\Users\runneradmin\AppData\Local\nub\pm\tools
    temp          D:\jail\m-hugoextended-msjs6fzp\tmp   [keyed on]
    npmPrefix     (null — declared inapplicable)
    ownPkg        D:\jail\m-hugoextended-msjs6fzp\observe\node_modules\hugo-extended
  == ATTRIBUTION == lifecycle pids: 3 (root 7644)
    writes  script 6  /  whole traced tree 20
    peers   script 2  /  whole traced tree 2
  == WRITES ==
    deps          5
    outside       1
        c:\hostedtoolcache\windows\node\22.23.2\x64\userenv.dll
  == READS ==
    deps         32
    outside       8
    project       1
    systemfs     42
  == NETWORK ==
    distinct peers: 2
        140.82.116.4:443
        185.199.110.133:443
  == REFUSALS (adapter-classified) ==
    distinct: 0
  == SYNTHESIZED GRANT (verify this in the real unprivileged jail) ==
    {"write":{"deps":true},"network":true}
    !! 1 writes OUTSIDE project/home -- no scope covers these; inspect before granting
  RAW       etw-raw.xml.gz  41606957 B xml -> 621629 B gz (66.9x)  sha256 c4cf3a02a1b35ec7…
  HEADER    etw-header.json (5095 bytes)
  DERIVED   8130 distinct from 10963 kept ops (32210 xml events, 2626 out of subtree)
  PROCS     5   thread-reattributed 0
  ⛔ 1 operations with NO OperationEnd — kept, status marked unknown
  ⛔ 3 handle ops whose path no table could supply
  8.3       0 expanded, 0 kept short, 0 not covered  [map: recorded 8.3 map (0 components, resolved on runnervm7vqe0)]
  wrote events.ndjson.gz (93845 bytes)
  RAWLOG-CAPTURE D:\jail\m-hugoextended-msjs6fzp\cap\capture.json
  VENUE-NUB-BINARY {"path":"C:/Users/RUNNER~1/AppData/Local/Temp/nub/target/release/nub.exe","sha256":"7686f225e7a1b79f8de373f5855ed610abf884d69ae9275d8e9531da2ce834d6","bytes":68896768,"features":{"buildJailCatalogOverride":true,"pythonDontWriteBytecodeEnv":true}}
  VENUE-INTERPRETER C:\hostedtoolcache\windows\node\22.23.2\x64\node.exe
  VENUE-JAIL-ROOT D:\jail\m-hugoextended-msjs6fzp
  VENUE-STORE-LAYOUT hoisted
  VENUE-OVERRIDES {"set":{"npm_config_cache":"D:\\jail\\m-hugoextended-msjs6fzp\\npm-cache","TMP":"D:\\jail\\m-hugoextended-msjs6fzp\\tmp","TEMP":"D:\\jail\\m-hugoextended-msjs6fzp\\tmp","TMPDIR":"D:\\jail\\m-hugoextended-msjs6fzp\\tmp"},"unset":["CI","GITHUB_ACTIONS"],"notRedirected":{"USERPROFILE":"C:\\Users\\runneradmin","why":"the jail leaves HOME/USERPROFILE alone — `build_jail.rs` sandbox_homes() reads the ambient value and `compiler/defaults.rs` BASELINE_ENV_EXACT passes it through — so there is no private jail home to reproduce and redirecting one would measure an environment no confined script sees"},"passedThrough":{"CI":"true","GITHUB_ACTIONS":"true","NODE_ENV":null}}
  STORE   isolated virtual store at D:\jail\m-hugoextended-msjs6fzp\verify-synth\.cache
  VERIFY[synth] TIMED-OUT in `approve-builds` after 600000 ms -- no verdict; check for surviving children
  => TIMED-OUT at the synthesized grant (approve-builds); no verdict, and the ladder is NOT walked
