### @intlify/vue-router-bridge@0.6.0   (D:\jail\m-intlifyvuerouterbridge-mtsspff1)
  CI-ENV scrubbed: CI GITHUB_ACTIONS
OSV-SCREEN {"schemaVersion":1,"kind":"direct","status":"clean","digest":"dea94ca11fa543058612a26181afceef91819c63cd4e5af1e131ed47dca496e0","specCount":1,"lockfiles":{"digest":null,"files":[]},"maliciousAdvisories":[],"screenedAt":"2026-09-08T14:59:26.672Z","cacheHit":false,"clearancePath":"D:\\jail\\m-intlifyvuerouterbridge-mtsspff1\\security\\direct.json"}
  SECURITY direct clean: 1 exact package-version(s), tree dea94ca11fa5
OSV-SCREEN {"schemaVersion":1,"kind":"npm-observe-resolved","status":"clean","digest":"08f81743feb7e24156ba4499e7b56761cb5a0539f6a3bdb60dcda1e26fa374e5","specCount":3,"lockfiles":{"digest":"4da7aba019ff3bb95fd4bf878f9eea2fd7776dbcba37c2fd396517652098a17f","files":[{"path":"package-lock.json","sha256":"ed1741865280141ae2b48e6731548f217a6e7c31657e2684a2405d66a27d1b1f","bytes":2436}]},"maliciousAdvisories":[],"screenedAt":"2026-09-08T14:59:29.756Z","cacheHit":false,"clearancePath":"D:\\jail\\m-intlifyvuerouterbridge-mtsspff1\\security\\npm-observe-resolved.json"}
  SECURITY npm-observe-resolved clean: 3 exact package-version(s), tree 08f81743feb7
  CAPTURE user=runnervmeef0v\runneradmin elevated=True rootPid=9900 exit=0 events=56638 lost=0
  VENUE-OBSERVE-USER runnervmeef0v\runneradmin elevated=true privDropped={"SeBackupPrivilege":"removed","SeRestorePrivilege":"removed","SeTakeOwnershipPrivilege":"removed"}
  OBSERVE artifacts: 20 files  (D:\jail\m-intlifyvuerouterbridge-mtsspff1\observe\node_modules\@intlify\vue-router-bridge)
  ARM-FALSIFIABILITY {"manifestFiles":20,"filesTheScriptProduced":0,"reasons":["gate-vacuous"]}
  ⛔ ARMS-UNFALSIFIABLE — a green arm for this package carries no evidence:
       gate-vacuous: the script changed no file the artifact gate keys on — every file in the manifest (20) was already present at its final size before the script ran, so the gate passes in every arm including a completely broken one
       The grant may still be correct; what is missing is a signal that could have gone
       red. Do not read this record's MINIMAL as a passing measurement.
  CLOSURE 3 packages evicted per arm
  8.3 MAP 0 components resolved on runnervmeef0v, folded into capture.json
  == ROOTS (from capture.json — R2: no ambient reads) ==
    project       D:\jail\m-intlifyvuerouterbridge-mtsspff1\observe   [keyed on]
    home          C:\Users\runneradmin   [keyed on]
    jailHome      (null — declared inapplicable)
    globalStore   C:\Users\runneradmin\AppData\Local\nub\pm\store
    projectStore  D:\jail\m-intlifyvuerouterbridge-mtsspff1\observe\node_modules\.store
    interpreter   C:\hostedtoolcache\windows\node\22.23.2\x64\node.exe
    toolsDir      C:\Users\runneradmin\AppData\Local\nub\pm\tools
    temp          D:\jail\m-intlifyvuerouterbridge-mtsspff1\tmp   [keyed on]
    npmPrefix     (null — declared inapplicable)
    ownPkg        D:\jail\m-intlifyvuerouterbridge-mtsspff1\observe\node_modules\@intlify\vue-router-bridge
  == ATTRIBUTION == lifecycle pids: 2 (root 9900)
    writes  script 0  /  whole traced tree 14
    peers   script 0  /  whole traced tree 0
  == WRITES ==
  == READS ==
    deps          7
    outside       6
    project       1
    systemfs     23
  == NETWORK ==
    distinct peers: 0
  == REFUSALS (adapter-classified) ==
    distinct: 0
  == SYNTHESIZED GRANT (verify this in the real unprivileged jail) ==
    {}
  RAW       etw-raw.xml.gz  71509150 B xml -> 1139284 B gz (62.8x)  sha256 f3b7f7108fbcce04…
  HEADER    etw-header.json (5181 bytes)
  DERIVED   5859 distinct from 7067 kept ops (56638 xml events, 11781 out of subtree)
  PROCS     4   thread-reattributed 0
  ⛔ 4 operations with NO OperationEnd — kept, status marked unknown
  ⛔ 1 handle ops whose path no table could supply
  8.3       0 expanded, 0 kept short, 0 not covered  [map: recorded 8.3 map (0 components, resolved on runnervmeef0v)]
  wrote events.ndjson.gz (73631 bytes)
  RAWLOG-CAPTURE D:\jail\m-intlifyvuerouterbridge-mtsspff1\cap\capture.json
  VENUE-NUB-BINARY {"path":"C:/Users/RUNNER~1/AppData/Local/Temp/nub/target/release/nub.exe","sha256":"f186817a44be332fee712b4936a071a0b5f9cde18a1d2fdc3a791729d4bf1005","bytes":68717056,"features":{"buildJailCatalogOverride":true,"pythonDontWriteBytecodeEnv":true}}
  VENUE-INTERPRETER C:\hostedtoolcache\windows\node\22.23.2\x64\node.exe
  VENUE-JAIL-ROOT D:\jail\m-intlifyvuerouterbridge-mtsspff1
  VENUE-OVERRIDES {"set":{"npm_config_cache":"D:\\jail\\m-intlifyvuerouterbridge-mtsspff1\\npm-cache","TMP":"D:\\jail\\m-intlifyvuerouterbridge-mtsspff1\\tmp","TEMP":"D:\\jail\\m-intlifyvuerouterbridge-mtsspff1\\tmp","TMPDIR":"D:\\jail\\m-intlifyvuerouterbridge-mtsspff1\\tmp"},"unset":["CI","GITHUB_ACTIONS"],"notRedirected":{"USERPROFILE":"C:\\Users\\runneradmin","why":"the jail leaves HOME/USERPROFILE alone — `build_jail.rs` sandbox_homes() reads the ambient value and `compiler/defaults.rs` BASELINE_ENV_EXACT passes it through — so there is no private jail home to reproduce and redirecting one would measure an environment no confined script sees"},"passedThrough":{"CI":"true","GITHUB_ACTIONS":"true","NODE_ENV":null}}
  scaffold: 1 dependency package(s) with lifecycle scripts granted a fixed wide grant
  STORE   isolated virtual store at D:\jail\m-intlifyvuerouterbridge-mtsspff1\verify-synth\.cache
  VENUE-STORE-LAYOUT isolated
OSV-SCREEN {"schemaVersion":1,"kind":"nub-synth-resolved","status":"clean","digest":"ccf5d54769c68c8574cb532ae7b0bc90b5eb28098602d6475770092d0675aa15","specCount":25,"lockfiles":{"digest":"d74ffb970a7292d78108f5ff1eab1bfe77b925fd85e937e2a97f7b1012366db4","files":[{"path":"nub.lock","sha256":"f97fc58ed946475a3407b4f08741a5176c921138cf3ad7df4f79cb960c7dc7cc","bytes":7355}]},"maliciousAdvisories":[],"screenedAt":"2026-09-08T14:59:41.560Z","cacheHit":false,"clearancePath":"D:\\jail\\m-intlifyvuerouterbridge-mtsspff1\\security\\nub-synth-resolved.json"}
  SECURITY nub-synth-resolved clean: 25 exact package-version(s), tree ccf5d54769c6
  VERIFY[synth] rc=0 artifacts=20/20 missing=0 shortfall=none (tree 6580/275) OVERRIDDEN=2 REJECTED=0 grant={}
  => MINIMUM {}   (observed, then verified)
  DESCEND   grant is already empty — nothing to narrow; MINIMAL by construction.
