OSV-SCREEN {"schemaVersion":1,"kind":"direct","status":"clean","digest":"c546346c1cf506739ca4b7b532debfbd90eac9c5d9b5672e1bfc700540dd74ba","specCount":1,"lockfiles":{"digest":null,"files":[]},"maliciousAdvisories":[],"screenedAt":"2026-09-09T04:11:08.299Z","cacheHit":false,"clearancePath":"/Users/runner/v2m-YQHLNK/security/direct.json"}
  SECURITY direct clean: 1 exact package-version(s), tree c546346c1cf5
### react-email-editor@1.7.0   (/Users/runner/v2m-YQHLNK)   nub=/tmp/nub/target/release/nub
  VENUE-NUB-BINARY {"path":"/tmp/nub/target/release/nub","sha256":"f923f9d246b7061a3e88675efb7b4fdcda741d02368002ce6e7f7044b01e7bbe","bytes":93818888,"features":{"buildJailCatalogOverride":true,"pythonDontWriteBytecodeEnv":true}}
  CI-ENV scrubbed: CI GITHUB_ACTIONS
  --- fbt preflight (advisory; never fails the run) ---
     csrutil: System Integrity Protection status: disabled.
     fbt probes visible: 93591
     fbt enable attempt: dtrace: description 'fbt:::entry ' matched 50364 probes CPU     ID                    FUNCTION:NAME 
     cwd builtin value:  
     fbt chdir symbols:  
     fbt fires on spawn-with-cwd: dtrace: invalid probe specifier fbt::chdir*:entry /progenyof($target)/ { @[probefunc] = count(); }: probe description fbt::chdir*:entry does not match any probes 
  --- end fbt preflight ---
OSV-SCREEN {"schemaVersion":1,"kind":"npm-observe-resolved","status":"clean","digest":"b676613a1c4912e1a85f8df1cb7b7962d71d20b8b17ed0d37ea901c7c6282f7a","specCount":2,"lockfiles":{"digest":"4edf1b91b1216ea3896b5e3c3247aef63f74af516ec1eff05c16351dac79bf00","files":[{"path":"package-lock.json","sha256":"609f9243af4872bb55258b89a78cc3a3310d550868b3ef7bfa4cd91b714fb735","bytes":1045}]},"maliciousAdvisories":[],"screenedAt":"2026-09-09T04:11:12.665Z","cacheHit":false,"clearancePath":"/Users/runner/v2m-YQHLNK/security/npm-observe-resolved.json"}
  SECURITY npm-observe-resolved clean: 2 exact package-version(s), tree b676613a1c49
  VENUE-CI-CHILD clean (no CI-detection variable reaches the traced script)
  --- wrapper (run.sh) ---
     cd "/Users/runner/v2m-YQHLNK/Observe"
     sudo -u "runner" -H env "PATH=$PATH"   "HOME=/Users/runner/v2m-YQHLNK/jailhome"   "TMPDIR=/private/var/folders/bl/vzjcvbz95c3dk19cb0fw46180000gn/T/nub-tmp-obsxMezvP"   "NODE_COMPAT=1"   "PYTHONDONTWRITEBYTECODE=1"   "PLAYWRIGHT_BROWSERS_PATH=/Users/runner/.cache/nub/pm/tools/ms-playwright"   "ELECTRON_CACHE=/Users/runner/.cache/nub/pm/tools/electron-cache"   "electron_config_cache=/Users/runner/.cache/nub/pm/tools/electron-cache"   "npm_config_prefix=/Users/runner/.cache/nub/pm/tools/npm-prefix"   "/Users/runner/hostedtoolcache/node/22.23.2/arm64/bin/npm" rebuild --no-audit --no-fund "react-email-editor" > "/Users/runner/v2m-YQHLNK/Observe/npm.log" 2>&1
     echo $? > "/Users/runner/v2m-YQHLNK/Observe/rc"
  --- dtrace stderr + wrapper trace ---
     + cd /Users/runner/v2m-YQHLNK/Observe
     + sudo -u runner -H env PATH=/Users/runner/hostedtoolcache/node/22.23.2/arm64/bin:/opt/homebrew/lib/ruby/gems/3.3.0/bin:/opt/homebrew/opt/ruby@3.3/bin:/Users/runner/.local/bin:/opt/homebrew/bin:/opt/homebrew/sbin:/Users/runner/.cargo/bin:/usr/local/opt/curl/bin:/usr/local/bin:/usr/local/sbin:/Users/runner/bin:/Users/runner/.yarn/bin:/Users/runner/Library/Android/sdk/tools:/Users/runner/Library/Android/sdk/platform-tools:/Library/Frameworks/Python.framework/Versions/Current/bin:/Library/Frameworks/Mono.framework/Versions/Current/Commands:/usr/bin:/bin:/usr/sbin:/sbin:/Users/runner/.dotnet/tools HOME=/Users/runner/v2m-YQHLNK/jailhome TMPDIR=/private/var/folders/bl/vzjcvbz95c3dk19cb0fw46180000gn/T/nub-tmp-obsxMezvP NODE_COMPAT=1 PYTHONDONTWRITEBYTECODE=1 PLAYWRIGHT_BROWSERS_PATH=/Users/runner/.cache/nub/pm/tools/ms-playwright ELECTRON_CACHE=/Users/runner/.cache/nub/pm/tools/electron-cache electron_config_cache=/Users/runner/.cache/nub/pm/tools/electron-cache npm_config_prefix=/Users/runner/.cache/nub/pm/tools/npm-prefix /Users/runner/hostedtoolcache/node/22.23.2/arm64/bin/npm rebuild --no-audit --no-fund react-email-editor
     dtrace: error on enabled probe ID 128 (ID 286: syscall::execve:entry): invalid address (0x600000e00000) in action #1 at DIF offset 20
     + echo 1
  OBSERVE   rc=1 dtrace_rc=0 files=51 (pre=49) trace=11829 lines
  => BROKEN-WITHOUT-JAIL-TOO (unjailed control failed rc=1; nothing to measure)
     npm error code 1
     npm error path /Users/runner/v2m-YQHLNK/Observe/node_modules/react-email-editor
     npm error command failed
     npm error command sh -c cd demo && npm install
     npm error sh: line 0: cd: demo: No such file or directory
     npm error A complete log of this run can be found in: /Users/runner/v2m-YQHLNK/jailhome/.npm/_logs/2026-09-09T04_11_13_916Z-debug-0.log
