### @stdlib/number-float64-base-to-words@0.0.4   (/home/runner/v2-I4doP2)
  CI-ENV scrubbed: CI GITHUB_ACTIONS
OSV-SCREEN {"schemaVersion":1,"kind":"direct","status":"clean","digest":"6b0ebfb69344d9e1e16320eff07bc55486139801bcc29f8b524cfceca55cad2a","specCount":1,"lockfiles":{"digest":null,"files":[]},"maliciousAdvisories":[],"screenedAt":"2026-09-09T03:41:57.791Z","cacheHit":false,"clearancePath":"/home/runner/v2-I4doP2/security/direct.json"}
  SECURITY direct clean: 1 exact package-version(s), tree 6b0ebfb69344
  VENUE-OBSERVE-USER {"uid":1001,"user":"runner","umask":"0022","capBnd":"000001ffffffffff","noNewPrivs":"0"}
  VENUE-NUB-BINARY {"path":"/tmp/nub/target/release/nub","sha256":"2a18683f50f7afeb02a521cd3cae175dc2f91780d461c5f012065241f5a1447b","bytes":207643464,"features":{"buildJailCatalogOverride":true,"pythonDontWriteBytecodeEnv":true}}
OSV-SCREEN {"schemaVersion":1,"kind":"npm-observe-resolved","status":"clean","digest":"6dd6a6d592ef35599ad3baddbd1f9a6fde36f81a477ecd36c9ab0487f201d4f3","specCount":77,"lockfiles":{"digest":"f8b53ccf94b73884c5d70f99e67650513048d4437f89df189db3c01a0ea19a8a","files":[{"path":"package-lock.json","sha256":"4ea03e37f15c53f761b44cedf93bad160ce0c23f846264123626d3bc6a474b16","bytes":62642}]},"maliciousAdvisories":[],"screenedAt":"2026-09-09T03:42:04.648Z","cacheHit":false,"clearancePath":"/home/runner/v2-I4doP2/security/npm-observe-resolved.json"}
  SECURITY npm-observe-resolved clean: 77 exact package-version(s), tree 6dd6a6d592ef
  OBSERVE   rc=0 files=981 trace=102805 lines
  CLOSURE   77 packages evicted per arm
  ARM-FALSIFIABILITY {"manifestFiles":36,"filesTheScriptProduced":17,"reasons":[]}
  RAWLOG-FILE /home/runner/v2-I4doP2/observe/trace.txt.gz
  RAWLOG-CAPTURE /home/runner/v2-I4doP2/observe/capture.json
  RAWLOG-BYTES raw=18849650 gz=468826
  VENUE-INTERPRETER /opt/hostedtoolcache/node/22.23.2/x64
  VENUE-OVERRIDES {"set":{"HOME":"/home/runner/v2-I4doP2/jailhome","TMPDIR":"/tmp/nub-tmp-obs0yn5zx","NODE_COMPAT":"1","PLAYWRIGHT_BROWSERS_PATH":"/home/runner/.cache/nub/pm/tools/ms-playwright","ELECTRON_CACHE":"/home/runner/.cache/nub/pm/tools/electron-cache","electron_config_cache":"/home/runner/.cache/nub/pm/tools/electron-cache","npm_config_prefix":"/home/runner/.cache/nub/pm/tools/npm-prefix","PYTHONDONTWRITEBYTECODE":"1","NUB_CACHE_DIR":"/home/runner/v2-I4doP2/nubcache"},"unset":["CI","GITHUB_ACTIONS"],"passedThrough":{"CI":"true","GITHUB_ACTIONS":"true","NODE_ENV":null}}
  == ATTRIBUTION == attributed pids: 123
    writes  script 6692  /  whole traced tree 7780
    sockets script 4  /  whole traced tree 8
  == ROOTS (from capture.json — R2: no ambient reads) ==
    project       /home/runner/v2-I4doP2/observe
    home          /home/runner
    jailHome      /home/runner/v2-I4doP2/jailhome
    globalStore   /home/runner/.cache/nub/pm/store   [declared, not keyed on]
    projectStore  /home/runner/v2-I4doP2/observe/node_modules/.store   [declared, not keyed on]
    interpreter   /opt/hostedtoolcache/node/22.23.2/x64   [declared, not keyed on]
    toolsDir      /home/runner/.cache/nub/pm/tools   [declared, not keyed on]
    temp          /tmp/nub-tmp-obs0yn5zx
    npmPrefix     /home/runner/.cache/nub/pm/tools/npm-prefix
    ownPkg        /home/runner/v2-I4doP2/observe/node_modules/@stdlib/number-float64-base-to-words
  == WRITES the script actually performed ==
    jailHome   3328  (base profile already grants this — NOT billed)
        /home/runner/v2-I4doP2/jailhome/.cache
        /home/runner/v2-I4doP2/jailhome/.cache/node-gyp
        /home/runner/v2-I4doP2/jailhome/.cache/node-gyp/22.23.2
        /home/runner/v2-I4doP2/jailhome/.cache/node-gyp/22.23.2/include
        /home/runner/v2-I4doP2/jailhome/.cache/node-gyp/22.23.2/include/node
        /home/runner/v2-I4doP2/jailhome/.cache/node-gyp/22.23.2/include/node/common.gypi
        /home/runner/v2-I4doP2/jailhome/.cache/node-gyp/22.23.2/include/node/config.gypi
        /home/runner/v2-I4doP2/jailhome/.cache/node-gyp/22.23.2/include/node/cppgc
        /home/runner/v2-I4doP2/jailhome/.cache/node-gyp/22.23.2/include/node/cppgc/allocation.h
        /home/runner/v2-I4doP2/jailhome/.cache/node-gyp/22.23.2/include/node/cppgc/common.h
        … and 3318 more
    jailTmp    3331  (base profile already grants this — NOT billed)
        /tmp/nub-tmp-obs0yn5zx/node-gyp-tmp-AESRP9
        /tmp/nub-tmp-obs0yn5zx/node-gyp-tmp-AESRP9/include
        /tmp/nub-tmp-obs0yn5zx/node-gyp-tmp-AESRP9/include/node
        /tmp/nub-tmp-obs0yn5zx/node-gyp-tmp-AESRP9/include/node/v8-locker.h
        /tmp/nub-tmp-obs0yn5zx/node-gyp-tmp-AESRP9/include/node/zconf.h
        /tmp/nub-tmp-obs0yn5zx/node-gyp-tmp-AESRP9/include/node/v8config.h
        /tmp/nub-tmp-obs0yn5zx/node-gyp-tmp-AESRP9/include/node/common.gypi
        /tmp/nub-tmp-obs0yn5zx/node-gyp-tmp-AESRP9/include/node/v8-object.h
        /tmp/nub-tmp-obs0yn5zx/node-gyp-tmp-AESRP9/include/node/v8-forward.h
        /tmp/nub-tmp-obs0yn5zx/node-gyp-tmp-AESRP9/include/node/v8-profiler.h
        … and 3321 more
    ownPkg       32  (base profile already grants this — NOT billed)
        /home/runner/v2-I4doP2/observe/node_modules/@stdlib/number-float64-base-to-words/build
        /home/runner/v2-I4doP2/observe/node_modules/@stdlib/number-float64-base-to-words/build/config.gypi
        /home/runner/v2-I4doP2/observe/node_modules/@stdlib/number-float64-base-to-words/build/Makefile
        /home/runner/v2-I4doP2/observe/node_modules/@stdlib/number-float64-base-to-words/build/addon.target.mk
        /home/runner/v2-I4doP2/observe/node_modules/@stdlib/number-float64-base-to-words/build/copy_addon.target.mk
        /home/runner/v2-I4doP2/observe/node_modules/@stdlib/number-float64-base-to-words/build/binding.Makefile
        /home/runner/v2-I4doP2/observe/node_modules/@stdlib/number-float64-base-to-words/build/node_gyp_bins
        /home/runner/v2-I4doP2/observe/node_modules/@stdlib/number-float64-base-to-words/build/node_gyp_bins/python3
        /home/runner/v2-I4doP2/observe/node_modules/@stdlib/number-float64-base-to-words/build/Release
        /home/runner/v2-I4doP2/observe/node_modules/@stdlib/number-float64-base-to-words/build/obj.target
        … and 22 more
    kernelfs      1
        /dev/null
  == NETWORK ==
    AF_INET sockets: 4   distinct peers: 3
        127.0.0.53:53
        104.16.6.34:443
        104.16.213.131:443
  == REFUSALS (only `= -1 EACCES/EPERM/EROFS`) ==
    distinct: 0
  == SYNTHESIZED GRANT (verify this in the real unprivileged jail) ==
    {"network":true}
    NOTE 1 kernel-fs touches (/proc,/sys,/dev) — a READ floor question, not a write grant
  == writePaths (DERIVED — promotion out of the package's PRIVATE home) ==
    private-home writes observed: 3328
    none declared — every write was a FILE at the top of the private home, or landed in a directory the TOOLCHAIN owns (see `writePathsDeny`) — an entry names a directory belonging to the PACKAGE, so there is nothing to name
  == writePaths FEASIBILITY (distinct writes outside project/deps) ==
    count: 0
    EVENTS    36165 distinct from 95546 calls (102806 lines, 7090 rejoined, 0 unparsed)
    PROCS     130   lifecycle shells 118
    ⛔ 1 paths with an UNRESOLVED dirfd — kept, marked, never guessed
    unsubscribed/unmapped syscalls: getcwd×113 wait4×102 exit_group×84 setsockopt×58 getsockname×55 getsockopt×40 exit×40 recvmsg×9
    wrote /home/runner/v2-I4doP2/observe/events.ndjson.gz (206492 bytes)
  EVENTLOG-FILE /home/runner/v2-I4doP2/observe/events.ndjson.gz
  EVENTLOG-STATS {"lines":102806,"parsed":95546,"unparsed":0,"unfinished":7090,"rejoined":7090,"unresolvedDirfd":1,"truncatedArg":0,"procs":130,"lifecyclePids":118,"distinctEvents":36165,"unknownSyscall":{"getsockname":55,"getsockopt":40,"getcwd":113,"recvmsg":9,"exit":40,"setsockopt":58,"sendmmsg":2,"socketpair":9,"shutdown":9,"exit_group":84,"wait4":102},"out":"/home/runner/v2-I4doP2/observe/events.ndjson.gz","gzipBytes":206492}
  EVICT     10 store entries removed, 0 spared as nub tooling
  SE-PURGE  0 side-effects-cache entries for @stdlib/number-float64-base-to-words
OSV-SCREEN {"schemaVersion":1,"kind":"nub-synth-resolved","status":"clean","digest":"6dd6a6d592ef35599ad3baddbd1f9a6fde36f81a477ecd36c9ab0487f201d4f3","specCount":77,"lockfiles":{"digest":"1f9ae71fdde3991894e15bd9ce7cee7e997a0dd701a1808eb710a4bbf2447293","files":[{"path":"nub.lock","sha256":"74ee29ea5cc71b6cc120ff854ccaec096f39a4f965d318d7179d7d116c4a54c9","bytes":33424}]},"maliciousAdvisories":[],"screenedAt":"2026-09-09T03:42:04.648Z","cacheHit":true,"clearancePath":"/home/runner/v2-I4doP2/security/nub-synth-resolved.json"}
  SECURITY nub-synth-resolved clean: 77 exact package-version(s), tree 6dd6a6d592ef (cached exact-tree clearance)
  VENUE-STORE-LAYOUT isolated
  VERIFY[synth] rc=0 artifacts=36/36 missing=0 shortfall=none (tree 4238/981) OVERRIDDEN=3 REJECTED=0 grant={"network":true}
  => VERIFIED {"network":true}   (observed, then verified)
  EVICT     77 store entries removed, 0 spared as nub tooling
  SE-PURGE  0 side-effects-cache entries for @stdlib/number-float64-base-to-words
OSV-SCREEN {"schemaVersion":1,"kind":"nub-drop-no-network-resolved","status":"clean","digest":"6dd6a6d592ef35599ad3baddbd1f9a6fde36f81a477ecd36c9ab0487f201d4f3","specCount":77,"lockfiles":{"digest":"1f9ae71fdde3991894e15bd9ce7cee7e997a0dd701a1808eb710a4bbf2447293","files":[{"path":"nub.lock","sha256":"74ee29ea5cc71b6cc120ff854ccaec096f39a4f965d318d7179d7d116c4a54c9","bytes":33424}]},"maliciousAdvisories":[],"screenedAt":"2026-09-09T03:42:04.648Z","cacheHit":true,"clearancePath":"/home/runner/v2-I4doP2/security/nub-drop-no-network-resolved.json"}
  SECURITY nub-drop-no-network-resolved clean: 77 exact package-version(s), tree 6dd6a6d592ef (cached exact-tree clearance)
  VERIFY[drop-no-network] rc=0 artifacts=36/36 missing=0 shortfall=none (tree 4238/981) OVERRIDDEN=3 REJECTED=0 grant={}
     ⛔ OVER-PREDICTED: dropping 'no-network' STILL VERIFIES — {} is sufficient
  => OVER-PREDICTED by: no-network  (synthesized {"network":true}; each named capability drops on its own)
