### fmerge@1.2.0   (D:\jail\m-fmerge-mts3fizo)
  CI-ENV scrubbed: CI GITHUB_ACTIONS
OSV-SCREEN {"schemaVersion":1,"kind":"direct","status":"clean","digest":"4066baa3efd236f920d70d5a01809690daa0b7b0fd99b9805137ffe302254fd4","specCount":1,"lockfiles":{"digest":null,"files":[]},"maliciousAdvisories":[],"screenedAt":"2026-09-08T03:11:54.318Z","cacheHit":false,"clearancePath":"D:\\jail\\m-fmerge-mts3fizo\\security\\direct.json"}
  SECURITY direct clean: 1 exact package-version(s), tree 4066baa3efd2
OSV-SCREEN {"schemaVersion":1,"kind":"npm-observe-resolved","status":"clean","digest":"4066baa3efd236f920d70d5a01809690daa0b7b0fd99b9805137ffe302254fd4","specCount":1,"lockfiles":{"digest":"7d5d8ddd05821e650e93549179bf59fe28f939ee304ceb9ceb776cbe6be3a5b5","files":[{"path":"package-lock.json","sha256":"f22e2da1c9625d3f82f4d08db5aaf340c238d195f401b1c50bbb76310d707731","bytes":536}]},"maliciousAdvisories":[],"screenedAt":"2026-09-08T03:11:54.318Z","cacheHit":true,"clearancePath":"D:\\jail\\m-fmerge-mts3fizo\\security\\npm-observe-resolved.json"}
  SECURITY npm-observe-resolved clean: 1 exact package-version(s), tree 4066baa3efd2 (cached exact-tree clearance)
  CAPTURE user=runnervmeef0v\runneradmin elevated=True rootPid=372 exit=0 events=22360 lost=0
  VENUE-OBSERVE-USER runnervmeef0v\runneradmin elevated=true privDropped={"SeBackupPrivilege":"removed","SeRestorePrivilege":"removed","SeTakeOwnershipPrivilege":"removed"}
  OBSERVE artifacts: 6 files  (D:\jail\m-fmerge-mts3fizo\observe\node_modules\fmerge)
  ARM-FALSIFIABILITY {"manifestFiles":6,"filesTheScriptProduced":1,"reasons":[]}
  CLOSURE 1 packages evicted per arm
  8.3 MAP 0 components resolved on runnervmeef0v, folded into capture.json
  == ROOTS (from capture.json — R2: no ambient reads) ==
    project       D:\jail\m-fmerge-mts3fizo\observe   [keyed on]
    home          C:\Users\runneradmin   [keyed on]
    jailHome      (null — declared inapplicable)
    globalStore   C:\Users\runneradmin\AppData\Local\nub\pm\store
    projectStore  D:\jail\m-fmerge-mts3fizo\observe\node_modules\.store
    interpreter   C:\hostedtoolcache\windows\node\22.23.2\x64\node.exe
    toolsDir      C:\Users\runneradmin\AppData\Local\nub\pm\tools
    temp          D:\jail\m-fmerge-mts3fizo\tmp   [keyed on]
    npmPrefix     (null — declared inapplicable)
    ownPkg        D:\jail\m-fmerge-mts3fizo\observe\node_modules\fmerge
  == ATTRIBUTION == lifecycle pids: 2 (root 372)
    writes  script 1  /  whole traced tree 8
    peers   script 0  /  whole traced tree 0
  == WRITES ==
    deps          1
  == READS ==
    deps          5
    outside       6
    project       1
    systemfs     23
  == NETWORK ==
    distinct peers: 0
  == REFUSALS (adapter-classified) ==
    distinct: 0
  == SYNTHESIZED GRANT (verify this in the real unprivileged jail) ==
    {"write":{"deps":true}}
  RAW       etw-raw.xml.gz  28551555 B xml -> 424409 B gz (67.3x)  sha256 7d69be6048fd2e22…
  HEADER    etw-header.json (4994 bytes)
  DERIVED   5223 distinct from 6372 kept ops (22360 xml events, 2073 out of subtree)
  PROCS     4   thread-reattributed 0
  ⛔ 1 operations with NO OperationEnd — kept, status marked unknown
  8.3       0 expanded, 0 kept short, 0 not covered  [map: recorded 8.3 map (0 components, resolved on runnervmeef0v)]
  wrote events.ndjson.gz (66011 bytes)
  RAWLOG-CAPTURE D:\jail\m-fmerge-mts3fizo\cap\capture.json
  VENUE-NUB-BINARY {"path":"C:/Users/RUNNER~1/AppData/Local/Temp/nub/target/release/nub.exe","sha256":"f186817a44be332fee712b4936a071a0b5f9cde18a1d2fdc3a791729d4bf1005","bytes":68717056,"features":{"buildJailCatalogOverride":true,"pythonDontWriteBytecodeEnv":true}}
  VENUE-INTERPRETER C:\hostedtoolcache\windows\node\22.23.2\x64\node.exe
  VENUE-JAIL-ROOT D:\jail\m-fmerge-mts3fizo
  VENUE-OVERRIDES {"set":{"npm_config_cache":"D:\\jail\\m-fmerge-mts3fizo\\npm-cache","TMP":"D:\\jail\\m-fmerge-mts3fizo\\tmp","TEMP":"D:\\jail\\m-fmerge-mts3fizo\\tmp","TMPDIR":"D:\\jail\\m-fmerge-mts3fizo\\tmp"},"unset":["CI","GITHUB_ACTIONS"],"notRedirected":{"USERPROFILE":"C:\\Users\\runneradmin","why":"the jail leaves HOME/USERPROFILE alone — `build_jail.rs` sandbox_homes() reads the ambient value and `compiler/defaults.rs` BASELINE_ENV_EXACT passes it through — so there is no private jail home to reproduce and redirecting one would measure an environment no confined script sees"},"passedThrough":{"CI":"true","GITHUB_ACTIONS":"true","NODE_ENV":null}}
  STORE   isolated virtual store at D:\jail\m-fmerge-mts3fizo\verify-synth\.cache
  VENUE-STORE-LAYOUT isolated
OSV-SCREEN {"schemaVersion":1,"kind":"nub-synth-resolved","status":"clean","digest":"4066baa3efd236f920d70d5a01809690daa0b7b0fd99b9805137ffe302254fd4","specCount":1,"lockfiles":{"digest":"bc156b332491fc95b2b09c9988247702f70e1f81ec5e8de353bf13ee784339b5","files":[{"path":"nub.lock","sha256":"a964f067cd228013726c53f0e0f259efd066583e1e001529dacf46fb1ee37e3c","bytes":376}]},"maliciousAdvisories":[],"screenedAt":"2026-09-08T03:11:54.318Z","cacheHit":true,"clearancePath":"D:\\jail\\m-fmerge-mts3fizo\\security\\nub-synth-resolved.json"}
  SECURITY nub-synth-resolved clean: 1 exact package-version(s), tree 4066baa3efd2 (cached exact-tree clearance)
  VERIFY[synth] rc=0 artifacts=6/6 missing=0 shortfall=none (tree 5661/10) OVERRIDDEN=2 REJECTED=0 grant={"write":{"deps":true}}
  => MINIMUM {"write":{"deps":true}}   (observed, then verified)
  STORE   isolated virtual store at D:\jail\m-fmerge-mts3fizo\verify-nar-no-write-deps\.cache
OSV-SCREEN {"schemaVersion":1,"kind":"nub-nar-no-write-deps-resolved","status":"clean","digest":"4066baa3efd236f920d70d5a01809690daa0b7b0fd99b9805137ffe302254fd4","specCount":1,"lockfiles":{"digest":"bc156b332491fc95b2b09c9988247702f70e1f81ec5e8de353bf13ee784339b5","files":[{"path":"nub.lock","sha256":"a964f067cd228013726c53f0e0f259efd066583e1e001529dacf46fb1ee37e3c","bytes":376}]},"maliciousAdvisories":[],"screenedAt":"2026-09-08T03:11:54.318Z","cacheHit":true,"clearancePath":"D:\\jail\\m-fmerge-mts3fizo\\security\\nub-nar-no-write-deps-resolved.json"}
  SECURITY nub-nar-no-write-deps-resolved clean: 1 exact package-version(s), tree 4066baa3efd2 (cached exact-tree clearance)
  VERIFY[nar-no-write-deps] rc=0 artifacts=6/6 missing=0 shortfall=none (tree 5661/10) OVERRIDDEN=2 REJECTED=0 grant={}
     ⛔ OVER-PREDICTED — the strictly narrower {} also verifies; 'no-write-deps' was not needed
