### react-native-purchases@0.5.1   (/home/runner/v2-Ya4dU5)
  CI-ENV scrubbed: CI GITHUB_ACTIONS
OSV-SCREEN {"schemaVersion":1,"kind":"direct","status":"clean","digest":"769519c28833c2527cb98d5ec338790e78fc60d7d0e8eafa345fea4b5d0afd8e","specCount":1,"lockfiles":{"digest":null,"files":[]},"maliciousAdvisories":[],"screenedAt":"2026-09-08T08:37:58.443Z","cacheHit":false,"clearancePath":"/home/runner/v2-Ya4dU5/security/direct.json"}
  SECURITY direct clean: 1 exact package-version(s), tree 769519c28833
  VENUE-OBSERVE-USER {"uid":1001,"user":"runner","umask":"0022","capBnd":"000001ffffffffff","noNewPrivs":"0"}
  VENUE-NUB-BINARY {"path":"/tmp/nub/target/release/nub","sha256":"2a18683f50f7afeb02a521cd3cae175dc2f91780d461c5f012065241f5a1447b","bytes":207643464,"features":{"buildJailCatalogOverride":true,"pythonDontWriteBytecodeEnv":true}}
OSV-SCREEN {"schemaVersion":1,"kind":"npm-observe-resolved","status":"clean","digest":"769519c28833c2527cb98d5ec338790e78fc60d7d0e8eafa345fea4b5d0afd8e","specCount":1,"lockfiles":{"digest":"a4b2c7a2004f9a6ec3471cf9e645fc6abbd181982b2f5be2ddcdb6c3357dab95","files":[{"path":"package-lock.json","sha256":"946b4d0eb85de0f4238e56ea1659d6efb40d48a5a22bfcbfa78ba8aa47214b5e","bytes":574}]},"maliciousAdvisories":[],"screenedAt":"2026-09-08T08:37:58.443Z","cacheHit":true,"clearancePath":"/home/runner/v2-Ya4dU5/security/npm-observe-resolved.json"}
  SECURITY npm-observe-resolved clean: 1 exact package-version(s), tree 769519c28833 (cached exact-tree clearance)
  OBSERVE   rc=0 files=579 trace=13311 lines
  CLOSURE   1 packages evicted per arm
  ARM-FALSIFIABILITY {"manifestFiles":575,"filesTheScriptProduced":15,"reasons":[]}
  RAWLOG-FILE /home/runner/v2-Ya4dU5/observe/trace.txt.gz
  RAWLOG-CAPTURE /home/runner/v2-Ya4dU5/observe/capture.json
  RAWLOG-BYTES raw=2820629 gz=93484
  VENUE-INTERPRETER /opt/hostedtoolcache/node/22.23.2/x64
  VENUE-OVERRIDES {"set":{"HOME":"/home/runner/v2-Ya4dU5/jailhome","TMPDIR":"/tmp/nub-tmp-obsymV5kB","NODE_COMPAT":"1","PLAYWRIGHT_BROWSERS_PATH":"/home/runner/.cache/nub/pm/tools/ms-playwright","ELECTRON_CACHE":"/home/runner/.cache/nub/pm/tools/electron-cache","electron_config_cache":"/home/runner/.cache/nub/pm/tools/electron-cache","npm_config_prefix":"/home/runner/.cache/nub/pm/tools/npm-prefix","PYTHONDONTWRITEBYTECODE":"1","NUB_CACHE_DIR":"/home/runner/v2-Ya4dU5/nubcache"},"unset":["CI","GITHUB_ACTIONS"],"passedThrough":{"CI":"true","GITHUB_ACTIONS":"true","NODE_ENV":null}}
  == ATTRIBUTION == attributed pids: 29
    writes  script 208  /  whole traced tree 1205
    sockets script 6  /  whole traced tree 12
  == ROOTS (from capture.json — R2: no ambient reads) ==
    project       /home/runner/v2-Ya4dU5/observe
    home          /home/runner
    jailHome      /home/runner/v2-Ya4dU5/jailhome
    globalStore   /home/runner/.cache/nub/pm/store   [declared, not keyed on]
    projectStore  /home/runner/v2-Ya4dU5/observe/node_modules/.store   [declared, not keyed on]
    interpreter   /opt/hostedtoolcache/node/22.23.2/x64   [declared, not keyed on]
    toolsDir      /home/runner/.cache/nub/pm/tools   [declared, not keyed on]
    temp          /tmp/nub-tmp-obsymV5kB
    npmPrefix     /home/runner/.cache/nub/pm/tools/npm-prefix
    ownPkg        /home/runner/v2-Ya4dU5/observe/node_modules/react-native-purchases
  == WRITES the script actually performed ==
    jailHome      1  (base profile already grants this — NOT billed)
        /home/runner/v2-Ya4dU5/jailhome/.npm/_logs/2026-09-08T08_38_01_595Z-debug-0.log
    kernelfs      1
        /dev/null
    ownPkg       22  (base profile already grants this — NOT billed)
        /home/runner/v2-Ya4dU5/observe/node_modules/react-native-purchases/ios/temp.zip
        /home/runner/v2-Ya4dU5/observe/node_modules/react-native-purchases/ios/temp
        /home/runner/v2-Ya4dU5/observe/node_modules/react-native-purchases/ios/temp/Purchases.framework
        /home/runner/v2-Ya4dU5/observe/node_modules/react-native-purchases/ios/temp/Purchases.framework/Purchases
        /home/runner/v2-Ya4dU5/observe/node_modules/react-native-purchases/ios/temp/Purchases.framework/PrivateHeaders
        /home/runner/v2-Ya4dU5/observe/node_modules/react-native-purchases/ios/temp/Purchases.framework/PrivateHeaders/RCPurchases+Protected.h
        /home/runner/v2-Ya4dU5/observe/node_modules/react-native-purchases/ios/temp/Purchases.framework/PrivateHeaders/RCStoreKitWrapper.h
        /home/runner/v2-Ya4dU5/observe/node_modules/react-native-purchases/ios/temp/Purchases.framework/PrivateHeaders/RCPurchaserInfo+Protected.h
        /home/runner/v2-Ya4dU5/observe/node_modules/react-native-purchases/ios/temp/Purchases.framework/PrivateHeaders/RCStoreKitRequestFetcher.h
        /home/runner/v2-Ya4dU5/observe/node_modules/react-native-purchases/ios/temp/Purchases.framework/PrivateHeaders/RCBackend.h
        … and 12 more
    jailTmp     184  (base profile already grants this — NOT billed)
        /tmp/nub-tmp-obsymV5kB/node-compile-cache/v22.23.2-x64-9ac5647c-1001/0cc3b12e.Y8sYNZ
        /tmp/nub-tmp-obsymV5kB/node-compile-cache/v22.23.2-x64-9ac5647c-1001/0cc3b12e
        /tmp/nub-tmp-obsymV5kB/node-compile-cache/v22.23.2-x64-9ac5647c-1001/4c453fdb.8J3dcv
        /tmp/nub-tmp-obsymV5kB/node-compile-cache/v22.23.2-x64-9ac5647c-1001/4c453fdb
        /tmp/nub-tmp-obsymV5kB/node-compile-cache/v22.23.2-x64-9ac5647c-1001/b39804f1.563Ch0
        /tmp/nub-tmp-obsymV5kB/node-compile-cache/v22.23.2-x64-9ac5647c-1001/b39804f1
        /tmp/nub-tmp-obsymV5kB/node-compile-cache/v22.23.2-x64-9ac5647c-1001/c2b0df45.u8plLK
        /tmp/nub-tmp-obsymV5kB/node-compile-cache/v22.23.2-x64-9ac5647c-1001/c2b0df45
        /tmp/nub-tmp-obsymV5kB/node-compile-cache/v22.23.2-x64-9ac5647c-1001/f976fd99.rnmrmm
        /tmp/nub-tmp-obsymV5kB/node-compile-cache/v22.23.2-x64-9ac5647c-1001/f976fd99
        … and 174 more
  == NETWORK ==
    AF_INET sockets: 6   distinct peers: 3
        127.0.0.53:53
        104.16.10.34:443
        172.182.252.133:443
  == REFUSALS (only `= -1 EACCES/EPERM/EROFS`) ==
    distinct: 0
  == SYNTHESIZED GRANT (verify this in the real unprivileged jail) ==
    {"network":true}
    NOTE 1 kernel-fs touches (/proc,/sys,/dev) — a READ floor question, not a write grant
  == writePaths (DERIVED — promotion out of the package's PRIVATE home) ==
    private-home writes observed: 1
    none declared — every write was a FILE at the top of the private home, or landed in a directory the TOOLCHAIN owns (see `writePathsDeny`) — an entry names a directory belonging to the PACKAGE, so there is nothing to name
  == writePaths FEASIBILITY (distinct writes outside project/deps) ==
    count: 0
    EVENTS    5662 distinct from 13212 calls (13312 lines, 51 rejoined, 0 unparsed)
    PROCS     36   lifecycle shells 24
    ⛔ 3 paths with an UNRESOLVED dirfd — kept, marked, never guessed
    unsubscribed/unmapped syscalls: getsockname×47 setsockopt×33 wait4×22 exit×21 getsockopt×19 recvmsg×14 exit_group×13 getpeername×6
    wrote /home/runner/v2-Ya4dU5/observe/events.ndjson.gz (38853 bytes)
  EVENTLOG-FILE /home/runner/v2-Ya4dU5/observe/events.ndjson.gz
  EVENTLOG-STATS {"lines":13312,"parsed":13212,"unparsed":0,"unfinished":51,"rejoined":51,"unresolvedDirfd":3,"truncatedArg":0,"procs":36,"lifecyclePids":24,"distinctEvents":5662,"unknownSyscall":{"getsockname":47,"getsockopt":19,"getcwd":5,"recvmsg":14,"exit":21,"setsockopt":33,"sendmmsg":3,"socketpair":3,"shutdown":3,"exit_group":13,"wait4":22,"getpeername":6},"out":"/home/runner/v2-Ya4dU5/observe/events.ndjson.gz","gzipBytes":38853}
  EVICT     0 store entries removed, 0 spared as nub tooling
  SE-PURGE  0 side-effects-cache entries for react-native-purchases
OSV-SCREEN {"schemaVersion":1,"kind":"nub-synth-resolved","status":"clean","digest":"769519c28833c2527cb98d5ec338790e78fc60d7d0e8eafa345fea4b5d0afd8e","specCount":1,"lockfiles":{"digest":"becfe4fc26de4122b885797d20df2e3b1a806623f8531bac3e05aaf8ee490c69","files":[{"path":"nub.lock","sha256":"d65fd1701366d25bd059e86e8d6b644c70c52960e3cb734ad08d6ba77769f449","bytes":424}]},"maliciousAdvisories":[],"screenedAt":"2026-09-08T08:37:58.443Z","cacheHit":true,"clearancePath":"/home/runner/v2-Ya4dU5/security/nub-synth-resolved.json"}
  SECURITY nub-synth-resolved clean: 1 exact package-version(s), tree 769519c28833 (cached exact-tree clearance)
  VENUE-STORE-LAYOUT isolated
  VERIFY[synth] rc=0 artifacts=574/574 missing=0 shortfall=none (tree 1733/579) OVERRIDDEN=3 REJECTED=0 grant={"network":true}
  => VERIFIED {"network":true}   (observed, then verified)
  EVICT     1 store entries removed, 0 spared as nub tooling
  SE-PURGE  0 side-effects-cache entries for react-native-purchases
OSV-SCREEN {"schemaVersion":1,"kind":"nub-drop-no-network-resolved","status":"clean","digest":"769519c28833c2527cb98d5ec338790e78fc60d7d0e8eafa345fea4b5d0afd8e","specCount":1,"lockfiles":{"digest":"becfe4fc26de4122b885797d20df2e3b1a806623f8531bac3e05aaf8ee490c69","files":[{"path":"nub.lock","sha256":"d65fd1701366d25bd059e86e8d6b644c70c52960e3cb734ad08d6ba77769f449","bytes":424}]},"maliciousAdvisories":[],"screenedAt":"2026-09-08T08:37:58.443Z","cacheHit":true,"clearancePath":"/home/runner/v2-Ya4dU5/security/nub-drop-no-network-resolved.json"}
  SECURITY nub-drop-no-network-resolved clean: 1 exact package-version(s), tree 769519c28833 (cached exact-tree clearance)
  VERIFY[drop-no-network] rc=1 artifacts=559/574 missing=15 shortfall=d225ad1b2272 (tree 1688/579) OVERRIDDEN=3 REJECTED=0 grant={}
       missing: ios/.framework_version, ios/Purchases.framework/Headers/Purchases.h, ios/Purchases.framework/Headers/RCIntroEligibility.h, ios/Purchases.framework/Headers/RCPurchaserInfo.h, ios/Purchases.framework/Headers/RCPurchases.h, ios/Purchases.framework/Info.plist (+9)
     'no-network' is NECESSARY — dropping it fails to verify
  => MINIMAL — every capability in {"network":true} is independently necessary
