### parse-server@9.10.0   (/home/runner/v2-9Xoiqd)
  CI-ENV scrubbed: CI GITHUB_ACTIONS
OSV-SCREEN {"schemaVersion":1,"kind":"direct","status":"clean","digest":"19101d8f2eac8acb97983db60f204195333994908e440e3f761c59ad17fc24b5","specCount":1,"lockfiles":{"digest":null,"files":[]},"maliciousAdvisories":[],"screenedAt":"2026-09-10T00:18:22.112Z","cacheHit":false,"clearancePath":"/home/runner/v2-9Xoiqd/security/direct.json"}
  SECURITY direct clean: 1 exact package-version(s), tree 19101d8f2eac
  VENUE-OBSERVE-USER {"uid":1001,"user":"runner","umask":"0022","capBnd":"000001ffffffffff","noNewPrivs":"0"}
  VENUE-NUB-BINARY {"path":"/tmp/nub/target/release/nub","sha256":"2a18683f50f7afeb02a521cd3cae175dc2f91780d461c5f012065241f5a1447b","bytes":207643464,"features":{"buildJailCatalogOverride":true,"pythonDontWriteBytecodeEnv":true}}
OSV-SCREEN {"schemaVersion":1,"kind":"npm-observe-resolved","status":"clean","digest":"987018abcf4c2e512423dd0074d564ebfc5653d750da6197a66ef3fbb88dcef6","specCount":432,"lockfiles":{"digest":"86908224c225b7735f74b6118133b82abd821a306fc920d23c775e59c763da98","files":[{"path":"package-lock.json","sha256":"adc51b02294da07dbf53a889e2112f00da70e9fc77b97c563611d8917ecac9bb","bytes":208297}]},"maliciousAdvisories":[],"screenedAt":"2026-09-10T00:18:39.897Z","cacheHit":false,"clearancePath":"/home/runner/v2-9Xoiqd/security/npm-observe-resolved.json"}
  SECURITY npm-observe-resolved clean: 432 exact package-version(s), tree 987018abcf4c
  OBSERVE   rc=0 files=20763 trace=12426 lines
  CLOSURE   401 packages evicted per arm
  ARM-FALSIFIABILITY {"manifestFiles":250,"filesTheScriptProduced":0,"reasons":["gate-vacuous"]}
  ⛔ ARMS-UNFALSIFIABLE — a green arm for this package carries no evidence:
       gate-vacuous: the script changed no file the artifact gate keys on — every file in the manifest (250) was already present at its final size before the script ran, so the gate passes in every arm including a completely broken one
       The grant may still be correct; what is missing is a signal that could have gone
       red. Do not read this record's MINIMAL as a passing measurement.
  RAWLOG-FILE /home/runner/v2-9Xoiqd/observe/trace.txt.gz
  RAWLOG-CAPTURE /home/runner/v2-9Xoiqd/observe/capture.json
  RAWLOG-BYTES raw=2592429 gz=78205
  VENUE-INTERPRETER /opt/hostedtoolcache/node/22.23.2/x64
  VENUE-OVERRIDES {"set":{"HOME":"/home/runner/v2-9Xoiqd/jailhome","TMPDIR":"/tmp/nub-tmp-obsIKc9bj","NODE_COMPAT":"1","PLAYWRIGHT_BROWSERS_PATH":"/home/runner/.cache/nub/pm/tools/ms-playwright","ELECTRON_CACHE":"/home/runner/.cache/nub/pm/tools/electron-cache","electron_config_cache":"/home/runner/.cache/nub/pm/tools/electron-cache","npm_config_prefix":"/home/runner/.cache/nub/pm/tools/npm-prefix","PYTHONDONTWRITEBYTECODE":"1","NUB_CACHE_DIR":"/home/runner/v2-9Xoiqd/nubcache"},"unset":["CI","GITHUB_ACTIONS"],"passedThrough":{"CI":"true","GITHUB_ACTIONS":"true","NODE_ENV":null}}
  == ATTRIBUTION == attributed pids: 13
    writes  script 0  /  whole traced tree 1088
    sockets script 0  /  whole traced tree 6
  == ROOTS (from capture.json — R2: no ambient reads) ==
    project       /home/runner/v2-9Xoiqd/observe
    home          /home/runner
    jailHome      /home/runner/v2-9Xoiqd/jailhome
    globalStore   /home/runner/.cache/nub/pm/store   [declared, not keyed on]
    projectStore  /home/runner/v2-9Xoiqd/observe/node_modules/.store   [declared, not keyed on]
    interpreter   /opt/hostedtoolcache/node/22.23.2/x64   [declared, not keyed on]
    toolsDir      /home/runner/.cache/nub/pm/tools   [declared, not keyed on]
    temp          /tmp/nub-tmp-obsIKc9bj
    npmPrefix     /home/runner/.cache/nub/pm/tools/npm-prefix
    ownPkg        /home/runner/v2-9Xoiqd/observe/node_modules/parse-server
  == WRITES the script actually performed ==
  == NETWORK ==
    AF_INET sockets: 0   distinct peers: 2
        127.0.0.53:53
        104.16.11.34:443
  == REFUSALS (only `= -1 EACCES/EPERM/EROFS`) ==
    distinct: 0
  == SYNTHESIZED GRANT (verify this in the real unprivileged jail) ==
    {}
  == writePaths (DERIVED — promotion out of the package's PRIVATE home) ==
    private-home writes observed: 0
    none declared — the script wrote nothing into its private home — there is nothing to promote
  == writePaths FEASIBILITY (distinct writes outside project/deps) ==
    count: 0
    EVENTS    5327 distinct from 11631 calls (12427 lines, 773 rejoined, 0 unparsed)
    PROCS     20   lifecycle shells 8
    ⛔ 3 paths with an UNRESOLVED dirfd — kept, marked, never guessed
    unsubscribed/unmapped syscalls: getsockname×23 setsockopt×23 exit×15 getsockopt×9 recvmsg×7 getcwd×4 socketpair×3 shutdown×3
    wrote /home/runner/v2-9Xoiqd/observe/events.ndjson.gz (37387 bytes)
  EVENTLOG-FILE /home/runner/v2-9Xoiqd/observe/events.ndjson.gz
  EVENTLOG-STATS {"lines":12427,"parsed":11631,"unparsed":0,"unfinished":773,"rejoined":773,"unresolvedDirfd":3,"truncatedArg":0,"procs":20,"lifecyclePids":8,"distinctEvents":5327,"unknownSyscall":{"getsockname":23,"getsockopt":9,"getcwd":4,"recvmsg":7,"exit":15,"setsockopt":23,"sendmmsg":1,"socketpair":3,"shutdown":3,"exit_group":3,"wait4":3},"out":"/home/runner/v2-9Xoiqd/observe/events.ndjson.gz","gzipBytes":37387}
  EVICT     52 store entries removed, 3 spared as nub tooling
  SE-PURGE  0 side-effects-cache entries for parse-server
  scaffold: 4 dependency package(s) with lifecycle scripts granted a fixed wide grant
OSV-SCREEN {"schemaVersion":1,"kind":"nub-synth-resolved","status":"clean","digest":"913ec64b9a9e48b6bd559701491fbc7eb99a57164108d0ccaf7a0e360e41d191","specCount":430,"lockfiles":{"digest":"f142fa982c6a9b5f012c5cd469aa39f6097874563a0423612cd277dd29459e1b","files":[{"path":"nub.lock","sha256":"d1705f05aebdd0ebe0469228ceca712308e7bbfba2f786f491da90202ec7eaa3","bytes":123875}]},"maliciousAdvisories":[],"screenedAt":"2026-09-10T00:18:48.402Z","cacheHit":false,"clearancePath":"/home/runner/v2-9Xoiqd/security/nub-synth-resolved.json"}
  SECURITY nub-synth-resolved clean: 430 exact package-version(s), tree 913ec64b9a9e
  VENUE-STORE-LAYOUT isolated
  VERIFY[synth] rc=0 artifacts=250/250 missing=0 shortfall=none (tree 82054/20763) OVERRIDDEN=2 REJECTED=0 grant={}
  => VERIFIED {}   (observed, then verified)
  DESCEND   grant is already empty — nothing to narrow; MINIMAL by construction.
