### ms-chromium-edge-driver@0.5.1   (D:\jail\m-mschromiumedgedriver-mtsq6jgx)
  CI-ENV scrubbed: CI GITHUB_ACTIONS
OSV-SCREEN {"schemaVersion":1,"kind":"direct","status":"clean","digest":"784982cc4e6a9082de11f986998f5d64473db3f5db64f5c829b5c87d298e279f","specCount":1,"lockfiles":{"digest":null,"files":[]},"maliciousAdvisories":[],"screenedAt":"2026-09-08T13:48:46.261Z","cacheHit":false,"clearancePath":"D:\\jail\\m-mschromiumedgedriver-mtsq6jgx\\security\\direct.json"}
  SECURITY direct clean: 1 exact package-version(s), tree 784982cc4e6a
OSV-SCREEN {"schemaVersion":1,"kind":"npm-observe-resolved","status":"clean","digest":"d3b154e8e61c8a33fc9ba3bb9ae91f84b45e259860cac39df552635cc8a7aecd","specCount":51,"lockfiles":{"digest":"945ebd05bb014442f707e74fe3f024ff25e505782a6fc523e718e5e5c71b52d6","files":[{"path":"package-lock.json","sha256":"120b0e1962caf6387277174b0ab6c7ec1c23af3dbd2052ce346db4bc2b40e2ec","bytes":20084}]},"maliciousAdvisories":[],"screenedAt":"2026-09-08T13:48:50.416Z","cacheHit":false,"clearancePath":"D:\\jail\\m-mschromiumedgedriver-mtsq6jgx\\security\\npm-observe-resolved.json"}
  SECURITY npm-observe-resolved clean: 51 exact package-version(s), tree d3b154e8e61c
  CAPTURE user=runnervmeef0v\runneradmin elevated=True rootPid=7072 exit=0 events=23958 lost=0
  VENUE-OBSERVE-USER runnervmeef0v\runneradmin elevated=true privDropped={"SeBackupPrivilege":"removed","SeRestorePrivilege":"removed","SeTakeOwnershipPrivilege":"removed"}
  OBSERVE artifacts: 11 files  (D:\jail\m-mschromiumedgedriver-mtsq6jgx\observe\node_modules\ms-chromium-edge-driver)
  ARM-FALSIFIABILITY {"manifestFiles":11,"filesTheScriptProduced":0,"reasons":["gate-vacuous"]}
  ⛔ ARMS-UNFALSIFIABLE — a green arm for this package carries no evidence:
       gate-vacuous: the script changed no file the artifact gate keys on — every file in the manifest (11) was already present at its final size before the script ran, so the gate passes in every arm including a completely broken one
       The grant may still be correct; what is missing is a signal that could have gone
       red. Do not read this record's MINIMAL as a passing measurement.
  CLOSURE 50 packages evicted per arm
  8.3 MAP 0 components resolved on runnervmeef0v, folded into capture.json
  == ROOTS (from capture.json — R2: no ambient reads) ==
    project       D:\jail\m-mschromiumedgedriver-mtsq6jgx\observe   [keyed on]
    home          C:\Users\runneradmin   [keyed on]
    jailHome      (null — declared inapplicable)
    globalStore   C:\Users\runneradmin\AppData\Local\nub\pm\store
    projectStore  D:\jail\m-mschromiumedgedriver-mtsq6jgx\observe\node_modules\.store
    interpreter   C:\hostedtoolcache\windows\node\22.23.2\x64\node.exe
    toolsDir      C:\Users\runneradmin\AppData\Local\nub\pm\tools
    temp          D:\jail\m-mschromiumedgedriver-mtsq6jgx\tmp   [keyed on]
    npmPrefix     (null — declared inapplicable)
    ownPkg        D:\jail\m-mschromiumedgedriver-mtsq6jgx\observe\node_modules\ms-chromium-edge-driver
  == ATTRIBUTION == lifecycle pids: 2 (root 7072)
    writes  script 0  /  whole traced tree 7
    peers   script 0  /  whole traced tree 0
  == WRITES ==
  == READS ==
    deps        108
    outside       6
    project       1
    systemfs     26
  == NETWORK ==
    distinct peers: 0
  == REFUSALS (adapter-classified) ==
    distinct: 0
  == SYNTHESIZED GRANT (verify this in the real unprivileged jail) ==
    {}
  RAW       etw-raw.xml.gz  30589141 B xml -> 451816 B gz (67.7x)  sha256 a59c4e4aa462a041…
  HEADER    etw-header.json (5158 bytes)
  DERIVED   5707 distinct from 6952 kept ops (23958 xml events, 2062 out of subtree)
  PROCS     4   thread-reattributed 0
  8.3       0 expanded, 0 kept short, 0 not covered  [map: recorded 8.3 map (0 components, resolved on runnervmeef0v)]
  wrote events.ndjson.gz (71322 bytes)
  RAWLOG-CAPTURE D:\jail\m-mschromiumedgedriver-mtsq6jgx\cap\capture.json
  VENUE-NUB-BINARY {"path":"C:/Users/RUNNER~1/AppData/Local/Temp/nub/target/release/nub.exe","sha256":"f186817a44be332fee712b4936a071a0b5f9cde18a1d2fdc3a791729d4bf1005","bytes":68717056,"features":{"buildJailCatalogOverride":true,"pythonDontWriteBytecodeEnv":true}}
  VENUE-INTERPRETER C:\hostedtoolcache\windows\node\22.23.2\x64\node.exe
  VENUE-JAIL-ROOT D:\jail\m-mschromiumedgedriver-mtsq6jgx
  VENUE-OVERRIDES {"set":{"npm_config_cache":"D:\\jail\\m-mschromiumedgedriver-mtsq6jgx\\npm-cache","TMP":"D:\\jail\\m-mschromiumedgedriver-mtsq6jgx\\tmp","TEMP":"D:\\jail\\m-mschromiumedgedriver-mtsq6jgx\\tmp","TMPDIR":"D:\\jail\\m-mschromiumedgedriver-mtsq6jgx\\tmp"},"unset":["CI","GITHUB_ACTIONS"],"notRedirected":{"USERPROFILE":"C:\\Users\\runneradmin","why":"the jail leaves HOME/USERPROFILE alone — `build_jail.rs` sandbox_homes() reads the ambient value and `compiler/defaults.rs` BASELINE_ENV_EXACT passes it through — so there is no private jail home to reproduce and redirecting one would measure an environment no confined script sees"},"passedThrough":{"CI":"true","GITHUB_ACTIONS":"true","NODE_ENV":null}}
  STORE   isolated virtual store at D:\jail\m-mschromiumedgedriver-mtsq6jgx\verify-synth\.cache
  VENUE-STORE-LAYOUT isolated
OSV-SCREEN {"schemaVersion":1,"kind":"nub-synth-resolved","status":"clean","digest":"23c7aaa2d5b777951b1e16f2afcd48d2d794d983222835c9212949f8eb8dbb7e","specCount":51,"lockfiles":{"digest":"7746e18badf98a45200c79f1cb5ae58941f597670bc74e426af9b5477c53c72b","files":[{"path":"nub.lock","sha256":"dfa629607272e306ceb3a4f68c42a01fc92defc1998c63a98dd2c15f18281dce","bytes":11928}]},"maliciousAdvisories":[],"screenedAt":"2026-09-08T13:49:02.009Z","cacheHit":false,"clearancePath":"D:\\jail\\m-mschromiumedgedriver-mtsq6jgx\\security\\nub-synth-resolved.json"}
  SECURITY nub-synth-resolved clean: 51 exact package-version(s), tree 23c7aaa2d5b7
  VERIFY[synth] rc=0 artifacts=11/11 missing=0 shortfall=none (tree 7476/1539) OVERRIDDEN=2 REJECTED=0 grant={}
  => MINIMUM {}   (observed, then verified)
  DESCEND   grant is already empty — nothing to narrow; MINIMAL by construction.
