### cloudflared@0.4.0   (D:\jail\m-cloudflared-mtsko258)
  CI-ENV scrubbed: CI GITHUB_ACTIONS
OSV-SCREEN {"schemaVersion":1,"kind":"direct","status":"clean","digest":"8840bc3cf9ecfb037d5b5e042ed945a0505e81350546cafc08b32f8dc27ce521","specCount":1,"lockfiles":{"digest":null,"files":[]},"maliciousAdvisories":[],"screenedAt":"2026-09-08T11:14:25.869Z","cacheHit":false,"clearancePath":"D:\\jail\\m-cloudflared-mtsko258\\security\\direct.json"}
  SECURITY direct clean: 1 exact package-version(s), tree 8840bc3cf9ec
OSV-SCREEN {"schemaVersion":1,"kind":"npm-observe-resolved","status":"clean","digest":"8840bc3cf9ecfb037d5b5e042ed945a0505e81350546cafc08b32f8dc27ce521","specCount":1,"lockfiles":{"digest":"a1c5bbeb8cae38a4b654a279858522ff5c73fd58caf5fa06dca5646628885c0a","files":[{"path":"package-lock.json","sha256":"dda56222ca229d9c54f33153195d3f3b5f573ec5c19a7b0b23c9bce1b3f112ab","bytes":622}]},"maliciousAdvisories":[],"screenedAt":"2026-09-08T11:14:25.869Z","cacheHit":true,"clearancePath":"D:\\jail\\m-cloudflared-mtsko258\\security\\npm-observe-resolved.json"}
  SECURITY npm-observe-resolved clean: 1 exact package-version(s), tree 8840bc3cf9ec (cached exact-tree clearance)
  CAPTURE user=runnervmeef0v\runneradmin elevated=True rootPid=1300 exit=0 events=37447 lost=0
  VENUE-OBSERVE-USER runnervmeef0v\runneradmin elevated=true privDropped={"SeBackupPrivilege":"removed","SeRestorePrivilege":"removed","SeTakeOwnershipPrivilege":"removed"}
  OBSERVE artifacts: 16 files  (D:\jail\m-cloudflared-mtsko258\observe\node_modules\cloudflared)
  ARM-FALSIFIABILITY {"manifestFiles":16,"filesTheScriptProduced":1,"reasons":[]}
  CLOSURE 1 packages evicted per arm
  8.3 MAP 0 components resolved on runnervmeef0v, folded into capture.json
  == ROOTS (from capture.json — R2: no ambient reads) ==
    project       D:\jail\m-cloudflared-mtsko258\observe   [keyed on]
    home          C:\Users\runneradmin   [keyed on]
    jailHome      (null — declared inapplicable)
    globalStore   C:\Users\runneradmin\AppData\Local\nub\pm\store
    projectStore  D:\jail\m-cloudflared-mtsko258\observe\node_modules\.store
    interpreter   C:\hostedtoolcache\windows\node\22.23.2\x64\node.exe
    toolsDir      C:\Users\runneradmin\AppData\Local\nub\pm\tools
    temp          D:\jail\m-cloudflared-mtsko258\tmp   [keyed on]
    npmPrefix     (null — declared inapplicable)
    ownPkg        D:\jail\m-cloudflared-mtsko258\observe\node_modules\cloudflared
  == ATTRIBUTION == lifecycle pids: 5 (root 1300)
    writes  script 2  /  whole traced tree 13
    peers   script 2  /  whole traced tree 2
  == WRITES ==
    deps          2
  == READS ==
    deps         16
    outside       6
    project       1
    systemfs     36
  == NETWORK ==
    distinct peers: 2
        140.82.114.3:443
        185.199.111.133:443
  == REFUSALS (adapter-classified) ==
    distinct: 0
  == SYNTHESIZED GRANT (verify this in the real unprivileged jail) ==
    {"write":{"deps":true},"network":true}
  RAW       etw-raw.xml.gz  48171511 B xml -> 656421 B gz (73.4x)  sha256 4c897cef2c431639…
  HEADER    etw-header.json (5083 bytes)
  DERIVED   5503 distinct from 13538 kept ops (37447 xml events, 2021 out of subtree)
  PROCS     7   thread-reattributed 0
  ⛔ 3 operations with NO OperationEnd — kept, status marked unknown
  8.3       0 expanded, 0 kept short, 0 not covered  [map: recorded 8.3 map (0 components, resolved on runnervmeef0v)]
  wrote events.ndjson.gz (70357 bytes)
  RAWLOG-CAPTURE D:\jail\m-cloudflared-mtsko258\cap\capture.json
  VENUE-NUB-BINARY {"path":"C:/Users/RUNNER~1/AppData/Local/Temp/nub/target/release/nub.exe","sha256":"f186817a44be332fee712b4936a071a0b5f9cde18a1d2fdc3a791729d4bf1005","bytes":68717056,"features":{"buildJailCatalogOverride":true,"pythonDontWriteBytecodeEnv":true}}
  VENUE-INTERPRETER C:\hostedtoolcache\windows\node\22.23.2\x64\node.exe
  VENUE-JAIL-ROOT D:\jail\m-cloudflared-mtsko258
  VENUE-OVERRIDES {"set":{"npm_config_cache":"D:\\jail\\m-cloudflared-mtsko258\\npm-cache","TMP":"D:\\jail\\m-cloudflared-mtsko258\\tmp","TEMP":"D:\\jail\\m-cloudflared-mtsko258\\tmp","TMPDIR":"D:\\jail\\m-cloudflared-mtsko258\\tmp"},"unset":["CI","GITHUB_ACTIONS"],"notRedirected":{"USERPROFILE":"C:\\Users\\runneradmin","why":"the jail leaves HOME/USERPROFILE alone — `build_jail.rs` sandbox_homes() reads the ambient value and `compiler/defaults.rs` BASELINE_ENV_EXACT passes it through — so there is no private jail home to reproduce and redirecting one would measure an environment no confined script sees"},"passedThrough":{"CI":"true","GITHUB_ACTIONS":"true","NODE_ENV":null}}
  STORE   isolated virtual store at D:\jail\m-cloudflared-mtsko258\verify-synth\.cache
  VENUE-STORE-LAYOUT isolated
OSV-SCREEN {"schemaVersion":1,"kind":"nub-synth-resolved","status":"clean","digest":"8840bc3cf9ecfb037d5b5e042ed945a0505e81350546cafc08b32f8dc27ce521","specCount":1,"lockfiles":{"digest":"5ac5bd9dd52f4993edbef9dea277179d2f3990ed6ff4be5d2fc45ee8b3349963","files":[{"path":"nub.lock","sha256":"1b63b45c3ed65e44e793d4e40104faac946d44d2579fc2a3e8c757eb0a42c4ff","bytes":408}]},"maliciousAdvisories":[],"screenedAt":"2026-09-08T11:14:25.869Z","cacheHit":true,"clearancePath":"D:\\jail\\m-cloudflared-mtsko258\\security\\nub-synth-resolved.json"}
  SECURITY nub-synth-resolved clean: 1 exact package-version(s), tree 8840bc3cf9ec (cached exact-tree clearance)
  VERIFY[synth] rc=0 artifacts=16/16 missing=0 shortfall=none (tree 5686/23) OVERRIDDEN=2 REJECTED=0 grant={"write":{"deps":true},"network":true}
  => MINIMUM {"write":{"deps":true},"network":true}   (observed, then verified)
  STORE   isolated virtual store at D:\jail\m-cloudflared-mtsko258\verify-nar-no-network\.cache
OSV-SCREEN {"schemaVersion":1,"kind":"nub-nar-no-network-resolved","status":"clean","digest":"8840bc3cf9ecfb037d5b5e042ed945a0505e81350546cafc08b32f8dc27ce521","specCount":1,"lockfiles":{"digest":"5ac5bd9dd52f4993edbef9dea277179d2f3990ed6ff4be5d2fc45ee8b3349963","files":[{"path":"nub.lock","sha256":"1b63b45c3ed65e44e793d4e40104faac946d44d2579fc2a3e8c757eb0a42c4ff","bytes":408}]},"maliciousAdvisories":[],"screenedAt":"2026-09-08T11:14:25.869Z","cacheHit":true,"clearancePath":"D:\\jail\\m-cloudflared-mtsko258\\security\\nub-nar-no-network-resolved.json"}
  SECURITY nub-nar-no-network-resolved clean: 1 exact package-version(s), tree 8840bc3cf9ec (cached exact-tree clearance)
  VERIFY[nar-no-network] rc=0 artifacts=15/16 missing=1 shortfall=e86147adf04e (tree 5685/23) OVERRIDDEN=2 REJECTED=0 grant={"write":{"deps":true}}
     missing artifacts: bin/cloudflared.exe
     'no-network' is NECESSARY — dropping it fails to verify
  STORE   isolated virtual store at D:\jail\m-cloudflared-mtsko258\verify-nar-no-write-deps\.cache
OSV-SCREEN {"schemaVersion":1,"kind":"nub-nar-no-write-deps-resolved","status":"clean","digest":"8840bc3cf9ecfb037d5b5e042ed945a0505e81350546cafc08b32f8dc27ce521","specCount":1,"lockfiles":{"digest":"5ac5bd9dd52f4993edbef9dea277179d2f3990ed6ff4be5d2fc45ee8b3349963","files":[{"path":"nub.lock","sha256":"1b63b45c3ed65e44e793d4e40104faac946d44d2579fc2a3e8c757eb0a42c4ff","bytes":408}]},"maliciousAdvisories":[],"screenedAt":"2026-09-08T11:14:25.869Z","cacheHit":true,"clearancePath":"D:\\jail\\m-cloudflared-mtsko258\\security\\nub-nar-no-write-deps-resolved.json"}
  SECURITY nub-nar-no-write-deps-resolved clean: 1 exact package-version(s), tree 8840bc3cf9ec (cached exact-tree clearance)
  VERIFY[nar-no-write-deps] rc=0 artifacts=16/16 missing=0 shortfall=none (tree 5686/23) OVERRIDDEN=2 REJECTED=0 grant={"network":true}
     ⛔ OVER-PREDICTED — the strictly narrower {"network":true} also verifies; 'no-write-deps' was not needed
