### hugo-extended@0.164.0   (/home/runner/v2-XD2STi)
  CI-ENV scrubbed: CI GITHUB_ACTIONS
OSV-SCREEN {"schemaVersion":1,"kind":"direct","status":"clean","digest":"9986c48d8e5945d495347f30857fccb570cde0f03e2c71e4c82911689c61d4f8","specCount":1,"lockfiles":{"digest":null,"files":[]},"maliciousAdvisories":[],"screenedAt":"2026-09-08T02:05:14.083Z","cacheHit":false,"clearancePath":"/home/runner/v2-XD2STi/security/direct.json"}
  SECURITY direct clean: 1 exact package-version(s), tree 9986c48d8e59
  VENUE-OBSERVE-USER {"uid":1001,"user":"runner","umask":"0022","capBnd":"000001ffffffffff","noNewPrivs":"0"}
  VENUE-NUB-BINARY {"path":"/tmp/nub/target/release/nub","sha256":"2a18683f50f7afeb02a521cd3cae175dc2f91780d461c5f012065241f5a1447b","bytes":207643464,"features":{"buildJailCatalogOverride":true,"pythonDontWriteBytecodeEnv":true}}
OSV-SCREEN {"schemaVersion":1,"kind":"npm-observe-resolved","status":"clean","digest":"ee326dc098c9ce948d6709bb00eb21e59134487eec048a480d1739ff1e40b316","specCount":8,"lockfiles":{"digest":"4e2a038bcb9129d83be5f05fc360444fcf3454e6d026b6386ee259d8f2eeb1d6","files":[{"path":"package-lock.json","sha256":"05be26d74d9ddd84e873ec8e2a3794758c92463b01eb2320f723844d6dd19da1","bytes":3521}]},"maliciousAdvisories":[],"screenedAt":"2026-09-08T02:05:15.300Z","cacheHit":false,"clearancePath":"/home/runner/v2-XD2STi/security/npm-observe-resolved.json"}
  SECURITY npm-observe-resolved clean: 8 exact package-version(s), tree ee326dc098c9
  OBSERVE   rc=0 files=368 trace=11317 lines
  CLOSURE   8 packages evicted per arm
  ARM-FALSIFIABILITY {"manifestFiles":23,"filesTheScriptProduced":3,"reasons":[]}
  RAWLOG-FILE /home/runner/v2-XD2STi/observe/trace.txt.gz
  RAWLOG-CAPTURE /home/runner/v2-XD2STi/observe/capture.json
  RAWLOG-BYTES raw=2456016 gz=75059
  VENUE-INTERPRETER /opt/hostedtoolcache/node/22.23.2/x64
  VENUE-OVERRIDES {"set":{"HOME":"/home/runner/v2-XD2STi/jailhome","TMPDIR":"/tmp/nub-tmp-obseKmgNn","NODE_COMPAT":"1","PLAYWRIGHT_BROWSERS_PATH":"/home/runner/.cache/nub/pm/tools/ms-playwright","ELECTRON_CACHE":"/home/runner/.cache/nub/pm/tools/electron-cache","electron_config_cache":"/home/runner/.cache/nub/pm/tools/electron-cache","npm_config_prefix":"/home/runner/.cache/nub/pm/tools/npm-prefix","PYTHONDONTWRITEBYTECODE":"1","NUB_CACHE_DIR":"/home/runner/v2-XD2STi/nubcache"},"unset":["CI","GITHUB_ACTIONS"],"passedThrough":{"CI":"true","GITHUB_ACTIONS":"true","NODE_ENV":null}}
  == ATTRIBUTION == attributed pids: 25
    writes  script 5  /  whole traced tree 1093
    sockets script 5  /  whole traced tree 11
  == ROOTS (from capture.json — R2: no ambient reads) ==
    project       /home/runner/v2-XD2STi/observe
    home          /home/runner
    jailHome      /home/runner/v2-XD2STi/jailhome
    globalStore   /home/runner/.cache/nub/pm/store   [declared, not keyed on]
    projectStore  /home/runner/v2-XD2STi/observe/node_modules/.store   [declared, not keyed on]
    interpreter   /opt/hostedtoolcache/node/22.23.2/x64   [declared, not keyed on]
    toolsDir      /home/runner/.cache/nub/pm/tools   [declared, not keyed on]
    temp          /tmp/nub-tmp-obseKmgNn
    npmPrefix     /home/runner/.cache/nub/pm/tools/npm-prefix
    ownPkg        /home/runner/v2-XD2STi/observe/node_modules/hugo-extended
  == WRITES the script actually performed ==
    ownPkg        5  (base profile already grants this — NOT billed)
        /home/runner/v2-XD2STi/observe/node_modules/hugo-extended/bin
        /home/runner/v2-XD2STi/observe/node_modules/hugo-extended/bin/hugo_extended_0.164.0_linux-amd64.tar.gz
        /home/runner/v2-XD2STi/observe/node_modules/hugo-extended/bin/hugo
        /home/runner/v2-XD2STi/observe/node_modules/hugo-extended/bin/README.md
        /home/runner/v2-XD2STi/observe/node_modules/hugo-extended/bin/LICENSE
  == NETWORK ==
    AF_INET sockets: 5   distinct peers: 3
        127.0.0.53:53
        104.16.8.34:443
        140.82.113.3:443
  == REFUSALS (only `= -1 EACCES/EPERM/EROFS`) ==
    distinct: 0
  == SYNTHESIZED GRANT (verify this in the real unprivileged jail) ==
    {"network":true}
  == writePaths (DERIVED — promotion out of the package's PRIVATE home) ==
    private-home writes observed: 0
    none declared — the script wrote nothing into its private home — there is nothing to promote
  == writePaths FEASIBILITY (distinct writes outside project/deps) ==
    count: 0
    EVENTS    4666 distinct from 11238 calls (11318 lines, 25 rejoined, 0 unparsed)
    PROCS     32   lifecycle shells 20
    ⛔ 3 paths with an UNRESOLVED dirfd — kept, marked, never guessed
    unsubscribed/unmapped syscalls: setsockopt×57 getsockname×31 exit×20 tgkill×19 getsockopt×13 recvmsg×11 getcwd×6 socketpair×6
    wrote /home/runner/v2-XD2STi/observe/events.ndjson.gz (33069 bytes)
  EVENTLOG-FILE /home/runner/v2-XD2STi/observe/events.ndjson.gz
  EVENTLOG-STATS {"lines":11318,"parsed":11238,"unparsed":0,"unfinished":25,"rejoined":25,"unresolvedDirfd":3,"truncatedArg":0,"procs":32,"lifecyclePids":20,"distinctEvents":4666,"unknownSyscall":{"getsockname":31,"getsockopt":13,"getcwd":6,"recvmsg":11,"exit":20,"setsockopt":57,"sendmmsg":3,"socketpair":6,"shutdown":4,"tgkill":19,"exit_group":4,"wait4":4},"out":"/home/runner/v2-XD2STi/observe/events.ndjson.gz","gzipBytes":33069}
  EVICT     7 store entries removed, 6 spared as nub tooling
  SE-PURGE  0 side-effects-cache entries for hugo-extended
OSV-SCREEN {"schemaVersion":1,"kind":"nub-synth-resolved","status":"clean","digest":"ee326dc098c9ce948d6709bb00eb21e59134487eec048a480d1739ff1e40b316","specCount":8,"lockfiles":{"digest":"540a3ac61f3979b565fa7ffc350aed35d59c44b308d431ce8fedeacde803d0c3","files":[{"path":"nub.lock","sha256":"fc821b64f3aa1f80767e23c454e82a5606966175f08680295deac7b01bb75576","bytes":2108}]},"maliciousAdvisories":[],"screenedAt":"2026-09-08T02:05:15.300Z","cacheHit":true,"clearancePath":"/home/runner/v2-XD2STi/security/nub-synth-resolved.json"}
  SECURITY nub-synth-resolved clean: 8 exact package-version(s), tree ee326dc098c9 (cached exact-tree clearance)
  VENUE-STORE-LAYOUT isolated
  VERIFY[synth] rc=0 artifacts=23/23 missing=0 shortfall=none (tree 1130/368) OVERRIDDEN=3 REJECTED=0 grant={"network":true}
  => VERIFIED {"network":true}   (observed, then verified)
  EVICT     2 store entries removed, 6 spared as nub tooling
  SE-PURGE  0 side-effects-cache entries for hugo-extended
OSV-SCREEN {"schemaVersion":1,"kind":"nub-drop-no-network-resolved","status":"clean","digest":"ee326dc098c9ce948d6709bb00eb21e59134487eec048a480d1739ff1e40b316","specCount":8,"lockfiles":{"digest":"540a3ac61f3979b565fa7ffc350aed35d59c44b308d431ce8fedeacde803d0c3","files":[{"path":"nub.lock","sha256":"fc821b64f3aa1f80767e23c454e82a5606966175f08680295deac7b01bb75576","bytes":2108}]},"maliciousAdvisories":[],"screenedAt":"2026-09-08T02:05:15.300Z","cacheHit":true,"clearancePath":"/home/runner/v2-XD2STi/security/nub-drop-no-network-resolved.json"}
  SECURITY nub-drop-no-network-resolved clean: 8 exact package-version(s), tree ee326dc098c9 (cached exact-tree clearance)
  VERIFY[drop-no-network] rc=1 artifacts=20/23 missing=3 shortfall=6100e9502c41 (tree 1121/368) OVERRIDDEN=3 REJECTED=0 grant={}
       missing: bin/LICENSE, bin/README.md, bin/hugo
     'no-network' is NECESSARY — dropping it fails to verify
  => MINIMAL — every capability in {"network":true} is independently necessary
