OSV-SCREEN {"schemaVersion":1,"kind":"direct","status":"clean","digest":"0cd31bde70dfae2dd9fd537f6f9979d1bf92b2cc0e285f8a36e1dd454fb98568","specCount":1,"lockfiles":{"digest":null,"files":[]},"maliciousAdvisories":[],"screenedAt":"2026-09-08T05:54:02.562Z","cacheHit":false,"clearancePath":"/Users/runner/v2m-S1q0T4/security/direct.json"}
  SECURITY direct clean: 1 exact package-version(s), tree 0cd31bde70df
### hugo-extended@0.81.0   (/Users/runner/v2m-S1q0T4)   nub=/tmp/nub/target/release/nub
  VENUE-NUB-BINARY {"path":"/tmp/nub/target/release/nub","sha256":"f923f9d246b7061a3e88675efb7b4fdcda741d02368002ce6e7f7044b01e7bbe","bytes":93818888,"features":{"buildJailCatalogOverride":true,"pythonDontWriteBytecodeEnv":true}}
  CI-ENV scrubbed: CI GITHUB_ACTIONS
  --- fbt preflight (advisory; never fails the run) ---
     csrutil: System Integrity Protection status: disabled.
     fbt probes visible: 93591
     fbt enable attempt: dtrace: description 'fbt:::entry ' matched 50364 probes CPU     ID                    FUNCTION:NAME 
     cwd builtin value:  
     fbt chdir symbols:  
     fbt fires on spawn-with-cwd: dtrace: invalid probe specifier fbt::chdir*:entry /progenyof($target)/ { @[probefunc] = count(); }: probe description fbt::chdir*:entry does not match any probes 
  --- end fbt preflight ---
OSV-SCREEN {"schemaVersion":1,"kind":"npm-observe-resolved","status":"clean","digest":"1031891a1beceecc429ccddd1d2a81429777933d33f2315c05eaad1a6e9aa0fd","specCount":166,"lockfiles":{"digest":"6232043767a75b3202ff38aab821585d31f3d9cc324c4c31d701b94d95412c47","files":[{"path":"package-lock.json","sha256":"874b2560cdf78da0edb01544b78da54a8847c32a3a069824435523d00cebf3df","bytes":71170}]},"maliciousAdvisories":[],"screenedAt":"2026-09-08T05:54:09.674Z","cacheHit":false,"clearancePath":"/Users/runner/v2m-S1q0T4/security/npm-observe-resolved.json"}
  SECURITY npm-observe-resolved clean: 166 exact package-version(s), tree 1031891a1bec
  VENUE-CI-CHILD clean (no CI-detection variable reaches the traced script)
  --- wrapper (run.sh) ---
     cd "/Users/runner/v2m-S1q0T4/Observe"
     sudo -u "runner" -H env "PATH=$PATH"   "HOME=/Users/runner/v2m-S1q0T4/jailhome"   "TMPDIR=/private/var/folders/bl/vzjcvbz95c3dk19cb0fw46180000gn/T/nub-tmp-obsrVLC6C"   "NODE_COMPAT=1"   "PYTHONDONTWRITEBYTECODE=1"   "PLAYWRIGHT_BROWSERS_PATH=/Users/runner/.cache/nub/pm/tools/ms-playwright"   "ELECTRON_CACHE=/Users/runner/.cache/nub/pm/tools/electron-cache"   "electron_config_cache=/Users/runner/.cache/nub/pm/tools/electron-cache"   "npm_config_prefix=/Users/runner/.cache/nub/pm/tools/npm-prefix"   "/Users/runner/hostedtoolcache/node/22.23.2/arm64/bin/npm" rebuild --no-audit --no-fund "hugo-extended" > "/Users/runner/v2m-S1q0T4/Observe/npm.log" 2>&1
     echo $? > "/Users/runner/v2m-S1q0T4/Observe/rc"
  --- dtrace stderr + wrapper trace ---
     + cd /Users/runner/v2m-S1q0T4/Observe
     + sudo -u runner -H env PATH=/Users/runner/hostedtoolcache/node/22.23.2/arm64/bin:/opt/homebrew/lib/ruby/gems/3.3.0/bin:/opt/homebrew/opt/ruby@3.3/bin:/Users/runner/.local/bin:/opt/homebrew/bin:/opt/homebrew/sbin:/Users/runner/.cargo/bin:/usr/local/opt/curl/bin:/usr/local/bin:/usr/local/sbin:/Users/runner/bin:/Users/runner/.yarn/bin:/Users/runner/Library/Android/sdk/tools:/Users/runner/Library/Android/sdk/platform-tools:/Library/Frameworks/Python.framework/Versions/Current/bin:/Library/Frameworks/Mono.framework/Versions/Current/Commands:/usr/bin:/bin:/usr/sbin:/sbin:/Users/runner/.dotnet/tools HOME=/Users/runner/v2m-S1q0T4/jailhome TMPDIR=/private/var/folders/bl/vzjcvbz95c3dk19cb0fw46180000gn/T/nub-tmp-obsrVLC6C NODE_COMPAT=1 PYTHONDONTWRITEBYTECODE=1 PLAYWRIGHT_BROWSERS_PATH=/Users/runner/.cache/nub/pm/tools/ms-playwright ELECTRON_CACHE=/Users/runner/.cache/nub/pm/tools/electron-cache electron_config_cache=/Users/runner/.cache/nub/pm/tools/electron-cache npm_config_prefix=/Users/runner/.cache/nub/pm/tools/npm-prefix /Users/runner/hostedtoolcache/node/22.23.2/arm64/bin/npm rebuild --no-audit --no-fund hugo-extended
     dtrace: error on enabled probe ID 128 (ID 286: syscall::execve:entry): invalid address (0x600000c210e0) in action #1 at DIF offset 20
     + echo 0
  OBSERVE   rc=0 dtrace_rc=0 files=1125 (pre=1120) trace=17267 lines
  CLOSURE   152 packages evicted per arm   store=/Users/runner/.cache/nub/pm/store
  RAWLOG-FILE /Users/runner/v2m-S1q0T4/Observe/trace.txt.gz
  RAWLOG-CAPTURE /Users/runner/v2m-S1q0T4/Observe/capture.json
  RAWLOG-BYTES raw=2768452 gz=93237
  VENUE-INTERPRETER /Users/runner/hostedtoolcache/node/22.23.2/arm64
  VENUE-OVERRIDES {"set":{"PATH":"inherited-and-forwarded","HOME":"/Users/runner/v2m-S1q0T4/jailhome","TMPDIR":"/private/var/folders/bl/vzjcvbz95c3dk19cb0fw46180000gn/T/nub-tmp-obsrVLC6C","NODE_COMPAT":"1","PYTHONDONTWRITEBYTECODE":"1","PLAYWRIGHT_BROWSERS_PATH":"/Users/runner/.cache/nub/pm/tools/ms-playwright","ELECTRON_CACHE":"/Users/runner/.cache/nub/pm/tools/electron-cache","electron_config_cache":"/Users/runner/.cache/nub/pm/tools/electron-cache","npm_config_prefix":"/Users/runner/.cache/nub/pm/tools/npm-prefix"},"unset":["(sudo env_reset discards the caller environment; every var above is re-set after it)","CI","GITHUB_ACTIONS"],"passedThrough":{"CI":"true","GITHUB_ACTIONS":"true","NODE_ENV":null}}
  VENUE-OBSERVE-USER runner uid=501 (R7: ordinary non-root user, asserted)
  ARM-FALSIFIABILITY {"manifestFiles":10,"filesTheScriptProduced":3,"reasons":[]}
  EVENTLOG-FILE /Users/runner/v2m-S1q0T4/Observe/events.ndjson.gz
  EVENTLOG-STATS {"lines":17268,"parsed":17248,"unparsed":0,"live":true,"tracerErrors":1,"tracerErrorTotal":1,"unresolvedDirfd":24,"unresolvedFd":0,"pairedTwoPath":541,"danglingPair":0,"failed":7551,"enoent":7543,"refusals":0,"byErrno":{"ENXIO":3,"ENOENT":7543,"EEXIST":5},"procs":6,"lifecyclePids":1,"distinctEvents":8932,"emitted":8932,"calls":16694,"bytes":1631106,"gzipBytes":60546,"out":"/Users/runner/v2m-S1q0T4/Observe/events.ndjson"}
  == TRACER == live=true decodable-events=3765 dropped-events=1
    NOTE 16 relative path(s) under a non-AT_FDCWD dirfd were not
       scope-assigned: resolving them against the cwd would invent a path.
    ⛔ CWD-UNOBSERVED 3 relative path(s) (0 write(s)) came from a lifecycle
       process whose own cwd was never observed
       macOS spawns with posix_spawn addchdir_np, which changes directory in-kernel and
       emits no chdir syscall, so the inherited cwd cannot be trusted. These are NOT
       scope-assigned; the grant below is WIDENED instead so it covers wherever they landed.
         pid=32390 read  unproven .
         pid=32390 read  unproven .
         pid=32390 read  unproven .
    ⛔ THE TRACER DROPPED 1 EVENT(S). A dropped event is a path never
       seen, so the grant below can only be too NARROW — the direction that breaks installs.
       Treat it as a FLOOR, not a measurement, until the adapter fault is fixed:
             1 x  epid=128 action=1 fault=1 addr=0x600000c210e0
  == ATTRIBUTION == lifecycle pids: 1
    writes  script 5  /  whole traced subtree 1095
    sockets script 2  /  whole traced subtree 3
  == ROOTS (from /Users/runner/v2m-S1q0T4/Observe/capture.json; the classifier reads no other source) ==
    project       /Users/runner/v2m-S1q0T4/Observe
    home          /Users/runner
    jailHome      /Users/runner/v2m-S1q0T4/jailhome
    globalStore   /Users/runner/.cache/nub/pm/store
    projectStore  /Users/runner/v2m-S1q0T4/Observe/node_modules/.store
    interpreter   /Users/runner/hostedtoolcache/node/22.23.2/arm64
    toolsDir      /Users/runner/.cache/nub/pm/tools
    temp          /private/var/folders/bl/vzjcvbz95c3dk19cb0fw46180000gn/T/nub-tmp-obsrVLC6C
    npmPrefix     /Users/runner/.cache/nub/pm/tools/npm-prefix
    ownPkg        /Users/runner/v2m-S1q0T4/Observe/node_modules/hugo-extended
    cwd           (null — this platform has no such root)
  == WRITES the script actually performed ==
    systemfs      1
        /dev/dtracehelper
    ownPkg        4  (base profile already grants this — NOT billed)
        /Users/runner/v2m-S1q0T4/Observe/node_modules/hugo-extended/vendor
        /Users/runner/v2m-S1q0T4/Observe/node_modules/hugo-extended/vendor/LICENSE
        /Users/runner/v2m-S1q0T4/Observe/node_modules/hugo-extended/vendor/README.md
        /Users/runner/v2m-S1q0T4/Observe/node_modules/hugo-extended/vendor/hugo
  == READS the script performed, by scope ==
    outside       6
    systemfs     11
    userHome      2
    ownPkg        6
    deps        368
        outside: /
        outside: /bin/bash
        outside: /bin
        outside: /var/db/timezone/zoneinfo/UTC
        outside: /var/db/timezone/zoneinfo/posixrules
        outside: /etc/localtime
  == NETWORK ==
    AF_INET connects: 2   distinct peers: 2
        172.182.252.133:443
        185.199.109.133:443
  == REFUSALS (errno EPERM/EACCES/EROFS only; ENOENT is a miss, not a denial) ==
    distinct: 0
  == SYNTHESIZED GRANT (verify this in the real unprivileged jail) ==
    {"network":true}
  == writePaths (DERIVED — promotion out of the package's PRIVATE home) ==
    private-home writes observed: 0
    none declared — the script wrote nothing into its private home — there is nothing to promote
  == writePaths FEASIBILITY (distinct writes outside project/deps) ==
    count: 0
  EVICT[synth] 98 store entries removed, 5 spared as nub tooling, 588 in store
OSV-SCREEN {"schemaVersion":1,"kind":"nub-synth-resolved","status":"clean","digest":"2d47dc0f8a0dc7d407616980638fa6dfec8df89bc201244277f339d06f4aa9cf","specCount":170,"lockfiles":{"digest":"dcc87cfda0319538f6476e95209a850c6618e6632088f53a3d63b6f86557f4da","files":[{"path":"nub.lock","sha256":"b4df3565bf6d51347dd26681f776a9a4c8a286ca23abb0820c707b00aa169ca0","bytes":40194}]},"maliciousAdvisories":[],"screenedAt":"2026-09-08T05:54:19.297Z","cacheHit":false,"clearancePath":"/Users/runner/v2m-S1q0T4/security/nub-synth-resolved.json"}
  SECURITY nub-synth-resolved clean: 170 exact package-version(s), tree 2d47dc0f8a0d
  VENUE-STORE-LAYOUT isolated
  VERIFY[synth] rc=0 artifacts=10/10 missing=0 shortfall=none (tree 4368/1125) OVERRIDDEN=3 REJECTED=0 grant={"network":true}
  => VERIFIED {"network":true}
  EVICT[nar-no-network] 165 store entries removed, 5 spared as nub tooling, 657 in store
OSV-SCREEN {"schemaVersion":1,"kind":"nub-nar-no-network-resolved","status":"clean","digest":"2d47dc0f8a0dc7d407616980638fa6dfec8df89bc201244277f339d06f4aa9cf","specCount":170,"lockfiles":{"digest":"dcc87cfda0319538f6476e95209a850c6618e6632088f53a3d63b6f86557f4da","files":[{"path":"nub.lock","sha256":"b4df3565bf6d51347dd26681f776a9a4c8a286ca23abb0820c707b00aa169ca0","bytes":40194}]},"maliciousAdvisories":[],"screenedAt":"2026-09-08T05:54:19.297Z","cacheHit":true,"clearancePath":"/Users/runner/v2m-S1q0T4/security/nub-nar-no-network-resolved.json"}
  SECURITY nub-nar-no-network-resolved clean: 170 exact package-version(s), tree 2d47dc0f8a0d (cached exact-tree clearance)
  VERIFY[nar-no-network] rc=0 artifacts=7/10 missing=3 shortfall=219cbefac624 (tree 4359/1125) OVERRIDDEN=3 REJECTED=0 grant={}
       missing: vendor/LICENSE, vendor/README.md, vendor/hugo
     narrowing 'no-network' fails ⇒ that capability IS necessary
  => MINIMAL — every capability in {"network":true} is independently necessary
### DONE hugo-extended@0.81.0  synthesized={"network":true} verified=1
