### dprint@0.21.2   (/home/runner/v2-O2lhGx)
  CI-ENV scrubbed: CI GITHUB_ACTIONS
OSV-SCREEN {"schemaVersion":1,"kind":"direct","status":"clean","digest":"ee43a45935f3da506f16b46825c79594f333780cdfe133167d3d49a7aa01a2af","specCount":1,"lockfiles":{"digest":null,"files":[]},"maliciousAdvisories":[],"screenedAt":"2026-09-07T23:26:58.274Z","cacheHit":false,"clearancePath":"/home/runner/v2-O2lhGx/security/direct.json"}
  SECURITY direct clean: 1 exact package-version(s), tree ee43a45935f3
  VENUE-OBSERVE-USER {"uid":1001,"user":"runner","umask":"0022","capBnd":"000001ffffffffff","noNewPrivs":"0"}
  VENUE-NUB-BINARY {"path":"/tmp/nub/target/release/nub","sha256":"2a18683f50f7afeb02a521cd3cae175dc2f91780d461c5f012065241f5a1447b","bytes":207643464,"features":{"buildJailCatalogOverride":true,"pythonDontWriteBytecodeEnv":true}}
OSV-SCREEN {"schemaVersion":1,"kind":"npm-observe-resolved","status":"clean","digest":"ee43a45935f3da506f16b46825c79594f333780cdfe133167d3d49a7aa01a2af","specCount":1,"lockfiles":{"digest":"5fdfea0d5bc3ef4b6fd99a8c9f7cf4fcc1c870e0082519ea79bacd685cb5e1a1","files":[{"path":"package-lock.json","sha256":"63d344978bf781f488431d778f43b247965514a6ebdb78fe76e004c9ca14e311","bytes":588}]},"maliciousAdvisories":[],"screenedAt":"2026-09-07T23:26:58.274Z","cacheHit":true,"clearancePath":"/home/runner/v2-O2lhGx/security/npm-observe-resolved.json"}
  SECURITY npm-observe-resolved clean: 1 exact package-version(s), tree ee43a45935f3 (cached exact-tree clearance)
  OBSERVE   rc=0 files=14 trace=12476 lines
  CLOSURE   1 packages evicted per arm
  ARM-FALSIFIABILITY {"manifestFiles":10,"filesTheScriptProduced":1,"reasons":[]}
  RAWLOG-FILE /home/runner/v2-O2lhGx/observe/trace.txt.gz
  RAWLOG-CAPTURE /home/runner/v2-O2lhGx/observe/capture.json
  RAWLOG-BYTES raw=2543237 gz=104592
  VENUE-INTERPRETER /opt/hostedtoolcache/node/22.23.2/x64
  VENUE-OVERRIDES {"set":{"HOME":"/home/runner/v2-O2lhGx/jailhome","TMPDIR":"/tmp/nub-tmp-obsYgx2jp","NODE_COMPAT":"1","PLAYWRIGHT_BROWSERS_PATH":"/home/runner/.cache/nub/pm/tools/ms-playwright","ELECTRON_CACHE":"/home/runner/.cache/nub/pm/tools/electron-cache","electron_config_cache":"/home/runner/.cache/nub/pm/tools/electron-cache","npm_config_prefix":"/home/runner/.cache/nub/pm/tools/npm-prefix","PYTHONDONTWRITEBYTECODE":"1","NUB_CACHE_DIR":"/home/runner/v2-O2lhGx/nubcache"},"unset":["CI","GITHUB_ACTIONS"],"passedThrough":{"CI":"true","GITHUB_ACTIONS":"true","NODE_ENV":null}}
  == ATTRIBUTION == attributed pids: 29
    writes  script 4  /  whole traced tree 1092
    sockets script 6  /  whole traced tree 12
  == ROOTS (from capture.json — R2: no ambient reads) ==
    project       /home/runner/v2-O2lhGx/observe
    home          /home/runner
    jailHome      /home/runner/v2-O2lhGx/jailhome
    globalStore   /home/runner/.cache/nub/pm/store   [declared, not keyed on]
    projectStore  /home/runner/v2-O2lhGx/observe/node_modules/.store   [declared, not keyed on]
    interpreter   /opt/hostedtoolcache/node/22.23.2/x64   [declared, not keyed on]
    toolsDir      /home/runner/.cache/nub/pm/tools   [declared, not keyed on]
    temp          /tmp/nub-tmp-obsYgx2jp
    npmPrefix     /home/runner/.cache/nub/pm/tools/npm-prefix
    ownPkg        /home/runner/v2-O2lhGx/observe/node_modules/dprint
  == WRITES the script actually performed ==
    ownPkg        3  (base profile already grants this — NOT billed)
        /home/runner/v2-O2lhGx/observe/node_modules/dprint/install.sh
        /home/runner/v2-O2lhGx/observe/node_modules/dprint/dprint.zip
        /home/runner/v2-O2lhGx/observe/node_modules/dprint/dprint
    kernelfs      1
        /dev/null
  == NETWORK ==
    AF_INET sockets: 6   distinct peers: 3
        127.0.0.53:53
        104.16.5.34:443
        140.82.113.4:443
  == REFUSALS (only `= -1 EACCES/EPERM/EROFS`) ==
    distinct: 0
  == SYNTHESIZED GRANT (verify this in the real unprivileged jail) ==
    {"network":true}
    NOTE 1 kernel-fs touches (/proc,/sys,/dev) — a READ floor question, not a write grant
  == writePaths (DERIVED — promotion out of the package's PRIVATE home) ==
    private-home writes observed: 0
    none declared — the script wrote nothing into its private home — there is nothing to promote
  == writePaths FEASIBILITY (distinct writes outside project/deps) ==
    count: 0
    EVENTS    4738 distinct from 12393 calls (12477 lines, 37 rejoined, 0 unparsed)
    PROCS     36   lifecycle shells 24
    ⛔ 3 paths with an UNRESOLVED dirfd — kept, marked, never guessed
    unsubscribed/unmapped syscalls: getsockname×39 setsockopt×33 exit×22 wait4×18 getsockopt×12 exit_group×11 recvmsg×9 getpeername×6
    wrote /home/runner/v2-O2lhGx/observe/events.ndjson.gz (33324 bytes)
  EVENTLOG-FILE /home/runner/v2-O2lhGx/observe/events.ndjson.gz
  EVENTLOG-STATS {"lines":12477,"parsed":12393,"unparsed":0,"unfinished":37,"rejoined":37,"unresolvedDirfd":3,"truncatedArg":0,"procs":36,"lifecyclePids":24,"distinctEvents":4738,"unknownSyscall":{"getsockname":39,"getsockopt":12,"getcwd":5,"recvmsg":9,"exit":22,"setsockopt":33,"sendmmsg":3,"socketpair":3,"shutdown":3,"exit_group":11,"wait4":18,"getpeername":6},"out":"/home/runner/v2-O2lhGx/observe/events.ndjson.gz","gzipBytes":33324}
  EVICT     0 store entries removed, 0 spared as nub tooling
  SE-PURGE  0 side-effects-cache entries for dprint
OSV-SCREEN {"schemaVersion":1,"kind":"nub-synth-resolved","status":"clean","digest":"ee43a45935f3da506f16b46825c79594f333780cdfe133167d3d49a7aa01a2af","specCount":1,"lockfiles":{"digest":"4a9936ad44489848772e03c6ed6a81f5de32d999dae040da8a0c531d2c3bfb7e","files":[{"path":"nub.lock","sha256":"7a134c17d508e7b58880ba8d9ca726523dd4b453668c96629a59d52e67172723","bytes":397}]},"maliciousAdvisories":[],"screenedAt":"2026-09-07T23:26:58.274Z","cacheHit":true,"clearancePath":"/home/runner/v2-O2lhGx/security/nub-synth-resolved.json"}
  SECURITY nub-synth-resolved clean: 1 exact package-version(s), tree ee43a45935f3 (cached exact-tree clearance)
  VENUE-STORE-LAYOUT isolated
  VERIFY[synth] rc=0 artifacts=10/10 missing=0 shortfall=none (tree 40/14) OVERRIDDEN=2 REJECTED=0 grant={"network":true}
  => VERIFIED {"network":true}   (observed, then verified)
  EVICT     1 store entries removed, 0 spared as nub tooling
  SE-PURGE  0 side-effects-cache entries for dprint
OSV-SCREEN {"schemaVersion":1,"kind":"nub-drop-no-network-resolved","status":"clean","digest":"ee43a45935f3da506f16b46825c79594f333780cdfe133167d3d49a7aa01a2af","specCount":1,"lockfiles":{"digest":"4a9936ad44489848772e03c6ed6a81f5de32d999dae040da8a0c531d2c3bfb7e","files":[{"path":"nub.lock","sha256":"7a134c17d508e7b58880ba8d9ca726523dd4b453668c96629a59d52e67172723","bytes":397}]},"maliciousAdvisories":[],"screenedAt":"2026-09-07T23:26:58.274Z","cacheHit":true,"clearancePath":"/home/runner/v2-O2lhGx/security/nub-drop-no-network-resolved.json"}
  SECURITY nub-drop-no-network-resolved clean: 1 exact package-version(s), tree ee43a45935f3 (cached exact-tree clearance)
  VERIFY[drop-no-network] rc=1 artifacts=9/10 missing=1 shortfall=7f017aa8136b (tree 38/14) OVERRIDDEN=2 REJECTED=0 grant={}
       missing: dprint
     'no-network' is NECESSARY — dropping it fails to verify
  => MINIMAL — every capability in {"network":true} is independently necessary
