### victory-scatter@0.0.3   (/home/runner/v2-Z6X6MJ)
  CI-ENV scrubbed: CI GITHUB_ACTIONS
OSV-SCREEN {"schemaVersion":1,"kind":"direct","status":"clean","digest":"de7ef2d73cd9253400b4984412c026a36c825ab4d54bc6333be97d0c7921b29e","specCount":1,"lockfiles":{"digest":null,"files":[]},"maliciousAdvisories":[],"screenedAt":"2026-09-09T03:23:09.299Z","cacheHit":false,"clearancePath":"/home/runner/v2-Z6X6MJ/security/direct.json"}
  SECURITY direct clean: 1 exact package-version(s), tree de7ef2d73cd9
  VENUE-OBSERVE-USER {"uid":1001,"user":"runner","umask":"0022","capBnd":"000001ffffffffff","noNewPrivs":"0"}
  VENUE-NUB-BINARY {"path":"/tmp/nub/target/release/nub","sha256":"2a18683f50f7afeb02a521cd3cae175dc2f91780d461c5f012065241f5a1447b","bytes":207643464,"features":{"buildJailCatalogOverride":true,"pythonDontWriteBytecodeEnv":true}}
OSV-SCREEN {"schemaVersion":1,"kind":"npm-observe-resolved","status":"clean","digest":"7815d0a3b7b37dc75e0ab5be369d40167e0bab54900d375fe4e3746a59cecc1b","specCount":420,"lockfiles":{"digest":"486b0792edea66721b0a82dc0fedc2c0cdde09bd0c08db7b79ddd94cd28fe444","files":[{"path":"package-lock.json","sha256":"0cee4413f12f40816f8dc052c457d72ea62e23a8fa4d7698cc7d3a2109067e92","bytes":208564}]},"maliciousAdvisories":[],"screenedAt":"2026-09-09T03:23:22.088Z","cacheHit":false,"clearancePath":"/home/runner/v2-Z6X6MJ/security/npm-observe-resolved.json"}
  SECURITY npm-observe-resolved clean: 420 exact package-version(s), tree 7815d0a3b7b3
  OBSERVE   rc=0 files=10829 trace=26556 lines
  CLOSURE   360 packages evicted per arm
  ARM-FALSIFIABILITY {"manifestFiles":22,"filesTheScriptProduced":0,"reasons":["gate-vacuous"]}
  ⛔ ARMS-UNFALSIFIABLE — a green arm for this package carries no evidence:
       gate-vacuous: the script changed no file the artifact gate keys on — every file in the manifest (22) was already present at its final size before the script ran, so the gate passes in every arm including a completely broken one
       The grant may still be correct; what is missing is a signal that could have gone
       red. Do not read this record's MINIMAL as a passing measurement.
  RAWLOG-FILE /home/runner/v2-Z6X6MJ/observe/trace.txt.gz
  RAWLOG-CAPTURE /home/runner/v2-Z6X6MJ/observe/capture.json
  RAWLOG-BYTES raw=5451551 gz=163492
  VENUE-INTERPRETER /opt/hostedtoolcache/node/22.23.2/x64
  VENUE-OVERRIDES {"set":{"HOME":"/home/runner/v2-Z6X6MJ/jailhome","TMPDIR":"/tmp/nub-tmp-obsJEiWLy","NODE_COMPAT":"1","PLAYWRIGHT_BROWSERS_PATH":"/home/runner/.cache/nub/pm/tools/ms-playwright","ELECTRON_CACHE":"/home/runner/.cache/nub/pm/tools/electron-cache","electron_config_cache":"/home/runner/.cache/nub/pm/tools/electron-cache","npm_config_prefix":"/home/runner/.cache/nub/pm/tools/npm-prefix","PYTHONDONTWRITEBYTECODE":"1","NUB_CACHE_DIR":"/home/runner/v2-Z6X6MJ/nubcache"},"unset":["CI","GITHUB_ACTIONS"],"passedThrough":{"CI":"true","GITHUB_ACTIONS":"true","NODE_ENV":null}}
  == ATTRIBUTION == attributed pids: 48
    writes  script 284  /  whole traced tree 1281
    sockets script 0  /  whole traced tree 6
  == ROOTS (from capture.json — R2: no ambient reads) ==
    project       /home/runner/v2-Z6X6MJ/observe
    home          /home/runner
    jailHome      /home/runner/v2-Z6X6MJ/jailhome
    globalStore   /home/runner/.cache/nub/pm/store   [declared, not keyed on]
    projectStore  /home/runner/v2-Z6X6MJ/observe/node_modules/.store   [declared, not keyed on]
    interpreter   /opt/hostedtoolcache/node/22.23.2/x64   [declared, not keyed on]
    toolsDir      /home/runner/.cache/nub/pm/tools   [declared, not keyed on]
    temp          /tmp/nub-tmp-obsJEiWLy
    npmPrefix     /home/runner/.cache/nub/pm/tools/npm-prefix
    ownPkg        /home/runner/v2-Z6X6MJ/observe/node_modules/victory-scatter
  == WRITES the script actually performed ==
    jailHome      2  (base profile already grants this — NOT billed)
        /home/runner/v2-Z6X6MJ/jailhome/.npm/_logs/2026-09-09T03_23_23_636Z-debug-0.log
        /home/runner/v2-Z6X6MJ/jailhome/.npm/_logs/2026-09-09T03_23_23_913Z-debug-0.log
    ownPkg        6  (base profile already grants this — NOT billed)
        /home/runner/v2-Z6X6MJ/observe/node_modules/victory-scatter/lib/index.js
        /home/runner/v2-Z6X6MJ/observe/node_modules/victory-scatter/lib/log.js
        /home/runner/v2-Z6X6MJ/observe/node_modules/victory-scatter/lib/path-helpers.js
        /home/runner/v2-Z6X6MJ/observe/node_modules/victory-scatter/lib/components/victory-scatter.js
        /home/runner/v2-Z6X6MJ/observe/node_modules/victory-scatter/lib/components
        /home/runner/v2-Z6X6MJ/observe/node_modules/victory-scatter/lib
    jailTmp     276  (base profile already grants this — NOT billed)
        /tmp/nub-tmp-obsJEiWLy/node-compile-cache/v22.23.2-x64-9ac5647c-1001/0cc3b12e.FpkYRY
        /tmp/nub-tmp-obsJEiWLy/node-compile-cache/v22.23.2-x64-9ac5647c-1001/0cc3b12e
        /tmp/nub-tmp-obsJEiWLy/node-compile-cache/v22.23.2-x64-9ac5647c-1001/4c453fdb.LzWLMR
        /tmp/nub-tmp-obsJEiWLy/node-compile-cache/v22.23.2-x64-9ac5647c-1001/4c453fdb
        /tmp/nub-tmp-obsJEiWLy/node-compile-cache/v22.23.2-x64-9ac5647c-1001/b39804f1.4exMtb
        /tmp/nub-tmp-obsJEiWLy/node-compile-cache/v22.23.2-x64-9ac5647c-1001/b39804f1
        /tmp/nub-tmp-obsJEiWLy/node-compile-cache/v22.23.2-x64-9ac5647c-1001/c2b0df45.MA6GVS
        /tmp/nub-tmp-obsJEiWLy/node-compile-cache/v22.23.2-x64-9ac5647c-1001/c2b0df45
        /tmp/nub-tmp-obsJEiWLy/node-compile-cache/v22.23.2-x64-9ac5647c-1001/f976fd99.XM5XyK
        /tmp/nub-tmp-obsJEiWLy/node-compile-cache/v22.23.2-x64-9ac5647c-1001/f976fd99
        … and 266 more
  == NETWORK ==
    AF_INET sockets: 0   distinct peers: 2
        127.0.0.53:53
        104.16.3.34:443
  == REFUSALS (only `= -1 EACCES/EPERM/EROFS`) ==
    distinct: 0
  == SYNTHESIZED GRANT (verify this in the real unprivileged jail) ==
    {}
  == writePaths (DERIVED — promotion out of the package's PRIVATE home) ==
    private-home writes observed: 2
    none declared — every write was a FILE at the top of the private home, or landed in a directory the TOOLCHAIN owns (see `writePathsDeny`) — an entry names a directory belonging to the PACKAGE, so there is nothing to name
  == writePaths FEASIBILITY (distinct writes outside project/deps) ==
    count: 0
    EVENTS    11192 distinct from 25619 calls (26557 lines, 875 rejoined, 0 unparsed)
    PROCS     55   lifecycle shells 43
    ⛔ 3 paths with an UNRESOLVED dirfd — kept, marked, never guessed
    unsubscribed/unmapped syscalls: getsockname×63 getsockopt×47 exit×42 setsockopt×23 recvmsg×17 wait4×11 getcwd×9 exit_group×8
    wrote /home/runner/v2-Z6X6MJ/observe/events.ndjson.gz (69895 bytes)
  EVENTLOG-FILE /home/runner/v2-Z6X6MJ/observe/events.ndjson.gz
  EVENTLOG-STATS {"lines":26557,"parsed":25619,"unparsed":0,"unfinished":875,"rejoined":875,"unresolvedDirfd":3,"truncatedArg":0,"procs":55,"lifecyclePids":43,"distinctEvents":11192,"unknownSyscall":{"getsockname":63,"getsockopt":47,"getcwd":9,"recvmsg":17,"exit":42,"setsockopt":23,"sendmmsg":1,"socketpair":3,"shutdown":3,"exit_group":8,"wait4":11},"out":"/home/runner/v2-Z6X6MJ/observe/events.ndjson.gz","gzipBytes":69895}
  EVICT     55 store entries removed, 1 spared as nub tooling
  SE-PURGE  0 side-effects-cache entries for victory-scatter
  scaffold: 2 dependency package(s) with lifecycle scripts granted a fixed wide grant
OSV-SCREEN {"schemaVersion":1,"kind":"nub-synth-resolved","status":"clean","digest":"7690074f527810a4d6d1e6d869b850b25d0d1ab0d8e13a0a9424f79e2adb75b2","specCount":421,"lockfiles":{"digest":"3eb6d0ecdd15513e2307da7fe60480d85909ec356bf7c79231fd4364d1d082c9","files":[{"path":"nub.lock","sha256":"eee813afd608afe85971a36d72667c2b74cbbc5ccf391a65ed60fe03309302f4","bytes":111263}]},"maliciousAdvisories":[],"screenedAt":"2026-09-09T03:23:31.905Z","cacheHit":false,"clearancePath":"/home/runner/v2-Z6X6MJ/security/nub-synth-resolved.json"}
  SECURITY nub-synth-resolved clean: 421 exact package-version(s), tree 7690074f5278
  VENUE-STORE-LAYOUT isolated
  VERIFY[synth] rc=0 artifacts=21/21 missing=0 shortfall=none (tree 32542/10829) OVERRIDDEN=3 REJECTED=0 grant={}
  => VERIFIED {}   (observed, then verified)
  DESCEND   grant is already empty — nothing to narrow; MINIMAL by construction.
