### playwright-chromium@0.15.0   (/home/runner/v2-rRsZHE)
  CI-ENV scrubbed: CI GITHUB_ACTIONS
OSV-SCREEN {"schemaVersion":1,"kind":"direct","status":"clean","digest":"7a10d9134263a0582161f3305acc7c80b4bc4d586c6c24d4cecf7e4c76dd0f7f","specCount":1,"lockfiles":{"digest":null,"files":[]},"maliciousAdvisories":[],"screenedAt":"2026-09-08T08:44:47.167Z","cacheHit":false,"clearancePath":"/home/runner/v2-rRsZHE/security/direct.json"}
  SECURITY direct clean: 1 exact package-version(s), tree 7a10d9134263
  VENUE-OBSERVE-USER {"uid":1001,"user":"runner","umask":"0022","capBnd":"000001ffffffffff","noNewPrivs":"0"}
  VENUE-NUB-BINARY {"path":"/tmp/nub/target/release/nub","sha256":"2a18683f50f7afeb02a521cd3cae175dc2f91780d461c5f012065241f5a1447b","bytes":207643464,"features":{"buildJailCatalogOverride":true,"pythonDontWriteBytecodeEnv":true}}
OSV-SCREEN {"schemaVersion":1,"kind":"npm-observe-resolved","status":"clean","digest":"7a77975acd04d80fbed348056dcb3e7078f9f2b2de49aff1afe252477971732a","specCount":39,"lockfiles":{"digest":"7b9090f607e0ba08b27457f46c376a0b65cfa1f3740938ac844efc38fa1b67f6","files":[{"path":"package-lock.json","sha256":"197a3c2b670a71d2394d4f0c9f81b365011f52a2ed777953bb97cfe365296622","bytes":15430}]},"maliciousAdvisories":[],"screenedAt":"2026-09-08T08:44:49.833Z","cacheHit":false,"clearancePath":"/home/runner/v2-rRsZHE/security/npm-observe-resolved.json"}
  SECURITY npm-observe-resolved clean: 39 exact package-version(s), tree 7a77975acd04
  OBSERVE   rc=0 files=520 trace=22390 lines
  CLOSURE   38 packages evicted per arm
  ARM-FALSIFIABILITY {"manifestFiles":5,"filesTheScriptProduced":0,"reasons":["gate-vacuous"]}
  ⛔ ARMS-UNFALSIFIABLE — a green arm for this package carries no evidence:
       gate-vacuous: the script changed no file the artifact gate keys on — every file in the manifest (5) was already present at its final size before the script ran, so the gate passes in every arm including a completely broken one
       The grant may still be correct; what is missing is a signal that could have gone
       red. Do not read this record's MINIMAL as a passing measurement.
  RAWLOG-FILE /home/runner/v2-rRsZHE/observe/trace.txt.gz
  RAWLOG-CAPTURE /home/runner/v2-rRsZHE/observe/capture.json
  RAWLOG-BYTES raw=4043389 gz=99307
  VENUE-INTERPRETER /opt/hostedtoolcache/node/22.23.2/x64
  VENUE-OVERRIDES {"set":{"HOME":"/home/runner/v2-rRsZHE/jailhome","TMPDIR":"/tmp/nub-tmp-obs2Zm5Rr","NODE_COMPAT":"1","PLAYWRIGHT_BROWSERS_PATH":"/home/runner/.cache/nub/pm/tools/ms-playwright","ELECTRON_CACHE":"/home/runner/.cache/nub/pm/tools/electron-cache","electron_config_cache":"/home/runner/.cache/nub/pm/tools/electron-cache","npm_config_prefix":"/home/runner/.cache/nub/pm/tools/npm-prefix","PYTHONDONTWRITEBYTECODE":"1","NUB_CACHE_DIR":"/home/runner/v2-rRsZHE/nubcache"},"unset":["CI","GITHUB_ACTIONS"],"passedThrough":{"CI":"true","GITHUB_ACTIONS":"true","NODE_ENV":null}}
  == ATTRIBUTION == attributed pids: 18
    writes  script 648  /  whole traced tree 1736
    sockets script 3  /  whole traced tree 9
  == ROOTS (from capture.json — R2: no ambient reads) ==
    project       /home/runner/v2-rRsZHE/observe
    home          /home/runner
    jailHome      /home/runner/v2-rRsZHE/jailhome
    globalStore   /home/runner/.cache/nub/pm/store   [declared, not keyed on]
    projectStore  /home/runner/v2-rRsZHE/observe/node_modules/.store   [declared, not keyed on]
    interpreter   /opt/hostedtoolcache/node/22.23.2/x64   [declared, not keyed on]
    toolsDir      /home/runner/.cache/nub/pm/tools   [declared, not keyed on]
    temp          /tmp/nub-tmp-obs2Zm5Rr
    npmPrefix     /home/runner/.cache/nub/pm/tools/npm-prefix
    ownPkg        /home/runner/v2-rRsZHE/observe/node_modules/playwright-chromium
  == WRITES the script actually performed ==
    jailTmp       1  (base profile already grants this — NOT billed)
        /tmp/nub-tmp-obs2Zm5Rr/playwright-download-chromium-linux-762211.zip
    userHome    647
  == NETWORK ==
    AF_INET sockets: 3   distinct peers: 3
        127.0.0.53:53
        104.16.9.34:443
        142.251.214.91:443
  == REFUSALS (only `= -1 EACCES/EPERM/EROFS`) ==
    distinct: 0
  == SYNTHESIZED GRANT (verify this in the real unprivileged jail) ==
    {"write":{"userHome":true},"network":true}
  == writePaths (DERIVED — promotion out of the package's PRIVATE home) ==
    private-home writes observed: 0
    none declared — the script wrote nothing into its private home — there is nothing to promote
    647 write(s) landed in the REAL home by absolute path, so promotion cannot reach them — nub moves OUT of the private home, and nothing of theirs is in it. Only `write:{userHome}` covers these; emitting `writePaths` instead would be an UNDER-GRANT.
  == writePaths FEASIBILITY (distinct writes outside project/deps) ==
    count: 647
        .cache/nub/pm/tools/ms-playwright/v0.15.0
        .cache/nub/pm/tools/ms-playwright/v0.15.0/chromium
        .cache/nub/pm/tools/ms-playwright/v0.15.0/chromium/chrome-linux
        .cache/nub/pm/tools/ms-playwright/v0.15.0/chromium/chrome-linux/chrome_100_percent.pak
        .cache/nub/pm/tools/ms-playwright/v0.15.0/chromium/chrome-linux/ClearKeyCdm
        .cache/nub/pm/tools/ms-playwright/v0.15.0/chromium/chrome-linux/ClearKeyCdm/_platform_specific
        .cache/nub/pm/tools/ms-playwright/v0.15.0/chromium/chrome-linux/ClearKeyCdm/_platform_specific/linux_x64
        .cache/nub/pm/tools/ms-playwright/v0.15.0/chromium/chrome-linux/ClearKeyCdm/_platform_specific/linux_x64/libclearkeycdm.so
        .cache/nub/pm/tools/ms-playwright/v0.15.0/chromium/chrome-linux/xdg-mime
        .cache/nub/pm/tools/ms-playwright/v0.15.0/chromium/chrome-linux/nacl_helper_nonsfi
        .cache/nub/pm/tools/ms-playwright/v0.15.0/chromium/chrome-linux/MEIPreload
        .cache/nub/pm/tools/ms-playwright/v0.15.0/chromium/chrome-linux/MEIPreload/manifest.json
        .cache/nub/pm/tools/ms-playwright/v0.15.0/chromium/chrome-linux/MEIPreload/preloaded_data.pb
        .cache/nub/pm/tools/ms-playwright/v0.15.0/chromium/chrome-linux/nacl_helper_bootstrap
        .cache/nub/pm/tools/ms-playwright/v0.15.0/chromium/chrome-linux/crashpad_handler
        .cache/nub/pm/tools/ms-playwright/v0.15.0/chromium/chrome-linux/icudtl.dat
        .cache/nub/pm/tools/ms-playwright/v0.15.0/chromium/chrome-linux/chrome_200_percent.pak
        .cache/nub/pm/tools/ms-playwright/v0.15.0/chromium/chrome-linux/locales
        .cache/nub/pm/tools/ms-playwright/v0.15.0/chromium/chrome-linux/locales/pt-PT.pak.info
        .cache/nub/pm/tools/ms-playwright/v0.15.0/chromium/chrome-linux/locales/sk.pak
        .cache/nub/pm/tools/ms-playwright/v0.15.0/chromium/chrome-linux/locales/fr.pak
        .cache/nub/pm/tools/ms-playwright/v0.15.0/chromium/chrome-linux/locales/it.pak.info
        .cache/nub/pm/tools/ms-playwright/v0.15.0/chromium/chrome-linux/locales/ms.pak.info
        .cache/nub/pm/tools/ms-playwright/v0.15.0/chromium/chrome-linux/locales/bg.pak.info
        .cache/nub/pm/tools/ms-playwright/v0.15.0/chromium/chrome-linux/locales/lv.pak
        .cache/nub/pm/tools/ms-playwright/v0.15.0/chromium/chrome-linux/locales/fa.pak
        .cache/nub/pm/tools/ms-playwright/v0.15.0/chromium/chrome-linux/locales/pl.pak.info
        .cache/nub/pm/tools/ms-playwright/v0.15.0/chromium/chrome-linux/locales/sl.pak
        .cache/nub/pm/tools/ms-playwright/v0.15.0/chromium/chrome-linux/locales/am.pak.info
        .cache/nub/pm/tools/ms-playwright/v0.15.0/chromium/chrome-linux/locales/sv.pak.info
        .cache/nub/pm/tools/ms-playwright/v0.15.0/chromium/chrome-linux/locales/sw.pak.info
        .cache/nub/pm/tools/ms-playwright/v0.15.0/chromium/chrome-linux/locales/tr.pak
        .cache/nub/pm/tools/ms-playwright/v0.15.0/chromium/chrome-linux/locales/bn.pak
        .cache/nub/pm/tools/ms-playwright/v0.15.0/chromium/chrome-linux/locales/ar.pak.info
        .cache/nub/pm/tools/ms-playwright/v0.15.0/chromium/chrome-linux/locales/lt.pak.info
        .cache/nub/pm/tools/ms-playwright/v0.15.0/chromium/chrome-linux/locales/sr.pak
        .cache/nub/pm/tools/ms-playwright/v0.15.0/chromium/chrome-linux/locales/gu.pak
        .cache/nub/pm/tools/ms-playwright/v0.15.0/chromium/chrome-linux/locales/ms.pak
        .cache/nub/pm/tools/ms-playwright/v0.15.0/chromium/chrome-linux/locales/gu.pak.info
        .cache/nub/pm/tools/ms-playwright/v0.15.0/chromium/chrome-linux/locales/cs.pak
        … and 607 more
    EVENTS    6374 distinct from 22329 calls (22391 lines, 34 rejoined, 0 unparsed)
    PROCS     25   lifecycle shells 13
    ⛔ 3 paths with an UNRESOLVED dirfd — kept, marked, never guessed
    unsubscribed/unmapped syscalls: getsockname×43 setsockopt×28 exit×20 getsockopt×14 recvmsg×9 getcwd×4 socketpair×3 shutdown×3
    wrote /home/runner/v2-rRsZHE/observe/events.ndjson.gz (42575 bytes)
  EVENTLOG-FILE /home/runner/v2-rRsZHE/observe/events.ndjson.gz
  EVENTLOG-STATS {"lines":22391,"parsed":22329,"unparsed":0,"unfinished":34,"rejoined":34,"unresolvedDirfd":3,"truncatedArg":0,"procs":25,"lifecyclePids":13,"distinctEvents":6374,"unknownSyscall":{"getsockname":43,"getsockopt":14,"getcwd":4,"recvmsg":9,"exit":20,"setsockopt":28,"sendmmsg":2,"socketpair":3,"shutdown":3,"exit_group":3,"wait4":3},"out":"/home/runner/v2-rRsZHE/observe/events.ndjson.gz","gzipBytes":42575}
  EVICT     29 store entries removed, 0 spared as nub tooling
  SE-PURGE  0 side-effects-cache entries for playwright-chromium
OSV-SCREEN {"schemaVersion":1,"kind":"nub-synth-resolved","status":"clean","digest":"19566bad7ce7a907d5e46a59ca21f14cf8315d2cbafe8f8d02e3bdc8ddd708eb","specCount":39,"lockfiles":{"digest":"28698451e7af7d272ba8ca7d89f00e20f2ceffc31e1cd253ca326b9b6531600b","files":[{"path":"nub.lock","sha256":"6b99cc99cf649da0b11d470f2e0d1ef3772218612525f356e6854ee28d26866f","bytes":9881}]},"maliciousAdvisories":[],"screenedAt":"2026-09-08T08:45:10.767Z","cacheHit":false,"clearancePath":"/home/runner/v2-rRsZHE/security/nub-synth-resolved.json"}
  SECURITY nub-synth-resolved clean: 39 exact package-version(s), tree 19566bad7ce7
  VENUE-STORE-LAYOUT isolated
  VERIFY[synth] rc=0 artifacts=5/5 missing=0 shortfall=none (tree 1582/520) OVERRIDDEN=2 REJECTED=0 grant={"write":{"userHome":true},"network":true}
  => VERIFIED {"write":{"userHome":true},"network":true}   (observed, then verified)
  EVICT     39 store entries removed, 0 spared as nub tooling
  SE-PURGE  0 side-effects-cache entries for playwright-chromium
OSV-SCREEN {"schemaVersion":1,"kind":"nub-drop-no-network-resolved","status":"clean","digest":"19566bad7ce7a907d5e46a59ca21f14cf8315d2cbafe8f8d02e3bdc8ddd708eb","specCount":39,"lockfiles":{"digest":"28698451e7af7d272ba8ca7d89f00e20f2ceffc31e1cd253ca326b9b6531600b","files":[{"path":"nub.lock","sha256":"6b99cc99cf649da0b11d470f2e0d1ef3772218612525f356e6854ee28d26866f","bytes":9881}]},"maliciousAdvisories":[],"screenedAt":"2026-09-08T08:45:10.767Z","cacheHit":true,"clearancePath":"/home/runner/v2-rRsZHE/security/nub-drop-no-network-resolved.json"}
  SECURITY nub-drop-no-network-resolved clean: 39 exact package-version(s), tree 19566bad7ce7 (cached exact-tree clearance)
  VERIFY[drop-no-network] rc=1 artifacts=5/5 missing=0 shortfall=none (tree 1583/520) OVERRIDDEN=2 REJECTED=0 grant={"write":{"userHome":true}}
     'no-network' is NECESSARY — dropping it fails to verify
  EVICT     39 store entries removed, 0 spared as nub tooling
  SE-PURGE  0 side-effects-cache entries for playwright-chromium
OSV-SCREEN {"schemaVersion":1,"kind":"nub-drop-no-write-userHome-resolved","status":"clean","digest":"19566bad7ce7a907d5e46a59ca21f14cf8315d2cbafe8f8d02e3bdc8ddd708eb","specCount":39,"lockfiles":{"digest":"28698451e7af7d272ba8ca7d89f00e20f2ceffc31e1cd253ca326b9b6531600b","files":[{"path":"nub.lock","sha256":"6b99cc99cf649da0b11d470f2e0d1ef3772218612525f356e6854ee28d26866f","bytes":9881}]},"maliciousAdvisories":[],"screenedAt":"2026-09-08T08:45:10.767Z","cacheHit":true,"clearancePath":"/home/runner/v2-rRsZHE/security/nub-drop-no-write-userHome-resolved.json"}
  SECURITY nub-drop-no-write-userHome-resolved clean: 39 exact package-version(s), tree 19566bad7ce7 (cached exact-tree clearance)
  VERIFY[drop-no-write-userHome] rc=0 artifacts=5/5 missing=0 shortfall=none (tree 1582/520) OVERRIDDEN=2 REJECTED=0 grant={"network":true}
     ⛔ OVER-PREDICTED: dropping 'no-write-userHome' STILL VERIFIES — {"network":true} is sufficient
  => OVER-PREDICTED by: no-write-userHome  (synthesized {"write":{"userHome":true},"network":true}; each named capability drops on its own)
