  HARNESS-NODE /opt/hostedtoolcache/node/22.23.2/x64/bin/node (v22.23.2); arm-cap present
  ERA-NODE PINNED 18.20.8 (provisioned) (arms will run: v18.20.8)
  ERA-PYTHON /opt/hostedtoolcache/Python/3.9.25/x64/bin/python (Python 3.9.25) for era Node 18, whose node-gyp requires python3
  ARM-MAKE /usr/bin/gmake (GNU Make 4.3) — the system make; a build needing GNU Make 4 WILL fail here
### saucectl@0.115.0   (/home/runner/v2-YPLCR0)
  CI-ENV scrubbed: CI GITHUB_ACTIONS
OSV-SCREEN {"schemaVersion":1,"kind":"direct","status":"clean","digest":"01f37125a6d2b9c8575523968b1809bd2e11a71a475748e7a5f1b9c9d48d1553","specCount":1,"lockfiles":{"digest":null,"files":[]},"maliciousAdvisories":[],"screenedAt":"2026-08-29T08:35:38.596Z","cacheHit":false,"clearancePath":"/home/runner/v2-YPLCR0/security/direct.json"}
  SECURITY direct clean: 1 exact package-version(s), tree 01f37125a6d2
  VENUE-OBSERVE-USER {"uid":1001,"user":"runner","umask":"0022","capBnd":"000001ffffffffff","noNewPrivs":"0"}
  VENUE-NUB-BINARY {"path":"/tmp/nub/target/release/nub","sha256":"bed0d624b324fb3de83de474ff73731ad2f1fd040ff548bb0158e2baf850701d","bytes":208304640,"features":{"buildJailCatalogOverride":true,"pythonDontWriteBytecodeEnv":true}}
  ERA-RESOLUTION DATED 2022-12-07T23:06:41.479Z (deps as of the package's own publish date + 1d)
OSV-SCREEN {"schemaVersion":1,"kind":"npm-observe-resolved","status":"clean","digest":"2c94f6692845083470f62f20aeb82ff8b4f15aa6b37089dcef16b76007e29e9f","specCount":140,"lockfiles":{"digest":"22a3a04b54353955e81a292e45ef36cfde6e7029dacff6054a60d79e2e7a0839","files":[{"path":"package-lock.json","sha256":"6d4c34728f8c60f792cd2f6abbe9d455317c34b75238772e264c183cdfdfc4eb","bytes":58454}]},"maliciousAdvisories":[],"screenedAt":"2026-08-29T08:35:41.085Z","cacheHit":false,"clearancePath":"/home/runner/v2-YPLCR0/security/npm-observe-resolved.json"}
  SECURITY npm-observe-resolved clean: 140 exact package-version(s), tree 2c94f6692845
  ARM-PATH SANITISED (nothing to drop)
  ARM-AMBIENT-TOOLS 7 leaked: tsc=/usr/local/bin/tsc grunt=/usr/local/bin/grunt gulp=/usr/local/bin/gulp webpack=/usr/local/bin/webpack lerna=/usr/local/bin/lerna yarn=/usr/local/bin/yarn pulumi=/usr/local/bin/pulumi
  ARM-SCAFFOLD none
  ARM-UNPROVIDABLE none
  OBSERVE   rc=0 files=762 trace=9635 lines
  CLOSURE   127 packages evicted per arm
  ARM-FALSIFIABILITY {"manifestFiles":8,"filesTheScriptProduced":2,"reasons":[]}
  RAWLOG-FILE /home/runner/v2-YPLCR0/observe/trace.txt.gz
  RAWLOG-CAPTURE /home/runner/v2-YPLCR0/observe/capture.json
  RAWLOG-BYTES raw=2170314 gz=69193
  VENUE-INTERPRETER /opt/hostedtoolcache/node/22.23.2/x64
  VENUE-NODE-SELECTION {"pkg":"saucectl","packageVersion":"0.115.0","major":18,"version":"18.20.8","npm":"10.8.2","pinnable":true,"engines":null,"publishedAt":"2022-12-06T23:06:41.479Z","eraMajor":18,"startMajor":18,"raisedByEngines":false,"enginesUnsatisfiable":false,"clampedToFloor":false,"clampedToCeiling":false,"matrixFloor":4,"matrixCeiling":26,"lookupFailure":null,"pinned":true,"pinnedBin":"/home/runner/.cache/nub/era-node/18.20.8/node-v18.20.8-linux-x64/bin","eraNodeRoot":"/home/runner/.cache/nub"}
  VENUE-OVERRIDES {"set":{"HOME":"/home/runner/v2-YPLCR0/jailhome","TMPDIR":"/tmp/nub-tmp-obsAAtdwB","NODE_COMPAT":"1","PLAYWRIGHT_BROWSERS_PATH":"/home/runner/.cache/nub/pm/tools/ms-playwright","ELECTRON_CACHE":"/home/runner/.cache/nub/pm/tools/electron-cache","electron_config_cache":"/home/runner/.cache/nub/pm/tools/electron-cache","npm_config_prefix":"/home/runner/.cache/nub/pm/tools/npm-prefix","PYTHONDONTWRITEBYTECODE":"1","NUB_CACHE_DIR":"/home/runner/v2-YPLCR0/nubcache"},"unset":["CI","GITHUB_ACTIONS"],"passedThrough":{"CI":"true","GITHUB_ACTIONS":"true","NODE_ENV":null}}
  == ATTRIBUTION == attributed pids: 29
    writes  script 3  /  whole traced tree 7
    sockets script 5  /  whole traced tree 9
  == ROOTS (from capture.json — R2: no ambient reads) ==
    project       /home/runner/v2-YPLCR0/observe
    home          /home/runner
    jailHome      /home/runner/v2-YPLCR0/jailhome
    globalStore   /home/runner/.cache/nub/pm/store   [declared, not keyed on]
    projectStore  /home/runner/v2-YPLCR0/observe/node_modules/.store   [declared, not keyed on]
    interpreter   /opt/hostedtoolcache/node/22.23.2/x64   [declared, not keyed on]
    toolsDir      /home/runner/.cache/nub/pm/tools   [declared, not keyed on]
    temp          /tmp/nub-tmp-obsAAtdwB
    npmPrefix     /home/runner/.cache/nub/pm/tools/npm-prefix
    ownPkg        /home/runner/v2-YPLCR0/observe/node_modules/saucectl
  == WRITES the script actually performed ==
    ownPkg        3  (base profile already grants this — NOT billed)
        /home/runner/v2-YPLCR0/observe/node_modules/saucectl/bin
        /home/runner/v2-YPLCR0/observe/node_modules/saucectl/bin/LICENSE
        /home/runner/v2-YPLCR0/observe/node_modules/saucectl/bin/saucectl
  == NETWORK ==
    AF_INET sockets: 5   distinct peers: 3
        127.0.0.53:53
        104.16.3.34:443
        140.82.113.4:443
  == REFUSALS (only `= -1 EACCES/EPERM/EROFS`) ==
    distinct: 0
  == SYNTHESIZED GRANT (verify this in the real unprivileged jail) ==
    {"network":true}
  == writePaths (DERIVED — promotion out of the package's PRIVATE home) ==
    private-home writes observed: 0
    none declared — the script wrote nothing into its private home — there is nothing to promote
  == writePaths FEASIBILITY (distinct writes outside project/deps) ==
    count: 0
    EVENTS    4613 distinct from 9449 calls (9636 lines, 146 rejoined, 0 unparsed)
    PROCS     34   lifecycle shells 23
    ⛔ 3 paths with an UNRESOLVED dirfd — kept, marked, never guessed
    unsubscribed/unmapped syscalls: getsockname×32 exit×18 getsockopt×13 setsockopt×13 recvmsg×11 socketpair×9 shutdown×9 exit_group×5
    wrote /home/runner/v2-YPLCR0/observe/events.ndjson.gz (27795 bytes)
  EVENTLOG-FILE /home/runner/v2-YPLCR0/observe/events.ndjson.gz
  EVENTLOG-STATS {"lines":9636,"parsed":9449,"unparsed":0,"unfinished":146,"rejoined":146,"unresolvedDirfd":3,"truncatedArg":0,"procs":34,"lifecyclePids":23,"distinctEvents":4613,"unknownSyscall":{"getsockname":32,"getsockopt":13,"getcwd":3,"recvmsg":11,"setsockopt":13,"sendmmsg":3,"socketpair":9,"shutdown":9,"tgkill":2,"exit_group":5,"wait4":5,"exit":18},"out":"/home/runner/v2-YPLCR0/observe/events.ndjson.gz","gzipBytes":27795}
  EVICT     0 store entries removed, 39 spared as nub tooling
  SE-PURGE  0 side-effects-cache entries for saucectl
OSV-SCREEN {"schemaVersion":1,"kind":"nub-synth-resolved","status":"clean","digest":"924b9ea893c97eee24cc600b2829472007b6729c71fd8bd9d73de04206680622","specCount":170,"lockfiles":{"digest":"145e6ea629dff66650d64ffc2fe66eed407590581a8d6a511da6cea57f1b2755","files":[{"path":"nub.lock","sha256":"7b8f82e0104ac7b55f568ea969626e1c88e17556ed55eb28532d689acd384fe8","bytes":40155}]},"maliciousAdvisories":[],"screenedAt":"2026-08-29T08:35:45.866Z","cacheHit":false,"clearancePath":"/home/runner/v2-YPLCR0/security/nub-synth-resolved.json"}
  SECURITY nub-synth-resolved clean: 170 exact package-version(s), tree 924b9ea893c9
  VENUE-STORE-LAYOUT isolated
  VERIFY[synth] rc=0 artifacts=8/8 missing=0 shortfall=none (tree 4362/762) OVERRIDDEN=2 REJECTED=0 grant={"network":true}
  => VERIFIED {"network":true}   (observed, then verified)
  EVICT     124 store entries removed, 39 spared as nub tooling
  SE-PURGE  0 side-effects-cache entries for saucectl
OSV-SCREEN {"schemaVersion":1,"kind":"nub-drop-no-network-resolved","status":"clean","digest":"924b9ea893c97eee24cc600b2829472007b6729c71fd8bd9d73de04206680622","specCount":170,"lockfiles":{"digest":"145e6ea629dff66650d64ffc2fe66eed407590581a8d6a511da6cea57f1b2755","files":[{"path":"nub.lock","sha256":"7b8f82e0104ac7b55f568ea969626e1c88e17556ed55eb28532d689acd384fe8","bytes":40155}]},"maliciousAdvisories":[],"screenedAt":"2026-08-29T08:35:45.866Z","cacheHit":true,"clearancePath":"/home/runner/v2-YPLCR0/security/nub-drop-no-network-resolved.json"}
  SECURITY nub-drop-no-network-resolved clean: 170 exact package-version(s), tree 924b9ea893c9 (cached exact-tree clearance)
  VERIFY[drop-no-network] rc=1 artifacts=6/8 missing=2 shortfall=e4e32fdf5a57 (tree 4357/762) OVERRIDDEN=2 REJECTED=0 grant={}
       missing: bin/LICENSE, bin/saucectl
     [drop-no-network/i] DEBUG final message final_message=; header 58211:QUERY:RD:NoError:QUERY
     [drop-no-network/i] DEBUG final message final_message=; header 58594:QUERY:RD:NoError:QUERY
     [drop-no-network/i] DEBUG final message final_message=; header 58755:QUERY:RD:NoError:QUERY
     [drop-no-network/i] DEBUG final message final_message=; header 33858:QUERY:RD:NoError:QUERY
     [drop-no-network/i] DEBUG response: ; header 58594:RESPONSE:RD,RA:NoError:QUERY
     [drop-no-network/i] DEBUG response: ; header 58594:RESPONSE:RD,RA:NoError:QUERY
     [drop-no-network/i] DEBUG response: ; header 58755:RESPONSE:RD,RA:NoError:QUERY
     [drop-no-network/i] DEBUG response: ; header 58755:RESPONSE:RD,RA:NoError:QUERY
     [drop-no-network/i] DEBUG response: ; header 58211:RESPONSE:RD,RA:NoError:QUERY
     [drop-no-network/i] DEBUG response: ; header 58211:RESPONSE:RD,RA:NoError:QUERY
     [drop-no-network/i] DEBUG response: ; header 33858:RESPONSE:RD,RA:NoError:QUERY
     [drop-no-network/i] DEBUG response: ; header 33858:RESPONSE:RD,RA:NoError:QUERY
     'no-network' is NECESSARY — dropping it fails to verify
  => MINIMAL — every capability in {"network":true} is independently necessary
