### taiko@0.8.0   (D:\jail\m-taiko-mts2a311)
  CI-ENV scrubbed: CI GITHUB_ACTIONS
OSV-SCREEN {"schemaVersion":1,"kind":"direct","status":"clean","digest":"29dcbc3a56d427fc64a0c25bf07341ca31384e9490cdfedbc036b029ccdbd37c","specCount":1,"lockfiles":{"digest":null,"files":[]},"maliciousAdvisories":[],"screenedAt":"2026-09-08T02:39:40.712Z","cacheHit":false,"clearancePath":"D:\\jail\\m-taiko-mts2a311\\security\\direct.json"}
  SECURITY direct clean: 1 exact package-version(s), tree 29dcbc3a56d4
OSV-SCREEN {"schemaVersion":1,"kind":"npm-observe-resolved","status":"clean","digest":"afffdd9a972dd0e2931c437d530b8d8b4ff63168118b1dd549c61eaed70968ae","specCount":56,"lockfiles":{"digest":"1368e32fb84ee0e7b535858a8e8ce9e536775c83d1337cf5a68ba623a68cf58a","files":[{"path":"package-lock.json","sha256":"ad44ea161734f1f2541873f37e4d15d68af886afddbb9f289473a462edd2669d","bytes":21389}]},"maliciousAdvisories":[],"screenedAt":"2026-09-08T02:39:43.415Z","cacheHit":false,"clearancePath":"D:\\jail\\m-taiko-mts2a311\\security\\npm-observe-resolved.json"}
  SECURITY npm-observe-resolved clean: 56 exact package-version(s), tree afffdd9a972d
  CAPTURE user=runnervmeef0v\runneradmin elevated=True rootPid=2800 exit=0 events=127043 lost=0
  VENUE-OBSERVE-USER runnervmeef0v\runneradmin elevated=true privDropped={"SeBackupPrivilege":"removed","SeRestorePrivilege":"removed","SeTakeOwnershipPrivilege":"removed"}
  OBSERVE artifacts: 107 files  (D:\jail\m-taiko-mts2a311\observe\node_modules\taiko)
  ARM-FALSIFIABILITY {"manifestFiles":107,"filesTheScriptProduced":76,"reasons":[]}
  CLOSURE 52 packages evicted per arm
  8.3 MAP 0 components resolved on runnervmeef0v, folded into capture.json
  == ROOTS (from capture.json — R2: no ambient reads) ==
    project       D:\jail\m-taiko-mts2a311\observe   [keyed on]
    home          C:\Users\runneradmin   [keyed on]
    jailHome      (null — declared inapplicable)
    globalStore   C:\Users\runneradmin\AppData\Local\nub\pm\store
    projectStore  D:\jail\m-taiko-mts2a311\observe\node_modules\.store
    interpreter   C:\hostedtoolcache\windows\node\22.23.2\x64\node.exe
    toolsDir      C:\Users\runneradmin\AppData\Local\nub\pm\tools
    temp          D:\jail\m-taiko-mts2a311\tmp   [keyed on]
    npmPrefix     (null — declared inapplicable)
    ownPkg        D:\jail\m-taiko-mts2a311\observe\node_modules\taiko
  == ATTRIBUTION == lifecycle pids: 2 (root 2800)
    writes  script 83  /  whole traced tree 94
    peers   script 1  /  whole traced tree 1
  == WRITES ==
    deps         83
  == READS ==
    deps         99
    outside       6
    project       1
    systemfs     28
  == NETWORK ==
    distinct peers: 1
        172.253.115.207:443
  == REFUSALS (adapter-classified) ==
    distinct: 0
  == SYNTHESIZED GRANT (verify this in the real unprivileged jail) ==
    {"write":{"deps":true},"network":true}
  RAW       etw-raw.xml.gz  166360570 B xml -> 2443951 B gz (68.1x)  sha256 00715242ff00a429…
  HEADER    etw-header.json (5041 bytes)
  DERIVED   6039 distinct from 58778 kept ops (127043 xml events, 1786 out of subtree)
  PROCS     4   thread-reattributed 0
  ⛔ 5 operations with NO OperationEnd — kept, status marked unknown
  8.3       0 expanded, 0 kept short, 0 not covered  [map: recorded 8.3 map (0 components, resolved on runnervmeef0v)]
  wrote events.ndjson.gz (78486 bytes)
  RAWLOG-CAPTURE D:\jail\m-taiko-mts2a311\cap\capture.json
  VENUE-NUB-BINARY {"path":"C:/Users/RUNNER~1/AppData/Local/Temp/nub/target/release/nub.exe","sha256":"f186817a44be332fee712b4936a071a0b5f9cde18a1d2fdc3a791729d4bf1005","bytes":68717056,"features":{"buildJailCatalogOverride":true,"pythonDontWriteBytecodeEnv":true}}
  VENUE-INTERPRETER C:\hostedtoolcache\windows\node\22.23.2\x64\node.exe
  VENUE-JAIL-ROOT D:\jail\m-taiko-mts2a311
  VENUE-OVERRIDES {"set":{"npm_config_cache":"D:\\jail\\m-taiko-mts2a311\\npm-cache","TMP":"D:\\jail\\m-taiko-mts2a311\\tmp","TEMP":"D:\\jail\\m-taiko-mts2a311\\tmp","TMPDIR":"D:\\jail\\m-taiko-mts2a311\\tmp"},"unset":["CI","GITHUB_ACTIONS"],"notRedirected":{"USERPROFILE":"C:\\Users\\runneradmin","why":"the jail leaves HOME/USERPROFILE alone — `build_jail.rs` sandbox_homes() reads the ambient value and `compiler/defaults.rs` BASELINE_ENV_EXACT passes it through — so there is no private jail home to reproduce and redirecting one would measure an environment no confined script sees"},"passedThrough":{"CI":"true","GITHUB_ACTIONS":"true","NODE_ENV":null}}
  STORE   isolated virtual store at D:\jail\m-taiko-mts2a311\verify-synth\.cache
  VENUE-STORE-LAYOUT isolated
OSV-SCREEN {"schemaVersion":1,"kind":"nub-synth-resolved","status":"clean","digest":"afffdd9a972dd0e2931c437d530b8d8b4ff63168118b1dd549c61eaed70968ae","specCount":56,"lockfiles":{"digest":"dd8f13cbcbfa97011b4f55da3c79a3d79d479e5a9aa55731a0c7203a5457db19","files":[{"path":"nub.lock","sha256":"ae8ca9d59599348aa68cb92db6c8dc4a40e9c6449a24c34ced7325cb72fbab0a","bytes":13401}]},"maliciousAdvisories":[],"screenedAt":"2026-09-08T02:39:43.415Z","cacheHit":true,"clearancePath":"D:\\jail\\m-taiko-mts2a311\\security\\nub-synth-resolved.json"}
  SECURITY nub-synth-resolved clean: 56 exact package-version(s), tree afffdd9a972d (cached exact-tree clearance)
  VERIFY[synth] rc=0 artifacts=107/107 missing=0 shortfall=none (tree 6588/666) OVERRIDDEN=2 REJECTED=0 grant={"write":{"deps":true},"network":true}
  => MINIMUM {"write":{"deps":true},"network":true}   (observed, then verified)
  STORE   isolated virtual store at D:\jail\m-taiko-mts2a311\verify-nar-no-network\.cache
OSV-SCREEN {"schemaVersion":1,"kind":"nub-nar-no-network-resolved","status":"clean","digest":"afffdd9a972dd0e2931c437d530b8d8b4ff63168118b1dd549c61eaed70968ae","specCount":56,"lockfiles":{"digest":"dd8f13cbcbfa97011b4f55da3c79a3d79d479e5a9aa55731a0c7203a5457db19","files":[{"path":"nub.lock","sha256":"ae8ca9d59599348aa68cb92db6c8dc4a40e9c6449a24c34ced7325cb72fbab0a","bytes":13401}]},"maliciousAdvisories":[],"screenedAt":"2026-09-08T02:39:43.415Z","cacheHit":true,"clearancePath":"D:\\jail\\m-taiko-mts2a311\\security\\nub-nar-no-network-resolved.json"}
  SECURITY nub-nar-no-network-resolved clean: 56 exact package-version(s), tree afffdd9a972d (cached exact-tree clearance)
  VERIFY[nar-no-network] rc=1 artifacts=31/107 missing=76 shortfall=70f2477a97cc (tree 6513/666) OVERRIDDEN=2 REJECTED=0 grant={"write":{"deps":true}}
     missing artifacts: .local-chromium/win64-662092/chrome-win/76.0.3803.0.manifest, .local-chromium/win64-662092/chrome-win/chrome.dll, .local-chromium/win64-662092/chrome-win/chrome.exe, .local-chromium/win64-662092/chrome-win/chrome_100_percent.pak, .local-chromium/win64-662092/chrome-win/chrome_200_percent.pak, .local-chromium/win64-662092/chrome-win/chrome_child.dll (+70)
     'no-network' is NECESSARY — dropping it fails to verify
  STORE   isolated virtual store at D:\jail\m-taiko-mts2a311\verify-nar-no-write-deps\.cache
OSV-SCREEN {"schemaVersion":1,"kind":"nub-nar-no-write-deps-resolved","status":"clean","digest":"afffdd9a972dd0e2931c437d530b8d8b4ff63168118b1dd549c61eaed70968ae","specCount":56,"lockfiles":{"digest":"dd8f13cbcbfa97011b4f55da3c79a3d79d479e5a9aa55731a0c7203a5457db19","files":[{"path":"nub.lock","sha256":"ae8ca9d59599348aa68cb92db6c8dc4a40e9c6449a24c34ced7325cb72fbab0a","bytes":13401}]},"maliciousAdvisories":[],"screenedAt":"2026-09-08T02:39:43.415Z","cacheHit":true,"clearancePath":"D:\\jail\\m-taiko-mts2a311\\security\\nub-nar-no-write-deps-resolved.json"}
  SECURITY nub-nar-no-write-deps-resolved clean: 56 exact package-version(s), tree afffdd9a972d (cached exact-tree clearance)
  VERIFY[nar-no-write-deps] rc=0 artifacts=107/107 missing=0 shortfall=none (tree 6588/666) OVERRIDDEN=2 REJECTED=0 grant={"network":true}
     ⛔ OVER-PREDICTED — the strictly narrower {"network":true} also verifies; 'no-write-deps' was not needed
