### jss@9.8.7   (D:\jail\m-jss-mtrlivfy)
  CI-ENV scrubbed: CI GITHUB_ACTIONS
OSV-SCREEN {"schemaVersion":1,"kind":"direct","status":"clean","digest":"5eceeaf9faf7103aaff09dc28f7bd8f7aee1af4822cb7bcec6c47c766c4082be","specCount":1,"lockfiles":{"digest":null,"files":[]},"maliciousAdvisories":[],"screenedAt":"2026-09-07T18:50:37.436Z","cacheHit":false,"clearancePath":"D:\\jail\\m-jss-mtrlivfy\\security\\direct.json"}
  SECURITY direct clean: 1 exact package-version(s), tree 5eceeaf9faf7
OSV-SCREEN {"schemaVersion":1,"kind":"npm-observe-resolved","status":"clean","digest":"5cd543948fb8f44487d07bbda2bb2540ee1207274dee15ddd01a01d82ae7d5ea","specCount":6,"lockfiles":{"digest":"729f042b2feb9a8818c8770d7fdc40856da9ecc5a8bd77f0e2873f8534dd6d4c","files":[{"path":"package-lock.json","sha256":"d98bae5ba8eb1fd16260ae086548b3a884451c5f4f55968e750ab6c044ef6115","bytes":2436}]},"maliciousAdvisories":[],"screenedAt":"2026-09-07T18:50:39.347Z","cacheHit":false,"clearancePath":"D:\\jail\\m-jss-mtrlivfy\\security\\npm-observe-resolved.json"}
  SECURITY npm-observe-resolved clean: 6 exact package-version(s), tree 5cd543948fb8
  CAPTURE user=runnervmeef0v\runneradmin elevated=True rootPid=6072 exit=0 events=22803 lost=0
  VENUE-OBSERVE-USER runnervmeef0v\runneradmin elevated=true privDropped={"SeBackupPrivilege":"removed","SeRestorePrivilege":"removed","SeTakeOwnershipPrivilege":"removed"}
  OBSERVE artifacts: 78 files  (D:\jail\m-jss-mtrlivfy\observe\node_modules\jss)
  ARM-FALSIFIABILITY {"manifestFiles":78,"filesTheScriptProduced":0,"reasons":["gate-vacuous"]}
  ⛔ ARMS-UNFALSIFIABLE — a green arm for this package carries no evidence:
       gate-vacuous: the script changed no file the artifact gate keys on — every file in the manifest (78) was already present at its final size before the script ran, so the gate passes in every arm including a completely broken one
       The grant may still be correct; what is missing is a signal that could have gone
       red. Do not read this record's MINIMAL as a passing measurement.
  CLOSURE 6 packages evicted per arm
  8.3 MAP 0 components resolved on runnervmeef0v, folded into capture.json
  == ROOTS (from capture.json — R2: no ambient reads) ==
    project       D:\jail\m-jss-mtrlivfy\observe   [keyed on]
    home          C:\Users\runneradmin   [keyed on]
    jailHome      (null — declared inapplicable)
    globalStore   C:\Users\runneradmin\AppData\Local\nub\pm\store
    projectStore  D:\jail\m-jss-mtrlivfy\observe\node_modules\.store
    interpreter   C:\hostedtoolcache\windows\node\22.23.2\x64\node.exe
    toolsDir      C:\Users\runneradmin\AppData\Local\nub\pm\tools
    temp          D:\jail\m-jss-mtrlivfy\tmp   [keyed on]
    npmPrefix     (null — declared inapplicable)
    ownPkg        D:\jail\m-jss-mtrlivfy\observe\node_modules\jss
  == ATTRIBUTION == lifecycle pids: 2 (root 6072)
    writes  script 0  /  whole traced tree 7
    peers   script 0  /  whole traced tree 0
  == WRITES ==
  == READS ==
    deps          3
    outside       6
    project       1
    systemfs     23
  == NETWORK ==
    distinct peers: 0
  == REFUSALS (adapter-classified) ==
    distinct: 0
  == SYNTHESIZED GRANT (verify this in the real unprivileged jail) ==
    {}
  RAW       etw-raw.xml.gz  29118873 B xml -> 436503 B gz (66.7x)  sha256 6bc06457fa7052fb…
  HEADER    etw-header.json (5015 bytes)
  DERIVED   5214 distinct from 6363 kept ops (22803 xml events, 2274 out of subtree)
  PROCS     4   thread-reattributed 0
  8.3       0 expanded, 0 kept short, 0 not covered  [map: recorded 8.3 map (0 components, resolved on runnervmeef0v)]
  wrote events.ndjson.gz (66062 bytes)
  RAWLOG-CAPTURE D:\jail\m-jss-mtrlivfy\cap\capture.json
  VENUE-NUB-BINARY {"path":"C:/Users/RUNNER~1/AppData/Local/Temp/nub/target/release/nub.exe","sha256":"f186817a44be332fee712b4936a071a0b5f9cde18a1d2fdc3a791729d4bf1005","bytes":68717056,"features":{"buildJailCatalogOverride":true,"pythonDontWriteBytecodeEnv":true}}
  VENUE-INTERPRETER C:\hostedtoolcache\windows\node\22.23.2\x64\node.exe
  VENUE-JAIL-ROOT D:\jail\m-jss-mtrlivfy
  VENUE-OVERRIDES {"set":{"npm_config_cache":"D:\\jail\\m-jss-mtrlivfy\\npm-cache","TMP":"D:\\jail\\m-jss-mtrlivfy\\tmp","TEMP":"D:\\jail\\m-jss-mtrlivfy\\tmp","TMPDIR":"D:\\jail\\m-jss-mtrlivfy\\tmp"},"unset":["CI","GITHUB_ACTIONS"],"notRedirected":{"USERPROFILE":"C:\\Users\\runneradmin","why":"the jail leaves HOME/USERPROFILE alone — `build_jail.rs` sandbox_homes() reads the ambient value and `compiler/defaults.rs` BASELINE_ENV_EXACT passes it through — so there is no private jail home to reproduce and redirecting one would measure an environment no confined script sees"},"passedThrough":{"CI":"true","GITHUB_ACTIONS":"true","NODE_ENV":null}}
  STORE   isolated virtual store at D:\jail\m-jss-mtrlivfy\verify-synth\.cache
  VENUE-STORE-LAYOUT isolated
OSV-SCREEN {"schemaVersion":1,"kind":"nub-synth-resolved","status":"clean","digest":"5cd543948fb8f44487d07bbda2bb2540ee1207274dee15ddd01a01d82ae7d5ea","specCount":6,"lockfiles":{"digest":"c069a10809fced6abd31b064b7fe0971feb494e7b9e162736e5bf355a9f24f7c","files":[{"path":"nub.lock","sha256":"f4674480dfc6801ba982bdd2ff1669afd7f6c84cb5ac2c8be41d2119a4aad52f","bytes":1482}]},"maliciousAdvisories":[],"screenedAt":"2026-09-07T18:50:39.347Z","cacheHit":true,"clearancePath":"D:\\jail\\m-jss-mtrlivfy\\security\\nub-synth-resolved.json"}
  SECURITY nub-synth-resolved clean: 6 exact package-version(s), tree 5cd543948fb8 (cached exact-tree clearance)
  VERIFY[synth] rc=0 artifacts=78/78 missing=0 shortfall=none (tree 5874/125) OVERRIDDEN=2 REJECTED=0 grant={}
  => MINIMUM {}   (observed, then verified)
  DESCEND   grant is already empty — nothing to narrow; MINIMAL by construction.
