### @intlify/vue-router-bridge@0.6.0   (/home/runner/v2-G1jeP4)
  CI-ENV scrubbed: CI GITHUB_ACTIONS
OSV-SCREEN {"schemaVersion":1,"kind":"direct","status":"clean","digest":"dea94ca11fa543058612a26181afceef91819c63cd4e5af1e131ed47dca496e0","specCount":1,"lockfiles":{"digest":null,"files":[]},"maliciousAdvisories":[],"screenedAt":"2026-09-08T09:26:00.244Z","cacheHit":false,"clearancePath":"/home/runner/v2-G1jeP4/security/direct.json"}
  SECURITY direct clean: 1 exact package-version(s), tree dea94ca11fa5
  VENUE-OBSERVE-USER {"uid":1001,"user":"runner","umask":"0022","capBnd":"000001ffffffffff","noNewPrivs":"0"}
  VENUE-NUB-BINARY {"path":"/tmp/nub/target/release/nub","sha256":"2a18683f50f7afeb02a521cd3cae175dc2f91780d461c5f012065241f5a1447b","bytes":207643464,"features":{"buildJailCatalogOverride":true,"pythonDontWriteBytecodeEnv":true}}
OSV-SCREEN {"schemaVersion":1,"kind":"npm-observe-resolved","status":"clean","digest":"08f81743feb7e24156ba4499e7b56761cb5a0539f6a3bdb60dcda1e26fa374e5","specCount":3,"lockfiles":{"digest":"4da7aba019ff3bb95fd4bf878f9eea2fd7776dbcba37c2fd396517652098a17f","files":[{"path":"package-lock.json","sha256":"ed1741865280141ae2b48e6731548f217a6e7c31657e2684a2405d66a27d1b1f","bytes":2436}]},"maliciousAdvisories":[],"screenedAt":"2026-09-08T09:26:02.015Z","cacheHit":false,"clearancePath":"/home/runner/v2-G1jeP4/security/npm-observe-resolved.json"}
  SECURITY npm-observe-resolved clean: 3 exact package-version(s), tree 08f81743feb7
  OBSERVE   rc=0 files=263 trace=10808 lines
  CLOSURE   3 packages evicted per arm
  ARM-FALSIFIABILITY {"manifestFiles":20,"filesTheScriptProduced":0,"reasons":["gate-vacuous"]}
  ⛔ ARMS-UNFALSIFIABLE — a green arm for this package carries no evidence:
       gate-vacuous: the script changed no file the artifact gate keys on — every file in the manifest (20) was already present at its final size before the script ran, so the gate passes in every arm including a completely broken one
       The grant may still be correct; what is missing is a signal that could have gone
       red. Do not read this record's MINIMAL as a passing measurement.
  RAWLOG-FILE /home/runner/v2-G1jeP4/observe/trace.txt.gz
  RAWLOG-CAPTURE /home/runner/v2-G1jeP4/observe/capture.json
  RAWLOG-BYTES raw=2375509 gz=68953
  VENUE-INTERPRETER /opt/hostedtoolcache/node/22.23.2/x64
  VENUE-OVERRIDES {"set":{"HOME":"/home/runner/v2-G1jeP4/jailhome","TMPDIR":"/tmp/nub-tmp-obsVDZftO","NODE_COMPAT":"1","PLAYWRIGHT_BROWSERS_PATH":"/home/runner/.cache/nub/pm/tools/ms-playwright","ELECTRON_CACHE":"/home/runner/.cache/nub/pm/tools/electron-cache","electron_config_cache":"/home/runner/.cache/nub/pm/tools/electron-cache","npm_config_prefix":"/home/runner/.cache/nub/pm/tools/npm-prefix","PYTHONDONTWRITEBYTECODE":"1","NUB_CACHE_DIR":"/home/runner/v2-G1jeP4/nubcache"},"unset":["CI","GITHUB_ACTIONS"],"passedThrough":{"CI":"true","GITHUB_ACTIONS":"true","NODE_ENV":null}}
  == ATTRIBUTION == attributed pids: 13
    writes  script 0  /  whole traced tree 1088
    sockets script 0  /  whole traced tree 4
  == ROOTS (from capture.json — R2: no ambient reads) ==
    project       /home/runner/v2-G1jeP4/observe
    home          /home/runner
    jailHome      /home/runner/v2-G1jeP4/jailhome
    globalStore   /home/runner/.cache/nub/pm/store   [declared, not keyed on]
    projectStore  /home/runner/v2-G1jeP4/observe/node_modules/.store   [declared, not keyed on]
    interpreter   /opt/hostedtoolcache/node/22.23.2/x64   [declared, not keyed on]
    toolsDir      /home/runner/.cache/nub/pm/tools   [declared, not keyed on]
    temp          /tmp/nub-tmp-obsVDZftO
    npmPrefix     /home/runner/.cache/nub/pm/tools/npm-prefix
    ownPkg        /home/runner/v2-G1jeP4/observe/node_modules/@intlify/vue-router-bridge
  == WRITES the script actually performed ==
  == NETWORK ==
    AF_INET sockets: 0   distinct peers: 2
        127.0.0.53:53
        104.16.0.34:443
  == REFUSALS (only `= -1 EACCES/EPERM/EROFS`) ==
    distinct: 0
  == SYNTHESIZED GRANT (verify this in the real unprivileged jail) ==
    {}
  == writePaths (DERIVED — promotion out of the package's PRIVATE home) ==
    private-home writes observed: 0
    none declared — the script wrote nothing into its private home — there is nothing to promote
  == writePaths FEASIBILITY (distinct writes outside project/deps) ==
    count: 0
    EVENTS    4406 distinct from 10713 calls (10809 lines, 73 rejoined, 0 unparsed)
    PROCS     20   lifecycle shells 8
    ⛔ 1 paths with an UNRESOLVED dirfd — kept, marked, never guessed
    unsubscribed/unmapped syscalls: setsockopt×23 getsockname×22 exit×15 getsockopt×9 recvmsg×7 getcwd×4 socketpair×3 shutdown×3
    wrote /home/runner/v2-G1jeP4/observe/events.ndjson.gz (31199 bytes)
  EVENTLOG-FILE /home/runner/v2-G1jeP4/observe/events.ndjson.gz
  EVENTLOG-STATS {"lines":10809,"parsed":10713,"unparsed":0,"unfinished":73,"rejoined":73,"unresolvedDirfd":1,"truncatedArg":0,"procs":20,"lifecyclePids":8,"distinctEvents":4406,"unknownSyscall":{"getsockname":22,"getsockopt":9,"getcwd":4,"recvmsg":7,"exit":15,"setsockopt":23,"sendmmsg":1,"socketpair":3,"shutdown":3,"exit_group":3,"wait4":3},"out":"/home/runner/v2-G1jeP4/observe/events.ndjson.gz","gzipBytes":31199}
  EVICT     0 store entries removed, 0 spared as nub tooling
  SE-PURGE  0 side-effects-cache entries for @intlify/vue-router-bridge
  scaffold: 1 dependency package(s) with lifecycle scripts granted a fixed wide grant
OSV-SCREEN {"schemaVersion":1,"kind":"nub-synth-resolved","status":"clean","digest":"ccf5d54769c68c8574cb532ae7b0bc90b5eb28098602d6475770092d0675aa15","specCount":25,"lockfiles":{"digest":"d74ffb970a7292d78108f5ff1eab1bfe77b925fd85e937e2a97f7b1012366db4","files":[{"path":"nub.lock","sha256":"f97fc58ed946475a3407b4f08741a5176c921138cf3ad7df4f79cb960c7dc7cc","bytes":7355}]},"maliciousAdvisories":[],"screenedAt":"2026-09-08T09:26:05.295Z","cacheHit":false,"clearancePath":"/home/runner/v2-G1jeP4/security/nub-synth-resolved.json"}
  SECURITY nub-synth-resolved clean: 25 exact package-version(s), tree ccf5d54769c6
  VENUE-STORE-LAYOUT isolated
  VERIFY[synth] rc=0 artifacts=20/20 missing=0 shortfall=none (tree 2121/263) OVERRIDDEN=2 REJECTED=0 grant={}
  => VERIFIED {}   (observed, then verified)
  DESCEND   grant is already empty — nothing to narrow; MINIMAL by construction.
