### xxhash@0.3.0   (/home/runner/v2-cu4e9x)
  CI-ENV scrubbed: CI GITHUB_ACTIONS
OSV-SCREEN {"schemaVersion":1,"kind":"direct","status":"clean","digest":"7e058a10d73173d80ad2926ec3d83f055c3f5590a56807d4fa0214b611823d33","specCount":1,"lockfiles":{"digest":null,"files":[]},"maliciousAdvisories":[],"screenedAt":"2026-09-08T01:17:43.598Z","cacheHit":false,"clearancePath":"/home/runner/v2-cu4e9x/security/direct.json"}
  SECURITY direct clean: 1 exact package-version(s), tree 7e058a10d731
  VENUE-OBSERVE-USER {"uid":1001,"user":"runner","umask":"0022","capBnd":"000001ffffffffff","noNewPrivs":"0"}
  VENUE-NUB-BINARY {"path":"/tmp/nub/target/release/nub","sha256":"2a18683f50f7afeb02a521cd3cae175dc2f91780d461c5f012065241f5a1447b","bytes":207643464,"features":{"buildJailCatalogOverride":true,"pythonDontWriteBytecodeEnv":true}}
OSV-SCREEN {"schemaVersion":1,"kind":"npm-observe-resolved","status":"clean","digest":"8a0e582a3799cfc50e31f5f1d985b664db473b806783ba47ae3fc3b1552c1de6","specCount":2,"lockfiles":{"digest":"85f08c7e471a1bce89b7439e1f2f0c41a68fc725e649a865db5d5e8f4684b588","files":[{"path":"package-lock.json","sha256":"c11fa3859b5fb890ebb8149687b32f7b7357aa67d2781ddcad6671c43adbef90","bytes":892}]},"maliciousAdvisories":[],"screenedAt":"2026-09-08T01:17:44.667Z","cacheHit":false,"clearancePath":"/home/runner/v2-cu4e9x/security/npm-observe-resolved.json"}
  SECURITY npm-observe-resolved clean: 2 exact package-version(s), tree 8a0e582a3799
  OBSERVE   rc=0 files=92 trace=103699 lines
  CLOSURE   2 packages evicted per arm
  ARM-FALSIFIABILITY {"manifestFiles":38,"filesTheScriptProduced":10,"reasons":[]}
  RAWLOG-FILE /home/runner/v2-cu4e9x/observe/trace.txt.gz
  RAWLOG-CAPTURE /home/runner/v2-cu4e9x/observe/capture.json
  RAWLOG-BYTES raw=17985407 gz=439852
  VENUE-INTERPRETER /opt/hostedtoolcache/node/22.23.2/x64
  VENUE-OVERRIDES {"set":{"HOME":"/home/runner/v2-cu4e9x/jailhome","TMPDIR":"/tmp/nub-tmp-obsv0pT3V","NODE_COMPAT":"1","PLAYWRIGHT_BROWSERS_PATH":"/home/runner/.cache/nub/pm/tools/ms-playwright","ELECTRON_CACHE":"/home/runner/.cache/nub/pm/tools/electron-cache","electron_config_cache":"/home/runner/.cache/nub/pm/tools/electron-cache","npm_config_prefix":"/home/runner/.cache/nub/pm/tools/npm-prefix","PYTHONDONTWRITEBYTECODE":"1","NUB_CACHE_DIR":"/home/runner/v2-cu4e9x/nubcache"},"unset":["CI","GITHUB_ACTIONS"],"passedThrough":{"CI":"true","GITHUB_ACTIONS":"true","NODE_ENV":null}}
  == ATTRIBUTION == attributed pids: 66
    writes  script 6682  /  whole traced tree 7770
    sockets script 4  /  whole traced tree 8
  == ROOTS (from capture.json — R2: no ambient reads) ==
    project       /home/runner/v2-cu4e9x/observe
    home          /home/runner
    jailHome      /home/runner/v2-cu4e9x/jailhome
    globalStore   /home/runner/.cache/nub/pm/store   [declared, not keyed on]
    projectStore  /home/runner/v2-cu4e9x/observe/node_modules/.store   [declared, not keyed on]
    interpreter   /opt/hostedtoolcache/node/22.23.2/x64   [declared, not keyed on]
    toolsDir      /home/runner/.cache/nub/pm/tools   [declared, not keyed on]
    temp          /tmp/nub-tmp-obsv0pT3V
    npmPrefix     /home/runner/.cache/nub/pm/tools/npm-prefix
    ownPkg        /home/runner/v2-cu4e9x/observe/node_modules/xxhash
  == WRITES the script actually performed ==
    jailHome   3328  (base profile already grants this — NOT billed)
        /home/runner/v2-cu4e9x/jailhome/.cache
        /home/runner/v2-cu4e9x/jailhome/.cache/node-gyp
        /home/runner/v2-cu4e9x/jailhome/.cache/node-gyp/22.23.2
        /home/runner/v2-cu4e9x/jailhome/.cache/node-gyp/22.23.2/include
        /home/runner/v2-cu4e9x/jailhome/.cache/node-gyp/22.23.2/include/node
        /home/runner/v2-cu4e9x/jailhome/.cache/node-gyp/22.23.2/include/node/common.gypi
        /home/runner/v2-cu4e9x/jailhome/.cache/node-gyp/22.23.2/include/node/config.gypi
        /home/runner/v2-cu4e9x/jailhome/.cache/node-gyp/22.23.2/include/node/cppgc
        /home/runner/v2-cu4e9x/jailhome/.cache/node-gyp/22.23.2/include/node/cppgc/allocation.h
        /home/runner/v2-cu4e9x/jailhome/.cache/node-gyp/22.23.2/include/node/cppgc/common.h
        … and 3318 more
    jailTmp    3330  (base profile already grants this — NOT billed)
        /tmp/nub-tmp-obsv0pT3V/node-gyp-tmp-tP4I2V
        /tmp/nub-tmp-obsv0pT3V/node-gyp-tmp-tP4I2V/include
        /tmp/nub-tmp-obsv0pT3V/node-gyp-tmp-tP4I2V/include/node
        /tmp/nub-tmp-obsv0pT3V/node-gyp-tmp-tP4I2V/include/node/v8-locker.h
        /tmp/nub-tmp-obsv0pT3V/node-gyp-tmp-tP4I2V/include/node/zconf.h
        /tmp/nub-tmp-obsv0pT3V/node-gyp-tmp-tP4I2V/include/node/v8config.h
        /tmp/nub-tmp-obsv0pT3V/node-gyp-tmp-tP4I2V/include/node/common.gypi
        /tmp/nub-tmp-obsv0pT3V/node-gyp-tmp-tP4I2V/include/node/v8-object.h
        /tmp/nub-tmp-obsv0pT3V/node-gyp-tmp-tP4I2V/include/node/v8-forward.h
        /tmp/nub-tmp-obsv0pT3V/node-gyp-tmp-tP4I2V/include/node/v8-profiler.h
        … and 3320 more
    ownPkg       23  (base profile already grants this — NOT billed)
        /home/runner/v2-cu4e9x/observe/node_modules/xxhash/build
        /home/runner/v2-cu4e9x/observe/node_modules/xxhash/build/config.gypi
        /home/runner/v2-cu4e9x/observe/node_modules/xxhash/build/Makefile
        /home/runner/v2-cu4e9x/observe/node_modules/xxhash/build/hash.target.mk
        /home/runner/v2-cu4e9x/observe/node_modules/xxhash/build/binding.Makefile
        /home/runner/v2-cu4e9x/observe/node_modules/xxhash/build/node_gyp_bins
        /home/runner/v2-cu4e9x/observe/node_modules/xxhash/build/node_gyp_bins/python3
        /home/runner/v2-cu4e9x/observe/node_modules/xxhash/build/Release
        /home/runner/v2-cu4e9x/observe/node_modules/xxhash/build/obj.target
        /home/runner/v2-cu4e9x/observe/node_modules/xxhash/build/hash
        … and 13 more
    kernelfs      1
        /dev/null
  == NETWORK ==
    AF_INET sockets: 4   distinct peers: 3
        127.0.0.53:53
        104.16.6.34:443
        104.16.212.131:443
  == REFUSALS (only `= -1 EACCES/EPERM/EROFS`) ==
    distinct: 0
  == SYNTHESIZED GRANT (verify this in the real unprivileged jail) ==
    {"network":true}
    NOTE 1 kernel-fs touches (/proc,/sys,/dev) — a READ floor question, not a write grant
  == writePaths (DERIVED — promotion out of the package's PRIVATE home) ==
    private-home writes observed: 3328
    none declared — every write was a FILE at the top of the private home, or landed in a directory the TOOLCHAIN owns (see `writePathsDeny`) — an entry names a directory belonging to the PACKAGE, so there is nothing to name
  == writePaths FEASIBILITY (distinct writes outside project/deps) ==
    count: 0
    EVENTS    35320 distinct from 96477 calls (103700 lines, 7127 rejoined, 0 unparsed)
    PROCS     73   lifecycle shells 61
    ⛔ 3 paths with an UNRESOLVED dirfd — kept, marked, never guessed
    unsubscribed/unmapped syscalls: getcwd×74 setsockopt×58 wait4×53 exit_group×45 getsockname×37 exit×25 getsockopt×22 recvmsg×9
    wrote /home/runner/v2-cu4e9x/observe/events.ndjson.gz (209175 bytes)
  EVENTLOG-FILE /home/runner/v2-cu4e9x/observe/events.ndjson.gz
  EVENTLOG-STATS {"lines":103700,"parsed":96477,"unparsed":0,"unfinished":7127,"rejoined":7127,"unresolvedDirfd":3,"truncatedArg":0,"procs":73,"lifecyclePids":61,"distinctEvents":35320,"unknownSyscall":{"getsockname":37,"getsockopt":22,"getcwd":74,"recvmsg":9,"exit":25,"setsockopt":58,"sendmmsg":2,"socketpair":9,"shutdown":9,"exit_group":45,"wait4":53},"out":"/home/runner/v2-cu4e9x/observe/events.ndjson.gz","gzipBytes":209175}
  EVICT     0 store entries removed, 0 spared as nub tooling
  SE-PURGE  0 side-effects-cache entries for xxhash
OSV-SCREEN {"schemaVersion":1,"kind":"nub-synth-resolved","status":"clean","digest":"8a0e582a3799cfc50e31f5f1d985b664db473b806783ba47ae3fc3b1552c1de6","specCount":2,"lockfiles":{"digest":"d43e712d5a3b2289a170f511eae7676c53c5c0d1b224d0e8ab9b0ab8431b1c29","files":[{"path":"nub.lock","sha256":"6c86da959ec1c869b060369f80f08fb6db8b29fbd3dcbedee387a4b4a0795a43","bytes":598}]},"maliciousAdvisories":[],"screenedAt":"2026-09-08T01:17:44.667Z","cacheHit":true,"clearancePath":"/home/runner/v2-cu4e9x/security/nub-synth-resolved.json"}
  SECURITY nub-synth-resolved clean: 2 exact package-version(s), tree 8a0e582a3799 (cached exact-tree clearance)
  VENUE-STORE-LAYOUT isolated
  VERIFY[synth] rc=0 artifacts=35/35 missing=0 shortfall=none (tree 272/92) OVERRIDDEN=2 REJECTED=0 grant={"network":true}
  => VERIFIED {"network":true}   (observed, then verified)
  EVICT     2 store entries removed, 0 spared as nub tooling
  SE-PURGE  0 side-effects-cache entries for xxhash
OSV-SCREEN {"schemaVersion":1,"kind":"nub-drop-no-network-resolved","status":"clean","digest":"8a0e582a3799cfc50e31f5f1d985b664db473b806783ba47ae3fc3b1552c1de6","specCount":2,"lockfiles":{"digest":"d43e712d5a3b2289a170f511eae7676c53c5c0d1b224d0e8ab9b0ab8431b1c29","files":[{"path":"nub.lock","sha256":"6c86da959ec1c869b060369f80f08fb6db8b29fbd3dcbedee387a4b4a0795a43","bytes":598}]},"maliciousAdvisories":[],"screenedAt":"2026-09-08T01:17:44.667Z","cacheHit":true,"clearancePath":"/home/runner/v2-cu4e9x/security/nub-drop-no-network-resolved.json"}
  SECURITY nub-drop-no-network-resolved clean: 2 exact package-version(s), tree 8a0e582a3799 (cached exact-tree clearance)
  VERIFY[drop-no-network] rc=0 artifacts=35/35 missing=0 shortfall=none (tree 272/92) OVERRIDDEN=2 REJECTED=0 grant={}
     ⛔ OVER-PREDICTED: dropping 'no-network' STILL VERIFIES — {} is sufficient
  => OVER-PREDICTED by: no-network  (synthesized {"network":true}; each named capability drops on its own)
