OSV-SCREEN {"schemaVersion":1,"kind":"direct","status":"clean","digest":"3d4155924e1e35541626f6233672c348ffcd1b0ce4f591a6b946a03ddae34198","specCount":1,"lockfiles":{"digest":null,"files":[]},"maliciousAdvisories":[],"screenedAt":"2026-09-08T05:40:12.351Z","cacheHit":false,"clearancePath":"/Users/runner/v2m-vvs7Aa/security/direct.json"}
  SECURITY direct clean: 1 exact package-version(s), tree 3d4155924e1e
### matrix-js-sdk@9.4.0   (/Users/runner/v2m-vvs7Aa)   nub=/tmp/nub/target/release/nub
  VENUE-NUB-BINARY {"path":"/tmp/nub/target/release/nub","sha256":"f923f9d246b7061a3e88675efb7b4fdcda741d02368002ce6e7f7044b01e7bbe","bytes":93818888,"features":{"buildJailCatalogOverride":true,"pythonDontWriteBytecodeEnv":true}}
  CI-ENV scrubbed: CI GITHUB_ACTIONS
  --- fbt preflight (advisory; never fails the run) ---
     csrutil: System Integrity Protection status: disabled.
     fbt probes visible: 93591
     fbt enable attempt: dtrace: description 'fbt:::entry ' matched 50364 probes CPU     ID                    FUNCTION:NAME 
     cwd builtin value:  
     fbt chdir symbols:  
     fbt fires on spawn-with-cwd: dtrace: invalid probe specifier fbt::chdir*:entry /progenyof($target)/ { @[probefunc] = count(); }: probe description fbt::chdir*:entry does not match any probes 
  --- end fbt preflight ---
OSV-SCREEN {"schemaVersion":1,"kind":"npm-observe-resolved","status":"clean","digest":"1c47e63a500c1d11d92387142877e6869e1f81682bf71ac4855352cad70811d7","specCount":75,"lockfiles":{"digest":"bfdda7da7d301b50c4ecc96aa207dc14af782943024e24b90f4b7589dd45199e","files":[{"path":"package-lock.json","sha256":"bc944f98c6c4e2e3c4c5b2d7e69ed9832834dda4aa05f0d61ef1fc50a647e0c0","bytes":31379}]},"maliciousAdvisories":[],"screenedAt":"2026-09-08T05:40:18.842Z","cacheHit":false,"clearancePath":"/Users/runner/v2m-vvs7Aa/security/npm-observe-resolved.json"}
  SECURITY npm-observe-resolved clean: 75 exact package-version(s), tree 1c47e63a500c
  VENUE-CI-CHILD clean (no CI-detection variable reaches the traced script)
  --- wrapper (run.sh) ---
     cd "/Users/runner/v2m-vvs7Aa/Observe"
     sudo -u "runner" -H env "PATH=$PATH"   "HOME=/Users/runner/v2m-vvs7Aa/jailhome"   "TMPDIR=/private/var/folders/bl/vzjcvbz95c3dk19cb0fw46180000gn/T/nub-tmp-obsaokQ8e"   "NODE_COMPAT=1"   "PYTHONDONTWRITEBYTECODE=1"   "PLAYWRIGHT_BROWSERS_PATH=/Users/runner/.cache/nub/pm/tools/ms-playwright"   "ELECTRON_CACHE=/Users/runner/.cache/nub/pm/tools/electron-cache"   "electron_config_cache=/Users/runner/.cache/nub/pm/tools/electron-cache"   "npm_config_prefix=/Users/runner/.cache/nub/pm/tools/npm-prefix"   "/Users/runner/hostedtoolcache/node/22.23.2/arm64/bin/npm" rebuild --no-audit --no-fund "matrix-js-sdk" > "/Users/runner/v2m-vvs7Aa/Observe/npm.log" 2>&1
     echo $? > "/Users/runner/v2m-vvs7Aa/Observe/rc"
  --- dtrace stderr + wrapper trace ---
     + cd /Users/runner/v2m-vvs7Aa/Observe
     + sudo -u runner -H env PATH=/Users/runner/hostedtoolcache/node/22.23.2/arm64/bin:/opt/homebrew/lib/ruby/gems/3.3.0/bin:/opt/homebrew/opt/ruby@3.3/bin:/Users/runner/.local/bin:/opt/homebrew/bin:/opt/homebrew/sbin:/Users/runner/.cargo/bin:/usr/local/opt/curl/bin:/usr/local/bin:/usr/local/sbin:/Users/runner/bin:/Users/runner/.yarn/bin:/Users/runner/Library/Android/sdk/tools:/Users/runner/Library/Android/sdk/platform-tools:/Library/Frameworks/Python.framework/Versions/Current/bin:/Library/Frameworks/Mono.framework/Versions/Current/Commands:/usr/bin:/bin:/usr/sbin:/sbin:/Users/runner/.dotnet/tools HOME=/Users/runner/v2m-vvs7Aa/jailhome TMPDIR=/private/var/folders/bl/vzjcvbz95c3dk19cb0fw46180000gn/T/nub-tmp-obsaokQ8e NODE_COMPAT=1 PYTHONDONTWRITEBYTECODE=1 PLAYWRIGHT_BROWSERS_PATH=/Users/runner/.cache/nub/pm/tools/ms-playwright ELECTRON_CACHE=/Users/runner/.cache/nub/pm/tools/electron-cache electron_config_cache=/Users/runner/.cache/nub/pm/tools/electron-cache npm_config_prefix=/Users/runner/.cache/nub/pm/tools/npm-prefix /Users/runner/hostedtoolcache/node/22.23.2/arm64/bin/npm rebuild --no-audit --no-fund matrix-js-sdk
     dtrace: error on enabled probe ID 128 (ID 286: syscall::execve:entry): invalid address (0x60000163c000) in action #1 at DIF offset 20
     + echo 127
  OBSERVE   rc=127 dtrace_rc=0 files=1367 (pre=1365) trace=12970 lines
  => BROKEN-WITHOUT-JAIL-TOO (unjailed control failed rc=127; nothing to measure)
     npm error code 127
     npm error path /Users/runner/v2m-vvs7Aa/Observe/node_modules/matrix-js-sdk
     npm error command failed
     npm error command sh -c yarn build:dev
     npm error yarn run v1.22.22
     npm error $ yarn clean && git rev-parse HEAD > git-revision.txt && yarn build:compile && yarn build:types
     npm error $ rimraf lib dist
     npm error info Visit https://yarnpkg.com/en/docs/cli/run for documentation about this command.
     npm error info Visit https://yarnpkg.com/en/docs/cli/run for documentation about this command.
     npm error /bin/sh: rimraf: command not found
     npm error error Command failed with exit code 127.
     npm error error Command failed with exit code 127.
     npm notice
     npm notice New major version of npm available! 10.9.8 -> 12.0.2
     npm notice Changelog: https://github.com/npm/cli/releases/tag/v12.0.2
     npm notice To update run: npm install -g npm@12.0.2
     npm notice
     npm error A complete log of this run can be found in: /Users/runner/v2m-vvs7Aa/jailhome/.npm/_logs/2026-09-08T05_40_20_389Z-debug-0.log
