### odbc@2.4.9   (D:\jail\m-odbc-mtrmr6oj)
  CI-ENV scrubbed: CI GITHUB_ACTIONS
OSV-SCREEN {"schemaVersion":1,"kind":"direct","status":"clean","digest":"43f7c52a0255ddcdc1ae2054ee6884379e8d56c6e97c3088886dec8be683d67c","specCount":1,"lockfiles":{"digest":null,"files":[]},"maliciousAdvisories":[],"screenedAt":"2026-09-07T19:25:04.844Z","cacheHit":false,"clearancePath":"D:\\jail\\m-odbc-mtrmr6oj\\security\\direct.json"}
  SECURITY direct clean: 1 exact package-version(s), tree 43f7c52a0255
OSV-SCREEN {"schemaVersion":1,"kind":"npm-observe-resolved","status":"clean","digest":"6ad1b22fbdf955f66b145cc6e30fb0e8f5461c6229b9ed821b0fb2e107dd6e2d","specCount":59,"lockfiles":{"digest":"6c5255f6ad6fc2a99f88c58d3ee0f0a9cb61781cff301bee234c9eb2960144c8","files":[{"path":"package-lock.json","sha256":"3898eaa394bc01ef30c22f200a2f5af121f301537141dbae3ff24d77fb6b62e4","bytes":24443}]},"maliciousAdvisories":[],"screenedAt":"2026-09-07T19:25:08.160Z","cacheHit":false,"clearancePath":"D:\\jail\\m-odbc-mtrmr6oj\\security\\npm-observe-resolved.json"}
  SECURITY npm-observe-resolved clean: 59 exact package-version(s), tree 6ad1b22fbdf9
  CAPTURE user=runnervmeef0v\runneradmin elevated=True rootPid=5388 exit=0 events=30976 lost=0
  VENUE-OBSERVE-USER runnervmeef0v\runneradmin elevated=true privDropped={"SeBackupPrivilege":"removed","SeRestorePrivilege":"removed","SeTakeOwnershipPrivilege":"removed"}
  OBSERVE artifacts: 22 files  (D:\jail\m-odbc-mtrmr6oj\observe\node_modules\odbc)
  ARM-FALSIFIABILITY {"manifestFiles":22,"filesTheScriptProduced":1,"reasons":[]}
  CLOSURE 57 packages evicted per arm
  8.3 MAP 0 components resolved on runnervmeef0v, folded into capture.json
  == ROOTS (from capture.json — R2: no ambient reads) ==
    project       D:\jail\m-odbc-mtrmr6oj\observe   [keyed on]
    home          C:\Users\runneradmin   [keyed on]
    jailHome      (null — declared inapplicable)
    globalStore   C:\Users\runneradmin\AppData\Local\nub\pm\store
    projectStore  D:\jail\m-odbc-mtrmr6oj\observe\node_modules\.store
    interpreter   C:\hostedtoolcache\windows\node\22.23.2\x64\node.exe
    toolsDir      C:\Users\runneradmin\AppData\Local\nub\pm\tools
    temp          D:\jail\m-odbc-mtrmr6oj\tmp   [keyed on]
    npmPrefix     (null — declared inapplicable)
    ownPkg        D:\jail\m-odbc-mtrmr6oj\observe\node_modules\odbc
  == ATTRIBUTION == lifecycle pids: 2 (root 5388)
    writes  script 3  /  whole traced tree 10
    peers   script 2  /  whole traced tree 2
  == WRITES ==
    deps          3
  == READS ==
    deps        210
    outside       6
    project       1
    systemfs     31
  == NETWORK ==
    distinct peers: 2
        140.82.114.3:443
        185.199.111.133:443
  == REFUSALS (adapter-classified) ==
    distinct: 0
  == SYNTHESIZED GRANT (verify this in the real unprivileged jail) ==
    {"write":{"deps":true},"network":true}
  RAW       etw-raw.xml.gz  39178214 B xml -> 572153 B gz (68.5x)  sha256 eaa953ca8e3d3e74…
  HEADER    etw-header.json (5025 bytes)
  DERIVED   6166 distinct from 8036 kept ops (30976 xml events, 1759 out of subtree)
  PROCS     4   thread-reattributed 0
  8.3       0 expanded, 0 kept short, 0 not covered  [map: recorded 8.3 map (0 components, resolved on runnervmeef0v)]
  wrote events.ndjson.gz (77210 bytes)
  RAWLOG-CAPTURE D:\jail\m-odbc-mtrmr6oj\cap\capture.json
  VENUE-NUB-BINARY {"path":"C:/Users/RUNNER~1/AppData/Local/Temp/nub/target/release/nub.exe","sha256":"f186817a44be332fee712b4936a071a0b5f9cde18a1d2fdc3a791729d4bf1005","bytes":68717056,"features":{"buildJailCatalogOverride":true,"pythonDontWriteBytecodeEnv":true}}
  VENUE-INTERPRETER C:\hostedtoolcache\windows\node\22.23.2\x64\node.exe
  VENUE-JAIL-ROOT D:\jail\m-odbc-mtrmr6oj
  VENUE-OVERRIDES {"set":{"npm_config_cache":"D:\\jail\\m-odbc-mtrmr6oj\\npm-cache","TMP":"D:\\jail\\m-odbc-mtrmr6oj\\tmp","TEMP":"D:\\jail\\m-odbc-mtrmr6oj\\tmp","TMPDIR":"D:\\jail\\m-odbc-mtrmr6oj\\tmp"},"unset":["CI","GITHUB_ACTIONS"],"notRedirected":{"USERPROFILE":"C:\\Users\\runneradmin","why":"the jail leaves HOME/USERPROFILE alone — `build_jail.rs` sandbox_homes() reads the ambient value and `compiler/defaults.rs` BASELINE_ENV_EXACT passes it through — so there is no private jail home to reproduce and redirecting one would measure an environment no confined script sees"},"passedThrough":{"CI":"true","GITHUB_ACTIONS":"true","NODE_ENV":null}}
  STORE   isolated virtual store at D:\jail\m-odbc-mtrmr6oj\verify-synth\.cache
  VENUE-STORE-LAYOUT isolated
OSV-SCREEN {"schemaVersion":1,"kind":"nub-synth-resolved","status":"clean","digest":"6ad1b22fbdf955f66b145cc6e30fb0e8f5461c6229b9ed821b0fb2e107dd6e2d","specCount":59,"lockfiles":{"digest":"4d3338f493d565db34f8828b585502db2e5e4afe351e4fe1a767d3cc7a477753","files":[{"path":"nub.lock","sha256":"9a8a455690aeda860de3a2921c9515b4bac10aa8e9aa65948f33296b93282e97","bytes":14553}]},"maliciousAdvisories":[],"screenedAt":"2026-09-07T19:25:08.160Z","cacheHit":true,"clearancePath":"D:\\jail\\m-odbc-mtrmr6oj\\security\\nub-synth-resolved.json"}
  SECURITY nub-synth-resolved clean: 59 exact package-version(s), tree 6ad1b22fbdf9 (cached exact-tree clearance)
  VERIFY[synth] rc=0 artifacts=22/22 missing=0 shortfall=none (tree 6564/645) OVERRIDDEN=2 REJECTED=0 grant={"write":{"deps":true},"network":true}
  => MINIMUM {"write":{"deps":true},"network":true}   (observed, then verified)
  STORE   isolated virtual store at D:\jail\m-odbc-mtrmr6oj\verify-nar-no-network\.cache
OSV-SCREEN {"schemaVersion":1,"kind":"nub-nar-no-network-resolved","status":"clean","digest":"6ad1b22fbdf955f66b145cc6e30fb0e8f5461c6229b9ed821b0fb2e107dd6e2d","specCount":59,"lockfiles":{"digest":"4d3338f493d565db34f8828b585502db2e5e4afe351e4fe1a767d3cc7a477753","files":[{"path":"nub.lock","sha256":"9a8a455690aeda860de3a2921c9515b4bac10aa8e9aa65948f33296b93282e97","bytes":14553}]},"maliciousAdvisories":[],"screenedAt":"2026-09-07T19:25:08.160Z","cacheHit":true,"clearancePath":"D:\\jail\\m-odbc-mtrmr6oj\\security\\nub-nar-no-network-resolved.json"}
  SECURITY nub-nar-no-network-resolved clean: 59 exact package-version(s), tree 6ad1b22fbdf9 (cached exact-tree clearance)
  VERIFY[nar-no-network] rc=1 artifacts=30/22 missing=1 shortfall=41cad9615b04 (tree 6572/645) OVERRIDDEN=2 REJECTED=0 grant={"write":{"deps":true}}
     missing artifacts: lib/bindings/napi-v8/odbc.node
     'no-network' is NECESSARY — dropping it fails to verify
  STORE   isolated virtual store at D:\jail\m-odbc-mtrmr6oj\verify-nar-no-write-deps\.cache
OSV-SCREEN {"schemaVersion":1,"kind":"nub-nar-no-write-deps-resolved","status":"clean","digest":"6ad1b22fbdf955f66b145cc6e30fb0e8f5461c6229b9ed821b0fb2e107dd6e2d","specCount":59,"lockfiles":{"digest":"4d3338f493d565db34f8828b585502db2e5e4afe351e4fe1a767d3cc7a477753","files":[{"path":"nub.lock","sha256":"9a8a455690aeda860de3a2921c9515b4bac10aa8e9aa65948f33296b93282e97","bytes":14553}]},"maliciousAdvisories":[],"screenedAt":"2026-09-07T19:25:08.160Z","cacheHit":true,"clearancePath":"D:\\jail\\m-odbc-mtrmr6oj\\security\\nub-nar-no-write-deps-resolved.json"}
  SECURITY nub-nar-no-write-deps-resolved clean: 59 exact package-version(s), tree 6ad1b22fbdf9 (cached exact-tree clearance)
  VERIFY[nar-no-write-deps] rc=0 artifacts=22/22 missing=0 shortfall=none (tree 6564/645) OVERRIDDEN=2 REJECTED=0 grant={"network":true}
     ⛔ OVER-PREDICTED — the strictly narrower {"network":true} also verifies; 'no-write-deps' was not needed
