### @gatsbyjs/reach-router@1.3.10-no-navigate.5   (/home/runner/v2-HvjKxx)
  CI-ENV scrubbed: CI GITHUB_ACTIONS
OSV-SCREEN {"schemaVersion":1,"kind":"direct","status":"clean","digest":"7d566390097e9a44b4fb413c22d315a905289e263e6d21641eb4a01cf5aacd61","specCount":1,"lockfiles":{"digest":null,"files":[]},"maliciousAdvisories":[],"screenedAt":"2026-09-08T01:46:09.600Z","cacheHit":false,"clearancePath":"/home/runner/v2-HvjKxx/security/direct.json"}
  SECURITY direct clean: 1 exact package-version(s), tree 7d566390097e
  VENUE-OBSERVE-USER {"uid":1001,"user":"runner","umask":"0022","capBnd":"000001ffffffffff","noNewPrivs":"0"}
  VENUE-NUB-BINARY {"path":"/tmp/nub/target/release/nub","sha256":"2a18683f50f7afeb02a521cd3cae175dc2f91780d461c5f012065241f5a1447b","bytes":207643464,"features":{"buildJailCatalogOverride":true,"pythonDontWriteBytecodeEnv":true}}
OSV-SCREEN {"schemaVersion":1,"kind":"npm-observe-resolved","status":"clean","digest":"024cc28690eca089306874eb2d8cf07cba9c039b94f730ff70633869a6b8cc68","specCount":10,"lockfiles":{"digest":"b92d58a4ac6a94d3c2a7a0c5d9323a64ae5de655acc04a1264346ba295af3450","files":[{"path":"package-lock.json","sha256":"63de5c0a29c5b0f9632954424b960682eb17c9d5f54d3b62d3053d0c5202afe3","bytes":4207}]},"maliciousAdvisories":[],"screenedAt":"2026-09-08T01:46:11.333Z","cacheHit":false,"clearancePath":"/home/runner/v2-HvjKxx/security/npm-observe-resolved.json"}
  SECURITY npm-observe-resolved clean: 10 exact package-version(s), tree 024cc28690ec
  OBSERVE   rc=0 files=125 trace=10584 lines
  CLOSURE   10 packages evicted per arm
  ARM-FALSIFIABILITY {"manifestFiles":7,"filesTheScriptProduced":0,"reasons":["gate-vacuous"]}
  ⛔ ARMS-UNFALSIFIABLE — a green arm for this package carries no evidence:
       gate-vacuous: the script changed no file the artifact gate keys on — every file in the manifest (7) was already present at its final size before the script ran, so the gate passes in every arm including a completely broken one
       The grant may still be correct; what is missing is a signal that could have gone
       red. Do not read this record's MINIMAL as a passing measurement.
  RAWLOG-FILE /home/runner/v2-HvjKxx/observe/trace.txt.gz
  RAWLOG-CAPTURE /home/runner/v2-HvjKxx/observe/capture.json
  RAWLOG-BYTES raw=2351407 gz=67046
  VENUE-INTERPRETER /opt/hostedtoolcache/node/22.23.2/x64
  VENUE-OVERRIDES {"set":{"HOME":"/home/runner/v2-HvjKxx/jailhome","TMPDIR":"/tmp/nub-tmp-obs3pijkJ","NODE_COMPAT":"1","PLAYWRIGHT_BROWSERS_PATH":"/home/runner/.cache/nub/pm/tools/ms-playwright","ELECTRON_CACHE":"/home/runner/.cache/nub/pm/tools/electron-cache","electron_config_cache":"/home/runner/.cache/nub/pm/tools/electron-cache","npm_config_prefix":"/home/runner/.cache/nub/pm/tools/npm-prefix","PYTHONDONTWRITEBYTECODE":"1","NUB_CACHE_DIR":"/home/runner/v2-HvjKxx/nubcache"},"unset":["CI","GITHUB_ACTIONS"],"passedThrough":{"CI":"true","GITHUB_ACTIONS":"true","NODE_ENV":null}}
  == ATTRIBUTION == attributed pids: 0
    writes  script 0  /  whole traced tree 1088
    sockets script 0  /  whole traced tree 6
    ⛔ NO LIFECYCLE SHELL FOUND — the subtree filter matched nothing, so the grant
       below is EMPTY BY DEFAULT rather than by measurement. Treat it as UNKNOWN.
  == ROOTS (from capture.json — R2: no ambient reads) ==
    project       /home/runner/v2-HvjKxx/observe
    home          /home/runner
    jailHome      /home/runner/v2-HvjKxx/jailhome
    globalStore   /home/runner/.cache/nub/pm/store   [declared, not keyed on]
    projectStore  /home/runner/v2-HvjKxx/observe/node_modules/.store   [declared, not keyed on]
    interpreter   /opt/hostedtoolcache/node/22.23.2/x64   [declared, not keyed on]
    toolsDir      /home/runner/.cache/nub/pm/tools   [declared, not keyed on]
    temp          /tmp/nub-tmp-obs3pijkJ
    npmPrefix     /home/runner/.cache/nub/pm/tools/npm-prefix
    ownPkg        /home/runner/v2-HvjKxx/observe/node_modules/@gatsbyjs/reach-router
  == WRITES the script actually performed ==
  == NETWORK ==
    AF_INET sockets: 0   distinct peers: 2
        127.0.0.53:53
        104.16.9.34:443
  == REFUSALS (only `= -1 EACCES/EPERM/EROFS`) ==
    distinct: 0
  == SYNTHESIZED GRANT (verify this in the real unprivileged jail) ==
    {}
  == writePaths (DERIVED — promotion out of the package's PRIVATE home) ==
    private-home writes observed: 0
    none declared — the script wrote nothing into its private home — there is nothing to promote
  == writePaths FEASIBILITY (distinct writes outside project/deps) ==
    count: 0
    EVENTS    4322 distinct from 10567 calls (10585 lines, 5 rejoined, 0 unparsed)
    PROCS     12   lifecycle shells 0
    ⛔ 3 paths with an UNRESOLVED dirfd — kept, marked, never guessed
    unsubscribed/unmapped syscalls: getsockname×18 setsockopt×11 exit×10 recvmsg×7 getsockopt×4 getcwd×2 sendmmsg×1 exit_group×1
    wrote /home/runner/v2-HvjKxx/observe/events.ndjson.gz (30535 bytes)
  EVENTLOG-FILE /home/runner/v2-HvjKxx/observe/events.ndjson.gz
  EVENTLOG-STATS {"lines":10585,"parsed":10567,"unparsed":0,"unfinished":5,"rejoined":5,"unresolvedDirfd":3,"truncatedArg":0,"procs":12,"lifecyclePids":0,"distinctEvents":4322,"unknownSyscall":{"getsockname":18,"getsockopt":4,"getcwd":2,"recvmsg":7,"exit":10,"setsockopt":11,"sendmmsg":1,"exit_group":1},"out":"/home/runner/v2-HvjKxx/observe/events.ndjson.gz","gzipBytes":30535}
  EVICT     10 store entries removed, 0 spared as nub tooling
  SE-PURGE  0 side-effects-cache entries for @gatsbyjs/reach-router
OSV-SCREEN {"schemaVersion":1,"kind":"nub-synth-resolved","status":"clean","digest":"024cc28690eca089306874eb2d8cf07cba9c039b94f730ff70633869a6b8cc68","specCount":10,"lockfiles":{"digest":"1965cfadc0021b2bafe85a9246b14bf4d43d23d7305175155cb0a3152f971f0f","files":[{"path":"nub.lock","sha256":"7eb4ee39620e2a88e5191c9b789b44773ef32fa915bfc3de6deeefaae1ef6d53","bytes":2771}]},"maliciousAdvisories":[],"screenedAt":"2026-09-08T01:46:11.333Z","cacheHit":true,"clearancePath":"/home/runner/v2-HvjKxx/security/nub-synth-resolved.json"}
  SECURITY nub-synth-resolved clean: 10 exact package-version(s), tree 024cc28690ec (cached exact-tree clearance)
  VENUE-STORE-LAYOUT isolated
  VERIFY[synth] rc=0 artifacts=7/7 missing=0 shortfall=none (tree 308/125) OVERRIDDEN=3 REJECTED=0 grant={}
  => VERIFIED {}   (observed, then verified)
  DESCEND   grant is already empty — nothing to narrow; MINIMAL by construction.
