### @azure/msal-node-extensions@5.5.0   (/home/runner/v2-8PFYur)
  CI-ENV scrubbed: CI GITHUB_ACTIONS
OSV-SCREEN {"schemaVersion":1,"kind":"direct","status":"clean","digest":"6686b646c739f861b12ceaa8e5c5ad8694aa6e9951b9cd8ac4c14799ab81de36","specCount":1,"lockfiles":{"digest":null,"files":[]},"maliciousAdvisories":[],"screenedAt":"2026-09-09T23:04:59.103Z","cacheHit":false,"clearancePath":"/home/runner/v2-8PFYur/security/direct.json"}
  SECURITY direct clean: 1 exact package-version(s), tree 6686b646c739
  VENUE-OBSERVE-USER {"uid":1001,"user":"runner","umask":"0022","capBnd":"000001ffffffffff","noNewPrivs":"0"}
  VENUE-NUB-BINARY {"path":"/tmp/nub/target/release/nub","sha256":"2a18683f50f7afeb02a521cd3cae175dc2f91780d461c5f012065241f5a1447b","bytes":207643464,"features":{"buildJailCatalogOverride":true,"pythonDontWriteBytecodeEnv":true}}
OSV-SCREEN {"schemaVersion":1,"kind":"npm-observe-resolved","status":"clean","digest":"45d66c4d2628ba1b71689c88ed75479ff54c648a5d2ce9de23c3623f2eb5f830","specCount":40,"lockfiles":{"digest":"ad905cc8af7f06bab3f4fc9a007d780acf8dd201a426ac74375fcf5e4c95d91c","files":[{"path":"package-lock.json","sha256":"1d94f288612bfe735769163872d9765f8891c2cda321eb99f8ce5aafce8add95","bytes":17451}]},"maliciousAdvisories":[],"screenedAt":"2026-09-09T23:05:00.870Z","cacheHit":false,"clearancePath":"/home/runner/v2-8PFYur/security/npm-observe-resolved.json"}
  SECURITY npm-observe-resolved clean: 40 exact package-version(s), tree 45d66c4d2628
  OBSERVE   rc=0 files=1165 trace=10781 lines
  CLOSURE   40 packages evicted per arm
  ARM-FALSIFIABILITY {"manifestFiles":110,"filesTheScriptProduced":0,"reasons":["gate-vacuous"]}
  ⛔ ARMS-UNFALSIFIABLE — a green arm for this package carries no evidence:
       gate-vacuous: the script changed no file the artifact gate keys on — every file in the manifest (110) was already present at its final size before the script ran, so the gate passes in every arm including a completely broken one
       The grant may still be correct; what is missing is a signal that could have gone
       red. Do not read this record's MINIMAL as a passing measurement.
  RAWLOG-FILE /home/runner/v2-8PFYur/observe/trace.txt.gz
  RAWLOG-CAPTURE /home/runner/v2-8PFYur/observe/capture.json
  RAWLOG-BYTES raw=2373963 gz=68176
  VENUE-INTERPRETER /opt/hostedtoolcache/node/22.23.2/x64
  VENUE-OVERRIDES {"set":{"HOME":"/home/runner/v2-8PFYur/jailhome","TMPDIR":"/tmp/nub-tmp-obs6ZMjvY","NODE_COMPAT":"1","PLAYWRIGHT_BROWSERS_PATH":"/home/runner/.cache/nub/pm/tools/ms-playwright","ELECTRON_CACHE":"/home/runner/.cache/nub/pm/tools/electron-cache","electron_config_cache":"/home/runner/.cache/nub/pm/tools/electron-cache","npm_config_prefix":"/home/runner/.cache/nub/pm/tools/npm-prefix","PYTHONDONTWRITEBYTECODE":"1","NUB_CACHE_DIR":"/home/runner/v2-8PFYur/nubcache"},"unset":["CI","GITHUB_ACTIONS"],"passedThrough":{"CI":"true","GITHUB_ACTIONS":"true","NODE_ENV":null}}
  == ATTRIBUTION == attributed pids: 6
    writes  script 0  /  whole traced tree 1088
    sockets script 0  /  whole traced tree 4
  == ROOTS (from capture.json — R2: no ambient reads) ==
    project       /home/runner/v2-8PFYur/observe
    home          /home/runner
    jailHome      /home/runner/v2-8PFYur/jailhome
    globalStore   /home/runner/.cache/nub/pm/store   [declared, not keyed on]
    projectStore  /home/runner/v2-8PFYur/observe/node_modules/.store   [declared, not keyed on]
    interpreter   /opt/hostedtoolcache/node/22.23.2/x64   [declared, not keyed on]
    toolsDir      /home/runner/.cache/nub/pm/tools   [declared, not keyed on]
    temp          /tmp/nub-tmp-obs6ZMjvY
    npmPrefix     /home/runner/.cache/nub/pm/tools/npm-prefix
    ownPkg        /home/runner/v2-8PFYur/observe/node_modules/@azure/msal-node-extensions
  == WRITES the script actually performed ==
  == NETWORK ==
    AF_INET sockets: 0   distinct peers: 2
        127.0.0.53:53
        104.16.4.34:443
  == REFUSALS (only `= -1 EACCES/EPERM/EROFS`) ==
    distinct: 0
  == SYNTHESIZED GRANT (verify this in the real unprivileged jail) ==
    {}
  == writePaths (DERIVED — promotion out of the package's PRIVATE home) ==
    private-home writes observed: 0
    none declared — the script wrote nothing into its private home — there is nothing to promote
  == writePaths FEASIBILITY (distinct writes outside project/deps) ==
    count: 0
    EVENTS    4412 distinct from 10681 calls (10782 lines, 86 rejoined, 0 unparsed)
    PROCS     13   lifecycle shells 1
    ⛔ 3 paths with an UNRESOLVED dirfd — kept, marked, never guessed
    unsubscribed/unmapped syscalls: setsockopt×23 getsockname×17 exit×10 recvmsg×7 getsockopt×4 getcwd×3 socketpair×3 shutdown×3
    wrote /home/runner/v2-8PFYur/observe/events.ndjson.gz (31280 bytes)
  EVENTLOG-FILE /home/runner/v2-8PFYur/observe/events.ndjson.gz
  EVENTLOG-STATS {"lines":10782,"parsed":10681,"unparsed":0,"unfinished":86,"rejoined":86,"unresolvedDirfd":3,"truncatedArg":0,"procs":13,"lifecyclePids":1,"distinctEvents":4412,"unknownSyscall":{"getsockname":17,"getsockopt":4,"getcwd":3,"recvmsg":7,"exit":10,"setsockopt":23,"sendmmsg":1,"socketpair":3,"shutdown":3,"exit_group":2,"wait4":1},"out":"/home/runner/v2-8PFYur/observe/events.ndjson.gz","gzipBytes":31280}
  EVICT     20 store entries removed, 2 spared as nub tooling
  SE-PURGE  0 side-effects-cache entries for @azure/msal-node-extensions
  scaffold: 1 dependency package(s) with lifecycle scripts granted a fixed wide grant
OSV-SCREEN {"schemaVersion":1,"kind":"nub-synth-resolved","status":"clean","digest":"45d66c4d2628ba1b71689c88ed75479ff54c648a5d2ce9de23c3623f2eb5f830","specCount":40,"lockfiles":{"digest":"f10b4024f458f873efab412da737756423860f18b423ec6eabb9731010c1e7ff","files":[{"path":"nub.lock","sha256":"1bf1d4b4e458db0d7177f67e775740db8a21c5ba6862074eb19431e8a452463b","bytes":9168}]},"maliciousAdvisories":[],"screenedAt":"2026-09-09T23:05:00.870Z","cacheHit":true,"clearancePath":"/home/runner/v2-8PFYur/security/nub-synth-resolved.json"}
  SECURITY nub-synth-resolved clean: 40 exact package-version(s), tree 45d66c4d2628 (cached exact-tree clearance)
  VENUE-STORE-LAYOUT isolated
  VERIFY[synth] rc=0 artifacts=110/110 missing=0 shortfall=none (tree 3590/1165) OVERRIDDEN=2 REJECTED=0 grant={}
  => VERIFIED {}   (observed, then verified)
  DESCEND   grant is already empty — nothing to narrow; MINIMAL by construction.
