### inngest-cli@0.17.1   (D:\jail\m-inngestcli-mtsi2enx)
  CI-ENV scrubbed: CI GITHUB_ACTIONS
OSV-SCREEN {"schemaVersion":1,"kind":"direct","status":"clean","digest":"48c55e68727a75cb84201d96cf9794ffdb7fee91529f577ca5d89a66fec743aa","specCount":1,"lockfiles":{"digest":null,"files":[]},"maliciousAdvisories":[],"screenedAt":"2026-09-08T10:01:36.431Z","cacheHit":false,"clearancePath":"D:\\jail\\m-inngestcli-mtsi2enx\\security\\direct.json"}
  SECURITY direct clean: 1 exact package-version(s), tree 48c55e68727a
OSV-SCREEN {"schemaVersion":1,"kind":"npm-observe-resolved","status":"clean","digest":"6a5e96d2a187c3666b67e69caea9dca5020af970ea7d3634e86aebab80c7e745","specCount":15,"lockfiles":{"digest":"ebb20e18927050f4959479ab548ad5ebda1553a1112cb0f3e8264c04137fec66","files":[{"path":"package-lock.json","sha256":"7438544366cdc6a839be07988bf588f023116391051b9ae538c696b900ea2bf1","bytes":6480}]},"maliciousAdvisories":[],"screenedAt":"2026-09-08T10:01:38.157Z","cacheHit":false,"clearancePath":"D:\\jail\\m-inngestcli-mtsi2enx\\security\\npm-observe-resolved.json"}
  SECURITY npm-observe-resolved clean: 15 exact package-version(s), tree 6a5e96d2a187
  CAPTURE user=runnervmeef0v\runneradmin elevated=True rootPid=9208 exit=0 events=37166 lost=0
  VENUE-OBSERVE-USER runnervmeef0v\runneradmin elevated=true privDropped={"SeBackupPrivilege":"removed","SeRestorePrivilege":"removed","SeTakeOwnershipPrivilege":"removed"}
  OBSERVE artifacts: 7 files  (D:\jail\m-inngestcli-mtsi2enx\observe\node_modules\inngest-cli)
  ARM-FALSIFIABILITY {"manifestFiles":7,"filesTheScriptProduced":2,"reasons":[]}
  CLOSURE 15 packages evicted per arm
  8.3 MAP 0 components resolved on runnervmeef0v, folded into capture.json
  == ROOTS (from capture.json — R2: no ambient reads) ==
    project       D:\jail\m-inngestcli-mtsi2enx\observe   [keyed on]
    home          C:\Users\runneradmin   [keyed on]
    jailHome      (null — declared inapplicable)
    globalStore   C:\Users\runneradmin\AppData\Local\nub\pm\store
    projectStore  D:\jail\m-inngestcli-mtsi2enx\observe\node_modules\.store
    interpreter   C:\hostedtoolcache\windows\node\22.23.2\x64\node.exe
    toolsDir      C:\Users\runneradmin\AppData\Local\nub\pm\tools
    temp          D:\jail\m-inngestcli-mtsi2enx\tmp   [keyed on]
    npmPrefix     (null — declared inapplicable)
    ownPkg        D:\jail\m-inngestcli-mtsi2enx\observe\node_modules\inngest-cli
  == ATTRIBUTION == lifecycle pids: 2 (root 9208)
    writes  script 2  /  whole traced tree 16
    peers   script 1  /  whole traced tree 1
  == WRITES ==
    deps          2
  == READS ==
    deps         90
    outside       6
    project       1
    systemfs     30
  == NETWORK ==
    distinct peers: 1
        172.66.47.141:443
  == REFUSALS (adapter-classified) ==
    distinct: 0
  == SYNTHESIZED GRANT (verify this in the real unprivileged jail) ==
    {"write":{"deps":true},"network":true}
  RAW       etw-raw.xml.gz  46721060 B xml -> 713359 B gz (65.5x)  sha256 ac8e588ad43a7502…
  HEADER    etw-header.json (5077 bytes)
  DERIVED   5663 distinct from 7343 kept ops (37166 xml events, 4673 out of subtree)
  PROCS     4   thread-reattributed 0
  ⛔ 3 operations with NO OperationEnd — kept, status marked unknown
  8.3       0 expanded, 0 kept short, 0 not covered  [map: recorded 8.3 map (0 components, resolved on runnervmeef0v)]
  wrote events.ndjson.gz (71156 bytes)
  RAWLOG-CAPTURE D:\jail\m-inngestcli-mtsi2enx\cap\capture.json
  VENUE-NUB-BINARY {"path":"C:/Users/RUNNER~1/AppData/Local/Temp/nub/target/release/nub.exe","sha256":"f186817a44be332fee712b4936a071a0b5f9cde18a1d2fdc3a791729d4bf1005","bytes":68717056,"features":{"buildJailCatalogOverride":true,"pythonDontWriteBytecodeEnv":true}}
  VENUE-INTERPRETER C:\hostedtoolcache\windows\node\22.23.2\x64\node.exe
  VENUE-JAIL-ROOT D:\jail\m-inngestcli-mtsi2enx
  VENUE-OVERRIDES {"set":{"npm_config_cache":"D:\\jail\\m-inngestcli-mtsi2enx\\npm-cache","TMP":"D:\\jail\\m-inngestcli-mtsi2enx\\tmp","TEMP":"D:\\jail\\m-inngestcli-mtsi2enx\\tmp","TMPDIR":"D:\\jail\\m-inngestcli-mtsi2enx\\tmp"},"unset":["CI","GITHUB_ACTIONS"],"notRedirected":{"USERPROFILE":"C:\\Users\\runneradmin","why":"the jail leaves HOME/USERPROFILE alone — `build_jail.rs` sandbox_homes() reads the ambient value and `compiler/defaults.rs` BASELINE_ENV_EXACT passes it through — so there is no private jail home to reproduce and redirecting one would measure an environment no confined script sees"},"passedThrough":{"CI":"true","GITHUB_ACTIONS":"true","NODE_ENV":null}}
  STORE   isolated virtual store at D:\jail\m-inngestcli-mtsi2enx\verify-synth\.cache
  VENUE-STORE-LAYOUT isolated
OSV-SCREEN {"schemaVersion":1,"kind":"nub-synth-resolved","status":"clean","digest":"6a5e96d2a187c3666b67e69caea9dca5020af970ea7d3634e86aebab80c7e745","specCount":15,"lockfiles":{"digest":"e7c02b35844ad1620c7135b8d4d77e7d13ecdba72a48982e9177dbcf942e7720","files":[{"path":"nub.lock","sha256":"b78dd9f239635aca5dc8e9e02b75c3a42f8c1d256c191356435f618bcc15268e","bytes":4075}]},"maliciousAdvisories":[],"screenedAt":"2026-09-08T10:01:38.157Z","cacheHit":true,"clearancePath":"D:\\jail\\m-inngestcli-mtsi2enx\\security\\nub-synth-resolved.json"}
  SECURITY nub-synth-resolved clean: 15 exact package-version(s), tree 6a5e96d2a187 (cached exact-tree clearance)
  VERIFY[synth] rc=0 artifacts=7/7 missing=0 shortfall=none (tree 5855/137) OVERRIDDEN=2 REJECTED=0 grant={"write":{"deps":true},"network":true}
  => MINIMUM {"write":{"deps":true},"network":true}   (observed, then verified)
  STORE   isolated virtual store at D:\jail\m-inngestcli-mtsi2enx\verify-nar-no-network\.cache
OSV-SCREEN {"schemaVersion":1,"kind":"nub-nar-no-network-resolved","status":"clean","digest":"6a5e96d2a187c3666b67e69caea9dca5020af970ea7d3634e86aebab80c7e745","specCount":15,"lockfiles":{"digest":"e7c02b35844ad1620c7135b8d4d77e7d13ecdba72a48982e9177dbcf942e7720","files":[{"path":"nub.lock","sha256":"b78dd9f239635aca5dc8e9e02b75c3a42f8c1d256c191356435f618bcc15268e","bytes":4075}]},"maliciousAdvisories":[],"screenedAt":"2026-09-08T10:01:38.157Z","cacheHit":true,"clearancePath":"D:\\jail\\m-inngestcli-mtsi2enx\\security\\nub-nar-no-network-resolved.json"}
  SECURITY nub-nar-no-network-resolved clean: 15 exact package-version(s), tree 6a5e96d2a187 (cached exact-tree clearance)
  VERIFY[nar-no-network] rc=1 artifacts=5/7 missing=2 shortfall=41cdbda4486a (tree 5853/137) OVERRIDDEN=2 REJECTED=0 grant={"write":{"deps":true}}
     missing artifacts: bin/inngest.exe, bin/LICENSE.md
     'no-network' is NECESSARY — dropping it fails to verify
  STORE   isolated virtual store at D:\jail\m-inngestcli-mtsi2enx\verify-nar-no-write-deps\.cache
OSV-SCREEN {"schemaVersion":1,"kind":"nub-nar-no-write-deps-resolved","status":"clean","digest":"6a5e96d2a187c3666b67e69caea9dca5020af970ea7d3634e86aebab80c7e745","specCount":15,"lockfiles":{"digest":"e7c02b35844ad1620c7135b8d4d77e7d13ecdba72a48982e9177dbcf942e7720","files":[{"path":"nub.lock","sha256":"b78dd9f239635aca5dc8e9e02b75c3a42f8c1d256c191356435f618bcc15268e","bytes":4075}]},"maliciousAdvisories":[],"screenedAt":"2026-09-08T10:01:38.157Z","cacheHit":true,"clearancePath":"D:\\jail\\m-inngestcli-mtsi2enx\\security\\nub-nar-no-write-deps-resolved.json"}
  SECURITY nub-nar-no-write-deps-resolved clean: 15 exact package-version(s), tree 6a5e96d2a187 (cached exact-tree clearance)
  VERIFY[nar-no-write-deps] rc=0 artifacts=7/7 missing=0 shortfall=none (tree 5855/137) OVERRIDDEN=2 REJECTED=0 grant={"network":true}
     ⛔ OVER-PREDICTED — the strictly narrower {"network":true} also verifies; 'no-write-deps' was not needed
