### electron-chromedriver@17.0.0   (D:\jail\m-electronchromedriver-mts8ew46)
  CI-ENV scrubbed: CI GITHUB_ACTIONS
OSV-SCREEN {"schemaVersion":1,"kind":"direct","status":"clean","digest":"ddcf5a1cd9d120f763924f7d6db2559c33e63ee699e120faac5dbc9bb838e88d","specCount":1,"lockfiles":{"digest":null,"files":[]},"maliciousAdvisories":[],"screenedAt":"2026-09-08T05:31:22.758Z","cacheHit":false,"clearancePath":"D:\\jail\\m-electronchromedriver-mts8ew46\\security\\direct.json"}
  SECURITY direct clean: 1 exact package-version(s), tree ddcf5a1cd9d1
OSV-SCREEN {"schemaVersion":1,"kind":"npm-observe-resolved","status":"clean","digest":"d1535a27b99510b47facbaa52975fcd427a443bdf8b8cbae62a903969da3cb39","specCount":76,"lockfiles":{"digest":"84adc994a09c6dc9446c6715ae7d9786a0a8cfb0390dfe0d74c6f9286e5f566e","files":[{"path":"package-lock.json","sha256":"02a70901c95a533d2821bbaf5532a972e1e4ce0df63e6292d0c45bbe996bf10d","bytes":31040}]},"maliciousAdvisories":[],"screenedAt":"2026-09-08T05:31:26.867Z","cacheHit":false,"clearancePath":"D:\\jail\\m-electronchromedriver-mts8ew46\\security\\npm-observe-resolved.json"}
  SECURITY npm-observe-resolved clean: 76 exact package-version(s), tree d1535a27b995
  CAPTURE user=runnervmeef0v\runneradmin elevated=True rootPid=3884 exit=0 events=54761 lost=0
  VENUE-OBSERVE-USER runnervmeef0v\runneradmin elevated=true privDropped={"SeBackupPrivilege":"removed","SeRestorePrivilege":"removed","SeTakeOwnershipPrivilege":"removed"}
  OBSERVE artifacts: 12 files  (D:\jail\m-electronchromedriver-mts8ew46\observe\node_modules\electron-chromedriver)
  ARM-FALSIFIABILITY {"manifestFiles":12,"filesTheScriptProduced":6,"reasons":[]}
  CLOSURE 73 packages evicted per arm
  8.3 MAP 0 components resolved on runnervmeef0v, folded into capture.json
  == ROOTS (from capture.json — R2: no ambient reads) ==
    project       D:\jail\m-electronchromedriver-mts8ew46\observe   [keyed on]
    home          C:\Users\runneradmin   [keyed on]
    jailHome      (null — declared inapplicable)
    globalStore   C:\Users\runneradmin\AppData\Local\nub\pm\store
    projectStore  D:\jail\m-electronchromedriver-mts8ew46\observe\node_modules\.store
    interpreter   C:\hostedtoolcache\windows\node\22.23.2\x64\node.exe
    toolsDir      C:\Users\runneradmin\AppData\Local\nub\pm\tools
    temp          D:\jail\m-electronchromedriver-mts8ew46\tmp   [keyed on]
    npmPrefix     (null — declared inapplicable)
    ownPkg        D:\jail\m-electronchromedriver-mts8ew46\observe\node_modules\electron-chromedriver
  == ATTRIBUTION == lifecycle pids: 2 (root 3884)
    writes  script 20  /  whole traced tree 31
    peers   script 2  /  whole traced tree 2
  == WRITES ==
    jailTmp       5
    userHome      5
    deps         10
  == READS ==
    deps        150
    outside       6
    project       1
    systemfs     29
    jailTmp       5
    userHome      3
  == NETWORK ==
    distinct peers: 2
        140.82.114.3:443
        185.199.110.133:443
  == REFUSALS (adapter-classified) ==
    distinct: 0
  == SYNTHESIZED GRANT (verify this in the real unprivileged jail) ==
    {"write":{"deps":true,"userHome":true},"network":true}
    NOTE 5 writes into the DECLARED private temp -- the base profile grants
         that directory unconditionally (preset.rs `$tmp`=rw), so they widen nothing.
  RAW       etw-raw.xml.gz  70373377 B xml -> 1165401 B gz (60.4x)  sha256 c41451fa0db27684…
  HEADER    etw-header.json (5160 bytes)
  DERIVED   6107 distinct from 12316 kept ops (54761 xml events, 9994 out of subtree)
  PROCS     4   thread-reattributed 14
  ⛔ 2 operations with NO OperationEnd — kept, status marked unknown
  8.3       0 expanded, 0 kept short, 0 not covered  [map: recorded 8.3 map (0 components, resolved on runnervmeef0v)]
  wrote events.ndjson.gz (77731 bytes)
  RAWLOG-CAPTURE D:\jail\m-electronchromedriver-mts8ew46\cap\capture.json
  VENUE-NUB-BINARY {"path":"C:/Users/RUNNER~1/AppData/Local/Temp/nub/target/release/nub.exe","sha256":"f186817a44be332fee712b4936a071a0b5f9cde18a1d2fdc3a791729d4bf1005","bytes":68717056,"features":{"buildJailCatalogOverride":true,"pythonDontWriteBytecodeEnv":true}}
  VENUE-INTERPRETER C:\hostedtoolcache\windows\node\22.23.2\x64\node.exe
  VENUE-JAIL-ROOT D:\jail\m-electronchromedriver-mts8ew46
  VENUE-OVERRIDES {"set":{"npm_config_cache":"D:\\jail\\m-electronchromedriver-mts8ew46\\npm-cache","TMP":"D:\\jail\\m-electronchromedriver-mts8ew46\\tmp","TEMP":"D:\\jail\\m-electronchromedriver-mts8ew46\\tmp","TMPDIR":"D:\\jail\\m-electronchromedriver-mts8ew46\\tmp"},"unset":["CI","GITHUB_ACTIONS"],"notRedirected":{"USERPROFILE":"C:\\Users\\runneradmin","why":"the jail leaves HOME/USERPROFILE alone — `build_jail.rs` sandbox_homes() reads the ambient value and `compiler/defaults.rs` BASELINE_ENV_EXACT passes it through — so there is no private jail home to reproduce and redirecting one would measure an environment no confined script sees"},"passedThrough":{"CI":"true","GITHUB_ACTIONS":"true","NODE_ENV":null}}
  STORE   isolated virtual store at D:\jail\m-electronchromedriver-mts8ew46\verify-synth\.cache
  VENUE-STORE-LAYOUT isolated
OSV-SCREEN {"schemaVersion":1,"kind":"nub-synth-resolved","status":"clean","digest":"c70b6e85abb576834956fe0f21893b92c3ac6002605e7a3c8abb83b74b58b1a5","specCount":78,"lockfiles":{"digest":"b36ca7a77371787ab1650674f39d43581f73eda1db2d9d7821f66a2ce8dd3cc3","files":[{"path":"nub.lock","sha256":"bf919badb46d84f8f8b8d61ab797870ce0a153bc0e9c92ea65f4e635bf9f000d","bytes":18938}]},"maliciousAdvisories":[],"screenedAt":"2026-09-08T05:31:43.155Z","cacheHit":false,"clearancePath":"D:\\jail\\m-electronchromedriver-mts8ew46\\security\\nub-synth-resolved.json"}
  SECURITY nub-synth-resolved clean: 78 exact package-version(s), tree c70b6e85abb5
  VERIFY[synth] rc=0 artifacts=12/12 missing=0 shortfall=none (tree 7862/1940) OVERRIDDEN=2 REJECTED=0 grant={"write":{"deps":true,"userHome":true},"network":true}
  => MINIMUM {"write":{"deps":true,"userHome":true},"network":true}   (observed, then verified)
  STORE   isolated virtual store at D:\jail\m-electronchromedriver-mts8ew46\verify-nar-no-network\.cache
OSV-SCREEN {"schemaVersion":1,"kind":"nub-nar-no-network-resolved","status":"clean","digest":"c70b6e85abb576834956fe0f21893b92c3ac6002605e7a3c8abb83b74b58b1a5","specCount":78,"lockfiles":{"digest":"b36ca7a77371787ab1650674f39d43581f73eda1db2d9d7821f66a2ce8dd3cc3","files":[{"path":"nub.lock","sha256":"bf919badb46d84f8f8b8d61ab797870ce0a153bc0e9c92ea65f4e635bf9f000d","bytes":18938}]},"maliciousAdvisories":[],"screenedAt":"2026-09-08T05:31:43.155Z","cacheHit":true,"clearancePath":"D:\\jail\\m-electronchromedriver-mts8ew46\\security\\nub-nar-no-network-resolved.json"}
  SECURITY nub-nar-no-network-resolved clean: 78 exact package-version(s), tree c70b6e85abb5 (cached exact-tree clearance)
  VERIFY[nar-no-network] rc=1 artifacts=6/12 missing=6 shortfall=33cf23f5ec03 (tree 7856/1940) OVERRIDDEN=2 REJECTED=0 grant={"write":{"deps":true,"userHome":true}}
     missing artifacts: bin/chromedriver.exe, bin/ffmpeg.dll, bin/gen/electron/buildflags/buildflags.h, bin/icudtl.dat, bin/LICENSE, bin/LICENSES.chromium.html
     'no-network' is NECESSARY — dropping it fails to verify
  STORE   isolated virtual store at D:\jail\m-electronchromedriver-mts8ew46\verify-nar-no-write-deps\.cache
OSV-SCREEN {"schemaVersion":1,"kind":"nub-nar-no-write-deps-resolved","status":"clean","digest":"c70b6e85abb576834956fe0f21893b92c3ac6002605e7a3c8abb83b74b58b1a5","specCount":78,"lockfiles":{"digest":"b36ca7a77371787ab1650674f39d43581f73eda1db2d9d7821f66a2ce8dd3cc3","files":[{"path":"nub.lock","sha256":"bf919badb46d84f8f8b8d61ab797870ce0a153bc0e9c92ea65f4e635bf9f000d","bytes":18938}]},"maliciousAdvisories":[],"screenedAt":"2026-09-08T05:31:43.155Z","cacheHit":true,"clearancePath":"D:\\jail\\m-electronchromedriver-mts8ew46\\security\\nub-nar-no-write-deps-resolved.json"}
  SECURITY nub-nar-no-write-deps-resolved clean: 78 exact package-version(s), tree c70b6e85abb5 (cached exact-tree clearance)
  VERIFY[nar-no-write-deps] rc=0 artifacts=12/12 missing=0 shortfall=none (tree 7862/1940) OVERRIDDEN=2 REJECTED=0 grant={"write":{"userHome":true},"network":true}
     ⛔ OVER-PREDICTED — the strictly narrower {"write":{"userHome":true},"network":true} also verifies; 'no-write-deps' was not needed
  STORE   isolated virtual store at D:\jail\m-electronchromedriver-mts8ew46\verify-nar-no-write-userHome\.cache
OSV-SCREEN {"schemaVersion":1,"kind":"nub-nar-no-write-userHome-resolved","status":"clean","digest":"c70b6e85abb576834956fe0f21893b92c3ac6002605e7a3c8abb83b74b58b1a5","specCount":78,"lockfiles":{"digest":"b36ca7a77371787ab1650674f39d43581f73eda1db2d9d7821f66a2ce8dd3cc3","files":[{"path":"nub.lock","sha256":"bf919badb46d84f8f8b8d61ab797870ce0a153bc0e9c92ea65f4e635bf9f000d","bytes":18938}]},"maliciousAdvisories":[],"screenedAt":"2026-09-08T05:31:43.155Z","cacheHit":true,"clearancePath":"D:\\jail\\m-electronchromedriver-mts8ew46\\security\\nub-nar-no-write-userHome-resolved.json"}
  SECURITY nub-nar-no-write-userHome-resolved clean: 78 exact package-version(s), tree c70b6e85abb5 (cached exact-tree clearance)
  VERIFY[nar-no-write-userHome] rc=0 artifacts=12/12 missing=0 shortfall=none (tree 7862/1940) OVERRIDDEN=2 REJECTED=0 grant={"write":{"deps":true},"network":true}
     ⛔ OVER-PREDICTED — the strictly narrower {"write":{"deps":true},"network":true} also verifies; 'no-write-userHome' was not needed
  STORE   isolated virtual store at D:\jail\m-electronchromedriver-mts8ew46\verify-joint-narrow\.cache
OSV-SCREEN {"schemaVersion":1,"kind":"nub-joint-narrow-resolved","status":"clean","digest":"c70b6e85abb576834956fe0f21893b92c3ac6002605e7a3c8abb83b74b58b1a5","specCount":78,"lockfiles":{"digest":"b36ca7a77371787ab1650674f39d43581f73eda1db2d9d7821f66a2ce8dd3cc3","files":[{"path":"nub.lock","sha256":"bf919badb46d84f8f8b8d61ab797870ce0a153bc0e9c92ea65f4e635bf9f000d","bytes":18938}]},"maliciousAdvisories":[],"screenedAt":"2026-09-08T05:31:43.155Z","cacheHit":true,"clearancePath":"D:\\jail\\m-electronchromedriver-mts8ew46\\security\\nub-joint-narrow-resolved.json"}
  SECURITY nub-joint-narrow-resolved clean: 78 exact package-version(s), tree c70b6e85abb5 (cached exact-tree clearance)
  VERIFY[joint-narrow] rc=0 artifacts=12/12 missing=0 shortfall=none (tree 7862/1940) OVERRIDDEN=2 REJECTED=0 grant={"network":true}
  => JOINT-NARROW VERIFIED {"network":true} — all 2 capabilities drop TOGETHER, measured
