### contentful@9.3.7   (/home/runner/v2-8AjdtI)
  CI-ENV scrubbed: CI GITHUB_ACTIONS
OSV-SCREEN {"schemaVersion":1,"kind":"direct","status":"clean","digest":"de96ced442b8ede6b9d81a691d081e182f90ef19531d418ad8d8d339aa3fa75b","specCount":1,"lockfiles":{"digest":null,"files":[]},"maliciousAdvisories":[],"screenedAt":"2026-09-07T20:56:14.344Z","cacheHit":false,"clearancePath":"/home/runner/v2-8AjdtI/security/direct.json"}
  SECURITY direct clean: 1 exact package-version(s), tree de96ced442b8
  VENUE-OBSERVE-USER {"uid":1001,"user":"runner","umask":"0022","capBnd":"000001ffffffffff","noNewPrivs":"0"}
  VENUE-NUB-BINARY {"path":"/tmp/nub/target/release/nub","sha256":"2a18683f50f7afeb02a521cd3cae175dc2f91780d461c5f012065241f5a1447b","bytes":207643464,"features":{"buildJailCatalogOverride":true,"pythonDontWriteBytecodeEnv":true}}
OSV-SCREEN {"schemaVersion":1,"kind":"npm-observe-resolved","status":"clean","digest":"4a2335e7118b156086278ca52bd8139760de647d9b428b450159b5d2c2e15d0d","specCount":44,"lockfiles":{"digest":"88819d0d80edcb6a27566abadb4b9effd53efb1e68d34ee4085f5ff3ef4b9b10","files":[{"path":"package-lock.json","sha256":"d902ac77ef0c044291bcb75e2bb303675f3cb835c5530b46a3c90f621c10daeb","bytes":19859}]},"maliciousAdvisories":[],"screenedAt":"2026-09-07T20:56:16.090Z","cacheHit":false,"clearancePath":"/home/runner/v2-8AjdtI/security/npm-observe-resolved.json"}
  SECURITY npm-observe-resolved clean: 44 exact package-version(s), tree 4a2335e7118b
  OBSERVE   rc=0 files=723 trace=10803 lines
  CLOSURE   43 packages evicted per arm
  ARM-FALSIFIABILITY {"manifestFiles":26,"filesTheScriptProduced":0,"reasons":["gate-vacuous"]}
  ⛔ ARMS-UNFALSIFIABLE — a green arm for this package carries no evidence:
       gate-vacuous: the script changed no file the artifact gate keys on — every file in the manifest (26) was already present at its final size before the script ran, so the gate passes in every arm including a completely broken one
       The grant may still be correct; what is missing is a signal that could have gone
       red. Do not read this record's MINIMAL as a passing measurement.
  RAWLOG-FILE /home/runner/v2-8AjdtI/observe/trace.txt.gz
  RAWLOG-CAPTURE /home/runner/v2-8AjdtI/observe/capture.json
  RAWLOG-BYTES raw=2382071 gz=69332
  VENUE-INTERPRETER /opt/hostedtoolcache/node/22.23.2/x64
  VENUE-OVERRIDES {"set":{"HOME":"/home/runner/v2-8AjdtI/jailhome","TMPDIR":"/tmp/nub-tmp-obs0LgfAL","NODE_COMPAT":"1","PLAYWRIGHT_BROWSERS_PATH":"/home/runner/.cache/nub/pm/tools/ms-playwright","ELECTRON_CACHE":"/home/runner/.cache/nub/pm/tools/electron-cache","electron_config_cache":"/home/runner/.cache/nub/pm/tools/electron-cache","npm_config_prefix":"/home/runner/.cache/nub/pm/tools/npm-prefix","PYTHONDONTWRITEBYTECODE":"1","NUB_CACHE_DIR":"/home/runner/v2-8AjdtI/nubcache"},"unset":["CI","GITHUB_ACTIONS"],"passedThrough":{"CI":"true","GITHUB_ACTIONS":"true","NODE_ENV":null}}
  == ATTRIBUTION == attributed pids: 13
    writes  script 0  /  whole traced tree 1088
    sockets script 0  /  whole traced tree 6
  == ROOTS (from capture.json — R2: no ambient reads) ==
    project       /home/runner/v2-8AjdtI/observe
    home          /home/runner
    jailHome      /home/runner/v2-8AjdtI/jailhome
    globalStore   /home/runner/.cache/nub/pm/store   [declared, not keyed on]
    projectStore  /home/runner/v2-8AjdtI/observe/node_modules/.store   [declared, not keyed on]
    interpreter   /opt/hostedtoolcache/node/22.23.2/x64   [declared, not keyed on]
    toolsDir      /home/runner/.cache/nub/pm/tools   [declared, not keyed on]
    temp          /tmp/nub-tmp-obs0LgfAL
    npmPrefix     /home/runner/.cache/nub/pm/tools/npm-prefix
    ownPkg        /home/runner/v2-8AjdtI/observe/node_modules/contentful
  == WRITES the script actually performed ==
  == NETWORK ==
    AF_INET sockets: 0   distinct peers: 2
        127.0.0.53:53
        104.16.3.34:443
  == REFUSALS (only `= -1 EACCES/EPERM/EROFS`) ==
    distinct: 0
  == SYNTHESIZED GRANT (verify this in the real unprivileged jail) ==
    {}
  == writePaths (DERIVED — promotion out of the package's PRIVATE home) ==
    private-home writes observed: 0
    none declared — the script wrote nothing into its private home — there is nothing to promote
  == writePaths FEASIBILITY (distinct writes outside project/deps) ==
    count: 0
    EVENTS    4459 distinct from 10761 calls (10804 lines, 20 rejoined, 0 unparsed)
    PROCS     20   lifecycle shells 8
    ⛔ 3 paths with an UNRESOLVED dirfd — kept, marked, never guessed
    unsubscribed/unmapped syscalls: getsockname×23 setsockopt×23 exit×15 getsockopt×9 recvmsg×7 getcwd×4 socketpair×3 shutdown×3
    wrote /home/runner/v2-8AjdtI/observe/events.ndjson.gz (31658 bytes)
  EVENTLOG-FILE /home/runner/v2-8AjdtI/observe/events.ndjson.gz
  EVENTLOG-STATS {"lines":10804,"parsed":10761,"unparsed":0,"unfinished":20,"rejoined":20,"unresolvedDirfd":3,"truncatedArg":0,"procs":20,"lifecyclePids":8,"distinctEvents":4459,"unknownSyscall":{"getsockname":23,"getsockopt":9,"getcwd":4,"recvmsg":7,"exit":15,"setsockopt":23,"sendmmsg":1,"socketpair":3,"shutdown":3,"exit_group":3,"wait4":3},"out":"/home/runner/v2-8AjdtI/observe/events.ndjson.gz","gzipBytes":31658}
  EVICT     18 store entries removed, 0 spared as nub tooling
  SE-PURGE  0 side-effects-cache entries for contentful
OSV-SCREEN {"schemaVersion":1,"kind":"nub-synth-resolved","status":"clean","digest":"4a2335e7118b156086278ca52bd8139760de647d9b428b450159b5d2c2e15d0d","specCount":44,"lockfiles":{"digest":"7eb834b491b4a49bc803a254f1e1d7a8f6a99646fbe99caa1b8d63f284c03e0d","files":[{"path":"nub.lock","sha256":"a59d2ba8e24c34d4a5cc7287b606441df67cc09e2b0dadd82a93d5fce45f9fc2","bytes":11732}]},"maliciousAdvisories":[],"screenedAt":"2026-09-07T20:56:16.090Z","cacheHit":true,"clearancePath":"/home/runner/v2-8AjdtI/security/nub-synth-resolved.json"}
  SECURITY nub-synth-resolved clean: 44 exact package-version(s), tree 4a2335e7118b (cached exact-tree clearance)
  VENUE-STORE-LAYOUT isolated
  VERIFY[synth] rc=0 artifacts=26/26 missing=0 shortfall=none (tree 2616/723) OVERRIDDEN=3 REJECTED=0 grant={}
  => VERIFIED {}   (observed, then verified)
  DESCEND   grant is already empty — nothing to narrow; MINIMAL by construction.
