### saucectl@0.175.1   (D:\jail\m-saucectl-mtsfkgak)
  CI-ENV scrubbed: CI GITHUB_ACTIONS
OSV-SCREEN {"schemaVersion":1,"kind":"direct","status":"clean","digest":"a5bf4c7b2d50547aa0b42de3421ab4c832cb4c48f8f42ab94bf09f8903a269a5","specCount":1,"lockfiles":{"digest":null,"files":[]},"maliciousAdvisories":[],"screenedAt":"2026-09-08T08:51:39.542Z","cacheHit":false,"clearancePath":"D:\\jail\\m-saucectl-mtsfkgak\\security\\direct.json"}
  SECURITY direct clean: 1 exact package-version(s), tree a5bf4c7b2d50
OSV-SCREEN {"schemaVersion":1,"kind":"npm-observe-resolved","status":"clean","digest":"3185fe602798ed55b7a7f8187848c2e5173ab1ace006d76295e70acab46b9d5b","specCount":44,"lockfiles":{"digest":"b6a9374a2c70b91c783a8bada86f33ae16e77875eb2d5f79e5df491eb5f02d97","files":[{"path":"package-lock.json","sha256":"7330bc50270d497ea85e21ba78a83853870ca208491d73f2deaa08b593498030","bytes":19402}]},"maliciousAdvisories":[],"screenedAt":"2026-09-08T08:51:43.133Z","cacheHit":false,"clearancePath":"D:\\jail\\m-saucectl-mtsfkgak\\security\\npm-observe-resolved.json"}
  SECURITY npm-observe-resolved clean: 44 exact package-version(s), tree 3185fe602798
  CAPTURE user=runnervmeef0v\runneradmin elevated=True rootPid=4624 exit=0 events=28439 lost=0
  VENUE-OBSERVE-USER runnervmeef0v\runneradmin elevated=true privDropped={"SeBackupPrivilege":"removed","SeRestorePrivilege":"removed","SeTakeOwnershipPrivilege":"removed"}
  OBSERVE artifacts: 7 files  (D:\jail\m-saucectl-mtsfkgak\observe\node_modules\saucectl)
  ARM-FALSIFIABILITY {"manifestFiles":7,"filesTheScriptProduced":1,"reasons":[]}
  CLOSURE 42 packages evicted per arm
  8.3 MAP 0 components resolved on runnervmeef0v, folded into capture.json
  == ROOTS (from capture.json — R2: no ambient reads) ==
    project       D:\jail\m-saucectl-mtsfkgak\observe   [keyed on]
    home          C:\Users\runneradmin   [keyed on]
    jailHome      (null — declared inapplicable)
    globalStore   C:\Users\runneradmin\AppData\Local\nub\pm\store
    projectStore  D:\jail\m-saucectl-mtsfkgak\observe\node_modules\.store
    interpreter   C:\hostedtoolcache\windows\node\22.23.2\x64\node.exe
    toolsDir      C:\Users\runneradmin\AppData\Local\nub\pm\tools
    temp          D:\jail\m-saucectl-mtsfkgak\tmp   [keyed on]
    npmPrefix     (null — declared inapplicable)
    ownPkg        D:\jail\m-saucectl-mtsfkgak\observe\node_modules\saucectl
  == ATTRIBUTION == lifecycle pids: 3 (root 4624)
    writes  script 2  /  whole traced tree 13
    peers   script 2  /  whole traced tree 2
  == WRITES ==
    deps          2
  == READS ==
    deps        148
    outside       6
    project       1
    systemfs     34
  == NETWORK ==
    distinct peers: 2
        140.82.114.3:443
        185.199.108.133:443
  == REFUSALS (adapter-classified) ==
    distinct: 0
  == SYNTHESIZED GRANT (verify this in the real unprivileged jail) ==
    {"write":{"deps":true},"network":true}
  RAW       etw-raw.xml.gz  36410104 B xml -> 545859 B gz (66.7x)  sha256 ef38f6c0fafad6cd…
  HEADER    etw-header.json (5060 bytes)
  DERIVED   5993 distinct from 7698 kept ops (28439 xml events, 3338 out of subtree)
  PROCS     5   thread-reattributed 0
  ⛔ 3 operations with NO OperationEnd — kept, status marked unknown
  8.3       0 expanded, 0 kept short, 0 not covered  [map: recorded 8.3 map (0 components, resolved on runnervmeef0v)]
  wrote events.ndjson.gz (75588 bytes)
  RAWLOG-CAPTURE D:\jail\m-saucectl-mtsfkgak\cap\capture.json
  VENUE-NUB-BINARY {"path":"C:/Users/RUNNER~1/AppData/Local/Temp/nub/target/release/nub.exe","sha256":"f186817a44be332fee712b4936a071a0b5f9cde18a1d2fdc3a791729d4bf1005","bytes":68717056,"features":{"buildJailCatalogOverride":true,"pythonDontWriteBytecodeEnv":true}}
  VENUE-INTERPRETER C:\hostedtoolcache\windows\node\22.23.2\x64\node.exe
  VENUE-JAIL-ROOT D:\jail\m-saucectl-mtsfkgak
  VENUE-OVERRIDES {"set":{"npm_config_cache":"D:\\jail\\m-saucectl-mtsfkgak\\npm-cache","TMP":"D:\\jail\\m-saucectl-mtsfkgak\\tmp","TEMP":"D:\\jail\\m-saucectl-mtsfkgak\\tmp","TMPDIR":"D:\\jail\\m-saucectl-mtsfkgak\\tmp"},"unset":["CI","GITHUB_ACTIONS"],"notRedirected":{"USERPROFILE":"C:\\Users\\runneradmin","why":"the jail leaves HOME/USERPROFILE alone — `build_jail.rs` sandbox_homes() reads the ambient value and `compiler/defaults.rs` BASELINE_ENV_EXACT passes it through — so there is no private jail home to reproduce and redirecting one would measure an environment no confined script sees"},"passedThrough":{"CI":"true","GITHUB_ACTIONS":"true","NODE_ENV":null}}
  STORE   isolated virtual store at D:\jail\m-saucectl-mtsfkgak\verify-synth\.cache
  VENUE-STORE-LAYOUT isolated
OSV-SCREEN {"schemaVersion":1,"kind":"nub-synth-resolved","status":"clean","digest":"3185fe602798ed55b7a7f8187848c2e5173ab1ace006d76295e70acab46b9d5b","specCount":44,"lockfiles":{"digest":"196954a9b7bccfc8411d540a0ed9933c1ea2d3fd860cc54e33995b864c1b2859","files":[{"path":"nub.lock","sha256":"526706da02cd00806369348071738fd4eb65de5f80911f28364451498bca28af","bytes":12723}]},"maliciousAdvisories":[],"screenedAt":"2026-09-08T08:51:43.133Z","cacheHit":true,"clearancePath":"D:\\jail\\m-saucectl-mtsfkgak\\security\\nub-synth-resolved.json"}
  SECURITY nub-synth-resolved clean: 44 exact package-version(s), tree 3185fe602798 (cached exact-tree clearance)
  VERIFY[synth] rc=0 artifacts=7/7 missing=0 shortfall=none (tree 6479/633) OVERRIDDEN=2 REJECTED=0 grant={"write":{"deps":true},"network":true}
  => MINIMUM {"write":{"deps":true},"network":true}   (observed, then verified)
  STORE   isolated virtual store at D:\jail\m-saucectl-mtsfkgak\verify-nar-no-network\.cache
OSV-SCREEN {"schemaVersion":1,"kind":"nub-nar-no-network-resolved","status":"clean","digest":"3185fe602798ed55b7a7f8187848c2e5173ab1ace006d76295e70acab46b9d5b","specCount":44,"lockfiles":{"digest":"196954a9b7bccfc8411d540a0ed9933c1ea2d3fd860cc54e33995b864c1b2859","files":[{"path":"nub.lock","sha256":"526706da02cd00806369348071738fd4eb65de5f80911f28364451498bca28af","bytes":12723}]},"maliciousAdvisories":[],"screenedAt":"2026-09-08T08:51:43.133Z","cacheHit":true,"clearancePath":"D:\\jail\\m-saucectl-mtsfkgak\\security\\nub-nar-no-network-resolved.json"}
  SECURITY nub-nar-no-network-resolved clean: 44 exact package-version(s), tree 3185fe602798 (cached exact-tree clearance)
  VERIFY[nar-no-network] rc=1 artifacts=6/7 missing=1 shortfall=7b125f15df9d (tree 6479/633) OVERRIDDEN=2 REJECTED=0 grant={"write":{"deps":true}}
     missing artifacts: bin/saucectl.exe
     'no-network' is NECESSARY — dropping it fails to verify
  STORE   isolated virtual store at D:\jail\m-saucectl-mtsfkgak\verify-nar-no-write-deps\.cache
OSV-SCREEN {"schemaVersion":1,"kind":"nub-nar-no-write-deps-resolved","status":"clean","digest":"3185fe602798ed55b7a7f8187848c2e5173ab1ace006d76295e70acab46b9d5b","specCount":44,"lockfiles":{"digest":"196954a9b7bccfc8411d540a0ed9933c1ea2d3fd860cc54e33995b864c1b2859","files":[{"path":"nub.lock","sha256":"526706da02cd00806369348071738fd4eb65de5f80911f28364451498bca28af","bytes":12723}]},"maliciousAdvisories":[],"screenedAt":"2026-09-08T08:51:43.133Z","cacheHit":true,"clearancePath":"D:\\jail\\m-saucectl-mtsfkgak\\security\\nub-nar-no-write-deps-resolved.json"}
  SECURITY nub-nar-no-write-deps-resolved clean: 44 exact package-version(s), tree 3185fe602798 (cached exact-tree clearance)
  VERIFY[nar-no-write-deps] rc=0 artifacts=7/7 missing=0 shortfall=none (tree 6479/633) OVERRIDDEN=2 REJECTED=0 grant={"network":true}
     ⛔ OVER-PREDICTED — the strictly narrower {"network":true} also verifies; 'no-write-deps' was not needed
