### usb@2.15.0   (/home/runner/v2-F5AXmn)
  CI-ENV scrubbed: CI GITHUB_ACTIONS
OSV-SCREEN {"schemaVersion":1,"kind":"direct","status":"clean","digest":"1c466a84435dbbe5c7ceabbb286405ca1bf5431cae8ba2ec7730aa1a406bc402","specCount":1,"lockfiles":{"digest":null,"files":[]},"maliciousAdvisories":[],"screenedAt":"2026-09-08T11:15:15.114Z","cacheHit":false,"clearancePath":"/home/runner/v2-F5AXmn/security/direct.json"}
  SECURITY direct clean: 1 exact package-version(s), tree 1c466a84435d
  VENUE-OBSERVE-USER {"uid":1001,"user":"runner","umask":"0022","capBnd":"000001ffffffffff","noNewPrivs":"0"}
  VENUE-NUB-BINARY {"path":"/tmp/nub/target/release/nub","sha256":"2a18683f50f7afeb02a521cd3cae175dc2f91780d461c5f012065241f5a1447b","bytes":207643464,"features":{"buildJailCatalogOverride":true,"pythonDontWriteBytecodeEnv":true}}
OSV-SCREEN {"schemaVersion":1,"kind":"npm-observe-resolved","status":"clean","digest":"9654430836d187383323ecaf714a9fdf7c5f5093e87a55b5df43c806a36f0ca0","specCount":4,"lockfiles":{"digest":"dfab59f0e28e9d6efdb7dda959df12680373b39bf6666177f4f4c81a4e2c0d3c","files":[{"path":"package-lock.json","sha256":"b23a2b3a70d1ec0c4c6532b32e3f9a5c76b055d64421a877c5ec7b7de8f597e5","bytes":1877}]},"maliciousAdvisories":[],"screenedAt":"2026-09-08T11:15:16.195Z","cacheHit":false,"clearancePath":"/home/runner/v2-F5AXmn/security/npm-observe-resolved.json"}
  SECURITY npm-observe-resolved clean: 4 exact package-version(s), tree 9654430836d1
  OBSERVE   rc=0 files=238 trace=10956 lines
  CLOSURE   4 packages evicted per arm
  ARM-FALSIFIABILITY {"manifestFiles":202,"filesTheScriptProduced":0,"reasons":["gate-vacuous"]}
  ⛔ ARMS-UNFALSIFIABLE — a green arm for this package carries no evidence:
       gate-vacuous: the script changed no file the artifact gate keys on — every file in the manifest (202) was already present at its final size before the script ran, so the gate passes in every arm including a completely broken one
       The grant may still be correct; what is missing is a signal that could have gone
       red. Do not read this record's MINIMAL as a passing measurement.
  RAWLOG-FILE /home/runner/v2-F5AXmn/observe/trace.txt.gz
  RAWLOG-CAPTURE /home/runner/v2-F5AXmn/observe/capture.json
  RAWLOG-BYTES raw=2393474 gz=70587
  VENUE-INTERPRETER /opt/hostedtoolcache/node/22.23.2/x64
  VENUE-OVERRIDES {"set":{"HOME":"/home/runner/v2-F5AXmn/jailhome","TMPDIR":"/tmp/nub-tmp-obsqX9jfj","NODE_COMPAT":"1","PLAYWRIGHT_BROWSERS_PATH":"/home/runner/.cache/nub/pm/tools/ms-playwright","ELECTRON_CACHE":"/home/runner/.cache/nub/pm/tools/electron-cache","electron_config_cache":"/home/runner/.cache/nub/pm/tools/electron-cache","npm_config_prefix":"/home/runner/.cache/nub/pm/tools/npm-prefix","PYTHONDONTWRITEBYTECODE":"1","NUB_CACHE_DIR":"/home/runner/v2-F5AXmn/nubcache"},"unset":["CI","GITHUB_ACTIONS"],"passedThrough":{"CI":"true","GITHUB_ACTIONS":"true","NODE_ENV":null}}
  == ATTRIBUTION == attributed pids: 23
    writes  script 0  /  whole traced tree 1088
    sockets script 0  /  whole traced tree 6
  == ROOTS (from capture.json — R2: no ambient reads) ==
    project       /home/runner/v2-F5AXmn/observe
    home          /home/runner
    jailHome      /home/runner/v2-F5AXmn/jailhome
    globalStore   /home/runner/.cache/nub/pm/store   [declared, not keyed on]
    projectStore  /home/runner/v2-F5AXmn/observe/node_modules/.store   [declared, not keyed on]
    interpreter   /opt/hostedtoolcache/node/22.23.2/x64   [declared, not keyed on]
    toolsDir      /home/runner/.cache/nub/pm/tools   [declared, not keyed on]
    temp          /tmp/nub-tmp-obsqX9jfj
    npmPrefix     /home/runner/.cache/nub/pm/tools/npm-prefix
    ownPkg        /home/runner/v2-F5AXmn/observe/node_modules/usb
  == WRITES the script actually performed ==
  == NETWORK ==
    AF_INET sockets: 0   distinct peers: 2
        127.0.0.53:53
        104.16.7.34:443
  == REFUSALS (only `= -1 EACCES/EPERM/EROFS`) ==
    distinct: 0
  == SYNTHESIZED GRANT (verify this in the real unprivileged jail) ==
    {}
  == writePaths (DERIVED — promotion out of the package's PRIVATE home) ==
    private-home writes observed: 0
    none declared — the script wrote nothing into its private home — there is nothing to promote
  == writePaths FEASIBILITY (distinct writes outside project/deps) ==
    count: 0
    EVENTS    4514 distinct from 10894 calls (10957 lines, 28 rejoined, 0 unparsed)
    PROCS     30   lifecycle shells 18
    ⛔ 3 paths with an UNRESOLVED dirfd — kept, marked, never guessed
    unsubscribed/unmapped syscalls: setsockopt×39 getsockname×27 exit×22 getsockopt×14 recvmsg×7 socketpair×6 wait4×6 shutdown×5
    wrote /home/runner/v2-F5AXmn/observe/events.ndjson.gz (31978 bytes)
  EVENTLOG-FILE /home/runner/v2-F5AXmn/observe/events.ndjson.gz
  EVENTLOG-STATS {"lines":10957,"parsed":10894,"unparsed":0,"unfinished":28,"rejoined":28,"unresolvedDirfd":3,"truncatedArg":0,"procs":30,"lifecyclePids":18,"distinctEvents":4514,"unknownSyscall":{"getsockname":27,"getsockopt":14,"getcwd":4,"recvmsg":7,"exit":22,"setsockopt":39,"sendmmsg":1,"socketpair":6,"shutdown":5,"exit_group":5,"wait4":6},"out":"/home/runner/v2-F5AXmn/observe/events.ndjson.gz","gzipBytes":31978}
  EVICT     1 store entries removed, 0 spared as nub tooling
  SE-PURGE  0 side-effects-cache entries for usb
OSV-SCREEN {"schemaVersion":1,"kind":"nub-synth-resolved","status":"clean","digest":"9654430836d187383323ecaf714a9fdf7c5f5093e87a55b5df43c806a36f0ca0","specCount":4,"lockfiles":{"digest":"8136f741e9fe83eee26755d2e1162e8b71868e36ac5cff2bbde15151373bac63","files":[{"path":"nub.lock","sha256":"e79152833c41b68415f7d940c8a7ad1a554e93bceb616034b3f66c5643a647a1","bytes":1135}]},"maliciousAdvisories":[],"screenedAt":"2026-09-08T11:15:16.195Z","cacheHit":true,"clearancePath":"/home/runner/v2-F5AXmn/security/nub-synth-resolved.json"}
  SECURITY nub-synth-resolved clean: 4 exact package-version(s), tree 9654430836d1 (cached exact-tree clearance)
  VENUE-STORE-LAYOUT isolated
  VERIFY[synth] rc=0 artifacts=202/202 missing=0 shortfall=none (tree 716/238) OVERRIDDEN=2 REJECTED=0 grant={}
  => VERIFIED {}   (observed, then verified)
  DESCEND   grant is already empty — nothing to narrow; MINIMAL by construction.
