### @sitespeed.io/chromedriver@143.0.7499   (/home/runner/v2-IElLV7)
  CI-ENV scrubbed: CI GITHUB_ACTIONS
OSV-SCREEN {"schemaVersion":1,"kind":"direct","status":"clean","digest":"c91fe6bb06a7640966ae23f7fef7fc2f321f314a8cb4aa4535ba86fe925ae371","specCount":1,"lockfiles":{"digest":null,"files":[]},"maliciousAdvisories":[],"screenedAt":"2026-09-08T02:43:32.664Z","cacheHit":false,"clearancePath":"/home/runner/v2-IElLV7/security/direct.json"}
  SECURITY direct clean: 1 exact package-version(s), tree c91fe6bb06a7
  VENUE-OBSERVE-USER {"uid":1001,"user":"runner","umask":"0022","capBnd":"000001ffffffffff","noNewPrivs":"0"}
  VENUE-NUB-BINARY {"path":"/tmp/nub/target/release/nub","sha256":"2a18683f50f7afeb02a521cd3cae175dc2f91780d461c5f012065241f5a1447b","bytes":207643464,"features":{"buildJailCatalogOverride":true,"pythonDontWriteBytecodeEnv":true}}
OSV-SCREEN {"schemaVersion":1,"kind":"npm-observe-resolved","status":"clean","digest":"e0608f373d910b6f92129bedc150ab41c81fcfa359e14a6b09392a46a6679e50","specCount":3,"lockfiles":{"digest":"1ba5053db4ff04b0aee1cb5362be30f29fb8e2add15538c28e99df89b1213abc","files":[{"path":"package-lock.json","sha256":"048ce98373938e3b41b61631f2320eb774d27444418dc92391719ad90402f6b8","bytes":1623}]},"maliciousAdvisories":[],"screenedAt":"2026-09-08T02:43:33.761Z","cacheHit":false,"clearancePath":"/home/runner/v2-IElLV7/security/npm-observe-resolved.json"}
  SECURITY npm-observe-resolved clean: 3 exact package-version(s), tree e0608f373d91
  OBSERVE   rc=0 files=22 trace=10858 lines
  CLOSURE   3 packages evicted per arm
  ARM-FALSIFIABILITY {"manifestFiles":6,"filesTheScriptProduced":1,"reasons":[]}
  RAWLOG-FILE /home/runner/v2-IElLV7/observe/trace.txt.gz
  RAWLOG-CAPTURE /home/runner/v2-IElLV7/observe/capture.json
  RAWLOG-BYTES raw=2387264 gz=70477
  VENUE-INTERPRETER /opt/hostedtoolcache/node/22.23.2/x64
  VENUE-OVERRIDES {"set":{"HOME":"/home/runner/v2-IElLV7/jailhome","TMPDIR":"/tmp/nub-tmp-obsPyKsE2","NODE_COMPAT":"1","PLAYWRIGHT_BROWSERS_PATH":"/home/runner/.cache/nub/pm/tools/ms-playwright","ELECTRON_CACHE":"/home/runner/.cache/nub/pm/tools/electron-cache","electron_config_cache":"/home/runner/.cache/nub/pm/tools/electron-cache","npm_config_prefix":"/home/runner/.cache/nub/pm/tools/npm-prefix","PYTHONDONTWRITEBYTECODE":"1","NUB_CACHE_DIR":"/home/runner/v2-IElLV7/nubcache"},"unset":["CI","GITHUB_ACTIONS"],"passedThrough":{"CI":"true","GITHUB_ACTIONS":"true","NODE_ENV":null}}
  == ATTRIBUTION == attributed pids: 18
    writes  script 3  /  whole traced tree 1091
    sockets script 4  /  whole traced tree 8
  == ROOTS (from capture.json — R2: no ambient reads) ==
    project       /home/runner/v2-IElLV7/observe
    home          /home/runner
    jailHome      /home/runner/v2-IElLV7/jailhome
    globalStore   /home/runner/.cache/nub/pm/store   [declared, not keyed on]
    projectStore  /home/runner/v2-IElLV7/observe/node_modules/.store   [declared, not keyed on]
    interpreter   /opt/hostedtoolcache/node/22.23.2/x64   [declared, not keyed on]
    toolsDir      /home/runner/.cache/nub/pm/tools   [declared, not keyed on]
    temp          /tmp/nub-tmp-obsPyKsE2
    npmPrefix     /home/runner/.cache/nub/pm/tools/npm-prefix
    ownPkg        /home/runner/v2-IElLV7/observe/node_modules/@sitespeed.io/chromedriver
  == WRITES the script actually performed ==
    ownPkg        3  (base profile already grants this — NOT billed)
        /home/runner/v2-IElLV7/observe/node_modules/@sitespeed.io/chromedriver/vendor
        /home/runner/v2-IElLV7/observe/node_modules/@sitespeed.io/chromedriver/vendor/chromedriver.zip
        /home/runner/v2-IElLV7/observe/node_modules/@sitespeed.io/chromedriver/vendor/chromedriver
  == NETWORK ==
    AF_INET sockets: 4   distinct peers: 3
        127.0.0.53:53
        104.16.7.34:443
        142.251.219.187:443
  == REFUSALS (only `= -1 EACCES/EPERM/EROFS`) ==
    distinct: 0
  == SYNTHESIZED GRANT (verify this in the real unprivileged jail) ==
    {"network":true}
  == writePaths (DERIVED — promotion out of the package's PRIVATE home) ==
    private-home writes observed: 0
    none declared — the script wrote nothing into its private home — there is nothing to promote
  == writePaths FEASIBILITY (distinct writes outside project/deps) ==
    count: 0
    EVENTS    4428 distinct from 10816 calls (10859 lines, 15 rejoined, 0 unparsed)
    PROCS     25   lifecycle shells 13
    ⛔ 3 paths with an UNRESOLVED dirfd — kept, marked, never guessed
    unsubscribed/unmapped syscalls: getsockname×36 setsockopt×24 exit×20 getsockopt×12 recvmsg×9 getcwd×4 shutdown×4 socketpair×3
    wrote /home/runner/v2-IElLV7/observe/events.ndjson.gz (31394 bytes)
  EVENTLOG-FILE /home/runner/v2-IElLV7/observe/events.ndjson.gz
  EVENTLOG-STATS {"lines":10859,"parsed":10816,"unparsed":0,"unfinished":15,"rejoined":15,"unresolvedDirfd":3,"truncatedArg":0,"procs":25,"lifecyclePids":13,"distinctEvents":4428,"unknownSyscall":{"getsockname":36,"getsockopt":12,"getcwd":4,"recvmsg":9,"exit":20,"setsockopt":24,"sendmmsg":2,"socketpair":3,"shutdown":4,"exit_group":3,"wait4":3},"out":"/home/runner/v2-IElLV7/observe/events.ndjson.gz","gzipBytes":31394}
  EVICT     0 store entries removed, 0 spared as nub tooling
  SE-PURGE  0 side-effects-cache entries for @sitespeed.io/chromedriver
OSV-SCREEN {"schemaVersion":1,"kind":"nub-synth-resolved","status":"clean","digest":"e0608f373d910b6f92129bedc150ab41c81fcfa359e14a6b09392a46a6679e50","specCount":3,"lockfiles":{"digest":"55f3e0e6fd990947f6ea8f9c131b9cd2bbd8b268ea7ab9ab9a3106003d1fcbf7","files":[{"path":"nub.lock","sha256":"f0a918e380990efaa7c2ca2c0fa2aef390758ee3ec34fb10c96d15f2cb7d40ab","bytes":999}]},"maliciousAdvisories":[],"screenedAt":"2026-09-08T02:43:33.761Z","cacheHit":true,"clearancePath":"/home/runner/v2-IElLV7/security/nub-synth-resolved.json"}
  SECURITY nub-synth-resolved clean: 3 exact package-version(s), tree e0608f373d91 (cached exact-tree clearance)
  VENUE-STORE-LAYOUT isolated
  VERIFY[synth] rc=0 artifacts=6/6 missing=0 shortfall=none (tree 64/22) OVERRIDDEN=2 REJECTED=0 grant={"network":true}
  => VERIFIED {"network":true}   (observed, then verified)
  EVICT     3 store entries removed, 0 spared as nub tooling
  SE-PURGE  0 side-effects-cache entries for @sitespeed.io/chromedriver
OSV-SCREEN {"schemaVersion":1,"kind":"nub-drop-no-network-resolved","status":"clean","digest":"e0608f373d910b6f92129bedc150ab41c81fcfa359e14a6b09392a46a6679e50","specCount":3,"lockfiles":{"digest":"55f3e0e6fd990947f6ea8f9c131b9cd2bbd8b268ea7ab9ab9a3106003d1fcbf7","files":[{"path":"nub.lock","sha256":"f0a918e380990efaa7c2ca2c0fa2aef390758ee3ec34fb10c96d15f2cb7d40ab","bytes":999}]},"maliciousAdvisories":[],"screenedAt":"2026-09-08T02:43:33.761Z","cacheHit":true,"clearancePath":"/home/runner/v2-IElLV7/security/nub-drop-no-network-resolved.json"}
  SECURITY nub-drop-no-network-resolved clean: 3 exact package-version(s), tree e0608f373d91 (cached exact-tree clearance)
  VERIFY[drop-no-network] rc=1 artifacts=5/6 missing=1 shortfall=669a7de28d48 (tree 62/22) OVERRIDDEN=2 REJECTED=0 grant={}
       missing: vendor/chromedriver
     'no-network' is NECESSARY — dropping it fails to verify
  => MINIMAL — every capability in {"network":true} is independently necessary
