### git-commit-msg-linter@3.3.3   (/home/runner/v2-cHtQMu)
  CI-ENV scrubbed: CI GITHUB_ACTIONS
OSV-SCREEN {"schemaVersion":1,"kind":"direct","status":"clean","digest":"b3d0f5b88c240a2ccd7cd8fe82bf029e6a65f003e669d66a571065d5fb940b27","specCount":1,"lockfiles":{"digest":null,"files":[]},"maliciousAdvisories":[],"screenedAt":"2026-09-07T22:04:12.055Z","cacheHit":false,"clearancePath":"/home/runner/v2-cHtQMu/security/direct.json"}
  SECURITY direct clean: 1 exact package-version(s), tree b3d0f5b88c24
  VENUE-OBSERVE-USER {"uid":1001,"user":"runner","umask":"0022","capBnd":"000001ffffffffff","noNewPrivs":"0"}
  VENUE-NUB-BINARY {"path":"/tmp/nub/target/release/nub","sha256":"2a18683f50f7afeb02a521cd3cae175dc2f91780d461c5f012065241f5a1447b","bytes":207643464,"features":{"buildJailCatalogOverride":true,"pythonDontWriteBytecodeEnv":true}}
OSV-SCREEN {"schemaVersion":1,"kind":"npm-observe-resolved","status":"clean","digest":"97771ed5cb802ea17a401fecd32ffee8d3d148ff51419ff5258afada9f430066","specCount":13,"lockfiles":{"digest":"34e3762ec8d71274b4b6a9d40e6c82df767470687c1858d813d1e48d43b01602","files":[{"path":"package-lock.json","sha256":"0c6b1454bbf4e7539109d41fb109a38cd503253ce17b6d24577f1abe415a3cfd","bytes":5329}]},"maliciousAdvisories":[],"screenedAt":"2026-09-07T22:04:13.487Z","cacheHit":false,"clearancePath":"/home/runner/v2-cHtQMu/security/npm-observe-resolved.json"}
  SECURITY npm-observe-resolved clean: 13 exact package-version(s), tree 97771ed5cb80
  OBSERVE   rc=0 files=586 trace=11145 lines
  CLOSURE   11 packages evicted per arm
  ARM-FALSIFIABILITY {"manifestFiles":9,"filesTheScriptProduced":0,"reasons":["gate-vacuous"]}
  ⛔ ARMS-UNFALSIFIABLE — a green arm for this package carries no evidence:
       gate-vacuous: the script changed no file the artifact gate keys on — every file in the manifest (9) was already present at its final size before the script ran, so the gate passes in every arm including a completely broken one
       The grant may still be correct; what is missing is a signal that could have gone
       red. Do not read this record's MINIMAL as a passing measurement.
  RAWLOG-FILE /home/runner/v2-cHtQMu/observe/trace.txt.gz
  RAWLOG-CAPTURE /home/runner/v2-cHtQMu/observe/capture.json
  RAWLOG-BYTES raw=2437342 gz=72672
  VENUE-INTERPRETER /opt/hostedtoolcache/node/22.23.2/x64
  VENUE-OVERRIDES {"set":{"HOME":"/home/runner/v2-cHtQMu/jailhome","TMPDIR":"/tmp/nub-tmp-obs20Vdtw","NODE_COMPAT":"1","PLAYWRIGHT_BROWSERS_PATH":"/home/runner/.cache/nub/pm/tools/ms-playwright","ELECTRON_CACHE":"/home/runner/.cache/nub/pm/tools/electron-cache","electron_config_cache":"/home/runner/.cache/nub/pm/tools/electron-cache","npm_config_prefix":"/home/runner/.cache/nub/pm/tools/npm-prefix","PYTHONDONTWRITEBYTECODE":"1","NUB_CACHE_DIR":"/home/runner/v2-cHtQMu/nubcache"},"unset":["CI","GITHUB_ACTIONS"],"passedThrough":{"CI":"true","GITHUB_ACTIONS":"true","NODE_ENV":null}}
  == ATTRIBUTION == attributed pids: 21
    writes  script 0  /  whole traced tree 1088
    sockets script 0  /  whole traced tree 6
  == ROOTS (from capture.json — R2: no ambient reads) ==
    project       /home/runner/v2-cHtQMu/observe
    home          /home/runner
    jailHome      /home/runner/v2-cHtQMu/jailhome
    globalStore   /home/runner/.cache/nub/pm/store   [declared, not keyed on]
    projectStore  /home/runner/v2-cHtQMu/observe/node_modules/.store   [declared, not keyed on]
    interpreter   /opt/hostedtoolcache/node/22.23.2/x64   [declared, not keyed on]
    toolsDir      /home/runner/.cache/nub/pm/tools   [declared, not keyed on]
    temp          /tmp/nub-tmp-obs20Vdtw
    npmPrefix     /home/runner/.cache/nub/pm/tools/npm-prefix
    ownPkg        /home/runner/v2-cHtQMu/observe/node_modules/git-commit-msg-linter
  == WRITES the script actually performed ==
  == NETWORK ==
    AF_INET sockets: 0   distinct peers: 2
        127.0.0.53:53
        104.16.2.34:443
  == REFUSALS (only `= -1 EACCES/EPERM/EROFS`) ==
    distinct: 0
  == SYNTHESIZED GRANT (verify this in the real unprivileged jail) ==
    {}
  == writePaths (DERIVED — promotion out of the package's PRIVATE home) ==
    private-home writes observed: 0
    none declared — the script wrote nothing into its private home — there is nothing to promote
  == writePaths FEASIBILITY (distinct writes outside project/deps) ==
    count: 0
    EVENTS    4638 distinct from 11086 calls (11146 lines, 27 rejoined, 0 unparsed)
    PROCS     28   lifecycle shells 16
    ⛔ 3 paths with an UNRESOLVED dirfd — kept, marked, never guessed
    unsubscribed/unmapped syscalls: setsockopt×35 getsockname×32 exit×20 getsockopt×18 recvmsg×7 getcwd×6 socketpair×6 shutdown×6
    wrote /home/runner/v2-cHtQMu/observe/events.ndjson.gz (32424 bytes)
  EVENTLOG-FILE /home/runner/v2-cHtQMu/observe/events.ndjson.gz
  EVENTLOG-STATS {"lines":11146,"parsed":11086,"unparsed":0,"unfinished":27,"rejoined":27,"unresolvedDirfd":3,"truncatedArg":0,"procs":28,"lifecyclePids":16,"distinctEvents":4638,"unknownSyscall":{"getsockname":32,"getsockopt":18,"getcwd":6,"recvmsg":7,"exit":20,"setsockopt":35,"sendmmsg":1,"socketpair":6,"shutdown":6,"exit_group":5,"wait4":6},"out":"/home/runner/v2-cHtQMu/observe/events.ndjson.gz","gzipBytes":32424}
  EVICT     8 store entries removed, 0 spared as nub tooling
  SE-PURGE  0 side-effects-cache entries for git-commit-msg-linter
OSV-SCREEN {"schemaVersion":1,"kind":"nub-synth-resolved","status":"clean","digest":"97771ed5cb802ea17a401fecd32ffee8d3d148ff51419ff5258afada9f430066","specCount":13,"lockfiles":{"digest":"96af1ff7f5228e8364e9126e66b8e5b180cbc2a902ba9fc5625da7be34cd2726","files":[{"path":"nub.lock","sha256":"7c7c6746575d7925f80f97bd07e9018168fd5e2d31acdf7879a34591bc65633c","bytes":3131}]},"maliciousAdvisories":[],"screenedAt":"2026-09-07T22:04:13.487Z","cacheHit":true,"clearancePath":"/home/runner/v2-cHtQMu/security/nub-synth-resolved.json"}
  SECURITY nub-synth-resolved clean: 13 exact package-version(s), tree 97771ed5cb80 (cached exact-tree clearance)
  VENUE-STORE-LAYOUT isolated
  VERIFY[synth] rc=0 artifacts=9/9 missing=0 shortfall=none (tree 1744/586) OVERRIDDEN=2 REJECTED=0 grant={}
  => VERIFIED {}   (observed, then verified)
  DESCEND   grant is already empty — nothing to narrow; MINIMAL by construction.
