### @pulumi/command@0.10.0   (/home/runner/v2-4z7NzG)
  CI-ENV scrubbed: CI GITHUB_ACTIONS
OSV-SCREEN {"schemaVersion":1,"kind":"direct","status":"clean","digest":"8374a0942a6c77eb7ee8feee50a112964a030c7568e9eceff3908f4bd2ab24de","specCount":1,"lockfiles":{"digest":null,"files":[]},"maliciousAdvisories":[],"screenedAt":"2026-09-08T07:53:25.674Z","cacheHit":false,"clearancePath":"/home/runner/v2-4z7NzG/security/direct.json"}
  SECURITY direct clean: 1 exact package-version(s), tree 8374a0942a6c
  VENUE-OBSERVE-USER {"uid":1001,"user":"runner","umask":"0022","capBnd":"000001ffffffffff","noNewPrivs":"0"}
  VENUE-NUB-BINARY {"path":"/tmp/nub/target/release/nub","sha256":"2a18683f50f7afeb02a521cd3cae175dc2f91780d461c5f012065241f5a1447b","bytes":207643464,"features":{"buildJailCatalogOverride":true,"pythonDontWriteBytecodeEnv":true}}
OSV-SCREEN {"schemaVersion":1,"kind":"npm-observe-resolved","status":"clean","digest":"cfaf9ab066cc6de2d4f1448ddd90973344cf7eb1f82975ffcb9829b41b822a0e","specCount":209,"lockfiles":{"digest":"93fd194acbb488f23ffc11ecc0ecc92f0920e9acc2211b5a5eb2c4ad10d7e52c","files":[{"path":"package-lock.json","sha256":"4e0bc9513b116e7c7ecd1874c6728d91bf069c4f9efb8c6ddbb650b18bfc61eb","bytes":102431}]},"maliciousAdvisories":[],"screenedAt":"2026-09-08T07:53:33.901Z","cacheHit":false,"clearancePath":"/home/runner/v2-4z7NzG/security/npm-observe-resolved.json"}
  SECURITY npm-observe-resolved clean: 209 exact package-version(s), tree cfaf9ab066cc
  OBSERVE   rc=0 files=11691 trace=12887 lines
  CLOSURE   197 packages evicted per arm
  ARM-FALSIFIABILITY {"manifestFiles":42,"filesTheScriptProduced":0,"reasons":["gate-vacuous"]}
  ⛔ ARMS-UNFALSIFIABLE — a green arm for this package carries no evidence:
       gate-vacuous: the script changed no file the artifact gate keys on — every file in the manifest (42) was already present at its final size before the script ran, so the gate passes in every arm including a completely broken one
       The grant may still be correct; what is missing is a signal that could have gone
       red. Do not read this record's MINIMAL as a passing measurement.
  RAWLOG-FILE /home/runner/v2-4z7NzG/observe/trace.txt.gz
  RAWLOG-CAPTURE /home/runner/v2-4z7NzG/observe/capture.json
  RAWLOG-BYTES raw=2608098 gz=82944
  VENUE-INTERPRETER /opt/hostedtoolcache/node/22.23.2/x64
  VENUE-OVERRIDES {"set":{"HOME":"/home/runner/v2-4z7NzG/jailhome","TMPDIR":"/tmp/nub-tmp-obsx9Q8CN","NODE_COMPAT":"1","PLAYWRIGHT_BROWSERS_PATH":"/home/runner/.cache/nub/pm/tools/ms-playwright","ELECTRON_CACHE":"/home/runner/.cache/nub/pm/tools/electron-cache","electron_config_cache":"/home/runner/.cache/nub/pm/tools/electron-cache","npm_config_prefix":"/home/runner/.cache/nub/pm/tools/npm-prefix","PYTHONDONTWRITEBYTECODE":"1","NUB_CACHE_DIR":"/home/runner/v2-4z7NzG/nubcache"},"unset":["CI","GITHUB_ACTIONS"],"passedThrough":{"CI":"true","GITHUB_ACTIONS":"true","NODE_ENV":null}}
  == ATTRIBUTION == attributed pids: 22
    writes  script 12  /  whole traced tree 1100
    sockets script 22  /  whole traced tree 26
  == ROOTS (from capture.json — R2: no ambient reads) ==
    project       /home/runner/v2-4z7NzG/observe
    home          /home/runner
    jailHome      /home/runner/v2-4z7NzG/jailhome
    globalStore   /home/runner/.cache/nub/pm/store   [declared, not keyed on]
    projectStore  /home/runner/v2-4z7NzG/observe/node_modules/.store   [declared, not keyed on]
    interpreter   /opt/hostedtoolcache/node/22.23.2/x64   [declared, not keyed on]
    toolsDir      /home/runner/.cache/nub/pm/tools   [declared, not keyed on]
    temp          /tmp/nub-tmp-obsx9Q8CN
    npmPrefix     /home/runner/.cache/nub/pm/tools/npm-prefix
    ownPkg        /home/runner/v2-4z7NzG/observe/node_modules/@pulumi/command
  == WRITES the script actually performed ==
    userHome     11
    jailTmp       1  (base profile already grants this — NOT billed)
        /tmp/nub-tmp-obsx9Q8CN/pulumi-plugin-tar3071490165
  == NETWORK ==
    AF_INET sockets: 22   distinct peers: 3
        127.0.0.53:53
        104.16.5.34:443
        140.82.112.3:443
  == REFUSALS (only `= -1 EACCES/EPERM/EROFS`) ==
    distinct: 0
  == SYNTHESIZED GRANT (verify this in the real unprivileged jail) ==
    {"write":{"userHome":true},"network":true}
  == writePaths (DERIVED — promotion out of the package's PRIVATE home) ==
    private-home writes observed: 0
    none declared — the script wrote nothing into its private home — there is nothing to promote
    11 write(s) landed in the REAL home by absolute path, so promotion cannot reach them — nub moves OUT of the private home, and nothing of theirs is in it. Only `write:{userHome}` covers these; emitting `writePaths` instead would be an UNDER-GRANT.
  == writePaths FEASIBILITY (distinct writes outside project/deps) ==
    count: 11
        .pulumi
        .pulumi/logs
        .pulumi/logs/pulumi-20260908T075339-17796-plugin_install.log
        .pulumi/plugins
        .pulumi/plugins/resource-command-v0.10.0.lock
        .pulumi/plugins/resource-command-v0.10.0.partial
        .pulumi/plugins/resource-command-v0.10.0
        .pulumi/plugins/resource-command-v0.10.0/LICENSE
        .pulumi/plugins/resource-command-v0.10.0/README.md
        .pulumi/plugins/resource-command-v0.10.0/pulumi-resource-command
        .pulumi/.cachedVersionInfo
    EVENTS    5442 distinct from 12249 calls (12888 lines, 338 rejoined, 0 unparsed)
    PROCS     29   lifecycle shells 17
    ⛔ 3 paths with an UNRESOLVED dirfd — kept, marked, never guessed
    unsubscribed/unmapped syscalls: tgkill×268 setsockopt×55 getsockname×38 getpeername×17 exit×15 getsockopt×14 recvmsg×7 getcwd×4
    wrote /home/runner/v2-4z7NzG/observe/events.ndjson.gz (38684 bytes)
  EVENTLOG-FILE /home/runner/v2-4z7NzG/observe/events.ndjson.gz
  EVENTLOG-STATS {"lines":12888,"parsed":12249,"unparsed":0,"unfinished":338,"rejoined":338,"unresolvedDirfd":3,"truncatedArg":0,"procs":29,"lifecyclePids":17,"distinctEvents":5442,"unknownSyscall":{"getsockname":38,"getsockopt":14,"getcwd":4,"recvmsg":7,"exit":15,"setsockopt":55,"sendmmsg":1,"socketpair":3,"shutdown":3,"tgkill":268,"listen":1,"accept4":1,"getpeername":17,"exit_group":4,"wait4":4},"out":"/home/runner/v2-4z7NzG/observe/events.ndjson.gz","gzipBytes":38684}
  EVICT     25 store entries removed, 20 spared as nub tooling
  SE-PURGE  0 side-effects-cache entries for @pulumi/command
  scaffold: 1 dependency package(s) with lifecycle scripts granted a fixed wide grant
OSV-SCREEN {"schemaVersion":1,"kind":"nub-synth-resolved","status":"clean","digest":"d559f601e199a1c1bc214083db9f22daa54d72afda1767aacd80c2e6df91a1a1","specCount":209,"lockfiles":{"digest":"fbc9a6ea0032c8892c7805a272c226c804e2c8ce2bd29d8442fae9972ea423fd","files":[{"path":"nub.lock","sha256":"4a5b58a6e08d4ed2518d28afb73dc4448526251d2837916ebfe9211fa2ede09d","bytes":61555}]},"maliciousAdvisories":[],"screenedAt":"2026-09-08T07:53:44.048Z","cacheHit":false,"clearancePath":"/home/runner/v2-4z7NzG/security/nub-synth-resolved.json"}
  SECURITY nub-synth-resolved clean: 209 exact package-version(s), tree d559f601e199
  VENUE-STORE-LAYOUT isolated
  VERIFY[synth] rc=0 artifacts=42/42 missing=0 shortfall=none (tree 49452/11691) OVERRIDDEN=2 REJECTED=0 grant={"write":{"userHome":true},"network":true}
  => VERIFIED {"write":{"userHome":true},"network":true}   (observed, then verified)
  EVICT     189 store entries removed, 20 spared as nub tooling
  SE-PURGE  0 side-effects-cache entries for @pulumi/command
  scaffold: 1 dependency package(s) with lifecycle scripts granted a fixed wide grant
OSV-SCREEN {"schemaVersion":1,"kind":"nub-drop-no-network-resolved","status":"clean","digest":"d559f601e199a1c1bc214083db9f22daa54d72afda1767aacd80c2e6df91a1a1","specCount":209,"lockfiles":{"digest":"fbc9a6ea0032c8892c7805a272c226c804e2c8ce2bd29d8442fae9972ea423fd","files":[{"path":"nub.lock","sha256":"4a5b58a6e08d4ed2518d28afb73dc4448526251d2837916ebfe9211fa2ede09d","bytes":61555}]},"maliciousAdvisories":[],"screenedAt":"2026-09-08T07:53:44.048Z","cacheHit":true,"clearancePath":"/home/runner/v2-4z7NzG/security/nub-drop-no-network-resolved.json"}
  SECURITY nub-drop-no-network-resolved clean: 209 exact package-version(s), tree d559f601e199 (cached exact-tree clearance)
  VERIFY[drop-no-network] rc=0 artifacts=42/42 missing=0 shortfall=none (tree 49452/11691) OVERRIDDEN=2 REJECTED=0 grant={"write":{"userHome":true}}
     ⛔ OVER-PREDICTED: dropping 'no-network' STILL VERIFIES — {"write":{"userHome":true}} is sufficient
  EVICT     189 store entries removed, 20 spared as nub tooling
  SE-PURGE  0 side-effects-cache entries for @pulumi/command
  scaffold: 1 dependency package(s) with lifecycle scripts granted a fixed wide grant
OSV-SCREEN {"schemaVersion":1,"kind":"nub-drop-no-write-userHome-resolved","status":"clean","digest":"d559f601e199a1c1bc214083db9f22daa54d72afda1767aacd80c2e6df91a1a1","specCount":209,"lockfiles":{"digest":"fbc9a6ea0032c8892c7805a272c226c804e2c8ce2bd29d8442fae9972ea423fd","files":[{"path":"nub.lock","sha256":"4a5b58a6e08d4ed2518d28afb73dc4448526251d2837916ebfe9211fa2ede09d","bytes":61555}]},"maliciousAdvisories":[],"screenedAt":"2026-09-08T07:53:44.048Z","cacheHit":true,"clearancePath":"/home/runner/v2-4z7NzG/security/nub-drop-no-write-userHome-resolved.json"}
  SECURITY nub-drop-no-write-userHome-resolved clean: 209 exact package-version(s), tree d559f601e199 (cached exact-tree clearance)
  VERIFY[drop-no-write-userHome] rc=0 artifacts=42/42 missing=0 shortfall=none (tree 49452/11691) OVERRIDDEN=2 REJECTED=0 grant={"network":true}
     ⛔ OVER-PREDICTED: dropping 'no-write-userHome' STILL VERIFIES — {"network":true} is sufficient
  => OVER-PREDICTED by: no-network no-write-userHome  (synthesized {"write":{"userHome":true},"network":true}; each named capability drops on its own)
  EVICT     189 store entries removed, 20 spared as nub tooling
  SE-PURGE  0 side-effects-cache entries for @pulumi/command
  scaffold: 1 dependency package(s) with lifecycle scripts granted a fixed wide grant
OSV-SCREEN {"schemaVersion":1,"kind":"nub-joint-narrow-resolved","status":"clean","digest":"d559f601e199a1c1bc214083db9f22daa54d72afda1767aacd80c2e6df91a1a1","specCount":209,"lockfiles":{"digest":"fbc9a6ea0032c8892c7805a272c226c804e2c8ce2bd29d8442fae9972ea423fd","files":[{"path":"nub.lock","sha256":"4a5b58a6e08d4ed2518d28afb73dc4448526251d2837916ebfe9211fa2ede09d","bytes":61555}]},"maliciousAdvisories":[],"screenedAt":"2026-09-08T07:53:44.048Z","cacheHit":true,"clearancePath":"/home/runner/v2-4z7NzG/security/nub-joint-narrow-resolved.json"}
  SECURITY nub-joint-narrow-resolved clean: 209 exact package-version(s), tree d559f601e199 (cached exact-tree clearance)
  VERIFY[joint-narrow] rc=0 artifacts=42/42 missing=0 shortfall=none (tree 49452/11691) OVERRIDDEN=2 REJECTED=0 grant={}
  => JOINT-NARROW VERIFIED {} — all 2 capabilities drop TOGETHER, measured
