### codeceptjs@1.1.3   (D:\jail\m-codeceptjs-mttk3wyg)
  CI-ENV scrubbed: CI GITHUB_ACTIONS
OSV-SCREEN {"schemaVersion":1,"kind":"direct","status":"clean","digest":"2e5531fafd684328093f8a445835c4aff5ccd820602c949f537dc628b8fb32f1","specCount":1,"lockfiles":{"digest":null,"files":[]},"maliciousAdvisories":[],"screenedAt":"2026-09-09T03:46:32.205Z","cacheHit":false,"clearancePath":"D:\\jail\\m-codeceptjs-mttk3wyg\\security\\direct.json"}
  SECURITY direct clean: 1 exact package-version(s), tree 2e5531fafd68
OSV-SCREEN {"schemaVersion":1,"kind":"npm-observe-resolved","status":"clean","digest":"3133cba7dfd05e17322a5584815b9739c7bdd584ddc3ab66f38771a968927003","specCount":65,"lockfiles":{"digest":"74eae12c98b48b6ef93cde4d440a399603476f645a8221ac77bfa554cb02e33b","files":[{"path":"package-lock.json","sha256":"82d7f53d96de3b6f72e67e3a740dc85a81135637411b94dfe40cbb0893b608fc","bytes":25766}]},"maliciousAdvisories":[],"screenedAt":"2026-09-09T03:46:35.004Z","cacheHit":false,"clearancePath":"D:\\jail\\m-codeceptjs-mttk3wyg\\security\\npm-observe-resolved.json"}
  SECURITY npm-observe-resolved clean: 65 exact package-version(s), tree 3133cba7dfd0
  CAPTURE user=runnervmeef0v\runneradmin elevated=True rootPid=4140 exit=0 events=2560007 lost=0
  VENUE-OBSERVE-USER runnervmeef0v\runneradmin elevated=true privDropped={"SeBackupPrivilege":"removed","SeRestorePrivilege":"removed","SeTakeOwnershipPrivilege":"removed"}
  OBSERVE artifacts: 164 files  (D:\jail\m-codeceptjs-mttk3wyg\observe\node_modules\codeceptjs)
  ARM-FALSIFIABILITY {"manifestFiles":164,"filesTheScriptProduced":1,"reasons":[]}
  CLOSURE 60 packages evicted per arm
  8.3 MAP 0 components resolved on runnervmeef0v, folded into capture.json
  == ROOTS (from capture.json — R2: no ambient reads) ==
    project       D:\jail\m-codeceptjs-mttk3wyg\observe   [keyed on]
    home          C:\Users\runneradmin   [keyed on]
    jailHome      (null — declared inapplicable)
    globalStore   C:\Users\runneradmin\AppData\Local\nub\pm\store
    projectStore  D:\jail\m-codeceptjs-mttk3wyg\observe\node_modules\.store
    interpreter   C:\hostedtoolcache\windows\node\22.23.2\x64\node.exe
    toolsDir      C:\Users\runneradmin\AppData\Local\nub\pm\tools
    temp          D:\jail\m-codeceptjs-mttk3wyg\tmp   [keyed on]
    npmPrefix     (null — declared inapplicable)
    ownPkg        D:\jail\m-codeceptjs-mttk3wyg\observe\node_modules\codeceptjs
  == ATTRIBUTION == lifecycle pids: 2 (root 4140)
    writes  script 64115  /  whole traced tree 64124
    peers   script 1  /  whole traced tree 1
  == WRITES ==
    userHome  33575
    kernelfs     11
    outside       4
        c:\windowsazure\logs
        c:\cabal\bin\wsl.vbs
        c:\hostedtoolcache\windows\python\3.12.10\x64\wsl.vbs
        c:\windowsazure\logs\aggregatestatus
    systemfs      2
        c:\windows\winsxs\filemaps\rtools45_usr_bin_2534071c07e41771.cdf-ms
        c:\windows\system32\winevt\logs
    deps      30518
    jailTmp       5
  == READS ==
    deps        670
    outside      22
    project       2
    systemfs     58
    userHome  29986
    kernelfs      3
    jailTmp       1
  == NETWORK ==
    distinct peers: 1
        104.16.7.34:443
  == REFUSALS (adapter-classified) ==
    distinct: 0
  == SYNTHESIZED GRANT (verify this in the real unprivileged jail) ==
    {"write":{"deps":true,"userHome":true},"network":true}
    NOTE 5 writes into the DECLARED private temp -- the base profile grants
         that directory unconditionally (preset.rs `$tmp`=rw), so they widen nothing.
    !! 4 writes OUTSIDE project/home -- no scope covers these; inspect before granting
    !! 2 writes into system dirs -- an unprivileged user would be refused these
    NOTE 11 kernel/metadata writes -- not a write-grant question (rule 3)
  RAW       etw-raw.xml.gz  3289455895 B xml -> 63816545 B gz (51.5x)  sha256 2bdb144335f9a972…
  HEADER    etw-header.json (5103 bytes)
  DERIVED   590951 distinct from 804086 kept ops (2560007 xml events, 149744 out of subtree)
  PROCS     4   thread-reattributed 26018
  ⛔ 16214 operations with NO OperationEnd — kept, status marked unknown
  ⛔ 1 handle ops whose path no table could supply
  8.3       0 expanded, 0 kept short, 0 not covered  [map: recorded 8.3 map (0 components, resolved on runnervmeef0v)]
  wrote events.ndjson.gz (7459059 bytes)
  RAWLOG-CAPTURE D:\jail\m-codeceptjs-mttk3wyg\cap\capture.json
  VENUE-NUB-BINARY {"path":"C:/Users/RUNNER~1/AppData/Local/Temp/nub/target/release/nub.exe","sha256":"f186817a44be332fee712b4936a071a0b5f9cde18a1d2fdc3a791729d4bf1005","bytes":68717056,"features":{"buildJailCatalogOverride":true,"pythonDontWriteBytecodeEnv":true}}
  VENUE-INTERPRETER C:\hostedtoolcache\windows\node\22.23.2\x64\node.exe
  VENUE-JAIL-ROOT D:\jail\m-codeceptjs-mttk3wyg
  VENUE-OVERRIDES {"set":{"npm_config_cache":"D:\\jail\\m-codeceptjs-mttk3wyg\\npm-cache","TMP":"D:\\jail\\m-codeceptjs-mttk3wyg\\tmp","TEMP":"D:\\jail\\m-codeceptjs-mttk3wyg\\tmp","TMPDIR":"D:\\jail\\m-codeceptjs-mttk3wyg\\tmp"},"unset":["CI","GITHUB_ACTIONS"],"notRedirected":{"USERPROFILE":"C:\\Users\\runneradmin","why":"the jail leaves HOME/USERPROFILE alone — `build_jail.rs` sandbox_homes() reads the ambient value and `compiler/defaults.rs` BASELINE_ENV_EXACT passes it through — so there is no private jail home to reproduce and redirecting one would measure an environment no confined script sees"},"passedThrough":{"CI":"true","GITHUB_ACTIONS":"true","NODE_ENV":null}}
  STORE   isolated virtual store at D:\jail\m-codeceptjs-mttk3wyg\verify-synth\.cache
  VENUE-STORE-LAYOUT isolated
OSV-SCREEN {"schemaVersion":1,"kind":"nub-synth-resolved","status":"clean","digest":"3133cba7dfd05e17322a5584815b9739c7bdd584ddc3ab66f38771a968927003","specCount":65,"lockfiles":{"digest":"97d8fbde636c29e7e69b3e93ab35b759de59f9955788916ae048b71268d580cc","files":[{"path":"nub.lock","sha256":"f25c2ebfd5b37a83c46cea3e25ac002d4e056ee2465536ec45991e979f2ff1ce","bytes":15769}]},"maliciousAdvisories":[],"screenedAt":"2026-09-09T03:46:35.004Z","cacheHit":true,"clearancePath":"D:\\jail\\m-codeceptjs-mttk3wyg\\security\\nub-synth-resolved.json"}
  SECURITY nub-synth-resolved clean: 65 exact package-version(s), tree 3133cba7dfd0 (cached exact-tree clearance)
  VERIFY[synth] rc=1 artifacts=163/164 missing=1 shortfall=53585a096fe3 (tree 7268/27319) OVERRIDDEN=2 REJECTED=0 grant={"write":{"deps":true,"userHome":true},"network":true}
     missing artifacts: yarn.lock
  synthesized grant did not verify -- falling back to a bounded ladder
  STORE   isolated virtual store at D:\jail\m-codeceptjs-mttk3wyg\verify-fb0\.cache
OSV-SCREEN {"schemaVersion":1,"kind":"nub-fb0-resolved","status":"clean","digest":"3133cba7dfd05e17322a5584815b9739c7bdd584ddc3ab66f38771a968927003","specCount":65,"lockfiles":{"digest":"97d8fbde636c29e7e69b3e93ab35b759de59f9955788916ae048b71268d580cc","files":[{"path":"nub.lock","sha256":"f25c2ebfd5b37a83c46cea3e25ac002d4e056ee2465536ec45991e979f2ff1ce","bytes":15769}]},"maliciousAdvisories":[],"screenedAt":"2026-09-09T03:46:35.004Z","cacheHit":true,"clearancePath":"D:\\jail\\m-codeceptjs-mttk3wyg\\security\\nub-fb0-resolved.json"}
  SECURITY nub-fb0-resolved clean: 65 exact package-version(s), tree 3133cba7dfd0 (cached exact-tree clearance)
  VERIFY[fb0] rc=1 artifacts=163/164 missing=1 shortfall=53585a096fe3 (tree 7268/27319) OVERRIDDEN=2 REJECTED=0 grant={"write":{"deps":true,"project":true,"userHome":true},"network":true}
     missing artifacts: yarn.lock
  STORE   isolated virtual store at D:\jail\m-codeceptjs-mttk3wyg\verify-fb1\.cache
OSV-SCREEN {"schemaVersion":1,"kind":"nub-fb1-resolved","status":"clean","digest":"3133cba7dfd05e17322a5584815b9739c7bdd584ddc3ab66f38771a968927003","specCount":65,"lockfiles":{"digest":"97d8fbde636c29e7e69b3e93ab35b759de59f9955788916ae048b71268d580cc","files":[{"path":"nub.lock","sha256":"f25c2ebfd5b37a83c46cea3e25ac002d4e056ee2465536ec45991e979f2ff1ce","bytes":15769}]},"maliciousAdvisories":[],"screenedAt":"2026-09-09T03:46:35.004Z","cacheHit":true,"clearancePath":"D:\\jail\\m-codeceptjs-mttk3wyg\\security\\nub-fb1-resolved.json"}
  SECURITY nub-fb1-resolved clean: 65 exact package-version(s), tree 3133cba7dfd0 (cached exact-tree clearance)
  VERIFY[fb1] rc=0 artifacts=164/164 missing=0 shortfall=none (tree 33424/27319) OVERRIDDEN=2 REJECTED=0 grant={"write":{"deps":true,"project":true,"userHome":true},"read":"disk","network":true}
  => MINIMUM {"write":{"deps":true,"project":true,"userHome":true},"read":"disk","network":true}   (ladder fallback; synthesized grant was insufficient)
  !! OBSERVE UNDER-PREDICTED -- the gap between {"write":{"deps":true,"userHome":true},"network":true} and this is what the trace missed
  STORE   isolated virtual store at D:\jail\m-codeceptjs-mttk3wyg\verify-nar-no-network\.cache
OSV-SCREEN {"schemaVersion":1,"kind":"nub-nar-no-network-resolved","status":"clean","digest":"3133cba7dfd05e17322a5584815b9739c7bdd584ddc3ab66f38771a968927003","specCount":65,"lockfiles":{"digest":"97d8fbde636c29e7e69b3e93ab35b759de59f9955788916ae048b71268d580cc","files":[{"path":"nub.lock","sha256":"f25c2ebfd5b37a83c46cea3e25ac002d4e056ee2465536ec45991e979f2ff1ce","bytes":15769}]},"maliciousAdvisories":[],"screenedAt":"2026-09-09T03:46:35.004Z","cacheHit":true,"clearancePath":"D:\\jail\\m-codeceptjs-mttk3wyg\\security\\nub-nar-no-network-resolved.json"}
  SECURITY nub-nar-no-network-resolved clean: 65 exact package-version(s), tree 3133cba7dfd0 (cached exact-tree clearance)
  VERIFY[nar-no-network] rc=1 artifacts=163/164 missing=1 shortfall=53585a096fe3 (tree 7268/27319) OVERRIDDEN=2 REJECTED=0 grant={"write":{"deps":true,"project":true,"userHome":true},"read":"disk"}
     missing artifacts: yarn.lock
     'no-network' is NECESSARY — dropping it fails to verify
  STORE   isolated virtual store at D:\jail\m-codeceptjs-mttk3wyg\verify-nar-no-write-deps\.cache
OSV-SCREEN {"schemaVersion":1,"kind":"nub-nar-no-write-deps-resolved","status":"clean","digest":"3133cba7dfd05e17322a5584815b9739c7bdd584ddc3ab66f38771a968927003","specCount":65,"lockfiles":{"digest":"97d8fbde636c29e7e69b3e93ab35b759de59f9955788916ae048b71268d580cc","files":[{"path":"nub.lock","sha256":"f25c2ebfd5b37a83c46cea3e25ac002d4e056ee2465536ec45991e979f2ff1ce","bytes":15769}]},"maliciousAdvisories":[],"screenedAt":"2026-09-09T03:46:35.004Z","cacheHit":true,"clearancePath":"D:\\jail\\m-codeceptjs-mttk3wyg\\security\\nub-nar-no-write-deps-resolved.json"}
  SECURITY nub-nar-no-write-deps-resolved clean: 65 exact package-version(s), tree 3133cba7dfd0 (cached exact-tree clearance)
  VERIFY[nar-no-write-deps] rc=0 artifacts=164/164 missing=0 shortfall=none (tree 33424/27319) OVERRIDDEN=2 REJECTED=0 grant={"write":{"project":true,"userHome":true},"read":"disk","network":true}
     ⛔ OVER-PREDICTED — the strictly narrower {"write":{"project":true,"userHome":true},"read":"disk","network":true} also verifies; 'no-write-deps' was not needed
  STORE   isolated virtual store at D:\jail\m-codeceptjs-mttk3wyg\verify-nar-no-write-project\.cache
OSV-SCREEN {"schemaVersion":1,"kind":"nub-nar-no-write-project-resolved","status":"clean","digest":"3133cba7dfd05e17322a5584815b9739c7bdd584ddc3ab66f38771a968927003","specCount":65,"lockfiles":{"digest":"97d8fbde636c29e7e69b3e93ab35b759de59f9955788916ae048b71268d580cc","files":[{"path":"nub.lock","sha256":"f25c2ebfd5b37a83c46cea3e25ac002d4e056ee2465536ec45991e979f2ff1ce","bytes":15769}]},"maliciousAdvisories":[],"screenedAt":"2026-09-09T03:46:35.004Z","cacheHit":true,"clearancePath":"D:\\jail\\m-codeceptjs-mttk3wyg\\security\\nub-nar-no-write-project-resolved.json"}
  SECURITY nub-nar-no-write-project-resolved clean: 65 exact package-version(s), tree 3133cba7dfd0 (cached exact-tree clearance)
  VERIFY[nar-no-write-project] rc=1 artifacts=163/164 missing=1 shortfall=53585a096fe3 (tree 7268/27319) OVERRIDDEN=2 REJECTED=0 grant={"write":{"deps":true,"userHome":true},"read":"disk","network":true}
     missing artifacts: yarn.lock
     'no-write-project' is NECESSARY — dropping it fails to verify
  STORE   isolated virtual store at D:\jail\m-codeceptjs-mttk3wyg\verify-nar-no-write-userHome\.cache
OSV-SCREEN {"schemaVersion":1,"kind":"nub-nar-no-write-userHome-resolved","status":"clean","digest":"3133cba7dfd05e17322a5584815b9739c7bdd584ddc3ab66f38771a968927003","specCount":65,"lockfiles":{"digest":"97d8fbde636c29e7e69b3e93ab35b759de59f9955788916ae048b71268d580cc","files":[{"path":"nub.lock","sha256":"f25c2ebfd5b37a83c46cea3e25ac002d4e056ee2465536ec45991e979f2ff1ce","bytes":15769}]},"maliciousAdvisories":[],"screenedAt":"2026-09-09T03:46:35.004Z","cacheHit":true,"clearancePath":"D:\\jail\\m-codeceptjs-mttk3wyg\\security\\nub-nar-no-write-userHome-resolved.json"}
  SECURITY nub-nar-no-write-userHome-resolved clean: 65 exact package-version(s), tree 3133cba7dfd0 (cached exact-tree clearance)
  VERIFY[nar-no-write-userHome] rc=0 artifacts=164/164 missing=0 shortfall=none (tree 33424/27319) OVERRIDDEN=2 REJECTED=0 grant={"write":{"deps":true,"project":true},"read":"disk","network":true}
     ⛔ OVER-PREDICTED — the strictly narrower {"write":{"deps":true,"project":true},"read":"disk","network":true} also verifies; 'no-write-userHome' was not needed
  STORE   isolated virtual store at D:\jail\m-codeceptjs-mttk3wyg\verify-nar-no-read\.cache
OSV-SCREEN {"schemaVersion":1,"kind":"nub-nar-no-read-resolved","status":"clean","digest":"3133cba7dfd05e17322a5584815b9739c7bdd584ddc3ab66f38771a968927003","specCount":65,"lockfiles":{"digest":"97d8fbde636c29e7e69b3e93ab35b759de59f9955788916ae048b71268d580cc","files":[{"path":"nub.lock","sha256":"f25c2ebfd5b37a83c46cea3e25ac002d4e056ee2465536ec45991e979f2ff1ce","bytes":15769}]},"maliciousAdvisories":[],"screenedAt":"2026-09-09T03:46:35.004Z","cacheHit":true,"clearancePath":"D:\\jail\\m-codeceptjs-mttk3wyg\\security\\nub-nar-no-read-resolved.json"}
  SECURITY nub-nar-no-read-resolved clean: 65 exact package-version(s), tree 3133cba7dfd0 (cached exact-tree clearance)
  VERIFY[nar-no-read] rc=1 artifacts=163/164 missing=1 shortfall=53585a096fe3 (tree 7268/27319) OVERRIDDEN=2 REJECTED=0 grant={"write":{"deps":true,"project":true,"userHome":true},"network":true}
     missing artifacts: yarn.lock
     'no-read' is NECESSARY — dropping it fails to verify
  STORE   isolated virtual store at D:\jail\m-codeceptjs-mttk3wyg\verify-joint-narrow\.cache
OSV-SCREEN {"schemaVersion":1,"kind":"nub-joint-narrow-resolved","status":"clean","digest":"3133cba7dfd05e17322a5584815b9739c7bdd584ddc3ab66f38771a968927003","specCount":65,"lockfiles":{"digest":"97d8fbde636c29e7e69b3e93ab35b759de59f9955788916ae048b71268d580cc","files":[{"path":"nub.lock","sha256":"f25c2ebfd5b37a83c46cea3e25ac002d4e056ee2465536ec45991e979f2ff1ce","bytes":15769}]},"maliciousAdvisories":[],"screenedAt":"2026-09-09T03:46:35.004Z","cacheHit":true,"clearancePath":"D:\\jail\\m-codeceptjs-mttk3wyg\\security\\nub-joint-narrow-resolved.json"}
  SECURITY nub-joint-narrow-resolved clean: 65 exact package-version(s), tree 3133cba7dfd0 (cached exact-tree clearance)
  VERIFY[joint-narrow] rc=0 artifacts=164/164 missing=0 shortfall=none (tree 33424/27319) OVERRIDDEN=2 REJECTED=0 grant={"write":{"project":true},"read":"disk","network":true}
  => JOINT-NARROW VERIFIED {"write":{"project":true},"read":"disk","network":true} — all 2 capabilities drop TOGETHER, measured
