### hugo-extended@0.86.1   (D:\jail\m-hugoextended-mtshldep)
  CI-ENV scrubbed: CI GITHUB_ACTIONS
OSV-SCREEN {"schemaVersion":1,"kind":"direct","status":"clean","digest":"8346a03d95357f6f73aa08554a1f00a9a2ee3c0908ab9ff32d0f1ae62ed373c3","specCount":1,"lockfiles":{"digest":null,"files":[]},"maliciousAdvisories":[],"screenedAt":"2026-09-08T09:48:21.658Z","cacheHit":false,"clearancePath":"D:\\jail\\m-hugoextended-mtshldep\\security\\direct.json"}
  SECURITY direct clean: 1 exact package-version(s), tree 8346a03d9535
OSV-SCREEN {"schemaVersion":1,"kind":"npm-observe-resolved","status":"clean","digest":"a36bc5d9ed5d49008953b3ea0acd0556a3b83e5138733540c94552486a762e53","specCount":130,"lockfiles":{"digest":"777207e45749c2ebf9baafeee5861d6c71c6a4aab43f4cc1e8b67bfc51f71bb6","files":[{"path":"package-lock.json","sha256":"b8f5e53b89074eca55c65fd082abb9aaa6d27c7bce62b02ff637e1ebdfca7d3d","bytes":55164}]},"maliciousAdvisories":[],"screenedAt":"2026-09-08T09:48:26.525Z","cacheHit":false,"clearancePath":"D:\\jail\\m-hugoextended-mtshldep\\security\\npm-observe-resolved.json"}
  SECURITY npm-observe-resolved clean: 130 exact package-version(s), tree a36bc5d9ed5d
  CAPTURE user=runnervmeef0v\runneradmin elevated=True rootPid=7840 exit=0 events=36759 lost=0
  VENUE-OBSERVE-USER runnervmeef0v\runneradmin elevated=true privDropped={"SeBackupPrivilege":"removed","SeRestorePrivilege":"removed","SeTakeOwnershipPrivilege":"removed"}
  OBSERVE artifacts: 9 files  (D:\jail\m-hugoextended-mtshldep\observe\node_modules\hugo-extended)
  ARM-FALSIFIABILITY {"manifestFiles":9,"filesTheScriptProduced":3,"reasons":[]}
  CLOSURE 121 packages evicted per arm
  8.3 MAP 0 components resolved on runnervmeef0v, folded into capture.json
  == ROOTS (from capture.json — R2: no ambient reads) ==
    project       D:\jail\m-hugoextended-mtshldep\observe   [keyed on]
    home          C:\Users\runneradmin   [keyed on]
    jailHome      (null — declared inapplicable)
    globalStore   C:\Users\runneradmin\AppData\Local\nub\pm\store
    projectStore  D:\jail\m-hugoextended-mtshldep\observe\node_modules\.store
    interpreter   C:\hostedtoolcache\windows\node\22.23.2\x64\node.exe
    toolsDir      C:\Users\runneradmin\AppData\Local\nub\pm\tools
    temp          D:\jail\m-hugoextended-mtshldep\tmp   [keyed on]
    npmPrefix     (null — declared inapplicable)
    ownPkg        D:\jail\m-hugoextended-mtshldep\observe\node_modules\hugo-extended
  == ATTRIBUTION == lifecycle pids: 4 (root 7840)
    writes  script 6  /  whole traced tree 20
    peers   script 2  /  whole traced tree 2
  == WRITES ==
    deps          6
  == READS ==
    deps        336
    outside       6
    project       1
    systemfs     48
  == NETWORK ==
    distinct peers: 2
        140.82.114.3:443
        185.199.110.133:443
  == REFUSALS (adapter-classified) ==
    distinct: 0
  == SYNTHESIZED GRANT (verify this in the real unprivileged jail) ==
    {"write":{"deps":true},"network":true}
  RAW       etw-raw.xml.gz  46901737 B xml -> 697203 B gz (67.3x)  sha256 33bbd4f6865231ef…
  HEADER    etw-header.json (5094 bytes)
  DERIVED   6990 distinct from 10726 kept ops (36759 xml events, 2915 out of subtree)
  PROCS     6   thread-reattributed 0
  ⛔ 2 operations with NO OperationEnd — kept, status marked unknown
  8.3       0 expanded, 0 kept short, 0 not covered  [map: recorded 8.3 map (0 components, resolved on runnervmeef0v)]
  wrote events.ndjson.gz (87052 bytes)
  RAWLOG-CAPTURE D:\jail\m-hugoextended-mtshldep\cap\capture.json
  VENUE-NUB-BINARY {"path":"C:/Users/RUNNER~1/AppData/Local/Temp/nub/target/release/nub.exe","sha256":"f186817a44be332fee712b4936a071a0b5f9cde18a1d2fdc3a791729d4bf1005","bytes":68717056,"features":{"buildJailCatalogOverride":true,"pythonDontWriteBytecodeEnv":true}}
  VENUE-INTERPRETER C:\hostedtoolcache\windows\node\22.23.2\x64\node.exe
  VENUE-JAIL-ROOT D:\jail\m-hugoextended-mtshldep
  VENUE-OVERRIDES {"set":{"npm_config_cache":"D:\\jail\\m-hugoextended-mtshldep\\npm-cache","TMP":"D:\\jail\\m-hugoextended-mtshldep\\tmp","TEMP":"D:\\jail\\m-hugoextended-mtshldep\\tmp","TMPDIR":"D:\\jail\\m-hugoextended-mtshldep\\tmp"},"unset":["CI","GITHUB_ACTIONS"],"notRedirected":{"USERPROFILE":"C:\\Users\\runneradmin","why":"the jail leaves HOME/USERPROFILE alone — `build_jail.rs` sandbox_homes() reads the ambient value and `compiler/defaults.rs` BASELINE_ENV_EXACT passes it through — so there is no private jail home to reproduce and redirecting one would measure an environment no confined script sees"},"passedThrough":{"CI":"true","GITHUB_ACTIONS":"true","NODE_ENV":null}}
  STORE   isolated virtual store at D:\jail\m-hugoextended-mtshldep\verify-synth\.cache
  VENUE-STORE-LAYOUT isolated
OSV-SCREEN {"schemaVersion":1,"kind":"nub-synth-resolved","status":"clean","digest":"9b318aef8bf8e6e01637d4b24374b7cf2920ddd60a5f52b69bfa2d35eb367e05","specCount":130,"lockfiles":{"digest":"fde4a9b9e46840d9cc6f9012e8f3a37148ec91f90bf8a627e4f8e7dbd3edb000","files":[{"path":"nub.lock","sha256":"3c3d04f06dccff7eefc3c863dad70a27f47bbbc83650d9055e6febdb3003f135","bytes":30800}]},"maliciousAdvisories":[],"screenedAt":"2026-09-08T09:48:38.145Z","cacheHit":false,"clearancePath":"D:\\jail\\m-hugoextended-mtshldep\\security\\nub-synth-resolved.json"}
  SECURITY nub-synth-resolved clean: 130 exact package-version(s), tree 9b318aef8bf8
  VERIFY[synth] rc=0 artifacts=9/9 missing=0 shortfall=none (tree 7391/1128) OVERRIDDEN=2 REJECTED=0 grant={"write":{"deps":true},"network":true}
  => MINIMUM {"write":{"deps":true},"network":true}   (observed, then verified)
  STORE   isolated virtual store at D:\jail\m-hugoextended-mtshldep\verify-nar-no-network\.cache
OSV-SCREEN {"schemaVersion":1,"kind":"nub-nar-no-network-resolved","status":"clean","digest":"9b318aef8bf8e6e01637d4b24374b7cf2920ddd60a5f52b69bfa2d35eb367e05","specCount":130,"lockfiles":{"digest":"fde4a9b9e46840d9cc6f9012e8f3a37148ec91f90bf8a627e4f8e7dbd3edb000","files":[{"path":"nub.lock","sha256":"3c3d04f06dccff7eefc3c863dad70a27f47bbbc83650d9055e6febdb3003f135","bytes":30800}]},"maliciousAdvisories":[],"screenedAt":"2026-09-08T09:48:38.145Z","cacheHit":true,"clearancePath":"D:\\jail\\m-hugoextended-mtshldep\\security\\nub-nar-no-network-resolved.json"}
  SECURITY nub-nar-no-network-resolved clean: 130 exact package-version(s), tree 9b318aef8bf8 (cached exact-tree clearance)
  VERIFY[nar-no-network] rc=1 artifacts=6/9 missing=3 shortfall=a63fd828aa49 (tree 7388/1128) OVERRIDDEN=2 REJECTED=0 grant={"write":{"deps":true}}
     missing artifacts: vendor/hugo.exe, vendor/LICENSE, vendor/README.md
     'no-network' is NECESSARY — dropping it fails to verify
  STORE   isolated virtual store at D:\jail\m-hugoextended-mtshldep\verify-nar-no-write-deps\.cache
OSV-SCREEN {"schemaVersion":1,"kind":"nub-nar-no-write-deps-resolved","status":"clean","digest":"9b318aef8bf8e6e01637d4b24374b7cf2920ddd60a5f52b69bfa2d35eb367e05","specCount":130,"lockfiles":{"digest":"fde4a9b9e46840d9cc6f9012e8f3a37148ec91f90bf8a627e4f8e7dbd3edb000","files":[{"path":"nub.lock","sha256":"3c3d04f06dccff7eefc3c863dad70a27f47bbbc83650d9055e6febdb3003f135","bytes":30800}]},"maliciousAdvisories":[],"screenedAt":"2026-09-08T09:48:38.145Z","cacheHit":true,"clearancePath":"D:\\jail\\m-hugoextended-mtshldep\\security\\nub-nar-no-write-deps-resolved.json"}
  SECURITY nub-nar-no-write-deps-resolved clean: 130 exact package-version(s), tree 9b318aef8bf8 (cached exact-tree clearance)
  VERIFY[nar-no-write-deps] rc=0 artifacts=9/9 missing=0 shortfall=none (tree 7391/1128) OVERRIDDEN=2 REJECTED=0 grant={"network":true}
     ⛔ OVER-PREDICTED — the strictly narrower {"network":true} also verifies; 'no-write-deps' was not needed
