### cypress@9.7.0   (/home/runner/v2-kq2w2U)
  CI-ENV scrubbed: CI GITHUB_ACTIONS
OSV-SCREEN {"schemaVersion":1,"kind":"direct","status":"clean","digest":"ddd73d44a33d166c827b5185582319b46a38c5429c6ccbf5501a80325fa4c9b3","specCount":1,"lockfiles":{"digest":null,"files":[]},"maliciousAdvisories":[],"screenedAt":"2026-09-08T03:05:19.355Z","cacheHit":false,"clearancePath":"/home/runner/v2-kq2w2U/security/direct.json"}
  SECURITY direct clean: 1 exact package-version(s), tree ddd73d44a33d
  VENUE-OBSERVE-USER {"uid":1001,"user":"runner","umask":"0022","capBnd":"000001ffffffffff","noNewPrivs":"0"}
  VENUE-NUB-BINARY {"path":"/tmp/nub/target/release/nub","sha256":"2a18683f50f7afeb02a521cd3cae175dc2f91780d461c5f012065241f5a1447b","bytes":207643464,"features":{"buildJailCatalogOverride":true,"pythonDontWriteBytecodeEnv":true}}
OSV-SCREEN {"schemaVersion":1,"kind":"npm-observe-resolved","status":"clean","digest":"0738f9446bd7e4090b88bfb3d4738112ece7dc79e149c8174c6199fd018a2a36","specCount":175,"lockfiles":{"digest":"d5a3ab40dcb04b509f48ddfc71f255f5b65e867f25440051cd5cea8e35eb9f62","files":[{"path":"package-lock.json","sha256":"b47e239ca6f9c971dad39f5b50847913c1cdeb4f0ed1c984051bb5aa3237e530","bytes":72646}]},"maliciousAdvisories":[],"screenedAt":"2026-09-08T03:05:22.899Z","cacheHit":false,"clearancePath":"/home/runner/v2-kq2w2U/security/npm-observe-resolved.json"}
  SECURITY npm-observe-resolved clean: 175 exact package-version(s), tree 0738f9446bd7
  OBSERVE   rc=0 files=6520 trace=346961 lines
  CLOSURE   170 packages evicted per arm
  ARM-FALSIFIABILITY {"manifestFiles":751,"filesTheScriptProduced":0,"reasons":["gate-vacuous"]}
  ⛔ ARMS-UNFALSIFIABLE — a green arm for this package carries no evidence:
       gate-vacuous: the script changed no file the artifact gate keys on — every file in the manifest (751) was already present at its final size before the script ran, so the gate passes in every arm including a completely broken one
       The grant may still be correct; what is missing is a signal that could have gone
       red. Do not read this record's MINIMAL as a passing measurement.
  RAWLOG-FILE /home/runner/v2-kq2w2U/observe/trace.txt.gz
  RAWLOG-CAPTURE /home/runner/v2-kq2w2U/observe/capture.json
  RAWLOG-BYTES raw=67338142 gz=1032522
  VENUE-INTERPRETER /opt/hostedtoolcache/node/22.23.2/x64
  VENUE-OVERRIDES {"set":{"HOME":"/home/runner/v2-kq2w2U/jailhome","TMPDIR":"/tmp/nub-tmp-obsLjXPde","NODE_COMPAT":"1","PLAYWRIGHT_BROWSERS_PATH":"/home/runner/.cache/nub/pm/tools/ms-playwright","ELECTRON_CACHE":"/home/runner/.cache/nub/pm/tools/electron-cache","electron_config_cache":"/home/runner/.cache/nub/pm/tools/electron-cache","npm_config_prefix":"/home/runner/.cache/nub/pm/tools/npm-prefix","PYTHONDONTWRITEBYTECODE":"1","NUB_CACHE_DIR":"/home/runner/v2-kq2w2U/nubcache"},"unset":["CI","GITHUB_ACTIONS"],"passedThrough":{"CI":"true","GITHUB_ACTIONS":"true","NODE_ENV":null}}
  == ATTRIBUTION == attributed pids: 19
    writes  script 25828  /  whole traced tree 26916
    sockets script 8  /  whole traced tree 12
  == ROOTS (from capture.json — R2: no ambient reads) ==
    project       /home/runner/v2-kq2w2U/observe
    home          /home/runner
    jailHome      /home/runner/v2-kq2w2U/jailhome
    globalStore   /home/runner/.cache/nub/pm/store   [declared, not keyed on]
    projectStore  /home/runner/v2-kq2w2U/observe/node_modules/.store   [declared, not keyed on]
    interpreter   /opt/hostedtoolcache/node/22.23.2/x64   [declared, not keyed on]
    toolsDir      /home/runner/.cache/nub/pm/tools   [declared, not keyed on]
    temp          /tmp/nub-tmp-obsLjXPde
    npmPrefix     /home/runner/.cache/nub/pm/tools/npm-prefix
    ownPkg        /home/runner/v2-kq2w2U/observe/node_modules/cypress
  == WRITES the script actually performed ==
    jailHome  25827  (base profile already grants this — NOT billed)
        /home/runner/v2-kq2w2U/jailhome/.cache
        /home/runner/v2-kq2w2U/jailhome/.cache/Cypress
        /home/runner/v2-kq2w2U/jailhome/.cache/Cypress/9.7.0
        /home/runner/v2-kq2w2U/jailhome/.cache/Cypress/9.7.0/Cypress
        /home/runner/v2-kq2w2U/jailhome/.cache/Cypress/9.7.0/Cypress/locales
        /home/runner/v2-kq2w2U/jailhome/.cache/Cypress/9.7.0/Cypress/locales/en-US.pak
        /home/runner/v2-kq2w2U/jailhome/.cache/Cypress/9.7.0/Cypress/locales/zh-TW.pak
        /home/runner/v2-kq2w2U/jailhome/.cache/Cypress/9.7.0/Cypress/locales/he.pak
        /home/runner/v2-kq2w2U/jailhome/.cache/Cypress/9.7.0/Cypress/locales/hi.pak
        /home/runner/v2-kq2w2U/jailhome/.cache/Cypress/9.7.0/Cypress/locales/ca.pak
        … and 25817 more
    jailTmp       1  (base profile already grants this — NOT billed)
        /tmp/nub-tmp-obsLjXPde/cypress-14586.zip
  == NETWORK ==
    AF_INET sockets: 8   distinct peers: 3
        127.0.0.53:53
        104.16.3.34:443
        104.20.35.55:443
  == REFUSALS (only `= -1 EACCES/EPERM/EROFS`) ==
    distinct: 0
  == SYNTHESIZED GRANT (verify this in the real unprivileged jail) ==
    {"network":true,"writePaths":[".cache/Cypress"]}
  == writePaths (DERIVED — promotion out of the package's PRIVATE home) ==
    private-home writes observed: 25827
        .cache/Cypress
  == writePaths FEASIBILITY (distinct writes outside project/deps) ==
    count: 0
    EVENTS    93808 distinct from 346508 calls (346962 lines, 424 rejoined, 0 unparsed)
    PROCS     26   lifecycle shells 14
    ⛔ 3 paths with an UNRESOLVED dirfd — kept, marked, never guessed
    unsubscribed/unmapped syscalls: setsockopt×45 getsockname×42 getsockopt×25 exit×20 recvmsg×11 socketpair×6 getcwd×5 shutdown×5
    wrote /home/runner/v2-kq2w2U/observe/events.ndjson.gz (483072 bytes)
  EVENTLOG-FILE /home/runner/v2-kq2w2U/observe/events.ndjson.gz
  EVENTLOG-STATS {"lines":346962,"parsed":346508,"unparsed":0,"unfinished":424,"rejoined":424,"unresolvedDirfd":3,"truncatedArg":0,"procs":26,"lifecyclePids":14,"distinctEvents":93808,"unknownSyscall":{"getsockname":42,"getsockopt":25,"getcwd":5,"recvmsg":11,"exit":20,"setsockopt":45,"sendmmsg":3,"socketpair":6,"shutdown":5,"exit_group":4,"wait4":4},"out":"/home/runner/v2-kq2w2U/observe/events.ndjson.gz","gzipBytes":483072}
  EVICT     84 store entries removed, 4 spared as nub tooling
  SE-PURGE  0 side-effects-cache entries for cypress
OSV-SCREEN {"schemaVersion":1,"kind":"nub-synth-resolved","status":"clean","digest":"0738f9446bd7e4090b88bfb3d4738112ece7dc79e149c8174c6199fd018a2a36","specCount":175,"lockfiles":{"digest":"1904add68d4a9eadda7f3efaf70b45b05884efb1786513cde3ba6b57ff116f7f","files":[{"path":"nub.lock","sha256":"9ccd92d2c2e07280c5a8af25ee207dbe19b8d75869ad11bcb1bfba5d6d5077d6","bytes":41039}]},"maliciousAdvisories":[],"screenedAt":"2026-09-08T03:05:22.899Z","cacheHit":true,"clearancePath":"/home/runner/v2-kq2w2U/security/nub-synth-resolved.json"}
  SECURITY nub-synth-resolved clean: 175 exact package-version(s), tree 0738f9446bd7 (cached exact-tree clearance)
  VENUE-STORE-LAYOUT isolated
  VERIFY[synth] rc=0 artifacts=751/751 missing=0 shortfall=none (tree 20309/6520) OVERRIDDEN=2 REJECTED=0 grant={"network":true,"writePaths":[".cache/Cypress"]}
  => VERIFIED {"network":true,"writePaths":[".cache/Cypress"]}   (observed, then verified)
  EVICT     173 store entries removed, 4 spared as nub tooling
  SE-PURGE  0 side-effects-cache entries for cypress
OSV-SCREEN {"schemaVersion":1,"kind":"nub-drop-no-network-resolved","status":"clean","digest":"0738f9446bd7e4090b88bfb3d4738112ece7dc79e149c8174c6199fd018a2a36","specCount":175,"lockfiles":{"digest":"1904add68d4a9eadda7f3efaf70b45b05884efb1786513cde3ba6b57ff116f7f","files":[{"path":"nub.lock","sha256":"9ccd92d2c2e07280c5a8af25ee207dbe19b8d75869ad11bcb1bfba5d6d5077d6","bytes":41039}]},"maliciousAdvisories":[],"screenedAt":"2026-09-08T03:05:22.899Z","cacheHit":true,"clearancePath":"/home/runner/v2-kq2w2U/security/nub-drop-no-network-resolved.json"}
  SECURITY nub-drop-no-network-resolved clean: 175 exact package-version(s), tree 0738f9446bd7 (cached exact-tree clearance)
  VERIFY[drop-no-network] rc=1 artifacts=751/751 missing=0 shortfall=none (tree 20310/6520) OVERRIDDEN=2 REJECTED=0 grant={"writePaths":[".cache/Cypress"]}
     'no-network' is NECESSARY — dropping it fails to verify
  => MINIMAL — every capability in {"network":true,"writePaths":[".cache/Cypress"]} is independently necessary
