### netlify-cli@22.4.0   (/home/runner/v2-t3wQ7v)
  CI-ENV scrubbed: CI GITHUB_ACTIONS
OSV-SCREEN {"schemaVersion":1,"kind":"direct","status":"clean","digest":"156dd8c9f501543aff1b37e5e736ba4dca1d38aee3881e0fa2223e725ea4f2bc","specCount":1,"lockfiles":{"digest":null,"files":[]},"maliciousAdvisories":[],"screenedAt":"2026-09-08T00:09:11.584Z","cacheHit":false,"clearancePath":"/home/runner/v2-t3wQ7v/security/direct.json"}
  SECURITY direct clean: 1 exact package-version(s), tree 156dd8c9f501
  VENUE-OBSERVE-USER {"uid":1001,"user":"runner","umask":"0022","capBnd":"000001ffffffffff","noNewPrivs":"0"}
  VENUE-NUB-BINARY {"path":"/tmp/nub/target/release/nub","sha256":"2a18683f50f7afeb02a521cd3cae175dc2f91780d461c5f012065241f5a1447b","bytes":207643464,"features":{"buildJailCatalogOverride":true,"pythonDontWriteBytecodeEnv":true}}
OSV-SCREEN {"schemaVersion":1,"kind":"npm-observe-resolved","status":"clean","digest":"f5963c8bf7f9dd733d6d27e7f3b64ca5e031a2ca64adead9a8d2a96511c4c827","specCount":880,"lockfiles":{"digest":"b43b38ff762433e976f5e405aa488a2da73f4e4e38278237708659ccff3d56d7","files":[{"path":"package-lock.json","sha256":"5e384aa5b0b70d4371b98a938ba861cd28ef0623f453e242f9c2e7b3da08ebac","bytes":537076}]},"maliciousAdvisories":[],"screenedAt":"2026-09-08T00:09:25.768Z","cacheHit":false,"clearancePath":"/home/runner/v2-t3wQ7v/security/npm-observe-resolved.json"}
  SECURITY npm-observe-resolved clean: 880 exact package-version(s), tree f5963c8bf7f9
  OBSERVE   rc=0 files=27593 trace=45594 lines
  CLOSURE   1 packages evicted per arm
  ARM-FALSIFIABILITY {"manifestFiles":918,"filesTheScriptProduced":0,"reasons":["gate-vacuous"]}
  ⛔ ARMS-UNFALSIFIABLE — a green arm for this package carries no evidence:
       gate-vacuous: the script changed no file the artifact gate keys on — every file in the manifest (918) was already present at its final size before the script ran, so the gate passes in every arm including a completely broken one
       The grant may still be correct; what is missing is a signal that could have gone
       red. Do not read this record's MINIMAL as a passing measurement.
  RAWLOG-FILE /home/runner/v2-t3wQ7v/observe/trace.txt.gz
  RAWLOG-CAPTURE /home/runner/v2-t3wQ7v/observe/capture.json
  RAWLOG-BYTES raw=9294226 gz=260374
  VENUE-INTERPRETER /opt/hostedtoolcache/node/22.23.2/x64
  VENUE-OVERRIDES {"set":{"HOME":"/home/runner/v2-t3wQ7v/jailhome","TMPDIR":"/tmp/nub-tmp-obsMQjj54","NODE_COMPAT":"1","PLAYWRIGHT_BROWSERS_PATH":"/home/runner/.cache/nub/pm/tools/ms-playwright","ELECTRON_CACHE":"/home/runner/.cache/nub/pm/tools/electron-cache","electron_config_cache":"/home/runner/.cache/nub/pm/tools/electron-cache","npm_config_prefix":"/home/runner/.cache/nub/pm/tools/npm-prefix","PYTHONDONTWRITEBYTECODE":"1","NUB_CACHE_DIR":"/home/runner/v2-t3wQ7v/nubcache"},"unset":["CI","GITHUB_ACTIONS"],"passedThrough":{"CI":"true","GITHUB_ACTIONS":"true","NODE_ENV":null}}
  == ATTRIBUTION == attributed pids: 18
    writes  script 2  /  whole traced tree 1090
    sockets script 0  /  whole traced tree 4
  == ROOTS (from capture.json — R2: no ambient reads) ==
    project       /home/runner/v2-t3wQ7v/observe
    home          /home/runner
    jailHome      /home/runner/v2-t3wQ7v/jailhome
    globalStore   /home/runner/.cache/nub/pm/store   [declared, not keyed on]
    projectStore  /home/runner/v2-t3wQ7v/observe/node_modules/.store   [declared, not keyed on]
    interpreter   /opt/hostedtoolcache/node/22.23.2/x64   [declared, not keyed on]
    toolsDir      /home/runner/.cache/nub/pm/tools   [declared, not keyed on]
    temp          /tmp/nub-tmp-obsMQjj54
    npmPrefix     /home/runner/.cache/nub/pm/tools/npm-prefix
    ownPkg        /home/runner/v2-t3wQ7v/observe/node_modules/netlify-cli
  == WRITES the script actually performed ==
    userHome      2
  == NETWORK ==
    AF_INET sockets: 0   distinct peers: 2
        127.0.0.53:53
        104.16.0.34:443
  == REFUSALS (only `= -1 EACCES/EPERM/EROFS`) ==
    distinct: 0
  == SYNTHESIZED GRANT (verify this in the real unprivileged jail) ==
    {"write":{"userHome":true}}
  == writePaths (DERIVED — promotion out of the package's PRIVATE home) ==
    private-home writes observed: 0
    none declared — the script wrote nothing into its private home — there is nothing to promote
    2 write(s) landed in the REAL home by absolute path, so promotion cannot reach them — nub moves OUT of the private home, and nothing of theirs is in it. Only `write:{userHome}` covers these; emitting `writePaths` instead would be an UNDER-GRANT.
  == writePaths FEASIBILITY (distinct writes outside project/deps) ==
    count: 2
        .config/netlify
        .config/netlify/autocompletion.json
    EVENTS    17030 distinct from 40570 calls (45595 lines, 4997 rejoined, 0 unparsed)
    PROCS     25   lifecycle shells 13
    ⛔ 734 paths with an UNRESOLVED dirfd — kept, marked, never guessed
    unsubscribed/unmapped syscalls: getcwd×68 getsockname×42 getsockopt×29 setsockopt×23 exit×20 recvmsg×7 socketpair×3 shutdown×3
    wrote /home/runner/v2-t3wQ7v/observe/events.ndjson.gz (101479 bytes)
  EVENTLOG-FILE /home/runner/v2-t3wQ7v/observe/events.ndjson.gz
  EVENTLOG-STATS {"lines":45595,"parsed":40570,"unparsed":0,"unfinished":4997,"rejoined":4997,"unresolvedDirfd":734,"truncatedArg":0,"procs":25,"lifecyclePids":13,"distinctEvents":17030,"unknownSyscall":{"getsockname":42,"getsockopt":29,"getcwd":68,"recvmsg":7,"exit":20,"setsockopt":23,"sendmmsg":1,"socketpair":3,"shutdown":3,"exit_group":3,"wait4":3},"out":"/home/runner/v2-t3wQ7v/observe/events.ndjson.gz","gzipBytes":101479}
  EVICT     0 store entries removed, 0 spared as nub tooling
  SE-PURGE  0 side-effects-cache entries for netlify-cli
OSV-SCREEN {"schemaVersion":1,"kind":"nub-synth-resolved","status":"clean","digest":"34119bc3f52b56a25fe3ab13e2b0e9a45580b9515830a121ab9034be841c0877","specCount":950,"lockfiles":{"digest":"f89668806400bdc591d4e7cfd6f923d2416b225a7c77109e0359e5d460727679","files":[{"path":"nub.lock","sha256":"7c218c92e8e49960a81905cf6ec2a54479fabff0d12a093c2f0490dfe3da8480","bytes":282963}]},"maliciousAdvisories":[],"screenedAt":"2026-09-08T00:09:41.748Z","cacheHit":false,"clearancePath":"/home/runner/v2-t3wQ7v/security/nub-synth-resolved.json"}
  SECURITY nub-synth-resolved clean: 950 exact package-version(s), tree 34119bc3f52b
  VENUE-STORE-LAYOUT isolated
  VERIFY[synth] rc=0 artifacts=918/918 missing=0 shortfall=none (tree 108438/27593) OVERRIDDEN=2 REJECTED=0 grant={"write":{"userHome":true}}
  => VERIFIED {"write":{"userHome":true}}   (observed, then verified)
  EVICT     1 store entries removed, 0 spared as nub tooling
  SE-PURGE  0 side-effects-cache entries for netlify-cli
OSV-SCREEN {"schemaVersion":1,"kind":"nub-drop-no-write-userHome-resolved","status":"clean","digest":"34119bc3f52b56a25fe3ab13e2b0e9a45580b9515830a121ab9034be841c0877","specCount":950,"lockfiles":{"digest":"f89668806400bdc591d4e7cfd6f923d2416b225a7c77109e0359e5d460727679","files":[{"path":"nub.lock","sha256":"7c218c92e8e49960a81905cf6ec2a54479fabff0d12a093c2f0490dfe3da8480","bytes":282963}]},"maliciousAdvisories":[],"screenedAt":"2026-09-08T00:09:41.748Z","cacheHit":true,"clearancePath":"/home/runner/v2-t3wQ7v/security/nub-drop-no-write-userHome-resolved.json"}
  SECURITY nub-drop-no-write-userHome-resolved clean: 950 exact package-version(s), tree 34119bc3f52b (cached exact-tree clearance)
  VERIFY[drop-no-write-userHome] rc=0 artifacts=918/918 missing=0 shortfall=none (tree 108438/27593) OVERRIDDEN=2 REJECTED=0 grant={}
     ⛔ OVER-PREDICTED: dropping 'no-write-userHome' STILL VERIFIES — {} is sufficient
  => OVER-PREDICTED by: no-write-userHome  (synthesized {"write":{"userHome":true}}; each named capability drops on its own)
