### saucectl@0.206.0   (D:\jail\m-saucectl-mts2anzm)
  CI-ENV scrubbed: CI GITHUB_ACTIONS
OSV-SCREEN {"schemaVersion":1,"kind":"direct","status":"clean","digest":"52656c50fc2b1afa20b2e43194962dc189558b2f273c4138dd9b99aeb853e6a0","specCount":1,"lockfiles":{"digest":null,"files":[]},"maliciousAdvisories":[],"screenedAt":"2026-09-08T02:40:07.921Z","cacheHit":false,"clearancePath":"D:\\jail\\m-saucectl-mts2anzm\\security\\direct.json"}
  SECURITY direct clean: 1 exact package-version(s), tree 52656c50fc2b
OSV-SCREEN {"schemaVersion":1,"kind":"npm-observe-resolved","status":"clean","digest":"327b329b96a65565bfdc6170eb871c97db755b5d4e629f4048983e084cd27462","specCount":44,"lockfiles":{"digest":"8eb19fc53d8e9df89cddfbc98c8eee03ea62748f66b96a9159658c2956d9ad1d","files":[{"path":"package-lock.json","sha256":"bd819e7501cb4c2a242d71423a7ec2e6f411916063bb3ab0c111151fb0a12b0b","bytes":19402}]},"maliciousAdvisories":[],"screenedAt":"2026-09-08T02:40:12.157Z","cacheHit":false,"clearancePath":"D:\\jail\\m-saucectl-mts2anzm\\security\\npm-observe-resolved.json"}
  SECURITY npm-observe-resolved clean: 44 exact package-version(s), tree 327b329b96a6
  CAPTURE user=runnervmeef0v\runneradmin elevated=True rootPid=8040 exit=0 events=25192 lost=0
  VENUE-OBSERVE-USER runnervmeef0v\runneradmin elevated=true privDropped={"SeBackupPrivilege":"removed","SeRestorePrivilege":"removed","SeTakeOwnershipPrivilege":"removed"}
  OBSERVE artifacts: 8 files  (D:\jail\m-saucectl-mts2anzm\observe\node_modules\saucectl)
  ARM-FALSIFIABILITY {"manifestFiles":8,"filesTheScriptProduced":1,"reasons":[]}
  CLOSURE 42 packages evicted per arm
  8.3 MAP 0 components resolved on runnervmeef0v, folded into capture.json
  == ROOTS (from capture.json — R2: no ambient reads) ==
    project       D:\jail\m-saucectl-mts2anzm\observe   [keyed on]
    home          C:\Users\runneradmin   [keyed on]
    jailHome      (null — declared inapplicable)
    globalStore   C:\Users\runneradmin\AppData\Local\nub\pm\store
    projectStore  D:\jail\m-saucectl-mts2anzm\observe\node_modules\.store
    interpreter   C:\hostedtoolcache\windows\node\22.23.2\x64\node.exe
    toolsDir      C:\Users\runneradmin\AppData\Local\nub\pm\tools
    temp          D:\jail\m-saucectl-mts2anzm\tmp   [keyed on]
    npmPrefix     (null — declared inapplicable)
    ownPkg        D:\jail\m-saucectl-mts2anzm\observe\node_modules\saucectl
  == ATTRIBUTION == lifecycle pids: 3 (root 8040)
    writes  script 2  /  whole traced tree 13
    peers   script 2  /  whole traced tree 2
  == WRITES ==
    deps          2
  == READS ==
    deps        148
    outside       6
    project       1
    systemfs     34
  == NETWORK ==
    distinct peers: 2
        140.82.112.4:443
        185.199.111.133:443
  == REFUSALS (adapter-classified) ==
    distinct: 0
  == SYNTHESIZED GRANT (verify this in the real unprivileged jail) ==
    {"write":{"deps":true},"network":true}
  RAW       etw-raw.xml.gz  32228152 B xml -> 464690 B gz (69.4x)  sha256 9b5a99836c7a7c43…
  HEADER    etw-header.json (5060 bytes)
  DERIVED   5987 distinct from 8130 kept ops (25192 xml events, 1634 out of subtree)
  PROCS     5   thread-reattributed 0
  ⛔ 1 operations with NO OperationEnd — kept, status marked unknown
  8.3       0 expanded, 0 kept short, 0 not covered  [map: recorded 8.3 map (0 components, resolved on runnervmeef0v)]
  wrote events.ndjson.gz (75357 bytes)
  RAWLOG-CAPTURE D:\jail\m-saucectl-mts2anzm\cap\capture.json
  VENUE-NUB-BINARY {"path":"C:/Users/RUNNER~1/AppData/Local/Temp/nub/target/release/nub.exe","sha256":"f186817a44be332fee712b4936a071a0b5f9cde18a1d2fdc3a791729d4bf1005","bytes":68717056,"features":{"buildJailCatalogOverride":true,"pythonDontWriteBytecodeEnv":true}}
  VENUE-INTERPRETER C:\hostedtoolcache\windows\node\22.23.2\x64\node.exe
  VENUE-JAIL-ROOT D:\jail\m-saucectl-mts2anzm
  VENUE-OVERRIDES {"set":{"npm_config_cache":"D:\\jail\\m-saucectl-mts2anzm\\npm-cache","TMP":"D:\\jail\\m-saucectl-mts2anzm\\tmp","TEMP":"D:\\jail\\m-saucectl-mts2anzm\\tmp","TMPDIR":"D:\\jail\\m-saucectl-mts2anzm\\tmp"},"unset":["CI","GITHUB_ACTIONS"],"notRedirected":{"USERPROFILE":"C:\\Users\\runneradmin","why":"the jail leaves HOME/USERPROFILE alone — `build_jail.rs` sandbox_homes() reads the ambient value and `compiler/defaults.rs` BASELINE_ENV_EXACT passes it through — so there is no private jail home to reproduce and redirecting one would measure an environment no confined script sees"},"passedThrough":{"CI":"true","GITHUB_ACTIONS":"true","NODE_ENV":null}}
  STORE   isolated virtual store at D:\jail\m-saucectl-mts2anzm\verify-synth\.cache
  VENUE-STORE-LAYOUT isolated
OSV-SCREEN {"schemaVersion":1,"kind":"nub-synth-resolved","status":"clean","digest":"327b329b96a65565bfdc6170eb871c97db755b5d4e629f4048983e084cd27462","specCount":44,"lockfiles":{"digest":"c17d46de30cf47c5c4f51d8f24a8eaf822f814486a21e5e68ec1261898dfd33f","files":[{"path":"nub.lock","sha256":"d90f9ed358bf078536baa10adabd18ff381cbcaad8108ffbd73834fa4eb60d10","bytes":12723}]},"maliciousAdvisories":[],"screenedAt":"2026-09-08T02:40:12.157Z","cacheHit":true,"clearancePath":"D:\\jail\\m-saucectl-mts2anzm\\security\\nub-synth-resolved.json"}
  SECURITY nub-synth-resolved clean: 44 exact package-version(s), tree 327b329b96a6 (cached exact-tree clearance)
  VERIFY[synth] rc=0 artifacts=8/8 missing=0 shortfall=none (tree 6481/634) OVERRIDDEN=2 REJECTED=0 grant={"write":{"deps":true},"network":true}
  => MINIMUM {"write":{"deps":true},"network":true}   (observed, then verified)
  STORE   isolated virtual store at D:\jail\m-saucectl-mts2anzm\verify-nar-no-network\.cache
OSV-SCREEN {"schemaVersion":1,"kind":"nub-nar-no-network-resolved","status":"clean","digest":"327b329b96a65565bfdc6170eb871c97db755b5d4e629f4048983e084cd27462","specCount":44,"lockfiles":{"digest":"c17d46de30cf47c5c4f51d8f24a8eaf822f814486a21e5e68ec1261898dfd33f","files":[{"path":"nub.lock","sha256":"d90f9ed358bf078536baa10adabd18ff381cbcaad8108ffbd73834fa4eb60d10","bytes":12723}]},"maliciousAdvisories":[],"screenedAt":"2026-09-08T02:40:12.157Z","cacheHit":true,"clearancePath":"D:\\jail\\m-saucectl-mts2anzm\\security\\nub-nar-no-network-resolved.json"}
  SECURITY nub-nar-no-network-resolved clean: 44 exact package-version(s), tree 327b329b96a6 (cached exact-tree clearance)
  VERIFY[nar-no-network] rc=1 artifacts=7/8 missing=1 shortfall=7b125f15df9d (tree 6481/634) OVERRIDDEN=2 REJECTED=0 grant={"write":{"deps":true}}
     missing artifacts: bin/saucectl.exe
     'no-network' is NECESSARY — dropping it fails to verify
  STORE   isolated virtual store at D:\jail\m-saucectl-mts2anzm\verify-nar-no-write-deps\.cache
OSV-SCREEN {"schemaVersion":1,"kind":"nub-nar-no-write-deps-resolved","status":"clean","digest":"327b329b96a65565bfdc6170eb871c97db755b5d4e629f4048983e084cd27462","specCount":44,"lockfiles":{"digest":"c17d46de30cf47c5c4f51d8f24a8eaf822f814486a21e5e68ec1261898dfd33f","files":[{"path":"nub.lock","sha256":"d90f9ed358bf078536baa10adabd18ff381cbcaad8108ffbd73834fa4eb60d10","bytes":12723}]},"maliciousAdvisories":[],"screenedAt":"2026-09-08T02:40:12.157Z","cacheHit":true,"clearancePath":"D:\\jail\\m-saucectl-mts2anzm\\security\\nub-nar-no-write-deps-resolved.json"}
  SECURITY nub-nar-no-write-deps-resolved clean: 44 exact package-version(s), tree 327b329b96a6 (cached exact-tree clearance)
  VERIFY[nar-no-write-deps] rc=0 artifacts=8/8 missing=0 shortfall=none (tree 6481/634) OVERRIDDEN=2 REJECTED=0 grant={"network":true}
     ⛔ OVER-PREDICTED — the strictly narrower {"network":true} also verifies; 'no-write-deps' was not needed
