OSV-SCREEN {"schemaVersion":1,"kind":"direct","status":"clean","digest":"bbee88389b895e82f9d96378aa373bac7e43c677ad53630d69c84d7b18e3c501","specCount":1,"lockfiles":{"digest":null,"files":[]},"maliciousAdvisories":[],"screenedAt":"2026-09-08T03:36:53.916Z","cacheHit":false,"clearancePath":"/Users/runner/v2m-uyFWIq/security/direct.json"}
  SECURITY direct clean: 1 exact package-version(s), tree bbee88389b89
### recoil@0.6.0   (/Users/runner/v2m-uyFWIq)   nub=/tmp/nub/target/release/nub
  VENUE-NUB-BINARY {"path":"/tmp/nub/target/release/nub","sha256":"f923f9d246b7061a3e88675efb7b4fdcda741d02368002ce6e7f7044b01e7bbe","bytes":93818888,"features":{"buildJailCatalogOverride":true,"pythonDontWriteBytecodeEnv":true}}
  CI-ENV scrubbed: CI GITHUB_ACTIONS
  --- fbt preflight (advisory; never fails the run) ---
     csrutil: System Integrity Protection status: disabled.
     fbt probes visible: 93591
     fbt enable attempt: dtrace: description 'fbt:::entry ' matched 50364 probes CPU     ID                    FUNCTION:NAME 
     cwd builtin value:  
     fbt chdir symbols:  
     fbt fires on spawn-with-cwd: dtrace: invalid probe specifier fbt::chdir*:entry /progenyof($target)/ { @[probefunc] = count(); }: probe description fbt::chdir*:entry does not match any probes 
  --- end fbt preflight ---
OSV-SCREEN {"schemaVersion":1,"kind":"npm-observe-resolved","status":"clean","digest":"a96a1205bf9ca1a42fe8d21c4624bd4bbc2a5020ba50b00301dbb32169acadef","specCount":3,"lockfiles":{"digest":"1676eee1f6810f5389f1412ae528cc26c32aeb3f7c96a2b6b637bc4a875552d5","files":[{"path":"package-lock.json","sha256":"35b792351e7dd2424c785ddcc5a3901a522e5853f9b2b93306881fa2724fba26","bytes":1464}]},"maliciousAdvisories":[],"screenedAt":"2026-09-08T03:36:59.717Z","cacheHit":false,"clearancePath":"/Users/runner/v2m-uyFWIq/security/npm-observe-resolved.json"}
  SECURITY npm-observe-resolved clean: 3 exact package-version(s), tree a96a1205bf9c
  VENUE-CI-CHILD clean (no CI-detection variable reaches the traced script)
  --- wrapper (run.sh) ---
     cd "/Users/runner/v2m-uyFWIq/Observe"
     sudo -u "runner" -H env "PATH=$PATH"   "HOME=/Users/runner/v2m-uyFWIq/jailhome"   "TMPDIR=/private/var/folders/bl/vzjcvbz95c3dk19cb0fw46180000gn/T/nub-tmp-obsjLVRMt"   "NODE_COMPAT=1"   "PYTHONDONTWRITEBYTECODE=1"   "PLAYWRIGHT_BROWSERS_PATH=/Users/runner/.cache/nub/pm/tools/ms-playwright"   "ELECTRON_CACHE=/Users/runner/.cache/nub/pm/tools/electron-cache"   "electron_config_cache=/Users/runner/.cache/nub/pm/tools/electron-cache"   "npm_config_prefix=/Users/runner/.cache/nub/pm/tools/npm-prefix"   "/Users/runner/hostedtoolcache/node/22.23.2/arm64/bin/npm" rebuild --no-audit --no-fund "recoil" > "/Users/runner/v2m-uyFWIq/Observe/npm.log" 2>&1
     echo $? > "/Users/runner/v2m-uyFWIq/Observe/rc"
  --- dtrace stderr + wrapper trace ---
     + cd /Users/runner/v2m-uyFWIq/Observe
     + sudo -u runner -H env PATH=/Users/runner/hostedtoolcache/node/22.23.2/arm64/bin:/opt/homebrew/lib/ruby/gems/3.3.0/bin:/opt/homebrew/opt/ruby@3.3/bin:/Users/runner/.local/bin:/opt/homebrew/bin:/opt/homebrew/sbin:/Users/runner/.cargo/bin:/usr/local/opt/curl/bin:/usr/local/bin:/usr/local/sbin:/Users/runner/bin:/Users/runner/.yarn/bin:/Users/runner/Library/Android/sdk/tools:/Users/runner/Library/Android/sdk/platform-tools:/Library/Frameworks/Python.framework/Versions/Current/bin:/Library/Frameworks/Mono.framework/Versions/Current/Commands:/usr/bin:/bin:/usr/sbin:/sbin:/Users/runner/.dotnet/tools HOME=/Users/runner/v2m-uyFWIq/jailhome TMPDIR=/private/var/folders/bl/vzjcvbz95c3dk19cb0fw46180000gn/T/nub-tmp-obsjLVRMt NODE_COMPAT=1 PYTHONDONTWRITEBYTECODE=1 PLAYWRIGHT_BROWSERS_PATH=/Users/runner/.cache/nub/pm/tools/ms-playwright ELECTRON_CACHE=/Users/runner/.cache/nub/pm/tools/electron-cache electron_config_cache=/Users/runner/.cache/nub/pm/tools/electron-cache npm_config_prefix=/Users/runner/.cache/nub/pm/tools/npm-prefix /Users/runner/hostedtoolcache/node/22.23.2/arm64/bin/npm rebuild --no-audit --no-fund recoil
     dtrace: error on enabled probe ID 128 (ID 286: syscall::execve:entry): invalid address (0x600003aec000) in action #1 at DIF offset 20
     + echo 1
  OBSERVE   rc=1 dtrace_rc=0 files=178 (pre=176) trace=11831 lines
  => BROKEN-WITHOUT-JAIL-TOO (unjailed control failed rc=1; nothing to measure)
     npm error code 1
     npm error path /Users/runner/v2m-uyFWIq/Observe/node_modules/recoil
     npm error command failed
     npm error command sh -c cd ./node_modules/gen-flow-files && yarn install && yarn build
     npm error sh: line 0: cd: ./node_modules/gen-flow-files: No such file or directory
     npm error A complete log of this run can be found in: /Users/runner/v2m-uyFWIq/jailhome/.npm/_logs/2026-09-08T03_37_00_973Z-debug-0.log
