### nexus@0.30.1   (D:\jail\m-nexus-msjsrwkl)
  CI-ENV scrubbed: CI GITHUB_ACTIONS
  CAPTURE user=runnervm7vqe0\runneradmin elevated=True rootPid=8556 exit=0 events=24963 lost=0
  VENUE-OBSERVE-USER runnervm7vqe0\runneradmin elevated=true privDropped={"SeBackupPrivilege":"removed","SeRestorePrivilege":"removed","SeTakeOwnershipPrivilege":"removed"}
  OBSERVE artifacts: 5 files  (D:\jail\m-nexus-msjsrwkl\observe\node_modules\nexus)
  ARM-FALSIFIABILITY {"manifestFiles":5,"filesTheScriptProduced":0,"reasons":["gate-vacuous"]}
  ⛔ ARMS-UNFALSIFIABLE — a green arm for this package carries no evidence:
       gate-vacuous: the script changed no file the artifact gate keys on — every file in the manifest (5) was already present at its final size before the script ran, so the gate passes in every arm including a completely broken one
       The grant may still be correct; what is missing is a signal that could have gone
       red. Do not read this record's MINIMAL as a passing measurement.
  CLOSURE 1 packages evicted per arm
  8.3 MAP 0 components resolved on runnervm7vqe0, folded into capture.json
  == ROOTS (from capture.json — R2: no ambient reads) ==
    project       D:\jail\m-nexus-msjsrwkl\observe   [keyed on]
    home          C:\Users\runneradmin   [keyed on]
    jailHome      (null — declared inapplicable)
    globalStore   C:\Users\runneradmin\AppData\Local\nub\pm\store
    projectStore  D:\jail\m-nexus-msjsrwkl\observe\node_modules\.store
    interpreter   C:\hostedtoolcache\windows\node\22.23.2\x64\node.exe
    toolsDir      C:\Users\runneradmin\AppData\Local\nub\pm\tools
    temp          D:\jail\m-nexus-msjsrwkl\tmp   [keyed on]
    npmPrefix     (null — declared inapplicable)
    ownPkg        D:\jail\m-nexus-msjsrwkl\observe\node_modules\nexus
  == ATTRIBUTION == lifecycle pids: 2 (root 8556)
    writes  script 0  /  whole traced tree 6
    peers   script 0  /  whole traced tree 0
  == WRITES ==
  == READS ==
    deps          5
    outside       6
    project       1
    systemfs     23
  == NETWORK ==
    distinct peers: 0
  == REFUSALS (adapter-classified) ==
    distinct: 0
  == SYNTHESIZED GRANT (verify this in the real unprivileged jail) ==
    {}
  RAW       etw-raw.xml.gz  31852472 B xml -> 491542 B gz (64.8x)  sha256 bcd68cdccd032b1c…
  HEADER    etw-header.json (5033 bytes)
  DERIVED   5219 distinct from 6368 kept ops (24963 xml events, 2927 out of subtree)
  PROCS     4   thread-reattributed 0
  ⛔ 1 handle ops whose path no table could supply
  8.3       0 expanded, 0 kept short, 0 not covered  [map: recorded 8.3 map (0 components, resolved on runnervm7vqe0)]
  wrote events.ndjson.gz (65808 bytes)
  RAWLOG-CAPTURE D:\jail\m-nexus-msjsrwkl\cap\capture.json
  VENUE-NUB-BINARY {"path":"C:/Users/RUNNER~1/AppData/Local/Temp/nub/target/release/nub.exe","sha256":"7686f225e7a1b79f8de373f5855ed610abf884d69ae9275d8e9531da2ce834d6","bytes":68896768,"features":{"buildJailCatalogOverride":true,"pythonDontWriteBytecodeEnv":true}}
  VENUE-INTERPRETER C:\hostedtoolcache\windows\node\22.23.2\x64\node.exe
  VENUE-JAIL-ROOT D:\jail\m-nexus-msjsrwkl
  VENUE-STORE-LAYOUT hoisted
  VENUE-OVERRIDES {"set":{"npm_config_cache":"D:\\jail\\m-nexus-msjsrwkl\\npm-cache","TMP":"D:\\jail\\m-nexus-msjsrwkl\\tmp","TEMP":"D:\\jail\\m-nexus-msjsrwkl\\tmp","TMPDIR":"D:\\jail\\m-nexus-msjsrwkl\\tmp"},"unset":["CI","GITHUB_ACTIONS"],"notRedirected":{"USERPROFILE":"C:\\Users\\runneradmin","why":"the jail leaves HOME/USERPROFILE alone — `build_jail.rs` sandbox_homes() reads the ambient value and `compiler/defaults.rs` BASELINE_ENV_EXACT passes it through — so there is no private jail home to reproduce and redirecting one would measure an environment no confined script sees"},"passedThrough":{"CI":"true","GITHUB_ACTIONS":"true","NODE_ENV":null}}
  STORE   isolated virtual store at D:\jail\m-nexus-msjsrwkl\verify-synth\.cache
  VERIFY[synth] rc=0 artifacts=5/5 missing=0 shortfall=none (tree 5658/9) OVERRIDDEN=2 REJECTED=0 grant={}
  => MINIMUM {}   (observed, then verified)
  DESCEND   grant is already empty — nothing to narrow; MINIMAL by construction.
