### subrequests-json-merger@1.13.0   (D:\jail\m-subrequestsjsonmerger-mttj7syd)
  CI-ENV scrubbed: CI GITHUB_ACTIONS
OSV-SCREEN {"schemaVersion":1,"kind":"direct","status":"clean","digest":"a9b596046f477cf9ceba3dbdf124980adc581ac93c187f47fe06d2aab1c18a66","specCount":1,"lockfiles":{"digest":null,"files":[]},"maliciousAdvisories":[],"screenedAt":"2026-09-09T03:21:34.056Z","cacheHit":false,"clearancePath":"D:\\jail\\m-subrequestsjsonmerger-mttj7syd\\security\\direct.json"}
  SECURITY direct clean: 1 exact package-version(s), tree a9b596046f47
OSV-SCREEN {"schemaVersion":1,"kind":"npm-observe-resolved","status":"clean","digest":"f8dc6a4286a532cc24ae7cefe88a125865301d99b624777eda4e040ff640948a","specCount":156,"lockfiles":{"digest":"3d1d55ad4a43af78214bf8da0c4c89eec18b97b2dfb3e65c265612d04579055d","files":[{"path":"package-lock.json","sha256":"c8c5cf4681cdadec045960b9df04d3f630bb3b7ecd2ecd9c9a63122aceed4143","bytes":63229}]},"maliciousAdvisories":[],"screenedAt":"2026-09-09T03:21:42.911Z","cacheHit":false,"clearancePath":"D:\\jail\\m-subrequestsjsonmerger-mttj7syd\\security\\npm-observe-resolved.json"}
  SECURITY npm-observe-resolved clean: 156 exact package-version(s), tree f8dc6a4286a5
  CAPTURE user=runnervmeef0v\runneradmin elevated=True rootPid=4116 exit=0 events=27987 lost=0
  VENUE-OBSERVE-USER runnervmeef0v\runneradmin elevated=true privDropped={"SeBackupPrivilege":"removed","SeRestorePrivilege":"removed","SeTakeOwnershipPrivilege":"removed"}
  OBSERVE artifacts: 13 files  (D:\jail\m-subrequestsjsonmerger-mttj7syd\observe\node_modules\subrequests-json-merger)
  ARM-FALSIFIABILITY {"manifestFiles":13,"filesTheScriptProduced":0,"reasons":["gate-vacuous"]}
  ⛔ ARMS-UNFALSIFIABLE — a green arm for this package carries no evidence:
       gate-vacuous: the script changed no file the artifact gate keys on — every file in the manifest (13) was already present at its final size before the script ran, so the gate passes in every arm including a completely broken one
       The grant may still be correct; what is missing is a signal that could have gone
       red. Do not read this record's MINIMAL as a passing measurement.
  CLOSURE 133 packages evicted per arm
  8.3 MAP 0 components resolved on runnervmeef0v, folded into capture.json
  == ROOTS (from capture.json — R2: no ambient reads) ==
    project       D:\jail\m-subrequestsjsonmerger-mttj7syd\observe   [keyed on]
    home          C:\Users\runneradmin   [keyed on]
    jailHome      (null — declared inapplicable)
    globalStore   C:\Users\runneradmin\AppData\Local\nub\pm\store
    projectStore  D:\jail\m-subrequestsjsonmerger-mttj7syd\observe\node_modules\.store
    interpreter   C:\hostedtoolcache\windows\node\22.23.2\x64\node.exe
    toolsDir      C:\Users\runneradmin\AppData\Local\nub\pm\tools
    temp          D:\jail\m-subrequestsjsonmerger-mttj7syd\tmp   [keyed on]
    npmPrefix     (null — declared inapplicable)
    ownPkg        D:\jail\m-subrequestsjsonmerger-mttj7syd\observe\node_modules\subrequests-json-merger
  == ATTRIBUTION == lifecycle pids: 6 (root 4116)
    writes  script 4  /  whole traced tree 11
    peers   script 0  /  whole traced tree 0
  == WRITES ==
    outside       1
        d:\jail\m-subrequestsjsonmerger-mttj7syd\npm-cache\_logs\2026-09-09t03_21_46_101z-debug-0.log
    deps          1
    jailTmp       2
  == READS ==
    deps         13
    outside     136
    project       2
    systemfs     32
    jailTmp      93
  == NETWORK ==
    distinct peers: 0
  == REFUSALS (adapter-classified) ==
    distinct: 0
  == SYNTHESIZED GRANT (verify this in the real unprivileged jail) ==
    {"write":{"deps":true}}
    NOTE 2 writes into the DECLARED private temp -- the base profile grants
         that directory unconditionally (preset.rs `$tmp`=rw), so they widen nothing.
    !! 1 writes OUTSIDE project/home -- no scope covers these; inspect before granting
  RAW       etw-raw.xml.gz  35732135 B xml -> 520548 B gz (68.6x)  sha256 b24e90ac554809b8…
  HEADER    etw-header.json (5120 bytes)
  DERIVED   6891 distinct from 8925 kept ops (27987 xml events, 1676 out of subtree)
  PROCS     8   thread-reattributed 0
  ⛔ 1 operations with NO OperationEnd — kept, status marked unknown
  8.3       0 expanded, 0 kept short, 0 not covered  [map: recorded 8.3 map (0 components, resolved on runnervmeef0v)]
  wrote events.ndjson.gz (87492 bytes)
  RAWLOG-CAPTURE D:\jail\m-subrequestsjsonmerger-mttj7syd\cap\capture.json
  VENUE-NUB-BINARY {"path":"C:/Users/RUNNER~1/AppData/Local/Temp/nub/target/release/nub.exe","sha256":"f186817a44be332fee712b4936a071a0b5f9cde18a1d2fdc3a791729d4bf1005","bytes":68717056,"features":{"buildJailCatalogOverride":true,"pythonDontWriteBytecodeEnv":true}}
  VENUE-INTERPRETER C:\hostedtoolcache\windows\node\22.23.2\x64\node.exe
  VENUE-JAIL-ROOT D:\jail\m-subrequestsjsonmerger-mttj7syd
  VENUE-OVERRIDES {"set":{"npm_config_cache":"D:\\jail\\m-subrequestsjsonmerger-mttj7syd\\npm-cache","TMP":"D:\\jail\\m-subrequestsjsonmerger-mttj7syd\\tmp","TEMP":"D:\\jail\\m-subrequestsjsonmerger-mttj7syd\\tmp","TMPDIR":"D:\\jail\\m-subrequestsjsonmerger-mttj7syd\\tmp"},"unset":["CI","GITHUB_ACTIONS"],"notRedirected":{"USERPROFILE":"C:\\Users\\runneradmin","why":"the jail leaves HOME/USERPROFILE alone — `build_jail.rs` sandbox_homes() reads the ambient value and `compiler/defaults.rs` BASELINE_ENV_EXACT passes it through — so there is no private jail home to reproduce and redirecting one would measure an environment no confined script sees"},"passedThrough":{"CI":"true","GITHUB_ACTIONS":"true","NODE_ENV":null}}
  scaffold: 2 dependency package(s) with lifecycle scripts granted a fixed wide grant
  STORE   isolated virtual store at D:\jail\m-subrequestsjsonmerger-mttj7syd\verify-synth\.cache
  VENUE-STORE-LAYOUT isolated
OSV-SCREEN {"schemaVersion":1,"kind":"nub-synth-resolved","status":"clean","digest":"f8dc6a4286a532cc24ae7cefe88a125865301d99b624777eda4e040ff640948a","specCount":156,"lockfiles":{"digest":"119525f37f04110495b4fe8e7c1dd8d559412340ba2a7089017019ea36ee56a5","files":[{"path":"nub.lock","sha256":"74c74d5dcc7d3de63a8ce26ac0027fdbc2314d4a72cd243c3e518156cbab18b7","bytes":31760}]},"maliciousAdvisories":[],"screenedAt":"2026-09-09T03:21:42.911Z","cacheHit":true,"clearancePath":"D:\\jail\\m-subrequestsjsonmerger-mttj7syd\\security\\nub-synth-resolved.json"}
  SECURITY nub-synth-resolved clean: 156 exact package-version(s), tree f8dc6a4286a5 (cached exact-tree clearance)
  VERIFY[synth] rc=0 artifacts=13/13 missing=0 shortfall=none (tree 12687/5442) OVERRIDDEN=2 REJECTED=0 grant={"write":{"deps":true}}
  => MINIMUM {"write":{"deps":true}}   (observed, then verified)
  scaffold: 2 dependency package(s) with lifecycle scripts granted a fixed wide grant
  STORE   isolated virtual store at D:\jail\m-subrequestsjsonmerger-mttj7syd\verify-nar-no-write-deps\.cache
OSV-SCREEN {"schemaVersion":1,"kind":"nub-nar-no-write-deps-resolved","status":"clean","digest":"f8dc6a4286a532cc24ae7cefe88a125865301d99b624777eda4e040ff640948a","specCount":156,"lockfiles":{"digest":"119525f37f04110495b4fe8e7c1dd8d559412340ba2a7089017019ea36ee56a5","files":[{"path":"nub.lock","sha256":"74c74d5dcc7d3de63a8ce26ac0027fdbc2314d4a72cd243c3e518156cbab18b7","bytes":31760}]},"maliciousAdvisories":[],"screenedAt":"2026-09-09T03:21:42.911Z","cacheHit":true,"clearancePath":"D:\\jail\\m-subrequestsjsonmerger-mttj7syd\\security\\nub-nar-no-write-deps-resolved.json"}
  SECURITY nub-nar-no-write-deps-resolved clean: 156 exact package-version(s), tree f8dc6a4286a5 (cached exact-tree clearance)
  VERIFY[nar-no-write-deps] rc=0 artifacts=13/13 missing=0 shortfall=none (tree 12687/5442) OVERRIDDEN=2 REJECTED=0 grant={}
     ⛔ OVER-PREDICTED — the strictly narrower {} also verifies; 'no-write-deps' was not needed
