### hugo-extended@0.108.0   (/home/runner/v2-3BhYWa)
  CI-ENV scrubbed: CI GITHUB_ACTIONS
OSV-SCREEN {"schemaVersion":1,"kind":"direct","status":"clean","digest":"97f6b7044e1943bd5a2b014c3e468bf36e012f3a64b47f9a1f4c2859b5e24193","specCount":1,"lockfiles":{"digest":null,"files":[]},"maliciousAdvisories":[],"screenedAt":"2026-09-09T03:26:42.614Z","cacheHit":false,"clearancePath":"/home/runner/v2-3BhYWa/security/direct.json"}
  SECURITY direct clean: 1 exact package-version(s), tree 97f6b7044e19
  VENUE-OBSERVE-USER {"uid":1001,"user":"runner","umask":"0022","capBnd":"000001ffffffffff","noNewPrivs":"0"}
  VENUE-NUB-BINARY {"path":"/tmp/nub/target/release/nub","sha256":"2a18683f50f7afeb02a521cd3cae175dc2f91780d461c5f012065241f5a1447b","bytes":207643464,"features":{"buildJailCatalogOverride":true,"pythonDontWriteBytecodeEnv":true}}
OSV-SCREEN {"schemaVersion":1,"kind":"npm-observe-resolved","status":"clean","digest":"1936e09a26e87525a11f17f439eb813c10a2ade7a4c1a0ef65d7190ad46e6227","specCount":191,"lockfiles":{"digest":"08f17a6bbe2743859c42a4665a8e0e32952ba1d6c183d7358ebfc719376cfd14","files":[{"path":"package-lock.json","sha256":"39b6547399eeee1939084f48bf73f94b2aab4c23ba61e2f380ec2e27b52da224","bytes":82336}]},"maliciousAdvisories":[],"screenedAt":"2026-09-09T03:26:45.737Z","cacheHit":false,"clearancePath":"/home/runner/v2-3BhYWa/security/npm-observe-resolved.json"}
  SECURITY npm-observe-resolved clean: 191 exact package-version(s), tree 1936e09a26e8
  OBSERVE   rc=0 files=1745 trace=16762 lines
  CLOSURE   181 packages evicted per arm
  ARM-FALSIFIABILITY {"manifestFiles":12,"filesTheScriptProduced":3,"reasons":[]}
  RAWLOG-FILE /home/runner/v2-3BhYWa/observe/trace.txt.gz
  RAWLOG-CAPTURE /home/runner/v2-3BhYWa/observe/capture.json
  RAWLOG-BYTES raw=3520245 gz=105197
  VENUE-INTERPRETER /opt/hostedtoolcache/node/22.23.2/x64
  VENUE-OVERRIDES {"set":{"HOME":"/home/runner/v2-3BhYWa/jailhome","TMPDIR":"/tmp/nub-tmp-obsRaIHNt","NODE_COMPAT":"1","PLAYWRIGHT_BROWSERS_PATH":"/home/runner/.cache/nub/pm/tools/ms-playwright","ELECTRON_CACHE":"/home/runner/.cache/nub/pm/tools/electron-cache","electron_config_cache":"/home/runner/.cache/nub/pm/tools/electron-cache","npm_config_prefix":"/home/runner/.cache/nub/pm/tools/npm-prefix","PYTHONDONTWRITEBYTECODE":"1","NUB_CACHE_DIR":"/home/runner/v2-3BhYWa/nubcache"},"unset":["CI","GITHUB_ACTIONS"],"passedThrough":{"CI":"true","GITHUB_ACTIONS":"true","NODE_ENV":null}}
  == ATTRIBUTION == attributed pids: 26
    writes  script 7  /  whole traced tree 1095
    sockets script 10  /  whole traced tree 14
  == ROOTS (from capture.json — R2: no ambient reads) ==
    project       /home/runner/v2-3BhYWa/observe
    home          /home/runner
    jailHome      /home/runner/v2-3BhYWa/jailhome
    globalStore   /home/runner/.cache/nub/pm/store   [declared, not keyed on]
    projectStore  /home/runner/v2-3BhYWa/observe/node_modules/.store   [declared, not keyed on]
    interpreter   /opt/hostedtoolcache/node/22.23.2/x64   [declared, not keyed on]
    toolsDir      /home/runner/.cache/nub/pm/tools   [declared, not keyed on]
    temp          /tmp/nub-tmp-obsRaIHNt
    npmPrefix     /home/runner/.cache/nub/pm/tools/npm-prefix
    ownPkg        /home/runner/v2-3BhYWa/observe/node_modules/hugo-extended
  == WRITES the script actually performed ==
    jailTmp       3  (base profile already grants this — NOT billed)
        /tmp/nub-tmp-obsRaIHNt/65c6c4bce7141f3281c07d17f104d657
        /tmp/nub-tmp-obsRaIHNt/65c6c4bce7141f3281c07d17f104d657/hugo_extended_0.108.0_linux-amd64.tar.gz
        /tmp/nub-tmp-obsRaIHNt/65c6c4bce7141f3281c07d17f104d657/hugo_0.108.0_checksums.txt
    ownPkg        4  (base profile already grants this — NOT billed)
        /home/runner/v2-3BhYWa/observe/node_modules/hugo-extended/vendor
        /home/runner/v2-3BhYWa/observe/node_modules/hugo-extended/vendor/hugo
        /home/runner/v2-3BhYWa/observe/node_modules/hugo-extended/vendor/README.md
        /home/runner/v2-3BhYWa/observe/node_modules/hugo-extended/vendor/LICENSE
  == NETWORK ==
    AF_INET sockets: 10   distinct peers: 3
        127.0.0.53:53
        104.16.0.34:443
        140.82.116.3:443
  == REFUSALS (only `= -1 EACCES/EPERM/EROFS`) ==
    distinct: 0
  == SYNTHESIZED GRANT (verify this in the real unprivileged jail) ==
    {"network":true}
  == writePaths (DERIVED — promotion out of the package's PRIVATE home) ==
    private-home writes observed: 0
    none declared — the script wrote nothing into its private home — there is nothing to promote
  == writePaths FEASIBILITY (distinct writes outside project/deps) ==
    count: 0
    EVENTS    7209 distinct from 16472 calls (16763 lines, 235 rejoined, 0 unparsed)
    PROCS     33   lifecycle shells 21
    ⛔ 3 paths with an UNRESOLVED dirfd — kept, marked, never guessed
    unsubscribed/unmapped syscalls: setsockopt×55 getsockname×42 getsockopt×20 exit×20 tgkill×19 getcwd×15 recvmsg×15 socketpair×6
    wrote /home/runner/v2-3BhYWa/observe/events.ndjson.gz (46948 bytes)
  EVENTLOG-FILE /home/runner/v2-3BhYWa/observe/events.ndjson.gz
  EVENTLOG-STATS {"lines":16763,"parsed":16472,"unparsed":0,"unfinished":235,"rejoined":235,"unresolvedDirfd":3,"truncatedArg":0,"procs":33,"lifecyclePids":21,"distinctEvents":7209,"unknownSyscall":{"getsockname":42,"getsockopt":20,"getcwd":15,"recvmsg":15,"exit":20,"setsockopt":55,"sendmmsg":5,"socketpair":6,"shutdown":4,"getpeername":5,"tgkill":19,"exit_group":4,"wait4":4},"out":"/home/runner/v2-3BhYWa/observe/events.ndjson.gz","gzipBytes":46948}
  EVICT     225 store entries removed, 4 spared as nub tooling
  SE-PURGE  0 side-effects-cache entries for hugo-extended
OSV-SCREEN {"schemaVersion":1,"kind":"nub-synth-resolved","status":"clean","digest":"1936e09a26e87525a11f17f439eb813c10a2ade7a4c1a0ef65d7190ad46e6227","specCount":191,"lockfiles":{"digest":"9b68562afa793e5c6ebb690fa37d6ecea2a92d5b5db34dc29323249054802297","files":[{"path":"nub.lock","sha256":"4f49c29e29b859595dda7677abca4ab3ecca665efd63b7dfe90cb4006763de58","bytes":46050}]},"maliciousAdvisories":[],"screenedAt":"2026-09-09T03:26:45.737Z","cacheHit":true,"clearancePath":"/home/runner/v2-3BhYWa/security/nub-synth-resolved.json"}
  SECURITY nub-synth-resolved clean: 191 exact package-version(s), tree 1936e09a26e8 (cached exact-tree clearance)
  VENUE-STORE-LAYOUT isolated
  VERIFY[synth] rc=0 artifacts=12/12 missing=0 shortfall=none (tree 6014/1745) OVERRIDDEN=3 REJECTED=0 grant={"network":true}
  => VERIFIED {"network":true}   (observed, then verified)
  EVICT     189 store entries removed, 4 spared as nub tooling
  SE-PURGE  0 side-effects-cache entries for hugo-extended
OSV-SCREEN {"schemaVersion":1,"kind":"nub-drop-no-network-resolved","status":"clean","digest":"1936e09a26e87525a11f17f439eb813c10a2ade7a4c1a0ef65d7190ad46e6227","specCount":191,"lockfiles":{"digest":"9b68562afa793e5c6ebb690fa37d6ecea2a92d5b5db34dc29323249054802297","files":[{"path":"nub.lock","sha256":"4f49c29e29b859595dda7677abca4ab3ecca665efd63b7dfe90cb4006763de58","bytes":46050}]},"maliciousAdvisories":[],"screenedAt":"2026-09-09T03:26:45.737Z","cacheHit":true,"clearancePath":"/home/runner/v2-3BhYWa/security/nub-drop-no-network-resolved.json"}
  SECURITY nub-drop-no-network-resolved clean: 191 exact package-version(s), tree 1936e09a26e8 (cached exact-tree clearance)
  VERIFY[drop-no-network] rc=1 artifacts=9/12 missing=3 shortfall=219cbefac624 (tree 6005/1745) OVERRIDDEN=3 REJECTED=0 grant={}
       missing: vendor/LICENSE, vendor/README.md, vendor/hugo
     'no-network' is NECESSARY — dropping it fails to verify
  => MINIMAL — every capability in {"network":true} is independently necessary
