OSV-SCREEN {"schemaVersion":1,"kind":"direct","status":"clean","digest":"0dfcc3f1cef475f69610c18a418c1811d0f457670203953ca2de7aca82b05102","specCount":1,"lockfiles":{"digest":null,"files":[]},"maliciousAdvisories":[],"screenedAt":"2026-09-08T10:03:33.248Z","cacheHit":false,"clearancePath":"/Users/runner/v2m-TIQzgy/security/direct.json"}
  SECURITY direct clean: 1 exact package-version(s), tree 0dfcc3f1cef4
### styled-components@5.3.6   (/Users/runner/v2m-TIQzgy)   nub=/tmp/nub/target/release/nub
  VENUE-NUB-BINARY {"path":"/tmp/nub/target/release/nub","sha256":"f923f9d246b7061a3e88675efb7b4fdcda741d02368002ce6e7f7044b01e7bbe","bytes":93818888,"features":{"buildJailCatalogOverride":true,"pythonDontWriteBytecodeEnv":true}}
  CI-ENV scrubbed: CI GITHUB_ACTIONS
  --- fbt preflight (advisory; never fails the run) ---
     csrutil: System Integrity Protection status: disabled.
     fbt probes visible: 93591
     fbt enable attempt: dtrace: description 'fbt:::entry ' matched 50364 probes CPU     ID                    FUNCTION:NAME 
     cwd builtin value:  
     fbt chdir symbols:  
     fbt fires on spawn-with-cwd: dtrace: invalid probe specifier fbt::chdir*:entry /progenyof($target)/ { @[probefunc] = count(); }: probe description fbt::chdir*:entry does not match any probes 
  --- end fbt preflight ---
OSV-SCREEN {"schemaVersion":1,"kind":"npm-observe-resolved","status":"clean","digest":"b94a59d3bebbdd43345b5ccab2f8751b02164423aa06d151a1ca04bb9246ad37","specCount":62,"lockfiles":{"digest":"c3aa8684ee98fb7e12e19af69dd24e7d773ef62a6ea2fb705ced7c2d72f760cd","files":[{"path":"package-lock.json","sha256":"031a60e3a53e3ad97f5b3a8730a536bd8c1578b5eefbe9bf8ec4a9ac0b4fd532","bytes":28451}]},"maliciousAdvisories":[],"screenedAt":"2026-09-08T10:03:42.645Z","cacheHit":false,"clearancePath":"/Users/runner/v2m-TIQzgy/security/npm-observe-resolved.json"}
  SECURITY npm-observe-resolved clean: 62 exact package-version(s), tree b94a59d3bebb
  VENUE-CI-CHILD clean (no CI-detection variable reaches the traced script)
  --- wrapper (run.sh) ---
     cd "/Users/runner/v2m-TIQzgy/Observe"
     sudo -u "runner" -H env "PATH=$PATH"   "HOME=/Users/runner/v2m-TIQzgy/jailhome"   "TMPDIR=/private/var/folders/bl/vzjcvbz95c3dk19cb0fw46180000gn/T/nub-tmp-obsazZNhH"   "NODE_COMPAT=1"   "PYTHONDONTWRITEBYTECODE=1"   "PLAYWRIGHT_BROWSERS_PATH=/Users/runner/.cache/nub/pm/tools/ms-playwright"   "ELECTRON_CACHE=/Users/runner/.cache/nub/pm/tools/electron-cache"   "electron_config_cache=/Users/runner/.cache/nub/pm/tools/electron-cache"   "npm_config_prefix=/Users/runner/.cache/nub/pm/tools/npm-prefix"   "/Users/runner/hostedtoolcache/node/22.23.2/arm64/bin/npm" rebuild --no-audit --no-fund "styled-components" > "/Users/runner/v2m-TIQzgy/Observe/npm.log" 2>&1
     echo $? > "/Users/runner/v2m-TIQzgy/Observe/rc"
  --- dtrace stderr + wrapper trace ---
     + cd /Users/runner/v2m-TIQzgy/Observe
     + sudo -u runner -H env PATH=/Users/runner/hostedtoolcache/node/22.23.2/arm64/bin:/opt/homebrew/lib/ruby/gems/3.3.0/bin:/opt/homebrew/opt/ruby@3.3/bin:/Users/runner/.local/bin:/opt/homebrew/bin:/opt/homebrew/sbin:/Users/runner/.cargo/bin:/usr/local/opt/curl/bin:/usr/local/bin:/usr/local/sbin:/Users/runner/bin:/Users/runner/.yarn/bin:/Users/runner/Library/Android/sdk/tools:/Users/runner/Library/Android/sdk/platform-tools:/Library/Frameworks/Python.framework/Versions/Current/bin:/Library/Frameworks/Mono.framework/Versions/Current/Commands:/usr/bin:/bin:/usr/sbin:/sbin:/Users/runner/.dotnet/tools HOME=/Users/runner/v2m-TIQzgy/jailhome TMPDIR=/private/var/folders/bl/vzjcvbz95c3dk19cb0fw46180000gn/T/nub-tmp-obsazZNhH NODE_COMPAT=1 PYTHONDONTWRITEBYTECODE=1 PLAYWRIGHT_BROWSERS_PATH=/Users/runner/.cache/nub/pm/tools/ms-playwright ELECTRON_CACHE=/Users/runner/.cache/nub/pm/tools/electron-cache electron_config_cache=/Users/runner/.cache/nub/pm/tools/electron-cache npm_config_prefix=/Users/runner/.cache/nub/pm/tools/npm-prefix /Users/runner/hostedtoolcache/node/22.23.2/arm64/bin/npm rebuild --no-audit --no-fund styled-components
     dtrace: error on enabled probe ID 128 (ID 286: syscall::execve:entry): invalid address (0x600000dbc000) in action #1 at DIF offset 20
     + echo 0
  OBSERVE   rc=0 dtrace_rc=0 files=2511 (pre=2509) trace=12033 lines
  CLOSURE   61 packages evicted per arm   store=/Users/runner/.cache/nub/pm/store
  RAWLOG-FILE /Users/runner/v2m-TIQzgy/Observe/trace.txt.gz
  RAWLOG-CAPTURE /Users/runner/v2m-TIQzgy/Observe/capture.json
  RAWLOG-BYTES raw=2085128 gz=65664
  VENUE-INTERPRETER /Users/runner/hostedtoolcache/node/22.23.2/arm64
  VENUE-OVERRIDES {"set":{"PATH":"inherited-and-forwarded","HOME":"/Users/runner/v2m-TIQzgy/jailhome","TMPDIR":"/private/var/folders/bl/vzjcvbz95c3dk19cb0fw46180000gn/T/nub-tmp-obsazZNhH","NODE_COMPAT":"1","PYTHONDONTWRITEBYTECODE":"1","PLAYWRIGHT_BROWSERS_PATH":"/Users/runner/.cache/nub/pm/tools/ms-playwright","ELECTRON_CACHE":"/Users/runner/.cache/nub/pm/tools/electron-cache","electron_config_cache":"/Users/runner/.cache/nub/pm/tools/electron-cache","npm_config_prefix":"/Users/runner/.cache/nub/pm/tools/npm-prefix"},"unset":["(sudo env_reset discards the caller environment; every var above is re-set after it)","CI","GITHUB_ACTIONS"],"passedThrough":{"CI":"true","GITHUB_ACTIONS":"true","NODE_ENV":null}}
  VENUE-OBSERVE-USER runner uid=501 (R7: ordinary non-root user, asserted)
  ARM-FALSIFIABILITY {"manifestFiles":293,"filesTheScriptProduced":0,"reasons":["gate-vacuous"]}
  ⛔ ARMS-UNFALSIFIABLE — a green arm for this package carries no evidence:
       gate-vacuous: the script changed no file the artifact gate keys on — every file in the manifest (293) was already present at its final size before the script ran, so the gate passes in every arm including a completely broken one
       The grant may still be correct; what is missing is a signal that could have gone
       red. Do not read this record's MINIMAL as a passing measurement.
  EVENTLOG-FILE /Users/runner/v2m-TIQzgy/Observe/events.ndjson.gz
  EVENTLOG-STATS {"lines":12034,"parsed":12016,"unparsed":0,"live":true,"tracerErrors":1,"tracerErrorTotal":1,"unresolvedDirfd":21,"unresolvedFd":0,"pairedTwoPath":541,"danglingPair":0,"failed":4610,"enoent":4607,"refusals":0,"byErrno":{"ENXIO":3,"ENOENT":4607},"procs":5,"lifecyclePids":1,"distinctEvents":5412,"emitted":5412,"calls":11463,"bytes":1110133,"gzipBytes":37288,"out":"/Users/runner/v2m-TIQzgy/Observe/events.ndjson"}
  == TRACER == live=true decodable-events=3177 dropped-events=1
    NOTE 14 relative path(s) under a non-AT_FDCWD dirfd were not
       scope-assigned: resolving them against the cwd would invent a path.
    ⛔ CWD-UNOBSERVED 2 relative path(s) (0 write(s)) came from a lifecycle
       process whose own cwd was never observed
       macOS spawns with posix_spawn addchdir_np, which changes directory in-kernel and
       emits no chdir syscall, so the inherited cwd cannot be trusted. These are NOT
       scope-assigned; the grant below is WIDENED instead so it covers wherever they landed.
         pid=27083 read  unproven .
         pid=27083 read  unproven .
    ⛔ THE TRACER DROPPED 1 EVENT(S). A dropped event is a path never
       seen, so the grant below can only be too NARROW — the direction that breaks installs.
       Treat it as a FLOOR, not a measurement, until the adapter fault is fixed:
             1 x  epid=128 action=1 fault=1 addr=0x600000dbc000
  == ATTRIBUTION == lifecycle pids: 1
    writes  script 1  /  whole traced subtree 1091
    sockets script 0  /  whole traced subtree 1
  == ROOTS (from /Users/runner/v2m-TIQzgy/Observe/capture.json; the classifier reads no other source) ==
    project       /Users/runner/v2m-TIQzgy/Observe
    home          /Users/runner
    jailHome      /Users/runner/v2m-TIQzgy/jailhome
    globalStore   /Users/runner/.cache/nub/pm/store
    projectStore  /Users/runner/v2m-TIQzgy/Observe/node_modules/.store
    interpreter   /Users/runner/hostedtoolcache/node/22.23.2/arm64
    toolsDir      /Users/runner/.cache/nub/pm/tools
    temp          /private/var/folders/bl/vzjcvbz95c3dk19cb0fw46180000gn/T/nub-tmp-obsazZNhH
    npmPrefix     /Users/runner/.cache/nub/pm/tools/npm-prefix
    ownPkg        /Users/runner/v2m-TIQzgy/Observe/node_modules/styled-components
    cwd           (null — this platform has no such root)
  == WRITES the script actually performed ==
    systemfs      1
        /dev/dtracehelper
  == READS the script performed, by scope ==
    outside       5
    systemfs      7
    userHome      2
    ownPkg        2
        outside: /
        outside: /bin/bash
        outside: /bin
        outside: /etc/localtime
        outside: /var/db/timezone/zoneinfo/posixrules
  == NETWORK ==
    AF_INET connects: 0   distinct peers: 0
  == REFUSALS (errno EPERM/EACCES/EROFS only; ENOENT is a miss, not a denial) ==
    distinct: 0
  == SYNTHESIZED GRANT (verify this in the real unprivileged jail) ==
    {}
  == writePaths (DERIVED — promotion out of the package's PRIVATE home) ==
    private-home writes observed: 0
    none declared — the script wrote nothing into its private home — there is nothing to promote
  == writePaths FEASIBILITY (distinct writes outside project/deps) ==
    count: 0
  EVICT[synth] 18 store entries removed, 3 spared as nub tooling, 466 in store
OSV-SCREEN {"schemaVersion":1,"kind":"nub-synth-resolved","status":"clean","digest":"8462507a8fdc37efb86c614a252893caf19825ba8b99f5ddca30e198dc164f33","specCount":61,"lockfiles":{"digest":"059f8564d23833050d1a2d146990c9f616bbc4ba90cf18a11160c51ce8aa0580","files":[{"path":"nub.lock","sha256":"68ebc20a69f48fe38eacd8e754e36dd88b4ea0f45e7b38f76e3e8dd510f607f7","bytes":17821}]},"maliciousAdvisories":[],"screenedAt":"2026-09-08T10:03:49.434Z","cacheHit":false,"clearancePath":"/Users/runner/v2m-TIQzgy/security/nub-synth-resolved.json"}
  SECURITY nub-synth-resolved clean: 61 exact package-version(s), tree 8462507a8fdc
  VENUE-STORE-LAYOUT isolated
  VERIFY[synth] rc=0 artifacts=293/293 missing=0 shortfall=none (tree 9874/2511) OVERRIDDEN=3 REJECTED=0 grant={}
  => VERIFIED {}
  NARROW    no capability to drop — the grant is already empty; over-prediction is 0 by construction
### DONE styled-components@5.3.6  synthesized={} verified=1
