OSV-SCREEN {"schemaVersion":1,"kind":"direct","status":"clean","digest":"7a86d32fd0a800d38bf816a505270524ecd25262b2e78e4bd43902cefbb9d11b","specCount":1,"lockfiles":{"digest":null,"files":[]},"maliciousAdvisories":[],"screenedAt":"2026-09-08T03:31:30.245Z","cacheHit":false,"clearancePath":"/Users/runner/v2m-WHdXMM/security/direct.json"}
  SECURITY direct clean: 1 exact package-version(s), tree 7a86d32fd0a8
### netlify-cli@18.1.0   (/Users/runner/v2m-WHdXMM)   nub=/tmp/nub/target/release/nub
  VENUE-NUB-BINARY {"path":"/tmp/nub/target/release/nub","sha256":"f923f9d246b7061a3e88675efb7b4fdcda741d02368002ce6e7f7044b01e7bbe","bytes":93818888,"features":{"buildJailCatalogOverride":true,"pythonDontWriteBytecodeEnv":true}}
  CI-ENV scrubbed: CI GITHUB_ACTIONS
  --- fbt preflight (advisory; never fails the run) ---
     csrutil: System Integrity Protection status: disabled.
     fbt probes visible: 93591
     fbt enable attempt: dtrace: description 'fbt:::entry ' matched 50364 probes CPU     ID                    FUNCTION:NAME 
     cwd builtin value:  
     fbt chdir symbols:  
     fbt fires on spawn-with-cwd: dtrace: invalid probe specifier fbt::chdir*:entry /progenyof($target)/ { @[probefunc] = count(); }: probe description fbt::chdir*:entry does not match any probes 
  --- end fbt preflight ---
OSV-SCREEN {"schemaVersion":1,"kind":"npm-observe-resolved","status":"clean","digest":"a5b27d6a74f38fb252f97b18a1b77061fbc15cee6fffad723ef0adab775f81f8","specCount":977,"lockfiles":{"digest":"0dedfd4a857370ee14ae80d664934d5d630b04a4a84e12de911aee2286c4ad62","files":[{"path":"package-lock.json","sha256":"e8152478003215ccd779cde9beea656ffb0729c76b62fa6f04170db26d2f2d4d","bytes":582098}]},"maliciousAdvisories":[],"screenedAt":"2026-09-08T03:32:03.029Z","cacheHit":false,"clearancePath":"/Users/runner/v2m-WHdXMM/security/npm-observe-resolved.json"}
  SECURITY npm-observe-resolved clean: 977 exact package-version(s), tree a5b27d6a74f3
  VENUE-CI-CHILD clean (no CI-detection variable reaches the traced script)
  --- wrapper (run.sh) ---
     cd "/Users/runner/v2m-WHdXMM/Observe"
     sudo -u "runner" -H env "PATH=$PATH"   "HOME=/Users/runner/v2m-WHdXMM/jailhome"   "TMPDIR=/private/var/folders/bl/vzjcvbz95c3dk19cb0fw46180000gn/T/nub-tmp-obsYleGaq"   "NODE_COMPAT=1"   "PYTHONDONTWRITEBYTECODE=1"   "PLAYWRIGHT_BROWSERS_PATH=/Users/runner/.cache/nub/pm/tools/ms-playwright"   "ELECTRON_CACHE=/Users/runner/.cache/nub/pm/tools/electron-cache"   "electron_config_cache=/Users/runner/.cache/nub/pm/tools/electron-cache"   "npm_config_prefix=/Users/runner/.cache/nub/pm/tools/npm-prefix"   "/Users/runner/hostedtoolcache/node/22.23.2/arm64/bin/npm" rebuild --no-audit --no-fund "netlify-cli" > "/Users/runner/v2m-WHdXMM/Observe/npm.log" 2>&1
     echo $? > "/Users/runner/v2m-WHdXMM/Observe/rc"
  --- dtrace stderr + wrapper trace ---
     + cd /Users/runner/v2m-WHdXMM/Observe
     + sudo -u runner -H env PATH=/Users/runner/hostedtoolcache/node/22.23.2/arm64/bin:/opt/homebrew/lib/ruby/gems/3.3.0/bin:/opt/homebrew/opt/ruby@3.3/bin:/Users/runner/.local/bin:/opt/homebrew/bin:/opt/homebrew/sbin:/Users/runner/.cargo/bin:/usr/local/opt/curl/bin:/usr/local/bin:/usr/local/sbin:/Users/runner/bin:/Users/runner/.yarn/bin:/Users/runner/Library/Android/sdk/tools:/Users/runner/Library/Android/sdk/platform-tools:/Library/Frameworks/Python.framework/Versions/Current/bin:/Library/Frameworks/Mono.framework/Versions/Current/Commands:/usr/bin:/bin:/usr/sbin:/sbin:/Users/runner/.dotnet/tools HOME=/Users/runner/v2m-WHdXMM/jailhome TMPDIR=/private/var/folders/bl/vzjcvbz95c3dk19cb0fw46180000gn/T/nub-tmp-obsYleGaq NODE_COMPAT=1 PYTHONDONTWRITEBYTECODE=1 PLAYWRIGHT_BROWSERS_PATH=/Users/runner/.cache/nub/pm/tools/ms-playwright ELECTRON_CACHE=/Users/runner/.cache/nub/pm/tools/electron-cache electron_config_cache=/Users/runner/.cache/nub/pm/tools/electron-cache npm_config_prefix=/Users/runner/.cache/nub/pm/tools/npm-prefix /Users/runner/hostedtoolcache/node/22.23.2/arm64/bin/npm rebuild --no-audit --no-fund netlify-cli
     dtrace: error on enabled probe ID 128 (ID 286: syscall::execve:entry): invalid address (0x600002ad4120) in action #1 at DIF offset 20
     dtrace: error on enabled probe ID 8 (ID 179: syscall::open:return): invalid address (0x600001754240) in action #9 at DIF offset 12
     + echo 0
  OBSERVE   rc=0 dtrace_rc=0 files=32911 (pre=32909) trace=70326 lines
  CLOSURE   1 packages evicted per arm   store=/Users/runner/.cache/nub/pm/store
  RAWLOG-FILE /Users/runner/v2m-WHdXMM/Observe/trace.txt.gz
  RAWLOG-CAPTURE /Users/runner/v2m-WHdXMM/Observe/capture.json
  RAWLOG-BYTES raw=11992460 gz=392987
  VENUE-INTERPRETER /Users/runner/hostedtoolcache/node/22.23.2/arm64
  VENUE-OVERRIDES {"set":{"PATH":"inherited-and-forwarded","HOME":"/Users/runner/v2m-WHdXMM/jailhome","TMPDIR":"/private/var/folders/bl/vzjcvbz95c3dk19cb0fw46180000gn/T/nub-tmp-obsYleGaq","NODE_COMPAT":"1","PYTHONDONTWRITEBYTECODE":"1","PLAYWRIGHT_BROWSERS_PATH":"/Users/runner/.cache/nub/pm/tools/ms-playwright","ELECTRON_CACHE":"/Users/runner/.cache/nub/pm/tools/electron-cache","electron_config_cache":"/Users/runner/.cache/nub/pm/tools/electron-cache","npm_config_prefix":"/Users/runner/.cache/nub/pm/tools/npm-prefix"},"unset":["(sudo env_reset discards the caller environment; every var above is re-set after it)","CI","GITHUB_ACTIONS"],"passedThrough":{"CI":"true","GITHUB_ACTIONS":"true","NODE_ENV":null}}
  VENUE-OBSERVE-USER runner uid=501 (R7: ordinary non-root user, asserted)
  ARM-FALSIFIABILITY {"manifestFiles":658,"filesTheScriptProduced":0,"reasons":["gate-vacuous"]}
  ⛔ ARMS-UNFALSIFIABLE — a green arm for this package carries no evidence:
       gate-vacuous: the script changed no file the artifact gate keys on — every file in the manifest (658) was already present at its final size before the script ran, so the gate passes in every arm including a completely broken one
       The grant may still be correct; what is missing is a signal that could have gone
       red. Do not read this record's MINIMAL as a passing measurement.
  EVENTLOG-FILE /Users/runner/v2m-WHdXMM/Observe/events.ndjson.gz
  EVENTLOG-STATS {"lines":70327,"parsed":70308,"unparsed":0,"live":true,"tracerErrors":2,"tracerErrorTotal":2,"unresolvedDirfd":21,"unresolvedFd":0,"pairedTwoPath":541,"danglingPair":0,"failed":30818,"enoent":30815,"refusals":0,"byErrno":{"ENXIO":3,"ENOENT":30815},"procs":5,"lifecyclePids":1,"distinctEvents":34316,"emitted":34316,"calls":69755,"bytes":6343540,"gzipBytes":190807,"out":"/Users/runner/v2m-WHdXMM/Observe/events.ndjson"}
  == TRACER == live=true decodable-events=17406 dropped-events=2
    NOTE 14 relative path(s) under a non-AT_FDCWD dirfd were not
       scope-assigned: resolving them against the cwd would invent a path.
    ⛔ CWD-UNOBSERVED 260 relative path(s) (0 write(s)) came from a lifecycle
       process whose own cwd was never observed
       macOS spawns with posix_spawn addchdir_np, which changes directory in-kernel and
       emits no chdir syscall, so the inherited cwd cannot be trusted. These are NOT
       scope-assigned; the grant below is WIDENED instead so it covers wherever they landed.
         pid=21525 read  unproven .
         pid=21525 read  unproven .
         pid=21525 read  unproven .
         pid=21525 read  unproven .
         pid=21525 read  unproven .
         pid=21525 read  unproven .
         pid=21525 read  unproven .
         pid=21525 read  unproven .
         pid=21525 read  unproven .
         pid=21525 read  unproven .
         … and 250 more
    ⛔ THE TRACER DROPPED 2 EVENT(S). A dropped event is a path never
       seen, so the grant below can only be too NARROW — the direction that breaks installs.
       Treat it as a FLOOR, not a measurement, until the adapter fault is fixed:
             1 x  epid=128 action=1 fault=1 addr=0x600002ad4120
             1 x  epid=8 action=9 fault=1 addr=0x600001754240
  == ATTRIBUTION == lifecycle pids: 1
    writes  script 5  /  whole traced subtree 1095
    sockets script 0  /  whole traced subtree 1
  == ROOTS (from /Users/runner/v2m-WHdXMM/Observe/capture.json; the classifier reads no other source) ==
    project       /Users/runner/v2m-WHdXMM/Observe
    home          /Users/runner
    jailHome      /Users/runner/v2m-WHdXMM/jailhome
    globalStore   /Users/runner/.cache/nub/pm/store
    projectStore  /Users/runner/v2m-WHdXMM/Observe/node_modules/.store
    interpreter   /Users/runner/hostedtoolcache/node/22.23.2/arm64
    toolsDir      /Users/runner/.cache/nub/pm/tools
    temp          /private/var/folders/bl/vzjcvbz95c3dk19cb0fw46180000gn/T/nub-tmp-obsYleGaq
    npmPrefix     /Users/runner/.cache/nub/pm/tools/npm-prefix
    ownPkg        /Users/runner/v2m-WHdXMM/Observe/node_modules/netlify-cli
    cwd           (null — this platform has no such root)
  == WRITES the script actually performed ==
    systemfs      1
        /dev/dtracehelper
    jailHome      4  (base profile already grants this — NOT billed)
        /Users/runner/v2m-WHdXMM/jailhome/Library
        /Users/runner/v2m-WHdXMM/jailhome/Library/Preferences
        /Users/runner/v2m-WHdXMM/jailhome/Library/Preferences/netlify
        /Users/runner/v2m-WHdXMM/jailhome/Library/Preferences/netlify/autocompletion.json
  == READS the script performed, by scope ==
    outside       3
    systemfs      8
    userHome      2
    ownPkg     5075
        outside: /
        outside: /bin/bash
        outside: /bin
  == NETWORK ==
    AF_INET connects: 0   distinct peers: 0
  == REFUSALS (errno EPERM/EACCES/EROFS only; ENOENT is a miss, not a denial) ==
    distinct: 0
  == SYNTHESIZED GRANT (verify this in the real unprivileged jail) ==
    {"writePaths":["Library/Preferences/netlify"]}
  == writePaths (DERIVED — promotion out of the package's PRIVATE home) ==
    private-home writes observed: 4
        Library/Preferences/netlify
  == writePaths FEASIBILITY (distinct writes outside project/deps) ==
    count: 0
  EVICT[synth] 0 store entries removed, 0 spared as nub tooling, 165 in store
OSV-SCREEN {"schemaVersion":1,"kind":"nub-synth-resolved","status":"clean","digest":"538e2d198482cbc3a6da52237425814d8d28957b1e7097d9aec7484b603e6d2b","specCount":1044,"lockfiles":{"digest":"7efc5d443102e1a217d0a34654c622a8983c1d57f48b92bc9b932336d82b39be","files":[{"path":"nub.lock","sha256":"822c037c3c749173bf7585fde28551628ffe75c925b9e2e2f4db40c966f2355b","bytes":303833}]},"maliciousAdvisories":[],"screenedAt":"2026-09-08T03:32:42.585Z","cacheHit":false,"clearancePath":"/Users/runner/v2m-WHdXMM/security/nub-synth-resolved.json"}
  SECURITY nub-synth-resolved clean: 1044 exact package-version(s), tree 538e2d198482
  VENUE-STORE-LAYOUT isolated
  VERIFY[synth] rc=0 artifacts=658/658 missing=0 shortfall=none (tree 111458/32911) OVERRIDDEN=3 REJECTED=0 grant={"writePaths":["Library/Preferences/netlify"]}
  => VERIFIED {"writePaths":["Library/Preferences/netlify"]}
  NARROW    no capability to drop — the grant is already empty; over-prediction is 0 by construction
### DONE netlify-cli@18.1.0  synthesized={"writePaths":["Library/Preferences/netlify"]} verified=1
