OSV-SCREEN {"schemaVersion":1,"kind":"direct","status":"clean","digest":"f4985e38702b8ab08355f68b598f18c9d5fd9a2995f308839b4b6aafe2cff007","specCount":1,"lockfiles":{"digest":null,"files":[]},"maliciousAdvisories":[],"screenedAt":"2026-08-31T18:45:33.824Z","cacheHit":false,"clearancePath":"/Users/runner/v2m-hicI8v/security/direct.json"}
  SECURITY direct clean: 1 exact package-version(s), tree f4985e38702b
  ERA-NODE PINNED 20.20.2 (provisioned) (arms will run: v20.20.2)
  ERA-PYTHON /Users/runner/hostedtoolcache/Python/3.9.13/arm64/bin/python (Python 3.9.13) for era Node 20, whose node-gyp requires python3
  ARM-MAKE /usr/bin/make (GNU Make 3.81) — the system make; a build needing GNU Make 4 WILL fail here
### hugo-extended@0.132.2   (/Users/runner/v2m-hicI8v)   nub=/tmp/nub/target/release/nub
  VENUE-NUB-BINARY {"path":"/tmp/nub/target/release/nub","sha256":"69e622342d0c8393c78fa50a01dc9cc0a94371ac9b106b59bdcc016f06d86d30","bytes":94535576,"features":{"buildJailCatalogOverride":true,"pythonDontWriteBytecodeEnv":true}}
  CI-ENV scrubbed: CI GITHUB_ACTIONS
  --- fbt preflight (advisory; never fails the run) ---
     csrutil: System Integrity Protection status: disabled.
     fbt probes visible: 93577
     fbt enable attempt: dtrace: description 'fbt:::entry ' matched 50357 probes CPU     ID                    FUNCTION:NAME 
     cwd builtin value:  
     fbt chdir symbols:  
     fbt fires on spawn-with-cwd: dtrace: invalid probe specifier fbt::chdir*:entry /progenyof($target)/ { @[probefunc] = count(); }: probe description fbt::chdir*:entry does not match any probes 
  --- end fbt preflight ---
  ERA-RESOLUTION DATED 2024-08-17T16:24:46.108Z (deps as of the package's own publish date + 1d)
OSV-SCREEN {"schemaVersion":1,"kind":"npm-observe-resolved","status":"clean","digest":"83ef22ddb93ae496e29c887eef11465307dfe8dcd7c4a7e0227d5e353974d700","specCount":129,"lockfiles":{"digest":"9385385942a23d17b34f95689dce9e87dd1ddc727c54ee367daee6f568769f2a","files":[{"path":"package-lock.json","sha256":"252e2123b843f68ad2296064bdb06b982190ea68a9536f8a278f14ea8383a22f","bytes":54735}]},"maliciousAdvisories":[],"screenedAt":"2026-08-31T18:45:43.456Z","cacheHit":false,"clearancePath":"/Users/runner/v2m-hicI8v/security/npm-observe-resolved.json"}
  SECURITY npm-observe-resolved clean: 129 exact package-version(s), tree 83ef22ddb93a
  ARM-PATH SANITISED (dropped 1: /Users/runner/.yarn/bin)
  ARM-AMBIENT-TOOLS none
  ARM-SCAFFOLD none
  ARM-UNPROVIDABLE none
  VENUE-CI-CHILD clean (no CI-detection variable reaches the traced script)
  ARM-REBUILD-SPEC hugo-extended@0.132.2
  --- wrapper (run.sh) ---
     cd "/Users/runner/v2m-hicI8v/Observe"
     sudo -u "runner" -H env "PATH=/Users/runner/v2m-hicI8v/Observe/node_modules/.bin:/Users/runner/.cache/nub/era-node/20.20.2/node-v20.20.2-darwin-arm64/bin:/Users/runner/hostedtoolcache/node/22.23.2/arm64/bin:/opt/homebrew/lib/ruby/gems/3.3.0/bin:/opt/homebrew/opt/ruby@3.3/bin:/Users/runner/.local/bin:/opt/homebrew/bin:/opt/homebrew/sbin:/Users/runner/.cargo/bin:/usr/local/opt/curl/bin:/usr/local/bin:/usr/local/sbin:/Users/runner/bin:/Users/runner/Library/Android/sdk/tools:/Users/runner/Library/Android/sdk/platform-tools:/Library/Frameworks/Python.framework/Versions/Current/bin:/Library/Frameworks/Mono.framework/Versions/Current/Commands:/usr/bin:/bin:/usr/sbin:/sbin:/Users/runner/.dotnet/tools"   "HOME=/Users/runner/v2m-hicI8v/jailhome"   "TMPDIR=/private/var/folders/_5/zjnzxgh147qcg3bb5cg2wvqw0000gn/T/nub-tmp-obs3ANUrc"   "NODE_COMPAT=1"   "PYTHONDONTWRITEBYTECODE=1"   "PLAYWRIGHT_BROWSERS_PATH=/Users/runner/.cache/nub/pm/tools/ms-playwright"   "ELECTRON_CACHE=/Users/runner/.cache/nub/pm/tools/electron-cache"   "electron_config_cache=/Users/runner/.cache/nub/pm/tools/electron-cache"   "npm_config_prefix=/Users/runner/.cache/nub/pm/tools/npm-prefix"   PYTHON=/Users/runner/hostedtoolcache/Python/3.9.13/arm64/bin/python   npm rebuild --no-audit --no-fund "hugo-extended@0.132.2" > "/Users/runner/v2m-hicI8v/Observe/npm.log" 2>&1
     echo $? > "/Users/runner/v2m-hicI8v/Observe/rc"
  --- dtrace stderr + wrapper trace ---
     + cd /Users/runner/v2m-hicI8v/Observe
     + sudo -u runner -H env PATH=/Users/runner/v2m-hicI8v/Observe/node_modules/.bin:/Users/runner/.cache/nub/era-node/20.20.2/node-v20.20.2-darwin-arm64/bin:/Users/runner/hostedtoolcache/node/22.23.2/arm64/bin:/opt/homebrew/lib/ruby/gems/3.3.0/bin:/opt/homebrew/opt/ruby@3.3/bin:/Users/runner/.local/bin:/opt/homebrew/bin:/opt/homebrew/sbin:/Users/runner/.cargo/bin:/usr/local/opt/curl/bin:/usr/local/bin:/usr/local/sbin:/Users/runner/bin:/Users/runner/Library/Android/sdk/tools:/Users/runner/Library/Android/sdk/platform-tools:/Library/Frameworks/Python.framework/Versions/Current/bin:/Library/Frameworks/Mono.framework/Versions/Current/Commands:/usr/bin:/bin:/usr/sbin:/sbin:/Users/runner/.dotnet/tools HOME=/Users/runner/v2m-hicI8v/jailhome TMPDIR=/private/var/folders/_5/zjnzxgh147qcg3bb5cg2wvqw0000gn/T/nub-tmp-obs3ANUrc NODE_COMPAT=1 PYTHONDONTWRITEBYTECODE=1 PLAYWRIGHT_BROWSERS_PATH=/Users/runner/.cache/nub/pm/tools/ms-playwright ELECTRON_CACHE=/Users/runner/.cache/nub/pm/tools/electron-cache electron_config_cache=/Users/runner/.cache/nub/pm/tools/electron-cache npm_config_prefix=/Users/runner/.cache/nub/pm/tools/npm-prefix PYTHON=/Users/runner/hostedtoolcache/Python/3.9.13/arm64/bin/python npm rebuild --no-audit --no-fund hugo-extended@0.132.2
     dtrace: error on enabled probe ID 128 (ID 286: syscall::execve:entry): invalid address (0x600001501050) in action #1 at DIF offset 20
     dtrace: error on enabled probe ID 128 (ID 286: syscall::execve:entry): invalid address (0x14000351880) in action #1 at DIF offset 20
     + echo 0
  OBSERVE   rc=0 dtrace_rc=0 files=1038 (pre=1033) trace=9015 lines
  CLOSURE   120 packages evicted per arm   store=/Users/runner/.cache/nub/pm/store
  RAWLOG-FILE /Users/runner/v2m-hicI8v/Observe/trace.txt.gz
  RAWLOG-CAPTURE /Users/runner/v2m-hicI8v/Observe/capture.json
  RAWLOG-BYTES raw=1446030 gz=54470
  VENUE-INTERPRETER /Users/runner/hostedtoolcache/node/22.23.2/arm64
  VENUE-NODE-SELECTION {"pkg":"hugo-extended","packageVersion":"0.132.2","major":20,"version":"20.20.2","npm":"10.8.2","pinnable":true,"engines":">=16.14","publishedAt":"2024-08-16T16:24:46.108Z","eraMajor":20,"startMajor":20,"raisedByEngines":false,"enginesUnsatisfiable":false,"clampedToFloor":false,"clampedToCeiling":false,"matrixFloor":4,"matrixCeiling":26,"lookupFailure":null,"pinned":true,"pinnedBin":"/Users/runner/.cache/nub/era-node/20.20.2/node-v20.20.2-darwin-arm64/bin","eraNodeRoot":"/Users/runner/.cache/nub"}
  VENUE-OVERRIDES {"set":{"PATH":"inherited-and-forwarded","HOME":"/Users/runner/v2m-hicI8v/jailhome","TMPDIR":"/private/var/folders/_5/zjnzxgh147qcg3bb5cg2wvqw0000gn/T/nub-tmp-obs3ANUrc","NODE_COMPAT":"1","PYTHONDONTWRITEBYTECODE":"1","PLAYWRIGHT_BROWSERS_PATH":"/Users/runner/.cache/nub/pm/tools/ms-playwright","ELECTRON_CACHE":"/Users/runner/.cache/nub/pm/tools/electron-cache","electron_config_cache":"/Users/runner/.cache/nub/pm/tools/electron-cache","npm_config_prefix":"/Users/runner/.cache/nub/pm/tools/npm-prefix"},"unset":["(sudo env_reset discards the caller environment; every var above is re-set after it)","CI","GITHUB_ACTIONS"],"passedThrough":{"CI":"true","GITHUB_ACTIONS":"true","NODE_ENV":null}}
  VENUE-OBSERVE-USER runner uid=501 (R7: ordinary non-root user, asserted)
  ARM-FALSIFIABILITY {"manifestFiles":12,"filesTheScriptProduced":3,"reasons":[]}
  EVENTLOG-FILE /Users/runner/v2m-hicI8v/Observe/events.ndjson.gz
  EVENTLOG-STATS {"lines":9016,"parsed":8993,"unparsed":0,"live":true,"tracerErrors":2,"tracerErrorTotal":2,"unresolvedDirfd":36,"unresolvedFd":0,"pairedTwoPath":0,"danglingPair":0,"failed":3344,"enoent":3329,"refusals":0,"byErrno":{"ENXIO":5,"ENOENT":3329,"EEXIST":6,"ENOTEMPTY":1,"EINVAL":3},"procs":10,"lifecyclePids":1,"distinctEvents":6115,"emitted":6115,"calls":8971,"bytes":1056957,"gzipBytes":35297,"out":"/Users/runner/v2m-hicI8v/Observe/events.ndjson"}
  == TRACER == live=true decodable-events=1763 dropped-events=2
    NOTE 24 relative path(s) under a non-AT_FDCWD dirfd were not
       scope-assigned: resolving them against the cwd would invent a path.
    ⛔ CWD-UNOBSERVED 3 relative path(s) (0 write(s)) came from a lifecycle
       process whose own cwd was never observed
       macOS spawns with posix_spawn addchdir_np, which changes directory in-kernel and
       emits no chdir syscall, so the inherited cwd cannot be trusted. These are NOT
       scope-assigned; the grant below is WIDENED instead so it covers wherever they landed.
         pid=43039 read  unproven .
         pid=43039 read  unproven .
         pid=43051 read  unproven .
    ⛔ THE TRACER DROPPED 2 EVENT(S). A dropped event is a path never
       seen, so the grant below can only be too NARROW — the direction that breaks installs.
       Treat it as a FLOOR, not a measurement, until the adapter fault is fixed:
             1 x  epid=128 action=1 fault=1 addr=0x600001501050
             1 x  epid=128 action=1 fault=1 addr=0x14000351880
  == ATTRIBUTION == lifecycle pids: 1
    writes  script 9  /  whole traced subtree 15
    sockets script 4  /  whole traced subtree 5
  == ROOTS (from /Users/runner/v2m-hicI8v/Observe/capture.json; the classifier reads no other source) ==
    project       /Users/runner/v2m-hicI8v/Observe
    home          /Users/runner
    jailHome      /Users/runner/v2m-hicI8v/jailhome
    globalStore   /Users/runner/.cache/nub/pm/store
    projectStore  /Users/runner/v2m-hicI8v/Observe/node_modules/.store
    interpreter   /Users/runner/hostedtoolcache/node/22.23.2/arm64
    toolsDir      /Users/runner/.cache/nub/pm/tools
    temp          /private/var/folders/_5/zjnzxgh147qcg3bb5cg2wvqw0000gn/T/nub-tmp-obs3ANUrc
    npmPrefix     /Users/runner/.cache/nub/pm/tools/npm-prefix
    ownPkg        /Users/runner/v2m-hicI8v/Observe/node_modules/hugo-extended
    cwd           (null — this platform has no such root)
  == WRITES the script actually performed ==
    systemfs      2
        /dev/dtracehelper
        /dev/null
    jailTmp       3  (base profile already grants this — NOT billed)
        /private/var/folders/_5/zjnzxgh147qcg3bb5cg2wvqw0000gn/T/nub-tmp-obs3ANUrc/451de34f8886b8863af19096a2eb23e2
        /private/var/folders/_5/zjnzxgh147qcg3bb5cg2wvqw0000gn/T/nub-tmp-obs3ANUrc/451de34f8886b8863af19096a2eb23e2/hugo_extended_0.132.2_darwin-universal.tar.gz
        /private/var/folders/_5/zjnzxgh147qcg3bb5cg2wvqw0000gn/T/nub-tmp-obs3ANUrc/451de34f8886b8863af19096a2eb23e2/hugo_0.132.2_checksums.txt
    ownPkg        4  (base profile already grants this — NOT billed)
        /Users/runner/v2m-hicI8v/Observe/node_modules/hugo-extended/vendor
        /Users/runner/v2m-hicI8v/Observe/node_modules/hugo-extended/vendor/hugo
        /Users/runner/v2m-hicI8v/Observe/node_modules/hugo-extended/vendor/LICENSE
        /Users/runner/v2m-hicI8v/Observe/node_modules/hugo-extended/vendor/README.md
  == READS the script performed, by scope ==
    outside      21
    systemfs     17
    userHome      3
    ownPkg        6
    deps        362
    jailTmp       3
        outside: /
        outside: /bin/bash
        outside: /bin
        outside: /var/db/timezone/zoneinfo/UTC
        outside: /var/db/timezone/zoneinfo/posixrules
        outside: /opt/homebrew/bin/brew
        outside: /usr/bin/env
        outside: /usr/bin
        outside: /opt/homebrew/Library/Homebrew/brew.sh
        outside: /usr/bin/sw_vers
  == NETWORK ==
    AF_INET connects: 4   distinct peers: 2
        172.182.252.133:443
        185.199.110.133:443
  == REFUSALS (errno EPERM/EACCES/EROFS only; ENOENT is a miss, not a denial) ==
    distinct: 0
  == SYNTHESIZED GRANT (verify this in the real unprivileged jail) ==
    {"network":true}
  == writePaths (DERIVED — promotion out of the package's PRIVATE home) ==
    private-home writes observed: 0
    none declared — the script wrote nothing into its private home — there is nothing to promote
  == writePaths FEASIBILITY (distinct writes outside project/deps) ==
    count: 0
  EVICT[synth] 82 store entries removed, 21 spared as nub tooling, 692 in store
OSV-SCREEN {"schemaVersion":1,"kind":"nub-synth-resolved","status":"clean","digest":"39a40f4a4bc3c476cb8baf3324f40b3cfbd68e0586fed2a4a9f0784b79cd9b7f","specCount":145,"lockfiles":{"digest":"4d234232fa00fd78af862449592cfd6d3c6211f2ddf292e0ae2e5817840b5328","files":[{"path":"nub.lock","sha256":"13d4a6ce48e8d933def84d6c6f0f6a143e2671b7c98f6862dff68ba78f27bd5a","bytes":34923}]},"maliciousAdvisories":[],"screenedAt":"2026-08-31T18:45:50.582Z","cacheHit":false,"clearancePath":"/Users/runner/v2m-hicI8v/security/nub-synth-resolved.json"}
  SECURITY nub-synth-resolved clean: 145 exact package-version(s), tree 39a40f4a4bc3
  VENUE-STORE-LAYOUT isolated
  VERIFY[synth] rc=0 artifacts=12/12 missing=0 shortfall=none (tree 4463/1038) OVERRIDDEN=3 REJECTED=0 grant={"network":true}
  => VERIFIED {"network":true}
  EVICT[nar-no-network] 110 store entries removed, 21 spared as nub tooling, 720 in store
OSV-SCREEN {"schemaVersion":1,"kind":"nub-nar-no-network-resolved","status":"clean","digest":"39a40f4a4bc3c476cb8baf3324f40b3cfbd68e0586fed2a4a9f0784b79cd9b7f","specCount":145,"lockfiles":{"digest":"4d234232fa00fd78af862449592cfd6d3c6211f2ddf292e0ae2e5817840b5328","files":[{"path":"nub.lock","sha256":"13d4a6ce48e8d933def84d6c6f0f6a143e2671b7c98f6862dff68ba78f27bd5a","bytes":34923}]},"maliciousAdvisories":[],"screenedAt":"2026-08-31T18:45:50.582Z","cacheHit":true,"clearancePath":"/Users/runner/v2m-hicI8v/security/nub-nar-no-network-resolved.json"}
  SECURITY nub-nar-no-network-resolved clean: 145 exact package-version(s), tree 39a40f4a4bc3 (cached exact-tree clearance)
  VERIFY[nar-no-network] rc=1 artifacts=9/12 missing=3 shortfall=219cbefac624 (tree 4454/1038) OVERRIDDEN=3 REJECTED=0 grant={}
       missing: vendor/LICENSE, vendor/README.md, vendor/hugo
     [nar-no-network/a] RequestError: getaddrinfo ENOTFOUND github.com
     [nar-no-network/a]   code: 'ENOTFOUND',
     [nar-no-network/a]         beforeError: [],
     [nar-no-network/a]           'ETIMEDOUT',
     [nar-no-network/a]           'ENOTFOUND',
     narrowing 'no-network' fails ⇒ that capability IS necessary
  => MINIMAL — every capability in {"network":true} is independently necessary
### DONE hugo-extended@0.132.2  synthesized={"network":true} verified=1
