### unicode-animations@0.2.1   (/home/runner/v2-3W4kvK)
  CI-ENV scrubbed: CI GITHUB_ACTIONS
OSV-SCREEN {"schemaVersion":1,"kind":"direct","status":"clean","digest":"b7bb6f5428d544925257bc3078e8169133406d1e79ba150040c8e82e2e92cb45","specCount":1,"lockfiles":{"digest":null,"files":[]},"maliciousAdvisories":[],"screenedAt":"2026-09-08T11:01:03.632Z","cacheHit":false,"clearancePath":"/home/runner/v2-3W4kvK/security/direct.json"}
  SECURITY direct clean: 1 exact package-version(s), tree b7bb6f5428d5
  VENUE-OBSERVE-USER {"uid":1001,"user":"runner","umask":"0022","capBnd":"000001ffffffffff","noNewPrivs":"0"}
  VENUE-NUB-BINARY {"path":"/tmp/nub/target/release/nub","sha256":"2a18683f50f7afeb02a521cd3cae175dc2f91780d461c5f012065241f5a1447b","bytes":207643464,"features":{"buildJailCatalogOverride":true,"pythonDontWriteBytecodeEnv":true}}
OSV-SCREEN {"schemaVersion":1,"kind":"npm-observe-resolved","status":"clean","digest":"b7bb6f5428d544925257bc3078e8169133406d1e79ba150040c8e82e2e92cb45","specCount":1,"lockfiles":{"digest":"11bde6fc63b40f100f50ee9c24897272d8a3aef4ac5fee9adf2aec7e8dc2b654","files":[{"path":"package-lock.json","sha256":"603b5309de0f61c46659a1b19a2f2347934360bae7873d718b9afd31b97bef03","bytes":655}]},"maliciousAdvisories":[],"screenedAt":"2026-09-08T11:01:03.632Z","cacheHit":true,"clearancePath":"/home/runner/v2-3W4kvK/security/npm-observe-resolved.json"}
  SECURITY npm-observe-resolved clean: 1 exact package-version(s), tree b7bb6f5428d5 (cached exact-tree clearance)
  OBSERVE   rc=0 files=18 trace=10707 lines
  CLOSURE   1 packages evicted per arm
  ARM-FALSIFIABILITY {"manifestFiles":14,"filesTheScriptProduced":0,"reasons":["gate-vacuous"]}
  ⛔ ARMS-UNFALSIFIABLE — a green arm for this package carries no evidence:
       gate-vacuous: the script changed no file the artifact gate keys on — every file in the manifest (14) was already present at its final size before the script ran, so the gate passes in every arm including a completely broken one
       The grant may still be correct; what is missing is a signal that could have gone
       red. Do not read this record's MINIMAL as a passing measurement.
  RAWLOG-FILE /home/runner/v2-3W4kvK/observe/trace.txt.gz
  RAWLOG-CAPTURE /home/runner/v2-3W4kvK/observe/capture.json
  RAWLOG-BYTES raw=2364233 gz=68488
  VENUE-INTERPRETER /opt/hostedtoolcache/node/22.23.2/x64
  VENUE-OVERRIDES {"set":{"HOME":"/home/runner/v2-3W4kvK/jailhome","TMPDIR":"/tmp/nub-tmp-obsCbAgFd","NODE_COMPAT":"1","PLAYWRIGHT_BROWSERS_PATH":"/home/runner/.cache/nub/pm/tools/ms-playwright","ELECTRON_CACHE":"/home/runner/.cache/nub/pm/tools/electron-cache","electron_config_cache":"/home/runner/.cache/nub/pm/tools/electron-cache","npm_config_prefix":"/home/runner/.cache/nub/pm/tools/npm-prefix","PYTHONDONTWRITEBYTECODE":"1","NUB_CACHE_DIR":"/home/runner/v2-3W4kvK/nubcache"},"unset":["CI","GITHUB_ACTIONS"],"passedThrough":{"CI":"true","GITHUB_ACTIONS":"true","NODE_ENV":null}}
  == ATTRIBUTION == attributed pids: 13
    writes  script 0  /  whole traced tree 1088
    sockets script 0  /  whole traced tree 4
  == ROOTS (from capture.json — R2: no ambient reads) ==
    project       /home/runner/v2-3W4kvK/observe
    home          /home/runner
    jailHome      /home/runner/v2-3W4kvK/jailhome
    globalStore   /home/runner/.cache/nub/pm/store   [declared, not keyed on]
    projectStore  /home/runner/v2-3W4kvK/observe/node_modules/.store   [declared, not keyed on]
    interpreter   /opt/hostedtoolcache/node/22.23.2/x64   [declared, not keyed on]
    toolsDir      /home/runner/.cache/nub/pm/tools   [declared, not keyed on]
    temp          /tmp/nub-tmp-obsCbAgFd
    npmPrefix     /home/runner/.cache/nub/pm/tools/npm-prefix
    ownPkg        /home/runner/v2-3W4kvK/observe/node_modules/unicode-animations
  == WRITES the script actually performed ==
  == NETWORK ==
    AF_INET sockets: 0   distinct peers: 2
        127.0.0.53:53
        104.16.6.34:443
  == REFUSALS (only `= -1 EACCES/EPERM/EROFS`) ==
    distinct: 0
  == SYNTHESIZED GRANT (verify this in the real unprivileged jail) ==
    {}
  == writePaths (DERIVED — promotion out of the package's PRIVATE home) ==
    private-home writes observed: 0
    none declared — the script wrote nothing into its private home — there is nothing to promote
  == writePaths FEASIBILITY (distinct writes outside project/deps) ==
    count: 0
    EVENTS    4372 distinct from 10666 calls (10708 lines, 19 rejoined, 0 unparsed)
    PROCS     20   lifecycle shells 8
    ⛔ 3 paths with an UNRESOLVED dirfd — kept, marked, never guessed
    unsubscribed/unmapped syscalls: setsockopt×23 getsockname×20 exit×15 getsockopt×7 recvmsg×7 getcwd×4 socketpair×3 shutdown×3
    wrote /home/runner/v2-3W4kvK/observe/events.ndjson.gz (31024 bytes)
  EVENTLOG-FILE /home/runner/v2-3W4kvK/observe/events.ndjson.gz
  EVENTLOG-STATS {"lines":10708,"parsed":10666,"unparsed":0,"unfinished":19,"rejoined":19,"unresolvedDirfd":3,"truncatedArg":0,"procs":20,"lifecyclePids":8,"distinctEvents":4372,"unknownSyscall":{"getsockname":20,"getsockopt":7,"getcwd":4,"recvmsg":7,"exit":15,"setsockopt":23,"sendmmsg":1,"socketpair":3,"shutdown":3,"exit_group":3,"wait4":3},"out":"/home/runner/v2-3W4kvK/observe/events.ndjson.gz","gzipBytes":31024}
  EVICT     0 store entries removed, 0 spared as nub tooling
  SE-PURGE  0 side-effects-cache entries for unicode-animations
OSV-SCREEN {"schemaVersion":1,"kind":"nub-synth-resolved","status":"clean","digest":"b7bb6f5428d544925257bc3078e8169133406d1e79ba150040c8e82e2e92cb45","specCount":1,"lockfiles":{"digest":"ec5badcf174df9a8b38b53a9d1c49ac5ee23460bdbbc80b8872f97287512ef4f","files":[{"path":"nub.lock","sha256":"a85ce45915338d59d0f534d871f5f1200facd075c13f3b5f4d249b88bd2450ad","bytes":429}]},"maliciousAdvisories":[],"screenedAt":"2026-09-08T11:01:03.632Z","cacheHit":true,"clearancePath":"/home/runner/v2-3W4kvK/security/nub-synth-resolved.json"}
  SECURITY nub-synth-resolved clean: 1 exact package-version(s), tree b7bb6f5428d5 (cached exact-tree clearance)
  VENUE-STORE-LAYOUT isolated
  VERIFY[synth] rc=0 artifacts=14/14 missing=0 shortfall=none (tree 52/18) OVERRIDDEN=3 REJECTED=0 grant={}
  => VERIFIED {}   (observed, then verified)
  DESCEND   grant is already empty — nothing to narrow; MINIMAL by construction.
