### hugo-extended@0.105.0   (D:\jail\m-hugoextended-mtsiis8b)
  CI-ENV scrubbed: CI GITHUB_ACTIONS
OSV-SCREEN {"schemaVersion":1,"kind":"direct","status":"clean","digest":"59eaacfa5569a4bb73c66cc6fda58c9b74bf136a3b99211f81ec9ebccd563b15","specCount":1,"lockfiles":{"digest":null,"files":[]},"maliciousAdvisories":[],"screenedAt":"2026-09-08T10:14:20.626Z","cacheHit":false,"clearancePath":"D:\\jail\\m-hugoextended-mtsiis8b\\security\\direct.json"}
  SECURITY direct clean: 1 exact package-version(s), tree 59eaacfa5569
OSV-SCREEN {"schemaVersion":1,"kind":"npm-observe-resolved","status":"clean","digest":"c3546145e9b6fa83fcd6356796b72b9f76272f1c2906a2cf16ee60456a8b7674","specCount":191,"lockfiles":{"digest":"776437a0813b133c612d0ab792369bfb1b79356b5123d5f9796bd96f0e207fe3","files":[{"path":"package-lock.json","sha256":"e39931a0909cd7a7c14ab11586386964d5ec4693001088dc558b74d9f4619754","bytes":82336}]},"maliciousAdvisories":[],"screenedAt":"2026-09-08T10:14:27.264Z","cacheHit":false,"clearancePath":"D:\\jail\\m-hugoextended-mtsiis8b\\security\\npm-observe-resolved.json"}
  SECURITY npm-observe-resolved clean: 191 exact package-version(s), tree c3546145e9b6
  CAPTURE user=runnervmeef0v\runneradmin elevated=True rootPid=6664 exit=0 events=58978 lost=0
  VENUE-OBSERVE-USER runnervmeef0v\runneradmin elevated=true privDropped={"SeBackupPrivilege":"removed","SeRestorePrivilege":"removed","SeTakeOwnershipPrivilege":"removed"}
  OBSERVE artifacts: 12 files  (D:\jail\m-hugoextended-mtsiis8b\observe\node_modules\hugo-extended)
  ARM-FALSIFIABILITY {"manifestFiles":12,"filesTheScriptProduced":3,"reasons":[]}
  CLOSURE 181 packages evicted per arm
  8.3 MAP 0 components resolved on runnervmeef0v, folded into capture.json
  == ROOTS (from capture.json — R2: no ambient reads) ==
    project       D:\jail\m-hugoextended-mtsiis8b\observe   [keyed on]
    home          C:\Users\runneradmin   [keyed on]
    jailHome      (null — declared inapplicable)
    globalStore   C:\Users\runneradmin\AppData\Local\nub\pm\store
    projectStore  D:\jail\m-hugoextended-mtsiis8b\observe\node_modules\.store
    interpreter   C:\hostedtoolcache\windows\node\22.23.2\x64\node.exe
    toolsDir      C:\Users\runneradmin\AppData\Local\nub\pm\tools
    temp          D:\jail\m-hugoextended-mtsiis8b\tmp   [keyed on]
    npmPrefix     (null — declared inapplicable)
    ownPkg        D:\jail\m-hugoextended-mtsiis8b\observe\node_modules\hugo-extended
  == ATTRIBUTION == lifecycle pids: 3 (root 6664)
    writes  script 8  /  whole traced tree 21
    peers   script 2  /  whole traced tree 2
  == WRITES ==
    jailTmp       3
    deps          5
  == READS ==
    deps        554
    outside       6
    project       1
    systemfs     45
    jailTmp       3
  == NETWORK ==
    distinct peers: 2
        140.82.114.4:443
        185.199.111.133:443
  == REFUSALS (adapter-classified) ==
    distinct: 0
  == SYNTHESIZED GRANT (verify this in the real unprivileged jail) ==
    {"write":{"deps":true},"network":true}
    NOTE 3 writes into the DECLARED private temp -- the base profile grants
         that directory unconditionally (preset.rs `$tmp`=rw), so they widen nothing.
  RAW       etw-raw.xml.gz  74984209 B xml -> 1112480 B gz (67.4x)  sha256 e6806c3b6eb2a243…
  HEADER    etw-header.json (5098 bytes)
  DERIVED   7958 distinct from 12260 kept ops (58978 xml events, 9630 out of subtree)
  PROCS     5   thread-reattributed 0
  ⛔ 2 operations with NO OperationEnd — kept, status marked unknown
  ⛔ 1 handle ops whose path no table could supply
  8.3       0 expanded, 0 kept short, 0 not covered  [map: recorded 8.3 map (0 components, resolved on runnervmeef0v)]
  wrote events.ndjson.gz (97399 bytes)
  RAWLOG-CAPTURE D:\jail\m-hugoextended-mtsiis8b\cap\capture.json
  VENUE-NUB-BINARY {"path":"C:/Users/RUNNER~1/AppData/Local/Temp/nub/target/release/nub.exe","sha256":"f186817a44be332fee712b4936a071a0b5f9cde18a1d2fdc3a791729d4bf1005","bytes":68717056,"features":{"buildJailCatalogOverride":true,"pythonDontWriteBytecodeEnv":true}}
  VENUE-INTERPRETER C:\hostedtoolcache\windows\node\22.23.2\x64\node.exe
  VENUE-JAIL-ROOT D:\jail\m-hugoextended-mtsiis8b
  VENUE-OVERRIDES {"set":{"npm_config_cache":"D:\\jail\\m-hugoextended-mtsiis8b\\npm-cache","TMP":"D:\\jail\\m-hugoextended-mtsiis8b\\tmp","TEMP":"D:\\jail\\m-hugoextended-mtsiis8b\\tmp","TMPDIR":"D:\\jail\\m-hugoextended-mtsiis8b\\tmp"},"unset":["CI","GITHUB_ACTIONS"],"notRedirected":{"USERPROFILE":"C:\\Users\\runneradmin","why":"the jail leaves HOME/USERPROFILE alone — `build_jail.rs` sandbox_homes() reads the ambient value and `compiler/defaults.rs` BASELINE_ENV_EXACT passes it through — so there is no private jail home to reproduce and redirecting one would measure an environment no confined script sees"},"passedThrough":{"CI":"true","GITHUB_ACTIONS":"true","NODE_ENV":null}}
  STORE   isolated virtual store at D:\jail\m-hugoextended-mtsiis8b\verify-synth\.cache
  VENUE-STORE-LAYOUT isolated
OSV-SCREEN {"schemaVersion":1,"kind":"nub-synth-resolved","status":"clean","digest":"9cf3f745fddcaa79afeb621ec6f75c11dae87d743445499517a42e45e074ae4a","specCount":191,"lockfiles":{"digest":"83e8152540b0c0e172e3a6c9be409eacbc862c5c96c529c9918f51bd6dda7cb9","files":[{"path":"nub.lock","sha256":"56d674dcbe941ad02a5c767479e6a291dc8c2327e5e7e68ac3b9153ad3f9fb87","bytes":46050}]},"maliciousAdvisories":[],"screenedAt":"2026-09-08T10:14:39.789Z","cacheHit":false,"clearancePath":"D:\\jail\\m-hugoextended-mtsiis8b\\security\\nub-synth-resolved.json"}
  SECURITY nub-synth-resolved clean: 191 exact package-version(s), tree 9cf3f745fddc
  VERIFY[synth] rc=1 artifacts=9/12 missing=3 shortfall=a63fd828aa49 (tree 8244/1763) OVERRIDDEN=2 REJECTED=0 grant={"write":{"deps":true},"network":true}
     missing artifacts: vendor/hugo.exe, vendor/LICENSE, vendor/README.md
  synthesized grant did not verify -- falling back to a bounded ladder
  STORE   isolated virtual store at D:\jail\m-hugoextended-mtsiis8b\verify-fb0\.cache
OSV-SCREEN {"schemaVersion":1,"kind":"nub-fb0-resolved","status":"clean","digest":"9cf3f745fddcaa79afeb621ec6f75c11dae87d743445499517a42e45e074ae4a","specCount":191,"lockfiles":{"digest":"83e8152540b0c0e172e3a6c9be409eacbc862c5c96c529c9918f51bd6dda7cb9","files":[{"path":"nub.lock","sha256":"56d674dcbe941ad02a5c767479e6a291dc8c2327e5e7e68ac3b9153ad3f9fb87","bytes":46050}]},"maliciousAdvisories":[],"screenedAt":"2026-09-08T10:14:39.789Z","cacheHit":true,"clearancePath":"D:\\jail\\m-hugoextended-mtsiis8b\\security\\nub-fb0-resolved.json"}
  SECURITY nub-fb0-resolved clean: 191 exact package-version(s), tree 9cf3f745fddc (cached exact-tree clearance)
  VERIFY[fb0] rc=0 artifacts=12/12 missing=0 shortfall=none (tree 8247/1763) OVERRIDDEN=2 REJECTED=0 grant={"write":{"deps":true,"project":true,"userHome":true},"network":true}
  => MINIMUM {"write":{"deps":true,"project":true,"userHome":true},"network":true}   (ladder fallback; synthesized grant was insufficient)
  !! OBSERVE UNDER-PREDICTED -- the gap between {"write":{"deps":true},"network":true} and this is what the trace missed
  STORE   isolated virtual store at D:\jail\m-hugoextended-mtsiis8b\verify-nar-no-network\.cache
OSV-SCREEN {"schemaVersion":1,"kind":"nub-nar-no-network-resolved","status":"clean","digest":"9cf3f745fddcaa79afeb621ec6f75c11dae87d743445499517a42e45e074ae4a","specCount":191,"lockfiles":{"digest":"83e8152540b0c0e172e3a6c9be409eacbc862c5c96c529c9918f51bd6dda7cb9","files":[{"path":"nub.lock","sha256":"56d674dcbe941ad02a5c767479e6a291dc8c2327e5e7e68ac3b9153ad3f9fb87","bytes":46050}]},"maliciousAdvisories":[],"screenedAt":"2026-09-08T10:14:39.789Z","cacheHit":true,"clearancePath":"D:\\jail\\m-hugoextended-mtsiis8b\\security\\nub-nar-no-network-resolved.json"}
  SECURITY nub-nar-no-network-resolved clean: 191 exact package-version(s), tree 9cf3f745fddc (cached exact-tree clearance)
  VERIFY[nar-no-network] rc=1 artifacts=9/12 missing=3 shortfall=a63fd828aa49 (tree 8244/1763) OVERRIDDEN=2 REJECTED=0 grant={"write":{"deps":true,"project":true,"userHome":true}}
     missing artifacts: vendor/hugo.exe, vendor/LICENSE, vendor/README.md
     'no-network' is NECESSARY — dropping it fails to verify
  STORE   isolated virtual store at D:\jail\m-hugoextended-mtsiis8b\verify-nar-no-write-deps\.cache
OSV-SCREEN {"schemaVersion":1,"kind":"nub-nar-no-write-deps-resolved","status":"clean","digest":"9cf3f745fddcaa79afeb621ec6f75c11dae87d743445499517a42e45e074ae4a","specCount":191,"lockfiles":{"digest":"83e8152540b0c0e172e3a6c9be409eacbc862c5c96c529c9918f51bd6dda7cb9","files":[{"path":"nub.lock","sha256":"56d674dcbe941ad02a5c767479e6a291dc8c2327e5e7e68ac3b9153ad3f9fb87","bytes":46050}]},"maliciousAdvisories":[],"screenedAt":"2026-09-08T10:14:39.789Z","cacheHit":true,"clearancePath":"D:\\jail\\m-hugoextended-mtsiis8b\\security\\nub-nar-no-write-deps-resolved.json"}
  SECURITY nub-nar-no-write-deps-resolved clean: 191 exact package-version(s), tree 9cf3f745fddc (cached exact-tree clearance)
  VERIFY[nar-no-write-deps] rc=0 artifacts=12/12 missing=0 shortfall=none (tree 8247/1763) OVERRIDDEN=2 REJECTED=0 grant={"write":{"project":true,"userHome":true},"network":true}
     ⛔ OVER-PREDICTED — the strictly narrower {"write":{"project":true,"userHome":true},"network":true} also verifies; 'no-write-deps' was not needed
  STORE   isolated virtual store at D:\jail\m-hugoextended-mtsiis8b\verify-nar-no-write-project\.cache
OSV-SCREEN {"schemaVersion":1,"kind":"nub-nar-no-write-project-resolved","status":"clean","digest":"9cf3f745fddcaa79afeb621ec6f75c11dae87d743445499517a42e45e074ae4a","specCount":191,"lockfiles":{"digest":"83e8152540b0c0e172e3a6c9be409eacbc862c5c96c529c9918f51bd6dda7cb9","files":[{"path":"nub.lock","sha256":"56d674dcbe941ad02a5c767479e6a291dc8c2327e5e7e68ac3b9153ad3f9fb87","bytes":46050}]},"maliciousAdvisories":[],"screenedAt":"2026-09-08T10:14:39.789Z","cacheHit":true,"clearancePath":"D:\\jail\\m-hugoextended-mtsiis8b\\security\\nub-nar-no-write-project-resolved.json"}
  SECURITY nub-nar-no-write-project-resolved clean: 191 exact package-version(s), tree 9cf3f745fddc (cached exact-tree clearance)
  VERIFY[nar-no-write-project] rc=0 artifacts=12/12 missing=0 shortfall=none (tree 8247/1763) OVERRIDDEN=2 REJECTED=0 grant={"write":{"deps":true,"userHome":true},"network":true}
     ⛔ OVER-PREDICTED — the strictly narrower {"write":{"deps":true,"userHome":true},"network":true} also verifies; 'no-write-project' was not needed
  STORE   isolated virtual store at D:\jail\m-hugoextended-mtsiis8b\verify-nar-no-write-userHome\.cache
OSV-SCREEN {"schemaVersion":1,"kind":"nub-nar-no-write-userHome-resolved","status":"clean","digest":"9cf3f745fddcaa79afeb621ec6f75c11dae87d743445499517a42e45e074ae4a","specCount":191,"lockfiles":{"digest":"83e8152540b0c0e172e3a6c9be409eacbc862c5c96c529c9918f51bd6dda7cb9","files":[{"path":"nub.lock","sha256":"56d674dcbe941ad02a5c767479e6a291dc8c2327e5e7e68ac3b9153ad3f9fb87","bytes":46050}]},"maliciousAdvisories":[],"screenedAt":"2026-09-08T10:14:39.789Z","cacheHit":true,"clearancePath":"D:\\jail\\m-hugoextended-mtsiis8b\\security\\nub-nar-no-write-userHome-resolved.json"}
  SECURITY nub-nar-no-write-userHome-resolved clean: 191 exact package-version(s), tree 9cf3f745fddc (cached exact-tree clearance)
  VERIFY[nar-no-write-userHome] rc=1 artifacts=9/12 missing=3 shortfall=a63fd828aa49 (tree 8244/1763) OVERRIDDEN=2 REJECTED=0 grant={"write":{"deps":true,"project":true},"network":true}
     missing artifacts: vendor/hugo.exe, vendor/LICENSE, vendor/README.md
     'no-write-userHome' is NECESSARY — dropping it fails to verify
  STORE   isolated virtual store at D:\jail\m-hugoextended-mtsiis8b\verify-joint-narrow\.cache
OSV-SCREEN {"schemaVersion":1,"kind":"nub-joint-narrow-resolved","status":"clean","digest":"9cf3f745fddcaa79afeb621ec6f75c11dae87d743445499517a42e45e074ae4a","specCount":191,"lockfiles":{"digest":"83e8152540b0c0e172e3a6c9be409eacbc862c5c96c529c9918f51bd6dda7cb9","files":[{"path":"nub.lock","sha256":"56d674dcbe941ad02a5c767479e6a291dc8c2327e5e7e68ac3b9153ad3f9fb87","bytes":46050}]},"maliciousAdvisories":[],"screenedAt":"2026-09-08T10:14:39.789Z","cacheHit":true,"clearancePath":"D:\\jail\\m-hugoextended-mtsiis8b\\security\\nub-joint-narrow-resolved.json"}
  SECURITY nub-joint-narrow-resolved clean: 191 exact package-version(s), tree 9cf3f745fddc (cached exact-tree clearance)
  VERIFY[joint-narrow] rc=0 artifacts=12/12 missing=0 shortfall=none (tree 8247/1763) OVERRIDDEN=2 REJECTED=0 grant={"write":{"userHome":true},"network":true}
  => JOINT-NARROW VERIFIED {"write":{"userHome":true},"network":true} — all 2 capabilities drop TOGETHER, measured
