### saucectl@0.209.0   (D:\jail\m-saucectl-mtsqpkjh)
  CI-ENV scrubbed: CI GITHUB_ACTIONS
OSV-SCREEN {"schemaVersion":1,"kind":"direct","status":"clean","digest":"def9a9756997937379fa9bc50c931ceeae6b410bbe050efefea79f959077f1e4","specCount":1,"lockfiles":{"digest":null,"files":[]},"maliciousAdvisories":[],"screenedAt":"2026-09-08T14:03:34.177Z","cacheHit":false,"clearancePath":"D:\\jail\\m-saucectl-mtsqpkjh\\security\\direct.json"}
  SECURITY direct clean: 1 exact package-version(s), tree def9a9756997
OSV-SCREEN {"schemaVersion":1,"kind":"npm-observe-resolved","status":"clean","digest":"367ced25a96a96fb870d561da76bec757db3f0e31ff908cca512317168c47aa2","specCount":44,"lockfiles":{"digest":"be2d81e4126513dd2f303d3d84b57ffb29823c4729887151f001e756b1a80c03","files":[{"path":"package-lock.json","sha256":"7ed3391b27e4aafa315422d8bb52f989bfde91b7c1b6039cad4fbc89e4eaa184","bytes":19402}]},"maliciousAdvisories":[],"screenedAt":"2026-09-08T14:03:38.772Z","cacheHit":false,"clearancePath":"D:\\jail\\m-saucectl-mtsqpkjh\\security\\npm-observe-resolved.json"}
  SECURITY npm-observe-resolved clean: 44 exact package-version(s), tree 367ced25a96a
  CAPTURE user=runnervmeef0v\runneradmin elevated=True rootPid=8848 exit=0 events=68258 lost=0
  VENUE-OBSERVE-USER runnervmeef0v\runneradmin elevated=true privDropped={"SeBackupPrivilege":"removed","SeRestorePrivilege":"removed","SeTakeOwnershipPrivilege":"removed"}
  OBSERVE artifacts: 8 files  (D:\jail\m-saucectl-mtsqpkjh\observe\node_modules\saucectl)
  ARM-FALSIFIABILITY {"manifestFiles":8,"filesTheScriptProduced":1,"reasons":[]}
  CLOSURE 42 packages evicted per arm
  8.3 MAP 0 components resolved on runnervmeef0v, folded into capture.json
  == ROOTS (from capture.json — R2: no ambient reads) ==
    project       D:\jail\m-saucectl-mtsqpkjh\observe   [keyed on]
    home          C:\Users\runneradmin   [keyed on]
    jailHome      (null — declared inapplicable)
    globalStore   C:\Users\runneradmin\AppData\Local\nub\pm\store
    projectStore  D:\jail\m-saucectl-mtsqpkjh\observe\node_modules\.store
    interpreter   C:\hostedtoolcache\windows\node\22.23.2\x64\node.exe
    toolsDir      C:\Users\runneradmin\AppData\Local\nub\pm\tools
    temp          D:\jail\m-saucectl-mtsqpkjh\tmp   [keyed on]
    npmPrefix     (null — declared inapplicable)
    ownPkg        D:\jail\m-saucectl-mtsqpkjh\observe\node_modules\saucectl
  == ATTRIBUTION == lifecycle pids: 3 (root 8848)
    writes  script 2  /  whole traced tree 13
    peers   script 2  /  whole traced tree 2
  == WRITES ==
    deps          2
  == READS ==
    deps        148
    outside       6
    project       1
    systemfs     34
  == NETWORK ==
    distinct peers: 2
        140.82.114.3:443
        185.199.110.133:443
  == REFUSALS (adapter-classified) ==
    distinct: 0
  == SYNTHESIZED GRANT (verify this in the real unprivileged jail) ==
    {"write":{"deps":true},"network":true}
  RAW       etw-raw.xml.gz  86902877 B xml -> 1413531 B gz (61.5x)  sha256 c5349750d1b54851…
  HEADER    etw-header.json (5065 bytes)
  DERIVED   5987 distinct from 8011 kept ops (68258 xml events, 18243 out of subtree)
  PROCS     5   thread-reattributed 369
  ⛔ 1 operations with NO OperationEnd — kept, status marked unknown
  8.3       0 expanded, 0 kept short, 0 not covered  [map: recorded 8.3 map (0 components, resolved on runnervmeef0v)]
  wrote events.ndjson.gz (75453 bytes)
  RAWLOG-CAPTURE D:\jail\m-saucectl-mtsqpkjh\cap\capture.json
  VENUE-NUB-BINARY {"path":"C:/Users/RUNNER~1/AppData/Local/Temp/nub/target/release/nub.exe","sha256":"f186817a44be332fee712b4936a071a0b5f9cde18a1d2fdc3a791729d4bf1005","bytes":68717056,"features":{"buildJailCatalogOverride":true,"pythonDontWriteBytecodeEnv":true}}
  VENUE-INTERPRETER C:\hostedtoolcache\windows\node\22.23.2\x64\node.exe
  VENUE-JAIL-ROOT D:\jail\m-saucectl-mtsqpkjh
  VENUE-OVERRIDES {"set":{"npm_config_cache":"D:\\jail\\m-saucectl-mtsqpkjh\\npm-cache","TMP":"D:\\jail\\m-saucectl-mtsqpkjh\\tmp","TEMP":"D:\\jail\\m-saucectl-mtsqpkjh\\tmp","TMPDIR":"D:\\jail\\m-saucectl-mtsqpkjh\\tmp"},"unset":["CI","GITHUB_ACTIONS"],"notRedirected":{"USERPROFILE":"C:\\Users\\runneradmin","why":"the jail leaves HOME/USERPROFILE alone — `build_jail.rs` sandbox_homes() reads the ambient value and `compiler/defaults.rs` BASELINE_ENV_EXACT passes it through — so there is no private jail home to reproduce and redirecting one would measure an environment no confined script sees"},"passedThrough":{"CI":"true","GITHUB_ACTIONS":"true","NODE_ENV":null}}
  STORE   isolated virtual store at D:\jail\m-saucectl-mtsqpkjh\verify-synth\.cache
  VENUE-STORE-LAYOUT isolated
OSV-SCREEN {"schemaVersion":1,"kind":"nub-synth-resolved","status":"clean","digest":"367ced25a96a96fb870d561da76bec757db3f0e31ff908cca512317168c47aa2","specCount":44,"lockfiles":{"digest":"1f58b165fccd1c73e3c445db309ad11276a280e3da66d17d66dcb914120084da","files":[{"path":"nub.lock","sha256":"af5aaa9bfe9c9484798148c4281f247a9130b8921f601ec84245beec7e4f2e72","bytes":12723}]},"maliciousAdvisories":[],"screenedAt":"2026-09-08T14:03:38.772Z","cacheHit":true,"clearancePath":"D:\\jail\\m-saucectl-mtsqpkjh\\security\\nub-synth-resolved.json"}
  SECURITY nub-synth-resolved clean: 44 exact package-version(s), tree 367ced25a96a (cached exact-tree clearance)
  VERIFY[synth] rc=0 artifacts=8/8 missing=0 shortfall=none (tree 6481/634) OVERRIDDEN=2 REJECTED=0 grant={"write":{"deps":true},"network":true}
  => MINIMUM {"write":{"deps":true},"network":true}   (observed, then verified)
  STORE   isolated virtual store at D:\jail\m-saucectl-mtsqpkjh\verify-nar-no-network\.cache
OSV-SCREEN {"schemaVersion":1,"kind":"nub-nar-no-network-resolved","status":"clean","digest":"367ced25a96a96fb870d561da76bec757db3f0e31ff908cca512317168c47aa2","specCount":44,"lockfiles":{"digest":"1f58b165fccd1c73e3c445db309ad11276a280e3da66d17d66dcb914120084da","files":[{"path":"nub.lock","sha256":"af5aaa9bfe9c9484798148c4281f247a9130b8921f601ec84245beec7e4f2e72","bytes":12723}]},"maliciousAdvisories":[],"screenedAt":"2026-09-08T14:03:38.772Z","cacheHit":true,"clearancePath":"D:\\jail\\m-saucectl-mtsqpkjh\\security\\nub-nar-no-network-resolved.json"}
  SECURITY nub-nar-no-network-resolved clean: 44 exact package-version(s), tree 367ced25a96a (cached exact-tree clearance)
  VERIFY[nar-no-network] rc=1 artifacts=7/8 missing=1 shortfall=7b125f15df9d (tree 6481/634) OVERRIDDEN=2 REJECTED=0 grant={"write":{"deps":true}}
     missing artifacts: bin/saucectl.exe
     'no-network' is NECESSARY — dropping it fails to verify
  STORE   isolated virtual store at D:\jail\m-saucectl-mtsqpkjh\verify-nar-no-write-deps\.cache
OSV-SCREEN {"schemaVersion":1,"kind":"nub-nar-no-write-deps-resolved","status":"clean","digest":"367ced25a96a96fb870d561da76bec757db3f0e31ff908cca512317168c47aa2","specCount":44,"lockfiles":{"digest":"1f58b165fccd1c73e3c445db309ad11276a280e3da66d17d66dcb914120084da","files":[{"path":"nub.lock","sha256":"af5aaa9bfe9c9484798148c4281f247a9130b8921f601ec84245beec7e4f2e72","bytes":12723}]},"maliciousAdvisories":[],"screenedAt":"2026-09-08T14:03:38.772Z","cacheHit":true,"clearancePath":"D:\\jail\\m-saucectl-mtsqpkjh\\security\\nub-nar-no-write-deps-resolved.json"}
  SECURITY nub-nar-no-write-deps-resolved clean: 44 exact package-version(s), tree 367ced25a96a (cached exact-tree clearance)
  VERIFY[nar-no-write-deps] rc=0 artifacts=8/8 missing=0 shortfall=none (tree 6481/634) OVERRIDDEN=2 REJECTED=0 grant={"network":true}
     ⛔ OVER-PREDICTED — the strictly narrower {"network":true} also verifies; 'no-write-deps' was not needed
