### tree-sitter@0.21.1   (/home/runner/v2-eUV3R8)
  CI-ENV scrubbed: CI GITHUB_ACTIONS
OSV-SCREEN {"schemaVersion":1,"kind":"direct","status":"clean","digest":"50b8025152b3fcf952d84f912c70466f368c3223c899857a4234c0774a2022a8","specCount":1,"lockfiles":{"digest":null,"files":[]},"maliciousAdvisories":[],"screenedAt":"2026-09-08T10:02:09.931Z","cacheHit":false,"clearancePath":"/home/runner/v2-eUV3R8/security/direct.json"}
  SECURITY direct clean: 1 exact package-version(s), tree 50b8025152b3
  VENUE-OBSERVE-USER {"uid":1001,"user":"runner","umask":"0022","capBnd":"000001ffffffffff","noNewPrivs":"0"}
  VENUE-NUB-BINARY {"path":"/tmp/nub/target/release/nub","sha256":"2a18683f50f7afeb02a521cd3cae175dc2f91780d461c5f012065241f5a1447b","bytes":207643464,"features":{"buildJailCatalogOverride":true,"pythonDontWriteBytecodeEnv":true}}
OSV-SCREEN {"schemaVersion":1,"kind":"npm-observe-resolved","status":"clean","digest":"bbb4ae8fd97fe8d66c5b020b39f4b07cb5d5ed9e75b6735e92d95f6af6d09d7a","specCount":3,"lockfiles":{"digest":"50db91db7a4624836b97730b59e91f3b32fa569ce873397c2acb8472db41b129","files":[{"path":"package-lock.json","sha256":"83721e18f9fb73ad937fb010b4910527578ba9d8da5fd54c6849ff0ff35be45e","bytes":1486}]},"maliciousAdvisories":[],"screenedAt":"2026-09-08T10:02:10.716Z","cacheHit":false,"clearancePath":"/home/runner/v2-eUV3R8/security/npm-observe-resolved.json"}
  SECURITY npm-observe-resolved clean: 3 exact package-version(s), tree bbb4ae8fd97f
  OBSERVE   rc=0 files=111 trace=10974 lines
  CLOSURE   3 packages evicted per arm
  ARM-FALSIFIABILITY {"manifestFiles":80,"filesTheScriptProduced":0,"reasons":["gate-vacuous"]}
  ⛔ ARMS-UNFALSIFIABLE — a green arm for this package carries no evidence:
       gate-vacuous: the script changed no file the artifact gate keys on — every file in the manifest (80) was already present at its final size before the script ran, so the gate passes in every arm including a completely broken one
       The grant may still be correct; what is missing is a signal that could have gone
       red. Do not read this record's MINIMAL as a passing measurement.
  RAWLOG-FILE /home/runner/v2-eUV3R8/observe/trace.txt.gz
  RAWLOG-CAPTURE /home/runner/v2-eUV3R8/observe/capture.json
  RAWLOG-BYTES raw=2392387 gz=70091
  VENUE-INTERPRETER /opt/hostedtoolcache/node/22.23.2/x64
  VENUE-OVERRIDES {"set":{"HOME":"/home/runner/v2-eUV3R8/jailhome","TMPDIR":"/tmp/nub-tmp-obsb0Na7r","NODE_COMPAT":"1","PLAYWRIGHT_BROWSERS_PATH":"/home/runner/.cache/nub/pm/tools/ms-playwright","ELECTRON_CACHE":"/home/runner/.cache/nub/pm/tools/electron-cache","electron_config_cache":"/home/runner/.cache/nub/pm/tools/electron-cache","npm_config_prefix":"/home/runner/.cache/nub/pm/tools/npm-prefix","PYTHONDONTWRITEBYTECODE":"1","NUB_CACHE_DIR":"/home/runner/v2-eUV3R8/nubcache"},"unset":["CI","GITHUB_ACTIONS"],"passedThrough":{"CI":"true","GITHUB_ACTIONS":"true","NODE_ENV":null}}
  == ATTRIBUTION == attributed pids: 21
    writes  script 0  /  whole traced tree 1088
    sockets script 0  /  whole traced tree 4
  == ROOTS (from capture.json — R2: no ambient reads) ==
    project       /home/runner/v2-eUV3R8/observe
    home          /home/runner
    jailHome      /home/runner/v2-eUV3R8/jailhome
    globalStore   /home/runner/.cache/nub/pm/store   [declared, not keyed on]
    projectStore  /home/runner/v2-eUV3R8/observe/node_modules/.store   [declared, not keyed on]
    interpreter   /opt/hostedtoolcache/node/22.23.2/x64   [declared, not keyed on]
    toolsDir      /home/runner/.cache/nub/pm/tools   [declared, not keyed on]
    temp          /tmp/nub-tmp-obsb0Na7r
    npmPrefix     /home/runner/.cache/nub/pm/tools/npm-prefix
    ownPkg        /home/runner/v2-eUV3R8/observe/node_modules/tree-sitter
  == WRITES the script actually performed ==
  == NETWORK ==
    AF_INET sockets: 0   distinct peers: 2
        127.0.0.53:53
        104.16.7.34:443
  == REFUSALS (only `= -1 EACCES/EPERM/EROFS`) ==
    distinct: 0
  == SYNTHESIZED GRANT (verify this in the real unprivileged jail) ==
    {}
  == writePaths (DERIVED — promotion out of the package's PRIVATE home) ==
    private-home writes observed: 0
    none declared — the script wrote nothing into its private home — there is nothing to promote
  == writePaths FEASIBILITY (distinct writes outside project/deps) ==
    count: 0
    EVENTS    4499 distinct from 10861 calls (10975 lines, 81 rejoined, 0 unparsed)
    PROCS     28   lifecycle shells 16
    ⛔ 3 paths with an UNRESOLVED dirfd — kept, marked, never guessed
    unsubscribed/unmapped syscalls: setsockopt×35 getsockname×25 exit×20 getsockopt×12 recvmsg×7 socketpair×6 wait4×6 shutdown×5
    wrote /home/runner/v2-eUV3R8/observe/events.ndjson.gz (31787 bytes)
  EVENTLOG-FILE /home/runner/v2-eUV3R8/observe/events.ndjson.gz
  EVENTLOG-STATS {"lines":10975,"parsed":10861,"unparsed":0,"unfinished":81,"rejoined":81,"unresolvedDirfd":3,"truncatedArg":0,"procs":28,"lifecyclePids":16,"distinctEvents":4499,"unknownSyscall":{"getsockname":25,"getsockopt":12,"getcwd":4,"recvmsg":7,"exit":20,"setsockopt":35,"sendmmsg":1,"socketpair":6,"shutdown":5,"exit_group":5,"wait4":6},"out":"/home/runner/v2-eUV3R8/observe/events.ndjson.gz","gzipBytes":31787}
  EVICT     1 store entries removed, 0 spared as nub tooling
  SE-PURGE  0 side-effects-cache entries for tree-sitter
OSV-SCREEN {"schemaVersion":1,"kind":"nub-synth-resolved","status":"clean","digest":"bbb4ae8fd97fe8d66c5b020b39f4b07cb5d5ed9e75b6735e92d95f6af6d09d7a","specCount":3,"lockfiles":{"digest":"b663caada2188b50269fcdd65402b33097f44c4b3f53d14e657ccdf2a23c7175","files":[{"path":"nub.lock","sha256":"9f1355577b9755fc3e4bcafead0b39fdcff5ceb829b3f2e2199a5d0154d741da","bytes":880}]},"maliciousAdvisories":[],"screenedAt":"2026-09-08T10:02:10.716Z","cacheHit":true,"clearancePath":"/home/runner/v2-eUV3R8/security/nub-synth-resolved.json"}
  SECURITY nub-synth-resolved clean: 3 exact package-version(s), tree bbb4ae8fd97f (cached exact-tree clearance)
  VENUE-STORE-LAYOUT isolated
  VERIFY[synth] rc=0 artifacts=80/80 missing=0 shortfall=none (tree 335/111) OVERRIDDEN=2 REJECTED=0 grant={}
  => VERIFIED {}   (observed, then verified)
  DESCEND   grant is already empty — nothing to narrow; MINIMAL by construction.
