### esbuild@0.16.17   (D:\jail\m-esbuild-mtrn66io)
  CI-ENV scrubbed: CI GITHUB_ACTIONS
OSV-SCREEN {"schemaVersion":1,"kind":"direct","status":"clean","digest":"6cc31cf53963304eee353a91eac189f0dc3853175f83616fd1a1e4cbb0da4909","specCount":1,"lockfiles":{"digest":null,"files":[]},"maliciousAdvisories":[],"screenedAt":"2026-09-07T19:36:44.528Z","cacheHit":false,"clearancePath":"D:\\jail\\m-esbuild-mtrn66io\\security\\direct.json"}
  SECURITY direct clean: 1 exact package-version(s), tree 6cc31cf53963
OSV-SCREEN {"schemaVersion":1,"kind":"npm-observe-resolved","status":"clean","digest":"e18d8538139546a3441b7d938f9ceee905c82d4575123ceb39902b77393857f9","specCount":2,"lockfiles":{"digest":"1efd3096b5ad789af5fe5fd9280d8261f73ed4972d47431dcf019f1aec35a894","files":[{"path":"package-lock.json","sha256":"d4ea5ee36b32b1f4d3917182d5a8fc8720f89eac130b4fced38012b40bcfc776","bytes":11934}]},"maliciousAdvisories":[],"screenedAt":"2026-09-07T19:36:46.478Z","cacheHit":false,"clearancePath":"D:\\jail\\m-esbuild-mtrn66io\\security\\npm-observe-resolved.json"}
  SECURITY npm-observe-resolved clean: 2 exact package-version(s), tree e18d85381395
  CAPTURE user=runnervmeef0v\runneradmin elevated=True rootPid=6000 exit=0 events=22651 lost=0
  VENUE-OBSERVE-USER runnervmeef0v\runneradmin elevated=true privDropped={"SeBackupPrivilege":"removed","SeRestorePrivilege":"removed","SeTakeOwnershipPrivilege":"removed"}
  OBSERVE artifacts: 7 files  (D:\jail\m-esbuild-mtrn66io\observe\node_modules\esbuild)
  ARM-FALSIFIABILITY {"manifestFiles":7,"filesTheScriptProduced":0,"reasons":["gate-vacuous"]}
  ⛔ ARMS-UNFALSIFIABLE — a green arm for this package carries no evidence:
       gate-vacuous: the script changed no file the artifact gate keys on — every file in the manifest (7) was already present at its final size before the script ran, so the gate passes in every arm including a completely broken one
       The grant may still be correct; what is missing is a signal that could have gone
       red. Do not read this record's MINIMAL as a passing measurement.
  CLOSURE 2 packages evicted per arm
  8.3 MAP 0 components resolved on runnervmeef0v, folded into capture.json
  == ROOTS (from capture.json — R2: no ambient reads) ==
    project       D:\jail\m-esbuild-mtrn66io\observe   [keyed on]
    home          C:\Users\runneradmin   [keyed on]
    jailHome      (null — declared inapplicable)
    globalStore   C:\Users\runneradmin\AppData\Local\nub\pm\store
    projectStore  D:\jail\m-esbuild-mtrn66io\observe\node_modules\.store
    interpreter   C:\hostedtoolcache\windows\node\22.23.2\x64\node.exe
    toolsDir      C:\Users\runneradmin\AppData\Local\nub\pm\tools
    temp          D:\jail\m-esbuild-mtrn66io\tmp   [keyed on]
    npmPrefix     (null — declared inapplicable)
    ownPkg        D:\jail\m-esbuild-mtrn66io\observe\node_modules\esbuild
  == ATTRIBUTION == lifecycle pids: 4 (root 6000)
    writes  script 0  /  whole traced tree 11
    peers   script 0  /  whole traced tree 0
  == WRITES ==
  == READS ==
    deps          8
    outside       6
    project       1
    systemfs     27
  == NETWORK ==
    distinct peers: 0
  == REFUSALS (adapter-classified) ==
    distinct: 0
  == SYNTHESIZED GRANT (verify this in the real unprivileged jail) ==
    {}
  RAW       etw-raw.xml.gz  28866477 B xml -> 417131 B gz (69.2x)  sha256 532c4c22b460b2e2…
  HEADER    etw-header.json (5005 bytes)
  DERIVED   5416 distinct from 6785 kept ops (22651 xml events, 1662 out of subtree)
  PROCS     6   thread-reattributed 0
  ⛔ 1 operations with NO OperationEnd — kept, status marked unknown
  8.3       0 expanded, 0 kept short, 0 not covered  [map: recorded 8.3 map (0 components, resolved on runnervmeef0v)]
  wrote events.ndjson.gz (68952 bytes)
  RAWLOG-CAPTURE D:\jail\m-esbuild-mtrn66io\cap\capture.json
  VENUE-NUB-BINARY {"path":"C:/Users/RUNNER~1/AppData/Local/Temp/nub/target/release/nub.exe","sha256":"f186817a44be332fee712b4936a071a0b5f9cde18a1d2fdc3a791729d4bf1005","bytes":68717056,"features":{"buildJailCatalogOverride":true,"pythonDontWriteBytecodeEnv":true}}
  VENUE-INTERPRETER C:\hostedtoolcache\windows\node\22.23.2\x64\node.exe
  VENUE-JAIL-ROOT D:\jail\m-esbuild-mtrn66io
  VENUE-OVERRIDES {"set":{"npm_config_cache":"D:\\jail\\m-esbuild-mtrn66io\\npm-cache","TMP":"D:\\jail\\m-esbuild-mtrn66io\\tmp","TEMP":"D:\\jail\\m-esbuild-mtrn66io\\tmp","TMPDIR":"D:\\jail\\m-esbuild-mtrn66io\\tmp"},"unset":["CI","GITHUB_ACTIONS"],"notRedirected":{"USERPROFILE":"C:\\Users\\runneradmin","why":"the jail leaves HOME/USERPROFILE alone — `build_jail.rs` sandbox_homes() reads the ambient value and `compiler/defaults.rs` BASELINE_ENV_EXACT passes it through — so there is no private jail home to reproduce and redirecting one would measure an environment no confined script sees"},"passedThrough":{"CI":"true","GITHUB_ACTIONS":"true","NODE_ENV":null}}
  STORE   isolated virtual store at D:\jail\m-esbuild-mtrn66io\verify-synth\.cache
  VENUE-STORE-LAYOUT isolated
OSV-SCREEN {"schemaVersion":1,"kind":"nub-synth-resolved","status":"clean","digest":"e18d8538139546a3441b7d938f9ceee905c82d4575123ceb39902b77393857f9","specCount":2,"lockfiles":{"digest":"d591a761afc294bf800a6e2a855bc3fbd7e74454a8eea780814bfb079ae8936f","files":[{"path":"nub.lock","sha256":"8a1cf7346dbfec03d09b2c9f644564af1a2c672a7ef1e0cdd0bd5cca7b2f9cf6","bytes":7341}]},"maliciousAdvisories":[],"screenedAt":"2026-09-07T19:36:46.478Z","cacheHit":true,"clearancePath":"D:\\jail\\m-esbuild-mtrn66io\\security\\nub-synth-resolved.json"}
  SECURITY nub-synth-resolved clean: 2 exact package-version(s), tree e18d85381395 (cached exact-tree clearance)
  VERIFY[synth] rc=0 artifacts=7/7 missing=0 shortfall=none (tree 5706/17) OVERRIDDEN=2 REJECTED=0 grant={}
  => MINIMUM {}   (observed, then verified)
  DESCEND   grant is already empty — nothing to narrow; MINIMAL by construction.
