### hugo-extended@0.149.1   (/home/runner/v2-zddAIo)
  CI-ENV scrubbed: CI GITHUB_ACTIONS
OSV-SCREEN {"schemaVersion":1,"kind":"direct","status":"clean","digest":"20ec374d8c69e6c65ff375599ea458f3b6afa6323fb848299f1be0ecc4f323e3","specCount":1,"lockfiles":{"digest":null,"files":[]},"maliciousAdvisories":[],"screenedAt":"2026-09-08T09:02:00.193Z","cacheHit":false,"clearancePath":"/home/runner/v2-zddAIo/security/direct.json"}
  SECURITY direct clean: 1 exact package-version(s), tree 20ec374d8c69
  VENUE-OBSERVE-USER {"uid":1001,"user":"runner","umask":"0022","capBnd":"000001ffffffffff","noNewPrivs":"0"}
  VENUE-NUB-BINARY {"path":"/tmp/nub/target/release/nub","sha256":"2a18683f50f7afeb02a521cd3cae175dc2f91780d461c5f012065241f5a1447b","bytes":207643464,"features":{"buildJailCatalogOverride":true,"pythonDontWriteBytecodeEnv":true}}
OSV-SCREEN {"schemaVersion":1,"kind":"npm-observe-resolved","status":"clean","digest":"e148b95fc761d8f13351976896fbcdefebc3f0ac18fb2ee4cde14ea1aae33498","specCount":145,"lockfiles":{"digest":"46ef28dc80e0fbe066eedf5befcb5165b0e200034a7b3f1719efe0465c732980","files":[{"path":"package-lock.json","sha256":"d6d701d05c4df3a22395dde2b8d177beefa63f9ae3556173379f6af692229f78","bytes":63461}]},"maliciousAdvisories":[],"screenedAt":"2026-09-08T09:02:02.222Z","cacheHit":false,"clearancePath":"/home/runner/v2-zddAIo/security/npm-observe-resolved.json"}
  SECURITY npm-observe-resolved clean: 145 exact package-version(s), tree e148b95fc761
  OBSERVE   rc=0 files=1315 trace=15584 lines
  CLOSURE   136 packages evicted per arm
  ARM-FALSIFIABILITY {"manifestFiles":12,"filesTheScriptProduced":3,"reasons":[]}
  RAWLOG-FILE /home/runner/v2-zddAIo/observe/trace.txt.gz
  RAWLOG-CAPTURE /home/runner/v2-zddAIo/observe/capture.json
  RAWLOG-BYTES raw=3274207 gz=98642
  VENUE-INTERPRETER /opt/hostedtoolcache/node/22.23.2/x64
  VENUE-OVERRIDES {"set":{"HOME":"/home/runner/v2-zddAIo/jailhome","TMPDIR":"/tmp/nub-tmp-obsqbeafB","NODE_COMPAT":"1","PLAYWRIGHT_BROWSERS_PATH":"/home/runner/.cache/nub/pm/tools/ms-playwright","ELECTRON_CACHE":"/home/runner/.cache/nub/pm/tools/electron-cache","electron_config_cache":"/home/runner/.cache/nub/pm/tools/electron-cache","npm_config_prefix":"/home/runner/.cache/nub/pm/tools/npm-prefix","PYTHONDONTWRITEBYTECODE":"1","NUB_CACHE_DIR":"/home/runner/v2-zddAIo/nubcache"},"unset":["CI","GITHUB_ACTIONS"],"passedThrough":{"CI":"true","GITHUB_ACTIONS":"true","NODE_ENV":null}}
  == ATTRIBUTION == attributed pids: 26
    writes  script 7  /  whole traced tree 1095
    sockets script 10  /  whole traced tree 16
  == ROOTS (from capture.json — R2: no ambient reads) ==
    project       /home/runner/v2-zddAIo/observe
    home          /home/runner
    jailHome      /home/runner/v2-zddAIo/jailhome
    globalStore   /home/runner/.cache/nub/pm/store   [declared, not keyed on]
    projectStore  /home/runner/v2-zddAIo/observe/node_modules/.store   [declared, not keyed on]
    interpreter   /opt/hostedtoolcache/node/22.23.2/x64   [declared, not keyed on]
    toolsDir      /home/runner/.cache/nub/pm/tools   [declared, not keyed on]
    temp          /tmp/nub-tmp-obsqbeafB
    npmPrefix     /home/runner/.cache/nub/pm/tools/npm-prefix
    ownPkg        /home/runner/v2-zddAIo/observe/node_modules/hugo-extended
  == WRITES the script actually performed ==
    jailTmp       3  (base profile already grants this — NOT billed)
        /tmp/nub-tmp-obsqbeafB/9e21afde06210ca9a912fe73c908c22c
        /tmp/nub-tmp-obsqbeafB/9e21afde06210ca9a912fe73c908c22c/hugo_extended_0.149.1_linux-amd64.tar.gz
        /tmp/nub-tmp-obsqbeafB/9e21afde06210ca9a912fe73c908c22c/hugo_0.149.1_checksums.txt
    ownPkg        4  (base profile already grants this — NOT billed)
        /home/runner/v2-zddAIo/observe/node_modules/hugo-extended/vendor
        /home/runner/v2-zddAIo/observe/node_modules/hugo-extended/vendor/hugo
        /home/runner/v2-zddAIo/observe/node_modules/hugo-extended/vendor/README.md
        /home/runner/v2-zddAIo/observe/node_modules/hugo-extended/vendor/LICENSE
  == NETWORK ==
    AF_INET sockets: 10   distinct peers: 3
        127.0.0.53:53
        104.16.6.34:443
        140.82.114.3:443
  == REFUSALS (only `= -1 EACCES/EPERM/EROFS`) ==
    distinct: 0
  == SYNTHESIZED GRANT (verify this in the real unprivileged jail) ==
    {"network":true}
  == writePaths (DERIVED — promotion out of the package's PRIVATE home) ==
    private-home writes observed: 0
    none declared — the script wrote nothing into its private home — there is nothing to promote
  == writePaths FEASIBILITY (distinct writes outside project/deps) ==
    count: 0
    EVENTS    6594 distinct from 15318 calls (15585 lines, 204 rejoined, 0 unparsed)
    PROCS     33   lifecycle shells 21
    ⛔ 3 paths with an UNRESOLVED dirfd — kept, marked, never guessed
    unsubscribed/unmapped syscalls: setsockopt×55 getsockname×42 tgkill×26 getsockopt×20 exit×20 getcwd×16 recvmsg×15 socketpair×6
    wrote /home/runner/v2-zddAIo/observe/events.ndjson.gz (43999 bytes)
  EVENTLOG-FILE /home/runner/v2-zddAIo/observe/events.ndjson.gz
  EVENTLOG-STATS {"lines":15585,"parsed":15318,"unparsed":0,"unfinished":204,"rejoined":204,"unresolvedDirfd":3,"truncatedArg":0,"procs":33,"lifecyclePids":21,"distinctEvents":6594,"unknownSyscall":{"getsockname":42,"getsockopt":20,"getcwd":16,"recvmsg":15,"exit":20,"setsockopt":55,"sendmmsg":5,"socketpair":6,"shutdown":4,"getpeername":4,"tgkill":26,"exit_group":4,"wait4":4},"out":"/home/runner/v2-zddAIo/observe/events.ndjson.gz","gzipBytes":43999}
  EVICT     143 store entries removed, 3 spared as nub tooling
  SE-PURGE  0 side-effects-cache entries for hugo-extended
OSV-SCREEN {"schemaVersion":1,"kind":"nub-synth-resolved","status":"clean","digest":"e148b95fc761d8f13351976896fbcdefebc3f0ac18fb2ee4cde14ea1aae33498","specCount":145,"lockfiles":{"digest":"192c9581538aeb5cdaab52f0904a376172afd8eb378b647d1dbe0bb5a2b67a3c","files":[{"path":"nub.lock","sha256":"fbed4f0de382cb22500b5c19469c534477dc47d388964bdbc203d78e8fb66121","bytes":34923}]},"maliciousAdvisories":[],"screenedAt":"2026-09-08T09:02:02.222Z","cacheHit":true,"clearancePath":"/home/runner/v2-zddAIo/security/nub-synth-resolved.json"}
  SECURITY nub-synth-resolved clean: 145 exact package-version(s), tree e148b95fc761 (cached exact-tree clearance)
  VENUE-STORE-LAYOUT isolated
  VERIFY[synth] rc=0 artifacts=12/12 missing=0 shortfall=none (tree 4463/1315) OVERRIDDEN=3 REJECTED=0 grant={"network":true}
  => VERIFIED {"network":true}   (observed, then verified)
  EVICT     143 store entries removed, 3 spared as nub tooling
  SE-PURGE  0 side-effects-cache entries for hugo-extended
OSV-SCREEN {"schemaVersion":1,"kind":"nub-drop-no-network-resolved","status":"clean","digest":"e148b95fc761d8f13351976896fbcdefebc3f0ac18fb2ee4cde14ea1aae33498","specCount":145,"lockfiles":{"digest":"192c9581538aeb5cdaab52f0904a376172afd8eb378b647d1dbe0bb5a2b67a3c","files":[{"path":"nub.lock","sha256":"fbed4f0de382cb22500b5c19469c534477dc47d388964bdbc203d78e8fb66121","bytes":34923}]},"maliciousAdvisories":[],"screenedAt":"2026-09-08T09:02:02.222Z","cacheHit":true,"clearancePath":"/home/runner/v2-zddAIo/security/nub-drop-no-network-resolved.json"}
  SECURITY nub-drop-no-network-resolved clean: 145 exact package-version(s), tree e148b95fc761 (cached exact-tree clearance)
  VERIFY[drop-no-network] rc=1 artifacts=9/12 missing=3 shortfall=219cbefac624 (tree 4454/1315) OVERRIDDEN=3 REJECTED=0 grant={}
       missing: vendor/LICENSE, vendor/README.md, vendor/hugo
     'no-network' is NECESSARY — dropping it fails to verify
  => MINIMAL — every capability in {"network":true} is independently necessary
