  HARNESS-NODE /opt/hostedtoolcache/node/22.23.2/x64/bin/node (v22.23.2); arm-cap present
  ERA-NODE PINNED 14.21.3 (provisioned) (arms will run: v14.21.3)
  ERA-PYTHON /opt/hostedtoolcache/Python/3.9.25/x64/bin/python (Python 3.9.25) for era Node 14, whose node-gyp requires python3-legacy
  ARM-MAKE /usr/bin/gmake (GNU Make 4.3) — the system make; a build needing GNU Make 4 WILL fail here
### lzma-native@7.0.1   (/home/runner/v2-QznUmR)
  CI-ENV scrubbed: CI GITHUB_ACTIONS
OSV-SCREEN {"schemaVersion":1,"kind":"direct","status":"clean","digest":"69e2e336297cd326e486382dc375f88faed4ce16b305e6ec38bde9f9ee5da267","specCount":1,"lockfiles":{"digest":null,"files":[]},"maliciousAdvisories":[],"screenedAt":"2026-08-24T17:45:22.726Z","cacheHit":false,"clearancePath":"/home/runner/v2-QznUmR/security/direct.json"}
  SECURITY direct clean: 1 exact package-version(s), tree 69e2e336297c
  VENUE-OBSERVE-USER {"uid":1001,"user":"runner","umask":"0022","capBnd":"000001ffffffffff","noNewPrivs":"0"}
  VENUE-NUB-BINARY {"path":"/tmp/nub/target/release/nub","sha256":"bed0d624b324fb3de83de474ff73731ad2f1fd040ff548bb0158e2baf850701d","bytes":208304640,"features":{"buildJailCatalogOverride":true,"pythonDontWriteBytecodeEnv":true}}
  ERA-RESOLUTION DATED 2021-03-12T17:32:29.058Z (deps as of the package's own publish date + 1d)
OSV-SCREEN {"schemaVersion":1,"kind":"npm-observe-resolved","status":"clean","digest":"813c264477f5d0ed6501d0e2df99eeed3dcc817fdb5655d13ff2228a42641d9e","specCount":62,"lockfiles":{"digest":"07f26264be5f4f9ca1119467db6a71a8cddf0bc1cc85062f5b27092f03e0d8c1","files":[{"path":"package-lock.json","sha256":"41ea387904a5e4ca7f1fbd9f932768db78a9206fbeb44999fe8d98ee01fede52","bytes":25421}]},"maliciousAdvisories":[],"screenedAt":"2026-08-24T17:45:24.893Z","cacheHit":false,"clearancePath":"/home/runner/v2-QznUmR/security/npm-observe-resolved.json"}
  SECURITY npm-observe-resolved clean: 62 exact package-version(s), tree 813c264477f5
  ARM-PATH SANITISED (nothing to drop)
  ARM-AMBIENT-TOOLS 9 leaked: tsc=/usr/local/bin/tsc rimraf=/home/runner/v2-QznUmR/observe/node_modules/.bin/rimraf grunt=/usr/local/bin/grunt gulp=/usr/local/bin/gulp webpack=/usr/local/bin/webpack lerna=/usr/local/bin/lerna node-pre-gyp=/home/runner/v2-QznUmR/observe/node_modules/.bin/node-pre-gyp yarn=/usr/local/bin/yarn pulumi=/usr/local/bin/pulumi
  ARM-SCAFFOLD 1 added: 7z
  ARM-UNPROVIDABLE none
  ARM-SCAFFOLD-INSTALL rc=0
  OBSERVE   rc=1 files=1448 trace=593189 lines
  => BROKEN-WITHOUT-JAIL-TOO (unjailed control failed; nothing to measure)
