### jotai-devtools@0.5.1   (/home/runner/v2-nvzj3g)
  CI-ENV scrubbed: CI GITHUB_ACTIONS
OSV-SCREEN {"schemaVersion":1,"kind":"direct","status":"clean","digest":"a3b2998a3ff36baebaee73b751283fdbd386b958b494ba5e984fb60d25a44288","specCount":1,"lockfiles":{"digest":null,"files":[]},"maliciousAdvisories":[],"screenedAt":"2026-09-08T11:00:25.068Z","cacheHit":false,"clearancePath":"/home/runner/v2-nvzj3g/security/direct.json"}
  SECURITY direct clean: 1 exact package-version(s), tree a3b2998a3ff3
  VENUE-OBSERVE-USER {"uid":1001,"user":"runner","umask":"0022","capBnd":"000001ffffffffff","noNewPrivs":"0"}
  VENUE-NUB-BINARY {"path":"/tmp/nub/target/release/nub","sha256":"2a18683f50f7afeb02a521cd3cae175dc2f91780d461c5f012065241f5a1447b","bytes":207643464,"features":{"buildJailCatalogOverride":true,"pythonDontWriteBytecodeEnv":true}}
OSV-SCREEN {"schemaVersion":1,"kind":"npm-observe-resolved","status":"clean","digest":"d12e5ece30bfde9d3d01390c2074bf3752b052167959f06f157cc743f483545b","specCount":134,"lockfiles":{"digest":"8319167e08ee3d0c3743ac230424d92c65cbf03cb6f1320097641e399773928f","files":[{"path":"package-lock.json","sha256":"4ed0c0af2a9674b562f74b954a0ecb98900643154a11e06c5095dcba6616fc2e","bytes":60375}]},"maliciousAdvisories":[],"screenedAt":"2026-09-08T11:00:40.277Z","cacheHit":false,"clearancePath":"/home/runner/v2-nvzj3g/security/npm-observe-resolved.json"}
  SECURITY npm-observe-resolved clean: 134 exact package-version(s), tree d12e5ece30bf
  OBSERVE   rc=0 files=36844 trace=22305 lines
  CLOSURE   119 packages evicted per arm
  ARM-FALSIFIABILITY {"manifestFiles":25,"filesTheScriptProduced":0,"reasons":["gate-vacuous"]}
  ⛔ ARMS-UNFALSIFIABLE — a green arm for this package carries no evidence:
       gate-vacuous: the script changed no file the artifact gate keys on — every file in the manifest (25) was already present at its final size before the script ran, so the gate passes in every arm including a completely broken one
       The grant may still be correct; what is missing is a signal that could have gone
       red. Do not read this record's MINIMAL as a passing measurement.
  RAWLOG-FILE /home/runner/v2-nvzj3g/observe/trace.txt.gz
  RAWLOG-CAPTURE /home/runner/v2-nvzj3g/observe/capture.json
  RAWLOG-BYTES raw=4890833 gz=142487
  VENUE-INTERPRETER /opt/hostedtoolcache/node/22.23.2/x64
  VENUE-OVERRIDES {"set":{"HOME":"/home/runner/v2-nvzj3g/jailhome","TMPDIR":"/tmp/nub-tmp-obsREVQXH","NODE_COMPAT":"1","PLAYWRIGHT_BROWSERS_PATH":"/home/runner/.cache/nub/pm/tools/ms-playwright","ELECTRON_CACHE":"/home/runner/.cache/nub/pm/tools/electron-cache","electron_config_cache":"/home/runner/.cache/nub/pm/tools/electron-cache","npm_config_prefix":"/home/runner/.cache/nub/pm/tools/npm-prefix","PYTHONDONTWRITEBYTECODE":"1","NUB_CACHE_DIR":"/home/runner/v2-nvzj3g/nubcache"},"unset":["CI","GITHUB_ACTIONS"],"passedThrough":{"CI":"true","GITHUB_ACTIONS":"true","NODE_ENV":null}}
  == ATTRIBUTION == attributed pids: 26
    writes  script 1153  /  whole traced tree 1702
    sockets script 6  /  whole traced tree 10
  == ROOTS (from capture.json — R2: no ambient reads) ==
    project       /home/runner/v2-nvzj3g/observe
    home          /home/runner
    jailHome      /home/runner/v2-nvzj3g/jailhome
    globalStore   /home/runner/.cache/nub/pm/store   [declared, not keyed on]
    projectStore  /home/runner/v2-nvzj3g/observe/node_modules/.store   [declared, not keyed on]
    interpreter   /opt/hostedtoolcache/node/22.23.2/x64   [declared, not keyed on]
    toolsDir      /home/runner/.cache/nub/pm/tools   [declared, not keyed on]
    temp          /tmp/nub-tmp-obsREVQXH
    npmPrefix     /home/runner/.cache/nub/pm/tools/npm-prefix
    ownPkg        /home/runner/v2-nvzj3g/observe/node_modules/jotai-devtools
  == WRITES the script actually performed ==
    jailHome     57  (base profile already grants this — NOT billed)
        /home/runner/v2-nvzj3g/jailhome/.npm/_logs/2026-09-08T11_00_41_960Z-debug-0.log
        /home/runner/v2-nvzj3g/jailhome/.npm/_cacache
        /home/runner/v2-nvzj3g/jailhome/.npm/_cacache/tmp
        /home/runner/v2-nvzj3g/jailhome/.npm/_cacache/tmp/75821279
        /home/runner/v2-nvzj3g/jailhome/.npm/_cacache/content-v2
        /home/runner/v2-nvzj3g/jailhome/.npm/_cacache/content-v2/sha512
        /home/runner/v2-nvzj3g/jailhome/.npm/_cacache/content-v2/sha512/2c
        /home/runner/v2-nvzj3g/jailhome/.npm/_cacache/content-v2/sha512/2c/fe
        /home/runner/v2-nvzj3g/jailhome/.npm/_cacache/content-v2/sha512/2c/fe/9f205c0cc4dd708b31360783f9cd646626591ba9b023720771588dc52a8fdda4c3bbeb413487fff8f024126556fea516e5a95c384e2057751293e57e1622
        /home/runner/v2-nvzj3g/jailhome/.npm/_cacache/index-v5
        … and 47 more
    jailTmp    1096  (base profile already grants this — NOT billed)
        /tmp/nub-tmp-obsREVQXH/node-compile-cache/v22.23.2-x64-9ac5647c-1001/0824c5cd.TQlhbq
        /tmp/nub-tmp-obsREVQXH/node-compile-cache/v22.23.2-x64-9ac5647c-1001/0824c5cd
        /tmp/nub-tmp-obsREVQXH/node-compile-cache/v22.23.2-x64-9ac5647c-1001/e504f44f.vG7Afu
        /tmp/nub-tmp-obsREVQXH/node-compile-cache/v22.23.2-x64-9ac5647c-1001/e504f44f
        /tmp/nub-tmp-obsREVQXH/node-compile-cache/v22.23.2-x64-9ac5647c-1001/b8e8213d.4FA97j
        /tmp/nub-tmp-obsREVQXH/node-compile-cache/v22.23.2-x64-9ac5647c-1001/b8e8213d
        /tmp/nub-tmp-obsREVQXH/node-compile-cache/v22.23.2-x64-9ac5647c-1001/dac64a78.CuyQLo
        /tmp/nub-tmp-obsREVQXH/node-compile-cache/v22.23.2-x64-9ac5647c-1001/dac64a78
        /tmp/nub-tmp-obsREVQXH/node-compile-cache/v22.23.2-x64-9ac5647c-1001/21258f2f.AtTVRp
        /tmp/nub-tmp-obsREVQXH/node-compile-cache/v22.23.2-x64-9ac5647c-1001/21258f2f
        … and 1086 more
  == NETWORK ==
    AF_INET sockets: 6   distinct peers: 3
        127.0.0.53:53
        104.16.0.34:443
        104.16.9.34:443
  == REFUSALS (only `= -1 EACCES/EPERM/EROFS`) ==
    distinct: 0
  == SYNTHESIZED GRANT (verify this in the real unprivileged jail) ==
    {"network":true}
  == writePaths (DERIVED — promotion out of the package's PRIVATE home) ==
    private-home writes observed: 57
    none declared — every write was a FILE at the top of the private home, or landed in a directory the TOOLCHAIN owns (see `writePathsDeny`) — an entry names a directory belonging to the PACKAGE, so there is nothing to name
  == writePaths FEASIBILITY (distinct writes outside project/deps) ==
    count: 0
    EVENTS    9392 distinct from 22146 calls (22306 lines, 122 rejoined, 0 unparsed)
    PROCS     33   lifecycle shells 21
    ⛔ 7 paths with an UNRESOLVED dirfd — kept, marked, never guessed
    unsubscribed/unmapped syscalls: setsockopt×54 getsockname×53 getsockopt×29 exit×25 recvmsg×14 wait4×6 getcwd×5 exit_group×5
    wrote /home/runner/v2-nvzj3g/observe/events.ndjson.gz (59716 bytes)
  EVENTLOG-FILE /home/runner/v2-nvzj3g/observe/events.ndjson.gz
  EVENTLOG-STATS {"lines":22306,"parsed":22146,"unparsed":0,"unfinished":122,"rejoined":122,"unresolvedDirfd":7,"truncatedArg":0,"procs":33,"lifecyclePids":21,"distinctEvents":9392,"unknownSyscall":{"getsockname":53,"getsockopt":29,"getcwd":5,"recvmsg":14,"exit":25,"setsockopt":54,"sendmmsg":2,"socketpair":3,"shutdown":3,"exit_group":5,"wait4":6},"out":"/home/runner/v2-nvzj3g/observe/events.ndjson.gz","gzipBytes":59716}
  EVICT     26 store entries removed, 0 spared as nub tooling
  SE-PURGE  0 side-effects-cache entries for jotai-devtools
OSV-SCREEN {"schemaVersion":1,"kind":"nub-synth-resolved","status":"clean","digest":"081bf774a607e825d506920d01e8c856addc8ae324c89e959b5c07d6f6e9be83","specCount":135,"lockfiles":{"digest":"06679b23a7288aadf82adce2418024144bd3882852f430d15076c722741078e3","files":[{"path":"nub.lock","sha256":"45a0c2e2ca18b67a924aa0737b89f5a42986fcc337203216ead375d3f285d687","bytes":41693}]},"maliciousAdvisories":[],"screenedAt":"2026-09-08T11:00:49.179Z","cacheHit":false,"clearancePath":"/home/runner/v2-nvzj3g/security/nub-synth-resolved.json"}
  SECURITY nub-synth-resolved clean: 135 exact package-version(s), tree 081bf774a607
  VENUE-STORE-LAYOUT isolated
  VERIFY[synth] rc=0 artifacts=25/25 missing=0 shortfall=none (tree 121687/36844) OVERRIDDEN=3 REJECTED=0 grant={"network":true}
  => VERIFIED {"network":true}   (observed, then verified)
  EVICT     123 store entries removed, 0 spared as nub tooling
  SE-PURGE  0 side-effects-cache entries for jotai-devtools
OSV-SCREEN {"schemaVersion":1,"kind":"nub-drop-no-network-resolved","status":"clean","digest":"081bf774a607e825d506920d01e8c856addc8ae324c89e959b5c07d6f6e9be83","specCount":135,"lockfiles":{"digest":"06679b23a7288aadf82adce2418024144bd3882852f430d15076c722741078e3","files":[{"path":"nub.lock","sha256":"45a0c2e2ca18b67a924aa0737b89f5a42986fcc337203216ead375d3f285d687","bytes":41693}]},"maliciousAdvisories":[],"screenedAt":"2026-09-08T11:00:49.179Z","cacheHit":true,"clearancePath":"/home/runner/v2-nvzj3g/security/nub-drop-no-network-resolved.json"}
  SECURITY nub-drop-no-network-resolved clean: 135 exact package-version(s), tree 081bf774a607 (cached exact-tree clearance)
  VERIFY[drop-no-network] rc=1 artifacts=25/25 missing=0 shortfall=none (tree 121687/36844) OVERRIDDEN=3 REJECTED=0 grant={}
     'no-network' is NECESSARY — dropping it fails to verify
  => MINIMAL — every capability in {"network":true} is independently necessary
