### playwright@1.31.0   (/Users/runner/v2m-YSS3Ot)   nub=/tmp/nub/target/release/nub
  VENUE-NUB-BINARY {"path":"/tmp/nub/target/release/nub","sha256":"96a20008266cf4b82096914dc1eddf3962fde269760393eef3a71f67e04dd9d4","bytes":94103896,"features":{"buildJailCatalogOverride":true,"pythonDontWriteBytecodeEnv":true}}
  CI-ENV scrubbed: CI GITHUB_ACTIONS
  --- fbt preflight (advisory; never fails the run) ---
     csrutil: System Integrity Protection status: disabled.
     fbt probes visible: 93577
     fbt enable attempt: dtrace: description 'fbt:::entry ' matched 50357 probes CPU     ID                    FUNCTION:NAME 
     cwd builtin value:  
     fbt chdir symbols:  
     fbt fires on spawn-with-cwd: dtrace: invalid probe specifier fbt::chdir*:entry /progenyof($target)/ { @[probefunc] = count(); }: probe description fbt::chdir*:entry does not match any probes 
  --- end fbt preflight ---
  VENUE-CI-CHILD clean (no CI-detection variable reaches the traced script)
  --- wrapper (run.sh) ---
     cd "/Users/runner/v2m-YSS3Ot/Observe"
     sudo -u "runner" -H env "PATH=$PATH"   "HOME=/Users/runner/v2m-YSS3Ot/jailhome"   "TMPDIR=/private/var/folders/_5/zjnzxgh147qcg3bb5cg2wvqw0000gn/T/nub-tmp-obsVOTxdk"   "NODE_COMPAT=1"   "PYTHONDONTWRITEBYTECODE=1"   "PLAYWRIGHT_BROWSERS_PATH=/Users/runner/.cache/nub/pm/tools/ms-playwright"   "ELECTRON_CACHE=/Users/runner/.cache/nub/pm/tools/electron-cache"   "electron_config_cache=/Users/runner/.cache/nub/pm/tools/electron-cache"   "npm_config_prefix=/Users/runner/.cache/nub/pm/tools/npm-prefix"   "/Users/runner/hostedtoolcache/node/22.23.1/arm64/bin/npm" rebuild --no-audit --no-fund "playwright" > "/Users/runner/v2m-YSS3Ot/Observe/npm.log" 2>&1
     echo $? > "/Users/runner/v2m-YSS3Ot/Observe/rc"
  --- dtrace stderr + wrapper trace ---
     + cd /Users/runner/v2m-YSS3Ot/Observe
     + sudo -u runner -H env PATH=/Users/runner/hostedtoolcache/node/22.23.1/arm64/bin:/opt/homebrew/lib/ruby/gems/3.3.0/bin:/opt/homebrew/opt/ruby@3.3/bin:/Users/runner/.local/bin:/opt/homebrew/bin:/opt/homebrew/sbin:/Users/runner/.cargo/bin:/usr/local/opt/curl/bin:/usr/local/bin:/usr/local/sbin:/Users/runner/bin:/Users/runner/.yarn/bin:/Users/runner/Library/Android/sdk/tools:/Users/runner/Library/Android/sdk/platform-tools:/Library/Frameworks/Python.framework/Versions/Current/bin:/Library/Frameworks/Mono.framework/Versions/Current/Commands:/usr/bin:/bin:/usr/sbin:/sbin:/Users/runner/.dotnet/tools HOME=/Users/runner/v2m-YSS3Ot/jailhome TMPDIR=/private/var/folders/_5/zjnzxgh147qcg3bb5cg2wvqw0000gn/T/nub-tmp-obsVOTxdk NODE_COMPAT=1 PYTHONDONTWRITEBYTECODE=1 PLAYWRIGHT_BROWSERS_PATH=/Users/runner/.cache/nub/pm/tools/ms-playwright ELECTRON_CACHE=/Users/runner/.cache/nub/pm/tools/electron-cache electron_config_cache=/Users/runner/.cache/nub/pm/tools/electron-cache npm_config_prefix=/Users/runner/.cache/nub/pm/tools/npm-prefix /Users/runner/hostedtoolcache/node/22.23.1/arm64/bin/npm rebuild --no-audit --no-fund playwright
     dtrace: error on enabled probe ID 128 (ID 286: syscall::execve:entry): invalid address (0x600002a25050) in action #1 at DIF offset 20
     dtrace: error on enabled probe ID 100 (ID 845: syscall::stat64:return): invalid address (0x16fb12dc8) in action #8 at DIF offset 12
     + echo 0
  OBSERVE   rc=0 dtrace_rc=0 files=305 (pre=303) trace=127038 lines
  CLOSURE   2 packages evicted per arm   store=/Users/runner/.cache/nub/pm/store
  RAWLOG-FILE /Users/runner/v2m-YSS3Ot/Observe/trace.txt.gz
  RAWLOG-CAPTURE /Users/runner/v2m-YSS3Ot/Observe/capture.json
  RAWLOG-BYTES raw=17271120 gz=369377
  VENUE-INTERPRETER /Users/runner/hostedtoolcache/node/22.23.1/arm64
  VENUE-OVERRIDES {"set":{"PATH":"inherited-and-forwarded","HOME":"/Users/runner/v2m-YSS3Ot/jailhome","TMPDIR":"/private/var/folders/_5/zjnzxgh147qcg3bb5cg2wvqw0000gn/T/nub-tmp-obsVOTxdk","NODE_COMPAT":"1","PYTHONDONTWRITEBYTECODE":"1","PLAYWRIGHT_BROWSERS_PATH":"/Users/runner/.cache/nub/pm/tools/ms-playwright","ELECTRON_CACHE":"/Users/runner/.cache/nub/pm/tools/electron-cache","electron_config_cache":"/Users/runner/.cache/nub/pm/tools/electron-cache","npm_config_prefix":"/Users/runner/.cache/nub/pm/tools/npm-prefix"},"unset":["(sudo env_reset discards the caller environment; every var above is re-set after it)","CI","GITHUB_ACTIONS"],"passedThrough":{"CI":"true","GITHUB_ACTIONS":"true","NODE_ENV":null}}
  VENUE-OBSERVE-USER runner uid=501 (R7: ordinary non-root user, asserted)
  ARM-FALSIFIABILITY {"manifestFiles":9,"filesTheScriptProduced":0,"reasons":["gate-vacuous"]}
  ⛔ ARMS-UNFALSIFIABLE — a green arm for this package carries no evidence:
       gate-vacuous: the script changed no file the artifact gate keys on — every file in the manifest (9) was already present at its final size before the script ran, so the gate passes in every arm including a completely broken one
       The grant may still be correct; what is missing is a signal that could have gone
       red. Do not read this record's MINIMAL as a passing measurement.
  EVENTLOG-FILE /Users/runner/v2m-YSS3Ot/Observe/events.ndjson.gz
  EVENTLOG-STATS {"lines":127039,"parsed":127018,"unparsed":0,"live":true,"tracerErrors":2,"tracerErrorTotal":2,"unresolvedDirfd":51,"unresolvedFd":0,"pairedTwoPath":541,"danglingPair":0,"failed":19977,"enoent":7490,"refusals":0,"byErrno":{"ENXIO":4,"ENOENT":7490,"EEXIST":12483},"procs":13,"lifecyclePids":2,"distinctEvents":14187,"emitted":14187,"calls":126453,"bytes":3018838,"gzipBytes":95996,"out":"/Users/runner/v2m-YSS3Ot/Observe/events.ndjson"}
  == TRACER == live=true decodable-events=22547 dropped-events=2
    NOTE 34 relative path(s) under a non-AT_FDCWD dirfd were not
       scope-assigned: resolving them against the cwd would invent a path.
    ⛔ CWD-UNOBSERVED 10 relative path(s) (0 write(s)) came from a lifecycle
       process whose own cwd was never observed
       macOS spawns with posix_spawn addchdir_np, which changes directory in-kernel and
       emits no chdir syscall, so the inherited cwd cannot be trusted. These are NOT
       scope-assigned; the grant below is WIDENED instead so it covers wherever they landed.
         pid=63779 read  unproven .
         pid=63779 read  unproven .
         pid=63779 read  unproven .
         pid=63781 read  unproven .
         pid=63782 read  unproven .
         pid=64043 read  unproven .
         pid=64850 read  unproven .
         pid=64851 read  unproven .
         pid=65066 read  unproven .
         pid=65067 read  unproven .
    ⛔ THE TRACER DROPPED 2 EVENT(S). A dropped event is a path never
       seen, so the grant below can only be too NARROW — the direction that breaks installs.
       Treat it as a FLOOR, not a measurement, until the adapter fault is fixed:
             1 x  epid=128 action=1 fault=1 addr=0x600002a25050
             1 x  epid=100 action=8 fault=1 addr=0x16fb12dc8
  == ATTRIBUTION == lifecycle pids: 2
    writes  script 6402  /  whole traced subtree 7492
    sockets script 11  /  whole traced subtree 12
  == ROOTS (from /Users/runner/v2m-YSS3Ot/Observe/capture.json; the classifier reads no other source) ==
    project       /Users/runner/v2m-YSS3Ot/Observe
    home          /Users/runner
    jailHome      /Users/runner/v2m-YSS3Ot/jailhome
    globalStore   /Users/runner/.cache/nub/pm/store
    projectStore  /Users/runner/v2m-YSS3Ot/Observe/node_modules/.store
    interpreter   /Users/runner/hostedtoolcache/node/22.23.1/arm64
    toolsDir      /Users/runner/.cache/nub/pm/tools
    temp          /private/var/folders/_5/zjnzxgh147qcg3bb5cg2wvqw0000gn/T/nub-tmp-obsVOTxdk
    npmPrefix     /Users/runner/.cache/nub/pm/tools/npm-prefix
    ownPkg        /Users/runner/v2m-YSS3Ot/Observe/node_modules/playwright
    cwd           (null — this platform has no such root)
  == WRITES the script actually performed ==
    systemfs      1
        /dev/dtracehelper
    userHome   6397
    jailTmp       4  (base profile already grants this — NOT billed)
        /private/var/folders/_5/zjnzxgh147qcg3bb5cg2wvqw0000gn/T/nub-tmp-obsVOTxdk/playwright-download-chromium-mac12-arm64-1048.zip
        /private/var/folders/_5/zjnzxgh147qcg3bb5cg2wvqw0000gn/T/nub-tmp-obsVOTxdk/playwright-download-ffmpeg-mac12-arm64-1008.zip
        /private/var/folders/_5/zjnzxgh147qcg3bb5cg2wvqw0000gn/T/nub-tmp-obsVOTxdk/playwright-download-firefox-mac12-arm64-1378.zip
        /private/var/folders/_5/zjnzxgh147qcg3bb5cg2wvqw0000gn/T/nub-tmp-obsVOTxdk/playwright-download-webkit-mac12-arm64-1792.zip
  == READS the script performed, by scope ==
    outside       8
    systemfs     14
    userHome      5
    ownPkg        2
    deps        175
    jailTmp       4
        outside: /
        outside: /bin/bash
        outside: /bin
        outside: /bin/sh
        outside: /usr/bin/sw_vers
        outside: /usr/bin
        outside: /var/db/timezone/zoneinfo/UTC
        outside: /var/db/timezone/zoneinfo/posixrules
  == NETWORK ==
    AF_INET connects: 11   distinct peers: 3
        13.107.246.69:443
        199.232.210.172:443
        150.171.109.146:443
  == REFUSALS (errno EPERM/EACCES/EROFS only; ENOENT is a miss, not a denial) ==
    distinct: 0
  == SYNTHESIZED GRANT (verify this in the real unprivileged jail) ==
    {"write":{"userHome":true},"network":true}
  == writePaths (DERIVED — promotion out of the package's PRIVATE home) ==
    private-home writes observed: 0
    none declared — the script wrote nothing into its private home — there is nothing to promote
    6397 write(s) landed in the REAL home by absolute path, so promotion cannot reach them — nub moves OUT of the private home, and nothing of theirs is in it. Only `write:{userHome}` covers these; emitting `writePaths` instead would be an UNDER-GRANT.
  == writePaths FEASIBILITY (distinct writes outside project/deps) ==
    count: 6397
        .cache/nub/pm/tools/ms-playwright
        .cache/nub/pm/tools/ms-playwright/__dirlock
        .cache/nub/pm/tools/ms-playwright/.links
        .cache/nub/pm/tools/ms-playwright/.links/690ba9564dc4d2bc43588452dca3b43cb9d04f1e
        .cache/nub/pm/tools/ms-playwright/chromium-1048
        .cache/nub/pm/tools/ms-playwright/chromium-1048/chrome-mac
        .cache/nub/pm/tools/ms-playwright/chromium-1048/chrome-mac/Chromium.app
        .cache/nub/pm/tools/ms-playwright/chromium-1048/chrome-mac/Chromium.app/Contents
        .cache/nub/pm/tools/ms-playwright/chromium-1048/chrome-mac/Chromium.app/Contents/MacOS
        .cache/nub/pm/tools/ms-playwright/chromium-1048/chrome-mac/Chromium.app/Contents/MacOS/Chromium
        .cache/nub/pm/tools/ms-playwright/chromium-1048/chrome-mac/Chromium.app/Contents/Resources
        .cache/nub/pm/tools/ms-playwright/chromium-1048/chrome-mac/Chromium.app/Contents/Resources/de.lproj
        .cache/nub/pm/tools/ms-playwright/chromium-1048/chrome-mac/Chromium.app/Contents/Resources/de.lproj/InfoPlist.strings
        .cache/nub/pm/tools/ms-playwright/chromium-1048/chrome-mac/Chromium.app/Contents/Resources/ur.lproj
        .cache/nub/pm/tools/ms-playwright/chromium-1048/chrome-mac/Chromium.app/Contents/Resources/ur.lproj/InfoPlist.strings
        .cache/nub/pm/tools/ms-playwright/chromium-1048/chrome-mac/Chromium.app/Contents/Resources/he.lproj
        .cache/nub/pm/tools/ms-playwright/chromium-1048/chrome-mac/Chromium.app/Contents/Resources/he.lproj/InfoPlist.strings
        .cache/nub/pm/tools/ms-playwright/chromium-1048/chrome-mac/Chromium.app/Contents/Resources/ar.lproj
        .cache/nub/pm/tools/ms-playwright/chromium-1048/chrome-mac/Chromium.app/Contents/Resources/ar.lproj/InfoPlist.strings
        .cache/nub/pm/tools/ms-playwright/chromium-1048/chrome-mac/Chromium.app/Contents/Resources/el.lproj
        .cache/nub/pm/tools/ms-playwright/chromium-1048/chrome-mac/Chromium.app/Contents/Resources/el.lproj/InfoPlist.strings
        .cache/nub/pm/tools/ms-playwright/chromium-1048/chrome-mac/Chromium.app/Contents/Resources/ja.lproj
        .cache/nub/pm/tools/ms-playwright/chromium-1048/chrome-mac/Chromium.app/Contents/Resources/ja.lproj/InfoPlist.strings
        .cache/nub/pm/tools/ms-playwright/chromium-1048/chrome-mac/Chromium.app/Contents/Resources/fa.lproj
        .cache/nub/pm/tools/ms-playwright/chromium-1048/chrome-mac/Chromium.app/Contents/Resources/fa.lproj/InfoPlist.strings
        .cache/nub/pm/tools/ms-playwright/chromium-1048/chrome-mac/Chromium.app/Contents/Resources/mr.lproj
        .cache/nub/pm/tools/ms-playwright/chromium-1048/chrome-mac/Chromium.app/Contents/Resources/mr.lproj/InfoPlist.strings
        .cache/nub/pm/tools/ms-playwright/chromium-1048/chrome-mac/Chromium.app/Contents/Resources/en.lproj
        .cache/nub/pm/tools/ms-playwright/chromium-1048/chrome-mac/Chromium.app/Contents/Resources/en.lproj/InfoPlist.strings
        .cache/nub/pm/tools/ms-playwright/chromium-1048/chrome-mac/Chromium.app/Contents/Resources/uk.lproj
        .cache/nub/pm/tools/ms-playwright/chromium-1048/chrome-mac/Chromium.app/Contents/Resources/uk.lproj/InfoPlist.strings
        .cache/nub/pm/tools/ms-playwright/chromium-1048/chrome-mac/Chromium.app/Contents/Resources/es_419.lproj
        .cache/nub/pm/tools/ms-playwright/chromium-1048/chrome-mac/Chromium.app/Contents/Resources/es_419.lproj/InfoPlist.strings
        .cache/nub/pm/tools/ms-playwright/chromium-1048/chrome-mac/Chromium.app/Contents/Resources/gu.lproj
        .cache/nub/pm/tools/ms-playwright/chromium-1048/chrome-mac/Chromium.app/Contents/Resources/gu.lproj/InfoPlist.strings
        .cache/nub/pm/tools/ms-playwright/chromium-1048/chrome-mac/Chromium.app/Contents/Resources/en_XA.lproj
        .cache/nub/pm/tools/ms-playwright/chromium-1048/chrome-mac/Chromium.app/Contents/Resources/en_XA.lproj/InfoPlist.strings
        .cache/nub/pm/tools/ms-playwright/chromium-1048/chrome-mac/Chromium.app/Contents/Resources/zh_CN.lproj
        .cache/nub/pm/tools/ms-playwright/chromium-1048/chrome-mac/Chromium.app/Contents/Resources/zh_CN.lproj/InfoPlist.strings
        .cache/nub/pm/tools/ms-playwright/chromium-1048/chrome-mac/Chromium.app/Contents/Resources/kn.lproj
        … and 6357 more
  EVICT[synth] 0 store entries removed, 0 spared as nub tooling, 1836 in store
  VENUE-STORE-LAYOUT isolated
  VERIFY[synth] rc=0 artifacts=9/9 missing=0 shortfall=none (tree 898/305) OVERRIDDEN=2 REJECTED=0 grant={"write":{"userHome":true},"network":true}
  => VERIFIED {"write":{"userHome":true},"network":true}
  EVICT[nar-no-network] 2 store entries removed, 0 spared as nub tooling, 1838 in store
  VERIFY[nar-no-network] rc=0 artifacts=9/9 missing=0 shortfall=none (tree 898/305) OVERRIDDEN=2 REJECTED=0 grant={"write":{"userHome":true}}
     ⛔ OVER-PREDICTED — the strictly narrower {"write":{"userHome":true}} also verifies; 'no-network' was not needed
  EVICT[nar-no-write-userHome] 2 store entries removed, 0 spared as nub tooling, 1838 in store
  VERIFY[nar-no-write-userHome] rc=0 artifacts=9/9 missing=0 shortfall=none (tree 898/305) OVERRIDDEN=2 REJECTED=0 grant={"network":true}
     ⛔ OVER-PREDICTED — the strictly narrower {"network":true} also verifies; 'no-write-userHome' was not needed
  EVICT[joint-narrow] 2 store entries removed, 0 spared as nub tooling, 1838 in store
  VERIFY[joint-narrow] rc=0 artifacts=9/9 missing=0 shortfall=none (tree 898/305) OVERRIDDEN=2 REJECTED=0 grant={}
  => JOINT-NARROW VERIFIED {} — all 2 capabilities drop TOGETHER, measured
### DONE playwright@1.31.0  synthesized={"write":{"userHome":true},"network":true} verified=1
