### lefthook@2.1.12   (/home/runner/v2-8rfDSj)
  CI-ENV scrubbed: CI GITHUB_ACTIONS
OSV-SCREEN {"schemaVersion":1,"kind":"direct","status":"clean","digest":"eb144f3e60bb52dcc75ee9f1516ad72ad5a60a17aad97aaf2963a084cf20bdbd","specCount":1,"lockfiles":{"digest":null,"files":[]},"maliciousAdvisories":[],"screenedAt":"2026-09-10T02:14:54.908Z","cacheHit":false,"clearancePath":"/home/runner/v2-8rfDSj/security/direct.json"}
  SECURITY direct clean: 1 exact package-version(s), tree eb144f3e60bb
  VENUE-OBSERVE-USER {"uid":1001,"user":"runner","umask":"0022","capBnd":"000001ffffffffff","noNewPrivs":"0"}
  VENUE-NUB-BINARY {"path":"/tmp/nub/target/release/nub","sha256":"2a18683f50f7afeb02a521cd3cae175dc2f91780d461c5f012065241f5a1447b","bytes":207643464,"features":{"buildJailCatalogOverride":true,"pythonDontWriteBytecodeEnv":true}}
OSV-SCREEN {"schemaVersion":1,"kind":"npm-observe-resolved","status":"clean","digest":"1eb661889853ab7fcd52671a61012b607395d4c2c155d005dd7fc3917ff299b0","specCount":2,"lockfiles":{"digest":"3aa784be600b6d3079c8f2e613cdeaa5cc440d0528251c5563b63092857a041a","files":[{"path":"package-lock.json","sha256":"fac1a73c8c08e8ae9d8a46a2db0ee5fed60a0029a54a798e50f7070594251650","bytes":5320}]},"maliciousAdvisories":[],"screenedAt":"2026-09-10T02:14:56.252Z","cacheHit":false,"clearancePath":"/home/runner/v2-8rfDSj/security/npm-observe-resolved.json"}
  SECURITY npm-observe-resolved clean: 2 exact package-version(s), tree 1eb661889853
  OBSERVE   rc=0 files=13 trace=10882 lines
  CLOSURE   2 packages evicted per arm
  ARM-FALSIFIABILITY {"manifestFiles":6,"filesTheScriptProduced":0,"reasons":["gate-vacuous"]}
  ⛔ ARMS-UNFALSIFIABLE — a green arm for this package carries no evidence:
       gate-vacuous: the script changed no file the artifact gate keys on — every file in the manifest (6) was already present at its final size before the script ran, so the gate passes in every arm including a completely broken one
       The grant may still be correct; what is missing is a signal that could have gone
       red. Do not read this record's MINIMAL as a passing measurement.
  RAWLOG-FILE /home/runner/v2-8rfDSj/observe/trace.txt.gz
  RAWLOG-CAPTURE /home/runner/v2-8rfDSj/observe/capture.json
  RAWLOG-BYTES raw=2382854 gz=70155
  VENUE-INTERPRETER /opt/hostedtoolcache/node/22.23.2/x64
  VENUE-OVERRIDES {"set":{"HOME":"/home/runner/v2-8rfDSj/jailhome","TMPDIR":"/tmp/nub-tmp-obs0XNumY","NODE_COMPAT":"1","PLAYWRIGHT_BROWSERS_PATH":"/home/runner/.cache/nub/pm/tools/ms-playwright","ELECTRON_CACHE":"/home/runner/.cache/nub/pm/tools/electron-cache","electron_config_cache":"/home/runner/.cache/nub/pm/tools/electron-cache","npm_config_prefix":"/home/runner/.cache/nub/pm/tools/npm-prefix","PYTHONDONTWRITEBYTECODE":"1","NUB_CACHE_DIR":"/home/runner/v2-8rfDSj/nubcache"},"unset":["CI","GITHUB_ACTIONS"],"passedThrough":{"CI":"true","GITHUB_ACTIONS":"true","NODE_ENV":null}}
  == ATTRIBUTION == attributed pids: 21
    writes  script 1  /  whole traced tree 1089
    sockets script 0  /  whole traced tree 6
  == ROOTS (from capture.json — R2: no ambient reads) ==
    project       /home/runner/v2-8rfDSj/observe
    home          /home/runner
    jailHome      /home/runner/v2-8rfDSj/jailhome
    globalStore   /home/runner/.cache/nub/pm/store   [declared, not keyed on]
    projectStore  /home/runner/v2-8rfDSj/observe/node_modules/.store   [declared, not keyed on]
    interpreter   /opt/hostedtoolcache/node/22.23.2/x64   [declared, not keyed on]
    toolsDir      /home/runner/.cache/nub/pm/tools   [declared, not keyed on]
    temp          /tmp/nub-tmp-obs0XNumY
    npmPrefix     /home/runner/.cache/nub/pm/tools/npm-prefix
    ownPkg        /home/runner/v2-8rfDSj/observe/node_modules/lefthook
  == WRITES the script actually performed ==
    kernelfs      1
        /dev/null
  == NETWORK ==
    AF_INET sockets: 0   distinct peers: 2
        127.0.0.53:53
        104.16.2.34:443
  == REFUSALS (only `= -1 EACCES/EPERM/EROFS`) ==
    distinct: 0
  == SYNTHESIZED GRANT (verify this in the real unprivileged jail) ==
    {}
    NOTE 1 kernel-fs touches (/proc,/sys,/dev) — a READ floor question, not a write grant
  == writePaths (DERIVED — promotion out of the package's PRIVATE home) ==
    private-home writes observed: 0
    none declared — the script wrote nothing into its private home — there is nothing to promote
  == writePaths FEASIBILITY (distinct writes outside project/deps) ==
    count: 0
    EVENTS    4489 distinct from 10817 calls (10883 lines, 31 rejoined, 0 unparsed)
    PROCS     28   lifecycle shells 16
    ⛔ 3 paths with an UNRESOLVED dirfd — kept, marked, never guessed
    unsubscribed/unmapped syscalls: setsockopt×23 getsockname×21 exit×15 getsockopt×7 getcwd×7 recvmsg×7 exit_group×7 waitid×4
    wrote /home/runner/v2-8rfDSj/observe/events.ndjson.gz (31868 bytes)
  EVENTLOG-FILE /home/runner/v2-8rfDSj/observe/events.ndjson.gz
  EVENTLOG-STATS {"lines":10883,"parsed":10817,"unparsed":0,"unfinished":31,"rejoined":31,"unresolvedDirfd":3,"truncatedArg":0,"procs":28,"lifecyclePids":16,"distinctEvents":4489,"unknownSyscall":{"getsockname":21,"getsockopt":7,"getcwd":7,"recvmsg":7,"exit":15,"setsockopt":23,"sendmmsg":1,"socketpair":3,"shutdown":3,"tgkill":1,"waitid":4,"pidfd_send_signal":1,"exit_group":7,"wait4":4},"out":"/home/runner/v2-8rfDSj/observe/events.ndjson.gz","gzipBytes":31868}
  EVICT     0 store entries removed, 0 spared as nub tooling
  SE-PURGE  0 side-effects-cache entries for lefthook
OSV-SCREEN {"schemaVersion":1,"kind":"nub-synth-resolved","status":"clean","digest":"1eb661889853ab7fcd52671a61012b607395d4c2c155d005dd7fc3917ff299b0","specCount":2,"lockfiles":{"digest":"5f457b2782241574e3f1895ed9cc7be64742f3bd1d6984fe505a046c15a15b2d","files":[{"path":"nub.lock","sha256":"f5ed7943c63d7faff5952ee31ec2170ce3bf3d4aee4e532c89aaef878240d1f4","bytes":3198}]},"maliciousAdvisories":[],"screenedAt":"2026-09-10T02:14:56.252Z","cacheHit":true,"clearancePath":"/home/runner/v2-8rfDSj/security/nub-synth-resolved.json"}
  SECURITY nub-synth-resolved clean: 2 exact package-version(s), tree 1eb661889853 (cached exact-tree clearance)
  VENUE-STORE-LAYOUT isolated
  VERIFY[synth] rc=0 artifacts=6/6 missing=0 shortfall=none (tree 46/13) OVERRIDDEN=2 REJECTED=0 grant={}
  => VERIFIED {}   (observed, then verified)
  DESCEND   grant is already empty — nothing to narrow; MINIMAL by construction.
