### eccrypto@0.9.9   (/home/runner/v2-2INd8O)
  CI-ENV scrubbed: CI GITHUB_ACTIONS
OSV-SCREEN {"schemaVersion":1,"kind":"direct","status":"clean","digest":"e13047a54546dbc2bae8d082af049d7b3df5a444bd554d058e41ccb2f06bfcf7","specCount":1,"lockfiles":{"digest":null,"files":[]},"maliciousAdvisories":[],"screenedAt":"2026-09-07T23:50:52.816Z","cacheHit":false,"clearancePath":"/home/runner/v2-2INd8O/security/direct.json"}
  SECURITY direct clean: 1 exact package-version(s), tree e13047a54546
  VENUE-OBSERVE-USER {"uid":1001,"user":"runner","umask":"0022","capBnd":"000001ffffffffff","noNewPrivs":"0"}
  VENUE-NUB-BINARY {"path":"/tmp/nub/target/release/nub","sha256":"2a18683f50f7afeb02a521cd3cae175dc2f91780d461c5f012065241f5a1447b","bytes":207643464,"features":{"buildJailCatalogOverride":true,"pythonDontWriteBytecodeEnv":true}}
OSV-SCREEN {"schemaVersion":1,"kind":"npm-observe-resolved","status":"clean","digest":"feecb638439d7fec27dda3cdb4404e2b8ec91692268bff09c7d215a68dc538b2","specCount":12,"lockfiles":{"digest":"707d2e7c6cbc2d7155709fb0eb0b72d099729dbe24c0e21620ef2a93047e7241","files":[{"path":"package-lock.json","sha256":"439db1a39a0855bef90ee43abd9bf1ee3df39230836acb1f78a6e6e8ff25c74e","bytes":4398}]},"maliciousAdvisories":[],"screenedAt":"2026-09-07T23:50:54.263Z","cacheHit":false,"clearancePath":"/home/runner/v2-2INd8O/security/npm-observe-resolved.json"}
  SECURITY npm-observe-resolved clean: 12 exact package-version(s), tree feecb638439d
  OBSERVE   rc=0 files=302 trace=101633 lines
  CLOSURE   12 packages evicted per arm
  ARM-FALSIFIABILITY {"manifestFiles":14,"filesTheScriptProduced":5,"reasons":["rc-vacuous"]}
  ⛔ ARMS-UNFALSIFIABLE — a green arm for this package carries no evidence:
       rc-vacuous: `install` ends in a status-swallowing construct (`node-gyp rebuild || exit 0`), so its exit code is 0 whether the work succeeded or failed
       The grant may still be correct; what is missing is a signal that could have gone
       red. Do not read this record's MINIMAL as a passing measurement.
  RAWLOG-FILE /home/runner/v2-2INd8O/observe/trace.txt.gz
  RAWLOG-CAPTURE /home/runner/v2-2INd8O/observe/capture.json
  RAWLOG-BYTES raw=17744430 gz=424263
  VENUE-INTERPRETER /opt/hostedtoolcache/node/22.23.2/x64
  VENUE-OVERRIDES {"set":{"HOME":"/home/runner/v2-2INd8O/jailhome","TMPDIR":"/tmp/nub-tmp-obswX45Y9","NODE_COMPAT":"1","PLAYWRIGHT_BROWSERS_PATH":"/home/runner/.cache/nub/pm/tools/ms-playwright","ELECTRON_CACHE":"/home/runner/.cache/nub/pm/tools/electron-cache","electron_config_cache":"/home/runner/.cache/nub/pm/tools/electron-cache","npm_config_prefix":"/home/runner/.cache/nub/pm/tools/npm-prefix","PYTHONDONTWRITEBYTECODE":"1","NUB_CACHE_DIR":"/home/runner/v2-2INd8O/nubcache"},"unset":["CI","GITHUB_ACTIONS"],"passedThrough":{"CI":"true","GITHUB_ACTIONS":"true","NODE_ENV":null}}
  == ATTRIBUTION == attributed pids: 37
    writes  script 6670  /  whole traced tree 7758
    sockets script 3  /  whole traced tree 7
  == ROOTS (from capture.json — R2: no ambient reads) ==
    project       /home/runner/v2-2INd8O/observe
    home          /home/runner
    jailHome      /home/runner/v2-2INd8O/jailhome
    globalStore   /home/runner/.cache/nub/pm/store   [declared, not keyed on]
    projectStore  /home/runner/v2-2INd8O/observe/node_modules/.store   [declared, not keyed on]
    interpreter   /opt/hostedtoolcache/node/22.23.2/x64   [declared, not keyed on]
    toolsDir      /home/runner/.cache/nub/pm/tools   [declared, not keyed on]
    temp          /tmp/nub-tmp-obswX45Y9
    npmPrefix     /home/runner/.cache/nub/pm/tools/npm-prefix
    ownPkg        /home/runner/v2-2INd8O/observe/node_modules/eccrypto
  == WRITES the script actually performed ==
    jailHome   3328  (base profile already grants this — NOT billed)
        /home/runner/v2-2INd8O/jailhome/.cache
        /home/runner/v2-2INd8O/jailhome/.cache/node-gyp
        /home/runner/v2-2INd8O/jailhome/.cache/node-gyp/22.23.2
        /home/runner/v2-2INd8O/jailhome/.cache/node-gyp/22.23.2/include
        /home/runner/v2-2INd8O/jailhome/.cache/node-gyp/22.23.2/include/node
        /home/runner/v2-2INd8O/jailhome/.cache/node-gyp/22.23.2/include/node/common.gypi
        /home/runner/v2-2INd8O/jailhome/.cache/node-gyp/22.23.2/include/node/config.gypi
        /home/runner/v2-2INd8O/jailhome/.cache/node-gyp/22.23.2/include/node/cppgc
        /home/runner/v2-2INd8O/jailhome/.cache/node-gyp/22.23.2/include/node/cppgc/allocation.h
        /home/runner/v2-2INd8O/jailhome/.cache/node-gyp/22.23.2/include/node/cppgc/common.h
        … and 3318 more
    jailTmp    3327  (base profile already grants this — NOT billed)
        /tmp/nub-tmp-obswX45Y9/node-gyp-tmp-Smbl2d
        /tmp/nub-tmp-obswX45Y9/node-gyp-tmp-Smbl2d/include
        /tmp/nub-tmp-obswX45Y9/node-gyp-tmp-Smbl2d/include/node
        /tmp/nub-tmp-obswX45Y9/node-gyp-tmp-Smbl2d/include/node/v8-locker.h
        /tmp/nub-tmp-obswX45Y9/node-gyp-tmp-Smbl2d/include/node/zconf.h
        /tmp/nub-tmp-obswX45Y9/node-gyp-tmp-Smbl2d/include/node/v8config.h
        /tmp/nub-tmp-obswX45Y9/node-gyp-tmp-Smbl2d/include/node/common.gypi
        /tmp/nub-tmp-obswX45Y9/node-gyp-tmp-Smbl2d/include/node/v8-object.h
        /tmp/nub-tmp-obswX45Y9/node-gyp-tmp-Smbl2d/include/node/v8-forward.h
        /tmp/nub-tmp-obswX45Y9/node-gyp-tmp-Smbl2d/include/node/v8-profiler.h
        … and 3317 more
    ownPkg       15  (base profile already grants this — NOT billed)
        /home/runner/v2-2INd8O/observe/node_modules/eccrypto/build
        /home/runner/v2-2INd8O/observe/node_modules/eccrypto/build/config.gypi
        /home/runner/v2-2INd8O/observe/node_modules/eccrypto/build/Makefile
        /home/runner/v2-2INd8O/observe/node_modules/eccrypto/build/ecdh.target.mk
        /home/runner/v2-2INd8O/observe/node_modules/eccrypto/build/binding.Makefile
        /home/runner/v2-2INd8O/observe/node_modules/eccrypto/build/node_gyp_bins
        /home/runner/v2-2INd8O/observe/node_modules/eccrypto/build/node_gyp_bins/python3
        /home/runner/v2-2INd8O/observe/node_modules/eccrypto/build/Release
        /home/runner/v2-2INd8O/observe/node_modules/eccrypto/build/obj.target
        /home/runner/v2-2INd8O/observe/node_modules/eccrypto/build/ecdh
        … and 5 more
  == NETWORK ==
    AF_INET sockets: 3   distinct peers: 3
        127.0.0.53:53
        104.16.10.34:443
        104.16.213.131:443
  == REFUSALS (only `= -1 EACCES/EPERM/EROFS`) ==
    distinct: 0
  == SYNTHESIZED GRANT (verify this in the real unprivileged jail) ==
    {"network":true}
  == writePaths (DERIVED — promotion out of the package's PRIVATE home) ==
    private-home writes observed: 3328
    none declared — every write was a FILE at the top of the private home, or landed in a directory the TOOLCHAIN owns (see `writePathsDeny`) — an entry names a directory belonging to the PACKAGE, so there is nothing to name
  == writePaths FEASIBILITY (distinct writes outside project/deps) ==
    count: 0
    EVENTS    33460 distinct from 94231 calls (101634 lines, 7346 rejoined, 0 unparsed)
    PROCS     44   lifecycle shells 32
    ⛔ 3 paths with an UNRESOLVED dirfd — kept, marked, never guessed
    unsubscribed/unmapped syscalls: setsockopt×58 getcwd×50 getsockname×37 exit×25 getsockopt×22 wait4×19 exit_group×16 recvmsg×9
    wrote /home/runner/v2-2INd8O/observe/events.ndjson.gz (197199 bytes)
  EVENTLOG-FILE /home/runner/v2-2INd8O/observe/events.ndjson.gz
  EVENTLOG-STATS {"lines":101634,"parsed":94231,"unparsed":0,"unfinished":7346,"rejoined":7346,"unresolvedDirfd":3,"truncatedArg":0,"procs":44,"lifecyclePids":32,"distinctEvents":33460,"unknownSyscall":{"getsockname":37,"getsockopt":22,"getcwd":50,"recvmsg":9,"exit":25,"setsockopt":58,"sendmmsg":2,"socketpair":9,"shutdown":9,"exit_group":16,"wait4":19},"out":"/home/runner/v2-2INd8O/observe/events.ndjson.gz","gzipBytes":197199}
  EVICT     5 store entries removed, 0 spared as nub tooling
  SE-PURGE  0 side-effects-cache entries for eccrypto
  scaffold: 1 dependency package(s) with lifecycle scripts granted a fixed wide grant
OSV-SCREEN {"schemaVersion":1,"kind":"nub-synth-resolved","status":"clean","digest":"feecb638439d7fec27dda3cdb4404e2b8ec91692268bff09c7d215a68dc538b2","specCount":12,"lockfiles":{"digest":"51a079bcfb48844c72c1e2bfb7cd8b830b7fe4d68ddbabce56107ff7df6f927f","files":[{"path":"nub.lock","sha256":"b5544acec15925aa07514cb593abd1a3121e5fc6934d853f341f02efb3f35140","bytes":2686}]},"maliciousAdvisories":[],"screenedAt":"2026-09-07T23:50:54.263Z","cacheHit":true,"clearancePath":"/home/runner/v2-2INd8O/security/nub-synth-resolved.json"}
  SECURITY nub-synth-resolved clean: 12 exact package-version(s), tree feecb638439d (cached exact-tree clearance)
  VENUE-STORE-LAYOUT isolated
  VERIFY[synth] rc=0 artifacts=13/13 missing=1 shortfall=01766e72bfa0 (tree 1020/302) OVERRIDDEN=2 REJECTED=0 grant={"network":true}
       missing: build/Release/.deps/Release/obj.target/ecdh/ecdh.o.d.raw (8202B < 9909B)
  DIAGNOSE  ZERO filesystem refusals under the failing grant.
     ⇒ the missing capability is NOT a path this tracer covers — look at the network axis,
       or a resource class strace's file+network filter does not carry.
  synthesized grant did not verify — falling back to a bounded ladder
  EVICT     12 store entries removed, 0 spared as nub tooling
  SE-PURGE  0 side-effects-cache entries for eccrypto
  scaffold: 1 dependency package(s) with lifecycle scripts granted a fixed wide grant
OSV-SCREEN {"schemaVersion":1,"kind":"nub-fb2126003217-resolved","status":"clean","digest":"feecb638439d7fec27dda3cdb4404e2b8ec91692268bff09c7d215a68dc538b2","specCount":12,"lockfiles":{"digest":"51a079bcfb48844c72c1e2bfb7cd8b830b7fe4d68ddbabce56107ff7df6f927f","files":[{"path":"nub.lock","sha256":"b5544acec15925aa07514cb593abd1a3121e5fc6934d853f341f02efb3f35140","bytes":2686}]},"maliciousAdvisories":[],"screenedAt":"2026-09-07T23:50:54.263Z","cacheHit":true,"clearancePath":"/home/runner/v2-2INd8O/security/nub-fb2126003217-resolved.json"}
  SECURITY nub-fb2126003217-resolved clean: 12 exact package-version(s), tree feecb638439d (cached exact-tree clearance)
  VERIFY[fb2126003217] rc=0 artifacts=13/13 missing=1 shortfall=01766e72bfa0 (tree 1020/302) OVERRIDDEN=2 REJECTED=0 grant={"write":{"deps":true,"project":true,"userHome":true},"network":true}
       missing: build/Release/.deps/Release/obj.target/ecdh/ecdh.o.d.raw (8202B < 9909B)
  EVICT     12 store entries removed, 0 spared as nub tooling
  SE-PURGE  0 side-effects-cache entries for eccrypto
  scaffold: 1 dependency package(s) with lifecycle scripts granted a fixed wide grant
OSV-SCREEN {"schemaVersion":1,"kind":"nub-fb3938809772-resolved","status":"clean","digest":"feecb638439d7fec27dda3cdb4404e2b8ec91692268bff09c7d215a68dc538b2","specCount":12,"lockfiles":{"digest":"51a079bcfb48844c72c1e2bfb7cd8b830b7fe4d68ddbabce56107ff7df6f927f","files":[{"path":"nub.lock","sha256":"b5544acec15925aa07514cb593abd1a3121e5fc6934d853f341f02efb3f35140","bytes":2686}]},"maliciousAdvisories":[],"screenedAt":"2026-09-07T23:50:54.263Z","cacheHit":true,"clearancePath":"/home/runner/v2-2INd8O/security/nub-fb3938809772-resolved.json"}
  SECURITY nub-fb3938809772-resolved clean: 12 exact package-version(s), tree feecb638439d (cached exact-tree clearance)
  VERIFY[fb3938809772] rc=0 artifacts=13/13 missing=1 shortfall=01766e72bfa0 (tree 1020/302) OVERRIDDEN=2 REJECTED=0 grant={"write":{"deps":true,"project":true,"userHome":true},"read":"disk","network":true}
       missing: build/Release/.deps/Release/obj.target/ecdh/ecdh.o.d.raw (8202B < 9909B)
  EVICT     12 store entries removed, 0 spared as nub tooling
  SE-PURGE  0 side-effects-cache entries for eccrypto
  scaffold: 1 dependency package(s) with lifecycle scripts granted a fixed wide grant
OSV-SCREEN {"schemaVersion":1,"kind":"nub-fb2742342390-resolved","status":"clean","digest":"feecb638439d7fec27dda3cdb4404e2b8ec91692268bff09c7d215a68dc538b2","specCount":12,"lockfiles":{"digest":"51a079bcfb48844c72c1e2bfb7cd8b830b7fe4d68ddbabce56107ff7df6f927f","files":[{"path":"nub.lock","sha256":"b5544acec15925aa07514cb593abd1a3121e5fc6934d853f341f02efb3f35140","bytes":2686}]},"maliciousAdvisories":[],"screenedAt":"2026-09-07T23:50:54.263Z","cacheHit":true,"clearancePath":"/home/runner/v2-2INd8O/security/nub-fb2742342390-resolved.json"}
  SECURITY nub-fb2742342390-resolved clean: 12 exact package-version(s), tree feecb638439d (cached exact-tree clearance)
  VERIFY[fb2742342390] rc=0 artifacts=13/13 missing=1 shortfall=01766e72bfa0 (tree 1020/302) OVERRIDDEN=2 REJECTED=0 grant={"write":"disk","network":true}
       missing: build/Release/.deps/Release/obj.target/ecdh/ecdh.o.d.raw (8202B < 9909B)
  => ARTIFACT-GATE-SUSPECT {"network":true}   (every arm rc=0 and the SAME 1-artifact shortfall at every
     grant up to write:"disk" — invariant under widening, so it is not a capability gap)
     ⇒ The grant is the SYNTHESIZED one and is UNVERIFIED — minimality was never descended.
        Triage the shortfall against the arm's toolchain, not against the jail.
