### tree-sitter-c@0.24.1   (/home/runner/v2-9mwLdP)
  CI-ENV scrubbed: CI GITHUB_ACTIONS
OSV-SCREEN {"schemaVersion":1,"kind":"direct","status":"clean","digest":"c76ac48b98f070d04ac324088396fa77407f844ababc4e887efddb2f62420210","specCount":1,"lockfiles":{"digest":null,"files":[]},"maliciousAdvisories":[],"screenedAt":"2026-09-07T23:16:39.558Z","cacheHit":false,"clearancePath":"/home/runner/v2-9mwLdP/security/direct.json"}
  SECURITY direct clean: 1 exact package-version(s), tree c76ac48b98f0
  VENUE-OBSERVE-USER {"uid":1001,"user":"runner","umask":"0022","capBnd":"000001ffffffffff","noNewPrivs":"0"}
  VENUE-NUB-BINARY {"path":"/tmp/nub/target/release/nub","sha256":"2a18683f50f7afeb02a521cd3cae175dc2f91780d461c5f012065241f5a1447b","bytes":207643464,"features":{"buildJailCatalogOverride":true,"pythonDontWriteBytecodeEnv":true}}
OSV-SCREEN {"schemaVersion":1,"kind":"npm-observe-resolved","status":"clean","digest":"020a6aea30cf2ed99c900fbbe2b9fbe3bedae740f4d8a6989c8c4126fc4ac023","specCount":3,"lockfiles":{"digest":"255794de935ed8962733851685274797ae710b12ecc8c0c66a31501757e649aa","files":[{"path":"package-lock.json","sha256":"655aeaa8b36574b40d0c7be46c0b6d3bdd539f8a694f512dc39b66526377c2fb","bytes":1667}]},"maliciousAdvisories":[],"screenedAt":"2026-09-07T23:16:40.656Z","cacheHit":false,"clearancePath":"/home/runner/v2-9mwLdP/security/npm-observe-resolved.json"}
  SECURITY npm-observe-resolved clean: 3 exact package-version(s), tree 020a6aea30cf
  OBSERVE   rc=0 files=56 trace=10919 lines
  CLOSURE   3 packages evicted per arm
  ARM-FALSIFIABILITY {"manifestFiles":25,"filesTheScriptProduced":0,"reasons":["gate-vacuous"]}
  ⛔ ARMS-UNFALSIFIABLE — a green arm for this package carries no evidence:
       gate-vacuous: the script changed no file the artifact gate keys on — every file in the manifest (25) was already present at its final size before the script ran, so the gate passes in every arm including a completely broken one
       The grant may still be correct; what is missing is a signal that could have gone
       red. Do not read this record's MINIMAL as a passing measurement.
  RAWLOG-FILE /home/runner/v2-9mwLdP/observe/trace.txt.gz
  RAWLOG-CAPTURE /home/runner/v2-9mwLdP/observe/capture.json
  RAWLOG-BYTES raw=2389655 gz=69845
  VENUE-INTERPRETER /opt/hostedtoolcache/node/22.23.2/x64
  VENUE-OVERRIDES {"set":{"HOME":"/home/runner/v2-9mwLdP/jailhome","TMPDIR":"/tmp/nub-tmp-obs6OxzLr","NODE_COMPAT":"1","PLAYWRIGHT_BROWSERS_PATH":"/home/runner/.cache/nub/pm/tools/ms-playwright","ELECTRON_CACHE":"/home/runner/.cache/nub/pm/tools/electron-cache","electron_config_cache":"/home/runner/.cache/nub/pm/tools/electron-cache","npm_config_prefix":"/home/runner/.cache/nub/pm/tools/npm-prefix","PYTHONDONTWRITEBYTECODE":"1","NUB_CACHE_DIR":"/home/runner/v2-9mwLdP/nubcache"},"unset":["CI","GITHUB_ACTIONS"],"passedThrough":{"CI":"true","GITHUB_ACTIONS":"true","NODE_ENV":null}}
  == ATTRIBUTION == attributed pids: 21
    writes  script 0  /  whole traced tree 1088
    sockets script 0  /  whole traced tree 4
  == ROOTS (from capture.json — R2: no ambient reads) ==
    project       /home/runner/v2-9mwLdP/observe
    home          /home/runner
    jailHome      /home/runner/v2-9mwLdP/jailhome
    globalStore   /home/runner/.cache/nub/pm/store   [declared, not keyed on]
    projectStore  /home/runner/v2-9mwLdP/observe/node_modules/.store   [declared, not keyed on]
    interpreter   /opt/hostedtoolcache/node/22.23.2/x64   [declared, not keyed on]
    toolsDir      /home/runner/.cache/nub/pm/tools   [declared, not keyed on]
    temp          /tmp/nub-tmp-obs6OxzLr
    npmPrefix     /home/runner/.cache/nub/pm/tools/npm-prefix
    ownPkg        /home/runner/v2-9mwLdP/observe/node_modules/tree-sitter-c
  == WRITES the script actually performed ==
  == NETWORK ==
    AF_INET sockets: 0   distinct peers: 2
        127.0.0.53:53
        104.16.0.34:443
  == REFUSALS (only `= -1 EACCES/EPERM/EROFS`) ==
    distinct: 0
  == SYNTHESIZED GRANT (verify this in the real unprivileged jail) ==
    {}
  == writePaths (DERIVED — promotion out of the package's PRIVATE home) ==
    private-home writes observed: 0
    none declared — the script wrote nothing into its private home — there is nothing to promote
  == writePaths FEASIBILITY (distinct writes outside project/deps) ==
    count: 0
    EVENTS    4499 distinct from 10861 calls (10920 lines, 26 rejoined, 0 unparsed)
    PROCS     28   lifecycle shells 16
    ⛔ 3 paths with an UNRESOLVED dirfd — kept, marked, never guessed
    unsubscribed/unmapped syscalls: setsockopt×35 getsockname×25 exit×20 getsockopt×12 recvmsg×7 socketpair×6 wait4×6 shutdown×5
    wrote /home/runner/v2-9mwLdP/observe/events.ndjson.gz (31753 bytes)
  EVENTLOG-FILE /home/runner/v2-9mwLdP/observe/events.ndjson.gz
  EVENTLOG-STATS {"lines":10920,"parsed":10861,"unparsed":0,"unfinished":26,"rejoined":26,"unresolvedDirfd":3,"truncatedArg":0,"procs":28,"lifecyclePids":16,"distinctEvents":4499,"unknownSyscall":{"getsockname":25,"getsockopt":12,"getcwd":4,"recvmsg":7,"exit":20,"setsockopt":35,"sendmmsg":1,"socketpair":6,"shutdown":5,"exit_group":5,"wait4":6},"out":"/home/runner/v2-9mwLdP/observe/events.ndjson.gz","gzipBytes":31753}
  EVICT     0 store entries removed, 0 spared as nub tooling
  SE-PURGE  0 side-effects-cache entries for tree-sitter-c
OSV-SCREEN {"schemaVersion":1,"kind":"nub-synth-resolved","status":"clean","digest":"020a6aea30cf2ed99c900fbbe2b9fbe3bedae740f4d8a6989c8c4126fc4ac023","specCount":3,"lockfiles":{"digest":"affa8365f4da59f9028fc864726f3d915ba91e906593142508e62a2d8f96cd55","files":[{"path":"nub.lock","sha256":"760ecf91e27d2c0d157eca8122116bb4e86d2c654b372f3f811048ce984148ee","bytes":1003}]},"maliciousAdvisories":[],"screenedAt":"2026-09-07T23:16:40.656Z","cacheHit":true,"clearancePath":"/home/runner/v2-9mwLdP/security/nub-synth-resolved.json"}
  SECURITY nub-synth-resolved clean: 3 exact package-version(s), tree 020a6aea30cf (cached exact-tree clearance)
  VENUE-STORE-LAYOUT isolated
  VERIFY[synth] rc=0 artifacts=25/25 missing=0 shortfall=none (tree 170/56) OVERRIDDEN=3 REJECTED=0 grant={}
  => VERIFIED {}   (observed, then verified)
  DESCEND   grant is already empty — nothing to narrow; MINIMAL by construction.
