### protobufjs@6.11.6   (/home/runner/v2-yh1XAF)
  CI-ENV scrubbed: CI GITHUB_ACTIONS
OSV-SCREEN {"schemaVersion":1,"kind":"direct","status":"clean","digest":"b4c3d4f2afacdcb32c00ce302923bdc2fd594db3dfb021ddcdb69b34e5462203","specCount":1,"lockfiles":{"digest":null,"files":[]},"maliciousAdvisories":[],"screenedAt":"2026-09-08T13:02:39.726Z","cacheHit":false,"clearancePath":"/home/runner/v2-yh1XAF/security/direct.json"}
  SECURITY direct clean: 1 exact package-version(s), tree b4c3d4f2afac
  VENUE-OBSERVE-USER {"uid":1001,"user":"runner","umask":"0022","capBnd":"000001ffffffffff","noNewPrivs":"0"}
  VENUE-NUB-BINARY {"path":"/tmp/nub/target/release/nub","sha256":"2a18683f50f7afeb02a521cd3cae175dc2f91780d461c5f012065241f5a1447b","bytes":207643464,"features":{"buildJailCatalogOverride":true,"pythonDontWriteBytecodeEnv":true}}
OSV-SCREEN {"schemaVersion":1,"kind":"npm-observe-resolved","status":"clean","digest":"41cc6ad5c36450bfb77d9183412fb323595571393baf9e368e7076a0e8863957","specCount":15,"lockfiles":{"digest":"eb219d1744a4ced4797aef0b8730497ef403a0f8fa1bbd6a4368b68cf27cab27","files":[{"path":"package-lock.json","sha256":"9b89f23e9516d3e7768cf2bcf537c167f1927e71641a0284d14e7f0029000d8d","bytes":5565}]},"maliciousAdvisories":[],"screenedAt":"2026-09-08T13:02:42.477Z","cacheHit":false,"clearancePath":"/home/runner/v2-yh1XAF/security/npm-observe-resolved.json"}
  SECURITY npm-observe-resolved clean: 15 exact package-version(s), tree 41cc6ad5c364
  OBSERVE   rc=0 files=2568 trace=10777 lines
  CLOSURE   15 packages evicted per arm
  ARM-FALSIFIABILITY {"manifestFiles":112,"filesTheScriptProduced":0,"reasons":["gate-vacuous"]}
  ⛔ ARMS-UNFALSIFIABLE — a green arm for this package carries no evidence:
       gate-vacuous: the script changed no file the artifact gate keys on — every file in the manifest (112) was already present at its final size before the script ran, so the gate passes in every arm including a completely broken one
       The grant may still be correct; what is missing is a signal that could have gone
       red. Do not read this record's MINIMAL as a passing measurement.
  RAWLOG-FILE /home/runner/v2-yh1XAF/observe/trace.txt.gz
  RAWLOG-CAPTURE /home/runner/v2-yh1XAF/observe/capture.json
  RAWLOG-BYTES raw=2374100 gz=68910
  VENUE-INTERPRETER /opt/hostedtoolcache/node/22.23.2/x64
  VENUE-OVERRIDES {"set":{"HOME":"/home/runner/v2-yh1XAF/jailhome","TMPDIR":"/tmp/nub-tmp-obsIKbZd7","NODE_COMPAT":"1","PLAYWRIGHT_BROWSERS_PATH":"/home/runner/.cache/nub/pm/tools/ms-playwright","ELECTRON_CACHE":"/home/runner/.cache/nub/pm/tools/electron-cache","electron_config_cache":"/home/runner/.cache/nub/pm/tools/electron-cache","npm_config_prefix":"/home/runner/.cache/nub/pm/tools/npm-prefix","PYTHONDONTWRITEBYTECODE":"1","NUB_CACHE_DIR":"/home/runner/v2-yh1XAF/nubcache"},"unset":["CI","GITHUB_ACTIONS"],"passedThrough":{"CI":"true","GITHUB_ACTIONS":"true","NODE_ENV":null}}
  == ATTRIBUTION == attributed pids: 13
    writes  script 0  /  whole traced tree 1088
    sockets script 0  /  whole traced tree 4
  == ROOTS (from capture.json — R2: no ambient reads) ==
    project       /home/runner/v2-yh1XAF/observe
    home          /home/runner
    jailHome      /home/runner/v2-yh1XAF/jailhome
    globalStore   /home/runner/.cache/nub/pm/store   [declared, not keyed on]
    projectStore  /home/runner/v2-yh1XAF/observe/node_modules/.store   [declared, not keyed on]
    interpreter   /opt/hostedtoolcache/node/22.23.2/x64   [declared, not keyed on]
    toolsDir      /home/runner/.cache/nub/pm/tools   [declared, not keyed on]
    temp          /tmp/nub-tmp-obsIKbZd7
    npmPrefix     /home/runner/.cache/nub/pm/tools/npm-prefix
    ownPkg        /home/runner/v2-yh1XAF/observe/node_modules/protobufjs
  == WRITES the script actually performed ==
  == NETWORK ==
    AF_INET sockets: 0   distinct peers: 2
        127.0.0.53:53
        104.16.7.34:443
  == REFUSALS (only `= -1 EACCES/EPERM/EROFS`) ==
    distinct: 0
  == SYNTHESIZED GRANT (verify this in the real unprivileged jail) ==
    {}
  == writePaths (DERIVED — promotion out of the package's PRIVATE home) ==
    private-home writes observed: 0
    none declared — the script wrote nothing into its private home — there is nothing to promote
  == writePaths FEASIBILITY (distinct writes outside project/deps) ==
    count: 0
    EVENTS    4415 distinct from 10718 calls (10778 lines, 37 rejoined, 0 unparsed)
    PROCS     20   lifecycle shells 8
    ⛔ 3 paths with an UNRESOLVED dirfd — kept, marked, never guessed
    unsubscribed/unmapped syscalls: setsockopt×23 getsockname×22 exit×15 getsockopt×9 recvmsg×7 getcwd×4 socketpair×3 shutdown×3
    wrote /home/runner/v2-yh1XAF/observe/events.ndjson.gz (31304 bytes)
  EVENTLOG-FILE /home/runner/v2-yh1XAF/observe/events.ndjson.gz
  EVENTLOG-STATS {"lines":10778,"parsed":10718,"unparsed":0,"unfinished":37,"rejoined":37,"unresolvedDirfd":3,"truncatedArg":0,"procs":20,"lifecyclePids":8,"distinctEvents":4415,"unknownSyscall":{"getsockname":22,"getsockopt":9,"getcwd":4,"recvmsg":7,"exit":15,"setsockopt":23,"sendmmsg":1,"socketpair":3,"shutdown":3,"exit_group":3,"wait4":3},"out":"/home/runner/v2-yh1XAF/observe/events.ndjson.gz","gzipBytes":31304}
  EVICT     2 store entries removed, 0 spared as nub tooling
  SE-PURGE  0 side-effects-cache entries for protobufjs
OSV-SCREEN {"schemaVersion":1,"kind":"nub-synth-resolved","status":"clean","digest":"6a392d9b084060d689917386bae147e4f84ccc08009e49786849c5558f5a46ed","specCount":15,"lockfiles":{"digest":"fe915389f47c391800e236131fed11006d5249483b260b1630e0161d166b7515","files":[{"path":"nub.lock","sha256":"9d0f1741b267dcb47a70e4d684316f840b4a0a42835ad8e39b944c4527ccfb1a","bytes":3525}]},"maliciousAdvisories":[],"screenedAt":"2026-09-08T13:02:45.754Z","cacheHit":false,"clearancePath":"/home/runner/v2-yh1XAF/security/nub-synth-resolved.json"}
  SECURITY nub-synth-resolved clean: 15 exact package-version(s), tree 6a392d9b0840
  VENUE-STORE-LAYOUT isolated
  VERIFY[synth] rc=0 artifacts=112/112 missing=0 shortfall=none (tree 7710/2568) OVERRIDDEN=3 REJECTED=0 grant={}
  => VERIFIED {}   (observed, then verified)
  DESCEND   grant is already empty — nothing to narrow; MINIMAL by construction.
