### hugo-extended@0.129.0   (D:\jail\m-hugoextended-mtso5jz7)
  CI-ENV scrubbed: CI GITHUB_ACTIONS
OSV-SCREEN {"schemaVersion":1,"kind":"direct","status":"clean","digest":"5211ada5fb524db07defc264684cc076b25ad774ae57a18b38b6f10a58f34ab3","specCount":1,"lockfiles":{"digest":null,"files":[]},"maliciousAdvisories":[],"screenedAt":"2026-09-08T12:52:01.054Z","cacheHit":false,"clearancePath":"D:\\jail\\m-hugoextended-mtso5jz7\\security\\direct.json"}
  SECURITY direct clean: 1 exact package-version(s), tree 5211ada5fb52
OSV-SCREEN {"schemaVersion":1,"kind":"npm-observe-resolved","status":"clean","digest":"b5a3ba81423501e69c9e73e685d055c6ee47c730260abef40d70d77fd32c2d5e","specCount":145,"lockfiles":{"digest":"32649857ba107a3eae8cf13256bfa389ddae6a4bfa8edb3e3d0c508840eb8e09","files":[{"path":"package-lock.json","sha256":"ce3c334e97291de473f83032be9aebb5d6ef6c600c4e03a21a356addc1f2b52c","bytes":63461}]},"maliciousAdvisories":[],"screenedAt":"2026-09-08T12:52:05.731Z","cacheHit":false,"clearancePath":"D:\\jail\\m-hugoextended-mtso5jz7\\security\\npm-observe-resolved.json"}
  SECURITY npm-observe-resolved clean: 145 exact package-version(s), tree b5a3ba814235
  CAPTURE user=runnervmeef0v\runneradmin elevated=True rootPid=3124 exit=0 events=59615 lost=0
  VENUE-OBSERVE-USER runnervmeef0v\runneradmin elevated=true privDropped={"SeBackupPrivilege":"removed","SeRestorePrivilege":"removed","SeTakeOwnershipPrivilege":"removed"}
  OBSERVE artifacts: 12 files  (D:\jail\m-hugoextended-mtso5jz7\observe\node_modules\hugo-extended)
  ARM-FALSIFIABILITY {"manifestFiles":12,"filesTheScriptProduced":3,"reasons":[]}
  CLOSURE 136 packages evicted per arm
  8.3 MAP 0 components resolved on runnervmeef0v, folded into capture.json
  == ROOTS (from capture.json — R2: no ambient reads) ==
    project       D:\jail\m-hugoextended-mtso5jz7\observe   [keyed on]
    home          C:\Users\runneradmin   [keyed on]
    jailHome      (null — declared inapplicable)
    globalStore   C:\Users\runneradmin\AppData\Local\nub\pm\store
    projectStore  D:\jail\m-hugoextended-mtso5jz7\observe\node_modules\.store
    interpreter   C:\hostedtoolcache\windows\node\22.23.2\x64\node.exe
    toolsDir      C:\Users\runneradmin\AppData\Local\nub\pm\tools
    temp          D:\jail\m-hugoextended-mtso5jz7\tmp   [keyed on]
    npmPrefix     (null — declared inapplicable)
    ownPkg        D:\jail\m-hugoextended-mtso5jz7\observe\node_modules\hugo-extended
  == ATTRIBUTION == lifecycle pids: 3 (root 3124)
    writes  script 7  /  whole traced tree 21
    peers   script 2  /  whole traced tree 2
  == WRITES ==
    jailTmp       3
    deps          4
  == READS ==
    deps        437
    outside       8
    project       1
    systemfs     51
    jailTmp       4
  == NETWORK ==
    distinct peers: 2
        140.82.112.3:443
        185.199.110.133:443
  == REFUSALS (adapter-classified) ==
    distinct: 0
  == SYNTHESIZED GRANT (verify this in the real unprivileged jail) ==
    {"write":{"deps":true},"network":true}
    NOTE 3 writes into the DECLARED private temp -- the base profile grants
         that directory unconditionally (preset.rs `$tmp`=rw), so they widen nothing.
  RAW       etw-raw.xml.gz  77257605 B xml -> 1150069 B gz (67.2x)  sha256 6c86895f7564932f…
  HEADER    etw-header.json (5099 bytes)
  DERIVED   11026 distinct from 18921 kept ops (59615 xml events, 5771 out of subtree)
  PROCS     5   thread-reattributed 0
  ⛔ 2 operations with NO OperationEnd — kept, status marked unknown
  ⛔ 2 handle ops whose path no table could supply
  8.3       0 expanded, 0 kept short, 0 not covered  [map: recorded 8.3 map (0 components, resolved on runnervmeef0v)]
  wrote events.ndjson.gz (139945 bytes)
  RAWLOG-CAPTURE D:\jail\m-hugoextended-mtso5jz7\cap\capture.json
  VENUE-NUB-BINARY {"path":"C:/Users/RUNNER~1/AppData/Local/Temp/nub/target/release/nub.exe","sha256":"f186817a44be332fee712b4936a071a0b5f9cde18a1d2fdc3a791729d4bf1005","bytes":68717056,"features":{"buildJailCatalogOverride":true,"pythonDontWriteBytecodeEnv":true}}
  VENUE-INTERPRETER C:\hostedtoolcache\windows\node\22.23.2\x64\node.exe
  VENUE-JAIL-ROOT D:\jail\m-hugoextended-mtso5jz7
  VENUE-OVERRIDES {"set":{"npm_config_cache":"D:\\jail\\m-hugoextended-mtso5jz7\\npm-cache","TMP":"D:\\jail\\m-hugoextended-mtso5jz7\\tmp","TEMP":"D:\\jail\\m-hugoextended-mtso5jz7\\tmp","TMPDIR":"D:\\jail\\m-hugoextended-mtso5jz7\\tmp"},"unset":["CI","GITHUB_ACTIONS"],"notRedirected":{"USERPROFILE":"C:\\Users\\runneradmin","why":"the jail leaves HOME/USERPROFILE alone — `build_jail.rs` sandbox_homes() reads the ambient value and `compiler/defaults.rs` BASELINE_ENV_EXACT passes it through — so there is no private jail home to reproduce and redirecting one would measure an environment no confined script sees"},"passedThrough":{"CI":"true","GITHUB_ACTIONS":"true","NODE_ENV":null}}
  STORE   isolated virtual store at D:\jail\m-hugoextended-mtso5jz7\verify-synth\.cache
  VENUE-STORE-LAYOUT isolated
OSV-SCREEN {"schemaVersion":1,"kind":"nub-synth-resolved","status":"clean","digest":"b5a3ba81423501e69c9e73e685d055c6ee47c730260abef40d70d77fd32c2d5e","specCount":145,"lockfiles":{"digest":"0c453de053aab8c66b22232a3d1fd0e8ceae8daecf1813191c5b926f9c5aca36","files":[{"path":"nub.lock","sha256":"ff5d35c75a83f19485f06e28d1d8e5eca4900d33a4aa0738fa35d24e173a2f6d","bytes":34923}]},"maliciousAdvisories":[],"screenedAt":"2026-09-08T12:52:05.731Z","cacheHit":true,"clearancePath":"D:\\jail\\m-hugoextended-mtso5jz7\\security\\nub-synth-resolved.json"}
  SECURITY nub-synth-resolved clean: 145 exact package-version(s), tree b5a3ba814235 (cached exact-tree clearance)
  VERIFY[synth] rc=1 artifacts=9/12 missing=3 shortfall=a63fd828aa49 (tree 7528/1330) OVERRIDDEN=2 REJECTED=0 grant={"write":{"deps":true},"network":true}
     missing artifacts: vendor/hugo.exe, vendor/LICENSE, vendor/README.md
  synthesized grant did not verify -- falling back to a bounded ladder
  STORE   isolated virtual store at D:\jail\m-hugoextended-mtso5jz7\verify-fb0\.cache
OSV-SCREEN {"schemaVersion":1,"kind":"nub-fb0-resolved","status":"clean","digest":"b5a3ba81423501e69c9e73e685d055c6ee47c730260abef40d70d77fd32c2d5e","specCount":145,"lockfiles":{"digest":"0c453de053aab8c66b22232a3d1fd0e8ceae8daecf1813191c5b926f9c5aca36","files":[{"path":"nub.lock","sha256":"ff5d35c75a83f19485f06e28d1d8e5eca4900d33a4aa0738fa35d24e173a2f6d","bytes":34923}]},"maliciousAdvisories":[],"screenedAt":"2026-09-08T12:52:05.731Z","cacheHit":true,"clearancePath":"D:\\jail\\m-hugoextended-mtso5jz7\\security\\nub-fb0-resolved.json"}
  SECURITY nub-fb0-resolved clean: 145 exact package-version(s), tree b5a3ba814235 (cached exact-tree clearance)
  VERIFY[fb0] rc=0 artifacts=12/12 missing=0 shortfall=none (tree 7531/1330) OVERRIDDEN=2 REJECTED=0 grant={"write":{"deps":true,"project":true,"userHome":true},"network":true}
  => MINIMUM {"write":{"deps":true,"project":true,"userHome":true},"network":true}   (ladder fallback; synthesized grant was insufficient)
  !! OBSERVE UNDER-PREDICTED -- the gap between {"write":{"deps":true},"network":true} and this is what the trace missed
  STORE   isolated virtual store at D:\jail\m-hugoextended-mtso5jz7\verify-nar-no-network\.cache
OSV-SCREEN {"schemaVersion":1,"kind":"nub-nar-no-network-resolved","status":"clean","digest":"b5a3ba81423501e69c9e73e685d055c6ee47c730260abef40d70d77fd32c2d5e","specCount":145,"lockfiles":{"digest":"0c453de053aab8c66b22232a3d1fd0e8ceae8daecf1813191c5b926f9c5aca36","files":[{"path":"nub.lock","sha256":"ff5d35c75a83f19485f06e28d1d8e5eca4900d33a4aa0738fa35d24e173a2f6d","bytes":34923}]},"maliciousAdvisories":[],"screenedAt":"2026-09-08T12:52:05.731Z","cacheHit":true,"clearancePath":"D:\\jail\\m-hugoextended-mtso5jz7\\security\\nub-nar-no-network-resolved.json"}
  SECURITY nub-nar-no-network-resolved clean: 145 exact package-version(s), tree b5a3ba814235 (cached exact-tree clearance)
  VERIFY[nar-no-network] rc=1 artifacts=9/12 missing=3 shortfall=a63fd828aa49 (tree 7528/1330) OVERRIDDEN=2 REJECTED=0 grant={"write":{"deps":true,"project":true,"userHome":true}}
     missing artifacts: vendor/hugo.exe, vendor/LICENSE, vendor/README.md
     'no-network' is NECESSARY — dropping it fails to verify
  STORE   isolated virtual store at D:\jail\m-hugoextended-mtso5jz7\verify-nar-no-write-deps\.cache
OSV-SCREEN {"schemaVersion":1,"kind":"nub-nar-no-write-deps-resolved","status":"clean","digest":"b5a3ba81423501e69c9e73e685d055c6ee47c730260abef40d70d77fd32c2d5e","specCount":145,"lockfiles":{"digest":"0c453de053aab8c66b22232a3d1fd0e8ceae8daecf1813191c5b926f9c5aca36","files":[{"path":"nub.lock","sha256":"ff5d35c75a83f19485f06e28d1d8e5eca4900d33a4aa0738fa35d24e173a2f6d","bytes":34923}]},"maliciousAdvisories":[],"screenedAt":"2026-09-08T12:52:05.731Z","cacheHit":true,"clearancePath":"D:\\jail\\m-hugoextended-mtso5jz7\\security\\nub-nar-no-write-deps-resolved.json"}
  SECURITY nub-nar-no-write-deps-resolved clean: 145 exact package-version(s), tree b5a3ba814235 (cached exact-tree clearance)
  VERIFY[nar-no-write-deps] rc=0 artifacts=12/12 missing=0 shortfall=none (tree 7531/1330) OVERRIDDEN=2 REJECTED=0 grant={"write":{"project":true,"userHome":true},"network":true}
     ⛔ OVER-PREDICTED — the strictly narrower {"write":{"project":true,"userHome":true},"network":true} also verifies; 'no-write-deps' was not needed
  STORE   isolated virtual store at D:\jail\m-hugoextended-mtso5jz7\verify-nar-no-write-project\.cache
OSV-SCREEN {"schemaVersion":1,"kind":"nub-nar-no-write-project-resolved","status":"clean","digest":"b5a3ba81423501e69c9e73e685d055c6ee47c730260abef40d70d77fd32c2d5e","specCount":145,"lockfiles":{"digest":"0c453de053aab8c66b22232a3d1fd0e8ceae8daecf1813191c5b926f9c5aca36","files":[{"path":"nub.lock","sha256":"ff5d35c75a83f19485f06e28d1d8e5eca4900d33a4aa0738fa35d24e173a2f6d","bytes":34923}]},"maliciousAdvisories":[],"screenedAt":"2026-09-08T12:52:05.731Z","cacheHit":true,"clearancePath":"D:\\jail\\m-hugoextended-mtso5jz7\\security\\nub-nar-no-write-project-resolved.json"}
  SECURITY nub-nar-no-write-project-resolved clean: 145 exact package-version(s), tree b5a3ba814235 (cached exact-tree clearance)
  VERIFY[nar-no-write-project] rc=0 artifacts=12/12 missing=0 shortfall=none (tree 7531/1330) OVERRIDDEN=2 REJECTED=0 grant={"write":{"deps":true,"userHome":true},"network":true}
     ⛔ OVER-PREDICTED — the strictly narrower {"write":{"deps":true,"userHome":true},"network":true} also verifies; 'no-write-project' was not needed
  STORE   isolated virtual store at D:\jail\m-hugoextended-mtso5jz7\verify-nar-no-write-userHome\.cache
OSV-SCREEN {"schemaVersion":1,"kind":"nub-nar-no-write-userHome-resolved","status":"clean","digest":"b5a3ba81423501e69c9e73e685d055c6ee47c730260abef40d70d77fd32c2d5e","specCount":145,"lockfiles":{"digest":"0c453de053aab8c66b22232a3d1fd0e8ceae8daecf1813191c5b926f9c5aca36","files":[{"path":"nub.lock","sha256":"ff5d35c75a83f19485f06e28d1d8e5eca4900d33a4aa0738fa35d24e173a2f6d","bytes":34923}]},"maliciousAdvisories":[],"screenedAt":"2026-09-08T12:52:05.731Z","cacheHit":true,"clearancePath":"D:\\jail\\m-hugoextended-mtso5jz7\\security\\nub-nar-no-write-userHome-resolved.json"}
  SECURITY nub-nar-no-write-userHome-resolved clean: 145 exact package-version(s), tree b5a3ba814235 (cached exact-tree clearance)
  VERIFY[nar-no-write-userHome] rc=1 artifacts=9/12 missing=3 shortfall=a63fd828aa49 (tree 7528/1330) OVERRIDDEN=2 REJECTED=0 grant={"write":{"deps":true,"project":true},"network":true}
     missing artifacts: vendor/hugo.exe, vendor/LICENSE, vendor/README.md
     'no-write-userHome' is NECESSARY — dropping it fails to verify
  STORE   isolated virtual store at D:\jail\m-hugoextended-mtso5jz7\verify-joint-narrow\.cache
OSV-SCREEN {"schemaVersion":1,"kind":"nub-joint-narrow-resolved","status":"clean","digest":"b5a3ba81423501e69c9e73e685d055c6ee47c730260abef40d70d77fd32c2d5e","specCount":145,"lockfiles":{"digest":"0c453de053aab8c66b22232a3d1fd0e8ceae8daecf1813191c5b926f9c5aca36","files":[{"path":"nub.lock","sha256":"ff5d35c75a83f19485f06e28d1d8e5eca4900d33a4aa0738fa35d24e173a2f6d","bytes":34923}]},"maliciousAdvisories":[],"screenedAt":"2026-09-08T12:52:05.731Z","cacheHit":true,"clearancePath":"D:\\jail\\m-hugoextended-mtso5jz7\\security\\nub-joint-narrow-resolved.json"}
  SECURITY nub-joint-narrow-resolved clean: 145 exact package-version(s), tree b5a3ba814235 (cached exact-tree clearance)
  VERIFY[joint-narrow] rc=0 artifacts=12/12 missing=0 shortfall=none (tree 7531/1330) OVERRIDDEN=2 REJECTED=0 grant={"write":{"userHome":true},"network":true}
  => JOINT-NARROW VERIFIED {"write":{"userHome":true},"network":true} — all 2 capabilities drop TOGETHER, measured
