OSV-SCREEN {"schemaVersion":1,"kind":"direct","status":"clean","digest":"70afae0be861c7cf9a1a70843a819210247729acb437cc11b41ee4f46aa96c9b","specCount":1,"lockfiles":{"digest":null,"files":[]},"maliciousAdvisories":[],"screenedAt":"2026-09-08T03:33:04.512Z","cacheHit":false,"clearancePath":"/Users/runner/v2m-NXiL2b/security/direct.json"}
  SECURITY direct clean: 1 exact package-version(s), tree 70afae0be861
### @sitespeed.io/chromedriver@147.0.7727   (/Users/runner/v2m-NXiL2b)   nub=/tmp/nub/target/release/nub
  VENUE-NUB-BINARY {"path":"/tmp/nub/target/release/nub","sha256":"f923f9d246b7061a3e88675efb7b4fdcda741d02368002ce6e7f7044b01e7bbe","bytes":93818888,"features":{"buildJailCatalogOverride":true,"pythonDontWriteBytecodeEnv":true}}
  CI-ENV scrubbed: CI GITHUB_ACTIONS
  --- fbt preflight (advisory; never fails the run) ---
     csrutil: System Integrity Protection status: disabled.
     fbt probes visible: 93591
     fbt enable attempt: dtrace: description 'fbt:::entry ' matched 50364 probes CPU     ID                    FUNCTION:NAME 
     cwd builtin value:  
     fbt chdir symbols:  
     fbt fires on spawn-with-cwd: dtrace: invalid probe specifier fbt::chdir*:entry /progenyof($target)/ { @[probefunc] = count(); }: probe description fbt::chdir*:entry does not match any probes 
  --- end fbt preflight ---
OSV-SCREEN {"schemaVersion":1,"kind":"npm-observe-resolved","status":"clean","digest":"bc168a88f80ebc55c85b0e00092453b60a9deb2b24ab7249f88996ad1f495a34","specCount":3,"lockfiles":{"digest":"890bf7758d08343e4e8534b60b69137cfaebb950909003259d821afae0b5477d","files":[{"path":"package-lock.json","sha256":"e11fea6a6334e1d600d2ad79a565b269a4a383cd8bb407b09db1a920b7a23542","bytes":1623}]},"maliciousAdvisories":[],"screenedAt":"2026-09-08T03:33:10.986Z","cacheHit":false,"clearancePath":"/Users/runner/v2m-NXiL2b/security/npm-observe-resolved.json"}
  SECURITY npm-observe-resolved clean: 3 exact package-version(s), tree bc168a88f80e
  VENUE-CI-CHILD clean (no CI-detection variable reaches the traced script)
  --- wrapper (run.sh) ---
     cd "/Users/runner/v2m-NXiL2b/Observe"
     sudo -u "runner" -H env "PATH=$PATH"   "HOME=/Users/runner/v2m-NXiL2b/jailhome"   "TMPDIR=/private/var/folders/bl/vzjcvbz95c3dk19cb0fw46180000gn/T/nub-tmp-obsqiVei5"   "NODE_COMPAT=1"   "PYTHONDONTWRITEBYTECODE=1"   "PLAYWRIGHT_BROWSERS_PATH=/Users/runner/.cache/nub/pm/tools/ms-playwright"   "ELECTRON_CACHE=/Users/runner/.cache/nub/pm/tools/electron-cache"   "electron_config_cache=/Users/runner/.cache/nub/pm/tools/electron-cache"   "npm_config_prefix=/Users/runner/.cache/nub/pm/tools/npm-prefix"   "/Users/runner/hostedtoolcache/node/22.23.2/arm64/bin/npm" rebuild --no-audit --no-fund "@sitespeed.io/chromedriver" > "/Users/runner/v2m-NXiL2b/Observe/npm.log" 2>&1
     echo $? > "/Users/runner/v2m-NXiL2b/Observe/rc"
  --- dtrace stderr + wrapper trace ---
     + cd /Users/runner/v2m-NXiL2b/Observe
     + sudo -u runner -H env PATH=/Users/runner/hostedtoolcache/node/22.23.2/arm64/bin:/opt/homebrew/lib/ruby/gems/3.3.0/bin:/opt/homebrew/opt/ruby@3.3/bin:/Users/runner/.local/bin:/opt/homebrew/bin:/opt/homebrew/sbin:/Users/runner/.cargo/bin:/usr/local/opt/curl/bin:/usr/local/bin:/usr/local/sbin:/Users/runner/bin:/Users/runner/.yarn/bin:/Users/runner/Library/Android/sdk/tools:/Users/runner/Library/Android/sdk/platform-tools:/Library/Frameworks/Python.framework/Versions/Current/bin:/Library/Frameworks/Mono.framework/Versions/Current/Commands:/usr/bin:/bin:/usr/sbin:/sbin:/Users/runner/.dotnet/tools HOME=/Users/runner/v2m-NXiL2b/jailhome TMPDIR=/private/var/folders/bl/vzjcvbz95c3dk19cb0fw46180000gn/T/nub-tmp-obsqiVei5 NODE_COMPAT=1 PYTHONDONTWRITEBYTECODE=1 PLAYWRIGHT_BROWSERS_PATH=/Users/runner/.cache/nub/pm/tools/ms-playwright ELECTRON_CACHE=/Users/runner/.cache/nub/pm/tools/electron-cache electron_config_cache=/Users/runner/.cache/nub/pm/tools/electron-cache npm_config_prefix=/Users/runner/.cache/nub/pm/tools/npm-prefix /Users/runner/hostedtoolcache/node/22.23.2/arm64/bin/npm rebuild --no-audit --no-fund @sitespeed.io/chromedriver
     dtrace: error on enabled probe ID 128 (ID 286: syscall::execve:entry): invalid address (0x600002d95170) in action #1 at DIF offset 20
     + echo 0
  OBSERVE   rc=0 dtrace_rc=0 files=27 (pre=24) trace=11949 lines
  CLOSURE   3 packages evicted per arm   store=/Users/runner/.cache/nub/pm/store
  RAWLOG-FILE /Users/runner/v2m-NXiL2b/Observe/trace.txt.gz
  RAWLOG-CAPTURE /Users/runner/v2m-NXiL2b/Observe/capture.json
  RAWLOG-BYTES raw=2074249 gz=64890
  VENUE-INTERPRETER /Users/runner/hostedtoolcache/node/22.23.2/arm64
  VENUE-OVERRIDES {"set":{"PATH":"inherited-and-forwarded","HOME":"/Users/runner/v2m-NXiL2b/jailhome","TMPDIR":"/private/var/folders/bl/vzjcvbz95c3dk19cb0fw46180000gn/T/nub-tmp-obsqiVei5","NODE_COMPAT":"1","PYTHONDONTWRITEBYTECODE":"1","PLAYWRIGHT_BROWSERS_PATH":"/Users/runner/.cache/nub/pm/tools/ms-playwright","ELECTRON_CACHE":"/Users/runner/.cache/nub/pm/tools/electron-cache","electron_config_cache":"/Users/runner/.cache/nub/pm/tools/electron-cache","npm_config_prefix":"/Users/runner/.cache/nub/pm/tools/npm-prefix"},"unset":["(sudo env_reset discards the caller environment; every var above is re-set after it)","CI","GITHUB_ACTIONS"],"passedThrough":{"CI":"true","GITHUB_ACTIONS":"true","NODE_ENV":null}}
  VENUE-OBSERVE-USER runner uid=501 (R7: ordinary non-root user, asserted)
  ARM-FALSIFIABILITY {"manifestFiles":6,"filesTheScriptProduced":1,"reasons":[]}
  EVENTLOG-FILE /Users/runner/v2m-NXiL2b/Observe/events.ndjson.gz
  EVENTLOG-STATS {"lines":11950,"parsed":11932,"unparsed":0,"live":true,"tracerErrors":1,"tracerErrorTotal":1,"unresolvedDirfd":21,"unresolvedFd":0,"pairedTwoPath":541,"danglingPair":0,"failed":4572,"enoent":4569,"refusals":0,"byErrno":{"ENXIO":3,"ENOENT":4569},"procs":5,"lifecyclePids":1,"distinctEvents":5318,"emitted":5318,"calls":11379,"bytes":1095458,"gzipBytes":36658,"out":"/Users/runner/v2m-NXiL2b/Observe/events.ndjson"}
  == TRACER == live=true decodable-events=3137 dropped-events=1
    NOTE 14 relative path(s) under a non-AT_FDCWD dirfd were not
       scope-assigned: resolving them against the cwd would invent a path.
    ⛔ CWD-UNOBSERVED 5 relative path(s) (2 write(s)) came from a lifecycle
       process whose own cwd was never observed
       macOS spawns with posix_spawn addchdir_np, which changes directory in-kernel and
       emits no chdir syscall, so the inherited cwd cannot be trusted. These are NOT
       scope-assigned; the grant below is WIDENED instead so it covers wherever they landed.
         pid=25545 read  unproven .
         pid=25545 read  unproven .
         pid=25545 WRITE unproven vendor/chromedriver.zip
         pid=25545 read  unproven vendor/chromedriver.zip
         pid=25545 WRITE unproven vendor/chromedriver.zip
    CWD-UNPLACEABLE-WRITES ["vendor/chromedriver.zip"]
    CWD-RESOLVED 3 relative path(s) placed against the package dir
       and CONFIRMED by an artifact present after the run — not assumed.
    ⛔ THE TRACER DROPPED 1 EVENT(S). A dropped event is a path never
       seen, so the grant below can only be too NARROW — the direction that breaks installs.
       Treat it as a FLOOR, not a measurement, until the adapter fault is fixed:
             1 x  epid=128 action=1 fault=1 addr=0x600002d95170
  == ATTRIBUTION == lifecycle pids: 1
    writes  script 3  /  whole traced subtree 1093
    sockets script 1  /  whole traced subtree 2
  == ROOTS (from /Users/runner/v2m-NXiL2b/Observe/capture.json; the classifier reads no other source) ==
    project       /Users/runner/v2m-NXiL2b/Observe
    home          /Users/runner
    jailHome      /Users/runner/v2m-NXiL2b/jailhome
    globalStore   /Users/runner/.cache/nub/pm/store
    projectStore  /Users/runner/v2m-NXiL2b/Observe/node_modules/.store
    interpreter   /Users/runner/hostedtoolcache/node/22.23.2/arm64
    toolsDir      /Users/runner/.cache/nub/pm/tools
    temp          /private/var/folders/bl/vzjcvbz95c3dk19cb0fw46180000gn/T/nub-tmp-obsqiVei5
    npmPrefix     /Users/runner/.cache/nub/pm/tools/npm-prefix
    ownPkg        /Users/runner/v2m-NXiL2b/Observe/node_modules/@sitespeed.io/chromedriver
    cwd           (null — this platform has no such root)
  == WRITES the script actually performed ==
    systemfs      1
        /dev/dtracehelper
    ownPkg        2  (base profile already grants this — NOT billed)
        /Users/runner/v2m-NXiL2b/Observe/node_modules/@sitespeed.io/chromedriver/vendor
        /Users/runner/v2m-NXiL2b/Observe/node_modules/@sitespeed.io/chromedriver/vendor/chromedriver
  == READS the script performed, by scope ==
    outside       5
    systemfs      9
    userHome      2
    ownPkg        2
    deps          4
        outside: /
        outside: /bin/bash
        outside: /bin
        outside: /var/db/timezone/zoneinfo/UTC
        outside: /var/db/timezone/zoneinfo/posixrules
  == NETWORK ==
    AF_INET connects: 1   distinct peers: 1
        142.251.218.91:443
  == REFUSALS (errno EPERM/EACCES/EROFS only; ENOENT is a miss, not a denial) ==
    distinct: 0
  == SYNTHESIZED GRANT (verify this in the real unprivileged jail) ==
    {"write":{"deps":true,"project":true},"network":true}
  == writePaths (DERIVED — promotion out of the package's PRIVATE home) ==
    private-home writes observed: 0
    none declared — the script wrote nothing into its private home — there is nothing to promote
  == writePaths FEASIBILITY (distinct writes outside project/deps) ==
    count: 0
  EVICT[synth] 2 store entries removed, 0 spared as nub tooling, 558 in store
OSV-SCREEN {"schemaVersion":1,"kind":"nub-synth-resolved","status":"clean","digest":"bc168a88f80ebc55c85b0e00092453b60a9deb2b24ab7249f88996ad1f495a34","specCount":3,"lockfiles":{"digest":"fb2afa041d7abecee85f80df5db9989fa2b8842031c727ccd946b694f5d4b780","files":[{"path":"nub.lock","sha256":"0e7827ce285eaf5092aa9e60a171e1004cae65e81d70e14db214885ac9aaee04","bytes":999}]},"maliciousAdvisories":[],"screenedAt":"2026-09-08T03:33:10.986Z","cacheHit":true,"clearancePath":"/Users/runner/v2m-NXiL2b/security/nub-synth-resolved.json"}
  SECURITY nub-synth-resolved clean: 3 exact package-version(s), tree bc168a88f80e (cached exact-tree clearance)
  VENUE-STORE-LAYOUT isolated
  VERIFY[synth] rc=0 artifacts=6/6 missing=0 shortfall=none (tree 64/27) OVERRIDDEN=3 REJECTED=0 grant={"write":{"deps":true,"project":true},"network":true}
  => VERIFIED {"write":{"deps":true,"project":true},"network":true}
  EVICT[nar-no-network] 3 store entries removed, 0 spared as nub tooling, 559 in store
OSV-SCREEN {"schemaVersion":1,"kind":"nub-nar-no-network-resolved","status":"clean","digest":"bc168a88f80ebc55c85b0e00092453b60a9deb2b24ab7249f88996ad1f495a34","specCount":3,"lockfiles":{"digest":"fb2afa041d7abecee85f80df5db9989fa2b8842031c727ccd946b694f5d4b780","files":[{"path":"nub.lock","sha256":"0e7827ce285eaf5092aa9e60a171e1004cae65e81d70e14db214885ac9aaee04","bytes":999}]},"maliciousAdvisories":[],"screenedAt":"2026-09-08T03:33:10.986Z","cacheHit":true,"clearancePath":"/Users/runner/v2m-NXiL2b/security/nub-nar-no-network-resolved.json"}
  SECURITY nub-nar-no-network-resolved clean: 3 exact package-version(s), tree bc168a88f80e (cached exact-tree clearance)
  VERIFY[nar-no-network] rc=1 artifacts=5/6 missing=1 shortfall=669a7de28d48 (tree 62/27) OVERRIDDEN=3 REJECTED=0 grant={"write":{"deps":true,"project":true}}
       missing: vendor/chromedriver
     narrowing 'no-network' fails ⇒ that capability IS necessary
  EVICT[nar-no-write-deps] 3 store entries removed, 0 spared as nub tooling, 559 in store
OSV-SCREEN {"schemaVersion":1,"kind":"nub-nar-no-write-deps-resolved","status":"clean","digest":"bc168a88f80ebc55c85b0e00092453b60a9deb2b24ab7249f88996ad1f495a34","specCount":3,"lockfiles":{"digest":"fb2afa041d7abecee85f80df5db9989fa2b8842031c727ccd946b694f5d4b780","files":[{"path":"nub.lock","sha256":"0e7827ce285eaf5092aa9e60a171e1004cae65e81d70e14db214885ac9aaee04","bytes":999}]},"maliciousAdvisories":[],"screenedAt":"2026-09-08T03:33:10.986Z","cacheHit":true,"clearancePath":"/Users/runner/v2m-NXiL2b/security/nub-nar-no-write-deps-resolved.json"}
  SECURITY nub-nar-no-write-deps-resolved clean: 3 exact package-version(s), tree bc168a88f80e (cached exact-tree clearance)
  VERIFY[nar-no-write-deps] rc=0 artifacts=6/6 missing=0 shortfall=none (tree 64/27) OVERRIDDEN=3 REJECTED=0 grant={"write":{"project":true},"network":true}
     ⛔ OVER-PREDICTED — the strictly narrower {"write":{"project":true},"network":true} also verifies; 'no-write-deps' was not needed
  EVICT[nar-no-write-project] 3 store entries removed, 0 spared as nub tooling, 559 in store
OSV-SCREEN {"schemaVersion":1,"kind":"nub-nar-no-write-project-resolved","status":"clean","digest":"bc168a88f80ebc55c85b0e00092453b60a9deb2b24ab7249f88996ad1f495a34","specCount":3,"lockfiles":{"digest":"fb2afa041d7abecee85f80df5db9989fa2b8842031c727ccd946b694f5d4b780","files":[{"path":"nub.lock","sha256":"0e7827ce285eaf5092aa9e60a171e1004cae65e81d70e14db214885ac9aaee04","bytes":999}]},"maliciousAdvisories":[],"screenedAt":"2026-09-08T03:33:10.986Z","cacheHit":true,"clearancePath":"/Users/runner/v2m-NXiL2b/security/nub-nar-no-write-project-resolved.json"}
  SECURITY nub-nar-no-write-project-resolved clean: 3 exact package-version(s), tree bc168a88f80e (cached exact-tree clearance)
  VERIFY[nar-no-write-project] rc=0 artifacts=6/6 missing=0 shortfall=none (tree 64/27) OVERRIDDEN=3 REJECTED=0 grant={"write":{"deps":true},"network":true}
     ⛔ OVER-PREDICTED — the strictly narrower {"write":{"deps":true},"network":true} also verifies; 'no-write-project' was not needed
  EVICT[joint-narrow] 3 store entries removed, 0 spared as nub tooling, 559 in store
OSV-SCREEN {"schemaVersion":1,"kind":"nub-joint-narrow-resolved","status":"clean","digest":"bc168a88f80ebc55c85b0e00092453b60a9deb2b24ab7249f88996ad1f495a34","specCount":3,"lockfiles":{"digest":"fb2afa041d7abecee85f80df5db9989fa2b8842031c727ccd946b694f5d4b780","files":[{"path":"nub.lock","sha256":"0e7827ce285eaf5092aa9e60a171e1004cae65e81d70e14db214885ac9aaee04","bytes":999}]},"maliciousAdvisories":[],"screenedAt":"2026-09-08T03:33:10.986Z","cacheHit":true,"clearancePath":"/Users/runner/v2m-NXiL2b/security/nub-joint-narrow-resolved.json"}
  SECURITY nub-joint-narrow-resolved clean: 3 exact package-version(s), tree bc168a88f80e (cached exact-tree clearance)
  VERIFY[joint-narrow] rc=0 artifacts=6/6 missing=0 shortfall=none (tree 64/27) OVERRIDDEN=3 REJECTED=0 grant={"network":true}
  => JOINT-NARROW VERIFIED {"network":true} — all 2 capabilities drop TOGETHER, measured
### DONE @sitespeed.io/chromedriver@147.0.7727  synthesized={"write":{"deps":true,"project":true},"network":true} verified=1
