### @sentry/cli@3.6.0   (D:\jail\m-sentrycli-mtsgl1r9)
  CI-ENV scrubbed: CI GITHUB_ACTIONS
OSV-SCREEN {"schemaVersion":1,"kind":"direct","status":"clean","digest":"9783b16a231ce15cf47abe1bee6622132045b6e55c0f22949eade031ecc5fc0e","specCount":1,"lockfiles":{"digest":null,"files":[]},"maliciousAdvisories":[],"screenedAt":"2026-09-08T09:20:07.043Z","cacheHit":false,"clearancePath":"D:\\jail\\m-sentrycli-mtsgl1r9\\security\\direct.json"}
  SECURITY direct clean: 1 exact package-version(s), tree 9783b16a231c
OSV-SCREEN {"schemaVersion":1,"kind":"npm-observe-resolved","status":"clean","digest":"7357a690c99b87cc4bddfa266bfdcaa0848f7f73bd83851d8b1acddc26636720","specCount":7,"lockfiles":{"digest":"e9c6d0585451939579b85d1904d10ea9ffb714b7508c8fa6859c57540b0cbe0c","files":[{"path":"package-lock.json","sha256":"e4da65b38cb15f490bb672fb077f70a01882f1aad3857d02e4c1c8b2b7487ad6","bytes":6846}]},"maliciousAdvisories":[],"screenedAt":"2026-09-08T09:20:09.299Z","cacheHit":false,"clearancePath":"D:\\jail\\m-sentrycli-mtsgl1r9\\security\\npm-observe-resolved.json"}
  SECURITY npm-observe-resolved clean: 7 exact package-version(s), tree 7357a690c99b
  CAPTURE user=runnervmeef0v\runneradmin elevated=True rootPid=8584 exit=0 events=23005 lost=0
  VENUE-OBSERVE-USER runnervmeef0v\runneradmin elevated=true privDropped={"SeBackupPrivilege":"removed","SeRestorePrivilege":"removed","SeTakeOwnershipPrivilege":"removed"}
  OBSERVE artifacts: 28 files  (D:\jail\m-sentrycli-mtsgl1r9\observe\node_modules\@sentry\cli)
  ARM-FALSIFIABILITY {"manifestFiles":29,"filesTheScriptProduced":0,"reasons":["gate-vacuous"]}
  ⛔ ARMS-UNFALSIFIABLE — a green arm for this package carries no evidence:
       gate-vacuous: the script changed no file the artifact gate keys on — every file in the manifest (29) was already present at its final size before the script ran, so the gate passes in every arm including a completely broken one
       The grant may still be correct; what is missing is a signal that could have gone
       red. Do not read this record's MINIMAL as a passing measurement.
  CLOSURE 7 packages evicted per arm
  8.3 MAP 0 components resolved on runnervmeef0v, folded into capture.json
  == ROOTS (from capture.json — R2: no ambient reads) ==
    project       D:\jail\m-sentrycli-mtsgl1r9\observe   [keyed on]
    home          C:\Users\runneradmin   [keyed on]
    jailHome      (null — declared inapplicable)
    globalStore   C:\Users\runneradmin\AppData\Local\nub\pm\store
    projectStore  D:\jail\m-sentrycli-mtsgl1r9\observe\node_modules\.store
    interpreter   C:\hostedtoolcache\windows\node\22.23.2\x64\node.exe
    toolsDir      C:\Users\runneradmin\AppData\Local\nub\pm\tools
    temp          D:\jail\m-sentrycli-mtsgl1r9\tmp   [keyed on]
    npmPrefix     (null — declared inapplicable)
    ownPkg        D:\jail\m-sentrycli-mtsgl1r9\observe\node_modules\@sentry\cli
  == ATTRIBUTION == lifecycle pids: 2 (root 8584)
    writes  script 0  /  whole traced tree 11
    peers   script 0  /  whole traced tree 0
  == WRITES ==
  == READS ==
    deps        115
    outside       6
    project       1
    systemfs     26
  == NETWORK ==
    distinct peers: 0
  == REFUSALS (adapter-classified) ==
    distinct: 0
  == SYNTHESIZED GRANT (verify this in the real unprivileged jail) ==
    {}
  RAW       etw-raw.xml.gz  29332669 B xml -> 425210 B gz (69.0x)  sha256 dc2bce6122419a59…
  HEADER    etw-header.json (5024 bytes)
  DERIVED   5714 distinct from 6961 kept ops (23005 xml events, 1597 out of subtree)
  PROCS     4   thread-reattributed 0
  ⛔ 1 operations with NO OperationEnd — kept, status marked unknown
  8.3       0 expanded, 0 kept short, 0 not covered  [map: recorded 8.3 map (0 components, resolved on runnervmeef0v)]
  wrote events.ndjson.gz (71593 bytes)
  RAWLOG-CAPTURE D:\jail\m-sentrycli-mtsgl1r9\cap\capture.json
  VENUE-NUB-BINARY {"path":"C:/Users/RUNNER~1/AppData/Local/Temp/nub/target/release/nub.exe","sha256":"f186817a44be332fee712b4936a071a0b5f9cde18a1d2fdc3a791729d4bf1005","bytes":68717056,"features":{"buildJailCatalogOverride":true,"pythonDontWriteBytecodeEnv":true}}
  VENUE-INTERPRETER C:\hostedtoolcache\windows\node\22.23.2\x64\node.exe
  VENUE-JAIL-ROOT D:\jail\m-sentrycli-mtsgl1r9
  VENUE-OVERRIDES {"set":{"npm_config_cache":"D:\\jail\\m-sentrycli-mtsgl1r9\\npm-cache","TMP":"D:\\jail\\m-sentrycli-mtsgl1r9\\tmp","TEMP":"D:\\jail\\m-sentrycli-mtsgl1r9\\tmp","TMPDIR":"D:\\jail\\m-sentrycli-mtsgl1r9\\tmp"},"unset":["CI","GITHUB_ACTIONS"],"notRedirected":{"USERPROFILE":"C:\\Users\\runneradmin","why":"the jail leaves HOME/USERPROFILE alone — `build_jail.rs` sandbox_homes() reads the ambient value and `compiler/defaults.rs` BASELINE_ENV_EXACT passes it through — so there is no private jail home to reproduce and redirecting one would measure an environment no confined script sees"},"passedThrough":{"CI":"true","GITHUB_ACTIONS":"true","NODE_ENV":null}}
  STORE   isolated virtual store at D:\jail\m-sentrycli-mtsgl1r9\verify-synth\.cache
  VENUE-STORE-LAYOUT isolated
OSV-SCREEN {"schemaVersion":1,"kind":"nub-synth-resolved","status":"clean","digest":"7357a690c99b87cc4bddfa266bfdcaa0848f7f73bd83851d8b1acddc26636720","specCount":7,"lockfiles":{"digest":"a57daea3bd91e72da147b7052efafbf5f362b4fb1314d23344dc4c75604e78b1","files":[{"path":"nub.lock","sha256":"b8a3543063adb7307a61f239aceb1dc23c849ad209e641d7a66b77b7466e30e6","bytes":4090}]},"maliciousAdvisories":[],"screenedAt":"2026-09-08T09:20:09.299Z","cacheHit":true,"clearancePath":"D:\\jail\\m-sentrycli-mtsgl1r9\\security\\nub-synth-resolved.json"}
  SECURITY nub-synth-resolved clean: 7 exact package-version(s), tree 7357a690c99b (cached exact-tree clearance)
  VERIFY[synth] rc=0 artifacts=28/28 missing=0 shortfall=none (tree 5789/245) OVERRIDDEN=2 REJECTED=0 grant={}
  => MINIMUM {}   (observed, then verified)
  DESCEND   grant is already empty — nothing to narrow; MINIMAL by construction.
