### gatsby@2.32.9   (/home/runner/v2-kvAINf)
  CI-ENV scrubbed: CI GITHUB_ACTIONS
OSV-SCREEN {"schemaVersion":1,"kind":"direct","status":"clean","digest":"68cf1cd9101a1cea6c63f4f3efbdf3de6d674c7521d786a048ac286fbdd2ecda","specCount":1,"lockfiles":{"digest":null,"files":[]},"maliciousAdvisories":[],"screenedAt":"2026-09-09T03:30:44.657Z","cacheHit":false,"clearancePath":"/home/runner/v2-kvAINf/security/direct.json"}
  SECURITY direct clean: 1 exact package-version(s), tree 68cf1cd9101a
  VENUE-OBSERVE-USER {"uid":1001,"user":"runner","umask":"0022","capBnd":"000001ffffffffff","noNewPrivs":"0"}
  VENUE-NUB-BINARY {"path":"/tmp/nub/target/release/nub","sha256":"2a18683f50f7afeb02a521cd3cae175dc2f91780d461c5f012065241f5a1447b","bytes":207643464,"features":{"buildJailCatalogOverride":true,"pythonDontWriteBytecodeEnv":true}}
OSV-SCREEN {"schemaVersion":1,"kind":"npm-observe-resolved","status":"clean","digest":"d5c858bee1ff93305d50062f4c38deef00c0260fb078f87cb3e77138eab60e1c","specCount":1694,"lockfiles":{"digest":"5e92a0ef78ff166c49c00d081df2231ca7925c41abdf97f7a3c1b625cf8ed7ff","files":[{"path":"package-lock.json","sha256":"fb40efff9c4f0a0d5b86fed7a41d92f28de319fc4b882c9231a9cfd89a4df227","bytes":991045}]},"maliciousAdvisories":[],"screenedAt":"2026-09-09T03:31:25.269Z","cacheHit":false,"clearancePath":"/home/runner/v2-kvAINf/security/npm-observe-resolved.json"}
  SECURITY npm-observe-resolved clean: 1694 exact package-version(s), tree d5c858bee1ff
  OBSERVE   rc=0 files=48837 trace=19354 lines
  CLOSURE   1421 packages evicted per arm
  ARM-FALSIFIABILITY {"manifestFiles":844,"filesTheScriptProduced":1,"reasons":[]}
  RAWLOG-FILE /home/runner/v2-kvAINf/observe/trace.txt.gz
  RAWLOG-CAPTURE /home/runner/v2-kvAINf/observe/capture.json
  RAWLOG-BYTES raw=3672926 gz=120003
  VENUE-INTERPRETER /opt/hostedtoolcache/node/22.23.2/x64
  VENUE-OVERRIDES {"set":{"HOME":"/home/runner/v2-kvAINf/jailhome","TMPDIR":"/tmp/nub-tmp-obsKzpKle","NODE_COMPAT":"1","PLAYWRIGHT_BROWSERS_PATH":"/home/runner/.cache/nub/pm/tools/ms-playwright","ELECTRON_CACHE":"/home/runner/.cache/nub/pm/tools/electron-cache","electron_config_cache":"/home/runner/.cache/nub/pm/tools/electron-cache","npm_config_prefix":"/home/runner/.cache/nub/pm/tools/npm-prefix","PYTHONDONTWRITEBYTECODE":"1","NUB_CACHE_DIR":"/home/runner/v2-kvAINf/nubcache"},"unset":["CI","GITHUB_ACTIONS"],"passedThrough":{"CI":"true","GITHUB_ACTIONS":"true","NODE_ENV":null}}
  == ATTRIBUTION == attributed pids: 18
    writes  script 1  /  whole traced tree 1089
    sockets script 8  /  whole traced tree 12
  == ROOTS (from capture.json — R2: no ambient reads) ==
    project       /home/runner/v2-kvAINf/observe
    home          /home/runner
    jailHome      /home/runner/v2-kvAINf/jailhome
    globalStore   /home/runner/.cache/nub/pm/store   [declared, not keyed on]
    projectStore  /home/runner/v2-kvAINf/observe/node_modules/.store   [declared, not keyed on]
    interpreter   /opt/hostedtoolcache/node/22.23.2/x64   [declared, not keyed on]
    toolsDir      /home/runner/.cache/nub/pm/tools   [declared, not keyed on]
    temp          /tmp/nub-tmp-obsKzpKle
    npmPrefix     /home/runner/.cache/nub/pm/tools/npm-prefix
    ownPkg        /home/runner/v2-kvAINf/observe/node_modules/gatsby
  == WRITES the script actually performed ==
    ownPkg        1  (base profile already grants this — NOT billed)
        /home/runner/v2-kvAINf/observe/node_modules/gatsby/latest-apis.json
  == NETWORK ==
    AF_INET sockets: 8   distinct peers: 3
        127.0.0.53:53
        104.16.5.34:443
        104.18.0.22:443
  == REFUSALS (only `= -1 EACCES/EPERM/EROFS`) ==
    distinct: 0
  == SYNTHESIZED GRANT (verify this in the real unprivileged jail) ==
    {"network":true}
  == writePaths (DERIVED — promotion out of the package's PRIVATE home) ==
    private-home writes observed: 0
    none declared — the script wrote nothing into its private home — there is nothing to promote
  == writePaths FEASIBILITY (distinct writes outside project/deps) ==
    count: 0
    EVENTS    9106 distinct from 16351 calls (19355 lines, 2976 rejoined, 0 unparsed)
    PROCS     25   lifecycle shells 13
    ⛔ 3 paths with an UNRESOLVED dirfd — kept, marked, never guessed
    unsubscribed/unmapped syscalls: getsockname×31 setsockopt×29 exit×20 getsockopt×14 recvmsg×11 getcwd×5 sendmmsg×3 socketpair×3
    wrote /home/runner/v2-kvAINf/observe/events.ndjson.gz (62551 bytes)
  EVENTLOG-FILE /home/runner/v2-kvAINf/observe/events.ndjson.gz
  EVENTLOG-STATS {"lines":19355,"parsed":16351,"unparsed":0,"unfinished":2976,"rejoined":2976,"unresolvedDirfd":3,"truncatedArg":0,"procs":25,"lifecyclePids":13,"distinctEvents":9106,"unknownSyscall":{"getsockname":31,"getsockopt":14,"getcwd":5,"recvmsg":11,"exit":20,"setsockopt":29,"sendmmsg":3,"socketpair":3,"shutdown":3,"exit_group":3,"wait4":3},"out":"/home/runner/v2-kvAINf/observe/events.ndjson.gz","gzipBytes":62551}
  EVICT     173 store entries removed, 8 spared as nub tooling
  SE-PURGE  0 side-effects-cache entries for gatsby
  scaffold: 4 dependency package(s) with lifecycle scripts granted a fixed wide grant
OSV-SCREEN {"schemaVersion":1,"kind":"nub-synth-resolved","status":"clean","digest":"c4ba24e741502c7d03f642d03597c32dc2887b42a712229502ac41b26e2549bd","specCount":1724,"lockfiles":{"digest":"9a27bc9b5e1371601ab340d19f6bccabbaea6b2c00642da55e7630f1151a6ea2","files":[{"path":"nub.lock","sha256":"d6b93def2a3a95e50a38aadb9aeb210de8a0a2e838cd288a3bdea75d922b426c","bytes":515138}]},"maliciousAdvisories":[],"screenedAt":"2026-09-09T03:31:51.322Z","cacheHit":false,"clearancePath":"/home/runner/v2-kvAINf/security/nub-synth-resolved.json"}
  SECURITY nub-synth-resolved clean: 1724 exact package-version(s), tree c4ba24e74150
  VENUE-STORE-LAYOUT isolated
  VERIFY[synth] rc=0 artifacts=844/844 missing=0 shortfall=none (tree 277887/48837) OVERRIDDEN=2 REJECTED=0 grant={"network":true}
  => VERIFIED {"network":true}   (observed, then verified)
  EVICT     1715 store entries removed, 8 spared as nub tooling
  SE-PURGE  0 side-effects-cache entries for gatsby
  scaffold: 4 dependency package(s) with lifecycle scripts granted a fixed wide grant
OSV-SCREEN {"schemaVersion":1,"kind":"nub-drop-no-network-resolved","status":"clean","digest":"c4ba24e741502c7d03f642d03597c32dc2887b42a712229502ac41b26e2549bd","specCount":1724,"lockfiles":{"digest":"9a27bc9b5e1371601ab340d19f6bccabbaea6b2c00642da55e7630f1151a6ea2","files":[{"path":"nub.lock","sha256":"d6b93def2a3a95e50a38aadb9aeb210de8a0a2e838cd288a3bdea75d922b426c","bytes":515138}]},"maliciousAdvisories":[],"screenedAt":"2026-09-09T03:31:51.322Z","cacheHit":true,"clearancePath":"/home/runner/v2-kvAINf/security/nub-drop-no-network-resolved.json"}
  SECURITY nub-drop-no-network-resolved clean: 1724 exact package-version(s), tree c4ba24e74150 (cached exact-tree clearance)
  VERIFY[drop-no-network] rc=0 artifacts=843/844 missing=1 shortfall=58be4d2b483a (tree 277881/48837) OVERRIDDEN=2 REJECTED=0 grant={}
       missing: latest-apis.json
     'no-network' is NECESSARY — dropping it fails to verify
  => MINIMAL — every capability in {"network":true} is independently necessary
