### @hyperjump/json-schema-core@0.28.5   (D:\jail\m-hyperjumpjsonschemacore-mts42ppk)
  CI-ENV scrubbed: CI GITHUB_ACTIONS
OSV-SCREEN {"schemaVersion":1,"kind":"direct","status":"clean","digest":"8010ae1d9addbf95a2b9e1f41952a33e32afadc57010bfede2d1162dd6ec3bf0","specCount":1,"lockfiles":{"digest":null,"files":[]},"maliciousAdvisories":[],"screenedAt":"2026-09-08T03:29:56.132Z","cacheHit":false,"clearancePath":"D:\\jail\\m-hyperjumpjsonschemacore-mts42ppk\\security\\direct.json"}
  SECURITY direct clean: 1 exact package-version(s), tree 8010ae1d9add
OSV-SCREEN {"schemaVersion":1,"kind":"npm-observe-resolved","status":"clean","digest":"ce7f33429cab672bd8d58191f262385262cb87025b954e66f0dca0ec7bdd052e","specCount":15,"lockfiles":{"digest":"a8944f81d75f45f7ef4c7d0ef63d96f43b3ed63638b23a4951d6710af913317b","files":[{"path":"package-lock.json","sha256":"db0b38c96eafa92c4947445f499f870357c0649fdb8fbe17adcbaf93f68122a2","bytes":6398}]},"maliciousAdvisories":[],"screenedAt":"2026-09-08T03:29:57.981Z","cacheHit":false,"clearancePath":"D:\\jail\\m-hyperjumpjsonschemacore-mts42ppk\\security\\npm-observe-resolved.json"}
  SECURITY npm-observe-resolved clean: 15 exact package-version(s), tree ce7f33429cab
  CAPTURE user=runnervmeef0v\runneradmin elevated=True rootPid=5316 exit=0 events=22657 lost=0
  VENUE-OBSERVE-USER runnervmeef0v\runneradmin elevated=true privDropped={"SeBackupPrivilege":"removed","SeRestorePrivilege":"removed","SeTakeOwnershipPrivilege":"removed"}
  OBSERVE artifacts: 29 files  (D:\jail\m-hyperjumpjsonschemacore-mts42ppk\observe\node_modules\@hyperjump\json-schema-core)
  ARM-FALSIFIABILITY {"manifestFiles":29,"filesTheScriptProduced":0,"reasons":["gate-vacuous"]}
  ⛔ ARMS-UNFALSIFIABLE — a green arm for this package carries no evidence:
       gate-vacuous: the script changed no file the artifact gate keys on — every file in the manifest (29) was already present at its final size before the script ran, so the gate passes in every arm including a completely broken one
       The grant may still be correct; what is missing is a signal that could have gone
       red. Do not read this record's MINIMAL as a passing measurement.
  CLOSURE 14 packages evicted per arm
  8.3 MAP 0 components resolved on runnervmeef0v, folded into capture.json
  == ROOTS (from capture.json — R2: no ambient reads) ==
    project       D:\jail\m-hyperjumpjsonschemacore-mts42ppk\observe   [keyed on]
    home          C:\Users\runneradmin   [keyed on]
    jailHome      (null — declared inapplicable)
    globalStore   C:\Users\runneradmin\AppData\Local\nub\pm\store
    projectStore  D:\jail\m-hyperjumpjsonschemacore-mts42ppk\observe\node_modules\.store
    interpreter   C:\hostedtoolcache\windows\node\22.23.2\x64\node.exe
    toolsDir      C:\Users\runneradmin\AppData\Local\nub\pm\tools
    temp          D:\jail\m-hyperjumpjsonschemacore-mts42ppk\tmp   [keyed on]
    npmPrefix     (null — declared inapplicable)
    ownPkg        D:\jail\m-hyperjumpjsonschemacore-mts42ppk\observe\node_modules\@hyperjump\json-schema-core
  == ATTRIBUTION == lifecycle pids: 2 (root 5316)
    writes  script 25  /  whole traced tree 32
    peers   script 0  /  whole traced tree 0
  == WRITES ==
    deps         25
  == READS ==
    deps         28
    outside       6
    project       1
    systemfs     23
  == NETWORK ==
    distinct peers: 0
  == REFUSALS (adapter-classified) ==
    distinct: 0
  == SYNTHESIZED GRANT (verify this in the real unprivileged jail) ==
    {"write":{"deps":true}}
  RAW       etw-raw.xml.gz  28881991 B xml -> 417692 B gz (69.1x)  sha256 0b617d3dc3507522…
  HEADER    etw-header.json (5187 bytes)
  DERIVED   5386 distinct from 6540 kept ops (22657 xml events, 1850 out of subtree)
  PROCS     4   thread-reattributed 0
  8.3       0 expanded, 0 kept short, 0 not covered  [map: recorded 8.3 map (0 components, resolved on runnervmeef0v)]
  wrote events.ndjson.gz (67106 bytes)
  RAWLOG-CAPTURE D:\jail\m-hyperjumpjsonschemacore-mts42ppk\cap\capture.json
  VENUE-NUB-BINARY {"path":"C:/Users/RUNNER~1/AppData/Local/Temp/nub/target/release/nub.exe","sha256":"f186817a44be332fee712b4936a071a0b5f9cde18a1d2fdc3a791729d4bf1005","bytes":68717056,"features":{"buildJailCatalogOverride":true,"pythonDontWriteBytecodeEnv":true}}
  VENUE-INTERPRETER C:\hostedtoolcache\windows\node\22.23.2\x64\node.exe
  VENUE-JAIL-ROOT D:\jail\m-hyperjumpjsonschemacore-mts42ppk
  VENUE-OVERRIDES {"set":{"npm_config_cache":"D:\\jail\\m-hyperjumpjsonschemacore-mts42ppk\\npm-cache","TMP":"D:\\jail\\m-hyperjumpjsonschemacore-mts42ppk\\tmp","TEMP":"D:\\jail\\m-hyperjumpjsonschemacore-mts42ppk\\tmp","TMPDIR":"D:\\jail\\m-hyperjumpjsonschemacore-mts42ppk\\tmp"},"unset":["CI","GITHUB_ACTIONS"],"notRedirected":{"USERPROFILE":"C:\\Users\\runneradmin","why":"the jail leaves HOME/USERPROFILE alone — `build_jail.rs` sandbox_homes() reads the ambient value and `compiler/defaults.rs` BASELINE_ENV_EXACT passes it through — so there is no private jail home to reproduce and redirecting one would measure an environment no confined script sees"},"passedThrough":{"CI":"true","GITHUB_ACTIONS":"true","NODE_ENV":null}}
  scaffold: 2 dependency package(s) with lifecycle scripts granted a fixed wide grant
  STORE   isolated virtual store at D:\jail\m-hyperjumpjsonschemacore-mts42ppk\verify-synth\.cache
  VENUE-STORE-LAYOUT isolated
OSV-SCREEN {"schemaVersion":1,"kind":"nub-synth-resolved","status":"clean","digest":"ce7f33429cab672bd8d58191f262385262cb87025b954e66f0dca0ec7bdd052e","specCount":15,"lockfiles":{"digest":"ada9f8957adfc4417e2538e3ce4c59bea7e7b0eae44e7cae5b8d99cb264fa564","files":[{"path":"nub.lock","sha256":"adab3c84d141d65de5a373798bfd423ed932d0cc9e6ee991defbb1bd70ea2aca","bytes":3717}]},"maliciousAdvisories":[],"screenedAt":"2026-09-08T03:29:57.981Z","cacheHit":true,"clearancePath":"D:\\jail\\m-hyperjumpjsonschemacore-mts42ppk\\security\\nub-synth-resolved.json"}
  SECURITY nub-synth-resolved clean: 15 exact package-version(s), tree ce7f33429cab (cached exact-tree clearance)
  VERIFY[synth] rc=0 artifacts=29/29 missing=0 shortfall=none (tree 6026/233) OVERRIDDEN=2 REJECTED=0 grant={"write":{"deps":true}}
  => MINIMUM {"write":{"deps":true}}   (observed, then verified)
  scaffold: 2 dependency package(s) with lifecycle scripts granted a fixed wide grant
  STORE   isolated virtual store at D:\jail\m-hyperjumpjsonschemacore-mts42ppk\verify-nar-no-write-deps\.cache
OSV-SCREEN {"schemaVersion":1,"kind":"nub-nar-no-write-deps-resolved","status":"clean","digest":"ce7f33429cab672bd8d58191f262385262cb87025b954e66f0dca0ec7bdd052e","specCount":15,"lockfiles":{"digest":"ada9f8957adfc4417e2538e3ce4c59bea7e7b0eae44e7cae5b8d99cb264fa564","files":[{"path":"nub.lock","sha256":"adab3c84d141d65de5a373798bfd423ed932d0cc9e6ee991defbb1bd70ea2aca","bytes":3717}]},"maliciousAdvisories":[],"screenedAt":"2026-09-08T03:29:57.981Z","cacheHit":true,"clearancePath":"D:\\jail\\m-hyperjumpjsonschemacore-mts42ppk\\security\\nub-nar-no-write-deps-resolved.json"}
  SECURITY nub-nar-no-write-deps-resolved clean: 15 exact package-version(s), tree ce7f33429cab (cached exact-tree clearance)
  VERIFY[nar-no-write-deps] rc=0 artifacts=29/29 missing=0 shortfall=none (tree 6026/233) OVERRIDDEN=2 REJECTED=0 grant={}
     ⛔ OVER-PREDICTED — the strictly narrower {} also verifies; 'no-write-deps' was not needed
