### @sitespeed.io/chromedriver@115.0.5790-98b   (/home/runner/v2-4yb6yk)
  CI-ENV scrubbed: CI GITHUB_ACTIONS
OSV-SCREEN {"schemaVersion":1,"kind":"direct","status":"clean","digest":"9e85fcf30c296f6cc5653b4e61d651d49efc3bfb09d1cb3ed57a12d1820e573d","specCount":1,"lockfiles":{"digest":null,"files":[]},"maliciousAdvisories":[],"screenedAt":"2026-09-08T09:22:30.834Z","cacheHit":false,"clearancePath":"/home/runner/v2-4yb6yk/security/direct.json"}
  SECURITY direct clean: 1 exact package-version(s), tree 9e85fcf30c29
  VENUE-OBSERVE-USER {"uid":1001,"user":"runner","umask":"0022","capBnd":"000001ffffffffff","noNewPrivs":"0"}
  VENUE-NUB-BINARY {"path":"/tmp/nub/target/release/nub","sha256":"2a18683f50f7afeb02a521cd3cae175dc2f91780d461c5f012065241f5a1447b","bytes":207643464,"features":{"buildJailCatalogOverride":true,"pythonDontWriteBytecodeEnv":true}}
OSV-SCREEN {"schemaVersion":1,"kind":"npm-observe-resolved","status":"clean","digest":"1e2e47147287d2318af750c86122667d33c04329a97ff98e944500e4ddd3f87d","specCount":3,"lockfiles":{"digest":"a27d92568609896ed2aa6f1fcb8948331a329395710dc2be86cc0097b7040fc2","files":[{"path":"package-lock.json","sha256":"0b23415c87973cd45ab4875fa770cd74ffad1e2458fd11b7ccd05fb3d39f686d","bytes":1635}]},"maliciousAdvisories":[],"screenedAt":"2026-09-08T09:22:32.297Z","cacheHit":false,"clearancePath":"/home/runner/v2-4yb6yk/security/npm-observe-resolved.json"}
  SECURITY npm-observe-resolved clean: 3 exact package-version(s), tree 1e2e47147287
  OBSERVE   rc=0 files=21 trace=10903 lines
  CLOSURE   3 packages evicted per arm
  ARM-FALSIFIABILITY {"manifestFiles":5,"filesTheScriptProduced":1,"reasons":[]}
  RAWLOG-FILE /home/runner/v2-4yb6yk/observe/trace.txt.gz
  RAWLOG-CAPTURE /home/runner/v2-4yb6yk/observe/capture.json
  RAWLOG-BYTES raw=2395903 gz=71002
  VENUE-INTERPRETER /opt/hostedtoolcache/node/22.23.2/x64
  VENUE-OVERRIDES {"set":{"HOME":"/home/runner/v2-4yb6yk/jailhome","TMPDIR":"/tmp/nub-tmp-obsPRhI9z","NODE_COMPAT":"1","PLAYWRIGHT_BROWSERS_PATH":"/home/runner/.cache/nub/pm/tools/ms-playwright","ELECTRON_CACHE":"/home/runner/.cache/nub/pm/tools/electron-cache","electron_config_cache":"/home/runner/.cache/nub/pm/tools/electron-cache","npm_config_prefix":"/home/runner/.cache/nub/pm/tools/npm-prefix","PYTHONDONTWRITEBYTECODE":"1","NUB_CACHE_DIR":"/home/runner/v2-4yb6yk/nubcache"},"unset":["CI","GITHUB_ACTIONS"],"passedThrough":{"CI":"true","GITHUB_ACTIONS":"true","NODE_ENV":null}}
  == ATTRIBUTION == attributed pids: 18
    writes  script 3  /  whole traced tree 1091
    sockets script 7  /  whole traced tree 13
  == ROOTS (from capture.json — R2: no ambient reads) ==
    project       /home/runner/v2-4yb6yk/observe
    home          /home/runner
    jailHome      /home/runner/v2-4yb6yk/jailhome
    globalStore   /home/runner/.cache/nub/pm/store   [declared, not keyed on]
    projectStore  /home/runner/v2-4yb6yk/observe/node_modules/.store   [declared, not keyed on]
    interpreter   /opt/hostedtoolcache/node/22.23.2/x64   [declared, not keyed on]
    toolsDir      /home/runner/.cache/nub/pm/tools   [declared, not keyed on]
    temp          /tmp/nub-tmp-obsPRhI9z
    npmPrefix     /home/runner/.cache/nub/pm/tools/npm-prefix
    ownPkg        /home/runner/v2-4yb6yk/observe/node_modules/@sitespeed.io/chromedriver
  == WRITES the script actually performed ==
    ownPkg        3  (base profile already grants this — NOT billed)
        /home/runner/v2-4yb6yk/observe/node_modules/@sitespeed.io/chromedriver/vendor
        /home/runner/v2-4yb6yk/observe/node_modules/@sitespeed.io/chromedriver/vendor/chromedriver.zip
        /home/runner/v2-4yb6yk/observe/node_modules/@sitespeed.io/chromedriver/vendor/chromedriver
  == NETWORK ==
    AF_INET sockets: 7   distinct peers: 3
        127.0.0.53:53
        104.16.7.34:443
        34.104.35.123:443
  == REFUSALS (only `= -1 EACCES/EPERM/EROFS`) ==
    distinct: 0
  == SYNTHESIZED GRANT (verify this in the real unprivileged jail) ==
    {"network":true}
  == writePaths (DERIVED — promotion out of the package's PRIVATE home) ==
    private-home writes observed: 0
    none declared — the script wrote nothing into its private home — there is nothing to promote
  == writePaths FEASIBILITY (distinct writes outside project/deps) ==
    count: 0
    EVENTS    4434 distinct from 10853 calls (10904 lines, 23 rejoined, 0 unparsed)
    PROCS     25   lifecycle shells 13
    ⛔ 3 paths with an UNRESOLVED dirfd — kept, marked, never guessed
    unsubscribed/unmapped syscalls: getsockname×42 setsockopt×25 exit×20 getsockopt×13 recvmsg×11 getcwd×4 shutdown×4 sendmmsg×3
    wrote /home/runner/v2-4yb6yk/observe/events.ndjson.gz (31458 bytes)
  EVENTLOG-FILE /home/runner/v2-4yb6yk/observe/events.ndjson.gz
  EVENTLOG-STATS {"lines":10904,"parsed":10853,"unparsed":0,"unfinished":23,"rejoined":23,"unresolvedDirfd":3,"truncatedArg":0,"procs":25,"lifecyclePids":13,"distinctEvents":4434,"unknownSyscall":{"getsockname":42,"getsockopt":13,"getcwd":4,"recvmsg":11,"exit":20,"setsockopt":25,"sendmmsg":3,"socketpair":3,"shutdown":4,"exit_group":3,"wait4":3},"out":"/home/runner/v2-4yb6yk/observe/events.ndjson.gz","gzipBytes":31458}
  EVICT     0 store entries removed, 0 spared as nub tooling
  SE-PURGE  0 side-effects-cache entries for @sitespeed.io/chromedriver
OSV-SCREEN {"schemaVersion":1,"kind":"nub-synth-resolved","status":"clean","digest":"1e2e47147287d2318af750c86122667d33c04329a97ff98e944500e4ddd3f87d","specCount":3,"lockfiles":{"digest":"76b6a7e75521942c9efcebc55bcbcab48060c60a574b453df27f0037deb1086f","files":[{"path":"nub.lock","sha256":"24cb1ade10eda31bcaacff4953c6e681ba6f1e5e02e9f8f3d3cd4b2506865c0d","bytes":1015}]},"maliciousAdvisories":[],"screenedAt":"2026-09-08T09:22:32.297Z","cacheHit":true,"clearancePath":"/home/runner/v2-4yb6yk/security/nub-synth-resolved.json"}
  SECURITY nub-synth-resolved clean: 3 exact package-version(s), tree 1e2e47147287 (cached exact-tree clearance)
  VENUE-STORE-LAYOUT isolated
  VERIFY[synth] rc=0 artifacts=5/5 missing=0 shortfall=none (tree 61/21) OVERRIDDEN=2 REJECTED=0 grant={"network":true}
  => VERIFIED {"network":true}   (observed, then verified)
  EVICT     3 store entries removed, 0 spared as nub tooling
  SE-PURGE  0 side-effects-cache entries for @sitespeed.io/chromedriver
OSV-SCREEN {"schemaVersion":1,"kind":"nub-drop-no-network-resolved","status":"clean","digest":"1e2e47147287d2318af750c86122667d33c04329a97ff98e944500e4ddd3f87d","specCount":3,"lockfiles":{"digest":"76b6a7e75521942c9efcebc55bcbcab48060c60a574b453df27f0037deb1086f","files":[{"path":"nub.lock","sha256":"24cb1ade10eda31bcaacff4953c6e681ba6f1e5e02e9f8f3d3cd4b2506865c0d","bytes":1015}]},"maliciousAdvisories":[],"screenedAt":"2026-09-08T09:22:32.297Z","cacheHit":true,"clearancePath":"/home/runner/v2-4yb6yk/security/nub-drop-no-network-resolved.json"}
  SECURITY nub-drop-no-network-resolved clean: 3 exact package-version(s), tree 1e2e47147287 (cached exact-tree clearance)
  VERIFY[drop-no-network] rc=1 artifacts=4/5 missing=1 shortfall=669a7de28d48 (tree 59/21) OVERRIDDEN=2 REJECTED=0 grant={}
       missing: vendor/chromedriver
     'no-network' is NECESSARY — dropping it fails to verify
  => MINIMAL — every capability in {"network":true} is independently necessary
