OSV-SCREEN {"schemaVersion":1,"kind":"direct","status":"clean","digest":"4c74d818c2c43ede8b49858aea36e34e9b63bfdb1d6cd75c242ba90f6488d2a5","specCount":1,"lockfiles":{"digest":null,"files":[]},"maliciousAdvisories":[],"screenedAt":"2026-09-09T03:56:04.070Z","cacheHit":false,"clearancePath":"/Users/runner/v2m-Fvw0gD/security/direct.json"}
  SECURITY direct clean: 1 exact package-version(s), tree 4c74d818c2c4
### node-pty@1.1.0-beta33   (/Users/runner/v2m-Fvw0gD)   nub=/tmp/nub/target/release/nub
  VENUE-NUB-BINARY {"path":"/tmp/nub/target/release/nub","sha256":"f923f9d246b7061a3e88675efb7b4fdcda741d02368002ce6e7f7044b01e7bbe","bytes":93818888,"features":{"buildJailCatalogOverride":true,"pythonDontWriteBytecodeEnv":true}}
  CI-ENV scrubbed: CI GITHUB_ACTIONS
  --- fbt preflight (advisory; never fails the run) ---
     csrutil: System Integrity Protection status: disabled.
     fbt probes visible: 93591
     fbt enable attempt: dtrace: description 'fbt:::entry ' matched 50364 probes CPU     ID                    FUNCTION:NAME 
     cwd builtin value:  
     fbt chdir symbols:  
     fbt fires on spawn-with-cwd: dtrace: invalid probe specifier fbt::chdir*:entry /progenyof($target)/ { @[probefunc] = count(); }: probe description fbt::chdir*:entry does not match any probes 
  --- end fbt preflight ---
OSV-SCREEN {"schemaVersion":1,"kind":"npm-observe-resolved","status":"clean","digest":"c536028dbe3fdfde08a8ea92f4fb610eab3f0c46fee2407d7193b988960889ac","specCount":2,"lockfiles":{"digest":"f5c73655cb2fc9671ccced09dd37cf9e090724176049d2668056a8fbc0bdc226","files":[{"path":"package-lock.json","sha256":"45e5d88f9caf328d56b01704abb7f1503d1ad1cd52bebc7a64a3ade3b86dc02b","bytes":932}]},"maliciousAdvisories":[],"screenedAt":"2026-09-09T03:56:11.519Z","cacheHit":false,"clearancePath":"/Users/runner/v2m-Fvw0gD/security/npm-observe-resolved.json"}
  SECURITY npm-observe-resolved clean: 2 exact package-version(s), tree c536028dbe3f
  VENUE-CI-CHILD clean (no CI-detection variable reaches the traced script)
  --- wrapper (run.sh) ---
     cd "/Users/runner/v2m-Fvw0gD/Observe"
     sudo -u "runner" -H env "PATH=$PATH"   "HOME=/Users/runner/v2m-Fvw0gD/jailhome"   "TMPDIR=/private/var/folders/bl/vzjcvbz95c3dk19cb0fw46180000gn/T/nub-tmp-obsv6YhTP"   "NODE_COMPAT=1"   "PYTHONDONTWRITEBYTECODE=1"   "PLAYWRIGHT_BROWSERS_PATH=/Users/runner/.cache/nub/pm/tools/ms-playwright"   "ELECTRON_CACHE=/Users/runner/.cache/nub/pm/tools/electron-cache"   "electron_config_cache=/Users/runner/.cache/nub/pm/tools/electron-cache"   "npm_config_prefix=/Users/runner/.cache/nub/pm/tools/npm-prefix"   "/Users/runner/hostedtoolcache/node/22.23.2/arm64/bin/npm" rebuild --no-audit --no-fund "node-pty" > "/Users/runner/v2m-Fvw0gD/Observe/npm.log" 2>&1
     echo $? > "/Users/runner/v2m-Fvw0gD/Observe/rc"
  --- dtrace stderr + wrapper trace ---
     + cd /Users/runner/v2m-Fvw0gD/Observe
     + sudo -u runner -H env PATH=/Users/runner/hostedtoolcache/node/22.23.2/arm64/bin:/opt/homebrew/lib/ruby/gems/3.3.0/bin:/opt/homebrew/opt/ruby@3.3/bin:/Users/runner/.local/bin:/opt/homebrew/bin:/opt/homebrew/sbin:/Users/runner/.cargo/bin:/usr/local/opt/curl/bin:/usr/local/bin:/usr/local/sbin:/Users/runner/bin:/Users/runner/.yarn/bin:/Users/runner/Library/Android/sdk/tools:/Users/runner/Library/Android/sdk/platform-tools:/Library/Frameworks/Python.framework/Versions/Current/bin:/Library/Frameworks/Mono.framework/Versions/Current/Commands:/usr/bin:/bin:/usr/sbin:/sbin:/Users/runner/.dotnet/tools HOME=/Users/runner/v2m-Fvw0gD/jailhome TMPDIR=/private/var/folders/bl/vzjcvbz95c3dk19cb0fw46180000gn/T/nub-tmp-obsv6YhTP NODE_COMPAT=1 PYTHONDONTWRITEBYTECODE=1 PLAYWRIGHT_BROWSERS_PATH=/Users/runner/.cache/nub/pm/tools/ms-playwright ELECTRON_CACHE=/Users/runner/.cache/nub/pm/tools/electron-cache electron_config_cache=/Users/runner/.cache/nub/pm/tools/electron-cache npm_config_prefix=/Users/runner/.cache/nub/pm/tools/npm-prefix /Users/runner/hostedtoolcache/node/22.23.2/arm64/bin/npm rebuild --no-audit --no-fund node-pty
     dtrace: error on enabled probe ID 128 (ID 286: syscall::execve:entry): invalid address (0x60000366d170) in action #1 at DIF offset 20
     dtrace: error on enabled probe ID 128 (ID 286: syscall::execve:entry): invalid address (0x600002ab40e0) in action #5 at DIF offset 88
     dtrace: error on enabled probe ID 128 (ID 286: syscall::execve:entry): invalid address (0x656d616e75) in action #6 at DIF offset 88
     dtrace: error on enabled probe ID 128 (ID 286: syscall::execve:entry): invalid address (0x656d616e75) in action #6 at DIF offset 88
     dtrace: error on enabled probe ID 128 (ID 286: syscall::execve:entry): invalid address (0x656d616e75) in action #6 at DIF offset 88
     dtrace: error on enabled probe ID 128 (ID 286: syscall::execve:entry): invalid address (0x656d616e75) in action #6 at DIF offset 88
     dtrace: error on enabled probe ID 128 (ID 286: syscall::execve:entry): invalid address (0x656d616e75) in action #6 at DIF offset 88
     dtrace: error on enabled probe ID 128 (ID 286: syscall::execve:entry): invalid address (0x656d616e75) in action #6 at DIF offset 88
     dtrace: error on enabled probe ID 128 (ID 286: syscall::execve:entry): invalid address (0x656d616e75) in action #6 at DIF offset 88
     dtrace: error on enabled probe ID 128 (ID 286: syscall::execve:entry): invalid address (0x656d616e75) in action #6 at DIF offset 88
     dtrace: error on enabled probe ID 128 (ID 286: syscall::execve:entry): invalid address (0x656d616e75) in action #6 at DIF offset 88
     dtrace: error on enabled probe ID 128 (ID 286: syscall::execve:entry): invalid address (0x656d616e75) in action #6 at DIF offset 88
     dtrace: error on enabled probe ID 128 (ID 286: syscall::execve:entry): invalid address (0x656d616e75) in action #6 at DIF offset 88
     dtrace: error on enabled probe ID 128 (ID 286: syscall::execve:entry): invalid address (0x656d616e75) in action #6 at DIF offset 88
     dtrace: error on enabled probe ID 128 (ID 286: syscall::execve:entry): invalid address (0x656d616e75) in action #6 at DIF offset 88
     dtrace: error on enabled probe ID 128 (ID 286: syscall::execve:entry): invalid address (0x656d616e75) in action #6 at DIF offset 88
     dtrace: error on enabled probe ID 128 (ID 286: syscall::execve:entry): invalid address (0x656d616e75) in action #6 at DIF offset 88
     dtrace: error on enabled probe ID 128 (ID 286: syscall::execve:entry): invalid address (0x656d616e75) in action #6 at DIF offset 88
     dtrace: error on enabled probe ID 128 (ID 286: syscall::execve:entry): invalid address (0x656d616e75) in action #6 at DIF offset 88
     dtrace: error on enabled probe ID 128 (ID 286: syscall::execve:entry): invalid address (0x656d616e75) in action #6 at DIF offset 88
     dtrace: error on enabled probe ID 128 (ID 286: syscall::execve:entry): invalid address (0x656d616e75) in action #6 at DIF offset 88
     dtrace: error on enabled probe ID 128 (ID 286: syscall::execve:entry): invalid address (0x656d616e75) in action #6 at DIF offset 88
     dtrace: error on enabled probe ID 128 (ID 286: syscall::execve:entry): invalid address (0x656d616e75) in action #6 at DIF offset 88
     dtrace: error on enabled probe ID 128 (ID 286: syscall::execve:entry): invalid address (0x656d616e75) in action #6 at DIF offset 88
     dtrace: error on enabled probe ID 128 (ID 286: syscall::execve:entry): invalid address (0x656d616e75) in action #6 at DIF offset 88
     dtrace: error on enabled probe ID 128 (ID 286: syscall::execve:entry): invalid address (0x656d616e75) in action #6 at DIF offset 88
     dtrace: error on enabled probe ID 128 (ID 286: syscall::execve:entry): invalid address (0x656d616e75) in action #6 at DIF offset 88
     dtrace: error on enabled probe ID 128 (ID 286: syscall::execve:entry): invalid address (0x101b25630) in action #1 at DIF offset 20
  OBSERVE   rc=0 dtrace_rc=0 files=297 (pre=281) trace=131422 lines
  CLOSURE   2 packages evicted per arm   store=/Users/runner/.cache/nub/pm/store
  RAWLOG-FILE /Users/runner/v2m-Fvw0gD/Observe/trace.txt.gz
  RAWLOG-CAPTURE /Users/runner/v2m-Fvw0gD/Observe/capture.json
  RAWLOG-BYTES raw=22462186 gz=722291
  VENUE-INTERPRETER /Users/runner/hostedtoolcache/node/22.23.2/arm64
  VENUE-OVERRIDES {"set":{"PATH":"inherited-and-forwarded","HOME":"/Users/runner/v2m-Fvw0gD/jailhome","TMPDIR":"/private/var/folders/bl/vzjcvbz95c3dk19cb0fw46180000gn/T/nub-tmp-obsv6YhTP","NODE_COMPAT":"1","PYTHONDONTWRITEBYTECODE":"1","PLAYWRIGHT_BROWSERS_PATH":"/Users/runner/.cache/nub/pm/tools/ms-playwright","ELECTRON_CACHE":"/Users/runner/.cache/nub/pm/tools/electron-cache","electron_config_cache":"/Users/runner/.cache/nub/pm/tools/electron-cache","npm_config_prefix":"/Users/runner/.cache/nub/pm/tools/npm-prefix"},"unset":["(sudo env_reset discards the caller environment; every var above is re-set after it)","CI","GITHUB_ACTIONS"],"passedThrough":{"CI":"true","GITHUB_ACTIONS":"true","NODE_ENV":null}}
  VENUE-OBSERVE-USER runner uid=501 (R7: ordinary non-root user, asserted)
  ARM-FALSIFIABILITY {"manifestFiles":270,"filesTheScriptProduced":14,"reasons":[]}
  EVENTLOG-FILE /Users/runner/v2m-Fvw0gD/Observe/events.ndjson.gz
  EVENTLOG-STATS {"lines":131423,"parsed":131275,"unparsed":0,"live":true,"tracerErrors":101,"tracerErrorTotal":101,"unresolvedDirfd":411,"unresolvedFd":0,"pairedTwoPath":1136,"danglingPair":0,"failed":46043,"enoent":23364,"refusals":0,"byErrno":{"ENXIO":36,"ENOENT":23364,"EINVAL":8,"EEXIST":22034,"ENOTEMPTY":601},"procs":76,"lifecyclePids":33,"distinctEvents":63753,"emitted":63753,"calls":129831,"bytes":13197433,"gzipBytes":347170,"out":"/Users/runner/v2m-Fvw0gD/Observe/events.ndjson"}
  == TRACER == live=true decodable-events=50763 dropped-events=101
    NOTE 274 relative path(s) under a non-AT_FDCWD dirfd were not
       scope-assigned: resolving them against the cwd would invent a path.
    ⛔ CWD-UNOBSERVED 241 relative path(s) (37 write(s)) came from a lifecycle
       process whose own cwd was never observed
       macOS spawns with posix_spawn addchdir_np, which changes directory in-kernel and
       emits no chdir syscall, so the inherited cwd cannot be trusted. These are NOT
       scope-assigned; the grant below is WIDENED instead so it covers wherever they landed.
         pid=10364 read  unproven .
         pid=10369 read  unproven .
         pid=10396 read  unproven .
         pid=10412 read  unproven .
         pid=10454 read  unproven .
         pid=10454 read  unproven .
         pid=10454 read  unproven .
         pid=10454 read  unproven .
         pid=10454 read  unproven .
         pid=10454 read  unproven .
         … and 231 more
    CWD-UNPLACEABLE-WRITES ["./Release/.deps","./Release/.deps/Release","./Release/.deps/Release/obj.target","./Release/.deps/Release/obj.target/../node-addon-api","./Release/.deps/Release/obj.target/../node-addon-api/node_addon_api_except.stamp.d","./Release/.deps/Release/obj.target/pty","./Release/.deps/Release/obj.target/pty/src","./Release/.deps/Release/obj.target/pty/src/unix","./Release/.deps/Release/obj.target/pty/src/unix/pty.o.d","./Release/.deps/Release/obj.target/pty/src/unix/pty.o.d.raw","./Release/.deps/Release/obj.target/spawn-helper","./Release/.deps/Release/obj.target/spawn-helper/src","./Release/.deps/Release/obj.target/spawn-helper/src/unix","./Release/.deps/Release/obj.target/spawn-helper/src/unix/spawn-helper.o.d","./Release/.deps/Release/obj.target/spawn-helper/src/unix/spawn-helper.o.d.raw","./Release/.deps/Release/pty.node.d","./Release/.deps/Release/spawn-helper.d","./build/../node-addon-api","./build/../node-addon-api/node_addon_api.Makefile","./build/../node-addon-api/node_addon_api.target.mk","./build/../node-addon-api/node_addon_api_except.target.mk","./build/../node-addon-api/node_addon_api_maybe.target.mk","Release/obj.target","Release/obj.target/../node-addon-api","Release/obj.target/../node-addon-api/node_addon_api_except.stamp","Release/obj.target/pty","Release/obj.target/pty/src","Release/obj.target/pty/src/unix","Release/obj.target/spawn-helper","Release/obj.target/spawn-helper/src","Release/obj.target/spawn-helper/src/unix"]
    CWD-RESOLVED 16 relative path(s) placed against the package dir
       and CONFIRMED by an artifact present after the run — not assumed.
    ⛔ THE TRACER DROPPED 101 EVENT(S). A dropped event is a path never
       seen, so the grant below can only be too NARROW — the direction that breaks installs.
       Treat it as a FLOOR, not a measurement, until the adapter fault is fixed:
            59 x  epid=128 action=6 fault=1 addr=0x656d616e75
            19 x  epid=128 action=1 fault=1 addr=0x100c2e460
            10 x  epid=128 action=1 fault=1 addr=0x1017be8b0
             8 x  epid=128 action=1 fault=1 addr=0x100c89ef0
             1 x  epid=128 action=1 fault=1 addr=0x60000366d170
             1 x  epid=128 action=5 fault=1 addr=0x600002ab40e0
             1 x  epid=128 action=1 fault=1 addr=0x101b25630
             1 x  epid=128 action=6 fault=1 addr=0x6000024f40a0
             1 x  epid=128 action=1 fault=1 addr=0x100c8a7f0
  == ATTRIBUTION == lifecycle pids: 33
    writes  script 9048  /  whole traced subtree 9599
    sockets script 16  /  whole traced subtree 17
  == ROOTS (from /Users/runner/v2m-Fvw0gD/Observe/capture.json; the classifier reads no other source) ==
    project       /Users/runner/v2m-Fvw0gD/Observe
    home          /Users/runner
    jailHome      /Users/runner/v2m-Fvw0gD/jailhome
    globalStore   /Users/runner/.cache/nub/pm/store
    projectStore  /Users/runner/v2m-Fvw0gD/Observe/node_modules/.store
    interpreter   /Users/runner/hostedtoolcache/node/22.23.2/arm64
    toolsDir      /Users/runner/.cache/nub/pm/tools
    temp          /private/var/folders/bl/vzjcvbz95c3dk19cb0fw46180000gn/T/nub-tmp-obsv6YhTP
    npmPrefix     /Users/runner/.cache/nub/pm/tools/npm-prefix
    ownPkg        /Users/runner/v2m-Fvw0gD/Observe/node_modules/node-pty
    cwd           (null — this platform has no such root)
  == WRITES the script actually performed ==
    systemfs      1
        /dev/dtracehelper
    jailHome   4577  (base profile already grants this — NOT billed)
        /Users/runner/v2m-Fvw0gD/jailhome/Library
        /Users/runner/v2m-Fvw0gD/jailhome/Library/Caches
        /Users/runner/v2m-Fvw0gD/jailhome/Library/Caches/node-gyp
        /Users/runner/v2m-Fvw0gD/jailhome/Library/Caches/node-gyp/22.23.2
        /Users/runner/v2m-Fvw0gD/jailhome/Library/Caches/node-gyp/22.23.2/include
        /Users/runner/v2m-Fvw0gD/jailhome/Library/Caches/node-gyp/22.23.2/include/node
        /Users/runner/v2m-Fvw0gD/jailhome/Library/Caches/node-gyp/22.23.2/include/node/common.gypi
        /Users/runner/v2m-Fvw0gD/jailhome/Library/Caches/node-gyp/22.23.2/include/node/config.gypi
        /Users/runner/v2m-Fvw0gD/jailhome/Library/Caches/node-gyp/22.23.2/include/node/cppgc
        /Users/runner/v2m-Fvw0gD/jailhome/Library/Caches/node-gyp/22.23.2/include/node/cppgc/allocation.h
        … and 4567 more
    jailTmp    4422  (base profile already grants this — NOT billed)
        /private/var/folders/bl/vzjcvbz95c3dk19cb0fw46180000gn/T/nub-tmp-obsv6YhTP/node-gyp-tmp-x0bwhq
        /private/var/folders/bl/vzjcvbz95c3dk19cb0fw46180000gn/T/nub-tmp-obsv6YhTP/node-gyp-tmp-x0bwhq/include
        /private/var/folders/bl/vzjcvbz95c3dk19cb0fw46180000gn/T/nub-tmp-obsv6YhTP/node-gyp-tmp-x0bwhq/include/node
        /private/var/folders/bl/vzjcvbz95c3dk19cb0fw46180000gn/T/nub-tmp-obsv6YhTP/node-gyp-tmp-x0bwhq/include/node/v8-locker.h
        /private/var/folders/bl/vzjcvbz95c3dk19cb0fw46180000gn/T/nub-tmp-obsv6YhTP/node-gyp-tmp-x0bwhq/include/node/zconf.h
        /private/var/folders/bl/vzjcvbz95c3dk19cb0fw46180000gn/T/nub-tmp-obsv6YhTP/node-gyp-tmp-x0bwhq/include/node/v8config.h
        /private/var/folders/bl/vzjcvbz95c3dk19cb0fw46180000gn/T/nub-tmp-obsv6YhTP/node-gyp-tmp-x0bwhq/include/node/common.gypi
        /private/var/folders/bl/vzjcvbz95c3dk19cb0fw46180000gn/T/nub-tmp-obsv6YhTP/node-gyp-tmp-x0bwhq/include/node/v8-object.h
        /private/var/folders/bl/vzjcvbz95c3dk19cb0fw46180000gn/T/nub-tmp-obsv6YhTP/node-gyp-tmp-x0bwhq/include/node/v8-forward.h
        /private/var/folders/bl/vzjcvbz95c3dk19cb0fw46180000gn/T/nub-tmp-obsv6YhTP/node-gyp-tmp-x0bwhq/include/node/v8-profiler.h
        … and 4412 more
    ownPkg       45  (base profile already grants this — NOT billed)
        /Users/runner/v2m-Fvw0gD/Observe/node_modules/node-pty/build
        /Users/runner/v2m-Fvw0gD/Observe/node_modules/node-pty/build/config.gypi
        /Users/runner/v2m-Fvw0gD/Observe/node_modules/node-pty/build/Makefile
        /Users/runner/v2m-Fvw0gD/Observe/node_modules/node-pty/build/gyp-mac-tool
        /Users/runner/v2m-Fvw0gD/Observe/node_modules/node-pty/build/spawn-helper.target.mk
        /Users/runner/v2m-Fvw0gD/Observe/node_modules/node-pty/build/pty.target.mk
        /Users/runner/v2m-Fvw0gD/Observe/node_modules/node-pty/build/binding.Makefile
        /Users/runner/v2m-Fvw0gD/Observe/node_modules/node-pty/build/node_gyp_bins
        /Users/runner/v2m-Fvw0gD/Observe/node_modules/node-pty/build/node_gyp_bins/python3
        /Users/runner/v2m-Fvw0gD/Observe/node_modules/node-pty/build/Release
        … and 35 more
    outside       3
        /var/folders/bl/vzjcvbz95c3dk19cb0fw46180000gn/T/xcrun_db-tvXaRqJ5
        /var/folders/bl/vzjcvbz95c3dk19cb0fw46180000gn/T/xcrun_db
        /var/folders/bl/vzjcvbz95c3dk19cb0fw46180000gn/T/xcrun_db-Uez7cYQV
  == READS the script performed, by scope ==
    outside    1082
    systemfs    617
    userHome    745
    bytecode    119
    ownPkg       27
    jailTmp    3326
    jailHome    246
    deps          2
    project       1
    npmPrefix     1
        outside: /
        outside: /bin/bash
        outside: /bin
        outside: /usr/bin/env
        outside: /usr/bin
        outside: /bin/sh
        outside: /var/db/timezone/icutz/icutz44l.dat
        outside: /etc/localtime
        outside: /var/db/timezone/zoneinfo/posixrules
        outside: /opt/homebrew/Cellar/python@3.14/3.14.7/Frameworks/Python.framework/Versions/3.14/bin/python3.14
  == NETWORK ==
    AF_INET connects: 16   distinct peers: 2
        104.16.212.131:443
        104.16.10.34:443
  == REFUSALS (errno EPERM/EACCES/EROFS only; ENOENT is a miss, not a denial) ==
    distinct: 0
  == SYNTHESIZED GRANT (verify this in the real unprivileged jail) ==
    {"write":{"deps":true,"project":true},"network":true,"writePaths":["Library/Caches/node-gyp"]}
    ⛔ 3 writes OUTSIDE project/home — no scope covers these; inspect before granting
  == writePaths (DERIVED — promotion out of the package's PRIVATE home) ==
    private-home writes observed: 4577
        Library/Caches/node-gyp
  == writePaths FEASIBILITY (distinct writes outside project/deps) ==
    count: 3
        /var/folders/bl/vzjcvbz95c3dk19cb0fw46180000gn/T/xcrun_db-tvXaRqJ5
        /var/folders/bl/vzjcvbz95c3dk19cb0fw46180000gn/T/xcrun_db
        /var/folders/bl/vzjcvbz95c3dk19cb0fw46180000gn/T/xcrun_db-Uez7cYQV
  EVICT[synth] 0 store entries removed, 0 spared as nub tooling, 163 in store
OSV-SCREEN {"schemaVersion":1,"kind":"nub-synth-resolved","status":"clean","digest":"c536028dbe3fdfde08a8ea92f4fb610eab3f0c46fee2407d7193b988960889ac","specCount":2,"lockfiles":{"digest":"b57011073bb37e3ed94353d157f9c2080b35e9c582c3592dfff8baeeaf4bb9f8","files":[{"path":"nub.lock","sha256":"0fe1b9c729e26ab6f47a034ef4328ce10d0d1bf801d8ed0d2bf2100f9ef096f1","bytes":631}]},"maliciousAdvisories":[],"screenedAt":"2026-09-09T03:56:11.519Z","cacheHit":true,"clearancePath":"/Users/runner/v2m-Fvw0gD/security/nub-synth-resolved.json"}
  SECURITY nub-synth-resolved clean: 2 exact package-version(s), tree c536028dbe3f (cached exact-tree clearance)
  VENUE-STORE-LAYOUT isolated
  VERIFY[synth] rc=0 artifacts=264/268 missing=4 shortfall=4c85700f01f2 (tree 870/297) OVERRIDDEN=3 REJECTED=0 grant={"write":{"deps":true,"project":true},"network":true,"writePaths":["Library/Caches/node-gyp"]}
       missing: node-addon-api/node_addon_api.Makefile, node-addon-api/node_addon_api.target.mk, node-addon-api/node_addon_api_except.target.mk, node-addon-api/node_addon_api_maybe.target.mk
  !! OBSERVE UNDER-PREDICTED — the synthesized grant did NOT verify. This is the correctness
     finding: OBSERVE saw a run that the jail then refused on some axis it did not cover.
     The bounded ladder below is the repair; the terminal verdict waits on its outcome.
  DIAGNOSE  re-running the failing grant JAILED, under dtrace
     trace lines: 45134
     refused paths under the failing grant (count, path):
        133 System/Cryptexes/OS
          6 /System/Library/CoreServices/SystemVersion.bundle
          6 /Library/Developer/CommandLineTools/SDKs
          4 /Users/runner/.CFUserTextEncoding
          2 /System/Library/CoreServices/SystemVersion.bundle/
     ⇒ TREAT THIS AS A CANDIDATE SET, NOT AN ANSWER. On Linux the last refusal before a
       fatal exit was a trailing red herring once already; settle it with a
       single-variable arm per path plus a negative control granting all the others.
  synthesized grant did not verify — falling back to a bounded ladder
  EVICT[fb903772438] 2 store entries removed, 0 spared as nub tooling, 165 in store
OSV-SCREEN {"schemaVersion":1,"kind":"nub-fb903772438-resolved","status":"clean","digest":"c536028dbe3fdfde08a8ea92f4fb610eab3f0c46fee2407d7193b988960889ac","specCount":2,"lockfiles":{"digest":"b57011073bb37e3ed94353d157f9c2080b35e9c582c3592dfff8baeeaf4bb9f8","files":[{"path":"nub.lock","sha256":"0fe1b9c729e26ab6f47a034ef4328ce10d0d1bf801d8ed0d2bf2100f9ef096f1","bytes":631}]},"maliciousAdvisories":[],"screenedAt":"2026-09-09T03:56:11.519Z","cacheHit":true,"clearancePath":"/Users/runner/v2m-Fvw0gD/security/nub-fb903772438-resolved.json"}
  SECURITY nub-fb903772438-resolved clean: 2 exact package-version(s), tree c536028dbe3f (cached exact-tree clearance)
  VERIFY[fb903772438] rc=0 artifacts=264/268 missing=4 shortfall=4c85700f01f2 (tree 870/297) OVERRIDDEN=3 REJECTED=0 grant={"write":{"deps":true,"project":true,"userHome":true},"network":true}
       missing: node-addon-api/node_addon_api.Makefile, node-addon-api/node_addon_api.target.mk, node-addon-api/node_addon_api_except.target.mk, node-addon-api/node_addon_api_maybe.target.mk
  EVICT[fb2128993570] 2 store entries removed, 0 spared as nub tooling, 165 in store
OSV-SCREEN {"schemaVersion":1,"kind":"nub-fb2128993570-resolved","status":"clean","digest":"c536028dbe3fdfde08a8ea92f4fb610eab3f0c46fee2407d7193b988960889ac","specCount":2,"lockfiles":{"digest":"b57011073bb37e3ed94353d157f9c2080b35e9c582c3592dfff8baeeaf4bb9f8","files":[{"path":"nub.lock","sha256":"0fe1b9c729e26ab6f47a034ef4328ce10d0d1bf801d8ed0d2bf2100f9ef096f1","bytes":631}]},"maliciousAdvisories":[],"screenedAt":"2026-09-09T03:56:11.519Z","cacheHit":true,"clearancePath":"/Users/runner/v2m-Fvw0gD/security/nub-fb2128993570-resolved.json"}
  SECURITY nub-fb2128993570-resolved clean: 2 exact package-version(s), tree c536028dbe3f (cached exact-tree clearance)
  VERIFY[fb2128993570] rc=0 artifacts=264/268 missing=4 shortfall=4c85700f01f2 (tree 870/297) OVERRIDDEN=3 REJECTED=0 grant={"write":{"deps":true,"project":true,"userHome":true},"read":"disk","network":true}
       missing: node-addon-api/node_addon_api.Makefile, node-addon-api/node_addon_api.target.mk, node-addon-api/node_addon_api_except.target.mk, node-addon-api/node_addon_api_maybe.target.mk
  EVICT[fb1962834996] 2 store entries removed, 0 spared as nub tooling, 165 in store
OSV-SCREEN {"schemaVersion":1,"kind":"nub-fb1962834996-resolved","status":"clean","digest":"c536028dbe3fdfde08a8ea92f4fb610eab3f0c46fee2407d7193b988960889ac","specCount":2,"lockfiles":{"digest":"b57011073bb37e3ed94353d157f9c2080b35e9c582c3592dfff8baeeaf4bb9f8","files":[{"path":"nub.lock","sha256":"0fe1b9c729e26ab6f47a034ef4328ce10d0d1bf801d8ed0d2bf2100f9ef096f1","bytes":631}]},"maliciousAdvisories":[],"screenedAt":"2026-09-09T03:56:11.519Z","cacheHit":true,"clearancePath":"/Users/runner/v2m-Fvw0gD/security/nub-fb1962834996-resolved.json"}
  SECURITY nub-fb1962834996-resolved clean: 2 exact package-version(s), tree c536028dbe3f (cached exact-tree clearance)
  VERIFY[fb1962834996] rc=0 artifacts=264/268 missing=4 shortfall=4c85700f01f2 (tree 870/297) OVERRIDDEN=3 REJECTED=0 grant={"write":"disk","network":true}
       missing: node-addon-api/node_addon_api.Makefile, node-addon-api/node_addon_api.target.mk, node-addon-api/node_addon_api_except.target.mk, node-addon-api/node_addon_api_maybe.target.mk
  => ARTIFACT-GATE-SUSPECT {"write":{"deps":true,"project":true},"network":true,"writePaths":["Library/Caches/node-gyp"]}   (every arm rc=0 and the SAME 4-artifact shortfall at every
     grant up to write:"disk" — invariant under widening, so it is not a capability gap)
     ⇒ The grant is the SYNTHESIZED one and is UNVERIFIED — minimality was never descended.
        Triage the shortfall against the arm's toolchain, not against the jail.
### DONE node-pty@1.1.0-beta33  synthesized={"write":{"deps":true,"project":true},"network":true,"writePaths":["Library/Caches/node-gyp"]} verified=0
