### dprint@0.34.5   (D:\jail\m-dprint-mtrynq53)
  CI-ENV scrubbed: CI GITHUB_ACTIONS
OSV-SCREEN {"schemaVersion":1,"kind":"direct","status":"clean","digest":"ffd37672c3c74c06ebba3d9b0e410c52b5dbb1786b3a6689ee124d610737b2c4","specCount":1,"lockfiles":{"digest":null,"files":[]},"maliciousAdvisories":[],"screenedAt":"2026-09-08T00:58:18.782Z","cacheHit":false,"clearancePath":"D:\\jail\\m-dprint-mtrynq53\\security\\direct.json"}
  SECURITY direct clean: 1 exact package-version(s), tree ffd37672c3c7
OSV-SCREEN {"schemaVersion":1,"kind":"npm-observe-resolved","status":"clean","digest":"88b333bd957324cb7c9a8b602853851506dee44012eac9bce64a0d0ec5924e6c","specCount":9,"lockfiles":{"digest":"5d67be7e0cf678d4445206d60c993a2320cc244ff1a3aea3c4efe8ac93f30b54","files":[{"path":"package-lock.json","sha256":"cbdc0edd1c185582cd7ffaa6602fa6c0b9db73f79a81c23aa87d819b9aa5a0dd","bytes":3613}]},"maliciousAdvisories":[],"screenedAt":"2026-09-08T00:58:20.540Z","cacheHit":false,"clearancePath":"D:\\jail\\m-dprint-mtrynq53\\security\\npm-observe-resolved.json"}
  SECURITY npm-observe-resolved clean: 9 exact package-version(s), tree 88b333bd9573
  CAPTURE user=runnervmeef0v\runneradmin elevated=True rootPid=6584 exit=0 events=41411 lost=0
  VENUE-OBSERVE-USER runnervmeef0v\runneradmin elevated=true privDropped={"SeBackupPrivilege":"removed","SeRestorePrivilege":"removed","SeTakeOwnershipPrivilege":"removed"}
  OBSERVE artifacts: 8 files  (D:\jail\m-dprint-mtrynq53\observe\node_modules\dprint)
  ARM-FALSIFIABILITY {"manifestFiles":8,"filesTheScriptProduced":1,"reasons":[]}
  CLOSURE 9 packages evicted per arm
  8.3 MAP 0 components resolved on runnervmeef0v, folded into capture.json
  == ROOTS (from capture.json — R2: no ambient reads) ==
    project       D:\jail\m-dprint-mtrynq53\observe   [keyed on]
    home          C:\Users\runneradmin   [keyed on]
    jailHome      (null — declared inapplicable)
    globalStore   C:\Users\runneradmin\AppData\Local\nub\pm\store
    projectStore  D:\jail\m-dprint-mtrynq53\observe\node_modules\.store
    interpreter   C:\hostedtoolcache\windows\node\22.23.2\x64\node.exe
    toolsDir      C:\Users\runneradmin\AppData\Local\nub\pm\tools
    temp          D:\jail\m-dprint-mtrynq53\tmp   [keyed on]
    npmPrefix     (null — declared inapplicable)
    ownPkg        D:\jail\m-dprint-mtrynq53\observe\node_modules\dprint
  == ATTRIBUTION == lifecycle pids: 2 (root 6584)
    writes  script 2  /  whole traced tree 13
    peers   script 2  /  whole traced tree 2
  == WRITES ==
    deps          2
  == READS ==
    deps         30
    outside       6
    project       1
    systemfs     28
  == NETWORK ==
    distinct peers: 2
        140.82.116.4:443
        185.199.110.133:443
  == REFUSALS (adapter-classified) ==
    distinct: 0
  == SYNTHESIZED GRANT (verify this in the real unprivileged jail) ==
    {"write":{"deps":true},"network":true}
  RAW       etw-raw.xml.gz  53046972 B xml -> 802815 B gz (66.1x)  sha256 b223eabed255d536…
  HEADER    etw-header.json (5041 bytes)
  DERIVED   5386 distinct from 8704 kept ops (41411 xml events, 7813 out of subtree)
  PROCS     4   thread-reattributed 0
  ⛔ 2 operations with NO OperationEnd — kept, status marked unknown
  8.3       0 expanded, 0 kept short, 0 not covered  [map: recorded 8.3 map (0 components, resolved on runnervmeef0v)]
  wrote events.ndjson.gz (68290 bytes)
  RAWLOG-CAPTURE D:\jail\m-dprint-mtrynq53\cap\capture.json
  VENUE-NUB-BINARY {"path":"C:/Users/RUNNER~1/AppData/Local/Temp/nub/target/release/nub.exe","sha256":"f186817a44be332fee712b4936a071a0b5f9cde18a1d2fdc3a791729d4bf1005","bytes":68717056,"features":{"buildJailCatalogOverride":true,"pythonDontWriteBytecodeEnv":true}}
  VENUE-INTERPRETER C:\hostedtoolcache\windows\node\22.23.2\x64\node.exe
  VENUE-JAIL-ROOT D:\jail\m-dprint-mtrynq53
  VENUE-OVERRIDES {"set":{"npm_config_cache":"D:\\jail\\m-dprint-mtrynq53\\npm-cache","TMP":"D:\\jail\\m-dprint-mtrynq53\\tmp","TEMP":"D:\\jail\\m-dprint-mtrynq53\\tmp","TMPDIR":"D:\\jail\\m-dprint-mtrynq53\\tmp"},"unset":["CI","GITHUB_ACTIONS"],"notRedirected":{"USERPROFILE":"C:\\Users\\runneradmin","why":"the jail leaves HOME/USERPROFILE alone — `build_jail.rs` sandbox_homes() reads the ambient value and `compiler/defaults.rs` BASELINE_ENV_EXACT passes it through — so there is no private jail home to reproduce and redirecting one would measure an environment no confined script sees"},"passedThrough":{"CI":"true","GITHUB_ACTIONS":"true","NODE_ENV":null}}
  STORE   isolated virtual store at D:\jail\m-dprint-mtrynq53\verify-synth\.cache
  VENUE-STORE-LAYOUT isolated
OSV-SCREEN {"schemaVersion":1,"kind":"nub-synth-resolved","status":"clean","digest":"88b333bd957324cb7c9a8b602853851506dee44012eac9bce64a0d0ec5924e6c","specCount":9,"lockfiles":{"digest":"2ef4086dfbed5f29fe5e2818cfab59f099ca0c266eeb1c24b0be018a43d9e9df","files":[{"path":"nub.lock","sha256":"a3f8c246cb91329b83a3421b3e52fd3abf783ba890ee8da11d2e4f42a4865b8f","bytes":2389}]},"maliciousAdvisories":[],"screenedAt":"2026-09-08T00:58:20.540Z","cacheHit":true,"clearancePath":"D:\\jail\\m-dprint-mtrynq53\\security\\nub-synth-resolved.json"}
  SECURITY nub-synth-resolved clean: 9 exact package-version(s), tree 88b333bd9573 (cached exact-tree clearance)
  VERIFY[synth] rc=0 artifacts=8/8 missing=0 shortfall=none (tree 5758/68) OVERRIDDEN=2 REJECTED=0 grant={"write":{"deps":true},"network":true}
  => MINIMUM {"write":{"deps":true},"network":true}   (observed, then verified)
  STORE   isolated virtual store at D:\jail\m-dprint-mtrynq53\verify-nar-no-network\.cache
OSV-SCREEN {"schemaVersion":1,"kind":"nub-nar-no-network-resolved","status":"clean","digest":"88b333bd957324cb7c9a8b602853851506dee44012eac9bce64a0d0ec5924e6c","specCount":9,"lockfiles":{"digest":"2ef4086dfbed5f29fe5e2818cfab59f099ca0c266eeb1c24b0be018a43d9e9df","files":[{"path":"nub.lock","sha256":"a3f8c246cb91329b83a3421b3e52fd3abf783ba890ee8da11d2e4f42a4865b8f","bytes":2389}]},"maliciousAdvisories":[],"screenedAt":"2026-09-08T00:58:20.540Z","cacheHit":true,"clearancePath":"D:\\jail\\m-dprint-mtrynq53\\security\\nub-nar-no-network-resolved.json"}
  SECURITY nub-nar-no-network-resolved clean: 9 exact package-version(s), tree 88b333bd9573 (cached exact-tree clearance)
  VERIFY[nar-no-network] rc=1 artifacts=7/8 missing=1 shortfall=bfd2cfd888e8 (tree 5758/68) OVERRIDDEN=2 REJECTED=0 grant={"write":{"deps":true}}
     missing artifacts: dprint.exe
     'no-network' is NECESSARY — dropping it fails to verify
  STORE   isolated virtual store at D:\jail\m-dprint-mtrynq53\verify-nar-no-write-deps\.cache
OSV-SCREEN {"schemaVersion":1,"kind":"nub-nar-no-write-deps-resolved","status":"clean","digest":"88b333bd957324cb7c9a8b602853851506dee44012eac9bce64a0d0ec5924e6c","specCount":9,"lockfiles":{"digest":"2ef4086dfbed5f29fe5e2818cfab59f099ca0c266eeb1c24b0be018a43d9e9df","files":[{"path":"nub.lock","sha256":"a3f8c246cb91329b83a3421b3e52fd3abf783ba890ee8da11d2e4f42a4865b8f","bytes":2389}]},"maliciousAdvisories":[],"screenedAt":"2026-09-08T00:58:20.540Z","cacheHit":true,"clearancePath":"D:\\jail\\m-dprint-mtrynq53\\security\\nub-nar-no-write-deps-resolved.json"}
  SECURITY nub-nar-no-write-deps-resolved clean: 9 exact package-version(s), tree 88b333bd9573 (cached exact-tree clearance)
  VERIFY[nar-no-write-deps] rc=0 artifacts=8/8 missing=0 shortfall=none (tree 5758/68) OVERRIDDEN=2 REJECTED=0 grant={"network":true}
     ⛔ OVER-PREDICTED — the strictly narrower {"network":true} also verifies; 'no-write-deps' was not needed
