### @sitespeed.io/chromedriver@138.0.7204-49   (/home/runner/v2-dBq0HH)
  CI-ENV scrubbed: CI GITHUB_ACTIONS
OSV-SCREEN {"schemaVersion":1,"kind":"direct","status":"clean","digest":"5580991af9a62167ce6dec7039e02204e6e4ea6cf46a36889c3da94299cbfa21","specCount":1,"lockfiles":{"digest":null,"files":[]},"maliciousAdvisories":[],"screenedAt":"2026-09-08T05:09:14.256Z","cacheHit":false,"clearancePath":"/home/runner/v2-dBq0HH/security/direct.json"}
  SECURITY direct clean: 1 exact package-version(s), tree 5580991af9a6
  VENUE-OBSERVE-USER {"uid":1001,"user":"runner","umask":"0022","capBnd":"000001ffffffffff","noNewPrivs":"0"}
  VENUE-NUB-BINARY {"path":"/tmp/nub/target/release/nub","sha256":"2a18683f50f7afeb02a521cd3cae175dc2f91780d461c5f012065241f5a1447b","bytes":207643464,"features":{"buildJailCatalogOverride":true,"pythonDontWriteBytecodeEnv":true}}
OSV-SCREEN {"schemaVersion":1,"kind":"npm-observe-resolved","status":"clean","digest":"6308bea7f565d4493254bf3e9f28d6762ab6ee6bf2754364e8882945b2f76a5f","specCount":3,"lockfiles":{"digest":"25894905a4989a8f04cd848427ee77947460f707904c6a566e7ce5843ef528ec","files":[{"path":"package-lock.json","sha256":"699bdecba296b8a5a01ad50378d4dbab000c231cff96a18fe72a34ecc996d40a","bytes":1632}]},"maliciousAdvisories":[],"screenedAt":"2026-09-08T05:09:15.678Z","cacheHit":false,"clearancePath":"/home/runner/v2-dBq0HH/security/npm-observe-resolved.json"}
  SECURITY npm-observe-resolved clean: 3 exact package-version(s), tree 6308bea7f565
  OBSERVE   rc=0 files=22 trace=10878 lines
  CLOSURE   3 packages evicted per arm
  ARM-FALSIFIABILITY {"manifestFiles":6,"filesTheScriptProduced":1,"reasons":[]}
  RAWLOG-FILE /home/runner/v2-dBq0HH/observe/trace.txt.gz
  RAWLOG-CAPTURE /home/runner/v2-dBq0HH/observe/capture.json
  RAWLOG-BYTES raw=2390396 gz=70767
  VENUE-INTERPRETER /opt/hostedtoolcache/node/22.23.2/x64
  VENUE-OVERRIDES {"set":{"HOME":"/home/runner/v2-dBq0HH/jailhome","TMPDIR":"/tmp/nub-tmp-obsXJnaCj","NODE_COMPAT":"1","PLAYWRIGHT_BROWSERS_PATH":"/home/runner/.cache/nub/pm/tools/ms-playwright","ELECTRON_CACHE":"/home/runner/.cache/nub/pm/tools/electron-cache","electron_config_cache":"/home/runner/.cache/nub/pm/tools/electron-cache","npm_config_prefix":"/home/runner/.cache/nub/pm/tools/npm-prefix","PYTHONDONTWRITEBYTECODE":"1","NUB_CACHE_DIR":"/home/runner/v2-dBq0HH/nubcache"},"unset":["CI","GITHUB_ACTIONS"],"passedThrough":{"CI":"true","GITHUB_ACTIONS":"true","NODE_ENV":null}}
  == ATTRIBUTION == attributed pids: 18
    writes  script 3  /  whole traced tree 1091
    sockets script 3  /  whole traced tree 9
  == ROOTS (from capture.json — R2: no ambient reads) ==
    project       /home/runner/v2-dBq0HH/observe
    home          /home/runner
    jailHome      /home/runner/v2-dBq0HH/jailhome
    globalStore   /home/runner/.cache/nub/pm/store   [declared, not keyed on]
    projectStore  /home/runner/v2-dBq0HH/observe/node_modules/.store   [declared, not keyed on]
    interpreter   /opt/hostedtoolcache/node/22.23.2/x64   [declared, not keyed on]
    toolsDir      /home/runner/.cache/nub/pm/tools   [declared, not keyed on]
    temp          /tmp/nub-tmp-obsXJnaCj
    npmPrefix     /home/runner/.cache/nub/pm/tools/npm-prefix
    ownPkg        /home/runner/v2-dBq0HH/observe/node_modules/@sitespeed.io/chromedriver
  == WRITES the script actually performed ==
    ownPkg        3  (base profile already grants this — NOT billed)
        /home/runner/v2-dBq0HH/observe/node_modules/@sitespeed.io/chromedriver/vendor
        /home/runner/v2-dBq0HH/observe/node_modules/@sitespeed.io/chromedriver/vendor/chromedriver.zip
        /home/runner/v2-dBq0HH/observe/node_modules/@sitespeed.io/chromedriver/vendor/chromedriver
  == NETWORK ==
    AF_INET sockets: 3   distinct peers: 3
        127.0.0.53:53
        104.16.0.34:443
        192.178.212.207:443
  == REFUSALS (only `= -1 EACCES/EPERM/EROFS`) ==
    distinct: 0
  == SYNTHESIZED GRANT (verify this in the real unprivileged jail) ==
    {"network":true}
  == writePaths (DERIVED — promotion out of the package's PRIVATE home) ==
    private-home writes observed: 0
    none declared — the script wrote nothing into its private home — there is nothing to promote
  == writePaths FEASIBILITY (distinct writes outside project/deps) ==
    count: 0
    EVENTS    4428 distinct from 10836 calls (10879 lines, 15 rejoined, 0 unparsed)
    PROCS     25   lifecycle shells 13
    ⛔ 3 paths with an UNRESOLVED dirfd — kept, marked, never guessed
    unsubscribed/unmapped syscalls: getsockname×42 setsockopt×24 exit×20 getsockopt×12 recvmsg×9 getcwd×4 shutdown×4 socketpair×3
    wrote /home/runner/v2-dBq0HH/observe/events.ndjson.gz (31390 bytes)
  EVENTLOG-FILE /home/runner/v2-dBq0HH/observe/events.ndjson.gz
  EVENTLOG-STATS {"lines":10879,"parsed":10836,"unparsed":0,"unfinished":15,"rejoined":15,"unresolvedDirfd":3,"truncatedArg":0,"procs":25,"lifecyclePids":13,"distinctEvents":4428,"unknownSyscall":{"getsockname":42,"getsockopt":12,"getcwd":4,"recvmsg":9,"exit":20,"setsockopt":24,"sendmmsg":2,"socketpair":3,"shutdown":4,"exit_group":3,"wait4":3},"out":"/home/runner/v2-dBq0HH/observe/events.ndjson.gz","gzipBytes":31390}
  EVICT     0 store entries removed, 0 spared as nub tooling
  SE-PURGE  0 side-effects-cache entries for @sitespeed.io/chromedriver
OSV-SCREEN {"schemaVersion":1,"kind":"nub-synth-resolved","status":"clean","digest":"6308bea7f565d4493254bf3e9f28d6762ab6ee6bf2754364e8882945b2f76a5f","specCount":3,"lockfiles":{"digest":"ec9ff7a98732cc28b8b9c7bcfdf72fde76793d4510492e43bdc15fafe21c930d","files":[{"path":"nub.lock","sha256":"ba71a6f6b576a9ea3199e4fd0486a282df87a891a91c0b03de9cdb5dfea65f30","bytes":1011}]},"maliciousAdvisories":[],"screenedAt":"2026-09-08T05:09:15.678Z","cacheHit":true,"clearancePath":"/home/runner/v2-dBq0HH/security/nub-synth-resolved.json"}
  SECURITY nub-synth-resolved clean: 3 exact package-version(s), tree 6308bea7f565 (cached exact-tree clearance)
  VENUE-STORE-LAYOUT isolated
  VERIFY[synth] rc=0 artifacts=6/6 missing=0 shortfall=none (tree 64/22) OVERRIDDEN=2 REJECTED=0 grant={"network":true}
  => VERIFIED {"network":true}   (observed, then verified)
  EVICT     3 store entries removed, 0 spared as nub tooling
  SE-PURGE  0 side-effects-cache entries for @sitespeed.io/chromedriver
OSV-SCREEN {"schemaVersion":1,"kind":"nub-drop-no-network-resolved","status":"clean","digest":"6308bea7f565d4493254bf3e9f28d6762ab6ee6bf2754364e8882945b2f76a5f","specCount":3,"lockfiles":{"digest":"ec9ff7a98732cc28b8b9c7bcfdf72fde76793d4510492e43bdc15fafe21c930d","files":[{"path":"nub.lock","sha256":"ba71a6f6b576a9ea3199e4fd0486a282df87a891a91c0b03de9cdb5dfea65f30","bytes":1011}]},"maliciousAdvisories":[],"screenedAt":"2026-09-08T05:09:15.678Z","cacheHit":true,"clearancePath":"/home/runner/v2-dBq0HH/security/nub-drop-no-network-resolved.json"}
  SECURITY nub-drop-no-network-resolved clean: 3 exact package-version(s), tree 6308bea7f565 (cached exact-tree clearance)
  VERIFY[drop-no-network] rc=1 artifacts=5/6 missing=1 shortfall=669a7de28d48 (tree 62/22) OVERRIDDEN=2 REJECTED=0 grant={}
       missing: vendor/chromedriver
     'no-network' is NECESSARY — dropping it fails to verify
  => MINIMAL — every capability in {"network":true} is independently necessary
