OSV-SCREEN {"schemaVersion":1,"kind":"direct","status":"clean","digest":"4dce7651aa393c5e4b771b55acd5fd0892a7db96676653705b43718ad3e91e40","specCount":1,"lockfiles":{"digest":null,"files":[]},"maliciousAdvisories":[],"screenedAt":"2026-08-31T16:36:14.339Z","cacheHit":false,"clearancePath":"/Users/runner/v2m-kFrViT/security/direct.json"}
  SECURITY direct clean: 1 exact package-version(s), tree 4dce7651aa39
  ERA-NODE PINNED 12.22.12 (provisioned) (arms will run: v12.22.12)
  ERA-PYTHON /Users/runner/hostedtoolcache/Python/3.9.13/arm64/bin/python (Python 3.9.13) for era Node 12, whose node-gyp requires python3-legacy
  ARM-MAKE /usr/bin/make (GNU Make 3.81) — the system make; a build needing GNU Make 4 WILL fail here
### @cypress/snapshot@2.1.7   (/Users/runner/v2m-kFrViT)   nub=/tmp/nub/target/release/nub
  VENUE-NUB-BINARY {"path":"/tmp/nub/target/release/nub","sha256":"69e622342d0c8393c78fa50a01dc9cc0a94371ac9b106b59bdcc016f06d86d30","bytes":94535576,"features":{"buildJailCatalogOverride":true,"pythonDontWriteBytecodeEnv":true}}
  CI-ENV scrubbed: CI GITHUB_ACTIONS
  --- fbt preflight (advisory; never fails the run) ---
     csrutil: System Integrity Protection status: disabled.
     fbt probes visible: 93577
     fbt enable attempt: dtrace: description 'fbt:::entry ' matched 50357 probes CPU     ID                    FUNCTION:NAME 
     cwd builtin value:  
     fbt chdir symbols:  
     fbt fires on spawn-with-cwd: dtrace: invalid probe specifier fbt::chdir*:entry /progenyof($target)/ { @[probefunc] = count(); }: probe description fbt::chdir*:entry does not match any probes 
  --- end fbt preflight ---
  ERA-RESOLUTION DATED 2020-01-19T07:28:01.514Z (deps as of the package's own publish date + 1d)
OSV-SCREEN {"schemaVersion":1,"kind":"npm-observe-resolved","status":"clean","digest":"686e1bba4448b23e743cf94652a34b1be125b752b8418b13114c67031d270c62","specCount":57,"lockfiles":{"digest":"7d67628c70ce6f981bba67fc46cb1f928c5e638071784fd87b29e8ce766378a2","files":[{"path":"package-lock.json","sha256":"71b3eb1f11a9efd78ac69979f1761ef1635be6347f6d46592db55b7428736231","bytes":23074}]},"maliciousAdvisories":[],"screenedAt":"2026-08-31T16:36:22.303Z","cacheHit":false,"clearancePath":"/Users/runner/v2m-kFrViT/security/npm-observe-resolved.json"}
  SECURITY npm-observe-resolved clean: 57 exact package-version(s), tree 686e1bba4448
  ARM-PATH SANITISED (dropped 1: /Users/runner/.yarn/bin)
  ARM-AMBIENT-TOOLS none
  ARM-SCAFFOLD none
  ARM-UNPROVIDABLE none
  VENUE-CI-CHILD clean (no CI-detection variable reaches the traced script)
  ARM-REBUILD-SPEC @cypress/snapshot@2.1.7
  --- wrapper (run.sh) ---
     cd "/Users/runner/v2m-kFrViT/Observe"
     sudo -u "runner" -H env "PATH=/Users/runner/v2m-kFrViT/Observe/node_modules/.bin:/Users/runner/.cache/nub/era-node/12.22.12/node-v12.22.12-darwin-x64/bin:/Users/runner/hostedtoolcache/node/22.23.2/arm64/bin:/opt/homebrew/lib/ruby/gems/3.3.0/bin:/opt/homebrew/opt/ruby@3.3/bin:/Users/runner/.local/bin:/opt/homebrew/bin:/opt/homebrew/sbin:/Users/runner/.cargo/bin:/usr/local/opt/curl/bin:/usr/local/bin:/usr/local/sbin:/Users/runner/bin:/Users/runner/Library/Android/sdk/tools:/Users/runner/Library/Android/sdk/platform-tools:/Library/Frameworks/Python.framework/Versions/Current/bin:/Library/Frameworks/Mono.framework/Versions/Current/Commands:/usr/bin:/bin:/usr/sbin:/sbin:/Users/runner/.dotnet/tools"   "HOME=/Users/runner/v2m-kFrViT/jailhome"   "TMPDIR=/private/var/folders/_5/zjnzxgh147qcg3bb5cg2wvqw0000gn/T/nub-tmp-obsqwG1k6"   "NODE_COMPAT=1"   "PYTHONDONTWRITEBYTECODE=1"   "PLAYWRIGHT_BROWSERS_PATH=/Users/runner/.cache/nub/pm/tools/ms-playwright"   "ELECTRON_CACHE=/Users/runner/.cache/nub/pm/tools/electron-cache"   "electron_config_cache=/Users/runner/.cache/nub/pm/tools/electron-cache"   "npm_config_prefix=/Users/runner/.cache/nub/pm/tools/npm-prefix"   PYTHON=/Users/runner/hostedtoolcache/Python/3.9.13/arm64/bin/python   npm rebuild --no-audit --no-fund "@cypress/snapshot@2.1.7" > "/Users/runner/v2m-kFrViT/Observe/npm.log" 2>&1
     echo $? > "/Users/runner/v2m-kFrViT/Observe/rc"
  --- dtrace stderr + wrapper trace ---
     + cd /Users/runner/v2m-kFrViT/Observe
     + sudo -u runner -H env PATH=/Users/runner/v2m-kFrViT/Observe/node_modules/.bin:/Users/runner/.cache/nub/era-node/12.22.12/node-v12.22.12-darwin-x64/bin:/Users/runner/hostedtoolcache/node/22.23.2/arm64/bin:/opt/homebrew/lib/ruby/gems/3.3.0/bin:/opt/homebrew/opt/ruby@3.3/bin:/Users/runner/.local/bin:/opt/homebrew/bin:/opt/homebrew/sbin:/Users/runner/.cargo/bin:/usr/local/opt/curl/bin:/usr/local/bin:/usr/local/sbin:/Users/runner/bin:/Users/runner/Library/Android/sdk/tools:/Users/runner/Library/Android/sdk/platform-tools:/Library/Frameworks/Python.framework/Versions/Current/bin:/Library/Frameworks/Mono.framework/Versions/Current/Commands:/usr/bin:/bin:/usr/sbin:/sbin:/Users/runner/.dotnet/tools HOME=/Users/runner/v2m-kFrViT/jailhome TMPDIR=/private/var/folders/_5/zjnzxgh147qcg3bb5cg2wvqw0000gn/T/nub-tmp-obsqwG1k6 NODE_COMPAT=1 PYTHONDONTWRITEBYTECODE=1 PLAYWRIGHT_BROWSERS_PATH=/Users/runner/.cache/nub/pm/tools/ms-playwright ELECTRON_CACHE=/Users/runner/.cache/nub/pm/tools/electron-cache electron_config_cache=/Users/runner/.cache/nub/pm/tools/electron-cache npm_config_prefix=/Users/runner/.cache/nub/pm/tools/npm-prefix PYTHON=/Users/runner/hostedtoolcache/Python/3.9.13/arm64/bin/python npm rebuild --no-audit --no-fund @cypress/snapshot@2.1.7
     dtrace: error on enabled probe ID 128 (ID 286: syscall::execve:entry): invalid address (0x600002184090) in action #1 at DIF offset 20
     dtrace: error on enabled probe ID 128 (ID 286: syscall::execve:entry): invalid address (0x6000006bd410) in action #6 at DIF offset 88
     dtrace: error on enabled probe ID 128 (ID 286: syscall::execve:entry): invalid address (0x6000006bd410) in action #6 at DIF offset 88
     dtrace: error on enabled probe ID 128 (ID 286: syscall::execve:entry): invalid address (0x6000006bd410) in action #6 at DIF offset 88
     dtrace: error on enabled probe ID 128 (ID 286: syscall::execve:entry): invalid address (0x6000006bd410) in action #6 at DIF offset 88
     dtrace: error on enabled probe ID 128 (ID 286: syscall::execve:entry): invalid address (0x6000006bd410) in action #6 at DIF offset 88
     dtrace: error on enabled probe ID 128 (ID 286: syscall::execve:entry): invalid address (0x6000006bd410) in action #6 at DIF offset 88
     dtrace: error on enabled probe ID 128 (ID 286: syscall::execve:entry): invalid address (0x6000006bd410) in action #6 at DIF offset 88
     dtrace: error on enabled probe ID 128 (ID 286: syscall::execve:entry): invalid address (0x6000006bd410) in action #6 at DIF offset 88
     dtrace: error on enabled probe ID 128 (ID 286: syscall::execve:entry): invalid address (0x6000006bd410) in action #6 at DIF offset 88
     dtrace: error on enabled probe ID 128 (ID 286: syscall::execve:entry): invalid address (0x6000006bd410) in action #6 at DIF offset 88
     dtrace: error on enabled probe ID 128 (ID 286: syscall::execve:entry): invalid address (0x6000006bd410) in action #6 at DIF offset 88
     dtrace: error on enabled probe ID 128 (ID 286: syscall::execve:entry): invalid address (0x6000006bd410) in action #6 at DIF offset 88
     dtrace: error on enabled probe ID 128 (ID 286: syscall::execve:entry): invalid address (0x6000006bd410) in action #6 at DIF offset 88
     dtrace: error on enabled probe ID 128 (ID 286: syscall::execve:entry): invalid address (0x6000006bd410) in action #6 at DIF offset 88
     dtrace: error on enabled probe ID 128 (ID 286: syscall::execve:entry): invalid address (0x6000006bd410) in action #6 at DIF offset 88
     dtrace: error on enabled probe ID 128 (ID 286: syscall::execve:entry): invalid address (0x6000006bd410) in action #6 at DIF offset 88
     dtrace: error on enabled probe ID 128 (ID 286: syscall::execve:entry): invalid address (0x6000006bd410) in action #6 at DIF offset 88
     dtrace: error on enabled probe ID 128 (ID 286: syscall::execve:entry): invalid address (0x6000006bd410) in action #6 at DIF offset 88
     dtrace: error on enabled probe ID 128 (ID 286: syscall::execve:entry): invalid address (0x6000006bd410) in action #6 at DIF offset 88
     dtrace: error on enabled probe ID 128 (ID 286: syscall::execve:entry): invalid address (0x6000006bd410) in action #6 at DIF offset 88
     dtrace: error on enabled probe ID 128 (ID 286: syscall::execve:entry): invalid address (0x6000006bd410) in action #6 at DIF offset 88
     dtrace: error on enabled probe ID 128 (ID 286: syscall::execve:entry): invalid address (0x6000006bd410) in action #6 at DIF offset 88
     + echo 0
  OBSERVE   rc=0 dtrace_rc=0 files=1373 (pre=1370) trace=10690 lines
  CLOSURE   52 packages evicted per arm   store=/Users/runner/.cache/nub/pm/store
  RAWLOG-FILE /Users/runner/v2m-kFrViT/Observe/trace.txt.gz
  RAWLOG-CAPTURE /Users/runner/v2m-kFrViT/Observe/capture.json
  RAWLOG-BYTES raw=1544444 gz=67745
  VENUE-INTERPRETER /Users/runner/hostedtoolcache/node/22.23.2/arm64
  VENUE-NODE-SELECTION {"pkg":"@cypress/snapshot","packageVersion":"2.1.7","major":12,"version":"12.22.12","npm":"6.14.16","pinnable":true,"engines":">=6","publishedAt":"2020-01-18T07:28:01.514Z","eraMajor":12,"startMajor":12,"raisedByEngines":false,"enginesUnsatisfiable":false,"clampedToFloor":false,"clampedToCeiling":false,"matrixFloor":4,"matrixCeiling":26,"lookupFailure":null,"pinned":true,"pinnedBin":"/Users/runner/.cache/nub/era-node/12.22.12/node-v12.22.12-darwin-x64/bin","eraNodeRoot":"/Users/runner/.cache/nub"}
  VENUE-OVERRIDES {"set":{"PATH":"inherited-and-forwarded","HOME":"/Users/runner/v2m-kFrViT/jailhome","TMPDIR":"/private/var/folders/_5/zjnzxgh147qcg3bb5cg2wvqw0000gn/T/nub-tmp-obsqwG1k6","NODE_COMPAT":"1","PYTHONDONTWRITEBYTECODE":"1","PLAYWRIGHT_BROWSERS_PATH":"/Users/runner/.cache/nub/pm/tools/ms-playwright","ELECTRON_CACHE":"/Users/runner/.cache/nub/pm/tools/electron-cache","electron_config_cache":"/Users/runner/.cache/nub/pm/tools/electron-cache","npm_config_prefix":"/Users/runner/.cache/nub/pm/tools/npm-prefix"},"unset":["(sudo env_reset discards the caller environment; every var above is re-set after it)","CI","GITHUB_ACTIONS"],"passedThrough":{"CI":"true","GITHUB_ACTIONS":"true","NODE_ENV":null}}
  VENUE-OBSERVE-USER runner uid=501 (R7: ordinary non-root user, asserted)
  ARM-FALSIFIABILITY {"manifestFiles":6,"filesTheScriptProduced":0,"reasons":["gate-vacuous"]}
  ⛔ ARMS-UNFALSIFIABLE — the artifact gate carries no signal for this package:
       gate-vacuous: the script changed no file the artifact gate keys on — every file in the manifest (6) was already present at its final size before the script ran, so the gate passes in every arm including a completely broken one
       The EXIT CODE is still a live detector here, so a descent arm that actually
       FAILED is evidence. What is missing is the gate, not every signal — do not read
       a green arm as proof on its own, and do not read this note as "no evidence".
  EVENTLOG-FILE /Users/runner/v2m-kFrViT/Observe/events.ndjson.gz
  EVENTLOG-STATS {"lines":10691,"parsed":10650,"unparsed":0,"live":true,"tracerErrors":23,"tracerErrorTotal":23,"unresolvedDirfd":21,"unresolvedFd":0,"pairedTwoPath":1,"danglingPair":0,"failed":8052,"enoent":8047,"refusals":0,"byErrno":{"ENXIO":3,"ENOENT":8047,"EEXIST":2},"procs":5,"lifecyclePids":1,"distinctEvents":5242,"emitted":5242,"calls":10635,"bytes":893897,"gzipBytes":34885,"out":"/Users/runner/v2m-kFrViT/Observe/events.ndjson"}
  == TRACER == live=true decodable-events=1040 dropped-events=23
    NOTE 14 relative path(s) under a non-AT_FDCWD dirfd were not
       scope-assigned: resolving them against the cwd would invent a path.
    ⛔ CWD-UNOBSERVED 5 relative path(s) (0 write(s)) came from a lifecycle
       process whose own cwd was never observed
       macOS spawns with posix_spawn addchdir_np, which changes directory in-kernel and
       emits no chdir syscall, so the inherited cwd cannot be trusted. These are NOT
       scope-assigned; the grant below is WIDENED instead so it covers wherever they landed.
         pid=55234 read  unproven .
         pid=55234 read  unproven .
         pid=55234 read  unproven .
         pid=55234 read  unproven .
         pid=55234 read  unproven .
    ⛔ THE TRACER DROPPED 23 EVENT(S). A dropped event is a path never
       seen, so the grant below can only be too NARROW — the direction that breaks installs.
       Treat it as a FLOOR, not a measurement, until the adapter fault is fixed:
            22 x  epid=128 action=6 fault=1 addr=0x6000006bd410
             1 x  epid=128 action=1 fault=1 addr=0x600002184090
  == ATTRIBUTION == lifecycle pids: 1
    writes  script 1  /  whole traced subtree 8
    sockets script 0  /  whole traced subtree 0
  == ROOTS (from /Users/runner/v2m-kFrViT/Observe/capture.json; the classifier reads no other source) ==
    project       /Users/runner/v2m-kFrViT/Observe
    home          /Users/runner
    jailHome      /Users/runner/v2m-kFrViT/jailhome
    globalStore   /Users/runner/.cache/nub/pm/store
    projectStore  /Users/runner/v2m-kFrViT/Observe/node_modules/.store
    interpreter   /Users/runner/hostedtoolcache/node/22.23.2/arm64
    toolsDir      /Users/runner/.cache/nub/pm/tools
    temp          /private/var/folders/_5/zjnzxgh147qcg3bb5cg2wvqw0000gn/T/nub-tmp-obsqwG1k6
    npmPrefix     /Users/runner/.cache/nub/pm/tools/npm-prefix
    ownPkg        /Users/runner/v2m-kFrViT/Observe/node_modules/@cypress/snapshot
    cwd           (null — this platform has no such root)
  == WRITES the script actually performed ==
    project       1
  == READS the script performed, by scope ==
    systemfs      7
    outside       3
    userHome      2
    ownPkg        3
    deps         37
        outside: /
        outside: /bin/bash
        outside: /bin
  == NETWORK ==
    AF_INET connects: 0   distinct peers: 0
  == REFUSALS (errno EPERM/EACCES/EROFS only; ENOENT is a miss, not a denial) ==
    distinct: 0
  == SYNTHESIZED GRANT (verify this in the real unprivileged jail) ==
    {"write":{"project":true}}
  == writePaths (DERIVED — promotion out of the package's PRIVATE home) ==
    private-home writes observed: 0
    none declared — the script wrote nothing into its private home — there is nothing to promote
  == writePaths FEASIBILITY (distinct writes outside project/deps) ==
    count: 0
  EVICT[synth] 15 store entries removed, 51 spared as nub tooling, 1416 in store
OSV-SCREEN {"schemaVersion":1,"kind":"nub-synth-resolved","status":"clean","digest":"b06a5bc74c115b57c707bdb365c9550a4f5d7d5360ffb1ada0e763641f489d07","specCount":58,"lockfiles":{"digest":"61ac1d7dbbd0c5687d17b05d862aec2dee0d8f7a19f8fecada31f0f703f582ca","files":[{"path":"nub.lock","sha256":"82cfb6b18585fc0fabf17deedade2bef13785ca2ffd4831212489b63a9308e21","bytes":14364}]},"maliciousAdvisories":[],"screenedAt":"2026-08-31T16:36:28.496Z","cacheHit":false,"clearancePath":"/Users/runner/v2m-kFrViT/security/nub-synth-resolved.json"}
  SECURITY nub-synth-resolved clean: 58 exact package-version(s), tree b06a5bc74c11
  VENUE-STORE-LAYOUT isolated
  VERIFY[synth] rc=0 artifacts=6/6 missing=0 shortfall=none (tree 3920/1373) OVERRIDDEN=3 REJECTED=0 grant={"write":{"project":true}}
  => VERIFIED {"write":{"project":true}}
  EVICT[nar-no-write-project] 35 store entries removed, 51 spared as nub tooling, 1436 in store
OSV-SCREEN {"schemaVersion":1,"kind":"nub-nar-no-write-project-resolved","status":"clean","digest":"b06a5bc74c115b57c707bdb365c9550a4f5d7d5360ffb1ada0e763641f489d07","specCount":58,"lockfiles":{"digest":"61ac1d7dbbd0c5687d17b05d862aec2dee0d8f7a19f8fecada31f0f703f582ca","files":[{"path":"nub.lock","sha256":"82cfb6b18585fc0fabf17deedade2bef13785ca2ffd4831212489b63a9308e21","bytes":14364}]},"maliciousAdvisories":[],"screenedAt":"2026-08-31T16:36:28.496Z","cacheHit":true,"clearancePath":"/Users/runner/v2m-kFrViT/security/nub-nar-no-write-project-resolved.json"}
  SECURITY nub-nar-no-write-project-resolved clean: 58 exact package-version(s), tree b06a5bc74c11 (cached exact-tree clearance)
  VERIFY[nar-no-write-project] rc=0 artifacts=6/6 missing=0 shortfall=none (tree 3920/1373) OVERRIDDEN=3 REJECTED=0 grant={}
     ⛔ OVER-PREDICTED — the strictly narrower {} also verifies; 'no-write-project' was not needed
### DONE @cypress/snapshot@2.1.7  synthesized={"write":{"project":true}} verified=1
