### sanity@0.142.0   (D:\jail\m-sanity-mtsmb7me)
  CI-ENV scrubbed: CI GITHUB_ACTIONS
OSV-SCREEN {"schemaVersion":1,"kind":"direct","status":"clean","digest":"4875c5e28003025351be73246155c7116b4874e252536fe0353ec6ba3e19b405","specCount":1,"lockfiles":{"digest":null,"files":[]},"maliciousAdvisories":[],"screenedAt":"2026-09-08T12:00:25.695Z","cacheHit":false,"clearancePath":"D:\\jail\\m-sanity-mtsmb7me\\security\\direct.json"}
  SECURITY direct clean: 1 exact package-version(s), tree 4875c5e28003
OSV-SCREEN {"schemaVersion":1,"kind":"npm-observe-resolved","status":"clean","digest":"4875c5e28003025351be73246155c7116b4874e252536fe0353ec6ba3e19b405","specCount":1,"lockfiles":{"digest":"bf30aa544ab57039e9d184f764123d76806e6c1d83c1ac028fe14b709eacc22a","files":[{"path":"package-lock.json","sha256":"e488554b85e9b802069d13f8a2341dc4e40a5739c2ebf44b2f1b70b47a45ecbb","bytes":594}]},"maliciousAdvisories":[],"screenedAt":"2026-09-08T12:00:25.695Z","cacheHit":true,"clearancePath":"D:\\jail\\m-sanity-mtsmb7me\\security\\npm-observe-resolved.json"}
  SECURITY npm-observe-resolved clean: 1 exact package-version(s), tree 4875c5e28003 (cached exact-tree clearance)
  CAPTURE user=runnervmeef0v\runneradmin elevated=True rootPid=7872 exit=0 events=21662 lost=0
  VENUE-OBSERVE-USER runnervmeef0v\runneradmin elevated=true privDropped={"SeBackupPrivilege":"removed","SeRestorePrivilege":"removed","SeTakeOwnershipPrivilege":"removed"}
  OBSERVE artifacts: 4 files  (D:\jail\m-sanity-mtsmb7me\observe\node_modules\sanity)
  ARM-FALSIFIABILITY {"manifestFiles":4,"filesTheScriptProduced":0,"reasons":["gate-vacuous"]}
  ⛔ ARMS-UNFALSIFIABLE — a green arm for this package carries no evidence:
       gate-vacuous: the script changed no file the artifact gate keys on — every file in the manifest (4) was already present at its final size before the script ran, so the gate passes in every arm including a completely broken one
       The grant may still be correct; what is missing is a signal that could have gone
       red. Do not read this record's MINIMAL as a passing measurement.
  CLOSURE 1 packages evicted per arm
  8.3 MAP 0 components resolved on runnervmeef0v, folded into capture.json
  == ROOTS (from capture.json — R2: no ambient reads) ==
    project       D:\jail\m-sanity-mtsmb7me\observe   [keyed on]
    home          C:\Users\runneradmin   [keyed on]
    jailHome      (null — declared inapplicable)
    globalStore   C:\Users\runneradmin\AppData\Local\nub\pm\store
    projectStore  D:\jail\m-sanity-mtsmb7me\observe\node_modules\.store
    interpreter   C:\hostedtoolcache\windows\node\22.23.2\x64\node.exe
    toolsDir      C:\Users\runneradmin\AppData\Local\nub\pm\tools
    temp          D:\jail\m-sanity-mtsmb7me\tmp   [keyed on]
    npmPrefix     (null — declared inapplicable)
    ownPkg        D:\jail\m-sanity-mtsmb7me\observe\node_modules\sanity
  == ATTRIBUTION == lifecycle pids: 2 (root 7872)
    writes  script 0  /  whole traced tree 7
    peers   script 0  /  whole traced tree 0
  == WRITES ==
  == READS ==
    deps          4
    outside       6
    project       1
    systemfs     23
  == NETWORK ==
    distinct peers: 0
  == REFUSALS (adapter-classified) ==
    distinct: 0
  == SYNTHESIZED GRANT (verify this in the real unprivileged jail) ==
    {}
  RAW       etw-raw.xml.gz  27606070 B xml -> 394971 B gz (69.9x)  sha256 985ae0a9c2e99024…
  HEADER    etw-header.json (4997 bytes)
  DERIVED   5215 distinct from 6364 kept ops (21662 xml events, 1677 out of subtree)
  PROCS     4   thread-reattributed 0
  8.3       0 expanded, 0 kept short, 0 not covered  [map: recorded 8.3 map (0 components, resolved on runnervmeef0v)]
  wrote events.ndjson.gz (65600 bytes)
  RAWLOG-CAPTURE D:\jail\m-sanity-mtsmb7me\cap\capture.json
  VENUE-NUB-BINARY {"path":"C:/Users/RUNNER~1/AppData/Local/Temp/nub/target/release/nub.exe","sha256":"f186817a44be332fee712b4936a071a0b5f9cde18a1d2fdc3a791729d4bf1005","bytes":68717056,"features":{"buildJailCatalogOverride":true,"pythonDontWriteBytecodeEnv":true}}
  VENUE-INTERPRETER C:\hostedtoolcache\windows\node\22.23.2\x64\node.exe
  VENUE-JAIL-ROOT D:\jail\m-sanity-mtsmb7me
  VENUE-OVERRIDES {"set":{"npm_config_cache":"D:\\jail\\m-sanity-mtsmb7me\\npm-cache","TMP":"D:\\jail\\m-sanity-mtsmb7me\\tmp","TEMP":"D:\\jail\\m-sanity-mtsmb7me\\tmp","TMPDIR":"D:\\jail\\m-sanity-mtsmb7me\\tmp"},"unset":["CI","GITHUB_ACTIONS"],"notRedirected":{"USERPROFILE":"C:\\Users\\runneradmin","why":"the jail leaves HOME/USERPROFILE alone — `build_jail.rs` sandbox_homes() reads the ambient value and `compiler/defaults.rs` BASELINE_ENV_EXACT passes it through — so there is no private jail home to reproduce and redirecting one would measure an environment no confined script sees"},"passedThrough":{"CI":"true","GITHUB_ACTIONS":"true","NODE_ENV":null}}
  STORE   isolated virtual store at D:\jail\m-sanity-mtsmb7me\verify-synth\.cache
  VENUE-STORE-LAYOUT isolated
OSV-SCREEN {"schemaVersion":1,"kind":"nub-synth-resolved","status":"clean","digest":"4875c5e28003025351be73246155c7116b4874e252536fe0353ec6ba3e19b405","specCount":1,"lockfiles":{"digest":"5d2bbdb24f6731a892cbf62213ccec12ab4bcdce46def7ad424319ee4b1ad058","files":[{"path":"nub.lock","sha256":"281ae41f1400440ed0d67f91a407e61c17c7fef9de98b302df2ba26cd15da868","bytes":415}]},"maliciousAdvisories":[],"screenedAt":"2026-09-08T12:00:25.695Z","cacheHit":true,"clearancePath":"D:\\jail\\m-sanity-mtsmb7me\\security\\nub-synth-resolved.json"}
  SECURITY nub-synth-resolved clean: 1 exact package-version(s), tree 4875c5e28003 (cached exact-tree clearance)
  VERIFY[synth] rc=0 artifacts=4/4 missing=0 shortfall=none (tree 5657/8) OVERRIDDEN=2 REJECTED=0 grant={}
  => MINIMUM {}   (observed, then verified)
  DESCEND   grant is already empty — nothing to narrow; MINIMAL by construction.
