OSV-SCREEN {"schemaVersion":1,"kind":"direct","status":"clean","digest":"cabd0f83e519f4e3ab9719432eb24bba12686d8de400f1549afcf270d4690a6e","specCount":1,"lockfiles":{"digest":null,"files":[]},"maliciousAdvisories":[],"screenedAt":"2026-08-31T14:41:40.516Z","cacheHit":false,"clearancePath":"/Users/runner/v2m-jLX4wN/security/direct.json"}
  SECURITY direct clean: 1 exact package-version(s), tree cabd0f83e519
  ERA-NODE PINNED 18.20.8 (provisioned) (arms will run: v18.20.8)
  ERA-PYTHON /Users/runner/hostedtoolcache/Python/3.9.13/arm64/bin/python (Python 3.9.13) for era Node 18, whose node-gyp requires python3
  ARM-MAKE /usr/bin/make (GNU Make 3.81) — the system make; a build needing GNU Make 4 WILL fail here
### saucectl@0.134.1   (/Users/runner/v2m-jLX4wN)   nub=/tmp/nub/target/release/nub
  VENUE-NUB-BINARY {"path":"/tmp/nub/target/release/nub","sha256":"69e622342d0c8393c78fa50a01dc9cc0a94371ac9b106b59bdcc016f06d86d30","bytes":94535576,"features":{"buildJailCatalogOverride":true,"pythonDontWriteBytecodeEnv":true}}
  CI-ENV scrubbed: CI GITHUB_ACTIONS
  --- fbt preflight (advisory; never fails the run) ---
     csrutil: System Integrity Protection status: disabled.
     fbt probes visible: 93577
     fbt enable attempt: dtrace: description 'fbt:::entry ' matched 50357 probes CPU     ID                    FUNCTION:NAME 
     cwd builtin value:  
     fbt chdir symbols:  
     fbt fires on spawn-with-cwd: dtrace: invalid probe specifier fbt::chdir*:entry /progenyof($target)/ { @[probefunc] = count(); }: probe description fbt::chdir*:entry does not match any probes 
  --- end fbt preflight ---
  ERA-RESOLUTION DATED 2023-04-13T17:21:13.942Z (deps as of the package's own publish date + 1d)
OSV-SCREEN {"schemaVersion":1,"kind":"npm-observe-resolved","status":"clean","digest":"379036e8fe2305f28e8a5d6b81cfddbdcff6a88369652ff9129ac123dcdddf73","specCount":31,"lockfiles":{"digest":"54dd094df89d49227a4595da25e460720dc729ed1f2fc9b86cd308d34b62c505","files":[{"path":"package-lock.json","sha256":"881b77f113169a2a7931f82aaf8b2d1385e324b757f0df27c2b614e297ef03cf","bytes":12984}]},"maliciousAdvisories":[],"screenedAt":"2026-08-31T14:41:49.499Z","cacheHit":false,"clearancePath":"/Users/runner/v2m-jLX4wN/security/npm-observe-resolved.json"}
  SECURITY npm-observe-resolved clean: 31 exact package-version(s), tree 379036e8fe23
  ARM-PATH SANITISED (dropped 1: /Users/runner/.yarn/bin)
  ARM-AMBIENT-TOOLS none
  ARM-SCAFFOLD none
  ARM-UNPROVIDABLE none
  VENUE-CI-CHILD clean (no CI-detection variable reaches the traced script)
  ARM-REBUILD-SPEC saucectl@0.134.1
  --- wrapper (run.sh) ---
     cd "/Users/runner/v2m-jLX4wN/Observe"
     sudo -u "runner" -H env "PATH=/Users/runner/v2m-jLX4wN/Observe/node_modules/.bin:/Users/runner/.cache/nub/era-node/18.20.8/node-v18.20.8-darwin-arm64/bin:/Users/runner/hostedtoolcache/node/22.23.2/arm64/bin:/opt/homebrew/lib/ruby/gems/3.3.0/bin:/opt/homebrew/opt/ruby@3.3/bin:/Users/runner/.local/bin:/opt/homebrew/bin:/opt/homebrew/sbin:/Users/runner/.cargo/bin:/usr/local/opt/curl/bin:/usr/local/bin:/usr/local/sbin:/Users/runner/bin:/Users/runner/Library/Android/sdk/tools:/Users/runner/Library/Android/sdk/platform-tools:/Library/Frameworks/Python.framework/Versions/Current/bin:/Library/Frameworks/Mono.framework/Versions/Current/Commands:/usr/bin:/bin:/usr/sbin:/sbin:/Users/runner/.dotnet/tools"   "HOME=/Users/runner/v2m-jLX4wN/jailhome"   "TMPDIR=/private/var/folders/_5/zjnzxgh147qcg3bb5cg2wvqw0000gn/T/nub-tmp-obsTFhJta"   "NODE_COMPAT=1"   "PYTHONDONTWRITEBYTECODE=1"   "PLAYWRIGHT_BROWSERS_PATH=/Users/runner/.cache/nub/pm/tools/ms-playwright"   "ELECTRON_CACHE=/Users/runner/.cache/nub/pm/tools/electron-cache"   "electron_config_cache=/Users/runner/.cache/nub/pm/tools/electron-cache"   "npm_config_prefix=/Users/runner/.cache/nub/pm/tools/npm-prefix"   PYTHON=/Users/runner/hostedtoolcache/Python/3.9.13/arm64/bin/python   npm rebuild --no-audit --no-fund "saucectl@0.134.1" > "/Users/runner/v2m-jLX4wN/Observe/npm.log" 2>&1
     echo $? > "/Users/runner/v2m-jLX4wN/Observe/rc"
  --- dtrace stderr + wrapper trace ---
     + cd /Users/runner/v2m-jLX4wN/Observe
     + sudo -u runner -H env PATH=/Users/runner/v2m-jLX4wN/Observe/node_modules/.bin:/Users/runner/.cache/nub/era-node/18.20.8/node-v18.20.8-darwin-arm64/bin:/Users/runner/hostedtoolcache/node/22.23.2/arm64/bin:/opt/homebrew/lib/ruby/gems/3.3.0/bin:/opt/homebrew/opt/ruby@3.3/bin:/Users/runner/.local/bin:/opt/homebrew/bin:/opt/homebrew/sbin:/Users/runner/.cargo/bin:/usr/local/opt/curl/bin:/usr/local/bin:/usr/local/sbin:/Users/runner/bin:/Users/runner/Library/Android/sdk/tools:/Users/runner/Library/Android/sdk/platform-tools:/Library/Frameworks/Python.framework/Versions/Current/bin:/Library/Frameworks/Mono.framework/Versions/Current/Commands:/usr/bin:/bin:/usr/sbin:/sbin:/Users/runner/.dotnet/tools HOME=/Users/runner/v2m-jLX4wN/jailhome TMPDIR=/private/var/folders/_5/zjnzxgh147qcg3bb5cg2wvqw0000gn/T/nub-tmp-obsTFhJta NODE_COMPAT=1 PYTHONDONTWRITEBYTECODE=1 PLAYWRIGHT_BROWSERS_PATH=/Users/runner/.cache/nub/pm/tools/ms-playwright ELECTRON_CACHE=/Users/runner/.cache/nub/pm/tools/electron-cache electron_config_cache=/Users/runner/.cache/nub/pm/tools/electron-cache npm_config_prefix=/Users/runner/.cache/nub/pm/tools/npm-prefix PYTHON=/Users/runner/hostedtoolcache/Python/3.9.13/arm64/bin/python npm rebuild --no-audit --no-fund saucectl@0.134.1
     dtrace: error on enabled probe ID 128 (ID 286: syscall::execve:entry): invalid address (0x60000258c120) in action #1 at DIF offset 20
     + echo 0
  OBSERVE   rc=0 dtrace_rc=0 files=399 (pre=396) trace=6562 lines
  CLOSURE   31 packages evicted per arm   store=/Users/runner/.cache/nub/pm/store
  RAWLOG-FILE /Users/runner/v2m-jLX4wN/Observe/trace.txt.gz
  RAWLOG-CAPTURE /Users/runner/v2m-jLX4wN/Observe/capture.json
  RAWLOG-BYTES raw=1136975 gz=39525
  VENUE-INTERPRETER /Users/runner/hostedtoolcache/node/22.23.2/arm64
  VENUE-NODE-SELECTION {"pkg":"saucectl","packageVersion":"0.134.1","major":18,"version":"18.20.8","npm":"10.8.2","pinnable":true,"engines":null,"publishedAt":"2023-04-12T17:21:13.942Z","eraMajor":18,"startMajor":18,"raisedByEngines":false,"enginesUnsatisfiable":false,"clampedToFloor":false,"clampedToCeiling":false,"matrixFloor":4,"matrixCeiling":26,"lookupFailure":null,"pinned":true,"pinnedBin":"/Users/runner/.cache/nub/era-node/18.20.8/node-v18.20.8-darwin-arm64/bin","eraNodeRoot":"/Users/runner/.cache/nub"}
  VENUE-OVERRIDES {"set":{"PATH":"inherited-and-forwarded","HOME":"/Users/runner/v2m-jLX4wN/jailhome","TMPDIR":"/private/var/folders/_5/zjnzxgh147qcg3bb5cg2wvqw0000gn/T/nub-tmp-obsTFhJta","NODE_COMPAT":"1","PYTHONDONTWRITEBYTECODE":"1","PLAYWRIGHT_BROWSERS_PATH":"/Users/runner/.cache/nub/pm/tools/ms-playwright","ELECTRON_CACHE":"/Users/runner/.cache/nub/pm/tools/electron-cache","electron_config_cache":"/Users/runner/.cache/nub/pm/tools/electron-cache","npm_config_prefix":"/Users/runner/.cache/nub/pm/tools/npm-prefix"},"unset":["(sudo env_reset discards the caller environment; every var above is re-set after it)","CI","GITHUB_ACTIONS"],"passedThrough":{"CI":"true","GITHUB_ACTIONS":"true","NODE_ENV":null}}
  VENUE-OBSERVE-USER runner uid=501 (R7: ordinary non-root user, asserted)
  ARM-FALSIFIABILITY {"manifestFiles":7,"filesTheScriptProduced":1,"reasons":[]}
  EVENTLOG-FILE /Users/runner/v2m-jLX4wN/Observe/events.ndjson.gz
  EVENTLOG-STATS {"lines":6563,"parsed":6543,"unparsed":0,"live":true,"tracerErrors":1,"tracerErrorTotal":1,"unresolvedDirfd":24,"unresolvedFd":0,"pairedTwoPath":0,"danglingPair":0,"failed":2376,"enoent":2373,"refusals":0,"byErrno":{"ENXIO":3,"ENOENT":2373},"procs":6,"lifecyclePids":1,"distinctEvents":4273,"emitted":4273,"calls":6528,"bytes":794160,"gzipBytes":24574,"out":"/Users/runner/v2m-jLX4wN/Observe/events.ndjson"}
  == TRACER == live=true decodable-events=1224 dropped-events=1
    NOTE 16 relative path(s) under a non-AT_FDCWD dirfd were not
       scope-assigned: resolving them against the cwd would invent a path.
    ⛔ CWD-UNOBSERVED 2 relative path(s) (0 write(s)) came from a lifecycle
       process whose own cwd was never observed
       macOS spawns with posix_spawn addchdir_np, which changes directory in-kernel and
       emits no chdir syscall, so the inherited cwd cannot be trusted. These are NOT
       scope-assigned; the grant below is WIDENED instead so it covers wherever they landed.
         pid=31108 read  unproven .
         pid=31108 read  unproven .
    ⛔ THE TRACER DROPPED 1 EVENT(S). A dropped event is a path never
       seen, so the grant below can only be too NARROW — the direction that breaks installs.
       Treat it as a FLOOR, not a measurement, until the adapter fault is fixed:
             1 x  epid=128 action=1 fault=1 addr=0x60000258c120
  == ATTRIBUTION == lifecycle pids: 1
    writes  script 3  /  whole traced subtree 9
    sockets script 2  /  whole traced subtree 3
  == ROOTS (from /Users/runner/v2m-jLX4wN/Observe/capture.json; the classifier reads no other source) ==
    project       /Users/runner/v2m-jLX4wN/Observe
    home          /Users/runner
    jailHome      /Users/runner/v2m-jLX4wN/jailhome
    globalStore   /Users/runner/.cache/nub/pm/store
    projectStore  /Users/runner/v2m-jLX4wN/Observe/node_modules/.store
    interpreter   /Users/runner/hostedtoolcache/node/22.23.2/arm64
    toolsDir      /Users/runner/.cache/nub/pm/tools
    temp          /private/var/folders/_5/zjnzxgh147qcg3bb5cg2wvqw0000gn/T/nub-tmp-obsTFhJta
    npmPrefix     /Users/runner/.cache/nub/pm/tools/npm-prefix
    ownPkg        /Users/runner/v2m-jLX4wN/Observe/node_modules/saucectl
    cwd           (null — this platform has no such root)
  == WRITES the script actually performed ==
    systemfs      1
        /dev/dtracehelper
    ownPkg        2  (base profile already grants this — NOT billed)
        /Users/runner/v2m-jLX4wN/Observe/node_modules/saucectl/bin
        /Users/runner/v2m-jLX4wN/Observe/node_modules/saucectl/bin/saucectl
  == READS the script performed, by scope ==
    outside       6
    systemfs     10
    userHome      2
    ownPkg        5
    deps        112
        outside: /
        outside: /bin/bash
        outside: /bin
        outside: /var/db/timezone/zoneinfo/UTC
        outside: /var/db/timezone/zoneinfo/posixrules
        outside: /etc/localtime
  == NETWORK ==
    AF_INET connects: 2   distinct peers: 2
        172.182.252.133:443
        185.199.108.133:443
  == REFUSALS (errno EPERM/EACCES/EROFS only; ENOENT is a miss, not a denial) ==
    distinct: 0
  == SYNTHESIZED GRANT (verify this in the real unprivileged jail) ==
    {"network":true}
  == writePaths (DERIVED — promotion out of the package's PRIVATE home) ==
    private-home writes observed: 0
    none declared — the script wrote nothing into its private home — there is nothing to promote
  == writePaths FEASIBILITY (distinct writes outside project/deps) ==
    count: 0
  EVICT[synth] 21 store entries removed, 6 spared as nub tooling, 465 in store
OSV-SCREEN {"schemaVersion":1,"kind":"nub-synth-resolved","status":"clean","digest":"a724232f7442de5aa67c6a370cf2afd3be8d1eadf4ec8d2ffc2062df4bbb2bbc","specCount":42,"lockfiles":{"digest":"b0d63e378e8deb0694a6a71005b9c3da1c0be16289343b0507f6bad718b42b8b","files":[{"path":"nub.lock","sha256":"f9e735767f67ae9b9d9c6821e983b5aab444d25ad16f8f9e24412af2d3fd6303","bytes":12168}]},"maliciousAdvisories":[],"screenedAt":"2026-08-31T14:41:56.285Z","cacheHit":false,"clearancePath":"/Users/runner/v2m-jLX4wN/security/nub-synth-resolved.json"}
  SECURITY nub-synth-resolved clean: 42 exact package-version(s), tree a724232f7442
  VENUE-STORE-LAYOUT isolated
  VERIFY[synth] rc=0 artifacts=7/7 missing=0 shortfall=none (tree 2139/399) OVERRIDDEN=3 REJECTED=0 grant={"network":true}
  => VERIFIED {"network":true}
  EVICT[nar-no-network] 16 store entries removed, 6 spared as nub tooling, 462 in store
OSV-SCREEN {"schemaVersion":1,"kind":"nub-nar-no-network-resolved","status":"clean","digest":"a724232f7442de5aa67c6a370cf2afd3be8d1eadf4ec8d2ffc2062df4bbb2bbc","specCount":42,"lockfiles":{"digest":"b0d63e378e8deb0694a6a71005b9c3da1c0be16289343b0507f6bad718b42b8b","files":[{"path":"nub.lock","sha256":"f9e735767f67ae9b9d9c6821e983b5aab444d25ad16f8f9e24412af2d3fd6303","bytes":12168}]},"maliciousAdvisories":[],"screenedAt":"2026-08-31T14:41:56.285Z","cacheHit":true,"clearancePath":"/Users/runner/v2m-jLX4wN/security/nub-nar-no-network-resolved.json"}
  SECURITY nub-nar-no-network-resolved clean: 42 exact package-version(s), tree a724232f7442 (cached exact-tree clearance)
  VERIFY[nar-no-network] rc=1 artifacts=6/7 missing=1 shortfall=1f6a7b28e9d5 (tree 2136/399) OVERRIDDEN=3 REJECTED=0 grant={}
       missing: bin/saucectl
     [nar-no-network/a] Installation failed: Error: failed to download: Error: getaddrinfo ENOTFOUND github.com
     narrowing 'no-network' fails ⇒ that capability IS necessary
  => MINIMAL — every capability in {"network":true} is independently necessary
### DONE saucectl@0.134.1  synthesized={"network":true} verified=1
