### snyk@1.1306.3   (/home/runner/v2-rLqwJf)
  CI-ENV scrubbed: CI GITHUB_ACTIONS
OSV-SCREEN {"schemaVersion":1,"kind":"direct","status":"clean","digest":"998bda1f1810ed7526b3154d57466b001bb3ee86899b0f27b9776077994849a8","specCount":1,"lockfiles":{"digest":null,"files":[]},"maliciousAdvisories":[],"screenedAt":"2026-09-09T03:46:14.119Z","cacheHit":false,"clearancePath":"/home/runner/v2-rLqwJf/security/direct.json"}
  SECURITY direct clean: 1 exact package-version(s), tree 998bda1f1810
  VENUE-OBSERVE-USER {"uid":1001,"user":"runner","umask":"0022","capBnd":"000001ffffffffff","noNewPrivs":"0"}
  VENUE-NUB-BINARY {"path":"/tmp/nub/target/release/nub","sha256":"2a18683f50f7afeb02a521cd3cae175dc2f91780d461c5f012065241f5a1447b","bytes":207643464,"features":{"buildJailCatalogOverride":true,"pythonDontWriteBytecodeEnv":true}}
OSV-SCREEN {"schemaVersion":1,"kind":"npm-observe-resolved","status":"clean","digest":"0c0c94a8dc274614eed20a299ce52446ba2404596cdfc6cf9af429a36d5629b0","specCount":31,"lockfiles":{"digest":"4685085ccb5d60edcb0c13d6fca38522f956e417b41338fecd8d237da30d2f04","files":[{"path":"package-lock.json","sha256":"b58123037f6be3639574debb79f94ce15233025f8887136a24d1248413cf24ef","bytes":13389}]},"maliciousAdvisories":[],"screenedAt":"2026-09-09T03:46:17.061Z","cacheHit":false,"clearancePath":"/home/runner/v2-rLqwJf/security/npm-observe-resolved.json"}
  SECURITY npm-observe-resolved clean: 31 exact package-version(s), tree 0c0c94a8dc27
  OBSERVE   rc=0 files=2601 trace=15117 lines
  CLOSURE   31 packages evicted per arm
  ARM-FALSIFIABILITY {"manifestFiles":503,"filesTheScriptProduced":1,"reasons":[]}
  RAWLOG-FILE /home/runner/v2-rLqwJf/observe/trace.txt.gz
  RAWLOG-CAPTURE /home/runner/v2-rLqwJf/observe/capture.json
  RAWLOG-BYTES raw=3254576 gz=89565
  VENUE-INTERPRETER /opt/hostedtoolcache/node/22.23.2/x64
  VENUE-OVERRIDES {"set":{"HOME":"/home/runner/v2-rLqwJf/jailhome","TMPDIR":"/tmp/nub-tmp-obsk8PW41","NODE_COMPAT":"1","PLAYWRIGHT_BROWSERS_PATH":"/home/runner/.cache/nub/pm/tools/ms-playwright","ELECTRON_CACHE":"/home/runner/.cache/nub/pm/tools/electron-cache","electron_config_cache":"/home/runner/.cache/nub/pm/tools/electron-cache","npm_config_prefix":"/home/runner/.cache/nub/pm/tools/npm-prefix","PYTHONDONTWRITEBYTECODE":"1","NUB_CACHE_DIR":"/home/runner/v2-rLqwJf/nubcache"},"unset":["CI","GITHUB_ACTIONS"],"passedThrough":{"CI":"true","GITHUB_ACTIONS":"true","NODE_ENV":null}}
  == ATTRIBUTION == attributed pids: 20
    writes  script 2  /  whole traced tree 1090
    sockets script 4  /  whole traced tree 8
  == ROOTS (from capture.json — R2: no ambient reads) ==
    project       /home/runner/v2-rLqwJf/observe
    home          /home/runner
    jailHome      /home/runner/v2-rLqwJf/jailhome
    globalStore   /home/runner/.cache/nub/pm/store   [declared, not keyed on]
    projectStore  /home/runner/v2-rLqwJf/observe/node_modules/.store   [declared, not keyed on]
    interpreter   /opt/hostedtoolcache/node/22.23.2/x64   [declared, not keyed on]
    toolsDir      /home/runner/.cache/nub/pm/tools   [declared, not keyed on]
    temp          /tmp/nub-tmp-obsk8PW41
    npmPrefix     /home/runner/.cache/nub/pm/tools/npm-prefix
    ownPkg        /home/runner/v2-rLqwJf/observe/node_modules/snyk
  == WRITES the script actually performed ==
    ownPkg        2  (base profile already grants this — NOT billed)
        /home/runner/v2-rLqwJf/observe/node_modules/snyk/wrapper_dist/1788925578993
        /home/runner/v2-rLqwJf/observe/node_modules/snyk/wrapper_dist/snyk-linux
  == NETWORK ==
    AF_INET sockets: 4   distinct peers: 3
        127.0.0.53:53
        104.16.8.34:443
        23.220.206.60:443
  == REFUSALS (only `= -1 EACCES/EPERM/EROFS`) ==
    distinct: 0
  == SYNTHESIZED GRANT (verify this in the real unprivileged jail) ==
    {"network":true}
  == writePaths (DERIVED — promotion out of the package's PRIVATE home) ==
    private-home writes observed: 0
    none declared — the script wrote nothing into its private home — there is nothing to promote
  == writePaths FEASIBILITY (distinct writes outside project/deps) ==
    count: 0
    EVENTS    5511 distinct from 15033 calls (15118 lines, 53 rejoined, 0 unparsed)
    PROCS     27   lifecycle shells 15
    ⛔ 3 paths with an UNRESOLVED dirfd — kept, marked, never guessed
    unsubscribed/unmapped syscalls: setsockopt×36 getsockname×28 exit×20 getsockopt×12 recvmsg×9 socketpair×6 wait4×6 shutdown×5
    wrote /home/runner/v2-rLqwJf/observe/events.ndjson.gz (37528 bytes)
  EVENTLOG-FILE /home/runner/v2-rLqwJf/observe/events.ndjson.gz
  EVENTLOG-STATS {"lines":15118,"parsed":15033,"unparsed":0,"unfinished":53,"rejoined":53,"unresolvedDirfd":3,"truncatedArg":0,"procs":27,"lifecyclePids":15,"distinctEvents":5511,"unknownSyscall":{"getsockname":28,"getsockopt":12,"getcwd":4,"recvmsg":9,"exit":20,"setsockopt":36,"sendmmsg":2,"socketpair":6,"shutdown":5,"exit_group":5,"wait4":6},"out":"/home/runner/v2-rLqwJf/observe/events.ndjson.gz","gzipBytes":37528}
  EVICT     9 store entries removed, 1 spared as nub tooling
  SE-PURGE  0 side-effects-cache entries for snyk
OSV-SCREEN {"schemaVersion":1,"kind":"nub-synth-resolved","status":"clean","digest":"0c0c94a8dc274614eed20a299ce52446ba2404596cdfc6cf9af429a36d5629b0","specCount":31,"lockfiles":{"digest":"12202be63fb558711328b685895c94424588fbe964b4ae6e4ca9f0aa8bdc75be","files":[{"path":"nub.lock","sha256":"b3230cbaf183c6c722195c8e7614876c70636653b3a97a0979fea7ac4b45dbd1","bytes":7835}]},"maliciousAdvisories":[],"screenedAt":"2026-09-09T03:46:17.061Z","cacheHit":true,"clearancePath":"/home/runner/v2-rLqwJf/security/nub-synth-resolved.json"}
  SECURITY nub-synth-resolved clean: 31 exact package-version(s), tree 0c0c94a8dc27 (cached exact-tree clearance)
  VENUE-STORE-LAYOUT isolated
  VERIFY[synth] rc=0 artifacts=503/503 missing=0 shortfall=none (tree 10514/2601) OVERRIDDEN=2 REJECTED=0 grant={"network":true}
  => VERIFIED {"network":true}   (observed, then verified)
  EVICT     30 store entries removed, 1 spared as nub tooling
  SE-PURGE  0 side-effects-cache entries for snyk
OSV-SCREEN {"schemaVersion":1,"kind":"nub-drop-no-network-resolved","status":"clean","digest":"0c0c94a8dc274614eed20a299ce52446ba2404596cdfc6cf9af429a36d5629b0","specCount":31,"lockfiles":{"digest":"12202be63fb558711328b685895c94424588fbe964b4ae6e4ca9f0aa8bdc75be","files":[{"path":"nub.lock","sha256":"b3230cbaf183c6c722195c8e7614876c70636653b3a97a0979fea7ac4b45dbd1","bytes":7835}]},"maliciousAdvisories":[],"screenedAt":"2026-09-09T03:46:17.061Z","cacheHit":true,"clearancePath":"/home/runner/v2-rLqwJf/security/nub-drop-no-network-resolved.json"}
  SECURITY nub-drop-no-network-resolved clean: 31 exact package-version(s), tree 0c0c94a8dc27 (cached exact-tree clearance)
  VERIFY[drop-no-network] rc=0 artifacts=502/503 missing=1 shortfall=809576eb2816 (tree 10511/2601) OVERRIDDEN=2 REJECTED=0 grant={}
       missing: wrapper_dist/snyk-linux
     'no-network' is NECESSARY — dropping it fails to verify
  => MINIMAL — every capability in {"network":true} is independently necessary
