### @apollo/rover@0.26.3   (D:\jail\m-apollorover-mtspeniy)
  CI-ENV scrubbed: CI GITHUB_ACTIONS
OSV-SCREEN {"schemaVersion":1,"kind":"direct","status":"clean","digest":"c7369b314e553b9321ddda843cc51c83537d93da5d99b72a188045720210bfb4","specCount":1,"lockfiles":{"digest":null,"files":[]},"maliciousAdvisories":[],"screenedAt":"2026-09-08T13:27:05.149Z","cacheHit":false,"clearancePath":"D:\\jail\\m-apollorover-mtspeniy\\security\\direct.json"}
  SECURITY direct clean: 1 exact package-version(s), tree c7369b314e55
OSV-SCREEN {"schemaVersion":1,"kind":"npm-observe-resolved","status":"clean","digest":"7708e770ff39a738af63fcb5430384a2da0d5599f23f23fb579a4162fcffd2ef","specCount":42,"lockfiles":{"digest":"534a3b8ec0ddb88ac8bba71a5d3bd04e3224cd875b9af5fb8e6018945cbd17bb","files":[{"path":"package-lock.json","sha256":"daa85c93bd5257c075c4b134c3cab5d1caea5d826d1bbcd078344757c6b1bd98","bytes":17936}]},"maliciousAdvisories":[],"screenedAt":"2026-09-08T13:27:07.902Z","cacheHit":false,"clearancePath":"D:\\jail\\m-apollorover-mtspeniy\\security\\npm-observe-resolved.json"}
  SECURITY npm-observe-resolved clean: 42 exact package-version(s), tree 7708e770ff39
  CAPTURE user=runnervmeef0v\runneradmin elevated=True rootPid=9260 exit=0 events=26384 lost=0
  VENUE-OBSERVE-USER runnervmeef0v\runneradmin elevated=true privDropped={"SeBackupPrivilege":"removed","SeRestorePrivilege":"removed","SeTakeOwnershipPrivilege":"removed"}
  OBSERVE artifacts: 9 files  (D:\jail\m-apollorover-mtspeniy\observe\node_modules\@apollo\rover)
  ARM-FALSIFIABILITY {"manifestFiles":9,"filesTheScriptProduced":3,"reasons":[]}
  CLOSURE 42 packages evicted per arm
  8.3 MAP 0 components resolved on runnervmeef0v, folded into capture.json
  == ROOTS (from capture.json — R2: no ambient reads) ==
    project       D:\jail\m-apollorover-mtspeniy\observe   [keyed on]
    home          C:\Users\runneradmin   [keyed on]
    jailHome      (null — declared inapplicable)
    globalStore   C:\Users\runneradmin\AppData\Local\nub\pm\store
    projectStore  D:\jail\m-apollorover-mtspeniy\observe\node_modules\.store
    interpreter   C:\hostedtoolcache\windows\node\22.23.2\x64\node.exe
    toolsDir      C:\Users\runneradmin\AppData\Local\nub\pm\tools
    temp          D:\jail\m-apollorover-mtspeniy\tmp   [keyed on]
    npmPrefix     (null — declared inapplicable)
    ownPkg        D:\jail\m-apollorover-mtspeniy\observe\node_modules\@apollo\rover
  == ATTRIBUTION == lifecycle pids: 2 (root 9260)
    writes  script 5  /  whole traced tree 16
    peers   script 3  /  whole traced tree 3
  == WRITES ==
    deps          5
  == READS ==
    deps        128
    outside       6
    project       1
    systemfs     28
  == NETWORK ==
    distinct peers: 3
        18.208.88.157:443
        140.82.113.4:443
        185.199.109.133:443
  == REFUSALS (adapter-classified) ==
    distinct: 0
  == SYNTHESIZED GRANT (verify this in the real unprivileged jail) ==
    {"write":{"deps":true},"network":true}
  RAW       etw-raw.xml.gz  33770615 B xml -> 494599 B gz (68.3x)  sha256 970f4cb5ef216173…
  HEADER    etw-header.json (5087 bytes)
  DERIVED   5828 distinct from 8537 kept ops (26384 xml events, 1693 out of subtree)
  PROCS     4   thread-reattributed 0
  ⛔ 2 operations with NO OperationEnd — kept, status marked unknown
  8.3       0 expanded, 0 kept short, 0 not covered  [map: recorded 8.3 map (0 components, resolved on runnervmeef0v)]
  wrote events.ndjson.gz (72930 bytes)
  RAWLOG-CAPTURE D:\jail\m-apollorover-mtspeniy\cap\capture.json
  VENUE-NUB-BINARY {"path":"C:/Users/RUNNER~1/AppData/Local/Temp/nub/target/release/nub.exe","sha256":"f186817a44be332fee712b4936a071a0b5f9cde18a1d2fdc3a791729d4bf1005","bytes":68717056,"features":{"buildJailCatalogOverride":true,"pythonDontWriteBytecodeEnv":true}}
  VENUE-INTERPRETER C:\hostedtoolcache\windows\node\22.23.2\x64\node.exe
  VENUE-JAIL-ROOT D:\jail\m-apollorover-mtspeniy
  VENUE-OVERRIDES {"set":{"npm_config_cache":"D:\\jail\\m-apollorover-mtspeniy\\npm-cache","TMP":"D:\\jail\\m-apollorover-mtspeniy\\tmp","TEMP":"D:\\jail\\m-apollorover-mtspeniy\\tmp","TMPDIR":"D:\\jail\\m-apollorover-mtspeniy\\tmp"},"unset":["CI","GITHUB_ACTIONS"],"notRedirected":{"USERPROFILE":"C:\\Users\\runneradmin","why":"the jail leaves HOME/USERPROFILE alone — `build_jail.rs` sandbox_homes() reads the ambient value and `compiler/defaults.rs` BASELINE_ENV_EXACT passes it through — so there is no private jail home to reproduce and redirecting one would measure an environment no confined script sees"},"passedThrough":{"CI":"true","GITHUB_ACTIONS":"true","NODE_ENV":null}}
  STORE   isolated virtual store at D:\jail\m-apollorover-mtspeniy\verify-synth\.cache
  VENUE-STORE-LAYOUT isolated
OSV-SCREEN {"schemaVersion":1,"kind":"nub-synth-resolved","status":"clean","digest":"7708e770ff39a738af63fcb5430384a2da0d5599f23f23fb579a4162fcffd2ef","specCount":42,"lockfiles":{"digest":"83952bfdd2d64537fce22d2190c7af8dd170950db891d2886dc0ddbdf4d63676","files":[{"path":"nub.lock","sha256":"e571abb5b7dd5aad9056e5d9f9028296264bb7e56cce11cdcfc1b4a7ecbb34c4","bytes":10798}]},"maliciousAdvisories":[],"screenedAt":"2026-09-08T13:27:07.902Z","cacheHit":true,"clearancePath":"D:\\jail\\m-apollorover-mtspeniy\\security\\nub-synth-resolved.json"}
  SECURITY nub-synth-resolved clean: 42 exact package-version(s), tree 7708e770ff39 (cached exact-tree clearance)
  VERIFY[synth] rc=0 artifacts=9/9 missing=0 shortfall=none (tree 6309/806) OVERRIDDEN=2 REJECTED=0 grant={"write":{"deps":true},"network":true}
  => MINIMUM {"write":{"deps":true},"network":true}   (observed, then verified)
  STORE   isolated virtual store at D:\jail\m-apollorover-mtspeniy\verify-nar-no-network\.cache
OSV-SCREEN {"schemaVersion":1,"kind":"nub-nar-no-network-resolved","status":"clean","digest":"7708e770ff39a738af63fcb5430384a2da0d5599f23f23fb579a4162fcffd2ef","specCount":42,"lockfiles":{"digest":"83952bfdd2d64537fce22d2190c7af8dd170950db891d2886dc0ddbdf4d63676","files":[{"path":"nub.lock","sha256":"e571abb5b7dd5aad9056e5d9f9028296264bb7e56cce11cdcfc1b4a7ecbb34c4","bytes":10798}]},"maliciousAdvisories":[],"screenedAt":"2026-09-08T13:27:07.902Z","cacheHit":true,"clearancePath":"D:\\jail\\m-apollorover-mtspeniy\\security\\nub-nar-no-network-resolved.json"}
  SECURITY nub-nar-no-network-resolved clean: 42 exact package-version(s), tree 7708e770ff39 (cached exact-tree clearance)
  VERIFY[nar-no-network] rc=1 artifacts=6/9 missing=3 shortfall=9d30e03c3662 (tree 6307/806) OVERRIDDEN=2 REJECTED=0 grant={"write":{"deps":true}}
     missing artifacts: binary/LICENSE, binary/README.md, binary/rover-0.26.3.exe
     'no-network' is NECESSARY — dropping it fails to verify
  STORE   isolated virtual store at D:\jail\m-apollorover-mtspeniy\verify-nar-no-write-deps\.cache
OSV-SCREEN {"schemaVersion":1,"kind":"nub-nar-no-write-deps-resolved","status":"clean","digest":"7708e770ff39a738af63fcb5430384a2da0d5599f23f23fb579a4162fcffd2ef","specCount":42,"lockfiles":{"digest":"83952bfdd2d64537fce22d2190c7af8dd170950db891d2886dc0ddbdf4d63676","files":[{"path":"nub.lock","sha256":"e571abb5b7dd5aad9056e5d9f9028296264bb7e56cce11cdcfc1b4a7ecbb34c4","bytes":10798}]},"maliciousAdvisories":[],"screenedAt":"2026-09-08T13:27:07.902Z","cacheHit":true,"clearancePath":"D:\\jail\\m-apollorover-mtspeniy\\security\\nub-nar-no-write-deps-resolved.json"}
  SECURITY nub-nar-no-write-deps-resolved clean: 42 exact package-version(s), tree 7708e770ff39 (cached exact-tree clearance)
  VERIFY[nar-no-write-deps] rc=0 artifacts=9/9 missing=0 shortfall=none (tree 6309/806) OVERRIDDEN=2 REJECTED=0 grant={"network":true}
     ⛔ OVER-PREDICTED — the strictly narrower {"network":true} also verifies; 'no-write-deps' was not needed
