### jpegtran-bin@4.0.0   (/home/runner/v2-THBR2Y)
  CI-ENV scrubbed: CI GITHUB_ACTIONS
OSV-SCREEN {"schemaVersion":1,"kind":"direct","status":"clean","digest":"24eb5681e72b66fb9df03f146029dc2aa492e6f1bc9c4276bd963cf3794b1fe6","specCount":1,"lockfiles":{"digest":null,"files":[]},"maliciousAdvisories":[],"screenedAt":"2026-09-07T23:40:52.469Z","cacheHit":false,"clearancePath":"/home/runner/v2-THBR2Y/security/direct.json"}
  SECURITY direct clean: 1 exact package-version(s), tree 24eb5681e72b
  VENUE-OBSERVE-USER {"uid":1001,"user":"runner","umask":"0022","capBnd":"000001ffffffffff","noNewPrivs":"0"}
  VENUE-NUB-BINARY {"path":"/tmp/nub/target/release/nub","sha256":"2a18683f50f7afeb02a521cd3cae175dc2f91780d461c5f012065241f5a1447b","bytes":207643464,"features":{"buildJailCatalogOverride":true,"pythonDontWriteBytecodeEnv":true}}
OSV-SCREEN {"schemaVersion":1,"kind":"npm-observe-resolved","status":"clean","digest":"5b7eed1135e8b8872367c0e2d01cf2f4a6b29243b208c27aea45635efcaf540a","specCount":229,"lockfiles":{"digest":"9d9c76efaeaabf7cfa78ba13f0b3dc727d4ab86c15f84327217dc3ff0c2b0bcb","files":[{"path":"package-lock.json","sha256":"194cc80ca0686da6873ef053d50052dca3519eb7c59ee79818eaa5d34f390dcc","bytes":100621}]},"maliciousAdvisories":[],"screenedAt":"2026-09-07T23:40:57.040Z","cacheHit":false,"clearancePath":"/home/runner/v2-THBR2Y/security/npm-observe-resolved.json"}
  SECURITY npm-observe-resolved clean: 229 exact package-version(s), tree 5b7eed1135e8
  OBSERVE   rc=0 files=1578 trace=15450 lines
  CLOSURE   208 packages evicted per arm
  ARM-FALSIFIABILITY {"manifestFiles":11,"filesTheScriptProduced":1,"reasons":[]}
  RAWLOG-FILE /home/runner/v2-THBR2Y/observe/trace.txt.gz
  RAWLOG-CAPTURE /home/runner/v2-THBR2Y/observe/capture.json
  RAWLOG-BYTES raw=3242855 gz=98273
  VENUE-INTERPRETER /opt/hostedtoolcache/node/22.23.2/x64
  VENUE-OVERRIDES {"set":{"HOME":"/home/runner/v2-THBR2Y/jailhome","TMPDIR":"/tmp/nub-tmp-obsqzmf0H","NODE_COMPAT":"1","PLAYWRIGHT_BROWSERS_PATH":"/home/runner/.cache/nub/pm/tools/ms-playwright","ELECTRON_CACHE":"/home/runner/.cache/nub/pm/tools/electron-cache","electron_config_cache":"/home/runner/.cache/nub/pm/tools/electron-cache","npm_config_prefix":"/home/runner/.cache/nub/pm/tools/npm-prefix","PYTHONDONTWRITEBYTECODE":"1","NUB_CACHE_DIR":"/home/runner/v2-THBR2Y/nubcache"},"unset":["CI","GITHUB_ACTIONS"],"passedThrough":{"CI":"true","GITHUB_ACTIONS":"true","NODE_ENV":null}}
  == ATTRIBUTION == attributed pids: 19
    writes  script 3  /  whole traced tree 1091
    sockets script 3  /  whole traced tree 7
  == ROOTS (from capture.json — R2: no ambient reads) ==
    project       /home/runner/v2-THBR2Y/observe
    home          /home/runner
    jailHome      /home/runner/v2-THBR2Y/jailhome
    globalStore   /home/runner/.cache/nub/pm/store   [declared, not keyed on]
    projectStore  /home/runner/v2-THBR2Y/observe/node_modules/.store   [declared, not keyed on]
    interpreter   /opt/hostedtoolcache/node/22.23.2/x64   [declared, not keyed on]
    toolsDir      /home/runner/.cache/nub/pm/tools   [declared, not keyed on]
    temp          /tmp/nub-tmp-obsqzmf0H
    npmPrefix     /home/runner/.cache/nub/pm/tools/npm-prefix
    ownPkg        /home/runner/v2-THBR2Y/observe/node_modules/jpegtran-bin
  == WRITES the script actually performed ==
    ownPkg        3  (base profile already grants this — NOT billed)
        /home/runner/v2-THBR2Y/observe/node_modules/jpegtran-bin/vendor
        /home/runner/v2-THBR2Y/observe/node_modules/jpegtran-bin/vendor/jpegtran
        /home/runner/v2-THBR2Y/observe/node_modules/jpegtran-bin/test/fixtures/test-optimized.jpg
  == NETWORK ==
    AF_INET sockets: 3   distinct peers: 3
        127.0.0.53:53
        104.16.11.34:443
        185.199.109.133:443
  == REFUSALS (only `= -1 EACCES/EPERM/EROFS`) ==
    distinct: 0
  == SYNTHESIZED GRANT (verify this in the real unprivileged jail) ==
    {"network":true}
  == writePaths (DERIVED — promotion out of the package's PRIVATE home) ==
    private-home writes observed: 0
    none declared — the script wrote nothing into its private home — there is nothing to promote
  == writePaths FEASIBILITY (distinct writes outside project/deps) ==
    count: 0
    EVENTS    7203 distinct from 14987 calls (15451 lines, 434 rejoined, 0 unparsed)
    PROCS     26   lifecycle shells 14
    ⛔ 1 paths with an UNRESOLVED dirfd — kept, marked, never guessed
    unsubscribed/unmapped syscalls: setsockopt×40 getsockname×29 exit×20 getsockopt×12 recvmsg×9 socketpair×6 getcwd×5 shutdown×5
    wrote /home/runner/v2-THBR2Y/observe/events.ndjson.gz (45909 bytes)
  EVENTLOG-FILE /home/runner/v2-THBR2Y/observe/events.ndjson.gz
  EVENTLOG-STATS {"lines":15451,"parsed":14987,"unparsed":0,"unfinished":434,"rejoined":434,"unresolvedDirfd":1,"truncatedArg":0,"procs":26,"lifecyclePids":14,"distinctEvents":7203,"unknownSyscall":{"getsockname":29,"getsockopt":12,"getcwd":5,"recvmsg":9,"exit":20,"setsockopt":40,"sendmmsg":2,"socketpair":6,"shutdown":5,"exit_group":4,"wait4":4},"out":"/home/runner/v2-THBR2Y/observe/events.ndjson.gz","gzipBytes":45909}
  EVICT     109 store entries removed, 5 spared as nub tooling
  SE-PURGE  0 side-effects-cache entries for jpegtran-bin
OSV-SCREEN {"schemaVersion":1,"kind":"nub-synth-resolved","status":"clean","digest":"7905cb339a206c342ed92b958a46e079a6edd27fbc81e7cffe0d4e9841538a4e","specCount":233,"lockfiles":{"digest":"5402e2293a61f120a72223ec01e8e7254573f4b4e20137ba4604145a486ef0a4","files":[{"path":"nub.lock","sha256":"d0b079c987feb3ab944e8c7c7f6ecd9a912790cbbb53a5fdb17a9c76528d52cb","bytes":56197}]},"maliciousAdvisories":[],"screenedAt":"2026-09-07T23:41:02.142Z","cacheHit":false,"clearancePath":"/home/runner/v2-THBR2Y/security/nub-synth-resolved.json"}
  SECURITY nub-synth-resolved clean: 233 exact package-version(s), tree 7905cb339a20
  VENUE-STORE-LAYOUT isolated
  VERIFY[synth] rc=0 artifacts=11/11 missing=0 shortfall=none (tree 5882/1578) OVERRIDDEN=2 REJECTED=0 grant={"network":true}
  => VERIFIED {"network":true}   (observed, then verified)
  EVICT     228 store entries removed, 5 spared as nub tooling
  SE-PURGE  0 side-effects-cache entries for jpegtran-bin
OSV-SCREEN {"schemaVersion":1,"kind":"nub-drop-no-network-resolved","status":"clean","digest":"7905cb339a206c342ed92b958a46e079a6edd27fbc81e7cffe0d4e9841538a4e","specCount":233,"lockfiles":{"digest":"5402e2293a61f120a72223ec01e8e7254573f4b4e20137ba4604145a486ef0a4","files":[{"path":"nub.lock","sha256":"d0b079c987feb3ab944e8c7c7f6ecd9a912790cbbb53a5fdb17a9c76528d52cb","bytes":56197}]},"maliciousAdvisories":[],"screenedAt":"2026-09-07T23:41:02.142Z","cacheHit":true,"clearancePath":"/home/runner/v2-THBR2Y/security/nub-drop-no-network-resolved.json"}
  SECURITY nub-drop-no-network-resolved clean: 233 exact package-version(s), tree 7905cb339a20 (cached exact-tree clearance)
  VERIFY[drop-no-network] rc=0 artifacts=10/11 missing=1 shortfall=f51458d4a712 (tree 5879/1578) OVERRIDDEN=2 REJECTED=0 grant={}
       missing: vendor/jpegtran
     'no-network' is NECESSARY — dropping it fails to verify
  => MINIMAL — every capability in {"network":true} is independently necessary
