  HARNESS-NODE /opt/hostedtoolcache/node/22.23.2/x64/bin/node (v22.23.2); arm-cap present
  ERA-NODE PINNED 14.21.3 (provisioned) (arms will run: v14.21.3)
  ERA-PYTHON /opt/hostedtoolcache/Python/3.9.25/x64/bin/python (Python 3.9.25) for era Node 14, whose node-gyp requires python3-legacy
  ARM-MAKE /usr/bin/gmake (GNU Make 4.3) — the system make; a build needing GNU Make 4 WILL fail here
### @notarize/qlc-cli@0.10.0   (/home/runner/v2-yoj9Tt)
  CI-ENV scrubbed: CI GITHUB_ACTIONS
OSV-SCREEN {"schemaVersion":1,"kind":"direct","status":"clean","digest":"f926cf11d2d2b898af1ae529d435821bb5629cd371f0b37dce6b6671fcd12313","specCount":1,"lockfiles":{"digest":null,"files":[]},"maliciousAdvisories":[],"screenedAt":"2026-08-30T01:27:58.374Z","cacheHit":false,"clearancePath":"/home/runner/v2-yoj9Tt/security/direct.json"}
  SECURITY direct clean: 1 exact package-version(s), tree f926cf11d2d2
  VENUE-OBSERVE-USER {"uid":1001,"user":"runner","umask":"0022","capBnd":"000001ffffffffff","noNewPrivs":"0"}
  VENUE-NUB-BINARY {"path":"/tmp/nub/target/release/nub","sha256":"bed0d624b324fb3de83de474ff73731ad2f1fd040ff548bb0158e2baf850701d","bytes":208304640,"features":{"buildJailCatalogOverride":true,"pythonDontWriteBytecodeEnv":true}}
  ERA-RESOLUTION DATED 2021-10-04T10:06:36.085Z (deps as of the package's own publish date + 1d)
OSV-SCREEN {"schemaVersion":1,"kind":"npm-observe-resolved","status":"clean","digest":"f926cf11d2d2b898af1ae529d435821bb5629cd371f0b37dce6b6671fcd12313","specCount":1,"lockfiles":{"digest":"e499cdfb54a4f4dfe6f723f2636a6718ff1644672032728d970fde71e2d65e26","files":[{"path":"package-lock.json","sha256":"0579803b6950e7c241d372dc823c6d59e9df5854167358be83e7c98c5dc73fc4","bytes":734}]},"maliciousAdvisories":[],"screenedAt":"2026-08-30T01:27:58.374Z","cacheHit":true,"clearancePath":"/home/runner/v2-yoj9Tt/security/npm-observe-resolved.json"}
  SECURITY npm-observe-resolved clean: 1 exact package-version(s), tree f926cf11d2d2 (cached exact-tree clearance)
  ARM-PATH SANITISED (nothing to drop)
  ARM-AMBIENT-TOOLS 7 leaked: tsc=/usr/local/bin/tsc grunt=/usr/local/bin/grunt gulp=/usr/local/bin/gulp webpack=/usr/local/bin/webpack lerna=/usr/local/bin/lerna yarn=/usr/local/bin/yarn pulumi=/usr/local/bin/pulumi
  ARM-SCAFFOLD none
  ARM-UNPROVIDABLE none
  OBSERVE   rc=0 files=11 trace=3216 lines
  CLOSURE   1 packages evicted per arm
  ARM-FALSIFIABILITY {"manifestFiles":7,"filesTheScriptProduced":1,"reasons":[]}
  RAWLOG-FILE /home/runner/v2-yoj9Tt/observe/trace.txt.gz
  RAWLOG-CAPTURE /home/runner/v2-yoj9Tt/observe/capture.json
  RAWLOG-BYTES raw=743258 gz=27060
  VENUE-INTERPRETER /opt/hostedtoolcache/node/22.23.2/x64
  VENUE-NODE-SELECTION {"pkg":"@notarize/qlc-cli","packageVersion":"0.10.0","major":14,"version":"14.21.3","npm":"6.14.18","pinnable":true,"engines":">= 10.0.0","publishedAt":"2021-10-03T10:06:36.085Z","eraMajor":14,"startMajor":14,"raisedByEngines":false,"enginesUnsatisfiable":false,"clampedToFloor":false,"clampedToCeiling":false,"matrixFloor":4,"matrixCeiling":26,"lookupFailure":null,"pinned":true,"pinnedBin":"/home/runner/.cache/nub/era-node/14.21.3/node-v14.21.3-linux-x64/bin","eraNodeRoot":"/home/runner/.cache/nub"}
  VENUE-OVERRIDES {"set":{"HOME":"/home/runner/v2-yoj9Tt/jailhome","TMPDIR":"/tmp/nub-tmp-obsCdwiwx","NODE_COMPAT":"1","PLAYWRIGHT_BROWSERS_PATH":"/home/runner/.cache/nub/pm/tools/ms-playwright","ELECTRON_CACHE":"/home/runner/.cache/nub/pm/tools/electron-cache","electron_config_cache":"/home/runner/.cache/nub/pm/tools/electron-cache","npm_config_prefix":"/home/runner/.cache/nub/pm/tools/npm-prefix","PYTHONDONTWRITEBYTECODE":"1","NUB_CACHE_DIR":"/home/runner/v2-yoj9Tt/nubcache"},"unset":["CI","GITHUB_ACTIONS"],"passedThrough":{"CI":"true","GITHUB_ACTIONS":"true","NODE_ENV":null}}
  == ATTRIBUTION == attributed pids: 19
    writes  script 2  /  whole traced tree 5
    sockets script 5  /  whole traced tree 5
  == ROOTS (from capture.json — R2: no ambient reads) ==
    project       /home/runner/v2-yoj9Tt/observe
    home          /home/runner
    jailHome      /home/runner/v2-yoj9Tt/jailhome
    globalStore   /home/runner/.cache/nub/pm/store   [declared, not keyed on]
    projectStore  /home/runner/v2-yoj9Tt/observe/node_modules/.store   [declared, not keyed on]
    interpreter   /opt/hostedtoolcache/node/22.23.2/x64   [declared, not keyed on]
    toolsDir      /home/runner/.cache/nub/pm/tools   [declared, not keyed on]
    temp          /tmp/nub-tmp-obsCdwiwx
    npmPrefix     /home/runner/.cache/nub/pm/tools/npm-prefix
    ownPkg        /home/runner/v2-yoj9Tt/observe/node_modules/@notarize/qlc-cli
  == WRITES the script actually performed ==
    ownPkg        2  (base profile already grants this — NOT billed)
        /home/runner/v2-yoj9Tt/observe/node_modules/@notarize/qlc-cli/qlc-0.10.0-x86_64-unknown-linux-musl.tar.gz
        /home/runner/v2-yoj9Tt/observe/node_modules/@notarize/qlc-cli/bin/qlc
  == NETWORK ==
    AF_INET sockets: 5   distinct peers: 2
        127.0.0.53:53
        140.82.112.4:443
  == REFUSALS (only `= -1 EACCES/EPERM/EROFS`) ==
    distinct: 0
  == SYNTHESIZED GRANT (verify this in the real unprivileged jail) ==
    {"network":true}
  == writePaths (DERIVED — promotion out of the package's PRIVATE home) ==
    private-home writes observed: 0
    none declared — the script wrote nothing into its private home — there is nothing to promote
  == writePaths FEASIBILITY (distinct writes outside project/deps) ==
    count: 0
    EVENTS    1917 distinct from 3176 calls (3217 lines, 11 rejoined, 0 unparsed)
    PROCS     25   lifecycle shells 14
    ⛔ 1 paths with an UNRESOLVED dirfd — kept, marked, never guessed
    unsubscribed/unmapped syscalls: exit×18 getsockname×9 recvmsg×9 exit_group×5 wait4×5 getsockopt×4 getcwd×3 setsockopt×2
    wrote /home/runner/v2-yoj9Tt/observe/events.ndjson.gz (12765 bytes)
  EVENTLOG-FILE /home/runner/v2-yoj9Tt/observe/events.ndjson.gz
  EVENTLOG-STATS {"lines":3217,"parsed":3176,"unparsed":0,"unfinished":11,"rejoined":11,"unresolvedDirfd":1,"truncatedArg":0,"procs":25,"lifecyclePids":14,"distinctEvents":1917,"unknownSyscall":{"getsockopt":4,"getsockname":9,"getcwd":3,"recvmsg":9,"setsockopt":2,"sendmmsg":2,"shutdown":2,"exit_group":5,"wait4":5,"exit":18},"out":"/home/runner/v2-yoj9Tt/observe/events.ndjson.gz","gzipBytes":12765}
  EVICT     0 store entries removed, 0 spared as nub tooling
  SE-PURGE  0 side-effects-cache entries for @notarize/qlc-cli
OSV-SCREEN {"schemaVersion":1,"kind":"nub-synth-resolved","status":"clean","digest":"f926cf11d2d2b898af1ae529d435821bb5629cd371f0b37dce6b6671fcd12313","specCount":1,"lockfiles":{"digest":"005818db0659f1d4a9c68c718463a55b592b252e2b2b87db871870ccfe97e740","files":[{"path":"nub.lock","sha256":"42506a16440277468a98ea47168ffa0bd42bef5dce051b096cb0bd40aab89aac","bytes":469}]},"maliciousAdvisories":[],"screenedAt":"2026-08-30T01:27:58.374Z","cacheHit":true,"clearancePath":"/home/runner/v2-yoj9Tt/security/nub-synth-resolved.json"}
  SECURITY nub-synth-resolved clean: 1 exact package-version(s), tree f926cf11d2d2 (cached exact-tree clearance)
  VENUE-STORE-LAYOUT isolated
  VERIFY[synth] rc=0 artifacts=7/7 missing=0 shortfall=none (tree 33/11) OVERRIDDEN=2 REJECTED=0 grant={"network":true}
  => VERIFIED {"network":true}   (observed, then verified)
  EVICT     2 store entries removed, 0 spared as nub tooling
  SE-PURGE  0 side-effects-cache entries for @notarize/qlc-cli
OSV-SCREEN {"schemaVersion":1,"kind":"nub-drop-no-network-resolved","status":"clean","digest":"f926cf11d2d2b898af1ae529d435821bb5629cd371f0b37dce6b6671fcd12313","specCount":1,"lockfiles":{"digest":"005818db0659f1d4a9c68c718463a55b592b252e2b2b87db871870ccfe97e740","files":[{"path":"nub.lock","sha256":"42506a16440277468a98ea47168ffa0bd42bef5dce051b096cb0bd40aab89aac","bytes":469}]},"maliciousAdvisories":[],"screenedAt":"2026-08-30T01:27:58.374Z","cacheHit":true,"clearancePath":"/home/runner/v2-yoj9Tt/security/nub-drop-no-network-resolved.json"}
  SECURITY nub-drop-no-network-resolved clean: 1 exact package-version(s), tree f926cf11d2d2 (cached exact-tree clearance)
  VERIFY[drop-no-network] rc=1 artifacts=7/7 missing=1 shortfall=132bd43a1522 (tree 34/11) OVERRIDDEN=2 REJECTED=0 grant={}
       missing: bin/qlc (0B < 5625872B)
     [drop-no-network/i] DEBUG final message final_message=; header 35435:QUERY:RD:NoError:QUERY
     [drop-no-network/i] DEBUG final message final_message=; header 18436:QUERY:RD:NoError:QUERY
     [drop-no-network/i] DEBUG final message final_message=; header 49775:QUERY:RD:NoError:QUERY
     [drop-no-network/i] DEBUG final message final_message=; header 59661:QUERY:RD:NoError:QUERY
     [drop-no-network/i] DEBUG response: ; header 18436:RESPONSE:RD,RA:NoError:QUERY
     [drop-no-network/i] DEBUG response: ; header 18436:RESPONSE:RD,RA:NoError:QUERY
     [drop-no-network/i] DEBUG response: ; header 35435:RESPONSE:RD,RA:NoError:QUERY
     [drop-no-network/i] DEBUG response: ; header 35435:RESPONSE:RD,RA:NoError:QUERY
     [drop-no-network/i] DEBUG response: ; header 59661:RESPONSE:RD,RA:NoError:QUERY
     [drop-no-network/i] DEBUG response: ; header 59661:RESPONSE:RD,RA:NoError:QUERY
     [drop-no-network/i] DEBUG response: ; header 49775:RESPONSE:RD,RA:NoError:QUERY
     [drop-no-network/i] DEBUG response: ; header 49775:RESPONSE:RD,RA:NoError:QUERY
     'no-network' is NECESSARY — dropping it fails to verify
  => MINIMAL — every capability in {"network":true} is independently necessary
