### cldr-data@33.0.0   (D:\jail\m-cldrdata-mtrnfury)
  CI-ENV scrubbed: CI GITHUB_ACTIONS
OSV-SCREEN {"schemaVersion":1,"kind":"direct","status":"clean","digest":"99e5968128a46d85eb85ddad8d5e9398feb8d3ca392ac93cade7a9d51488d35d","specCount":1,"lockfiles":{"digest":null,"files":[]},"maliciousAdvisories":[],"screenedAt":"2026-09-07T19:44:15.785Z","cacheHit":false,"clearancePath":"D:\\jail\\m-cldrdata-mtrnfury\\security\\direct.json"}
  SECURITY direct clean: 1 exact package-version(s), tree 99e5968128a4
OSV-SCREEN {"schemaVersion":1,"kind":"npm-observe-resolved","status":"clean","digest":"d19b60b5f753476cd8ba3e336cb05a164a88d975ddbec6b16f5b24d3ff0e6352","specCount":67,"lockfiles":{"digest":"0ee5e902d0b53a070071ad442336915c9bb999fab917e9c1e591a811f36276b7","files":[{"path":"package-lock.json","sha256":"dd8fd6db94dbaaba2e13c396a4b1635ffe5b364bcaa99987469168e52f2b318d","bytes":26680}]},"maliciousAdvisories":[],"screenedAt":"2026-09-07T19:44:19.398Z","cacheHit":false,"clearancePath":"D:\\jail\\m-cldrdata-mtrnfury\\security\\npm-observe-resolved.json"}
  SECURITY npm-observe-resolved clean: 67 exact package-version(s), tree d19b60b5f753
  CAPTURE user=runnervmeef0v\runneradmin elevated=True rootPid=1448 exit=0 events=474244 lost=0
  VENUE-OBSERVE-USER runnervmeef0v\runneradmin elevated=true privDropped={"SeBackupPrivilege":"removed","SeRestorePrivilege":"removed","SeTakeOwnershipPrivilege":"removed"}
  OBSERVE artifacts: 12573 files  (D:\jail\m-cldrdata-mtrnfury\observe\node_modules\cldr-data)
  ARM-FALSIFIABILITY {"manifestFiles":12573,"filesTheScriptProduced":12567,"reasons":[]}
  CLOSURE 67 packages evicted per arm
  8.3 MAP 0 components resolved on runnervmeef0v, folded into capture.json
  == ROOTS (from capture.json — R2: no ambient reads) ==
    project       D:\jail\m-cldrdata-mtrnfury\observe   [keyed on]
    home          C:\Users\runneradmin   [keyed on]
    jailHome      (null — declared inapplicable)
    globalStore   C:\Users\runneradmin\AppData\Local\nub\pm\store
    projectStore  D:\jail\m-cldrdata-mtrnfury\observe\node_modules\.store
    interpreter   C:\hostedtoolcache\windows\node\22.23.2\x64\node.exe
    toolsDir      C:\Users\runneradmin\AppData\Local\nub\pm\tools
    temp          D:\jail\m-cldrdata-mtrnfury\tmp   [keyed on]
    npmPrefix     (null — declared inapplicable)
    ownPkg        D:\jail\m-cldrdata-mtrnfury\observe\node_modules\cldr-data
  == ATTRIBUTION == lifecycle pids: 6 (root 1448)
    writes  script 12948  /  whole traced tree 12954
    peers   script 2  /  whole traced tree 2
  == WRITES ==
    deps      12947
    kernelfs      1
  == READS ==
    deps      12850
    outside     117
    project       2
    systemfs     33
    jailTmp      78
  == NETWORK ==
    distinct peers: 2
        140.82.116.4:443
        20.29.134.24:443
  == REFUSALS (adapter-classified) ==
    distinct: 0
  == SYNTHESIZED GRANT (verify this in the real unprivileged jail) ==
    {"write":{"deps":true},"network":true}
    NOTE 1 kernel/metadata writes -- not a write-grant question (rule 3)
  RAW       etw-raw.xml.gz  605694420 B xml -> 10045197 B gz (60.3x)  sha256 c9153a7836e09508…
  HEADER    etw-header.json (5075 bytes)
  DERIVED   71345 distinct from 144233 kept ops (474244 xml events, 39498 out of subtree)
  PROCS     8   thread-reattributed 0
  ⛔ 133 operations with NO OperationEnd — kept, status marked unknown
  8.3       0 expanded, 0 kept short, 0 not covered  [map: recorded 8.3 map (0 components, resolved on runnervmeef0v)]
  wrote events.ndjson.gz (1111313 bytes)
  RAWLOG-CAPTURE D:\jail\m-cldrdata-mtrnfury\cap\capture.json
  VENUE-NUB-BINARY {"path":"C:/Users/RUNNER~1/AppData/Local/Temp/nub/target/release/nub.exe","sha256":"f186817a44be332fee712b4936a071a0b5f9cde18a1d2fdc3a791729d4bf1005","bytes":68717056,"features":{"buildJailCatalogOverride":true,"pythonDontWriteBytecodeEnv":true}}
  VENUE-INTERPRETER C:\hostedtoolcache\windows\node\22.23.2\x64\node.exe
  VENUE-JAIL-ROOT D:\jail\m-cldrdata-mtrnfury
  VENUE-OVERRIDES {"set":{"npm_config_cache":"D:\\jail\\m-cldrdata-mtrnfury\\npm-cache","TMP":"D:\\jail\\m-cldrdata-mtrnfury\\tmp","TEMP":"D:\\jail\\m-cldrdata-mtrnfury\\tmp","TMPDIR":"D:\\jail\\m-cldrdata-mtrnfury\\tmp"},"unset":["CI","GITHUB_ACTIONS"],"notRedirected":{"USERPROFILE":"C:\\Users\\runneradmin","why":"the jail leaves HOME/USERPROFILE alone — `build_jail.rs` sandbox_homes() reads the ambient value and `compiler/defaults.rs` BASELINE_ENV_EXACT passes it through — so there is no private jail home to reproduce and redirecting one would measure an environment no confined script sees"},"passedThrough":{"CI":"true","GITHUB_ACTIONS":"true","NODE_ENV":null}}
  STORE   isolated virtual store at D:\jail\m-cldrdata-mtrnfury\verify-synth\.cache
  VENUE-STORE-LAYOUT isolated
OSV-SCREEN {"schemaVersion":1,"kind":"nub-synth-resolved","status":"clean","digest":"d19b60b5f753476cd8ba3e336cb05a164a88d975ddbec6b16f5b24d3ff0e6352","specCount":67,"lockfiles":{"digest":"b5f40f2711fea92e2d386d6d6326340ba121afbb3164c24bb4e54dc5998e16d4","files":[{"path":"nub.lock","sha256":"5f158a53f49e20c13e291a483b525a297485de7e80cf29a6089cc546bb5cad8f","bytes":16061}]},"maliciousAdvisories":[],"screenedAt":"2026-09-07T19:44:19.398Z","cacheHit":true,"clearancePath":"D:\\jail\\m-cldrdata-mtrnfury\\security\\nub-synth-resolved.json"}
  SECURITY nub-synth-resolved clean: 67 exact package-version(s), tree d19b60b5f753 (cached exact-tree clearance)
  VERIFY[synth] rc=0 artifacts=12573/12573 missing=0 shortfall=none (tree 19207/13255) OVERRIDDEN=2 REJECTED=0 grant={"write":{"deps":true},"network":true}
  => MINIMUM {"write":{"deps":true},"network":true}   (observed, then verified)
  STORE   isolated virtual store at D:\jail\m-cldrdata-mtrnfury\verify-nar-no-network\.cache
OSV-SCREEN {"schemaVersion":1,"kind":"nub-nar-no-network-resolved","status":"clean","digest":"d19b60b5f753476cd8ba3e336cb05a164a88d975ddbec6b16f5b24d3ff0e6352","specCount":67,"lockfiles":{"digest":"b5f40f2711fea92e2d386d6d6326340ba121afbb3164c24bb4e54dc5998e16d4","files":[{"path":"nub.lock","sha256":"5f158a53f49e20c13e291a483b525a297485de7e80cf29a6089cc546bb5cad8f","bytes":16061}]},"maliciousAdvisories":[],"screenedAt":"2026-09-07T19:44:19.398Z","cacheHit":true,"clearancePath":"D:\\jail\\m-cldrdata-mtrnfury\\security\\nub-nar-no-network-resolved.json"}
  SECURITY nub-nar-no-network-resolved clean: 67 exact package-version(s), tree d19b60b5f753 (cached exact-tree clearance)
  VERIFY[nar-no-network] rc=1 artifacts=7/12573 missing=12567 shortfall=cced7aa79891 (tree 6642/13255) OVERRIDDEN=2 REJECTED=0 grant={"write":{"deps":true}}
     missing artifacts: .gitattributes, .gitignore, .ignored-bower.json, .ignored-package.json, availableLocales.json, defaultContent.json (+12561)
     'no-network' is NECESSARY — dropping it fails to verify
  STORE   isolated virtual store at D:\jail\m-cldrdata-mtrnfury\verify-nar-no-write-deps\.cache
OSV-SCREEN {"schemaVersion":1,"kind":"nub-nar-no-write-deps-resolved","status":"clean","digest":"d19b60b5f753476cd8ba3e336cb05a164a88d975ddbec6b16f5b24d3ff0e6352","specCount":67,"lockfiles":{"digest":"b5f40f2711fea92e2d386d6d6326340ba121afbb3164c24bb4e54dc5998e16d4","files":[{"path":"nub.lock","sha256":"5f158a53f49e20c13e291a483b525a297485de7e80cf29a6089cc546bb5cad8f","bytes":16061}]},"maliciousAdvisories":[],"screenedAt":"2026-09-07T19:44:19.398Z","cacheHit":true,"clearancePath":"D:\\jail\\m-cldrdata-mtrnfury\\security\\nub-nar-no-write-deps-resolved.json"}
  SECURITY nub-nar-no-write-deps-resolved clean: 67 exact package-version(s), tree d19b60b5f753 (cached exact-tree clearance)
  VERIFY[nar-no-write-deps] rc=0 artifacts=12573/12573 missing=0 shortfall=none (tree 19207/13255) OVERRIDDEN=2 REJECTED=0 grant={"network":true}
     ⛔ OVER-PREDICTED — the strictly narrower {"network":true} also verifies; 'no-write-deps' was not needed
