OSV-SCREEN {"schemaVersion":1,"kind":"direct","status":"clean","digest":"1c4cf295bd7240644b05f173461f72ec72dd5272fa3630ded98e0366ebb882bb","specCount":1,"lockfiles":{"digest":null,"files":[]},"maliciousAdvisories":[],"screenedAt":"2026-09-08T01:53:16.854Z","cacheHit":false,"clearancePath":"/Users/runner/v2m-OMUlFf/security/direct.json"}
  SECURITY direct clean: 1 exact package-version(s), tree 1c4cf295bd72
### elm@0.15.1   (/Users/runner/v2m-OMUlFf)   nub=/tmp/nub/target/release/nub
  VENUE-NUB-BINARY {"path":"/tmp/nub/target/release/nub","sha256":"f923f9d246b7061a3e88675efb7b4fdcda741d02368002ce6e7f7044b01e7bbe","bytes":93818888,"features":{"buildJailCatalogOverride":true,"pythonDontWriteBytecodeEnv":true}}
  CI-ENV scrubbed: CI GITHUB_ACTIONS
  --- fbt preflight (advisory; never fails the run) ---
     csrutil: System Integrity Protection status: disabled.
     fbt probes visible: 93591
     fbt enable attempt: dtrace: description 'fbt:::entry ' matched 50364 probes CPU     ID                    FUNCTION:NAME 
     cwd builtin value:  
     fbt chdir symbols:  
     fbt fires on spawn-with-cwd: dtrace: invalid probe specifier fbt::chdir*:entry /progenyof($target)/ { @[probefunc] = count(); }: probe description fbt::chdir*:entry does not match any probes 
  --- end fbt preflight ---
OSV-SCREEN {"schemaVersion":1,"kind":"npm-observe-resolved","status":"clean","digest":"4ef8bc6b39b44376355f8cc671dff52deb452db2f24eaa83fa881b61272f25f9","specCount":25,"lockfiles":{"digest":"d84e8923994486555107b04cc658f4c57c3310944739e206ffbe8920c25714b0","files":[{"path":"package-lock.json","sha256":"495bbc040dfe030a0ee93ff4426faa8f4444a528abb1037128bd120c89bc3cb2","bytes":10507}]},"maliciousAdvisories":[],"screenedAt":"2026-09-08T01:53:24.768Z","cacheHit":false,"clearancePath":"/Users/runner/v2m-OMUlFf/security/npm-observe-resolved.json"}
  SECURITY npm-observe-resolved clean: 25 exact package-version(s), tree 4ef8bc6b39b4
  VENUE-CI-CHILD clean (no CI-detection variable reaches the traced script)
  --- wrapper (run.sh) ---
     cd "/Users/runner/v2m-OMUlFf/Observe"
     sudo -u "runner" -H env "PATH=$PATH"   "HOME=/Users/runner/v2m-OMUlFf/jailhome"   "TMPDIR=/private/var/folders/bl/vzjcvbz95c3dk19cb0fw46180000gn/T/nub-tmp-obsqdixaD"   "NODE_COMPAT=1"   "PYTHONDONTWRITEBYTECODE=1"   "PLAYWRIGHT_BROWSERS_PATH=/Users/runner/.cache/nub/pm/tools/ms-playwright"   "ELECTRON_CACHE=/Users/runner/.cache/nub/pm/tools/electron-cache"   "electron_config_cache=/Users/runner/.cache/nub/pm/tools/electron-cache"   "npm_config_prefix=/Users/runner/.cache/nub/pm/tools/npm-prefix"   "/Users/runner/hostedtoolcache/node/22.23.2/arm64/bin/npm" rebuild --no-audit --no-fund "elm" > "/Users/runner/v2m-OMUlFf/Observe/npm.log" 2>&1
     echo $? > "/Users/runner/v2m-OMUlFf/Observe/rc"
  --- dtrace stderr + wrapper trace ---
     + cd /Users/runner/v2m-OMUlFf/Observe
     + sudo -u runner -H env PATH=/Users/runner/hostedtoolcache/node/22.23.2/arm64/bin:/opt/homebrew/lib/ruby/gems/3.3.0/bin:/opt/homebrew/opt/ruby@3.3/bin:/Users/runner/.local/bin:/opt/homebrew/bin:/opt/homebrew/sbin:/Users/runner/.cargo/bin:/usr/local/opt/curl/bin:/usr/local/bin:/usr/local/sbin:/Users/runner/bin:/Users/runner/.yarn/bin:/Users/runner/Library/Android/sdk/tools:/Users/runner/Library/Android/sdk/platform-tools:/Library/Frameworks/Python.framework/Versions/Current/bin:/Library/Frameworks/Mono.framework/Versions/Current/Commands:/usr/bin:/bin:/usr/sbin:/sbin:/Users/runner/.dotnet/tools HOME=/Users/runner/v2m-OMUlFf/jailhome TMPDIR=/private/var/folders/bl/vzjcvbz95c3dk19cb0fw46180000gn/T/nub-tmp-obsqdixaD NODE_COMPAT=1 PYTHONDONTWRITEBYTECODE=1 PLAYWRIGHT_BROWSERS_PATH=/Users/runner/.cache/nub/pm/tools/ms-playwright ELECTRON_CACHE=/Users/runner/.cache/nub/pm/tools/electron-cache electron_config_cache=/Users/runner/.cache/nub/pm/tools/electron-cache npm_config_prefix=/Users/runner/.cache/nub/pm/tools/npm-prefix /Users/runner/hostedtoolcache/node/22.23.2/arm64/bin/npm rebuild --no-audit --no-fund elm
     dtrace: error on enabled probe ID 128 (ID 286: syscall::execve:entry): invalid address (0x6000013c90e0) in action #1 at DIF offset 20
     + echo 1
  OBSERVE   rc=1 dtrace_rc=0 files=262 (pre=260) trace=12628 lines
  => BROKEN-WITHOUT-JAIL-TOO (unjailed control failed rc=1; nothing to measure)
     npm error code 1
     npm error path /Users/runner/v2m-OMUlFf/Observe/node_modules/elm
     npm error command failed
     npm error command sh -c node install.js
     npm error Unable to download elm-reactor assets. elm-reactor may not work properly.
     npm error 404
     npm notice
     npm notice New major version of npm available! 10.9.8 -> 12.0.2
     npm notice Changelog: https://github.com/npm/cli/releases/tag/v12.0.2
     npm notice To update run: npm install -g npm@12.0.2
     npm notice
     npm error A complete log of this run can be found in: /Users/runner/v2m-OMUlFf/jailhome/.npm/_logs/2026-09-08T01_53_26_431Z-debug-0.log
