OSV-SCREEN {"schemaVersion":1,"kind":"direct","status":"clean","digest":"4f74db4e9c92992486caf487f6b3aa6951bb763b604f4caa333de943fd956911","specCount":1,"lockfiles":{"digest":null,"files":[]},"maliciousAdvisories":[],"screenedAt":"2026-09-08T05:44:53.241Z","cacheHit":false,"clearancePath":"/Users/runner/v2m-1m8VMz/security/direct.json"}
  SECURITY direct clean: 1 exact package-version(s), tree 4f74db4e9c92
### victory-bar@4.0.1   (/Users/runner/v2m-1m8VMz)   nub=/tmp/nub/target/release/nub
  VENUE-NUB-BINARY {"path":"/tmp/nub/target/release/nub","sha256":"f923f9d246b7061a3e88675efb7b4fdcda741d02368002ce6e7f7044b01e7bbe","bytes":93818888,"features":{"buildJailCatalogOverride":true,"pythonDontWriteBytecodeEnv":true}}
  CI-ENV scrubbed: CI GITHUB_ACTIONS
  --- fbt preflight (advisory; never fails the run) ---
     csrutil: System Integrity Protection status: disabled.
     fbt probes visible: 93591
     fbt enable attempt: dtrace: description 'fbt:::entry ' matched 50364 probes CPU     ID                    FUNCTION:NAME 
     cwd builtin value:  
     fbt chdir symbols:  
     fbt fires on spawn-with-cwd: dtrace: invalid probe specifier fbt::chdir*:entry /progenyof($target)/ { @[probefunc] = count(); }: probe description fbt::chdir*:entry does not match any probes 
  --- end fbt preflight ---
OSV-SCREEN {"schemaVersion":1,"kind":"npm-observe-resolved","status":"clean","digest":"e0fe934eb638234f08e597aa332d8a67db2dcde836f1a4a64eb4848f0deb863d","specCount":384,"lockfiles":{"digest":"07593b8e905ea381303a5e87b6dfd1e07244902519f91ad36b88ee403f1f71b9","files":[{"path":"package-lock.json","sha256":"5e182ab74198813df196882dc812908d3868722b14bf0e4baeed4424ed26264a","bytes":176926}]},"maliciousAdvisories":[],"screenedAt":"2026-09-08T05:45:05.073Z","cacheHit":false,"clearancePath":"/Users/runner/v2m-1m8VMz/security/npm-observe-resolved.json"}
  SECURITY npm-observe-resolved clean: 384 exact package-version(s), tree e0fe934eb638
  VENUE-CI-CHILD clean (no CI-detection variable reaches the traced script)
  --- wrapper (run.sh) ---
     cd "/Users/runner/v2m-1m8VMz/Observe"
     sudo -u "runner" -H env "PATH=$PATH"   "HOME=/Users/runner/v2m-1m8VMz/jailhome"   "TMPDIR=/private/var/folders/bl/vzjcvbz95c3dk19cb0fw46180000gn/T/nub-tmp-obs3JjaQY"   "NODE_COMPAT=1"   "PYTHONDONTWRITEBYTECODE=1"   "PLAYWRIGHT_BROWSERS_PATH=/Users/runner/.cache/nub/pm/tools/ms-playwright"   "ELECTRON_CACHE=/Users/runner/.cache/nub/pm/tools/electron-cache"   "electron_config_cache=/Users/runner/.cache/nub/pm/tools/electron-cache"   "npm_config_prefix=/Users/runner/.cache/nub/pm/tools/npm-prefix"   "/Users/runner/hostedtoolcache/node/22.23.2/arm64/bin/npm" rebuild --no-audit --no-fund "victory-bar" > "/Users/runner/v2m-1m8VMz/Observe/npm.log" 2>&1
     echo $? > "/Users/runner/v2m-1m8VMz/Observe/rc"
  --- dtrace stderr + wrapper trace ---
     + cd /Users/runner/v2m-1m8VMz/Observe
     + sudo -u runner -H env PATH=/Users/runner/hostedtoolcache/node/22.23.2/arm64/bin:/opt/homebrew/lib/ruby/gems/3.3.0/bin:/opt/homebrew/opt/ruby@3.3/bin:/Users/runner/.local/bin:/opt/homebrew/bin:/opt/homebrew/sbin:/Users/runner/.cargo/bin:/usr/local/opt/curl/bin:/usr/local/bin:/usr/local/sbin:/Users/runner/bin:/Users/runner/.yarn/bin:/Users/runner/Library/Android/sdk/tools:/Users/runner/Library/Android/sdk/platform-tools:/Library/Frameworks/Python.framework/Versions/Current/bin:/Library/Frameworks/Mono.framework/Versions/Current/Commands:/usr/bin:/bin:/usr/sbin:/sbin:/Users/runner/.dotnet/tools HOME=/Users/runner/v2m-1m8VMz/jailhome TMPDIR=/private/var/folders/bl/vzjcvbz95c3dk19cb0fw46180000gn/T/nub-tmp-obs3JjaQY NODE_COMPAT=1 PYTHONDONTWRITEBYTECODE=1 PLAYWRIGHT_BROWSERS_PATH=/Users/runner/.cache/nub/pm/tools/ms-playwright ELECTRON_CACHE=/Users/runner/.cache/nub/pm/tools/electron-cache electron_config_cache=/Users/runner/.cache/nub/pm/tools/electron-cache npm_config_prefix=/Users/runner/.cache/nub/pm/tools/npm-prefix /Users/runner/hostedtoolcache/node/22.23.2/arm64/bin/npm rebuild --no-audit --no-fund victory-bar
     dtrace: error on enabled probe ID 128 (ID 286: syscall::execve:entry): invalid address (0x600001634000) in action #1 at DIF offset 20
     + echo 0
  OBSERVE   rc=0 dtrace_rc=0 files=6972 (pre=6970) trace=12663 lines
  CLOSURE   338 packages evicted per arm   store=/Users/runner/.cache/nub/pm/store
  RAWLOG-FILE /Users/runner/v2m-1m8VMz/Observe/trace.txt.gz
  RAWLOG-CAPTURE /Users/runner/v2m-1m8VMz/Observe/capture.json
  RAWLOG-BYTES raw=2174363 gz=71816
  VENUE-INTERPRETER /Users/runner/hostedtoolcache/node/22.23.2/arm64
  VENUE-OVERRIDES {"set":{"PATH":"inherited-and-forwarded","HOME":"/Users/runner/v2m-1m8VMz/jailhome","TMPDIR":"/private/var/folders/bl/vzjcvbz95c3dk19cb0fw46180000gn/T/nub-tmp-obs3JjaQY","NODE_COMPAT":"1","PYTHONDONTWRITEBYTECODE":"1","PLAYWRIGHT_BROWSERS_PATH":"/Users/runner/.cache/nub/pm/tools/ms-playwright","ELECTRON_CACHE":"/Users/runner/.cache/nub/pm/tools/electron-cache","electron_config_cache":"/Users/runner/.cache/nub/pm/tools/electron-cache","npm_config_prefix":"/Users/runner/.cache/nub/pm/tools/npm-prefix"},"unset":["(sudo env_reset discards the caller environment; every var above is re-set after it)","CI","GITHUB_ACTIONS"],"passedThrough":{"CI":"true","GITHUB_ACTIONS":"true","NODE_ENV":null}}
  VENUE-OBSERVE-USER runner uid=501 (R7: ordinary non-root user, asserted)
  ARM-FALSIFIABILITY {"manifestFiles":30,"filesTheScriptProduced":0,"reasons":["gate-vacuous"]}
  ⛔ ARMS-UNFALSIFIABLE — a green arm for this package carries no evidence:
       gate-vacuous: the script changed no file the artifact gate keys on — every file in the manifest (30) was already present at its final size before the script ran, so the gate passes in every arm including a completely broken one
       The grant may still be correct; what is missing is a signal that could have gone
       red. Do not read this record's MINIMAL as a passing measurement.
  EVENTLOG-FILE /Users/runner/v2m-1m8VMz/Observe/events.ndjson.gz
  EVENTLOG-STATS {"lines":12664,"parsed":12646,"unparsed":0,"live":true,"tracerErrors":1,"tracerErrorTotal":1,"unresolvedDirfd":18,"unresolvedFd":0,"pairedTwoPath":541,"danglingPair":0,"failed":4905,"enoent":4902,"refusals":0,"byErrno":{"ENXIO":3,"ENOENT":4902},"procs":5,"lifecyclePids":1,"distinctEvents":6064,"emitted":6064,"calls":12095,"bytes":1217269,"gzipBytes":41160,"out":"/Users/runner/v2m-1m8VMz/Observe/events.ndjson"}
  == TRACER == live=true decodable-events=3515 dropped-events=1
    NOTE 12 relative path(s) under a non-AT_FDCWD dirfd were not
       scope-assigned: resolving them against the cwd would invent a path.
    ⛔ CWD-UNOBSERVED 1 relative path(s) (0 write(s)) came from a lifecycle
       process whose own cwd was never observed
       macOS spawns with posix_spawn addchdir_np, which changes directory in-kernel and
       emits no chdir syscall, so the inherited cwd cannot be trusted. These are NOT
       scope-assigned; the grant below is WIDENED instead so it covers wherever they landed.
         pid=14685 read  unproven .
    ⛔ THE TRACER DROPPED 1 EVENT(S). A dropped event is a path never
       seen, so the grant below can only be too NARROW — the direction that breaks installs.
       Treat it as a FLOOR, not a measurement, until the adapter fault is fixed:
             1 x  epid=128 action=1 fault=1 addr=0x600001634000
  == ATTRIBUTION == lifecycle pids: 1
    writes  script 1  /  whole traced subtree 1091
    sockets script 0  /  whole traced subtree 1
  == ROOTS (from /Users/runner/v2m-1m8VMz/Observe/capture.json; the classifier reads no other source) ==
    project       /Users/runner/v2m-1m8VMz/Observe
    home          /Users/runner
    jailHome      /Users/runner/v2m-1m8VMz/jailhome
    globalStore   /Users/runner/.cache/nub/pm/store
    projectStore  /Users/runner/v2m-1m8VMz/Observe/node_modules/.store
    interpreter   /Users/runner/hostedtoolcache/node/22.23.2/arm64
    toolsDir      /Users/runner/.cache/nub/pm/tools
    temp          /private/var/folders/bl/vzjcvbz95c3dk19cb0fw46180000gn/T/nub-tmp-obs3JjaQY
    npmPrefix     /Users/runner/.cache/nub/pm/tools/npm-prefix
    ownPkg        /Users/runner/v2m-1m8VMz/Observe/node_modules/victory-bar
    cwd           (null — this platform has no such root)
  == WRITES the script actually performed ==
    systemfs      1
        /dev/dtracehelper
  == READS the script performed, by scope ==
    outside       3
    systemfs      6
        outside: /
        outside: /bin/bash
        outside: /bin
  == NETWORK ==
    AF_INET connects: 0   distinct peers: 0
  == REFUSALS (errno EPERM/EACCES/EROFS only; ENOENT is a miss, not a denial) ==
    distinct: 0
  == SYNTHESIZED GRANT (verify this in the real unprivileged jail) ==
    {}
  == writePaths (DERIVED — promotion out of the package's PRIVATE home) ==
    private-home writes observed: 0
    none declared — the script wrote nothing into its private home — there is nothing to promote
  == writePaths FEASIBILITY (distinct writes outside project/deps) ==
    count: 0
  scaffold: 5 dependency package(s) with lifecycle scripts granted a fixed wide grant
  EVICT[synth] 58 store entries removed, 3 spared as nub tooling, 293 in store
OSV-SCREEN {"schemaVersion":1,"kind":"nub-synth-resolved","status":"clean","digest":"6702b2590f72812ad47fe91a384e01275de02b692ac72d4a72f75fdc72bfd5eb","specCount":384,"lockfiles":{"digest":"407b948ac4df1d49603e1c4b6315fa8f9d261671c697f531aac219a90600938c","files":[{"path":"nub.lock","sha256":"418eb60a84451bfbe11603ae110bd56190313d03803eb4498f23425370941883","bytes":98410}]},"maliciousAdvisories":[],"screenedAt":"2026-09-08T05:45:11.901Z","cacheHit":false,"clearancePath":"/Users/runner/v2m-1m8VMz/security/nub-synth-resolved.json"}
  SECURITY nub-synth-resolved clean: 384 exact package-version(s), tree 6702b2590f72
  VENUE-STORE-LAYOUT isolated
  VERIFY[synth] rc=0 artifacts=29/29 missing=0 shortfall=none (tree 27845/6972) OVERRIDDEN=3 REJECTED=0 grant={}
  => VERIFIED {}
  NARROW    no capability to drop — the grant is already empty; over-prediction is 0 by construction
### DONE victory-bar@4.0.1  synthesized={} verified=1
