### maplibre-gl@2.4.0   (D:\jail\m-maplibregl-mtsh3trp)
  CI-ENV scrubbed: CI GITHUB_ACTIONS
OSV-SCREEN {"schemaVersion":1,"kind":"direct","status":"clean","digest":"fc4ca9d52cdc8f12e93748bfe73d340b6249744bc18b40513b500f7afea6c52e","specCount":1,"lockfiles":{"digest":null,"files":[]},"maliciousAdvisories":[],"screenedAt":"2026-09-08T09:34:43.040Z","cacheHit":false,"clearancePath":"D:\\jail\\m-maplibregl-mtsh3trp\\security\\direct.json"}
  SECURITY direct clean: 1 exact package-version(s), tree fc4ca9d52cdc
OSV-SCREEN {"schemaVersion":1,"kind":"npm-observe-resolved","status":"clean","digest":"ebfba52ccdb4e132c96fd4fa643053cdb05d3f2ed38d6fe54e4d7751b01d377e","specCount":35,"lockfiles":{"digest":"928b3d3f2934236d50e9e1c4c345c9bbfa1d4342d92b93e082bfb0aaa91e5ad9","files":[{"path":"package-lock.json","sha256":"de191c76a4a2d3b44096e7280763ff2fdcfa65fa6eb2a68c15c48c852c2e8e37","bytes":13447}]},"maliciousAdvisories":[],"screenedAt":"2026-09-08T09:34:45.861Z","cacheHit":false,"clearancePath":"D:\\jail\\m-maplibregl-mtsh3trp\\security\\npm-observe-resolved.json"}
  SECURITY npm-observe-resolved clean: 35 exact package-version(s), tree ebfba52ccdb4
  CAPTURE user=runnervmeef0v\runneradmin elevated=True rootPid=2996 exit=0 events=21624 lost=0
  VENUE-OBSERVE-USER runnervmeef0v\runneradmin elevated=true privDropped={"SeBackupPrivilege":"removed","SeRestorePrivilege":"removed","SeTakeOwnershipPrivilege":"removed"}
  OBSERVE artifacts: 626 files  (D:\jail\m-maplibregl-mtsh3trp\observe\node_modules\maplibre-gl)
  ARM-FALSIFIABILITY {"manifestFiles":627,"filesTheScriptProduced":0,"reasons":["gate-vacuous"]}
  ⛔ ARMS-UNFALSIFIABLE — a green arm for this package carries no evidence:
       gate-vacuous: the script changed no file the artifact gate keys on — every file in the manifest (627) was already present at its final size before the script ran, so the gate passes in every arm including a completely broken one
       The grant may still be correct; what is missing is a signal that could have gone
       red. Do not read this record's MINIMAL as a passing measurement.
  CLOSURE 35 packages evicted per arm
  8.3 MAP 0 components resolved on runnervmeef0v, folded into capture.json
  == ROOTS (from capture.json — R2: no ambient reads) ==
    project       D:\jail\m-maplibregl-mtsh3trp\observe   [keyed on]
    home          C:\Users\runneradmin   [keyed on]
    jailHome      (null — declared inapplicable)
    globalStore   C:\Users\runneradmin\AppData\Local\nub\pm\store
    projectStore  D:\jail\m-maplibregl-mtsh3trp\observe\node_modules\.store
    interpreter   C:\hostedtoolcache\windows\node\22.23.2\x64\node.exe
    toolsDir      C:\Users\runneradmin\AppData\Local\nub\pm\tools
    temp          D:\jail\m-maplibregl-mtsh3trp\tmp   [keyed on]
    npmPrefix     (null — declared inapplicable)
    ownPkg        D:\jail\m-maplibregl-mtsh3trp\observe\node_modules\maplibre-gl
  == ATTRIBUTION == lifecycle pids: 2 (root 2996)
    writes  script 0  /  whole traced tree 7
    peers   script 0  /  whole traced tree 0
  == WRITES ==
  == READS ==
    deps          5
    outside       6
    project       1
    systemfs     23
  == NETWORK ==
    distinct peers: 0
  == REFUSALS (adapter-classified) ==
    distinct: 0
  == SYNTHESIZED GRANT (verify this in the real unprivileged jail) ==
    {}
  RAW       etw-raw.xml.gz  27582321 B xml -> 401203 B gz (68.7x)  sha256 8b17a08f1cdc1032…
  HEADER    etw-header.json (5075 bytes)
  DERIVED   5259 distinct from 6415 kept ops (21624 xml events, 1656 out of subtree)
  PROCS     4   thread-reattributed 0
  8.3       0 expanded, 0 kept short, 0 not covered  [map: recorded 8.3 map (0 components, resolved on runnervmeef0v)]
  wrote events.ndjson.gz (66403 bytes)
  RAWLOG-CAPTURE D:\jail\m-maplibregl-mtsh3trp\cap\capture.json
  VENUE-NUB-BINARY {"path":"C:/Users/RUNNER~1/AppData/Local/Temp/nub/target/release/nub.exe","sha256":"f186817a44be332fee712b4936a071a0b5f9cde18a1d2fdc3a791729d4bf1005","bytes":68717056,"features":{"buildJailCatalogOverride":true,"pythonDontWriteBytecodeEnv":true}}
  VENUE-INTERPRETER C:\hostedtoolcache\windows\node\22.23.2\x64\node.exe
  VENUE-JAIL-ROOT D:\jail\m-maplibregl-mtsh3trp
  VENUE-OVERRIDES {"set":{"npm_config_cache":"D:\\jail\\m-maplibregl-mtsh3trp\\npm-cache","TMP":"D:\\jail\\m-maplibregl-mtsh3trp\\tmp","TEMP":"D:\\jail\\m-maplibregl-mtsh3trp\\tmp","TMPDIR":"D:\\jail\\m-maplibregl-mtsh3trp\\tmp"},"unset":["CI","GITHUB_ACTIONS"],"notRedirected":{"USERPROFILE":"C:\\Users\\runneradmin","why":"the jail leaves HOME/USERPROFILE alone — `build_jail.rs` sandbox_homes() reads the ambient value and `compiler/defaults.rs` BASELINE_ENV_EXACT passes it through — so there is no private jail home to reproduce and redirecting one would measure an environment no confined script sees"},"passedThrough":{"CI":"true","GITHUB_ACTIONS":"true","NODE_ENV":null}}
  STORE   isolated virtual store at D:\jail\m-maplibregl-mtsh3trp\verify-synth\.cache
  VENUE-STORE-LAYOUT isolated
OSV-SCREEN {"schemaVersion":1,"kind":"nub-synth-resolved","status":"clean","digest":"ebfba52ccdb4e132c96fd4fa643053cdb05d3f2ed38d6fe54e4d7751b01d377e","specCount":35,"lockfiles":{"digest":"8c0797c8232f703cea6779eea34ccff27c7666507b056ed5e165d0f7d2749043","files":[{"path":"nub.lock","sha256":"169c3a5a228c720e7b6d79e6dc14bd9ff9830ca4329f1dcbe73d0393be51a99d","bytes":8021}]},"maliciousAdvisories":[],"screenedAt":"2026-09-08T09:34:45.861Z","cacheHit":true,"clearancePath":"D:\\jail\\m-maplibregl-mtsh3trp\\security\\nub-synth-resolved.json"}
  SECURITY nub-synth-resolved clean: 35 exact package-version(s), tree ebfba52ccdb4 (cached exact-tree clearance)
  VERIFY[synth] rc=0 artifacts=626/626 missing=0 shortfall=none (tree 7406/952) OVERRIDDEN=2 REJECTED=0 grant={}
  => MINIMUM {}   (observed, then verified)
  DESCEND   grant is already empty — nothing to narrow; MINIMAL by construction.
