### @stdlib/math-base-assert-is-nan@0.0.6   (/home/runner/v2-aa7lhI)
  CI-ENV scrubbed: CI GITHUB_ACTIONS
OSV-SCREEN {"schemaVersion":1,"kind":"direct","status":"clean","digest":"f2b4dec63c1645b540fc33e8304bb302e60c1186cb36b8f8ecc6ab96aed4b83c","specCount":1,"lockfiles":{"digest":null,"files":[]},"maliciousAdvisories":[],"screenedAt":"2026-09-08T00:32:05.736Z","cacheHit":false,"clearancePath":"/home/runner/v2-aa7lhI/security/direct.json"}
  SECURITY direct clean: 1 exact package-version(s), tree f2b4dec63c16
  VENUE-OBSERVE-USER {"uid":1001,"user":"runner","umask":"0022","capBnd":"000001ffffffffff","noNewPrivs":"0"}
  VENUE-NUB-BINARY {"path":"/tmp/nub/target/release/nub","sha256":"2a18683f50f7afeb02a521cd3cae175dc2f91780d461c5f012065241f5a1447b","bytes":207643464,"features":{"buildJailCatalogOverride":true,"pythonDontWriteBytecodeEnv":true}}
OSV-SCREEN {"schemaVersion":1,"kind":"npm-observe-resolved","status":"clean","digest":"c8cca29bd6446f79fa1474f713244ddbed0000efaf665e0a008705376a5fc55d","specCount":58,"lockfiles":{"digest":"214cc3a5ebde64caded52f902c013d7e582037d5af6cc164eb7620053c8fc90e","files":[{"path":"package-lock.json","sha256":"2bc3097721b9c2fdf8566824b1a0d80a9b596be24c5357f9303527b7eb09f9b6","bytes":46095}]},"maliciousAdvisories":[],"screenedAt":"2026-09-08T00:32:10.494Z","cacheHit":false,"clearancePath":"/home/runner/v2-aa7lhI/security/npm-observe-resolved.json"}
  SECURITY npm-observe-resolved clean: 58 exact package-version(s), tree c8cca29bd644
  OBSERVE   rc=0 files=773 trace=102323 lines
  CLOSURE   58 packages evicted per arm
  ARM-FALSIFIABILITY {"manifestFiles":34,"filesTheScriptProduced":17,"reasons":[]}
  RAWLOG-FILE /home/runner/v2-aa7lhI/observe/trace.txt.gz
  RAWLOG-CAPTURE /home/runner/v2-aa7lhI/observe/capture.json
  RAWLOG-BYTES raw=18760510 gz=464503
  VENUE-INTERPRETER /opt/hostedtoolcache/node/22.23.2/x64
  VENUE-OVERRIDES {"set":{"HOME":"/home/runner/v2-aa7lhI/jailhome","TMPDIR":"/tmp/nub-tmp-obsS8RsDW","NODE_COMPAT":"1","PLAYWRIGHT_BROWSERS_PATH":"/home/runner/.cache/nub/pm/tools/ms-playwright","ELECTRON_CACHE":"/home/runner/.cache/nub/pm/tools/electron-cache","electron_config_cache":"/home/runner/.cache/nub/pm/tools/electron-cache","npm_config_prefix":"/home/runner/.cache/nub/pm/tools/npm-prefix","PYTHONDONTWRITEBYTECODE":"1","NUB_CACHE_DIR":"/home/runner/v2-aa7lhI/nubcache"},"unset":["CI","GITHUB_ACTIONS"],"passedThrough":{"CI":"true","GITHUB_ACTIONS":"true","NODE_ENV":null}}
  == ATTRIBUTION == attributed pids: 123
    writes  script 6692  /  whole traced tree 7780
    sockets script 4  /  whole traced tree 8
  == ROOTS (from capture.json — R2: no ambient reads) ==
    project       /home/runner/v2-aa7lhI/observe
    home          /home/runner
    jailHome      /home/runner/v2-aa7lhI/jailhome
    globalStore   /home/runner/.cache/nub/pm/store   [declared, not keyed on]
    projectStore  /home/runner/v2-aa7lhI/observe/node_modules/.store   [declared, not keyed on]
    interpreter   /opt/hostedtoolcache/node/22.23.2/x64   [declared, not keyed on]
    toolsDir      /home/runner/.cache/nub/pm/tools   [declared, not keyed on]
    temp          /tmp/nub-tmp-obsS8RsDW
    npmPrefix     /home/runner/.cache/nub/pm/tools/npm-prefix
    ownPkg        /home/runner/v2-aa7lhI/observe/node_modules/@stdlib/math-base-assert-is-nan
  == WRITES the script actually performed ==
    jailHome   3328  (base profile already grants this — NOT billed)
        /home/runner/v2-aa7lhI/jailhome/.cache
        /home/runner/v2-aa7lhI/jailhome/.cache/node-gyp
        /home/runner/v2-aa7lhI/jailhome/.cache/node-gyp/22.23.2
        /home/runner/v2-aa7lhI/jailhome/.cache/node-gyp/22.23.2/include
        /home/runner/v2-aa7lhI/jailhome/.cache/node-gyp/22.23.2/include/node
        /home/runner/v2-aa7lhI/jailhome/.cache/node-gyp/22.23.2/include/node/common.gypi
        /home/runner/v2-aa7lhI/jailhome/.cache/node-gyp/22.23.2/include/node/config.gypi
        /home/runner/v2-aa7lhI/jailhome/.cache/node-gyp/22.23.2/include/node/cppgc
        /home/runner/v2-aa7lhI/jailhome/.cache/node-gyp/22.23.2/include/node/cppgc/allocation.h
        /home/runner/v2-aa7lhI/jailhome/.cache/node-gyp/22.23.2/include/node/cppgc/common.h
        … and 3318 more
    jailTmp    3331  (base profile already grants this — NOT billed)
        /tmp/nub-tmp-obsS8RsDW/node-gyp-tmp-mnPjJf
        /tmp/nub-tmp-obsS8RsDW/node-gyp-tmp-mnPjJf/include
        /tmp/nub-tmp-obsS8RsDW/node-gyp-tmp-mnPjJf/include/node
        /tmp/nub-tmp-obsS8RsDW/node-gyp-tmp-mnPjJf/include/node/v8-locker.h
        /tmp/nub-tmp-obsS8RsDW/node-gyp-tmp-mnPjJf/include/node/zconf.h
        /tmp/nub-tmp-obsS8RsDW/node-gyp-tmp-mnPjJf/include/node/v8config.h
        /tmp/nub-tmp-obsS8RsDW/node-gyp-tmp-mnPjJf/include/node/common.gypi
        /tmp/nub-tmp-obsS8RsDW/node-gyp-tmp-mnPjJf/include/node/v8-object.h
        /tmp/nub-tmp-obsS8RsDW/node-gyp-tmp-mnPjJf/include/node/v8-forward.h
        /tmp/nub-tmp-obsS8RsDW/node-gyp-tmp-mnPjJf/include/node/v8-profiler.h
        … and 3321 more
    ownPkg       32  (base profile already grants this — NOT billed)
        /home/runner/v2-aa7lhI/observe/node_modules/@stdlib/math-base-assert-is-nan/build
        /home/runner/v2-aa7lhI/observe/node_modules/@stdlib/math-base-assert-is-nan/build/config.gypi
        /home/runner/v2-aa7lhI/observe/node_modules/@stdlib/math-base-assert-is-nan/build/Makefile
        /home/runner/v2-aa7lhI/observe/node_modules/@stdlib/math-base-assert-is-nan/build/addon.target.mk
        /home/runner/v2-aa7lhI/observe/node_modules/@stdlib/math-base-assert-is-nan/build/copy_addon.target.mk
        /home/runner/v2-aa7lhI/observe/node_modules/@stdlib/math-base-assert-is-nan/build/binding.Makefile
        /home/runner/v2-aa7lhI/observe/node_modules/@stdlib/math-base-assert-is-nan/build/node_gyp_bins
        /home/runner/v2-aa7lhI/observe/node_modules/@stdlib/math-base-assert-is-nan/build/node_gyp_bins/python3
        /home/runner/v2-aa7lhI/observe/node_modules/@stdlib/math-base-assert-is-nan/build/Release
        /home/runner/v2-aa7lhI/observe/node_modules/@stdlib/math-base-assert-is-nan/build/obj.target
        … and 22 more
    kernelfs      1
        /dev/null
  == NETWORK ==
    AF_INET sockets: 4   distinct peers: 3
        127.0.0.53:53
        104.16.1.34:443
        104.16.212.131:443
  == REFUSALS (only `= -1 EACCES/EPERM/EROFS`) ==
    distinct: 0
  == SYNTHESIZED GRANT (verify this in the real unprivileged jail) ==
    {"network":true}
    NOTE 1 kernel-fs touches (/proc,/sys,/dev) — a READ floor question, not a write grant
  == writePaths (DERIVED — promotion out of the package's PRIVATE home) ==
    private-home writes observed: 3328
    none declared — every write was a FILE at the top of the private home, or landed in a directory the TOOLCHAIN owns (see `writePathsDeny`) — an entry names a directory belonging to the PACKAGE, so there is nothing to name
  == writePaths FEASIBILITY (distinct writes outside project/deps) ==
    count: 0
    EVENTS    35927 distinct from 95186 calls (102324 lines, 6970 rejoined, 0 unparsed)
    PROCS     130   lifecycle shells 118
    ⛔ 3 paths with an UNRESOLVED dirfd — kept, marked, never guessed
    unsubscribed/unmapped syscalls: getcwd×113 wait4×102 exit_group×84 setsockopt×58 getsockname×55 getsockopt×40 exit×40 recvmsg×9
    wrote /home/runner/v2-aa7lhI/observe/events.ndjson.gz (204731 bytes)
  EVENTLOG-FILE /home/runner/v2-aa7lhI/observe/events.ndjson.gz
  EVENTLOG-STATS {"lines":102324,"parsed":95186,"unparsed":0,"unfinished":6970,"rejoined":6970,"unresolvedDirfd":3,"truncatedArg":0,"procs":130,"lifecyclePids":118,"distinctEvents":35927,"unknownSyscall":{"getsockname":55,"getsockopt":40,"getcwd":113,"recvmsg":9,"exit":40,"setsockopt":58,"sendmmsg":2,"socketpair":9,"shutdown":9,"exit_group":84,"wait4":102},"out":"/home/runner/v2-aa7lhI/observe/events.ndjson.gz","gzipBytes":204731}
  EVICT     7 store entries removed, 0 spared as nub tooling
  SE-PURGE  0 side-effects-cache entries for @stdlib/math-base-assert-is-nan
OSV-SCREEN {"schemaVersion":1,"kind":"nub-synth-resolved","status":"clean","digest":"c8cca29bd6446f79fa1474f713244ddbed0000efaf665e0a008705376a5fc55d","specCount":58,"lockfiles":{"digest":"655a84f5eb5163d3bebce37e265961aad6182d027a3e36f314ca534f3ed5c14d","files":[{"path":"nub.lock","sha256":"6df4936a1379e31993b901b57881bdd133da5772f7445fe5402c5fea5991575e","bytes":24734}]},"maliciousAdvisories":[],"screenedAt":"2026-09-08T00:32:10.494Z","cacheHit":true,"clearancePath":"/home/runner/v2-aa7lhI/security/nub-synth-resolved.json"}
  SECURITY nub-synth-resolved clean: 58 exact package-version(s), tree c8cca29bd644 (cached exact-tree clearance)
  VENUE-STORE-LAYOUT isolated
  VERIFY[synth] rc=0 artifacts=34/34 missing=0 shortfall=none (tree 3228/773) OVERRIDDEN=3 REJECTED=0 grant={"network":true}
  => VERIFIED {"network":true}   (observed, then verified)
  EVICT     58 store entries removed, 0 spared as nub tooling
  SE-PURGE  0 side-effects-cache entries for @stdlib/math-base-assert-is-nan
OSV-SCREEN {"schemaVersion":1,"kind":"nub-drop-no-network-resolved","status":"clean","digest":"c8cca29bd6446f79fa1474f713244ddbed0000efaf665e0a008705376a5fc55d","specCount":58,"lockfiles":{"digest":"655a84f5eb5163d3bebce37e265961aad6182d027a3e36f314ca534f3ed5c14d","files":[{"path":"nub.lock","sha256":"6df4936a1379e31993b901b57881bdd133da5772f7445fe5402c5fea5991575e","bytes":24734}]},"maliciousAdvisories":[],"screenedAt":"2026-09-08T00:32:10.494Z","cacheHit":true,"clearancePath":"/home/runner/v2-aa7lhI/security/nub-drop-no-network-resolved.json"}
  SECURITY nub-drop-no-network-resolved clean: 58 exact package-version(s), tree c8cca29bd644 (cached exact-tree clearance)
  VERIFY[drop-no-network] rc=0 artifacts=34/34 missing=0 shortfall=none (tree 3228/773) OVERRIDDEN=3 REJECTED=0 grant={}
     ⛔ OVER-PREDICTED: dropping 'no-network' STILL VERIFIES — {} is sufficient
  => OVER-PREDICTED by: no-network  (synthesized {"network":true}; each named capability drops on its own)
