### hugo-extended@0.140.2   (/home/runner/v2-7M340u)
  CI-ENV scrubbed: CI GITHUB_ACTIONS
OSV-SCREEN {"schemaVersion":1,"kind":"direct","status":"clean","digest":"5d871bc4ee1b399def945d2027b1cf4a94d2f4141810c2a3163bd473bf39a14c","specCount":1,"lockfiles":{"digest":null,"files":[]},"maliciousAdvisories":[],"screenedAt":"2026-09-07T23:21:46.254Z","cacheHit":false,"clearancePath":"/home/runner/v2-7M340u/security/direct.json"}
  SECURITY direct clean: 1 exact package-version(s), tree 5d871bc4ee1b
  VENUE-OBSERVE-USER {"uid":1001,"user":"runner","umask":"0022","capBnd":"000001ffffffffff","noNewPrivs":"0"}
  VENUE-NUB-BINARY {"path":"/tmp/nub/target/release/nub","sha256":"2a18683f50f7afeb02a521cd3cae175dc2f91780d461c5f012065241f5a1447b","bytes":207643464,"features":{"buildJailCatalogOverride":true,"pythonDontWriteBytecodeEnv":true}}
OSV-SCREEN {"schemaVersion":1,"kind":"npm-observe-resolved","status":"clean","digest":"6af5518ae4d6c024a15f14c87ee24a74ad24c8eb86e4ef03a62dc664e8e66ab3","specCount":145,"lockfiles":{"digest":"0848aa71f241ce5efc4a8a779ba06110c77565c70b553f08ef0e2e4b92c46d46","files":[{"path":"package-lock.json","sha256":"4017f7710d81c47518ac6a5f305202cc8fa7197de1934710eb1c6b7c25a2dfe8","bytes":63461}]},"maliciousAdvisories":[],"screenedAt":"2026-09-07T23:21:48.069Z","cacheHit":false,"clearancePath":"/home/runner/v2-7M340u/security/npm-observe-resolved.json"}
  SECURITY npm-observe-resolved clean: 145 exact package-version(s), tree 6af5518ae4d6
  OBSERVE   rc=0 files=1315 trace=15641 lines
  CLOSURE   136 packages evicted per arm
  ARM-FALSIFIABILITY {"manifestFiles":12,"filesTheScriptProduced":3,"reasons":[]}
  RAWLOG-FILE /home/runner/v2-7M340u/observe/trace.txt.gz
  RAWLOG-CAPTURE /home/runner/v2-7M340u/observe/capture.json
  RAWLOG-BYTES raw=3270776 gz=98727
  VENUE-INTERPRETER /opt/hostedtoolcache/node/22.23.2/x64
  VENUE-OVERRIDES {"set":{"HOME":"/home/runner/v2-7M340u/jailhome","TMPDIR":"/tmp/nub-tmp-obsnwCQfc","NODE_COMPAT":"1","PLAYWRIGHT_BROWSERS_PATH":"/home/runner/.cache/nub/pm/tools/ms-playwright","ELECTRON_CACHE":"/home/runner/.cache/nub/pm/tools/electron-cache","electron_config_cache":"/home/runner/.cache/nub/pm/tools/electron-cache","npm_config_prefix":"/home/runner/.cache/nub/pm/tools/npm-prefix","PYTHONDONTWRITEBYTECODE":"1","NUB_CACHE_DIR":"/home/runner/v2-7M340u/nubcache"},"unset":["CI","GITHUB_ACTIONS"],"passedThrough":{"CI":"true","GITHUB_ACTIONS":"true","NODE_ENV":null}}
  == ATTRIBUTION == attributed pids: 26
    writes  script 7  /  whole traced tree 1095
    sockets script 7  /  whole traced tree 13
  == ROOTS (from capture.json — R2: no ambient reads) ==
    project       /home/runner/v2-7M340u/observe
    home          /home/runner
    jailHome      /home/runner/v2-7M340u/jailhome
    globalStore   /home/runner/.cache/nub/pm/store   [declared, not keyed on]
    projectStore  /home/runner/v2-7M340u/observe/node_modules/.store   [declared, not keyed on]
    interpreter   /opt/hostedtoolcache/node/22.23.2/x64   [declared, not keyed on]
    toolsDir      /home/runner/.cache/nub/pm/tools   [declared, not keyed on]
    temp          /tmp/nub-tmp-obsnwCQfc
    npmPrefix     /home/runner/.cache/nub/pm/tools/npm-prefix
    ownPkg        /home/runner/v2-7M340u/observe/node_modules/hugo-extended
  == WRITES the script actually performed ==
    jailTmp       3  (base profile already grants this — NOT billed)
        /tmp/nub-tmp-obsnwCQfc/682a457e7f7f099190d6ba5ced394638
        /tmp/nub-tmp-obsnwCQfc/682a457e7f7f099190d6ba5ced394638/hugo_extended_0.140.2_linux-amd64.tar.gz
        /tmp/nub-tmp-obsnwCQfc/682a457e7f7f099190d6ba5ced394638/hugo_0.140.2_checksums.txt
    ownPkg        4  (base profile already grants this — NOT billed)
        /home/runner/v2-7M340u/observe/node_modules/hugo-extended/vendor
        /home/runner/v2-7M340u/observe/node_modules/hugo-extended/vendor/LICENSE
        /home/runner/v2-7M340u/observe/node_modules/hugo-extended/vendor/hugo
        /home/runner/v2-7M340u/observe/node_modules/hugo-extended/vendor/README.md
  == NETWORK ==
    AF_INET sockets: 7   distinct peers: 3
        127.0.0.53:53
        104.16.2.34:443
        140.82.114.3:443
  == REFUSALS (only `= -1 EACCES/EPERM/EROFS`) ==
    distinct: 0
  == SYNTHESIZED GRANT (verify this in the real unprivileged jail) ==
    {"network":true}
  == writePaths (DERIVED — promotion out of the package's PRIVATE home) ==
    private-home writes observed: 0
    none declared — the script wrote nothing into its private home — there is nothing to promote
  == writePaths FEASIBILITY (distinct writes outside project/deps) ==
    count: 0
    EVENTS    6595 distinct from 15278 calls (15642 lines, 306 rejoined, 0 unparsed)
    PROCS     33   lifecycle shells 21
    ⛔ 3 paths with an UNRESOLVED dirfd — kept, marked, never guessed
    unsubscribed/unmapped syscalls: setsockopt×50 getsockname×37 tgkill×21 exit×20 getsockopt×19 getcwd×16 recvmsg×13 socketpair×6
    wrote /home/runner/v2-7M340u/observe/events.ndjson.gz (44054 bytes)
  EVENTLOG-FILE /home/runner/v2-7M340u/observe/events.ndjson.gz
  EVENTLOG-STATS {"lines":15642,"parsed":15278,"unparsed":0,"unfinished":306,"rejoined":306,"unresolvedDirfd":3,"truncatedArg":0,"procs":33,"lifecyclePids":21,"distinctEvents":6595,"unknownSyscall":{"getsockname":37,"getsockopt":19,"getcwd":16,"recvmsg":13,"exit":20,"setsockopt":50,"sendmmsg":4,"socketpair":6,"shutdown":4,"getpeername":3,"tgkill":21,"exit_group":4,"wait4":4},"out":"/home/runner/v2-7M340u/observe/events.ndjson.gz","gzipBytes":44054}
  EVICT     143 store entries removed, 3 spared as nub tooling
  SE-PURGE  0 side-effects-cache entries for hugo-extended
OSV-SCREEN {"schemaVersion":1,"kind":"nub-synth-resolved","status":"clean","digest":"6af5518ae4d6c024a15f14c87ee24a74ad24c8eb86e4ef03a62dc664e8e66ab3","specCount":145,"lockfiles":{"digest":"09f2cb484e89dffb27b191e481b9dd2c29ca6fa1158b98d1ee5d62a59a4f2fa7","files":[{"path":"nub.lock","sha256":"77c4831242f6136671c7aa9277d8f3ccc56b758632af92e5dd8f1d202ca7dce4","bytes":34923}]},"maliciousAdvisories":[],"screenedAt":"2026-09-07T23:21:48.069Z","cacheHit":true,"clearancePath":"/home/runner/v2-7M340u/security/nub-synth-resolved.json"}
  SECURITY nub-synth-resolved clean: 145 exact package-version(s), tree 6af5518ae4d6 (cached exact-tree clearance)
  VENUE-STORE-LAYOUT isolated
  VERIFY[synth] rc=0 artifacts=12/12 missing=0 shortfall=none (tree 4463/1315) OVERRIDDEN=3 REJECTED=0 grant={"network":true}
  => VERIFIED {"network":true}   (observed, then verified)
  EVICT     143 store entries removed, 3 spared as nub tooling
  SE-PURGE  0 side-effects-cache entries for hugo-extended
OSV-SCREEN {"schemaVersion":1,"kind":"nub-drop-no-network-resolved","status":"clean","digest":"6af5518ae4d6c024a15f14c87ee24a74ad24c8eb86e4ef03a62dc664e8e66ab3","specCount":145,"lockfiles":{"digest":"09f2cb484e89dffb27b191e481b9dd2c29ca6fa1158b98d1ee5d62a59a4f2fa7","files":[{"path":"nub.lock","sha256":"77c4831242f6136671c7aa9277d8f3ccc56b758632af92e5dd8f1d202ca7dce4","bytes":34923}]},"maliciousAdvisories":[],"screenedAt":"2026-09-07T23:21:48.069Z","cacheHit":true,"clearancePath":"/home/runner/v2-7M340u/security/nub-drop-no-network-resolved.json"}
  SECURITY nub-drop-no-network-resolved clean: 145 exact package-version(s), tree 6af5518ae4d6 (cached exact-tree clearance)
  VERIFY[drop-no-network] rc=1 artifacts=9/12 missing=3 shortfall=219cbefac624 (tree 4454/1315) OVERRIDDEN=3 REJECTED=0 grant={}
       missing: vendor/LICENSE, vendor/README.md, vendor/hugo
     'no-network' is NECESSARY — dropping it fails to verify
  => MINIMAL — every capability in {"network":true} is independently necessary
