### mongodb-crypt-library-dummy@1.0.2   (/Users/runner/v2m-gpJEaA)   nub=/tmp/nub/target/release/nub
  VENUE-NUB-BINARY {"path":"/tmp/nub/target/release/nub","sha256":"96a20008266cf4b82096914dc1eddf3962fde269760393eef3a71f67e04dd9d4","bytes":94103896,"features":{"buildJailCatalogOverride":true,"pythonDontWriteBytecodeEnv":true}}
  CI-ENV scrubbed: CI GITHUB_ACTIONS
  --- fbt preflight (advisory; never fails the run) ---
     csrutil: System Integrity Protection status: disabled.
     fbt probes visible: 93577
     fbt enable attempt: dtrace: description 'fbt:::entry ' matched 50357 probes CPU     ID                    FUNCTION:NAME 
     cwd builtin value:  
     fbt chdir symbols:  
     fbt fires on spawn-with-cwd: dtrace: invalid probe specifier fbt::chdir*:entry /progenyof($target)/ { @[probefunc] = count(); }: probe description fbt::chdir*:entry does not match any probes 
  --- end fbt preflight ---
  VENUE-CI-CHILD clean (no CI-detection variable reaches the traced script)
  --- wrapper (run.sh) ---
     cd "/Users/runner/v2m-gpJEaA/Observe"
     sudo -u "runner" -H env "PATH=$PATH"   "HOME=/Users/runner/v2m-gpJEaA/jailhome"   "TMPDIR=/private/var/folders/_5/zjnzxgh147qcg3bb5cg2wvqw0000gn/T/nub-tmp-obsh2Bdj9"   "NODE_COMPAT=1"   "PYTHONDONTWRITEBYTECODE=1"   "PLAYWRIGHT_BROWSERS_PATH=/Users/runner/.cache/nub/pm/tools/ms-playwright"   "ELECTRON_CACHE=/Users/runner/.cache/nub/pm/tools/electron-cache"   "electron_config_cache=/Users/runner/.cache/nub/pm/tools/electron-cache"   "npm_config_prefix=/Users/runner/.cache/nub/pm/tools/npm-prefix"   "/Users/runner/hostedtoolcache/node/22.23.1/arm64/bin/npm" rebuild --no-audit --no-fund "mongodb-crypt-library-dummy" > "/Users/runner/v2m-gpJEaA/Observe/npm.log" 2>&1
     echo $? > "/Users/runner/v2m-gpJEaA/Observe/rc"
  --- dtrace stderr + wrapper trace ---
     + cd /Users/runner/v2m-gpJEaA/Observe
     + sudo -u runner -H env PATH=/Users/runner/hostedtoolcache/node/22.23.1/arm64/bin:/opt/homebrew/lib/ruby/gems/3.3.0/bin:/opt/homebrew/opt/ruby@3.3/bin:/Users/runner/.local/bin:/opt/homebrew/bin:/opt/homebrew/sbin:/Users/runner/.cargo/bin:/usr/local/opt/curl/bin:/usr/local/bin:/usr/local/sbin:/Users/runner/bin:/Users/runner/.yarn/bin:/Users/runner/Library/Android/sdk/tools:/Users/runner/Library/Android/sdk/platform-tools:/Library/Frameworks/Python.framework/Versions/Current/bin:/Library/Frameworks/Mono.framework/Versions/Current/Commands:/usr/bin:/bin:/usr/sbin:/sbin:/Users/runner/.dotnet/tools HOME=/Users/runner/v2m-gpJEaA/jailhome TMPDIR=/private/var/folders/_5/zjnzxgh147qcg3bb5cg2wvqw0000gn/T/nub-tmp-obsh2Bdj9 NODE_COMPAT=1 PYTHONDONTWRITEBYTECODE=1 PLAYWRIGHT_BROWSERS_PATH=/Users/runner/.cache/nub/pm/tools/ms-playwright ELECTRON_CACHE=/Users/runner/.cache/nub/pm/tools/electron-cache electron_config_cache=/Users/runner/.cache/nub/pm/tools/electron-cache npm_config_prefix=/Users/runner/.cache/nub/pm/tools/npm-prefix /Users/runner/hostedtoolcache/node/22.23.1/arm64/bin/npm rebuild --no-audit --no-fund mongodb-crypt-library-dummy
     dtrace: error on enabled probe ID 128 (ID 286: syscall::execve:entry): invalid address (0x6000035d10e0) in action #1 at DIF offset 20
     dtrace: error on enabled probe ID 128 (ID 286: syscall::execve:entry): invalid address (0x6000032a80e0) in action #5 at DIF offset 88
     dtrace: error on enabled probe ID 128 (ID 286: syscall::execve:entry): invalid address (0x656d616e75) in action #6 at DIF offset 88
     dtrace: error on enabled probe ID 128 (ID 286: syscall::execve:entry): invalid address (0x656d616e75) in action #6 at DIF offset 88
     dtrace: error on enabled probe ID 128 (ID 286: syscall::execve:entry): invalid address (0x656d616e75) in action #6 at DIF offset 88
     dtrace: error on enabled probe ID 128 (ID 286: syscall::execve:entry): invalid address (0x656d616e75) in action #6 at DIF offset 88
     dtrace: error on enabled probe ID 128 (ID 286: syscall::execve:entry): invalid address (0x656d616e75) in action #6 at DIF offset 88
     dtrace: error on enabled probe ID 128 (ID 286: syscall::execve:entry): invalid address (0x656d616e75) in action #6 at DIF offset 88
     dtrace: error on enabled probe ID 128 (ID 286: syscall::execve:entry): invalid address (0x656d616e75) in action #6 at DIF offset 88
     dtrace: error on enabled probe ID 128 (ID 286: syscall::execve:entry): invalid address (0x656d616e75) in action #6 at DIF offset 88
     dtrace: error on enabled probe ID 128 (ID 286: syscall::execve:entry): invalid address (0x656d616e75) in action #6 at DIF offset 88
     dtrace: error on enabled probe ID 128 (ID 286: syscall::execve:entry): invalid address (0x656d616e75) in action #6 at DIF offset 88
     dtrace: error on enabled probe ID 128 (ID 286: syscall::execve:entry): invalid address (0x656d616e75) in action #6 at DIF offset 88
     dtrace: error on enabled probe ID 128 (ID 286: syscall::execve:entry): invalid address (0x656d616e75) in action #6 at DIF offset 88
     dtrace: error on enabled probe ID 128 (ID 286: syscall::execve:entry): invalid address (0x656d616e75) in action #6 at DIF offset 88
     dtrace: error on enabled probe ID 128 (ID 286: syscall::execve:entry): invalid address (0x656d616e75) in action #6 at DIF offset 88
     dtrace: error on enabled probe ID 128 (ID 286: syscall::execve:entry): invalid address (0x656d616e75) in action #6 at DIF offset 88
     dtrace: error on enabled probe ID 128 (ID 286: syscall::execve:entry): invalid address (0x656d616e75) in action #6 at DIF offset 88
     dtrace: error on enabled probe ID 128 (ID 286: syscall::execve:entry): invalid address (0x656d616e75) in action #6 at DIF offset 88
     dtrace: error on enabled probe ID 128 (ID 286: syscall::execve:entry): invalid address (0x656d616e75) in action #6 at DIF offset 88
     dtrace: error on enabled probe ID 128 (ID 286: syscall::execve:entry): invalid address (0x656d616e75) in action #6 at DIF offset 88
     dtrace: error on enabled probe ID 128 (ID 286: syscall::execve:entry): invalid address (0x656d616e75) in action #6 at DIF offset 88
     dtrace: error on enabled probe ID 128 (ID 286: syscall::execve:entry): invalid address (0x656d616e75) in action #6 at DIF offset 88
     dtrace: error on enabled probe ID 128 (ID 286: syscall::execve:entry): invalid address (0x656d616e75) in action #6 at DIF offset 88
     dtrace: error on enabled probe ID 128 (ID 286: syscall::execve:entry): invalid address (0x656d616e75) in action #6 at DIF offset 88
     dtrace: error on enabled probe ID 128 (ID 286: syscall::execve:entry): invalid address (0x656d616e75) in action #6 at DIF offset 88
     dtrace: error on enabled probe ID 128 (ID 286: syscall::execve:entry): invalid address (0x656d616e75) in action #6 at DIF offset 88
     dtrace: error on enabled probe ID 128 (ID 286: syscall::execve:entry): invalid address (0x101a86250) in action #1 at DIF offset 20
  OBSERVE   rc=0 dtrace_rc=0 files=24 (pre=13) trace=145901 lines
  CLOSURE   1 packages evicted per arm   store=/Users/runner/.cache/nub/pm/store
  RAWLOG-FILE /Users/runner/v2m-gpJEaA/Observe/trace.txt.gz
  RAWLOG-CAPTURE /Users/runner/v2m-gpJEaA/Observe/capture.json
  RAWLOG-BYTES raw=24924008 gz=804075
  VENUE-INTERPRETER /Users/runner/hostedtoolcache/node/22.23.1/arm64
  VENUE-OVERRIDES {"set":{"PATH":"inherited-and-forwarded","HOME":"/Users/runner/v2m-gpJEaA/jailhome","TMPDIR":"/private/var/folders/_5/zjnzxgh147qcg3bb5cg2wvqw0000gn/T/nub-tmp-obsh2Bdj9","NODE_COMPAT":"1","PYTHONDONTWRITEBYTECODE":"1","PLAYWRIGHT_BROWSERS_PATH":"/Users/runner/.cache/nub/pm/tools/ms-playwright","ELECTRON_CACHE":"/Users/runner/.cache/nub/pm/tools/electron-cache","electron_config_cache":"/Users/runner/.cache/nub/pm/tools/electron-cache","npm_config_prefix":"/Users/runner/.cache/nub/pm/tools/npm-prefix"},"unset":["(sudo env_reset discards the caller environment; every var above is re-set after it)","CI","GITHUB_ACTIONS"],"passedThrough":{"CI":"true","GITHUB_ACTIONS":"true","NODE_ENV":null}}
  VENUE-OBSERVE-USER runner uid=501 (R7: ordinary non-root user, asserted)
  ARM-FALSIFIABILITY {"manifestFiles":16,"filesTheScriptProduced":9,"reasons":[]}
  EVENTLOG-FILE /Users/runner/v2m-gpJEaA/Observe/events.ndjson.gz
  EVENTLOG-STATS {"lines":145902,"parsed":145808,"unparsed":0,"live":true,"tracerErrors":33,"tracerErrorTotal":33,"unresolvedDirfd":210,"unresolvedFd":0,"pairedTwoPath":549,"danglingPair":0,"failed":45527,"enoent":24482,"refusals":0,"byErrno":{"ENXIO":19,"ENOENT":24482,"EINVAL":4,"EEXIST":20421,"ENOTEMPTY":601},"procs":43,"lifecyclePids":16,"distinctEvents":72399,"emitted":72399,"calls":145111,"bytes":14520064,"gzipBytes":380413,"out":"/Users/runner/v2m-gpJEaA/Observe/events.ndjson"}
  == TRACER == live=true decodable-events=47771 dropped-events=33
    NOTE 140 relative path(s) under a non-AT_FDCWD dirfd were not
       scope-assigned: resolving them against the cwd would invent a path.
    ⛔ CWD-UNOBSERVED 88 relative path(s) (5 write(s)) came from a lifecycle
       process whose own cwd was never observed
       macOS spawns with posix_spawn addchdir_np, which changes directory in-kernel and
       emits no chdir syscall, so the inherited cwd cannot be trusted. These are NOT
       scope-assigned; the grant below is WIDENED instead so it covers wherever they landed.
         pid=10299 read  unproven .
         pid=10300 read  unproven .
         pid=10323 read  unproven .
         pid=10329 read  unproven .
         pid=10551 read  unproven .
         pid=10551 read  unproven .
         pid=10551 read  unproven .
         pid=10551 read  unproven .
         pid=10551 read  unproven .
         pid=10551 read  unproven .
         … and 78 more
    CWD-UNPLACEABLE-WRITES ["./Release/.deps/Release/obj.target/mongodb_crypt_library_dummy/dummy.o.d.raw","Release","Release/obj.target","Release/obj.target/mongodb_crypt_library_dummy"]
    CWD-RESOLVED 18 relative path(s) placed against the package dir
       and CONFIRMED by an artifact present after the run — not assumed.
    ⛔ THE TRACER DROPPED 33 EVENT(S). A dropped event is a path never
       seen, so the grant below can only be too NARROW — the direction that breaks installs.
       Treat it as a FLOOR, not a measurement, until the adapter fault is fixed:
            25 x  epid=128 action=6 fault=1 addr=0x656d616e75
             5 x  epid=128 action=1 fault=1 addr=0x101a86250
             1 x  epid=128 action=1 fault=1 addr=0x6000035d10e0
             1 x  epid=128 action=5 fault=1 addr=0x6000032a80e0
             1 x  epid=128 action=6 fault=1 addr=0x6000013a4090
  == ATTRIBUTION == lifecycle pids: 16
    writes  script 6684  /  whole traced subtree 7774
    sockets script 1  /  whole traced subtree 2
  == ROOTS (from /Users/runner/v2m-gpJEaA/Observe/capture.json; the classifier reads no other source) ==
    project       /Users/runner/v2m-gpJEaA/Observe
    home          /Users/runner
    jailHome      /Users/runner/v2m-gpJEaA/jailhome
    globalStore   /Users/runner/.cache/nub/pm/store
    projectStore  /Users/runner/v2m-gpJEaA/Observe/node_modules/.store
    interpreter   /Users/runner/hostedtoolcache/node/22.23.1/arm64
    toolsDir      /Users/runner/.cache/nub/pm/tools
    temp          /private/var/folders/_5/zjnzxgh147qcg3bb5cg2wvqw0000gn/T/nub-tmp-obsh2Bdj9
    npmPrefix     /Users/runner/.cache/nub/pm/tools/npm-prefix
    ownPkg        /Users/runner/v2m-gpJEaA/Observe/node_modules/mongodb-crypt-library-dummy
    cwd           (null — this platform has no such root)
  == WRITES the script actually performed ==
    systemfs      2
        /dev/dtracehelper
        /dev/null
    jailHome   3329  (base profile already grants this — NOT billed)
        /Users/runner/v2m-gpJEaA/jailhome/Library
        /Users/runner/v2m-gpJEaA/jailhome/Library/Caches
        /Users/runner/v2m-gpJEaA/jailhome/Library/Caches/node-gyp
        /Users/runner/v2m-gpJEaA/jailhome/Library/Caches/node-gyp/22.23.1
        /Users/runner/v2m-gpJEaA/jailhome/Library/Caches/node-gyp/22.23.1/include
        /Users/runner/v2m-gpJEaA/jailhome/Library/Caches/node-gyp/22.23.1/include/node
        /Users/runner/v2m-gpJEaA/jailhome/Library/Caches/node-gyp/22.23.1/include/node/common.gypi
        /Users/runner/v2m-gpJEaA/jailhome/Library/Caches/node-gyp/22.23.1/include/node/config.gypi
        /Users/runner/v2m-gpJEaA/jailhome/Library/Caches/node-gyp/22.23.1/include/node/cppgc
        /Users/runner/v2m-gpJEaA/jailhome/Library/Caches/node-gyp/22.23.1/include/node/cppgc/allocation.h
        … and 3319 more
    jailTmp    3326  (base profile already grants this — NOT billed)
        /private/var/folders/_5/zjnzxgh147qcg3bb5cg2wvqw0000gn/T/nub-tmp-obsh2Bdj9/node-gyp-tmp-WwUlw6
        /private/var/folders/_5/zjnzxgh147qcg3bb5cg2wvqw0000gn/T/nub-tmp-obsh2Bdj9/node-gyp-tmp-WwUlw6/include
        /private/var/folders/_5/zjnzxgh147qcg3bb5cg2wvqw0000gn/T/nub-tmp-obsh2Bdj9/node-gyp-tmp-WwUlw6/include/node
        /private/var/folders/_5/zjnzxgh147qcg3bb5cg2wvqw0000gn/T/nub-tmp-obsh2Bdj9/node-gyp-tmp-WwUlw6/include/node/v8-platform.h
        /private/var/folders/_5/zjnzxgh147qcg3bb5cg2wvqw0000gn/T/nub-tmp-obsh2Bdj9/node-gyp-tmp-WwUlw6/include/node/v8-local-handle.h
        /private/var/folders/_5/zjnzxgh147qcg3bb5cg2wvqw0000gn/T/nub-tmp-obsh2Bdj9/node-gyp-tmp-WwUlw6/include/node/uv.h
        /private/var/folders/_5/zjnzxgh147qcg3bb5cg2wvqw0000gn/T/nub-tmp-obsh2Bdj9/node-gyp-tmp-WwUlw6/include/node/v8-script.h
        /private/var/folders/_5/zjnzxgh147qcg3bb5cg2wvqw0000gn/T/nub-tmp-obsh2Bdj9/node-gyp-tmp-WwUlw6/include/node/v8-debug.h
        /private/var/folders/_5/zjnzxgh147qcg3bb5cg2wvqw0000gn/T/nub-tmp-obsh2Bdj9/node-gyp-tmp-WwUlw6/include/node/v8-value.h
        /private/var/folders/_5/zjnzxgh147qcg3bb5cg2wvqw0000gn/T/nub-tmp-obsh2Bdj9/node-gyp-tmp-WwUlw6/include/node/node_api.h
        … and 3316 more
    ownPkg       18  (base profile already grants this — NOT billed)
        /Users/runner/v2m-gpJEaA/Observe/node_modules/mongodb-crypt-library-dummy/build
        /Users/runner/v2m-gpJEaA/Observe/node_modules/mongodb-crypt-library-dummy/build/config.gypi
        /Users/runner/v2m-gpJEaA/Observe/node_modules/mongodb-crypt-library-dummy/build/Makefile
        /Users/runner/v2m-gpJEaA/Observe/node_modules/mongodb-crypt-library-dummy/build/gyp-mac-tool
        /Users/runner/v2m-gpJEaA/Observe/node_modules/mongodb-crypt-library-dummy/build/mongodb_crypt_library_dummy.target.mk
        /Users/runner/v2m-gpJEaA/Observe/node_modules/mongodb-crypt-library-dummy/build/binding.Makefile
        /Users/runner/v2m-gpJEaA/Observe/node_modules/mongodb-crypt-library-dummy/build/node_gyp_bins
        /Users/runner/v2m-gpJEaA/Observe/node_modules/mongodb-crypt-library-dummy/build/node_gyp_bins/python3
        /Users/runner/v2m-gpJEaA/Observe/node_modules/mongodb-crypt-library-dummy/build/Release/.deps
        /Users/runner/v2m-gpJEaA/Observe/node_modules/mongodb-crypt-library-dummy/build/Release/.deps/Release
        … and 8 more
    outside       9
        /var/folders/_5/zjnzxgh147qcg3bb5cg2wvqw0000gn/T/xcrun_db-GyYTOQjw
        /var/folders/_5/zjnzxgh147qcg3bb5cg2wvqw0000gn/T/xcrun_db
        /var/folders/_5/zjnzxgh147qcg3bb5cg2wvqw0000gn/T/xcrun_db-dbQUOHUN
        /var/folders/_5/zjnzxgh147qcg3bb5cg2wvqw0000gn/C/com.apple.DeveloperTools/16.4-16F6/Xcode/PlugInCache-xcodebuild.xcplugincache
        /var/folders/_5/zjnzxgh147qcg3bb5cg2wvqw0000gn/T/xcrun_db-R91w5HLm
        /var/folders/_5/zjnzxgh147qcg3bb5cg2wvqw0000gn/T/xcrun_db-IYiAOX1t
        /var/folders/_5/zjnzxgh147qcg3bb5cg2wvqw0000gn/T/xcrun_db-kMFQd2HJ
        /var/folders/_5/zjnzxgh147qcg3bb5cg2wvqw0000gn/T/xcrun_db-9s3eOCnq
        /var/folders/_5/zjnzxgh147qcg3bb5cg2wvqw0000gn/T/xcrun_db-QfJt3td8
  == READS the script performed, by scope ==
    outside     856
    systemfs    636
    userHome    307
    bytecode    107
    ownPkg        7
    jailTmp    3326
    jailHome      1
        outside: /
        outside: /bin/bash
        outside: /bin
        outside: /usr/bin/env
        outside: /usr/bin
        outside: /bin/sh
        outside: /var/db/timezone/icutz/icutz44l.dat
        outside: /etc/localtime
        outside: /var/db/timezone/zoneinfo/posixrules
        outside: /opt/homebrew/Cellar/python@3.14/3.14.6/Frameworks/Python.framework/Versions/3.14/bin/python3.14
  == NETWORK ==
    AF_INET connects: 1   distinct peers: 1
        104.16.212.131:443
  == REFUSALS (errno EPERM/EACCES/EROFS only; ENOENT is a miss, not a denial) ==
    distinct: 0
  == SYNTHESIZED GRANT (verify this in the real unprivileged jail) ==
    {"write":{"deps":true,"project":true},"network":true,"writePaths":["Library/Caches/node-gyp"]}
    ⛔ 9 writes OUTSIDE project/home — no scope covers these; inspect before granting
  == writePaths (DERIVED — promotion out of the package's PRIVATE home) ==
    private-home writes observed: 3329
        Library/Caches/node-gyp
  == writePaths FEASIBILITY (distinct writes outside project/deps) ==
    count: 9
        /var/folders/_5/zjnzxgh147qcg3bb5cg2wvqw0000gn/T/xcrun_db-GyYTOQjw
        /var/folders/_5/zjnzxgh147qcg3bb5cg2wvqw0000gn/T/xcrun_db
        /var/folders/_5/zjnzxgh147qcg3bb5cg2wvqw0000gn/T/xcrun_db-dbQUOHUN
        /var/folders/_5/zjnzxgh147qcg3bb5cg2wvqw0000gn/C/com.apple.DeveloperTools/16.4-16F6/Xcode/PlugInCache-xcodebuild.xcplugincache
        /var/folders/_5/zjnzxgh147qcg3bb5cg2wvqw0000gn/T/xcrun_db-R91w5HLm
        /var/folders/_5/zjnzxgh147qcg3bb5cg2wvqw0000gn/T/xcrun_db-IYiAOX1t
        /var/folders/_5/zjnzxgh147qcg3bb5cg2wvqw0000gn/T/xcrun_db-kMFQd2HJ
        /var/folders/_5/zjnzxgh147qcg3bb5cg2wvqw0000gn/T/xcrun_db-9s3eOCnq
        /var/folders/_5/zjnzxgh147qcg3bb5cg2wvqw0000gn/T/xcrun_db-QfJt3td8
  EVICT[synth] 0 store entries removed, 0 spared as nub tooling, 200 in store
  VENUE-STORE-LAYOUT isolated
  VERIFY[synth] rc=0 artifacts=16/16 missing=0 shortfall=none (tree 56/24) OVERRIDDEN=2 REJECTED=0 grant={"write":{"deps":true,"project":true},"network":true,"writePaths":["Library/Caches/node-gyp"]}
  => VERIFIED {"write":{"deps":true,"project":true},"network":true,"writePaths":["Library/Caches/node-gyp"]}
  EVICT[nar-no-network] 1 store entries removed, 0 spared as nub tooling, 201 in store
  VERIFY[nar-no-network] rc=0 artifacts=16/16 missing=0 shortfall=none (tree 56/24) OVERRIDDEN=2 REJECTED=0 grant={"write":{"deps":true,"project":true},"writePaths":["Library/Caches/node-gyp"]}
     ⛔ OVER-PREDICTED — the strictly narrower {"write":{"deps":true,"project":true},"writePaths":["Library/Caches/node-gyp"]} also verifies; 'no-network' was not needed
  EVICT[nar-no-write-deps] 1 store entries removed, 0 spared as nub tooling, 201 in store
  VERIFY[nar-no-write-deps] rc=0 artifacts=16/16 missing=0 shortfall=none (tree 56/24) OVERRIDDEN=2 REJECTED=0 grant={"write":{"project":true},"network":true,"writePaths":["Library/Caches/node-gyp"]}
     ⛔ OVER-PREDICTED — the strictly narrower {"write":{"project":true},"network":true,"writePaths":["Library/Caches/node-gyp"]} also verifies; 'no-write-deps' was not needed
  EVICT[nar-no-write-project] 1 store entries removed, 0 spared as nub tooling, 201 in store
  VERIFY[nar-no-write-project] rc=0 artifacts=16/16 missing=0 shortfall=none (tree 56/24) OVERRIDDEN=2 REJECTED=0 grant={"write":{"deps":true},"network":true,"writePaths":["Library/Caches/node-gyp"]}
     ⛔ OVER-PREDICTED — the strictly narrower {"write":{"deps":true},"network":true,"writePaths":["Library/Caches/node-gyp"]} also verifies; 'no-write-project' was not needed
  EVICT[joint-narrow] 1 store entries removed, 0 spared as nub tooling, 201 in store
  VERIFY[joint-narrow] rc=0 artifacts=16/16 missing=0 shortfall=none (tree 56/24) OVERRIDDEN=2 REJECTED=0 grant={"writePaths":["Library/Caches/node-gyp"]}
  => JOINT-NARROW VERIFIED {"writePaths":["Library/Caches/node-gyp"]} — all 3 capabilities drop TOGETHER, measured
### DONE mongodb-crypt-library-dummy@1.0.2  synthesized={"write":{"deps":true,"project":true},"network":true,"writePaths":["Library/Caches/node-gyp"]} verified=1
