### libxmljs2@0.37.0   (D:\jail\m-libxmljs2-mtsk464b)
  CI-ENV scrubbed: CI GITHUB_ACTIONS
OSV-SCREEN {"schemaVersion":1,"kind":"direct","status":"clean","digest":"45e85ede970560ca2daa3eff865b0bc9b960b80f975d3dd9681e5935a05ae0b3","specCount":1,"lockfiles":{"digest":null,"files":[]},"maliciousAdvisories":[],"screenedAt":"2026-09-08T10:58:57.896Z","cacheHit":false,"clearancePath":"D:\\jail\\m-libxmljs2-mtsk464b\\security\\direct.json"}
  SECURITY direct clean: 1 exact package-version(s), tree 45e85ede9705
OSV-SCREEN {"schemaVersion":1,"kind":"npm-observe-resolved","status":"clean","digest":"1faf6cfdc034df915bc3c6d5fde41afc5ce38b7b35eca925edea17ed9f7cd9e2","specCount":126,"lockfiles":{"digest":"5baa9ba2c073c0311247caaa83a3bb2aca953c70380154d079da85b403821bb9","files":[{"path":"package-lock.json","sha256":"4649d53f8e1ca3539a3b502032d8514833cc06b110408cb8bf312ad9ad9dde55","bytes":58450}]},"maliciousAdvisories":[],"screenedAt":"2026-09-08T10:59:02.994Z","cacheHit":false,"clearancePath":"D:\\jail\\m-libxmljs2-mtsk464b\\security\\npm-observe-resolved.json"}
  SECURITY npm-observe-resolved clean: 126 exact package-version(s), tree 1faf6cfdc034
  CAPTURE user=runnervmeef0v\runneradmin elevated=True rootPid=7296 exit=0 events=25118 lost=0
  VENUE-OBSERVE-USER runnervmeef0v\runneradmin elevated=true privDropped={"SeBackupPrivilege":"removed","SeRestorePrivilege":"removed","SeTakeOwnershipPrivilege":"removed"}
  OBSERVE artifacts: 161 files  (D:\jail\m-libxmljs2-mtsk464b\observe\node_modules\libxmljs2)
  ARM-FALSIFIABILITY {"manifestFiles":161,"filesTheScriptProduced":1,"reasons":[]}
  CLOSURE 118 packages evicted per arm
  8.3 MAP 0 components resolved on runnervmeef0v, folded into capture.json
  == ROOTS (from capture.json — R2: no ambient reads) ==
    project       D:\jail\m-libxmljs2-mtsk464b\observe   [keyed on]
    home          C:\Users\runneradmin   [keyed on]
    jailHome      (null — declared inapplicable)
    globalStore   C:\Users\runneradmin\AppData\Local\nub\pm\store
    projectStore  D:\jail\m-libxmljs2-mtsk464b\observe\node_modules\.store
    interpreter   C:\hostedtoolcache\windows\node\22.23.2\x64\node.exe
    toolsDir      C:\Users\runneradmin\AppData\Local\nub\pm\tools
    temp          D:\jail\m-libxmljs2-mtsk464b\tmp   [keyed on]
    npmPrefix     (null — declared inapplicable)
    ownPkg        D:\jail\m-libxmljs2-mtsk464b\observe\node_modules\libxmljs2
  == ATTRIBUTION == lifecycle pids: 2 (root 7296)
    writes  script 6  /  whole traced tree 13
    peers   script 2  /  whole traced tree 2
  == WRITES ==
    outside       3
        d:\jail\m-libxmljs2-mtsk464b\npm-cache\_prebuilds
        d:\jail\m-libxmljs2-mtsk464b\npm-cache\_prebuilds\9a18f2-libxmljs2-v0.37.0-node-v127-win32-x64.tar.gz.4172-ec21d4a25a6bf.tmp
        d:\jail\m-libxmljs2-mtsk464b\npm-cache\_prebuilds\9a18f2-libxmljs2-v0.37.0-node-v127-win32-x64.tar.gz
    deps          3
  == READS ==
    deps        141
    outside       9
    project       1
    systemfs     33
  == NETWORK ==
    distinct peers: 2
        140.82.112.4:443
        185.199.110.133:443
  == REFUSALS (adapter-classified) ==
    distinct: 0
  == SYNTHESIZED GRANT (verify this in the real unprivileged jail) ==
    {"write":{"deps":true},"network":true}
    !! 3 writes OUTSIDE project/home -- no scope covers these; inspect before granting
  RAW       etw-raw.xml.gz  32059609 B xml -> 468074 B gz (68.5x)  sha256 7a226440d15dd667…
  HEADER    etw-header.json (5066 bytes)
  DERIVED   6021 distinct from 7745 kept ops (25118 xml events, 1723 out of subtree)
  PROCS     4   thread-reattributed 0
  8.3       0 expanded, 0 kept short, 0 not covered  [map: recorded 8.3 map (0 components, resolved on runnervmeef0v)]
  wrote events.ndjson.gz (75851 bytes)
  RAWLOG-CAPTURE D:\jail\m-libxmljs2-mtsk464b\cap\capture.json
  VENUE-NUB-BINARY {"path":"C:/Users/RUNNER~1/AppData/Local/Temp/nub/target/release/nub.exe","sha256":"f186817a44be332fee712b4936a071a0b5f9cde18a1d2fdc3a791729d4bf1005","bytes":68717056,"features":{"buildJailCatalogOverride":true,"pythonDontWriteBytecodeEnv":true}}
  VENUE-INTERPRETER C:\hostedtoolcache\windows\node\22.23.2\x64\node.exe
  VENUE-JAIL-ROOT D:\jail\m-libxmljs2-mtsk464b
  VENUE-OVERRIDES {"set":{"npm_config_cache":"D:\\jail\\m-libxmljs2-mtsk464b\\npm-cache","TMP":"D:\\jail\\m-libxmljs2-mtsk464b\\tmp","TEMP":"D:\\jail\\m-libxmljs2-mtsk464b\\tmp","TMPDIR":"D:\\jail\\m-libxmljs2-mtsk464b\\tmp"},"unset":["CI","GITHUB_ACTIONS"],"notRedirected":{"USERPROFILE":"C:\\Users\\runneradmin","why":"the jail leaves HOME/USERPROFILE alone — `build_jail.rs` sandbox_homes() reads the ambient value and `compiler/defaults.rs` BASELINE_ENV_EXACT passes it through — so there is no private jail home to reproduce and redirecting one would measure an environment no confined script sees"},"passedThrough":{"CI":"true","GITHUB_ACTIONS":"true","NODE_ENV":null}}
  STORE   isolated virtual store at D:\jail\m-libxmljs2-mtsk464b\verify-synth\.cache
  VENUE-STORE-LAYOUT isolated
OSV-SCREEN {"schemaVersion":1,"kind":"nub-synth-resolved","status":"clean","digest":"1faf6cfdc034df915bc3c6d5fde41afc5ce38b7b35eca925edea17ed9f7cd9e2","specCount":126,"lockfiles":{"digest":"3c8da4a95dd7dc237e4268479b399936f6be8bba0e6de7ff750d3d5d0ae6db44","files":[{"path":"nub.lock","sha256":"d000152c1ba2d2aa4490e1644e0ca796030b4e54143ec561888d3bbd41e77b78","bytes":31421}]},"maliciousAdvisories":[],"screenedAt":"2026-09-08T10:59:02.994Z","cacheHit":true,"clearancePath":"D:\\jail\\m-libxmljs2-mtsk464b\\security\\nub-synth-resolved.json"}
  SECURITY nub-synth-resolved clean: 126 exact package-version(s), tree 1faf6cfdc034 (cached exact-tree clearance)
  VERIFY[synth] rc=0 artifacts=161/161 missing=0 shortfall=none (tree 7769/1928) OVERRIDDEN=2 REJECTED=0 grant={"write":{"deps":true},"network":true}
  => MINIMUM {"write":{"deps":true},"network":true}   (observed, then verified)
  STORE   isolated virtual store at D:\jail\m-libxmljs2-mtsk464b\verify-nar-no-network\.cache
OSV-SCREEN {"schemaVersion":1,"kind":"nub-nar-no-network-resolved","status":"clean","digest":"1faf6cfdc034df915bc3c6d5fde41afc5ce38b7b35eca925edea17ed9f7cd9e2","specCount":126,"lockfiles":{"digest":"3c8da4a95dd7dc237e4268479b399936f6be8bba0e6de7ff750d3d5d0ae6db44","files":[{"path":"nub.lock","sha256":"d000152c1ba2d2aa4490e1644e0ca796030b4e54143ec561888d3bbd41e77b78","bytes":31421}]},"maliciousAdvisories":[],"screenedAt":"2026-09-08T10:59:02.994Z","cacheHit":true,"clearancePath":"D:\\jail\\m-libxmljs2-mtsk464b\\security\\nub-nar-no-network-resolved.json"}
  SECURITY nub-nar-no-network-resolved clean: 126 exact package-version(s), tree 1faf6cfdc034 (cached exact-tree clearance)
  VERIFY[nar-no-network] rc=1 artifacts=161/161 missing=1 shortfall=428a198923bf (tree 7769/1928) OVERRIDDEN=2 REJECTED=0 grant={"write":{"deps":true}}
     missing artifacts: build/Release/xmljs.node
     'no-network' is NECESSARY — dropping it fails to verify
  STORE   isolated virtual store at D:\jail\m-libxmljs2-mtsk464b\verify-nar-no-write-deps\.cache
OSV-SCREEN {"schemaVersion":1,"kind":"nub-nar-no-write-deps-resolved","status":"clean","digest":"1faf6cfdc034df915bc3c6d5fde41afc5ce38b7b35eca925edea17ed9f7cd9e2","specCount":126,"lockfiles":{"digest":"3c8da4a95dd7dc237e4268479b399936f6be8bba0e6de7ff750d3d5d0ae6db44","files":[{"path":"nub.lock","sha256":"d000152c1ba2d2aa4490e1644e0ca796030b4e54143ec561888d3bbd41e77b78","bytes":31421}]},"maliciousAdvisories":[],"screenedAt":"2026-09-08T10:59:02.994Z","cacheHit":true,"clearancePath":"D:\\jail\\m-libxmljs2-mtsk464b\\security\\nub-nar-no-write-deps-resolved.json"}
  SECURITY nub-nar-no-write-deps-resolved clean: 126 exact package-version(s), tree 1faf6cfdc034 (cached exact-tree clearance)
  VERIFY[nar-no-write-deps] rc=0 artifacts=161/161 missing=0 shortfall=none (tree 7769/1928) OVERRIDDEN=2 REJECTED=0 grant={"network":true}
     ⛔ OVER-PREDICTED — the strictly narrower {"network":true} also verifies; 'no-write-deps' was not needed
