### egg-bin@6.9.0   (/home/runner/v2-6xUkBu)
  CI-ENV scrubbed: CI GITHUB_ACTIONS
OSV-SCREEN {"schemaVersion":1,"kind":"direct","status":"clean","digest":"11a13a9dbdc6e8496644c48b1b6bd696a7010a9982a647a31e9d6b5eedce0126","specCount":1,"lockfiles":{"digest":null,"files":[]},"maliciousAdvisories":[],"screenedAt":"2026-09-08T04:07:17.466Z","cacheHit":false,"clearancePath":"/home/runner/v2-6xUkBu/security/direct.json"}
  SECURITY direct clean: 1 exact package-version(s), tree 11a13a9dbdc6
  VENUE-OBSERVE-USER {"uid":1001,"user":"runner","umask":"0022","capBnd":"000001ffffffffff","noNewPrivs":"0"}
  VENUE-NUB-BINARY {"path":"/tmp/nub/target/release/nub","sha256":"2a18683f50f7afeb02a521cd3cae175dc2f91780d461c5f012065241f5a1447b","bytes":207643464,"features":{"buildJailCatalogOverride":true,"pythonDontWriteBytecodeEnv":true}}
OSV-SCREEN {"schemaVersion":1,"kind":"npm-observe-resolved","status":"clean","digest":"fa4d3ec0a0569ce1e612eb8442f5b645fdd54f1fc49f2f1b1e380d7e4f7a8111","specCount":263,"lockfiles":{"digest":"98b49838051d3cd91d7b3be23c9ab79e832b5ec98855ea142c4bf2c3d22e16d3","files":[{"path":"package-lock.json","sha256":"35978ad12e5b387309b1ad1940b5aef85829210dce106b26309304d43a195fd9","bytes":147357}]},"maliciousAdvisories":[],"screenedAt":"2026-09-08T04:07:25.235Z","cacheHit":false,"clearancePath":"/home/runner/v2-6xUkBu/security/npm-observe-resolved.json"}
  SECURITY npm-observe-resolved clean: 263 exact package-version(s), tree fa4d3ec0a056
  OBSERVE   rc=0 files=7661 trace=11950 lines
  CLOSURE   238 packages evicted per arm
  ARM-FALSIFIABILITY {"manifestFiles":32,"filesTheScriptProduced":0,"reasons":["gate-vacuous"]}
  ⛔ ARMS-UNFALSIFIABLE — a green arm for this package carries no evidence:
       gate-vacuous: the script changed no file the artifact gate keys on — every file in the manifest (32) was already present at its final size before the script ran, so the gate passes in every arm including a completely broken one
       The grant may still be correct; what is missing is a signal that could have gone
       red. Do not read this record's MINIMAL as a passing measurement.
  RAWLOG-FILE /home/runner/v2-6xUkBu/observe/trace.txt.gz
  RAWLOG-CAPTURE /home/runner/v2-6xUkBu/observe/capture.json
  RAWLOG-BYTES raw=2538522 gz=76038
  VENUE-INTERPRETER /opt/hostedtoolcache/node/22.23.2/x64
  VENUE-OVERRIDES {"set":{"HOME":"/home/runner/v2-6xUkBu/jailhome","TMPDIR":"/tmp/nub-tmp-obsxDCNKg","NODE_COMPAT":"1","PLAYWRIGHT_BROWSERS_PATH":"/home/runner/.cache/nub/pm/tools/ms-playwright","ELECTRON_CACHE":"/home/runner/.cache/nub/pm/tools/electron-cache","electron_config_cache":"/home/runner/.cache/nub/pm/tools/electron-cache","npm_config_prefix":"/home/runner/.cache/nub/pm/tools/npm-prefix","PYTHONDONTWRITEBYTECODE":"1","NUB_CACHE_DIR":"/home/runner/v2-6xUkBu/nubcache"},"unset":["CI","GITHUB_ACTIONS"],"passedThrough":{"CI":"true","GITHUB_ACTIONS":"true","NODE_ENV":null}}
  == ATTRIBUTION == attributed pids: 13
    writes  script 0  /  whole traced tree 1088
    sockets script 0  /  whole traced tree 6
  == ROOTS (from capture.json — R2: no ambient reads) ==
    project       /home/runner/v2-6xUkBu/observe
    home          /home/runner
    jailHome      /home/runner/v2-6xUkBu/jailhome
    globalStore   /home/runner/.cache/nub/pm/store   [declared, not keyed on]
    projectStore  /home/runner/v2-6xUkBu/observe/node_modules/.store   [declared, not keyed on]
    interpreter   /opt/hostedtoolcache/node/22.23.2/x64   [declared, not keyed on]
    toolsDir      /home/runner/.cache/nub/pm/tools   [declared, not keyed on]
    temp          /tmp/nub-tmp-obsxDCNKg
    npmPrefix     /home/runner/.cache/nub/pm/tools/npm-prefix
    ownPkg        /home/runner/v2-6xUkBu/observe/node_modules/egg-bin
  == WRITES the script actually performed ==
  == NETWORK ==
    AF_INET sockets: 0   distinct peers: 2
        127.0.0.53:53
        104.16.5.34:443
  == REFUSALS (only `= -1 EACCES/EPERM/EROFS`) ==
    distinct: 0
  == SYNTHESIZED GRANT (verify this in the real unprivileged jail) ==
    {}
  == writePaths (DERIVED — promotion out of the package's PRIVATE home) ==
    private-home writes observed: 0
    none declared — the script wrote nothing into its private home — there is nothing to promote
  == writePaths FEASIBILITY (distinct writes outside project/deps) ==
    count: 0
    EVENTS    5098 distinct from 11427 calls (11951 lines, 501 rejoined, 0 unparsed)
    PROCS     20   lifecycle shells 8
    ⛔ 3 paths with an UNRESOLVED dirfd — kept, marked, never guessed
    unsubscribed/unmapped syscalls: getsockname×23 setsockopt×23 exit×15 getsockopt×9 recvmsg×7 getcwd×4 socketpair×3 shutdown×3
    wrote /home/runner/v2-6xUkBu/observe/events.ndjson.gz (35753 bytes)
  EVENTLOG-FILE /home/runner/v2-6xUkBu/observe/events.ndjson.gz
  EVENTLOG-STATS {"lines":11951,"parsed":11427,"unparsed":0,"unfinished":501,"rejoined":501,"unresolvedDirfd":3,"truncatedArg":0,"procs":20,"lifecyclePids":8,"distinctEvents":5098,"unknownSyscall":{"getsockname":23,"getsockopt":9,"getcwd":4,"recvmsg":7,"exit":15,"setsockopt":23,"sendmmsg":1,"socketpair":3,"shutdown":3,"exit_group":3,"wait4":3},"out":"/home/runner/v2-6xUkBu/observe/events.ndjson.gz","gzipBytes":35753}
  EVICT     146 store entries removed, 5 spared as nub tooling
  SE-PURGE  0 side-effects-cache entries for egg-bin
OSV-SCREEN {"schemaVersion":1,"kind":"nub-synth-resolved","status":"clean","digest":"9ade1a3b03022b47844e5fd264cf1eb0cc74beeb74d9ada650c2e074f074db1c","specCount":261,"lockfiles":{"digest":"aad6264d6c6fbf91aa01564fe0e0745efc99afefba2f8dfef1092f3cf2063440","files":[{"path":"nub.lock","sha256":"82890ea9cc830302c3bd534f69def302844b90f43bc7be7887febf1aeb000d4f","bytes":64194}]},"maliciousAdvisories":[],"screenedAt":"2026-09-08T04:07:30.981Z","cacheHit":false,"clearancePath":"/home/runner/v2-6xUkBu/security/nub-synth-resolved.json"}
  SECURITY nub-synth-resolved clean: 261 exact package-version(s), tree 9ade1a3b0302
  VENUE-STORE-LAYOUT isolated
  VERIFY[synth] rc=0 artifacts=32/32 missing=0 shortfall=none (tree 22712/7661) OVERRIDDEN=2 REJECTED=0 grant={}
  => VERIFIED {}   (observed, then verified)
  DESCEND   grant is already empty — nothing to narrow; MINIMAL by construction.
