### @sitespeed.io/chromedriver@92.0.4515-43   (/home/runner/v2-1SfaRQ)
  CI-ENV scrubbed: CI GITHUB_ACTIONS
OSV-SCREEN {"schemaVersion":1,"kind":"direct","status":"clean","digest":"3d10bfecff90ff65de6dcd4f1bd38c295f4b556bbc532f6fd1d5fb0eaf03eda5","specCount":1,"lockfiles":{"digest":null,"files":[]},"maliciousAdvisories":[],"screenedAt":"2026-09-08T08:33:02.512Z","cacheHit":false,"clearancePath":"/home/runner/v2-1SfaRQ/security/direct.json"}
  SECURITY direct clean: 1 exact package-version(s), tree 3d10bfecff90
  VENUE-OBSERVE-USER {"uid":1001,"user":"runner","umask":"0022","capBnd":"000001ffffffffff","noNewPrivs":"0"}
  VENUE-NUB-BINARY {"path":"/tmp/nub/target/release/nub","sha256":"2a18683f50f7afeb02a521cd3cae175dc2f91780d461c5f012065241f5a1447b","bytes":207643464,"features":{"buildJailCatalogOverride":true,"pythonDontWriteBytecodeEnv":true}}
OSV-SCREEN {"schemaVersion":1,"kind":"npm-observe-resolved","status":"clean","digest":"10d5e67fa4ee6eed946526b02f3504705354862aa031f383d03efcb2ab3daf69","specCount":3,"lockfiles":{"digest":"3b4ba04e32a48d3627ba8fe0395c6d5d45ea7ae41cc64c1d9a001cbdd8a663c5","files":[{"path":"package-lock.json","sha256":"a3c059c4afdfb5350c487444c390bcc40ac0d969d806e61c2d284b7fadfe3d49","bytes":1471}]},"maliciousAdvisories":[],"screenedAt":"2026-09-08T08:33:04.065Z","cacheHit":false,"clearancePath":"/home/runner/v2-1SfaRQ/security/npm-observe-resolved.json"}
  SECURITY npm-observe-resolved clean: 3 exact package-version(s), tree 10d5e67fa4ee
  OBSERVE   rc=0 files=20 trace=10857 lines
  CLOSURE   3 packages evicted per arm
  ARM-FALSIFIABILITY {"manifestFiles":5,"filesTheScriptProduced":1,"reasons":[]}
  RAWLOG-FILE /home/runner/v2-1SfaRQ/observe/trace.txt.gz
  RAWLOG-CAPTURE /home/runner/v2-1SfaRQ/observe/capture.json
  RAWLOG-BYTES raw=2386099 gz=70666
  VENUE-INTERPRETER /opt/hostedtoolcache/node/22.23.2/x64
  VENUE-OVERRIDES {"set":{"HOME":"/home/runner/v2-1SfaRQ/jailhome","TMPDIR":"/tmp/nub-tmp-obsjt9VyA","NODE_COMPAT":"1","PLAYWRIGHT_BROWSERS_PATH":"/home/runner/.cache/nub/pm/tools/ms-playwright","ELECTRON_CACHE":"/home/runner/.cache/nub/pm/tools/electron-cache","electron_config_cache":"/home/runner/.cache/nub/pm/tools/electron-cache","npm_config_prefix":"/home/runner/.cache/nub/pm/tools/npm-prefix","PYTHONDONTWRITEBYTECODE":"1","NUB_CACHE_DIR":"/home/runner/v2-1SfaRQ/nubcache"},"unset":["CI","GITHUB_ACTIONS"],"passedThrough":{"CI":"true","GITHUB_ACTIONS":"true","NODE_ENV":null}}
  == ATTRIBUTION == attributed pids: 18
    writes  script 3  /  whole traced tree 1091
    sockets script 4  /  whole traced tree 10
  == ROOTS (from capture.json — R2: no ambient reads) ==
    project       /home/runner/v2-1SfaRQ/observe
    home          /home/runner
    jailHome      /home/runner/v2-1SfaRQ/jailhome
    globalStore   /home/runner/.cache/nub/pm/store   [declared, not keyed on]
    projectStore  /home/runner/v2-1SfaRQ/observe/node_modules/.store   [declared, not keyed on]
    interpreter   /opt/hostedtoolcache/node/22.23.2/x64   [declared, not keyed on]
    toolsDir      /home/runner/.cache/nub/pm/tools   [declared, not keyed on]
    temp          /tmp/nub-tmp-obsjt9VyA
    npmPrefix     /home/runner/.cache/nub/pm/tools/npm-prefix
    ownPkg        /home/runner/v2-1SfaRQ/observe/node_modules/@sitespeed.io/chromedriver
  == WRITES the script actually performed ==
    ownPkg        3  (base profile already grants this — NOT billed)
        /home/runner/v2-1SfaRQ/observe/node_modules/@sitespeed.io/chromedriver/vendor
        /home/runner/v2-1SfaRQ/observe/node_modules/@sitespeed.io/chromedriver/vendor/chromedriver.zip
        /home/runner/v2-1SfaRQ/observe/node_modules/@sitespeed.io/chromedriver/vendor/chromedriver
  == NETWORK ==
    AF_INET sockets: 4   distinct peers: 3
        127.0.0.53:53
        104.16.8.34:443
        192.178.142.207:443
  == REFUSALS (only `= -1 EACCES/EPERM/EROFS`) ==
    distinct: 0
  == SYNTHESIZED GRANT (verify this in the real unprivileged jail) ==
    {"network":true}
  == writePaths (DERIVED — promotion out of the package's PRIVATE home) ==
    private-home writes observed: 0
    none declared — the script wrote nothing into its private home — there is nothing to promote
  == writePaths FEASIBILITY (distinct writes outside project/deps) ==
    count: 0
    EVENTS    4430 distinct from 10798 calls (10858 lines, 32 rejoined, 0 unparsed)
    PROCS     25   lifecycle shells 13
    ⛔ 3 paths with an UNRESOLVED dirfd — kept, marked, never guessed
    unsubscribed/unmapped syscalls: getsockname×29 setsockopt×28 exit×20 getsockopt×12 recvmsg×9 getcwd×4 socketpair×3 shutdown×3
    wrote /home/runner/v2-1SfaRQ/observe/events.ndjson.gz (31429 bytes)
  EVENTLOG-FILE /home/runner/v2-1SfaRQ/observe/events.ndjson.gz
  EVENTLOG-STATS {"lines":10858,"parsed":10798,"unparsed":0,"unfinished":32,"rejoined":32,"unresolvedDirfd":3,"truncatedArg":0,"procs":25,"lifecyclePids":13,"distinctEvents":4430,"unknownSyscall":{"getsockname":29,"getsockopt":12,"getcwd":4,"recvmsg":9,"exit":20,"setsockopt":28,"sendmmsg":2,"socketpair":3,"shutdown":3,"exit_group":3,"wait4":3},"out":"/home/runner/v2-1SfaRQ/observe/events.ndjson.gz","gzipBytes":31429}
  EVICT     0 store entries removed, 0 spared as nub tooling
  SE-PURGE  0 side-effects-cache entries for @sitespeed.io/chromedriver
OSV-SCREEN {"schemaVersion":1,"kind":"nub-synth-resolved","status":"clean","digest":"10d5e67fa4ee6eed946526b02f3504705354862aa031f383d03efcb2ab3daf69","specCount":3,"lockfiles":{"digest":"73172f64979d4e8fdf58174caf5396ad12ef3c06f6a24a3d079f72a5e06c4f9d","files":[{"path":"nub.lock","sha256":"5c2cabc369dd839e4197fbdc7affdafd52a0eca38aacbe2a9cac9516b827f46a","bytes":979}]},"maliciousAdvisories":[],"screenedAt":"2026-09-08T08:33:04.065Z","cacheHit":true,"clearancePath":"/home/runner/v2-1SfaRQ/security/nub-synth-resolved.json"}
  SECURITY nub-synth-resolved clean: 3 exact package-version(s), tree 10d5e67fa4ee (cached exact-tree clearance)
  VENUE-STORE-LAYOUT isolated
  VERIFY[synth] rc=0 artifacts=5/5 missing=0 shortfall=none (tree 58/20) OVERRIDDEN=2 REJECTED=0 grant={"network":true}
  => VERIFIED {"network":true}   (observed, then verified)
  EVICT     3 store entries removed, 0 spared as nub tooling
  SE-PURGE  0 side-effects-cache entries for @sitespeed.io/chromedriver
OSV-SCREEN {"schemaVersion":1,"kind":"nub-drop-no-network-resolved","status":"clean","digest":"10d5e67fa4ee6eed946526b02f3504705354862aa031f383d03efcb2ab3daf69","specCount":3,"lockfiles":{"digest":"73172f64979d4e8fdf58174caf5396ad12ef3c06f6a24a3d079f72a5e06c4f9d","files":[{"path":"nub.lock","sha256":"5c2cabc369dd839e4197fbdc7affdafd52a0eca38aacbe2a9cac9516b827f46a","bytes":979}]},"maliciousAdvisories":[],"screenedAt":"2026-09-08T08:33:04.065Z","cacheHit":true,"clearancePath":"/home/runner/v2-1SfaRQ/security/nub-drop-no-network-resolved.json"}
  SECURITY nub-drop-no-network-resolved clean: 3 exact package-version(s), tree 10d5e67fa4ee (cached exact-tree clearance)
  VERIFY[drop-no-network] rc=1 artifacts=4/5 missing=1 shortfall=669a7de28d48 (tree 56/20) OVERRIDDEN=2 REJECTED=0 grant={}
       missing: vendor/chromedriver
     'no-network' is NECESSARY — dropping it fails to verify
  => MINIMAL — every capability in {"network":true} is independently necessary
