### dprint@0.29.1   (/home/runner/v2-33FoQz)
  CI-ENV scrubbed: CI GITHUB_ACTIONS
OSV-SCREEN {"schemaVersion":1,"kind":"direct","status":"clean","digest":"468aa717a7f82880ab75b3a51fac1fbc01263d1f2c3cf99bb5f40020b2deb9a3","specCount":1,"lockfiles":{"digest":null,"files":[]},"maliciousAdvisories":[],"screenedAt":"2026-09-08T00:23:50.374Z","cacheHit":false,"clearancePath":"/home/runner/v2-33FoQz/security/direct.json"}
  SECURITY direct clean: 1 exact package-version(s), tree 468aa717a7f8
  VENUE-OBSERVE-USER {"uid":1001,"user":"runner","umask":"0022","capBnd":"000001ffffffffff","noNewPrivs":"0"}
  VENUE-NUB-BINARY {"path":"/tmp/nub/target/release/nub","sha256":"2a18683f50f7afeb02a521cd3cae175dc2f91780d461c5f012065241f5a1447b","bytes":207643464,"features":{"buildJailCatalogOverride":true,"pythonDontWriteBytecodeEnv":true}}
OSV-SCREEN {"schemaVersion":1,"kind":"npm-observe-resolved","status":"clean","digest":"47c88e2b3e13bce471480dc7320c8b99b761d65fc81ced901e2450134c568f6c","specCount":5,"lockfiles":{"digest":"2642a2ae47467cd8117df60ed98ce63bec4bb9f4086806aad3a0ce9d906a4ba5","files":[{"path":"package-lock.json","sha256":"171a141f645a5ebdde12928306ef2ad96cc759276bc07a1b9a6a1d687c2d39e8","bytes":1981}]},"maliciousAdvisories":[],"screenedAt":"2026-09-08T00:23:51.334Z","cacheHit":false,"clearancePath":"/home/runner/v2-33FoQz/security/npm-observe-resolved.json"}
  SECURITY npm-observe-resolved clean: 5 exact package-version(s), tree 47c88e2b3e13
  OBSERVE   rc=0 files=32 trace=10869 lines
  CLOSURE   5 packages evicted per arm
  ARM-FALSIFIABILITY {"manifestFiles":7,"filesTheScriptProduced":1,"reasons":[]}
  RAWLOG-FILE /home/runner/v2-33FoQz/observe/trace.txt.gz
  RAWLOG-CAPTURE /home/runner/v2-33FoQz/observe/capture.json
  RAWLOG-BYTES raw=2391842 gz=70633
  VENUE-INTERPRETER /opt/hostedtoolcache/node/22.23.2/x64
  VENUE-OVERRIDES {"set":{"HOME":"/home/runner/v2-33FoQz/jailhome","TMPDIR":"/tmp/nub-tmp-obsjPqgii","NODE_COMPAT":"1","PLAYWRIGHT_BROWSERS_PATH":"/home/runner/.cache/nub/pm/tools/ms-playwright","ELECTRON_CACHE":"/home/runner/.cache/nub/pm/tools/electron-cache","electron_config_cache":"/home/runner/.cache/nub/pm/tools/electron-cache","npm_config_prefix":"/home/runner/.cache/nub/pm/tools/npm-prefix","PYTHONDONTWRITEBYTECODE":"1","NUB_CACHE_DIR":"/home/runner/v2-33FoQz/nubcache"},"unset":["CI","GITHUB_ACTIONS"],"passedThrough":{"CI":"true","GITHUB_ACTIONS":"true","NODE_ENV":null}}
  == ATTRIBUTION == attributed pids: 18
    writes  script 2  /  whole traced tree 1090
    sockets script 5  /  whole traced tree 9
  == ROOTS (from capture.json — R2: no ambient reads) ==
    project       /home/runner/v2-33FoQz/observe
    home          /home/runner
    jailHome      /home/runner/v2-33FoQz/jailhome
    globalStore   /home/runner/.cache/nub/pm/store   [declared, not keyed on]
    projectStore  /home/runner/v2-33FoQz/observe/node_modules/.store   [declared, not keyed on]
    interpreter   /opt/hostedtoolcache/node/22.23.2/x64   [declared, not keyed on]
    toolsDir      /home/runner/.cache/nub/pm/tools   [declared, not keyed on]
    temp          /tmp/nub-tmp-obsjPqgii
    npmPrefix     /home/runner/.cache/nub/pm/tools/npm-prefix
    ownPkg        /home/runner/v2-33FoQz/observe/node_modules/dprint
  == WRITES the script actually performed ==
    ownPkg        2  (base profile already grants this — NOT billed)
        /home/runner/v2-33FoQz/observe/node_modules/dprint/dprint.zip
        /home/runner/v2-33FoQz/observe/node_modules/dprint/dprint
  == NETWORK ==
    AF_INET sockets: 5   distinct peers: 3
        127.0.0.53:53
        104.16.4.34:443
        140.82.113.3:443
  == REFUSALS (only `= -1 EACCES/EPERM/EROFS`) ==
    distinct: 0
  == SYNTHESIZED GRANT (verify this in the real unprivileged jail) ==
    {"network":true}
  == writePaths (DERIVED — promotion out of the package's PRIVATE home) ==
    private-home writes observed: 0
    none declared — the script wrote nothing into its private home — there is nothing to promote
  == writePaths FEASIBILITY (distinct writes outside project/deps) ==
    count: 0
    EVENTS    4445 distinct from 10820 calls (10870 lines, 22 rejoined, 0 unparsed)
    PROCS     25   lifecycle shells 13
    ⛔ 4 paths with an UNRESOLVED dirfd — kept, marked, never guessed
    unsubscribed/unmapped syscalls: getsockname×30 setsockopt×29 exit×20 getsockopt×13 recvmsg×11 getcwd×4 shutdown×4 sendmmsg×3
    wrote /home/runner/v2-33FoQz/observe/events.ndjson.gz (31445 bytes)
  EVENTLOG-FILE /home/runner/v2-33FoQz/observe/events.ndjson.gz
  EVENTLOG-STATS {"lines":10870,"parsed":10820,"unparsed":0,"unfinished":22,"rejoined":22,"unresolvedDirfd":4,"truncatedArg":0,"procs":25,"lifecyclePids":13,"distinctEvents":4445,"unknownSyscall":{"getsockname":30,"getsockopt":13,"getcwd":4,"recvmsg":11,"exit":20,"setsockopt":29,"sendmmsg":3,"socketpair":3,"shutdown":4,"exit_group":3,"wait4":3},"out":"/home/runner/v2-33FoQz/observe/events.ndjson.gz","gzipBytes":31445}
  EVICT     4 store entries removed, 0 spared as nub tooling
  SE-PURGE  0 side-effects-cache entries for dprint
OSV-SCREEN {"schemaVersion":1,"kind":"nub-synth-resolved","status":"clean","digest":"47c88e2b3e13bce471480dc7320c8b99b761d65fc81ced901e2450134c568f6c","specCount":5,"lockfiles":{"digest":"662d69050ded063411a7b772d5780db989e5dfaf24db093c07967e8597e4f1cc","files":[{"path":"nub.lock","sha256":"85ea8264322c53cc782693b5fcc9125830a185e38e0450578065135cf1a85c9c","bytes":1194}]},"maliciousAdvisories":[],"screenedAt":"2026-09-08T00:23:51.334Z","cacheHit":true,"clearancePath":"/home/runner/v2-33FoQz/security/nub-synth-resolved.json"}
  SECURITY nub-synth-resolved clean: 5 exact package-version(s), tree 47c88e2b3e13 (cached exact-tree clearance)
  VENUE-STORE-LAYOUT isolated
  VERIFY[synth] rc=0 artifacts=7/7 missing=0 shortfall=none (tree 94/32) OVERRIDDEN=2 REJECTED=0 grant={"network":true}
  => VERIFIED {"network":true}   (observed, then verified)
  EVICT     5 store entries removed, 0 spared as nub tooling
  SE-PURGE  0 side-effects-cache entries for dprint
OSV-SCREEN {"schemaVersion":1,"kind":"nub-drop-no-network-resolved","status":"clean","digest":"47c88e2b3e13bce471480dc7320c8b99b761d65fc81ced901e2450134c568f6c","specCount":5,"lockfiles":{"digest":"662d69050ded063411a7b772d5780db989e5dfaf24db093c07967e8597e4f1cc","files":[{"path":"nub.lock","sha256":"85ea8264322c53cc782693b5fcc9125830a185e38e0450578065135cf1a85c9c","bytes":1194}]},"maliciousAdvisories":[],"screenedAt":"2026-09-08T00:23:51.334Z","cacheHit":true,"clearancePath":"/home/runner/v2-33FoQz/security/nub-drop-no-network-resolved.json"}
  SECURITY nub-drop-no-network-resolved clean: 5 exact package-version(s), tree 47c88e2b3e13 (cached exact-tree clearance)
  VERIFY[drop-no-network] rc=1 artifacts=6/7 missing=1 shortfall=7f017aa8136b (tree 92/32) OVERRIDDEN=2 REJECTED=0 grant={}
       missing: dprint
     'no-network' is NECESSARY — dropping it fails to verify
  => MINIMAL — every capability in {"network":true} is independently necessary
