OSV-SCREEN {"schemaVersion":1,"kind":"direct","status":"clean","digest":"565d71e1d37486b01da057665bb0c63f23161cd914392a698961992787e54fc8","specCount":1,"lockfiles":{"digest":null,"files":[]},"maliciousAdvisories":[],"screenedAt":"2026-08-27T13:14:32.753Z","cacheHit":false,"clearancePath":"/Users/runner/v2m-YWV5uo/security/direct.json"}
  SECURITY direct clean: 1 exact package-version(s), tree 565d71e1d374
  ERA-NODE PINNED 18.20.8 (provisioned) (arms will run: v18.20.8)
  ERA-PYTHON /Users/runner/hostedtoolcache/Python/3.9.13/arm64/bin/python (Python 3.9.13) for era Node 18, whose node-gyp requires python3
  ARM-MAKE /usr/bin/make (GNU Make 3.81) — the system make; a build needing GNU Make 4 WILL fail here
### @hyperjump/json-pointer@0.9.8   (/Users/runner/v2m-YWV5uo)   nub=/tmp/nub/target/release/nub
  VENUE-NUB-BINARY {"path":"/tmp/nub/target/release/nub","sha256":"69e622342d0c8393c78fa50a01dc9cc0a94371ac9b106b59bdcc016f06d86d30","bytes":94535576,"features":{"buildJailCatalogOverride":true,"pythonDontWriteBytecodeEnv":true}}
  CI-ENV scrubbed: CI GITHUB_ACTIONS
  --- fbt preflight (advisory; never fails the run) ---
     csrutil: System Integrity Protection status: disabled.
     fbt probes visible: 93577
     fbt enable attempt: dtrace: description 'fbt:::entry ' matched 50357 probes CPU     ID                    FUNCTION:NAME 
     cwd builtin value:  
     fbt chdir symbols:  
     fbt fires on spawn-with-cwd: dtrace: invalid probe specifier fbt::chdir*:entry /progenyof($target)/ { @[probefunc] = count(); }: probe description fbt::chdir*:entry does not match any probes 
  --- end fbt preflight ---
  ERA-RESOLUTION DATED 2023-01-23T02:15:42.501Z (deps as of the package's own publish date + 1d)
OSV-SCREEN {"schemaVersion":1,"kind":"npm-observe-resolved","status":"clean","digest":"43d35404c34117a83ddd3709be3e9acffe3c9da5ccffbda7d916f8745d4537c0","specCount":2,"lockfiles":{"digest":"7d9e182c5a81f528101c0c4dcbfb2b81d5addb24e3fa115ea6aa2e94ecb369fe","files":[{"path":"package-lock.json","sha256":"a215b990bf8c7a679cfa2cc440ec39bfccc43fb5a81a514f67d29b577069c8d8","bytes":1067}]},"maliciousAdvisories":[],"screenedAt":"2026-08-27T13:14:40.164Z","cacheHit":false,"clearancePath":"/Users/runner/v2m-YWV5uo/security/npm-observe-resolved.json"}
  SECURITY npm-observe-resolved clean: 2 exact package-version(s), tree 43d35404c341
  ARM-PATH SANITISED (dropped 1: /Users/runner/.yarn/bin)
  ARM-AMBIENT-TOOLS none
  ARM-SCAFFOLD none
  ARM-UNPROVIDABLE none
  VENUE-CI-CHILD clean (no CI-detection variable reaches the traced script)
  --- wrapper (run.sh) ---
     cd "/Users/runner/v2m-YWV5uo/Observe"
     sudo -u "runner" -H env "PATH=/Users/runner/v2m-YWV5uo/Observe/node_modules/.bin:/Users/runner/.cache/nub/era-node/18.20.8/node-v18.20.8-darwin-arm64/bin:/Users/runner/hostedtoolcache/node/22.23.2/arm64/bin:/opt/homebrew/lib/ruby/gems/3.3.0/bin:/opt/homebrew/opt/ruby@3.3/bin:/Users/runner/.local/bin:/opt/homebrew/bin:/opt/homebrew/sbin:/Users/runner/.cargo/bin:/usr/local/opt/curl/bin:/usr/local/bin:/usr/local/sbin:/Users/runner/bin:/Users/runner/Library/Android/sdk/tools:/Users/runner/Library/Android/sdk/platform-tools:/Library/Frameworks/Python.framework/Versions/Current/bin:/Library/Frameworks/Mono.framework/Versions/Current/Commands:/usr/bin:/bin:/usr/sbin:/sbin:/Users/runner/.dotnet/tools"   "HOME=/Users/runner/v2m-YWV5uo/jailhome"   "TMPDIR=/private/var/folders/_5/zjnzxgh147qcg3bb5cg2wvqw0000gn/T/nub-tmp-obs4mUBz6"   "NODE_COMPAT=1"   "PYTHONDONTWRITEBYTECODE=1"   "PLAYWRIGHT_BROWSERS_PATH=/Users/runner/.cache/nub/pm/tools/ms-playwright"   "ELECTRON_CACHE=/Users/runner/.cache/nub/pm/tools/electron-cache"   "electron_config_cache=/Users/runner/.cache/nub/pm/tools/electron-cache"   "npm_config_prefix=/Users/runner/.cache/nub/pm/tools/npm-prefix"   PYTHON=/Users/runner/hostedtoolcache/Python/3.9.13/arm64/bin/python   npm rebuild --no-audit --no-fund "@hyperjump/json-pointer" > "/Users/runner/v2m-YWV5uo/Observe/npm.log" 2>&1
     echo $? > "/Users/runner/v2m-YWV5uo/Observe/rc"
  --- dtrace stderr + wrapper trace ---
     + cd /Users/runner/v2m-YWV5uo/Observe
     + sudo -u runner -H env PATH=/Users/runner/v2m-YWV5uo/Observe/node_modules/.bin:/Users/runner/.cache/nub/era-node/18.20.8/node-v18.20.8-darwin-arm64/bin:/Users/runner/hostedtoolcache/node/22.23.2/arm64/bin:/opt/homebrew/lib/ruby/gems/3.3.0/bin:/opt/homebrew/opt/ruby@3.3/bin:/Users/runner/.local/bin:/opt/homebrew/bin:/opt/homebrew/sbin:/Users/runner/.cargo/bin:/usr/local/opt/curl/bin:/usr/local/bin:/usr/local/sbin:/Users/runner/bin:/Users/runner/Library/Android/sdk/tools:/Users/runner/Library/Android/sdk/platform-tools:/Library/Frameworks/Python.framework/Versions/Current/bin:/Library/Frameworks/Mono.framework/Versions/Current/Commands:/usr/bin:/bin:/usr/sbin:/sbin:/Users/runner/.dotnet/tools HOME=/Users/runner/v2m-YWV5uo/jailhome TMPDIR=/private/var/folders/_5/zjnzxgh147qcg3bb5cg2wvqw0000gn/T/nub-tmp-obs4mUBz6 NODE_COMPAT=1 PYTHONDONTWRITEBYTECODE=1 PLAYWRIGHT_BROWSERS_PATH=/Users/runner/.cache/nub/pm/tools/ms-playwright ELECTRON_CACHE=/Users/runner/.cache/nub/pm/tools/electron-cache electron_config_cache=/Users/runner/.cache/nub/pm/tools/electron-cache npm_config_prefix=/Users/runner/.cache/nub/pm/tools/npm-prefix PYTHON=/Users/runner/hostedtoolcache/Python/3.9.13/arm64/bin/python npm rebuild --no-audit --no-fund @hyperjump/json-pointer
     dtrace: error on enabled probe ID 128 (ID 286: syscall::execve:entry): invalid address (0x600001954000) in action #1 at DIF offset 20
     + echo 0
  OBSERVE   rc=0 dtrace_rc=0 files=24 (pre=46) trace=5872 lines
  CLOSURE   2 packages evicted per arm   store=/Users/runner/.cache/nub/pm/store
  RAWLOG-FILE /Users/runner/v2m-YWV5uo/Observe/trace.txt.gz
  RAWLOG-CAPTURE /Users/runner/v2m-YWV5uo/Observe/capture.json
  RAWLOG-BYTES raw=1046994 gz=34327
  VENUE-INTERPRETER /Users/runner/hostedtoolcache/node/22.23.2/arm64
  VENUE-NODE-SELECTION {"pkg":"@hyperjump/json-pointer","packageVersion":"0.9.8","major":18,"version":"18.20.8","npm":"10.8.2","pinnable":true,"engines":null,"publishedAt":"2023-01-22T02:15:42.501Z","eraMajor":18,"startMajor":18,"raisedByEngines":false,"enginesUnsatisfiable":false,"clampedToFloor":false,"clampedToCeiling":false,"matrixFloor":4,"matrixCeiling":26,"lookupFailure":null,"pinned":true,"pinnedBin":"/Users/runner/.cache/nub/era-node/18.20.8/node-v18.20.8-darwin-arm64/bin","eraNodeRoot":"/Users/runner/.cache/nub"}
  VENUE-OVERRIDES {"set":{"PATH":"inherited-and-forwarded","HOME":"/Users/runner/v2m-YWV5uo/jailhome","TMPDIR":"/private/var/folders/_5/zjnzxgh147qcg3bb5cg2wvqw0000gn/T/nub-tmp-obs4mUBz6","NODE_COMPAT":"1","PYTHONDONTWRITEBYTECODE":"1","PLAYWRIGHT_BROWSERS_PATH":"/Users/runner/.cache/nub/pm/tools/ms-playwright","ELECTRON_CACHE":"/Users/runner/.cache/nub/pm/tools/electron-cache","electron_config_cache":"/Users/runner/.cache/nub/pm/tools/electron-cache","npm_config_prefix":"/Users/runner/.cache/nub/pm/tools/npm-prefix"},"unset":["(sudo env_reset discards the caller environment; every var above is re-set after it)","CI","GITHUB_ACTIONS"],"passedThrough":{"CI":"true","GITHUB_ACTIONS":"true","NODE_ENV":null}}
  VENUE-OBSERVE-USER runner uid=501 (R7: ordinary non-root user, asserted)
  ARM-FALSIFIABILITY {"manifestFiles":7,"filesTheScriptProduced":0,"reasons":["gate-vacuous"]}
  ⛔ ARMS-UNFALSIFIABLE — a green arm for this package carries no evidence:
       gate-vacuous: the script changed no file the artifact gate keys on — every file in the manifest (7) was already present at its final size before the script ran, so the gate passes in every arm including a completely broken one
       The grant may still be correct; what is missing is a signal that could have gone
       red. Do not read this record's MINIMAL as a passing measurement.
  EVENTLOG-FILE /Users/runner/v2m-YWV5uo/Observe/events.ndjson.gz
  EVENTLOG-STATS {"lines":5873,"parsed":5855,"unparsed":0,"live":true,"tracerErrors":1,"tracerErrorTotal":1,"unresolvedDirfd":21,"unresolvedFd":0,"pairedTwoPath":0,"danglingPair":0,"failed":2089,"enoent":2085,"refusals":0,"byErrno":{"ENXIO":3,"ENOENT":2085,"ENOTEMPTY":1},"procs":5,"lifecyclePids":1,"distinctEvents":3658,"emitted":3658,"calls":5841,"bytes":706354,"gzipBytes":21255,"out":"/Users/runner/v2m-YWV5uo/Observe/events.ndjson"}
  == TRACER == live=true decodable-events=1058 dropped-events=1
    NOTE 14 relative path(s) under a non-AT_FDCWD dirfd were not
       scope-assigned: resolving them against the cwd would invent a path.
    ⛔ CWD-UNOBSERVED 28 relative path(s) (25 write(s)) came from a lifecycle
       process whose own cwd was never observed
       macOS spawns with posix_spawn addchdir_np, which changes directory in-kernel and
       emits no chdir syscall, so the inherited cwd cannot be trusted. These are NOT
       scope-assigned; the grant below is WIDENED instead so it covers wherever they landed.
         pid=53724 read  unproven .
         pid=53724 read  unproven .
         pid=53724 read  unproven dist
         pid=53724 WRITE unproven dist/json-pointer-amd.js
         pid=53724 WRITE unproven dist/json-pointer-amd.js.map
         pid=53724 WRITE unproven dist/json-pointer-amd.min.js
         pid=53724 WRITE unproven dist/json-pointer-amd.min.js.map
         pid=53724 WRITE unproven dist/json-pointer-cjs.js
         pid=53724 WRITE unproven dist/json-pointer-cjs.js.map
         pid=53724 WRITE unproven dist/json-pointer-cjs.min.js
         … and 18 more
    CWD-UNPLACEABLE-WRITES ["dist","dist/json-pointer-amd.js","dist/json-pointer-amd.js.map","dist/json-pointer-amd.min.js","dist/json-pointer-amd.min.js.map","dist/json-pointer-cjs.js","dist/json-pointer-cjs.js.map","dist/json-pointer-cjs.min.js","dist/json-pointer-cjs.min.js.map","dist/json-pointer-esm.js","dist/json-pointer-esm.js.map","dist/json-pointer-esm.min.js","dist/json-pointer-esm.min.js.map","dist/json-pointer-iife.js","dist/json-pointer-iife.js.map","dist/json-pointer-iife.min.js","dist/json-pointer-iife.min.js.map","dist/json-pointer-system.js","dist/json-pointer-system.js.map","dist/json-pointer-system.min.js","dist/json-pointer-system.min.js.map","dist/json-pointer-umd.js","dist/json-pointer-umd.js.map","dist/json-pointer-umd.min.js","dist/json-pointer-umd.min.js.map"]
    ⛔ THE TRACER DROPPED 1 EVENT(S). A dropped event is a path never
       seen, so the grant below can only be too NARROW — the direction that breaks installs.
       Treat it as a FLOOR, not a measurement, until the adapter fault is fixed:
             1 x  epid=128 action=1 fault=1 addr=0x600001954000
  == ATTRIBUTION == lifecycle pids: 1
    writes  script 1  /  whole traced subtree 7
    sockets script 0  /  whole traced subtree 1
  == ROOTS (from /Users/runner/v2m-YWV5uo/Observe/capture.json; the classifier reads no other source) ==
    project       /Users/runner/v2m-YWV5uo/Observe
    home          /Users/runner
    jailHome      /Users/runner/v2m-YWV5uo/jailhome
    globalStore   /Users/runner/.cache/nub/pm/store
    projectStore  /Users/runner/v2m-YWV5uo/Observe/node_modules/.store
    interpreter   /Users/runner/hostedtoolcache/node/22.23.2/arm64
    toolsDir      /Users/runner/.cache/nub/pm/tools
    temp          /private/var/folders/_5/zjnzxgh147qcg3bb5cg2wvqw0000gn/T/nub-tmp-obs4mUBz6
    npmPrefix     /Users/runner/.cache/nub/pm/tools/npm-prefix
    ownPkg        /Users/runner/v2m-YWV5uo/Observe/node_modules/@hyperjump/json-pointer
    cwd           (null — this platform has no such root)
  == WRITES the script actually performed ==
    systemfs      1
        /dev/dtracehelper
  == READS the script performed, by scope ==
    outside       3
    systemfs      7
    userHome      2
        outside: /
        outside: /bin/bash
        outside: /bin
  == NETWORK ==
    AF_INET connects: 0   distinct peers: 0
  == REFUSALS (errno EPERM/EACCES/EROFS only; ENOENT is a miss, not a denial) ==
    distinct: 0
  == SYNTHESIZED GRANT (verify this in the real unprivileged jail) ==
    {"write":{"deps":true,"project":true}}
  == writePaths (DERIVED — promotion out of the package's PRIVATE home) ==
    private-home writes observed: 0
    none declared — the script wrote nothing into its private home — there is nothing to promote
  == writePaths FEASIBILITY (distinct writes outside project/deps) ==
    count: 0
  EVICT[synth] 0 store entries removed, 0 spared as nub tooling, 1359 in store
OSV-SCREEN {"schemaVersion":1,"kind":"nub-synth-resolved","status":"clean","digest":"43d35404c34117a83ddd3709be3e9acffe3c9da5ccffbda7d916f8745d4537c0","specCount":2,"lockfiles":{"digest":"221bc29461efdfedefca0f9dcb4694a90508d6bcdcffc81de4c2605d1920b13e","files":[{"path":"nub.lock","sha256":"47f2c7f6ee0a57379fcce9b45f889b78d06b3ad5ccdf6d66592c75a3d6c89465","bytes":651}]},"maliciousAdvisories":[],"screenedAt":"2026-08-27T13:14:40.164Z","cacheHit":true,"clearancePath":"/Users/runner/v2m-YWV5uo/security/nub-synth-resolved.json"}
  SECURITY nub-synth-resolved clean: 2 exact package-version(s), tree 43d35404c341 (cached exact-tree clearance)
  VENUE-STORE-LAYOUT isolated
  VERIFY[synth] rc=0 artifacts=7/7 missing=0 shortfall=none (tree 56/24) OVERRIDDEN=3 REJECTED=0 grant={"write":{"deps":true,"project":true}}
  => VERIFIED {"write":{"deps":true,"project":true}}
  EVICT[nar-no-write-deps] 2 store entries removed, 0 spared as nub tooling, 1361 in store
OSV-SCREEN {"schemaVersion":1,"kind":"nub-nar-no-write-deps-resolved","status":"clean","digest":"43d35404c34117a83ddd3709be3e9acffe3c9da5ccffbda7d916f8745d4537c0","specCount":2,"lockfiles":{"digest":"221bc29461efdfedefca0f9dcb4694a90508d6bcdcffc81de4c2605d1920b13e","files":[{"path":"nub.lock","sha256":"47f2c7f6ee0a57379fcce9b45f889b78d06b3ad5ccdf6d66592c75a3d6c89465","bytes":651}]},"maliciousAdvisories":[],"screenedAt":"2026-08-27T13:14:40.164Z","cacheHit":true,"clearancePath":"/Users/runner/v2m-YWV5uo/security/nub-nar-no-write-deps-resolved.json"}
  SECURITY nub-nar-no-write-deps-resolved clean: 2 exact package-version(s), tree 43d35404c341 (cached exact-tree clearance)
  VERIFY[nar-no-write-deps] rc=0 artifacts=7/7 missing=0 shortfall=none (tree 56/24) OVERRIDDEN=3 REJECTED=0 grant={"write":{"project":true}}
     ⛔ OVER-PREDICTED — the strictly narrower {"write":{"project":true}} also verifies; 'no-write-deps' was not needed
  EVICT[nar-no-write-project] 2 store entries removed, 0 spared as nub tooling, 1361 in store
OSV-SCREEN {"schemaVersion":1,"kind":"nub-nar-no-write-project-resolved","status":"clean","digest":"43d35404c34117a83ddd3709be3e9acffe3c9da5ccffbda7d916f8745d4537c0","specCount":2,"lockfiles":{"digest":"221bc29461efdfedefca0f9dcb4694a90508d6bcdcffc81de4c2605d1920b13e","files":[{"path":"nub.lock","sha256":"47f2c7f6ee0a57379fcce9b45f889b78d06b3ad5ccdf6d66592c75a3d6c89465","bytes":651}]},"maliciousAdvisories":[],"screenedAt":"2026-08-27T13:14:40.164Z","cacheHit":true,"clearancePath":"/Users/runner/v2m-YWV5uo/security/nub-nar-no-write-project-resolved.json"}
  SECURITY nub-nar-no-write-project-resolved clean: 2 exact package-version(s), tree 43d35404c341 (cached exact-tree clearance)
  VERIFY[nar-no-write-project] rc=0 artifacts=7/7 missing=0 shortfall=none (tree 56/24) OVERRIDDEN=3 REJECTED=0 grant={"write":{"deps":true}}
     ⛔ OVER-PREDICTED — the strictly narrower {"write":{"deps":true}} also verifies; 'no-write-project' was not needed
  EVICT[joint-narrow] 2 store entries removed, 0 spared as nub tooling, 1361 in store
OSV-SCREEN {"schemaVersion":1,"kind":"nub-joint-narrow-resolved","status":"clean","digest":"43d35404c34117a83ddd3709be3e9acffe3c9da5ccffbda7d916f8745d4537c0","specCount":2,"lockfiles":{"digest":"221bc29461efdfedefca0f9dcb4694a90508d6bcdcffc81de4c2605d1920b13e","files":[{"path":"nub.lock","sha256":"47f2c7f6ee0a57379fcce9b45f889b78d06b3ad5ccdf6d66592c75a3d6c89465","bytes":651}]},"maliciousAdvisories":[],"screenedAt":"2026-08-27T13:14:40.164Z","cacheHit":true,"clearancePath":"/Users/runner/v2m-YWV5uo/security/nub-joint-narrow-resolved.json"}
  SECURITY nub-joint-narrow-resolved clean: 2 exact package-version(s), tree 43d35404c341 (cached exact-tree clearance)
  VERIFY[joint-narrow] rc=0 artifacts=7/7 missing=0 shortfall=none (tree 56/24) OVERRIDDEN=3 REJECTED=0 grant={}
  => JOINT-NARROW VERIFIED {} — all 2 capabilities drop TOGETHER, measured
### DONE @hyperjump/json-pointer@0.9.8  synthesized={"write":{"deps":true,"project":true}} verified=1
