### @bazel/hide-bazel-files@1.7.0   (/home/runner/v2-r9ti7Q)
  CI-ENV scrubbed: CI GITHUB_ACTIONS
OSV-SCREEN {"schemaVersion":1,"kind":"direct","status":"clean","digest":"640c41cb51bb04341e5c4efcc6bad3e1abe9e41a5e559e10121ce2a52717fe11","specCount":1,"lockfiles":{"digest":null,"files":[]},"maliciousAdvisories":[],"screenedAt":"2026-09-08T11:53:40.647Z","cacheHit":false,"clearancePath":"/home/runner/v2-r9ti7Q/security/direct.json"}
  SECURITY direct clean: 1 exact package-version(s), tree 640c41cb51bb
  VENUE-OBSERVE-USER {"uid":1001,"user":"runner","umask":"0022","capBnd":"000001ffffffffff","noNewPrivs":"0"}
  VENUE-NUB-BINARY {"path":"/tmp/nub/target/release/nub","sha256":"2a18683f50f7afeb02a521cd3cae175dc2f91780d461c5f012065241f5a1447b","bytes":207643464,"features":{"buildJailCatalogOverride":true,"pythonDontWriteBytecodeEnv":true}}
OSV-SCREEN {"schemaVersion":1,"kind":"npm-observe-resolved","status":"clean","digest":"640c41cb51bb04341e5c4efcc6bad3e1abe9e41a5e559e10121ce2a52717fe11","specCount":1,"lockfiles":{"digest":"532b8b3b96111d624c22af2ed4e70580b2c5557e33a54912d21b6c8fc647e113","files":[{"path":"package-lock.json","sha256":"66f9e7dd3c9c6cd1d55e23c1da62a61016f0d9c7882c1748c944f2ec1a060ae9","bytes":665}]},"maliciousAdvisories":[],"screenedAt":"2026-09-08T11:53:40.647Z","cacheHit":true,"clearancePath":"/home/runner/v2-r9ti7Q/security/npm-observe-resolved.json"}
  SECURITY npm-observe-resolved clean: 1 exact package-version(s), tree 640c41cb51bb (cached exact-tree clearance)
  OBSERVE   rc=0 files=8 trace=10766 lines
  CLOSURE   1 packages evicted per arm
  ARM-FALSIFIABILITY {"manifestFiles":4,"filesTheScriptProduced":0,"reasons":["gate-vacuous"]}
  ⛔ ARMS-UNFALSIFIABLE — a green arm for this package carries no evidence:
       gate-vacuous: the script changed no file the artifact gate keys on — every file in the manifest (4) was already present at its final size before the script ran, so the gate passes in every arm including a completely broken one
       The grant may still be correct; what is missing is a signal that could have gone
       red. Do not read this record's MINIMAL as a passing measurement.
  RAWLOG-FILE /home/runner/v2-r9ti7Q/observe/trace.txt.gz
  RAWLOG-CAPTURE /home/runner/v2-r9ti7Q/observe/capture.json
  RAWLOG-BYTES raw=2371499 gz=68749
  VENUE-INTERPRETER /opt/hostedtoolcache/node/22.23.2/x64
  VENUE-OVERRIDES {"set":{"HOME":"/home/runner/v2-r9ti7Q/jailhome","TMPDIR":"/tmp/nub-tmp-obsV16QeJ","NODE_COMPAT":"1","PLAYWRIGHT_BROWSERS_PATH":"/home/runner/.cache/nub/pm/tools/ms-playwright","ELECTRON_CACHE":"/home/runner/.cache/nub/pm/tools/electron-cache","electron_config_cache":"/home/runner/.cache/nub/pm/tools/electron-cache","npm_config_prefix":"/home/runner/.cache/nub/pm/tools/npm-prefix","PYTHONDONTWRITEBYTECODE":"1","NUB_CACHE_DIR":"/home/runner/v2-r9ti7Q/nubcache"},"unset":["CI","GITHUB_ACTIONS"],"passedThrough":{"CI":"true","GITHUB_ACTIONS":"true","NODE_ENV":null}}
  == ATTRIBUTION == attributed pids: 13
    writes  script 0  /  whole traced tree 1088
    sockets script 0  /  whole traced tree 4
  == ROOTS (from capture.json — R2: no ambient reads) ==
    project       /home/runner/v2-r9ti7Q/observe
    home          /home/runner
    jailHome      /home/runner/v2-r9ti7Q/jailhome
    globalStore   /home/runner/.cache/nub/pm/store   [declared, not keyed on]
    projectStore  /home/runner/v2-r9ti7Q/observe/node_modules/.store   [declared, not keyed on]
    interpreter   /opt/hostedtoolcache/node/22.23.2/x64   [declared, not keyed on]
    toolsDir      /home/runner/.cache/nub/pm/tools   [declared, not keyed on]
    temp          /tmp/nub-tmp-obsV16QeJ
    npmPrefix     /home/runner/.cache/nub/pm/tools/npm-prefix
    ownPkg        /home/runner/v2-r9ti7Q/observe/node_modules/@bazel/hide-bazel-files
  == WRITES the script actually performed ==
  == NETWORK ==
    AF_INET sockets: 0   distinct peers: 2
        127.0.0.53:53
        104.16.8.34:443
  == REFUSALS (only `= -1 EACCES/EPERM/EROFS`) ==
    distinct: 0
  == SYNTHESIZED GRANT (verify this in the real unprivileged jail) ==
    {}
  == writePaths (DERIVED — promotion out of the package's PRIVATE home) ==
    private-home writes observed: 0
    none declared — the script wrote nothing into its private home — there is nothing to promote
  == writePaths FEASIBILITY (distinct writes outside project/deps) ==
    count: 0
    EVENTS    4390 distinct from 10698 calls (10767 lines, 46 rejoined, 0 unparsed)
    PROCS     20   lifecycle shells 8
    ⛔ 3 paths with an UNRESOLVED dirfd — kept, marked, never guessed
    unsubscribed/unmapped syscalls: setsockopt×23 getsockname×20 exit×15 getsockopt×7 recvmsg×7 getcwd×5 socketpair×3 shutdown×3
    wrote /home/runner/v2-r9ti7Q/observe/events.ndjson.gz (31089 bytes)
  EVENTLOG-FILE /home/runner/v2-r9ti7Q/observe/events.ndjson.gz
  EVENTLOG-STATS {"lines":10767,"parsed":10698,"unparsed":0,"unfinished":46,"rejoined":46,"unresolvedDirfd":3,"truncatedArg":0,"procs":20,"lifecyclePids":8,"distinctEvents":4390,"unknownSyscall":{"getsockname":20,"getsockopt":7,"getcwd":5,"recvmsg":7,"exit":15,"setsockopt":23,"sendmmsg":1,"socketpair":3,"shutdown":3,"exit_group":3,"wait4":3},"out":"/home/runner/v2-r9ti7Q/observe/events.ndjson.gz","gzipBytes":31089}
  EVICT     0 store entries removed, 0 spared as nub tooling
  SE-PURGE  0 side-effects-cache entries for @bazel/hide-bazel-files
OSV-SCREEN {"schemaVersion":1,"kind":"nub-synth-resolved","status":"clean","digest":"640c41cb51bb04341e5c4efcc6bad3e1abe9e41a5e559e10121ce2a52717fe11","specCount":1,"lockfiles":{"digest":"1463de30a2180fcdedb28162d62754612e4bab79069c850f08e10430b69aae43","files":[{"path":"nub.lock","sha256":"d9ca10f0464991c40fc0f05662a54db9d9054e654e5af94151376635d55efa90","bytes":450}]},"maliciousAdvisories":[],"screenedAt":"2026-09-08T11:53:40.647Z","cacheHit":true,"clearancePath":"/home/runner/v2-r9ti7Q/security/nub-synth-resolved.json"}
  SECURITY nub-synth-resolved clean: 1 exact package-version(s), tree 640c41cb51bb (cached exact-tree clearance)
  VENUE-STORE-LAYOUT isolated
  VERIFY[synth] rc=0 artifacts=4/4 missing=0 shortfall=none (tree 22/8) OVERRIDDEN=2 REJECTED=0 grant={}
  => VERIFIED {}   (observed, then verified)
  DESCEND   grant is already empty — nothing to narrow; MINIMAL by construction.
