### @airbnb/node-memwatch@3.0.0   (/home/runner/v2-IVC8Hx)
  CI-ENV scrubbed: CI GITHUB_ACTIONS
OSV-SCREEN {"schemaVersion":1,"kind":"direct","status":"clean","digest":"f155987c6e243832055cd537dd64d43acaa31c0391a3152684968c6f24fcf00b","specCount":1,"lockfiles":{"digest":null,"files":[]},"maliciousAdvisories":[],"screenedAt":"2026-09-07T22:28:27.903Z","cacheHit":false,"clearancePath":"/home/runner/v2-IVC8Hx/security/direct.json"}
  SECURITY direct clean: 1 exact package-version(s), tree f155987c6e24
  VENUE-OBSERVE-USER {"uid":1001,"user":"runner","umask":"0022","capBnd":"000001ffffffffff","noNewPrivs":"0"}
  VENUE-NUB-BINARY {"path":"/tmp/nub/target/release/nub","sha256":"2a18683f50f7afeb02a521cd3cae175dc2f91780d461c5f012065241f5a1447b","bytes":207643464,"features":{"buildJailCatalogOverride":true,"pythonDontWriteBytecodeEnv":true}}
OSV-SCREEN {"schemaVersion":1,"kind":"npm-observe-resolved","status":"clean","digest":"135aaa14245f157544e4101143715f4f9d1087e0d68d69d48a3fd6237dca9260","specCount":4,"lockfiles":{"digest":"2496c9bc16a1c17ef68e42bd0dca38d7ca91d7a7598fa0f3b22bcf83d5235844","files":[{"path":"package-lock.json","sha256":"3e3c468ce7cb992e1a7d039006f45c01912030526c70c4881485ef9e52cb8e9d","bytes":1631}]},"maliciousAdvisories":[],"screenedAt":"2026-09-07T22:28:29.222Z","cacheHit":false,"clearancePath":"/home/runner/v2-IVC8Hx/security/npm-observe-resolved.json"}
  SECURITY npm-observe-resolved clean: 4 exact package-version(s), tree 135aaa14245f
  OBSERVE   rc=0 files=103 trace=134634 lines
  CLOSURE   4 packages evicted per arm
  ARM-FALSIFIABILITY {"manifestFiles":35,"filesTheScriptProduced":16,"reasons":[]}
  RAWLOG-FILE /home/runner/v2-IVC8Hx/observe/trace.txt.gz
  RAWLOG-CAPTURE /home/runner/v2-IVC8Hx/observe/capture.json
  RAWLOG-BYTES raw=21164840 gz=509844
  VENUE-INTERPRETER /opt/hostedtoolcache/node/22.23.2/x64
  VENUE-OVERRIDES {"set":{"HOME":"/home/runner/v2-IVC8Hx/jailhome","TMPDIR":"/tmp/nub-tmp-obsU7UiaP","NODE_COMPAT":"1","PLAYWRIGHT_BROWSERS_PATH":"/home/runner/.cache/nub/pm/tools/ms-playwright","ELECTRON_CACHE":"/home/runner/.cache/nub/pm/tools/electron-cache","electron_config_cache":"/home/runner/.cache/nub/pm/tools/electron-cache","npm_config_prefix":"/home/runner/.cache/nub/pm/tools/npm-prefix","PYTHONDONTWRITEBYTECODE":"1","NUB_CACHE_DIR":"/home/runner/v2-IVC8Hx/nubcache"},"unset":["CI","GITHUB_ACTIONS"],"passedThrough":{"CI":"true","GITHUB_ACTIONS":"true","NODE_ENV":null}}
  == ATTRIBUTION == attributed pids: 129
    writes  script 6694  /  whole traced tree 7782
    sockets script 4  /  whole traced tree 8
  == ROOTS (from capture.json — R2: no ambient reads) ==
    project       /home/runner/v2-IVC8Hx/observe
    home          /home/runner
    jailHome      /home/runner/v2-IVC8Hx/jailhome
    globalStore   /home/runner/.cache/nub/pm/store   [declared, not keyed on]
    projectStore  /home/runner/v2-IVC8Hx/observe/node_modules/.store   [declared, not keyed on]
    interpreter   /opt/hostedtoolcache/node/22.23.2/x64   [declared, not keyed on]
    toolsDir      /home/runner/.cache/nub/pm/tools   [declared, not keyed on]
    temp          /tmp/nub-tmp-obsU7UiaP
    npmPrefix     /home/runner/.cache/nub/pm/tools/npm-prefix
    ownPkg        /home/runner/v2-IVC8Hx/observe/node_modules/@airbnb/node-memwatch
  == WRITES the script actually performed ==
    jailHome   3328  (base profile already grants this — NOT billed)
        /home/runner/v2-IVC8Hx/jailhome/.cache
        /home/runner/v2-IVC8Hx/jailhome/.cache/node-gyp
        /home/runner/v2-IVC8Hx/jailhome/.cache/node-gyp/22.23.2
        /home/runner/v2-IVC8Hx/jailhome/.cache/node-gyp/22.23.2/include
        /home/runner/v2-IVC8Hx/jailhome/.cache/node-gyp/22.23.2/include/node
        /home/runner/v2-IVC8Hx/jailhome/.cache/node-gyp/22.23.2/include/node/common.gypi
        /home/runner/v2-IVC8Hx/jailhome/.cache/node-gyp/22.23.2/include/node/config.gypi
        /home/runner/v2-IVC8Hx/jailhome/.cache/node-gyp/22.23.2/include/node/cppgc
        /home/runner/v2-IVC8Hx/jailhome/.cache/node-gyp/22.23.2/include/node/cppgc/allocation.h
        /home/runner/v2-IVC8Hx/jailhome/.cache/node-gyp/22.23.2/include/node/cppgc/common.h
        … and 3318 more
    jailTmp    3333  (base profile already grants this — NOT billed)
        /tmp/nub-tmp-obsU7UiaP/node-gyp-tmp-RXaC4c
        /tmp/nub-tmp-obsU7UiaP/node-gyp-tmp-RXaC4c/include
        /tmp/nub-tmp-obsU7UiaP/node-gyp-tmp-RXaC4c/include/node
        /tmp/nub-tmp-obsU7UiaP/node-gyp-tmp-RXaC4c/include/node/v8-locker.h
        /tmp/nub-tmp-obsU7UiaP/node-gyp-tmp-RXaC4c/include/node/zconf.h
        /tmp/nub-tmp-obsU7UiaP/node-gyp-tmp-RXaC4c/include/node/v8config.h
        /tmp/nub-tmp-obsU7UiaP/node-gyp-tmp-RXaC4c/include/node/common.gypi
        /tmp/nub-tmp-obsU7UiaP/node-gyp-tmp-RXaC4c/include/node/v8-object.h
        /tmp/nub-tmp-obsU7UiaP/node-gyp-tmp-RXaC4c/include/node/v8-forward.h
        /tmp/nub-tmp-obsU7UiaP/node-gyp-tmp-RXaC4c/include/node/v8-profiler.h
        … and 3323 more
    ownPkg       32  (base profile already grants this — NOT billed)
        /home/runner/v2-IVC8Hx/observe/node_modules/@airbnb/node-memwatch/build
        /home/runner/v2-IVC8Hx/observe/node_modules/@airbnb/node-memwatch/build/config.gypi
        /home/runner/v2-IVC8Hx/observe/node_modules/@airbnb/node-memwatch/build/Makefile
        /home/runner/v2-IVC8Hx/observe/node_modules/@airbnb/node-memwatch/build/memwatch.target.mk
        /home/runner/v2-IVC8Hx/observe/node_modules/@airbnb/node-memwatch/build/binding.Makefile
        /home/runner/v2-IVC8Hx/observe/node_modules/@airbnb/node-memwatch/build/node_gyp_bins
        /home/runner/v2-IVC8Hx/observe/node_modules/@airbnb/node-memwatch/build/node_gyp_bins/python3
        /home/runner/v2-IVC8Hx/observe/node_modules/@airbnb/node-memwatch/build/Release
        /home/runner/v2-IVC8Hx/observe/node_modules/@airbnb/node-memwatch/build/obj.target
        /home/runner/v2-IVC8Hx/observe/node_modules/@airbnb/node-memwatch/build/memwatch
        … and 22 more
    kernelfs      1
        /dev/null
  == NETWORK ==
    AF_INET sockets: 4   distinct peers: 3
        127.0.0.53:53
        104.16.7.34:443
        104.16.212.131:443
  == REFUSALS (only `= -1 EACCES/EPERM/EROFS`) ==
    distinct: 0
  == SYNTHESIZED GRANT (verify this in the real unprivileged jail) ==
    {"network":true}
    NOTE 1 kernel-fs touches (/proc,/sys,/dev) — a READ floor question, not a write grant
  == writePaths (DERIVED — promotion out of the package's PRIVATE home) ==
    private-home writes observed: 3328
    none declared — every write was a FILE at the top of the private home, or landed in a directory the TOOLCHAIN owns (see `writePathsDeny`) — an entry names a directory belonging to the PACKAGE, so there is nothing to name
  == writePaths FEASIBILITY (distinct writes outside project/deps) ==
    count: 0
    EVENTS    45169 distinct from 127186 calls (134635 lines, 7269 rejoined, 0 unparsed)
    PROCS     136   lifecycle shells 124
    ⛔ 3 paths with an UNRESOLVED dirfd — kept, marked, never guessed
    unsubscribed/unmapped syscalls: getcwd×125 wait4×125 exit_group×108 setsockopt×58 getsockname×37 exit×25 getsockopt×22 recvmsg×9
    wrote /home/runner/v2-IVC8Hx/observe/events.ndjson.gz (249890 bytes)
  EVENTLOG-FILE /home/runner/v2-IVC8Hx/observe/events.ndjson.gz
  EVENTLOG-STATS {"lines":134635,"parsed":127186,"unparsed":0,"unfinished":7269,"rejoined":7269,"unresolvedDirfd":3,"truncatedArg":0,"procs":136,"lifecyclePids":124,"distinctEvents":45169,"unknownSyscall":{"getsockname":37,"getsockopt":22,"getcwd":125,"recvmsg":9,"exit":25,"setsockopt":58,"sendmmsg":2,"socketpair":9,"shutdown":9,"exit_group":108,"wait4":125},"out":"/home/runner/v2-IVC8Hx/observe/events.ndjson.gz","gzipBytes":249890}
  EVICT     0 store entries removed, 0 spared as nub tooling
  SE-PURGE  0 side-effects-cache entries for @airbnb/node-memwatch
OSV-SCREEN {"schemaVersion":1,"kind":"nub-synth-resolved","status":"clean","digest":"135aaa14245f157544e4101143715f4f9d1087e0d68d69d48a3fd6237dca9260","specCount":4,"lockfiles":{"digest":"86b399fdea0a3136e13bdee35e0ff2d7ba41f8de697033a3c10ccf4b845ae188","files":[{"path":"nub.lock","sha256":"fd6dcb71152c4ae6bbe9c9057980a7e48f20e369c2de7f2ce6b547237d0210b1","bytes":1062}]},"maliciousAdvisories":[],"screenedAt":"2026-09-07T22:28:29.222Z","cacheHit":true,"clearancePath":"/home/runner/v2-IVC8Hx/security/nub-synth-resolved.json"}
  SECURITY nub-synth-resolved clean: 4 exact package-version(s), tree 135aaa14245f (cached exact-tree clearance)
  VENUE-STORE-LAYOUT isolated
  VERIFY[synth] rc=0 artifacts=34/34 missing=0 shortfall=none (tree 305/103) OVERRIDDEN=2 REJECTED=0 grant={"network":true}
  => VERIFIED {"network":true}   (observed, then verified)
  EVICT     4 store entries removed, 0 spared as nub tooling
  SE-PURGE  0 side-effects-cache entries for @airbnb/node-memwatch
OSV-SCREEN {"schemaVersion":1,"kind":"nub-drop-no-network-resolved","status":"clean","digest":"135aaa14245f157544e4101143715f4f9d1087e0d68d69d48a3fd6237dca9260","specCount":4,"lockfiles":{"digest":"86b399fdea0a3136e13bdee35e0ff2d7ba41f8de697033a3c10ccf4b845ae188","files":[{"path":"nub.lock","sha256":"fd6dcb71152c4ae6bbe9c9057980a7e48f20e369c2de7f2ce6b547237d0210b1","bytes":1062}]},"maliciousAdvisories":[],"screenedAt":"2026-09-07T22:28:29.222Z","cacheHit":true,"clearancePath":"/home/runner/v2-IVC8Hx/security/nub-drop-no-network-resolved.json"}
  SECURITY nub-drop-no-network-resolved clean: 4 exact package-version(s), tree 135aaa14245f (cached exact-tree clearance)
  VERIFY[drop-no-network] rc=0 artifacts=34/34 missing=0 shortfall=none (tree 305/103) OVERRIDDEN=2 REJECTED=0 grant={}
     ⛔ OVER-PREDICTED: dropping 'no-network' STILL VERIFIES — {} is sufficient
  => OVER-PREDICTED by: no-network  (synthesized {"network":true}; each named capability drops on its own)
