### playwright-webkit@1.62.1   (/home/runner/v2-kXtp7E)
  CI-ENV scrubbed: CI GITHUB_ACTIONS
OSV-SCREEN {"schemaVersion":1,"kind":"direct","status":"clean","digest":"4ddef58fa2beaa5bc2a34f5a2d098d1e028013e4934f8ab30b80992db98d1f8c","specCount":1,"lockfiles":{"digest":null,"files":[]},"maliciousAdvisories":[],"screenedAt":"2026-09-08T13:22:09.022Z","cacheHit":false,"clearancePath":"/home/runner/v2-kXtp7E/security/direct.json"}
  SECURITY direct clean: 1 exact package-version(s), tree 4ddef58fa2be
  VENUE-OBSERVE-USER {"uid":1001,"user":"runner","umask":"0022","capBnd":"000001ffffffffff","noNewPrivs":"0"}
  VENUE-NUB-BINARY {"path":"/tmp/nub/target/release/nub","sha256":"2a18683f50f7afeb02a521cd3cae175dc2f91780d461c5f012065241f5a1447b","bytes":207643464,"features":{"buildJailCatalogOverride":true,"pythonDontWriteBytecodeEnv":true}}
OSV-SCREEN {"schemaVersion":1,"kind":"npm-observe-resolved","status":"clean","digest":"34fadcd559dd53c5c9fda41d33486ddc62c75b395e227b2e62f0110df71dcbcb","specCount":2,"lockfiles":{"digest":"0dc442b1ab0e1d9ca460c33a2ece5c3c55279328b4459ace532437a83fceda0b","files":[{"path":"package-lock.json","sha256":"c52151bc122965a3d3b33835466b43661afa23c3fdd660af6f16d5b3d6e0c323","bytes":1187}]},"maliciousAdvisories":[],"screenedAt":"2026-09-08T13:22:11.015Z","cacheHit":false,"clearancePath":"/home/runner/v2-kXtp7E/security/npm-observe-resolved.json"}
  SECURITY npm-observe-resolved clean: 2 exact package-version(s), tree 34fadcd559dd
  OBSERVE   rc=0 files=124 trace=16095 lines
  CLOSURE   2 packages evicted per arm
  ARM-FALSIFIABILITY {"manifestFiles":9,"filesTheScriptProduced":0,"reasons":["gate-vacuous"]}
  ⛔ ARMS-UNFALSIFIABLE — a green arm for this package carries no evidence:
       gate-vacuous: the script changed no file the artifact gate keys on — every file in the manifest (9) was already present at its final size before the script ran, so the gate passes in every arm including a completely broken one
       The grant may still be correct; what is missing is a signal that could have gone
       red. Do not read this record's MINIMAL as a passing measurement.
  RAWLOG-FILE /home/runner/v2-kXtp7E/observe/trace.txt.gz
  RAWLOG-CAPTURE /home/runner/v2-kXtp7E/observe/capture.json
  RAWLOG-BYTES raw=3401646 gz=82444
  VENUE-INTERPRETER /opt/hostedtoolcache/node/22.23.2/x64
  VENUE-OVERRIDES {"set":{"HOME":"/home/runner/v2-kXtp7E/jailhome","TMPDIR":"/tmp/nub-tmp-obsfbxHR8","NODE_COMPAT":"1","PLAYWRIGHT_BROWSERS_PATH":"/home/runner/.cache/nub/pm/tools/ms-playwright","ELECTRON_CACHE":"/home/runner/.cache/nub/pm/tools/electron-cache","electron_config_cache":"/home/runner/.cache/nub/pm/tools/electron-cache","npm_config_prefix":"/home/runner/.cache/nub/pm/tools/npm-prefix","PYTHONDONTWRITEBYTECODE":"1","NUB_CACHE_DIR":"/home/runner/v2-kXtp7E/nubcache"},"unset":["CI","GITHUB_ACTIONS"],"passedThrough":{"CI":"true","GITHUB_ACTIONS":"true","NODE_ENV":null}}
  == ATTRIBUTION == attributed pids: 30
    writes  script 72  /  whole traced tree 1160
    sockets script 9  /  whole traced tree 13
  == ROOTS (from capture.json — R2: no ambient reads) ==
    project       /home/runner/v2-kXtp7E/observe
    home          /home/runner
    jailHome      /home/runner/v2-kXtp7E/jailhome
    globalStore   /home/runner/.cache/nub/pm/store   [declared, not keyed on]
    projectStore  /home/runner/v2-kXtp7E/observe/node_modules/.store   [declared, not keyed on]
    interpreter   /opt/hostedtoolcache/node/22.23.2/x64   [declared, not keyed on]
    toolsDir      /home/runner/.cache/nub/pm/tools   [declared, not keyed on]
    temp          /tmp/nub-tmp-obsfbxHR8
    npmPrefix     /home/runner/.cache/nub/pm/tools/npm-prefix
    ownPkg        /home/runner/v2-kXtp7E/observe/node_modules/playwright-webkit
  == WRITES the script actually performed ==
    userHome     70
    jailTmp       2  (base profile already grants this — NOT billed)
        /tmp/nub-tmp-obsfbxHR8/playwright-download-s8uzub
        /tmp/nub-tmp-obsfbxHR8/playwright-download-s8uzub/playwright-download-webkit-ubuntu24.04-x64-2336.zip
  == NETWORK ==
    AF_INET sockets: 9   distinct peers: 3
        127.0.0.53:53
        104.16.10.34:443
        150.171.109.149:443
  == REFUSALS (only `= -1 EACCES/EPERM/EROFS`) ==
    distinct: 0
  == SYNTHESIZED GRANT (verify this in the real unprivileged jail) ==
    {"write":{"userHome":true},"network":true}
  == writePaths (DERIVED — promotion out of the package's PRIVATE home) ==
    private-home writes observed: 0
    none declared — the script wrote nothing into its private home — there is nothing to promote
    70 write(s) landed in the REAL home by absolute path, so promotion cannot reach them — nub moves OUT of the private home, and nothing of theirs is in it. Only `write:{userHome}` covers these; emitting `writePaths` instead would be an UNDER-GRANT.
  == writePaths FEASIBILITY (distinct writes outside project/deps) ==
    count: 70
        .cache/nub/pm/tools/ms-playwright/__dirlock
        .cache/nub/pm/tools/ms-playwright/.links
        .cache/nub/pm/tools/ms-playwright/.links/49edffa0e7b644997db3e9205470f8f09647ad1b
        .cache/nub/pm/tools/ms-playwright/webkit-2336
        .cache/nub/pm/tools/ms-playwright/webkit-2336/minibrowser-gtk
        .cache/nub/pm/tools/ms-playwright/webkit-2336/minibrowser-gtk/install-dependencies.sh
        .cache/nub/pm/tools/ms-playwright/webkit-2336/minibrowser-gtk/sys
        .cache/nub/pm/tools/ms-playwright/webkit-2336/minibrowser-gtk/sys/lib
        .cache/nub/pm/tools/ms-playwright/webkit-2336/minibrowser-gtk/sys/lib/libsoup-3.0.so.0
        .cache/nub/pm/tools/ms-playwright/webkit-2336/minibrowser-gtk/sys/lib/libbrotlidec.so.1.0.7
        .cache/nub/pm/tools/ms-playwright/webkit-2336/minibrowser-gtk/sys/lib/libbrotlienc.so.1
        .cache/nub/pm/tools/ms-playwright/webkit-2336/minibrowser-gtk/sys/lib/libbrotlicommon.so.1.0.7
        .cache/nub/pm/tools/ms-playwright/webkit-2336/minibrowser-gtk/sys/lib/libsoup-3.0.so.0.7.4
        .cache/nub/pm/tools/ms-playwright/webkit-2336/minibrowser-gtk/sys/lib/libbrotlienc.so.1.0.7
        .cache/nub/pm/tools/ms-playwright/webkit-2336/minibrowser-gtk/sys/lib/libbacktrace.so.0.0.0
        .cache/nub/pm/tools/ms-playwright/webkit-2336/minibrowser-gtk/sys/lib/libbacktrace.so.0
        .cache/nub/pm/tools/ms-playwright/webkit-2336/minibrowser-gtk/sys/lib/libbrotlidec.so.1
        .cache/nub/pm/tools/ms-playwright/webkit-2336/minibrowser-gtk/sys/lib/libbrotlicommon.so.1
        .cache/nub/pm/tools/ms-playwright/webkit-2336/minibrowser-gtk/sys/lib/libjxl.so.0.8
        .cache/nub/pm/tools/ms-playwright/webkit-2336/minibrowser-gtk/sys/lib/libjxl.so.0.8.2
        .cache/nub/pm/tools/ms-playwright/webkit-2336/minibrowser-gtk/MiniBrowser
        .cache/nub/pm/tools/ms-playwright/webkit-2336/minibrowser-gtk/README.txt
        .cache/nub/pm/tools/ms-playwright/webkit-2336/minibrowser-gtk/bin
        .cache/nub/pm/tools/ms-playwright/webkit-2336/minibrowser-gtk/bin/WebKitWebProcess
        .cache/nub/pm/tools/ms-playwright/webkit-2336/minibrowser-gtk/bin/WebKitGPUProcess
        .cache/nub/pm/tools/ms-playwright/webkit-2336/minibrowser-gtk/bin/MiniBrowser
        .cache/nub/pm/tools/ms-playwright/webkit-2336/minibrowser-gtk/bin/WebKitNetworkProcess
        .cache/nub/pm/tools/ms-playwright/webkit-2336/minibrowser-gtk/lib
        .cache/nub/pm/tools/ms-playwright/webkit-2336/minibrowser-gtk/lib/libwebkitgtk-6.0.so.4
        .cache/nub/pm/tools/ms-playwright/webkit-2336/minibrowser-gtk/lib/libwebkitgtkinjectedbundle.so
        .cache/nub/pm/tools/ms-playwright/webkit-2336/minibrowser-gtk/lib/libjavascriptcoregtk-6.0.so.1
        .cache/nub/pm/tools/ms-playwright/webkit-2336/minibrowser-gtk/lib/libwebkitgtk-6.0.so.4.18.0
        .cache/nub/pm/tools/ms-playwright/webkit-2336/minibrowser-gtk/lib/libjavascriptcoregtk-6.0.so.1.8.3
        .cache/nub/pm/tools/ms-playwright/webkit-2336/protocol.json
        .cache/nub/pm/tools/ms-playwright/webkit-2336/pw_run.sh
        .cache/nub/pm/tools/ms-playwright/webkit-2336/minibrowser-wpe
        .cache/nub/pm/tools/ms-playwright/webkit-2336/minibrowser-wpe/install-dependencies.sh
        .cache/nub/pm/tools/ms-playwright/webkit-2336/minibrowser-wpe/sys
        .cache/nub/pm/tools/ms-playwright/webkit-2336/minibrowser-wpe/sys/lib
        .cache/nub/pm/tools/ms-playwright/webkit-2336/minibrowser-wpe/sys/lib/libsoup-3.0.so.0
        … and 30 more
    EVENTS    4785 distinct from 16021 calls (16096 lines, 34 rejoined, 0 unparsed)
    PROCS     37   lifecycle shells 25
    ⛔ 3 paths with an UNRESOLVED dirfd — kept, marked, never guessed
    unsubscribed/unmapped syscalls: recvmsg×3937 getsockname×74 getsockopt×51 setsockopt×35 exit×30 getcwd×6 socketpair×4 exit_group×4
    wrote /home/runner/v2-kXtp7E/observe/events.ndjson.gz (34154 bytes)
  EVENTLOG-FILE /home/runner/v2-kXtp7E/observe/events.ndjson.gz
  EVENTLOG-STATS {"lines":16096,"parsed":16021,"unparsed":0,"unfinished":34,"rejoined":34,"unresolvedDirfd":3,"truncatedArg":0,"procs":37,"lifecyclePids":25,"distinctEvents":4785,"unknownSyscall":{"getsockname":74,"getsockopt":51,"getcwd":6,"recvmsg":3937,"exit":30,"setsockopt":35,"sendmmsg":1,"socketpair":4,"shutdown":3,"exit_group":4,"wait4":4},"out":"/home/runner/v2-kXtp7E/observe/events.ndjson.gz","gzipBytes":34154}
  EVICT     0 store entries removed, 0 spared as nub tooling
  SE-PURGE  0 side-effects-cache entries for playwright-webkit
OSV-SCREEN {"schemaVersion":1,"kind":"nub-synth-resolved","status":"clean","digest":"34fadcd559dd53c5c9fda41d33486ddc62c75b395e227b2e62f0110df71dcbcb","specCount":2,"lockfiles":{"digest":"18a341eecee631ab5e18fbbb8885928829391e132ce756a7ca655c935ef232db","files":[{"path":"nub.lock","sha256":"b1e4991fb9eca2b955757935040e3c92b07ae337e17f896a2c7eeb741b538f10","bytes":730}]},"maliciousAdvisories":[],"screenedAt":"2026-09-08T13:22:11.015Z","cacheHit":true,"clearancePath":"/home/runner/v2-kXtp7E/security/nub-synth-resolved.json"}
  SECURITY nub-synth-resolved clean: 2 exact package-version(s), tree 34fadcd559dd (cached exact-tree clearance)
  VENUE-STORE-LAYOUT isolated
  VERIFY[synth] rc=0 artifacts=9/9 missing=0 shortfall=none (tree 372/124) OVERRIDDEN=2 REJECTED=0 grant={"write":{"userHome":true},"network":true}
  => VERIFIED {"write":{"userHome":true},"network":true}   (observed, then verified)
  EVICT     2 store entries removed, 0 spared as nub tooling
  SE-PURGE  0 side-effects-cache entries for playwright-webkit
OSV-SCREEN {"schemaVersion":1,"kind":"nub-drop-no-network-resolved","status":"clean","digest":"34fadcd559dd53c5c9fda41d33486ddc62c75b395e227b2e62f0110df71dcbcb","specCount":2,"lockfiles":{"digest":"18a341eecee631ab5e18fbbb8885928829391e132ce756a7ca655c935ef232db","files":[{"path":"nub.lock","sha256":"b1e4991fb9eca2b955757935040e3c92b07ae337e17f896a2c7eeb741b538f10","bytes":730}]},"maliciousAdvisories":[],"screenedAt":"2026-09-08T13:22:11.015Z","cacheHit":true,"clearancePath":"/home/runner/v2-kXtp7E/security/nub-drop-no-network-resolved.json"}
  SECURITY nub-drop-no-network-resolved clean: 2 exact package-version(s), tree 34fadcd559dd (cached exact-tree clearance)
  VERIFY[drop-no-network] rc=1 artifacts=9/9 missing=0 shortfall=none (tree 373/124) OVERRIDDEN=2 REJECTED=0 grant={"write":{"userHome":true}}
     'no-network' is NECESSARY — dropping it fails to verify
  EVICT     2 store entries removed, 0 spared as nub tooling
  SE-PURGE  0 side-effects-cache entries for playwright-webkit
OSV-SCREEN {"schemaVersion":1,"kind":"nub-drop-no-write-userHome-resolved","status":"clean","digest":"34fadcd559dd53c5c9fda41d33486ddc62c75b395e227b2e62f0110df71dcbcb","specCount":2,"lockfiles":{"digest":"18a341eecee631ab5e18fbbb8885928829391e132ce756a7ca655c935ef232db","files":[{"path":"nub.lock","sha256":"b1e4991fb9eca2b955757935040e3c92b07ae337e17f896a2c7eeb741b538f10","bytes":730}]},"maliciousAdvisories":[],"screenedAt":"2026-09-08T13:22:11.015Z","cacheHit":true,"clearancePath":"/home/runner/v2-kXtp7E/security/nub-drop-no-write-userHome-resolved.json"}
  SECURITY nub-drop-no-write-userHome-resolved clean: 2 exact package-version(s), tree 34fadcd559dd (cached exact-tree clearance)
  VERIFY[drop-no-write-userHome] rc=0 artifacts=9/9 missing=0 shortfall=none (tree 372/124) OVERRIDDEN=2 REJECTED=0 grant={"network":true}
     ⛔ OVER-PREDICTED: dropping 'no-write-userHome' STILL VERIFIES — {"network":true} is sufficient
  => OVER-PREDICTED by: no-write-userHome  (synthesized {"write":{"userHome":true},"network":true}; each named capability drops on its own)
