OSV-SCREEN {"schemaVersion":1,"kind":"direct","status":"clean","digest":"27e3094ff6672cc9668071f2b44eaac8240fed81037058b4d3a73326369714a9","specCount":1,"lockfiles":{"digest":null,"files":[]},"maliciousAdvisories":[],"screenedAt":"2026-08-28T09:47:43.270Z","cacheHit":false,"clearancePath":"/Users/runner/v2m-qtJ2cA/security/direct.json"}
  SECURITY direct clean: 1 exact package-version(s), tree 27e3094ff667
  ERA-NODE PINNED 16.20.2 (provisioned) (arms will run: v16.20.2)
  ERA-PYTHON /Users/runner/hostedtoolcache/Python/3.9.13/arm64/bin/python (Python 3.9.13) for era Node 16, whose node-gyp requires python3
  ARM-MAKE /usr/bin/make (GNU Make 3.81) — the system make; a build needing GNU Make 4 WILL fail here
### dprint@0.31.1   (/Users/runner/v2m-qtJ2cA)   nub=/tmp/nub/target/release/nub
  VENUE-NUB-BINARY {"path":"/tmp/nub/target/release/nub","sha256":"69e622342d0c8393c78fa50a01dc9cc0a94371ac9b106b59bdcc016f06d86d30","bytes":94535576,"features":{"buildJailCatalogOverride":true,"pythonDontWriteBytecodeEnv":true}}
  CI-ENV scrubbed: CI GITHUB_ACTIONS
  --- fbt preflight (advisory; never fails the run) ---
     csrutil: System Integrity Protection status: disabled.
     fbt probes visible: 93577
     fbt enable attempt: dtrace: description 'fbt:::entry ' matched 50357 probes CPU     ID                    FUNCTION:NAME 
     cwd builtin value:  
     fbt chdir symbols:  
     fbt fires on spawn-with-cwd: dtrace: invalid probe specifier fbt::chdir*:entry /progenyof($target)/ { @[probefunc] = count(); }: probe description fbt::chdir*:entry does not match any probes 
  --- end fbt preflight ---
  ERA-RESOLUTION DATED 2022-08-30T13:39:50.915Z (deps as of the package's own publish date + 1d)
OSV-SCREEN {"schemaVersion":1,"kind":"npm-observe-resolved","status":"clean","digest":"e613aab722498050cb0d5afa0e1136c3f4ad739e144eeb0461dc330e23d036b3","specCount":5,"lockfiles":{"digest":"19e5e9ce9cf22fb35578c0b47f13e78e8b2193da07d1e893871937890a90479f","files":[{"path":"package-lock.json","sha256":"be0e42bcc15762c9d7e60f4e56eb4523981c4076e35332f985bff7bf3d4d20de","bytes":1981}]},"maliciousAdvisories":[],"screenedAt":"2026-08-28T09:47:50.957Z","cacheHit":false,"clearancePath":"/Users/runner/v2m-qtJ2cA/security/npm-observe-resolved.json"}
  SECURITY npm-observe-resolved clean: 5 exact package-version(s), tree e613aab72249
  ARM-PATH SANITISED (dropped 1: /Users/runner/.yarn/bin)
  ARM-AMBIENT-TOOLS none
  ARM-SCAFFOLD none
  ARM-UNPROVIDABLE none
  VENUE-CI-CHILD clean (no CI-detection variable reaches the traced script)
  --- wrapper (run.sh) ---
     cd "/Users/runner/v2m-qtJ2cA/Observe"
     sudo -u "runner" -H env "PATH=/Users/runner/v2m-qtJ2cA/Observe/node_modules/.bin:/Users/runner/.cache/nub/era-node/16.20.2/node-v16.20.2-darwin-arm64/bin:/Users/runner/hostedtoolcache/node/22.23.2/arm64/bin:/opt/homebrew/lib/ruby/gems/3.3.0/bin:/opt/homebrew/opt/ruby@3.3/bin:/Users/runner/.local/bin:/opt/homebrew/bin:/opt/homebrew/sbin:/Users/runner/.cargo/bin:/usr/local/opt/curl/bin:/usr/local/bin:/usr/local/sbin:/Users/runner/bin:/Users/runner/Library/Android/sdk/tools:/Users/runner/Library/Android/sdk/platform-tools:/Library/Frameworks/Python.framework/Versions/Current/bin:/Library/Frameworks/Mono.framework/Versions/Current/Commands:/usr/bin:/bin:/usr/sbin:/sbin:/Users/runner/.dotnet/tools"   "HOME=/Users/runner/v2m-qtJ2cA/jailhome"   "TMPDIR=/private/var/folders/_5/zjnzxgh147qcg3bb5cg2wvqw0000gn/T/nub-tmp-obsOTb2BV"   "NODE_COMPAT=1"   "PYTHONDONTWRITEBYTECODE=1"   "PLAYWRIGHT_BROWSERS_PATH=/Users/runner/.cache/nub/pm/tools/ms-playwright"   "ELECTRON_CACHE=/Users/runner/.cache/nub/pm/tools/electron-cache"   "electron_config_cache=/Users/runner/.cache/nub/pm/tools/electron-cache"   "npm_config_prefix=/Users/runner/.cache/nub/pm/tools/npm-prefix"   PYTHON=/Users/runner/hostedtoolcache/Python/3.9.13/arm64/bin/python   npm rebuild --no-audit --no-fund "dprint" > "/Users/runner/v2m-qtJ2cA/Observe/npm.log" 2>&1
     echo $? > "/Users/runner/v2m-qtJ2cA/Observe/rc"
  --- dtrace stderr + wrapper trace ---
     + cd /Users/runner/v2m-qtJ2cA/Observe
     + sudo -u runner -H env PATH=/Users/runner/v2m-qtJ2cA/Observe/node_modules/.bin:/Users/runner/.cache/nub/era-node/16.20.2/node-v16.20.2-darwin-arm64/bin:/Users/runner/hostedtoolcache/node/22.23.2/arm64/bin:/opt/homebrew/lib/ruby/gems/3.3.0/bin:/opt/homebrew/opt/ruby@3.3/bin:/Users/runner/.local/bin:/opt/homebrew/bin:/opt/homebrew/sbin:/Users/runner/.cargo/bin:/usr/local/opt/curl/bin:/usr/local/bin:/usr/local/sbin:/Users/runner/bin:/Users/runner/Library/Android/sdk/tools:/Users/runner/Library/Android/sdk/platform-tools:/Library/Frameworks/Python.framework/Versions/Current/bin:/Library/Frameworks/Mono.framework/Versions/Current/Commands:/usr/bin:/bin:/usr/sbin:/sbin:/Users/runner/.dotnet/tools HOME=/Users/runner/v2m-qtJ2cA/jailhome TMPDIR=/private/var/folders/_5/zjnzxgh147qcg3bb5cg2wvqw0000gn/T/nub-tmp-obsOTb2BV NODE_COMPAT=1 PYTHONDONTWRITEBYTECODE=1 PLAYWRIGHT_BROWSERS_PATH=/Users/runner/.cache/nub/pm/tools/ms-playwright ELECTRON_CACHE=/Users/runner/.cache/nub/pm/tools/electron-cache electron_config_cache=/Users/runner/.cache/nub/pm/tools/electron-cache npm_config_prefix=/Users/runner/.cache/nub/pm/tools/npm-prefix PYTHON=/Users/runner/hostedtoolcache/Python/3.9.13/arm64/bin/python npm rebuild --no-audit --no-fund dprint
     dtrace: error on enabled probe ID 128 (ID 286: syscall::execve:entry): invalid address (0x600001ecc090) in action #1 at DIF offset 20
     + echo 0
  OBSERVE   rc=0 dtrace_rc=0 files=37 (pre=34) trace=5546 lines
  CLOSURE   5 packages evicted per arm   store=/Users/runner/.cache/nub/pm/store
  RAWLOG-FILE /Users/runner/v2m-qtJ2cA/Observe/trace.txt.gz
  RAWLOG-CAPTURE /Users/runner/v2m-qtJ2cA/Observe/capture.json
  RAWLOG-BYTES raw=978867 gz=34666
  VENUE-INTERPRETER /Users/runner/hostedtoolcache/node/22.23.2/arm64
  VENUE-NODE-SELECTION {"pkg":"dprint","packageVersion":"0.31.1","major":16,"version":"16.20.2","npm":"8.19.4","pinnable":true,"engines":null,"publishedAt":"2022-08-29T13:39:50.915Z","eraMajor":16,"startMajor":16,"raisedByEngines":false,"enginesUnsatisfiable":false,"clampedToFloor":false,"clampedToCeiling":false,"matrixFloor":4,"matrixCeiling":26,"lookupFailure":null,"pinned":true,"pinnedBin":"/Users/runner/.cache/nub/era-node/16.20.2/node-v16.20.2-darwin-arm64/bin","eraNodeRoot":"/Users/runner/.cache/nub"}
  VENUE-OVERRIDES {"set":{"PATH":"inherited-and-forwarded","HOME":"/Users/runner/v2m-qtJ2cA/jailhome","TMPDIR":"/private/var/folders/_5/zjnzxgh147qcg3bb5cg2wvqw0000gn/T/nub-tmp-obsOTb2BV","NODE_COMPAT":"1","PYTHONDONTWRITEBYTECODE":"1","PLAYWRIGHT_BROWSERS_PATH":"/Users/runner/.cache/nub/pm/tools/ms-playwright","ELECTRON_CACHE":"/Users/runner/.cache/nub/pm/tools/electron-cache","electron_config_cache":"/Users/runner/.cache/nub/pm/tools/electron-cache","npm_config_prefix":"/Users/runner/.cache/nub/pm/tools/npm-prefix"},"unset":["(sudo env_reset discards the caller environment; every var above is re-set after it)","CI","GITHUB_ACTIONS"],"passedThrough":{"CI":"true","GITHUB_ACTIONS":"true","NODE_ENV":null}}
  VENUE-OBSERVE-USER runner uid=501 (R7: ordinary non-root user, asserted)
  ARM-FALSIFIABILITY {"manifestFiles":7,"filesTheScriptProduced":1,"reasons":[]}
  EVENTLOG-FILE /Users/runner/v2m-qtJ2cA/Observe/events.ndjson.gz
  EVENTLOG-STATS {"lines":5547,"parsed":5529,"unparsed":0,"live":true,"tracerErrors":1,"tracerErrorTotal":1,"unresolvedDirfd":21,"unresolvedFd":0,"pairedTwoPath":0,"danglingPair":0,"failed":2448,"enoent":2445,"refusals":0,"byErrno":{"ENXIO":3,"ENOENT":2445},"procs":5,"lifecyclePids":1,"distinctEvents":3794,"emitted":3794,"calls":5488,"bytes":723461,"gzipBytes":22158,"out":"/Users/runner/v2m-qtJ2cA/Observe/events.ndjson"}
  == TRACER == live=true decodable-events=1107 dropped-events=1
    NOTE 14 relative path(s) under a non-AT_FDCWD dirfd were not
       scope-assigned: resolving them against the cwd would invent a path.
    ⛔ CWD-UNOBSERVED 2 relative path(s) (0 write(s)) came from a lifecycle
       process whose own cwd was never observed
       macOS spawns with posix_spawn addchdir_np, which changes directory in-kernel and
       emits no chdir syscall, so the inherited cwd cannot be trusted. These are NOT
       scope-assigned; the grant below is WIDENED instead so it covers wherever they landed.
         pid=93954 read  unproven .
         pid=93954 read  unproven .
    ⛔ THE TRACER DROPPED 1 EVENT(S). A dropped event is a path never
       seen, so the grant below can only be too NARROW — the direction that breaks installs.
       Treat it as a FLOOR, not a measurement, until the adapter fault is fixed:
             1 x  epid=128 action=1 fault=1 addr=0x600001ecc090
  == ATTRIBUTION == lifecycle pids: 1
    writes  script 3  /  whole traced subtree 21
    sockets script 2  /  whole traced subtree 3
  == ROOTS (from /Users/runner/v2m-qtJ2cA/Observe/capture.json; the classifier reads no other source) ==
    project       /Users/runner/v2m-qtJ2cA/Observe
    home          /Users/runner
    jailHome      /Users/runner/v2m-qtJ2cA/jailhome
    globalStore   /Users/runner/.cache/nub/pm/store
    projectStore  /Users/runner/v2m-qtJ2cA/Observe/node_modules/.store
    interpreter   /Users/runner/hostedtoolcache/node/22.23.2/arm64
    toolsDir      /Users/runner/.cache/nub/pm/tools
    temp          /private/var/folders/_5/zjnzxgh147qcg3bb5cg2wvqw0000gn/T/nub-tmp-obsOTb2BV
    npmPrefix     /Users/runner/.cache/nub/pm/tools/npm-prefix
    ownPkg        /Users/runner/v2m-qtJ2cA/Observe/node_modules/dprint
    cwd           (null — this platform has no such root)
  == WRITES the script actually performed ==
    systemfs      1
        /dev/dtracehelper
    ownPkg        2  (base profile already grants this — NOT billed)
        /Users/runner/v2m-qtJ2cA/Observe/node_modules/dprint/dprint.zip
        /Users/runner/v2m-qtJ2cA/Observe/node_modules/dprint/dprint
  == READS the script performed, by scope ==
    outside       7
    systemfs     10
    userHome      2
    ownPkg        4
    deps          8
        outside: /
        outside: /bin/sh
        outside: /bin
        outside: /bin/bash
        outside: /etc/resolv.conf
        outside: /var/db/timezone/zoneinfo/UTC
        outside: /var/db/timezone/zoneinfo/posixrules
  == NETWORK ==
    AF_INET connects: 2   distinct peers: 2
        20.29.134.23:443
        185.199.110.133:443
  == REFUSALS (errno EPERM/EACCES/EROFS only; ENOENT is a miss, not a denial) ==
    distinct: 0
  == SYNTHESIZED GRANT (verify this in the real unprivileged jail) ==
    {"network":true}
  == writePaths (DERIVED — promotion out of the package's PRIVATE home) ==
    private-home writes observed: 0
    none declared — the script wrote nothing into its private home — there is nothing to promote
  == writePaths FEASIBILITY (distinct writes outside project/deps) ==
    count: 0
  EVICT[synth] 4 store entries removed, 0 spared as nub tooling, 555 in store
OSV-SCREEN {"schemaVersion":1,"kind":"nub-synth-resolved","status":"clean","digest":"e613aab722498050cb0d5afa0e1136c3f4ad739e144eeb0461dc330e23d036b3","specCount":5,"lockfiles":{"digest":"0215b915cccda58c64db9e624924652f7b3b7852288e292cff1cf5221508b646","files":[{"path":"nub.lock","sha256":"6f7646ec00f6f6464983d28dba794559982154b9aee549376e2b7ab8657344d5","bytes":1194}]},"maliciousAdvisories":[],"screenedAt":"2026-08-28T09:47:50.957Z","cacheHit":true,"clearancePath":"/Users/runner/v2m-qtJ2cA/security/nub-synth-resolved.json"}
  SECURITY nub-synth-resolved clean: 5 exact package-version(s), tree e613aab72249 (cached exact-tree clearance)
  VENUE-STORE-LAYOUT isolated
  VERIFY[synth] rc=0 artifacts=7/7 missing=0 shortfall=none (tree 94/37) OVERRIDDEN=3 REJECTED=0 grant={"network":true}
  => VERIFIED {"network":true}
  EVICT[nar-no-network] 5 store entries removed, 0 spared as nub tooling, 624 in store
OSV-SCREEN {"schemaVersion":1,"kind":"nub-nar-no-network-resolved","status":"clean","digest":"e613aab722498050cb0d5afa0e1136c3f4ad739e144eeb0461dc330e23d036b3","specCount":5,"lockfiles":{"digest":"0215b915cccda58c64db9e624924652f7b3b7852288e292cff1cf5221508b646","files":[{"path":"nub.lock","sha256":"6f7646ec00f6f6464983d28dba794559982154b9aee549376e2b7ab8657344d5","bytes":1194}]},"maliciousAdvisories":[],"screenedAt":"2026-08-28T09:47:50.957Z","cacheHit":true,"clearancePath":"/Users/runner/v2m-qtJ2cA/security/nub-nar-no-network-resolved.json"}
  SECURITY nub-nar-no-network-resolved clean: 5 exact package-version(s), tree e613aab72249 (cached exact-tree clearance)
  VERIFY[nar-no-network] rc=1 artifacts=6/7 missing=1 shortfall=7f017aa8136b (tree 92/37) OVERRIDDEN=3 REJECTED=0 grant={}
       missing: dprint
     [nar-no-network/i] Error downloading dprint zip file. Error: getaddrinfo ENOTFOUND github.com
     [nar-no-network/i]   code: 'ENOTFOUND',
     [nar-no-network/a] Error downloading dprint zip file. Error: getaddrinfo ENOTFOUND github.com
     [nar-no-network/a]   code: 'ENOTFOUND',
     narrowing 'no-network' fails ⇒ that capability IS necessary
  => MINIMAL — every capability in {"network":true} is independently necessary
### DONE dprint@0.31.1  synthesized={"network":true} verified=1
