### @playwright/browser-firefox@1.62.1   (/home/runner/v2-5xOby5)
  CI-ENV scrubbed: CI GITHUB_ACTIONS
OSV-SCREEN {"schemaVersion":1,"kind":"direct","status":"clean","digest":"817eab7f6899f193c52d3c151a52f498b9f973f66c0357dd31ffbe580dfa45a9","specCount":1,"lockfiles":{"digest":null,"files":[]},"maliciousAdvisories":[],"screenedAt":"2026-09-08T11:03:09.889Z","cacheHit":false,"clearancePath":"/home/runner/v2-5xOby5/security/direct.json"}
  SECURITY direct clean: 1 exact package-version(s), tree 817eab7f6899
  VENUE-OBSERVE-USER {"uid":1001,"user":"runner","umask":"0022","capBnd":"000001ffffffffff","noNewPrivs":"0"}
  VENUE-NUB-BINARY {"path":"/tmp/nub/target/release/nub","sha256":"2a18683f50f7afeb02a521cd3cae175dc2f91780d461c5f012065241f5a1447b","bytes":207643464,"features":{"buildJailCatalogOverride":true,"pythonDontWriteBytecodeEnv":true}}
OSV-SCREEN {"schemaVersion":1,"kind":"npm-observe-resolved","status":"clean","digest":"bc8eabc30d47601bb649eec04b7d387af734c7cf1e2723ffe895ac205427a363","specCount":2,"lockfiles":{"digest":"940a32353ff36ab67900c4d46f177aeb0b46f5dcf907d881e5315cf7dde4008c","files":[{"path":"package-lock.json","sha256":"a9a6a81059605f377014c04ddd07d551e53e7326a02b1ce288a8bbaf4828fe63","bytes":1160}]},"maliciousAdvisories":[],"screenedAt":"2026-09-08T11:03:11.523Z","cacheHit":false,"clearancePath":"/home/runner/v2-5xOby5/security/npm-observe-resolved.json"}
  SECURITY npm-observe-resolved clean: 2 exact package-version(s), tree bc8eabc30d47
  OBSERVE   rc=0 files=123 trace=16500 lines
  CLOSURE   2 packages evicted per arm
  ARM-FALSIFIABILITY {"manifestFiles":8,"filesTheScriptProduced":0,"reasons":["gate-vacuous"]}
  ⛔ ARMS-UNFALSIFIABLE — a green arm for this package carries no evidence:
       gate-vacuous: the script changed no file the artifact gate keys on — every file in the manifest (8) was already present at its final size before the script ran, so the gate passes in every arm including a completely broken one
       The grant may still be correct; what is missing is a signal that could have gone
       red. Do not read this record's MINIMAL as a passing measurement.
  RAWLOG-FILE /home/runner/v2-5xOby5/observe/trace.txt.gz
  RAWLOG-CAPTURE /home/runner/v2-5xOby5/observe/capture.json
  RAWLOG-BYTES raw=3482279 gz=83266
  VENUE-INTERPRETER /opt/hostedtoolcache/node/22.23.2/x64
  VENUE-OVERRIDES {"set":{"HOME":"/home/runner/v2-5xOby5/jailhome","TMPDIR":"/tmp/nub-tmp-obsoEIx5V","NODE_COMPAT":"1","PLAYWRIGHT_BROWSERS_PATH":"/home/runner/.cache/nub/pm/tools/ms-playwright","ELECTRON_CACHE":"/home/runner/.cache/nub/pm/tools/electron-cache","electron_config_cache":"/home/runner/.cache/nub/pm/tools/electron-cache","npm_config_prefix":"/home/runner/.cache/nub/pm/tools/npm-prefix","PYTHONDONTWRITEBYTECODE":"1","NUB_CACHE_DIR":"/home/runner/v2-5xOby5/nubcache"},"unset":["CI","GITHUB_ACTIONS"],"passedThrough":{"CI":"true","GITHUB_ACTIONS":"true","NODE_ENV":null}}
  == ATTRIBUTION == attributed pids: 30
    writes  script 68  /  whole traced tree 1156
    sockets script 9  /  whole traced tree 13
  == ROOTS (from capture.json — R2: no ambient reads) ==
    project       /home/runner/v2-5xOby5/observe
    home          /home/runner
    jailHome      /home/runner/v2-5xOby5/jailhome
    globalStore   /home/runner/.cache/nub/pm/store   [declared, not keyed on]
    projectStore  /home/runner/v2-5xOby5/observe/node_modules/.store   [declared, not keyed on]
    interpreter   /opt/hostedtoolcache/node/22.23.2/x64   [declared, not keyed on]
    toolsDir      /home/runner/.cache/nub/pm/tools   [declared, not keyed on]
    temp          /tmp/nub-tmp-obsoEIx5V
    npmPrefix     /home/runner/.cache/nub/pm/tools/npm-prefix
    ownPkg        /home/runner/v2-5xOby5/observe/node_modules/@playwright/browser-firefox
  == WRITES the script actually performed ==
    userHome     66
    jailTmp       2  (base profile already grants this — NOT billed)
        /tmp/nub-tmp-obsoEIx5V/playwright-download-16ToAZ
        /tmp/nub-tmp-obsoEIx5V/playwright-download-16ToAZ/playwright-download-firefox-ubuntu24.04-x64-1538.zip
  == NETWORK ==
    AF_INET sockets: 9   distinct peers: 3
        127.0.0.53:53
        104.16.3.34:443
        150.171.110.24:443
  == REFUSALS (only `= -1 EACCES/EPERM/EROFS`) ==
    distinct: 0
  == SYNTHESIZED GRANT (verify this in the real unprivileged jail) ==
    {"write":{"userHome":true},"network":true}
  == writePaths (DERIVED — promotion out of the package's PRIVATE home) ==
    private-home writes observed: 0
    none declared — the script wrote nothing into its private home — there is nothing to promote
    66 write(s) landed in the REAL home by absolute path, so promotion cannot reach them — nub moves OUT of the private home, and nothing of theirs is in it. Only `write:{userHome}` covers these; emitting `writePaths` instead would be an UNDER-GRANT.
  == writePaths FEASIBILITY (distinct writes outside project/deps) ==
    count: 66
        .cache/nub/pm/tools/ms-playwright/__dirlock
        .cache/nub/pm/tools/ms-playwright/.links
        .cache/nub/pm/tools/ms-playwright/.links/7d23502d2db0b15809847611a76391fdbad9611c
        .cache/nub/pm/tools/ms-playwright/firefox-1538
        .cache/nub/pm/tools/ms-playwright/firefox-1538/firefox
        .cache/nub/pm/tools/ms-playwright/firefox-1538/firefox/libsoftokn3.so
        .cache/nub/pm/tools/ms-playwright/firefox-1538/firefox/playwright.cfg
        .cache/nub/pm/tools/ms-playwright/firefox-1538/firefox/libgkcodecs.so
        .cache/nub/pm/tools/ms-playwright/firefox-1538/firefox/precomplete
        .cache/nub/pm/tools/ms-playwright/firefox-1538/firefox/updater.ini
        .cache/nub/pm/tools/ms-playwright/firefox-1538/firefox/glxtest
        .cache/nub/pm/tools/ms-playwright/firefox-1538/firefox/platform.ini
        .cache/nub/pm/tools/ms-playwright/firefox-1538/firefox/libmozgtk.so
        .cache/nub/pm/tools/ms-playwright/firefox-1538/firefox/libonnxruntime.so
        .cache/nub/pm/tools/ms-playwright/firefox-1538/firefox/libnss3.so
        .cache/nub/pm/tools/ms-playwright/firefox-1538/firefox/libmozavutil.so
        .cache/nub/pm/tools/ms-playwright/firefox-1538/firefox/libnssutil3.so
        .cache/nub/pm/tools/ms-playwright/firefox-1538/firefox/libplc4.so
        .cache/nub/pm/tools/ms-playwright/firefox-1538/firefox/libplds4.so
        .cache/nub/pm/tools/ms-playwright/firefox-1538/firefox/defaults
        .cache/nub/pm/tools/ms-playwright/firefox-1538/firefox/defaults/pref
        .cache/nub/pm/tools/ms-playwright/firefox-1538/firefox/defaults/pref/channel-prefs.js
        .cache/nub/pm/tools/ms-playwright/firefox-1538/firefox/libxul.so
        .cache/nub/pm/tools/ms-playwright/firefox-1538/firefox/liblgpllibs.so
        .cache/nub/pm/tools/ms-playwright/firefox-1538/firefox/update-settings.ini
        .cache/nub/pm/tools/ms-playwright/firefox-1538/firefox/fonts
        .cache/nub/pm/tools/ms-playwright/firefox-1538/firefox/fonts/TwemojiMozilla.ttf
        .cache/nub/pm/tools/ms-playwright/firefox-1538/firefox/firefox-bin
        .cache/nub/pm/tools/ms-playwright/firefox-1538/firefox/libmozsandbox.so
        .cache/nub/pm/tools/ms-playwright/firefox-1538/firefox/libmozinference.so
        .cache/nub/pm/tools/ms-playwright/firefox-1538/firefox/pingsender
        .cache/nub/pm/tools/ms-playwright/firefox-1538/firefox/updater
        .cache/nub/pm/tools/ms-playwright/firefox-1538/firefox/application.ini
        .cache/nub/pm/tools/ms-playwright/firefox-1538/firefox/libnspr4.so
        .cache/nub/pm/tools/ms-playwright/firefox-1538/firefox/browser
        .cache/nub/pm/tools/ms-playwright/firefox-1538/firefox/browser/defaults
        .cache/nub/pm/tools/ms-playwright/firefox-1538/firefox/browser/defaults/preferences
        .cache/nub/pm/tools/ms-playwright/firefox-1538/firefox/browser/defaults/preferences/00-playwright-prefs.js
        .cache/nub/pm/tools/ms-playwright/firefox-1538/firefox/browser/chrome
        .cache/nub/pm/tools/ms-playwright/firefox-1538/firefox/browser/chrome/icons
        … and 26 more
    EVENTS    4751 distinct from 16346 calls (16501 lines, 114 rejoined, 0 unparsed)
    PROCS     37   lifecycle shells 25
    ⛔ 3 paths with an UNRESOLVED dirfd — kept, marked, never guessed
    unsubscribed/unmapped syscalls: recvmsg×4359 getsockname×69 getsockopt×51 setsockopt×35 exit×30 getcwd×6 socketpair×4 exit_group×4
    wrote /home/runner/v2-5xOby5/observe/events.ndjson.gz (33794 bytes)
  EVENTLOG-FILE /home/runner/v2-5xOby5/observe/events.ndjson.gz
  EVENTLOG-STATS {"lines":16501,"parsed":16346,"unparsed":0,"unfinished":114,"rejoined":114,"unresolvedDirfd":3,"truncatedArg":0,"procs":37,"lifecyclePids":25,"distinctEvents":4751,"unknownSyscall":{"getsockname":69,"getsockopt":51,"getcwd":6,"recvmsg":4359,"exit":30,"setsockopt":35,"sendmmsg":1,"socketpair":4,"shutdown":3,"exit_group":4,"wait4":4},"out":"/home/runner/v2-5xOby5/observe/events.ndjson.gz","gzipBytes":33794}
  EVICT     0 store entries removed, 0 spared as nub tooling
  SE-PURGE  0 side-effects-cache entries for @playwright/browser-firefox
OSV-SCREEN {"schemaVersion":1,"kind":"nub-synth-resolved","status":"clean","digest":"bc8eabc30d47601bb649eec04b7d387af734c7cf1e2723ffe895ac205427a363","specCount":2,"lockfiles":{"digest":"3836ddde1c1412946a71148f32997a82afd325652b849e93a304636819f141e6","files":[{"path":"nub.lock","sha256":"9224c0dbaf1d09368ff0c4fbb35852030b924d4a49ef19b46988d3f162c9699c","bytes":749}]},"maliciousAdvisories":[],"screenedAt":"2026-09-08T11:03:11.523Z","cacheHit":true,"clearancePath":"/home/runner/v2-5xOby5/security/nub-synth-resolved.json"}
  SECURITY nub-synth-resolved clean: 2 exact package-version(s), tree bc8eabc30d47 (cached exact-tree clearance)
  VENUE-STORE-LAYOUT isolated
  VERIFY[synth] rc=0 artifacts=8/8 missing=0 shortfall=none (tree 367/123) OVERRIDDEN=3 REJECTED=0 grant={"write":{"userHome":true},"network":true}
  => VERIFIED {"write":{"userHome":true},"network":true}   (observed, then verified)
  EVICT     2 store entries removed, 0 spared as nub tooling
  SE-PURGE  0 side-effects-cache entries for @playwright/browser-firefox
OSV-SCREEN {"schemaVersion":1,"kind":"nub-drop-no-network-resolved","status":"clean","digest":"bc8eabc30d47601bb649eec04b7d387af734c7cf1e2723ffe895ac205427a363","specCount":2,"lockfiles":{"digest":"3836ddde1c1412946a71148f32997a82afd325652b849e93a304636819f141e6","files":[{"path":"nub.lock","sha256":"9224c0dbaf1d09368ff0c4fbb35852030b924d4a49ef19b46988d3f162c9699c","bytes":749}]},"maliciousAdvisories":[],"screenedAt":"2026-09-08T11:03:11.523Z","cacheHit":true,"clearancePath":"/home/runner/v2-5xOby5/security/nub-drop-no-network-resolved.json"}
  SECURITY nub-drop-no-network-resolved clean: 2 exact package-version(s), tree bc8eabc30d47 (cached exact-tree clearance)
  VERIFY[drop-no-network] rc=1 artifacts=8/8 missing=0 shortfall=none (tree 367/123) OVERRIDDEN=3 REJECTED=0 grant={"write":{"userHome":true}}
     'no-network' is NECESSARY — dropping it fails to verify
  EVICT     2 store entries removed, 0 spared as nub tooling
  SE-PURGE  0 side-effects-cache entries for @playwright/browser-firefox
OSV-SCREEN {"schemaVersion":1,"kind":"nub-drop-no-write-userHome-resolved","status":"clean","digest":"bc8eabc30d47601bb649eec04b7d387af734c7cf1e2723ffe895ac205427a363","specCount":2,"lockfiles":{"digest":"3836ddde1c1412946a71148f32997a82afd325652b849e93a304636819f141e6","files":[{"path":"nub.lock","sha256":"9224c0dbaf1d09368ff0c4fbb35852030b924d4a49ef19b46988d3f162c9699c","bytes":749}]},"maliciousAdvisories":[],"screenedAt":"2026-09-08T11:03:11.523Z","cacheHit":true,"clearancePath":"/home/runner/v2-5xOby5/security/nub-drop-no-write-userHome-resolved.json"}
  SECURITY nub-drop-no-write-userHome-resolved clean: 2 exact package-version(s), tree bc8eabc30d47 (cached exact-tree clearance)
  VERIFY[drop-no-write-userHome] rc=0 artifacts=8/8 missing=0 shortfall=none (tree 367/123) OVERRIDDEN=3 REJECTED=0 grant={"network":true}
     ⛔ OVER-PREDICTED: dropping 'no-write-userHome' STILL VERIFIES — {"network":true} is sufficient
  => OVER-PREDICTED by: no-write-userHome  (synthesized {"write":{"userHome":true},"network":true}; each named capability drops on its own)
