### workerd@1.20260722.1   (D:\jail\m-workerd-mtsseldt)
  CI-ENV scrubbed: CI GITHUB_ACTIONS
OSV-SCREEN {"schemaVersion":1,"kind":"direct","status":"clean","digest":"0801435239f8f0de0c932b7fe071c98c54924650bf38069a8c04540f4386b2f0","specCount":1,"lockfiles":{"digest":null,"files":[]},"maliciousAdvisories":[],"screenedAt":"2026-09-08T14:51:01.270Z","cacheHit":false,"clearancePath":"D:\\jail\\m-workerd-mtsseldt\\security\\direct.json"}
  SECURITY direct clean: 1 exact package-version(s), tree 0801435239f8
OSV-SCREEN {"schemaVersion":1,"kind":"npm-observe-resolved","status":"clean","digest":"af22cd50f7ab9dcdb411bad79ba6a773aba500005db22a59607ea86339eee244","specCount":2,"lockfiles":{"digest":"dfb317fdb7d833404a92aa6538aa31db869f44b64480cdfc89477d40e1a6aae0","files":[{"path":"package-lock.json","sha256":"575748f060e8b194d51d7a4249f2bc43c9a85b9f1945d98f62edd5603ca56aa1","bytes":3560}]},"maliciousAdvisories":[],"screenedAt":"2026-09-08T14:51:04.251Z","cacheHit":false,"clearancePath":"D:\\jail\\m-workerd-mtsseldt\\security\\npm-observe-resolved.json"}
  SECURITY npm-observe-resolved clean: 2 exact package-version(s), tree af22cd50f7ab
  CAPTURE user=runnervmeef0v\runneradmin elevated=True rootPid=3700 exit=0 events=23015 lost=0
  VENUE-OBSERVE-USER runnervmeef0v\runneradmin elevated=true privDropped={"SeBackupPrivilege":"removed","SeRestorePrivilege":"removed","SeTakeOwnershipPrivilege":"removed"}
  OBSERVE artifacts: 7 files  (D:\jail\m-workerd-mtsseldt\observe\node_modules\workerd)
  ARM-FALSIFIABILITY {"manifestFiles":7,"filesTheScriptProduced":0,"reasons":["gate-vacuous"]}
  ⛔ ARMS-UNFALSIFIABLE — a green arm for this package carries no evidence:
       gate-vacuous: the script changed no file the artifact gate keys on — every file in the manifest (7) was already present at its final size before the script ran, so the gate passes in every arm including a completely broken one
       The grant may still be correct; what is missing is a signal that could have gone
       red. Do not read this record's MINIMAL as a passing measurement.
  CLOSURE 2 packages evicted per arm
  8.3 MAP 0 components resolved on runnervmeef0v, folded into capture.json
  == ROOTS (from capture.json — R2: no ambient reads) ==
    project       D:\jail\m-workerd-mtsseldt\observe   [keyed on]
    home          C:\Users\runneradmin   [keyed on]
    jailHome      (null — declared inapplicable)
    globalStore   C:\Users\runneradmin\AppData\Local\nub\pm\store
    projectStore  D:\jail\m-workerd-mtsseldt\observe\node_modules\.store
    interpreter   C:\hostedtoolcache\windows\node\22.23.2\x64\node.exe
    toolsDir      C:\Users\runneradmin\AppData\Local\nub\pm\tools
    temp          D:\jail\m-workerd-mtsseldt\tmp   [keyed on]
    npmPrefix     (null — declared inapplicable)
    ownPkg        D:\jail\m-workerd-mtsseldt\observe\node_modules\workerd
  == ATTRIBUTION == lifecycle pids: 4 (root 3700)
    writes  script 0  /  whole traced tree 11
    peers   script 0  /  whole traced tree 0
  == WRITES ==
  == READS ==
    deps          8
    outside       6
    project       1
    systemfs     42
  == NETWORK ==
    distinct peers: 0
  == REFUSALS (adapter-classified) ==
    distinct: 0
  == SYNTHESIZED GRANT (verify this in the real unprivileged jail) ==
    {}
  RAW       etw-raw.xml.gz  29331556 B xml -> 428189 B gz (68.5x)  sha256 a609157dfd928506…
  HEADER    etw-header.json (5056 bytes)
  DERIVED   5441 distinct from 6812 kept ops (23015 xml events, 1743 out of subtree)
  PROCS     6   thread-reattributed 0
  8.3       0 expanded, 0 kept short, 0 not covered  [map: recorded 8.3 map (0 components, resolved on runnervmeef0v)]
  wrote events.ndjson.gz (69354 bytes)
  RAWLOG-CAPTURE D:\jail\m-workerd-mtsseldt\cap\capture.json
  VENUE-NUB-BINARY {"path":"C:/Users/RUNNER~1/AppData/Local/Temp/nub/target/release/nub.exe","sha256":"f186817a44be332fee712b4936a071a0b5f9cde18a1d2fdc3a791729d4bf1005","bytes":68717056,"features":{"buildJailCatalogOverride":true,"pythonDontWriteBytecodeEnv":true}}
  VENUE-INTERPRETER C:\hostedtoolcache\windows\node\22.23.2\x64\node.exe
  VENUE-JAIL-ROOT D:\jail\m-workerd-mtsseldt
  VENUE-OVERRIDES {"set":{"npm_config_cache":"D:\\jail\\m-workerd-mtsseldt\\npm-cache","TMP":"D:\\jail\\m-workerd-mtsseldt\\tmp","TEMP":"D:\\jail\\m-workerd-mtsseldt\\tmp","TMPDIR":"D:\\jail\\m-workerd-mtsseldt\\tmp"},"unset":["CI","GITHUB_ACTIONS"],"notRedirected":{"USERPROFILE":"C:\\Users\\runneradmin","why":"the jail leaves HOME/USERPROFILE alone — `build_jail.rs` sandbox_homes() reads the ambient value and `compiler/defaults.rs` BASELINE_ENV_EXACT passes it through — so there is no private jail home to reproduce and redirecting one would measure an environment no confined script sees"},"passedThrough":{"CI":"true","GITHUB_ACTIONS":"true","NODE_ENV":null}}
  STORE   isolated virtual store at D:\jail\m-workerd-mtsseldt\verify-synth\.cache
  VENUE-STORE-LAYOUT isolated
OSV-SCREEN {"schemaVersion":1,"kind":"nub-synth-resolved","status":"clean","digest":"af22cd50f7ab9dcdb411bad79ba6a773aba500005db22a59607ea86339eee244","specCount":2,"lockfiles":{"digest":"5cab568d1c84d0aeab6a18cb4afe4f2729e90e9c2178a8a3e999df3ad28ea8c7","files":[{"path":"nub.lock","sha256":"23a766c3c7db433786aece9d447c2369611516da5dff8d1a30908b74482a1c59","bytes":2261}]},"maliciousAdvisories":[],"screenedAt":"2026-09-08T14:51:04.251Z","cacheHit":true,"clearancePath":"D:\\jail\\m-workerd-mtsseldt\\security\\nub-synth-resolved.json"}
  SECURITY nub-synth-resolved clean: 2 exact package-version(s), tree af22cd50f7ab (cached exact-tree clearance)
  VERIFY[synth] rc=0 artifacts=7/7 missing=0 shortfall=none (tree 5689/17) OVERRIDDEN=2 REJECTED=0 grant={}
  => MINIMUM {}   (observed, then verified)
  DESCEND   grant is already empty — nothing to narrow; MINIMAL by construction.
