### stream-chat-react-native-core@9.8.2   (/home/runner/v2-3UREtU)
  CI-ENV scrubbed: CI GITHUB_ACTIONS
OSV-SCREEN {"schemaVersion":1,"kind":"direct","status":"clean","digest":"e3b8a401480a4fcb700dbc5afae5a3ba51243995d169f23d285777d21171f478","specCount":1,"lockfiles":{"digest":null,"files":[]},"maliciousAdvisories":[],"screenedAt":"2026-09-09T04:59:49.013Z","cacheHit":false,"clearancePath":"/home/runner/v2-3UREtU/security/direct.json"}
  SECURITY direct clean: 1 exact package-version(s), tree e3b8a401480a
  VENUE-OBSERVE-USER {"uid":1001,"user":"runner","umask":"0022","capBnd":"000001ffffffffff","noNewPrivs":"0"}
  VENUE-NUB-BINARY {"path":"/tmp/nub/target/release/nub","sha256":"2a18683f50f7afeb02a521cd3cae175dc2f91780d461c5f012065241f5a1447b","bytes":207643464,"features":{"buildJailCatalogOverride":true,"pythonDontWriteBytecodeEnv":true}}
OSV-SCREEN {"schemaVersion":1,"kind":"npm-observe-resolved","status":"clean","digest":"b5dd15a48d3253e87d3d5ac06f41d278dcb161a45756e3e592afede8cd82f574","specCount":382,"lockfiles":{"digest":"2691db60606e8d3e0d2a46c8ef21b732645f841649de3dbb67892f2e7f08b241","files":[{"path":"package-lock.json","sha256":"9e412bf156aa5e8e66475667880165c4d517e47369eea9735b8c99f4b3eb8ee3","bytes":192923}]},"maliciousAdvisories":[],"screenedAt":"2026-09-09T05:00:05.694Z","cacheHit":false,"clearancePath":"/home/runner/v2-3UREtU/security/npm-observe-resolved.json"}
  SECURITY npm-observe-resolved clean: 382 exact package-version(s), tree b5dd15a48d32
  OBSERVE   rc=0 files=28309 trace=11785 lines
  CLOSURE   361 packages evicted per arm
  ARM-FALSIFIABILITY {"manifestFiles":6134,"filesTheScriptProduced":0,"reasons":["gate-vacuous"]}
  ⛔ ARMS-UNFALSIFIABLE — a green arm for this package carries no evidence:
       gate-vacuous: the script changed no file the artifact gate keys on — every file in the manifest (6134) was already present at its final size before the script ran, so the gate passes in every arm including a completely broken one
       The grant may still be correct; what is missing is a signal that could have gone
       red. Do not read this record's MINIMAL as a passing measurement.
  RAWLOG-FILE /home/runner/v2-3UREtU/observe/trace.txt.gz
  RAWLOG-CAPTURE /home/runner/v2-3UREtU/observe/capture.json
  RAWLOG-BYTES raw=2532692 gz=75341
  VENUE-INTERPRETER /opt/hostedtoolcache/node/22.23.2/x64
  VENUE-OVERRIDES {"set":{"HOME":"/home/runner/v2-3UREtU/jailhome","TMPDIR":"/tmp/nub-tmp-obsJJGelu","NODE_COMPAT":"1","PLAYWRIGHT_BROWSERS_PATH":"/home/runner/.cache/nub/pm/tools/ms-playwright","ELECTRON_CACHE":"/home/runner/.cache/nub/pm/tools/electron-cache","electron_config_cache":"/home/runner/.cache/nub/pm/tools/electron-cache","npm_config_prefix":"/home/runner/.cache/nub/pm/tools/npm-prefix","PYTHONDONTWRITEBYTECODE":"1","NUB_CACHE_DIR":"/home/runner/v2-3UREtU/nubcache"},"unset":["CI","GITHUB_ACTIONS"],"passedThrough":{"CI":"true","GITHUB_ACTIONS":"true","NODE_ENV":null}}
  == ATTRIBUTION == attributed pids: 0
    writes  script 0  /  whole traced tree 1088
    sockets script 0  /  whole traced tree 4
    ⛔ NO LIFECYCLE SHELL FOUND — the subtree filter matched nothing, so the grant
       below is EMPTY BY DEFAULT rather than by measurement. Treat it as UNKNOWN.
  == ROOTS (from capture.json — R2: no ambient reads) ==
    project       /home/runner/v2-3UREtU/observe
    home          /home/runner
    jailHome      /home/runner/v2-3UREtU/jailhome
    globalStore   /home/runner/.cache/nub/pm/store   [declared, not keyed on]
    projectStore  /home/runner/v2-3UREtU/observe/node_modules/.store   [declared, not keyed on]
    interpreter   /opt/hostedtoolcache/node/22.23.2/x64   [declared, not keyed on]
    toolsDir      /home/runner/.cache/nub/pm/tools   [declared, not keyed on]
    temp          /tmp/nub-tmp-obsJJGelu
    npmPrefix     /home/runner/.cache/nub/pm/tools/npm-prefix
    ownPkg        /home/runner/v2-3UREtU/observe/node_modules/stream-chat-react-native-core
  == WRITES the script actually performed ==
  == NETWORK ==
    AF_INET sockets: 0   distinct peers: 2
        127.0.0.53:53
        104.16.2.34:443
  == REFUSALS (only `= -1 EACCES/EPERM/EROFS`) ==
    distinct: 0
  == SYNTHESIZED GRANT (verify this in the real unprivileged jail) ==
    {}
  == writePaths (DERIVED — promotion out of the package's PRIVATE home) ==
    private-home writes observed: 0
    none declared — the script wrote nothing into its private home — there is nothing to promote
  == writePaths FEASIBILITY (distinct writes outside project/deps) ==
    count: 0
    EVENTS    5114 distinct from 11355 calls (11786 lines, 418 rejoined, 0 unparsed)
    PROCS     12   lifecycle shells 0
    ⛔ 3 paths with an UNRESOLVED dirfd — kept, marked, never guessed
    unsubscribed/unmapped syscalls: getsockname×17 setsockopt×11 exit×10 recvmsg×7 getsockopt×4 getcwd×2 sendmmsg×1 exit_group×1
    wrote /home/runner/v2-3UREtU/observe/events.ndjson.gz (35959 bytes)
  EVENTLOG-FILE /home/runner/v2-3UREtU/observe/events.ndjson.gz
  EVENTLOG-STATS {"lines":11786,"parsed":11355,"unparsed":0,"unfinished":418,"rejoined":418,"unresolvedDirfd":3,"truncatedArg":0,"procs":12,"lifecyclePids":0,"distinctEvents":5114,"unknownSyscall":{"getsockname":17,"getsockopt":4,"getcwd":2,"recvmsg":7,"exit":10,"setsockopt":11,"sendmmsg":1,"exit_group":1},"out":"/home/runner/v2-3UREtU/observe/events.ndjson.gz","gzipBytes":35959}
  EVICT     231 store entries removed, 8 spared as nub tooling
  SE-PURGE  0 side-effects-cache entries for stream-chat-react-native-core
  scaffold: 1 dependency package(s) with lifecycle scripts granted a fixed wide grant
OSV-SCREEN {"schemaVersion":1,"kind":"nub-synth-resolved","status":"clean","digest":"16d9d3f279df96a1ee392f92fe337a9380c251aef65f41ae36979b994c7ec40c","specCount":382,"lockfiles":{"digest":"c0cfaabf0f1bcd7db5df20662e202f1578b9695f94599e7631603e9ebd7f3712","files":[{"path":"nub.lock","sha256":"fd97fe8dffee0c3c3d7d14e5bb86baa62830d589fa8635fa34972652c67f0b97","bytes":123802}]},"maliciousAdvisories":[],"screenedAt":"2026-09-09T05:00:14.298Z","cacheHit":false,"clearancePath":"/home/runner/v2-3UREtU/security/nub-synth-resolved.json"}
  SECURITY nub-synth-resolved clean: 382 exact package-version(s), tree 16d9d3f279df
  VENUE-STORE-LAYOUT isolated
  VERIFY[synth] rc=0 artifacts=6134/6134 missing=0 shortfall=none (tree 157529/28309) OVERRIDDEN=3 REJECTED=0 grant={}
  => VERIFIED {}   (observed, then verified)
  DESCEND   grant is already empty — nothing to narrow; MINIMAL by construction.
