### @larksuite/cli@1.0.9   (D:\jail\m-larksuitecli-mtrk2366)
  CI-ENV scrubbed: CI GITHUB_ACTIONS
OSV-SCREEN {"schemaVersion":1,"kind":"direct","status":"clean","digest":"aba44ced115191595d3ac7fa9fe1552aeb0a27bbf6ef146bfde6ecc8bf95a283","specCount":1,"lockfiles":{"digest":null,"files":[]},"maliciousAdvisories":[],"screenedAt":"2026-09-07T18:09:34.583Z","cacheHit":false,"clearancePath":"D:\\jail\\m-larksuitecli-mtrk2366\\security\\direct.json"}
  SECURITY direct clean: 1 exact package-version(s), tree aba44ced1151
OSV-SCREEN {"schemaVersion":1,"kind":"npm-observe-resolved","status":"clean","digest":"aba44ced115191595d3ac7fa9fe1552aeb0a27bbf6ef146bfde6ecc8bf95a283","specCount":1,"lockfiles":{"digest":"c67121d6a20f6492d1ea94348372ad316a5a5942843e565e70ac6210062ff750","files":[{"path":"package-lock.json","sha256":"60efc202cb595bac15ae2691ee8f3d4afe54c15593cc4186b9531467f0ebf9b5","bytes":796}]},"maliciousAdvisories":[],"screenedAt":"2026-09-07T18:09:34.583Z","cacheHit":true,"clearancePath":"D:\\jail\\m-larksuitecli-mtrk2366\\security\\npm-observe-resolved.json"}
  SECURITY npm-observe-resolved clean: 1 exact package-version(s), tree aba44ced1151 (cached exact-tree clearance)
  CAPTURE user=runnervmeef0v\runneradmin elevated=True rootPid=5392 exit=0 events=173464 lost=0
  VENUE-OBSERVE-USER runnervmeef0v\runneradmin elevated=true privDropped={"SeBackupPrivilege":"removed","SeRestorePrivilege":"removed","SeTakeOwnershipPrivilege":"removed"}
  OBSERVE artifacts: 8 files  (D:\jail\m-larksuitecli-mtrk2366\observe\node_modules\@larksuite\cli)
  ARM-FALSIFIABILITY {"manifestFiles":8,"filesTheScriptProduced":1,"reasons":[]}
  CLOSURE 1 packages evicted per arm
  8.3 MAP 0 components resolved on runnervmeef0v, folded into capture.json
  == ROOTS (from capture.json — R2: no ambient reads) ==
    project       D:\jail\m-larksuitecli-mtrk2366\observe   [keyed on]
    home          C:\Users\runneradmin   [keyed on]
    jailHome      (null — declared inapplicable)
    globalStore   C:\Users\runneradmin\AppData\Local\nub\pm\store
    projectStore  D:\jail\m-larksuitecli-mtrk2366\observe\node_modules\.store
    interpreter   C:\hostedtoolcache\windows\node\22.23.2\x64\node.exe
    toolsDir      C:\Users\runneradmin\AppData\Local\nub\pm\tools
    temp          D:\jail\m-larksuitecli-mtrk2366\tmp   [keyed on]
    npmPrefix     (null — declared inapplicable)
    ownPkg        D:\jail\m-larksuitecli-mtrk2366\observe\node_modules\@larksuite\cli
  == ATTRIBUTION == lifecycle pids: 6 (root 5392)
    writes  script 56  /  whole traced tree 67
    peers   script 2  /  whole traced tree 2
  == WRITES ==
    deps          2
    jailTmp       8
    systemfs     45
        c:\windows\microsoft.net\framework64\v2.0.50727\mscorwks.dll:wofcompresseddata
        c:\windows\microsoft.net\assembly\gac_msil\microsoft.powershell.consolehost\v4.0_3.0.0.0__31bf3856ad364e35\microsoft.powershell.consolehost.dll:wofcompresseddata
        c:\windows\microsoft.net\assembly\gac_msil\system.configuration\v4.0_4.0.0.0__b03f5f7f11d50a3a\system.configuration.dll:wofcompresseddata
        c:\windows\microsoft.net\assembly\gac_msil\system.xml\v4.0_4.0.0.0__b77a5c561934e089\system.xml.dll:wofcompresseddata
        c:\windows\microsoft.net\assembly\gac_msil\system.configuration.install\v4.0_4.0.0.0__b03f5f7f11d50a3a\system.configuration.install.dll:wofcompresseddata
        c:\windows\microsoft.net\assembly\gac_msil\system.numerics\v4.0_4.0.0.0__b77a5c561934e089\system.numerics.dll:wofcompresseddata
        c:\windows\microsoft.net\assembly\gac_msil\system.security\v4.0_4.0.0.0__b03f5f7f11d50a3a\system.security.dll:wofcompresseddata
        c:\windows\microsoft.net\assembly\gac_msil\microsoft.management.infrastructure\v4.0_1.0.0.0__31bf3856ad364e35\microsoft.management.infrastructure.dll:wofcompresseddata
        c:\windows\microsoft.net\assembly\gac_msil\system.runtime.serialization\v4.0_4.0.0.0__b77a5c561934e089\system.runtime.serialization.dll:wofcompresseddata
        c:\windows\microsoft.net\assembly\gac_64\microsoft.management.infrastructure.native\v4.0_1.0.0.0__31bf3856ad364e35\microsoft.management.infrastructure.native.dll:wofcompresseddata
        c:\windows\microsoft.net\assembly\gac_msil\system.management\v4.0_4.0.0.0__b03f5f7f11d50a3a\system.management.dll:wofcompresseddata
        c:\windows\microsoft.net\assembly\gac_msil\system.directoryservices\v4.0_4.0.0.0__b03f5f7f11d50a3a\system.directoryservices.dll:wofcompresseddata
    userHome      1
  == READS ==
    deps          7
    outside     234
    project       1
    systemfs    583
    userHome     12
    jailTmp       9
  == NETWORK ==
    distinct peers: 2
        140.82.114.4:443
        185.199.108.133:443
  == REFUSALS (adapter-classified) ==
    distinct: 0
  == SYNTHESIZED GRANT (verify this in the real unprivileged jail) ==
    {"write":{"deps":true,"userHome":true},"network":true}
    NOTE 8 writes into the DECLARED private temp -- the base profile grants
         that directory unconditionally (preset.rs `$tmp`=rw), so they widen nothing.
    !! 45 writes into system dirs -- an unprivileged user would be refused these
  RAW       etw-raw.xml.gz  221789295 B xml -> 3223574 B gz (68.8x)  sha256 9929042d30a1d314…
  HEADER    etw-header.json (5106 bytes)
  DERIVED   10618 distinct from 25489 kept ops (173464 xml events, 41446 out of subtree)
  PROCS     8   thread-reattributed 17
  ⛔ 2 operations with NO OperationEnd — kept, status marked unknown
  ⛔ 5 handle ops whose path no table could supply
  8.3       0 expanded, 0 kept short, 0 not covered  [map: recorded 8.3 map (0 components, resolved on runnervmeef0v)]
  wrote events.ndjson.gz (147601 bytes)
  RAWLOG-CAPTURE D:\jail\m-larksuitecli-mtrk2366\cap\capture.json
  VENUE-NUB-BINARY {"path":"C:/Users/RUNNER~1/AppData/Local/Temp/nub/target/release/nub.exe","sha256":"f186817a44be332fee712b4936a071a0b5f9cde18a1d2fdc3a791729d4bf1005","bytes":68717056,"features":{"buildJailCatalogOverride":true,"pythonDontWriteBytecodeEnv":true}}
  VENUE-INTERPRETER C:\hostedtoolcache\windows\node\22.23.2\x64\node.exe
  VENUE-JAIL-ROOT D:\jail\m-larksuitecli-mtrk2366
  VENUE-OVERRIDES {"set":{"npm_config_cache":"D:\\jail\\m-larksuitecli-mtrk2366\\npm-cache","TMP":"D:\\jail\\m-larksuitecli-mtrk2366\\tmp","TEMP":"D:\\jail\\m-larksuitecli-mtrk2366\\tmp","TMPDIR":"D:\\jail\\m-larksuitecli-mtrk2366\\tmp"},"unset":["CI","GITHUB_ACTIONS"],"notRedirected":{"USERPROFILE":"C:\\Users\\runneradmin","why":"the jail leaves HOME/USERPROFILE alone — `build_jail.rs` sandbox_homes() reads the ambient value and `compiler/defaults.rs` BASELINE_ENV_EXACT passes it through — so there is no private jail home to reproduce and redirecting one would measure an environment no confined script sees"},"passedThrough":{"CI":"true","GITHUB_ACTIONS":"true","NODE_ENV":null}}
  STORE   isolated virtual store at D:\jail\m-larksuitecli-mtrk2366\verify-synth\.cache
  VENUE-STORE-LAYOUT isolated
OSV-SCREEN {"schemaVersion":1,"kind":"nub-synth-resolved","status":"clean","digest":"aba44ced115191595d3ac7fa9fe1552aeb0a27bbf6ef146bfde6ecc8bf95a283","specCount":1,"lockfiles":{"digest":"6116579f2849d8f68127917db39f81952566a7999eec89b86abf039f555b03cd","files":[{"path":"nub.lock","sha256":"a65ad7998dde2ab19305a40f9a714478b3fe20f0dde03ee29d56a48213afed58","bytes":504}]},"maliciousAdvisories":[],"screenedAt":"2026-09-07T18:09:34.583Z","cacheHit":true,"clearancePath":"D:\\jail\\m-larksuitecli-mtrk2366\\security\\nub-synth-resolved.json"}
  SECURITY nub-synth-resolved clean: 1 exact package-version(s), tree aba44ced1151 (cached exact-tree clearance)
  VERIFY[synth] rc=1 artifacts=8/8 missing=1 shortfall=b6f44a5b933a (tree 5670/15) OVERRIDDEN=2 REJECTED=0 grant={"write":{"deps":true,"userHome":true},"network":true}
     missing artifacts: bin/lark-cli.exe
  synthesized grant did not verify -- falling back to a bounded ladder
  STORE   isolated virtual store at D:\jail\m-larksuitecli-mtrk2366\verify-fb0\.cache
OSV-SCREEN {"schemaVersion":1,"kind":"nub-fb0-resolved","status":"clean","digest":"aba44ced115191595d3ac7fa9fe1552aeb0a27bbf6ef146bfde6ecc8bf95a283","specCount":1,"lockfiles":{"digest":"6116579f2849d8f68127917db39f81952566a7999eec89b86abf039f555b03cd","files":[{"path":"nub.lock","sha256":"a65ad7998dde2ab19305a40f9a714478b3fe20f0dde03ee29d56a48213afed58","bytes":504}]},"maliciousAdvisories":[],"screenedAt":"2026-09-07T18:09:34.583Z","cacheHit":true,"clearancePath":"D:\\jail\\m-larksuitecli-mtrk2366\\security\\nub-fb0-resolved.json"}
  SECURITY nub-fb0-resolved clean: 1 exact package-version(s), tree aba44ced1151 (cached exact-tree clearance)
  VERIFY[fb0] rc=1 artifacts=8/8 missing=1 shortfall=b6f44a5b933a (tree 5670/15) OVERRIDDEN=2 REJECTED=0 grant={"write":{"deps":true,"project":true,"userHome":true},"network":true}
     missing artifacts: bin/lark-cli.exe
  STORE   isolated virtual store at D:\jail\m-larksuitecli-mtrk2366\verify-fb1\.cache
OSV-SCREEN {"schemaVersion":1,"kind":"nub-fb1-resolved","status":"clean","digest":"aba44ced115191595d3ac7fa9fe1552aeb0a27bbf6ef146bfde6ecc8bf95a283","specCount":1,"lockfiles":{"digest":"6116579f2849d8f68127917db39f81952566a7999eec89b86abf039f555b03cd","files":[{"path":"nub.lock","sha256":"a65ad7998dde2ab19305a40f9a714478b3fe20f0dde03ee29d56a48213afed58","bytes":504}]},"maliciousAdvisories":[],"screenedAt":"2026-09-07T18:09:34.583Z","cacheHit":true,"clearancePath":"D:\\jail\\m-larksuitecli-mtrk2366\\security\\nub-fb1-resolved.json"}
  SECURITY nub-fb1-resolved clean: 1 exact package-version(s), tree aba44ced1151 (cached exact-tree clearance)
  VERIFY[fb1] rc=1 artifacts=8/8 missing=1 shortfall=b6f44a5b933a (tree 5670/15) OVERRIDDEN=2 REJECTED=0 grant={"write":{"deps":true,"project":true,"userHome":true},"read":"disk","network":true}
     missing artifacts: bin/lark-cli.exe
  STORE   isolated virtual store at D:\jail\m-larksuitecli-mtrk2366\verify-fb2\.cache
OSV-SCREEN {"schemaVersion":1,"kind":"nub-fb2-resolved","status":"clean","digest":"aba44ced115191595d3ac7fa9fe1552aeb0a27bbf6ef146bfde6ecc8bf95a283","specCount":1,"lockfiles":{"digest":"6116579f2849d8f68127917db39f81952566a7999eec89b86abf039f555b03cd","files":[{"path":"nub.lock","sha256":"a65ad7998dde2ab19305a40f9a714478b3fe20f0dde03ee29d56a48213afed58","bytes":504}]},"maliciousAdvisories":[],"screenedAt":"2026-09-07T18:09:34.583Z","cacheHit":true,"clearancePath":"D:\\jail\\m-larksuitecli-mtrk2366\\security\\nub-fb2-resolved.json"}
  SECURITY nub-fb2-resolved clean: 1 exact package-version(s), tree aba44ced1151 (cached exact-tree clearance)
  VERIFY[fb2] rc=0 artifacts=9/8 missing=0 shortfall=none (tree 5671/15) OVERRIDDEN=2 REJECTED=0 grant={"write":"disk","network":true}
  => MINIMUM {"write":"disk","network":true}   (ladder fallback; synthesized grant was insufficient)
  !! OBSERVE UNDER-PREDICTED -- the gap between {"write":{"deps":true,"userHome":true},"network":true} and this is what the trace missed
  !! last rung is write:"disk" = NO CONFINEMENT on Windows; a token problem and a path problem look identical here
