  HARNESS-NODE /opt/hostedtoolcache/node/22.23.2/x64/bin/node (v22.23.2); arm-cap present
  ERA-NODE PINNED 20.20.2 (provisioned) (arms will run: v20.20.2)
  ERA-PYTHON /opt/hostedtoolcache/Python/3.9.25/x64/bin/python (Python 3.9.25) for era Node 20, whose node-gyp requires python3
  ARM-MAKE /usr/bin/gmake (GNU Make 4.3) — the system make; a build needing GNU Make 4 WILL fail here
### saucectl@0.185.0   (/home/runner/v2-Zupyol)
  CI-ENV scrubbed: CI GITHUB_ACTIONS
OSV-SCREEN {"schemaVersion":1,"kind":"direct","status":"clean","digest":"1f894a16ee623e35964e6cd8600711888f57ac36617a5e36ec5d8c381397c0e1","specCount":1,"lockfiles":{"digest":null,"files":[]},"maliciousAdvisories":[],"screenedAt":"2026-08-29T07:39:56.177Z","cacheHit":false,"clearancePath":"/home/runner/v2-Zupyol/security/direct.json"}
  SECURITY direct clean: 1 exact package-version(s), tree 1f894a16ee62
  VENUE-OBSERVE-USER {"uid":1001,"user":"runner","umask":"0022","capBnd":"000001ffffffffff","noNewPrivs":"0"}
  VENUE-NUB-BINARY {"path":"/tmp/nub/target/release/nub","sha256":"bed0d624b324fb3de83de474ff73731ad2f1fd040ff548bb0158e2baf850701d","bytes":208304640,"features":{"buildJailCatalogOverride":true,"pythonDontWriteBytecodeEnv":true}}
  ERA-RESOLUTION DATED 2024-09-10T17:17:06.557Z (deps as of the package's own publish date + 1d)
OSV-SCREEN {"schemaVersion":1,"kind":"npm-observe-resolved","status":"clean","digest":"203aea51b9e2d311ca0f2e066d83df6240d8d6231e546e54001f2ece93c4159f","specCount":23,"lockfiles":{"digest":"b1035bce3784038b8bf96a4071dbec0b9b0a1f676286892d72eb7e16fcad6abc","files":[{"path":"package-lock.json","sha256":"41d54635dd0b2ac2623a667b8dae3701742ec04be58257878ea5b720ebf6d3a2","bytes":9247}]},"maliciousAdvisories":[],"screenedAt":"2026-08-29T07:39:57.933Z","cacheHit":false,"clearancePath":"/home/runner/v2-Zupyol/security/npm-observe-resolved.json"}
  SECURITY npm-observe-resolved clean: 23 exact package-version(s), tree 203aea51b9e2
  ARM-PATH SANITISED (nothing to drop)
  ARM-AMBIENT-TOOLS 7 leaked: tsc=/usr/local/bin/tsc grunt=/usr/local/bin/grunt gulp=/usr/local/bin/gulp webpack=/usr/local/bin/webpack lerna=/usr/local/bin/lerna yarn=/usr/local/bin/yarn pulumi=/usr/local/bin/pulumi
  ARM-SCAFFOLD none
  ARM-UNPROVIDABLE none
  OBSERVE   rc=0 files=281 trace=6454 lines
  CLOSURE   23 packages evicted per arm
  ARM-FALSIFIABILITY {"manifestFiles":8,"filesTheScriptProduced":1,"reasons":[]}
  RAWLOG-FILE /home/runner/v2-Zupyol/observe/trace.txt.gz
  RAWLOG-CAPTURE /home/runner/v2-Zupyol/observe/capture.json
  RAWLOG-BYTES raw=1564828 gz=50485
  VENUE-INTERPRETER /opt/hostedtoolcache/node/22.23.2/x64
  VENUE-NODE-SELECTION {"pkg":"saucectl","packageVersion":"0.185.0","major":20,"version":"20.20.2","npm":"10.8.2","pinnable":true,"engines":">=16.13.2","publishedAt":"2024-09-09T17:17:06.557Z","eraMajor":20,"startMajor":20,"raisedByEngines":false,"enginesUnsatisfiable":false,"clampedToFloor":false,"clampedToCeiling":false,"matrixFloor":4,"matrixCeiling":26,"lookupFailure":null,"pinned":true,"pinnedBin":"/home/runner/.cache/nub/era-node/20.20.2/node-v20.20.2-linux-x64/bin","eraNodeRoot":"/home/runner/.cache/nub"}
  VENUE-OVERRIDES {"set":{"HOME":"/home/runner/v2-Zupyol/jailhome","TMPDIR":"/tmp/nub-tmp-obsu9YAAu","NODE_COMPAT":"1","PLAYWRIGHT_BROWSERS_PATH":"/home/runner/.cache/nub/pm/tools/ms-playwright","ELECTRON_CACHE":"/home/runner/.cache/nub/pm/tools/electron-cache","electron_config_cache":"/home/runner/.cache/nub/pm/tools/electron-cache","npm_config_prefix":"/home/runner/.cache/nub/pm/tools/npm-prefix","PYTHONDONTWRITEBYTECODE":"1","NUB_CACHE_DIR":"/home/runner/v2-Zupyol/nubcache"},"unset":["CI","GITHUB_ACTIONS"],"passedThrough":{"CI":"true","GITHUB_ACTIONS":"true","NODE_ENV":null}}
  == ATTRIBUTION == attributed pids: 23
    writes  script 2  /  whole traced tree 6
    sockets script 5  /  whole traced tree 9
  == ROOTS (from capture.json — R2: no ambient reads) ==
    project       /home/runner/v2-Zupyol/observe
    home          /home/runner
    jailHome      /home/runner/v2-Zupyol/jailhome
    globalStore   /home/runner/.cache/nub/pm/store   [declared, not keyed on]
    projectStore  /home/runner/v2-Zupyol/observe/node_modules/.store   [declared, not keyed on]
    interpreter   /opt/hostedtoolcache/node/22.23.2/x64   [declared, not keyed on]
    toolsDir      /home/runner/.cache/nub/pm/tools   [declared, not keyed on]
    temp          /tmp/nub-tmp-obsu9YAAu
    npmPrefix     /home/runner/.cache/nub/pm/tools/npm-prefix
    ownPkg        /home/runner/v2-Zupyol/observe/node_modules/saucectl
  == WRITES the script actually performed ==
    ownPkg        2  (base profile already grants this — NOT billed)
        /home/runner/v2-Zupyol/observe/node_modules/saucectl/bin
        /home/runner/v2-Zupyol/observe/node_modules/saucectl/bin/saucectl
  == NETWORK ==
    AF_INET sockets: 5   distinct peers: 3
        127.0.0.53:53
        104.16.9.34:443
        140.82.114.4:443
  == REFUSALS (only `= -1 EACCES/EPERM/EROFS`) ==
    distinct: 0
  == SYNTHESIZED GRANT (verify this in the real unprivileged jail) ==
    {"network":true}
  == writePaths (DERIVED — promotion out of the package's PRIVATE home) ==
    private-home writes observed: 0
    none declared — the script wrote nothing into its private home — there is nothing to promote
  == writePaths FEASIBILITY (distinct writes outside project/deps) ==
    count: 0
    EVENTS    3089 distinct from 6369 calls (6455 lines, 46 rejoined, 0 unparsed)
    PROCS     29   lifecycle shells 18
    ⛔ 6 paths with an UNRESOLVED dirfd — kept, marked, never guessed
    unsubscribed/unmapped syscalls: getsockname×34 setsockopt×33 exit×18 getsockopt×16 recvmsg×11 tgkill×7 socketpair×6 shutdown×5
    wrote /home/runner/v2-Zupyol/observe/events.ndjson.gz (19326 bytes)
  EVENTLOG-FILE /home/runner/v2-Zupyol/observe/events.ndjson.gz
  EVENTLOG-STATS {"lines":6455,"parsed":6369,"unparsed":0,"unfinished":46,"rejoined":46,"unresolvedDirfd":6,"truncatedArg":0,"procs":29,"lifecyclePids":18,"distinctEvents":3089,"unknownSyscall":{"getsockname":34,"getsockopt":16,"getcwd":3,"recvmsg":11,"setsockopt":33,"sendmmsg":3,"socketpair":6,"shutdown":5,"tgkill":7,"exit_group":4,"wait4":4,"exit":18},"out":"/home/runner/v2-Zupyol/observe/events.ndjson.gz","gzipBytes":19326}
  EVICT     12 store entries removed, 12 spared as nub tooling
  SE-PURGE  0 side-effects-cache entries for saucectl
OSV-SCREEN {"schemaVersion":1,"kind":"nub-synth-resolved","status":"clean","digest":"c270c27a0e28c2d78cdc0bba7b9676eae658760a615806546db05d180544dd0f","specCount":44,"lockfiles":{"digest":"14e47ca8fb10c300d5ad8c4f6ee2c42cc5b8d78afd2da72901306b414d5af9e5","files":[{"path":"nub.lock","sha256":"485cbe7d323cccd8f7295993c8011777adb7d9c0704ece72ebae6d66b772d935","bytes":12723}]},"maliciousAdvisories":[],"screenedAt":"2026-08-29T07:40:01.424Z","cacheHit":false,"clearancePath":"/home/runner/v2-Zupyol/security/nub-synth-resolved.json"}
  SECURITY nub-synth-resolved clean: 44 exact package-version(s), tree c270c27a0e28
  VENUE-STORE-LAYOUT isolated
  VERIFY[synth] rc=0 artifacts=8/8 missing=0 shortfall=none (tree 2185/281) OVERRIDDEN=2 REJECTED=0 grant={"network":true}
  => VERIFIED {"network":true}   (observed, then verified)
  EVICT     14 store entries removed, 12 spared as nub tooling
  SE-PURGE  0 side-effects-cache entries for saucectl
OSV-SCREEN {"schemaVersion":1,"kind":"nub-drop-no-network-resolved","status":"clean","digest":"c270c27a0e28c2d78cdc0bba7b9676eae658760a615806546db05d180544dd0f","specCount":44,"lockfiles":{"digest":"14e47ca8fb10c300d5ad8c4f6ee2c42cc5b8d78afd2da72901306b414d5af9e5","files":[{"path":"nub.lock","sha256":"485cbe7d323cccd8f7295993c8011777adb7d9c0704ece72ebae6d66b772d935","bytes":12723}]},"maliciousAdvisories":[],"screenedAt":"2026-08-29T07:40:01.424Z","cacheHit":true,"clearancePath":"/home/runner/v2-Zupyol/security/nub-drop-no-network-resolved.json"}
  SECURITY nub-drop-no-network-resolved clean: 44 exact package-version(s), tree c270c27a0e28 (cached exact-tree clearance)
  VERIFY[drop-no-network] rc=1 artifacts=7/8 missing=1 shortfall=1f6a7b28e9d5 (tree 2183/281) OVERRIDDEN=2 REJECTED=0 grant={}
       missing: bin/saucectl
     [drop-no-network/i] DEBUG final message final_message=; header 746:QUERY:RD:NoError:QUERY
     [drop-no-network/i] DEBUG final message final_message=; header 39287:QUERY:RD:NoError:QUERY
     [drop-no-network/i] DEBUG final message final_message=; header 60364:QUERY:RD:NoError:QUERY
     [drop-no-network/i] DEBUG final message final_message=; header 47233:QUERY:RD:NoError:QUERY
     [drop-no-network/i] DEBUG response: ; header 39287:RESPONSE:RD,RA:NoError:QUERY
     [drop-no-network/i] DEBUG response: ; header 39287:RESPONSE:RD,RA:NoError:QUERY
     [drop-no-network/i] DEBUG response: ; header 47233:RESPONSE:RD,RA:NoError:QUERY
     [drop-no-network/i] DEBUG response: ; header 47233:RESPONSE:RD,RA:NoError:QUERY
     [drop-no-network/i] DEBUG response: ; header 746:RESPONSE:RD,RA:NoError:QUERY
     [drop-no-network/i] DEBUG response: ; header 746:RESPONSE:RD,RA:NoError:QUERY
     [drop-no-network/i] DEBUG response: ; header 60364:RESPONSE:RD,RA:NoError:QUERY
     [drop-no-network/i] DEBUG response: ; header 60364:RESPONSE:RD,RA:NoError:QUERY
     'no-network' is NECESSARY — dropping it fails to verify
  => MINIMAL — every capability in {"network":true} is independently necessary
