### dugite@3.2.2   (D:\jail\m-dugite-mtspzctz)
  CI-ENV scrubbed: CI GITHUB_ACTIONS
OSV-SCREEN {"schemaVersion":1,"kind":"direct","status":"clean","digest":"90369a75590f9e1f3698c86d42376a10fad4b69eb9d608477455029a9dfcf204","specCount":1,"lockfiles":{"digest":null,"files":[]},"maliciousAdvisories":[],"screenedAt":"2026-09-08T13:43:11.011Z","cacheHit":false,"clearancePath":"D:\\jail\\m-dugite-mtspzctz\\security\\direct.json"}
  SECURITY direct clean: 1 exact package-version(s), tree 90369a75590f
OSV-SCREEN {"schemaVersion":1,"kind":"npm-observe-resolved","status":"clean","digest":"6c8fd50e97649de821544c28da8c684d3af9eaa84d57f88f8c4aa478fec8d100","specCount":14,"lockfiles":{"digest":"47c0eb535f2053e7e118b014bd472eaf15435c5185c81cae479014410f98a7e5","files":[{"path":"package-lock.json","sha256":"49da3a1941666209ce6a7b336454ee72817d289a371bc674fb887ba6648ee019","bytes":6293}]},"maliciousAdvisories":[],"screenedAt":"2026-09-08T13:43:13.750Z","cacheHit":false,"clearancePath":"D:\\jail\\m-dugite-mtspzctz\\security\\npm-observe-resolved.json"}
  SECURITY npm-observe-resolved clean: 14 exact package-version(s), tree 6c8fd50e9764
  CAPTURE user=runnervmeef0v\runneradmin elevated=True rootPid=4876 exit=0 events=70994 lost=0
  VENUE-OBSERVE-USER runnervmeef0v\runneradmin elevated=true privDropped={"SeBackupPrivilege":"removed","SeRestorePrivilege":"removed","SeTakeOwnershipPrivilege":"removed"}
  OBSERVE artifacts: 416 files  (D:\jail\m-dugite-mtspzctz\observe\node_modules\dugite)
  ARM-FALSIFIABILITY {"manifestFiles":420,"filesTheScriptProduced":384,"reasons":[]}
  CLOSURE 14 packages evicted per arm
  8.3 MAP 0 components resolved on runnervmeef0v, folded into capture.json
  == ROOTS (from capture.json — R2: no ambient reads) ==
    project       D:\jail\m-dugite-mtspzctz\observe   [keyed on]
    home          C:\Users\runneradmin   [keyed on]
    jailHome      (null — declared inapplicable)
    globalStore   C:\Users\runneradmin\AppData\Local\nub\pm\store
    projectStore  D:\jail\m-dugite-mtspzctz\observe\node_modules\.store
    interpreter   C:\hostedtoolcache\windows\node\22.23.2\x64\node.exe
    toolsDir      C:\Users\runneradmin\AppData\Local\nub\pm\tools
    temp          D:\jail\m-dugite-mtspzctz\tmp   [keyed on]
    npmPrefix     (null — declared inapplicable)
    ownPkg        D:\jail\m-dugite-mtspzctz\observe\node_modules\dugite
  == ATTRIBUTION == lifecycle pids: 2 (root 4876)
    writes  script 461  /  whole traced tree 467
    peers   script 2  /  whole traced tree 2
  == WRITES ==
    jailTmp       1
    deps        459
    kernelfs      1
  == READS ==
    deps         29
    outside       6
    project       1
    systemfs     28
    jailTmp       1
  == NETWORK ==
    distinct peers: 2
        140.82.114.4:443
        185.199.108.133:443
  == REFUSALS (adapter-classified) ==
    distinct: 0
  == SYNTHESIZED GRANT (verify this in the real unprivileged jail) ==
    {"write":{"deps":true},"network":true}
    NOTE 1 writes into the DECLARED private temp -- the base profile grants
         that directory unconditionally (preset.rs `$tmp`=rw), so they widen nothing.
    NOTE 1 kernel/metadata writes -- not a write-grant question (rule 3)
  RAW       etw-raw.xml.gz  91573074 B xml -> 1431486 B gz (64.0x)  sha256 775387799d3f0020…
  HEADER    etw-header.json (5046 bytes)
  DERIVED   6946 distinct from 20260 kept ops (70994 xml events, 9588 out of subtree)
  PROCS     4   thread-reattributed 0
  ⛔ 21 operations with NO OperationEnd — kept, status marked unknown
  8.3       0 expanded, 0 kept short, 0 not covered  [map: recorded 8.3 map (0 components, resolved on runnervmeef0v)]
  wrote events.ndjson.gz (94457 bytes)
  RAWLOG-CAPTURE D:\jail\m-dugite-mtspzctz\cap\capture.json
  VENUE-NUB-BINARY {"path":"C:/Users/RUNNER~1/AppData/Local/Temp/nub/target/release/nub.exe","sha256":"f186817a44be332fee712b4936a071a0b5f9cde18a1d2fdc3a791729d4bf1005","bytes":68717056,"features":{"buildJailCatalogOverride":true,"pythonDontWriteBytecodeEnv":true}}
  VENUE-INTERPRETER C:\hostedtoolcache\windows\node\22.23.2\x64\node.exe
  VENUE-JAIL-ROOT D:\jail\m-dugite-mtspzctz
  VENUE-OVERRIDES {"set":{"npm_config_cache":"D:\\jail\\m-dugite-mtspzctz\\npm-cache","TMP":"D:\\jail\\m-dugite-mtspzctz\\tmp","TEMP":"D:\\jail\\m-dugite-mtspzctz\\tmp","TMPDIR":"D:\\jail\\m-dugite-mtspzctz\\tmp"},"unset":["CI","GITHUB_ACTIONS"],"notRedirected":{"USERPROFILE":"C:\\Users\\runneradmin","why":"the jail leaves HOME/USERPROFILE alone — `build_jail.rs` sandbox_homes() reads the ambient value and `compiler/defaults.rs` BASELINE_ENV_EXACT passes it through — so there is no private jail home to reproduce and redirecting one would measure an environment no confined script sees"},"passedThrough":{"CI":"true","GITHUB_ACTIONS":"true","NODE_ENV":null}}
  STORE   isolated virtual store at D:\jail\m-dugite-mtspzctz\verify-synth\.cache
  VENUE-STORE-LAYOUT isolated
OSV-SCREEN {"schemaVersion":1,"kind":"nub-synth-resolved","status":"clean","digest":"6c8fd50e97649de821544c28da8c684d3af9eaa84d57f88f8c4aa478fec8d100","specCount":14,"lockfiles":{"digest":"e67267be4c613d0effb9786f3f057c6766cd6c1ccf3c5774d9d9109936a1a040","files":[{"path":"nub.lock","sha256":"ba4aa3aa86f6733d199918b09d0f34ba0478e122dd300a10cf53287f7149859f","bytes":4654}]},"maliciousAdvisories":[],"screenedAt":"2026-09-08T13:43:13.750Z","cacheHit":true,"clearancePath":"D:\\jail\\m-dugite-mtspzctz\\security\\nub-synth-resolved.json"}
  SECURITY nub-synth-resolved clean: 14 exact package-version(s), tree 6c8fd50e9764 (cached exact-tree clearance)
  VERIFY[synth] rc=0 artifacts=416/416 missing=0 shortfall=none (tree 6321/577) OVERRIDDEN=2 REJECTED=0 grant={"write":{"deps":true},"network":true}
  => MINIMUM {"write":{"deps":true},"network":true}   (observed, then verified)
  STORE   isolated virtual store at D:\jail\m-dugite-mtspzctz\verify-nar-no-network\.cache
OSV-SCREEN {"schemaVersion":1,"kind":"nub-nar-no-network-resolved","status":"clean","digest":"6c8fd50e97649de821544c28da8c684d3af9eaa84d57f88f8c4aa478fec8d100","specCount":14,"lockfiles":{"digest":"e67267be4c613d0effb9786f3f057c6766cd6c1ccf3c5774d9d9109936a1a040","files":[{"path":"nub.lock","sha256":"ba4aa3aa86f6733d199918b09d0f34ba0478e122dd300a10cf53287f7149859f","bytes":4654}]},"maliciousAdvisories":[],"screenedAt":"2026-09-08T13:43:13.750Z","cacheHit":true,"clearancePath":"D:\\jail\\m-dugite-mtspzctz\\security\\nub-nar-no-network-resolved.json"}
  SECURITY nub-nar-no-network-resolved clean: 14 exact package-version(s), tree 6c8fd50e9764 (cached exact-tree clearance)
  VERIFY[nar-no-network] rc=1 artifacts=36/416 missing=380 shortfall=4216cf080897 (tree 5942/577) OVERRIDDEN=2 REJECTED=0 grant={"write":{"deps":true}}
     missing artifacts: git/cmd/git-receive-pack.exe, git/cmd/git-upload-pack.exe, git/cmd/git.exe, git/cmd/scalar.exe, git/etc/bash.bashrc, git/etc/fstab (+374)
     'no-network' is NECESSARY — dropping it fails to verify
  STORE   isolated virtual store at D:\jail\m-dugite-mtspzctz\verify-nar-no-write-deps\.cache
OSV-SCREEN {"schemaVersion":1,"kind":"nub-nar-no-write-deps-resolved","status":"clean","digest":"6c8fd50e97649de821544c28da8c684d3af9eaa84d57f88f8c4aa478fec8d100","specCount":14,"lockfiles":{"digest":"e67267be4c613d0effb9786f3f057c6766cd6c1ccf3c5774d9d9109936a1a040","files":[{"path":"nub.lock","sha256":"ba4aa3aa86f6733d199918b09d0f34ba0478e122dd300a10cf53287f7149859f","bytes":4654}]},"maliciousAdvisories":[],"screenedAt":"2026-09-08T13:43:13.750Z","cacheHit":true,"clearancePath":"D:\\jail\\m-dugite-mtspzctz\\security\\nub-nar-no-write-deps-resolved.json"}
  SECURITY nub-nar-no-write-deps-resolved clean: 14 exact package-version(s), tree 6c8fd50e9764 (cached exact-tree clearance)
  VERIFY[nar-no-write-deps] rc=0 artifacts=416/416 missing=0 shortfall=none (tree 6321/577) OVERRIDDEN=2 REJECTED=0 grant={"network":true}
     ⛔ OVER-PREDICTED — the strictly narrower {"network":true} also verifies; 'no-write-deps' was not needed
