### tree-sitter-javascript@0.25.0   (D:\jail\m-treesitterjavascript-mtrndha4)
  CI-ENV scrubbed: CI GITHUB_ACTIONS
OSV-SCREEN {"schemaVersion":1,"kind":"direct","status":"clean","digest":"0fa5a686f1becc76eff8e5eea38933fc7cad2ba2d926ff14968021cfc92bb482","specCount":1,"lockfiles":{"digest":null,"files":[]},"maliciousAdvisories":[],"screenedAt":"2026-09-07T19:42:25.022Z","cacheHit":false,"clearancePath":"D:\\jail\\m-treesitterjavascript-mtrndha4\\security\\direct.json"}
  SECURITY direct clean: 1 exact package-version(s), tree 0fa5a686f1be
OSV-SCREEN {"schemaVersion":1,"kind":"npm-observe-resolved","status":"clean","digest":"3ae24b4663e60d0d07fcfd876618649527c4d2af60a15b391f63bf389188f615","specCount":3,"lockfiles":{"digest":"38adbc667d9e99d7ab659ecc9e04c86ab5b7e7169b14a5612c0a9f281688af16","files":[{"path":"package-lock.json","sha256":"6530e9a27c8605a54661bef5a2efd40d7b4607238af1b0d4984f89c854120cd3","bytes":1703}]},"maliciousAdvisories":[],"screenedAt":"2026-09-07T19:42:26.673Z","cacheHit":false,"clearancePath":"D:\\jail\\m-treesitterjavascript-mtrndha4\\security\\npm-observe-resolved.json"}
  SECURITY npm-observe-resolved clean: 3 exact package-version(s), tree 3ae24b4663e6
  CAPTURE user=runnervmeef0v\runneradmin elevated=True rootPid=2032 exit=0 events=30347 lost=0
  VENUE-OBSERVE-USER runnervmeef0v\runneradmin elevated=true privDropped={"SeBackupPrivilege":"removed","SeRestorePrivilege":"removed","SeTakeOwnershipPrivilege":"removed"}
  OBSERVE artifacts: 30 files  (D:\jail\m-treesitterjavascript-mtrndha4\observe\node_modules\tree-sitter-javascript)
  ARM-FALSIFIABILITY {"manifestFiles":30,"filesTheScriptProduced":0,"reasons":["gate-vacuous"]}
  ⛔ ARMS-UNFALSIFIABLE — a green arm for this package carries no evidence:
       gate-vacuous: the script changed no file the artifact gate keys on — every file in the manifest (30) was already present at its final size before the script ran, so the gate passes in every arm including a completely broken one
       The grant may still be correct; what is missing is a signal that could have gone
       red. Do not read this record's MINIMAL as a passing measurement.
  CLOSURE 3 packages evicted per arm
  8.3 MAP 0 components resolved on runnervmeef0v, folded into capture.json
  == ROOTS (from capture.json — R2: no ambient reads) ==
    project       D:\jail\m-treesitterjavascript-mtrndha4\observe   [keyed on]
    home          C:\Users\runneradmin   [keyed on]
    jailHome      (null — declared inapplicable)
    globalStore   C:\Users\runneradmin\AppData\Local\nub\pm\store
    projectStore  D:\jail\m-treesitterjavascript-mtrndha4\observe\node_modules\.store
    interpreter   C:\hostedtoolcache\windows\node\22.23.2\x64\node.exe
    toolsDir      C:\Users\runneradmin\AppData\Local\nub\pm\tools
    temp          D:\jail\m-treesitterjavascript-mtrndha4\tmp   [keyed on]
    npmPrefix     (null — declared inapplicable)
    ownPkg        D:\jail\m-treesitterjavascript-mtrndha4\observe\node_modules\tree-sitter-javascript
  == ATTRIBUTION == lifecycle pids: 4 (root 2032)
    writes  script 1  /  whole traced tree 8
    peers   script 0  /  whole traced tree 0
  == WRITES ==
    deps          1
  == READS ==
    deps         14
    outside       6
    project       1
    systemfs     28
  == NETWORK ==
    distinct peers: 0
  == REFUSALS (adapter-classified) ==
    distinct: 0
  == SYNTHESIZED GRANT (verify this in the real unprivileged jail) ==
    {"write":{"deps":true}}
  RAW       etw-raw.xml.gz  38275534 B xml -> 561810 B gz (68.1x)  sha256 d7ed216d7d318ee7…
  HEADER    etw-header.json (5112 bytes)
  DERIVED   5465 distinct from 7183 kept ops (30347 xml events, 2963 out of subtree)
  PROCS     6   thread-reattributed 0
  8.3       0 expanded, 0 kept short, 0 not covered  [map: recorded 8.3 map (0 components, resolved on runnervmeef0v)]
  wrote events.ndjson.gz (69636 bytes)
  RAWLOG-CAPTURE D:\jail\m-treesitterjavascript-mtrndha4\cap\capture.json
  VENUE-NUB-BINARY {"path":"C:/Users/RUNNER~1/AppData/Local/Temp/nub/target/release/nub.exe","sha256":"f186817a44be332fee712b4936a071a0b5f9cde18a1d2fdc3a791729d4bf1005","bytes":68717056,"features":{"buildJailCatalogOverride":true,"pythonDontWriteBytecodeEnv":true}}
  VENUE-INTERPRETER C:\hostedtoolcache\windows\node\22.23.2\x64\node.exe
  VENUE-JAIL-ROOT D:\jail\m-treesitterjavascript-mtrndha4
  VENUE-OVERRIDES {"set":{"npm_config_cache":"D:\\jail\\m-treesitterjavascript-mtrndha4\\npm-cache","TMP":"D:\\jail\\m-treesitterjavascript-mtrndha4\\tmp","TEMP":"D:\\jail\\m-treesitterjavascript-mtrndha4\\tmp","TMPDIR":"D:\\jail\\m-treesitterjavascript-mtrndha4\\tmp"},"unset":["CI","GITHUB_ACTIONS"],"notRedirected":{"USERPROFILE":"C:\\Users\\runneradmin","why":"the jail leaves HOME/USERPROFILE alone — `build_jail.rs` sandbox_homes() reads the ambient value and `compiler/defaults.rs` BASELINE_ENV_EXACT passes it through — so there is no private jail home to reproduce and redirecting one would measure an environment no confined script sees"},"passedThrough":{"CI":"true","GITHUB_ACTIONS":"true","NODE_ENV":null}}
  STORE   isolated virtual store at D:\jail\m-treesitterjavascript-mtrndha4\verify-synth\.cache
  VENUE-STORE-LAYOUT isolated
OSV-SCREEN {"schemaVersion":1,"kind":"nub-synth-resolved","status":"clean","digest":"3ae24b4663e60d0d07fcfd876618649527c4d2af60a15b391f63bf389188f615","specCount":3,"lockfiles":{"digest":"7a9c11444127b2a20f19fc62a95acb0b114468e6853d19b53d49cd687774842f","files":[{"path":"nub.lock","sha256":"7620a7b9dc3bbe51cab964d452af565e4cb1f510e3ef9f6cf2503df32a8789cf","bytes":1030}]},"maliciousAdvisories":[],"screenedAt":"2026-09-07T19:42:26.673Z","cacheHit":true,"clearancePath":"D:\\jail\\m-treesitterjavascript-mtrndha4\\security\\nub-synth-resolved.json"}
  SECURITY nub-synth-resolved clean: 3 exact package-version(s), tree 3ae24b4663e6 (cached exact-tree clearance)
  VERIFY[synth] rc=0 artifacts=30/30 missing=0 shortfall=none (tree 5781/70) OVERRIDDEN=2 REJECTED=0 grant={"write":{"deps":true}}
  => MINIMUM {"write":{"deps":true}}   (observed, then verified)
  STORE   isolated virtual store at D:\jail\m-treesitterjavascript-mtrndha4\verify-nar-no-write-deps\.cache
OSV-SCREEN {"schemaVersion":1,"kind":"nub-nar-no-write-deps-resolved","status":"clean","digest":"3ae24b4663e60d0d07fcfd876618649527c4d2af60a15b391f63bf389188f615","specCount":3,"lockfiles":{"digest":"7a9c11444127b2a20f19fc62a95acb0b114468e6853d19b53d49cd687774842f","files":[{"path":"nub.lock","sha256":"7620a7b9dc3bbe51cab964d452af565e4cb1f510e3ef9f6cf2503df32a8789cf","bytes":1030}]},"maliciousAdvisories":[],"screenedAt":"2026-09-07T19:42:26.673Z","cacheHit":true,"clearancePath":"D:\\jail\\m-treesitterjavascript-mtrndha4\\security\\nub-nar-no-write-deps-resolved.json"}
  SECURITY nub-nar-no-write-deps-resolved clean: 3 exact package-version(s), tree 3ae24b4663e6 (cached exact-tree clearance)
  VERIFY[nar-no-write-deps] rc=0 artifacts=30/30 missing=0 shortfall=none (tree 5781/70) OVERRIDDEN=2 REJECTED=0 grant={}
     ⛔ OVER-PREDICTED — the strictly narrower {} also verifies; 'no-write-deps' was not needed
