### openclaw@2026.6.10   (D:\jail\m-openclaw-mtspvtc0)
  CI-ENV scrubbed: CI GITHUB_ACTIONS
OSV-SCREEN {"schemaVersion":1,"kind":"direct","status":"clean","digest":"6ab76045c9e8723c4a463f3ed663bd8aacdb551a72f2b4687ed9417706039dfa","specCount":1,"lockfiles":{"digest":null,"files":[]},"maliciousAdvisories":[],"screenedAt":"2026-09-08T13:40:25.867Z","cacheHit":false,"clearancePath":"D:\\jail\\m-openclaw-mtspvtc0\\security\\direct.json"}
  SECURITY direct clean: 1 exact package-version(s), tree 6ab76045c9e8
OSV-SCREEN {"schemaVersion":1,"kind":"npm-observe-resolved","status":"clean","digest":"33bf376ecbb1574d8a2f97f97d0b3f778a61181076a111f0d58aef05b7099e47","specCount":296,"lockfiles":{"digest":"b84a713be213147a30a730e2fa86a3c16708bdd3c8a07de1edaaa34db58d360d","files":[{"path":"package-lock.json","sha256":"3e8ef53bbfe406e918a5b8178cba16edcea219ebf78a2c0087a01f0ed68680b9","bytes":137621}]},"maliciousAdvisories":[],"screenedAt":"2026-09-08T13:41:02.376Z","cacheHit":false,"clearancePath":"D:\\jail\\m-openclaw-mtspvtc0\\security\\npm-observe-resolved.json"}
  SECURITY npm-observe-resolved clean: 296 exact package-version(s), tree 33bf376ecbb1
  CAPTURE user=runnervmeef0v\runneradmin elevated=True rootPid=8324 exit=0 events=153827 lost=0
  VENUE-OBSERVE-USER runnervmeef0v\runneradmin elevated=true privDropped={"SeBackupPrivilege":"removed","SeRestorePrivilege":"removed","SeTakeOwnershipPrivilege":"removed"}
  OBSERVE artifacts: 9256 files  (D:\jail\m-openclaw-mtspvtc0\observe\node_modules\openclaw)
  ARM-FALSIFIABILITY {"manifestFiles":9257,"filesTheScriptProduced":0,"reasons":["gate-vacuous"]}
  ⛔ ARMS-UNFALSIFIABLE — a green arm for this package carries no evidence:
       gate-vacuous: the script changed no file the artifact gate keys on — every file in the manifest (9257) was already present at its final size before the script ran, so the gate passes in every arm including a completely broken one
       The grant may still be correct; what is missing is a signal that could have gone
       red. Do not read this record's MINIMAL as a passing measurement.
  CLOSURE 1 packages evicted per arm
  8.3 MAP 0 components resolved on runnervmeef0v, folded into capture.json
  == ROOTS (from capture.json — R2: no ambient reads) ==
    project       D:\jail\m-openclaw-mtspvtc0\observe   [keyed on]
    home          C:\Users\runneradmin   [keyed on]
    jailHome      (null — declared inapplicable)
    globalStore   C:\Users\runneradmin\AppData\Local\nub\pm\store
    projectStore  D:\jail\m-openclaw-mtspvtc0\observe\node_modules\.store
    interpreter   C:\hostedtoolcache\windows\node\22.23.2\x64\node.exe
    toolsDir      C:\Users\runneradmin\AppData\Local\nub\pm\tools
    temp          D:\jail\m-openclaw-mtspvtc0\tmp   [keyed on]
    npmPrefix     (null — declared inapplicable)
    ownPkg        D:\jail\m-openclaw-mtspvtc0\observe\node_modules\openclaw
  == ATTRIBUTION == lifecycle pids: 4 (root 8324)
    writes  script 561  /  whole traced tree 569
    peers   script 0  /  whole traced tree 0
  == WRITES ==
    jailTmp     553
    kernelfs      2
    userHome      6
  == READS ==
    deps       6903
    outside       6
    project       1
    systemfs     23
    jailTmp     554
    userHome      6
  == NETWORK ==
    distinct peers: 0
  == REFUSALS (adapter-classified) ==
    distinct: 0
  == SYNTHESIZED GRANT (verify this in the real unprivileged jail) ==
    {"write":{"userHome":true}}
    NOTE 553 writes into the DECLARED private temp -- the base profile grants
         that directory unconditionally (preset.rs `$tmp`=rw), so they widen nothing.
    NOTE 2 kernel/metadata writes -- not a write-grant question (rule 3)
  RAW       etw-raw.xml.gz  197288481 B xml -> 2629799 B gz (75.0x)  sha256 ff2f7c689d6447bb…
  HEADER    etw-header.json (5072 bytes)
  DERIVED   37205 distinct from 57795 kept ops (153827 xml events, 1853 out of subtree)
  PROCS     6   thread-reattributed 0
  ⛔ 1 operations with NO OperationEnd — kept, status marked unknown
  ⛔ 11 handle ops whose path no table could supply
  8.3       0 expanded, 0 kept short, 0 not covered  [map: recorded 8.3 map (0 components, resolved on runnervmeef0v)]
  wrote events.ndjson.gz (437033 bytes)
  RAWLOG-CAPTURE D:\jail\m-openclaw-mtspvtc0\cap\capture.json
  VENUE-NUB-BINARY {"path":"C:/Users/RUNNER~1/AppData/Local/Temp/nub/target/release/nub.exe","sha256":"f186817a44be332fee712b4936a071a0b5f9cde18a1d2fdc3a791729d4bf1005","bytes":68717056,"features":{"buildJailCatalogOverride":true,"pythonDontWriteBytecodeEnv":true}}
  VENUE-INTERPRETER C:\hostedtoolcache\windows\node\22.23.2\x64\node.exe
  VENUE-JAIL-ROOT D:\jail\m-openclaw-mtspvtc0
  VENUE-OVERRIDES {"set":{"npm_config_cache":"D:\\jail\\m-openclaw-mtspvtc0\\npm-cache","TMP":"D:\\jail\\m-openclaw-mtspvtc0\\tmp","TEMP":"D:\\jail\\m-openclaw-mtspvtc0\\tmp","TMPDIR":"D:\\jail\\m-openclaw-mtspvtc0\\tmp"},"unset":["CI","GITHUB_ACTIONS"],"notRedirected":{"USERPROFILE":"C:\\Users\\runneradmin","why":"the jail leaves HOME/USERPROFILE alone — `build_jail.rs` sandbox_homes() reads the ambient value and `compiler/defaults.rs` BASELINE_ENV_EXACT passes it through — so there is no private jail home to reproduce and redirecting one would measure an environment no confined script sees"},"passedThrough":{"CI":"true","GITHUB_ACTIONS":"true","NODE_ENV":null}}
  STORE   isolated virtual store at D:\jail\m-openclaw-mtspvtc0\verify-synth\.cache
  VENUE-STORE-LAYOUT isolated
OSV-SCREEN {"schemaVersion":1,"kind":"nub-synth-resolved","status":"clean","digest":"877f3c1606fdc3ae1395c3f192da50b3932ce7bd3f5313076b8ce0df0d8c80f3","specCount":295,"lockfiles":{"digest":"7f0dd37a79d602fa1e45812ab1016ff740c5c7cc6e6e7a7fc787082764f5e1c4","files":[{"path":"nub.lock","sha256":"6d1022b44dcab38270f95fc002c88e47ad5b1f80086c0c3629e5dabe147fb1ca","bytes":76569}]},"maliciousAdvisories":[],"screenedAt":"2026-09-08T13:42:17.070Z","cacheHit":false,"clearancePath":"D:\\jail\\m-openclaw-mtspvtc0\\security\\nub-synth-resolved.json"}
  SECURITY nub-synth-resolved clean: 295 exact package-version(s), tree 877f3c1606fd
  VERIFY[synth] rc=0 artifacts=9256/9256 missing=0 shortfall=none (tree 48001/31200) OVERRIDDEN=2 REJECTED=0 grant={"write":{"userHome":true}}
  => MINIMUM {"write":{"userHome":true}}   (observed, then verified)
  STORE   isolated virtual store at D:\jail\m-openclaw-mtspvtc0\verify-nar-no-write-userHome\.cache
OSV-SCREEN {"schemaVersion":1,"kind":"nub-nar-no-write-userHome-resolved","status":"clean","digest":"877f3c1606fdc3ae1395c3f192da50b3932ce7bd3f5313076b8ce0df0d8c80f3","specCount":295,"lockfiles":{"digest":"7f0dd37a79d602fa1e45812ab1016ff740c5c7cc6e6e7a7fc787082764f5e1c4","files":[{"path":"nub.lock","sha256":"6d1022b44dcab38270f95fc002c88e47ad5b1f80086c0c3629e5dabe147fb1ca","bytes":76569}]},"maliciousAdvisories":[],"screenedAt":"2026-09-08T13:42:17.070Z","cacheHit":true,"clearancePath":"D:\\jail\\m-openclaw-mtspvtc0\\security\\nub-nar-no-write-userHome-resolved.json"}
  SECURITY nub-nar-no-write-userHome-resolved clean: 295 exact package-version(s), tree 877f3c1606fd (cached exact-tree clearance)
  VERIFY[nar-no-write-userHome] rc=0 artifacts=9256/9256 missing=0 shortfall=none (tree 48001/31200) OVERRIDDEN=2 REJECTED=0 grant={}
     ⛔ OVER-PREDICTED — the strictly narrower {} also verifies; 'no-write-userHome' was not needed
