  HARNESS-NODE /opt/hostedtoolcache/node/22.23.2/x64/bin/node (v22.23.2); arm-cap present
  ERA-NODE PINNED 16.20.2 (provisioned) (arms will run: v16.20.2)
  ERA-PYTHON /opt/hostedtoolcache/Python/3.9.25/x64/bin/python (Python 3.9.25) for era Node 16, whose node-gyp requires python3
  ARM-MAKE /usr/bin/gmake (GNU Make 4.3) — the system make; a build needing GNU Make 4 WILL fail here
### oracledb@5.5.0   (/home/runner/v2-sIt3kF)
  CI-ENV scrubbed: CI GITHUB_ACTIONS
OSV-SCREEN {"schemaVersion":1,"kind":"direct","status":"clean","digest":"b37cb9214a1e042f1ba94e37bbc3ce5bea26a00223227e906bbdae281eef9cb4","specCount":1,"lockfiles":{"digest":null,"files":[]},"maliciousAdvisories":[],"screenedAt":"2026-08-29T12:55:00.826Z","cacheHit":false,"clearancePath":"/home/runner/v2-sIt3kF/security/direct.json"}
  SECURITY direct clean: 1 exact package-version(s), tree b37cb9214a1e
  VENUE-OBSERVE-USER {"uid":1001,"user":"runner","umask":"0022","capBnd":"000001ffffffffff","noNewPrivs":"0"}
  VENUE-NUB-BINARY {"path":"/tmp/nub/target/release/nub","sha256":"bed0d624b324fb3de83de474ff73731ad2f1fd040ff548bb0158e2baf850701d","bytes":208304640,"features":{"buildJailCatalogOverride":true,"pythonDontWriteBytecodeEnv":true}}
  ERA-RESOLUTION DATED 2022-09-09T07:20:25.855Z (deps as of the package's own publish date + 1d)
OSV-SCREEN {"schemaVersion":1,"kind":"npm-observe-resolved","status":"clean","digest":"b37cb9214a1e042f1ba94e37bbc3ce5bea26a00223227e906bbdae281eef9cb4","specCount":1,"lockfiles":{"digest":"193fe668cfb4729de8526c898ef010fdc61d8b5842691924c78ff75a559f9e93","files":[{"path":"package-lock.json","sha256":"670e636e036fcfef2c6e23d0f23ac485d0f025556ab5940f27bc05db776b435d","bytes":603}]},"maliciousAdvisories":[],"screenedAt":"2026-08-29T12:55:00.826Z","cacheHit":true,"clearancePath":"/home/runner/v2-sIt3kF/security/npm-observe-resolved.json"}
  SECURITY npm-observe-resolved clean: 1 exact package-version(s), tree b37cb9214a1e (cached exact-tree clearance)
  ARM-PATH SANITISED (nothing to drop)
  ARM-AMBIENT-TOOLS 7 leaked: tsc=/usr/local/bin/tsc grunt=/usr/local/bin/grunt gulp=/usr/local/bin/gulp webpack=/usr/local/bin/webpack lerna=/usr/local/bin/lerna yarn=/usr/local/bin/yarn pulumi=/usr/local/bin/pulumi
  ARM-SCAFFOLD none
  ARM-UNPROVIDABLE none
  OBSERVE   rc=0 files=38 trace=5754 lines
  CLOSURE   1 packages evicted per arm
  ARM-FALSIFIABILITY {"manifestFiles":34,"filesTheScriptProduced":0,"reasons":["gate-vacuous"]}
  ⛔ ARMS-UNFALSIFIABLE — a green arm for this package carries no evidence:
       gate-vacuous: the script changed no file the artifact gate keys on — every file in the manifest (34) was already present at its final size before the script ran, so the gate passes in every arm including a completely broken one
       The grant may still be correct; what is missing is a signal that could have gone
       red. Do not read this record's MINIMAL as a passing measurement.
  RAWLOG-FILE /home/runner/v2-sIt3kF/observe/trace.txt.gz
  RAWLOG-CAPTURE /home/runner/v2-sIt3kF/observe/capture.json
  RAWLOG-BYTES raw=1371729 gz=40495
  VENUE-INTERPRETER /opt/hostedtoolcache/node/22.23.2/x64
  VENUE-NODE-SELECTION {"pkg":"oracledb","packageVersion":"5.5.0","major":16,"version":"16.20.2","npm":"8.19.4","pinnable":true,"engines":">=10.16","publishedAt":"2022-09-08T07:20:25.855Z","eraMajor":16,"startMajor":16,"raisedByEngines":false,"enginesUnsatisfiable":false,"clampedToFloor":false,"clampedToCeiling":false,"matrixFloor":4,"matrixCeiling":26,"lookupFailure":null,"pinned":true,"pinnedBin":"/home/runner/.cache/nub/era-node/16.20.2/node-v16.20.2-linux-x64/bin","eraNodeRoot":"/home/runner/.cache/nub"}
  VENUE-OVERRIDES {"set":{"HOME":"/home/runner/v2-sIt3kF/jailhome","TMPDIR":"/tmp/nub-tmp-obsSov89B","NODE_COMPAT":"1","PLAYWRIGHT_BROWSERS_PATH":"/home/runner/.cache/nub/pm/tools/ms-playwright","ELECTRON_CACHE":"/home/runner/.cache/nub/pm/tools/electron-cache","electron_config_cache":"/home/runner/.cache/nub/pm/tools/electron-cache","npm_config_prefix":"/home/runner/.cache/nub/pm/tools/npm-prefix","PYTHONDONTWRITEBYTECODE":"1","NUB_CACHE_DIR":"/home/runner/v2-sIt3kF/nubcache"},"unset":["CI","GITHUB_ACTIONS"],"passedThrough":{"CI":"true","GITHUB_ACTIONS":"true","NODE_ENV":null}}
  == ATTRIBUTION == attributed pids: 14
    writes  script 0  /  whole traced tree 3
    sockets script 0  /  whole traced tree 0
  == ROOTS (from capture.json — R2: no ambient reads) ==
    project       /home/runner/v2-sIt3kF/observe
    home          /home/runner
    jailHome      /home/runner/v2-sIt3kF/jailhome
    globalStore   /home/runner/.cache/nub/pm/store   [declared, not keyed on]
    projectStore  /home/runner/v2-sIt3kF/observe/node_modules/.store   [declared, not keyed on]
    interpreter   /opt/hostedtoolcache/node/22.23.2/x64   [declared, not keyed on]
    toolsDir      /home/runner/.cache/nub/pm/tools   [declared, not keyed on]
    temp          /tmp/nub-tmp-obsSov89B
    npmPrefix     /home/runner/.cache/nub/pm/tools/npm-prefix
    ownPkg        /home/runner/v2-sIt3kF/observe/node_modules/oracledb
  == WRITES the script actually performed ==
  == NETWORK ==
    AF_INET sockets: 0   distinct peers: 0
  == REFUSALS (only `= -1 EACCES/EPERM/EROFS`) ==
    distinct: 0
  == SYNTHESIZED GRANT (verify this in the real unprivileged jail) ==
    {}
  == writePaths (DERIVED — promotion out of the package's PRIVATE home) ==
    private-home writes observed: 0
    none declared — the script wrote nothing into its private home — there is nothing to promote
  == writePaths FEASIBILITY (distinct writes outside project/deps) ==
    count: 0
    EVENTS    2746 distinct from 5717 calls (5755 lines, 16 rejoined, 0 unparsed)
    PROCS     19   lifecycle shells 8
    ⛔ 2 paths with an UNRESOLVED dirfd — kept, marked, never guessed
    unsubscribed/unmapped syscalls: exit×14 getsockname×7 getsockopt×6 recvmsg×5 getcwd×3 socketpair×3 exit_group×3 wait4×3
    wrote /home/runner/v2-sIt3kF/observe/events.ndjson.gz (17020 bytes)
  EVENTLOG-FILE /home/runner/v2-sIt3kF/observe/events.ndjson.gz
  EVENTLOG-STATS {"lines":5755,"parsed":5717,"unparsed":0,"unfinished":16,"rejoined":16,"unresolvedDirfd":2,"truncatedArg":0,"procs":19,"lifecyclePids":8,"distinctEvents":2746,"unknownSyscall":{"getsockopt":6,"getsockname":7,"getcwd":3,"recvmsg":5,"socketpair":3,"shutdown":1,"exit":14,"exit_group":3,"wait4":3},"out":"/home/runner/v2-sIt3kF/observe/events.ndjson.gz","gzipBytes":17020}
  EVICT     0 store entries removed, 0 spared as nub tooling
  SE-PURGE  0 side-effects-cache entries for oracledb
OSV-SCREEN {"schemaVersion":1,"kind":"nub-synth-resolved","status":"clean","digest":"b37cb9214a1e042f1ba94e37bbc3ce5bea26a00223227e906bbdae281eef9cb4","specCount":1,"lockfiles":{"digest":"4fc06eba983dda5cce3f83d4fbfb783e62e1b5cf5773a4cd5fec05c519fcf822","files":[{"path":"nub.lock","sha256":"903f7859aff351d222ba362f22a05594aa86823ff0cf0ed96c42fb260272c8b4","bytes":413}]},"maliciousAdvisories":[],"screenedAt":"2026-08-29T12:55:00.826Z","cacheHit":true,"clearancePath":"/home/runner/v2-sIt3kF/security/nub-synth-resolved.json"}
  SECURITY nub-synth-resolved clean: 1 exact package-version(s), tree b37cb9214a1e (cached exact-tree clearance)
  VENUE-STORE-LAYOUT isolated
  VERIFY[synth] rc=0 artifacts=34/34 missing=0 shortfall=none (tree 110/38) OVERRIDDEN=2 REJECTED=0 grant={}
  => VERIFIED {}   (observed, then verified)
  DESCEND   grant is already empty — nothing to narrow; MINIMAL by construction.
