### saucectl@0.154.0   (/home/runner/v2-FRBxev)
  CI-ENV scrubbed: CI GITHUB_ACTIONS
OSV-SCREEN {"schemaVersion":1,"kind":"direct","status":"clean","digest":"8a9b8e2952aa5641bebe5d05163bb31ad6c5018b82db316dacf3ae2df9361d0e","specCount":1,"lockfiles":{"digest":null,"files":[]},"maliciousAdvisories":[],"screenedAt":"2026-09-08T08:59:18.912Z","cacheHit":false,"clearancePath":"/home/runner/v2-FRBxev/security/direct.json"}
  SECURITY direct clean: 1 exact package-version(s), tree 8a9b8e2952aa
  VENUE-OBSERVE-USER {"uid":1001,"user":"runner","umask":"0022","capBnd":"000001ffffffffff","noNewPrivs":"0"}
  VENUE-NUB-BINARY {"path":"/tmp/nub/target/release/nub","sha256":"2a18683f50f7afeb02a521cd3cae175dc2f91780d461c5f012065241f5a1447b","bytes":207643464,"features":{"buildJailCatalogOverride":true,"pythonDontWriteBytecodeEnv":true}}
OSV-SCREEN {"schemaVersion":1,"kind":"npm-observe-resolved","status":"clean","digest":"00a0b30dfb16d666a58c3c36a7be20a29935d64f7025905b4671d2075a8db0d7","specCount":42,"lockfiles":{"digest":"a6182321e2fa543bf746d6cbc5ba0aee5e1c58cd3093f90576a618d4d4423335","files":[{"path":"package-lock.json","sha256":"3d1d9c728e7f11072f50eab6772737a351fd9fc28b6edd3b889a768af9287823","bytes":18522}]},"maliciousAdvisories":[],"screenedAt":"2026-09-08T08:59:21.369Z","cacheHit":false,"clearancePath":"/home/runner/v2-FRBxev/security/npm-observe-resolved.json"}
  SECURITY npm-observe-resolved clean: 42 exact package-version(s), tree 00a0b30dfb16
  OBSERVE   rc=0 files=610 trace=11947 lines
  CLOSURE   42 packages evicted per arm
  ARM-FALSIFIABILITY {"manifestFiles":7,"filesTheScriptProduced":1,"reasons":[]}
  RAWLOG-FILE /home/runner/v2-FRBxev/observe/trace.txt.gz
  RAWLOG-CAPTURE /home/runner/v2-FRBxev/observe/capture.json
  RAWLOG-BYTES raw=2613331 gz=79097
  VENUE-INTERPRETER /opt/hostedtoolcache/node/22.23.2/x64
  VENUE-OVERRIDES {"set":{"HOME":"/home/runner/v2-FRBxev/jailhome","TMPDIR":"/tmp/nub-tmp-obsoeR7ju","NODE_COMPAT":"1","PLAYWRIGHT_BROWSERS_PATH":"/home/runner/.cache/nub/pm/tools/ms-playwright","ELECTRON_CACHE":"/home/runner/.cache/nub/pm/tools/electron-cache","electron_config_cache":"/home/runner/.cache/nub/pm/tools/electron-cache","npm_config_prefix":"/home/runner/.cache/nub/pm/tools/npm-prefix","PYTHONDONTWRITEBYTECODE":"1","NUB_CACHE_DIR":"/home/runner/v2-FRBxev/nubcache"},"unset":["CI","GITHUB_ACTIONS"],"passedThrough":{"CI":"true","GITHUB_ACTIONS":"true","NODE_ENV":null}}
  == ATTRIBUTION == attributed pids: 23
    writes  script 2  /  whole traced tree 1090
    sockets script 5  /  whole traced tree 9
  == ROOTS (from capture.json — R2: no ambient reads) ==
    project       /home/runner/v2-FRBxev/observe
    home          /home/runner
    jailHome      /home/runner/v2-FRBxev/jailhome
    globalStore   /home/runner/.cache/nub/pm/store   [declared, not keyed on]
    projectStore  /home/runner/v2-FRBxev/observe/node_modules/.store   [declared, not keyed on]
    interpreter   /opt/hostedtoolcache/node/22.23.2/x64   [declared, not keyed on]
    toolsDir      /home/runner/.cache/nub/pm/tools   [declared, not keyed on]
    temp          /tmp/nub-tmp-obsoeR7ju
    npmPrefix     /home/runner/.cache/nub/pm/tools/npm-prefix
    ownPkg        /home/runner/v2-FRBxev/observe/node_modules/saucectl
  == WRITES the script actually performed ==
    ownPkg        2  (base profile already grants this — NOT billed)
        /home/runner/v2-FRBxev/observe/node_modules/saucectl/bin
        /home/runner/v2-FRBxev/observe/node_modules/saucectl/bin/saucectl
  == NETWORK ==
    AF_INET sockets: 5   distinct peers: 3
        127.0.0.53:53
        104.16.11.34:443
        140.82.113.3:443
  == REFUSALS (only `= -1 EACCES/EPERM/EROFS`) ==
    distinct: 0
  == SYNTHESIZED GRANT (verify this in the real unprivileged jail) ==
    {"network":true}
  == writePaths (DERIVED — promotion out of the package's PRIVATE home) ==
    private-home writes observed: 0
    none declared — the script wrote nothing into its private home — there is nothing to promote
  == writePaths FEASIBILITY (distinct writes outside project/deps) ==
    count: 0
    EVENTS    4975 distinct from 11893 calls (11948 lines, 20 rejoined, 0 unparsed)
    PROCS     30   lifecycle shells 18
    ⛔ 3 paths with an UNRESOLVED dirfd — kept, marked, never guessed
    unsubscribed/unmapped syscalls: setsockopt×57 getsockname×35 exit×20 getsockopt×17 recvmsg×11 socketpair×6 shutdown×5 getcwd×4
    wrote /home/runner/v2-FRBxev/observe/events.ndjson.gz (34582 bytes)
  EVENTLOG-FILE /home/runner/v2-FRBxev/observe/events.ndjson.gz
  EVENTLOG-STATS {"lines":11948,"parsed":11893,"unparsed":0,"unfinished":20,"rejoined":20,"unresolvedDirfd":3,"truncatedArg":0,"procs":30,"lifecyclePids":18,"distinctEvents":4975,"unknownSyscall":{"getsockname":35,"getsockopt":17,"getcwd":4,"recvmsg":11,"exit":20,"setsockopt":57,"sendmmsg":3,"socketpair":6,"shutdown":5,"tgkill":1,"exit_group":4,"wait4":4},"out":"/home/runner/v2-FRBxev/observe/events.ndjson.gz","gzipBytes":34582}
  EVICT     27 store entries removed, 0 spared as nub tooling
  SE-PURGE  0 side-effects-cache entries for saucectl
OSV-SCREEN {"schemaVersion":1,"kind":"nub-synth-resolved","status":"clean","digest":"00a0b30dfb16d666a58c3c36a7be20a29935d64f7025905b4671d2075a8db0d7","specCount":42,"lockfiles":{"digest":"6e76650864f709a49a9104f009c97060942c040acecaace32dbe325da84c2d98","files":[{"path":"nub.lock","sha256":"be5c0fc3d4c3d0fd921b4bcba3837ecdcf2f63dbc2f84522f63891e9098c1db1","bytes":12168}]},"maliciousAdvisories":[],"screenedAt":"2026-09-08T08:59:21.369Z","cacheHit":true,"clearancePath":"/home/runner/v2-FRBxev/security/nub-synth-resolved.json"}
  SECURITY nub-synth-resolved clean: 42 exact package-version(s), tree 00a0b30dfb16 (cached exact-tree clearance)
  VENUE-STORE-LAYOUT isolated
  VERIFY[synth] rc=0 artifacts=7/7 missing=0 shortfall=none (tree 2139/610) OVERRIDDEN=2 REJECTED=0 grant={"network":true}
  => VERIFIED {"network":true}   (observed, then verified)
  EVICT     42 store entries removed, 0 spared as nub tooling
  SE-PURGE  0 side-effects-cache entries for saucectl
OSV-SCREEN {"schemaVersion":1,"kind":"nub-drop-no-network-resolved","status":"clean","digest":"00a0b30dfb16d666a58c3c36a7be20a29935d64f7025905b4671d2075a8db0d7","specCount":42,"lockfiles":{"digest":"6e76650864f709a49a9104f009c97060942c040acecaace32dbe325da84c2d98","files":[{"path":"nub.lock","sha256":"be5c0fc3d4c3d0fd921b4bcba3837ecdcf2f63dbc2f84522f63891e9098c1db1","bytes":12168}]},"maliciousAdvisories":[],"screenedAt":"2026-09-08T08:59:21.369Z","cacheHit":true,"clearancePath":"/home/runner/v2-FRBxev/security/nub-drop-no-network-resolved.json"}
  SECURITY nub-drop-no-network-resolved clean: 42 exact package-version(s), tree 00a0b30dfb16 (cached exact-tree clearance)
  VERIFY[drop-no-network] rc=1 artifacts=6/7 missing=1 shortfall=1f6a7b28e9d5 (tree 2137/610) OVERRIDDEN=2 REJECTED=0 grant={}
       missing: bin/saucectl
     'no-network' is NECESSARY — dropping it fails to verify
  => MINIMAL — every capability in {"network":true} is independently necessary
