### @vscode/spdlog@0.15.8   (/home/runner/v2-4eJJ4p)
  CI-ENV scrubbed: CI GITHUB_ACTIONS
OSV-SCREEN {"schemaVersion":1,"kind":"direct","status":"clean","digest":"e51fb4724a430d329e2854c9ee508664f77968fdf8330408c25cece28000f257","specCount":1,"lockfiles":{"digest":null,"files":[]},"maliciousAdvisories":[],"screenedAt":"2026-09-09T03:36:09.177Z","cacheHit":false,"clearancePath":"/home/runner/v2-4eJJ4p/security/direct.json"}
  SECURITY direct clean: 1 exact package-version(s), tree e51fb4724a43
  VENUE-OBSERVE-USER {"uid":1001,"user":"runner","umask":"0022","capBnd":"000001ffffffffff","noNewPrivs":"0"}
  VENUE-NUB-BINARY {"path":"/tmp/nub/target/release/nub","sha256":"2a18683f50f7afeb02a521cd3cae175dc2f91780d461c5f012065241f5a1447b","bytes":207643464,"features":{"buildJailCatalogOverride":true,"pythonDontWriteBytecodeEnv":true}}
OSV-SCREEN {"schemaVersion":1,"kind":"npm-observe-resolved","status":"clean","digest":"730cf6cbafe644deb34c7087e93379126db70bb79885f8a8e757e8982873ee0f","specCount":5,"lockfiles":{"digest":"b84f19e53959de7451c50fb59dd23616dd244bfacbf9d81050023c8d0ac3f10d","files":[{"path":"package-lock.json","sha256":"041e0dfeab9e52936bc4db21459751e9e024de18cff919b0fca44f76a380e774","bytes":2095}]},"maliciousAdvisories":[],"screenedAt":"2026-09-09T03:36:10.599Z","cacheHit":false,"clearancePath":"/home/runner/v2-4eJJ4p/security/npm-observe-resolved.json"}
  SECURITY npm-observe-resolved clean: 5 exact package-version(s), tree 730cf6cbafe6
  OBSERVE   rc=0 files=254 trace=111551 lines
  CLOSURE   6 packages evicted per arm
  ARM-FALSIFIABILITY {"manifestFiles":201,"filesTheScriptProduced":14,"reasons":[]}
  RAWLOG-FILE /home/runner/v2-4eJJ4p/observe/trace.txt.gz
  RAWLOG-CAPTURE /home/runner/v2-4eJJ4p/observe/capture.json
  RAWLOG-BYTES raw=18829464 gz=462070
  VENUE-INTERPRETER /opt/hostedtoolcache/node/22.23.2/x64
  VENUE-OVERRIDES {"set":{"HOME":"/home/runner/v2-4eJJ4p/jailhome","TMPDIR":"/tmp/nub-tmp-obspNpyHT","NODE_COMPAT":"1","PLAYWRIGHT_BROWSERS_PATH":"/home/runner/.cache/nub/pm/tools/ms-playwright","ELECTRON_CACHE":"/home/runner/.cache/nub/pm/tools/electron-cache","electron_config_cache":"/home/runner/.cache/nub/pm/tools/electron-cache","npm_config_prefix":"/home/runner/.cache/nub/pm/tools/npm-prefix","PYTHONDONTWRITEBYTECODE":"1","NUB_CACHE_DIR":"/home/runner/v2-4eJJ4p/nubcache"},"unset":["CI","GITHUB_ACTIONS"],"passedThrough":{"CI":"true","GITHUB_ACTIONS":"true","NODE_ENV":null}}
  == ATTRIBUTION == attributed pids: 100
    writes  script 6694  /  whole traced tree 7782
    sockets script 4  /  whole traced tree 10
  == ROOTS (from capture.json — R2: no ambient reads) ==
    project       /home/runner/v2-4eJJ4p/observe
    home          /home/runner
    jailHome      /home/runner/v2-4eJJ4p/jailhome
    globalStore   /home/runner/.cache/nub/pm/store   [declared, not keyed on]
    projectStore  /home/runner/v2-4eJJ4p/observe/node_modules/.store   [declared, not keyed on]
    interpreter   /opt/hostedtoolcache/node/22.23.2/x64   [declared, not keyed on]
    toolsDir      /home/runner/.cache/nub/pm/tools   [declared, not keyed on]
    temp          /tmp/nub-tmp-obspNpyHT
    npmPrefix     /home/runner/.cache/nub/pm/tools/npm-prefix
    ownPkg        /home/runner/v2-4eJJ4p/observe/node_modules/@vscode/spdlog
  == WRITES the script actually performed ==
    jailHome   3328  (base profile already grants this — NOT billed)
        /home/runner/v2-4eJJ4p/jailhome/.cache
        /home/runner/v2-4eJJ4p/jailhome/.cache/node-gyp
        /home/runner/v2-4eJJ4p/jailhome/.cache/node-gyp/22.23.2
        /home/runner/v2-4eJJ4p/jailhome/.cache/node-gyp/22.23.2/include
        /home/runner/v2-4eJJ4p/jailhome/.cache/node-gyp/22.23.2/include/node
        /home/runner/v2-4eJJ4p/jailhome/.cache/node-gyp/22.23.2/include/node/common.gypi
        /home/runner/v2-4eJJ4p/jailhome/.cache/node-gyp/22.23.2/include/node/config.gypi
        /home/runner/v2-4eJJ4p/jailhome/.cache/node-gyp/22.23.2/include/node/cppgc
        /home/runner/v2-4eJJ4p/jailhome/.cache/node-gyp/22.23.2/include/node/cppgc/allocation.h
        /home/runner/v2-4eJJ4p/jailhome/.cache/node-gyp/22.23.2/include/node/cppgc/common.h
        … and 3318 more
    jailTmp    3331  (base profile already grants this — NOT billed)
        /tmp/nub-tmp-obspNpyHT/node-gyp-tmp-IaXDrR
        /tmp/nub-tmp-obspNpyHT/node-gyp-tmp-IaXDrR/include
        /tmp/nub-tmp-obspNpyHT/node-gyp-tmp-IaXDrR/include/node
        /tmp/nub-tmp-obspNpyHT/node-gyp-tmp-IaXDrR/include/node/v8-locker.h
        /tmp/nub-tmp-obspNpyHT/node-gyp-tmp-IaXDrR/include/node/zconf.h
        /tmp/nub-tmp-obspNpyHT/node-gyp-tmp-IaXDrR/include/node/v8config.h
        /tmp/nub-tmp-obspNpyHT/node-gyp-tmp-IaXDrR/include/node/common.gypi
        /tmp/nub-tmp-obspNpyHT/node-gyp-tmp-IaXDrR/include/node/v8-object.h
        /tmp/nub-tmp-obspNpyHT/node-gyp-tmp-IaXDrR/include/node/v8-forward.h
        /tmp/nub-tmp-obspNpyHT/node-gyp-tmp-IaXDrR/include/node/v8-profiler.h
        … and 3321 more
    ownPkg       25  (base profile already grants this — NOT billed)
        /home/runner/v2-4eJJ4p/observe/node_modules/@vscode/spdlog/build
        /home/runner/v2-4eJJ4p/observe/node_modules/@vscode/spdlog/build/config.gypi
        /home/runner/v2-4eJJ4p/observe/node_modules/@vscode/spdlog/build/Makefile
        /home/runner/v2-4eJJ4p/observe/node_modules/@vscode/spdlog/build/spdlog.target.mk
        /home/runner/v2-4eJJ4p/observe/node_modules/@vscode/spdlog/build/binding.Makefile
        /home/runner/v2-4eJJ4p/observe/node_modules/@vscode/spdlog/build/node_gyp_bins
        /home/runner/v2-4eJJ4p/observe/node_modules/@vscode/spdlog/build/node_gyp_bins/python3
        /home/runner/v2-4eJJ4p/observe/node_modules/@vscode/spdlog/build/Release
        /home/runner/v2-4eJJ4p/observe/node_modules/@vscode/spdlog/build/obj.target
        /home/runner/v2-4eJJ4p/observe/node_modules/@vscode/spdlog/build/node-addon-api/node_addon_api_except.stamp
        … and 15 more
    deps          9
    kernelfs      1
        /dev/null
  == NETWORK ==
    AF_INET sockets: 4   distinct peers: 3
        127.0.0.53:53
        104.16.9.34:443
        104.16.213.131:443
  == REFUSALS (only `= -1 EACCES/EPERM/EROFS`) ==
    distinct: 0
  == SYNTHESIZED GRANT (verify this in the real unprivileged jail) ==
    {"write":{"deps":true},"network":true}
    NOTE 1 kernel-fs touches (/proc,/sys,/dev) — a READ floor question, not a write grant
  == writePaths (DERIVED — promotion out of the package's PRIVATE home) ==
    private-home writes observed: 3328
    none declared — every write was a FILE at the top of the private home, or landed in a directory the TOOLCHAIN owns (see `writePathsDeny`) — an entry names a directory belonging to the PACKAGE, so there is nothing to name
  == writePaths FEASIBILITY (distinct writes outside project/deps) ==
    count: 0
    EVENTS    38340 distinct from 104357 calls (111552 lines, 7057 rejoined, 0 unparsed)
    PROCS     107   lifecycle shells 95
    ⛔ 3 paths with an UNRESOLVED dirfd — kept, marked, never guessed
    unsubscribed/unmapped syscalls: getcwd×144 wait4×86 exit_group×73 setsockopt×58 getsockname×40 exit×30 getsockopt×24 recvmsg×9
    wrote /home/runner/v2-4eJJ4p/observe/events.ndjson.gz (221280 bytes)
  EVENTLOG-FILE /home/runner/v2-4eJJ4p/observe/events.ndjson.gz
  EVENTLOG-STATS {"lines":111552,"parsed":104357,"unparsed":0,"unfinished":7057,"rejoined":7057,"unresolvedDirfd":3,"truncatedArg":0,"procs":107,"lifecyclePids":95,"distinctEvents":38340,"unknownSyscall":{"getsockname":40,"getsockopt":24,"getcwd":144,"recvmsg":9,"exit":30,"setsockopt":58,"sendmmsg":2,"socketpair":9,"shutdown":9,"exit_group":73,"wait4":86},"out":"/home/runner/v2-4eJJ4p/observe/events.ndjson.gz","gzipBytes":221280}
  EVICT     1 store entries removed, 0 spared as nub tooling
  SE-PURGE  0 side-effects-cache entries for @vscode/spdlog
OSV-SCREEN {"schemaVersion":1,"kind":"nub-synth-resolved","status":"clean","digest":"730cf6cbafe644deb34c7087e93379126db70bb79885f8a8e757e8982873ee0f","specCount":5,"lockfiles":{"digest":"b85f24f965281a17c6de5878a87a363021f32748f2b1ee5227aaa54a2c4fc2c4","files":[{"path":"nub.lock","sha256":"4dda93effd5ac7ab2550879c0814509ff932518d072becf10d8c7cccfc051d4f","bytes":1314}]},"maliciousAdvisories":[],"screenedAt":"2026-09-09T03:36:10.599Z","cacheHit":true,"clearancePath":"/home/runner/v2-4eJJ4p/security/nub-synth-resolved.json"}
  SECURITY nub-synth-resolved clean: 5 exact package-version(s), tree 730cf6cbafe6 (cached exact-tree clearance)
  VENUE-STORE-LAYOUT isolated
  VERIFY[synth] rc=0 artifacts=198/200 missing=2 shortfall=990d66511fe7 (tree 750/254) OVERRIDDEN=3 REJECTED=0 grant={"write":{"deps":true},"network":true}
       missing: build/Release/.deps/node-addon-api/node_addon_api_except.stamp.d, build/node-addon-api/node_addon_api_except.stamp
  DIAGNOSE  ZERO filesystem refusals under the failing grant.
     ⇒ the missing capability is NOT a path this tracer covers — look at the network axis,
       or a resource class strace's file+network filter does not carry.
  synthesized grant did not verify — falling back to a bounded ladder
  EVICT     5 store entries removed, 0 spared as nub tooling
  SE-PURGE  0 side-effects-cache entries for @vscode/spdlog
OSV-SCREEN {"schemaVersion":1,"kind":"nub-fb2126003217-resolved","status":"clean","digest":"730cf6cbafe644deb34c7087e93379126db70bb79885f8a8e757e8982873ee0f","specCount":5,"lockfiles":{"digest":"b85f24f965281a17c6de5878a87a363021f32748f2b1ee5227aaa54a2c4fc2c4","files":[{"path":"nub.lock","sha256":"4dda93effd5ac7ab2550879c0814509ff932518d072becf10d8c7cccfc051d4f","bytes":1314}]},"maliciousAdvisories":[],"screenedAt":"2026-09-09T03:36:10.599Z","cacheHit":true,"clearancePath":"/home/runner/v2-4eJJ4p/security/nub-fb2126003217-resolved.json"}
  SECURITY nub-fb2126003217-resolved clean: 5 exact package-version(s), tree 730cf6cbafe6 (cached exact-tree clearance)
  VERIFY[fb2126003217] rc=0 artifacts=198/200 missing=2 shortfall=990d66511fe7 (tree 750/254) OVERRIDDEN=3 REJECTED=0 grant={"write":{"deps":true,"project":true,"userHome":true},"network":true}
       missing: build/Release/.deps/node-addon-api/node_addon_api_except.stamp.d, build/node-addon-api/node_addon_api_except.stamp
  EVICT     5 store entries removed, 0 spared as nub tooling
  SE-PURGE  0 side-effects-cache entries for @vscode/spdlog
OSV-SCREEN {"schemaVersion":1,"kind":"nub-fb3938809772-resolved","status":"clean","digest":"730cf6cbafe644deb34c7087e93379126db70bb79885f8a8e757e8982873ee0f","specCount":5,"lockfiles":{"digest":"b85f24f965281a17c6de5878a87a363021f32748f2b1ee5227aaa54a2c4fc2c4","files":[{"path":"nub.lock","sha256":"4dda93effd5ac7ab2550879c0814509ff932518d072becf10d8c7cccfc051d4f","bytes":1314}]},"maliciousAdvisories":[],"screenedAt":"2026-09-09T03:36:10.599Z","cacheHit":true,"clearancePath":"/home/runner/v2-4eJJ4p/security/nub-fb3938809772-resolved.json"}
  SECURITY nub-fb3938809772-resolved clean: 5 exact package-version(s), tree 730cf6cbafe6 (cached exact-tree clearance)
  VERIFY[fb3938809772] rc=0 artifacts=198/200 missing=2 shortfall=990d66511fe7 (tree 750/254) OVERRIDDEN=3 REJECTED=0 grant={"write":{"deps":true,"project":true,"userHome":true},"read":"disk","network":true}
       missing: build/Release/.deps/node-addon-api/node_addon_api_except.stamp.d, build/node-addon-api/node_addon_api_except.stamp
  EVICT     5 store entries removed, 0 spared as nub tooling
  SE-PURGE  0 side-effects-cache entries for @vscode/spdlog
OSV-SCREEN {"schemaVersion":1,"kind":"nub-fb2742342390-resolved","status":"clean","digest":"730cf6cbafe644deb34c7087e93379126db70bb79885f8a8e757e8982873ee0f","specCount":5,"lockfiles":{"digest":"b85f24f965281a17c6de5878a87a363021f32748f2b1ee5227aaa54a2c4fc2c4","files":[{"path":"nub.lock","sha256":"4dda93effd5ac7ab2550879c0814509ff932518d072becf10d8c7cccfc051d4f","bytes":1314}]},"maliciousAdvisories":[],"screenedAt":"2026-09-09T03:36:10.599Z","cacheHit":true,"clearancePath":"/home/runner/v2-4eJJ4p/security/nub-fb2742342390-resolved.json"}
  SECURITY nub-fb2742342390-resolved clean: 5 exact package-version(s), tree 730cf6cbafe6 (cached exact-tree clearance)
  VERIFY[fb2742342390] rc=0 artifacts=198/200 missing=2 shortfall=990d66511fe7 (tree 750/254) OVERRIDDEN=3 REJECTED=0 grant={"write":"disk","network":true}
       missing: build/Release/.deps/node-addon-api/node_addon_api_except.stamp.d, build/node-addon-api/node_addon_api_except.stamp
  => ARTIFACT-GATE-SUSPECT {"write":{"deps":true},"network":true}   (every arm rc=0 and the SAME 2-artifact shortfall at every
     grant up to write:"disk" — invariant under widening, so it is not a capability gap)
     ⇒ The grant is the SYNTHESIZED one and is UNVERIFIED — minimality was never descended.
        Triage the shortfall against the arm's toolchain, not against the jail.
