  HARNESS-NODE /opt/hostedtoolcache/node/22.23.2/x64/bin/node (v22.23.2); arm-cap present
  ERA-NODE PINNED 14.21.3 (provisioned) (arms will run: v14.21.3)
  ERA-PYTHON /opt/hostedtoolcache/Python/3.9.25/x64/bin/python (Python 3.9.25) for era Node 14, whose node-gyp requires python3-legacy
  ARM-MAKE /usr/bin/gmake (GNU Make 4.3) — the system make; a build needing GNU Make 4 WILL fail here
### remix-auth@1.7.0   (/home/runner/v2-KjPWRz)
  CI-ENV scrubbed: CI GITHUB_ACTIONS
OSV-SCREEN {"schemaVersion":1,"kind":"direct","status":"clean","digest":"ddc362ef31b1d22fb1cda10b944c02907d59e7d101923eae1c0a3c5e956ff2a8","specCount":1,"lockfiles":{"digest":null,"files":[]},"maliciousAdvisories":[],"screenedAt":"2026-08-28T16:30:55.185Z","cacheHit":false,"clearancePath":"/home/runner/v2-KjPWRz/security/direct.json"}
  SECURITY direct clean: 1 exact package-version(s), tree ddc362ef31b1
  VENUE-OBSERVE-USER {"uid":1001,"user":"runner","umask":"0022","capBnd":"000001ffffffffff","noNewPrivs":"0"}
  VENUE-NUB-BINARY {"path":"/tmp/nub/target/release/nub","sha256":"bed0d624b324fb3de83de474ff73731ad2f1fd040ff548bb0158e2baf850701d","bytes":208304640,"features":{"buildJailCatalogOverride":true,"pythonDontWriteBytecodeEnv":true}}
  ERA-RESOLUTION DATED 2021-10-13T21:36:15.277Z (deps as of the package's own publish date + 1d)
  => BROKEN-WITHOUT-JAIL-TOO (unjailed fetch failed rc=1; nothing to measure)
    | npm warn While resolving: remix-auth@1.7.0
    | npm warn Found: @remix-run/node@undefined
    | npm warn node_modules/@remix-run/node
    | npm warn
    | npm warn Could not resolve dependency:
    | npm warn peer @remix-run/node@"^0.19.2" from remix-auth@1.7.0
    | npm warn node_modules/remix-auth
    | npm warn   remix-auth@"1.7.0" from the root project
    | npm warn ERESOLVE overriding peer dependency
    | npm warn While resolving: remix-auth@1.7.0
    | npm warn Found: @remix-run/react@undefined
    | npm warn node_modules/@remix-run/react
    | npm warn
    | npm warn Could not resolve dependency:
    | npm warn peer @remix-run/react@"^0.19.2" from remix-auth@1.7.0
    | npm warn node_modules/remix-auth
    | npm warn   remix-auth@"1.7.0" from the root project
    | npm error code ENOVERSIONS
    | npm error No versions available for @remix-run/node
    | npm error A complete log of this run can be found in: /home/runner/.npm/_logs/2026-08-28T16_30_55_599Z-debug-0.log
