### esbuild@0.18.20   (/home/runner/v2-KVljLF)
  CI-ENV scrubbed: CI GITHUB_ACTIONS
OSV-SCREEN {"schemaVersion":1,"kind":"direct","status":"clean","digest":"328c86956c9fa8350d661b836ffeb5755ca8e0db8ed52032b2f8fcc59121b7ab","specCount":1,"lockfiles":{"digest":null,"files":[]},"maliciousAdvisories":[],"screenedAt":"2026-09-08T07:29:49.272Z","cacheHit":false,"clearancePath":"/home/runner/v2-KVljLF/security/direct.json"}
  SECURITY direct clean: 1 exact package-version(s), tree 328c86956c9f
  VENUE-OBSERVE-USER {"uid":1001,"user":"runner","umask":"0022","capBnd":"000001ffffffffff","noNewPrivs":"0"}
  VENUE-NUB-BINARY {"path":"/tmp/nub/target/release/nub","sha256":"2a18683f50f7afeb02a521cd3cae175dc2f91780d461c5f012065241f5a1447b","bytes":207643464,"features":{"buildJailCatalogOverride":true,"pythonDontWriteBytecodeEnv":true}}
OSV-SCREEN {"schemaVersion":1,"kind":"npm-observe-resolved","status":"clean","digest":"95fe2e27147706eb0f49f9b58ada726c13b35acfdfe1c9c1b7361e366584fbcc","specCount":2,"lockfiles":{"digest":"875c16d4a0b31585234bb22aee2e76bef8de52460c664bd0a043e67e96f1e8f6","files":[{"path":"package-lock.json","sha256":"ca5c733c793651691e164754045985ebb919f5e574ae09b62b7e59ba6db2ace8","bytes":11934}]},"maliciousAdvisories":[],"screenedAt":"2026-09-08T07:29:51.421Z","cacheHit":false,"clearancePath":"/home/runner/v2-KVljLF/security/npm-observe-resolved.json"}
  SECURITY npm-observe-resolved clean: 2 exact package-version(s), tree 95fe2e271477
  OBSERVE   rc=0 files=14 trace=10766 lines
  CLOSURE   2 packages evicted per arm
  ARM-FALSIFIABILITY {"manifestFiles":7,"filesTheScriptProduced":1,"reasons":[]}
  RAWLOG-FILE /home/runner/v2-KVljLF/observe/trace.txt.gz
  RAWLOG-CAPTURE /home/runner/v2-KVljLF/observe/capture.json
  RAWLOG-BYTES raw=2370719 gz=68878
  VENUE-INTERPRETER /opt/hostedtoolcache/node/22.23.2/x64
  VENUE-OVERRIDES {"set":{"HOME":"/home/runner/v2-KVljLF/jailhome","TMPDIR":"/tmp/nub-tmp-obszgUgWI","NODE_COMPAT":"1","PLAYWRIGHT_BROWSERS_PATH":"/home/runner/.cache/nub/pm/tools/ms-playwright","ELECTRON_CACHE":"/home/runner/.cache/nub/pm/tools/electron-cache","electron_config_cache":"/home/runner/.cache/nub/pm/tools/electron-cache","npm_config_prefix":"/home/runner/.cache/nub/pm/tools/npm-prefix","PYTHONDONTWRITEBYTECODE":"1","NUB_CACHE_DIR":"/home/runner/v2-KVljLF/nubcache"},"unset":["CI","GITHUB_ACTIONS"],"passedThrough":{"CI":"true","GITHUB_ACTIONS":"true","NODE_ENV":null}}
  == ATTRIBUTION == attributed pids: 19
    writes  script 2  /  whole traced tree 1090
    sockets script 0  /  whole traced tree 4
  == ROOTS (from capture.json — R2: no ambient reads) ==
    project       /home/runner/v2-KVljLF/observe
    home          /home/runner
    jailHome      /home/runner/v2-KVljLF/jailhome
    globalStore   /home/runner/.cache/nub/pm/store   [declared, not keyed on]
    projectStore  /home/runner/v2-KVljLF/observe/node_modules/.store   [declared, not keyed on]
    interpreter   /opt/hostedtoolcache/node/22.23.2/x64   [declared, not keyed on]
    toolsDir      /home/runner/.cache/nub/pm/tools   [declared, not keyed on]
    temp          /tmp/nub-tmp-obszgUgWI
    npmPrefix     /home/runner/.cache/nub/pm/tools/npm-prefix
    ownPkg        /home/runner/v2-KVljLF/observe/node_modules/esbuild
  == WRITES the script actually performed ==
    ownPkg        2  (base profile already grants this — NOT billed)
        /home/runner/v2-KVljLF/observe/node_modules/esbuild/bin-esbuild
        /home/runner/v2-KVljLF/observe/node_modules/esbuild/bin/esbuild
  == NETWORK ==
    AF_INET sockets: 0   distinct peers: 2
        127.0.0.53:53
        104.16.4.34:443
  == REFUSALS (only `= -1 EACCES/EPERM/EROFS`) ==
    distinct: 0
  == SYNTHESIZED GRANT (verify this in the real unprivileged jail) ==
    {}
  == writePaths (DERIVED — promotion out of the package's PRIVATE home) ==
    private-home writes observed: 0
    none declared — the script wrote nothing into its private home — there is nothing to promote
  == writePaths FEASIBILITY (distinct writes outside project/deps) ==
    count: 0
    EVENTS    4390 distinct from 10716 calls (10767 lines, 20 rejoined, 0 unparsed)
    PROCS     26   lifecycle shells 14
    ⛔ 3 paths with an UNRESOLVED dirfd — kept, marked, never guessed
    unsubscribed/unmapped syscalls: setsockopt×35 getsockname×20 exit×16 getsockopt×7 recvmsg×7 socketpair×6 getcwd×4 shutdown×4
    wrote /home/runner/v2-KVljLF/observe/events.ndjson.gz (31232 bytes)
  EVENTLOG-FILE /home/runner/v2-KVljLF/observe/events.ndjson.gz
  EVENTLOG-STATS {"lines":10767,"parsed":10716,"unparsed":0,"unfinished":20,"rejoined":20,"unresolvedDirfd":3,"truncatedArg":0,"procs":26,"lifecyclePids":14,"distinctEvents":4390,"unknownSyscall":{"getsockname":20,"getsockopt":7,"getcwd":4,"recvmsg":7,"exit":16,"setsockopt":35,"sendmmsg":1,"socketpair":6,"shutdown":4,"tgkill":1,"exit_group":4,"wait4":4},"out":"/home/runner/v2-KVljLF/observe/events.ndjson.gz","gzipBytes":31232}
  EVICT     0 store entries removed, 0 spared as nub tooling
  SE-PURGE  0 side-effects-cache entries for esbuild
OSV-SCREEN {"schemaVersion":1,"kind":"nub-synth-resolved","status":"clean","digest":"95fe2e27147706eb0f49f9b58ada726c13b35acfdfe1c9c1b7361e366584fbcc","specCount":2,"lockfiles":{"digest":"174f77191013624cbf9eab6f7bd4383ea42713067e8615e4f7ad4a0636ddf098","files":[{"path":"nub.lock","sha256":"ff123ca458a5e55e068d6310eb69adf02e2b1b428ed5090e6c45e799c3853c88","bytes":7341}]},"maliciousAdvisories":[],"screenedAt":"2026-09-08T07:29:51.421Z","cacheHit":true,"clearancePath":"/home/runner/v2-KVljLF/security/nub-synth-resolved.json"}
  SECURITY nub-synth-resolved clean: 2 exact package-version(s), tree 95fe2e271477 (cached exact-tree clearance)
  VENUE-STORE-LAYOUT isolated
  VERIFY[synth] rc=0 artifacts=7/7 missing=0 shortfall=none (tree 49/14) OVERRIDDEN=2 REJECTED=0 grant={}
  => VERIFIED {}   (observed, then verified)
  DESCEND   grant is already empty — nothing to narrow; MINIMAL by construction.
