### nx@23.1.0   (D:\jail\m-nx-mtsjiry7)
  CI-ENV scrubbed: CI GITHUB_ACTIONS
OSV-SCREEN {"schemaVersion":1,"kind":"direct","status":"clean","digest":"86661a9d9993e496779a67a6de830db06be76c22666937fa1770d5b8f296d982","specCount":1,"lockfiles":{"digest":null,"files":[]},"maliciousAdvisories":[],"screenedAt":"2026-09-08T10:42:19.792Z","cacheHit":false,"clearancePath":"D:\\jail\\m-nx-mtsjiry7\\security\\direct.json"}
  SECURITY direct clean: 1 exact package-version(s), tree 86661a9d9993
OSV-SCREEN {"schemaVersion":1,"kind":"npm-observe-resolved","status":"clean","digest":"4aa9133e7bcac51dc03728b69affac6e560a0b50aa3998c60ed4684c03088cd4","specCount":117,"lockfiles":{"digest":"b4b2978ad799e337586d9163414f3e98ec76e6b43c3abd5ca63ffe34bd551dec","files":[{"path":"package-lock.json","sha256":"b705d9a4200c48865ff740e092c348cb8870e8d37358f059ce4b6be875957a79","bytes":56525}]},"maliciousAdvisories":[],"screenedAt":"2026-09-08T10:42:27.561Z","cacheHit":false,"clearancePath":"D:\\jail\\m-nx-mtsjiry7\\security\\npm-observe-resolved.json"}
  SECURITY npm-observe-resolved clean: 117 exact package-version(s), tree 4aa9133e7bca
  CAPTURE user=runnervmeef0v\runneradmin elevated=True rootPid=8708 exit=0 events=28016 lost=0
  VENUE-OBSERVE-USER runnervmeef0v\runneradmin elevated=true privDropped={"SeBackupPrivilege":"removed","SeRestorePrivilege":"removed","SeTakeOwnershipPrivilege":"removed"}
  OBSERVE artifacts: 1246 files  (D:\jail\m-nx-mtsjiry7\observe\node_modules\nx)
  ARM-FALSIFIABILITY {"manifestFiles":1246,"filesTheScriptProduced":0,"reasons":["gate-vacuous"]}
  ⛔ ARMS-UNFALSIFIABLE — a green arm for this package carries no evidence:
       gate-vacuous: the script changed no file the artifact gate keys on — every file in the manifest (1246) was already present at its final size before the script ran, so the gate passes in every arm including a completely broken one
       The grant may still be correct; what is missing is a signal that could have gone
       red. Do not read this record's MINIMAL as a passing measurement.
  CLOSURE 117 packages evicted per arm
  8.3 MAP 0 components resolved on runnervmeef0v, folded into capture.json
  == ROOTS (from capture.json — R2: no ambient reads) ==
    project       D:\jail\m-nx-mtsjiry7\observe   [keyed on]
    home          C:\Users\runneradmin   [keyed on]
    jailHome      (null — declared inapplicable)
    globalStore   C:\Users\runneradmin\AppData\Local\nub\pm\store
    projectStore  D:\jail\m-nx-mtsjiry7\observe\node_modules\.store
    interpreter   C:\hostedtoolcache\windows\node\22.23.2\x64\node.exe
    toolsDir      C:\Users\runneradmin\AppData\Local\nub\pm\tools
    temp          D:\jail\m-nx-mtsjiry7\tmp   [keyed on]
    npmPrefix     (null — declared inapplicable)
    ownPkg        D:\jail\m-nx-mtsjiry7\observe\node_modules\nx
  == ATTRIBUTION == lifecycle pids: 2 (root 8708)
    writes  script 3  /  whole traced tree 18
    peers   script 0  /  whole traced tree 0
  == WRITES ==
    jailTmp       3
  == READS ==
    deps        478
    outside       6
    project       1
    systemfs     29
    jailTmp       3
  == NETWORK ==
    distinct peers: 0
  == REFUSALS (adapter-classified) ==
    distinct: 0
  == SYNTHESIZED GRANT (verify this in the real unprivileged jail) ==
    {}
    NOTE 3 writes into the DECLARED private temp -- the base profile grants
         that directory unconditionally (preset.rs `$tmp`=rw), so they widen nothing.
  RAW       etw-raw.xml.gz  35738979 B xml -> 522227 B gz (68.4x)  sha256 de93d5553fb27dfe…
  HEADER    etw-header.json (5011 bytes)
  DERIVED   7375 distinct from 8769 kept ops (28016 xml events, 1723 out of subtree)
  PROCS     4   thread-reattributed 17
  ⛔ 3 operations with NO OperationEnd — kept, status marked unknown
  8.3       0 expanded, 0 kept short, 0 not covered  [map: recorded 8.3 map (0 components, resolved on runnervmeef0v)]
  wrote events.ndjson.gz (91320 bytes)
  RAWLOG-CAPTURE D:\jail\m-nx-mtsjiry7\cap\capture.json
  VENUE-NUB-BINARY {"path":"C:/Users/RUNNER~1/AppData/Local/Temp/nub/target/release/nub.exe","sha256":"f186817a44be332fee712b4936a071a0b5f9cde18a1d2fdc3a791729d4bf1005","bytes":68717056,"features":{"buildJailCatalogOverride":true,"pythonDontWriteBytecodeEnv":true}}
  VENUE-INTERPRETER C:\hostedtoolcache\windows\node\22.23.2\x64\node.exe
  VENUE-JAIL-ROOT D:\jail\m-nx-mtsjiry7
  VENUE-OVERRIDES {"set":{"npm_config_cache":"D:\\jail\\m-nx-mtsjiry7\\npm-cache","TMP":"D:\\jail\\m-nx-mtsjiry7\\tmp","TEMP":"D:\\jail\\m-nx-mtsjiry7\\tmp","TMPDIR":"D:\\jail\\m-nx-mtsjiry7\\tmp"},"unset":["CI","GITHUB_ACTIONS"],"notRedirected":{"USERPROFILE":"C:\\Users\\runneradmin","why":"the jail leaves HOME/USERPROFILE alone — `build_jail.rs` sandbox_homes() reads the ambient value and `compiler/defaults.rs` BASELINE_ENV_EXACT passes it through — so there is no private jail home to reproduce and redirecting one would measure an environment no confined script sees"},"passedThrough":{"CI":"true","GITHUB_ACTIONS":"true","NODE_ENV":null}}
  STORE   isolated virtual store at D:\jail\m-nx-mtsjiry7\verify-synth\.cache
  VENUE-STORE-LAYOUT isolated
OSV-SCREEN {"schemaVersion":1,"kind":"nub-synth-resolved","status":"clean","digest":"4aa9133e7bcac51dc03728b69affac6e560a0b50aa3998c60ed4684c03088cd4","specCount":117,"lockfiles":{"digest":"855e9d804f7af3bff40a91f46b724934ba7a7a66c847a48f1f890a3af44116c4","files":[{"path":"nub.lock","sha256":"d77121527f78494d34d2a9632841f711ede2d8dbb5cf357be7a1254079b1caa3","bytes":33124}]},"maliciousAdvisories":[],"screenedAt":"2026-09-08T10:42:27.561Z","cacheHit":true,"clearancePath":"D:\\jail\\m-nx-mtsjiry7\\security\\nub-synth-resolved.json"}
  SECURITY nub-synth-resolved clean: 117 exact package-version(s), tree 4aa9133e7bca (cached exact-tree clearance)
  VERIFY[synth] rc=0 artifacts=1246/1246 missing=0 shortfall=none (tree 10556/2889) OVERRIDDEN=2 REJECTED=0 grant={}
  => MINIMUM {}   (observed, then verified)
  DESCEND   grant is already empty — nothing to narrow; MINIMAL by construction.
