### libxmljs2@0.37.0   (/home/runner/v2-CDP6LY)
  CI-ENV scrubbed: CI GITHUB_ACTIONS
OSV-SCREEN {"schemaVersion":1,"kind":"direct","status":"clean","digest":"45e85ede970560ca2daa3eff865b0bc9b960b80f975d3dd9681e5935a05ae0b3","specCount":1,"lockfiles":{"digest":null,"files":[]},"maliciousAdvisories":[],"screenedAt":"2026-09-08T03:18:43.408Z","cacheHit":false,"clearancePath":"/home/runner/v2-CDP6LY/security/direct.json"}
  SECURITY direct clean: 1 exact package-version(s), tree 45e85ede9705
  VENUE-OBSERVE-USER {"uid":1001,"user":"runner","umask":"0022","capBnd":"000001ffffffffff","noNewPrivs":"0"}
  VENUE-NUB-BINARY {"path":"/tmp/nub/target/release/nub","sha256":"2a18683f50f7afeb02a521cd3cae175dc2f91780d461c5f012065241f5a1447b","bytes":207643464,"features":{"buildJailCatalogOverride":true,"pythonDontWriteBytecodeEnv":true}}
OSV-SCREEN {"schemaVersion":1,"kind":"npm-observe-resolved","status":"clean","digest":"1faf6cfdc034df915bc3c6d5fde41afc5ce38b7b35eca925edea17ed9f7cd9e2","specCount":126,"lockfiles":{"digest":"5baa9ba2c073c0311247caaa83a3bb2aca953c70380154d079da85b403821bb9","files":[{"path":"package-lock.json","sha256":"4649d53f8e1ca3539a3b502032d8514833cc06b110408cb8bf312ad9ad9dde55","bytes":58450}]},"maliciousAdvisories":[],"screenedAt":"2026-09-08T03:18:47.176Z","cacheHit":false,"clearancePath":"/home/runner/v2-CDP6LY/security/npm-observe-resolved.json"}
  SECURITY npm-observe-resolved clean: 126 exact package-version(s), tree 1faf6cfdc034
  OBSERVE   rc=0 files=1918 trace=12419 lines
  CLOSURE   118 packages evicted per arm
  ARM-FALSIFIABILITY {"manifestFiles":161,"filesTheScriptProduced":1,"reasons":[]}
  RAWLOG-FILE /home/runner/v2-CDP6LY/observe/trace.txt.gz
  RAWLOG-CAPTURE /home/runner/v2-CDP6LY/observe/capture.json
  RAWLOG-BYTES raw=2685115 gz=79820
  VENUE-INTERPRETER /opt/hostedtoolcache/node/22.23.2/x64
  VENUE-OVERRIDES {"set":{"HOME":"/home/runner/v2-CDP6LY/jailhome","TMPDIR":"/tmp/nub-tmp-obsBHPcew","NODE_COMPAT":"1","PLAYWRIGHT_BROWSERS_PATH":"/home/runner/.cache/nub/pm/tools/ms-playwright","ELECTRON_CACHE":"/home/runner/.cache/nub/pm/tools/electron-cache","electron_config_cache":"/home/runner/.cache/nub/pm/tools/electron-cache","npm_config_prefix":"/home/runner/.cache/nub/pm/tools/npm-prefix","PYTHONDONTWRITEBYTECODE":"1","NUB_CACHE_DIR":"/home/runner/v2-CDP6LY/nubcache"},"unset":["CI","GITHUB_ACTIONS"],"passedThrough":{"CI":"true","GITHUB_ACTIONS":"true","NODE_ENV":null}}
  == ATTRIBUTION == attributed pids: 18
    writes  script 6  /  whole traced tree 1094
    sockets script 5  /  whole traced tree 9
  == ROOTS (from capture.json — R2: no ambient reads) ==
    project       /home/runner/v2-CDP6LY/observe
    home          /home/runner
    jailHome      /home/runner/v2-CDP6LY/jailhome
    globalStore   /home/runner/.cache/nub/pm/store   [declared, not keyed on]
    projectStore  /home/runner/v2-CDP6LY/observe/node_modules/.store   [declared, not keyed on]
    interpreter   /opt/hostedtoolcache/node/22.23.2/x64   [declared, not keyed on]
    toolsDir      /home/runner/.cache/nub/pm/tools   [declared, not keyed on]
    temp          /tmp/nub-tmp-obsBHPcew
    npmPrefix     /home/runner/.cache/nub/pm/tools/npm-prefix
    ownPkg        /home/runner/v2-CDP6LY/observe/node_modules/libxmljs2
  == WRITES the script actually performed ==
    jailHome      3  (base profile already grants this — NOT billed)
        /home/runner/v2-CDP6LY/jailhome/.npm/_prebuilds
        /home/runner/v2-CDP6LY/jailhome/.npm/_prebuilds/e95f15-libxmljs2-v0.37.0-node-v127-linux-x64.tar.gz.11733-13375afed73e6.tmp
        /home/runner/v2-CDP6LY/jailhome/.npm/_prebuilds/e95f15-libxmljs2-v0.37.0-node-v127-linux-x64.tar.gz
    ownPkg        3  (base profile already grants this — NOT billed)
        /home/runner/v2-CDP6LY/observe/node_modules/libxmljs2/build
        /home/runner/v2-CDP6LY/observe/node_modules/libxmljs2/build/Release
        /home/runner/v2-CDP6LY/observe/node_modules/libxmljs2/build/Release/xmljs.node
  == NETWORK ==
    AF_INET sockets: 5   distinct peers: 3
        127.0.0.53:53
        104.16.3.34:443
        140.82.114.3:443
  == REFUSALS (only `= -1 EACCES/EPERM/EROFS`) ==
    distinct: 0
  == SYNTHESIZED GRANT (verify this in the real unprivileged jail) ==
    {"network":true}
  == writePaths (DERIVED — promotion out of the package's PRIVATE home) ==
    private-home writes observed: 3
    none declared — every write was a FILE at the top of the private home, or landed in a directory the TOOLCHAIN owns (see `writePathsDeny`) — an entry names a directory belonging to the PACKAGE, so there is nothing to name
  == writePaths FEASIBILITY (distinct writes outside project/deps) ==
    count: 0
    EVENTS    5253 distinct from 12285 calls (12420 lines, 107 rejoined, 0 unparsed)
    PROCS     25   lifecycle shells 13
    ⛔ 3 paths with an UNRESOLVED dirfd — kept, marked, never guessed
    unsubscribed/unmapped syscalls: setsockopt×33 getsockname×30 exit×20 getsockopt×13 recvmsg×11 getcwd×4 sendmmsg×3 socketpair×3
    wrote /home/runner/v2-CDP6LY/observe/events.ndjson.gz (36214 bytes)
  EVENTLOG-FILE /home/runner/v2-CDP6LY/observe/events.ndjson.gz
  EVENTLOG-STATS {"lines":12420,"parsed":12285,"unparsed":0,"unfinished":107,"rejoined":107,"unresolvedDirfd":3,"truncatedArg":0,"procs":25,"lifecyclePids":13,"distinctEvents":5253,"unknownSyscall":{"getsockname":30,"getsockopt":13,"getcwd":4,"recvmsg":11,"exit":20,"setsockopt":33,"sendmmsg":3,"socketpair":3,"shutdown":3,"exit_group":3,"wait4":3},"out":"/home/runner/v2-CDP6LY/observe/events.ndjson.gz","gzipBytes":36214}
  EVICT     34 store entries removed, 19 spared as nub tooling
  SE-PURGE  0 side-effects-cache entries for libxmljs2
OSV-SCREEN {"schemaVersion":1,"kind":"nub-synth-resolved","status":"clean","digest":"1faf6cfdc034df915bc3c6d5fde41afc5ce38b7b35eca925edea17ed9f7cd9e2","specCount":126,"lockfiles":{"digest":"3c8da4a95dd7dc237e4268479b399936f6be8bba0e6de7ff750d3d5d0ae6db44","files":[{"path":"nub.lock","sha256":"d000152c1ba2d2aa4490e1644e0ca796030b4e54143ec561888d3bbd41e77b78","bytes":31421}]},"maliciousAdvisories":[],"screenedAt":"2026-09-08T03:18:47.176Z","cacheHit":true,"clearancePath":"/home/runner/v2-CDP6LY/security/nub-synth-resolved.json"}
  SECURITY nub-synth-resolved clean: 126 exact package-version(s), tree 1faf6cfdc034 (cached exact-tree clearance)
  VENUE-STORE-LAYOUT isolated
  VERIFY[synth] rc=0 artifacts=161/161 missing=0 shortfall=none (tree 6275/1918) OVERRIDDEN=2 REJECTED=0 grant={"network":true}
  => VERIFIED {"network":true}   (observed, then verified)
  EVICT     115 store entries removed, 19 spared as nub tooling
  SE-PURGE  0 side-effects-cache entries for libxmljs2
OSV-SCREEN {"schemaVersion":1,"kind":"nub-drop-no-network-resolved","status":"clean","digest":"1faf6cfdc034df915bc3c6d5fde41afc5ce38b7b35eca925edea17ed9f7cd9e2","specCount":126,"lockfiles":{"digest":"3c8da4a95dd7dc237e4268479b399936f6be8bba0e6de7ff750d3d5d0ae6db44","files":[{"path":"nub.lock","sha256":"d000152c1ba2d2aa4490e1644e0ca796030b4e54143ec561888d3bbd41e77b78","bytes":31421}]},"maliciousAdvisories":[],"screenedAt":"2026-09-08T03:18:47.176Z","cacheHit":true,"clearancePath":"/home/runner/v2-CDP6LY/security/nub-drop-no-network-resolved.json"}
  SECURITY nub-drop-no-network-resolved clean: 126 exact package-version(s), tree 1faf6cfdc034 (cached exact-tree clearance)
  VERIFY[drop-no-network] rc=0 artifacts=272/161 missing=0 shortfall=none (tree 6608/1918) OVERRIDDEN=2 REJECTED=0 grant={}
     ⛔ OVER-PREDICTED: dropping 'no-network' STILL VERIFIES — {} is sufficient
  => OVER-PREDICTED by: no-network  (synthesized {"network":true}; each named capability drops on its own)
