### @ibm/plex@6.4.1   (/home/runner/v2-jlNgGq)
  CI-ENV scrubbed: CI GITHUB_ACTIONS
OSV-SCREEN {"schemaVersion":1,"kind":"direct","status":"clean","digest":"d4a83f4a8de25b23c14672a7f8bf04c132baa5f89e6f90d0394ef7f953cd5f60","specCount":1,"lockfiles":{"digest":null,"files":[]},"maliciousAdvisories":[],"screenedAt":"2026-09-08T07:24:06.970Z","cacheHit":false,"clearancePath":"/home/runner/v2-jlNgGq/security/direct.json"}
  SECURITY direct clean: 1 exact package-version(s), tree d4a83f4a8de2
  VENUE-OBSERVE-USER {"uid":1001,"user":"runner","umask":"0022","capBnd":"000001ffffffffff","noNewPrivs":"0"}
  VENUE-NUB-BINARY {"path":"/tmp/nub/target/release/nub","sha256":"2a18683f50f7afeb02a521cd3cae175dc2f91780d461c5f012065241f5a1447b","bytes":207643464,"features":{"buildJailCatalogOverride":true,"pythonDontWriteBytecodeEnv":true}}
OSV-SCREEN {"schemaVersion":1,"kind":"npm-observe-resolved","status":"clean","digest":"f7abbb0af51b462747e52ced066df037e97b099366750b62b05d46afefa8327f","specCount":2,"lockfiles":{"digest":"1343379f02940564433b75e333b9668ff00d48a086a038f72808e37eab043a07","files":[{"path":"package-lock.json","sha256":"09bf1d9c870055324f131f51541bc0c8216b965cc9f3f007f02f50bb6996af0a","bytes":996}]},"maliciousAdvisories":[],"screenedAt":"2026-09-08T07:24:14.892Z","cacheHit":false,"clearancePath":"/home/runner/v2-jlNgGq/security/npm-observe-resolved.json"}
  SECURITY npm-observe-resolved clean: 2 exact package-version(s), tree f7abbb0af51b
  OBSERVE   rc=0 files=10319 trace=10799 lines
  CLOSURE   2 packages evicted per arm
  ARM-FALSIFIABILITY {"manifestFiles":10308,"filesTheScriptProduced":0,"reasons":["gate-vacuous"]}
  ⛔ ARMS-UNFALSIFIABLE — a green arm for this package carries no evidence:
       gate-vacuous: the script changed no file the artifact gate keys on — every file in the manifest (10308) was already present at its final size before the script ran, so the gate passes in every arm including a completely broken one
       The grant may still be correct; what is missing is a signal that could have gone
       red. Do not read this record's MINIMAL as a passing measurement.
  RAWLOG-FILE /home/runner/v2-jlNgGq/observe/trace.txt.gz
  RAWLOG-CAPTURE /home/runner/v2-jlNgGq/observe/capture.json
  RAWLOG-BYTES raw=2376983 gz=69284
  VENUE-INTERPRETER /opt/hostedtoolcache/node/22.23.2/x64
  VENUE-OVERRIDES {"set":{"HOME":"/home/runner/v2-jlNgGq/jailhome","TMPDIR":"/tmp/nub-tmp-obs8wVPFJ","NODE_COMPAT":"1","PLAYWRIGHT_BROWSERS_PATH":"/home/runner/.cache/nub/pm/tools/ms-playwright","ELECTRON_CACHE":"/home/runner/.cache/nub/pm/tools/electron-cache","electron_config_cache":"/home/runner/.cache/nub/pm/tools/electron-cache","npm_config_prefix":"/home/runner/.cache/nub/pm/tools/npm-prefix","PYTHONDONTWRITEBYTECODE":"1","NUB_CACHE_DIR":"/home/runner/v2-jlNgGq/nubcache"},"unset":["CI","GITHUB_ACTIONS"],"passedThrough":{"CI":"true","GITHUB_ACTIONS":"true","NODE_ENV":null}}
  == ATTRIBUTION == attributed pids: 13
    writes  script 0  /  whole traced tree 1088
    sockets script 0  /  whole traced tree 6
  == ROOTS (from capture.json — R2: no ambient reads) ==
    project       /home/runner/v2-jlNgGq/observe
    home          /home/runner
    jailHome      /home/runner/v2-jlNgGq/jailhome
    globalStore   /home/runner/.cache/nub/pm/store   [declared, not keyed on]
    projectStore  /home/runner/v2-jlNgGq/observe/node_modules/.store   [declared, not keyed on]
    interpreter   /opt/hostedtoolcache/node/22.23.2/x64   [declared, not keyed on]
    toolsDir      /home/runner/.cache/nub/pm/tools   [declared, not keyed on]
    temp          /tmp/nub-tmp-obs8wVPFJ
    npmPrefix     /home/runner/.cache/nub/pm/tools/npm-prefix
    ownPkg        /home/runner/v2-jlNgGq/observe/node_modules/@ibm/plex
  == WRITES the script actually performed ==
  == NETWORK ==
    AF_INET sockets: 0   distinct peers: 2
        127.0.0.53:53
        104.16.7.34:443
  == REFUSALS (only `= -1 EACCES/EPERM/EROFS`) ==
    distinct: 0
  == SYNTHESIZED GRANT (verify this in the real unprivileged jail) ==
    {}
  == writePaths (DERIVED — promotion out of the package's PRIVATE home) ==
    private-home writes observed: 0
    none declared — the script wrote nothing into its private home — there is nothing to promote
  == writePaths FEASIBILITY (distinct writes outside project/deps) ==
    count: 0
    EVENTS    4429 distinct from 10754 calls (10800 lines, 23 rejoined, 0 unparsed)
    PROCS     20   lifecycle shells 8
    ⛔ 3 paths with an UNRESOLVED dirfd — kept, marked, never guessed
    unsubscribed/unmapped syscalls: setsockopt×23 getsockname×21 exit×15 getsockopt×7 recvmsg×7 getcwd×4 socketpair×3 shutdown×3
    wrote /home/runner/v2-jlNgGq/observe/events.ndjson.gz (31405 bytes)
  EVENTLOG-FILE /home/runner/v2-jlNgGq/observe/events.ndjson.gz
  EVENTLOG-STATS {"lines":10800,"parsed":10754,"unparsed":0,"unfinished":23,"rejoined":23,"unresolvedDirfd":3,"truncatedArg":0,"procs":20,"lifecyclePids":8,"distinctEvents":4429,"unknownSyscall":{"getsockname":21,"getsockopt":7,"getcwd":4,"recvmsg":7,"exit":15,"setsockopt":23,"sendmmsg":1,"socketpair":3,"shutdown":3,"exit_group":3,"wait4":3},"out":"/home/runner/v2-jlNgGq/observe/events.ndjson.gz","gzipBytes":31405}
  EVICT     0 store entries removed, 0 spared as nub tooling
  SE-PURGE  0 side-effects-cache entries for @ibm/plex
OSV-SCREEN {"schemaVersion":1,"kind":"nub-synth-resolved","status":"clean","digest":"f7abbb0af51b462747e52ced066df037e97b099366750b62b05d46afefa8327f","specCount":2,"lockfiles":{"digest":"2a4d8bb2c47e483299ad3e151c4a7ad6a9fa95b34c8be1e4f78f73720b53975a","files":[{"path":"nub.lock","sha256":"59cdfb02312272fd3cdf6bc891beceaeac03e7c3ce1519ee2d7a02ebedb4117a","bytes":647}]},"maliciousAdvisories":[],"screenedAt":"2026-09-08T07:24:14.892Z","cacheHit":true,"clearancePath":"/home/runner/v2-jlNgGq/security/nub-synth-resolved.json"}
  SECURITY nub-synth-resolved clean: 2 exact package-version(s), tree f7abbb0af51b (cached exact-tree clearance)
  VENUE-STORE-LAYOUT isolated
  VERIFY[synth] rc=0 artifacts=10308/10308 missing=0 shortfall=none (tree 30955/10319) OVERRIDDEN=3 REJECTED=0 grant={}
  => VERIFIED {}   (observed, then verified)
  DESCEND   grant is already empty — nothing to narrow; MINIMAL by construction.
