### @nestjs/core@12.0.1   (/home/runner/v2-qsjDIW)
  CI-ENV scrubbed: CI GITHUB_ACTIONS
OSV-SCREEN {"schemaVersion":1,"kind":"direct","status":"clean","digest":"0c34427dbf0093a335a27e06395244a9add5e29686902de2f0aa6b6ffee7c5b8","specCount":1,"lockfiles":{"digest":null,"files":[]},"maliciousAdvisories":[],"screenedAt":"2026-09-09T05:57:43.029Z","cacheHit":false,"clearancePath":"/home/runner/v2-qsjDIW/security/direct.json"}
  SECURITY direct clean: 1 exact package-version(s), tree 0c34427dbf00
  VENUE-OBSERVE-USER {"uid":1001,"user":"runner","umask":"0022","capBnd":"000001ffffffffff","noNewPrivs":"0"}
  VENUE-NUB-BINARY {"path":"/tmp/nub/target/release/nub","sha256":"2a18683f50f7afeb02a521cd3cae175dc2f91780d461c5f012065241f5a1447b","bytes":207643464,"features":{"buildJailCatalogOverride":true,"pythonDontWriteBytecodeEnv":true}}
OSV-SCREEN {"schemaVersion":1,"kind":"npm-observe-resolved","status":"clean","digest":"a9a45e59fd7bc06f9d2c400d51b01f0a0859776fdc9907b269883fb212fdd5d0","specCount":22,"lockfiles":{"digest":"a988acc5f8f025e1c70c69b6bd32cf82d1b52bb3a4d2f1defa18bf99bdb211fc","files":[{"path":"package-lock.json","sha256":"eee00b2f439d2680d065c734fb50c292fe526aa43cc8c9f28dddb35fd7daa010","bytes":11082}]},"maliciousAdvisories":[],"screenedAt":"2026-09-09T05:57:46.471Z","cacheHit":false,"clearancePath":"/home/runner/v2-qsjDIW/security/npm-observe-resolved.json"}
  SECURITY npm-observe-resolved clean: 22 exact package-version(s), tree a9a45e59fd7b
  OBSERVE   rc=0 files=3298 trace=10631 lines
  CLOSURE   22 packages evicted per arm
  ARM-FALSIFIABILITY {"manifestFiles":383,"filesTheScriptProduced":0,"reasons":["gate-vacuous"]}
  ⛔ ARMS-UNFALSIFIABLE — a green arm for this package carries no evidence:
       gate-vacuous: the script changed no file the artifact gate keys on — every file in the manifest (383) was already present at its final size before the script ran, so the gate passes in every arm including a completely broken one
       The grant may still be correct; what is missing is a signal that could have gone
       red. Do not read this record's MINIMAL as a passing measurement.
  RAWLOG-FILE /home/runner/v2-qsjDIW/observe/trace.txt.gz
  RAWLOG-CAPTURE /home/runner/v2-qsjDIW/observe/capture.json
  RAWLOG-BYTES raw=2357648 gz=67145
  VENUE-INTERPRETER /opt/hostedtoolcache/node/22.23.2/x64
  VENUE-OVERRIDES {"set":{"HOME":"/home/runner/v2-qsjDIW/jailhome","TMPDIR":"/tmp/nub-tmp-obshlXOSy","NODE_COMPAT":"1","PLAYWRIGHT_BROWSERS_PATH":"/home/runner/.cache/nub/pm/tools/ms-playwright","ELECTRON_CACHE":"/home/runner/.cache/nub/pm/tools/electron-cache","electron_config_cache":"/home/runner/.cache/nub/pm/tools/electron-cache","npm_config_prefix":"/home/runner/.cache/nub/pm/tools/npm-prefix","PYTHONDONTWRITEBYTECODE":"1","NUB_CACHE_DIR":"/home/runner/v2-qsjDIW/nubcache"},"unset":["CI","GITHUB_ACTIONS"],"passedThrough":{"CI":"true","GITHUB_ACTIONS":"true","NODE_ENV":null}}
  == ATTRIBUTION == attributed pids: 0
    writes  script 0  /  whole traced tree 1088
    sockets script 0  /  whole traced tree 4
    ⛔ NO LIFECYCLE SHELL FOUND — the subtree filter matched nothing, so the grant
       below is EMPTY BY DEFAULT rather than by measurement. Treat it as UNKNOWN.
  == ROOTS (from capture.json — R2: no ambient reads) ==
    project       /home/runner/v2-qsjDIW/observe
    home          /home/runner
    jailHome      /home/runner/v2-qsjDIW/jailhome
    globalStore   /home/runner/.cache/nub/pm/store   [declared, not keyed on]
    projectStore  /home/runner/v2-qsjDIW/observe/node_modules/.store   [declared, not keyed on]
    interpreter   /opt/hostedtoolcache/node/22.23.2/x64   [declared, not keyed on]
    toolsDir      /home/runner/.cache/nub/pm/tools   [declared, not keyed on]
    temp          /tmp/nub-tmp-obshlXOSy
    npmPrefix     /home/runner/.cache/nub/pm/tools/npm-prefix
    ownPkg        /home/runner/v2-qsjDIW/observe/node_modules/@nestjs/core
  == WRITES the script actually performed ==
  == NETWORK ==
    AF_INET sockets: 0   distinct peers: 2
        127.0.0.53:53
        104.16.0.34:443
  == REFUSALS (only `= -1 EACCES/EPERM/EROFS`) ==
    distinct: 0
  == SYNTHESIZED GRANT (verify this in the real unprivileged jail) ==
    {}
  == writePaths (DERIVED — promotion out of the package's PRIVATE home) ==
    private-home writes observed: 0
    none declared — the script wrote nothing into its private home — there is nothing to promote
  == writePaths FEASIBILITY (distinct writes outside project/deps) ==
    count: 0
    EVENTS    4353 distinct from 10593 calls (10632 lines, 26 rejoined, 0 unparsed)
    PROCS     12   lifecycle shells 0
    ⛔ 3 paths with an UNRESOLVED dirfd — kept, marked, never guessed
    unsubscribed/unmapped syscalls: getsockname×17 setsockopt×11 exit×10 recvmsg×7 getsockopt×4 getcwd×2 sendmmsg×1 exit_group×1
    wrote /home/runner/v2-qsjDIW/observe/events.ndjson.gz (30755 bytes)
  EVENTLOG-FILE /home/runner/v2-qsjDIW/observe/events.ndjson.gz
  EVENTLOG-STATS {"lines":10632,"parsed":10593,"unparsed":0,"unfinished":26,"rejoined":26,"unresolvedDirfd":3,"truncatedArg":0,"procs":12,"lifecyclePids":0,"distinctEvents":4353,"unknownSyscall":{"getsockname":17,"getsockopt":4,"getcwd":2,"recvmsg":7,"exit":10,"setsockopt":11,"sendmmsg":1,"exit_group":1},"out":"/home/runner/v2-qsjDIW/observe/events.ndjson.gz","gzipBytes":30755}
  EVICT     6 store entries removed, 0 spared as nub tooling
  SE-PURGE  0 side-effects-cache entries for @nestjs/core
OSV-SCREEN {"schemaVersion":1,"kind":"nub-synth-resolved","status":"clean","digest":"a9a45e59fd7bc06f9d2c400d51b01f0a0859776fdc9907b269883fb212fdd5d0","specCount":22,"lockfiles":{"digest":"9e02dfb66b40f117ddd81a2697d725bef1f20a61f562e07bab7e788c13f6be28","files":[{"path":"nub.lock","sha256":"3aba390a597ed990f2a0ac8c470a8491aac8bcb65a5e98f3edad153e2d8df832","bytes":6469}]},"maliciousAdvisories":[],"screenedAt":"2026-09-09T05:57:46.471Z","cacheHit":true,"clearancePath":"/home/runner/v2-qsjDIW/security/nub-synth-resolved.json"}
  SECURITY nub-synth-resolved clean: 22 exact package-version(s), tree a9a45e59fd7b (cached exact-tree clearance)
  VENUE-STORE-LAYOUT isolated
  VERIFY[synth] rc=0 artifacts=383/383 missing=0 shortfall=none (tree 12293/3298) OVERRIDDEN=3 REJECTED=0 grant={}
  => VERIFIED {}   (observed, then verified)
  DESCEND   grant is already empty — nothing to narrow; MINIMAL by construction.
