### @apollo/rover@0.36.2   (/home/runner/v2-wnnOqB)
  CI-ENV scrubbed: CI GITHUB_ACTIONS
OSV-SCREEN {"schemaVersion":1,"kind":"direct","status":"clean","digest":"401d85a15e8ca51c96715b5efad947d4e3804219831013eb5e694d241925597c","specCount":1,"lockfiles":{"digest":null,"files":[]},"maliciousAdvisories":[],"screenedAt":"2026-09-08T04:49:23.042Z","cacheHit":false,"clearancePath":"/home/runner/v2-wnnOqB/security/direct.json"}
  SECURITY direct clean: 1 exact package-version(s), tree 401d85a15e8c
  VENUE-OBSERVE-USER {"uid":1001,"user":"runner","umask":"0022","capBnd":"000001ffffffffff","noNewPrivs":"0"}
  VENUE-NUB-BINARY {"path":"/tmp/nub/target/release/nub","sha256":"2a18683f50f7afeb02a521cd3cae175dc2f91780d461c5f012065241f5a1447b","bytes":207643464,"features":{"buildJailCatalogOverride":true,"pythonDontWriteBytecodeEnv":true}}
OSV-SCREEN {"schemaVersion":1,"kind":"npm-observe-resolved","status":"clean","digest":"76373db9ee1f2cf5fb4eed8db266b038ff68189cbe709ad7edc9dad7da8240a9","specCount":42,"lockfiles":{"digest":"34dba88b9a114599aba833f9b4210c0a03cb93b65919eb85fb1f912e69884d29","files":[{"path":"package-lock.json","sha256":"6f66ea0fcd900ac7710d3fc648803ede63793e998e405f46bafe1fd9d081950f","bytes":17936}]},"maliciousAdvisories":[],"screenedAt":"2026-09-08T04:49:24.661Z","cacheHit":false,"clearancePath":"/home/runner/v2-wnnOqB/security/npm-observe-resolved.json"}
  SECURITY npm-observe-resolved clean: 42 exact package-version(s), tree 76373db9ee1f
  OBSERVE   rc=0 files=807 trace=11815 lines
  CLOSURE   42 packages evicted per arm
  ARM-FALSIFIABILITY {"manifestFiles":9,"filesTheScriptProduced":3,"reasons":[]}
  RAWLOG-FILE /home/runner/v2-wnnOqB/observe/trace.txt.gz
  RAWLOG-CAPTURE /home/runner/v2-wnnOqB/observe/capture.json
  RAWLOG-BYTES raw=2574240 gz=77412
  VENUE-INTERPRETER /opt/hostedtoolcache/node/22.23.2/x64
  VENUE-OVERRIDES {"set":{"HOME":"/home/runner/v2-wnnOqB/jailhome","TMPDIR":"/tmp/nub-tmp-obsayODsF","NODE_COMPAT":"1","PLAYWRIGHT_BROWSERS_PATH":"/home/runner/.cache/nub/pm/tools/ms-playwright","ELECTRON_CACHE":"/home/runner/.cache/nub/pm/tools/electron-cache","electron_config_cache":"/home/runner/.cache/nub/pm/tools/electron-cache","npm_config_prefix":"/home/runner/.cache/nub/pm/tools/npm-prefix","PYTHONDONTWRITEBYTECODE":"1","NUB_CACHE_DIR":"/home/runner/v2-wnnOqB/nubcache"},"unset":["CI","GITHUB_ACTIONS"],"passedThrough":{"CI":"true","GITHUB_ACTIONS":"true","NODE_ENV":null}}
  == ATTRIBUTION == attributed pids: 18
    writes  script 5  /  whole traced tree 1093
    sockets script 9  /  whole traced tree 15
  == ROOTS (from capture.json — R2: no ambient reads) ==
    project       /home/runner/v2-wnnOqB/observe
    home          /home/runner
    jailHome      /home/runner/v2-wnnOqB/jailhome
    globalStore   /home/runner/.cache/nub/pm/store   [declared, not keyed on]
    projectStore  /home/runner/v2-wnnOqB/observe/node_modules/.store   [declared, not keyed on]
    interpreter   /opt/hostedtoolcache/node/22.23.2/x64   [declared, not keyed on]
    toolsDir      /home/runner/.cache/nub/pm/tools   [declared, not keyed on]
    temp          /tmp/nub-tmp-obsayODsF
    npmPrefix     /home/runner/.cache/nub/pm/tools/npm-prefix
    ownPkg        /home/runner/v2-wnnOqB/observe/node_modules/@apollo/rover
  == WRITES the script actually performed ==
    ownPkg        5  (base profile already grants this — NOT billed)
        /home/runner/v2-wnnOqB/observe/node_modules/@apollo/rover/binary
        /home/runner/v2-wnnOqB/observe/node_modules/@apollo/rover/binary/rover
        /home/runner/v2-wnnOqB/observe/node_modules/@apollo/rover/binary/README.md
        /home/runner/v2-wnnOqB/observe/node_modules/@apollo/rover/binary/LICENSE
        /home/runner/v2-wnnOqB/observe/node_modules/@apollo/rover/binary/rover-0.36.2
  == NETWORK ==
    AF_INET sockets: 9   distinct peers: 3
        127.0.0.53:53
        104.16.3.34:443
        13.52.188.95:443
  == REFUSALS (only `= -1 EACCES/EPERM/EROFS`) ==
    distinct: 0
  == SYNTHESIZED GRANT (verify this in the real unprivileged jail) ==
    {"network":true}
  == writePaths (DERIVED — promotion out of the package's PRIVATE home) ==
    private-home writes observed: 0
    none declared — the script wrote nothing into its private home — there is nothing to promote
  == writePaths FEASIBILITY (distinct writes outside project/deps) ==
    count: 0
    EVENTS    4947 distinct from 11766 calls (11816 lines, 22 rejoined, 0 unparsed)
    PROCS     25   lifecycle shells 13
    ⛔ 3 paths with an UNRESOLVED dirfd — kept, marked, never guessed
    unsubscribed/unmapped syscalls: setsockopt×54 getsockname×39 getsockopt×20 exit×20 recvmsg×13 getcwd×5 sendmmsg×4 socketpair×3
    wrote /home/runner/v2-wnnOqB/observe/events.ndjson.gz (34419 bytes)
  EVENTLOG-FILE /home/runner/v2-wnnOqB/observe/events.ndjson.gz
  EVENTLOG-STATS {"lines":11816,"parsed":11766,"unparsed":0,"unfinished":22,"rejoined":22,"unresolvedDirfd":3,"truncatedArg":0,"procs":25,"lifecyclePids":13,"distinctEvents":4947,"unknownSyscall":{"getsockname":39,"getsockopt":20,"getcwd":5,"recvmsg":13,"exit":20,"setsockopt":54,"sendmmsg":4,"socketpair":3,"shutdown":3,"getpeername":1,"exit_group":3,"wait4":3},"out":"/home/runner/v2-wnnOqB/observe/events.ndjson.gz","gzipBytes":34419}
  EVICT     39 store entries removed, 6 spared as nub tooling
  SE-PURGE  0 side-effects-cache entries for @apollo/rover
OSV-SCREEN {"schemaVersion":1,"kind":"nub-synth-resolved","status":"clean","digest":"76373db9ee1f2cf5fb4eed8db266b038ff68189cbe709ad7edc9dad7da8240a9","specCount":42,"lockfiles":{"digest":"9085f9fc0485d651567342cc95e776790404fc733276f7848114fa7286ada936","files":[{"path":"nub.lock","sha256":"a9190e8aa4719486e7cc56c22307fd9c3a89c2d43d5f76f63a179724e0f9f06b","bytes":10798}]},"maliciousAdvisories":[],"screenedAt":"2026-09-08T04:49:24.661Z","cacheHit":true,"clearancePath":"/home/runner/v2-wnnOqB/security/nub-synth-resolved.json"}
  SECURITY nub-synth-resolved clean: 42 exact package-version(s), tree 76373db9ee1f (cached exact-tree clearance)
  VENUE-STORE-LAYOUT isolated
  VERIFY[synth] rc=0 artifacts=9/9 missing=0 shortfall=none (tree 2649/807) OVERRIDDEN=2 REJECTED=0 grant={"network":true}
  => VERIFIED {"network":true}   (observed, then verified)
  EVICT     36 store entries removed, 6 spared as nub tooling
  SE-PURGE  0 side-effects-cache entries for @apollo/rover
OSV-SCREEN {"schemaVersion":1,"kind":"nub-drop-no-network-resolved","status":"clean","digest":"76373db9ee1f2cf5fb4eed8db266b038ff68189cbe709ad7edc9dad7da8240a9","specCount":42,"lockfiles":{"digest":"9085f9fc0485d651567342cc95e776790404fc733276f7848114fa7286ada936","files":[{"path":"nub.lock","sha256":"a9190e8aa4719486e7cc56c22307fd9c3a89c2d43d5f76f63a179724e0f9f06b","bytes":10798}]},"maliciousAdvisories":[],"screenedAt":"2026-09-08T04:49:24.661Z","cacheHit":true,"clearancePath":"/home/runner/v2-wnnOqB/security/nub-drop-no-network-resolved.json"}
  SECURITY nub-drop-no-network-resolved clean: 42 exact package-version(s), tree 76373db9ee1f (cached exact-tree clearance)
  VERIFY[drop-no-network] rc=1 artifacts=6/9 missing=3 shortfall=ffadfa190320 (tree 2641/807) OVERRIDDEN=2 REJECTED=0 grant={}
       missing: binary/LICENSE, binary/README.md, binary/rover-0.36.2
     'no-network' is NECESSARY — dropping it fails to verify
  => MINIMAL — every capability in {"network":true} is independently necessary
