OSV-SCREEN {"schemaVersion":1,"kind":"direct","status":"clean","digest":"e56cb54c1ed7acdc02b7174f68f618f327ee5d0fb8de4379b7ff3cf1a8dcad22","specCount":1,"lockfiles":{"digest":null,"files":[]},"maliciousAdvisories":[],"screenedAt":"2026-09-08T03:53:00.845Z","cacheHit":false,"clearancePath":"/Users/runner/v2m-58sNMU/security/direct.json"}
  SECURITY direct clean: 1 exact package-version(s), tree e56cb54c1ed7
### posix@4.2.0   (/Users/runner/v2m-58sNMU)   nub=/tmp/nub/target/release/nub
  VENUE-NUB-BINARY {"path":"/tmp/nub/target/release/nub","sha256":"f923f9d246b7061a3e88675efb7b4fdcda741d02368002ce6e7f7044b01e7bbe","bytes":93818888,"features":{"buildJailCatalogOverride":true,"pythonDontWriteBytecodeEnv":true}}
  CI-ENV scrubbed: CI GITHUB_ACTIONS
  --- fbt preflight (advisory; never fails the run) ---
     csrutil: System Integrity Protection status: disabled.
     fbt probes visible: 93591
     fbt enable attempt: dtrace: description 'fbt:::entry ' matched 50364 probes CPU     ID                    FUNCTION:NAME 
     cwd builtin value:  
     fbt chdir symbols:  
     fbt fires on spawn-with-cwd: dtrace: invalid probe specifier fbt::chdir*:entry /progenyof($target)/ { @[probefunc] = count(); }: probe description fbt::chdir*:entry does not match any probes 
  --- end fbt preflight ---
OSV-SCREEN {"schemaVersion":1,"kind":"npm-observe-resolved","status":"clean","digest":"914faeaf7e52fa8d26eadfbe89f1c24e7f3fc65fbc6a910bab36fd4ddaf605db","specCount":2,"lockfiles":{"digest":"b7bdc466ad9f9126cd043f132d3910a3ab85fc0d72ae6d355bb5658d2db10f9c","files":[{"path":"package-lock.json","sha256":"db4b2c6040125dc21930cd4988c825a59bb706914a7e13fed02cfc56ac8168fe","bytes":914}]},"maliciousAdvisories":[],"screenedAt":"2026-09-08T03:53:05.375Z","cacheHit":false,"clearancePath":"/Users/runner/v2m-58sNMU/security/npm-observe-resolved.json"}
  SECURITY npm-observe-resolved clean: 2 exact package-version(s), tree 914faeaf7e52
  VENUE-CI-CHILD clean (no CI-detection variable reaches the traced script)
  --- wrapper (run.sh) ---
     cd "/Users/runner/v2m-58sNMU/Observe"
     sudo -u "runner" -H env "PATH=$PATH"   "HOME=/Users/runner/v2m-58sNMU/jailhome"   "TMPDIR=/private/var/folders/bl/vzjcvbz95c3dk19cb0fw46180000gn/T/nub-tmp-obsQpM6ID"   "NODE_COMPAT=1"   "PYTHONDONTWRITEBYTECODE=1"   "PLAYWRIGHT_BROWSERS_PATH=/Users/runner/.cache/nub/pm/tools/ms-playwright"   "ELECTRON_CACHE=/Users/runner/.cache/nub/pm/tools/electron-cache"   "electron_config_cache=/Users/runner/.cache/nub/pm/tools/electron-cache"   "npm_config_prefix=/Users/runner/.cache/nub/pm/tools/npm-prefix"   "/Users/runner/hostedtoolcache/node/22.23.2/arm64/bin/npm" rebuild --no-audit --no-fund "posix" > "/Users/runner/v2m-58sNMU/Observe/npm.log" 2>&1
     echo $? > "/Users/runner/v2m-58sNMU/Observe/rc"
  --- dtrace stderr + wrapper trace ---
     + cd /Users/runner/v2m-58sNMU/Observe
     + sudo -u runner -H env PATH=/Users/runner/hostedtoolcache/node/22.23.2/arm64/bin:/opt/homebrew/lib/ruby/gems/3.3.0/bin:/opt/homebrew/opt/ruby@3.3/bin:/Users/runner/.local/bin:/opt/homebrew/bin:/opt/homebrew/sbin:/Users/runner/.cargo/bin:/usr/local/opt/curl/bin:/usr/local/bin:/usr/local/sbin:/Users/runner/bin:/Users/runner/.yarn/bin:/Users/runner/Library/Android/sdk/tools:/Users/runner/Library/Android/sdk/platform-tools:/Library/Frameworks/Python.framework/Versions/Current/bin:/Library/Frameworks/Mono.framework/Versions/Current/Commands:/usr/bin:/bin:/usr/sbin:/sbin:/Users/runner/.dotnet/tools HOME=/Users/runner/v2m-58sNMU/jailhome TMPDIR=/private/var/folders/bl/vzjcvbz95c3dk19cb0fw46180000gn/T/nub-tmp-obsQpM6ID NODE_COMPAT=1 PYTHONDONTWRITEBYTECODE=1 PLAYWRIGHT_BROWSERS_PATH=/Users/runner/.cache/nub/pm/tools/ms-playwright ELECTRON_CACHE=/Users/runner/.cache/nub/pm/tools/electron-cache electron_config_cache=/Users/runner/.cache/nub/pm/tools/electron-cache npm_config_prefix=/Users/runner/.cache/nub/pm/tools/npm-prefix /Users/runner/hostedtoolcache/node/22.23.2/arm64/bin/npm rebuild --no-audit --no-fund posix
     dtrace: error on enabled probe ID 128 (ID 286: syscall::execve:entry): invalid address (0x6000039b50e0) in action #1 at DIF offset 20
     dtrace: error on enabled probe ID 128 (ID 286: syscall::execve:entry): invalid address (0x60000360c0e0) in action #5 at DIF offset 88
     dtrace: error on enabled probe ID 128 (ID 286: syscall::execve:entry): invalid address (0x656d616e75) in action #6 at DIF offset 88
     dtrace: error on enabled probe ID 128 (ID 286: syscall::execve:entry): invalid address (0x656d616e75) in action #6 at DIF offset 88
     dtrace: error on enabled probe ID 128 (ID 286: syscall::execve:entry): invalid address (0x656d616e75) in action #6 at DIF offset 88
     dtrace: error on enabled probe ID 128 (ID 286: syscall::execve:entry): invalid address (0x656d616e75) in action #6 at DIF offset 88
     dtrace: error on enabled probe ID 128 (ID 286: syscall::execve:entry): invalid address (0x656d616e75) in action #6 at DIF offset 88
     dtrace: error on enabled probe ID 128 (ID 286: syscall::execve:entry): invalid address (0x656d616e75) in action #6 at DIF offset 88
     dtrace: error on enabled probe ID 128 (ID 286: syscall::execve:entry): invalid address (0x656d616e75) in action #6 at DIF offset 88
     dtrace: error on enabled probe ID 128 (ID 286: syscall::execve:entry): invalid address (0x656d616e75) in action #6 at DIF offset 88
     dtrace: error on enabled probe ID 128 (ID 286: syscall::execve:entry): invalid address (0x656d616e75) in action #6 at DIF offset 88
     dtrace: error on enabled probe ID 128 (ID 286: syscall::execve:entry): invalid address (0x656d616e75) in action #6 at DIF offset 88
     dtrace: error on enabled probe ID 128 (ID 286: syscall::execve:entry): invalid address (0x656d616e75) in action #6 at DIF offset 88
     dtrace: error on enabled probe ID 128 (ID 286: syscall::execve:entry): invalid address (0x656d616e75) in action #6 at DIF offset 88
     dtrace: error on enabled probe ID 128 (ID 286: syscall::execve:entry): invalid address (0x656d616e75) in action #6 at DIF offset 88
     dtrace: error on enabled probe ID 128 (ID 286: syscall::execve:entry): invalid address (0x656d616e75) in action #6 at DIF offset 88
     dtrace: error on enabled probe ID 128 (ID 286: syscall::execve:entry): invalid address (0x656d616e75) in action #6 at DIF offset 88
     dtrace: error on enabled probe ID 128 (ID 286: syscall::execve:entry): invalid address (0x656d616e75) in action #6 at DIF offset 88
     dtrace: error on enabled probe ID 128 (ID 286: syscall::execve:entry): invalid address (0x656d616e75) in action #6 at DIF offset 88
     dtrace: error on enabled probe ID 128 (ID 286: syscall::execve:entry): invalid address (0x656d616e75) in action #6 at DIF offset 88
     dtrace: error on enabled probe ID 128 (ID 286: syscall::execve:entry): invalid address (0x656d616e75) in action #6 at DIF offset 88
     dtrace: error on enabled probe ID 128 (ID 286: syscall::execve:entry): invalid address (0x656d616e75) in action #6 at DIF offset 88
     dtrace: error on enabled probe ID 128 (ID 286: syscall::execve:entry): invalid address (0x656d616e75) in action #6 at DIF offset 88
     dtrace: error on enabled probe ID 128 (ID 286: syscall::execve:entry): invalid address (0x656d616e75) in action #6 at DIF offset 88
     dtrace: error on enabled probe ID 128 (ID 286: syscall::execve:entry): invalid address (0x656d616e75) in action #6 at DIF offset 88
     dtrace: error on enabled probe ID 128 (ID 286: syscall::execve:entry): invalid address (0x656d616e75) in action #6 at DIF offset 88
     dtrace: error on enabled probe ID 128 (ID 286: syscall::execve:entry): invalid address (0x656d616e75) in action #6 at DIF offset 88
     dtrace: error on enabled probe ID 128 (ID 286: syscall::execve:entry): invalid address (0x10169d1f0) in action #1 at DIF offset 20
  OBSERVE   rc=0 dtrace_rc=0 files=91 (pre=80) trace=101115 lines
  CLOSURE   2 packages evicted per arm   store=/Users/runner/.cache/nub/pm/store
  RAWLOG-FILE /Users/runner/v2m-58sNMU/Observe/trace.txt.gz
  RAWLOG-CAPTURE /Users/runner/v2m-58sNMU/Observe/capture.json
  RAWLOG-BYTES raw=17676891 gz=527097
  VENUE-INTERPRETER /Users/runner/hostedtoolcache/node/22.23.2/arm64
  VENUE-OVERRIDES {"set":{"PATH":"inherited-and-forwarded","HOME":"/Users/runner/v2m-58sNMU/jailhome","TMPDIR":"/private/var/folders/bl/vzjcvbz95c3dk19cb0fw46180000gn/T/nub-tmp-obsQpM6ID","NODE_COMPAT":"1","PYTHONDONTWRITEBYTECODE":"1","PLAYWRIGHT_BROWSERS_PATH":"/Users/runner/.cache/nub/pm/tools/ms-playwright","ELECTRON_CACHE":"/Users/runner/.cache/nub/pm/tools/electron-cache","electron_config_cache":"/Users/runner/.cache/nub/pm/tools/electron-cache","npm_config_prefix":"/Users/runner/.cache/nub/pm/tools/npm-prefix"},"unset":["(sudo env_reset discards the caller environment; every var above is re-set after it)","CI","GITHUB_ACTIONS"],"passedThrough":{"CI":"true","GITHUB_ACTIONS":"true","NODE_ENV":null}}
  VENUE-OBSERVE-USER runner uid=501 (R7: ordinary non-root user, asserted)
  ARM-FALSIFIABILITY {"manifestFiles":33,"filesTheScriptProduced":9,"reasons":[]}
  EVENTLOG-FILE /Users/runner/v2m-58sNMU/Observe/events.ndjson.gz
  EVENTLOG-STATS {"lines":101116,"parsed":101035,"unparsed":0,"live":true,"tracerErrors":34,"tracerErrorTotal":34,"unresolvedDirfd":192,"unresolvedFd":0,"pairedTwoPath":543,"danglingPair":0,"failed":33476,"enoent":12436,"refusals":0,"byErrno":{"ENXIO":17,"ENOENT":12436,"EINVAL":4,"EEXIST":20418,"ENOTEMPTY":601},"procs":38,"lifecyclePids":14,"distinctEvents":48758,"emitted":48758,"calls":100353,"bytes":10518975,"gzipBytes":261398,"out":"/Users/runner/v2m-58sNMU/Observe/events.ndjson"}
  == TRACER == live=true decodable-events=41935 dropped-events=34
    NOTE 128 relative path(s) under a non-AT_FDCWD dirfd were not
       scope-assigned: resolving them against the cwd would invent a path.
    ⛔ CWD-UNOBSERVED 89 relative path(s) (6 write(s)) came from a lifecycle
       process whose own cwd was never observed
       macOS spawns with posix_spawn addchdir_np, which changes directory in-kernel and
       emits no chdir syscall, so the inherited cwd cannot be trusted. These are NOT
       scope-assigned; the grant below is WIDENED instead so it covers wherever they landed.
         pid=12927 read  unproven .
         pid=12928 read  unproven .
         pid=12942 read  unproven .
         pid=12943 read  unproven .
         pid=13100 read  unproven .
         pid=13100 read  unproven .
         pid=13100 read  unproven .
         pid=13100 read  unproven .
         pid=13100 read  unproven .
         pid=13100 read  unproven .
         … and 79 more
    CWD-UNPLACEABLE-WRITES ["./Release/.deps/Release/obj.target/posix/src/posix.o.d.raw","Release","Release/obj.target","Release/obj.target/posix","Release/obj.target/posix/src"]
    CWD-RESOLVED 19 relative path(s) placed against the package dir
       and CONFIRMED by an artifact present after the run — not assumed.
    ⛔ THE TRACER DROPPED 34 EVENT(S). A dropped event is a path never
       seen, so the grant below can only be too NARROW — the direction that breaks installs.
       Treat it as a FLOOR, not a measurement, until the adapter fault is fixed:
            25 x  epid=128 action=6 fault=1 addr=0x656d616e75
             5 x  epid=128 action=1 fault=1 addr=0x1012fe160
             1 x  epid=128 action=1 fault=1 addr=0x6000039b50e0
             1 x  epid=128 action=5 fault=1 addr=0x60000360c0e0
             1 x  epid=128 action=1 fault=1 addr=0x10169d1f0
             1 x  epid=8 action=9 fault=1 addr=0x600002641800
  == ATTRIBUTION == lifecycle pids: 14
    writes  script 6677  /  whole traced subtree 7767
    sockets script 1  /  whole traced subtree 2
  == ROOTS (from /Users/runner/v2m-58sNMU/Observe/capture.json; the classifier reads no other source) ==
    project       /Users/runner/v2m-58sNMU/Observe
    home          /Users/runner
    jailHome      /Users/runner/v2m-58sNMU/jailhome
    globalStore   /Users/runner/.cache/nub/pm/store
    projectStore  /Users/runner/v2m-58sNMU/Observe/node_modules/.store
    interpreter   /Users/runner/hostedtoolcache/node/22.23.2/arm64
    toolsDir      /Users/runner/.cache/nub/pm/tools
    temp          /private/var/folders/bl/vzjcvbz95c3dk19cb0fw46180000gn/T/nub-tmp-obsQpM6ID
    npmPrefix     /Users/runner/.cache/nub/pm/tools/npm-prefix
    ownPkg        /Users/runner/v2m-58sNMU/Observe/node_modules/posix
    cwd           (null — this platform has no such root)
  == WRITES the script actually performed ==
    systemfs      1
        /dev/dtracehelper
    jailHome   3329  (base profile already grants this — NOT billed)
        /Users/runner/v2m-58sNMU/jailhome/Library
        /Users/runner/v2m-58sNMU/jailhome/Library/Caches
        /Users/runner/v2m-58sNMU/jailhome/Library/Caches/node-gyp
        /Users/runner/v2m-58sNMU/jailhome/Library/Caches/node-gyp/22.23.2
        /Users/runner/v2m-58sNMU/jailhome/Library/Caches/node-gyp/22.23.2/include
        /Users/runner/v2m-58sNMU/jailhome/Library/Caches/node-gyp/22.23.2/include/node
        /Users/runner/v2m-58sNMU/jailhome/Library/Caches/node-gyp/22.23.2/include/node/common.gypi
        /Users/runner/v2m-58sNMU/jailhome/Library/Caches/node-gyp/22.23.2/include/node/config.gypi
        /Users/runner/v2m-58sNMU/jailhome/Library/Caches/node-gyp/22.23.2/include/node/cppgc
        /Users/runner/v2m-58sNMU/jailhome/Library/Caches/node-gyp/22.23.2/include/node/cppgc/allocation.h
        … and 3319 more
    jailTmp    3326  (base profile already grants this — NOT billed)
        /private/var/folders/bl/vzjcvbz95c3dk19cb0fw46180000gn/T/nub-tmp-obsQpM6ID/node-gyp-tmp-JaveFu
        /private/var/folders/bl/vzjcvbz95c3dk19cb0fw46180000gn/T/nub-tmp-obsQpM6ID/node-gyp-tmp-JaveFu/include
        /private/var/folders/bl/vzjcvbz95c3dk19cb0fw46180000gn/T/nub-tmp-obsQpM6ID/node-gyp-tmp-JaveFu/include/node
        /private/var/folders/bl/vzjcvbz95c3dk19cb0fw46180000gn/T/nub-tmp-obsQpM6ID/node-gyp-tmp-JaveFu/include/node/v8-locker.h
        /private/var/folders/bl/vzjcvbz95c3dk19cb0fw46180000gn/T/nub-tmp-obsQpM6ID/node-gyp-tmp-JaveFu/include/node/zconf.h
        /private/var/folders/bl/vzjcvbz95c3dk19cb0fw46180000gn/T/nub-tmp-obsQpM6ID/node-gyp-tmp-JaveFu/include/node/v8config.h
        /private/var/folders/bl/vzjcvbz95c3dk19cb0fw46180000gn/T/nub-tmp-obsQpM6ID/node-gyp-tmp-JaveFu/include/node/common.gypi
        /private/var/folders/bl/vzjcvbz95c3dk19cb0fw46180000gn/T/nub-tmp-obsQpM6ID/node-gyp-tmp-JaveFu/include/node/v8-object.h
        /private/var/folders/bl/vzjcvbz95c3dk19cb0fw46180000gn/T/nub-tmp-obsQpM6ID/node-gyp-tmp-JaveFu/include/node/v8-forward.h
        /private/var/folders/bl/vzjcvbz95c3dk19cb0fw46180000gn/T/nub-tmp-obsQpM6ID/node-gyp-tmp-JaveFu/include/node/v8-profiler.h
        … and 3316 more
    ownPkg       19  (base profile already grants this — NOT billed)
        /Users/runner/v2m-58sNMU/Observe/node_modules/posix/build
        /Users/runner/v2m-58sNMU/Observe/node_modules/posix/build/config.gypi
        /Users/runner/v2m-58sNMU/Observe/node_modules/posix/build/Makefile
        /Users/runner/v2m-58sNMU/Observe/node_modules/posix/build/gyp-mac-tool
        /Users/runner/v2m-58sNMU/Observe/node_modules/posix/build/posix.target.mk
        /Users/runner/v2m-58sNMU/Observe/node_modules/posix/build/binding.Makefile
        /Users/runner/v2m-58sNMU/Observe/node_modules/posix/build/node_gyp_bins
        /Users/runner/v2m-58sNMU/Observe/node_modules/posix/build/node_gyp_bins/python3
        /Users/runner/v2m-58sNMU/Observe/node_modules/posix/build/Release/.deps
        /Users/runner/v2m-58sNMU/Observe/node_modules/posix/build/Release/.deps/Release
        … and 9 more
    outside       2
        /var/folders/bl/vzjcvbz95c3dk19cb0fw46180000gn/T/xcrun_db-dfltVaEU
        /var/folders/bl/vzjcvbz95c3dk19cb0fw46180000gn/T/xcrun_db
  == READS the script performed, by scope ==
    outside    1105
    systemfs    617
    userHome    307
    bytecode    107
    ownPkg        8
    jailTmp    3326
    jailHome     65
    deps          2
        outside: /
        outside: /bin/bash
        outside: /bin
        outside: /usr/bin/env
        outside: /usr/bin
        outside: /bin/sh
        outside: /var/db/timezone/icutz/icutz44l.dat
        outside: /etc/localtime
        outside: /var/db/timezone/zoneinfo/posixrules
        outside: /opt/homebrew/Cellar/python@3.14/3.14.7/Frameworks/Python.framework/Versions/3.14/bin/python3.14
  == NETWORK ==
    AF_INET connects: 1   distinct peers: 1
        104.16.213.131:443
  == REFUSALS (errno EPERM/EACCES/EROFS only; ENOENT is a miss, not a denial) ==
    distinct: 0
  == SYNTHESIZED GRANT (verify this in the real unprivileged jail) ==
    {"write":{"deps":true,"project":true},"network":true,"writePaths":["Library/Caches/node-gyp"]}
    ⛔ 2 writes OUTSIDE project/home — no scope covers these; inspect before granting
  == writePaths (DERIVED — promotion out of the package's PRIVATE home) ==
    private-home writes observed: 3329
        Library/Caches/node-gyp
  == writePaths FEASIBILITY (distinct writes outside project/deps) ==
    count: 2
        /var/folders/bl/vzjcvbz95c3dk19cb0fw46180000gn/T/xcrun_db-dfltVaEU
        /var/folders/bl/vzjcvbz95c3dk19cb0fw46180000gn/T/xcrun_db
  EVICT[synth] 0 store entries removed, 0 spared as nub tooling, 191 in store
OSV-SCREEN {"schemaVersion":1,"kind":"nub-synth-resolved","status":"clean","digest":"914faeaf7e52fa8d26eadfbe89f1c24e7f3fc65fbc6a910bab36fd4ddaf605db","specCount":2,"lockfiles":{"digest":"0d722e67a374b41a7dd441011953e8f3b75cc1f742f0b547155a1d6b80a294d2","files":[{"path":"nub.lock","sha256":"95a37500dad375ee6bec6d35e825e7a33312469c0cc625c9ab255bdcc0723666","bytes":597}]},"maliciousAdvisories":[],"screenedAt":"2026-09-08T03:53:05.375Z","cacheHit":true,"clearancePath":"/Users/runner/v2m-58sNMU/security/nub-synth-resolved.json"}
  SECURITY nub-synth-resolved clean: 2 exact package-version(s), tree 914faeaf7e52 (cached exact-tree clearance)
  VENUE-STORE-LAYOUT isolated
  VERIFY[synth] rc=0 artifacts=33/33 missing=0 shortfall=none (tree 257/91) OVERRIDDEN=3 REJECTED=0 grant={"write":{"deps":true,"project":true},"network":true,"writePaths":["Library/Caches/node-gyp"]}
  => VERIFIED {"write":{"deps":true,"project":true},"network":true,"writePaths":["Library/Caches/node-gyp"]}
  EVICT[nar-no-network] 2 store entries removed, 0 spared as nub tooling, 193 in store
OSV-SCREEN {"schemaVersion":1,"kind":"nub-nar-no-network-resolved","status":"clean","digest":"914faeaf7e52fa8d26eadfbe89f1c24e7f3fc65fbc6a910bab36fd4ddaf605db","specCount":2,"lockfiles":{"digest":"0d722e67a374b41a7dd441011953e8f3b75cc1f742f0b547155a1d6b80a294d2","files":[{"path":"nub.lock","sha256":"95a37500dad375ee6bec6d35e825e7a33312469c0cc625c9ab255bdcc0723666","bytes":597}]},"maliciousAdvisories":[],"screenedAt":"2026-09-08T03:53:05.375Z","cacheHit":true,"clearancePath":"/Users/runner/v2m-58sNMU/security/nub-nar-no-network-resolved.json"}
  SECURITY nub-nar-no-network-resolved clean: 2 exact package-version(s), tree 914faeaf7e52 (cached exact-tree clearance)
  VERIFY[nar-no-network] rc=0 artifacts=33/33 missing=0 shortfall=none (tree 257/91) OVERRIDDEN=3 REJECTED=0 grant={"write":{"deps":true,"project":true},"writePaths":["Library/Caches/node-gyp"]}
     ⛔ OVER-PREDICTED — the strictly narrower {"write":{"deps":true,"project":true},"writePaths":["Library/Caches/node-gyp"]} also verifies; 'no-network' was not needed
  EVICT[nar-no-write-deps] 2 store entries removed, 0 spared as nub tooling, 193 in store
OSV-SCREEN {"schemaVersion":1,"kind":"nub-nar-no-write-deps-resolved","status":"clean","digest":"914faeaf7e52fa8d26eadfbe89f1c24e7f3fc65fbc6a910bab36fd4ddaf605db","specCount":2,"lockfiles":{"digest":"0d722e67a374b41a7dd441011953e8f3b75cc1f742f0b547155a1d6b80a294d2","files":[{"path":"nub.lock","sha256":"95a37500dad375ee6bec6d35e825e7a33312469c0cc625c9ab255bdcc0723666","bytes":597}]},"maliciousAdvisories":[],"screenedAt":"2026-09-08T03:53:05.375Z","cacheHit":true,"clearancePath":"/Users/runner/v2m-58sNMU/security/nub-nar-no-write-deps-resolved.json"}
  SECURITY nub-nar-no-write-deps-resolved clean: 2 exact package-version(s), tree 914faeaf7e52 (cached exact-tree clearance)
  VERIFY[nar-no-write-deps] rc=0 artifacts=33/33 missing=0 shortfall=none (tree 257/91) OVERRIDDEN=3 REJECTED=0 grant={"write":{"project":true},"network":true,"writePaths":["Library/Caches/node-gyp"]}
     ⛔ OVER-PREDICTED — the strictly narrower {"write":{"project":true},"network":true,"writePaths":["Library/Caches/node-gyp"]} also verifies; 'no-write-deps' was not needed
  EVICT[nar-no-write-project] 2 store entries removed, 0 spared as nub tooling, 193 in store
OSV-SCREEN {"schemaVersion":1,"kind":"nub-nar-no-write-project-resolved","status":"clean","digest":"914faeaf7e52fa8d26eadfbe89f1c24e7f3fc65fbc6a910bab36fd4ddaf605db","specCount":2,"lockfiles":{"digest":"0d722e67a374b41a7dd441011953e8f3b75cc1f742f0b547155a1d6b80a294d2","files":[{"path":"nub.lock","sha256":"95a37500dad375ee6bec6d35e825e7a33312469c0cc625c9ab255bdcc0723666","bytes":597}]},"maliciousAdvisories":[],"screenedAt":"2026-09-08T03:53:05.375Z","cacheHit":true,"clearancePath":"/Users/runner/v2m-58sNMU/security/nub-nar-no-write-project-resolved.json"}
  SECURITY nub-nar-no-write-project-resolved clean: 2 exact package-version(s), tree 914faeaf7e52 (cached exact-tree clearance)
  VERIFY[nar-no-write-project] rc=0 artifacts=33/33 missing=0 shortfall=none (tree 257/91) OVERRIDDEN=3 REJECTED=0 grant={"write":{"deps":true},"network":true,"writePaths":["Library/Caches/node-gyp"]}
     ⛔ OVER-PREDICTED — the strictly narrower {"write":{"deps":true},"network":true,"writePaths":["Library/Caches/node-gyp"]} also verifies; 'no-write-project' was not needed
  EVICT[joint-narrow] 2 store entries removed, 0 spared as nub tooling, 193 in store
OSV-SCREEN {"schemaVersion":1,"kind":"nub-joint-narrow-resolved","status":"clean","digest":"914faeaf7e52fa8d26eadfbe89f1c24e7f3fc65fbc6a910bab36fd4ddaf605db","specCount":2,"lockfiles":{"digest":"0d722e67a374b41a7dd441011953e8f3b75cc1f742f0b547155a1d6b80a294d2","files":[{"path":"nub.lock","sha256":"95a37500dad375ee6bec6d35e825e7a33312469c0cc625c9ab255bdcc0723666","bytes":597}]},"maliciousAdvisories":[],"screenedAt":"2026-09-08T03:53:05.375Z","cacheHit":true,"clearancePath":"/Users/runner/v2m-58sNMU/security/nub-joint-narrow-resolved.json"}
  SECURITY nub-joint-narrow-resolved clean: 2 exact package-version(s), tree 914faeaf7e52 (cached exact-tree clearance)
  VERIFY[joint-narrow] rc=0 artifacts=33/33 missing=0 shortfall=none (tree 257/91) OVERRIDDEN=3 REJECTED=0 grant={"writePaths":["Library/Caches/node-gyp"]}
  => JOINT-NARROW VERIFIED {"writePaths":["Library/Caches/node-gyp"]} — all 3 capabilities drop TOGETHER, measured
### DONE posix@4.2.0  synthesized={"write":{"deps":true,"project":true},"network":true,"writePaths":["Library/Caches/node-gyp"]} verified=1
