OSV-SCREEN {"schemaVersion":1,"kind":"direct","status":"clean","digest":"f2b4e33a2bb11691213628ff78de0117aed499e94d755343b463bb80bee3055a","specCount":1,"lockfiles":{"digest":null,"files":[]},"maliciousAdvisories":[],"screenedAt":"2026-09-08T04:41:11.944Z","cacheHit":false,"clearancePath":"/Users/runner/v2m-CyToMN/security/direct.json"}
  SECURITY direct clean: 1 exact package-version(s), tree f2b4e33a2bb1
### @sitespeed.io/edgedriver@95.0.1020-30   (/Users/runner/v2m-CyToMN)   nub=/tmp/nub/target/release/nub
  VENUE-NUB-BINARY {"path":"/tmp/nub/target/release/nub","sha256":"f923f9d246b7061a3e88675efb7b4fdcda741d02368002ce6e7f7044b01e7bbe","bytes":93818888,"features":{"buildJailCatalogOverride":true,"pythonDontWriteBytecodeEnv":true}}
  CI-ENV scrubbed: CI GITHUB_ACTIONS
  --- fbt preflight (advisory; never fails the run) ---
     csrutil: System Integrity Protection status: disabled.
     fbt probes visible: 93591
     fbt enable attempt: dtrace: description 'fbt:::entry ' matched 50364 probes CPU     ID                    FUNCTION:NAME 
     cwd builtin value:  
     fbt chdir symbols:  
     fbt fires on spawn-with-cwd: dtrace: invalid probe specifier fbt::chdir*:entry /progenyof($target)/ { @[probefunc] = count(); }: probe description fbt::chdir*:entry does not match any probes 
  --- end fbt preflight ---
OSV-SCREEN {"schemaVersion":1,"kind":"npm-observe-resolved","status":"clean","digest":"0d336678bafca65d3f16a90ba8c77fdf29c4b010113927eb1e01fa61404a2cee","specCount":3,"lockfiles":{"digest":"815a85622e1411580f3a9dccc8055a7b72262f280580321f8c0cd95acf178558","files":[{"path":"package-lock.json","sha256":"168afef8e640b289a8b53c8eb3b79fa51c8490e2251e1eea1fecb51735dd9a68","bytes":1570}]},"maliciousAdvisories":[],"screenedAt":"2026-09-08T04:41:16.836Z","cacheHit":false,"clearancePath":"/Users/runner/v2m-CyToMN/security/npm-observe-resolved.json"}
  SECURITY npm-observe-resolved clean: 3 exact package-version(s), tree 0d336678bafc
  VENUE-CI-CHILD clean (no CI-detection variable reaches the traced script)
  --- wrapper (run.sh) ---
     cd "/Users/runner/v2m-CyToMN/Observe"
     sudo -u "runner" -H env "PATH=$PATH"   "HOME=/Users/runner/v2m-CyToMN/jailhome"   "TMPDIR=/private/var/folders/bl/vzjcvbz95c3dk19cb0fw46180000gn/T/nub-tmp-obs1sPZzG"   "NODE_COMPAT=1"   "PYTHONDONTWRITEBYTECODE=1"   "PLAYWRIGHT_BROWSERS_PATH=/Users/runner/.cache/nub/pm/tools/ms-playwright"   "ELECTRON_CACHE=/Users/runner/.cache/nub/pm/tools/electron-cache"   "electron_config_cache=/Users/runner/.cache/nub/pm/tools/electron-cache"   "npm_config_prefix=/Users/runner/.cache/nub/pm/tools/npm-prefix"   "/Users/runner/hostedtoolcache/node/22.23.2/arm64/bin/npm" rebuild --no-audit --no-fund "@sitespeed.io/edgedriver" > "/Users/runner/v2m-CyToMN/Observe/npm.log" 2>&1
     echo $? > "/Users/runner/v2m-CyToMN/Observe/rc"
  --- dtrace stderr + wrapper trace ---
     + cd /Users/runner/v2m-CyToMN/Observe
     + sudo -u runner -H env PATH=/Users/runner/hostedtoolcache/node/22.23.2/arm64/bin:/opt/homebrew/lib/ruby/gems/3.3.0/bin:/opt/homebrew/opt/ruby@3.3/bin:/Users/runner/.local/bin:/opt/homebrew/bin:/opt/homebrew/sbin:/Users/runner/.cargo/bin:/usr/local/opt/curl/bin:/usr/local/bin:/usr/local/sbin:/Users/runner/bin:/Users/runner/.yarn/bin:/Users/runner/Library/Android/sdk/tools:/Users/runner/Library/Android/sdk/platform-tools:/Library/Frameworks/Python.framework/Versions/Current/bin:/Library/Frameworks/Mono.framework/Versions/Current/Commands:/usr/bin:/bin:/usr/sbin:/sbin:/Users/runner/.dotnet/tools HOME=/Users/runner/v2m-CyToMN/jailhome TMPDIR=/private/var/folders/bl/vzjcvbz95c3dk19cb0fw46180000gn/T/nub-tmp-obs1sPZzG NODE_COMPAT=1 PYTHONDONTWRITEBYTECODE=1 PLAYWRIGHT_BROWSERS_PATH=/Users/runner/.cache/nub/pm/tools/ms-playwright ELECTRON_CACHE=/Users/runner/.cache/nub/pm/tools/electron-cache electron_config_cache=/Users/runner/.cache/nub/pm/tools/electron-cache npm_config_prefix=/Users/runner/.cache/nub/pm/tools/npm-prefix /Users/runner/hostedtoolcache/node/22.23.2/arm64/bin/npm rebuild --no-audit --no-fund @sitespeed.io/edgedriver
     dtrace: error on enabled probe ID 128 (ID 286: syscall::execve:entry): invalid address (0x600002e510e0) in action #1 at DIF offset 20
     + echo 1
  OBSERVE   rc=1 dtrace_rc=0 files=26 (pre=24) trace=11943 lines
  => BROKEN-WITHOUT-JAIL-TOO (unjailed control failed rc=1; nothing to measure)
     npm error     at GetAddrInfoReqWrap.onlookupall [as oncomplete] (node:dns:122:26) {
     npm error   errno: -3008,
     npm error   code: 'ENOTFOUND',
     npm error   syscall: 'getaddrinfo',
     npm error   hostname: 'msedgedriver.azureedge.net'
     npm error }
     npm error node:internal/process/promises:394
     npm error     triggerUncaughtException(err, true /* fromPromise */);
     npm error     ^
     npm error
     npm error Error: getaddrinfo ENOTFOUND msedgedriver.azureedge.net
     npm error     at GetAddrInfoReqWrap.onlookupall [as oncomplete] (node:dns:122:26) {
     npm error   errno: -3008,
     npm error   code: 'ENOTFOUND',
     npm error   syscall: 'getaddrinfo',
     npm error   hostname: 'msedgedriver.azureedge.net'
     npm error }
     npm error
     npm error Node.js v22.23.2
     npm error A complete log of this run can be found in: /Users/runner/v2m-CyToMN/jailhome/.npm/_logs/2026-09-08T04_41_18_632Z-debug-0.log
