### squawk-cli@0.5.4   (/home/runner/v2-nZD6od)
  CI-ENV scrubbed: CI GITHUB_ACTIONS
OSV-SCREEN {"schemaVersion":1,"kind":"direct","status":"clean","digest":"42a93f2837cc085d087d7dadcfcfff14204b4b070c1d730c8946b1aad38a45ff","specCount":1,"lockfiles":{"digest":null,"files":[]},"maliciousAdvisories":[],"screenedAt":"2026-09-08T00:13:54.923Z","cacheHit":false,"clearancePath":"/home/runner/v2-nZD6od/security/direct.json"}
  SECURITY direct clean: 1 exact package-version(s), tree 42a93f2837cc
  VENUE-OBSERVE-USER {"uid":1001,"user":"runner","umask":"0022","capBnd":"000001ffffffffff","noNewPrivs":"0"}
  VENUE-NUB-BINARY {"path":"/tmp/nub/target/release/nub","sha256":"2a18683f50f7afeb02a521cd3cae175dc2f91780d461c5f012065241f5a1447b","bytes":207643464,"features":{"buildJailCatalogOverride":true,"pythonDontWriteBytecodeEnv":true}}
OSV-SCREEN {"schemaVersion":1,"kind":"npm-observe-resolved","status":"clean","digest":"70db0b97577f561213d4e9042f89f168d9e601afb867c287a6c6c0788b0f1f95","specCount":5,"lockfiles":{"digest":"470f957d30550c93cb5c5ae48b73112ec0b75644b1e81f1ba82df0e0aa86f981","files":[{"path":"package-lock.json","sha256":"77cd1aa909e49e4d3bb2042d79a5f8cfa3b9458401bdd506b64dd648ad73f2f3","bytes":2236}]},"maliciousAdvisories":[],"screenedAt":"2026-09-08T00:13:56.176Z","cacheHit":false,"clearancePath":"/home/runner/v2-nZD6od/security/npm-observe-resolved.json"}
  SECURITY npm-observe-resolved clean: 5 exact package-version(s), tree 70db0b97577f
  OBSERVE   rc=0 files=37 trace=10955 lines
  CLOSURE   5 packages evicted per arm
  ARM-FALSIFIABILITY {"manifestFiles":9,"filesTheScriptProduced":1,"reasons":[]}
  RAWLOG-FILE /home/runner/v2-nZD6od/observe/trace.txt.gz
  RAWLOG-CAPTURE /home/runner/v2-nZD6od/observe/capture.json
  RAWLOG-BYTES raw=2408671 gz=71310
  VENUE-INTERPRETER /opt/hostedtoolcache/node/22.23.2/x64
  VENUE-OVERRIDES {"set":{"HOME":"/home/runner/v2-nZD6od/jailhome","TMPDIR":"/tmp/nub-tmp-obsYowFWr","NODE_COMPAT":"1","PLAYWRIGHT_BROWSERS_PATH":"/home/runner/.cache/nub/pm/tools/ms-playwright","ELECTRON_CACHE":"/home/runner/.cache/nub/pm/tools/electron-cache","electron_config_cache":"/home/runner/.cache/nub/pm/tools/electron-cache","npm_config_prefix":"/home/runner/.cache/nub/pm/tools/npm-prefix","PYTHONDONTWRITEBYTECODE":"1","NUB_CACHE_DIR":"/home/runner/v2-nZD6od/nubcache"},"unset":["CI","GITHUB_ACTIONS"],"passedThrough":{"CI":"true","GITHUB_ACTIONS":"true","NODE_ENV":null}}
  == ATTRIBUTION == attributed pids: 18
    writes  script 4  /  whole traced tree 1092
    sockets script 5  /  whole traced tree 9
  == ROOTS (from capture.json — R2: no ambient reads) ==
    project       /home/runner/v2-nZD6od/observe
    home          /home/runner
    jailHome      /home/runner/v2-nZD6od/jailhome
    globalStore   /home/runner/.cache/nub/pm/store   [declared, not keyed on]
    projectStore  /home/runner/v2-nZD6od/observe/node_modules/.store   [declared, not keyed on]
    interpreter   /opt/hostedtoolcache/node/22.23.2/x64   [declared, not keyed on]
    toolsDir      /home/runner/.cache/nub/pm/tools   [declared, not keyed on]
    temp          /tmp/nub-tmp-obsYowFWr
    npmPrefix     /home/runner/.cache/nub/pm/tools/npm-prefix
    ownPkg        /home/runner/v2-nZD6od/observe/node_modules/squawk-cli
  == WRITES the script actually performed ==
    jailHome      3  (base profile already grants this — NOT billed)
        /home/runner/v2-nZD6od/jailhome/.npm/squawk-cli
        /home/runner/v2-nZD6od/jailhome/.npm/squawk-cli/7286be-squawk-linux-x86-64.28469-e986fbe74d007.tmp
        /home/runner/v2-nZD6od/jailhome/.npm/squawk-cli/7286be-squawk-linux-x86-64
    ownPkg        1  (base profile already grants this — NOT billed)
        /home/runner/v2-nZD6od/observe/node_modules/squawk-cli/js/binaries/squawk
  == NETWORK ==
    AF_INET sockets: 5   distinct peers: 3
        127.0.0.53:53
        104.16.1.34:443
        140.82.114.4:443
  == REFUSALS (only `= -1 EACCES/EPERM/EROFS`) ==
    distinct: 0
  == SYNTHESIZED GRANT (verify this in the real unprivileged jail) ==
    {"network":true}
  == writePaths (DERIVED — promotion out of the package's PRIVATE home) ==
    private-home writes observed: 3
    none declared — every write was a FILE at the top of the private home, or landed in a directory the TOOLCHAIN owns (see `writePathsDeny`) — an entry names a directory belonging to the PACKAGE, so there is nothing to name
  == writePaths FEASIBILITY (distinct writes outside project/deps) ==
    count: 0
    EVENTS    4484 distinct from 10902 calls (10956 lines, 26 rejoined, 0 unparsed)
    PROCS     25   lifecycle shells 13
    ⛔ 3 paths with an UNRESOLVED dirfd — kept, marked, never guessed
    unsubscribed/unmapped syscalls: getsockname×30 setsockopt×29 exit×20 getsockopt×13 recvmsg×11 getcwd×4 sendmmsg×3 socketpair×3
    wrote /home/runner/v2-nZD6od/observe/events.ndjson.gz (31724 bytes)
  EVENTLOG-FILE /home/runner/v2-nZD6od/observe/events.ndjson.gz
  EVENTLOG-STATS {"lines":10956,"parsed":10902,"unparsed":0,"unfinished":26,"rejoined":26,"unresolvedDirfd":3,"truncatedArg":0,"procs":25,"lifecyclePids":13,"distinctEvents":4484,"unknownSyscall":{"getsockname":30,"getsockopt":13,"getcwd":4,"recvmsg":11,"exit":20,"setsockopt":29,"sendmmsg":3,"socketpair":3,"shutdown":3,"exit_group":3,"wait4":3},"out":"/home/runner/v2-nZD6od/observe/events.ndjson.gz","gzipBytes":31724}
  EVICT     0 store entries removed, 0 spared as nub tooling
  SE-PURGE  0 side-effects-cache entries for squawk-cli
OSV-SCREEN {"schemaVersion":1,"kind":"nub-synth-resolved","status":"clean","digest":"70db0b97577f561213d4e9042f89f168d9e601afb867c287a6c6c0788b0f1f95","specCount":5,"lockfiles":{"digest":"5ed6efd1d7c1917c8ad577eeda451d3797f415bf4e75af331785d1555bf075a2","files":[{"path":"nub.lock","sha256":"dad3882cd6bda6d7359df0bbdff19ae395767861c5a1c66042cb735e8b58a601","bytes":1427}]},"maliciousAdvisories":[],"screenedAt":"2026-09-08T00:13:56.176Z","cacheHit":true,"clearancePath":"/home/runner/v2-nZD6od/security/nub-synth-resolved.json"}
  SECURITY nub-synth-resolved clean: 5 exact package-version(s), tree 70db0b97577f (cached exact-tree clearance)
  VENUE-STORE-LAYOUT isolated
  VERIFY[synth] rc=0 artifacts=8/8 missing=0 shortfall=none (tree 109/37) OVERRIDDEN=3 REJECTED=0 grant={"network":true}
  => VERIFIED {"network":true}   (observed, then verified)
  EVICT     5 store entries removed, 0 spared as nub tooling
  SE-PURGE  0 side-effects-cache entries for squawk-cli
OSV-SCREEN {"schemaVersion":1,"kind":"nub-drop-no-network-resolved","status":"clean","digest":"70db0b97577f561213d4e9042f89f168d9e601afb867c287a6c6c0788b0f1f95","specCount":5,"lockfiles":{"digest":"5ed6efd1d7c1917c8ad577eeda451d3797f415bf4e75af331785d1555bf075a2","files":[{"path":"nub.lock","sha256":"dad3882cd6bda6d7359df0bbdff19ae395767861c5a1c66042cb735e8b58a601","bytes":1427}]},"maliciousAdvisories":[],"screenedAt":"2026-09-08T00:13:56.176Z","cacheHit":true,"clearancePath":"/home/runner/v2-nZD6od/security/nub-drop-no-network-resolved.json"}
  SECURITY nub-drop-no-network-resolved clean: 5 exact package-version(s), tree 70db0b97577f (cached exact-tree clearance)
  VERIFY[drop-no-network] rc=1 artifacts=7/8 missing=1 shortfall=07f997e70de6 (tree 106/37) OVERRIDDEN=3 REJECTED=0 grant={}
       missing: js/binaries/squawk
     'no-network' is NECESSARY — dropping it fails to verify
  => MINIMAL — every capability in {"network":true} is independently necessary
