### json-schema-library@11.0.4   (/home/runner/v2-EWL60Z)
  CI-ENV scrubbed: CI GITHUB_ACTIONS
OSV-SCREEN {"schemaVersion":1,"kind":"direct","status":"clean","digest":"238b0fae14f03f180221e3904040051c8f5c1947aded01acb11eb678ac691ddc","specCount":1,"lockfiles":{"digest":null,"files":[]},"maliciousAdvisories":[],"screenedAt":"2026-09-08T08:53:28.024Z","cacheHit":false,"clearancePath":"/home/runner/v2-EWL60Z/security/direct.json"}
  SECURITY direct clean: 1 exact package-version(s), tree 238b0fae14f0
  VENUE-OBSERVE-USER {"uid":1001,"user":"runner","umask":"0022","capBnd":"000001ffffffffff","noNewPrivs":"0"}
  VENUE-NUB-BINARY {"path":"/tmp/nub/target/release/nub","sha256":"2a18683f50f7afeb02a521cd3cae175dc2f91780d461c5f012065241f5a1447b","bytes":207643464,"features":{"buildJailCatalogOverride":true,"pythonDontWriteBytecodeEnv":true}}
OSV-SCREEN {"schemaVersion":1,"kind":"npm-observe-resolved","status":"clean","digest":"f75aab51d5e7441f90cfaf57eb26d3f386ec6f4ebc9d789d1db397bc1eb6b72e","specCount":20,"lockfiles":{"digest":"98770a61efd9d2501d90f5f08847691abed27911cd8c7c363489d1c7cc68918d","files":[{"path":"package-lock.json","sha256":"2262a11e1d9ae73981b0a878e2611221f5c64737ba0e0ef5869b171f8340c24e","bytes":7619}]},"maliciousAdvisories":[],"screenedAt":"2026-09-08T08:53:29.644Z","cacheHit":false,"clearancePath":"/home/runner/v2-EWL60Z/security/npm-observe-resolved.json"}
  SECURITY npm-observe-resolved clean: 20 exact package-version(s), tree f75aab51d5e7
  OBSERVE   rc=0 files=1511 trace=21888 lines
  CLOSURE   19 packages evicted per arm
  ARM-FALSIFIABILITY {"manifestFiles":177,"filesTheScriptProduced":0,"reasons":["gate-vacuous"]}
  ⛔ ARMS-UNFALSIFIABLE — a green arm for this package carries no evidence:
       gate-vacuous: the script changed no file the artifact gate keys on — every file in the manifest (177) was already present at its final size before the script ran, so the gate passes in every arm including a completely broken one
       The grant may still be correct; what is missing is a signal that could have gone
       red. Do not read this record's MINIMAL as a passing measurement.
  RAWLOG-FILE /home/runner/v2-EWL60Z/observe/trace.txt.gz
  RAWLOG-CAPTURE /home/runner/v2-EWL60Z/observe/capture.json
  RAWLOG-BYTES raw=4817069 gz=139048
  VENUE-INTERPRETER /opt/hostedtoolcache/node/22.23.2/x64
  VENUE-OVERRIDES {"set":{"HOME":"/home/runner/v2-EWL60Z/jailhome","TMPDIR":"/tmp/nub-tmp-obsZqPUns","NODE_COMPAT":"1","PLAYWRIGHT_BROWSERS_PATH":"/home/runner/.cache/nub/pm/tools/ms-playwright","ELECTRON_CACHE":"/home/runner/.cache/nub/pm/tools/electron-cache","electron_config_cache":"/home/runner/.cache/nub/pm/tools/electron-cache","npm_config_prefix":"/home/runner/.cache/nub/pm/tools/npm-prefix","PYTHONDONTWRITEBYTECODE":"1","NUB_CACHE_DIR":"/home/runner/v2-EWL60Z/nubcache"},"unset":["CI","GITHUB_ACTIONS"],"passedThrough":{"CI":"true","GITHUB_ACTIONS":"true","NODE_ENV":null}}
  == ATTRIBUTION == attributed pids: 26
    writes  script 1153  /  whole traced tree 1702
    sockets script 6  /  whole traced tree 10
  == ROOTS (from capture.json — R2: no ambient reads) ==
    project       /home/runner/v2-EWL60Z/observe
    home          /home/runner
    jailHome      /home/runner/v2-EWL60Z/jailhome
    globalStore   /home/runner/.cache/nub/pm/store   [declared, not keyed on]
    projectStore  /home/runner/v2-EWL60Z/observe/node_modules/.store   [declared, not keyed on]
    interpreter   /opt/hostedtoolcache/node/22.23.2/x64   [declared, not keyed on]
    toolsDir      /home/runner/.cache/nub/pm/tools   [declared, not keyed on]
    temp          /tmp/nub-tmp-obsZqPUns
    npmPrefix     /home/runner/.cache/nub/pm/tools/npm-prefix
    ownPkg        /home/runner/v2-EWL60Z/observe/node_modules/json-schema-library
  == WRITES the script actually performed ==
    jailHome     57  (base profile already grants this — NOT billed)
        /home/runner/v2-EWL60Z/jailhome/.npm/_logs/2026-09-08T08_53_31_024Z-debug-0.log
        /home/runner/v2-EWL60Z/jailhome/.npm/_cacache
        /home/runner/v2-EWL60Z/jailhome/.npm/_cacache/tmp
        /home/runner/v2-EWL60Z/jailhome/.npm/_cacache/tmp/f413dabc
        /home/runner/v2-EWL60Z/jailhome/.npm/_cacache/content-v2
        /home/runner/v2-EWL60Z/jailhome/.npm/_cacache/content-v2/sha512
        /home/runner/v2-EWL60Z/jailhome/.npm/_cacache/content-v2/sha512/2c
        /home/runner/v2-EWL60Z/jailhome/.npm/_cacache/content-v2/sha512/2c/fe
        /home/runner/v2-EWL60Z/jailhome/.npm/_cacache/content-v2/sha512/2c/fe/9f205c0cc4dd708b31360783f9cd646626591ba9b023720771588dc52a8fdda4c3bbeb413487fff8f024126556fea516e5a95c384e2057751293e57e1622
        /home/runner/v2-EWL60Z/jailhome/.npm/_cacache/index-v5
        … and 47 more
    jailTmp    1096  (base profile already grants this — NOT billed)
        /tmp/nub-tmp-obsZqPUns/node-compile-cache/v22.23.2-x64-9ac5647c-1001/0824c5cd.epDLav
        /tmp/nub-tmp-obsZqPUns/node-compile-cache/v22.23.2-x64-9ac5647c-1001/0824c5cd
        /tmp/nub-tmp-obsZqPUns/node-compile-cache/v22.23.2-x64-9ac5647c-1001/e504f44f.xbKo41
        /tmp/nub-tmp-obsZqPUns/node-compile-cache/v22.23.2-x64-9ac5647c-1001/e504f44f
        /tmp/nub-tmp-obsZqPUns/node-compile-cache/v22.23.2-x64-9ac5647c-1001/b8e8213d.PYuqaA
        /tmp/nub-tmp-obsZqPUns/node-compile-cache/v22.23.2-x64-9ac5647c-1001/b8e8213d
        /tmp/nub-tmp-obsZqPUns/node-compile-cache/v22.23.2-x64-9ac5647c-1001/dac64a78.DlTVcr
        /tmp/nub-tmp-obsZqPUns/node-compile-cache/v22.23.2-x64-9ac5647c-1001/dac64a78
        /tmp/nub-tmp-obsZqPUns/node-compile-cache/v22.23.2-x64-9ac5647c-1001/21258f2f.llW3DQ
        /tmp/nub-tmp-obsZqPUns/node-compile-cache/v22.23.2-x64-9ac5647c-1001/21258f2f
        … and 1086 more
  == NETWORK ==
    AF_INET sockets: 6   distinct peers: 3
        127.0.0.53:53
        104.16.10.34:443
        104.16.1.34:443
  == REFUSALS (only `= -1 EACCES/EPERM/EROFS`) ==
    distinct: 0
  == SYNTHESIZED GRANT (verify this in the real unprivileged jail) ==
    {"network":true}
  == writePaths (DERIVED — promotion out of the package's PRIVATE home) ==
    private-home writes observed: 57
    none declared — every write was a FILE at the top of the private home, or landed in a directory the TOOLCHAIN owns (see `writePathsDeny`) — an entry names a directory belonging to the PACKAGE, so there is nothing to name
  == writePaths FEASIBILITY (distinct writes outside project/deps) ==
    count: 0
    EVENTS    9065 distinct from 21812 calls (21889 lines, 39 rejoined, 0 unparsed)
    PROCS     33   lifecycle shells 21
    ⛔ 3 paths with an UNRESOLVED dirfd — kept, marked, never guessed
    unsubscribed/unmapped syscalls: setsockopt×54 getsockname×53 getsockopt×29 exit×25 recvmsg×14 wait4×6 getcwd×5 exit_group×5
    wrote /home/runner/v2-EWL60Z/observe/events.ndjson.gz (57059 bytes)
  EVENTLOG-FILE /home/runner/v2-EWL60Z/observe/events.ndjson.gz
  EVENTLOG-STATS {"lines":21889,"parsed":21812,"unparsed":0,"unfinished":39,"rejoined":39,"unresolvedDirfd":3,"truncatedArg":0,"procs":33,"lifecyclePids":21,"distinctEvents":9065,"unknownSyscall":{"getsockname":53,"getsockopt":29,"getcwd":5,"recvmsg":14,"exit":25,"setsockopt":54,"sendmmsg":2,"socketpair":3,"shutdown":3,"exit_group":5,"wait4":6},"out":"/home/runner/v2-EWL60Z/observe/events.ndjson.gz","gzipBytes":57059}
  EVICT     4 store entries removed, 0 spared as nub tooling
  SE-PURGE  0 side-effects-cache entries for json-schema-library
OSV-SCREEN {"schemaVersion":1,"kind":"nub-synth-resolved","status":"clean","digest":"f75aab51d5e7441f90cfaf57eb26d3f386ec6f4ebc9d789d1db397bc1eb6b72e","specCount":20,"lockfiles":{"digest":"8e62fbf5c8a9aeb5e52591f274df5263cbe972353b908e5d58672d03165c9de5","files":[{"path":"nub.lock","sha256":"50df9289d5ab4bf5cfad68348f139190bc9ccf32cfe37e0f491cd60ae9a38176","bytes":4462}]},"maliciousAdvisories":[],"screenedAt":"2026-09-08T08:53:29.644Z","cacheHit":true,"clearancePath":"/home/runner/v2-EWL60Z/security/nub-synth-resolved.json"}
  SECURITY nub-synth-resolved clean: 20 exact package-version(s), tree f75aab51d5e7 (cached exact-tree clearance)
  VENUE-STORE-LAYOUT isolated
  VERIFY[synth] rc=0 artifacts=175/175 missing=0 shortfall=none (tree 4517/1511) OVERRIDDEN=3 REJECTED=0 grant={"network":true}
  => VERIFIED {"network":true}   (observed, then verified)
  EVICT     20 store entries removed, 0 spared as nub tooling
  SE-PURGE  0 side-effects-cache entries for json-schema-library
OSV-SCREEN {"schemaVersion":1,"kind":"nub-drop-no-network-resolved","status":"clean","digest":"f75aab51d5e7441f90cfaf57eb26d3f386ec6f4ebc9d789d1db397bc1eb6b72e","specCount":20,"lockfiles":{"digest":"8e62fbf5c8a9aeb5e52591f274df5263cbe972353b908e5d58672d03165c9de5","files":[{"path":"nub.lock","sha256":"50df9289d5ab4bf5cfad68348f139190bc9ccf32cfe37e0f491cd60ae9a38176","bytes":4462}]},"maliciousAdvisories":[],"screenedAt":"2026-09-08T08:53:29.644Z","cacheHit":true,"clearancePath":"/home/runner/v2-EWL60Z/security/nub-drop-no-network-resolved.json"}
  SECURITY nub-drop-no-network-resolved clean: 20 exact package-version(s), tree f75aab51d5e7 (cached exact-tree clearance)
  VERIFY[drop-no-network] rc=1 artifacts=175/175 missing=0 shortfall=none (tree 4517/1511) OVERRIDDEN=3 REJECTED=0 grant={}
     'no-network' is NECESSARY — dropping it fails to verify
  => MINIMAL — every capability in {"network":true} is independently necessary
