OSV-SCREEN {"schemaVersion":1,"kind":"direct","status":"clean","digest":"401d07372bf31b737e3bc4aef217366a906c421781c166a586326a933443fe67","specCount":1,"lockfiles":{"digest":null,"files":[]},"maliciousAdvisories":[],"screenedAt":"2026-09-08T04:23:39.324Z","cacheHit":false,"clearancePath":"/Users/runner/v2m-CsW4y4/security/direct.json"}
  SECURITY direct clean: 1 exact package-version(s), tree 401d07372bf3
### flow-bin@0.14.0   (/Users/runner/v2m-CsW4y4)   nub=/tmp/nub/target/release/nub
  VENUE-NUB-BINARY {"path":"/tmp/nub/target/release/nub","sha256":"f923f9d246b7061a3e88675efb7b4fdcda741d02368002ce6e7f7044b01e7bbe","bytes":93818888,"features":{"buildJailCatalogOverride":true,"pythonDontWriteBytecodeEnv":true}}
  CI-ENV scrubbed: CI GITHUB_ACTIONS
  --- fbt preflight (advisory; never fails the run) ---
     csrutil: System Integrity Protection status: disabled.
     fbt probes visible: 93591
     fbt enable attempt: dtrace: description 'fbt:::entry ' matched 50364 probes CPU     ID                    FUNCTION:NAME 
     cwd builtin value:  
     fbt chdir symbols:  
     fbt fires on spawn-with-cwd: dtrace: invalid probe specifier fbt::chdir*:entry /progenyof($target)/ { @[probefunc] = count(); }: probe description fbt::chdir*:entry does not match any probes 
  --- end fbt preflight ---
OSV-SCREEN {"schemaVersion":1,"kind":"npm-observe-resolved","status":"clean","digest":"dc26bce1fa7b4efd25c712b6bce7713ac636300db9cb8974c3ccf10489eff342","specCount":277,"lockfiles":{"digest":"1c801fb0b5a50e1bcbaaef11c7708879dcde745115b8be25d495082bfcc9251c","files":[{"path":"package-lock.json","sha256":"e966a05d1da1e507f5226888aa8c7f870e585e5dae89fbc834d3016064c1e92f","bytes":132386}]},"maliciousAdvisories":[],"screenedAt":"2026-09-08T04:23:49.295Z","cacheHit":false,"clearancePath":"/Users/runner/v2m-CsW4y4/security/npm-observe-resolved.json"}
  SECURITY npm-observe-resolved clean: 277 exact package-version(s), tree dc26bce1fa7b
  VENUE-CI-CHILD clean (no CI-detection variable reaches the traced script)
  --- wrapper (run.sh) ---
     cd "/Users/runner/v2m-CsW4y4/Observe"
     sudo -u "runner" -H env "PATH=$PATH"   "HOME=/Users/runner/v2m-CsW4y4/jailhome"   "TMPDIR=/private/var/folders/bl/vzjcvbz95c3dk19cb0fw46180000gn/T/nub-tmp-obsITf9WV"   "NODE_COMPAT=1"   "PYTHONDONTWRITEBYTECODE=1"   "PLAYWRIGHT_BROWSERS_PATH=/Users/runner/.cache/nub/pm/tools/ms-playwright"   "ELECTRON_CACHE=/Users/runner/.cache/nub/pm/tools/electron-cache"   "electron_config_cache=/Users/runner/.cache/nub/pm/tools/electron-cache"   "npm_config_prefix=/Users/runner/.cache/nub/pm/tools/npm-prefix"   "/Users/runner/hostedtoolcache/node/22.23.2/arm64/bin/npm" rebuild --no-audit --no-fund "flow-bin" > "/Users/runner/v2m-CsW4y4/Observe/npm.log" 2>&1
     echo $? > "/Users/runner/v2m-CsW4y4/Observe/rc"
  --- dtrace stderr + wrapper trace ---
     + cd /Users/runner/v2m-CsW4y4/Observe
     + sudo -u runner -H env PATH=/Users/runner/hostedtoolcache/node/22.23.2/arm64/bin:/opt/homebrew/lib/ruby/gems/3.3.0/bin:/opt/homebrew/opt/ruby@3.3/bin:/Users/runner/.local/bin:/opt/homebrew/bin:/opt/homebrew/sbin:/Users/runner/.cargo/bin:/usr/local/opt/curl/bin:/usr/local/bin:/usr/local/sbin:/Users/runner/bin:/Users/runner/.yarn/bin:/Users/runner/Library/Android/sdk/tools:/Users/runner/Library/Android/sdk/platform-tools:/Library/Frameworks/Python.framework/Versions/Current/bin:/Library/Frameworks/Mono.framework/Versions/Current/Commands:/usr/bin:/bin:/usr/sbin:/sbin:/Users/runner/.dotnet/tools HOME=/Users/runner/v2m-CsW4y4/jailhome TMPDIR=/private/var/folders/bl/vzjcvbz95c3dk19cb0fw46180000gn/T/nub-tmp-obsITf9WV NODE_COMPAT=1 PYTHONDONTWRITEBYTECODE=1 PLAYWRIGHT_BROWSERS_PATH=/Users/runner/.cache/nub/pm/tools/ms-playwright ELECTRON_CACHE=/Users/runner/.cache/nub/pm/tools/electron-cache electron_config_cache=/Users/runner/.cache/nub/pm/tools/electron-cache npm_config_prefix=/Users/runner/.cache/nub/pm/tools/npm-prefix /Users/runner/hostedtoolcache/node/22.23.2/arm64/bin/npm rebuild --no-audit --no-fund flow-bin
     dtrace: error on enabled probe ID 128 (ID 286: syscall::execve:entry): invalid address (0x60000240d0e0) in action #1 at DIF offset 20
     + echo 1
  OBSERVE   rc=1 dtrace_rc=0 files=2425 (pre=2423) trace=13900 lines
  => BROKEN-WITHOUT-JAIL-TOO (unjailed control failed rc=1; nothing to measure)
     npm error command failed
     npm error command sh -c node lib/install.js
     npm error fs.js:44
     npm error } = primordials;
     npm error     ^
     npm error
     npm error ReferenceError: primordials is not defined
     npm error     at fs.js:44:5
     npm error     at req_ (/Users/runner/v2m-CsW4y4/Observe/node_modules/natives/index.js:143:24)
     npm error     at Object.req [as require] (/Users/runner/v2m-CsW4y4/Observe/node_modules/natives/index.js:55:10)
     npm error     at Object.<anonymous> (/Users/runner/v2m-CsW4y4/Observe/node_modules/graceful-fs/fs.js:1:37)
     npm error     at Module._compile (node:internal/modules/cjs/loader:1781:14)
     npm error     at Object..js (node:internal/modules/cjs/loader:1913:10)
     npm error     at Module.load (node:internal/modules/cjs/loader:1505:32)
     npm error     at Function._load (node:internal/modules/cjs/loader:1309:12)
     npm error     at wrapModuleLoad (node:internal/modules/cjs/loader:254:19)
     npm error     at Module.require (node:internal/modules/cjs/loader:1527:12)
     npm error
     npm error Node.js v22.23.2
     npm error A complete log of this run can be found in: /Users/runner/v2m-CsW4y4/jailhome/.npm/_logs/2026-09-08T04_23_50_733Z-debug-0.log
