### ghooks@1.3.2   (D:\jail\m-ghooks-mtsfijuu)
  CI-ENV scrubbed: CI GITHUB_ACTIONS
OSV-SCREEN {"schemaVersion":1,"kind":"direct","status":"clean","digest":"03097c02c189306ba51782797df5b61cdc7edb88f31eda51ee9fa21fd18764e8","specCount":1,"lockfiles":{"digest":null,"files":[]},"maliciousAdvisories":[],"screenedAt":"2026-09-08T08:50:10.789Z","cacheHit":false,"clearancePath":"D:\\jail\\m-ghooks-mtsfijuu\\security\\direct.json"}
  SECURITY direct clean: 1 exact package-version(s), tree 03097c02c189
OSV-SCREEN {"schemaVersion":1,"kind":"npm-observe-resolved","status":"clean","digest":"853231e1119de281a69764b0abd792c9945706ba7994ff78d8bfe108c1f095c4","specCount":27,"lockfiles":{"digest":"e8c47f52518650f43ca4816531ac968d0314765916f02671d65a932bf67473ab","files":[{"path":"package-lock.json","sha256":"18bf3a7485a8ceba0e0890748ac4d235c65f06f74d7d07afd50147b02947905e","bytes":10347}]},"maliciousAdvisories":[],"screenedAt":"2026-09-08T08:50:12.804Z","cacheHit":false,"clearancePath":"D:\\jail\\m-ghooks-mtsfijuu\\security\\npm-observe-resolved.json"}
  SECURITY npm-observe-resolved clean: 27 exact package-version(s), tree 853231e1119d
  CAPTURE user=runnervmeef0v\runneradmin elevated=True rootPid=6760 exit=0 events=23592 lost=0
  VENUE-OBSERVE-USER runnervmeef0v\runneradmin elevated=true privDropped={"SeBackupPrivilege":"removed","SeRestorePrivilege":"removed","SeTakeOwnershipPrivilege":"removed"}
  OBSERVE artifacts: 11 files  (D:\jail\m-ghooks-mtsfijuu\observe\node_modules\ghooks)
  ARM-FALSIFIABILITY {"manifestFiles":11,"filesTheScriptProduced":0,"reasons":["gate-vacuous"]}
  ⛔ ARMS-UNFALSIFIABLE — a green arm for this package carries no evidence:
       gate-vacuous: the script changed no file the artifact gate keys on — every file in the manifest (11) was already present at its final size before the script ran, so the gate passes in every arm including a completely broken one
       The grant may still be correct; what is missing is a signal that could have gone
       red. Do not read this record's MINIMAL as a passing measurement.
  CLOSURE 25 packages evicted per arm
  8.3 MAP 0 components resolved on runnervmeef0v, folded into capture.json
  == ROOTS (from capture.json — R2: no ambient reads) ==
    project       D:\jail\m-ghooks-mtsfijuu\observe   [keyed on]
    home          C:\Users\runneradmin   [keyed on]
    jailHome      (null — declared inapplicable)
    globalStore   C:\Users\runneradmin\AppData\Local\nub\pm\store
    projectStore  D:\jail\m-ghooks-mtsfijuu\observe\node_modules\.store
    interpreter   C:\hostedtoolcache\windows\node\22.23.2\x64\node.exe
    toolsDir      C:\Users\runneradmin\AppData\Local\nub\pm\tools
    temp          D:\jail\m-ghooks-mtsfijuu\tmp   [keyed on]
    npmPrefix     (null — declared inapplicable)
    ownPkg        D:\jail\m-ghooks-mtsfijuu\observe\node_modules\ghooks
  == ATTRIBUTION == lifecycle pids: 2 (root 6760)
    writes  script 0  /  whole traced tree 7
    peers   script 0  /  whole traced tree 0
  == WRITES ==
  == READS ==
    deps         47
    outside       6
    project       1
    systemfs     23
  == NETWORK ==
    distinct peers: 0
  == REFUSALS (adapter-classified) ==
    distinct: 0
  == SYNTHESIZED GRANT (verify this in the real unprivileged jail) ==
    {}
  RAW       etw-raw.xml.gz  30102861 B xml -> 454169 B gz (66.3x)  sha256 2b1d2cbe25f2689c…
  HEADER    etw-header.json (5040 bytes)
  DERIVED   5415 distinct from 6570 kept ops (23592 xml events, 2461 out of subtree)
  PROCS     4   thread-reattributed 0
  8.3       0 expanded, 0 kept short, 0 not covered  [map: recorded 8.3 map (0 components, resolved on runnervmeef0v)]
  wrote events.ndjson.gz (68047 bytes)
  RAWLOG-CAPTURE D:\jail\m-ghooks-mtsfijuu\cap\capture.json
  VENUE-NUB-BINARY {"path":"C:/Users/RUNNER~1/AppData/Local/Temp/nub/target/release/nub.exe","sha256":"f186817a44be332fee712b4936a071a0b5f9cde18a1d2fdc3a791729d4bf1005","bytes":68717056,"features":{"buildJailCatalogOverride":true,"pythonDontWriteBytecodeEnv":true}}
  VENUE-INTERPRETER C:\hostedtoolcache\windows\node\22.23.2\x64\node.exe
  VENUE-JAIL-ROOT D:\jail\m-ghooks-mtsfijuu
  VENUE-OVERRIDES {"set":{"npm_config_cache":"D:\\jail\\m-ghooks-mtsfijuu\\npm-cache","TMP":"D:\\jail\\m-ghooks-mtsfijuu\\tmp","TEMP":"D:\\jail\\m-ghooks-mtsfijuu\\tmp","TMPDIR":"D:\\jail\\m-ghooks-mtsfijuu\\tmp"},"unset":["CI","GITHUB_ACTIONS"],"notRedirected":{"USERPROFILE":"C:\\Users\\runneradmin","why":"the jail leaves HOME/USERPROFILE alone — `build_jail.rs` sandbox_homes() reads the ambient value and `compiler/defaults.rs` BASELINE_ENV_EXACT passes it through — so there is no private jail home to reproduce and redirecting one would measure an environment no confined script sees"},"passedThrough":{"CI":"true","GITHUB_ACTIONS":"true","NODE_ENV":null}}
  STORE   isolated virtual store at D:\jail\m-ghooks-mtsfijuu\verify-synth\.cache
  VENUE-STORE-LAYOUT isolated
OSV-SCREEN {"schemaVersion":1,"kind":"nub-synth-resolved","status":"clean","digest":"853231e1119de281a69764b0abd792c9945706ba7994ff78d8bfe108c1f095c4","specCount":27,"lockfiles":{"digest":"5fc663ec281cad4c02cc93e79e4f1c16e07cbbea1a73287585aac1288a63a761","files":[{"path":"nub.lock","sha256":"7b36a20813a78cf92b7e2c53363debfb8def876a4bc42d6253d54877c629b252","bytes":6292}]},"maliciousAdvisories":[],"screenedAt":"2026-09-08T08:50:12.804Z","cacheHit":true,"clearancePath":"D:\\jail\\m-ghooks-mtsfijuu\\security\\nub-synth-resolved.json"}
  SECURITY nub-synth-resolved clean: 27 exact package-version(s), tree 853231e1119d (cached exact-tree clearance)
  VERIFY[synth] rc=0 artifacts=11/11 missing=0 shortfall=none (tree 5966/194) OVERRIDDEN=2 REJECTED=0 grant={}
  => MINIMUM {}   (observed, then verified)
  DESCEND   grant is already empty — nothing to narrow; MINIMAL by construction.
