### electron-chromedriver@15.0.0   (/home/runner/v2-vpDKcE)
  CI-ENV scrubbed: CI GITHUB_ACTIONS
OSV-SCREEN {"schemaVersion":1,"kind":"direct","status":"clean","digest":"4dd0857bb59c8ddc3d1b1d3091a7b273e0ef004ad59d2b6c6b2dc037f924d487","specCount":1,"lockfiles":{"digest":null,"files":[]},"maliciousAdvisories":[],"screenedAt":"2026-09-08T02:02:57.331Z","cacheHit":false,"clearancePath":"/home/runner/v2-vpDKcE/security/direct.json"}
  SECURITY direct clean: 1 exact package-version(s), tree 4dd0857bb59c
  VENUE-OBSERVE-USER {"uid":1001,"user":"runner","umask":"0022","capBnd":"000001ffffffffff","noNewPrivs":"0"}
  VENUE-NUB-BINARY {"path":"/tmp/nub/target/release/nub","sha256":"2a18683f50f7afeb02a521cd3cae175dc2f91780d461c5f012065241f5a1447b","bytes":207643464,"features":{"buildJailCatalogOverride":true,"pythonDontWriteBytecodeEnv":true}}
OSV-SCREEN {"schemaVersion":1,"kind":"npm-observe-resolved","status":"clean","digest":"d13c7ad7c72121b69856005dd0f11b425f2e5b10c7d83cecf5710c51ffcdacc9","specCount":76,"lockfiles":{"digest":"7b9b42e05f8a1821754188063b6575a12276cd9330834ccc0ea004aeb59f5646","files":[{"path":"package-lock.json","sha256":"d15b91119129e4bac103924c5c234fb6b76b08901e49cd3ffb35403cca740106","bytes":31040}]},"maliciousAdvisories":[],"screenedAt":"2026-09-08T02:02:59.911Z","cacheHit":false,"clearancePath":"/home/runner/v2-vpDKcE/security/npm-observe-resolved.json"}
  SECURITY npm-observe-resolved clean: 76 exact package-version(s), tree d13c7ad7c721
  OBSERVE   rc=0 files=1932 trace=13021 lines
  CLOSURE   73 packages evicted per arm
  ARM-FALSIFIABILITY {"manifestFiles":11,"filesTheScriptProduced":5,"reasons":[]}
  RAWLOG-FILE /home/runner/v2-vpDKcE/observe/trace.txt.gz
  RAWLOG-CAPTURE /home/runner/v2-vpDKcE/observe/capture.json
  RAWLOG-BYTES raw=2797014 gz=82641
  VENUE-INTERPRETER /opt/hostedtoolcache/node/22.23.2/x64
  VENUE-OVERRIDES {"set":{"HOME":"/home/runner/v2-vpDKcE/jailhome","TMPDIR":"/tmp/nub-tmp-obsFzVijP","NODE_COMPAT":"1","PLAYWRIGHT_BROWSERS_PATH":"/home/runner/.cache/nub/pm/tools/ms-playwright","ELECTRON_CACHE":"/home/runner/.cache/nub/pm/tools/electron-cache","electron_config_cache":"/home/runner/.cache/nub/pm/tools/electron-cache","npm_config_prefix":"/home/runner/.cache/nub/pm/tools/npm-prefix","PYTHONDONTWRITEBYTECODE":"1","NUB_CACHE_DIR":"/home/runner/v2-vpDKcE/nubcache"},"unset":["CI","GITHUB_ACTIONS"],"passedThrough":{"CI":"true","GITHUB_ACTIONS":"true","NODE_ENV":null}}
  == ATTRIBUTION == attributed pids: 18
    writes  script 17  /  whole traced tree 1105
    sockets script 5  /  whole traced tree 11
  == ROOTS (from capture.json — R2: no ambient reads) ==
    project       /home/runner/v2-vpDKcE/observe
    home          /home/runner
    jailHome      /home/runner/v2-vpDKcE/jailhome
    globalStore   /home/runner/.cache/nub/pm/store   [declared, not keyed on]
    projectStore  /home/runner/v2-vpDKcE/observe/node_modules/.store   [declared, not keyed on]
    interpreter   /opt/hostedtoolcache/node/22.23.2/x64   [declared, not keyed on]
    toolsDir      /home/runner/.cache/nub/pm/tools   [declared, not keyed on]
    temp          /tmp/nub-tmp-obsFzVijP
    npmPrefix     /home/runner/.cache/nub/pm/tools/npm-prefix
    ownPkg        /home/runner/v2-vpDKcE/observe/node_modules/electron-chromedriver
  == WRITES the script actually performed ==
    jailTmp       5  (base profile already grants this — NOT billed)
        /tmp/nub-tmp-obsFzVijP/electron-download-YQH0pl
        /tmp/nub-tmp-obsFzVijP/electron-download-YQH0pl/chromedriver-v15.0.0-linux-x64.zip
        /tmp/nub-tmp-obsFzVijP/electron-download-mmKKl5
        /tmp/nub-tmp-obsFzVijP/electron-download-ozmF9n
        /tmp/nub-tmp-obsFzVijP/electron-download-ozmF9n/SHASUMS256.txt
    userHome      3
    ownPkg        9  (base profile already grants this — NOT billed)
        /home/runner/v2-vpDKcE/observe/node_modules/electron-chromedriver/bin
        /home/runner/v2-vpDKcE/observe/node_modules/electron-chromedriver/bin/chromedriver
        /home/runner/v2-vpDKcE/observe/node_modules/electron-chromedriver/bin/chromedriver.debug
        /home/runner/v2-vpDKcE/observe/node_modules/electron-chromedriver/bin/LICENSES.chromium.html
        /home/runner/v2-vpDKcE/observe/node_modules/electron-chromedriver/bin/gen
        /home/runner/v2-vpDKcE/observe/node_modules/electron-chromedriver/bin/gen/electron
        /home/runner/v2-vpDKcE/observe/node_modules/electron-chromedriver/bin/gen/electron/buildflags
        /home/runner/v2-vpDKcE/observe/node_modules/electron-chromedriver/bin/gen/electron/buildflags/buildflags.h
        /home/runner/v2-vpDKcE/observe/node_modules/electron-chromedriver/bin/LICENSE
  == NETWORK ==
    AF_INET sockets: 5   distinct peers: 3
        127.0.0.53:53
        104.16.10.34:443
        140.82.114.4:443
  == REFUSALS (only `= -1 EACCES/EPERM/EROFS`) ==
    distinct: 0
  == SYNTHESIZED GRANT (verify this in the real unprivileged jail) ==
    {"write":{"userHome":true},"network":true}
  == writePaths (DERIVED — promotion out of the package's PRIVATE home) ==
    private-home writes observed: 0
    none declared — the script wrote nothing into its private home — there is nothing to promote
    3 write(s) landed in the REAL home by absolute path, so promotion cannot reach them — nub moves OUT of the private home, and nothing of theirs is in it. Only `write:{userHome}` covers these; emitting `writePaths` instead would be an UNDER-GRANT.
  == writePaths FEASIBILITY (distinct writes outside project/deps) ==
    count: 3
        .cache/nub/pm/tools/electron-cache/0b214443fcaae05825742123b5df90209f4768ce9080e655555b8e0caa139dbc
        .cache/nub/pm/tools/electron-cache/0b214443fcaae05825742123b5df90209f4768ce9080e655555b8e0caa139dbc/SHASUMS256.txt
        .cache/nub/pm/tools/electron-cache/0b214443fcaae05825742123b5df90209f4768ce9080e655555b8e0caa139dbc/chromedriver-v15.0.0-linux-x64.zip
    EVENTS    5406 distinct from 12896 calls (13022 lines, 98 rejoined, 0 unparsed)
    PROCS     25   lifecycle shells 13
    ⛔ 3 paths with an UNRESOLVED dirfd — kept, marked, never guessed
    unsubscribed/unmapped syscalls: getsockname×36 setsockopt×33 exit×20 getsockopt×18 recvmsg×11 getcwd×5 sendmmsg×3 socketpair×3
    wrote /home/runner/v2-vpDKcE/observe/events.ndjson.gz (37101 bytes)
  EVENTLOG-FILE /home/runner/v2-vpDKcE/observe/events.ndjson.gz
  EVENTLOG-STATS {"lines":13022,"parsed":12896,"unparsed":0,"unfinished":98,"rejoined":98,"unresolvedDirfd":3,"truncatedArg":0,"procs":25,"lifecyclePids":13,"distinctEvents":5406,"unknownSyscall":{"getsockname":36,"getsockopt":18,"getcwd":5,"recvmsg":11,"exit":20,"setsockopt":33,"sendmmsg":3,"socketpair":3,"shutdown":3,"exit_group":3,"wait4":3},"out":"/home/runner/v2-vpDKcE/observe/events.ndjson.gz","gzipBytes":37101}
  EVICT     38 store entries removed, 3 spared as nub tooling
  SE-PURGE  0 side-effects-cache entries for electron-chromedriver
OSV-SCREEN {"schemaVersion":1,"kind":"nub-synth-resolved","status":"clean","digest":"f4f385b71740fbf28f16c109ad271ebe18b776cd5a3e8d37272b31fab3cb68c7","specCount":78,"lockfiles":{"digest":"186a1665c4cb53f83eb5d077d142aa972f86db381e78584a900a80954a472ff8","files":[{"path":"nub.lock","sha256":"9f106a757122f779705a4d8cdd52b2f537ea35b32499c11fb7cad05ce7f1aad6","bytes":18938}]},"maliciousAdvisories":[],"screenedAt":"2026-09-08T02:03:18.164Z","cacheHit":false,"clearancePath":"/home/runner/v2-vpDKcE/security/nub-synth-resolved.json"}
  SECURITY nub-synth-resolved clean: 78 exact package-version(s), tree f4f385b71740
  VENUE-STORE-LAYOUT isolated
  VERIFY[synth] rc=0 artifacts=11/11 missing=0 shortfall=none (tree 6038/1932) OVERRIDDEN=2 REJECTED=0 grant={"write":{"userHome":true},"network":true}
  => VERIFIED {"write":{"userHome":true},"network":true}   (observed, then verified)
  EVICT     73 store entries removed, 3 spared as nub tooling
  SE-PURGE  0 side-effects-cache entries for electron-chromedriver
OSV-SCREEN {"schemaVersion":1,"kind":"nub-drop-no-network-resolved","status":"clean","digest":"f4f385b71740fbf28f16c109ad271ebe18b776cd5a3e8d37272b31fab3cb68c7","specCount":78,"lockfiles":{"digest":"186a1665c4cb53f83eb5d077d142aa972f86db381e78584a900a80954a472ff8","files":[{"path":"nub.lock","sha256":"9f106a757122f779705a4d8cdd52b2f537ea35b32499c11fb7cad05ce7f1aad6","bytes":18938}]},"maliciousAdvisories":[],"screenedAt":"2026-09-08T02:03:18.164Z","cacheHit":true,"clearancePath":"/home/runner/v2-vpDKcE/security/nub-drop-no-network-resolved.json"}
  SECURITY nub-drop-no-network-resolved clean: 78 exact package-version(s), tree f4f385b71740 (cached exact-tree clearance)
  VERIFY[drop-no-network] rc=1 artifacts=6/11 missing=5 shortfall=090c996c72c5 (tree 6024/1932) OVERRIDDEN=2 REJECTED=0 grant={"write":{"userHome":true}}
       missing: bin/LICENSE, bin/LICENSES.chromium.html, bin/chromedriver, bin/chromedriver.debug, bin/gen/electron/buildflags/buildflags.h
     'no-network' is NECESSARY — dropping it fails to verify
  EVICT     73 store entries removed, 3 spared as nub tooling
  SE-PURGE  0 side-effects-cache entries for electron-chromedriver
OSV-SCREEN {"schemaVersion":1,"kind":"nub-drop-no-write-userHome-resolved","status":"clean","digest":"f4f385b71740fbf28f16c109ad271ebe18b776cd5a3e8d37272b31fab3cb68c7","specCount":78,"lockfiles":{"digest":"186a1665c4cb53f83eb5d077d142aa972f86db381e78584a900a80954a472ff8","files":[{"path":"nub.lock","sha256":"9f106a757122f779705a4d8cdd52b2f537ea35b32499c11fb7cad05ce7f1aad6","bytes":18938}]},"maliciousAdvisories":[],"screenedAt":"2026-09-08T02:03:18.164Z","cacheHit":true,"clearancePath":"/home/runner/v2-vpDKcE/security/nub-drop-no-write-userHome-resolved.json"}
  SECURITY nub-drop-no-write-userHome-resolved clean: 78 exact package-version(s), tree f4f385b71740 (cached exact-tree clearance)
  VERIFY[drop-no-write-userHome] rc=0 artifacts=11/11 missing=0 shortfall=none (tree 6038/1932) OVERRIDDEN=2 REJECTED=0 grant={"network":true}
     ⛔ OVER-PREDICTED: dropping 'no-write-userHome' STILL VERIFIES — {"network":true} is sufficient
  => OVER-PREDICTED by: no-write-userHome  (synthesized {"write":{"userHome":true},"network":true}; each named capability drops on its own)
