OSV-SCREEN {"schemaVersion":1,"kind":"direct","status":"clean","digest":"3c23cb9cd052ebb9cba6ccab003a595cb25207fb70b9efe5fcf464aece034d31","specCount":1,"lockfiles":{"digest":null,"files":[]},"maliciousAdvisories":[],"screenedAt":"2026-09-08T04:19:08.631Z","cacheHit":false,"clearancePath":"/Users/runner/v2m-J7kvLT/security/direct.json"}
  SECURITY direct clean: 1 exact package-version(s), tree 3c23cb9cd052
### angularx-qrcode@1.7.0-beta.5   (/Users/runner/v2m-J7kvLT)   nub=/tmp/nub/target/release/nub
  VENUE-NUB-BINARY {"path":"/tmp/nub/target/release/nub","sha256":"f923f9d246b7061a3e88675efb7b4fdcda741d02368002ce6e7f7044b01e7bbe","bytes":93818888,"features":{"buildJailCatalogOverride":true,"pythonDontWriteBytecodeEnv":true}}
  CI-ENV scrubbed: CI GITHUB_ACTIONS
  --- fbt preflight (advisory; never fails the run) ---
     csrutil: System Integrity Protection status: disabled.
     fbt probes visible: 93591
     fbt enable attempt: dtrace: description 'fbt:::entry ' matched 50364 probes CPU     ID                    FUNCTION:NAME 
     cwd builtin value:  
     fbt chdir symbols:  
     fbt fires on spawn-with-cwd: dtrace: invalid probe specifier fbt::chdir*:entry /progenyof($target)/ { @[probefunc] = count(); }: probe description fbt::chdir*:entry does not match any probes 
  --- end fbt preflight ---
OSV-SCREEN {"schemaVersion":1,"kind":"npm-observe-resolved","status":"clean","digest":"991271a026216c5e0647d2312fddfb2396d1c4b854fb9feb75d952e7d4bc9c3c","specCount":192,"lockfiles":{"digest":"0e24b109e444e4b9309887981f5e4a54fd3e1b13ca38696bd6ce05b70337a377","files":[{"path":"package-lock.json","sha256":"d30a45cfa5e6a3438477129a534e3d0ff754fd8e823899e3c90b161354b845a3","bytes":89594}]},"maliciousAdvisories":[],"screenedAt":"2026-09-08T04:19:22.066Z","cacheHit":false,"clearancePath":"/Users/runner/v2m-J7kvLT/security/npm-observe-resolved.json"}
  SECURITY npm-observe-resolved clean: 192 exact package-version(s), tree 991271a02621
  VENUE-CI-CHILD clean (no CI-detection variable reaches the traced script)
  --- wrapper (run.sh) ---
     cd "/Users/runner/v2m-J7kvLT/Observe"
     sudo -u "runner" -H env "PATH=$PATH"   "HOME=/Users/runner/v2m-J7kvLT/jailhome"   "TMPDIR=/private/var/folders/bl/vzjcvbz95c3dk19cb0fw46180000gn/T/nub-tmp-obsxxuMjv"   "NODE_COMPAT=1"   "PYTHONDONTWRITEBYTECODE=1"   "PLAYWRIGHT_BROWSERS_PATH=/Users/runner/.cache/nub/pm/tools/ms-playwright"   "ELECTRON_CACHE=/Users/runner/.cache/nub/pm/tools/electron-cache"   "electron_config_cache=/Users/runner/.cache/nub/pm/tools/electron-cache"   "npm_config_prefix=/Users/runner/.cache/nub/pm/tools/npm-prefix"   "/Users/runner/hostedtoolcache/node/22.23.2/arm64/bin/npm" rebuild --no-audit --no-fund "angularx-qrcode" > "/Users/runner/v2m-J7kvLT/Observe/npm.log" 2>&1
     echo $? > "/Users/runner/v2m-J7kvLT/Observe/rc"
  --- dtrace stderr + wrapper trace ---
     + cd /Users/runner/v2m-J7kvLT/Observe
     + sudo -u runner -H env PATH=/Users/runner/hostedtoolcache/node/22.23.2/arm64/bin:/opt/homebrew/lib/ruby/gems/3.3.0/bin:/opt/homebrew/opt/ruby@3.3/bin:/Users/runner/.local/bin:/opt/homebrew/bin:/opt/homebrew/sbin:/Users/runner/.cargo/bin:/usr/local/opt/curl/bin:/usr/local/bin:/usr/local/sbin:/Users/runner/bin:/Users/runner/.yarn/bin:/Users/runner/Library/Android/sdk/tools:/Users/runner/Library/Android/sdk/platform-tools:/Library/Frameworks/Python.framework/Versions/Current/bin:/Library/Frameworks/Mono.framework/Versions/Current/Commands:/usr/bin:/bin:/usr/sbin:/sbin:/Users/runner/.dotnet/tools HOME=/Users/runner/v2m-J7kvLT/jailhome TMPDIR=/private/var/folders/bl/vzjcvbz95c3dk19cb0fw46180000gn/T/nub-tmp-obsxxuMjv NODE_COMPAT=1 PYTHONDONTWRITEBYTECODE=1 PLAYWRIGHT_BROWSERS_PATH=/Users/runner/.cache/nub/pm/tools/ms-playwright ELECTRON_CACHE=/Users/runner/.cache/nub/pm/tools/electron-cache electron_config_cache=/Users/runner/.cache/nub/pm/tools/electron-cache npm_config_prefix=/Users/runner/.cache/nub/pm/tools/npm-prefix /Users/runner/hostedtoolcache/node/22.23.2/arm64/bin/npm rebuild --no-audit --no-fund angularx-qrcode
     dtrace: error on enabled probe ID 128 (ID 286: syscall::execve:entry): invalid address (0x600002fa50e0) in action #1 at DIF offset 20
     + echo 0
  OBSERVE   rc=0 dtrace_rc=0 files=7982 (pre=7980) trace=19307 lines
  CLOSURE   178 packages evicted per arm   store=/Users/runner/.cache/nub/pm/store
  RAWLOG-FILE /Users/runner/v2m-J7kvLT/Observe/trace.txt.gz
  RAWLOG-CAPTURE /Users/runner/v2m-J7kvLT/Observe/capture.json
  RAWLOG-BYTES raw=3124366 gz=100514
  VENUE-INTERPRETER /Users/runner/hostedtoolcache/node/22.23.2/arm64
  VENUE-OVERRIDES {"set":{"PATH":"inherited-and-forwarded","HOME":"/Users/runner/v2m-J7kvLT/jailhome","TMPDIR":"/private/var/folders/bl/vzjcvbz95c3dk19cb0fw46180000gn/T/nub-tmp-obsxxuMjv","NODE_COMPAT":"1","PYTHONDONTWRITEBYTECODE":"1","PLAYWRIGHT_BROWSERS_PATH":"/Users/runner/.cache/nub/pm/tools/ms-playwright","ELECTRON_CACHE":"/Users/runner/.cache/nub/pm/tools/electron-cache","electron_config_cache":"/Users/runner/.cache/nub/pm/tools/electron-cache","npm_config_prefix":"/Users/runner/.cache/nub/pm/tools/npm-prefix"},"unset":["(sudo env_reset discards the caller environment; every var above is re-set after it)","CI","GITHUB_ACTIONS"],"passedThrough":{"CI":"true","GITHUB_ACTIONS":"true","NODE_ENV":null}}
  VENUE-OBSERVE-USER runner uid=501 (R7: ordinary non-root user, asserted)
  ARM-FALSIFIABILITY {"manifestFiles":42,"filesTheScriptProduced":0,"reasons":["gate-vacuous"]}
  ⛔ ARMS-UNFALSIFIABLE — a green arm for this package carries no evidence:
       gate-vacuous: the script changed no file the artifact gate keys on — every file in the manifest (42) was already present at its final size before the script ran, so the gate passes in every arm including a completely broken one
       The grant may still be correct; what is missing is a signal that could have gone
       red. Do not read this record's MINIMAL as a passing measurement.
  EVENTLOG-FILE /Users/runner/v2m-J7kvLT/Observe/events.ndjson.gz
  EVENTLOG-STATS {"lines":19308,"parsed":19290,"unparsed":0,"live":true,"tracerErrors":1,"tracerErrorTotal":1,"unresolvedDirfd":36,"unresolvedFd":0,"pairedTwoPath":634,"danglingPair":0,"failed":8120,"enoent":8112,"refusals":0,"byErrno":{"ENXIO":4,"ENOENT":8112,"EEXIST":4},"procs":6,"lifecyclePids":2,"distinctEvents":9589,"emitted":9589,"calls":18611,"bytes":1774486,"gzipBytes":58330,"out":"/Users/runner/v2m-J7kvLT/Observe/events.ndjson"}
  == TRACER == live=true decodable-events=4588 dropped-events=1
    NOTE 24 relative path(s) under a non-AT_FDCWD dirfd were not
       scope-assigned: resolving them against the cwd would invent a path.
    ⛔ CWD-UNOBSERVED 4 relative path(s) (0 write(s)) came from a lifecycle
       process whose own cwd was never observed
       macOS spawns with posix_spawn addchdir_np, which changes directory in-kernel and
       emits no chdir syscall, so the inherited cwd cannot be trusted. These are NOT
       scope-assigned; the grant below is WIDENED instead so it covers wherever they landed.
         pid=53327 read  unproven .
         pid=53327 read  unproven .
         pid=53327 read  unproven .
         pid=53369 read  unproven .
    ⛔ THE TRACER DROPPED 1 EVENT(S). A dropped event is a path never
       seen, so the grant below can only be too NARROW — the direction that breaks installs.
       Treat it as a FLOOR, not a measurement, until the adapter fault is fixed:
             1 x  epid=128 action=1 fault=1 addr=0x600002fa50e0
  == ATTRIBUTION == lifecycle pids: 2
    writes  script 190  /  whole traced subtree 1189
    sockets script 0  /  whole traced subtree 1
  == ROOTS (from /Users/runner/v2m-J7kvLT/Observe/capture.json; the classifier reads no other source) ==
    project       /Users/runner/v2m-J7kvLT/Observe
    home          /Users/runner
    jailHome      /Users/runner/v2m-J7kvLT/jailhome
    globalStore   /Users/runner/.cache/nub/pm/store
    projectStore  /Users/runner/v2m-J7kvLT/Observe/node_modules/.store
    interpreter   /Users/runner/hostedtoolcache/node/22.23.2/arm64
    toolsDir      /Users/runner/.cache/nub/pm/tools
    temp          /private/var/folders/bl/vzjcvbz95c3dk19cb0fw46180000gn/T/nub-tmp-obsxxuMjv
    npmPrefix     /Users/runner/.cache/nub/pm/tools/npm-prefix
    ownPkg        /Users/runner/v2m-J7kvLT/Observe/node_modules/angularx-qrcode
    cwd           (null — this platform has no such root)
  == WRITES the script actually performed ==
    systemfs      1
        /dev/dtracehelper
    jailHome      5  (base profile already grants this — NOT billed)
        /Users/runner/v2m-J7kvLT/jailhome/.npm/_logs/2026-09-08T04_19_25_524Z-debug-0.log
        /Users/runner/v2m-J7kvLT/jailhome/.config
        /Users/runner/v2m-J7kvLT/jailhome/.config/configstore
        /Users/runner/v2m-J7kvLT/jailhome/.config/configstore/update-notifier-patch-package.json.2871619516
        /Users/runner/v2m-J7kvLT/jailhome/.config/configstore/update-notifier-patch-package.json
    jailTmp     184  (base profile already grants this — NOT billed)
        /private/var/folders/bl/vzjcvbz95c3dk19cb0fw46180000gn/T/nub-tmp-obsxxuMjv/node-compile-cache/v22.23.2-arm64-2b4477fa-501/acdef71a.PGKQcX
        /private/var/folders/bl/vzjcvbz95c3dk19cb0fw46180000gn/T/nub-tmp-obsxxuMjv/node-compile-cache/v22.23.2-arm64-2b4477fa-501/acdef71a
        /private/var/folders/bl/vzjcvbz95c3dk19cb0fw46180000gn/T/nub-tmp-obsxxuMjv/node-compile-cache/v22.23.2-arm64-2b4477fa-501/4adaa53e.IkDlJd
        /private/var/folders/bl/vzjcvbz95c3dk19cb0fw46180000gn/T/nub-tmp-obsxxuMjv/node-compile-cache/v22.23.2-arm64-2b4477fa-501/4adaa53e
        /private/var/folders/bl/vzjcvbz95c3dk19cb0fw46180000gn/T/nub-tmp-obsxxuMjv/node-compile-cache/v22.23.2-arm64-2b4477fa-501/68bf14e2.fO9XIL
        /private/var/folders/bl/vzjcvbz95c3dk19cb0fw46180000gn/T/nub-tmp-obsxxuMjv/node-compile-cache/v22.23.2-arm64-2b4477fa-501/68bf14e2
        /private/var/folders/bl/vzjcvbz95c3dk19cb0fw46180000gn/T/nub-tmp-obsxxuMjv/node-compile-cache/v22.23.2-arm64-2b4477fa-501/804ef94f.eFtwuh
        /private/var/folders/bl/vzjcvbz95c3dk19cb0fw46180000gn/T/nub-tmp-obsxxuMjv/node-compile-cache/v22.23.2-arm64-2b4477fa-501/804ef94f
        /private/var/folders/bl/vzjcvbz95c3dk19cb0fw46180000gn/T/nub-tmp-obsxxuMjv/node-compile-cache/v22.23.2-arm64-2b4477fa-501/92cc0df7.F0xfOo
        /private/var/folders/bl/vzjcvbz95c3dk19cb0fw46180000gn/T/nub-tmp-obsxxuMjv/node-compile-cache/v22.23.2-arm64-2b4477fa-501/92cc0df7
        … and 174 more
  == READS the script performed, by scope ==
    outside       9
    systemfs     12
    userHome    123
    project       1
    jailHome      2
    ownPkg        2
    deps        462
        outside: /
        outside: /bin/bash
        outside: /bin
        outside: /usr/bin/env
        outside: /usr/bin
        outside: /var/db/timezone/icutz/icutz44l.dat
        outside: /etc/localtime
        outside: /var/db/timezone/zoneinfo/posixrules
        outside: /bin/sh
  == NETWORK ==
    AF_INET connects: 0   distinct peers: 0
  == REFUSALS (errno EPERM/EACCES/EROFS only; ENOENT is a miss, not a denial) ==
    distinct: 0
  == SYNTHESIZED GRANT (verify this in the real unprivileged jail) ==
    {"writePaths":[".config/configstore"]}
  == writePaths (DERIVED — promotion out of the package's PRIVATE home) ==
    private-home writes observed: 5
        .config/configstore
  == writePaths FEASIBILITY (distinct writes outside project/deps) ==
    count: 0
  scaffold: 1 dependency package(s) with lifecycle scripts granted a fixed wide grant
  EVICT[synth] 71 store entries removed, 5 spared as nub tooling, 311 in store
OSV-SCREEN {"schemaVersion":1,"kind":"nub-synth-resolved","status":"clean","digest":"f6a132bf9940efea0d361c8eeaae38183cd1906c16113fef7bc426b1c36a5653","specCount":196,"lockfiles":{"digest":"4ff1e6b6130ec786319823e9b9e4653e37e2246c2892b8f7c4450fd562a5748f","files":[{"path":"nub.lock","sha256":"952f2dee3cec3d17fef4764d6db57d1122cc19353db5f0f96adaad0ab660df8b","bytes":49319}]},"maliciousAdvisories":[],"screenedAt":"2026-09-08T04:19:32.947Z","cacheHit":false,"clearancePath":"/Users/runner/v2m-J7kvLT/security/nub-synth-resolved.json"}
  SECURITY nub-synth-resolved clean: 196 exact package-version(s), tree f6a132bf9940
  VENUE-STORE-LAYOUT isolated
  VERIFY[synth] rc=0 artifacts=41/41 missing=0 shortfall=none (tree 28777/7982) OVERRIDDEN=3 REJECTED=0 grant={"writePaths":[".config/configstore"]}
  => VERIFIED {"writePaths":[".config/configstore"]}
  NARROW    no capability to drop — the grant is already empty; over-prediction is 0 by construction
### DONE angularx-qrcode@1.7.0-beta.5  synthesized={"writePaths":[".config/configstore"]} verified=1
