### type-graphql@2.0.0-beta.1   (/home/runner/v2-UAzCL6)
  CI-ENV scrubbed: CI GITHUB_ACTIONS
OSV-SCREEN {"schemaVersion":1,"kind":"direct","status":"clean","digest":"76647144ec2223bd49882cc2d6f86cd3700cfdc8055d4ba2636fbf0a957251ed","specCount":1,"lockfiles":{"digest":null,"files":[]},"maliciousAdvisories":[],"screenedAt":"2026-09-07T23:38:09.537Z","cacheHit":false,"clearancePath":"/home/runner/v2-UAzCL6/security/direct.json"}
  SECURITY direct clean: 1 exact package-version(s), tree 76647144ec22
  VENUE-OBSERVE-USER {"uid":1001,"user":"runner","umask":"0022","capBnd":"000001ffffffffff","noNewPrivs":"0"}
  VENUE-NUB-BINARY {"path":"/tmp/nub/target/release/nub","sha256":"2a18683f50f7afeb02a521cd3cae175dc2f91780d461c5f012065241f5a1447b","bytes":207643464,"features":{"buildJailCatalogOverride":true,"pythonDontWriteBytecodeEnv":true}}
OSV-SCREEN {"schemaVersion":1,"kind":"npm-observe-resolved","status":"clean","digest":"5b6761b1e653be3c5eeb418832bf1a516f5a0abe16609ff60428afc1e18b22eb","specCount":26,"lockfiles":{"digest":"af9045f82d413f3958c4183844c346169db5a5b8c078bceaab3ef4ed508aa2af","files":[{"path":"package-lock.json","sha256":"3c9a4117316b111354fd952e691d6b45b2a6cfcc60b5cc7c891218c787253984","bytes":10644}]},"maliciousAdvisories":[],"screenedAt":"2026-09-07T23:38:12.301Z","cacheHit":false,"clearancePath":"/home/runner/v2-UAzCL6/security/npm-observe-resolved.json"}
  SECURITY npm-observe-resolved clean: 26 exact package-version(s), tree 5b6761b1e653
  OBSERVE   rc=0 files=3345 trace=10848 lines
  CLOSURE   26 packages evicted per arm
  ARM-FALSIFIABILITY {"manifestFiles":220,"filesTheScriptProduced":0,"reasons":["gate-vacuous","rc-vacuous"]}
  ⛔ ARMS-UNFALSIFIABLE — a green arm for this package carries no evidence:
       gate-vacuous: the script changed no file the artifact gate keys on — every file in the manifest (220) was already present at its final size before the script ran, so the gate passes in every arm including a completely broken one
       rc-vacuous: `postinstall` ends in a status-swallowing construct (`node ./dist/postinstall || exit 0`), so its exit code is 0 whether the work succeeded or failed
       The grant may still be correct; what is missing is a signal that could have gone
       red. Do not read this record's MINIMAL as a passing measurement.
  RAWLOG-FILE /home/runner/v2-UAzCL6/observe/trace.txt.gz
  RAWLOG-CAPTURE /home/runner/v2-UAzCL6/observe/capture.json
  RAWLOG-BYTES raw=2381084 gz=69341
  VENUE-INTERPRETER /opt/hostedtoolcache/node/22.23.2/x64
  VENUE-OVERRIDES {"set":{"HOME":"/home/runner/v2-UAzCL6/jailhome","TMPDIR":"/tmp/nub-tmp-obsP9hW2j","NODE_COMPAT":"1","PLAYWRIGHT_BROWSERS_PATH":"/home/runner/.cache/nub/pm/tools/ms-playwright","ELECTRON_CACHE":"/home/runner/.cache/nub/pm/tools/electron-cache","electron_config_cache":"/home/runner/.cache/nub/pm/tools/electron-cache","npm_config_prefix":"/home/runner/.cache/nub/pm/tools/npm-prefix","PYTHONDONTWRITEBYTECODE":"1","NUB_CACHE_DIR":"/home/runner/v2-UAzCL6/nubcache"},"unset":["CI","GITHUB_ACTIONS"],"passedThrough":{"CI":"true","GITHUB_ACTIONS":"true","NODE_ENV":null}}
  == ATTRIBUTION == attributed pids: 13
    writes  script 0  /  whole traced tree 1088
    sockets script 0  /  whole traced tree 4
  == ROOTS (from capture.json — R2: no ambient reads) ==
    project       /home/runner/v2-UAzCL6/observe
    home          /home/runner
    jailHome      /home/runner/v2-UAzCL6/jailhome
    globalStore   /home/runner/.cache/nub/pm/store   [declared, not keyed on]
    projectStore  /home/runner/v2-UAzCL6/observe/node_modules/.store   [declared, not keyed on]
    interpreter   /opt/hostedtoolcache/node/22.23.2/x64   [declared, not keyed on]
    toolsDir      /home/runner/.cache/nub/pm/tools   [declared, not keyed on]
    temp          /tmp/nub-tmp-obsP9hW2j
    npmPrefix     /home/runner/.cache/nub/pm/tools/npm-prefix
    ownPkg        /home/runner/v2-UAzCL6/observe/node_modules/type-graphql
  == WRITES the script actually performed ==
  == NETWORK ==
    AF_INET sockets: 0   distinct peers: 2
        127.0.0.53:53
        104.16.7.34:443
  == REFUSALS (only `= -1 EACCES/EPERM/EROFS`) ==
    distinct: 0
  == SYNTHESIZED GRANT (verify this in the real unprivileged jail) ==
    {}
  == writePaths (DERIVED — promotion out of the package's PRIVATE home) ==
    private-home writes observed: 0
    none declared — the script wrote nothing into its private home — there is nothing to promote
  == writePaths FEASIBILITY (distinct writes outside project/deps) ==
    count: 0
    EVENTS    4439 distinct from 10741 calls (10849 lines, 85 rejoined, 0 unparsed)
    PROCS     20   lifecycle shells 8
    ⛔ 3 paths with an UNRESOLVED dirfd — kept, marked, never guessed
    unsubscribed/unmapped syscalls: setsockopt×23 getsockname×22 exit×15 getsockopt×9 recvmsg×7 getcwd×4 socketpair×3 shutdown×3
    wrote /home/runner/v2-UAzCL6/observe/events.ndjson.gz (31500 bytes)
  EVENTLOG-FILE /home/runner/v2-UAzCL6/observe/events.ndjson.gz
  EVENTLOG-STATS {"lines":10849,"parsed":10741,"unparsed":0,"unfinished":85,"rejoined":85,"unresolvedDirfd":3,"truncatedArg":0,"procs":20,"lifecyclePids":8,"distinctEvents":4439,"unknownSyscall":{"getsockname":22,"getsockopt":9,"getcwd":4,"recvmsg":7,"exit":15,"setsockopt":23,"sendmmsg":1,"socketpair":3,"shutdown":3,"exit_group":3,"wait4":3},"out":"/home/runner/v2-UAzCL6/observe/events.ndjson.gz","gzipBytes":31500}
  EVICT     9 store entries removed, 1 spared as nub tooling
  SE-PURGE  0 side-effects-cache entries for type-graphql
OSV-SCREEN {"schemaVersion":1,"kind":"nub-synth-resolved","status":"clean","digest":"37e2b6698c9a61ea42e2400048b34deea79bd4bd0d5ef0ed4411ced9f0c58701","specCount":26,"lockfiles":{"digest":"5afd3caf4d2dd635baa719413db6f87e3fffa3977db851017fc5dedb1f16dacb","files":[{"path":"nub.lock","sha256":"0b4970c22872a8b11c4db8b990bb74f0bb4a8584b83110ce7cd1109dce5c710b","bytes":6863}]},"maliciousAdvisories":[],"screenedAt":"2026-09-07T23:38:15.447Z","cacheHit":false,"clearancePath":"/home/runner/v2-UAzCL6/security/nub-synth-resolved.json"}
  SECURITY nub-synth-resolved clean: 26 exact package-version(s), tree 37e2b6698c9a
  VENUE-STORE-LAYOUT isolated
  VERIFY[synth] rc=0 artifacts=220/220 missing=0 shortfall=none (tree 10927/3345) OVERRIDDEN=3 REJECTED=0 grant={}
  => VERIFIED {}   (observed, then verified)
  DESCEND   grant is already empty — nothing to narrow; MINIMAL by construction.
