### @carbon/icon-helpers@10.82.0   (D:\jail\m-carboniconhelpers-mtvftpky)
  CI-ENV scrubbed: CI GITHUB_ACTIONS
OSV-SCREEN {"schemaVersion":1,"kind":"direct","status":"clean","digest":"d582e3bc34bcbae1aa2023daa0ce4aa488ea1743a91944b746590de186c1d467","specCount":1,"lockfiles":{"digest":null,"files":[]},"maliciousAdvisories":[],"screenedAt":"2026-09-10T11:22:09.943Z","cacheHit":false,"clearancePath":"D:\\jail\\m-carboniconhelpers-mtvftpky\\security\\direct.json"}
  SECURITY direct clean: 1 exact package-version(s), tree d582e3bc34bc
OSV-SCREEN {"schemaVersion":1,"kind":"npm-observe-resolved","status":"clean","digest":"7ca14cf3f46bebd8c81e81d8093cd05ae81e333820af1aff1601c34acc4a0fab","specCount":2,"lockfiles":{"digest":"fd63a5c0e68b58ad5bf2e2b6f4e7defb2b31f0bc8c95ac64566110e85e49e12c","files":[{"path":"package-lock.json","sha256":"756f8240f7358ab53c6996a4bb16ed53499c278483249be7859337188171111d","bytes":1046}]},"maliciousAdvisories":[],"screenedAt":"2026-09-10T11:22:11.111Z","cacheHit":false,"clearancePath":"D:\\jail\\m-carboniconhelpers-mtvftpky\\security\\npm-observe-resolved.json"}
  SECURITY npm-observe-resolved clean: 2 exact package-version(s), tree 7ca14cf3f46b
  CAPTURE user=runnervmeef0v\runneradmin elevated=True rootPid=3788 exit=0 events=25930 lost=0
  VENUE-OBSERVE-USER runnervmeef0v\runneradmin elevated=true privDropped={"SeBackupPrivilege":"removed","SeRestorePrivilege":"removed","SeTakeOwnershipPrivilege":"removed"}
  OBSERVE artifacts: 22 files  (D:\jail\m-carboniconhelpers-mtvftpky\observe\node_modules\@carbon\icon-helpers)
  ARM-FALSIFIABILITY {"manifestFiles":22,"filesTheScriptProduced":0,"reasons":["gate-vacuous"]}
  ⛔ ARMS-UNFALSIFIABLE — a green arm for this package carries no evidence:
       gate-vacuous: the script changed no file the artifact gate keys on — every file in the manifest (22) was already present at its final size before the script ran, so the gate passes in every arm including a completely broken one
       The grant may still be correct; what is missing is a signal that could have gone
       red. Do not read this record's MINIMAL as a passing measurement.
  CLOSURE 2 packages evicted per arm
  8.3 MAP 0 components resolved on runnervmeef0v, folded into capture.json
  == ROOTS (from capture.json — R2: no ambient reads) ==
    project       D:\jail\m-carboniconhelpers-mtvftpky\observe   [keyed on]
    home          C:\Users\runneradmin   [keyed on]
    jailHome      (null — declared inapplicable)
    globalStore   C:\Users\runneradmin\AppData\Local\nub\pm\store
    projectStore  D:\jail\m-carboniconhelpers-mtvftpky\observe\node_modules\.store
    interpreter   C:\hostedtoolcache\windows\node\22.23.2\x64\node.exe
    toolsDir      C:\Users\runneradmin\AppData\Local\nub\pm\tools
    temp          D:\jail\m-carboniconhelpers-mtvftpky\tmp   [keyed on]
    npmPrefix     (null — declared inapplicable)
    ownPkg        D:\jail\m-carboniconhelpers-mtvftpky\observe\node_modules\@carbon\icon-helpers
  == ATTRIBUTION == lifecycle pids: 2 (root 3788)
    writes  script 0  /  whole traced tree 7
    peers   script 0  /  whole traced tree 0
  == WRITES ==
  == READS ==
    deps          9
    outside       6
    project       1
    systemfs     28
  == NETWORK ==
    distinct peers: 0
  == REFUSALS (adapter-classified) ==
    distinct: 0
  == SYNTHESIZED GRANT (verify this in the real unprivileged jail) ==
    {}
  RAW       etw-raw.xml.gz  33064086 B xml -> 505863 B gz (65.4x)  sha256 6a79e8a193c20b98…
  HEADER    etw-header.json (5092 bytes)
  DERIVED   5832 distinct from 7273 kept ops (25930 xml events, 2789 out of subtree)
  PROCS     4   thread-reattributed 0
  8.3       0 expanded, 0 kept short, 0 not covered  [map: recorded 8.3 map (0 components, resolved on runnervmeef0v)]
  wrote events.ndjson.gz (72776 bytes)
  RAWLOG-CAPTURE D:\jail\m-carboniconhelpers-mtvftpky\cap\capture.json
  VENUE-NUB-BINARY {"path":"C:/Users/RUNNER~1/AppData/Local/Temp/nub/target/release/nub.exe","sha256":"f186817a44be332fee712b4936a071a0b5f9cde18a1d2fdc3a791729d4bf1005","bytes":68717056,"features":{"buildJailCatalogOverride":true,"pythonDontWriteBytecodeEnv":true}}
  VENUE-INTERPRETER C:\hostedtoolcache\windows\node\22.23.2\x64\node.exe
  VENUE-JAIL-ROOT D:\jail\m-carboniconhelpers-mtvftpky
  VENUE-OVERRIDES {"set":{"npm_config_cache":"D:\\jail\\m-carboniconhelpers-mtvftpky\\npm-cache","TMP":"D:\\jail\\m-carboniconhelpers-mtvftpky\\tmp","TEMP":"D:\\jail\\m-carboniconhelpers-mtvftpky\\tmp","TMPDIR":"D:\\jail\\m-carboniconhelpers-mtvftpky\\tmp"},"unset":["CI","GITHUB_ACTIONS"],"notRedirected":{"USERPROFILE":"C:\\Users\\runneradmin","why":"the jail leaves HOME/USERPROFILE alone — `build_jail.rs` sandbox_homes() reads the ambient value and `compiler/defaults.rs` BASELINE_ENV_EXACT passes it through — so there is no private jail home to reproduce and redirecting one would measure an environment no confined script sees"},"passedThrough":{"CI":"true","GITHUB_ACTIONS":"true","NODE_ENV":null}}
  STORE   isolated virtual store at D:\jail\m-carboniconhelpers-mtvftpky\verify-synth\.cache
  VENUE-STORE-LAYOUT isolated
OSV-SCREEN {"schemaVersion":1,"kind":"nub-synth-resolved","status":"clean","digest":"7ca14cf3f46bebd8c81e81d8093cd05ae81e333820af1aff1601c34acc4a0fab","specCount":2,"lockfiles":{"digest":"cfeda5895e16bef17206bb3aab1249199508717663da934e52f4078912aaf36a","files":[{"path":"nub.lock","sha256":"76e21d80d1a8edfeb8a4841614d5fc384ca2ee35c04548abc56178922474e930","bytes":688}]},"maliciousAdvisories":[],"screenedAt":"2026-09-10T11:22:11.111Z","cacheHit":true,"clearancePath":"D:\\jail\\m-carboniconhelpers-mtvftpky\\security\\nub-synth-resolved.json"}
  SECURITY nub-synth-resolved clean: 2 exact package-version(s), tree 7ca14cf3f46b (cached exact-tree clearance)
  VERIFY[synth] rc=0 artifacts=22/22 missing=0 shortfall=none (tree 5711/36) OVERRIDDEN=2 REJECTED=0 grant={}
  => MINIMUM {}   (observed, then verified)
  DESCEND   grant is already empty — nothing to narrow; MINIMAL by construction.
