OSV-SCREEN {"schemaVersion":1,"kind":"direct","status":"clean","digest":"e1c7145509b8d5c8a18b4cab33c88a824e501c650b9fdf19c0332ec8269f2cd1","specCount":1,"lockfiles":{"digest":null,"files":[]},"maliciousAdvisories":[],"screenedAt":"2026-08-31T08:40:47.567Z","cacheHit":false,"clearancePath":"/Users/runner/v2m-NXP5pV/security/direct.json"}
  SECURITY direct clean: 1 exact package-version(s), tree e1c7145509b8
  ERA-NODE PINNED 10.24.1 (provisioned) (arms will run: v10.24.1)
  ERA-PYTHON /Users/runner/hostedtoolcache/Python/3.9.13/arm64/bin/python (Python 3.9.13) for era Node 10, whose node-gyp requires python3-legacy
  ARM-MAKE /usr/bin/make (GNU Make 3.81) — the system make; a build needing GNU Make 4 WILL fail here
### eckles@0.1.1   (/Users/runner/v2m-NXP5pV)   nub=/tmp/nub/target/release/nub
  VENUE-NUB-BINARY {"path":"/tmp/nub/target/release/nub","sha256":"69e622342d0c8393c78fa50a01dc9cc0a94371ac9b106b59bdcc016f06d86d30","bytes":94535576,"features":{"buildJailCatalogOverride":true,"pythonDontWriteBytecodeEnv":true}}
  CI-ENV scrubbed: CI GITHUB_ACTIONS
  --- fbt preflight (advisory; never fails the run) ---
     csrutil: System Integrity Protection status: disabled.
     fbt probes visible: 93577
     fbt enable attempt: dtrace: description 'fbt:::entry ' matched 50357 probes CPU     ID                    FUNCTION:NAME 
     cwd builtin value:  
     fbt chdir symbols:  
     fbt fires on spawn-with-cwd: dtrace: invalid probe specifier fbt::chdir*:entry /progenyof($target)/ { @[probefunc] = count(); }: probe description fbt::chdir*:entry does not match any probes 
  --- end fbt preflight ---
  ERA-RESOLUTION DATED 2018-11-20T15:54:07.553Z (deps as of the package's own publish date + 1d)
OSV-SCREEN {"schemaVersion":1,"kind":"npm-observe-resolved","status":"clean","digest":"e1c7145509b8d5c8a18b4cab33c88a824e501c650b9fdf19c0332ec8269f2cd1","specCount":1,"lockfiles":{"digest":"c95765e1762eefa60e213cc4d6b914dedf38153cf972c6950cb172e7acc63576","files":[{"path":"package-lock.json","sha256":"bdd0e6e825447817c667e6bbec02c65aca5d9bc83893dc70891b944c32df82c1","bytes":596}]},"maliciousAdvisories":[],"screenedAt":"2026-08-31T08:40:47.567Z","cacheHit":true,"clearancePath":"/Users/runner/v2m-NXP5pV/security/npm-observe-resolved.json"}
  SECURITY npm-observe-resolved clean: 1 exact package-version(s), tree e1c7145509b8 (cached exact-tree clearance)
  ARM-PATH SANITISED (dropped 1: /Users/runner/.yarn/bin)
  ARM-AMBIENT-TOOLS none
  ARM-SCAFFOLD none
  ARM-UNPROVIDABLE none
  VENUE-CI-CHILD clean (no CI-detection variable reaches the traced script)
  --- wrapper (run.sh) ---
     cd "/Users/runner/v2m-NXP5pV/Observe"
     sudo -u "runner" -H env "PATH=/Users/runner/v2m-NXP5pV/Observe/node_modules/.bin:/Users/runner/.cache/nub/era-node/10.24.1/node-v10.24.1-darwin-x64/bin:/Users/runner/hostedtoolcache/node/22.23.2/arm64/bin:/opt/homebrew/lib/ruby/gems/3.3.0/bin:/opt/homebrew/opt/ruby@3.3/bin:/Users/runner/.local/bin:/opt/homebrew/bin:/opt/homebrew/sbin:/Users/runner/.cargo/bin:/usr/local/opt/curl/bin:/usr/local/bin:/usr/local/sbin:/Users/runner/bin:/Users/runner/Library/Android/sdk/tools:/Users/runner/Library/Android/sdk/platform-tools:/Library/Frameworks/Python.framework/Versions/Current/bin:/Library/Frameworks/Mono.framework/Versions/Current/Commands:/usr/bin:/bin:/usr/sbin:/sbin:/Users/runner/.dotnet/tools"   "HOME=/Users/runner/v2m-NXP5pV/jailhome"   "TMPDIR=/private/var/folders/_5/zjnzxgh147qcg3bb5cg2wvqw0000gn/T/nub-tmp-obsKsw5yp"   "NODE_COMPAT=1"   "PYTHONDONTWRITEBYTECODE=1"   "PLAYWRIGHT_BROWSERS_PATH=/Users/runner/.cache/nub/pm/tools/ms-playwright"   "ELECTRON_CACHE=/Users/runner/.cache/nub/pm/tools/electron-cache"   "electron_config_cache=/Users/runner/.cache/nub/pm/tools/electron-cache"   "npm_config_prefix=/Users/runner/.cache/nub/pm/tools/npm-prefix"   PYTHON=/Users/runner/hostedtoolcache/Python/3.9.13/arm64/bin/python   npm rebuild --no-audit --no-fund "eckles" > "/Users/runner/v2m-NXP5pV/Observe/npm.log" 2>&1
     echo $? > "/Users/runner/v2m-NXP5pV/Observe/rc"
  --- dtrace stderr + wrapper trace ---
     + cd /Users/runner/v2m-NXP5pV/Observe
     + sudo -u runner -H env PATH=/Users/runner/v2m-NXP5pV/Observe/node_modules/.bin:/Users/runner/.cache/nub/era-node/10.24.1/node-v10.24.1-darwin-x64/bin:/Users/runner/hostedtoolcache/node/22.23.2/arm64/bin:/opt/homebrew/lib/ruby/gems/3.3.0/bin:/opt/homebrew/opt/ruby@3.3/bin:/Users/runner/.local/bin:/opt/homebrew/bin:/opt/homebrew/sbin:/Users/runner/.cargo/bin:/usr/local/opt/curl/bin:/usr/local/bin:/usr/local/sbin:/Users/runner/bin:/Users/runner/Library/Android/sdk/tools:/Users/runner/Library/Android/sdk/platform-tools:/Library/Frameworks/Python.framework/Versions/Current/bin:/Library/Frameworks/Mono.framework/Versions/Current/Commands:/usr/bin:/bin:/usr/sbin:/sbin:/Users/runner/.dotnet/tools HOME=/Users/runner/v2m-NXP5pV/jailhome TMPDIR=/private/var/folders/_5/zjnzxgh147qcg3bb5cg2wvqw0000gn/T/nub-tmp-obsKsw5yp NODE_COMPAT=1 PYTHONDONTWRITEBYTECODE=1 PLAYWRIGHT_BROWSERS_PATH=/Users/runner/.cache/nub/pm/tools/ms-playwright ELECTRON_CACHE=/Users/runner/.cache/nub/pm/tools/electron-cache electron_config_cache=/Users/runner/.cache/nub/pm/tools/electron-cache npm_config_prefix=/Users/runner/.cache/nub/pm/tools/npm-prefix PYTHON=/Users/runner/hostedtoolcache/Python/3.9.13/arm64/bin/python npm rebuild --no-audit --no-fund eckles
     dtrace: error on enabled probe ID 128 (ID 286: syscall::execve:entry): invalid address (0x600003d150e0) in action #1 at DIF offset 20
     + echo 0
  OBSERVE   rc=0 dtrace_rc=0 files=22 (pre=20) trace=10201 lines
  CLOSURE   1 packages evicted per arm   store=/Users/runner/.cache/nub/pm/store
  RAWLOG-FILE /Users/runner/v2m-NXP5pV/Observe/trace.txt.gz
  RAWLOG-CAPTURE /Users/runner/v2m-NXP5pV/Observe/capture.json
  RAWLOG-BYTES raw=1498424 gz=62302
  VENUE-INTERPRETER /Users/runner/hostedtoolcache/node/22.23.2/arm64
  VENUE-NODE-SELECTION {"pkg":"eckles","packageVersion":"0.1.1","major":10,"version":"10.24.1","npm":"6.14.12","pinnable":true,"engines":null,"publishedAt":"2018-11-19T15:54:07.553Z","eraMajor":10,"startMajor":10,"raisedByEngines":false,"enginesUnsatisfiable":false,"clampedToFloor":false,"clampedToCeiling":false,"matrixFloor":4,"matrixCeiling":26,"lookupFailure":null,"pinned":true,"pinnedBin":"/Users/runner/.cache/nub/era-node/10.24.1/node-v10.24.1-darwin-x64/bin","eraNodeRoot":"/Users/runner/.cache/nub"}
  VENUE-OVERRIDES {"set":{"PATH":"inherited-and-forwarded","HOME":"/Users/runner/v2m-NXP5pV/jailhome","TMPDIR":"/private/var/folders/_5/zjnzxgh147qcg3bb5cg2wvqw0000gn/T/nub-tmp-obsKsw5yp","NODE_COMPAT":"1","PYTHONDONTWRITEBYTECODE":"1","PLAYWRIGHT_BROWSERS_PATH":"/Users/runner/.cache/nub/pm/tools/ms-playwright","ELECTRON_CACHE":"/Users/runner/.cache/nub/pm/tools/electron-cache","electron_config_cache":"/Users/runner/.cache/nub/pm/tools/electron-cache","npm_config_prefix":"/Users/runner/.cache/nub/pm/tools/npm-prefix"},"unset":["(sudo env_reset discards the caller environment; every var above is re-set after it)","CI","GITHUB_ACTIONS"],"passedThrough":{"CI":"true","GITHUB_ACTIONS":"true","NODE_ENV":null}}
  VENUE-OBSERVE-USER runner uid=501 (R7: ordinary non-root user, asserted)
  ARM-FALSIFIABILITY {"manifestFiles":13,"filesTheScriptProduced":0,"reasons":["gate-vacuous"]}
  ⛔ ARMS-UNFALSIFIABLE — a green arm for this package carries no evidence:
       gate-vacuous: the script changed no file the artifact gate keys on — every file in the manifest (13) was already present at its final size before the script ran, so the gate passes in every arm including a completely broken one
       The grant may still be correct; what is missing is a signal that could have gone
       red. Do not read this record's MINIMAL as a passing measurement.
  EVENTLOG-FILE /Users/runner/v2m-NXP5pV/Observe/events.ndjson.gz
  EVENTLOG-STATS {"lines":10202,"parsed":10184,"unparsed":0,"live":true,"tracerErrors":1,"tracerErrorTotal":1,"unresolvedDirfd":21,"unresolvedFd":0,"pairedTwoPath":1,"danglingPair":0,"failed":7956,"enoent":7951,"refusals":0,"byErrno":{"ENXIO":3,"ENOENT":7951,"EEXIST":2},"procs":5,"lifecyclePids":1,"distinctEvents":4527,"emitted":4527,"calls":10147,"bytes":773072,"gzipBytes":31574,"out":"/Users/runner/v2m-NXP5pV/Observe/events.ndjson"}
  == TRACER == live=true decodable-events=652 dropped-events=1
    NOTE 14 relative path(s) under a non-AT_FDCWD dirfd were not
       scope-assigned: resolving them against the cwd would invent a path.
    ⛔ CWD-UNOBSERVED 4 relative path(s) (0 write(s)) came from a lifecycle
       process whose own cwd was never observed
       macOS spawns with posix_spawn addchdir_np, which changes directory in-kernel and
       emits no chdir syscall, so the inherited cwd cannot be trusted. These are NOT
       scope-assigned; the grant below is WIDENED instead so it covers wherever they landed.
         pid=43808 read  unproven .
         pid=43808 read  unproven .
         pid=43808 read  unproven .
         pid=43808 read  unproven .
    ⛔ THE TRACER DROPPED 1 EVENT(S). A dropped event is a path never
       seen, so the grant below can only be too NARROW — the direction that breaks installs.
       Treat it as a FLOOR, not a measurement, until the adapter fault is fixed:
             1 x  epid=128 action=1 fault=1 addr=0x600003d150e0
  == ATTRIBUTION == lifecycle pids: 1
    writes  script 0  /  whole traced subtree 8
    sockets script 1  /  whole traced subtree 1
  == ROOTS (from /Users/runner/v2m-NXP5pV/Observe/capture.json; the classifier reads no other source) ==
    project       /Users/runner/v2m-NXP5pV/Observe
    home          /Users/runner
    jailHome      /Users/runner/v2m-NXP5pV/jailhome
    globalStore   /Users/runner/.cache/nub/pm/store
    projectStore  /Users/runner/v2m-NXP5pV/Observe/node_modules/.store
    interpreter   /Users/runner/hostedtoolcache/node/22.23.2/arm64
    toolsDir      /Users/runner/.cache/nub/pm/tools
    temp          /private/var/folders/_5/zjnzxgh147qcg3bb5cg2wvqw0000gn/T/nub-tmp-obsKsw5yp
    npmPrefix     /Users/runner/.cache/nub/pm/tools/npm-prefix
    ownPkg        /Users/runner/v2m-NXP5pV/Observe/node_modules/eckles
    cwd           (null — this platform has no such root)
  == WRITES the script actually performed ==
  == READS the script performed, by scope ==
    systemfs     11
    outside       7
    userHome      2
    ownPkg        2
        outside: /
        outside: /bin/sh
        outside: /bin
        outside: /bin/bash
        outside: /etc/resolv.conf
        outside: /var/db/timezone/zoneinfo/UTC
        outside: /var/db/timezone/zoneinfo/posixrules
  == NETWORK ==
    AF_INET connects: 1   distinct peers: 1
        166.70.149.8:443
  == REFUSALS (errno EPERM/EACCES/EROFS only; ENOENT is a miss, not a denial) ==
    distinct: 0
  == SYNTHESIZED GRANT (verify this in the real unprivileged jail) ==
    {"network":true}
  == writePaths (DERIVED — promotion out of the package's PRIVATE home) ==
    private-home writes observed: 0
    none declared — the script wrote nothing into its private home — there is nothing to promote
  == writePaths FEASIBILITY (distinct writes outside project/deps) ==
    count: 0
  EVICT[synth] 0 store entries removed, 0 spared as nub tooling, 544 in store
OSV-SCREEN {"schemaVersion":1,"kind":"nub-synth-resolved","status":"clean","digest":"e1c7145509b8d5c8a18b4cab33c88a824e501c650b9fdf19c0332ec8269f2cd1","specCount":1,"lockfiles":{"digest":"e37e51527f191863a05fdcff4b602535c1aecc80706fb14716216a34405cc37d","files":[{"path":"nub.lock","sha256":"e76f70c86f434f066cf1d255b4de4e3bb5bc81b166fd35774809d6ef84d297df","bytes":393}]},"maliciousAdvisories":[],"screenedAt":"2026-08-31T08:40:47.567Z","cacheHit":true,"clearancePath":"/Users/runner/v2m-NXP5pV/security/nub-synth-resolved.json"}
  SECURITY nub-synth-resolved clean: 1 exact package-version(s), tree e1c7145509b8 (cached exact-tree clearance)
  VENUE-STORE-LAYOUT isolated
  VERIFY[synth] rc=0 artifacts=13/13 missing=0 shortfall=none (tree 49/22) OVERRIDDEN=3 REJECTED=0 grant={"network":true}
  => VERIFIED {"network":true}
  EVICT[nar-no-network] 1 store entries removed, 0 spared as nub tooling, 578 in store
OSV-SCREEN {"schemaVersion":1,"kind":"nub-nar-no-network-resolved","status":"clean","digest":"e1c7145509b8d5c8a18b4cab33c88a824e501c650b9fdf19c0332ec8269f2cd1","specCount":1,"lockfiles":{"digest":"e37e51527f191863a05fdcff4b602535c1aecc80706fb14716216a34405cc37d","files":[{"path":"nub.lock","sha256":"e76f70c86f434f066cf1d255b4de4e3bb5bc81b166fd35774809d6ef84d297df","bytes":393}]},"maliciousAdvisories":[],"screenedAt":"2026-08-31T08:40:47.567Z","cacheHit":true,"clearancePath":"/Users/runner/v2m-NXP5pV/security/nub-nar-no-network-resolved.json"}
  SECURITY nub-nar-no-network-resolved clean: 1 exact package-version(s), tree e1c7145509b8 (cached exact-tree clearance)
  VERIFY[nar-no-network] rc=0 artifacts=13/13 missing=0 shortfall=none (tree 49/22) OVERRIDDEN=3 REJECTED=0 grant={}
     ⛔ OVER-PREDICTED — the strictly narrower {} also verifies; 'no-network' was not needed
### DONE eckles@0.1.1  synthesized={"network":true} verified=1
