OSV-SCREEN {"schemaVersion":1,"kind":"direct","status":"clean","digest":"e364ee7c36e52b0aae43018c900c763797e3e90689ae179a4b202bc171f7ed71","specCount":1,"lockfiles":{"digest":null,"files":[]},"maliciousAdvisories":[],"screenedAt":"2026-09-08T04:30:44.731Z","cacheHit":false,"clearancePath":"/Users/runner/v2m-XSPHiZ/security/direct.json"}
  SECURITY direct clean: 1 exact package-version(s), tree e364ee7c36e5
### secp256k1@3.8.1   (/Users/runner/v2m-XSPHiZ)   nub=/tmp/nub/target/release/nub
  VENUE-NUB-BINARY {"path":"/tmp/nub/target/release/nub","sha256":"f923f9d246b7061a3e88675efb7b4fdcda741d02368002ce6e7f7044b01e7bbe","bytes":93818888,"features":{"buildJailCatalogOverride":true,"pythonDontWriteBytecodeEnv":true}}
  CI-ENV scrubbed: CI GITHUB_ACTIONS
  --- fbt preflight (advisory; never fails the run) ---
     csrutil: System Integrity Protection status: disabled.
     fbt probes visible: 93591
     fbt enable attempt: dtrace: description 'fbt:::entry ' matched 50364 probes CPU     ID                    FUNCTION:NAME 
     cwd builtin value:  
     fbt chdir symbols:  
     fbt fires on spawn-with-cwd: dtrace: invalid probe specifier fbt::chdir*:entry /progenyof($target)/ { @[probefunc] = count(); }: probe description fbt::chdir*:entry does not match any probes 
  --- end fbt preflight ---
OSV-SCREEN {"schemaVersion":1,"kind":"npm-observe-resolved","status":"clean","digest":"00b7ee480c22f4c81c8826fa293dab1722664158949ebbad5ed9ff24d0cd3d99","specCount":59,"lockfiles":{"digest":"fe518dc872f4b2609c56c0f4baf308b5d60506a1918fa76fcec12e9942886098","files":[{"path":"package-lock.json","sha256":"ddfe835e8ea0a94707a07f7c302d0f52762e8ff3fa9a00dd8262f5b6b47760c5","bytes":26423}]},"maliciousAdvisories":[],"screenedAt":"2026-09-08T04:30:52.224Z","cacheHit":false,"clearancePath":"/Users/runner/v2m-XSPHiZ/security/npm-observe-resolved.json"}
  SECURITY npm-observe-resolved clean: 59 exact package-version(s), tree 00b7ee480c22
  VENUE-CI-CHILD clean (no CI-detection variable reaches the traced script)
  --- wrapper (run.sh) ---
     cd "/Users/runner/v2m-XSPHiZ/Observe"
     sudo -u "runner" -H env "PATH=$PATH"   "HOME=/Users/runner/v2m-XSPHiZ/jailhome"   "TMPDIR=/private/var/folders/bl/vzjcvbz95c3dk19cb0fw46180000gn/T/nub-tmp-obsejgoVi"   "NODE_COMPAT=1"   "PYTHONDONTWRITEBYTECODE=1"   "PLAYWRIGHT_BROWSERS_PATH=/Users/runner/.cache/nub/pm/tools/ms-playwright"   "ELECTRON_CACHE=/Users/runner/.cache/nub/pm/tools/electron-cache"   "electron_config_cache=/Users/runner/.cache/nub/pm/tools/electron-cache"   "npm_config_prefix=/Users/runner/.cache/nub/pm/tools/npm-prefix"   "/Users/runner/hostedtoolcache/node/22.23.2/arm64/bin/npm" rebuild --no-audit --no-fund "secp256k1" > "/Users/runner/v2m-XSPHiZ/Observe/npm.log" 2>&1
     echo $? > "/Users/runner/v2m-XSPHiZ/Observe/rc"
  --- dtrace stderr + wrapper trace ---
     + cd /Users/runner/v2m-XSPHiZ/Observe
     + sudo -u runner -H env PATH=/Users/runner/hostedtoolcache/node/22.23.2/arm64/bin:/opt/homebrew/lib/ruby/gems/3.3.0/bin:/opt/homebrew/opt/ruby@3.3/bin:/Users/runner/.local/bin:/opt/homebrew/bin:/opt/homebrew/sbin:/Users/runner/.cargo/bin:/usr/local/opt/curl/bin:/usr/local/bin:/usr/local/sbin:/Users/runner/bin:/Users/runner/.yarn/bin:/Users/runner/Library/Android/sdk/tools:/Users/runner/Library/Android/sdk/platform-tools:/Library/Frameworks/Python.framework/Versions/Current/bin:/Library/Frameworks/Mono.framework/Versions/Current/Commands:/usr/bin:/bin:/usr/sbin:/sbin:/Users/runner/.dotnet/tools HOME=/Users/runner/v2m-XSPHiZ/jailhome TMPDIR=/private/var/folders/bl/vzjcvbz95c3dk19cb0fw46180000gn/T/nub-tmp-obsejgoVi NODE_COMPAT=1 PYTHONDONTWRITEBYTECODE=1 PLAYWRIGHT_BROWSERS_PATH=/Users/runner/.cache/nub/pm/tools/ms-playwright ELECTRON_CACHE=/Users/runner/.cache/nub/pm/tools/electron-cache electron_config_cache=/Users/runner/.cache/nub/pm/tools/electron-cache npm_config_prefix=/Users/runner/.cache/nub/pm/tools/npm-prefix /Users/runner/hostedtoolcache/node/22.23.2/arm64/bin/npm rebuild --no-audit --no-fund secp256k1
     dtrace: error on enabled probe ID 128 (ID 286: syscall::execve:entry): invalid address (0x6000030b8000) in action #1 at DIF offset 20
     dtrace: error on enabled probe ID 128 (ID 286: syscall::execve:entry): invalid address (0x6000013bc0e0) in action #5 at DIF offset 88
     dtrace: error on enabled probe ID 128 (ID 286: syscall::execve:entry): invalid address (0x656d616e75) in action #6 at DIF offset 88
     dtrace: error on enabled probe ID 128 (ID 286: syscall::execve:entry): invalid address (0x656d616e75) in action #6 at DIF offset 88
     dtrace: error on enabled probe ID 128 (ID 286: syscall::execve:entry): invalid address (0x656d616e75) in action #6 at DIF offset 88
     dtrace: error on enabled probe ID 128 (ID 286: syscall::execve:entry): invalid address (0x656d616e75) in action #6 at DIF offset 88
     dtrace: error on enabled probe ID 128 (ID 286: syscall::execve:entry): invalid address (0x656d616e75) in action #6 at DIF offset 88
     dtrace: error on enabled probe ID 128 (ID 286: syscall::execve:entry): invalid address (0x656d616e75) in action #6 at DIF offset 88
     dtrace: error on enabled probe ID 128 (ID 286: syscall::execve:entry): invalid address (0x656d616e75) in action #6 at DIF offset 88
     dtrace: error on enabled probe ID 128 (ID 286: syscall::execve:entry): invalid address (0x656d616e75) in action #6 at DIF offset 88
     dtrace: error on enabled probe ID 128 (ID 286: syscall::execve:entry): invalid address (0x656d616e75) in action #6 at DIF offset 88
     dtrace: error on enabled probe ID 128 (ID 286: syscall::execve:entry): invalid address (0x656d616e75) in action #6 at DIF offset 88
     dtrace: error on enabled probe ID 128 (ID 286: syscall::execve:entry): invalid address (0x656d616e75) in action #6 at DIF offset 88
     dtrace: error on enabled probe ID 128 (ID 286: syscall::execve:entry): invalid address (0x656d616e75) in action #6 at DIF offset 88
     dtrace: error on enabled probe ID 128 (ID 286: syscall::execve:entry): invalid address (0x656d616e75) in action #6 at DIF offset 88
     dtrace: error on enabled probe ID 128 (ID 286: syscall::execve:entry): invalid address (0x656d616e75) in action #6 at DIF offset 88
     dtrace: error on enabled probe ID 128 (ID 286: syscall::execve:entry): invalid address (0x656d616e75) in action #6 at DIF offset 88
     dtrace: error on enabled probe ID 128 (ID 286: syscall::execve:entry): invalid address (0x656d616e75) in action #6 at DIF offset 88
     dtrace: error on enabled probe ID 128 (ID 286: syscall::execve:entry): invalid address (0x656d616e75) in action #6 at DIF offset 88
     dtrace: error on enabled probe ID 128 (ID 286: syscall::execve:entry): invalid address (0x656d616e75) in action #6 at DIF offset 88
     dtrace: error on enabled probe ID 128 (ID 286: syscall::execve:entry): invalid address (0x656d616e75) in action #6 at DIF offset 88
     dtrace: error on enabled probe ID 128 (ID 286: syscall::execve:entry): invalid address (0x656d616e75) in action #6 at DIF offset 88
     dtrace: error on enabled probe ID 128 (ID 286: syscall::execve:entry): invalid address (0x656d616e75) in action #6 at DIF offset 88
     dtrace: error on enabled probe ID 128 (ID 286: syscall::execve:entry): invalid address (0x656d616e75) in action #6 at DIF offset 88
     dtrace: error on enabled probe ID 128 (ID 286: syscall::execve:entry): invalid address (0x656d616e75) in action #6 at DIF offset 88
     dtrace: error on enabled probe ID 128 (ID 286: syscall::execve:entry): invalid address (0x656d616e75) in action #6 at DIF offset 88
     dtrace: error on enabled probe ID 128 (ID 286: syscall::execve:entry): invalid address (0x656d616e75) in action #6 at DIF offset 88
     dtrace: error on enabled probe ID 128 (ID 286: syscall::execve:entry): invalid address (0x656d616e75) in action #6 at DIF offset 88
  OBSERVE   rc=0 dtrace_rc=0 files=817 (pre=790) trace=126082 lines
  CLOSURE   57 packages evicted per arm   store=/Users/runner/.cache/nub/pm/store
  RAWLOG-FILE /Users/runner/v2m-XSPHiZ/Observe/trace.txt.gz
  RAWLOG-CAPTURE /Users/runner/v2m-XSPHiZ/Observe/capture.json
  RAWLOG-BYTES raw=21143886 gz=752302
  VENUE-INTERPRETER /Users/runner/hostedtoolcache/node/22.23.2/arm64
  VENUE-OVERRIDES {"set":{"PATH":"inherited-and-forwarded","HOME":"/Users/runner/v2m-XSPHiZ/jailhome","TMPDIR":"/private/var/folders/bl/vzjcvbz95c3dk19cb0fw46180000gn/T/nub-tmp-obsejgoVi","NODE_COMPAT":"1","PYTHONDONTWRITEBYTECODE":"1","PLAYWRIGHT_BROWSERS_PATH":"/Users/runner/.cache/nub/pm/tools/ms-playwright","ELECTRON_CACHE":"/Users/runner/.cache/nub/pm/tools/electron-cache","electron_config_cache":"/Users/runner/.cache/nub/pm/tools/electron-cache","npm_config_prefix":"/Users/runner/.cache/nub/pm/tools/npm-prefix"},"unset":["(sudo env_reset discards the caller environment; every var above is re-set after it)","CI","GITHUB_ACTIONS"],"passedThrough":{"CI":"true","GITHUB_ACTIONS":"true","NODE_ENV":null}}
  VENUE-OBSERVE-USER runner uid=501 (R7: ordinary non-root user, asserted)
  ARM-FALSIFIABILITY {"manifestFiles":147,"filesTheScriptProduced":25,"reasons":[]}
  EVENTLOG-FILE /Users/runner/v2m-XSPHiZ/Observe/events.ndjson.gz
  EVENTLOG-STATS {"lines":126083,"parsed":125986,"unparsed":0,"live":true,"tracerErrors":46,"tracerErrorTotal":46,"unresolvedDirfd":984,"unresolvedFd":0,"pairedTwoPath":643,"danglingPair":0,"failed":45300,"enoent":24079,"refusals":0,"byErrno":{"ENXIO":101,"ENOENT":24079,"EEXIST":20515,"EINVAL":4,"ENOTEMPTY":601},"procs":201,"lifecyclePids":96,"distinctEvents":69922,"emitted":69922,"calls":124711,"bytes":14047609,"gzipBytes":361196,"out":"/Users/runner/v2m-XSPHiZ/Observe/events.ndjson"}
  == TRACER == live=true decodable-events=58204 dropped-events=46
    NOTE 656 relative path(s) under a non-AT_FDCWD dirfd were not
       scope-assigned: resolving them against the cwd would invent a path.
    ⛔ CWD-UNOBSERVED 395 relative path(s) (25 write(s)) came from a lifecycle
       process whose own cwd was never observed
       macOS spawns with posix_spawn addchdir_np, which changes directory in-kernel and
       emits no chdir syscall, so the inherited cwd cannot be trusted. These are NOT
       scope-assigned; the grant below is WIDENED instead so it covers wherever they landed.
         pid=12273 read  unproven .
         pid=12274 read  unproven .
         pid=12274 read  unproven .
         pid=12309 read  unproven .
         pid=12330 read  unproven .
         pid=12331 read  unproven .
         pid=12348 read  unproven .
         pid=12348 read  unproven .
         pid=12348 read  unproven .
         pid=12348 read  unproven .
         … and 385 more
    CWD-UNPLACEABLE-WRITES ["./Release/.deps/Release/obj.target/secp256k1/src/addon.o.d.raw","./Release/.deps/Release/obj.target/secp256k1/src/ecdh.o.d.raw","./Release/.deps/Release/obj.target/secp256k1/src/ecdsa.o.d.raw","./Release/.deps/Release/obj.target/secp256k1/src/privatekey.o.d.raw","./Release/.deps/Release/obj.target/secp256k1/src/publickey.o.d.raw","./Release/.deps/Release/obj.target/secp256k1/src/secp256k1-src/contrib/lax_der_parsing.o.d.raw","./Release/.deps/Release/obj.target/secp256k1/src/secp256k1-src/contrib/lax_der_privatekey_parsing.o.d.raw","./Release/.deps/Release/obj.target/secp256k1/src/secp256k1-src/src/secp256k1.o.d.raw","./Release/.deps/Release/obj.target/secp256k1/src/signature.o.d.raw","Release","Release/obj.target","Release/obj.target/secp256k1","Release/obj.target/secp256k1/src","Release/obj.target/secp256k1/src/secp256k1-src","Release/obj.target/secp256k1/src/secp256k1-src/contrib","Release/obj.target/secp256k1/src/secp256k1-src/src"]
    CWD-RESOLVED 56 relative path(s) placed against the package dir
       and CONFIRMED by an artifact present after the run — not assumed.
    ⛔ THE TRACER DROPPED 46 EVENT(S). A dropped event is a path never
       seen, so the grant below can only be too NARROW — the direction that breaks installs.
       Treat it as a FLOOR, not a measurement, until the adapter fault is fixed:
            33 x  epid=128 action=6 fault=1 addr=0x656d616e75
             5 x  epid=128 action=1 fault=1 addr=0x103472820
             1 x  epid=128 action=1 fault=1 addr=0x6000030b8000
             1 x  epid=128 action=5 fault=1 addr=0x6000013bc0e0
             1 x  epid=128 action=1 fault=1 addr=0x103811250
             1 x  epid=128 action=1 fault=1 addr=0x103813630
             1 x  epid=8 action=9 fault=1 addr=0x16f1aaa00
             1 x  epid=128 action=6 fault=1 addr=0x600001d4c0a0
             1 x  epid=128 action=6 fault=1 addr=0x60000233c0c0
             1 x  epid=128 action=6 fault=1 addr=0x6000026e01e0
  == ATTRIBUTION == lifecycle pids: 96
    writes  script 6898  /  whole traced subtree 7897
    sockets script 1  /  whole traced subtree 2
  == ROOTS (from /Users/runner/v2m-XSPHiZ/Observe/capture.json; the classifier reads no other source) ==
    project       /Users/runner/v2m-XSPHiZ/Observe
    home          /Users/runner
    jailHome      /Users/runner/v2m-XSPHiZ/jailhome
    globalStore   /Users/runner/.cache/nub/pm/store
    projectStore  /Users/runner/v2m-XSPHiZ/Observe/node_modules/.store
    interpreter   /Users/runner/hostedtoolcache/node/22.23.2/arm64
    toolsDir      /Users/runner/.cache/nub/pm/tools
    temp          /private/var/folders/bl/vzjcvbz95c3dk19cb0fw46180000gn/T/nub-tmp-obsejgoVi
    npmPrefix     /Users/runner/.cache/nub/pm/tools/npm-prefix
    ownPkg        /Users/runner/v2m-XSPHiZ/Observe/node_modules/secp256k1
    cwd           (null — this platform has no such root)
  == WRITES the script actually performed ==
    systemfs      2
        /dev/dtracehelper
        /dev/null
    jailHome   3330  (base profile already grants this — NOT billed)
        /Users/runner/v2m-XSPHiZ/jailhome/.npm/_logs/2026-09-08T04_30_54_359Z-debug-0.log
        /Users/runner/v2m-XSPHiZ/jailhome/Library
        /Users/runner/v2m-XSPHiZ/jailhome/Library/Caches
        /Users/runner/v2m-XSPHiZ/jailhome/Library/Caches/node-gyp
        /Users/runner/v2m-XSPHiZ/jailhome/Library/Caches/node-gyp/22.23.2
        /Users/runner/v2m-XSPHiZ/jailhome/Library/Caches/node-gyp/22.23.2/include
        /Users/runner/v2m-XSPHiZ/jailhome/Library/Caches/node-gyp/22.23.2/include/node
        /Users/runner/v2m-XSPHiZ/jailhome/Library/Caches/node-gyp/22.23.2/include/node/common.gypi
        /Users/runner/v2m-XSPHiZ/jailhome/Library/Caches/node-gyp/22.23.2/include/node/config.gypi
        /Users/runner/v2m-XSPHiZ/jailhome/Library/Caches/node-gyp/22.23.2/include/node/cppgc
        … and 3320 more
    jailTmp    3510  (base profile already grants this — NOT billed)
        /private/var/folders/bl/vzjcvbz95c3dk19cb0fw46180000gn/T/nub-tmp-obsejgoVi/node-gyp-tmp-F6kTtQ
        /private/var/folders/bl/vzjcvbz95c3dk19cb0fw46180000gn/T/nub-tmp-obsejgoVi/node-gyp-tmp-F6kTtQ/include
        /private/var/folders/bl/vzjcvbz95c3dk19cb0fw46180000gn/T/nub-tmp-obsejgoVi/node-gyp-tmp-F6kTtQ/include/node
        /private/var/folders/bl/vzjcvbz95c3dk19cb0fw46180000gn/T/nub-tmp-obsejgoVi/node-gyp-tmp-F6kTtQ/include/node/v8-locker.h
        /private/var/folders/bl/vzjcvbz95c3dk19cb0fw46180000gn/T/nub-tmp-obsejgoVi/node-gyp-tmp-F6kTtQ/include/node/zconf.h
        /private/var/folders/bl/vzjcvbz95c3dk19cb0fw46180000gn/T/nub-tmp-obsejgoVi/node-gyp-tmp-F6kTtQ/include/node/v8config.h
        /private/var/folders/bl/vzjcvbz95c3dk19cb0fw46180000gn/T/nub-tmp-obsejgoVi/node-gyp-tmp-F6kTtQ/include/node/common.gypi
        /private/var/folders/bl/vzjcvbz95c3dk19cb0fw46180000gn/T/nub-tmp-obsejgoVi/node-gyp-tmp-F6kTtQ/include/node/v8-object.h
        /private/var/folders/bl/vzjcvbz95c3dk19cb0fw46180000gn/T/nub-tmp-obsejgoVi/node-gyp-tmp-F6kTtQ/include/node/v8-forward.h
        /private/var/folders/bl/vzjcvbz95c3dk19cb0fw46180000gn/T/nub-tmp-obsejgoVi/node-gyp-tmp-F6kTtQ/include/node/v8-profiler.h
        … and 3500 more
    ownPkg       54  (base profile already grants this — NOT billed)
        /Users/runner/v2m-XSPHiZ/Observe/node_modules/secp256k1/build
        /Users/runner/v2m-XSPHiZ/Observe/node_modules/secp256k1/build/config.gypi
        /Users/runner/v2m-XSPHiZ/Observe/node_modules/secp256k1/build/Makefile
        /Users/runner/v2m-XSPHiZ/Observe/node_modules/secp256k1/build/gyp-mac-tool
        /Users/runner/v2m-XSPHiZ/Observe/node_modules/secp256k1/build/secp256k1.target.mk
        /Users/runner/v2m-XSPHiZ/Observe/node_modules/secp256k1/build/binding.Makefile
        /Users/runner/v2m-XSPHiZ/Observe/node_modules/secp256k1/build/node_gyp_bins
        /Users/runner/v2m-XSPHiZ/Observe/node_modules/secp256k1/build/node_gyp_bins/python3
        /Users/runner/v2m-XSPHiZ/Observe/node_modules/secp256k1/build/Release/.deps
        /Users/runner/v2m-XSPHiZ/Observe/node_modules/secp256k1/build/Release/.deps/Release
        … and 44 more
    outside       2
        /var/folders/bl/vzjcvbz95c3dk19cb0fw46180000gn/T/xcrun_db-WbBnkoCf
        /var/folders/bl/vzjcvbz95c3dk19cb0fw46180000gn/T/xcrun_db
  == READS the script performed, by scope ==
    outside    1103
    systemfs    617
    userHome    379
    project       1
    jailHome     66
    ownPkg       17
    bytecode    107
    jailTmp    3326
    deps          2
        outside: /
        outside: /bin/bash
        outside: /bin
        outside: /usr/bin/env
        outside: /usr/bin
        outside: /var/db/timezone/icutz/icutz44l.dat
        outside: /etc/localtime
        outside: /var/db/timezone/zoneinfo/posixrules
        outside: /bin/sh
        outside: /opt/homebrew/Cellar/python@3.14/3.14.7/Frameworks/Python.framework/Versions/3.14/bin/python3.14
  == NETWORK ==
    AF_INET connects: 1   distinct peers: 1
        104.16.213.131:443
  == REFUSALS (errno EPERM/EACCES/EROFS only; ENOENT is a miss, not a denial) ==
    distinct: 0
  == SYNTHESIZED GRANT (verify this in the real unprivileged jail) ==
    {"write":{"deps":true,"project":true},"network":true,"writePaths":["Library/Caches/node-gyp"]}
    ⛔ 2 writes OUTSIDE project/home — no scope covers these; inspect before granting
  == writePaths (DERIVED — promotion out of the package's PRIVATE home) ==
    private-home writes observed: 3330
        Library/Caches/node-gyp
  == writePaths FEASIBILITY (distinct writes outside project/deps) ==
    count: 2
        /var/folders/bl/vzjcvbz95c3dk19cb0fw46180000gn/T/xcrun_db-WbBnkoCf
        /var/folders/bl/vzjcvbz95c3dk19cb0fw46180000gn/T/xcrun_db
  EVICT[synth] 36 store entries removed, 0 spared as nub tooling, 164 in store
OSV-SCREEN {"schemaVersion":1,"kind":"nub-synth-resolved","status":"clean","digest":"00b7ee480c22f4c81c8826fa293dab1722664158949ebbad5ed9ff24d0cd3d99","specCount":59,"lockfiles":{"digest":"04da9ab249120f2be920aeecf85c9593452d2fd36c59b54541b05633700c1686","files":[{"path":"nub.lock","sha256":"ea44d2c129fcb9e623eaaef7358adecf00c6ae112b7b330bf3c2d97bd399c1ec","bytes":15026}]},"maliciousAdvisories":[],"screenedAt":"2026-09-08T04:30:52.224Z","cacheHit":true,"clearancePath":"/Users/runner/v2m-XSPHiZ/security/nub-synth-resolved.json"}
  SECURITY nub-synth-resolved clean: 59 exact package-version(s), tree 00b7ee480c22 (cached exact-tree clearance)
  VENUE-STORE-LAYOUT isolated
  VERIFY[synth] rc=0 artifacts=146/146 missing=0 shortfall=none (tree 3024/817) OVERRIDDEN=3 REJECTED=0 grant={"write":{"deps":true,"project":true},"network":true,"writePaths":["Library/Caches/node-gyp"]}
  => VERIFIED {"write":{"deps":true,"project":true},"network":true,"writePaths":["Library/Caches/node-gyp"]}
  EVICT[nar-no-network] 59 store entries removed, 0 spared as nub tooling, 187 in store
OSV-SCREEN {"schemaVersion":1,"kind":"nub-nar-no-network-resolved","status":"clean","digest":"00b7ee480c22f4c81c8826fa293dab1722664158949ebbad5ed9ff24d0cd3d99","specCount":59,"lockfiles":{"digest":"04da9ab249120f2be920aeecf85c9593452d2fd36c59b54541b05633700c1686","files":[{"path":"nub.lock","sha256":"ea44d2c129fcb9e623eaaef7358adecf00c6ae112b7b330bf3c2d97bd399c1ec","bytes":15026}]},"maliciousAdvisories":[],"screenedAt":"2026-09-08T04:30:52.224Z","cacheHit":true,"clearancePath":"/Users/runner/v2m-XSPHiZ/security/nub-nar-no-network-resolved.json"}
  SECURITY nub-nar-no-network-resolved clean: 59 exact package-version(s), tree 00b7ee480c22 (cached exact-tree clearance)
  VERIFY[nar-no-network] rc=0 artifacts=146/146 missing=0 shortfall=none (tree 3024/817) OVERRIDDEN=3 REJECTED=0 grant={"write":{"deps":true,"project":true},"writePaths":["Library/Caches/node-gyp"]}
     ⛔ OVER-PREDICTED — the strictly narrower {"write":{"deps":true,"project":true},"writePaths":["Library/Caches/node-gyp"]} also verifies; 'no-network' was not needed
  EVICT[nar-no-write-deps] 59 store entries removed, 0 spared as nub tooling, 187 in store
OSV-SCREEN {"schemaVersion":1,"kind":"nub-nar-no-write-deps-resolved","status":"clean","digest":"00b7ee480c22f4c81c8826fa293dab1722664158949ebbad5ed9ff24d0cd3d99","specCount":59,"lockfiles":{"digest":"04da9ab249120f2be920aeecf85c9593452d2fd36c59b54541b05633700c1686","files":[{"path":"nub.lock","sha256":"ea44d2c129fcb9e623eaaef7358adecf00c6ae112b7b330bf3c2d97bd399c1ec","bytes":15026}]},"maliciousAdvisories":[],"screenedAt":"2026-09-08T04:30:52.224Z","cacheHit":true,"clearancePath":"/Users/runner/v2m-XSPHiZ/security/nub-nar-no-write-deps-resolved.json"}
  SECURITY nub-nar-no-write-deps-resolved clean: 59 exact package-version(s), tree 00b7ee480c22 (cached exact-tree clearance)
  VERIFY[nar-no-write-deps] rc=0 artifacts=146/146 missing=0 shortfall=none (tree 3024/817) OVERRIDDEN=3 REJECTED=0 grant={"write":{"project":true},"network":true,"writePaths":["Library/Caches/node-gyp"]}
     ⛔ OVER-PREDICTED — the strictly narrower {"write":{"project":true},"network":true,"writePaths":["Library/Caches/node-gyp"]} also verifies; 'no-write-deps' was not needed
  EVICT[nar-no-write-project] 59 store entries removed, 0 spared as nub tooling, 187 in store
OSV-SCREEN {"schemaVersion":1,"kind":"nub-nar-no-write-project-resolved","status":"clean","digest":"00b7ee480c22f4c81c8826fa293dab1722664158949ebbad5ed9ff24d0cd3d99","specCount":59,"lockfiles":{"digest":"04da9ab249120f2be920aeecf85c9593452d2fd36c59b54541b05633700c1686","files":[{"path":"nub.lock","sha256":"ea44d2c129fcb9e623eaaef7358adecf00c6ae112b7b330bf3c2d97bd399c1ec","bytes":15026}]},"maliciousAdvisories":[],"screenedAt":"2026-09-08T04:30:52.224Z","cacheHit":true,"clearancePath":"/Users/runner/v2m-XSPHiZ/security/nub-nar-no-write-project-resolved.json"}
  SECURITY nub-nar-no-write-project-resolved clean: 59 exact package-version(s), tree 00b7ee480c22 (cached exact-tree clearance)
  VERIFY[nar-no-write-project] rc=0 artifacts=146/146 missing=0 shortfall=none (tree 3024/817) OVERRIDDEN=3 REJECTED=0 grant={"write":{"deps":true},"network":true,"writePaths":["Library/Caches/node-gyp"]}
     ⛔ OVER-PREDICTED — the strictly narrower {"write":{"deps":true},"network":true,"writePaths":["Library/Caches/node-gyp"]} also verifies; 'no-write-project' was not needed
  EVICT[joint-narrow] 59 store entries removed, 0 spared as nub tooling, 187 in store
OSV-SCREEN {"schemaVersion":1,"kind":"nub-joint-narrow-resolved","status":"clean","digest":"00b7ee480c22f4c81c8826fa293dab1722664158949ebbad5ed9ff24d0cd3d99","specCount":59,"lockfiles":{"digest":"04da9ab249120f2be920aeecf85c9593452d2fd36c59b54541b05633700c1686","files":[{"path":"nub.lock","sha256":"ea44d2c129fcb9e623eaaef7358adecf00c6ae112b7b330bf3c2d97bd399c1ec","bytes":15026}]},"maliciousAdvisories":[],"screenedAt":"2026-09-08T04:30:52.224Z","cacheHit":true,"clearancePath":"/Users/runner/v2m-XSPHiZ/security/nub-joint-narrow-resolved.json"}
  SECURITY nub-joint-narrow-resolved clean: 59 exact package-version(s), tree 00b7ee480c22 (cached exact-tree clearance)
  VERIFY[joint-narrow] rc=0 artifacts=146/146 missing=0 shortfall=none (tree 3024/817) OVERRIDDEN=3 REJECTED=0 grant={"writePaths":["Library/Caches/node-gyp"]}
  => JOINT-NARROW VERIFIED {"writePaths":["Library/Caches/node-gyp"]} — all 3 capabilities drop TOGETHER, measured
### DONE secp256k1@3.8.1  synthesized={"write":{"deps":true,"project":true},"network":true,"writePaths":["Library/Caches/node-gyp"]} verified=1
