### squawk-cli@0.23.0   (/home/runner/v2-jgXeug)
  CI-ENV scrubbed: CI GITHUB_ACTIONS
OSV-SCREEN {"schemaVersion":1,"kind":"direct","status":"clean","digest":"e01597ec640dd617a0c284bae3c88f44050668d128e0c66f043e85a7a78a0477","specCount":1,"lockfiles":{"digest":null,"files":[]},"maliciousAdvisories":[],"screenedAt":"2026-09-09T03:25:20.505Z","cacheHit":false,"clearancePath":"/home/runner/v2-jgXeug/security/direct.json"}
  SECURITY direct clean: 1 exact package-version(s), tree e01597ec640d
  VENUE-OBSERVE-USER {"uid":1001,"user":"runner","umask":"0022","capBnd":"000001ffffffffff","noNewPrivs":"0"}
  VENUE-NUB-BINARY {"path":"/tmp/nub/target/release/nub","sha256":"2a18683f50f7afeb02a521cd3cae175dc2f91780d461c5f012065241f5a1447b","bytes":207643464,"features":{"buildJailCatalogOverride":true,"pythonDontWriteBytecodeEnv":true}}
OSV-SCREEN {"schemaVersion":1,"kind":"npm-observe-resolved","status":"clean","digest":"04998166e59bb8bda16c63cdcb909450c16ba0a34d2a631875643cb7d4f9bafe","specCount":5,"lockfiles":{"digest":"a142b5beb5075a16258c78d29090011f1247613724c67c4505132dc32a52ac42","files":[{"path":"package-lock.json","sha256":"2e4e2e8aa225fc98fd0b8a92d7f3bdbd6b271e52e5adaea2ce1102e768a1ff65","bytes":2239}]},"maliciousAdvisories":[],"screenedAt":"2026-09-09T03:25:21.674Z","cacheHit":false,"clearancePath":"/home/runner/v2-jgXeug/security/npm-observe-resolved.json"}
  SECURITY npm-observe-resolved clean: 5 exact package-version(s), tree 04998166e59b
  OBSERVE   rc=0 files=36 trace=10956 lines
  CLOSURE   5 packages evicted per arm
  ARM-FALSIFIABILITY {"manifestFiles":8,"filesTheScriptProduced":1,"reasons":[]}
  RAWLOG-FILE /home/runner/v2-jgXeug/observe/trace.txt.gz
  RAWLOG-CAPTURE /home/runner/v2-jgXeug/observe/capture.json
  RAWLOG-BYTES raw=2409109 gz=71523
  VENUE-INTERPRETER /opt/hostedtoolcache/node/22.23.2/x64
  VENUE-OVERRIDES {"set":{"HOME":"/home/runner/v2-jgXeug/jailhome","TMPDIR":"/tmp/nub-tmp-obsUJL9OD","NODE_COMPAT":"1","PLAYWRIGHT_BROWSERS_PATH":"/home/runner/.cache/nub/pm/tools/ms-playwright","ELECTRON_CACHE":"/home/runner/.cache/nub/pm/tools/electron-cache","electron_config_cache":"/home/runner/.cache/nub/pm/tools/electron-cache","npm_config_prefix":"/home/runner/.cache/nub/pm/tools/npm-prefix","PYTHONDONTWRITEBYTECODE":"1","NUB_CACHE_DIR":"/home/runner/v2-jgXeug/nubcache"},"unset":["CI","GITHUB_ACTIONS"],"passedThrough":{"CI":"true","GITHUB_ACTIONS":"true","NODE_ENV":null}}
  == ATTRIBUTION == attributed pids: 18
    writes  script 4  /  whole traced tree 1092
    sockets script 5  /  whole traced tree 11
  == ROOTS (from capture.json — R2: no ambient reads) ==
    project       /home/runner/v2-jgXeug/observe
    home          /home/runner
    jailHome      /home/runner/v2-jgXeug/jailhome
    globalStore   /home/runner/.cache/nub/pm/store   [declared, not keyed on]
    projectStore  /home/runner/v2-jgXeug/observe/node_modules/.store   [declared, not keyed on]
    interpreter   /opt/hostedtoolcache/node/22.23.2/x64   [declared, not keyed on]
    toolsDir      /home/runner/.cache/nub/pm/tools   [declared, not keyed on]
    temp          /tmp/nub-tmp-obsUJL9OD
    npmPrefix     /home/runner/.cache/nub/pm/tools/npm-prefix
    ownPkg        /home/runner/v2-jgXeug/observe/node_modules/squawk-cli
  == WRITES the script actually performed ==
    jailHome      3  (base profile already grants this — NOT billed)
        /home/runner/v2-jgXeug/jailhome/.npm/squawk-cli
        /home/runner/v2-jgXeug/jailhome/.npm/squawk-cli/fc1643-squawk-linux-x86-64.16070-27384e120252b.tmp
        /home/runner/v2-jgXeug/jailhome/.npm/squawk-cli/fc1643-squawk-linux-x86-64
    ownPkg        1  (base profile already grants this — NOT billed)
        /home/runner/v2-jgXeug/observe/node_modules/squawk-cli/js/binaries/squawk
  == NETWORK ==
    AF_INET sockets: 5   distinct peers: 3
        127.0.0.53:53
        104.16.6.34:443
        140.82.113.3:443
  == REFUSALS (only `= -1 EACCES/EPERM/EROFS`) ==
    distinct: 0
  == SYNTHESIZED GRANT (verify this in the real unprivileged jail) ==
    {"network":true}
  == writePaths (DERIVED — promotion out of the package's PRIVATE home) ==
    private-home writes observed: 3
    none declared — every write was a FILE at the top of the private home, or landed in a directory the TOOLCHAIN owns (see `writePathsDeny`) — an entry names a directory belonging to the PACKAGE, so there is nothing to name
  == writePaths FEASIBILITY (distinct writes outside project/deps) ==
    count: 0
    EVENTS    4483 distinct from 10906 calls (10957 lines, 23 rejoined, 0 unparsed)
    PROCS     25   lifecycle shells 13
    ⛔ 3 paths with an UNRESOLVED dirfd — kept, marked, never guessed
    unsubscribed/unmapped syscalls: getsockname×31 setsockopt×29 exit×20 getsockopt×13 recvmsg×11 getcwd×4 sendmmsg×3 socketpair×3
    wrote /home/runner/v2-jgXeug/observe/events.ndjson.gz (31732 bytes)
  EVENTLOG-FILE /home/runner/v2-jgXeug/observe/events.ndjson.gz
  EVENTLOG-STATS {"lines":10957,"parsed":10906,"unparsed":0,"unfinished":23,"rejoined":23,"unresolvedDirfd":3,"truncatedArg":0,"procs":25,"lifecyclePids":13,"distinctEvents":4483,"unknownSyscall":{"getsockname":31,"getsockopt":13,"getcwd":4,"recvmsg":11,"exit":20,"setsockopt":29,"sendmmsg":3,"socketpair":3,"shutdown":3,"exit_group":3,"wait4":3},"out":"/home/runner/v2-jgXeug/observe/events.ndjson.gz","gzipBytes":31732}
  EVICT     0 store entries removed, 0 spared as nub tooling
  SE-PURGE  0 side-effects-cache entries for squawk-cli
OSV-SCREEN {"schemaVersion":1,"kind":"nub-synth-resolved","status":"clean","digest":"04998166e59bb8bda16c63cdcb909450c16ba0a34d2a631875643cb7d4f9bafe","specCount":5,"lockfiles":{"digest":"4b33cd141d89800d0c356ebcab44d9dc535a8ee7c890f10fd17de6abff27573c","files":[{"path":"nub.lock","sha256":"8024548358b9c9c9051f360d08f764c8c9e97e6dd8871ffac42d94104252d0fd","bytes":1431}]},"maliciousAdvisories":[],"screenedAt":"2026-09-09T03:25:21.674Z","cacheHit":true,"clearancePath":"/home/runner/v2-jgXeug/security/nub-synth-resolved.json"}
  SECURITY nub-synth-resolved clean: 5 exact package-version(s), tree 04998166e59b (cached exact-tree clearance)
  VENUE-STORE-LAYOUT isolated
  VERIFY[synth] rc=0 artifacts=7/7 missing=0 shortfall=none (tree 106/36) OVERRIDDEN=3 REJECTED=0 grant={"network":true}
  => VERIFIED {"network":true}   (observed, then verified)
  EVICT     5 store entries removed, 0 spared as nub tooling
  SE-PURGE  0 side-effects-cache entries for squawk-cli
OSV-SCREEN {"schemaVersion":1,"kind":"nub-drop-no-network-resolved","status":"clean","digest":"04998166e59bb8bda16c63cdcb909450c16ba0a34d2a631875643cb7d4f9bafe","specCount":5,"lockfiles":{"digest":"4b33cd141d89800d0c356ebcab44d9dc535a8ee7c890f10fd17de6abff27573c","files":[{"path":"nub.lock","sha256":"8024548358b9c9c9051f360d08f764c8c9e97e6dd8871ffac42d94104252d0fd","bytes":1431}]},"maliciousAdvisories":[],"screenedAt":"2026-09-09T03:25:21.674Z","cacheHit":true,"clearancePath":"/home/runner/v2-jgXeug/security/nub-drop-no-network-resolved.json"}
  SECURITY nub-drop-no-network-resolved clean: 5 exact package-version(s), tree 04998166e59b (cached exact-tree clearance)
  VERIFY[drop-no-network] rc=1 artifacts=6/7 missing=1 shortfall=07f997e70de6 (tree 103/36) OVERRIDDEN=3 REJECTED=0 grant={}
       missing: js/binaries/squawk
     'no-network' is NECESSARY — dropping it fails to verify
  => MINIMAL — every capability in {"network":true} is independently necessary
