OSV-SCREEN {"schemaVersion":1,"kind":"direct","status":"clean","digest":"4c19d5ee123589af5fea75549c1ce163c699d919eca7984d2a384e5a4dbfeed0","specCount":1,"lockfiles":{"digest":null,"files":[]},"maliciousAdvisories":[],"screenedAt":"2026-09-08T01:10:29.093Z","cacheHit":false,"clearancePath":"/Users/runner/v2m-3PaHQj/security/direct.json"}
  SECURITY direct clean: 1 exact package-version(s), tree 4c19d5ee1235
### saucectl@0.46.1   (/Users/runner/v2m-3PaHQj)   nub=/tmp/nub/target/release/nub
  VENUE-NUB-BINARY {"path":"/tmp/nub/target/release/nub","sha256":"f923f9d246b7061a3e88675efb7b4fdcda741d02368002ce6e7f7044b01e7bbe","bytes":93818888,"features":{"buildJailCatalogOverride":true,"pythonDontWriteBytecodeEnv":true}}
  CI-ENV scrubbed: CI GITHUB_ACTIONS
  --- fbt preflight (advisory; never fails the run) ---
     csrutil: System Integrity Protection status: disabled.
     fbt probes visible: 93591
     fbt enable attempt: dtrace: description 'fbt:::entry ' matched 50364 probes CPU     ID                    FUNCTION:NAME 
     cwd builtin value:  
     fbt chdir symbols:  
     fbt fires on spawn-with-cwd: dtrace: invalid probe specifier fbt::chdir*:entry /progenyof($target)/ { @[probefunc] = count(); }: probe description fbt::chdir*:entry does not match any probes 
  --- end fbt preflight ---
OSV-SCREEN {"schemaVersion":1,"kind":"npm-observe-resolved","status":"clean","digest":"271708d99589a54e5774372461d140237f31a9872b3d6e7377dbfd2d9bb6f7db","specCount":166,"lockfiles":{"digest":"512a97fd68f004613353ddcb4efc06a6c2dc97794977f1d8eed8c5f578266af7","files":[{"path":"package-lock.json","sha256":"0776a6831e252e4566e3ec2ddf7970a755b2388a7eba034be1b467d155461074","bytes":71112}]},"maliciousAdvisories":[],"screenedAt":"2026-09-08T01:10:36.101Z","cacheHit":false,"clearancePath":"/Users/runner/v2m-3PaHQj/security/npm-observe-resolved.json"}
  SECURITY npm-observe-resolved clean: 166 exact package-version(s), tree 271708d99589
  VENUE-CI-CHILD clean (no CI-detection variable reaches the traced script)
  --- wrapper (run.sh) ---
     cd "/Users/runner/v2m-3PaHQj/Observe"
     sudo -u "runner" -H env "PATH=$PATH"   "HOME=/Users/runner/v2m-3PaHQj/jailhome"   "TMPDIR=/private/var/folders/bl/vzjcvbz95c3dk19cb0fw46180000gn/T/nub-tmp-obsRAjSIO"   "NODE_COMPAT=1"   "PYTHONDONTWRITEBYTECODE=1"   "PLAYWRIGHT_BROWSERS_PATH=/Users/runner/.cache/nub/pm/tools/ms-playwright"   "ELECTRON_CACHE=/Users/runner/.cache/nub/pm/tools/electron-cache"   "electron_config_cache=/Users/runner/.cache/nub/pm/tools/electron-cache"   "npm_config_prefix=/Users/runner/.cache/nub/pm/tools/npm-prefix"   "/Users/runner/hostedtoolcache/node/22.23.2/arm64/bin/npm" rebuild --no-audit --no-fund "saucectl" > "/Users/runner/v2m-3PaHQj/Observe/npm.log" 2>&1
     echo $? > "/Users/runner/v2m-3PaHQj/Observe/rc"
  --- dtrace stderr + wrapper trace ---
     + cd /Users/runner/v2m-3PaHQj/Observe
     + sudo -u runner -H env PATH=/Users/runner/hostedtoolcache/node/22.23.2/arm64/bin:/opt/homebrew/lib/ruby/gems/3.3.0/bin:/opt/homebrew/opt/ruby@3.3/bin:/Users/runner/.local/bin:/opt/homebrew/bin:/opt/homebrew/sbin:/Users/runner/.cargo/bin:/usr/local/opt/curl/bin:/usr/local/bin:/usr/local/sbin:/Users/runner/bin:/Users/runner/.yarn/bin:/Users/runner/Library/Android/sdk/tools:/Users/runner/Library/Android/sdk/platform-tools:/Library/Frameworks/Python.framework/Versions/Current/bin:/Library/Frameworks/Mono.framework/Versions/Current/Commands:/usr/bin:/bin:/usr/sbin:/sbin:/Users/runner/.dotnet/tools HOME=/Users/runner/v2m-3PaHQj/jailhome TMPDIR=/private/var/folders/bl/vzjcvbz95c3dk19cb0fw46180000gn/T/nub-tmp-obsRAjSIO NODE_COMPAT=1 PYTHONDONTWRITEBYTECODE=1 PLAYWRIGHT_BROWSERS_PATH=/Users/runner/.cache/nub/pm/tools/ms-playwright ELECTRON_CACHE=/Users/runner/.cache/nub/pm/tools/electron-cache electron_config_cache=/Users/runner/.cache/nub/pm/tools/electron-cache npm_config_prefix=/Users/runner/.cache/nub/pm/tools/npm-prefix /Users/runner/hostedtoolcache/node/22.23.2/arm64/bin/npm rebuild --no-audit --no-fund saucectl
     dtrace: error on enabled probe ID 128 (ID 286: syscall::execve:entry): invalid address (0x6000024f8090) in action #1 at DIF offset 20
     + echo 0
  OBSERVE   rc=0 dtrace_rc=0 files=1123 (pre=1119) trace=19398 lines
  CLOSURE   152 packages evicted per arm   store=/Users/runner/.cache/nub/pm/store
  RAWLOG-FILE /Users/runner/v2m-3PaHQj/Observe/trace.txt.gz
  RAWLOG-CAPTURE /Users/runner/v2m-3PaHQj/Observe/capture.json
  RAWLOG-BYTES raw=3068835 gz=106205
  VENUE-INTERPRETER /Users/runner/hostedtoolcache/node/22.23.2/arm64
  VENUE-OVERRIDES {"set":{"PATH":"inherited-and-forwarded","HOME":"/Users/runner/v2m-3PaHQj/jailhome","TMPDIR":"/private/var/folders/bl/vzjcvbz95c3dk19cb0fw46180000gn/T/nub-tmp-obsRAjSIO","NODE_COMPAT":"1","PYTHONDONTWRITEBYTECODE":"1","PLAYWRIGHT_BROWSERS_PATH":"/Users/runner/.cache/nub/pm/tools/ms-playwright","ELECTRON_CACHE":"/Users/runner/.cache/nub/pm/tools/electron-cache","electron_config_cache":"/Users/runner/.cache/nub/pm/tools/electron-cache","npm_config_prefix":"/Users/runner/.cache/nub/pm/tools/npm-prefix"},"unset":["(sudo env_reset discards the caller environment; every var above is re-set after it)","CI","GITHUB_ACTIONS"],"passedThrough":{"CI":"true","GITHUB_ACTIONS":"true","NODE_ENV":null}}
  VENUE-OBSERVE-USER runner uid=501 (R7: ordinary non-root user, asserted)
  ARM-FALSIFIABILITY {"manifestFiles":8,"filesTheScriptProduced":2,"reasons":[]}
  EVENTLOG-FILE /Users/runner/v2m-3PaHQj/Observe/events.ndjson.gz
  EVENTLOG-STATS {"lines":19399,"parsed":19379,"unparsed":0,"live":true,"tracerErrors":1,"tracerErrorTotal":1,"unresolvedDirfd":27,"unresolvedFd":0,"pairedTwoPath":541,"danglingPair":0,"failed":9496,"enoent":9490,"refusals":0,"byErrno":{"ENXIO":3,"ENOENT":9490,"EEXIST":3},"procs":7,"lifecyclePids":1,"distinctEvents":10340,"emitted":10340,"calls":18824,"bytes":1848555,"gzipBytes":67978,"out":"/Users/runner/v2m-3PaHQj/Observe/events.ndjson"}
  == TRACER == live=true decodable-events=3806 dropped-events=1
    NOTE 18 relative path(s) under a non-AT_FDCWD dirfd were not
       scope-assigned: resolving them against the cwd would invent a path.
    ⛔ CWD-UNOBSERVED 3 relative path(s) (0 write(s)) came from a lifecycle
       process whose own cwd was never observed
       macOS spawns with posix_spawn addchdir_np, which changes directory in-kernel and
       emits no chdir syscall, so the inherited cwd cannot be trusted. These are NOT
       scope-assigned; the grant below is WIDENED instead so it covers wherever they landed.
         pid=21674 read  unproven .
         pid=21674 read  unproven .
         pid=21674 read  unproven .
    ⛔ THE TRACER DROPPED 1 EVENT(S). A dropped event is a path never
       seen, so the grant below can only be too NARROW — the direction that breaks installs.
       Treat it as a FLOOR, not a measurement, until the adapter fault is fixed:
             1 x  epid=128 action=1 fault=1 addr=0x6000024f8090
  == ATTRIBUTION == lifecycle pids: 1
    writes  script 4  /  whole traced subtree 1094
    sockets script 2  /  whole traced subtree 3
  == ROOTS (from /Users/runner/v2m-3PaHQj/Observe/capture.json; the classifier reads no other source) ==
    project       /Users/runner/v2m-3PaHQj/Observe
    home          /Users/runner
    jailHome      /Users/runner/v2m-3PaHQj/jailhome
    globalStore   /Users/runner/.cache/nub/pm/store
    projectStore  /Users/runner/v2m-3PaHQj/Observe/node_modules/.store
    interpreter   /Users/runner/hostedtoolcache/node/22.23.2/arm64
    toolsDir      /Users/runner/.cache/nub/pm/tools
    temp          /private/var/folders/bl/vzjcvbz95c3dk19cb0fw46180000gn/T/nub-tmp-obsRAjSIO
    npmPrefix     /Users/runner/.cache/nub/pm/tools/npm-prefix
    ownPkg        /Users/runner/v2m-3PaHQj/Observe/node_modules/saucectl
    cwd           (null — this platform has no such root)
  == WRITES the script actually performed ==
    systemfs      1
        /dev/dtracehelper
    ownPkg        3  (base profile already grants this — NOT billed)
        /Users/runner/v2m-3PaHQj/Observe/node_modules/saucectl/bin
        /Users/runner/v2m-3PaHQj/Observe/node_modules/saucectl/bin/LICENSE
        /Users/runner/v2m-3PaHQj/Observe/node_modules/saucectl/bin/saucectl
  == READS the script performed, by scope ==
    outside       5
    systemfs     11
    userHome      2
    ownPkg        6
    deps        398
        outside: /
        outside: /bin/bash
        outside: /bin
        outside: /var/db/timezone/zoneinfo/UTC
        outside: /var/db/timezone/zoneinfo/posixrules
  == NETWORK ==
    AF_INET connects: 2   distinct peers: 2
        172.182.252.133:443
        185.199.111.133:443
  == REFUSALS (errno EPERM/EACCES/EROFS only; ENOENT is a miss, not a denial) ==
    distinct: 0
  == SYNTHESIZED GRANT (verify this in the real unprivileged jail) ==
    {"network":true}
  == writePaths (DERIVED — promotion out of the package's PRIVATE home) ==
    private-home writes observed: 0
    none declared — the script wrote nothing into its private home — there is nothing to promote
  == writePaths FEASIBILITY (distinct writes outside project/deps) ==
    count: 0
  EVICT[synth] 98 store entries removed, 5 spared as nub tooling, 175 in store
OSV-SCREEN {"schemaVersion":1,"kind":"nub-synth-resolved","status":"clean","digest":"1a127eb7cf437f6456417d11b0222a352b747c3ae0a5441fbe27f5cc4d6a25d1","specCount":170,"lockfiles":{"digest":"83096d55617e946c21dc9e40cf2067a5581bc3760f5e0095d8742e1ec0268acf","files":[{"path":"nub.lock","sha256":"59b9ebaa94b81eb46eca1ca95d25db2acbfbe5c1b4680c51bbe300513daf8cfa","bytes":40151}]},"maliciousAdvisories":[],"screenedAt":"2026-09-08T01:10:43.359Z","cacheHit":false,"clearancePath":"/Users/runner/v2m-3PaHQj/security/nub-synth-resolved.json"}
  SECURITY nub-synth-resolved clean: 170 exact package-version(s), tree 1a127eb7cf43
  VENUE-STORE-LAYOUT isolated
  VERIFY[synth] rc=0 artifacts=8/8 missing=0 shortfall=none (tree 4362/1123) OVERRIDDEN=3 REJECTED=0 grant={"network":true}
  => VERIFIED {"network":true}
  EVICT[nar-no-network] 165 store entries removed, 5 spared as nub tooling, 246 in store
OSV-SCREEN {"schemaVersion":1,"kind":"nub-nar-no-network-resolved","status":"clean","digest":"1a127eb7cf437f6456417d11b0222a352b747c3ae0a5441fbe27f5cc4d6a25d1","specCount":170,"lockfiles":{"digest":"83096d55617e946c21dc9e40cf2067a5581bc3760f5e0095d8742e1ec0268acf","files":[{"path":"nub.lock","sha256":"59b9ebaa94b81eb46eca1ca95d25db2acbfbe5c1b4680c51bbe300513daf8cfa","bytes":40151}]},"maliciousAdvisories":[],"screenedAt":"2026-09-08T01:10:43.359Z","cacheHit":true,"clearancePath":"/Users/runner/v2m-3PaHQj/security/nub-nar-no-network-resolved.json"}
  SECURITY nub-nar-no-network-resolved clean: 170 exact package-version(s), tree 1a127eb7cf43 (cached exact-tree clearance)
  VERIFY[nar-no-network] rc=1 artifacts=6/8 missing=2 shortfall=e4e32fdf5a57 (tree 4357/1123) OVERRIDDEN=3 REJECTED=0 grant={}
       missing: bin/LICENSE, bin/saucectl
     narrowing 'no-network' fails ⇒ that capability IS necessary
  => MINIMAL — every capability in {"network":true} is independently necessary
### DONE saucectl@0.46.1  synthesized={"network":true} verified=1
