### @ibm/plex@6.4.1   (D:\jail\m-ibmplex-mtrjnleq)
  CI-ENV scrubbed: CI GITHUB_ACTIONS
OSV-SCREEN {"schemaVersion":1,"kind":"direct","status":"clean","digest":"d4a83f4a8de25b23c14672a7f8bf04c132baa5f89e6f90d0394ef7f953cd5f60","specCount":1,"lockfiles":{"digest":null,"files":[]},"maliciousAdvisories":[],"screenedAt":"2026-09-07T17:58:18.381Z","cacheHit":false,"clearancePath":"D:\\jail\\m-ibmplex-mtrjnleq\\security\\direct.json"}
  SECURITY direct clean: 1 exact package-version(s), tree d4a83f4a8de2
OSV-SCREEN {"schemaVersion":1,"kind":"npm-observe-resolved","status":"clean","digest":"f7abbb0af51b462747e52ced066df037e97b099366750b62b05d46afefa8327f","specCount":2,"lockfiles":{"digest":"1343379f02940564433b75e333b9668ff00d48a086a038f72808e37eab043a07","files":[{"path":"package-lock.json","sha256":"09bf1d9c870055324f131f51541bc0c8216b965cc9f3f007f02f50bb6996af0a","bytes":996}]},"maliciousAdvisories":[],"screenedAt":"2026-09-07T17:58:40.594Z","cacheHit":false,"clearancePath":"D:\\jail\\m-ibmplex-mtrjnleq\\security\\npm-observe-resolved.json"}
  SECURITY npm-observe-resolved clean: 2 exact package-version(s), tree f7abbb0af51b
  CAPTURE user=runnervmeef0v\runneradmin elevated=True rootPid=2660 exit=0 events=30221 lost=0
  VENUE-OBSERVE-USER runnervmeef0v\runneradmin elevated=true privDropped={"SeBackupPrivilege":"removed","SeRestorePrivilege":"removed","SeTakeOwnershipPrivilege":"removed"}
  OBSERVE artifacts: 10261 files  (D:\jail\m-ibmplex-mtrjnleq\observe\node_modules\@ibm\plex)
  ARM-FALSIFIABILITY {"manifestFiles":10308,"filesTheScriptProduced":0,"reasons":["gate-vacuous"]}
  ⛔ ARMS-UNFALSIFIABLE — a green arm for this package carries no evidence:
       gate-vacuous: the script changed no file the artifact gate keys on — every file in the manifest (10308) was already present at its final size before the script ran, so the gate passes in every arm including a completely broken one
       The grant may still be correct; what is missing is a signal that could have gone
       red. Do not read this record's MINIMAL as a passing measurement.
  CLOSURE 2 packages evicted per arm
  8.3 MAP 0 components resolved on runnervmeef0v, folded into capture.json
  == ROOTS (from capture.json — R2: no ambient reads) ==
    project       D:\jail\m-ibmplex-mtrjnleq\observe   [keyed on]
    home          C:\Users\runneradmin   [keyed on]
    jailHome      (null — declared inapplicable)
    globalStore   C:\Users\runneradmin\AppData\Local\nub\pm\store
    projectStore  D:\jail\m-ibmplex-mtrjnleq\observe\node_modules\.store
    interpreter   C:\hostedtoolcache\windows\node\22.23.2\x64\node.exe
    toolsDir      C:\Users\runneradmin\AppData\Local\nub\pm\tools
    temp          D:\jail\m-ibmplex-mtrjnleq\tmp   [keyed on]
    npmPrefix     (null — declared inapplicable)
    ownPkg        D:\jail\m-ibmplex-mtrjnleq\observe\node_modules\@ibm\plex
  == ATTRIBUTION == lifecycle pids: 2 (root 2660)
    writes  script 0  /  whole traced tree 6
    peers   script 0  /  whole traced tree 0
  == WRITES ==
  == READS ==
    deps          9
    outside       6
    project       1
    systemfs     28
  == NETWORK ==
    distinct peers: 0
  == REFUSALS (adapter-classified) ==
    distinct: 0
  == SYNTHESIZED GRANT (verify this in the real unprivileged jail) ==
    {}
  RAW       etw-raw.xml.gz  38046656 B xml -> 565246 B gz (67.3x)  sha256 f1e16cf4cf53d4dd…
  HEADER    etw-header.json (5008 bytes)
  DERIVED   5275 distinct from 6681 kept ops (30221 xml events, 3270 out of subtree)
  PROCS     4   thread-reattributed 0
  ⛔ 1 handle ops whose path no table could supply
  8.3       0 expanded, 0 kept short, 0 not covered  [map: recorded 8.3 map (0 components, resolved on runnervmeef0v)]
  wrote events.ndjson.gz (66624 bytes)
  RAWLOG-CAPTURE D:\jail\m-ibmplex-mtrjnleq\cap\capture.json
  VENUE-NUB-BINARY {"path":"C:/Users/RUNNER~1/AppData/Local/Temp/nub/target/release/nub.exe","sha256":"f186817a44be332fee712b4936a071a0b5f9cde18a1d2fdc3a791729d4bf1005","bytes":68717056,"features":{"buildJailCatalogOverride":true,"pythonDontWriteBytecodeEnv":true}}
  VENUE-INTERPRETER C:\hostedtoolcache\windows\node\22.23.2\x64\node.exe
  VENUE-JAIL-ROOT D:\jail\m-ibmplex-mtrjnleq
  VENUE-OVERRIDES {"set":{"npm_config_cache":"D:\\jail\\m-ibmplex-mtrjnleq\\npm-cache","TMP":"D:\\jail\\m-ibmplex-mtrjnleq\\tmp","TEMP":"D:\\jail\\m-ibmplex-mtrjnleq\\tmp","TMPDIR":"D:\\jail\\m-ibmplex-mtrjnleq\\tmp"},"unset":["CI","GITHUB_ACTIONS"],"notRedirected":{"USERPROFILE":"C:\\Users\\runneradmin","why":"the jail leaves HOME/USERPROFILE alone — `build_jail.rs` sandbox_homes() reads the ambient value and `compiler/defaults.rs` BASELINE_ENV_EXACT passes it through — so there is no private jail home to reproduce and redirecting one would measure an environment no confined script sees"},"passedThrough":{"CI":"true","GITHUB_ACTIONS":"true","NODE_ENV":null}}
  STORE   isolated virtual store at D:\jail\m-ibmplex-mtrjnleq\verify-synth\.cache
  VENUE-STORE-LAYOUT isolated
OSV-SCREEN {"schemaVersion":1,"kind":"nub-synth-resolved","status":"clean","digest":"f7abbb0af51b462747e52ced066df037e97b099366750b62b05d46afefa8327f","specCount":2,"lockfiles":{"digest":"2a4d8bb2c47e483299ad3e151c4a7ad6a9fa95b34c8be1e4f78f73720b53975a","files":[{"path":"nub.lock","sha256":"59cdfb02312272fd3cdf6bc891beceaeac03e7c3ce1519ee2d7a02ebedb4117a","bytes":647}]},"maliciousAdvisories":[],"screenedAt":"2026-09-07T17:58:40.594Z","cacheHit":true,"clearancePath":"D:\\jail\\m-ibmplex-mtrjnleq\\security\\nub-synth-resolved.json"}
  SECURITY nub-synth-resolved clean: 2 exact package-version(s), tree f7abbb0af51b (cached exact-tree clearance)
  VERIFY[synth] rc=0 artifacts=10261/10261 missing=0 shortfall=none (tree 26189/10275) OVERRIDDEN=2 REJECTED=0 grant={}
  => MINIMUM {}   (observed, then verified)
  DESCEND   grant is already empty — nothing to narrow; MINIMAL by construction.
