### cucumber-expressions@5.0.18   (/home/runner/v2-rfMkTs)
  CI-ENV scrubbed: CI GITHUB_ACTIONS
OSV-SCREEN {"schemaVersion":1,"kind":"direct","status":"clean","digest":"76b20a0b79a62c7092cd6f3f720e60655b4bb50b117d33cc8727775905b8c92a","specCount":1,"lockfiles":{"digest":null,"files":[]},"maliciousAdvisories":[],"screenedAt":"2026-09-08T00:51:54.675Z","cacheHit":false,"clearancePath":"/home/runner/v2-rfMkTs/security/direct.json"}
  SECURITY direct clean: 1 exact package-version(s), tree 76b20a0b79a6
  VENUE-OBSERVE-USER {"uid":1001,"user":"runner","umask":"0022","capBnd":"000001ffffffffff","noNewPrivs":"0"}
  VENUE-NUB-BINARY {"path":"/tmp/nub/target/release/nub","sha256":"2a18683f50f7afeb02a521cd3cae175dc2f91780d461c5f012065241f5a1447b","bytes":207643464,"features":{"buildJailCatalogOverride":true,"pythonDontWriteBytecodeEnv":true}}
OSV-SCREEN {"schemaVersion":1,"kind":"npm-observe-resolved","status":"clean","digest":"14d711df04e8b82f9340087e5f256b24453a841d438cc53b3b2aa28f83bea8ce","specCount":2,"lockfiles":{"digest":"2a850b9d8f731fbbcd4f7e24df222d103dfedce4e093b2d07906525dee5d9436","files":[{"path":"package-lock.json","sha256":"f801e9d0d0c7d0b60fe6911fc43b378f7873d1bdb48d6ef42a2e5d4bebe39756","bytes":1171}]},"maliciousAdvisories":[],"screenedAt":"2026-09-08T00:51:55.709Z","cacheHit":false,"clearancePath":"/home/runner/v2-rfMkTs/security/npm-observe-resolved.json"}
  SECURITY npm-observe-resolved clean: 2 exact package-version(s), tree 14d711df04e8
  OBSERVE   rc=0 files=66 trace=10722 lines
  CLOSURE   2 packages evicted per arm
  ARM-FALSIFIABILITY {"manifestFiles":57,"filesTheScriptProduced":0,"reasons":["gate-vacuous"]}
  ⛔ ARMS-UNFALSIFIABLE — a green arm for this package carries no evidence:
       gate-vacuous: the script changed no file the artifact gate keys on — every file in the manifest (57) was already present at its final size before the script ran, so the gate passes in every arm including a completely broken one
       The grant may still be correct; what is missing is a signal that could have gone
       red. Do not read this record's MINIMAL as a passing measurement.
  RAWLOG-FILE /home/runner/v2-rfMkTs/observe/trace.txt.gz
  RAWLOG-CAPTURE /home/runner/v2-rfMkTs/observe/capture.json
  RAWLOG-BYTES raw=2366327 gz=68540
  VENUE-INTERPRETER /opt/hostedtoolcache/node/22.23.2/x64
  VENUE-OVERRIDES {"set":{"HOME":"/home/runner/v2-rfMkTs/jailhome","TMPDIR":"/tmp/nub-tmp-obsFl8L6l","NODE_COMPAT":"1","PLAYWRIGHT_BROWSERS_PATH":"/home/runner/.cache/nub/pm/tools/ms-playwright","ELECTRON_CACHE":"/home/runner/.cache/nub/pm/tools/electron-cache","electron_config_cache":"/home/runner/.cache/nub/pm/tools/electron-cache","npm_config_prefix":"/home/runner/.cache/nub/pm/tools/npm-prefix","PYTHONDONTWRITEBYTECODE":"1","NUB_CACHE_DIR":"/home/runner/v2-rfMkTs/nubcache"},"unset":["CI","GITHUB_ACTIONS"],"passedThrough":{"CI":"true","GITHUB_ACTIONS":"true","NODE_ENV":null}}
  == ATTRIBUTION == attributed pids: 17
    writes  script 0  /  whole traced tree 1088
    sockets script 0  /  whole traced tree 4
  == ROOTS (from capture.json — R2: no ambient reads) ==
    project       /home/runner/v2-rfMkTs/observe
    home          /home/runner
    jailHome      /home/runner/v2-rfMkTs/jailhome
    globalStore   /home/runner/.cache/nub/pm/store   [declared, not keyed on]
    projectStore  /home/runner/v2-rfMkTs/observe/node_modules/.store   [declared, not keyed on]
    interpreter   /opt/hostedtoolcache/node/22.23.2/x64   [declared, not keyed on]
    toolsDir      /home/runner/.cache/nub/pm/tools   [declared, not keyed on]
    temp          /tmp/nub-tmp-obsFl8L6l
    npmPrefix     /home/runner/.cache/nub/pm/tools/npm-prefix
    ownPkg        /home/runner/v2-rfMkTs/observe/node_modules/cucumber-expressions
  == WRITES the script actually performed ==
  == NETWORK ==
    AF_INET sockets: 0   distinct peers: 2
        127.0.0.53:53
        104.16.3.34:443
  == REFUSALS (only `= -1 EACCES/EPERM/EROFS`) ==
    distinct: 0
  == SYNTHESIZED GRANT (verify this in the real unprivileged jail) ==
    {}
  == writePaths (DERIVED — promotion out of the package's PRIVATE home) ==
    private-home writes observed: 0
    none declared — the script wrote nothing into its private home — there is nothing to promote
  == writePaths FEASIBILITY (distinct writes outside project/deps) ==
    count: 0
    EVENTS    4376 distinct from 10677 calls (10723 lines, 19 rejoined, 0 unparsed)
    PROCS     24   lifecycle shells 12
    ⛔ 3 paths with an UNRESOLVED dirfd — kept, marked, never guessed
    unsubscribed/unmapped syscalls: setsockopt×23 getsockname×20 exit×19 getsockopt×7 recvmsg×7 getcwd×4 socketpair×3 shutdown×3
    wrote /home/runner/v2-rfMkTs/observe/events.ndjson.gz (31052 bytes)
  EVENTLOG-FILE /home/runner/v2-rfMkTs/observe/events.ndjson.gz
  EVENTLOG-STATS {"lines":10723,"parsed":10677,"unparsed":0,"unfinished":19,"rejoined":19,"unresolvedDirfd":3,"truncatedArg":0,"procs":24,"lifecyclePids":12,"distinctEvents":4376,"unknownSyscall":{"getsockname":20,"getsockopt":7,"getcwd":4,"recvmsg":7,"exit":19,"setsockopt":23,"sendmmsg":1,"socketpair":3,"shutdown":3,"exit_group":3,"wait4":3},"out":"/home/runner/v2-rfMkTs/observe/events.ndjson.gz","gzipBytes":31052}
  EVICT     0 store entries removed, 0 spared as nub tooling
  SE-PURGE  0 side-effects-cache entries for cucumber-expressions
OSV-SCREEN {"schemaVersion":1,"kind":"nub-synth-resolved","status":"clean","digest":"14d711df04e8b82f9340087e5f256b24453a841d438cc53b3b2aa28f83bea8ce","specCount":2,"lockfiles":{"digest":"d73ad1b5f2248f8a94dc8e39e80c781b83ab06264c40e0631e2920083ab87f17","files":[{"path":"nub.lock","sha256":"0b93e749bea1edf9b0b426f65bd5a85957ba17d836c5a9868c076ea47d527831","bytes":801}]},"maliciousAdvisories":[],"screenedAt":"2026-09-08T00:51:55.709Z","cacheHit":true,"clearancePath":"/home/runner/v2-rfMkTs/security/nub-synth-resolved.json"}
  SECURITY nub-synth-resolved clean: 2 exact package-version(s), tree 14d711df04e8 (cached exact-tree clearance)
  VENUE-STORE-LAYOUT isolated
  VERIFY[synth] rc=0 artifacts=56/56 missing=0 shortfall=none (tree 194/66) OVERRIDDEN=3 REJECTED=0 grant={}
  => VERIFIED {}   (observed, then verified)
  DESCEND   grant is already empty — nothing to narrow; MINIMAL by construction.
