OSV-SCREEN {"schemaVersion":1,"kind":"direct","status":"clean","digest":"2df61731b8c0d0ef202309d678e51cc9668213ebb58698a53787eb8e52a7a88a","specCount":1,"lockfiles":{"digest":null,"files":[]},"maliciousAdvisories":[],"screenedAt":"2026-08-24T11:16:00.018Z","cacheHit":false,"clearancePath":"/Users/runner/v2m-8ZOoRM/security/direct.json"}
  SECURITY direct clean: 1 exact package-version(s), tree 2df61731b8c0
  ERA-NODE PINNED 16.20.2 (provisioned) (arms will run: v16.20.2)
  ERA-PYTHON /Users/runner/hostedtoolcache/Python/3.9.13/arm64/bin/python (Python 3.9.13) for era Node 16, whose node-gyp requires python3
  ARM-MAKE /usr/bin/make (GNU Make 3.81) — the system make; a build needing GNU Make 4 WILL fail here
### dprint@0.23.1   (/Users/runner/v2m-8ZOoRM)   nub=/tmp/nub/target/release/nub
  VENUE-NUB-BINARY {"path":"/tmp/nub/target/release/nub","sha256":"69e622342d0c8393c78fa50a01dc9cc0a94371ac9b106b59bdcc016f06d86d30","bytes":94535576,"features":{"buildJailCatalogOverride":true,"pythonDontWriteBytecodeEnv":true}}
  CI-ENV scrubbed: CI GITHUB_ACTIONS
  --- fbt preflight (advisory; never fails the run) ---
     csrutil: System Integrity Protection status: disabled.
     fbt probes visible: 93577
     fbt enable attempt: dtrace: description 'fbt:::entry ' matched 50357 probes CPU     ID                    FUNCTION:NAME 
     cwd builtin value:  
     fbt chdir symbols:  
     fbt fires on spawn-with-cwd: dtrace: invalid probe specifier fbt::chdir*:entry /progenyof($target)/ { @[probefunc] = count(); }: probe description fbt::chdir*:entry does not match any probes 
  --- end fbt preflight ---
  ERA-RESOLUTION DATED 2022-03-15T20:32:38.194Z (deps as of the package's own publish date + 1d)
OSV-SCREEN {"schemaVersion":1,"kind":"npm-observe-resolved","status":"clean","digest":"2df61731b8c0d0ef202309d678e51cc9668213ebb58698a53787eb8e52a7a88a","specCount":1,"lockfiles":{"digest":"4fc236f80e72de8165a2b9f77edf5e299090c407703e792898a2e8c5cd3184bb","files":[{"path":"package-lock.json","sha256":"21b902f641823e83b09c056b0a540397ae65370c38d59d9d5d75b845a86371d1","bytes":588}]},"maliciousAdvisories":[],"screenedAt":"2026-08-24T11:16:00.018Z","cacheHit":true,"clearancePath":"/Users/runner/v2m-8ZOoRM/security/npm-observe-resolved.json"}
  SECURITY npm-observe-resolved clean: 1 exact package-version(s), tree 2df61731b8c0 (cached exact-tree clearance)
  ARM-PATH SANITISED (dropped 1: /Users/runner/.yarn/bin)
  ARM-AMBIENT-TOOLS none
  ARM-SCAFFOLD none
  ARM-UNPROVIDABLE none
  VENUE-CI-CHILD clean (no CI-detection variable reaches the traced script)
  --- wrapper (run.sh) ---
     cd "/Users/runner/v2m-8ZOoRM/Observe"
     sudo -u "runner" -H env "PATH=/Users/runner/v2m-8ZOoRM/Observe/node_modules/.bin:/Users/runner/.cache/nub/era-node/16.20.2/node-v16.20.2-darwin-arm64/bin:/Users/runner/hostedtoolcache/node/22.23.2/arm64/bin:/opt/homebrew/lib/ruby/gems/3.3.0/bin:/opt/homebrew/opt/ruby@3.3/bin:/Users/runner/.local/bin:/opt/homebrew/bin:/opt/homebrew/sbin:/Users/runner/.cargo/bin:/usr/local/opt/curl/bin:/usr/local/bin:/usr/local/sbin:/Users/runner/bin:/Users/runner/Library/Android/sdk/tools:/Users/runner/Library/Android/sdk/platform-tools:/Library/Frameworks/Python.framework/Versions/Current/bin:/Library/Frameworks/Mono.framework/Versions/Current/Commands:/usr/bin:/bin:/usr/sbin:/sbin:/Users/runner/.dotnet/tools"   "HOME=/Users/runner/v2m-8ZOoRM/jailhome"   "TMPDIR=/private/var/folders/_5/zjnzxgh147qcg3bb5cg2wvqw0000gn/T/nub-tmp-obslq5tF1"   "NODE_COMPAT=1"   "PYTHONDONTWRITEBYTECODE=1"   "PLAYWRIGHT_BROWSERS_PATH=/Users/runner/.cache/nub/pm/tools/ms-playwright"   "ELECTRON_CACHE=/Users/runner/.cache/nub/pm/tools/electron-cache"   "electron_config_cache=/Users/runner/.cache/nub/pm/tools/electron-cache"   "npm_config_prefix=/Users/runner/.cache/nub/pm/tools/npm-prefix"   PYTHON=/Users/runner/hostedtoolcache/Python/3.9.13/arm64/bin/python   "/Users/runner/hostedtoolcache/node/22.23.2/arm64/bin/npm" rebuild --no-audit --no-fund "dprint" > "/Users/runner/v2m-8ZOoRM/Observe/npm.log" 2>&1
     echo $? > "/Users/runner/v2m-8ZOoRM/Observe/rc"
  --- dtrace stderr + wrapper trace ---
     + cd /Users/runner/v2m-8ZOoRM/Observe
     + sudo -u runner -H env PATH=/Users/runner/v2m-8ZOoRM/Observe/node_modules/.bin:/Users/runner/.cache/nub/era-node/16.20.2/node-v16.20.2-darwin-arm64/bin:/Users/runner/hostedtoolcache/node/22.23.2/arm64/bin:/opt/homebrew/lib/ruby/gems/3.3.0/bin:/opt/homebrew/opt/ruby@3.3/bin:/Users/runner/.local/bin:/opt/homebrew/bin:/opt/homebrew/sbin:/Users/runner/.cargo/bin:/usr/local/opt/curl/bin:/usr/local/bin:/usr/local/sbin:/Users/runner/bin:/Users/runner/Library/Android/sdk/tools:/Users/runner/Library/Android/sdk/platform-tools:/Library/Frameworks/Python.framework/Versions/Current/bin:/Library/Frameworks/Mono.framework/Versions/Current/Commands:/usr/bin:/bin:/usr/sbin:/sbin:/Users/runner/.dotnet/tools HOME=/Users/runner/v2m-8ZOoRM/jailhome TMPDIR=/private/var/folders/_5/zjnzxgh147qcg3bb5cg2wvqw0000gn/T/nub-tmp-obslq5tF1 NODE_COMPAT=1 PYTHONDONTWRITEBYTECODE=1 PLAYWRIGHT_BROWSERS_PATH=/Users/runner/.cache/nub/pm/tools/ms-playwright ELECTRON_CACHE=/Users/runner/.cache/nub/pm/tools/electron-cache electron_config_cache=/Users/runner/.cache/nub/pm/tools/electron-cache npm_config_prefix=/Users/runner/.cache/nub/pm/tools/npm-prefix PYTHON=/Users/runner/hostedtoolcache/Python/3.9.13/arm64/bin/python /Users/runner/hostedtoolcache/node/22.23.2/arm64/bin/npm rebuild --no-audit --no-fund dprint
     dtrace: error on enabled probe ID 128 (ID 286: syscall::execve:entry): invalid address (0x600002fa0000) in action #1 at DIF offset 20
     + echo 0
  OBSERVE   rc=0 dtrace_rc=0 files=19 (pre=16) trace=6435 lines
  CLOSURE   1 packages evicted per arm   store=/Users/runner/.cache/nub/pm/store
  RAWLOG-FILE /Users/runner/v2m-8ZOoRM/Observe/trace.txt.gz
  RAWLOG-CAPTURE /Users/runner/v2m-8ZOoRM/Observe/capture.json
  RAWLOG-BYTES raw=998064 gz=36157
  VENUE-INTERPRETER /Users/runner/hostedtoolcache/node/22.23.2/arm64
  VENUE-NODE-SELECTION {"pkg":"dprint","packageVersion":"0.23.1","major":16,"version":"16.20.2","npm":"8.19.4","pinnable":true,"engines":null,"publishedAt":"2022-03-14T20:32:38.194Z","eraMajor":16,"startMajor":16,"raisedByEngines":false,"enginesUnsatisfiable":false,"clampedToFloor":false,"clampedToCeiling":false,"matrixFloor":4,"matrixCeiling":26,"lookupFailure":null,"pinned":true,"pinnedBin":"/Users/runner/.cache/nub/era-node/16.20.2/node-v16.20.2-darwin-arm64/bin","eraNodeRoot":"/Users/runner/.cache/nub"}
  VENUE-OVERRIDES {"set":{"PATH":"inherited-and-forwarded","HOME":"/Users/runner/v2m-8ZOoRM/jailhome","TMPDIR":"/private/var/folders/_5/zjnzxgh147qcg3bb5cg2wvqw0000gn/T/nub-tmp-obslq5tF1","NODE_COMPAT":"1","PYTHONDONTWRITEBYTECODE":"1","PLAYWRIGHT_BROWSERS_PATH":"/Users/runner/.cache/nub/pm/tools/ms-playwright","ELECTRON_CACHE":"/Users/runner/.cache/nub/pm/tools/electron-cache","electron_config_cache":"/Users/runner/.cache/nub/pm/tools/electron-cache","npm_config_prefix":"/Users/runner/.cache/nub/pm/tools/npm-prefix"},"unset":["(sudo env_reset discards the caller environment; every var above is re-set after it)","CI","GITHUB_ACTIONS"],"passedThrough":{"CI":"true","GITHUB_ACTIONS":"true","NODE_ENV":null}}
  VENUE-OBSERVE-USER runner uid=501 (R7: ordinary non-root user, asserted)
  ARM-FALSIFIABILITY {"manifestFiles":10,"filesTheScriptProduced":1,"reasons":[]}
  EVENTLOG-FILE /Users/runner/v2m-8ZOoRM/Observe/events.ndjson.gz
  EVENTLOG-STATS {"lines":6436,"parsed":6408,"unparsed":0,"live":true,"tracerErrors":1,"tracerErrorTotal":1,"unresolvedDirfd":53,"unresolvedFd":1,"pairedTwoPath":0,"danglingPair":0,"failed":2424,"enoent":2419,"refusals":0,"byErrno":{"ENXIO":5,"ENOENT":2419},"procs":12,"lifecyclePids":2,"distinctEvents":3829,"emitted":3829,"calls":6348,"bytes":658736,"gzipBytes":22343,"out":"/Users/runner/v2m-8ZOoRM/Observe/events.ndjson"}
  == TRACER == live=true decodable-events=1202 dropped-events=1
    NOTE 35 relative path(s) under a non-AT_FDCWD dirfd were not
       scope-assigned: resolving them against the cwd would invent a path.
    ⛔ CWD-UNOBSERVED 8 relative path(s) (2 write(s)) came from a lifecycle
       process whose own cwd was never observed
       macOS spawns with posix_spawn addchdir_np, which changes directory in-kernel and
       emits no chdir syscall, so the inherited cwd cannot be trusted. These are NOT
       scope-assigned; the grant below is WIDENED instead so it covers wherever they landed.
         pid=4745 read  unproven .
         pid=4745 read  unproven .
         pid=4748 WRITE unproven dprint.zip
         pid=4749 read  unproven .
         pid=4749 read  unproven dprint.zip
         pid=4750 read  unproven dprint.zip
         pid=4750 read  unproven .
         pid=4752 WRITE unproven dprint.zip
    CWD-UNPLACEABLE-WRITES ["dprint.zip"]
    ⛔ THE TRACER DROPPED 1 EVENT(S). A dropped event is a path never
       seen, so the grant below can only be too NARROW — the direction that breaks installs.
       Treat it as a FLOOR, not a measurement, until the adapter fault is fixed:
             1 x  epid=128 action=1 fault=1 addr=0x600002fa0000
  == ATTRIBUTION == lifecycle pids: 2
    writes  script 4  /  whole traced subtree 10
    sockets script 2  /  whole traced subtree 3
  == ROOTS (from /Users/runner/v2m-8ZOoRM/Observe/capture.json; the classifier reads no other source) ==
    project       /Users/runner/v2m-8ZOoRM/Observe
    home          /Users/runner
    jailHome      /Users/runner/v2m-8ZOoRM/jailhome
    globalStore   /Users/runner/.cache/nub/pm/store
    projectStore  /Users/runner/v2m-8ZOoRM/Observe/node_modules/.store
    interpreter   /Users/runner/hostedtoolcache/node/22.23.2/arm64
    toolsDir      /Users/runner/.cache/nub/pm/tools
    temp          /private/var/folders/_5/zjnzxgh147qcg3bb5cg2wvqw0000gn/T/nub-tmp-obslq5tF1
    npmPrefix     /Users/runner/.cache/nub/pm/tools/npm-prefix
    ownPkg        /Users/runner/v2m-8ZOoRM/Observe/node_modules/dprint
    cwd           (null — this platform has no such root)
  == WRITES the script actually performed ==
    systemfs      2
        /dev/dtracehelper
        /dev/null
    ownPkg        2  (base profile already grants this — NOT billed)
        /Users/runner/v2m-8ZOoRM/Observe/node_modules/dprint/install.sh
        /Users/runner/v2m-8ZOoRM/Observe/node_modules/dprint/dprint
  == READS the script performed, by scope ==
    outside      14
    systemfs      8
    userHome      2
    ownPkg        6
        outside: /
        outside: /bin/sh
        outside: /bin
        outside: /bin/bash
        outside: /usr/bin/uname
        outside: /usr/bin
        outside: /usr/bin/curl
        outside: /private/etc/ssl/openssl.cnf
        outside: /etc/ssl/cert.pem
        outside: /var/db/timezone/zoneinfo/UTC
  == NETWORK ==
    AF_INET connects: 2   distinct peers: 2
        172.182.252.133:443
        185.199.111.133:443
  == REFUSALS (errno EPERM/EACCES/EROFS only; ENOENT is a miss, not a denial) ==
    distinct: 0
  == SYNTHESIZED GRANT (verify this in the real unprivileged jail) ==
    {"write":{"deps":true,"project":true},"network":true}
  == writePaths (DERIVED — promotion out of the package's PRIVATE home) ==
    private-home writes observed: 0
    none declared — the script wrote nothing into its private home — there is nothing to promote
  == writePaths FEASIBILITY (distinct writes outside project/deps) ==
    count: 0
  EVICT[synth] 0 store entries removed, 0 spared as nub tooling, 614 in store
OSV-SCREEN {"schemaVersion":1,"kind":"nub-synth-resolved","status":"clean","digest":"2df61731b8c0d0ef202309d678e51cc9668213ebb58698a53787eb8e52a7a88a","specCount":1,"lockfiles":{"digest":"f99291c7a83d20a9a10181292c65908fb10a86049348f6579c70aec872fdba71","files":[{"path":"nub.lock","sha256":"af52eac7ceaed9ca0fa10142cbd1bd25150e0f5de2d8e2253612146b2004bdb5","bytes":397}]},"maliciousAdvisories":[],"screenedAt":"2026-08-24T11:16:00.018Z","cacheHit":true,"clearancePath":"/Users/runner/v2m-8ZOoRM/security/nub-synth-resolved.json"}
  SECURITY nub-synth-resolved clean: 1 exact package-version(s), tree 2df61731b8c0 (cached exact-tree clearance)
  VENUE-STORE-LAYOUT isolated
  VERIFY[synth] rc=0 artifacts=10/10 missing=0 shortfall=none (tree 40/19) OVERRIDDEN=3 REJECTED=0 grant={"write":{"deps":true,"project":true},"network":true}
  => VERIFIED {"write":{"deps":true,"project":true},"network":true}
  EVICT[nar-no-network] 1 store entries removed, 0 spared as nub tooling, 615 in store
OSV-SCREEN {"schemaVersion":1,"kind":"nub-nar-no-network-resolved","status":"clean","digest":"2df61731b8c0d0ef202309d678e51cc9668213ebb58698a53787eb8e52a7a88a","specCount":1,"lockfiles":{"digest":"f99291c7a83d20a9a10181292c65908fb10a86049348f6579c70aec872fdba71","files":[{"path":"nub.lock","sha256":"af52eac7ceaed9ca0fa10142cbd1bd25150e0f5de2d8e2253612146b2004bdb5","bytes":397}]},"maliciousAdvisories":[],"screenedAt":"2026-08-24T11:16:00.018Z","cacheHit":true,"clearancePath":"/Users/runner/v2m-8ZOoRM/security/nub-nar-no-network-resolved.json"}
  SECURITY nub-nar-no-network-resolved clean: 1 exact package-version(s), tree 2df61731b8c0 (cached exact-tree clearance)
  VERIFY[nar-no-network] rc=1 artifacts=9/10 missing=1 shortfall=7f017aa8136b (tree 38/19) OVERRIDDEN=3 REJECTED=0 grant={"write":{"deps":true,"project":true}}
       missing: dprint
     [nar-no-network/i] Error: Command failed: /Users/runner/v2m-8ZOoRM/verify-nar-no-network/node_modules/.store/dprint@0.23.1/node_modules/dprint/install.sh 0.23.1
     [nar-no-network/a] Error: Command failed: /Users/runner/v2m-8ZOoRM/verify-nar-no-network/node_modules/.store/dprint@0.23.1/node_modules/dprint/install.sh 0.23.1
     narrowing 'no-network' fails ⇒ that capability IS necessary
  EVICT[nar-no-write-deps] 1 store entries removed, 0 spared as nub tooling, 615 in store
OSV-SCREEN {"schemaVersion":1,"kind":"nub-nar-no-write-deps-resolved","status":"clean","digest":"2df61731b8c0d0ef202309d678e51cc9668213ebb58698a53787eb8e52a7a88a","specCount":1,"lockfiles":{"digest":"f99291c7a83d20a9a10181292c65908fb10a86049348f6579c70aec872fdba71","files":[{"path":"nub.lock","sha256":"af52eac7ceaed9ca0fa10142cbd1bd25150e0f5de2d8e2253612146b2004bdb5","bytes":397}]},"maliciousAdvisories":[],"screenedAt":"2026-08-24T11:16:00.018Z","cacheHit":true,"clearancePath":"/Users/runner/v2m-8ZOoRM/security/nub-nar-no-write-deps-resolved.json"}
  SECURITY nub-nar-no-write-deps-resolved clean: 1 exact package-version(s), tree 2df61731b8c0 (cached exact-tree clearance)
  VERIFY[nar-no-write-deps] rc=0 artifacts=10/10 missing=0 shortfall=none (tree 40/19) OVERRIDDEN=3 REJECTED=0 grant={"write":{"project":true},"network":true}
     ⛔ OVER-PREDICTED — the strictly narrower {"write":{"project":true},"network":true} also verifies; 'no-write-deps' was not needed
  EVICT[nar-no-write-project] 1 store entries removed, 0 spared as nub tooling, 615 in store
OSV-SCREEN {"schemaVersion":1,"kind":"nub-nar-no-write-project-resolved","status":"clean","digest":"2df61731b8c0d0ef202309d678e51cc9668213ebb58698a53787eb8e52a7a88a","specCount":1,"lockfiles":{"digest":"f99291c7a83d20a9a10181292c65908fb10a86049348f6579c70aec872fdba71","files":[{"path":"nub.lock","sha256":"af52eac7ceaed9ca0fa10142cbd1bd25150e0f5de2d8e2253612146b2004bdb5","bytes":397}]},"maliciousAdvisories":[],"screenedAt":"2026-08-24T11:16:00.018Z","cacheHit":true,"clearancePath":"/Users/runner/v2m-8ZOoRM/security/nub-nar-no-write-project-resolved.json"}
  SECURITY nub-nar-no-write-project-resolved clean: 1 exact package-version(s), tree 2df61731b8c0 (cached exact-tree clearance)
  VERIFY[nar-no-write-project] rc=0 artifacts=10/10 missing=0 shortfall=none (tree 40/19) OVERRIDDEN=3 REJECTED=0 grant={"write":{"deps":true},"network":true}
     ⛔ OVER-PREDICTED — the strictly narrower {"write":{"deps":true},"network":true} also verifies; 'no-write-project' was not needed
  EVICT[joint-narrow] 1 store entries removed, 0 spared as nub tooling, 615 in store
OSV-SCREEN {"schemaVersion":1,"kind":"nub-joint-narrow-resolved","status":"clean","digest":"2df61731b8c0d0ef202309d678e51cc9668213ebb58698a53787eb8e52a7a88a","specCount":1,"lockfiles":{"digest":"f99291c7a83d20a9a10181292c65908fb10a86049348f6579c70aec872fdba71","files":[{"path":"nub.lock","sha256":"af52eac7ceaed9ca0fa10142cbd1bd25150e0f5de2d8e2253612146b2004bdb5","bytes":397}]},"maliciousAdvisories":[],"screenedAt":"2026-08-24T11:16:00.018Z","cacheHit":true,"clearancePath":"/Users/runner/v2m-8ZOoRM/security/nub-joint-narrow-resolved.json"}
  SECURITY nub-joint-narrow-resolved clean: 1 exact package-version(s), tree 2df61731b8c0 (cached exact-tree clearance)
  VERIFY[joint-narrow] rc=0 artifacts=10/10 missing=0 shortfall=none (tree 40/19) OVERRIDDEN=3 REJECTED=0 grant={"network":true}
  => JOINT-NARROW VERIFIED {"network":true} — all 2 capabilities drop TOGETHER, measured
### DONE dprint@0.23.1  synthesized={"write":{"deps":true,"project":true},"network":true} verified=1
