### @tloncorp/tlon-skill@0.3.6   (D:\jail\m-tloncorptlonskill-mtrht9ot)
  CI-ENV scrubbed: CI GITHUB_ACTIONS
OSV-SCREEN {"schemaVersion":1,"kind":"direct","status":"clean","digest":"7bff1ff7376f7c09986061651990a4f72336e4411b109ae47740c3f7fb97496b","specCount":1,"lockfiles":{"digest":null,"files":[]},"maliciousAdvisories":[],"screenedAt":"2026-09-07T17:06:43.913Z","cacheHit":false,"clearancePath":"D:\\jail\\m-tloncorptlonskill-mtrht9ot\\security\\direct.json"}
  SECURITY direct clean: 1 exact package-version(s), tree 7bff1ff7376f
OSV-SCREEN {"schemaVersion":1,"kind":"npm-observe-resolved","status":"clean","digest":"7bff1ff7376f7c09986061651990a4f72336e4411b109ae47740c3f7fb97496b","specCount":1,"lockfiles":{"digest":"6ec3cf734f15feb09ec9ebe13bc184c841845cf00d1d4b300e26cf3e8fcf1296","files":[{"path":"package-lock.json","sha256":"04601c890787243aee0d7e2313a9904be322836791c0df16ec8ab595247573c1","bytes":2856}]},"maliciousAdvisories":[],"screenedAt":"2026-09-07T17:06:43.913Z","cacheHit":true,"clearancePath":"D:\\jail\\m-tloncorptlonskill-mtrht9ot\\security\\npm-observe-resolved.json"}
  SECURITY npm-observe-resolved clean: 1 exact package-version(s), tree 7bff1ff7376f (cached exact-tree clearance)
  CAPTURE user=runnervmeef0v\runneradmin elevated=True rootPid=8248 exit=0 events=48957 lost=0
  VENUE-OBSERVE-USER runnervmeef0v\runneradmin elevated=true privDropped={"SeBackupPrivilege":"removed","SeRestorePrivilege":"removed","SeTakeOwnershipPrivilege":"removed"}
  OBSERVE artifacts: 10 files  (D:\jail\m-tloncorptlonskill-mtrht9ot\observe\node_modules\@tloncorp\tlon-skill)
  ARM-FALSIFIABILITY {"manifestFiles":10,"filesTheScriptProduced":0,"reasons":["gate-vacuous"]}
  ⛔ ARMS-UNFALSIFIABLE — a green arm for this package carries no evidence:
       gate-vacuous: the script changed no file the artifact gate keys on — every file in the manifest (10) was already present at its final size before the script ran, so the gate passes in every arm including a completely broken one
       The grant may still be correct; what is missing is a signal that could have gone
       red. Do not read this record's MINIMAL as a passing measurement.
  CLOSURE 1 packages evicted per arm
  8.3 MAP 0 components resolved on runnervmeef0v, folded into capture.json
  == ROOTS (from capture.json — R2: no ambient reads) ==
    project       D:\jail\m-tloncorptlonskill-mtrht9ot\observe   [keyed on]
    home          C:\Users\runneradmin   [keyed on]
    jailHome      (null — declared inapplicable)
    globalStore   C:\Users\runneradmin\AppData\Local\nub\pm\store
    projectStore  D:\jail\m-tloncorptlonskill-mtrht9ot\observe\node_modules\.store
    interpreter   C:\hostedtoolcache\windows\node\22.23.2\x64\node.exe
    toolsDir      C:\Users\runneradmin\AppData\Local\nub\pm\tools
    temp          D:\jail\m-tloncorptlonskill-mtrht9ot\tmp   [keyed on]
    npmPrefix     (null — declared inapplicable)
    ownPkg        D:\jail\m-tloncorptlonskill-mtrht9ot\observe\node_modules\@tloncorp\tlon-skill
  == ATTRIBUTION == lifecycle pids: 2 (root 8248)
    writes  script 0  /  whole traced tree 10
    peers   script 0  /  whole traced tree 0
  == WRITES ==
  == READS ==
    deps          6
    outside       6
    project       1
    systemfs     23
  == NETWORK ==
    distinct peers: 0
  == REFUSALS (adapter-classified) ==
    distinct: 0
  == SYNTHESIZED GRANT (verify this in the real unprivileged jail) ==
    {}
  RAW       etw-raw.xml.gz  63012645 B xml -> 1182590 B gz (53.3x)  sha256 ee663f50590336cd…
  HEADER    etw-header.json (5142 bytes)
  DERIVED   5249 distinct from 6413 kept ops (48957 xml events, 14089 out of subtree)
  PROCS     4   thread-reattributed 39
  ⛔ 1 handle ops whose path no table could supply
  8.3       0 expanded, 0 kept short, 0 not covered  [map: recorded 8.3 map (0 components, resolved on runnervmeef0v)]
  wrote events.ndjson.gz (66393 bytes)
  RAWLOG-CAPTURE D:\jail\m-tloncorptlonskill-mtrht9ot\cap\capture.json
  VENUE-NUB-BINARY {"path":"C:/Users/RUNNER~1/AppData/Local/Temp/nub/target/release/nub.exe","sha256":"f186817a44be332fee712b4936a071a0b5f9cde18a1d2fdc3a791729d4bf1005","bytes":68717056,"features":{"buildJailCatalogOverride":true,"pythonDontWriteBytecodeEnv":true}}
  VENUE-INTERPRETER C:\hostedtoolcache\windows\node\22.23.2\x64\node.exe
  VENUE-JAIL-ROOT D:\jail\m-tloncorptlonskill-mtrht9ot
  VENUE-OVERRIDES {"set":{"npm_config_cache":"D:\\jail\\m-tloncorptlonskill-mtrht9ot\\npm-cache","TMP":"D:\\jail\\m-tloncorptlonskill-mtrht9ot\\tmp","TEMP":"D:\\jail\\m-tloncorptlonskill-mtrht9ot\\tmp","TMPDIR":"D:\\jail\\m-tloncorptlonskill-mtrht9ot\\tmp"},"unset":["CI","GITHUB_ACTIONS"],"notRedirected":{"USERPROFILE":"C:\\Users\\runneradmin","why":"the jail leaves HOME/USERPROFILE alone — `build_jail.rs` sandbox_homes() reads the ambient value and `compiler/defaults.rs` BASELINE_ENV_EXACT passes it through — so there is no private jail home to reproduce and redirecting one would measure an environment no confined script sees"},"passedThrough":{"CI":"true","GITHUB_ACTIONS":"true","NODE_ENV":null}}
  STORE   isolated virtual store at D:\jail\m-tloncorptlonskill-mtrht9ot\verify-synth\.cache
  VENUE-STORE-LAYOUT isolated
OSV-SCREEN {"schemaVersion":1,"kind":"nub-synth-resolved","status":"clean","digest":"7bff1ff7376f7c09986061651990a4f72336e4411b109ae47740c3f7fb97496b","specCount":1,"lockfiles":{"digest":"3aee1895ceb0516a2728cb564fe322f4979b97487f0b3e963dc827174723566a","files":[{"path":"nub.lock","sha256":"48ba7b6b8c29b888dbd1c0f647526fb298f6be10f96bdff1bad9d5d1ea07b2b5","bytes":1784}]},"maliciousAdvisories":[],"screenedAt":"2026-09-07T17:06:43.913Z","cacheHit":true,"clearancePath":"D:\\jail\\m-tloncorptlonskill-mtrht9ot\\security\\nub-synth-resolved.json"}
  SECURITY nub-synth-resolved clean: 1 exact package-version(s), tree 7bff1ff7376f (cached exact-tree clearance)
  VERIFY[synth] rc=0 artifacts=10/10 missing=0 shortfall=none (tree 5679/17) OVERRIDDEN=2 REJECTED=0 grant={}
  => MINIMUM {}   (observed, then verified)
  DESCEND   grant is already empty — nothing to narrow; MINIMAL by construction.
