### dprint@0.30.3   (/home/runner/v2-wxacYU)
  CI-ENV scrubbed: CI GITHUB_ACTIONS
OSV-SCREEN {"schemaVersion":1,"kind":"direct","status":"clean","digest":"77b07959fb95f46ed664a7d6a86fea48ce0457f4e4bd0dc6e7289d1620d65700","specCount":1,"lockfiles":{"digest":null,"files":[]},"maliciousAdvisories":[],"screenedAt":"2026-09-07T23:23:01.374Z","cacheHit":false,"clearancePath":"/home/runner/v2-wxacYU/security/direct.json"}
  SECURITY direct clean: 1 exact package-version(s), tree 77b07959fb95
  VENUE-OBSERVE-USER {"uid":1001,"user":"runner","umask":"0022","capBnd":"000001ffffffffff","noNewPrivs":"0"}
  VENUE-NUB-BINARY {"path":"/tmp/nub/target/release/nub","sha256":"2a18683f50f7afeb02a521cd3cae175dc2f91780d461c5f012065241f5a1447b","bytes":207643464,"features":{"buildJailCatalogOverride":true,"pythonDontWriteBytecodeEnv":true}}
OSV-SCREEN {"schemaVersion":1,"kind":"npm-observe-resolved","status":"clean","digest":"1cab7a2f42d3dd7546af28aa130c0b89394adc0ec6e499741c15dda408336eef","specCount":5,"lockfiles":{"digest":"a6316e7d97618a2be9d384e8a9a47c0a63c99307c8e0ac40d33bb3ce45304627","files":[{"path":"package-lock.json","sha256":"3c804be3e4396c9d7ec4330a6efc2122ebf0ae68ec78719583d078c3be67a7e3","bytes":1981}]},"maliciousAdvisories":[],"screenedAt":"2026-09-07T23:23:02.311Z","cacheHit":false,"clearancePath":"/home/runner/v2-wxacYU/security/npm-observe-resolved.json"}
  SECURITY npm-observe-resolved clean: 5 exact package-version(s), tree 1cab7a2f42d3
  OBSERVE   rc=0 files=32 trace=10875 lines
  CLOSURE   5 packages evicted per arm
  ARM-FALSIFIABILITY {"manifestFiles":7,"filesTheScriptProduced":1,"reasons":[]}
  RAWLOG-FILE /home/runner/v2-wxacYU/observe/trace.txt.gz
  RAWLOG-CAPTURE /home/runner/v2-wxacYU/observe/capture.json
  RAWLOG-BYTES raw=2392697 gz=70904
  VENUE-INTERPRETER /opt/hostedtoolcache/node/22.23.2/x64
  VENUE-OVERRIDES {"set":{"HOME":"/home/runner/v2-wxacYU/jailhome","TMPDIR":"/tmp/nub-tmp-obsLpnG8z","NODE_COMPAT":"1","PLAYWRIGHT_BROWSERS_PATH":"/home/runner/.cache/nub/pm/tools/ms-playwright","ELECTRON_CACHE":"/home/runner/.cache/nub/pm/tools/electron-cache","electron_config_cache":"/home/runner/.cache/nub/pm/tools/electron-cache","npm_config_prefix":"/home/runner/.cache/nub/pm/tools/npm-prefix","PYTHONDONTWRITEBYTECODE":"1","NUB_CACHE_DIR":"/home/runner/v2-wxacYU/nubcache"},"unset":["CI","GITHUB_ACTIONS"],"passedThrough":{"CI":"true","GITHUB_ACTIONS":"true","NODE_ENV":null}}
  == ATTRIBUTION == attributed pids: 18
    writes  script 2  /  whole traced tree 1090
    sockets script 5  /  whole traced tree 11
  == ROOTS (from capture.json — R2: no ambient reads) ==
    project       /home/runner/v2-wxacYU/observe
    home          /home/runner
    jailHome      /home/runner/v2-wxacYU/jailhome
    globalStore   /home/runner/.cache/nub/pm/store   [declared, not keyed on]
    projectStore  /home/runner/v2-wxacYU/observe/node_modules/.store   [declared, not keyed on]
    interpreter   /opt/hostedtoolcache/node/22.23.2/x64   [declared, not keyed on]
    toolsDir      /home/runner/.cache/nub/pm/tools   [declared, not keyed on]
    temp          /tmp/nub-tmp-obsLpnG8z
    npmPrefix     /home/runner/.cache/nub/pm/tools/npm-prefix
    ownPkg        /home/runner/v2-wxacYU/observe/node_modules/dprint
  == WRITES the script actually performed ==
    ownPkg        2  (base profile already grants this — NOT billed)
        /home/runner/v2-wxacYU/observe/node_modules/dprint/dprint.zip
        /home/runner/v2-wxacYU/observe/node_modules/dprint/dprint
  == NETWORK ==
    AF_INET sockets: 5   distinct peers: 3
        127.0.0.53:53
        104.16.9.34:443
        140.82.114.3:443
  == REFUSALS (only `= -1 EACCES/EPERM/EROFS`) ==
    distinct: 0
  == SYNTHESIZED GRANT (verify this in the real unprivileged jail) ==
    {"network":true}
  == writePaths (DERIVED — promotion out of the package's PRIVATE home) ==
    private-home writes observed: 0
    none declared — the script wrote nothing into its private home — there is nothing to promote
  == writePaths FEASIBILITY (distinct writes outside project/deps) ==
    count: 0
    EVENTS    4448 distinct from 10826 calls (10876 lines, 22 rejoined, 0 unparsed)
    PROCS     25   lifecycle shells 13
    ⛔ 3 paths with an UNRESOLVED dirfd — kept, marked, never guessed
    unsubscribed/unmapped syscalls: getsockname×31 setsockopt×29 exit×20 getsockopt×13 recvmsg×11 getcwd×4 shutdown×4 sendmmsg×3
    wrote /home/runner/v2-wxacYU/observe/events.ndjson.gz (31454 bytes)
  EVENTLOG-FILE /home/runner/v2-wxacYU/observe/events.ndjson.gz
  EVENTLOG-STATS {"lines":10876,"parsed":10826,"unparsed":0,"unfinished":22,"rejoined":22,"unresolvedDirfd":3,"truncatedArg":0,"procs":25,"lifecyclePids":13,"distinctEvents":4448,"unknownSyscall":{"getsockname":31,"getsockopt":13,"getcwd":4,"recvmsg":11,"exit":20,"setsockopt":29,"sendmmsg":3,"socketpair":3,"shutdown":4,"exit_group":3,"wait4":3},"out":"/home/runner/v2-wxacYU/observe/events.ndjson.gz","gzipBytes":31454}
  EVICT     4 store entries removed, 0 spared as nub tooling
  SE-PURGE  0 side-effects-cache entries for dprint
OSV-SCREEN {"schemaVersion":1,"kind":"nub-synth-resolved","status":"clean","digest":"1cab7a2f42d3dd7546af28aa130c0b89394adc0ec6e499741c15dda408336eef","specCount":5,"lockfiles":{"digest":"116411d73c9cf16dfe66a2b8997049ae8e3e3645dba03e17d00d1e73024a125f","files":[{"path":"nub.lock","sha256":"08a4dce648eaf992ef9795905969bf9e1e046695ad9fa73dfe67bcf3d50f6adf","bytes":1194}]},"maliciousAdvisories":[],"screenedAt":"2026-09-07T23:23:02.311Z","cacheHit":true,"clearancePath":"/home/runner/v2-wxacYU/security/nub-synth-resolved.json"}
  SECURITY nub-synth-resolved clean: 5 exact package-version(s), tree 1cab7a2f42d3 (cached exact-tree clearance)
  VENUE-STORE-LAYOUT isolated
  VERIFY[synth] rc=0 artifacts=7/7 missing=0 shortfall=none (tree 94/32) OVERRIDDEN=2 REJECTED=0 grant={"network":true}
  => VERIFIED {"network":true}   (observed, then verified)
  EVICT     5 store entries removed, 0 spared as nub tooling
  SE-PURGE  0 side-effects-cache entries for dprint
OSV-SCREEN {"schemaVersion":1,"kind":"nub-drop-no-network-resolved","status":"clean","digest":"1cab7a2f42d3dd7546af28aa130c0b89394adc0ec6e499741c15dda408336eef","specCount":5,"lockfiles":{"digest":"116411d73c9cf16dfe66a2b8997049ae8e3e3645dba03e17d00d1e73024a125f","files":[{"path":"nub.lock","sha256":"08a4dce648eaf992ef9795905969bf9e1e046695ad9fa73dfe67bcf3d50f6adf","bytes":1194}]},"maliciousAdvisories":[],"screenedAt":"2026-09-07T23:23:02.311Z","cacheHit":true,"clearancePath":"/home/runner/v2-wxacYU/security/nub-drop-no-network-resolved.json"}
  SECURITY nub-drop-no-network-resolved clean: 5 exact package-version(s), tree 1cab7a2f42d3 (cached exact-tree clearance)
  VERIFY[drop-no-network] rc=1 artifacts=6/7 missing=1 shortfall=7f017aa8136b (tree 92/32) OVERRIDDEN=2 REJECTED=0 grant={}
       missing: dprint
     'no-network' is NECESSARY — dropping it fails to verify
  => MINIMAL — every capability in {"network":true} is independently necessary
