### handsontable@7.4.2   (/home/runner/v2-QQ4dKo)
  CI-ENV scrubbed: CI GITHUB_ACTIONS
OSV-SCREEN {"schemaVersion":1,"kind":"direct","status":"clean","digest":"655577b03acbc00f85023b7c772a9a8822e29599d3868aad7da3191289d535d9","specCount":1,"lockfiles":{"digest":null,"files":[]},"maliciousAdvisories":[],"screenedAt":"2026-09-09T03:25:52.444Z","cacheHit":false,"clearancePath":"/home/runner/v2-QQ4dKo/security/direct.json"}
  SECURITY direct clean: 1 exact package-version(s), tree 655577b03acb
  VENUE-OBSERVE-USER {"uid":1001,"user":"runner","umask":"0022","capBnd":"000001ffffffffff","noNewPrivs":"0"}
  VENUE-NUB-BINARY {"path":"/tmp/nub/target/release/nub","sha256":"2a18683f50f7afeb02a521cd3cae175dc2f91780d461c5f012065241f5a1447b","bytes":207643464,"features":{"buildJailCatalogOverride":true,"pythonDontWriteBytecodeEnv":true}}
OSV-SCREEN {"schemaVersion":1,"kind":"npm-observe-resolved","status":"clean","digest":"910fbdce2b1ee6057c5e6e5c3326b10ce2badd90c487848bd3cdf85b221b4fa6","specCount":12,"lockfiles":{"digest":"cc2894ea6d7309e728465527d4dfb8774c1eb29cf55cdf3dd19bd3ffd1e1d1c8","files":[{"path":"package-lock.json","sha256":"b9a3f9bd27d2ee67df44097349d22009805ace59fe521d951007d99d85a19a19","bytes":4772}]},"maliciousAdvisories":[],"screenedAt":"2026-09-09T03:25:58.293Z","cacheHit":false,"clearancePath":"/home/runner/v2-QQ4dKo/security/npm-observe-resolved.json"}
  SECURITY npm-observe-resolved clean: 12 exact package-version(s), tree 910fbdce2b1e
  OBSERVE   rc=0 files=5392 trace=10729 lines
  CLOSURE   12 packages evicted per arm
  ARM-FALSIFIABILITY {"manifestFiles":779,"filesTheScriptProduced":0,"reasons":["gate-vacuous"]}
  ⛔ ARMS-UNFALSIFIABLE — a green arm for this package carries no evidence:
       gate-vacuous: the script changed no file the artifact gate keys on — every file in the manifest (779) was already present at its final size before the script ran, so the gate passes in every arm including a completely broken one
       The grant may still be correct; what is missing is a signal that could have gone
       red. Do not read this record's MINIMAL as a passing measurement.
  RAWLOG-FILE /home/runner/v2-QQ4dKo/observe/trace.txt.gz
  RAWLOG-CAPTURE /home/runner/v2-QQ4dKo/observe/capture.json
  RAWLOG-BYTES raw=2367511 gz=68789
  VENUE-INTERPRETER /opt/hostedtoolcache/node/22.23.2/x64
  VENUE-OVERRIDES {"set":{"HOME":"/home/runner/v2-QQ4dKo/jailhome","TMPDIR":"/tmp/nub-tmp-obsVsDTYz","NODE_COMPAT":"1","PLAYWRIGHT_BROWSERS_PATH":"/home/runner/.cache/nub/pm/tools/ms-playwright","ELECTRON_CACHE":"/home/runner/.cache/nub/pm/tools/electron-cache","electron_config_cache":"/home/runner/.cache/nub/pm/tools/electron-cache","npm_config_prefix":"/home/runner/.cache/nub/pm/tools/npm-prefix","PYTHONDONTWRITEBYTECODE":"1","NUB_CACHE_DIR":"/home/runner/v2-QQ4dKo/nubcache"},"unset":["CI","GITHUB_ACTIONS"],"passedThrough":{"CI":"true","GITHUB_ACTIONS":"true","NODE_ENV":null}}
  == ATTRIBUTION == attributed pids: 13
    writes  script 0  /  whole traced tree 1088
    sockets script 0  /  whole traced tree 6
  == ROOTS (from capture.json — R2: no ambient reads) ==
    project       /home/runner/v2-QQ4dKo/observe
    home          /home/runner
    jailHome      /home/runner/v2-QQ4dKo/jailhome
    globalStore   /home/runner/.cache/nub/pm/store   [declared, not keyed on]
    projectStore  /home/runner/v2-QQ4dKo/observe/node_modules/.store   [declared, not keyed on]
    interpreter   /opt/hostedtoolcache/node/22.23.2/x64   [declared, not keyed on]
    toolsDir      /home/runner/.cache/nub/pm/tools   [declared, not keyed on]
    temp          /tmp/nub-tmp-obsVsDTYz
    npmPrefix     /home/runner/.cache/nub/pm/tools/npm-prefix
    ownPkg        /home/runner/v2-QQ4dKo/observe/node_modules/handsontable
  == WRITES the script actually performed ==
  == NETWORK ==
    AF_INET sockets: 0   distinct peers: 2
        127.0.0.53:53
        104.16.11.34:443
  == REFUSALS (only `= -1 EACCES/EPERM/EROFS`) ==
    distinct: 0
  == SYNTHESIZED GRANT (verify this in the real unprivileged jail) ==
    {}
  == writePaths (DERIVED — promotion out of the package's PRIVATE home) ==
    private-home writes observed: 0
    none declared — the script wrote nothing into its private home — there is nothing to promote
  == writePaths FEASIBILITY (distinct writes outside project/deps) ==
    count: 0
    EVENTS    4388 distinct from 10689 calls (10730 lines, 18 rejoined, 0 unparsed)
    PROCS     20   lifecycle shells 8
    ⛔ 3 paths with an UNRESOLVED dirfd — kept, marked, never guessed
    unsubscribed/unmapped syscalls: getsockname×23 setsockopt×23 exit×15 getsockopt×9 recvmsg×7 getcwd×4 socketpair×3 shutdown×3
    wrote /home/runner/v2-QQ4dKo/observe/events.ndjson.gz (31182 bytes)
  EVENTLOG-FILE /home/runner/v2-QQ4dKo/observe/events.ndjson.gz
  EVENTLOG-STATS {"lines":10730,"parsed":10689,"unparsed":0,"unfinished":18,"rejoined":18,"unresolvedDirfd":3,"truncatedArg":0,"procs":20,"lifecyclePids":8,"distinctEvents":4388,"unknownSyscall":{"getsockname":23,"getsockopt":9,"getcwd":4,"recvmsg":7,"exit":15,"setsockopt":23,"sendmmsg":1,"socketpair":3,"shutdown":3,"exit_group":3,"wait4":3},"out":"/home/runner/v2-QQ4dKo/observe/events.ndjson.gz","gzipBytes":31182}
  EVICT     0 store entries removed, 0 spared as nub tooling
  SE-PURGE  0 side-effects-cache entries for handsontable
  scaffold: 1 dependency package(s) with lifecycle scripts granted a fixed wide grant
OSV-SCREEN {"schemaVersion":1,"kind":"nub-synth-resolved","status":"clean","digest":"910fbdce2b1ee6057c5e6e5c3326b10ce2badd90c487848bd3cdf85b221b4fa6","specCount":12,"lockfiles":{"digest":"77b09f6cccc2e248b27f3a90eee48bc0e46908a7180e8be3a7f3c163acdc0d06","files":[{"path":"nub.lock","sha256":"df58424eb68017a387df2a44c4374630d8c6590a006dd07d55235e01f21efed9","bytes":2706}]},"maliciousAdvisories":[],"screenedAt":"2026-09-09T03:25:58.293Z","cacheHit":true,"clearancePath":"/home/runner/v2-QQ4dKo/security/nub-synth-resolved.json"}
  SECURITY nub-synth-resolved clean: 12 exact package-version(s), tree 910fbdce2b1e (cached exact-tree clearance)
  VENUE-STORE-LAYOUT isolated
  VERIFY[synth] rc=0 artifacts=779/779 missing=0 shortfall=none (tree 16546/5392) OVERRIDDEN=3 REJECTED=0 grant={}
  => VERIFIED {}   (observed, then verified)
  DESCEND   grant is already empty — nothing to narrow; MINIMAL by construction.
