### nodemon@3.1.14   (D:\jail\m-nodemon-mttnd1sw)
  CI-ENV scrubbed: CI GITHUB_ACTIONS
OSV-SCREEN {"schemaVersion":1,"kind":"direct","status":"clean","digest":"7371c492f949b89d36623a2a52a288ade4373e7ece53950bfb556db8776f1be6","specCount":1,"lockfiles":{"digest":null,"files":[]},"maliciousAdvisories":[],"screenedAt":"2026-09-09T05:17:37.293Z","cacheHit":false,"clearancePath":"D:\\jail\\m-nodemon-mttnd1sw\\security\\direct.json"}
  SECURITY direct clean: 1 exact package-version(s), tree 7371c492f949
OSV-SCREEN {"schemaVersion":1,"kind":"npm-observe-resolved","status":"clean","digest":"b2fac84660ade05c92e5405e9a7188f7c06774195b3480d8497e5eabdeeb34a4","specCount":28,"lockfiles":{"digest":"b712a08144679bf0ed2c72ec402eaac6de6e1e4c405073778f2bf0b9ce0cc2ef","files":[{"path":"package-lock.json","sha256":"26b8f209de91041a7d18b029dd94427385f1a62059591953d3903364b603303d","bytes":12319}]},"maliciousAdvisories":[],"screenedAt":"2026-09-09T05:17:39.884Z","cacheHit":false,"clearancePath":"D:\\jail\\m-nodemon-mttnd1sw\\security\\npm-observe-resolved.json"}
  SECURITY npm-observe-resolved clean: 28 exact package-version(s), tree b2fac84660ad
  CAPTURE user=runnervmeef0v\runneradmin elevated=True rootPid=6880 exit=0 events=20795 lost=0
  VENUE-OBSERVE-USER runnervmeef0v\runneradmin elevated=true privDropped={"SeBackupPrivilege":"removed","SeRestorePrivilege":"removed","SeTakeOwnershipPrivilege":"removed"}
  OBSERVE artifacts: 34 files  (D:\jail\m-nodemon-mttnd1sw\observe\node_modules\nodemon)
  ARM-FALSIFIABILITY {"manifestFiles":42,"filesTheScriptProduced":0,"reasons":["gate-vacuous"]}
  ⛔ ARMS-UNFALSIFIABLE — a green arm for this package carries no evidence:
       gate-vacuous: the script changed no file the artifact gate keys on — every file in the manifest (42) was already present at its final size before the script ran, so the gate passes in every arm including a completely broken one
       The grant may still be correct; what is missing is a signal that could have gone
       red. Do not read this record's MINIMAL as a passing measurement.
  CLOSURE 28 packages evicted per arm
  8.3 MAP 0 components resolved on runnervmeef0v, folded into capture.json
  == ROOTS (from capture.json — R2: no ambient reads) ==
    project       D:\jail\m-nodemon-mttnd1sw\observe   [keyed on]
    home          C:\Users\runneradmin   [keyed on]
    jailHome      (null — declared inapplicable)
    globalStore   C:\Users\runneradmin\AppData\Local\nub\pm\store
    projectStore  D:\jail\m-nodemon-mttnd1sw\observe\node_modules\.store
    interpreter   C:\hostedtoolcache\windows\node\22.23.2\x64\node.exe
    toolsDir      C:\Users\runneradmin\AppData\Local\nub\pm\tools
    temp          D:\jail\m-nodemon-mttnd1sw\tmp   [keyed on]
    npmPrefix     (null — declared inapplicable)
    ownPkg        D:\jail\m-nodemon-mttnd1sw\observe\node_modules\nodemon
  == ATTRIBUTION == lifecycle pids: 0 (root 6880)
    writes  script 0  /  whole traced tree 11
    peers   script 0  /  whole traced tree 0
    !! NO LIFECYCLE SHELL FOUND -- the subtree filter matched nothing, so the grant
       below is EMPTY BY DEFAULT rather than by measurement. Treat it as UNKNOWN.
  == WRITES ==
  == READS ==
  == NETWORK ==
    distinct peers: 0
  == REFUSALS (adapter-classified) ==
    distinct: 0
  == SYNTHESIZED GRANT (verify this in the real unprivileged jail) ==
    {}
  RAW       etw-raw.xml.gz  26528001 B xml -> 382299 B gz (69.4x)  sha256 ce556b9b53e459d3…
  HEADER    etw-header.json (5047 bytes)
  DERIVED   5124 distinct from 6192 kept ops (20795 xml events, 1586 out of subtree)
  PROCS     2   thread-reattributed 0
  ⛔ 1 operations with NO OperationEnd — kept, status marked unknown
  8.3       0 expanded, 0 kept short, 0 not covered  [map: recorded 8.3 map (0 components, resolved on runnervmeef0v)]
  wrote events.ndjson.gz (64452 bytes)
  RAWLOG-CAPTURE D:\jail\m-nodemon-mttnd1sw\cap\capture.json
  VENUE-NUB-BINARY {"path":"C:/Users/RUNNER~1/AppData/Local/Temp/nub/target/release/nub.exe","sha256":"f186817a44be332fee712b4936a071a0b5f9cde18a1d2fdc3a791729d4bf1005","bytes":68717056,"features":{"buildJailCatalogOverride":true,"pythonDontWriteBytecodeEnv":true}}
  VENUE-INTERPRETER C:\hostedtoolcache\windows\node\22.23.2\x64\node.exe
  VENUE-JAIL-ROOT D:\jail\m-nodemon-mttnd1sw
  VENUE-OVERRIDES {"set":{"npm_config_cache":"D:\\jail\\m-nodemon-mttnd1sw\\npm-cache","TMP":"D:\\jail\\m-nodemon-mttnd1sw\\tmp","TEMP":"D:\\jail\\m-nodemon-mttnd1sw\\tmp","TMPDIR":"D:\\jail\\m-nodemon-mttnd1sw\\tmp"},"unset":["CI","GITHUB_ACTIONS"],"notRedirected":{"USERPROFILE":"C:\\Users\\runneradmin","why":"the jail leaves HOME/USERPROFILE alone — `build_jail.rs` sandbox_homes() reads the ambient value and `compiler/defaults.rs` BASELINE_ENV_EXACT passes it through — so there is no private jail home to reproduce and redirecting one would measure an environment no confined script sees"},"passedThrough":{"CI":"true","GITHUB_ACTIONS":"true","NODE_ENV":null}}
  STORE   isolated virtual store at D:\jail\m-nodemon-mttnd1sw\verify-synth\.cache
  VENUE-STORE-LAYOUT isolated
OSV-SCREEN {"schemaVersion":1,"kind":"nub-synth-resolved","status":"clean","digest":"b2fac84660ade05c92e5405e9a7188f7c06774195b3480d8497e5eabdeeb34a4","specCount":28,"lockfiles":{"digest":"60f9ed99bb8ce8a639ef7425024a0b1bb936b4ad0bc71eedf1c61eb8c5704140","files":[{"path":"nub.lock","sha256":"2bd04d974893718be1619b537ae6aaa96e9ae499028fb1b1c7b7766e089fea75","bytes":7208}]},"maliciousAdvisories":[],"screenedAt":"2026-09-09T05:17:39.884Z","cacheHit":true,"clearancePath":"D:\\jail\\m-nodemon-mttnd1sw\\security\\nub-synth-resolved.json"}
  SECURITY nub-synth-resolved clean: 28 exact package-version(s), tree b2fac84660ad (cached exact-tree clearance)
  VERIFY[synth] rc=0 artifacts=34/34 missing=0 shortfall=none (tree 435/322) OVERRIDDEN=2 REJECTED=0 grant={}
  => MINIMUM {}   (observed, then verified)
  DESCEND   grant is already empty — nothing to narrow; MINIMAL by construction.
