### @prisma/client@4.16.2   (D:\jail\m-prismaclient-mtsmfhy1)
  CI-ENV scrubbed: CI GITHUB_ACTIONS
OSV-SCREEN {"schemaVersion":1,"kind":"direct","status":"clean","digest":"059da41bde4560067d1a2ffd4b59d5e28f20da46e7a5edecf09ba0b69da5aff8","specCount":1,"lockfiles":{"digest":null,"files":[]},"maliciousAdvisories":[],"screenedAt":"2026-09-08T12:03:45.757Z","cacheHit":false,"clearancePath":"D:\\jail\\m-prismaclient-mtsmfhy1\\security\\direct.json"}
  SECURITY direct clean: 1 exact package-version(s), tree 059da41bde45
OSV-SCREEN {"schemaVersion":1,"kind":"npm-observe-resolved","status":"clean","digest":"1546d3ab1262b41ce25779a2f1ce890d65b47b5c20f090ce7b528bbfa1740b5a","specCount":2,"lockfiles":{"digest":"b9ed73f8c3dd1dc6c68edb4b4bef88aad38bfb2e3536e5122365825c01da4469","files":[{"path":"package-lock.json","sha256":"3416f434ce4f64c28eec5b51131e58eb10b5e2d05372cd36e6716ace432afe2a","bytes":1314}]},"maliciousAdvisories":[],"screenedAt":"2026-09-08T12:03:50.061Z","cacheHit":false,"clearancePath":"D:\\jail\\m-prismaclient-mtsmfhy1\\security\\npm-observe-resolved.json"}
  SECURITY npm-observe-resolved clean: 2 exact package-version(s), tree 1546d3ab1262
  CAPTURE user=runnervmeef0v\runneradmin elevated=True rootPid=7404 exit=0 events=24124 lost=0
  VENUE-OBSERVE-USER runnervmeef0v\runneradmin elevated=true privDropped={"SeBackupPrivilege":"removed","SeRestorePrivilege":"removed","SeTakeOwnershipPrivilege":"removed"}
  OBSERVE artifacts: 32 files  (D:\jail\m-prismaclient-mtsmfhy1\observe\node_modules\@prisma\client)
  ARM-FALSIFIABILITY {"manifestFiles":32,"filesTheScriptProduced":0,"reasons":["gate-vacuous"]}
  ⛔ ARMS-UNFALSIFIABLE — a green arm for this package carries no evidence:
       gate-vacuous: the script changed no file the artifact gate keys on — every file in the manifest (32) was already present at its final size before the script ran, so the gate passes in every arm including a completely broken one
       The grant may still be correct; what is missing is a signal that could have gone
       red. Do not read this record's MINIMAL as a passing measurement.
  CLOSURE 2 packages evicted per arm
  8.3 MAP 0 components resolved on runnervmeef0v, folded into capture.json
  == ROOTS (from capture.json — R2: no ambient reads) ==
    project       D:\jail\m-prismaclient-mtsmfhy1\observe   [keyed on]
    home          C:\Users\runneradmin   [keyed on]
    jailHome      (null — declared inapplicable)
    globalStore   C:\Users\runneradmin\AppData\Local\nub\pm\store
    projectStore  D:\jail\m-prismaclient-mtsmfhy1\observe\node_modules\.store
    interpreter   C:\hostedtoolcache\windows\node\22.23.2\x64\node.exe
    toolsDir      C:\Users\runneradmin\AppData\Local\nub\pm\tools
    temp          D:\jail\m-prismaclient-mtsmfhy1\tmp   [keyed on]
    npmPrefix     (null — declared inapplicable)
    ownPkg        D:\jail\m-prismaclient-mtsmfhy1\observe\node_modules\@prisma\client
  == ATTRIBUTION == lifecycle pids: 3 (root 7404)
    writes  script 9  /  whole traced tree 16
    peers   script 0  /  whole traced tree 0
  == WRITES ==
    deps          9
  == READS ==
    deps         11
    outside      25
    project       1
    systemfs     85
    userHome      3
  == NETWORK ==
    distinct peers: 0
  == REFUSALS (adapter-classified) ==
    distinct: 0
  == SYNTHESIZED GRANT (verify this in the real unprivileged jail) ==
    {"write":{"deps":true}}
  RAW       etw-raw.xml.gz  30780607 B xml -> 447443 B gz (68.8x)  sha256 421667e966c58d1d…
  HEADER    etw-header.json (5095 bytes)
  DERIVED   5629 distinct from 6838 kept ops (24124 xml events, 2198 out of subtree)
  PROCS     5   thread-reattributed 6
  8.3       0 expanded, 0 kept short, 0 not covered  [map: recorded 8.3 map (0 components, resolved on runnervmeef0v)]
  wrote events.ndjson.gz (71575 bytes)
  RAWLOG-CAPTURE D:\jail\m-prismaclient-mtsmfhy1\cap\capture.json
  VENUE-NUB-BINARY {"path":"C:/Users/RUNNER~1/AppData/Local/Temp/nub/target/release/nub.exe","sha256":"f186817a44be332fee712b4936a071a0b5f9cde18a1d2fdc3a791729d4bf1005","bytes":68717056,"features":{"buildJailCatalogOverride":true,"pythonDontWriteBytecodeEnv":true}}
  VENUE-INTERPRETER C:\hostedtoolcache\windows\node\22.23.2\x64\node.exe
  VENUE-JAIL-ROOT D:\jail\m-prismaclient-mtsmfhy1
  VENUE-OVERRIDES {"set":{"npm_config_cache":"D:\\jail\\m-prismaclient-mtsmfhy1\\npm-cache","TMP":"D:\\jail\\m-prismaclient-mtsmfhy1\\tmp","TEMP":"D:\\jail\\m-prismaclient-mtsmfhy1\\tmp","TMPDIR":"D:\\jail\\m-prismaclient-mtsmfhy1\\tmp"},"unset":["CI","GITHUB_ACTIONS"],"notRedirected":{"USERPROFILE":"C:\\Users\\runneradmin","why":"the jail leaves HOME/USERPROFILE alone — `build_jail.rs` sandbox_homes() reads the ambient value and `compiler/defaults.rs` BASELINE_ENV_EXACT passes it through — so there is no private jail home to reproduce and redirecting one would measure an environment no confined script sees"},"passedThrough":{"CI":"true","GITHUB_ACTIONS":"true","NODE_ENV":null}}
  STORE   isolated virtual store at D:\jail\m-prismaclient-mtsmfhy1\verify-synth\.cache
  VENUE-STORE-LAYOUT isolated
OSV-SCREEN {"schemaVersion":1,"kind":"nub-synth-resolved","status":"clean","digest":"1546d3ab1262b41ce25779a2f1ce890d65b47b5c20f090ce7b528bbfa1740b5a","specCount":2,"lockfiles":{"digest":"f4cfc1fcecc227fdc3e1af5fa542fb1e95bccdd7be21b9d7fd1c944cfca02c09","files":[{"path":"nub.lock","sha256":"447cb662a560c6caf146dc23aa0afb9ba9608d93e0e7c635eab41432e94b757c","bytes":930}]},"maliciousAdvisories":[],"screenedAt":"2026-09-08T12:03:50.061Z","cacheHit":true,"clearancePath":"D:\\jail\\m-prismaclient-mtsmfhy1\\security\\nub-synth-resolved.json"}
  SECURITY nub-synth-resolved clean: 2 exact package-version(s), tree 1546d3ab1262 (cached exact-tree clearance)
  VERIFY[synth] rc=0 artifacts=32/32 missing=0 shortfall=none (tree 5729/47) OVERRIDDEN=2 REJECTED=0 grant={"write":{"deps":true}}
  => MINIMUM {"write":{"deps":true}}   (observed, then verified)
  STORE   isolated virtual store at D:\jail\m-prismaclient-mtsmfhy1\verify-nar-no-write-deps\.cache
OSV-SCREEN {"schemaVersion":1,"kind":"nub-nar-no-write-deps-resolved","status":"clean","digest":"1546d3ab1262b41ce25779a2f1ce890d65b47b5c20f090ce7b528bbfa1740b5a","specCount":2,"lockfiles":{"digest":"f4cfc1fcecc227fdc3e1af5fa542fb1e95bccdd7be21b9d7fd1c944cfca02c09","files":[{"path":"nub.lock","sha256":"447cb662a560c6caf146dc23aa0afb9ba9608d93e0e7c635eab41432e94b757c","bytes":930}]},"maliciousAdvisories":[],"screenedAt":"2026-09-08T12:03:50.061Z","cacheHit":true,"clearancePath":"D:\\jail\\m-prismaclient-mtsmfhy1\\security\\nub-nar-no-write-deps-resolved.json"}
  SECURITY nub-nar-no-write-deps-resolved clean: 2 exact package-version(s), tree 1546d3ab1262 (cached exact-tree clearance)
  VERIFY[nar-no-write-deps] rc=0 artifacts=32/32 missing=0 shortfall=none (tree 5729/47) OVERRIDDEN=2 REJECTED=0 grant={}
     ⛔ OVER-PREDICTED — the strictly narrower {} also verifies; 'no-write-deps' was not needed
