OSV-SCREEN {"schemaVersion":1,"kind":"direct","status":"clean","digest":"72dca473e0b58fa8fad5a3ee463e3d6c344db42cd7e19385551159f2af9a0c3a","specCount":1,"lockfiles":{"digest":null,"files":[]},"maliciousAdvisories":[],"screenedAt":"2026-09-09T23:48:39.716Z","cacheHit":false,"clearancePath":"/Users/runner/v2m-NSdNnU/security/direct.json"}
  SECURITY direct clean: 1 exact package-version(s), tree 72dca473e0b5
### @tsparticles/engine@4.4.0   (/Users/runner/v2m-NSdNnU)   nub=/tmp/nub/target/release/nub
  VENUE-NUB-BINARY {"path":"/tmp/nub/target/release/nub","sha256":"f923f9d246b7061a3e88675efb7b4fdcda741d02368002ce6e7f7044b01e7bbe","bytes":93818888,"features":{"buildJailCatalogOverride":true,"pythonDontWriteBytecodeEnv":true}}
  CI-ENV scrubbed: CI GITHUB_ACTIONS
  --- fbt preflight (advisory; never fails the run) ---
     csrutil: System Integrity Protection status: disabled.
     fbt probes visible: 93591
     fbt enable attempt: dtrace: description 'fbt:::entry ' matched 50364 probes CPU     ID                    FUNCTION:NAME 
     cwd builtin value:  
     fbt chdir symbols:  
     fbt fires on spawn-with-cwd: dtrace: invalid probe specifier fbt::chdir*:entry /progenyof($target)/ { @[probefunc] = count(); }: probe description fbt::chdir*:entry does not match any probes 
  --- end fbt preflight ---
OSV-SCREEN {"schemaVersion":1,"kind":"npm-observe-resolved","status":"clean","digest":"72dca473e0b58fa8fad5a3ee463e3d6c344db42cd7e19385551159f2af9a0c3a","specCount":1,"lockfiles":{"digest":"c11d0c4586f6fab56c9d35b6ed3b0262cff6496bc04c2ab65e65502609f698fc","files":[{"path":"package-lock.json","sha256":"d2ea83518fdc15348b0e47dbc1424cd59a3f7df3c363a1f2b012979cb4e42ba7","bytes":931}]},"maliciousAdvisories":[],"screenedAt":"2026-09-09T23:48:39.716Z","cacheHit":true,"clearancePath":"/Users/runner/v2m-NSdNnU/security/npm-observe-resolved.json"}
  SECURITY npm-observe-resolved clean: 1 exact package-version(s), tree 72dca473e0b5 (cached exact-tree clearance)
  VENUE-CI-CHILD clean (no CI-detection variable reaches the traced script)
  --- wrapper (run.sh) ---
     cd "/Users/runner/v2m-NSdNnU/Observe"
     sudo -u "runner" -H env "PATH=$PATH"   "HOME=/Users/runner/v2m-NSdNnU/jailhome"   "TMPDIR=/private/var/folders/nj/vtw8zd2j31d1gdrtntc5y4600000gn/T/nub-tmp-obsTI0wzX"   "NODE_COMPAT=1"   "PYTHONDONTWRITEBYTECODE=1"   "PLAYWRIGHT_BROWSERS_PATH=/Users/runner/.cache/nub/pm/tools/ms-playwright"   "ELECTRON_CACHE=/Users/runner/.cache/nub/pm/tools/electron-cache"   "electron_config_cache=/Users/runner/.cache/nub/pm/tools/electron-cache"   "npm_config_prefix=/Users/runner/.cache/nub/pm/tools/npm-prefix"   "/Users/runner/hostedtoolcache/node/22.23.2/arm64/bin/npm" rebuild --no-audit --no-fund "@tsparticles/engine" > "/Users/runner/v2m-NSdNnU/Observe/npm.log" 2>&1
     echo $? > "/Users/runner/v2m-NSdNnU/Observe/rc"
  --- dtrace stderr + wrapper trace ---
     + cd /Users/runner/v2m-NSdNnU/Observe
     + sudo -u runner -H env PATH=/Users/runner/hostedtoolcache/node/22.23.2/arm64/bin:/opt/homebrew/lib/ruby/gems/3.3.0/bin:/opt/homebrew/opt/ruby@3.3/bin:/Users/runner/.local/bin:/opt/homebrew/bin:/opt/homebrew/sbin:/Users/runner/.cargo/bin:/usr/local/opt/curl/bin:/usr/local/bin:/usr/local/sbin:/Users/runner/bin:/Users/runner/.yarn/bin:/Users/runner/Library/Android/sdk/tools:/Users/runner/Library/Android/sdk/platform-tools:/Library/Frameworks/Python.framework/Versions/Current/bin:/Library/Frameworks/Mono.framework/Versions/Current/Commands:/usr/bin:/bin:/usr/sbin:/sbin:/Users/runner/.dotnet/tools HOME=/Users/runner/v2m-NSdNnU/jailhome TMPDIR=/private/var/folders/nj/vtw8zd2j31d1gdrtntc5y4600000gn/T/nub-tmp-obsTI0wzX NODE_COMPAT=1 PYTHONDONTWRITEBYTECODE=1 PLAYWRIGHT_BROWSERS_PATH=/Users/runner/.cache/nub/pm/tools/ms-playwright ELECTRON_CACHE=/Users/runner/.cache/nub/pm/tools/electron-cache electron_config_cache=/Users/runner/.cache/nub/pm/tools/electron-cache npm_config_prefix=/Users/runner/.cache/nub/pm/tools/npm-prefix /Users/runner/hostedtoolcache/node/22.23.2/arm64/bin/npm rebuild --no-audit --no-fund @tsparticles/engine
     dtrace: error on enabled probe ID 128 (ID 286: syscall::execve:entry): invalid address (0x6000026d10e0) in action #1 at DIF offset 20
     + echo 0
  OBSERVE   rc=0 dtrace_rc=0 files=618 (pre=616) trace=11898 lines
  CLOSURE   1 packages evicted per arm   store=/Users/runner/.cache/nub/pm/store
  RAWLOG-FILE /Users/runner/v2m-NSdNnU/Observe/trace.txt.gz
  RAWLOG-CAPTURE /Users/runner/v2m-NSdNnU/Observe/capture.json
  RAWLOG-BYTES raw=2064855 gz=64223
  VENUE-INTERPRETER /Users/runner/hostedtoolcache/node/22.23.2/arm64
  VENUE-OVERRIDES {"set":{"PATH":"inherited-and-forwarded","HOME":"/Users/runner/v2m-NSdNnU/jailhome","TMPDIR":"/private/var/folders/nj/vtw8zd2j31d1gdrtntc5y4600000gn/T/nub-tmp-obsTI0wzX","NODE_COMPAT":"1","PYTHONDONTWRITEBYTECODE":"1","PLAYWRIGHT_BROWSERS_PATH":"/Users/runner/.cache/nub/pm/tools/ms-playwright","ELECTRON_CACHE":"/Users/runner/.cache/nub/pm/tools/electron-cache","electron_config_cache":"/Users/runner/.cache/nub/pm/tools/electron-cache","npm_config_prefix":"/Users/runner/.cache/nub/pm/tools/npm-prefix"},"unset":["(sudo env_reset discards the caller environment; every var above is re-set after it)","CI","GITHUB_ACTIONS"],"passedThrough":{"CI":"true","GITHUB_ACTIONS":"true","NODE_ENV":null}}
  VENUE-OBSERVE-USER runner uid=501 (R7: ordinary non-root user, asserted)
  ARM-FALSIFIABILITY {"manifestFiles":610,"filesTheScriptProduced":0,"reasons":["gate-vacuous"]}
  ⛔ ARMS-UNFALSIFIABLE — a green arm for this package carries no evidence:
       gate-vacuous: the script changed no file the artifact gate keys on — every file in the manifest (610) was already present at its final size before the script ran, so the gate passes in every arm including a completely broken one
       The grant may still be correct; what is missing is a signal that could have gone
       red. Do not read this record's MINIMAL as a passing measurement.
  EVENTLOG-FILE /Users/runner/v2m-NSdNnU/Observe/events.ndjson.gz
  EVENTLOG-STATS {"lines":11899,"parsed":11881,"unparsed":0,"live":true,"tracerErrors":1,"tracerErrorTotal":1,"unresolvedDirfd":21,"unresolvedFd":0,"pairedTwoPath":541,"danglingPair":0,"failed":4553,"enoent":4550,"refusals":0,"byErrno":{"ENXIO":3,"ENOENT":4550},"procs":5,"lifecyclePids":1,"distinctEvents":5271,"emitted":5271,"calls":11328,"bytes":1088891,"gzipBytes":36374,"out":"/Users/runner/v2m-NSdNnU/Observe/events.ndjson"}
  == TRACER == live=true decodable-events=3117 dropped-events=1
    NOTE 14 relative path(s) under a non-AT_FDCWD dirfd were not
       scope-assigned: resolving them against the cwd would invent a path.
    ⛔ CWD-UNOBSERVED 3 relative path(s) (0 write(s)) came from a lifecycle
       process whose own cwd was never observed
       macOS spawns with posix_spawn addchdir_np, which changes directory in-kernel and
       emits no chdir syscall, so the inherited cwd cannot be trusted. These are NOT
       scope-assigned; the grant below is WIDENED instead so it covers wherever they landed.
         pid=15115 read  unproven .
         pid=15115 read  unproven .
         pid=15115 read  unproven .
    ⛔ THE TRACER DROPPED 1 EVENT(S). A dropped event is a path never
       seen, so the grant below can only be too NARROW — the direction that breaks installs.
       Treat it as a FLOOR, not a measurement, until the adapter fault is fixed:
             1 x  epid=128 action=1 fault=1 addr=0x6000026d10e0
  == ATTRIBUTION == lifecycle pids: 1
    writes  script 1  /  whole traced subtree 1091
    sockets script 0  /  whole traced subtree 1
  == ROOTS (from /Users/runner/v2m-NSdNnU/Observe/capture.json; the classifier reads no other source) ==
    project       /Users/runner/v2m-NSdNnU/Observe
    home          /Users/runner
    jailHome      /Users/runner/v2m-NSdNnU/jailhome
    globalStore   /Users/runner/.cache/nub/pm/store
    projectStore  /Users/runner/v2m-NSdNnU/Observe/node_modules/.store
    interpreter   /Users/runner/hostedtoolcache/node/22.23.2/arm64
    toolsDir      /Users/runner/.cache/nub/pm/tools
    temp          /private/var/folders/nj/vtw8zd2j31d1gdrtntc5y4600000gn/T/nub-tmp-obsTI0wzX
    npmPrefix     /Users/runner/.cache/nub/pm/tools/npm-prefix
    ownPkg        /Users/runner/v2m-NSdNnU/Observe/node_modules/@tsparticles/engine
    cwd           (null — this platform has no such root)
  == WRITES the script actually performed ==
    systemfs      1
        /dev/dtracehelper
  == READS the script performed, by scope ==
    outside       3
    systemfs      8
    userHome      2
    ownPkg        2
    project       1
        outside: /
        outside: /bin/bash
        outside: /bin
  == NETWORK ==
    AF_INET connects: 0   distinct peers: 0
  == REFUSALS (errno EPERM/EACCES/EROFS only; ENOENT is a miss, not a denial) ==
    distinct: 0
  == SYNTHESIZED GRANT (verify this in the real unprivileged jail) ==
    {}
  == writePaths (DERIVED — promotion out of the package's PRIVATE home) ==
    private-home writes observed: 0
    none declared — the script wrote nothing into its private home — there is nothing to promote
  == writePaths FEASIBILITY (distinct writes outside project/deps) ==
    count: 0
  EVICT[synth] 0 store entries removed, 0 spared as nub tooling, 163 in store
OSV-SCREEN {"schemaVersion":1,"kind":"nub-synth-resolved","status":"clean","digest":"72dca473e0b58fa8fad5a3ee463e3d6c344db42cd7e19385551159f2af9a0c3a","specCount":1,"lockfiles":{"digest":"57ebc403eb04997f56be7425c49a67e7d273cee438bd99fa4606c081042fb6b4","files":[{"path":"nub.lock","sha256":"e9e6e557d1fce474e1f7141d7efe8b171f7984d2ac534d28ce090e475d3562a1","bytes":421}]},"maliciousAdvisories":[],"screenedAt":"2026-09-09T23:48:39.716Z","cacheHit":true,"clearancePath":"/Users/runner/v2m-NSdNnU/security/nub-synth-resolved.json"}
  SECURITY nub-synth-resolved clean: 1 exact package-version(s), tree 72dca473e0b5 (cached exact-tree clearance)
  VENUE-STORE-LAYOUT isolated
  VERIFY[synth] rc=0 artifacts=610/610 missing=0 shortfall=none (tree 1838/618) OVERRIDDEN=3 REJECTED=0 grant={}
  => VERIFIED {}
  NARROW    no capability to drop — the grant is already empty; over-prediction is 0 by construction
### DONE @tsparticles/engine@4.4.0  synthesized={} verified=1
