OSV-SCREEN {"schemaVersion":1,"kind":"direct","status":"clean","digest":"d0b383fa7dbc99ede1be275b13804320ffb676e3ae50276c6a2b8c0bf6aae872","specCount":1,"lockfiles":{"digest":null,"files":[]},"maliciousAdvisories":[],"screenedAt":"2026-09-08T04:44:58.284Z","cacheHit":false,"clearancePath":"/Users/runner/v2m-f2AhvZ/security/direct.json"}
  SECURITY direct clean: 1 exact package-version(s), tree d0b383fa7dbc
### typia@8.0.3   (/Users/runner/v2m-f2AhvZ)   nub=/tmp/nub/target/release/nub
  VENUE-NUB-BINARY {"path":"/tmp/nub/target/release/nub","sha256":"f923f9d246b7061a3e88675efb7b4fdcda741d02368002ce6e7f7044b01e7bbe","bytes":93818888,"features":{"buildJailCatalogOverride":true,"pythonDontWriteBytecodeEnv":true}}
  CI-ENV scrubbed: CI GITHUB_ACTIONS
  --- fbt preflight (advisory; never fails the run) ---
     csrutil: System Integrity Protection status: disabled.
     fbt probes visible: 93591
     fbt enable attempt: dtrace: description 'fbt:::entry ' matched 50364 probes CPU     ID                    FUNCTION:NAME 
     cwd builtin value:  
     fbt chdir symbols:  
     fbt fires on spawn-with-cwd: dtrace: invalid probe specifier fbt::chdir*:entry /progenyof($target)/ { @[probefunc] = count(); }: probe description fbt::chdir*:entry does not match any probes 
  --- end fbt preflight ---
OSV-SCREEN {"schemaVersion":1,"kind":"npm-observe-resolved","status":"clean","digest":"8c0c8fe7bb8d7d1b5af31f3deb36e5729fe7ba6e2df3f395179ecc48f84588f0","specCount":62,"lockfiles":{"digest":"10c414d5099d9f3f179003b6789e7a1407b2544bcf17a52313e7986bf5206fc4","files":[{"path":"package-lock.json","sha256":"f1b1d51a59f817488a2bb758723fb33a61026f318682ffb1cbc52efdea50e021","bytes":26496}]},"maliciousAdvisories":[],"screenedAt":"2026-09-08T04:45:07.965Z","cacheHit":false,"clearancePath":"/Users/runner/v2m-f2AhvZ/security/npm-observe-resolved.json"}
  SECURITY npm-observe-resolved clean: 62 exact package-version(s), tree 8c0c8fe7bb8d
  VENUE-CI-CHILD clean (no CI-detection variable reaches the traced script)
  --- wrapper (run.sh) ---
     cd "/Users/runner/v2m-f2AhvZ/Observe"
     sudo -u "runner" -H env "PATH=$PATH"   "HOME=/Users/runner/v2m-f2AhvZ/jailhome"   "TMPDIR=/private/var/folders/bl/vzjcvbz95c3dk19cb0fw46180000gn/T/nub-tmp-obsoYvYVI"   "NODE_COMPAT=1"   "PYTHONDONTWRITEBYTECODE=1"   "PLAYWRIGHT_BROWSERS_PATH=/Users/runner/.cache/nub/pm/tools/ms-playwright"   "ELECTRON_CACHE=/Users/runner/.cache/nub/pm/tools/electron-cache"   "electron_config_cache=/Users/runner/.cache/nub/pm/tools/electron-cache"   "npm_config_prefix=/Users/runner/.cache/nub/pm/tools/npm-prefix"   "/Users/runner/hostedtoolcache/node/22.23.2/arm64/bin/npm" rebuild --no-audit --no-fund "typia" > "/Users/runner/v2m-f2AhvZ/Observe/npm.log" 2>&1
     echo $? > "/Users/runner/v2m-f2AhvZ/Observe/rc"
  --- dtrace stderr + wrapper trace ---
     + cd /Users/runner/v2m-f2AhvZ/Observe
     + sudo -u runner -H env PATH=/Users/runner/hostedtoolcache/node/22.23.2/arm64/bin:/opt/homebrew/lib/ruby/gems/3.3.0/bin:/opt/homebrew/opt/ruby@3.3/bin:/Users/runner/.local/bin:/opt/homebrew/bin:/opt/homebrew/sbin:/Users/runner/.cargo/bin:/usr/local/opt/curl/bin:/usr/local/bin:/usr/local/sbin:/Users/runner/bin:/Users/runner/.yarn/bin:/Users/runner/Library/Android/sdk/tools:/Users/runner/Library/Android/sdk/platform-tools:/Library/Frameworks/Python.framework/Versions/Current/bin:/Library/Frameworks/Mono.framework/Versions/Current/Commands:/usr/bin:/bin:/usr/sbin:/sbin:/Users/runner/.dotnet/tools HOME=/Users/runner/v2m-f2AhvZ/jailhome TMPDIR=/private/var/folders/bl/vzjcvbz95c3dk19cb0fw46180000gn/T/nub-tmp-obsoYvYVI NODE_COMPAT=1 PYTHONDONTWRITEBYTECODE=1 PLAYWRIGHT_BROWSERS_PATH=/Users/runner/.cache/nub/pm/tools/ms-playwright ELECTRON_CACHE=/Users/runner/.cache/nub/pm/tools/electron-cache electron_config_cache=/Users/runner/.cache/nub/pm/tools/electron-cache npm_config_prefix=/Users/runner/.cache/nub/pm/tools/npm-prefix /Users/runner/hostedtoolcache/node/22.23.2/arm64/bin/npm rebuild --no-audit --no-fund typia
     dtrace: error on enabled probe ID 128 (ID 286: syscall::execve:entry): invalid address (0x600000018000) in action #1 at DIF offset 20
     + echo 0
  OBSERVE   rc=0 dtrace_rc=0 files=7612 (pre=7610) trace=24110 lines
  CLOSURE   62 packages evicted per arm   store=/Users/runner/.cache/nub/pm/store
  RAWLOG-FILE /Users/runner/v2m-f2AhvZ/Observe/trace.txt.gz
  RAWLOG-CAPTURE /Users/runner/v2m-f2AhvZ/Observe/capture.json
  RAWLOG-BYTES raw=4189373 gz=131043
  VENUE-INTERPRETER /Users/runner/hostedtoolcache/node/22.23.2/arm64
  VENUE-OVERRIDES {"set":{"PATH":"inherited-and-forwarded","HOME":"/Users/runner/v2m-f2AhvZ/jailhome","TMPDIR":"/private/var/folders/bl/vzjcvbz95c3dk19cb0fw46180000gn/T/nub-tmp-obsoYvYVI","NODE_COMPAT":"1","PYTHONDONTWRITEBYTECODE":"1","PLAYWRIGHT_BROWSERS_PATH":"/Users/runner/.cache/nub/pm/tools/ms-playwright","ELECTRON_CACHE":"/Users/runner/.cache/nub/pm/tools/electron-cache","electron_config_cache":"/Users/runner/.cache/nub/pm/tools/electron-cache","npm_config_prefix":"/Users/runner/.cache/nub/pm/tools/npm-prefix"},"unset":["(sudo env_reset discards the caller environment; every var above is re-set after it)","CI","GITHUB_ACTIONS"],"passedThrough":{"CI":"true","GITHUB_ACTIONS":"true","NODE_ENV":null}}
  VENUE-OBSERVE-USER runner uid=501 (R7: ordinary non-root user, asserted)
  ARM-FALSIFIABILITY {"manifestFiles":3009,"filesTheScriptProduced":0,"reasons":["gate-vacuous"]}
  ⛔ ARMS-UNFALSIFIABLE — a green arm for this package carries no evidence:
       gate-vacuous: the script changed no file the artifact gate keys on — every file in the manifest (3009) was already present at its final size before the script ran, so the gate passes in every arm including a completely broken one
       The grant may still be correct; what is missing is a signal that could have gone
       red. Do not read this record's MINIMAL as a passing measurement.
  EVENTLOG-FILE /Users/runner/v2m-f2AhvZ/Observe/events.ndjson.gz
  EVENTLOG-STATS {"lines":24111,"parsed":24093,"unparsed":0,"live":true,"tracerErrors":1,"tracerErrorTotal":1,"unresolvedDirfd":36,"unresolvedFd":0,"pairedTwoPath":1095,"danglingPair":0,"failed":9269,"enoent":9245,"refusals":0,"byErrno":{"ENXIO":4,"ENOENT":9245,"EEXIST":20},"procs":6,"lifecyclePids":2,"distinctEvents":10752,"emitted":10752,"calls":22952,"bytes":2220719,"gzipBytes":66932,"out":"/Users/runner/v2m-f2AhvZ/Observe/events.ndjson"}
  == TRACER == live=true decodable-events=6392 dropped-events=1
    NOTE 24 relative path(s) under a non-AT_FDCWD dirfd were not
       scope-assigned: resolving them against the cwd would invent a path.
    ⛔ CWD-UNOBSERVED 3 relative path(s) (0 write(s)) came from a lifecycle
       process whose own cwd was never observed
       macOS spawns with posix_spawn addchdir_np, which changes directory in-kernel and
       emits no chdir syscall, so the inherited cwd cannot be trusted. These are NOT
       scope-assigned; the grant below is WIDENED instead so it covers wherever they landed.
         pid=11150 read  unproven .
         pid=11150 read  unproven .
         pid=11150 read  unproven .
    ⛔ THE TRACER DROPPED 1 EVENT(S). A dropped event is a path never
       seen, so the grant below can only be too NARROW — the direction that breaks installs.
       Treat it as a FLOOR, not a measurement, until the adapter fault is fixed:
             1 x  epid=128 action=1 fault=1 addr=0x600000018000
  == ATTRIBUTION == lifecycle pids: 2
    writes  script 1154  /  whole traced subtree 1705
    sockets script 3  /  whole traced subtree 4
  == ROOTS (from /Users/runner/v2m-f2AhvZ/Observe/capture.json; the classifier reads no other source) ==
    project       /Users/runner/v2m-f2AhvZ/Observe
    home          /Users/runner
    jailHome      /Users/runner/v2m-f2AhvZ/jailhome
    globalStore   /Users/runner/.cache/nub/pm/store
    projectStore  /Users/runner/v2m-f2AhvZ/Observe/node_modules/.store
    interpreter   /Users/runner/hostedtoolcache/node/22.23.2/arm64
    toolsDir      /Users/runner/.cache/nub/pm/tools
    temp          /private/var/folders/bl/vzjcvbz95c3dk19cb0fw46180000gn/T/nub-tmp-obsoYvYVI
    npmPrefix     /Users/runner/.cache/nub/pm/tools/npm-prefix
    ownPkg        /Users/runner/v2m-f2AhvZ/Observe/node_modules/typia
    cwd           (null — this platform has no such root)
  == WRITES the script actually performed ==
    systemfs      1
        /dev/dtracehelper
    jailHome     57  (base profile already grants this — NOT billed)
        /Users/runner/v2m-f2AhvZ/jailhome/.npm/_logs/2026-09-08T04_45_11_422Z-debug-0.log
        /Users/runner/v2m-f2AhvZ/jailhome/.npm/_cacache
        /Users/runner/v2m-f2AhvZ/jailhome/.npm/_cacache/tmp
        /Users/runner/v2m-f2AhvZ/jailhome/.npm/_cacache/tmp/5fee5160
        /Users/runner/v2m-f2AhvZ/jailhome/.npm/_cacache/content-v2
        /Users/runner/v2m-f2AhvZ/jailhome/.npm/_cacache/content-v2/sha512
        /Users/runner/v2m-f2AhvZ/jailhome/.npm/_cacache/content-v2/sha512/2c
        /Users/runner/v2m-f2AhvZ/jailhome/.npm/_cacache/content-v2/sha512/2c/fe
        /Users/runner/v2m-f2AhvZ/jailhome/.npm/_cacache/content-v2/sha512/2c/fe/9f205c0cc4dd708b31360783f9cd646626591ba9b023720771588dc52a8fdda4c3bbeb413487fff8f024126556fea516e5a95c384e2057751293e57e1622
        /Users/runner/v2m-f2AhvZ/jailhome/.npm/_cacache/index-v5
        … and 47 more
    jailTmp    1096  (base profile already grants this — NOT billed)
        /private/var/folders/bl/vzjcvbz95c3dk19cb0fw46180000gn/T/nub-tmp-obsoYvYVI/node-compile-cache/v22.23.2-arm64-2b4477fa-501/92cc0df7.QOSkfo
        /private/var/folders/bl/vzjcvbz95c3dk19cb0fw46180000gn/T/nub-tmp-obsoYvYVI/node-compile-cache/v22.23.2-arm64-2b4477fa-501/92cc0df7
        /private/var/folders/bl/vzjcvbz95c3dk19cb0fw46180000gn/T/nub-tmp-obsoYvYVI/node-compile-cache/v22.23.2-arm64-2b4477fa-501/6df1c667.ukfeXf
        /private/var/folders/bl/vzjcvbz95c3dk19cb0fw46180000gn/T/nub-tmp-obsoYvYVI/node-compile-cache/v22.23.2-arm64-2b4477fa-501/6df1c667
        /private/var/folders/bl/vzjcvbz95c3dk19cb0fw46180000gn/T/nub-tmp-obsoYvYVI/node-compile-cache/v22.23.2-arm64-2b4477fa-501/635addc8.QGowZd
        /private/var/folders/bl/vzjcvbz95c3dk19cb0fw46180000gn/T/nub-tmp-obsoYvYVI/node-compile-cache/v22.23.2-arm64-2b4477fa-501/635addc8
        /private/var/folders/bl/vzjcvbz95c3dk19cb0fw46180000gn/T/nub-tmp-obsoYvYVI/node-compile-cache/v22.23.2-arm64-2b4477fa-501/72caa8c5.M4hksT
        /private/var/folders/bl/vzjcvbz95c3dk19cb0fw46180000gn/T/nub-tmp-obsoYvYVI/node-compile-cache/v22.23.2-arm64-2b4477fa-501/72caa8c5
        /private/var/folders/bl/vzjcvbz95c3dk19cb0fw46180000gn/T/nub-tmp-obsoYvYVI/node-compile-cache/v22.23.2-arm64-2b4477fa-501/fc950d80.cxrMcG
        /private/var/folders/bl/vzjcvbz95c3dk19cb0fw46180000gn/T/nub-tmp-obsoYvYVI/node-compile-cache/v22.23.2-arm64-2b4477fa-501/fc950d80
        … and 1086 more
  == READS the script performed, by scope ==
    outside      10
    systemfs     13
    userHome    681
    project       1
    jailHome      8
    ownPkg        1
    npmPrefix     1
        outside: /
        outside: /bin/bash
        outside: /bin
        outside: /usr/bin/env
        outside: /usr/bin
        outside: /var/db/timezone/icutz/icutz44l.dat
        outside: /etc/localtime
        outside: /var/db/timezone/zoneinfo/posixrules
        outside: /var/db/timezone/zoneinfo/UTC
        outside: /bin/sh
  == NETWORK ==
    AF_INET connects: 3   distinct peers: 1
        104.16.4.34:443
  == REFUSALS (errno EPERM/EACCES/EROFS only; ENOENT is a miss, not a denial) ==
    distinct: 0
  == SYNTHESIZED GRANT (verify this in the real unprivileged jail) ==
    {"network":true}
  == writePaths (DERIVED — promotion out of the package's PRIVATE home) ==
    private-home writes observed: 57
    none declared — every write was a FILE at the top of the private home, or landed in a directory the TOOLCHAIN owns (see `writePathsDeny`) — an entry names a directory belonging to the PACKAGE, so there is nothing to name
  == writePaths FEASIBILITY (distinct writes outside project/deps) ==
    count: 0
  EVICT[synth] 17 store entries removed, 0 spared as nub tooling, 163 in store
OSV-SCREEN {"schemaVersion":1,"kind":"nub-synth-resolved","status":"clean","digest":"8c0c8fe7bb8d7d1b5af31f3deb36e5729fe7ba6e2df3f395179ecc48f84588f0","specCount":62,"lockfiles":{"digest":"485971d778ed090e6f0007ef54bcdb872fd3b8c55229cf1e6bc39f218d3f9656","files":[{"path":"nub.lock","sha256":"3f6c07775b196c35e1d0730120dcadfed79b5972c1af786626bc38c3d082cc1b","bytes":14451}]},"maliciousAdvisories":[],"screenedAt":"2026-09-08T04:45:07.965Z","cacheHit":true,"clearancePath":"/Users/runner/v2m-f2AhvZ/security/nub-synth-resolved.json"}
  SECURITY nub-synth-resolved clean: 62 exact package-version(s), tree 8c0c8fe7bb8d (cached exact-tree clearance)
  VENUE-STORE-LAYOUT isolated
  VERIFY[synth] rc=0 artifacts=3009/3009 missing=0 shortfall=none (tree 22869/7612) OVERRIDDEN=3 REJECTED=0 grant={"network":true}
  => VERIFIED {"network":true}
  EVICT[nar-no-network] 62 store entries removed, 0 spared as nub tooling, 208 in store
OSV-SCREEN {"schemaVersion":1,"kind":"nub-nar-no-network-resolved","status":"clean","digest":"8c0c8fe7bb8d7d1b5af31f3deb36e5729fe7ba6e2df3f395179ecc48f84588f0","specCount":62,"lockfiles":{"digest":"485971d778ed090e6f0007ef54bcdb872fd3b8c55229cf1e6bc39f218d3f9656","files":[{"path":"nub.lock","sha256":"3f6c07775b196c35e1d0730120dcadfed79b5972c1af786626bc38c3d082cc1b","bytes":14451}]},"maliciousAdvisories":[],"screenedAt":"2026-09-08T04:45:07.965Z","cacheHit":true,"clearancePath":"/Users/runner/v2m-f2AhvZ/security/nub-nar-no-network-resolved.json"}
  SECURITY nub-nar-no-network-resolved clean: 62 exact package-version(s), tree 8c0c8fe7bb8d (cached exact-tree clearance)
  VERIFY[nar-no-network] rc=1 artifacts=3009/3009 missing=0 shortfall=none (tree 22869/7612) OVERRIDDEN=3 REJECTED=0 grant={}
     narrowing 'no-network' fails ⇒ that capability IS necessary
  => MINIMAL — every capability in {"network":true} is independently necessary
### DONE typia@8.0.3  synthesized={"network":true} verified=1
