### hugo-extended@0.114.1   (/home/runner/v2-IG3U5V)
  CI-ENV scrubbed: CI GITHUB_ACTIONS
OSV-SCREEN {"schemaVersion":1,"kind":"direct","status":"clean","digest":"7c63e8b790ef27efcbc365ff3b163e3b8052f2ec6dce7ac1a57bdb5b20029c28","specCount":1,"lockfiles":{"digest":null,"files":[]},"maliciousAdvisories":[],"screenedAt":"2026-09-08T05:30:40.861Z","cacheHit":false,"clearancePath":"/home/runner/v2-IG3U5V/security/direct.json"}
  SECURITY direct clean: 1 exact package-version(s), tree 7c63e8b790ef
  VENUE-OBSERVE-USER {"uid":1001,"user":"runner","umask":"0022","capBnd":"000001ffffffffff","noNewPrivs":"0"}
  VENUE-NUB-BINARY {"path":"/tmp/nub/target/release/nub","sha256":"2a18683f50f7afeb02a521cd3cae175dc2f91780d461c5f012065241f5a1447b","bytes":207643464,"features":{"buildJailCatalogOverride":true,"pythonDontWriteBytecodeEnv":true}}
OSV-SCREEN {"schemaVersion":1,"kind":"npm-observe-resolved","status":"clean","digest":"8b9b15d57ecbda01b5e2329cc951b4f54276cb90dfe0d590fc4dc999b5b6cc3d","specCount":145,"lockfiles":{"digest":"8304917833318923f7aab75ba691ab675dd515ec7f015abee075bd33c6d4bed4","files":[{"path":"package-lock.json","sha256":"e2349ce6692582f77a1d24dabf12f656475dd29468dfc3621409531f8a43a328","bytes":63461}]},"maliciousAdvisories":[],"screenedAt":"2026-09-08T05:30:42.167Z","cacheHit":false,"clearancePath":"/home/runner/v2-IG3U5V/security/npm-observe-resolved.json"}
  SECURITY npm-observe-resolved clean: 145 exact package-version(s), tree 8b9b15d57ecb
  OBSERVE   rc=0 files=1315 trace=15683 lines
  CLOSURE   136 packages evicted per arm
  ARM-FALSIFIABILITY {"manifestFiles":12,"filesTheScriptProduced":3,"reasons":[]}
  RAWLOG-FILE /home/runner/v2-IG3U5V/observe/trace.txt.gz
  RAWLOG-CAPTURE /home/runner/v2-IG3U5V/observe/capture.json
  RAWLOG-BYTES raw=3277714 gz=98974
  VENUE-INTERPRETER /opt/hostedtoolcache/node/22.23.2/x64
  VENUE-OVERRIDES {"set":{"HOME":"/home/runner/v2-IG3U5V/jailhome","TMPDIR":"/tmp/nub-tmp-obs9z09zF","NODE_COMPAT":"1","PLAYWRIGHT_BROWSERS_PATH":"/home/runner/.cache/nub/pm/tools/ms-playwright","ELECTRON_CACHE":"/home/runner/.cache/nub/pm/tools/electron-cache","electron_config_cache":"/home/runner/.cache/nub/pm/tools/electron-cache","npm_config_prefix":"/home/runner/.cache/nub/pm/tools/npm-prefix","PYTHONDONTWRITEBYTECODE":"1","NUB_CACHE_DIR":"/home/runner/v2-IG3U5V/nubcache"},"unset":["CI","GITHUB_ACTIONS"],"passedThrough":{"CI":"true","GITHUB_ACTIONS":"true","NODE_ENV":null}}
  == ATTRIBUTION == attributed pids: 26
    writes  script 7  /  whole traced tree 1095
    sockets script 10  /  whole traced tree 14
  == ROOTS (from capture.json — R2: no ambient reads) ==
    project       /home/runner/v2-IG3U5V/observe
    home          /home/runner
    jailHome      /home/runner/v2-IG3U5V/jailhome
    globalStore   /home/runner/.cache/nub/pm/store   [declared, not keyed on]
    projectStore  /home/runner/v2-IG3U5V/observe/node_modules/.store   [declared, not keyed on]
    interpreter   /opt/hostedtoolcache/node/22.23.2/x64   [declared, not keyed on]
    toolsDir      /home/runner/.cache/nub/pm/tools   [declared, not keyed on]
    temp          /tmp/nub-tmp-obs9z09zF
    npmPrefix     /home/runner/.cache/nub/pm/tools/npm-prefix
    ownPkg        /home/runner/v2-IG3U5V/observe/node_modules/hugo-extended
  == WRITES the script actually performed ==
    jailTmp       3  (base profile already grants this — NOT billed)
        /tmp/nub-tmp-obs9z09zF/5499883fbf2e81e7201d499d1c0bb594
        /tmp/nub-tmp-obs9z09zF/5499883fbf2e81e7201d499d1c0bb594/hugo_extended_0.114.1_linux-amd64.tar.gz
        /tmp/nub-tmp-obs9z09zF/5499883fbf2e81e7201d499d1c0bb594/hugo_0.114.1_checksums.txt
    ownPkg        4  (base profile already grants this — NOT billed)
        /home/runner/v2-IG3U5V/observe/node_modules/hugo-extended/vendor
        /home/runner/v2-IG3U5V/observe/node_modules/hugo-extended/vendor/hugo
        /home/runner/v2-IG3U5V/observe/node_modules/hugo-extended/vendor/LICENSE
        /home/runner/v2-IG3U5V/observe/node_modules/hugo-extended/vendor/README.md
  == NETWORK ==
    AF_INET sockets: 10   distinct peers: 3
        127.0.0.53:53
        104.16.4.34:443
        140.82.112.4:443
  == REFUSALS (only `= -1 EACCES/EPERM/EROFS`) ==
    distinct: 0
  == SYNTHESIZED GRANT (verify this in the real unprivileged jail) ==
    {"network":true}
  == writePaths (DERIVED — promotion out of the package's PRIVATE home) ==
    private-home writes observed: 0
    none declared — the script wrote nothing into its private home — there is nothing to promote
  == writePaths FEASIBILITY (distinct writes outside project/deps) ==
    count: 0
    EVENTS    6599 distinct from 15308 calls (15684 lines, 322 rejoined, 0 unparsed)
    PROCS     33   lifecycle shells 21
    ⛔ 4 paths with an UNRESOLVED dirfd — kept, marked, never guessed
    unsubscribed/unmapped syscalls: setsockopt×55 getsockname×42 getsockopt×20 exit×20 tgkill×17 getcwd×16 recvmsg×15 socketpair×6
    wrote /home/runner/v2-IG3U5V/observe/events.ndjson.gz (44086 bytes)
  EVENTLOG-FILE /home/runner/v2-IG3U5V/observe/events.ndjson.gz
  EVENTLOG-STATS {"lines":15684,"parsed":15308,"unparsed":0,"unfinished":322,"rejoined":322,"unresolvedDirfd":4,"truncatedArg":0,"procs":33,"lifecyclePids":21,"distinctEvents":6599,"unknownSyscall":{"getsockname":42,"getsockopt":20,"getcwd":16,"recvmsg":15,"exit":20,"setsockopt":55,"sendmmsg":5,"socketpair":6,"shutdown":4,"getpeername":5,"tgkill":17,"exit_group":4,"wait4":4},"out":"/home/runner/v2-IG3U5V/observe/events.ndjson.gz","gzipBytes":44086}
  EVICT     142 store entries removed, 3 spared as nub tooling
  SE-PURGE  0 side-effects-cache entries for hugo-extended
OSV-SCREEN {"schemaVersion":1,"kind":"nub-synth-resolved","status":"clean","digest":"8b9b15d57ecbda01b5e2329cc951b4f54276cb90dfe0d590fc4dc999b5b6cc3d","specCount":145,"lockfiles":{"digest":"19adbb1f2697d794817c88ac438fe6ffe9d22bcc685ff933a738f114d69884fe","files":[{"path":"nub.lock","sha256":"8808963d3623ae2b9fbb0e8b2f8fbd4dc71421cc9d8980510df24e16e83caca9","bytes":34923}]},"maliciousAdvisories":[],"screenedAt":"2026-09-08T05:30:42.167Z","cacheHit":true,"clearancePath":"/home/runner/v2-IG3U5V/security/nub-synth-resolved.json"}
  SECURITY nub-synth-resolved clean: 145 exact package-version(s), tree 8b9b15d57ecb (cached exact-tree clearance)
  VENUE-STORE-LAYOUT isolated
  VERIFY[synth] rc=0 artifacts=12/12 missing=0 shortfall=none (tree 4463/1315) OVERRIDDEN=3 REJECTED=0 grant={"network":true}
  => VERIFIED {"network":true}   (observed, then verified)
  EVICT     143 store entries removed, 3 spared as nub tooling
  SE-PURGE  0 side-effects-cache entries for hugo-extended
OSV-SCREEN {"schemaVersion":1,"kind":"nub-drop-no-network-resolved","status":"clean","digest":"8b9b15d57ecbda01b5e2329cc951b4f54276cb90dfe0d590fc4dc999b5b6cc3d","specCount":145,"lockfiles":{"digest":"19adbb1f2697d794817c88ac438fe6ffe9d22bcc685ff933a738f114d69884fe","files":[{"path":"nub.lock","sha256":"8808963d3623ae2b9fbb0e8b2f8fbd4dc71421cc9d8980510df24e16e83caca9","bytes":34923}]},"maliciousAdvisories":[],"screenedAt":"2026-09-08T05:30:42.167Z","cacheHit":true,"clearancePath":"/home/runner/v2-IG3U5V/security/nub-drop-no-network-resolved.json"}
  SECURITY nub-drop-no-network-resolved clean: 145 exact package-version(s), tree 8b9b15d57ecb (cached exact-tree clearance)
  VERIFY[drop-no-network] rc=1 artifacts=9/12 missing=3 shortfall=219cbefac624 (tree 4454/1315) OVERRIDDEN=3 REJECTED=0 grant={}
       missing: vendor/LICENSE, vendor/README.md, vendor/hugo
     'no-network' is NECESSARY — dropping it fails to verify
  => MINIMAL — every capability in {"network":true} is independently necessary
