### victory-chart@0.0.5   (D:\jail\m-victorychart-msk148db)
  CI-ENV scrubbed: CI GITHUB_ACTIONS
  CAPTURE user=runnervm7vqe0\runneradmin elevated=True rootPid=8776 exit=0 events=46520 lost=0
  VENUE-OBSERVE-USER runnervm7vqe0\runneradmin elevated=true privDropped={"SeBackupPrivilege":"removed","SeRestorePrivilege":"removed","SeTakeOwnershipPrivilege":"removed"}
  OBSERVE artifacts: 17 files  (D:\jail\m-victorychart-msk148db\observe\node_modules\victory-chart)
  ARM-FALSIFIABILITY {"manifestFiles":18,"filesTheScriptProduced":0,"reasons":["gate-vacuous"]}
  ⛔ ARMS-UNFALSIFIABLE — a green arm for this package carries no evidence:
       gate-vacuous: the script changed no file the artifact gate keys on — every file in the manifest (18) was already present at its final size before the script ran, so the gate passes in every arm including a completely broken one
       The grant may still be correct; what is missing is a signal that could have gone
       red. Do not read this record's MINIMAL as a passing measurement.
  CLOSURE 397 packages evicted per arm
  8.3 MAP 0 components resolved on runnervm7vqe0, folded into capture.json
  == ROOTS (from capture.json — R2: no ambient reads) ==
    project       D:\jail\m-victorychart-msk148db\observe   [keyed on]
    home          C:\Users\runneradmin   [keyed on]
    jailHome      (null — declared inapplicable)
    globalStore   C:\Users\runneradmin\AppData\Local\nub\pm\store
    projectStore  D:\jail\m-victorychart-msk148db\observe\node_modules\.store
    interpreter   C:\hostedtoolcache\windows\node\22.23.2\x64\node.exe
    toolsDir      C:\Users\runneradmin\AppData\Local\nub\pm\tools
    temp          D:\jail\m-victorychart-msk148db\tmp   [keyed on]
    npmPrefix     (null — declared inapplicable)
    ownPkg        D:\jail\m-victorychart-msk148db\observe\node_modules\victory-chart
  == ATTRIBUTION == lifecycle pids: 11 (root 8776)
    writes  script 10  /  whole traced tree 16
    peers   script 0  /  whole traced tree 0
  == WRITES ==
    outside       2
        d:\jail\m-victorychart-msk148db\npm-cache\_logs\2026-08-08t07_06_15_731z-debug-0.log
        d:\jail\m-victorychart-msk148db\npm-cache\_logs\2026-08-08t07_06_16_042z-debug-0.log
    deps          5
    jailTmp       3
  == READS ==
    deps        865
    outside     136
    project       2
    systemfs     32
    jailTmp      94
  == NETWORK ==
    distinct peers: 0
  == REFUSALS (adapter-classified) ==
    distinct: 0
  == SYNTHESIZED GRANT (verify this in the real unprivileged jail) ==
    {"write":{"deps":true}}
    NOTE 3 writes into the DECLARED private temp -- the base profile grants
         that directory unconditionally (preset.rs `$tmp`=rw), so they widen nothing.
    !! 2 writes OUTSIDE project/home -- no scope covers these; inspect before granting
  RAW       etw-raw.xml.gz  59451554 B xml -> 868180 B gz (68.5x)  sha256 6f3ab4ce046f6e7e…
  HEADER    etw-header.json (5095 bytes)
  DERIVED   12713 distinct from 16063 kept ops (46520 xml events, 1659 out of subtree)
  PROCS     13   thread-reattributed 0
  ⛔ 1 operations with NO OperationEnd — kept, status marked unknown
  ⛔ 1 handle ops whose path no table could supply
  8.3       0 expanded, 0 kept short, 0 not covered  [map: recorded 8.3 map (0 components, resolved on runnervm7vqe0)]
  wrote events.ndjson.gz (153878 bytes)
  RAWLOG-CAPTURE D:\jail\m-victorychart-msk148db\cap\capture.json
  VENUE-NUB-BINARY {"path":"C:/Users/RUNNER~1/AppData/Local/Temp/nub/target/release/nub.exe","sha256":"7686f225e7a1b79f8de373f5855ed610abf884d69ae9275d8e9531da2ce834d6","bytes":68896768,"features":{"buildJailCatalogOverride":true,"pythonDontWriteBytecodeEnv":true}}
  VENUE-INTERPRETER C:\hostedtoolcache\windows\node\22.23.2\x64\node.exe
  VENUE-JAIL-ROOT D:\jail\m-victorychart-msk148db
  VENUE-STORE-LAYOUT hoisted
  VENUE-OVERRIDES {"set":{"npm_config_cache":"D:\\jail\\m-victorychart-msk148db\\npm-cache","TMP":"D:\\jail\\m-victorychart-msk148db\\tmp","TEMP":"D:\\jail\\m-victorychart-msk148db\\tmp","TMPDIR":"D:\\jail\\m-victorychart-msk148db\\tmp"},"unset":["CI","GITHUB_ACTIONS"],"notRedirected":{"USERPROFILE":"C:\\Users\\runneradmin","why":"the jail leaves HOME/USERPROFILE alone — `build_jail.rs` sandbox_homes() reads the ambient value and `compiler/defaults.rs` BASELINE_ENV_EXACT passes it through — so there is no private jail home to reproduce and redirecting one would measure an environment no confined script sees"},"passedThrough":{"CI":"true","GITHUB_ACTIONS":"true","NODE_ENV":null}}
  scaffold: 8 dependency package(s) with lifecycle scripts granted a fixed wide grant
  STORE   isolated virtual store at D:\jail\m-victorychart-msk148db\verify-synth\.cache
  VERIFY[synth] rc=1 artifacts=ABSENT/17 missing=1 shortfall=7f7367677a90 (tree 8/14672) OVERRIDDEN=2 REJECTED=0 grant={"write":{"deps":true}}
     missing artifacts: <package absent>
  synthesized grant did not verify -- falling back to a bounded ladder
  scaffold: 8 dependency package(s) with lifecycle scripts granted a fixed wide grant
  STORE   isolated virtual store at D:\jail\m-victorychart-msk148db\verify-fb0\.cache
  VERIFY[fb0] rc=1 artifacts=ABSENT/17 missing=1 shortfall=7f7367677a90 (tree 8/14672) OVERRIDDEN=2 REJECTED=0 grant={"write":{"deps":true,"project":true,"userHome":true},"network":true}
     missing artifacts: <package absent>
  scaffold: 8 dependency package(s) with lifecycle scripts granted a fixed wide grant
  STORE   isolated virtual store at D:\jail\m-victorychart-msk148db\verify-fb1\.cache
  VERIFY[fb1] rc=1 artifacts=ABSENT/17 missing=1 shortfall=7f7367677a90 (tree 8/14672) OVERRIDDEN=2 REJECTED=0 grant={"write":{"deps":true,"project":true,"userHome":true},"read":"disk","network":true}
     missing artifacts: <package absent>
  scaffold: 8 dependency package(s) with lifecycle scripts granted a fixed wide grant
  STORE   isolated virtual store at D:\jail\m-victorychart-msk148db\verify-fb2\.cache
  VERIFY[fb2] rc=1 artifacts=ABSENT/17 missing=1 shortfall=7f7367677a90 (tree 8/14672) OVERRIDDEN=2 REJECTED=0 grant={"write":"disk","network":true}
     missing artifacts: <package absent>
  NOT-GRANT-INDEPENDENT an arm exited non-zero
  => NO-STATE-PASSED even at write:disk -- investigate; do not widen the catalog blindly
