### @playwright/browser-firefox@1.63.0   (D:\jail\m-playwrightbrowserfirefox-mtut6yld)
  CI-ENV scrubbed: CI GITHUB_ACTIONS
OSV-SCREEN {"schemaVersion":1,"kind":"direct","status":"clean","digest":"98bde331b28bdc87bd59ae3606f2090f0bc65b9bcdc34bc3883b1b0c3e5051f4","specCount":1,"lockfiles":{"digest":null,"files":[]},"maliciousAdvisories":[],"screenedAt":"2026-09-10T00:48:37.091Z","cacheHit":false,"clearancePath":"D:\\jail\\m-playwrightbrowserfirefox-mtut6yld\\security\\direct.json"}
  SECURITY direct clean: 1 exact package-version(s), tree 98bde331b28b
OSV-SCREEN {"schemaVersion":1,"kind":"npm-observe-resolved","status":"clean","digest":"bc31785080ba7c0f2113334512916da8f9333017b9e9d3c1e2808e18884d6920","specCount":2,"lockfiles":{"digest":"8a525c3ba57e4926ef4058a1f9f95ac4405638417430f640defd58c46b7f126f","files":[{"path":"package-lock.json","sha256":"d53a3361431102a9194d2a65e6c8cda82fa5575a079259bb56860b4c46727967","bytes":1160}]},"maliciousAdvisories":[],"screenedAt":"2026-09-10T00:48:39.586Z","cacheHit":false,"clearancePath":"D:\\jail\\m-playwrightbrowserfirefox-mtut6yld\\security\\npm-observe-resolved.json"}
  SECURITY npm-observe-resolved clean: 2 exact package-version(s), tree bc31785080ba
  CAPTURE user=runnervmvmocb\runneradmin elevated=True rootPid=3384 exit=0 events=186042 lost=0
  VENUE-OBSERVE-USER runnervmvmocb\runneradmin elevated=true privDropped={"SeBackupPrivilege":"removed","SeRestorePrivilege":"removed","SeTakeOwnershipPrivilege":"removed"}
  OBSERVE artifacts: 8 files  (D:\jail\m-playwrightbrowserfirefox-mtut6yld\observe\node_modules\@playwright\browser-firefox)
  ARM-FALSIFIABILITY {"manifestFiles":8,"filesTheScriptProduced":0,"reasons":["gate-vacuous"]}
  ⛔ ARMS-UNFALSIFIABLE — a green arm for this package carries no evidence:
       gate-vacuous: the script changed no file the artifact gate keys on — every file in the manifest (8) was already present at its final size before the script ran, so the gate passes in every arm including a completely broken one
       The grant may still be correct; what is missing is a signal that could have gone
       red. Do not read this record's MINIMAL as a passing measurement.
  CLOSURE 2 packages evicted per arm
  8.3 MAP 0 components resolved on runnervmvmocb, folded into capture.json
  == ROOTS (from capture.json — R2: no ambient reads) ==
    project       D:\jail\m-playwrightbrowserfirefox-mtut6yld\observe   [keyed on]
    home          C:\Users\runneradmin   [keyed on]
    jailHome      (null — declared inapplicable)
    globalStore   C:\Users\runneradmin\AppData\Local\nub\pm\store
    projectStore  D:\jail\m-playwrightbrowserfirefox-mtut6yld\observe\node_modules\.store
    interpreter   C:\hostedtoolcache\windows\node\22.23.2\x64\node.exe
    toolsDir      C:\Users\runneradmin\AppData\Local\nub\pm\tools
    temp          D:\jail\m-playwrightbrowserfirefox-mtut6yld\tmp   [keyed on]
    npmPrefix     (null — declared inapplicable)
    ownPkg        D:\jail\m-playwrightbrowserfirefox-mtut6yld\observe\node_modules\@playwright\browser-firefox
  == ATTRIBUTION == lifecycle pids: 4 (root 3384)
    writes  script 87  /  whole traced tree 94
    peers   script 2  /  whole traced tree 2
  == WRITES ==
    userHome     83
    jailTmp       4
  == READS ==
    deps         11
    outside       6
    project       1
    systemfs     30
    userHome     25
    jailTmp       4
    kernelfs      1
  == NETWORK ==
    distinct peers: 2
        13.107.253.69:443
        151.101.42.172:443
  == REFUSALS (adapter-classified) ==
    distinct: 0
  == SYNTHESIZED GRANT (verify this in the real unprivileged jail) ==
    {"write":{"userHome":true},"network":true}
    NOTE 4 writes into the DECLARED private temp -- the base profile grants
         that directory unconditionally (preset.rs `$tmp`=rw), so they widen nothing.
  RAW       etw-raw.xml.gz  241945218 B xml -> 3830547 B gz (63.2x)  sha256 bec4a90e7dbf4a7c…
  HEADER    etw-header.json (5203 bytes)
  DERIVED   5916 distinct from 62109 kept ops (186042 xml events, 22830 out of subtree)
  PROCS     6   thread-reattributed 24
  ⛔ 2 operations with NO OperationEnd — kept, status marked unknown
  8.3       0 expanded, 0 kept short, 0 not covered  [map: recorded 8.3 map (0 components, resolved on runnervmvmocb)]
  wrote events.ndjson.gz (79232 bytes)
  RAWLOG-CAPTURE D:\jail\m-playwrightbrowserfirefox-mtut6yld\cap\capture.json
  VENUE-NUB-BINARY {"path":"C:/Users/RUNNER~1/AppData/Local/Temp/nub/target/release/nub.exe","sha256":"f186817a44be332fee712b4936a071a0b5f9cde18a1d2fdc3a791729d4bf1005","bytes":68717056,"features":{"buildJailCatalogOverride":true,"pythonDontWriteBytecodeEnv":true}}
  VENUE-INTERPRETER C:\hostedtoolcache\windows\node\22.23.2\x64\node.exe
  VENUE-JAIL-ROOT D:\jail\m-playwrightbrowserfirefox-mtut6yld
  VENUE-OVERRIDES {"set":{"npm_config_cache":"D:\\jail\\m-playwrightbrowserfirefox-mtut6yld\\npm-cache","TMP":"D:\\jail\\m-playwrightbrowserfirefox-mtut6yld\\tmp","TEMP":"D:\\jail\\m-playwrightbrowserfirefox-mtut6yld\\tmp","TMPDIR":"D:\\jail\\m-playwrightbrowserfirefox-mtut6yld\\tmp"},"unset":["CI","GITHUB_ACTIONS"],"notRedirected":{"USERPROFILE":"C:\\Users\\runneradmin","why":"the jail leaves HOME/USERPROFILE alone — `build_jail.rs` sandbox_homes() reads the ambient value and `compiler/defaults.rs` BASELINE_ENV_EXACT passes it through — so there is no private jail home to reproduce and redirecting one would measure an environment no confined script sees"},"passedThrough":{"CI":"true","GITHUB_ACTIONS":"true","NODE_ENV":null}}
  STORE   isolated virtual store at D:\jail\m-playwrightbrowserfirefox-mtut6yld\verify-synth\.cache
  VENUE-STORE-LAYOUT isolated
OSV-SCREEN {"schemaVersion":1,"kind":"nub-synth-resolved","status":"clean","digest":"bc31785080ba7c0f2113334512916da8f9333017b9e9d3c1e2808e18884d6920","specCount":2,"lockfiles":{"digest":"6cd5be87d5a7b1d787d81d2ed650f5aa06291dca6a8c1e486093a38041c990fe","files":[{"path":"nub.lock","sha256":"f2489a747d8245040a96e4e8363b71523161fe8ae5fd6a33978c33b44491554b","bytes":749}]},"maliciousAdvisories":[],"screenedAt":"2026-09-10T00:48:39.586Z","cacheHit":true,"clearancePath":"D:\\jail\\m-playwrightbrowserfirefox-mtut6yld\\security\\nub-synth-resolved.json"}
  SECURITY nub-synth-resolved clean: 2 exact package-version(s), tree bc31785080ba (cached exact-tree clearance)
  VERIFY[synth] rc=0 artifacts=8/8 missing=0 shortfall=none (tree 5962/128) OVERRIDDEN=2 REJECTED=0 grant={"write":{"userHome":true},"network":true}
  => MINIMUM {"write":{"userHome":true},"network":true}   (observed, then verified)
  STORE   isolated virtual store at D:\jail\m-playwrightbrowserfirefox-mtut6yld\verify-nar-no-network\.cache
OSV-SCREEN {"schemaVersion":1,"kind":"nub-nar-no-network-resolved","status":"clean","digest":"bc31785080ba7c0f2113334512916da8f9333017b9e9d3c1e2808e18884d6920","specCount":2,"lockfiles":{"digest":"6cd5be87d5a7b1d787d81d2ed650f5aa06291dca6a8c1e486093a38041c990fe","files":[{"path":"nub.lock","sha256":"f2489a747d8245040a96e4e8363b71523161fe8ae5fd6a33978c33b44491554b","bytes":749}]},"maliciousAdvisories":[],"screenedAt":"2026-09-10T00:48:39.586Z","cacheHit":true,"clearancePath":"D:\\jail\\m-playwrightbrowserfirefox-mtut6yld\\security\\nub-nar-no-network-resolved.json"}
  SECURITY nub-nar-no-network-resolved clean: 2 exact package-version(s), tree bc31785080ba (cached exact-tree clearance)
  VERIFY[nar-no-network] rc=1 artifacts=8/8 missing=0 shortfall=none (tree 5902/128) OVERRIDDEN=2 REJECTED=0 grant={"write":{"userHome":true}}
     'no-network' is NECESSARY — dropping it fails to verify
  STORE   isolated virtual store at D:\jail\m-playwrightbrowserfirefox-mtut6yld\verify-nar-no-write-userHome\.cache
OSV-SCREEN {"schemaVersion":1,"kind":"nub-nar-no-write-userHome-resolved","status":"clean","digest":"bc31785080ba7c0f2113334512916da8f9333017b9e9d3c1e2808e18884d6920","specCount":2,"lockfiles":{"digest":"6cd5be87d5a7b1d787d81d2ed650f5aa06291dca6a8c1e486093a38041c990fe","files":[{"path":"nub.lock","sha256":"f2489a747d8245040a96e4e8363b71523161fe8ae5fd6a33978c33b44491554b","bytes":749}]},"maliciousAdvisories":[],"screenedAt":"2026-09-10T00:48:39.586Z","cacheHit":true,"clearancePath":"D:\\jail\\m-playwrightbrowserfirefox-mtut6yld\\security\\nub-nar-no-write-userHome-resolved.json"}
  SECURITY nub-nar-no-write-userHome-resolved clean: 2 exact package-version(s), tree bc31785080ba (cached exact-tree clearance)
  VERIFY[nar-no-write-userHome] rc=0 artifacts=8/8 missing=0 shortfall=none (tree 5962/128) OVERRIDDEN=2 REJECTED=0 grant={"network":true}
     ⛔ OVER-PREDICTED — the strictly narrower {"network":true} also verifies; 'no-write-userHome' was not needed
