### react-popper-tooltip@4.3.0   (/home/runner/v2-WeAVE8)
  CI-ENV scrubbed: CI GITHUB_ACTIONS
OSV-SCREEN {"schemaVersion":1,"kind":"direct","status":"clean","digest":"2c7defb9d4ece12ab72e683c34638f757feb94e3bab32a314d86065758eb4621","specCount":1,"lockfiles":{"digest":null,"files":[]},"maliciousAdvisories":[],"screenedAt":"2026-09-08T00:38:19.925Z","cacheHit":false,"clearancePath":"/home/runner/v2-WeAVE8/security/direct.json"}
  SECURITY direct clean: 1 exact package-version(s), tree 2c7defb9d4ec
  VENUE-OBSERVE-USER {"uid":1001,"user":"runner","umask":"0022","capBnd":"000001ffffffffff","noNewPrivs":"0"}
  VENUE-NUB-BINARY {"path":"/tmp/nub/target/release/nub","sha256":"2a18683f50f7afeb02a521cd3cae175dc2f91780d461c5f012065241f5a1447b","bytes":207643464,"features":{"buildJailCatalogOverride":true,"pythonDontWriteBytecodeEnv":true}}
OSV-SCREEN {"schemaVersion":1,"kind":"npm-observe-resolved","status":"clean","digest":"84715ec7fb027e6d6c561402895a09fb642ab3f7fc5c35edf3632ffec387276f","specCount":11,"lockfiles":{"digest":"9d5d68f852ade076794ec3442807a29a0fc432b3d55e7f2fc32ca3d6e1cc5fd6","files":[{"path":"package-lock.json","sha256":"1d689ed5416fffd525a69dae1fb2898e8ea75d0ed74a338b6512b3ec65d1f995","bytes":4772}]},"maliciousAdvisories":[],"screenedAt":"2026-09-08T00:38:22.363Z","cacheHit":false,"clearancePath":"/home/runner/v2-WeAVE8/security/npm-observe-resolved.json"}
  SECURITY npm-observe-resolved clean: 11 exact package-version(s), tree 84715ec7fb02
  OBSERVE   rc=0 files=667 trace=10606 lines
  CLOSURE   11 packages evicted per arm
  ARM-FALSIFIABILITY {"manifestFiles":12,"filesTheScriptProduced":0,"reasons":["gate-vacuous"]}
  ⛔ ARMS-UNFALSIFIABLE — a green arm for this package carries no evidence:
       gate-vacuous: the script changed no file the artifact gate keys on — every file in the manifest (12) was already present at its final size before the script ran, so the gate passes in every arm including a completely broken one
       The grant may still be correct; what is missing is a signal that could have gone
       red. Do not read this record's MINIMAL as a passing measurement.
  RAWLOG-FILE /home/runner/v2-WeAVE8/observe/trace.txt.gz
  RAWLOG-CAPTURE /home/runner/v2-WeAVE8/observe/capture.json
  RAWLOG-BYTES raw=2352948 gz=67270
  VENUE-INTERPRETER /opt/hostedtoolcache/node/22.23.2/x64
  VENUE-OVERRIDES {"set":{"HOME":"/home/runner/v2-WeAVE8/jailhome","TMPDIR":"/tmp/nub-tmp-obshbPtgY","NODE_COMPAT":"1","PLAYWRIGHT_BROWSERS_PATH":"/home/runner/.cache/nub/pm/tools/ms-playwright","ELECTRON_CACHE":"/home/runner/.cache/nub/pm/tools/electron-cache","electron_config_cache":"/home/runner/.cache/nub/pm/tools/electron-cache","npm_config_prefix":"/home/runner/.cache/nub/pm/tools/npm-prefix","PYTHONDONTWRITEBYTECODE":"1","NUB_CACHE_DIR":"/home/runner/v2-WeAVE8/nubcache"},"unset":["CI","GITHUB_ACTIONS"],"passedThrough":{"CI":"true","GITHUB_ACTIONS":"true","NODE_ENV":null}}
  == ATTRIBUTION == attributed pids: 0
    writes  script 0  /  whole traced tree 1088
    sockets script 0  /  whole traced tree 6
    ⛔ NO LIFECYCLE SHELL FOUND — the subtree filter matched nothing, so the grant
       below is EMPTY BY DEFAULT rather than by measurement. Treat it as UNKNOWN.
  == ROOTS (from capture.json — R2: no ambient reads) ==
    project       /home/runner/v2-WeAVE8/observe
    home          /home/runner
    jailHome      /home/runner/v2-WeAVE8/jailhome
    globalStore   /home/runner/.cache/nub/pm/store   [declared, not keyed on]
    projectStore  /home/runner/v2-WeAVE8/observe/node_modules/.store   [declared, not keyed on]
    interpreter   /opt/hostedtoolcache/node/22.23.2/x64   [declared, not keyed on]
    toolsDir      /home/runner/.cache/nub/pm/tools   [declared, not keyed on]
    temp          /tmp/nub-tmp-obshbPtgY
    npmPrefix     /home/runner/.cache/nub/pm/tools/npm-prefix
    ownPkg        /home/runner/v2-WeAVE8/observe/node_modules/react-popper-tooltip
  == WRITES the script actually performed ==
  == NETWORK ==
    AF_INET sockets: 0   distinct peers: 2
        127.0.0.53:53
        104.16.0.34:443
  == REFUSALS (only `= -1 EACCES/EPERM/EROFS`) ==
    distinct: 0
  == SYNTHESIZED GRANT (verify this in the real unprivileged jail) ==
    {}
  == writePaths (DERIVED — promotion out of the package's PRIVATE home) ==
    private-home writes observed: 0
    none declared — the script wrote nothing into its private home — there is nothing to promote
  == writePaths FEASIBILITY (distinct writes outside project/deps) ==
    count: 0
    EVENTS    4327 distinct from 10572 calls (10607 lines, 22 rejoined, 0 unparsed)
    PROCS     12   lifecycle shells 0
    ⛔ 3 paths with an UNRESOLVED dirfd — kept, marked, never guessed
    unsubscribed/unmapped syscalls: getsockname×18 setsockopt×11 exit×10 recvmsg×7 getsockopt×4 getcwd×2 sendmmsg×1 exit_group×1
    wrote /home/runner/v2-WeAVE8/observe/events.ndjson.gz (30558 bytes)
  EVENTLOG-FILE /home/runner/v2-WeAVE8/observe/events.ndjson.gz
  EVENTLOG-STATS {"lines":10607,"parsed":10572,"unparsed":0,"unfinished":22,"rejoined":22,"unresolvedDirfd":3,"truncatedArg":0,"procs":12,"lifecyclePids":0,"distinctEvents":4327,"unknownSyscall":{"getsockname":18,"getsockopt":4,"getcwd":2,"recvmsg":7,"exit":10,"setsockopt":11,"sendmmsg":1,"exit_group":1},"out":"/home/runner/v2-WeAVE8/observe/events.ndjson.gz","gzipBytes":30558}
  EVICT     1 store entries removed, 0 spared as nub tooling
  SE-PURGE  0 side-effects-cache entries for react-popper-tooltip
OSV-SCREEN {"schemaVersion":1,"kind":"nub-synth-resolved","status":"clean","digest":"84715ec7fb027e6d6c561402895a09fb642ab3f7fc5c35edf3632ffec387276f","specCount":11,"lockfiles":{"digest":"a41cae8790558355977929d7e5a5b995ba86fa246eb370cd327f21156dc18e0b","files":[{"path":"nub.lock","sha256":"902e218e6cd1819a6811b6512831bbdc289acc17ab858e73d9462fbecc0cab26","bytes":3286}]},"maliciousAdvisories":[],"screenedAt":"2026-09-08T00:38:22.363Z","cacheHit":true,"clearancePath":"/home/runner/v2-WeAVE8/security/nub-synth-resolved.json"}
  SECURITY nub-synth-resolved clean: 11 exact package-version(s), tree 84715ec7fb02 (cached exact-tree clearance)
  VENUE-STORE-LAYOUT isolated
  VERIFY[synth] rc=0 artifacts=12/12 missing=0 shortfall=none (tree 1715/667) OVERRIDDEN=3 REJECTED=0 grant={}
  => VERIFIED {}   (observed, then verified)
  DESCEND   grant is already empty — nothing to narrow; MINIMAL by construction.
