### victory-chart@7.0.2   (D:\jail\m-victorychart-mtsruhew)
  CI-ENV scrubbed: CI GITHUB_ACTIONS
OSV-SCREEN {"schemaVersion":1,"kind":"direct","status":"clean","digest":"0637c78d50eb7c6faf2b40eaa75330e615111b7f7573c4c9e831d44678e3ffb8","specCount":1,"lockfiles":{"digest":null,"files":[]},"maliciousAdvisories":[],"screenedAt":"2026-09-08T14:35:22.982Z","cacheHit":false,"clearancePath":"D:\\jail\\m-victorychart-mtsruhew\\security\\direct.json"}
  SECURITY direct clean: 1 exact package-version(s), tree 0637c78d50eb
OSV-SCREEN {"schemaVersion":1,"kind":"npm-observe-resolved","status":"clean","digest":"6d6f73a3d2d5e262f781438465609fbb1f37549426b43d7e85700eb394703057","specCount":403,"lockfiles":{"digest":"c0d4732154955bc59ae2687c340427b706aa5b04b6de5e74d33e8de6a766a657","files":[{"path":"package-lock.json","sha256":"b373a3e5a62bb429414bdc062bc5c4576fe109444e355ab5466d70506eb55141","bytes":190991}]},"maliciousAdvisories":[],"screenedAt":"2026-09-08T14:35:41.172Z","cacheHit":false,"clearancePath":"D:\\jail\\m-victorychart-mtsruhew\\security\\npm-observe-resolved.json"}
  SECURITY npm-observe-resolved clean: 403 exact package-version(s), tree 6d6f73a3d2d5
  CAPTURE user=runnervmeef0v\runneradmin elevated=True rootPid=1268 exit=0 events=29149 lost=0
  VENUE-OBSERVE-USER runnervmeef0v\runneradmin elevated=true privDropped={"SeBackupPrivilege":"removed","SeRestorePrivilege":"removed","SeTakeOwnershipPrivilege":"removed"}
  OBSERVE artifacts: 87 files  (D:\jail\m-victorychart-mtsruhew\observe\node_modules\victory-chart)
  ARM-FALSIFIABILITY {"manifestFiles":88,"filesTheScriptProduced":0,"reasons":["gate-vacuous"]}
  ⛔ ARMS-UNFALSIFIABLE — a green arm for this package carries no evidence:
       gate-vacuous: the script changed no file the artifact gate keys on — every file in the manifest (88) was already present at its final size before the script ran, so the gate passes in every arm including a completely broken one
       The grant may still be correct; what is missing is a signal that could have gone
       red. Do not read this record's MINIMAL as a passing measurement.
  CLOSURE 360 packages evicted per arm
  8.3 MAP 0 components resolved on runnervmeef0v, folded into capture.json
  == ROOTS (from capture.json — R2: no ambient reads) ==
    project       D:\jail\m-victorychart-mtsruhew\observe   [keyed on]
    home          C:\Users\runneradmin   [keyed on]
    jailHome      (null — declared inapplicable)
    globalStore   C:\Users\runneradmin\AppData\Local\nub\pm\store
    projectStore  D:\jail\m-victorychart-mtsruhew\observe\node_modules\.store
    interpreter   C:\hostedtoolcache\windows\node\22.23.2\x64\node.exe
    toolsDir      C:\Users\runneradmin\AppData\Local\nub\pm\tools
    temp          D:\jail\m-victorychart-mtsruhew\tmp   [keyed on]
    npmPrefix     (null — declared inapplicable)
    ownPkg        D:\jail\m-victorychart-mtsruhew\observe\node_modules\victory-chart
  == ATTRIBUTION == lifecycle pids: 1 (root 1268)
    writes  script 0  /  whole traced tree 7
    peers   script 0  /  whole traced tree 0
  == WRITES ==
  == READS ==
    deps          3
    outside       3
    project       1
    systemfs      1
  == NETWORK ==
    distinct peers: 0
  == REFUSALS (adapter-classified) ==
    distinct: 0
  == SYNTHESIZED GRANT (verify this in the real unprivileged jail) ==
    {}
  RAW       etw-raw.xml.gz  37245424 B xml -> 596754 B gz (62.4x)  sha256 3f8259457b9292f7…
  HEADER    etw-header.json (5090 bytes)
  DERIVED   7559 distinct from 9401 kept ops (29149 xml events, 1628 out of subtree)
  PROCS     3   thread-reattributed 0
  8.3       0 expanded, 0 kept short, 0 not covered  [map: recorded 8.3 map (0 components, resolved on runnervmeef0v)]
  wrote events.ndjson.gz (96215 bytes)
  RAWLOG-CAPTURE D:\jail\m-victorychart-mtsruhew\cap\capture.json
  VENUE-NUB-BINARY {"path":"C:/Users/RUNNER~1/AppData/Local/Temp/nub/target/release/nub.exe","sha256":"f186817a44be332fee712b4936a071a0b5f9cde18a1d2fdc3a791729d4bf1005","bytes":68717056,"features":{"buildJailCatalogOverride":true,"pythonDontWriteBytecodeEnv":true}}
  VENUE-INTERPRETER C:\hostedtoolcache\windows\node\22.23.2\x64\node.exe
  VENUE-JAIL-ROOT D:\jail\m-victorychart-mtsruhew
  VENUE-OVERRIDES {"set":{"npm_config_cache":"D:\\jail\\m-victorychart-mtsruhew\\npm-cache","TMP":"D:\\jail\\m-victorychart-mtsruhew\\tmp","TEMP":"D:\\jail\\m-victorychart-mtsruhew\\tmp","TMPDIR":"D:\\jail\\m-victorychart-mtsruhew\\tmp"},"unset":["CI","GITHUB_ACTIONS"],"notRedirected":{"USERPROFILE":"C:\\Users\\runneradmin","why":"the jail leaves HOME/USERPROFILE alone — `build_jail.rs` sandbox_homes() reads the ambient value and `compiler/defaults.rs` BASELINE_ENV_EXACT passes it through — so there is no private jail home to reproduce and redirecting one would measure an environment no confined script sees"},"passedThrough":{"CI":"true","GITHUB_ACTIONS":"true","NODE_ENV":null}}
  scaffold: 2 dependency package(s) with lifecycle scripts granted a fixed wide grant
  STORE   isolated virtual store at D:\jail\m-victorychart-mtsruhew\verify-synth\.cache
  VENUE-STORE-LAYOUT isolated
OSV-SCREEN {"schemaVersion":1,"kind":"nub-synth-resolved","status":"clean","digest":"6d6f73a3d2d5e262f781438465609fbb1f37549426b43d7e85700eb394703057","specCount":403,"lockfiles":{"digest":"91baf3f61afe75e9a10abd4d83374c4b86281f2c82025287202629a2cd50dee9","files":[{"path":"nub.lock","sha256":"8931110c8e53758e02561a49f67618db7bd572d2fcabcc9bcd941c92d3e5a79d","bytes":106733}]},"maliciousAdvisories":[],"screenedAt":"2026-09-08T14:35:41.172Z","cacheHit":true,"clearancePath":"D:\\jail\\m-victorychart-mtsruhew\\security\\nub-synth-resolved.json"}
  SECURITY nub-synth-resolved clean: 403 exact package-version(s), tree 6d6f73a3d2d5 (cached exact-tree clearance)
  VERIFY[synth] rc=0 artifacts=87/87 missing=0 shortfall=none (tree 18798/19369) OVERRIDDEN=2 REJECTED=0 grant={}
  => MINIMUM {}   (observed, then verified)
  DESCEND   grant is already empty — nothing to narrow; MINIMAL by construction.
