### ngx-infinite-scroll@10.0.1   (/home/runner/v2-K4diqz)
  CI-ENV scrubbed: CI GITHUB_ACTIONS
OSV-SCREEN {"schemaVersion":1,"kind":"direct","status":"clean","digest":"7cca2d53d366032e15abc120f0d23384bb91effb8155d239c1e01492aff12c4a","specCount":1,"lockfiles":{"digest":null,"files":[]},"maliciousAdvisories":[],"screenedAt":"2026-09-08T08:41:05.332Z","cacheHit":false,"clearancePath":"/home/runner/v2-K4diqz/security/direct.json"}
  SECURITY direct clean: 1 exact package-version(s), tree 7cca2d53d366
  VENUE-OBSERVE-USER {"uid":1001,"user":"runner","umask":"0022","capBnd":"000001ffffffffff","noNewPrivs":"0"}
  VENUE-NUB-BINARY {"path":"/tmp/nub/target/release/nub","sha256":"2a18683f50f7afeb02a521cd3cae175dc2f91780d461c5f012065241f5a1447b","bytes":207643464,"features":{"buildJailCatalogOverride":true,"pythonDontWriteBytecodeEnv":true}}
OSV-SCREEN {"schemaVersion":1,"kind":"npm-observe-resolved","status":"clean","digest":"a1dff2771f66840b004c445b58a75372e5435896fe45616da97cc200b8b32907","specCount":3,"lockfiles":{"digest":"052b327fd5136b1a2372896717dba91b71add89594e341ab3c3b955e4e1bf170","files":[{"path":"package-lock.json","sha256":"9e9e8a8728b7bd29c3a747e4b0767594dde8d045de1476d0699fca8f37eac0d8","bytes":1440}]},"maliciousAdvisories":[],"screenedAt":"2026-09-08T08:41:06.281Z","cacheHit":false,"clearancePath":"/home/runner/v2-K4diqz/security/npm-observe-resolved.json"}
  SECURITY npm-observe-resolved clean: 3 exact package-version(s), tree a1dff2771f66
  OBSERVE   rc=0 files=37 trace=10754 lines
  CLOSURE   3 packages evicted per arm
  ARM-FALSIFIABILITY {"manifestFiles":25,"filesTheScriptProduced":0,"reasons":["gate-vacuous","rc-vacuous"]}
  ⛔ ARMS-UNFALSIFIABLE — a green arm for this package carries no evidence:
       gate-vacuous: the script changed no file the artifact gate keys on — every file in the manifest (25) was already present at its final size before the script ran, so the gate passes in every arm including a completely broken one
       rc-vacuous: `postinstall` ends in a status-swallowing construct (`opencollective-postinstall || exit 0`), so its exit code is 0 whether the work succeeded or failed
       The grant may still be correct; what is missing is a signal that could have gone
       red. Do not read this record's MINIMAL as a passing measurement.
  RAWLOG-FILE /home/runner/v2-K4diqz/observe/trace.txt.gz
  RAWLOG-CAPTURE /home/runner/v2-K4diqz/observe/capture.json
  RAWLOG-BYTES raw=2371486 gz=68900
  VENUE-INTERPRETER /opt/hostedtoolcache/node/22.23.2/x64
  VENUE-OVERRIDES {"set":{"HOME":"/home/runner/v2-K4diqz/jailhome","TMPDIR":"/tmp/nub-tmp-obshbNM8q","NODE_COMPAT":"1","PLAYWRIGHT_BROWSERS_PATH":"/home/runner/.cache/nub/pm/tools/ms-playwright","ELECTRON_CACHE":"/home/runner/.cache/nub/pm/tools/electron-cache","electron_config_cache":"/home/runner/.cache/nub/pm/tools/electron-cache","npm_config_prefix":"/home/runner/.cache/nub/pm/tools/npm-prefix","PYTHONDONTWRITEBYTECODE":"1","NUB_CACHE_DIR":"/home/runner/v2-K4diqz/nubcache"},"unset":["CI","GITHUB_ACTIONS"],"passedThrough":{"CI":"true","GITHUB_ACTIONS":"true","NODE_ENV":null}}
  == ATTRIBUTION == attributed pids: 13
    writes  script 0  /  whole traced tree 1088
    sockets script 0  /  whole traced tree 6
  == ROOTS (from capture.json — R2: no ambient reads) ==
    project       /home/runner/v2-K4diqz/observe
    home          /home/runner
    jailHome      /home/runner/v2-K4diqz/jailhome
    globalStore   /home/runner/.cache/nub/pm/store   [declared, not keyed on]
    projectStore  /home/runner/v2-K4diqz/observe/node_modules/.store   [declared, not keyed on]
    interpreter   /opt/hostedtoolcache/node/22.23.2/x64   [declared, not keyed on]
    toolsDir      /home/runner/.cache/nub/pm/tools   [declared, not keyed on]
    temp          /tmp/nub-tmp-obshbNM8q
    npmPrefix     /home/runner/.cache/nub/pm/tools/npm-prefix
    ownPkg        /home/runner/v2-K4diqz/observe/node_modules/ngx-infinite-scroll
  == WRITES the script actually performed ==
  == NETWORK ==
    AF_INET sockets: 0   distinct peers: 2
        127.0.0.53:53
        104.16.7.34:443
  == REFUSALS (only `= -1 EACCES/EPERM/EROFS`) ==
    distinct: 0
  == SYNTHESIZED GRANT (verify this in the real unprivileged jail) ==
    {}
  == writePaths (DERIVED — promotion out of the package's PRIVATE home) ==
    private-home writes observed: 0
    none declared — the script wrote nothing into its private home — there is nothing to promote
  == writePaths FEASIBILITY (distinct writes outside project/deps) ==
    count: 0
    EVENTS    4413 distinct from 10722 calls (10755 lines, 10 rejoined, 0 unparsed)
    PROCS     20   lifecycle shells 8
    ⛔ 3 paths with an UNRESOLVED dirfd — kept, marked, never guessed
    unsubscribed/unmapped syscalls: getsockname×23 setsockopt×23 exit×15 getsockopt×9 recvmsg×7 getcwd×4 socketpair×3 shutdown×3
    wrote /home/runner/v2-K4diqz/observe/events.ndjson.gz (31247 bytes)
  EVENTLOG-FILE /home/runner/v2-K4diqz/observe/events.ndjson.gz
  EVENTLOG-STATS {"lines":10755,"parsed":10722,"unparsed":0,"unfinished":10,"rejoined":10,"unresolvedDirfd":3,"truncatedArg":0,"procs":20,"lifecyclePids":8,"distinctEvents":4413,"unknownSyscall":{"getsockname":23,"getsockopt":9,"getcwd":4,"recvmsg":7,"exit":15,"setsockopt":23,"sendmmsg":1,"socketpair":3,"shutdown":3,"exit_group":3,"wait4":3},"out":"/home/runner/v2-K4diqz/observe/events.ndjson.gz","gzipBytes":31247}
  EVICT     0 store entries removed, 0 spared as nub tooling
  SE-PURGE  0 side-effects-cache entries for ngx-infinite-scroll
  scaffold: 1 dependency package(s) with lifecycle scripts granted a fixed wide grant
OSV-SCREEN {"schemaVersion":1,"kind":"nub-synth-resolved","status":"clean","digest":"a1dff2771f66840b004c445b58a75372e5435896fe45616da97cc200b8b32907","specCount":3,"lockfiles":{"digest":"462eb3d009f124ac6f576c73388202a7ae5ac234f95bd2546f5b8b4f0c893f50","files":[{"path":"nub.lock","sha256":"c91085da6ffaa03c3d033317de255bdbd192b41a38dd6c003941422e3eceac12","bytes":899}]},"maliciousAdvisories":[],"screenedAt":"2026-09-08T08:41:06.281Z","cacheHit":true,"clearancePath":"/home/runner/v2-K4diqz/security/nub-synth-resolved.json"}
  SECURITY nub-synth-resolved clean: 3 exact package-version(s), tree a1dff2771f66 (cached exact-tree clearance)
  VENUE-STORE-LAYOUT isolated
  VERIFY[synth] rc=0 artifacts=25/25 missing=0 shortfall=none (tree 109/37) OVERRIDDEN=2 REJECTED=0 grant={}
  => VERIFIED {}   (observed, then verified)
  DESCEND   grant is already empty — nothing to narrow; MINIMAL by construction.
