### spawn-sync@1.0.15   (D:\jail\m-spawnsync-mtrkz7bs)
  CI-ENV scrubbed: CI GITHUB_ACTIONS
OSV-SCREEN {"schemaVersion":1,"kind":"direct","status":"clean","digest":"bc4fe79c607d77073de86d1a129a6997e3d9663f4cb93c4eaac43f4c736c0be2","specCount":1,"lockfiles":{"digest":null,"files":[]},"maliciousAdvisories":[],"screenedAt":"2026-09-07T18:35:19.726Z","cacheHit":false,"clearancePath":"D:\\jail\\m-spawnsync-mtrkz7bs\\security\\direct.json"}
  SECURITY direct clean: 1 exact package-version(s), tree bc4fe79c607d
OSV-SCREEN {"schemaVersion":1,"kind":"npm-observe-resolved","status":"clean","digest":"dd6fa9bff5c324496b9e71be6dc2981253673e12ace41840a681a437bb31727f","specCount":13,"lockfiles":{"digest":"1b543493e7bc52c7fd4b960e8f050efd730037421cf82e2675a44bce8420622d","files":[{"path":"package-lock.json","sha256":"48c5ae4af5b226f28263e5fcf4925f089d7a0b0f65e22b780f7b2104ec3f2b90","bytes":4765}]},"maliciousAdvisories":[],"screenedAt":"2026-09-07T18:35:21.558Z","cacheHit":false,"clearancePath":"D:\\jail\\m-spawnsync-mtrkz7bs\\security\\npm-observe-resolved.json"}
  SECURITY npm-observe-resolved clean: 13 exact package-version(s), tree dd6fa9bff5c3
  CAPTURE user=runnervmeef0v\runneradmin elevated=True rootPid=2972 exit=0 events=23084 lost=0
  VENUE-OBSERVE-USER runnervmeef0v\runneradmin elevated=true privDropped={"SeBackupPrivilege":"removed","SeRestorePrivilege":"removed","SeTakeOwnershipPrivilege":"removed"}
  OBSERVE artifacts: 18 files  (D:\jail\m-spawnsync-mtrkz7bs\observe\node_modules\spawn-sync)
  ARM-FALSIFIABILITY {"manifestFiles":18,"filesTheScriptProduced":0,"reasons":["gate-vacuous"]}
  ⛔ ARMS-UNFALSIFIABLE — a green arm for this package carries no evidence:
       gate-vacuous: the script changed no file the artifact gate keys on — every file in the manifest (18) was already present at its final size before the script ran, so the gate passes in every arm including a completely broken one
       The grant may still be correct; what is missing is a signal that could have gone
       red. Do not read this record's MINIMAL as a passing measurement.
  CLOSURE 13 packages evicted per arm
  8.3 MAP 0 components resolved on runnervmeef0v, folded into capture.json
  == ROOTS (from capture.json — R2: no ambient reads) ==
    project       D:\jail\m-spawnsync-mtrkz7bs\observe   [keyed on]
    home          C:\Users\runneradmin   [keyed on]
    jailHome      (null — declared inapplicable)
    globalStore   C:\Users\runneradmin\AppData\Local\nub\pm\store
    projectStore  D:\jail\m-spawnsync-mtrkz7bs\observe\node_modules\.store
    interpreter   C:\hostedtoolcache\windows\node\22.23.2\x64\node.exe
    toolsDir      C:\Users\runneradmin\AppData\Local\nub\pm\tools
    temp          D:\jail\m-spawnsync-mtrkz7bs\tmp   [keyed on]
    npmPrefix     (null — declared inapplicable)
    ownPkg        D:\jail\m-spawnsync-mtrkz7bs\observe\node_modules\spawn-sync
  == ATTRIBUTION == lifecycle pids: 2 (root 2972)
    writes  script 0  /  whole traced tree 7
    peers   script 0  /  whole traced tree 0
  == WRITES ==
  == READS ==
    deps          4
    outside       6
    project       1
    systemfs     23
  == NETWORK ==
    distinct peers: 0
  == REFUSALS (adapter-classified) ==
    distinct: 0
  == SYNTHESIZED GRANT (verify this in the real unprivileged jail) ==
    {}
  RAW       etw-raw.xml.gz  29494491 B xml -> 460246 B gz (64.1x)  sha256 4f8d6c1c34efb813…
  HEADER    etw-header.json (5067 bytes)
  DERIVED   5227 distinct from 6379 kept ops (23084 xml events, 2389 out of subtree)
  PROCS     4   thread-reattributed 0
  8.3       0 expanded, 0 kept short, 0 not covered  [map: recorded 8.3 map (0 components, resolved on runnervmeef0v)]
  wrote events.ndjson.gz (66158 bytes)
  RAWLOG-CAPTURE D:\jail\m-spawnsync-mtrkz7bs\cap\capture.json
  VENUE-NUB-BINARY {"path":"C:/Users/RUNNER~1/AppData/Local/Temp/nub/target/release/nub.exe","sha256":"f186817a44be332fee712b4936a071a0b5f9cde18a1d2fdc3a791729d4bf1005","bytes":68717056,"features":{"buildJailCatalogOverride":true,"pythonDontWriteBytecodeEnv":true}}
  VENUE-INTERPRETER C:\hostedtoolcache\windows\node\22.23.2\x64\node.exe
  VENUE-JAIL-ROOT D:\jail\m-spawnsync-mtrkz7bs
  VENUE-OVERRIDES {"set":{"npm_config_cache":"D:\\jail\\m-spawnsync-mtrkz7bs\\npm-cache","TMP":"D:\\jail\\m-spawnsync-mtrkz7bs\\tmp","TEMP":"D:\\jail\\m-spawnsync-mtrkz7bs\\tmp","TMPDIR":"D:\\jail\\m-spawnsync-mtrkz7bs\\tmp"},"unset":["CI","GITHUB_ACTIONS"],"notRedirected":{"USERPROFILE":"C:\\Users\\runneradmin","why":"the jail leaves HOME/USERPROFILE alone — `build_jail.rs` sandbox_homes() reads the ambient value and `compiler/defaults.rs` BASELINE_ENV_EXACT passes it through — so there is no private jail home to reproduce and redirecting one would measure an environment no confined script sees"},"passedThrough":{"CI":"true","GITHUB_ACTIONS":"true","NODE_ENV":null}}
  STORE   isolated virtual store at D:\jail\m-spawnsync-mtrkz7bs\verify-synth\.cache
  VENUE-STORE-LAYOUT isolated
OSV-SCREEN {"schemaVersion":1,"kind":"nub-synth-resolved","status":"clean","digest":"dd6fa9bff5c324496b9e71be6dc2981253673e12ace41840a681a437bb31727f","specCount":13,"lockfiles":{"digest":"282dd39adbed1d20ab3dde075bd6ffa9e1e3df4997ddb3cbcb3beed68456f542","files":[{"path":"nub.lock","sha256":"ed60b673e09b4cd5fa76a337cb388b935d9d132d0f7893ccb365b9044ef1068e","bytes":2925}]},"maliciousAdvisories":[],"screenedAt":"2026-09-07T18:35:21.558Z","cacheHit":true,"clearancePath":"D:\\jail\\m-spawnsync-mtrkz7bs\\security\\nub-synth-resolved.json"}
  SECURITY nub-synth-resolved clean: 13 exact package-version(s), tree dd6fa9bff5c3 (cached exact-tree clearance)
  VERIFY[synth] rc=0 artifacts=18/18 missing=0 shortfall=none (tree 5823/108) OVERRIDDEN=2 REJECTED=0 grant={}
  => MINIMUM {}   (observed, then verified)
  DESCEND   grant is already empty — nothing to narrow; MINIMAL by construction.
