OSV-SCREEN {"schemaVersion":1,"kind":"direct","status":"clean","digest":"2e7024bf88ac4eea00e9b16cefa9d80a162165ba60870bbf8337a3f43c92ff1a","specCount":1,"lockfiles":{"digest":null,"files":[]},"maliciousAdvisories":[],"screenedAt":"2026-08-24T10:10:55.618Z","cacheHit":false,"clearancePath":"/Users/runner/v2m-AAG3iO/security/direct.json"}
  SECURITY direct clean: 1 exact package-version(s), tree 2e7024bf88ac
  ERA-NODE PINNED 22.23.2 (provisioned) (arms will run: v22.23.2)
  ERA-PYTHON /Users/runner/hostedtoolcache/Python/3.9.13/arm64/bin/python (Python 3.9.13) for era Node 22, whose node-gyp requires python3
  ARM-MAKE /usr/bin/make (GNU Make 3.81) — the system make; a build needing GNU Make 4 WILL fail here
### @badeball/cypress-cucumber-preprocessor@23.2.1   (/Users/runner/v2m-AAG3iO)   nub=/tmp/nub/target/release/nub
  VENUE-NUB-BINARY {"path":"/tmp/nub/target/release/nub","sha256":"69e622342d0c8393c78fa50a01dc9cc0a94371ac9b106b59bdcc016f06d86d30","bytes":94535576,"features":{"buildJailCatalogOverride":true,"pythonDontWriteBytecodeEnv":true}}
  CI-ENV scrubbed: CI GITHUB_ACTIONS
  --- fbt preflight (advisory; never fails the run) ---
     csrutil: System Integrity Protection status: disabled.
     fbt probes visible: 93577
     fbt enable attempt: dtrace: description 'fbt:::entry ' matched 50357 probes CPU     ID                    FUNCTION:NAME 
     cwd builtin value:  
     fbt chdir symbols:  
     fbt fires on spawn-with-cwd: dtrace: invalid probe specifier fbt::chdir*:entry /progenyof($target)/ { @[probefunc] = count(); }: probe description fbt::chdir*:entry does not match any probes 
  --- end fbt preflight ---
  ERA-RESOLUTION DATED 2025-10-10T21:54:57.294Z (deps as of the package's own publish date + 1d)
OSV-SCREEN {"schemaVersion":1,"kind":"npm-observe-resolved","status":"clean","digest":"4b43370e5cefa1ca4f143195cf116aaa6a42a5e3f418d246c1560b99633390c7","specCount":552,"lockfiles":{"digest":"a40691af2f3dc9758c6def9dc50e4259d0db9392be813b63c305dfdae78fd563","files":[{"path":"package-lock.json","sha256":"aef35739416ce87aee2d90faedf40db55124a3e7bb67596a3c3a29feb1aadf61","bytes":273490}]},"maliciousAdvisories":[],"screenedAt":"2026-08-24T10:11:14.313Z","cacheHit":false,"clearancePath":"/Users/runner/v2m-AAG3iO/security/npm-observe-resolved.json"}
  SECURITY npm-observe-resolved clean: 552 exact package-version(s), tree 4b43370e5cef
  ARM-PATH SANITISED (dropped 1: /Users/runner/.yarn/bin)
  ARM-AMBIENT-TOOLS 1 leaked: tsc=/Users/runner/v2m-AAG3iO/Observe/node_modules/.bin/tsc
  ARM-SCAFFOLD none
  ARM-UNPROVIDABLE none
  VENUE-CI-CHILD clean (no CI-detection variable reaches the traced script)
  --- wrapper (run.sh) ---
     cd "/Users/runner/v2m-AAG3iO/Observe"
     sudo -u "runner" -H env "PATH=/Users/runner/v2m-AAG3iO/Observe/node_modules/.bin:/Users/runner/.cache/nub/era-node/22.23.2/node-v22.23.2-darwin-arm64/bin:/Users/runner/hostedtoolcache/node/22.23.2/arm64/bin:/opt/homebrew/lib/ruby/gems/3.3.0/bin:/opt/homebrew/opt/ruby@3.3/bin:/Users/runner/.local/bin:/opt/homebrew/bin:/opt/homebrew/sbin:/Users/runner/.cargo/bin:/usr/local/opt/curl/bin:/usr/local/bin:/usr/local/sbin:/Users/runner/bin:/Users/runner/Library/Android/sdk/tools:/Users/runner/Library/Android/sdk/platform-tools:/Library/Frameworks/Python.framework/Versions/Current/bin:/Library/Frameworks/Mono.framework/Versions/Current/Commands:/usr/bin:/bin:/usr/sbin:/sbin:/Users/runner/.dotnet/tools"   "HOME=/Users/runner/v2m-AAG3iO/jailhome"   "TMPDIR=/private/var/folders/_5/zjnzxgh147qcg3bb5cg2wvqw0000gn/T/nub-tmp-obsOdJDjb"   "NODE_COMPAT=1"   "PYTHONDONTWRITEBYTECODE=1"   "PLAYWRIGHT_BROWSERS_PATH=/Users/runner/.cache/nub/pm/tools/ms-playwright"   "ELECTRON_CACHE=/Users/runner/.cache/nub/pm/tools/electron-cache"   "electron_config_cache=/Users/runner/.cache/nub/pm/tools/electron-cache"   "npm_config_prefix=/Users/runner/.cache/nub/pm/tools/npm-prefix"   PYTHON=/Users/runner/hostedtoolcache/Python/3.9.13/arm64/bin/python   "/Users/runner/hostedtoolcache/node/22.23.2/arm64/bin/npm" rebuild --no-audit --no-fund "@badeball/cypress-cucumber-preprocessor" > "/Users/runner/v2m-AAG3iO/Observe/npm.log" 2>&1
     echo $? > "/Users/runner/v2m-AAG3iO/Observe/rc"
  --- dtrace stderr + wrapper trace ---
     + cd /Users/runner/v2m-AAG3iO/Observe
     + sudo -u runner -H env PATH=/Users/runner/v2m-AAG3iO/Observe/node_modules/.bin:/Users/runner/.cache/nub/era-node/22.23.2/node-v22.23.2-darwin-arm64/bin:/Users/runner/hostedtoolcache/node/22.23.2/arm64/bin:/opt/homebrew/lib/ruby/gems/3.3.0/bin:/opt/homebrew/opt/ruby@3.3/bin:/Users/runner/.local/bin:/opt/homebrew/bin:/opt/homebrew/sbin:/Users/runner/.cargo/bin:/usr/local/opt/curl/bin:/usr/local/bin:/usr/local/sbin:/Users/runner/bin:/Users/runner/Library/Android/sdk/tools:/Users/runner/Library/Android/sdk/platform-tools:/Library/Frameworks/Python.framework/Versions/Current/bin:/Library/Frameworks/Mono.framework/Versions/Current/Commands:/usr/bin:/bin:/usr/sbin:/sbin:/Users/runner/.dotnet/tools HOME=/Users/runner/v2m-AAG3iO/jailhome TMPDIR=/private/var/folders/_5/zjnzxgh147qcg3bb5cg2wvqw0000gn/T/nub-tmp-obsOdJDjb NODE_COMPAT=1 PYTHONDONTWRITEBYTECODE=1 PLAYWRIGHT_BROWSERS_PATH=/Users/runner/.cache/nub/pm/tools/ms-playwright ELECTRON_CACHE=/Users/runner/.cache/nub/pm/tools/electron-cache electron_config_cache=/Users/runner/.cache/nub/pm/tools/electron-cache npm_config_prefix=/Users/runner/.cache/nub/pm/tools/npm-prefix PYTHON=/Users/runner/hostedtoolcache/Python/3.9.13/arm64/bin/python /Users/runner/hostedtoolcache/node/22.23.2/arm64/bin/npm rebuild --no-audit --no-fund @badeball/cypress-cucumber-preprocessor
     dtrace: error on enabled probe ID 128 (ID 286: syscall::execve:entry): invalid address (0x6000015bc000) in action #1 at DIF offset 20
     + echo 0
  OBSERVE   rc=0 dtrace_rc=0 files=16416 (pre=16414) trace=13088 lines
  CLOSURE   502 packages evicted per arm   store=/Users/runner/.cache/nub/pm/store
  RAWLOG-FILE /Users/runner/v2m-AAG3iO/Observe/trace.txt.gz
  RAWLOG-CAPTURE /Users/runner/v2m-AAG3iO/Observe/capture.json
  RAWLOG-BYTES raw=2233600 gz=76427
  VENUE-INTERPRETER /Users/runner/hostedtoolcache/node/22.23.2/arm64
  VENUE-NODE-SELECTION {"pkg":"@badeball/cypress-cucumber-preprocessor","packageVersion":"23.2.1","major":22,"version":"22.23.2","npm":"10.9.8","pinnable":true,"engines":">=20.0.0","publishedAt":"2025-10-09T21:54:57.294Z","eraMajor":22,"startMajor":22,"raisedByEngines":false,"enginesUnsatisfiable":false,"clampedToFloor":false,"clampedToCeiling":false,"matrixFloor":4,"matrixCeiling":26,"lookupFailure":null,"pinned":true,"pinnedBin":"/Users/runner/.cache/nub/era-node/22.23.2/node-v22.23.2-darwin-arm64/bin","eraNodeRoot":"/Users/runner/.cache/nub"}
  VENUE-OVERRIDES {"set":{"PATH":"inherited-and-forwarded","HOME":"/Users/runner/v2m-AAG3iO/jailhome","TMPDIR":"/private/var/folders/_5/zjnzxgh147qcg3bb5cg2wvqw0000gn/T/nub-tmp-obsOdJDjb","NODE_COMPAT":"1","PYTHONDONTWRITEBYTECODE":"1","PLAYWRIGHT_BROWSERS_PATH":"/Users/runner/.cache/nub/pm/tools/ms-playwright","ELECTRON_CACHE":"/Users/runner/.cache/nub/pm/tools/electron-cache","electron_config_cache":"/Users/runner/.cache/nub/pm/tools/electron-cache","npm_config_prefix":"/Users/runner/.cache/nub/pm/tools/npm-prefix"},"unset":["(sudo env_reset discards the caller environment; every var above is re-set after it)","CI","GITHUB_ACTIONS"],"passedThrough":{"CI":"true","GITHUB_ACTIONS":"true","NODE_ENV":null}}
  VENUE-OBSERVE-USER runner uid=501 (R7: ordinary non-root user, asserted)
  ARM-FALSIFIABILITY {"manifestFiles":96,"filesTheScriptProduced":0,"reasons":["gate-vacuous"]}
  ⛔ ARMS-UNFALSIFIABLE — a green arm for this package carries no evidence:
       gate-vacuous: the script changed no file the artifact gate keys on — every file in the manifest (96) was already present at its final size before the script ran, so the gate passes in every arm including a completely broken one
       The grant may still be correct; what is missing is a signal that could have gone
       red. Do not read this record's MINIMAL as a passing measurement.
  EVENTLOG-FILE /Users/runner/v2m-AAG3iO/Observe/events.ndjson.gz
  EVENTLOG-STATS {"lines":13089,"parsed":13071,"unparsed":0,"live":true,"tracerErrors":1,"tracerErrorTotal":1,"unresolvedDirfd":21,"unresolvedFd":0,"pairedTwoPath":541,"danglingPair":0,"failed":5089,"enoent":5086,"refusals":0,"byErrno":{"ENXIO":3,"ENOENT":5086},"procs":5,"lifecyclePids":1,"distinctEvents":6469,"emitted":6469,"calls":12517,"bytes":1279589,"gzipBytes":43591,"out":"/Users/runner/v2m-AAG3iO/Observe/events.ndjson"}
  == TRACER == live=true decodable-events=3708 dropped-events=1
    NOTE 14 relative path(s) under a non-AT_FDCWD dirfd were not
       scope-assigned: resolving them against the cwd would invent a path.
    ⛔ CWD-UNOBSERVED 3 relative path(s) (0 write(s)) came from a lifecycle
       process whose own cwd was never observed
       macOS spawns with posix_spawn addchdir_np, which changes directory in-kernel and
       emits no chdir syscall, so the inherited cwd cannot be trusted. These are NOT
       scope-assigned; the grant below is WIDENED instead so it covers wherever they landed.
         pid=96336 read  unproven .
         pid=96336 read  unproven .
         pid=96336 read  unproven .
    ⛔ THE TRACER DROPPED 1 EVENT(S). A dropped event is a path never
       seen, so the grant below can only be too NARROW — the direction that breaks installs.
       Treat it as a FLOOR, not a measurement, until the adapter fault is fixed:
             1 x  epid=128 action=1 fault=1 addr=0x6000015bc000
  == ATTRIBUTION == lifecycle pids: 1
    writes  script 1  /  whole traced subtree 1091
    sockets script 0  /  whole traced subtree 1
  == ROOTS (from /Users/runner/v2m-AAG3iO/Observe/capture.json; the classifier reads no other source) ==
    project       /Users/runner/v2m-AAG3iO/Observe
    home          /Users/runner
    jailHome      /Users/runner/v2m-AAG3iO/jailhome
    globalStore   /Users/runner/.cache/nub/pm/store
    projectStore  /Users/runner/v2m-AAG3iO/Observe/node_modules/.store
    interpreter   /Users/runner/hostedtoolcache/node/22.23.2/arm64
    toolsDir      /Users/runner/.cache/nub/pm/tools
    temp          /private/var/folders/_5/zjnzxgh147qcg3bb5cg2wvqw0000gn/T/nub-tmp-obsOdJDjb
    npmPrefix     /Users/runner/.cache/nub/pm/tools/npm-prefix
    ownPkg        /Users/runner/v2m-AAG3iO/Observe/node_modules/@badeball/cypress-cucumber-preprocessor
    cwd           (null — this platform has no such root)
  == WRITES the script actually performed ==
    systemfs      1
        /dev/dtracehelper
  == READS the script performed, by scope ==
    outside       3
    systemfs      7
    userHome      2
    ownPkg        2
        outside: /
        outside: /bin/bash
        outside: /bin
  == NETWORK ==
    AF_INET connects: 0   distinct peers: 0
  == REFUSALS (errno EPERM/EACCES/EROFS only; ENOENT is a miss, not a denial) ==
    distinct: 0
  == SYNTHESIZED GRANT (verify this in the real unprivileged jail) ==
    {}
  == writePaths (DERIVED — promotion out of the package's PRIVATE home) ==
    private-home writes observed: 0
    none declared — the script wrote nothing into its private home — there is nothing to promote
  == writePaths FEASIBILITY (distinct writes outside project/deps) ==
    count: 0
  scaffold: 2 dependency package(s) with lifecycle scripts granted a fixed wide grant
  EVICT[synth] 170 store entries removed, 59 spared as nub tooling, 580 in store
OSV-SCREEN {"schemaVersion":1,"kind":"nub-synth-resolved","status":"clean","digest":"071f85aa8cfbfa3a2881b1e4aebc0a7e27cc152cda53515e64ba95d7a315749c","specCount":532,"lockfiles":{"digest":"2bf54e894b7069dc5c50f6e337998357c9e3650593de5b2f749d4f24db75a12a","files":[{"path":"nub.lock","sha256":"b8e0bc6447fbd5585380cce364471609361b917fde6605b218e9ce22d39bda11","bytes":147716}]},"maliciousAdvisories":[],"screenedAt":"2026-08-24T10:11:27.379Z","cacheHit":false,"clearancePath":"/Users/runner/v2m-AAG3iO/security/nub-synth-resolved.json"}
  SECURITY nub-synth-resolved clean: 532 exact package-version(s), tree 071f85aa8cfb
  VENUE-STORE-LAYOUT isolated
  VERIFY[synth] rc=0 artifacts=96/96 missing=0 shortfall=none (tree 48627/16416) OVERRIDDEN=3 REJECTED=0 grant={}
  => VERIFIED {}
  NARROW    no capability to drop — the grant is already empty; over-prediction is 0 by construction
### DONE @badeball/cypress-cucumber-preprocessor@23.2.1  synthesized={} verified=1
