### electron-chromedriver@3.0.0   (/Users/runner/v2m-STq8G7)   nub=/tmp/nub/target/release/nub
  VENUE-NUB-BINARY {"path":"/tmp/nub/target/release/nub","sha256":"96a20008266cf4b82096914dc1eddf3962fde269760393eef3a71f67e04dd9d4","bytes":94103896,"features":{"buildJailCatalogOverride":true,"pythonDontWriteBytecodeEnv":true}}
  CI-ENV scrubbed: CI GITHUB_ACTIONS
  --- fbt preflight (advisory; never fails the run) ---
     csrutil: System Integrity Protection status: disabled.
     fbt probes visible: 93577
     fbt enable attempt: dtrace: description 'fbt:::entry ' matched 50357 probes CPU     ID                    FUNCTION:NAME 
     cwd builtin value:  
     fbt chdir symbols:  
     fbt fires on spawn-with-cwd: dtrace: invalid probe specifier fbt::chdir*:entry /progenyof($target)/ { @[probefunc] = count(); }: probe description fbt::chdir*:entry does not match any probes 
  --- end fbt preflight ---
  VENUE-CI-CHILD clean (no CI-detection variable reaches the traced script)
  --- wrapper (run.sh) ---
     cd "/Users/runner/v2m-STq8G7/Observe"
     sudo -u "runner" -H env "PATH=$PATH"   "HOME=/Users/runner/v2m-STq8G7/jailhome"   "TMPDIR=/private/var/folders/_5/zjnzxgh147qcg3bb5cg2wvqw0000gn/T/nub-tmp-obss6FYK3"   "NODE_COMPAT=1"   "PYTHONDONTWRITEBYTECODE=1"   "PLAYWRIGHT_BROWSERS_PATH=/Users/runner/.cache/nub/pm/tools/ms-playwright"   "ELECTRON_CACHE=/Users/runner/.cache/nub/pm/tools/electron-cache"   "electron_config_cache=/Users/runner/.cache/nub/pm/tools/electron-cache"   "npm_config_prefix=/Users/runner/.cache/nub/pm/tools/npm-prefix"   "/Users/runner/hostedtoolcache/node/22.23.1/arm64/bin/npm" rebuild --no-audit --no-fund "electron-chromedriver" > "/Users/runner/v2m-STq8G7/Observe/npm.log" 2>&1
     echo $? > "/Users/runner/v2m-STq8G7/Observe/rc"
  --- dtrace stderr + wrapper trace ---
     + cd /Users/runner/v2m-STq8G7/Observe
     + sudo -u runner -H env PATH=/Users/runner/hostedtoolcache/node/22.23.1/arm64/bin:/opt/homebrew/lib/ruby/gems/3.3.0/bin:/opt/homebrew/opt/ruby@3.3/bin:/Users/runner/.local/bin:/opt/homebrew/bin:/opt/homebrew/sbin:/Users/runner/.cargo/bin:/usr/local/opt/curl/bin:/usr/local/bin:/usr/local/sbin:/Users/runner/bin:/Users/runner/.yarn/bin:/Users/runner/Library/Android/sdk/tools:/Users/runner/Library/Android/sdk/platform-tools:/Library/Frameworks/Python.framework/Versions/Current/bin:/Library/Frameworks/Mono.framework/Versions/Current/Commands:/usr/bin:/bin:/usr/sbin:/sbin:/Users/runner/.dotnet/tools HOME=/Users/runner/v2m-STq8G7/jailhome TMPDIR=/private/var/folders/_5/zjnzxgh147qcg3bb5cg2wvqw0000gn/T/nub-tmp-obss6FYK3 NODE_COMPAT=1 PYTHONDONTWRITEBYTECODE=1 PLAYWRIGHT_BROWSERS_PATH=/Users/runner/.cache/nub/pm/tools/ms-playwright ELECTRON_CACHE=/Users/runner/.cache/nub/pm/tools/electron-cache electron_config_cache=/Users/runner/.cache/nub/pm/tools/electron-cache npm_config_prefix=/Users/runner/.cache/nub/pm/tools/npm-prefix /Users/runner/hostedtoolcache/node/22.23.1/arm64/bin/npm rebuild --no-audit --no-fund electron-chromedriver
     dtrace: error on enabled probe ID 128 (ID 286: syscall::execve:entry): invalid address (0x6000021c5170) in action #1 at DIF offset 20
     + echo 1
  OBSERVE   rc=1 dtrace_rc=0 files=1047 (pre=1045) trace=16012 lines
  => BROKEN-WITHOUT-JAIL-TOO (unjailed control failed rc=1; nothing to measure)
     npm error
     npm error Error: Failed to find Electron v3.0.0 for darwin-arm64 at https://github.com/electron/electron/releases/download/v3.0.0/chromedriver-v3.0.0-darwin-arm64.zip
     npm error     at Request.<anonymous> (/Users/runner/v2m-STq8G7/Observe/node_modules/nugget/index.js:197:61)
     npm error     at Request.emit (node:events:519:28)
     npm error     at Request.onRequestResponse (/Users/runner/v2m-STq8G7/Observe/node_modules/request/request.js:1059:10)
     npm error     at ClientRequest.emit (node:events:519:28)
     npm error     at HTTPParser.parserOnIncomingClient [as onIncoming] (node:_http_client:780:27)
     npm error     at HTTPParser.parserOnHeadersComplete (node:_http_common:125:17)
     npm error     at TLSSocket.socketOnData (node:_http_client:615:22)
     npm error     at TLSSocket.emit (node:events:519:28)
     npm error     at addChunk (node:internal/streams/readable:561:12)
     npm error     at readableAddChunkPushByteMode (node:internal/streams/readable:512:3)
     npm error
     npm error Node.js v22.23.1
     npm notice
     npm notice New major version of npm available! 10.9.8 -> 12.0.2
     npm notice Changelog: https://github.com/npm/cli/releases/tag/v12.0.2
     npm notice To update run: npm install -g npm@12.0.2
     npm notice
     npm error A complete log of this run can be found in: /Users/runner/v2m-STq8G7/jailhome/.npm/_logs/2026-08-07T18_08_50_944Z-debug-0.log
