### win-ca@3.5.1   (D:\jail\m-winca-mtsf2h1v)
  CI-ENV scrubbed: CI GITHUB_ACTIONS
OSV-SCREEN {"schemaVersion":1,"kind":"direct","status":"clean","digest":"1731787703a28ffa102cf9648c6037901e5c3a33e93b30da16c6f648bcb49e2a","specCount":1,"lockfiles":{"digest":null,"files":[]},"maliciousAdvisories":[],"screenedAt":"2026-09-08T08:37:40.728Z","cacheHit":false,"clearancePath":"D:\\jail\\m-winca-mtsf2h1v\\security\\direct.json"}
  SECURITY direct clean: 1 exact package-version(s), tree 1731787703a2
OSV-SCREEN {"schemaVersion":1,"kind":"npm-observe-resolved","status":"clean","digest":"9a57f34412a78570a06305bfd68117cd8da386a683fbeb75ee1d03fc8bc5d5f5","specCount":7,"lockfiles":{"digest":"04134427a4e091ace46d51fba8732d6e0e13923e22f139008d0d4f690462940d","files":[{"path":"package-lock.json","sha256":"6f5d7c7e8d4b6c0adde6891ece15404cbb9500872496dbe58ff0e6d4c67f3ef7","bytes":2717}]},"maliciousAdvisories":[],"screenedAt":"2026-09-08T08:37:42.424Z","cacheHit":false,"clearancePath":"D:\\jail\\m-winca-mtsf2h1v\\security\\npm-observe-resolved.json"}
  SECURITY npm-observe-resolved clean: 7 exact package-version(s), tree 9a57f34412a7
  CAPTURE user=runnervmeef0v\runneradmin elevated=True rootPid=8036 exit=0 events=113126 lost=0
  VENUE-OBSERVE-USER runnervmeef0v\runneradmin elevated=true privDropped={"SeBackupPrivilege":"removed","SeRestorePrivilege":"removed","SeTakeOwnershipPrivilege":"removed"}
  OBSERVE artifacts: 584 files  (D:\jail\m-winca-mtsf2h1v\observe\node_modules\win-ca)
  ARM-FALSIFIABILITY {"manifestFiles":584,"filesTheScriptProduced":564,"reasons":[]}
  CLOSURE 7 packages evicted per arm
  8.3 MAP 0 components resolved on runnervmeef0v, folded into capture.json
  == ROOTS (from capture.json — R2: no ambient reads) ==
    project       D:\jail\m-winca-mtsf2h1v\observe   [keyed on]
    home          C:\Users\runneradmin   [keyed on]
    jailHome      (null — declared inapplicable)
    globalStore   C:\Users\runneradmin\AppData\Local\nub\pm\store
    projectStore  D:\jail\m-winca-mtsf2h1v\observe\node_modules\.store
    interpreter   C:\hostedtoolcache\windows\node\22.23.2\x64\node.exe
    toolsDir      C:\Users\runneradmin\AppData\Local\nub\pm\tools
    temp          D:\jail\m-winca-mtsf2h1v\tmp   [keyed on]
    npmPrefix     (null — declared inapplicable)
    ownPkg        D:\jail\m-winca-mtsf2h1v\observe\node_modules\win-ca
  == ATTRIBUTION == lifecycle pids: 2 (root 8036)
    writes  script 565  /  whole traced tree 572
    peers   script 0  /  whole traced tree 0
  == WRITES ==
    deps        565
  == READS ==
    deps         66
    outside       6
    project       1
    systemfs     24
  == NETWORK ==
    distinct peers: 0
  == REFUSALS (adapter-classified) ==
    distinct: 0
  == SYNTHESIZED GRANT (verify this in the real unprivileged jail) ==
    {"write":{"deps":true}}
  RAW       etw-raw.xml.gz  144715249 B xml -> 1918337 B gz (75.4x)  sha256 8215b7b08adf4a06…
  HEADER    etw-header.json (5042 bytes)
  DERIVED   7177 distinct from 9564 kept ops (113126 xml events, 34506 out of subtree)
  PROCS     4   thread-reattributed 0
  ⛔ 7 operations with NO OperationEnd — kept, status marked unknown
  8.3       0 expanded, 0 kept short, 0 not covered  [map: recorded 8.3 map (0 components, resolved on runnervmeef0v)]
  wrote events.ndjson.gz (93234 bytes)
  RAWLOG-CAPTURE D:\jail\m-winca-mtsf2h1v\cap\capture.json
  VENUE-NUB-BINARY {"path":"C:/Users/RUNNER~1/AppData/Local/Temp/nub/target/release/nub.exe","sha256":"f186817a44be332fee712b4936a071a0b5f9cde18a1d2fdc3a791729d4bf1005","bytes":68717056,"features":{"buildJailCatalogOverride":true,"pythonDontWriteBytecodeEnv":true}}
  VENUE-INTERPRETER C:\hostedtoolcache\windows\node\22.23.2\x64\node.exe
  VENUE-JAIL-ROOT D:\jail\m-winca-mtsf2h1v
  VENUE-OVERRIDES {"set":{"npm_config_cache":"D:\\jail\\m-winca-mtsf2h1v\\npm-cache","TMP":"D:\\jail\\m-winca-mtsf2h1v\\tmp","TEMP":"D:\\jail\\m-winca-mtsf2h1v\\tmp","TMPDIR":"D:\\jail\\m-winca-mtsf2h1v\\tmp"},"unset":["CI","GITHUB_ACTIONS"],"notRedirected":{"USERPROFILE":"C:\\Users\\runneradmin","why":"the jail leaves HOME/USERPROFILE alone — `build_jail.rs` sandbox_homes() reads the ambient value and `compiler/defaults.rs` BASELINE_ENV_EXACT passes it through — so there is no private jail home to reproduce and redirecting one would measure an environment no confined script sees"},"passedThrough":{"CI":"true","GITHUB_ACTIONS":"true","NODE_ENV":null}}
  STORE   isolated virtual store at D:\jail\m-winca-mtsf2h1v\verify-synth\.cache
  VENUE-STORE-LAYOUT isolated
OSV-SCREEN {"schemaVersion":1,"kind":"nub-synth-resolved","status":"clean","digest":"9a57f34412a78570a06305bfd68117cd8da386a683fbeb75ee1d03fc8bc5d5f5","specCount":7,"lockfiles":{"digest":"205d438099c18345021ed0baf34e70b7c21706f88726a83a6ba1ad3cdd3cd471","files":[{"path":"nub.lock","sha256":"19f3be0dde99898b907eedf120bf4ee8db50120fbe8d7c8a242e61e8254316da","bytes":1627}]},"maliciousAdvisories":[],"screenedAt":"2026-09-08T08:37:42.424Z","cacheHit":true,"clearancePath":"D:\\jail\\m-winca-mtsf2h1v\\security\\nub-synth-resolved.json"}
  SECURITY nub-synth-resolved clean: 7 exact package-version(s), tree 9a57f34412a7 (cached exact-tree clearance)
  VERIFY[synth] rc=0 artifacts=584/584 missing=0 shortfall=none (tree 6375/682) OVERRIDDEN=2 REJECTED=0 grant={"write":{"deps":true}}
  => MINIMUM {"write":{"deps":true}}   (observed, then verified)
  STORE   isolated virtual store at D:\jail\m-winca-mtsf2h1v\verify-nar-no-write-deps\.cache
OSV-SCREEN {"schemaVersion":1,"kind":"nub-nar-no-write-deps-resolved","status":"clean","digest":"9a57f34412a78570a06305bfd68117cd8da386a683fbeb75ee1d03fc8bc5d5f5","specCount":7,"lockfiles":{"digest":"205d438099c18345021ed0baf34e70b7c21706f88726a83a6ba1ad3cdd3cd471","files":[{"path":"nub.lock","sha256":"19f3be0dde99898b907eedf120bf4ee8db50120fbe8d7c8a242e61e8254316da","bytes":1627}]},"maliciousAdvisories":[],"screenedAt":"2026-09-08T08:37:42.424Z","cacheHit":true,"clearancePath":"D:\\jail\\m-winca-mtsf2h1v\\security\\nub-nar-no-write-deps-resolved.json"}
  SECURITY nub-nar-no-write-deps-resolved clean: 7 exact package-version(s), tree 9a57f34412a7 (cached exact-tree clearance)
  VERIFY[nar-no-write-deps] rc=0 artifacts=584/584 missing=0 shortfall=none (tree 6375/682) OVERRIDDEN=2 REJECTED=0 grant={}
     ⛔ OVER-PREDICTED — the strictly narrower {} also verifies; 'no-write-deps' was not needed
