### victory-chart@1.3.0   (D:\jail\m-victorychart-mtsmvzgw)
  CI-ENV scrubbed: CI GITHUB_ACTIONS
OSV-SCREEN {"schemaVersion":1,"kind":"direct","status":"clean","digest":"a82d987e6d6fa0638034ea46dd7af987a576c83a414746414f5ee1e267f7b8da","specCount":1,"lockfiles":{"digest":null,"files":[]},"maliciousAdvisories":[],"screenedAt":"2026-09-08T12:16:34.979Z","cacheHit":false,"clearancePath":"D:\\jail\\m-victorychart-mtsmvzgw\\security\\direct.json"}
  SECURITY direct clean: 1 exact package-version(s), tree a82d987e6d6f
OSV-SCREEN {"schemaVersion":1,"kind":"npm-observe-resolved","status":"clean","digest":"39ce908810f51c4faaddbc899dbd978e32ab54b0cee0f1835fe296867e50807c","specCount":464,"lockfiles":{"digest":"1d4defabe484f904041a1d83146fb05dec68ce4f6be5e951da1d7eb76c826cf4","files":[{"path":"package-lock.json","sha256":"c131e7e6c299ca4be4e22e8ebb9231fef9448831abe9d21b145f343042772b9e","bytes":255973}]},"maliciousAdvisories":[],"screenedAt":"2026-09-08T12:16:53.822Z","cacheHit":false,"clearancePath":"D:\\jail\\m-victorychart-mtsmvzgw\\security\\npm-observe-resolved.json"}
  SECURITY npm-observe-resolved clean: 464 exact package-version(s), tree 39ce908810f5
  CAPTURE user=runnervmeef0v\runneradmin elevated=True rootPid=6064 exit=0 events=32171 lost=0
  VENUE-OBSERVE-USER runnervmeef0v\runneradmin elevated=true privDropped={"SeBackupPrivilege":"removed","SeRestorePrivilege":"removed","SeTakeOwnershipPrivilege":"removed"}
  OBSERVE artifacts: 19 files  (D:\jail\m-victorychart-mtsmvzgw\observe\node_modules\victory-chart)
  ARM-FALSIFIABILITY {"manifestFiles":20,"filesTheScriptProduced":0,"reasons":["gate-vacuous"]}
  ⛔ ARMS-UNFALSIFIABLE — a green arm for this package carries no evidence:
       gate-vacuous: the script changed no file the artifact gate keys on — every file in the manifest (20) was already present at its final size before the script ran, so the gate passes in every arm including a completely broken one
       The grant may still be correct; what is missing is a signal that could have gone
       red. Do not read this record's MINIMAL as a passing measurement.
  CLOSURE 394 packages evicted per arm
  8.3 MAP 0 components resolved on runnervmeef0v, folded into capture.json
  == ROOTS (from capture.json — R2: no ambient reads) ==
    project       D:\jail\m-victorychart-mtsmvzgw\observe   [keyed on]
    home          C:\Users\runneradmin   [keyed on]
    jailHome      (null — declared inapplicable)
    globalStore   C:\Users\runneradmin\AppData\Local\nub\pm\store
    projectStore  D:\jail\m-victorychart-mtsmvzgw\observe\node_modules\.store
    interpreter   C:\hostedtoolcache\windows\node\22.23.2\x64\node.exe
    toolsDir      C:\Users\runneradmin\AppData\Local\nub\pm\tools
    temp          D:\jail\m-victorychart-mtsmvzgw\tmp   [keyed on]
    npmPrefix     (null — declared inapplicable)
    ownPkg        D:\jail\m-victorychart-mtsmvzgw\observe\node_modules\victory-chart
  == ATTRIBUTION == lifecycle pids: 2 (root 6064)
    writes  script 0  /  whole traced tree 7
    peers   script 0  /  whole traced tree 0
  == WRITES ==
  == READS ==
    deps          4
    outside       6
    project       1
    systemfs     23
  == NETWORK ==
    distinct peers: 0
  == REFUSALS (adapter-classified) ==
    distinct: 0
  == SYNTHESIZED GRANT (verify this in the real unprivileged jail) ==
    {}
  RAW       etw-raw.xml.gz  41467543 B xml -> 642754 B gz (64.5x)  sha256 db1568d71ec8b60d…
  HEADER    etw-header.json (5091 bytes)
  DERIVED   6014 distinct from 7166 kept ops (32171 xml events, 6133 out of subtree)
  PROCS     4   thread-reattributed 0
  8.3       0 expanded, 0 kept short, 0 not covered  [map: recorded 8.3 map (0 components, resolved on runnervmeef0v)]
  wrote events.ndjson.gz (75818 bytes)
  RAWLOG-CAPTURE D:\jail\m-victorychart-mtsmvzgw\cap\capture.json
  VENUE-NUB-BINARY {"path":"C:/Users/RUNNER~1/AppData/Local/Temp/nub/target/release/nub.exe","sha256":"f186817a44be332fee712b4936a071a0b5f9cde18a1d2fdc3a791729d4bf1005","bytes":68717056,"features":{"buildJailCatalogOverride":true,"pythonDontWriteBytecodeEnv":true}}
  VENUE-INTERPRETER C:\hostedtoolcache\windows\node\22.23.2\x64\node.exe
  VENUE-JAIL-ROOT D:\jail\m-victorychart-mtsmvzgw
  VENUE-OVERRIDES {"set":{"npm_config_cache":"D:\\jail\\m-victorychart-mtsmvzgw\\npm-cache","TMP":"D:\\jail\\m-victorychart-mtsmvzgw\\tmp","TEMP":"D:\\jail\\m-victorychart-mtsmvzgw\\tmp","TMPDIR":"D:\\jail\\m-victorychart-mtsmvzgw\\tmp"},"unset":["CI","GITHUB_ACTIONS"],"notRedirected":{"USERPROFILE":"C:\\Users\\runneradmin","why":"the jail leaves HOME/USERPROFILE alone — `build_jail.rs` sandbox_homes() reads the ambient value and `compiler/defaults.rs` BASELINE_ENV_EXACT passes it through — so there is no private jail home to reproduce and redirecting one would measure an environment no confined script sees"},"passedThrough":{"CI":"true","GITHUB_ACTIONS":"true","NODE_ENV":null}}
  scaffold: 8 dependency package(s) with lifecycle scripts granted a fixed wide grant
  STORE   isolated virtual store at D:\jail\m-victorychart-mtsmvzgw\verify-synth\.cache
  VENUE-STORE-LAYOUT isolated
OSV-SCREEN {"schemaVersion":1,"kind":"nub-synth-resolved","status":"clean","digest":"928362f4ac8531a1b3f6ec766780d14984d8d608160dd59e341a499dbbe08a91","specCount":465,"lockfiles":{"digest":"39ffeb0eacf63ff6f28e9afe3dd247dbced8e21254695e3bc0bc79d6cb8b14c2","files":[{"path":"nub.lock","sha256":"61f3fc1f80c78a4bc725c7161190b2d076a804d813774e14864a640aff8b6913","bytes":124365}]},"maliciousAdvisories":[],"screenedAt":"2026-09-08T12:17:16.815Z","cacheHit":false,"clearancePath":"D:\\jail\\m-victorychart-mtsmvzgw\\security\\nub-synth-resolved.json"}
  SECURITY nub-synth-resolved clean: 465 exact package-version(s), tree 928362f4ac85
  VERIFY[synth] rc=0 artifacts=19/19 missing=0 shortfall=none (tree 20592/14496) OVERRIDDEN=2 REJECTED=0 grant={}
  => MINIMUM {}   (observed, then verified)
  DESCEND   grant is already empty — nothing to narrow; MINIMAL by construction.
