### sinon@4.5.0   (/home/runner/v2-y3ymTA)
  CI-ENV scrubbed: CI GITHUB_ACTIONS
OSV-SCREEN {"schemaVersion":1,"kind":"direct","status":"clean","digest":"6357d3ad83e2f83a6c8a80ed8cf3e427fa5dc38ef766b6f5736b50fdae57115d","specCount":1,"lockfiles":{"digest":null,"files":[]},"maliciousAdvisories":[],"screenedAt":"2026-09-08T08:32:26.016Z","cacheHit":false,"clearancePath":"/home/runner/v2-y3ymTA/security/direct.json"}
  SECURITY direct clean: 1 exact package-version(s), tree 6357d3ad83e2
  VENUE-OBSERVE-USER {"uid":1001,"user":"runner","umask":"0022","capBnd":"000001ffffffffff","noNewPrivs":"0"}
  VENUE-NUB-BINARY {"path":"/tmp/nub/target/release/nub","sha256":"2a18683f50f7afeb02a521cd3cae175dc2f91780d461c5f012065241f5a1447b","bytes":207643464,"features":{"buildJailCatalogOverride":true,"pythonDontWriteBytecodeEnv":true}}
OSV-SCREEN {"schemaVersion":1,"kind":"npm-observe-resolved","status":"clean","digest":"9695a76e8293ebfe6a3bd4c667d55acef64370fdc418bdc5ec2dd603d59375f2","specCount":21,"lockfiles":{"digest":"5a1c53dd2557a757e9abac27d6e8f4d999eaa4783bbac516eaaa472bd3e79cd1","files":[{"path":"package-lock.json","sha256":"13810b2df97dbc568b15eecff9fd2ff4cd25077d5e53aac959021702011d66f1","bytes":8134}]},"maliciousAdvisories":[],"screenedAt":"2026-09-08T08:32:27.685Z","cacheHit":false,"clearancePath":"/home/runner/v2-y3ymTA/security/npm-observe-resolved.json"}
  SECURITY npm-observe-resolved clean: 21 exact package-version(s), tree 9695a76e8293
  OBSERVE   rc=0 files=1308 trace=10763 lines
  CLOSURE   18 packages evicted per arm
  ARM-FALSIFIABILITY {"manifestFiles":49,"filesTheScriptProduced":0,"reasons":["gate-vacuous"]}
  ⛔ ARMS-UNFALSIFIABLE — a green arm for this package carries no evidence:
       gate-vacuous: the script changed no file the artifact gate keys on — every file in the manifest (49) was already present at its final size before the script ran, so the gate passes in every arm including a completely broken one
       The grant may still be correct; what is missing is a signal that could have gone
       red. Do not read this record's MINIMAL as a passing measurement.
  RAWLOG-FILE /home/runner/v2-y3ymTA/observe/trace.txt.gz
  RAWLOG-CAPTURE /home/runner/v2-y3ymTA/observe/capture.json
  RAWLOG-BYTES raw=2373379 gz=68717
  VENUE-INTERPRETER /opt/hostedtoolcache/node/22.23.2/x64
  VENUE-OVERRIDES {"set":{"HOME":"/home/runner/v2-y3ymTA/jailhome","TMPDIR":"/tmp/nub-tmp-obskbmaSC","NODE_COMPAT":"1","PLAYWRIGHT_BROWSERS_PATH":"/home/runner/.cache/nub/pm/tools/ms-playwright","ELECTRON_CACHE":"/home/runner/.cache/nub/pm/tools/electron-cache","electron_config_cache":"/home/runner/.cache/nub/pm/tools/electron-cache","npm_config_prefix":"/home/runner/.cache/nub/pm/tools/npm-prefix","PYTHONDONTWRITEBYTECODE":"1","NUB_CACHE_DIR":"/home/runner/v2-y3ymTA/nubcache"},"unset":["CI","GITHUB_ACTIONS"],"passedThrough":{"CI":"true","GITHUB_ACTIONS":"true","NODE_ENV":null}}
  == ATTRIBUTION == attributed pids: 13
    writes  script 0  /  whole traced tree 1088
    sockets script 0  /  whole traced tree 4
  == ROOTS (from capture.json — R2: no ambient reads) ==
    project       /home/runner/v2-y3ymTA/observe
    home          /home/runner
    jailHome      /home/runner/v2-y3ymTA/jailhome
    globalStore   /home/runner/.cache/nub/pm/store   [declared, not keyed on]
    projectStore  /home/runner/v2-y3ymTA/observe/node_modules/.store   [declared, not keyed on]
    interpreter   /opt/hostedtoolcache/node/22.23.2/x64   [declared, not keyed on]
    toolsDir      /home/runner/.cache/nub/pm/tools   [declared, not keyed on]
    temp          /tmp/nub-tmp-obskbmaSC
    npmPrefix     /home/runner/.cache/nub/pm/tools/npm-prefix
    ownPkg        /home/runner/v2-y3ymTA/observe/node_modules/sinon
  == WRITES the script actually performed ==
  == NETWORK ==
    AF_INET sockets: 0   distinct peers: 2
        127.0.0.53:53
        104.16.4.34:443
  == REFUSALS (only `= -1 EACCES/EPERM/EROFS`) ==
    distinct: 0
  == SYNTHESIZED GRANT (verify this in the real unprivileged jail) ==
    {}
  == writePaths (DERIVED — promotion out of the package's PRIVATE home) ==
    private-home writes observed: 0
    none declared — the script wrote nothing into its private home — there is nothing to promote
  == writePaths FEASIBILITY (distinct writes outside project/deps) ==
    count: 0
    EVENTS    4418 distinct from 10715 calls (10764 lines, 26 rejoined, 0 unparsed)
    PROCS     20   lifecycle shells 8
    ⛔ 3 paths with an UNRESOLVED dirfd — kept, marked, never guessed
    unsubscribed/unmapped syscalls: setsockopt×23 getsockname×22 exit×15 getsockopt×9 recvmsg×7 getcwd×4 socketpair×3 shutdown×3
    wrote /home/runner/v2-y3ymTA/observe/events.ndjson.gz (31300 bytes)
  EVENTLOG-FILE /home/runner/v2-y3ymTA/observe/events.ndjson.gz
  EVENTLOG-STATS {"lines":10764,"parsed":10715,"unparsed":0,"unfinished":26,"rejoined":26,"unresolvedDirfd":3,"truncatedArg":0,"procs":20,"lifecyclePids":8,"distinctEvents":4418,"unknownSyscall":{"getsockname":22,"getsockopt":9,"getcwd":4,"recvmsg":7,"exit":15,"setsockopt":23,"sendmmsg":1,"socketpair":3,"shutdown":3,"exit_group":3,"wait4":3},"out":"/home/runner/v2-y3ymTA/observe/events.ndjson.gz","gzipBytes":31300}
  EVICT     2 store entries removed, 0 spared as nub tooling
  SE-PURGE  0 side-effects-cache entries for sinon
OSV-SCREEN {"schemaVersion":1,"kind":"nub-synth-resolved","status":"clean","digest":"9695a76e8293ebfe6a3bd4c667d55acef64370fdc418bdc5ec2dd603d59375f2","specCount":21,"lockfiles":{"digest":"9523e96ebdf647aa6e49222dcd1b68da7baeeadbc263682a3381ca459c92dd53","files":[{"path":"nub.lock","sha256":"3847f98883091ea3911b80910416f6996bc9307bee3d71698687bc26e73c24e5","bytes":5033}]},"maliciousAdvisories":[],"screenedAt":"2026-09-08T08:32:27.685Z","cacheHit":true,"clearancePath":"/home/runner/v2-y3ymTA/security/nub-synth-resolved.json"}
  SECURITY nub-synth-resolved clean: 21 exact package-version(s), tree 9695a76e8293 (cached exact-tree clearance)
  VENUE-STORE-LAYOUT isolated
  VERIFY[synth] rc=0 artifacts=49/49 missing=0 shortfall=none (tree 4011/1308) OVERRIDDEN=3 REJECTED=0 grant={}
  => VERIFIED {}   (observed, then verified)
  DESCEND   grant is already empty — nothing to narrow; MINIMAL by construction.
