### tree-sitter-cli@0.16.9   (/home/runner/v2-OyYIHY)
  CI-ENV scrubbed: CI GITHUB_ACTIONS
OSV-SCREEN {"schemaVersion":1,"kind":"direct","status":"clean","digest":"a36329ee1e968ed5e8e5a8bdc2bbfa00a46950ebd09390ced8fa4f4189618011","specCount":1,"lockfiles":{"digest":null,"files":[]},"maliciousAdvisories":[],"screenedAt":"2026-09-08T11:08:52.496Z","cacheHit":false,"clearancePath":"/home/runner/v2-OyYIHY/security/direct.json"}
  SECURITY direct clean: 1 exact package-version(s), tree a36329ee1e96
  VENUE-OBSERVE-USER {"uid":1001,"user":"runner","umask":"0022","capBnd":"000001ffffffffff","noNewPrivs":"0"}
  VENUE-NUB-BINARY {"path":"/tmp/nub/target/release/nub","sha256":"2a18683f50f7afeb02a521cd3cae175dc2f91780d461c5f012065241f5a1447b","bytes":207643464,"features":{"buildJailCatalogOverride":true,"pythonDontWriteBytecodeEnv":true}}
OSV-SCREEN {"schemaVersion":1,"kind":"npm-observe-resolved","status":"clean","digest":"a36329ee1e968ed5e8e5a8bdc2bbfa00a46950ebd09390ced8fa4f4189618011","specCount":1,"lockfiles":{"digest":"d6be5547be978e4e22e9b14340ca789307460b566626b1b6def41198b863a6f6","files":[{"path":"package-lock.json","sha256":"4028b1b5689d8055cdc0103501de95fe4c87bbd6b6f16417d4222b33036c3c24","bytes":629}]},"maliciousAdvisories":[],"screenedAt":"2026-09-08T11:08:52.496Z","cacheHit":true,"clearancePath":"/home/runner/v2-OyYIHY/security/npm-observe-resolved.json"}
  SECURITY npm-observe-resolved clean: 1 exact package-version(s), tree a36329ee1e96 (cached exact-tree clearance)
  OBSERVE   rc=0 files=9 trace=10813 lines
  CLOSURE   1 packages evicted per arm
  ARM-FALSIFIABILITY {"manifestFiles":5,"filesTheScriptProduced":1,"reasons":[]}
  RAWLOG-FILE /home/runner/v2-OyYIHY/observe/trace.txt.gz
  RAWLOG-CAPTURE /home/runner/v2-OyYIHY/observe/capture.json
  RAWLOG-BYTES raw=2381584 gz=70384
  VENUE-INTERPRETER /opt/hostedtoolcache/node/22.23.2/x64
  VENUE-OVERRIDES {"set":{"HOME":"/home/runner/v2-OyYIHY/jailhome","TMPDIR":"/tmp/nub-tmp-obsvK8kTP","NODE_COMPAT":"1","PLAYWRIGHT_BROWSERS_PATH":"/home/runner/.cache/nub/pm/tools/ms-playwright","ELECTRON_CACHE":"/home/runner/.cache/nub/pm/tools/electron-cache","electron_config_cache":"/home/runner/.cache/nub/pm/tools/electron-cache","npm_config_prefix":"/home/runner/.cache/nub/pm/tools/npm-prefix","PYTHONDONTWRITEBYTECODE":"1","NUB_CACHE_DIR":"/home/runner/v2-OyYIHY/nubcache"},"unset":["CI","GITHUB_ACTIONS"],"passedThrough":{"CI":"true","GITHUB_ACTIONS":"true","NODE_ENV":null}}
  == ATTRIBUTION == attributed pids: 18
    writes  script 1  /  whole traced tree 1089
    sockets script 5  /  whole traced tree 11
  == ROOTS (from capture.json — R2: no ambient reads) ==
    project       /home/runner/v2-OyYIHY/observe
    home          /home/runner
    jailHome      /home/runner/v2-OyYIHY/jailhome
    globalStore   /home/runner/.cache/nub/pm/store   [declared, not keyed on]
    projectStore  /home/runner/v2-OyYIHY/observe/node_modules/.store   [declared, not keyed on]
    interpreter   /opt/hostedtoolcache/node/22.23.2/x64   [declared, not keyed on]
    toolsDir      /home/runner/.cache/nub/pm/tools   [declared, not keyed on]
    temp          /tmp/nub-tmp-obsvK8kTP
    npmPrefix     /home/runner/.cache/nub/pm/tools/npm-prefix
    ownPkg        /home/runner/v2-OyYIHY/observe/node_modules/tree-sitter-cli
  == WRITES the script actually performed ==
    ownPkg        1  (base profile already grants this — NOT billed)
        /home/runner/v2-OyYIHY/observe/node_modules/tree-sitter-cli/tree-sitter
  == NETWORK ==
    AF_INET sockets: 5   distinct peers: 3
        127.0.0.53:53
        104.16.7.34:443
        140.82.114.4:443
  == REFUSALS (only `= -1 EACCES/EPERM/EROFS`) ==
    distinct: 0
  == SYNTHESIZED GRANT (verify this in the real unprivileged jail) ==
    {"network":true}
  == writePaths (DERIVED — promotion out of the package's PRIVATE home) ==
    private-home writes observed: 0
    none declared — the script wrote nothing into its private home — there is nothing to promote
  == writePaths FEASIBILITY (distinct writes outside project/deps) ==
    count: 0
    EVENTS    4395 distinct from 10764 calls (10814 lines, 22 rejoined, 0 unparsed)
    PROCS     25   lifecycle shells 13
    ⛔ 3 paths with an UNRESOLVED dirfd — kept, marked, never guessed
    unsubscribed/unmapped syscalls: getsockname×31 setsockopt×29 exit×20 getsockopt×13 recvmsg×11 getcwd×4 shutdown×4 sendmmsg×3
    wrote /home/runner/v2-OyYIHY/observe/events.ndjson.gz (31136 bytes)
  EVENTLOG-FILE /home/runner/v2-OyYIHY/observe/events.ndjson.gz
  EVENTLOG-STATS {"lines":10814,"parsed":10764,"unparsed":0,"unfinished":22,"rejoined":22,"unresolvedDirfd":3,"truncatedArg":0,"procs":25,"lifecyclePids":13,"distinctEvents":4395,"unknownSyscall":{"getsockname":31,"getsockopt":13,"getcwd":4,"recvmsg":11,"exit":20,"setsockopt":29,"sendmmsg":3,"socketpair":3,"shutdown":4,"exit_group":3,"wait4":3},"out":"/home/runner/v2-OyYIHY/observe/events.ndjson.gz","gzipBytes":31136}
  EVICT     1 store entries removed, 0 spared as nub tooling
  SE-PURGE  0 side-effects-cache entries for tree-sitter-cli
OSV-SCREEN {"schemaVersion":1,"kind":"nub-synth-resolved","status":"clean","digest":"a36329ee1e968ed5e8e5a8bdc2bbfa00a46950ebd09390ced8fa4f4189618011","specCount":1,"lockfiles":{"digest":"52b83c03b37903df8cf2fbb319763e413f9fdb19620dc21e418d336c1f579aee","files":[{"path":"nub.lock","sha256":"f5e1c8cf52c6f79dcca463a50803a37adca4775ea2b2e55bdc5869fb0bb39538","bytes":424}]},"maliciousAdvisories":[],"screenedAt":"2026-09-08T11:08:52.496Z","cacheHit":true,"clearancePath":"/home/runner/v2-OyYIHY/security/nub-synth-resolved.json"}
  SECURITY nub-synth-resolved clean: 1 exact package-version(s), tree a36329ee1e96 (cached exact-tree clearance)
  VENUE-STORE-LAYOUT isolated
  VERIFY[synth] rc=0 artifacts=5/5 missing=0 shortfall=none (tree 25/9) OVERRIDDEN=2 REJECTED=0 grant={"network":true}
  => VERIFIED {"network":true}   (observed, then verified)
  EVICT     1 store entries removed, 0 spared as nub tooling
  SE-PURGE  0 side-effects-cache entries for tree-sitter-cli
OSV-SCREEN {"schemaVersion":1,"kind":"nub-drop-no-network-resolved","status":"clean","digest":"a36329ee1e968ed5e8e5a8bdc2bbfa00a46950ebd09390ced8fa4f4189618011","specCount":1,"lockfiles":{"digest":"52b83c03b37903df8cf2fbb319763e413f9fdb19620dc21e418d336c1f579aee","files":[{"path":"nub.lock","sha256":"f5e1c8cf52c6f79dcca463a50803a37adca4775ea2b2e55bdc5869fb0bb39538","bytes":424}]},"maliciousAdvisories":[],"screenedAt":"2026-09-08T11:08:52.496Z","cacheHit":true,"clearancePath":"/home/runner/v2-OyYIHY/security/nub-drop-no-network-resolved.json"}
  SECURITY nub-drop-no-network-resolved clean: 1 exact package-version(s), tree a36329ee1e96 (cached exact-tree clearance)
  VERIFY[drop-no-network] rc=1 artifacts=5/5 missing=1 shortfall=9f2a3d52d3c2 (tree 26/9) OVERRIDDEN=2 REJECTED=0 grant={}
       missing: tree-sitter (0B < 8426248B)
     'no-network' is NECESSARY — dropping it fails to verify
  => MINIMAL — every capability in {"network":true} is independently necessary
