OSV-SCREEN {"schemaVersion":1,"kind":"direct","status":"clean","digest":"2d6d195999620001f556f6a282227a1d591441953e0310585e265f9965519c1f","specCount":1,"lockfiles":{"digest":null,"files":[]},"maliciousAdvisories":[],"screenedAt":"2026-08-31T05:35:53.250Z","cacheHit":false,"clearancePath":"/Users/runner/v2m-1QjeCs/security/direct.json"}
  SECURITY direct clean: 1 exact package-version(s), tree 2d6d19599962
  ERA-NODE PINNED 4.9.1 (provisioned) (arms will run: v4.9.1)
  ERA-PYTHON /usr/local/bin/python2.7 (Python 2.7.18) for era Node 0, whose node-gyp requires python2
  ARM-MAKE /usr/bin/make (GNU Make 3.81) — the system make; a build needing GNU Make 4 WILL fail here
### flow-bin@0.13.1   (/Users/runner/v2m-1QjeCs)   nub=/tmp/nub/target/release/nub
  VENUE-NUB-BINARY {"path":"/tmp/nub/target/release/nub","sha256":"69e622342d0c8393c78fa50a01dc9cc0a94371ac9b106b59bdcc016f06d86d30","bytes":94535576,"features":{"buildJailCatalogOverride":true,"pythonDontWriteBytecodeEnv":true}}
  CI-ENV scrubbed: CI GITHUB_ACTIONS
  --- fbt preflight (advisory; never fails the run) ---
     csrutil: System Integrity Protection status: disabled.
     fbt probes visible: 93577
     fbt enable attempt: dtrace: description 'fbt:::entry ' matched 50357 probes CPU     ID                    FUNCTION:NAME 
     cwd builtin value:  
     fbt chdir symbols:  
     fbt fires on spawn-with-cwd: dtrace: invalid probe specifier fbt::chdir*:entry /progenyof($target)/ { @[probefunc] = count(); }: probe description fbt::chdir*:entry does not match any probes 
  --- end fbt preflight ---
  ERA-RESOLUTION DATED 2015-07-01T12:08:13.899Z (deps as of the package's own publish date + 1d)
OSV-SCREEN {"schemaVersion":1,"kind":"npm-observe-resolved","status":"clean","digest":"21c4ae5249d7feb50b86afa1e46dee6f0213baba1d26ab001308f1f8ce4191d0","specCount":195,"lockfiles":{"digest":"5b6419caf68af6f664572ffc75cc3c07c829c733ed20fba7d6d749fce8d587e0","files":[{"path":"package-lock.json","sha256":"019b52d846e4fec4c555a05f4fc88bf3039bb670d35012e9e85cddc83e03dc5a","bytes":91678}]},"maliciousAdvisories":[],"screenedAt":"2026-08-31T05:36:13.471Z","cacheHit":false,"clearancePath":"/Users/runner/v2m-1QjeCs/security/npm-observe-resolved.json"}
  SECURITY npm-observe-resolved clean: 195 exact package-version(s), tree 21c4ae5249d7
  ARM-PATH SANITISED (dropped 1: /Users/runner/.yarn/bin)
  ARM-AMBIENT-TOOLS 1 leaked: rimraf=/Users/runner/v2m-1QjeCs/Observe/node_modules/.bin/rimraf
  ARM-SCAFFOLD none
  ARM-UNPROVIDABLE none
  VENUE-CI-CHILD clean (no CI-detection variable reaches the traced script)
  --- wrapper (run.sh) ---
     cd "/Users/runner/v2m-1QjeCs/Observe"
     sudo -u "runner" -H env "PATH=/Users/runner/v2m-1QjeCs/Observe/node_modules/.bin:/Users/runner/.cache/nub/era-node/4.9.1/node-v4.9.1-darwin-x64/bin:/Users/runner/hostedtoolcache/node/22.23.2/arm64/bin:/opt/homebrew/lib/ruby/gems/3.3.0/bin:/opt/homebrew/opt/ruby@3.3/bin:/Users/runner/.local/bin:/opt/homebrew/bin:/opt/homebrew/sbin:/Users/runner/.cargo/bin:/usr/local/opt/curl/bin:/usr/local/bin:/usr/local/sbin:/Users/runner/bin:/Users/runner/Library/Android/sdk/tools:/Users/runner/Library/Android/sdk/platform-tools:/Library/Frameworks/Python.framework/Versions/Current/bin:/Library/Frameworks/Mono.framework/Versions/Current/Commands:/usr/bin:/bin:/usr/sbin:/sbin:/Users/runner/.dotnet/tools"   "HOME=/Users/runner/v2m-1QjeCs/jailhome"   "TMPDIR=/private/var/folders/_5/zjnzxgh147qcg3bb5cg2wvqw0000gn/T/nub-tmp-obsx6kadz"   "NODE_COMPAT=1"   "PYTHONDONTWRITEBYTECODE=1"   "PLAYWRIGHT_BROWSERS_PATH=/Users/runner/.cache/nub/pm/tools/ms-playwright"   "ELECTRON_CACHE=/Users/runner/.cache/nub/pm/tools/electron-cache"   "electron_config_cache=/Users/runner/.cache/nub/pm/tools/electron-cache"   "npm_config_prefix=/Users/runner/.cache/nub/pm/tools/npm-prefix"   PYTHON=/usr/local/bin/python2.7   npm rebuild --no-audit --no-fund "flow-bin" > "/Users/runner/v2m-1QjeCs/Observe/npm.log" 2>&1
     echo $? > "/Users/runner/v2m-1QjeCs/Observe/rc"
  --- dtrace stderr + wrapper trace ---
     + cd /Users/runner/v2m-1QjeCs/Observe
     + sudo -u runner -H env PATH=/Users/runner/v2m-1QjeCs/Observe/node_modules/.bin:/Users/runner/.cache/nub/era-node/4.9.1/node-v4.9.1-darwin-x64/bin:/Users/runner/hostedtoolcache/node/22.23.2/arm64/bin:/opt/homebrew/lib/ruby/gems/3.3.0/bin:/opt/homebrew/opt/ruby@3.3/bin:/Users/runner/.local/bin:/opt/homebrew/bin:/opt/homebrew/sbin:/Users/runner/.cargo/bin:/usr/local/opt/curl/bin:/usr/local/bin:/usr/local/sbin:/Users/runner/bin:/Users/runner/Library/Android/sdk/tools:/Users/runner/Library/Android/sdk/platform-tools:/Library/Frameworks/Python.framework/Versions/Current/bin:/Library/Frameworks/Mono.framework/Versions/Current/Commands:/usr/bin:/bin:/usr/sbin:/sbin:/Users/runner/.dotnet/tools HOME=/Users/runner/v2m-1QjeCs/jailhome TMPDIR=/private/var/folders/_5/zjnzxgh147qcg3bb5cg2wvqw0000gn/T/nub-tmp-obsx6kadz NODE_COMPAT=1 PYTHONDONTWRITEBYTECODE=1 PLAYWRIGHT_BROWSERS_PATH=/Users/runner/.cache/nub/pm/tools/ms-playwright ELECTRON_CACHE=/Users/runner/.cache/nub/pm/tools/electron-cache electron_config_cache=/Users/runner/.cache/nub/pm/tools/electron-cache npm_config_prefix=/Users/runner/.cache/nub/pm/tools/npm-prefix PYTHON=/usr/local/bin/python2.7 npm rebuild --no-audit --no-fund flow-bin
     dtrace: error on enabled probe ID 128 (ID 286: syscall::execve:entry): invalid address (0x6000003c50e0) in action #1 at DIF offset 20
     dtrace: error on enabled probe ID 128 (ID 286: syscall::execve:entry): invalid address (0x100986c70) in action #4 at DIF offset 88
     dtrace: error on enabled probe ID 128 (ID 286: syscall::execve:entry): invalid address (0x100986c40) in action #4 at DIF offset 88
     dtrace: error on enabled probe ID 128 (ID 286: syscall::execve:entry): invalid address (0x7ff747009600) in action #5 at DIF offset 88
     dtrace: error on enabled probe ID 128 (ID 286: syscall::execve:entry): invalid address (0x7ff747009600) in action #5 at DIF offset 88
     dtrace: error on enabled probe ID 128 (ID 286: syscall::execve:entry): invalid address (0x7ff747009600) in action #5 at DIF offset 88
     dtrace: error on enabled probe ID 128 (ID 286: syscall::execve:entry): invalid address (0x7ff747009600) in action #5 at DIF offset 88
     dtrace: error on enabled probe ID 128 (ID 286: syscall::execve:entry): invalid address (0x7ff747009600) in action #5 at DIF offset 88
     dtrace: error on enabled probe ID 128 (ID 286: syscall::execve:entry): invalid address (0x7ff747009600) in action #5 at DIF offset 88
     dtrace: error on enabled probe ID 128 (ID 286: syscall::execve:entry): invalid address (0x7ff747009600) in action #5 at DIF offset 88
     dtrace: error on enabled probe ID 128 (ID 286: syscall::execve:entry): invalid address (0x7ff747009600) in action #5 at DIF offset 88
     dtrace: error on enabled probe ID 128 (ID 286: syscall::execve:entry): invalid address (0x7ff747009600) in action #5 at DIF offset 88
     dtrace: error on enabled probe ID 128 (ID 286: syscall::execve:entry): invalid address (0x7ff747009600) in action #5 at DIF offset 88
     dtrace: error on enabled probe ID 128 (ID 286: syscall::execve:entry): invalid address (0x7ff747009600) in action #5 at DIF offset 88
     dtrace: error on enabled probe ID 128 (ID 286: syscall::execve:entry): invalid address (0x7ff747009600) in action #5 at DIF offset 88
     dtrace: error on enabled probe ID 128 (ID 286: syscall::execve:entry): invalid address (0x7ff747009600) in action #5 at DIF offset 88
     dtrace: error on enabled probe ID 128 (ID 286: syscall::execve:entry): invalid address (0x7ff747009600) in action #5 at DIF offset 88
     dtrace: error on enabled probe ID 128 (ID 286: syscall::execve:entry): invalid address (0x7ff747009600) in action #5 at DIF offset 88
     dtrace: error on enabled probe ID 128 (ID 286: syscall::execve:entry): invalid address (0x7ff747009600) in action #5 at DIF offset 88
     dtrace: error on enabled probe ID 128 (ID 286: syscall::execve:entry): invalid address (0x7ff747009600) in action #5 at DIF offset 88
     dtrace: error on enabled probe ID 128 (ID 286: syscall::execve:entry): invalid address (0x7ff747009600) in action #5 at DIF offset 88
     dtrace: error on enabled probe ID 128 (ID 286: syscall::execve:entry): invalid address (0x7ff747009600) in action #5 at DIF offset 88
     dtrace: error on enabled probe ID 128 (ID 286: syscall::execve:entry): invalid address (0x7ff747009600) in action #5 at DIF offset 88
     dtrace: error on enabled probe ID 128 (ID 286: syscall::execve:entry): invalid address (0x7ff747009600) in action #5 at DIF offset 88
     dtrace: error on enabled probe ID 128 (ID 286: syscall::execve:entry): invalid address (0x7ff747009600) in action #5 at DIF offset 88
     dtrace: error on enabled probe ID 128 (ID 286: syscall::execve:entry): invalid address (0x7ff747009600) in action #5 at DIF offset 88
     dtrace: error on enabled probe ID 128 (ID 286: syscall::execve:entry): invalid address (0x7ff747009600) in action #5 at DIF offset 88
     dtrace: error on enabled probe ID 128 (ID 286: syscall::execve:entry): invalid address (0x7ff747009600) in action #5 at DIF offset 88
  OBSERVE   rc=0 dtrace_rc=0 files=1638 (pre=1592) trace=39309 lines
  CLOSURE   170 packages evicted per arm   store=/Users/runner/.cache/nub/pm/store
  RAWLOG-FILE /Users/runner/v2m-1QjeCs/Observe/trace.txt.gz
  RAWLOG-CAPTURE /Users/runner/v2m-1QjeCs/Observe/capture.json
  RAWLOG-BYTES raw=5461855 gz=239995
  VENUE-INTERPRETER /Users/runner/hostedtoolcache/node/22.23.2/arm64
  VENUE-NODE-SELECTION {"pkg":"flow-bin","packageVersion":"0.13.1","major":4,"version":"4.9.1","npm":"2.15.11","pinnable":true,"engines":">=0.10.0","publishedAt":"2015-06-30T12:08:13.899Z","eraMajor":0,"startMajor":4,"raisedByEngines":false,"enginesUnsatisfiable":false,"clampedToFloor":true,"clampedToCeiling":false,"matrixFloor":4,"matrixCeiling":26,"lookupFailure":null,"pinned":true,"pinnedBin":"/Users/runner/.cache/nub/era-node/4.9.1/node-v4.9.1-darwin-x64/bin","eraNodeRoot":"/Users/runner/.cache/nub"}
  VENUE-OVERRIDES {"set":{"PATH":"inherited-and-forwarded","HOME":"/Users/runner/v2m-1QjeCs/jailhome","TMPDIR":"/private/var/folders/_5/zjnzxgh147qcg3bb5cg2wvqw0000gn/T/nub-tmp-obsx6kadz","NODE_COMPAT":"1","PYTHONDONTWRITEBYTECODE":"1","PLAYWRIGHT_BROWSERS_PATH":"/Users/runner/.cache/nub/pm/tools/ms-playwright","ELECTRON_CACHE":"/Users/runner/.cache/nub/pm/tools/electron-cache","electron_config_cache":"/Users/runner/.cache/nub/pm/tools/electron-cache","npm_config_prefix":"/Users/runner/.cache/nub/pm/tools/npm-prefix"},"unset":["(sudo env_reset discards the caller environment; every var above is re-set after it)","CI","GITHUB_ACTIONS"],"passedThrough":{"CI":"true","GITHUB_ACTIONS":"true","NODE_ENV":null}}
  VENUE-OBSERVE-USER runner uid=501 (R7: ordinary non-root user, asserted)
  ARM-FALSIFIABILITY {"manifestFiles":51,"filesTheScriptProduced":44,"reasons":[]}
  EVENTLOG-FILE /Users/runner/v2m-1QjeCs/Observe/events.ndjson.gz
  EVENTLOG-STATS {"lines":39310,"parsed":39148,"unparsed":0,"live":true,"tracerErrors":135,"tracerErrorTotal":135,"unresolvedDirfd":66,"unresolvedFd":0,"pairedTwoPath":0,"danglingPair":0,"failed":31671,"enoent":31637,"refusals":0,"byErrno":{"ENXIO":6,"ENOENT":31637,"EEXIST":28},"procs":16,"lifecyclePids":3,"distinctEvents":19465,"emitted":19465,"calls":39089,"bytes":3138801,"gzipBytes":99962,"out":"/Users/runner/v2m-1QjeCs/Observe/events.ndjson"}
  == TRACER == live=true decodable-events=2876 dropped-events=135
    NOTE 44 relative path(s) under a non-AT_FDCWD dirfd were not
       scope-assigned: resolving them against the cwd would invent a path.
    ⛔ CWD-UNOBSERVED 13 relative path(s) (0 write(s)) came from a lifecycle
       process whose own cwd was never observed
       macOS spawns with posix_spawn addchdir_np, which changes directory in-kernel and
       emits no chdir syscall, so the inherited cwd cannot be trusted. These are NOT
       scope-assigned; the grant below is WIDENED instead so it covers wherever they landed.
         pid=61268 read  unproven .
         pid=61268 read  unproven .
         pid=61268 read  unproven .
         pid=61268 read  unproven .
         pid=61268 read  unproven .
         pid=61268 read  unproven .
         pid=61268 read  unproven .
         pid=61334 read  unproven .
         pid=61334 read  unproven .
         pid=61334 read  unproven .
         … and 3 more
    CWD-RESOLVED 1 relative path(s) placed against the package dir
       and CONFIRMED by an artifact present after the run — not assumed.
    ⛔ THE TRACER DROPPED 135 EVENT(S). A dropped event is a path never
       seen, so the grant below can only be too NARROW — the direction that breaks installs.
       Treat it as a FLOOR, not a measurement, until the adapter fault is fixed:
           132 x  epid=128 action=5 fault=1 addr=0x7ff747009600
             1 x  epid=128 action=1 fault=1 addr=0x6000003c50e0
             1 x  epid=128 action=4 fault=1 addr=0x100986c70
             1 x  epid=128 action=4 fault=1 addr=0x100986c40
  == ATTRIBUTION == lifecycle pids: 3
    writes  script 76  /  whole traced subtree 82
    sockets script 2  /  whole traced subtree 2
  == ROOTS (from /Users/runner/v2m-1QjeCs/Observe/capture.json; the classifier reads no other source) ==
    project       /Users/runner/v2m-1QjeCs/Observe
    home          /Users/runner
    jailHome      /Users/runner/v2m-1QjeCs/jailhome
    globalStore   /Users/runner/.cache/nub/pm/store
    projectStore  /Users/runner/v2m-1QjeCs/Observe/node_modules/.store
    interpreter   /Users/runner/hostedtoolcache/node/22.23.2/arm64
    toolsDir      /Users/runner/.cache/nub/pm/tools
    temp          /private/var/folders/_5/zjnzxgh147qcg3bb5cg2wvqw0000gn/T/nub-tmp-obsx6kadz
    npmPrefix     /Users/runner/.cache/nub/pm/tools/npm-prefix
    ownPkg        /Users/runner/v2m-1QjeCs/Observe/node_modules/flow-bin
    cwd           (null — this platform has no such root)
  == WRITES the script actually performed ==
    ownPkg       67  (base profile already grants this — NOT billed)
        /Users/runner/v2m-1QjeCs/Observe/node_modules/flow-bin/vendor
        /Users/runner/v2m-1QjeCs/Observe/node_modules/flow-bin/vendor/examples
        /Users/runner/v2m-1QjeCs/Observe/node_modules/flow-bin/vendor/examples/01_HelloWorld
        /Users/runner/v2m-1QjeCs/Observe/node_modules/flow-bin/vendor/examples/01_HelloWorld/.flowconfig
        /Users/runner/v2m-1QjeCs/Observe/node_modules/flow-bin/vendor/examples/01_HelloWorld/answer
        /Users/runner/v2m-1QjeCs/Observe/node_modules/flow-bin/vendor/examples/01_HelloWorld/answer/hello.js
        /Users/runner/v2m-1QjeCs/Observe/node_modules/flow-bin/vendor/examples/01_HelloWorld/hello.js
        /Users/runner/v2m-1QjeCs/Observe/node_modules/flow-bin/vendor/examples/02_TypeAnnotations
        /Users/runner/v2m-1QjeCs/Observe/node_modules/flow-bin/vendor/examples/02_TypeAnnotations/.flowconfig
        /Users/runner/v2m-1QjeCs/Observe/node_modules/flow-bin/vendor/examples/02_TypeAnnotations/answer
        … and 57 more
    jailTmp       9  (base profile already grants this — NOT billed)
        /private/var/folders/_5/zjnzxgh147qcg3bb5cg2wvqw0000gn/T/nub-tmp-obsx6kadz/flow
        /private/var/folders/_5/zjnzxgh147qcg3bb5cg2wvqw0000gn/T/nub-tmp-obsx6kadz/flow/flowlib_fcf8904
        /private/var/folders/_5/zjnzxgh147qcg3bb5cg2wvqw0000gn/T/nub-tmp-obsx6kadz/flow/flowlib_fcf8904/lib
        /private/var/folders/_5/zjnzxgh147qcg3bb5cg2wvqw0000gn/T/nub-tmp-obsx6kadz/flow/flowlib_fcf8904/lib/bom.js
        /private/var/folders/_5/zjnzxgh147qcg3bb5cg2wvqw0000gn/T/nub-tmp-obsx6kadz/flow/flowlib_fcf8904/lib/core.js
        /private/var/folders/_5/zjnzxgh147qcg3bb5cg2wvqw0000gn/T/nub-tmp-obsx6kadz/flow/flowlib_fcf8904/lib/cssom.js
        /private/var/folders/_5/zjnzxgh147qcg3bb5cg2wvqw0000gn/T/nub-tmp-obsx6kadz/flow/flowlib_fcf8904/lib/dom.js
        /private/var/folders/_5/zjnzxgh147qcg3bb5cg2wvqw0000gn/T/nub-tmp-obsx6kadz/flow/flowlib_fcf8904/lib/node.js
        /private/var/folders/_5/zjnzxgh147qcg3bb5cg2wvqw0000gn/T/nub-tmp-obsx6kadz/flow/flowlib_fcf8904/lib/react.js
  == READS the script performed, by scope ==
    systemfs     10
    outside      11
    userHome      2
    ownPkg        5
    deps        448
    jailTmp       2
        outside: /
        outside: /bin/sh
        outside: /bin
        outside: /bin/bash
        outside: /etc/resolv.conf
        outside: /var/db/timezone/zoneinfo/UTC
        outside: /var/db/timezone/zoneinfo/posixrules
        outside: /usr/bin/bsdtar
        outside: /usr/bin
        outside: /usr/bin/find
  == NETWORK ==
    AF_INET connects: 2   distinct peers: 2
        172.182.252.133:443
        185.199.110.133:443
  == REFUSALS (errno EPERM/EACCES/EROFS only; ENOENT is a miss, not a denial) ==
    distinct: 0
  == SYNTHESIZED GRANT (verify this in the real unprivileged jail) ==
    {"network":true}
  == writePaths (DERIVED — promotion out of the package's PRIVATE home) ==
    private-home writes observed: 0
    none declared — the script wrote nothing into its private home — there is nothing to promote
  == writePaths FEASIBILITY (distinct writes outside project/deps) ==
    count: 0
  scaffold: 1 dependency package(s) with lifecycle scripts granted a fixed wide grant
  EVICT[synth] 48 store entries removed, 18 spared as nub tooling, 534 in store
OSV-SCREEN {"schemaVersion":1,"kind":"nub-synth-resolved","status":"clean","digest":"9049f47314bebdf101165e4f331dc8c20c9d751e24fcd8f8a65c0190e0b72e79","specCount":276,"lockfiles":{"digest":"0b2ff11e9482f3c7c6cec702173c0282d7bf29112cac1e32aaf9207340612588","files":[{"path":"nub.lock","sha256":"aa35471053c635d72f6262f91e50a397075591b7f933ec21e48dd80c8f68bf4f","bytes":66551}]},"maliciousAdvisories":[],"screenedAt":"2026-08-31T05:36:41.455Z","cacheHit":false,"clearancePath":"/Users/runner/v2m-1QjeCs/security/nub-synth-resolved.json"}
  SECURITY nub-synth-resolved clean: 276 exact package-version(s), tree 9049f47314be
  VENUE-STORE-LAYOUT isolated
  VERIFY[synth] rc=1 artifacts=7/51 missing=44 shortfall=05f417030a1a (tree 7574/1638) OVERRIDDEN=3 REJECTED=0 grant={"network":true}
       missing: vendor/examples/01_HelloWorld/.flowconfig, vendor/examples/01_HelloWorld/answer/hello.js, vendor/examples/01_HelloWorld/hello.js, vendor/examples/02_TypeAnnotations/.flowconfig, vendor/examples/02_TypeAnnotations/answer/type_annotations.js, vendor/examples/02_TypeAnnotations/type_annotations.js (+38)
     [synth/a] /Users/runner/.cache/nub/pm/store/psl@1.15.0-2f9ec0a830a560da/node_modules/psl/dist/psl.cjs:1
     [synth/a] SyntaxError: Unexpected token ...
  !! OBSERVE UNDER-PREDICTED — the synthesized grant did NOT verify. This is the correctness
     finding: OBSERVE saw a run that the jail then refused on some axis it did not cover.
     The bounded ladder below is the repair; the terminal verdict waits on its outcome.
  DIAGNOSE  re-running the failing grant JAILED, under dtrace
     trace lines: 11664
     refused paths under the failing grant (count, path):
     ⇒ TREAT THIS AS A CANDIDATE SET, NOT AN ANSWER. On Linux the last refusal before a
       fatal exit was a trailing red herring once already; settle it with a
       single-variable arm per path plus a negative control granting all the others.
  synthesized grant did not verify — falling back to a bounded ladder
  scaffold: 1 dependency package(s) with lifecycle scripts granted a fixed wide grant
  EVICT[fb903772438] 137 store entries removed, 62 spared as nub tooling, 727 in store
OSV-SCREEN {"schemaVersion":1,"kind":"nub-fb903772438-resolved","status":"clean","digest":"9049f47314bebdf101165e4f331dc8c20c9d751e24fcd8f8a65c0190e0b72e79","specCount":276,"lockfiles":{"digest":"0b2ff11e9482f3c7c6cec702173c0282d7bf29112cac1e32aaf9207340612588","files":[{"path":"nub.lock","sha256":"aa35471053c635d72f6262f91e50a397075591b7f933ec21e48dd80c8f68bf4f","bytes":66551}]},"maliciousAdvisories":[],"screenedAt":"2026-08-31T05:36:41.455Z","cacheHit":true,"clearancePath":"/Users/runner/v2m-1QjeCs/security/nub-fb903772438-resolved.json"}
  SECURITY nub-fb903772438-resolved clean: 276 exact package-version(s), tree 9049f47314be (cached exact-tree clearance)
  VERIFY[fb903772438] rc=1 artifacts=7/51 missing=44 shortfall=05f417030a1a (tree 7574/1638) OVERRIDDEN=3 REJECTED=0 grant={"write":{"deps":true,"project":true,"userHome":true},"network":true}
       missing: vendor/examples/01_HelloWorld/.flowconfig, vendor/examples/01_HelloWorld/answer/hello.js, vendor/examples/01_HelloWorld/hello.js, vendor/examples/02_TypeAnnotations/.flowconfig, vendor/examples/02_TypeAnnotations/answer/type_annotations.js, vendor/examples/02_TypeAnnotations/type_annotations.js (+38)
     [fb903772438/a] /Users/runner/.cache/nub/pm/store/psl@1.15.0-2f9ec0a830a560da/node_modules/psl/dist/psl.cjs:1
     [fb903772438/a] SyntaxError: Unexpected token ...
  scaffold: 1 dependency package(s) with lifecycle scripts granted a fixed wide grant
  EVICT[fb2128993570] 137 store entries removed, 62 spared as nub tooling, 727 in store
OSV-SCREEN {"schemaVersion":1,"kind":"nub-fb2128993570-resolved","status":"clean","digest":"9049f47314bebdf101165e4f331dc8c20c9d751e24fcd8f8a65c0190e0b72e79","specCount":276,"lockfiles":{"digest":"0b2ff11e9482f3c7c6cec702173c0282d7bf29112cac1e32aaf9207340612588","files":[{"path":"nub.lock","sha256":"aa35471053c635d72f6262f91e50a397075591b7f933ec21e48dd80c8f68bf4f","bytes":66551}]},"maliciousAdvisories":[],"screenedAt":"2026-08-31T05:36:41.455Z","cacheHit":true,"clearancePath":"/Users/runner/v2m-1QjeCs/security/nub-fb2128993570-resolved.json"}
  SECURITY nub-fb2128993570-resolved clean: 276 exact package-version(s), tree 9049f47314be (cached exact-tree clearance)
  VERIFY[fb2128993570] rc=1 artifacts=7/51 missing=44 shortfall=05f417030a1a (tree 7574/1638) OVERRIDDEN=3 REJECTED=0 grant={"write":{"deps":true,"project":true,"userHome":true},"read":"disk","network":true}
       missing: vendor/examples/01_HelloWorld/.flowconfig, vendor/examples/01_HelloWorld/answer/hello.js, vendor/examples/01_HelloWorld/hello.js, vendor/examples/02_TypeAnnotations/.flowconfig, vendor/examples/02_TypeAnnotations/answer/type_annotations.js, vendor/examples/02_TypeAnnotations/type_annotations.js (+38)
     [fb2128993570/a] /Users/runner/.cache/nub/pm/store/psl@1.15.0-2f9ec0a830a560da/node_modules/psl/dist/psl.cjs:1
     [fb2128993570/a] SyntaxError: Unexpected token ...
  scaffold: 1 dependency package(s) with lifecycle scripts granted a fixed wide grant
  EVICT[fb1962834996] 137 store entries removed, 62 spared as nub tooling, 727 in store
OSV-SCREEN {"schemaVersion":1,"kind":"nub-fb1962834996-resolved","status":"clean","digest":"9049f47314bebdf101165e4f331dc8c20c9d751e24fcd8f8a65c0190e0b72e79","specCount":276,"lockfiles":{"digest":"0b2ff11e9482f3c7c6cec702173c0282d7bf29112cac1e32aaf9207340612588","files":[{"path":"nub.lock","sha256":"aa35471053c635d72f6262f91e50a397075591b7f933ec21e48dd80c8f68bf4f","bytes":66551}]},"maliciousAdvisories":[],"screenedAt":"2026-08-31T05:36:41.455Z","cacheHit":true,"clearancePath":"/Users/runner/v2m-1QjeCs/security/nub-fb1962834996-resolved.json"}
  SECURITY nub-fb1962834996-resolved clean: 276 exact package-version(s), tree 9049f47314be (cached exact-tree clearance)
  VERIFY[fb1962834996] rc=1 artifacts=7/51 missing=44 shortfall=05f417030a1a (tree 7574/1638) OVERRIDDEN=3 REJECTED=0 grant={"write":"disk","network":true}
       missing: vendor/examples/01_HelloWorld/.flowconfig, vendor/examples/01_HelloWorld/answer/hello.js, vendor/examples/01_HelloWorld/hello.js, vendor/examples/02_TypeAnnotations/.flowconfig, vendor/examples/02_TypeAnnotations/answer/type_annotations.js, vendor/examples/02_TypeAnnotations/type_annotations.js (+38)
     [fb1962834996/a] /Users/runner/.cache/nub/pm/store/psl@1.15.0-2f9ec0a830a560da/node_modules/psl/dist/psl.cjs:1
     [fb1962834996/a] SyntaxError: Unexpected token ...
  NOT-GRANT-INDEPENDENT every arm exited non-zero — nothing installed at any grant
  jail-off control: resolved as nspjailoffcontrol (rc=0)
OSV-SCREEN {"schemaVersion":1,"kind":"nub-unjailed-resolved","status":"clean","digest":"9049f47314bebdf101165e4f331dc8c20c9d751e24fcd8f8a65c0190e0b72e79","specCount":276,"lockfiles":{"digest":"0b2ff11e9482f3c7c6cec702173c0282d7bf29112cac1e32aaf9207340612588","files":[{"path":"nub.lock","sha256":"aa35471053c635d72f6262f91e50a397075591b7f933ec21e48dd80c8f68bf4f","bytes":66551}]},"maliciousAdvisories":[],"screenedAt":"2026-08-31T05:36:41.455Z","cacheHit":true,"clearancePath":"/Users/runner/v2m-1QjeCs/security/nub-unjailed-resolved.json"}
  SECURITY nub-unjailed-resolved clean: 276 exact package-version(s), tree 9049f47314be (cached exact-tree clearance)
  jail-off control: nub failed with the jail OFF; asking npm before naming a culprit
    |   flow-bin@0.13.1
    |   spawn-sync@1.0.15
    | warning: flow-bin build scripts are running without the build sandbox (install.buildJail is false in nub.jsonc)
    | warning: spawn-sync build scripts are running without the build sandbox (install.buildJail is false in nub.jsonc)
    | /Users/runner/.cache/nub/pm/store/psl@1.15.0-2f9ec0a830a560da/node_modules/psl/dist/psl.cjs:1
    | (function (exports, require, module, __filename, __dirname) { "use strict";Object.defineProperties(exports,{__esModule:{value:!0},[Symbol.toStringTag]:{value:"Module"}});function K(e){return e&&e.__esModule&&Object.prototype.hasOwnProperty.call(e,"default")?e.default:e}var O,F;function Q(){if(F)return O;F=1;const e=2147483647,s=36,c=1,o=26,t=38,d=700,z=72,y=128,g="-",P=/^xn--/,V=/[^\0-\x7F]/,G=/[\x2E\u3002\uFF0E\uFF61]/g,W={overflow:"Overflow: input needs wider integers to process","not-basic":"Illegal input >= 0x80 (not a basic code point)","invalid-input":"Invalid input"},C=s-c,h=Math.floor,I=String.fromCharCode;function v(a){throw new RangeError(W[a])}function U(a,i){const m=[];let n=a.length;for(;n--;)m[n]=i(a[n]);return m}function S(a,i){const m=a.split("@");let n="";m.length>1&&(n=m[0]+"@",a=m[1]),a=a.replace(G,".");const r=a.split("."),p=U(r,i).join(".");return n+p}function L(a){const i=[];let m=0;const n=a.
    | SyntaxError: Unexpected token ...
    |     at exports.runInThisContext (vm.js:53:16)
    |     at Module._compile (module.js:373:25)
    |     at Object.Module._extensions..js (module.js:416:10)
    |     at Module.load (module.js:343:32)
    |     at Function.Module._load (module.js:300:12)
    |     at Module.require (module.js:353:17)
    |     at require (internal/module.js:12:17)
    |     at Object.<anonymous> (/Users/runner/.cache/nub/pm/store/tough-cookie@2.5.0-999edf9b5e6f617d/node_modules/tough-cookie/lib/pubsuffix-psl.js:32:11)
    |     at Module._compile (module.js:409:26)
    |     at Object.Module._extensions..js (module.js:416:10)
    |   × lifecycle script postinstall failed for flow-bin@0.13.1: script
    |   │ `postinstall` exited with code 1
OSV-SCREEN {"schemaVersion":1,"kind":"npm-fallback-resolved","status":"clean","digest":"892d804cf9df8fb71b2f2f4e432a835bbbfb3818b74452763145ddba88fe013b","specCount":277,"lockfiles":{"digest":null,"files":[]},"maliciousAdvisories":[],"screenedAt":"2026-08-31T05:39:47.370Z","cacheHit":false,"clearancePath":"/Users/runner/v2m-1QjeCs/security/npm-fallback-resolved.json"}
  SECURITY npm-fallback-resolved clean: 277 exact package-version(s), tree 892d804cf9df
  NPM-REFERENCE rebuild rc=1 for flow-bin@0.13.1 (era 4.9.1)
    | npm ERR! node v4.9.1
    | npm ERR! npm  v2.15.11
    | npm ERR! code ELIFECYCLE
    | npm ERR! flow-bin@0.13.1 postinstall: `node lib/install.js`
    | npm ERR! Exit status 1
    | npm ERR! 
    | npm ERR! Failed at the flow-bin@0.13.1 postinstall script 'node lib/install.js'.
    | npm ERR! This is most likely a problem with the flow-bin package,
    | npm ERR! not with npm itself.
    | npm ERR! Tell the author that this fails on your system:
    | npm ERR!     node lib/install.js
    | npm ERR! You can get information on how to open an issue for this project with:
    | npm ERR!     npm bugs flow-bin
    | npm ERR! Or if that isn't available, you can get their info via:
    | npm ERR! 
    | npm ERR!     npm owner ls flow-bin
    | npm ERR! There is likely additional logging output above.
    | 
    | npm ERR! Please include the following file with any support request:
    | npm ERR!     /private/var/folders/_5/zjnzxgh147qcg3bb5cg2wvqw0000gn/T/nspnpm-mx58Hu/npm-debug.log
  jail-off control: neither nub nor npm installs this unjailed; nothing to measure
  => BROKEN-WITHOUT-JAIL-TOO
