OSV-SCREEN {"schemaVersion":1,"kind":"direct","status":"clean","digest":"c872669b0868b1752acff996738e1c3775b47a03efdd743267b402501adbd844","specCount":1,"lockfiles":{"digest":null,"files":[]},"maliciousAdvisories":[],"screenedAt":"2026-08-31T17:42:08.170Z","cacheHit":false,"clearancePath":"/Users/runner/v2m-6Jz9vw/security/direct.json"}
  SECURITY direct clean: 1 exact package-version(s), tree c872669b0868
  ERA-NODE PINNED 20.20.2 (provisioned) (arms will run: v20.20.2)
  ERA-PYTHON /Users/runner/hostedtoolcache/Python/3.9.13/arm64/bin/python (Python 3.9.13) for era Node 20, whose node-gyp requires python3
  ARM-MAKE /usr/bin/make (GNU Make 3.81) — the system make; a build needing GNU Make 4 WILL fail here
### scrollmirror@1.2.0   (/Users/runner/v2m-6Jz9vw)   nub=/tmp/nub/target/release/nub
  VENUE-NUB-BINARY {"path":"/tmp/nub/target/release/nub","sha256":"69e622342d0c8393c78fa50a01dc9cc0a94371ac9b106b59bdcc016f06d86d30","bytes":94535576,"features":{"buildJailCatalogOverride":true,"pythonDontWriteBytecodeEnv":true}}
  CI-ENV scrubbed: CI GITHUB_ACTIONS
  --- fbt preflight (advisory; never fails the run) ---
     csrutil: System Integrity Protection status: disabled.
     fbt probes visible: 93577
     fbt enable attempt: dtrace: description 'fbt:::entry ' matched 50357 probes CPU     ID                    FUNCTION:NAME 
     cwd builtin value:  
     fbt chdir symbols:  
     fbt fires on spawn-with-cwd: dtrace: invalid probe specifier fbt::chdir*:entry /progenyof($target)/ { @[probefunc] = count(); }: probe description fbt::chdir*:entry does not match any probes 
  --- end fbt preflight ---
  ERA-RESOLUTION DATED 2024-10-23T18:51:21.876Z (deps as of the package's own publish date + 1d)
OSV-SCREEN {"schemaVersion":1,"kind":"npm-observe-resolved","status":"clean","digest":"c872669b0868b1752acff996738e1c3775b47a03efdd743267b402501adbd844","specCount":1,"lockfiles":{"digest":"53e65822a81a06a3c56a3b097bd2c8bc69596a98959c4965b5e10c69d5c0d223","files":[{"path":"package-lock.json","sha256":"6a8f920af0e242c45be74a2773953a6c8e71e75b81b3d721aba9d8a77e596834","bytes":558}]},"maliciousAdvisories":[],"screenedAt":"2026-08-31T17:42:08.170Z","cacheHit":true,"clearancePath":"/Users/runner/v2m-6Jz9vw/security/npm-observe-resolved.json"}
  SECURITY npm-observe-resolved clean: 1 exact package-version(s), tree c872669b0868 (cached exact-tree clearance)
  ARM-PATH SANITISED (dropped 1: /Users/runner/.yarn/bin)
  ARM-AMBIENT-TOOLS none
  ARM-SCAFFOLD 1 added: only-allow
  ARM-UNPROVIDABLE none
  ARM-SCAFFOLD-INSTALL rc=0
  VENUE-CI-CHILD clean (no CI-detection variable reaches the traced script)
  ARM-REBUILD-SPEC scrollmirror@1.2.0
  --- wrapper (run.sh) ---
     cd "/Users/runner/v2m-6Jz9vw/Observe"
     sudo -u "runner" -H env "PATH=/Users/runner/v2m-6Jz9vw/Observe/node_modules/.bin:/Users/runner/.cache/nub/era-node/20.20.2/node-v20.20.2-darwin-arm64/bin:/Users/runner/hostedtoolcache/node/22.23.2/arm64/bin:/opt/homebrew/lib/ruby/gems/3.3.0/bin:/opt/homebrew/opt/ruby@3.3/bin:/Users/runner/.local/bin:/opt/homebrew/bin:/opt/homebrew/sbin:/Users/runner/.cargo/bin:/usr/local/opt/curl/bin:/usr/local/bin:/usr/local/sbin:/Users/runner/bin:/Users/runner/Library/Android/sdk/tools:/Users/runner/Library/Android/sdk/platform-tools:/Library/Frameworks/Python.framework/Versions/Current/bin:/Library/Frameworks/Mono.framework/Versions/Current/Commands:/usr/bin:/bin:/usr/sbin:/sbin:/Users/runner/.dotnet/tools"   "HOME=/Users/runner/v2m-6Jz9vw/jailhome"   "TMPDIR=/private/var/folders/_5/zjnzxgh147qcg3bb5cg2wvqw0000gn/T/nub-tmp-obsFNVgSv"   "NODE_COMPAT=1"   "PYTHONDONTWRITEBYTECODE=1"   "PLAYWRIGHT_BROWSERS_PATH=/Users/runner/.cache/nub/pm/tools/ms-playwright"   "ELECTRON_CACHE=/Users/runner/.cache/nub/pm/tools/electron-cache"   "electron_config_cache=/Users/runner/.cache/nub/pm/tools/electron-cache"   "npm_config_prefix=/Users/runner/.cache/nub/pm/tools/npm-prefix"   PYTHON=/Users/runner/hostedtoolcache/Python/3.9.13/arm64/bin/python   npm rebuild --no-audit --no-fund "scrollmirror@1.2.0" > "/Users/runner/v2m-6Jz9vw/Observe/npm.log" 2>&1
     echo $? > "/Users/runner/v2m-6Jz9vw/Observe/rc"
  --- dtrace stderr + wrapper trace ---
     + cd /Users/runner/v2m-6Jz9vw/Observe
     + sudo -u runner -H env PATH=/Users/runner/v2m-6Jz9vw/Observe/node_modules/.bin:/Users/runner/.cache/nub/era-node/20.20.2/node-v20.20.2-darwin-arm64/bin:/Users/runner/hostedtoolcache/node/22.23.2/arm64/bin:/opt/homebrew/lib/ruby/gems/3.3.0/bin:/opt/homebrew/opt/ruby@3.3/bin:/Users/runner/.local/bin:/opt/homebrew/bin:/opt/homebrew/sbin:/Users/runner/.cargo/bin:/usr/local/opt/curl/bin:/usr/local/bin:/usr/local/sbin:/Users/runner/bin:/Users/runner/Library/Android/sdk/tools:/Users/runner/Library/Android/sdk/platform-tools:/Library/Frameworks/Python.framework/Versions/Current/bin:/Library/Frameworks/Mono.framework/Versions/Current/Commands:/usr/bin:/bin:/usr/sbin:/sbin:/Users/runner/.dotnet/tools HOME=/Users/runner/v2m-6Jz9vw/jailhome TMPDIR=/private/var/folders/_5/zjnzxgh147qcg3bb5cg2wvqw0000gn/T/nub-tmp-obsFNVgSv NODE_COMPAT=1 PYTHONDONTWRITEBYTECODE=1 PLAYWRIGHT_BROWSERS_PATH=/Users/runner/.cache/nub/pm/tools/ms-playwright ELECTRON_CACHE=/Users/runner/.cache/nub/pm/tools/electron-cache electron_config_cache=/Users/runner/.cache/nub/pm/tools/electron-cache npm_config_prefix=/Users/runner/.cache/nub/pm/tools/npm-prefix PYTHON=/Users/runner/hostedtoolcache/Python/3.9.13/arm64/bin/python npm rebuild --no-audit --no-fund scrollmirror@1.2.0
     dtrace: error on enabled probe ID 128 (ID 286: syscall::execve:entry): invalid address (0x60000114c000) in action #1 at DIF offset 20
     + echo 0
  OBSERVE   rc=0 dtrace_rc=0 files=43 (pre=41) trace=11613 lines
  CLOSURE   3 packages evicted per arm   store=/Users/runner/.cache/nub/pm/store
  RAWLOG-FILE /Users/runner/v2m-6Jz9vw/Observe/trace.txt.gz
  RAWLOG-CAPTURE /Users/runner/v2m-6Jz9vw/Observe/capture.json
  RAWLOG-BYTES raw=2090128 gz=65832
  VENUE-INTERPRETER /Users/runner/hostedtoolcache/node/22.23.2/arm64
  VENUE-NODE-SELECTION {"pkg":"scrollmirror","packageVersion":"1.2.0","major":20,"version":"20.20.2","npm":"10.8.2","pinnable":true,"engines":null,"publishedAt":"2024-10-22T18:51:21.876Z","eraMajor":20,"startMajor":20,"raisedByEngines":false,"enginesUnsatisfiable":false,"clampedToFloor":false,"clampedToCeiling":false,"matrixFloor":4,"matrixCeiling":26,"lookupFailure":null,"pinned":true,"pinnedBin":"/Users/runner/.cache/nub/era-node/20.20.2/node-v20.20.2-darwin-arm64/bin","eraNodeRoot":"/Users/runner/.cache/nub"}
  VENUE-OVERRIDES {"set":{"PATH":"inherited-and-forwarded","HOME":"/Users/runner/v2m-6Jz9vw/jailhome","TMPDIR":"/private/var/folders/_5/zjnzxgh147qcg3bb5cg2wvqw0000gn/T/nub-tmp-obsFNVgSv","NODE_COMPAT":"1","PYTHONDONTWRITEBYTECODE":"1","PLAYWRIGHT_BROWSERS_PATH":"/Users/runner/.cache/nub/pm/tools/ms-playwright","ELECTRON_CACHE":"/Users/runner/.cache/nub/pm/tools/electron-cache","electron_config_cache":"/Users/runner/.cache/nub/pm/tools/electron-cache","npm_config_prefix":"/Users/runner/.cache/nub/pm/tools/npm-prefix"},"unset":["(sudo env_reset discards the caller environment; every var above is re-set after it)","CI","GITHUB_ACTIONS"],"passedThrough":{"CI":"true","GITHUB_ACTIONS":"true","NODE_ENV":null}}
  VENUE-OBSERVE-USER runner uid=501 (R7: ordinary non-root user, asserted)
  ARM-FALSIFIABILITY {"manifestFiles":26,"filesTheScriptProduced":0,"reasons":["gate-vacuous"]}
  ⛔ ARMS-UNFALSIFIABLE — the artifact gate carries no signal for this package:
       gate-vacuous: the script changed no file the artifact gate keys on — every file in the manifest (26) was already present at its final size before the script ran, so the gate passes in every arm including a completely broken one
       The EXIT CODE is still a live detector here, so a descent arm that actually
       FAILED is evidence. What is missing is the gate, not every signal — do not read
       a green arm as proof on its own, and do not read this note as "no evidence".
  EVENTLOG-FILE /Users/runner/v2m-6Jz9vw/Observe/events.ndjson.gz
  EVENTLOG-STATS {"lines":11614,"parsed":11596,"unparsed":0,"live":true,"tracerErrors":1,"tracerErrorTotal":1,"unresolvedDirfd":36,"unresolvedFd":0,"pairedTwoPath":0,"danglingPair":0,"failed":4157,"enoent":4149,"refusals":0,"byErrno":{"ENXIO":4,"ENOENT":4149,"EEXIST":4},"procs":6,"lifecyclePids":2,"distinctEvents":7124,"emitted":7124,"calls":11546,"bytes":1392109,"gzipBytes":36191,"out":"/Users/runner/v2m-6Jz9vw/Observe/events.ndjson"}
  == TRACER == live=true decodable-events=1999 dropped-events=1
    NOTE 24 relative path(s) under a non-AT_FDCWD dirfd were not
       scope-assigned: resolving them against the cwd would invent a path.
    ⛔ CWD-UNOBSERVED 2 relative path(s) (0 write(s)) came from a lifecycle
       process whose own cwd was never observed
       macOS spawns with posix_spawn addchdir_np, which changes directory in-kernel and
       emits no chdir syscall, so the inherited cwd cannot be trusted. These are NOT
       scope-assigned; the grant below is WIDENED instead so it covers wherever they landed.
         pid=22688 read  unproven .
         pid=22688 read  unproven .
    ⛔ THE TRACER DROPPED 1 EVENT(S). A dropped event is a path never
       seen, so the grant below can only be too NARROW — the direction that breaks installs.
       Treat it as a FLOOR, not a measurement, until the adapter fault is fixed:
             1 x  epid=128 action=1 fault=1 addr=0x60000114c000
  == ATTRIBUTION == lifecycle pids: 2
    writes  script 2  /  whole traced subtree 5
    sockets script 0  /  whole traced subtree 0
  == ROOTS (from /Users/runner/v2m-6Jz9vw/Observe/capture.json; the classifier reads no other source) ==
    project       /Users/runner/v2m-6Jz9vw/Observe
    home          /Users/runner
    jailHome      /Users/runner/v2m-6Jz9vw/jailhome
    globalStore   /Users/runner/.cache/nub/pm/store
    projectStore  /Users/runner/v2m-6Jz9vw/Observe/node_modules/.store
    interpreter   /Users/runner/hostedtoolcache/node/22.23.2/arm64
    toolsDir      /Users/runner/.cache/nub/pm/tools
    temp          /private/var/folders/_5/zjnzxgh147qcg3bb5cg2wvqw0000gn/T/nub-tmp-obsFNVgSv
    npmPrefix     /Users/runner/.cache/nub/pm/tools/npm-prefix
    ownPkg        /Users/runner/v2m-6Jz9vw/Observe/node_modules/scrollmirror
    cwd           (null — this platform has no such root)
  == WRITES the script actually performed ==
    systemfs      1
        /dev/dtracehelper
    jailHome      1  (base profile already grants this — NOT billed)
        /Users/runner/v2m-6Jz9vw/jailhome/.npm/_logs/2026-08-31T17_42_21_480Z-debug-0.log
  == READS the script performed, by scope ==
    outside       9
    systemfs     12
    userHome    723
    project       1
    jailHome      1
    ownPkg        1
    deps          4
        outside: /
        outside: /bin/bash
        outside: /bin
        outside: /usr/bin/env
        outside: /usr/bin
        outside: /var/db/timezone/icutz/icutz44l.dat
        outside: /etc/localtime
        outside: /var/db/timezone/zoneinfo/posixrules
        outside: /bin/sh
  == NETWORK ==
    AF_INET connects: 0   distinct peers: 0
  == REFUSALS (errno EPERM/EACCES/EROFS only; ENOENT is a miss, not a denial) ==
    distinct: 0
  == SYNTHESIZED GRANT (verify this in the real unprivileged jail) ==
    {}
  == writePaths (DERIVED — promotion out of the package's PRIVATE home) ==
    private-home writes observed: 1
    none declared — every write was a FILE at the top of the private home, or landed in a directory the TOOLCHAIN owns (see `writePathsDeny`) — an entry names a directory belonging to the PACKAGE, so there is nothing to name
  == writePaths FEASIBILITY (distinct writes outside project/deps) ==
    count: 0
  EVICT[synth] 0 store entries removed, 0 spared as nub tooling, 1860 in store
OSV-SCREEN {"schemaVersion":1,"kind":"nub-synth-resolved","status":"clean","digest":"c872669b0868b1752acff996738e1c3775b47a03efdd743267b402501adbd844","specCount":1,"lockfiles":{"digest":"329f456144cb71af417c703005b243a85da26c90ff2a2dc063fc035fb5f53f91","files":[{"path":"nub.lock","sha256":"0b747d33e2a62c752cb568bde34f9689a6d1dc1b45806d20edf56af9b9cacab5","bytes":394}]},"maliciousAdvisories":[],"screenedAt":"2026-08-31T17:42:08.170Z","cacheHit":true,"clearancePath":"/Users/runner/v2m-6Jz9vw/security/nub-synth-resolved.json"}
  SECURITY nub-synth-resolved clean: 1 exact package-version(s), tree c872669b0868 (cached exact-tree clearance)
  VENUE-STORE-LAYOUT isolated
  VERIFY[synth] rc=1 artifacts=26/26 missing=0 shortfall=none (tree 86/43) OVERRIDDEN=3 REJECTED=0 grant={}
     [synth/a] npm error code ENOTFOUND
     [synth/a] npm error errno ENOTFOUND
     [synth/a] npm error network request to https://registry.npmjs.org/only-allow failed, reason: getaddrinfo ENOTFOUND registry.npmjs.org
  !! OBSERVE UNDER-PREDICTED — the synthesized grant did NOT verify. This is the correctness
     finding: OBSERVE saw a run that the jail then refused on some axis it did not cover.
     The bounded ladder below is the repair; the terminal verdict waits on its outcome.
  DIAGNOSE  re-running the failing grant JAILED, under dtrace
     trace lines: 1619
     refused paths under the failing grant (count, path):
     ⇒ TREAT THIS AS A CANDIDATE SET, NOT AN ANSWER. On Linux the last refusal before a
       fatal exit was a trailing red herring once already; settle it with a
       single-variable arm per path plus a negative control granting all the others.
  synthesized grant did not verify — falling back to a bounded ladder
  EVICT[fb903772438] 1 store entries removed, 0 spared as nub tooling, 1861 in store
OSV-SCREEN {"schemaVersion":1,"kind":"nub-fb903772438-resolved","status":"clean","digest":"c872669b0868b1752acff996738e1c3775b47a03efdd743267b402501adbd844","specCount":1,"lockfiles":{"digest":"329f456144cb71af417c703005b243a85da26c90ff2a2dc063fc035fb5f53f91","files":[{"path":"nub.lock","sha256":"0b747d33e2a62c752cb568bde34f9689a6d1dc1b45806d20edf56af9b9cacab5","bytes":394}]},"maliciousAdvisories":[],"screenedAt":"2026-08-31T17:42:08.170Z","cacheHit":true,"clearancePath":"/Users/runner/v2m-6Jz9vw/security/nub-fb903772438-resolved.json"}
  SECURITY nub-fb903772438-resolved clean: 1 exact package-version(s), tree c872669b0868 (cached exact-tree clearance)
  VERIFY[fb903772438] rc=0 artifacts=26/26 missing=0 shortfall=none (tree 86/43) OVERRIDDEN=3 REJECTED=0 grant={"write":{"deps":true,"project":true,"userHome":true},"network":true}
  => MINIMUM {"write":{"deps":true,"project":true,"userHome":true},"network":true}   (ladder fallback; synthesized grant was insufficient)
  ⛔ OBSERVE UNDER-PREDICTED — the gap between {} and {"write":{"deps":true,"project":true,"userHome":true},"network":true} is worth reading
  EVICT[nar-no-network] 1 store entries removed, 0 spared as nub tooling, 1861 in store
OSV-SCREEN {"schemaVersion":1,"kind":"nub-nar-no-network-resolved","status":"clean","digest":"c872669b0868b1752acff996738e1c3775b47a03efdd743267b402501adbd844","specCount":1,"lockfiles":{"digest":"329f456144cb71af417c703005b243a85da26c90ff2a2dc063fc035fb5f53f91","files":[{"path":"nub.lock","sha256":"0b747d33e2a62c752cb568bde34f9689a6d1dc1b45806d20edf56af9b9cacab5","bytes":394}]},"maliciousAdvisories":[],"screenedAt":"2026-08-31T17:42:08.170Z","cacheHit":true,"clearancePath":"/Users/runner/v2m-6Jz9vw/security/nub-nar-no-network-resolved.json"}
  SECURITY nub-nar-no-network-resolved clean: 1 exact package-version(s), tree c872669b0868 (cached exact-tree clearance)
  VERIFY[nar-no-network] rc=1 artifacts=26/26 missing=0 shortfall=none (tree 86/43) OVERRIDDEN=3 REJECTED=0 grant={"write":{"deps":true,"project":true,"userHome":true}}
     [nar-no-network/a] npm error code ENOTFOUND
     [nar-no-network/a] npm error errno ENOTFOUND
     [nar-no-network/a] npm error network request to https://registry.npmjs.org/only-allow failed, reason: getaddrinfo ENOTFOUND registry.npmjs.org
     narrowing 'no-network' fails ⇒ that capability IS necessary
  EVICT[nar-no-write-deps] 1 store entries removed, 0 spared as nub tooling, 1861 in store
OSV-SCREEN {"schemaVersion":1,"kind":"nub-nar-no-write-deps-resolved","status":"clean","digest":"c872669b0868b1752acff996738e1c3775b47a03efdd743267b402501adbd844","specCount":1,"lockfiles":{"digest":"329f456144cb71af417c703005b243a85da26c90ff2a2dc063fc035fb5f53f91","files":[{"path":"nub.lock","sha256":"0b747d33e2a62c752cb568bde34f9689a6d1dc1b45806d20edf56af9b9cacab5","bytes":394}]},"maliciousAdvisories":[],"screenedAt":"2026-08-31T17:42:08.170Z","cacheHit":true,"clearancePath":"/Users/runner/v2m-6Jz9vw/security/nub-nar-no-write-deps-resolved.json"}
  SECURITY nub-nar-no-write-deps-resolved clean: 1 exact package-version(s), tree c872669b0868 (cached exact-tree clearance)
  VERIFY[nar-no-write-deps] rc=0 artifacts=26/26 missing=0 shortfall=none (tree 86/43) OVERRIDDEN=3 REJECTED=0 grant={"write":{"project":true,"userHome":true},"network":true}
     ⛔ OVER-PREDICTED — the strictly narrower {"write":{"project":true,"userHome":true},"network":true} also verifies; 'no-write-deps' was not needed
  EVICT[nar-no-write-project] 1 store entries removed, 0 spared as nub tooling, 1861 in store
OSV-SCREEN {"schemaVersion":1,"kind":"nub-nar-no-write-project-resolved","status":"clean","digest":"c872669b0868b1752acff996738e1c3775b47a03efdd743267b402501adbd844","specCount":1,"lockfiles":{"digest":"329f456144cb71af417c703005b243a85da26c90ff2a2dc063fc035fb5f53f91","files":[{"path":"nub.lock","sha256":"0b747d33e2a62c752cb568bde34f9689a6d1dc1b45806d20edf56af9b9cacab5","bytes":394}]},"maliciousAdvisories":[],"screenedAt":"2026-08-31T17:42:08.170Z","cacheHit":true,"clearancePath":"/Users/runner/v2m-6Jz9vw/security/nub-nar-no-write-project-resolved.json"}
  SECURITY nub-nar-no-write-project-resolved clean: 1 exact package-version(s), tree c872669b0868 (cached exact-tree clearance)
  VERIFY[nar-no-write-project] rc=0 artifacts=26/26 missing=0 shortfall=none (tree 86/43) OVERRIDDEN=3 REJECTED=0 grant={"write":{"deps":true,"userHome":true},"network":true}
     ⛔ OVER-PREDICTED — the strictly narrower {"write":{"deps":true,"userHome":true},"network":true} also verifies; 'no-write-project' was not needed
  EVICT[nar-no-write-userHome] 1 store entries removed, 0 spared as nub tooling, 1861 in store
OSV-SCREEN {"schemaVersion":1,"kind":"nub-nar-no-write-userHome-resolved","status":"clean","digest":"c872669b0868b1752acff996738e1c3775b47a03efdd743267b402501adbd844","specCount":1,"lockfiles":{"digest":"329f456144cb71af417c703005b243a85da26c90ff2a2dc063fc035fb5f53f91","files":[{"path":"nub.lock","sha256":"0b747d33e2a62c752cb568bde34f9689a6d1dc1b45806d20edf56af9b9cacab5","bytes":394}]},"maliciousAdvisories":[],"screenedAt":"2026-08-31T17:42:08.170Z","cacheHit":true,"clearancePath":"/Users/runner/v2m-6Jz9vw/security/nub-nar-no-write-userHome-resolved.json"}
  SECURITY nub-nar-no-write-userHome-resolved clean: 1 exact package-version(s), tree c872669b0868 (cached exact-tree clearance)
  VERIFY[nar-no-write-userHome] rc=0 artifacts=26/26 missing=0 shortfall=none (tree 86/43) OVERRIDDEN=3 REJECTED=0 grant={"write":{"deps":true,"project":true},"network":true}
     ⛔ OVER-PREDICTED — the strictly narrower {"write":{"deps":true,"project":true},"network":true} also verifies; 'no-write-userHome' was not needed
  EVICT[joint-narrow] 1 store entries removed, 0 spared as nub tooling, 1861 in store
OSV-SCREEN {"schemaVersion":1,"kind":"nub-joint-narrow-resolved","status":"clean","digest":"c872669b0868b1752acff996738e1c3775b47a03efdd743267b402501adbd844","specCount":1,"lockfiles":{"digest":"329f456144cb71af417c703005b243a85da26c90ff2a2dc063fc035fb5f53f91","files":[{"path":"nub.lock","sha256":"0b747d33e2a62c752cb568bde34f9689a6d1dc1b45806d20edf56af9b9cacab5","bytes":394}]},"maliciousAdvisories":[],"screenedAt":"2026-08-31T17:42:08.170Z","cacheHit":true,"clearancePath":"/Users/runner/v2m-6Jz9vw/security/nub-joint-narrow-resolved.json"}
  SECURITY nub-joint-narrow-resolved clean: 1 exact package-version(s), tree c872669b0868 (cached exact-tree clearance)
  VERIFY[joint-narrow] rc=0 artifacts=26/26 missing=0 shortfall=none (tree 86/43) OVERRIDDEN=3 REJECTED=0 grant={"network":true}
  => JOINT-NARROW VERIFIED {"network":true} — all 3 capabilities drop TOGETHER, measured
