### saucectl@0.202.0   (D:\jail\m-saucectl-mts5kokm)
  CI-ENV scrubbed: CI GITHUB_ACTIONS
OSV-SCREEN {"schemaVersion":1,"kind":"direct","status":"clean","digest":"6a8c51aa6ba5383c0d8abc4f258aec53a3447a403d378501976c25de1324f10b","specCount":1,"lockfiles":{"digest":null,"files":[]},"maliciousAdvisories":[],"screenedAt":"2026-09-08T04:11:54.060Z","cacheHit":false,"clearancePath":"D:\\jail\\m-saucectl-mts5kokm\\security\\direct.json"}
  SECURITY direct clean: 1 exact package-version(s), tree 6a8c51aa6ba5
OSV-SCREEN {"schemaVersion":1,"kind":"npm-observe-resolved","status":"clean","digest":"bc574849a0045d87afe069b089c2743eab463384be8c4b7e5f115012b1d065b5","specCount":44,"lockfiles":{"digest":"084531ba76a0743a86be355a2b33490bd3da32ae60824f70483032106481e200","files":[{"path":"package-lock.json","sha256":"82ac81021ebed36dad3265e069f8d91facb5433ff7d7a973fb73d28aaec834be","bytes":19402}]},"maliciousAdvisories":[],"screenedAt":"2026-09-08T04:11:57.011Z","cacheHit":false,"clearancePath":"D:\\jail\\m-saucectl-mts5kokm\\security\\npm-observe-resolved.json"}
  SECURITY npm-observe-resolved clean: 44 exact package-version(s), tree bc574849a004
  CAPTURE user=runnervmeef0v\runneradmin elevated=True rootPid=8364 exit=0 events=35954 lost=0
  VENUE-OBSERVE-USER runnervmeef0v\runneradmin elevated=true privDropped={"SeBackupPrivilege":"removed","SeRestorePrivilege":"removed","SeTakeOwnershipPrivilege":"removed"}
  OBSERVE artifacts: 8 files  (D:\jail\m-saucectl-mts5kokm\observe\node_modules\saucectl)
  ARM-FALSIFIABILITY {"manifestFiles":8,"filesTheScriptProduced":1,"reasons":[]}
  CLOSURE 42 packages evicted per arm
  8.3 MAP 0 components resolved on runnervmeef0v, folded into capture.json
  == ROOTS (from capture.json — R2: no ambient reads) ==
    project       D:\jail\m-saucectl-mts5kokm\observe   [keyed on]
    home          C:\Users\runneradmin   [keyed on]
    jailHome      (null — declared inapplicable)
    globalStore   C:\Users\runneradmin\AppData\Local\nub\pm\store
    projectStore  D:\jail\m-saucectl-mts5kokm\observe\node_modules\.store
    interpreter   C:\hostedtoolcache\windows\node\22.23.2\x64\node.exe
    toolsDir      C:\Users\runneradmin\AppData\Local\nub\pm\tools
    temp          D:\jail\m-saucectl-mts5kokm\tmp   [keyed on]
    npmPrefix     (null — declared inapplicable)
    ownPkg        D:\jail\m-saucectl-mts5kokm\observe\node_modules\saucectl
  == ATTRIBUTION == lifecycle pids: 3 (root 8364)
    writes  script 2  /  whole traced tree 12
    peers   script 2  /  whole traced tree 2
  == WRITES ==
    deps          2
  == READS ==
    deps        148
    outside       6
    project       1
    systemfs     34
  == NETWORK ==
    distinct peers: 2
        140.82.116.3:443
        185.199.108.133:443
  == REFUSALS (adapter-classified) ==
    distinct: 0
  == SYNTHESIZED GRANT (verify this in the real unprivileged jail) ==
    {"write":{"deps":true},"network":true}
  RAW       etw-raw.xml.gz  45918680 B xml -> 683497 B gz (67.2x)  sha256 f6e2619319e88070…
  HEADER    etw-header.json (5060 bytes)
  DERIVED   5986 distinct from 9225 kept ops (35954 xml events, 4663 out of subtree)
  PROCS     5   thread-reattributed 0
  ⛔ 1 operations with NO OperationEnd — kept, status marked unknown
  ⛔ 1 handle ops whose path no table could supply
  8.3       0 expanded, 0 kept short, 0 not covered  [map: recorded 8.3 map (0 components, resolved on runnervmeef0v)]
  wrote events.ndjson.gz (74159 bytes)
  RAWLOG-CAPTURE D:\jail\m-saucectl-mts5kokm\cap\capture.json
  VENUE-NUB-BINARY {"path":"C:/Users/RUNNER~1/AppData/Local/Temp/nub/target/release/nub.exe","sha256":"f186817a44be332fee712b4936a071a0b5f9cde18a1d2fdc3a791729d4bf1005","bytes":68717056,"features":{"buildJailCatalogOverride":true,"pythonDontWriteBytecodeEnv":true}}
  VENUE-INTERPRETER C:\hostedtoolcache\windows\node\22.23.2\x64\node.exe
  VENUE-JAIL-ROOT D:\jail\m-saucectl-mts5kokm
  VENUE-OVERRIDES {"set":{"npm_config_cache":"D:\\jail\\m-saucectl-mts5kokm\\npm-cache","TMP":"D:\\jail\\m-saucectl-mts5kokm\\tmp","TEMP":"D:\\jail\\m-saucectl-mts5kokm\\tmp","TMPDIR":"D:\\jail\\m-saucectl-mts5kokm\\tmp"},"unset":["CI","GITHUB_ACTIONS"],"notRedirected":{"USERPROFILE":"C:\\Users\\runneradmin","why":"the jail leaves HOME/USERPROFILE alone — `build_jail.rs` sandbox_homes() reads the ambient value and `compiler/defaults.rs` BASELINE_ENV_EXACT passes it through — so there is no private jail home to reproduce and redirecting one would measure an environment no confined script sees"},"passedThrough":{"CI":"true","GITHUB_ACTIONS":"true","NODE_ENV":null}}
  STORE   isolated virtual store at D:\jail\m-saucectl-mts5kokm\verify-synth\.cache
  VENUE-STORE-LAYOUT isolated
OSV-SCREEN {"schemaVersion":1,"kind":"nub-synth-resolved","status":"clean","digest":"bc574849a0045d87afe069b089c2743eab463384be8c4b7e5f115012b1d065b5","specCount":44,"lockfiles":{"digest":"3cb40bf2d061c1eed5c6a972aac0b9e7a6d82c75a4c10404a7303b8f685244ba","files":[{"path":"nub.lock","sha256":"c6096d0293660a8eade3a6d063e155a07db706fe5bf6afcf690bc8e1cadca388","bytes":12723}]},"maliciousAdvisories":[],"screenedAt":"2026-09-08T04:11:57.011Z","cacheHit":true,"clearancePath":"D:\\jail\\m-saucectl-mts5kokm\\security\\nub-synth-resolved.json"}
  SECURITY nub-synth-resolved clean: 44 exact package-version(s), tree bc574849a004 (cached exact-tree clearance)
  VERIFY[synth] rc=0 artifacts=8/8 missing=0 shortfall=none (tree 6481/634) OVERRIDDEN=2 REJECTED=0 grant={"write":{"deps":true},"network":true}
  => MINIMUM {"write":{"deps":true},"network":true}   (observed, then verified)
  STORE   isolated virtual store at D:\jail\m-saucectl-mts5kokm\verify-nar-no-network\.cache
OSV-SCREEN {"schemaVersion":1,"kind":"nub-nar-no-network-resolved","status":"clean","digest":"bc574849a0045d87afe069b089c2743eab463384be8c4b7e5f115012b1d065b5","specCount":44,"lockfiles":{"digest":"3cb40bf2d061c1eed5c6a972aac0b9e7a6d82c75a4c10404a7303b8f685244ba","files":[{"path":"nub.lock","sha256":"c6096d0293660a8eade3a6d063e155a07db706fe5bf6afcf690bc8e1cadca388","bytes":12723}]},"maliciousAdvisories":[],"screenedAt":"2026-09-08T04:11:57.011Z","cacheHit":true,"clearancePath":"D:\\jail\\m-saucectl-mts5kokm\\security\\nub-nar-no-network-resolved.json"}
  SECURITY nub-nar-no-network-resolved clean: 44 exact package-version(s), tree bc574849a004 (cached exact-tree clearance)
  VERIFY[nar-no-network] rc=1 artifacts=7/8 missing=1 shortfall=7b125f15df9d (tree 6481/634) OVERRIDDEN=2 REJECTED=0 grant={"write":{"deps":true}}
     missing artifacts: bin/saucectl.exe
     'no-network' is NECESSARY — dropping it fails to verify
  STORE   isolated virtual store at D:\jail\m-saucectl-mts5kokm\verify-nar-no-write-deps\.cache
OSV-SCREEN {"schemaVersion":1,"kind":"nub-nar-no-write-deps-resolved","status":"clean","digest":"bc574849a0045d87afe069b089c2743eab463384be8c4b7e5f115012b1d065b5","specCount":44,"lockfiles":{"digest":"3cb40bf2d061c1eed5c6a972aac0b9e7a6d82c75a4c10404a7303b8f685244ba","files":[{"path":"nub.lock","sha256":"c6096d0293660a8eade3a6d063e155a07db706fe5bf6afcf690bc8e1cadca388","bytes":12723}]},"maliciousAdvisories":[],"screenedAt":"2026-09-08T04:11:57.011Z","cacheHit":true,"clearancePath":"D:\\jail\\m-saucectl-mts5kokm\\security\\nub-nar-no-write-deps-resolved.json"}
  SECURITY nub-nar-no-write-deps-resolved clean: 44 exact package-version(s), tree bc574849a004 (cached exact-tree clearance)
  VERIFY[nar-no-write-deps] rc=0 artifacts=8/8 missing=0 shortfall=none (tree 6481/634) OVERRIDDEN=2 REJECTED=0 grant={"network":true}
     ⛔ OVER-PREDICTED — the strictly narrower {"network":true} also verifies; 'no-write-deps' was not needed
