### spectron@10.0.1   (D:\jail\m-spectron-mtrw8dyb)
  CI-ENV scrubbed: CI GITHUB_ACTIONS
OSV-SCREEN {"schemaVersion":1,"kind":"direct","status":"clean","digest":"09731a081ff8a32ef6863a59c8626e1a7c530efb00e134aa888aa7cd310410f1","specCount":1,"lockfiles":{"digest":null,"files":[]},"maliciousAdvisories":[],"screenedAt":"2026-09-07T23:50:23.934Z","cacheHit":false,"clearancePath":"D:\\jail\\m-spectron-mtrw8dyb\\security\\direct.json"}
  SECURITY direct clean: 1 exact package-version(s), tree 09731a081ff8
OSV-SCREEN {"schemaVersion":1,"kind":"npm-observe-resolved","status":"clean","digest":"95fa40188e5b6f950e7e0e9ec3951fe195810a82a275e790850d16d0e2b0ff19","specCount":234,"lockfiles":{"digest":"fe0cf96e81ba0cf1d010febf7b3dd525558eb68d9fbfd4b985951dd12ece65ba","files":[{"path":"package-lock.json","sha256":"a70086354e3f20933d18cfc13cc41a62160af52f01dc7b56a41736b80759b298","bytes":97158}]},"maliciousAdvisories":[],"screenedAt":"2026-09-07T23:50:33.822Z","cacheHit":false,"clearancePath":"D:\\jail\\m-spectron-mtrw8dyb\\security\\npm-observe-resolved.json"}
  SECURITY npm-observe-resolved clean: 234 exact package-version(s), tree 95fa40188e5b
  CAPTURE user=runnervmeef0v\runneradmin elevated=True rootPid=7268 exit=0 events=21884 lost=0
  VENUE-OBSERVE-USER runnervmeef0v\runneradmin elevated=true privDropped={"SeBackupPrivilege":"removed","SeRestorePrivilege":"removed","SeTakeOwnershipPrivilege":"removed"}
  OBSERVE artifacts: 15 files  (D:\jail\m-spectron-mtrw8dyb\observe\node_modules\spectron)
  ARM-FALSIFIABILITY {"manifestFiles":15,"filesTheScriptProduced":0,"reasons":["gate-vacuous"]}
  ⛔ ARMS-UNFALSIFIABLE — a green arm for this package carries no evidence:
       gate-vacuous: the script changed no file the artifact gate keys on — every file in the manifest (15) was already present at its final size before the script ran, so the gate passes in every arm including a completely broken one
       The grant may still be correct; what is missing is a signal that could have gone
       red. Do not read this record's MINIMAL as a passing measurement.
  CLOSURE 215 packages evicted per arm
  8.3 MAP 0 components resolved on runnervmeef0v, folded into capture.json
  == ROOTS (from capture.json — R2: no ambient reads) ==
    project       D:\jail\m-spectron-mtrw8dyb\observe   [keyed on]
    home          C:\Users\runneradmin   [keyed on]
    jailHome      (null — declared inapplicable)
    globalStore   C:\Users\runneradmin\AppData\Local\nub\pm\store
    projectStore  D:\jail\m-spectron-mtrw8dyb\observe\node_modules\.store
    interpreter   C:\hostedtoolcache\windows\node\22.23.2\x64\node.exe
    toolsDir      C:\Users\runneradmin\AppData\Local\nub\pm\tools
    temp          D:\jail\m-spectron-mtrw8dyb\tmp   [keyed on]
    npmPrefix     (null — declared inapplicable)
    ownPkg        D:\jail\m-spectron-mtrw8dyb\observe\node_modules\spectron
  == ATTRIBUTION == lifecycle pids: 2 (root 7268)
    writes  script 0  /  whole traced tree 7
    peers   script 0  /  whole traced tree 0
  == WRITES ==
  == READS ==
    deps          5
    outside       6
    project       1
    systemfs     23
  == NETWORK ==
    distinct peers: 0
  == REFUSALS (adapter-classified) ==
    distinct: 0
  == SYNTHESIZED GRANT (verify this in the real unprivileged jail) ==
    {}
  RAW       etw-raw.xml.gz  27929810 B xml -> 405901 B gz (68.8x)  sha256 8c65d0a43d6dfa74…
  HEADER    etw-header.json (5057 bytes)
  DERIVED   5495 distinct from 6646 kept ops (21884 xml events, 1628 out of subtree)
  PROCS     4   thread-reattributed 0
  8.3       0 expanded, 0 kept short, 0 not covered  [map: recorded 8.3 map (0 components, resolved on runnervmeef0v)]
  wrote events.ndjson.gz (69490 bytes)
  RAWLOG-CAPTURE D:\jail\m-spectron-mtrw8dyb\cap\capture.json
  VENUE-NUB-BINARY {"path":"C:/Users/RUNNER~1/AppData/Local/Temp/nub/target/release/nub.exe","sha256":"f186817a44be332fee712b4936a071a0b5f9cde18a1d2fdc3a791729d4bf1005","bytes":68717056,"features":{"buildJailCatalogOverride":true,"pythonDontWriteBytecodeEnv":true}}
  VENUE-INTERPRETER C:\hostedtoolcache\windows\node\22.23.2\x64\node.exe
  VENUE-JAIL-ROOT D:\jail\m-spectron-mtrw8dyb
  VENUE-OVERRIDES {"set":{"npm_config_cache":"D:\\jail\\m-spectron-mtrw8dyb\\npm-cache","TMP":"D:\\jail\\m-spectron-mtrw8dyb\\tmp","TEMP":"D:\\jail\\m-spectron-mtrw8dyb\\tmp","TMPDIR":"D:\\jail\\m-spectron-mtrw8dyb\\tmp"},"unset":["CI","GITHUB_ACTIONS"],"notRedirected":{"USERPROFILE":"C:\\Users\\runneradmin","why":"the jail leaves HOME/USERPROFILE alone — `build_jail.rs` sandbox_homes() reads the ambient value and `compiler/defaults.rs` BASELINE_ENV_EXACT passes it through — so there is no private jail home to reproduce and redirecting one would measure an environment no confined script sees"},"passedThrough":{"CI":"true","GITHUB_ACTIONS":"true","NODE_ENV":null}}
  scaffold: 2 dependency package(s) with lifecycle scripts granted a fixed wide grant
  STORE   isolated virtual store at D:\jail\m-spectron-mtrw8dyb\verify-synth\.cache
  VENUE-STORE-LAYOUT isolated
OSV-SCREEN {"schemaVersion":1,"kind":"nub-synth-resolved","status":"clean","digest":"4f4faae6095c1cebb17dcd24b6e0f3604bfb22e813ba3fe3729c786830e8e472","specCount":234,"lockfiles":{"digest":"f383ff30fdef166503b60a36161b1f8cf668717e7df95c408e225eec4d112b96","files":[{"path":"nub.lock","sha256":"806a05ea4b8e8ad4a9f7dab6609af3d30870a6204b40a76522e9f705b19114c6","bytes":56410}]},"maliciousAdvisories":[],"screenedAt":"2026-09-07T23:50:48.327Z","cacheHit":false,"clearancePath":"D:\\jail\\m-spectron-mtrw8dyb\\security\\nub-synth-resolved.json"}
  SECURITY nub-synth-resolved clean: 234 exact package-version(s), tree 4f4faae6095c
  VERIFY[synth] rc=0 artifacts=15/15 missing=0 shortfall=none (tree 14757/5817) OVERRIDDEN=2 REJECTED=0 grant={}
  => MINIMUM {}   (observed, then verified)
  DESCEND   grant is already empty — nothing to narrow; MINIMAL by construction.
