### swiper@6.8.4   (D:\jail\m-swiper-mtrkzh6z)
  CI-ENV scrubbed: CI GITHUB_ACTIONS
OSV-SCREEN {"schemaVersion":1,"kind":"direct","status":"clean","digest":"6d0049f8a7ed70dc3782143e8f88e1ec40c3c0bcfa92530c3202b6df46008659","specCount":1,"lockfiles":{"digest":null,"files":[]},"maliciousAdvisories":[],"screenedAt":"2026-09-07T18:35:32.542Z","cacheHit":false,"clearancePath":"D:\\jail\\m-swiper-mtrkzh6z\\security\\direct.json"}
  SECURITY direct clean: 1 exact package-version(s), tree 6d0049f8a7ed
OSV-SCREEN {"schemaVersion":1,"kind":"npm-observe-resolved","status":"clean","digest":"118070c17967ec378b18fb3c3c95342dff75504c6112674afe499df15e3e6e34","specCount":3,"lockfiles":{"digest":"02cca8f025498af669413874897a54b06d0e056836e9314984610af1208e54ea","files":[{"path":"package-lock.json","sha256":"562a426c2c86c851fea7b4b82a8e121ecfbc0420f53dca22df460a84efcc5645","bytes":1561}]},"maliciousAdvisories":[],"screenedAt":"2026-09-07T18:35:34.851Z","cacheHit":false,"clearancePath":"D:\\jail\\m-swiper-mtrkzh6z\\security\\npm-observe-resolved.json"}
  SECURITY npm-observe-resolved clean: 3 exact package-version(s), tree 118070c17967
  CAPTURE user=runnervmeef0v\runneradmin elevated=True rootPid=2944 exit=0 events=42784 lost=0
  VENUE-OBSERVE-USER runnervmeef0v\runneradmin elevated=true privDropped={"SeBackupPrivilege":"removed","SeRestorePrivilege":"removed","SeTakeOwnershipPrivilege":"removed"}
  OBSERVE artifacts: 388 files  (D:\jail\m-swiper-mtrkzh6z\observe\node_modules\swiper)
  ARM-FALSIFIABILITY {"manifestFiles":388,"filesTheScriptProduced":0,"reasons":["gate-vacuous"]}
  ⛔ ARMS-UNFALSIFIABLE — a green arm for this package carries no evidence:
       gate-vacuous: the script changed no file the artifact gate keys on — every file in the manifest (388) was already present at its final size before the script ran, so the gate passes in every arm including a completely broken one
       The grant may still be correct; what is missing is a signal that could have gone
       red. Do not read this record's MINIMAL as a passing measurement.
  CLOSURE 3 packages evicted per arm
  8.3 MAP 0 components resolved on runnervmeef0v, folded into capture.json
  == ROOTS (from capture.json — R2: no ambient reads) ==
    project       D:\jail\m-swiper-mtrkzh6z\observe   [keyed on]
    home          C:\Users\runneradmin   [keyed on]
    jailHome      (null — declared inapplicable)
    globalStore   C:\Users\runneradmin\AppData\Local\nub\pm\store
    projectStore  D:\jail\m-swiper-mtrkzh6z\observe\node_modules\.store
    interpreter   C:\hostedtoolcache\windows\node\22.23.2\x64\node.exe
    toolsDir      C:\Users\runneradmin\AppData\Local\nub\pm\tools
    temp          D:\jail\m-swiper-mtrkzh6z\tmp   [keyed on]
    npmPrefix     (null — declared inapplicable)
    ownPkg        D:\jail\m-swiper-mtrkzh6z\observe\node_modules\swiper
  == ATTRIBUTION == lifecycle pids: 2 (root 2944)
    writes  script 0  /  whole traced tree 7
    peers   script 0  /  whole traced tree 0
  == WRITES ==
  == READS ==
    deps          4
    outside       6
    project       1
    systemfs     23
  == NETWORK ==
    distinct peers: 0
  == REFUSALS (adapter-classified) ==
    distinct: 0
  == SYNTHESIZED GRANT (verify this in the real unprivileged jail) ==
    {}
  RAW       etw-raw.xml.gz  54570710 B xml -> 781041 B gz (69.9x)  sha256 3b2d451b652438e0…
  HEADER    etw-header.json (5041 bytes)
  DERIVED   5217 distinct from 6366 kept ops (42784 xml events, 9981 out of subtree)
  PROCS     4   thread-reattributed 0
  8.3       0 expanded, 0 kept short, 0 not covered  [map: recorded 8.3 map (0 components, resolved on runnervmeef0v)]
  wrote events.ndjson.gz (65672 bytes)
  RAWLOG-CAPTURE D:\jail\m-swiper-mtrkzh6z\cap\capture.json
  VENUE-NUB-BINARY {"path":"C:/Users/RUNNER~1/AppData/Local/Temp/nub/target/release/nub.exe","sha256":"f186817a44be332fee712b4936a071a0b5f9cde18a1d2fdc3a791729d4bf1005","bytes":68717056,"features":{"buildJailCatalogOverride":true,"pythonDontWriteBytecodeEnv":true}}
  VENUE-INTERPRETER C:\hostedtoolcache\windows\node\22.23.2\x64\node.exe
  VENUE-JAIL-ROOT D:\jail\m-swiper-mtrkzh6z
  VENUE-OVERRIDES {"set":{"npm_config_cache":"D:\\jail\\m-swiper-mtrkzh6z\\npm-cache","TMP":"D:\\jail\\m-swiper-mtrkzh6z\\tmp","TEMP":"D:\\jail\\m-swiper-mtrkzh6z\\tmp","TMPDIR":"D:\\jail\\m-swiper-mtrkzh6z\\tmp"},"unset":["CI","GITHUB_ACTIONS"],"notRedirected":{"USERPROFILE":"C:\\Users\\runneradmin","why":"the jail leaves HOME/USERPROFILE alone — `build_jail.rs` sandbox_homes() reads the ambient value and `compiler/defaults.rs` BASELINE_ENV_EXACT passes it through — so there is no private jail home to reproduce and redirecting one would measure an environment no confined script sees"},"passedThrough":{"CI":"true","GITHUB_ACTIONS":"true","NODE_ENV":null}}
  STORE   isolated virtual store at D:\jail\m-swiper-mtrkzh6z\verify-synth\.cache
  VENUE-STORE-LAYOUT isolated
OSV-SCREEN {"schemaVersion":1,"kind":"nub-synth-resolved","status":"clean","digest":"118070c17967ec378b18fb3c3c95342dff75504c6112674afe499df15e3e6e34","specCount":3,"lockfiles":{"digest":"015808bb629e461905191db6fa08efd1f3ffa8ace08d20e2922974c2111bbd25","files":[{"path":"nub.lock","sha256":"e2a6a8e6be416096790a228c5f34209d172e510928f63801111dd88705201234","bytes":832}]},"maliciousAdvisories":[],"screenedAt":"2026-09-07T18:35:34.851Z","cacheHit":true,"clearancePath":"D:\\jail\\m-swiper-mtrkzh6z\\security\\nub-synth-resolved.json"}
  SECURITY nub-synth-resolved clean: 3 exact package-version(s), tree 118070c17967 (cached exact-tree clearance)
  VERIFY[synth] rc=0 artifacts=388/388 missing=0 shortfall=none (tree 6457/413) OVERRIDDEN=2 REJECTED=0 grant={}
  => MINIMUM {}   (observed, then verified)
  DESCEND   grant is already empty — nothing to narrow; MINIMAL by construction.
