### appium-uiautomator2-driver@0.7.7   (D:\jail\m-appiumuiautomator2driver-mtrm0bvl)
  CI-ENV scrubbed: CI GITHUB_ACTIONS
OSV-SCREEN {"schemaVersion":1,"kind":"direct","status":"clean","digest":"358c96a2b6abcb2d99baac1e7df2d9380747020bb874d833f1871e5b2000f06e","specCount":1,"lockfiles":{"digest":null,"files":[]},"maliciousAdvisories":[],"screenedAt":"2026-09-07T19:04:11.825Z","cacheHit":false,"clearancePath":"D:\\jail\\m-appiumuiautomator2driver-mtrm0bvl\\security\\direct.json"}
  SECURITY direct clean: 1 exact package-version(s), tree 358c96a2b6ab
OSV-SCREEN {"schemaVersion":1,"kind":"npm-observe-resolved","status":"clean","digest":"4b4bbef700b46b92c827fa8f83433cf3c5234f4e50263b1158394ab847ba1654","specCount":460,"lockfiles":{"digest":"4ef99f0c768023b92df737ae60d91bbda490fb1769f6e87baa61c15300cb7b76","files":[{"path":"package-lock.json","sha256":"fb418f9a6632cd0cccfbf05c7ed2282ef8bd5eb23c123cd0f44dcefe6a479072","bytes":213109}]},"maliciousAdvisories":[],"screenedAt":"2026-09-07T19:04:33.145Z","cacheHit":false,"clearancePath":"D:\\jail\\m-appiumuiautomator2driver-mtrm0bvl\\security\\npm-observe-resolved.json"}
  SECURITY npm-observe-resolved clean: 460 exact package-version(s), tree 4b4bbef700b4
  CAPTURE user=runnervmeef0v\runneradmin elevated=True rootPid=9088 exit=0 events=52348 lost=0
  VENUE-OBSERVE-USER runnervmeef0v\runneradmin elevated=true privDropped={"SeBackupPrivilege":"removed","SeRestorePrivilege":"removed","SeTakeOwnershipPrivilege":"removed"}
  OBSERVE artifacts: 115 files  (D:\jail\m-appiumuiautomator2driver-mtrm0bvl\observe\node_modules\appium-uiautomator2-driver)
  ARM-FALSIFIABILITY {"manifestFiles":114,"filesTheScriptProduced":2,"reasons":[]}
  CLOSURE 388 packages evicted per arm
  8.3 MAP 0 components resolved on runnervmeef0v, folded into capture.json
  == ROOTS (from capture.json — R2: no ambient reads) ==
    project       D:\jail\m-appiumuiautomator2driver-mtrm0bvl\observe   [keyed on]
    home          C:\Users\runneradmin   [keyed on]
    jailHome      (null — declared inapplicable)
    globalStore   C:\Users\runneradmin\AppData\Local\nub\pm\store
    projectStore  D:\jail\m-appiumuiautomator2driver-mtrm0bvl\observe\node_modules\.store
    interpreter   C:\hostedtoolcache\windows\node\22.23.2\x64\node.exe
    toolsDir      C:\Users\runneradmin\AppData\Local\nub\pm\tools
    temp          D:\jail\m-appiumuiautomator2driver-mtrm0bvl\tmp   [keyed on]
    npmPrefix     (null — declared inapplicable)
    ownPkg        D:\jail\m-appiumuiautomator2driver-mtrm0bvl\observe\node_modules\appium-uiautomator2-driver
  == ATTRIBUTION == lifecycle pids: 3 (root 9088)
    writes  script 6  /  whole traced tree 13
    peers   script 2  /  whole traced tree 2
  == WRITES ==
    jailTmp       3
    deps          3
  == READS ==
    deps       1866
    outside      25
    project       1
    systemfs     41
    jailTmp       1
  == NETWORK ==
    distinct peers: 2
        140.82.114.3:443
        185.199.109.133:443
  == REFUSALS (adapter-classified) ==
    distinct: 0
  == SYNTHESIZED GRANT (verify this in the real unprivileged jail) ==
    {"write":{"deps":true},"network":true}
    NOTE 3 writes into the DECLARED private temp -- the base profile grants
         that directory unconditionally (preset.rs `$tmp`=rw), so they widen nothing.
  RAW       etw-raw.xml.gz  67240131 B xml -> 960484 B gz (70.0x)  sha256 a2a7bd9621b318e0…
  HEADER    etw-header.json (5193 bytes)
  DERIVED   13873 distinct from 18582 kept ops (52348 xml events, 1751 out of subtree)
  PROCS     5   thread-reattributed 0
  ⛔ 1 handle ops whose path no table could supply
  8.3       0 expanded, 0 kept short, 0 not covered  [map: recorded 8.3 map (0 components, resolved on runnervmeef0v)]
  wrote events.ndjson.gz (171159 bytes)
  RAWLOG-CAPTURE D:\jail\m-appiumuiautomator2driver-mtrm0bvl\cap\capture.json
  VENUE-NUB-BINARY {"path":"C:/Users/RUNNER~1/AppData/Local/Temp/nub/target/release/nub.exe","sha256":"f186817a44be332fee712b4936a071a0b5f9cde18a1d2fdc3a791729d4bf1005","bytes":68717056,"features":{"buildJailCatalogOverride":true,"pythonDontWriteBytecodeEnv":true}}
  VENUE-INTERPRETER C:\hostedtoolcache\windows\node\22.23.2\x64\node.exe
  VENUE-JAIL-ROOT D:\jail\m-appiumuiautomator2driver-mtrm0bvl
  VENUE-OVERRIDES {"set":{"npm_config_cache":"D:\\jail\\m-appiumuiautomator2driver-mtrm0bvl\\npm-cache","TMP":"D:\\jail\\m-appiumuiautomator2driver-mtrm0bvl\\tmp","TEMP":"D:\\jail\\m-appiumuiautomator2driver-mtrm0bvl\\tmp","TMPDIR":"D:\\jail\\m-appiumuiautomator2driver-mtrm0bvl\\tmp"},"unset":["CI","GITHUB_ACTIONS"],"notRedirected":{"USERPROFILE":"C:\\Users\\runneradmin","why":"the jail leaves HOME/USERPROFILE alone — `build_jail.rs` sandbox_homes() reads the ambient value and `compiler/defaults.rs` BASELINE_ENV_EXACT passes it through — so there is no private jail home to reproduce and redirecting one would measure an environment no confined script sees"},"passedThrough":{"CI":"true","GITHUB_ACTIONS":"true","NODE_ENV":null}}
  scaffold: 1 dependency package(s) with lifecycle scripts granted a fixed wide grant
  STORE   isolated virtual store at D:\jail\m-appiumuiautomator2driver-mtrm0bvl\verify-synth\.cache
  VENUE-STORE-LAYOUT isolated
OSV-SCREEN {"schemaVersion":1,"kind":"nub-synth-resolved","status":"clean","digest":"5e40f60a9ca934fa72f0c50a9b5797b2e3a5ccee2b90eae19454f5e603fc1d24","specCount":459,"lockfiles":{"digest":"1f723255a04c16e201935c21cd324d8206ee927dc63ebb27ad245192a1002d47","files":[{"path":"nub.lock","sha256":"106dc17cb6a86c062262be71a68c80165a90a75cc7b43feb31c99268ec92ad2d","bytes":114908}]},"maliciousAdvisories":[],"screenedAt":"2026-09-07T19:04:58.543Z","cacheHit":false,"clearancePath":"D:\\jail\\m-appiumuiautomator2driver-mtrm0bvl\\security\\nub-synth-resolved.json"}
  SECURITY nub-synth-resolved clean: 459 exact package-version(s), tree 5e40f60a9ca9
  VERIFY[synth] rc=0 artifacts=113/115 missing=2 shortfall=18ae9b41d99f (tree 18150/21899) OVERRIDDEN=2 REJECTED=0 grant={"write":{"deps":true},"network":true}
     missing artifacts: uiautomator2/appium-uiautomator2-server-debug-androidTest.apk, uiautomator2/appium-uiautomator2-server-v0.2.0.apk
  synthesized grant did not verify -- falling back to a bounded ladder
  scaffold: 1 dependency package(s) with lifecycle scripts granted a fixed wide grant
  STORE   isolated virtual store at D:\jail\m-appiumuiautomator2driver-mtrm0bvl\verify-fb0\.cache
OSV-SCREEN {"schemaVersion":1,"kind":"nub-fb0-resolved","status":"clean","digest":"5e40f60a9ca934fa72f0c50a9b5797b2e3a5ccee2b90eae19454f5e603fc1d24","specCount":459,"lockfiles":{"digest":"1f723255a04c16e201935c21cd324d8206ee927dc63ebb27ad245192a1002d47","files":[{"path":"nub.lock","sha256":"106dc17cb6a86c062262be71a68c80165a90a75cc7b43feb31c99268ec92ad2d","bytes":114908}]},"maliciousAdvisories":[],"screenedAt":"2026-09-07T19:04:58.543Z","cacheHit":true,"clearancePath":"D:\\jail\\m-appiumuiautomator2driver-mtrm0bvl\\security\\nub-fb0-resolved.json"}
  SECURITY nub-fb0-resolved clean: 459 exact package-version(s), tree 5e40f60a9ca9 (cached exact-tree clearance)
  VERIFY[fb0] rc=0 artifacts=113/115 missing=2 shortfall=18ae9b41d99f (tree 18150/21899) OVERRIDDEN=2 REJECTED=0 grant={"write":{"deps":true,"project":true,"userHome":true},"network":true}
     missing artifacts: uiautomator2/appium-uiautomator2-server-debug-androidTest.apk, uiautomator2/appium-uiautomator2-server-v0.2.0.apk
  scaffold: 1 dependency package(s) with lifecycle scripts granted a fixed wide grant
  STORE   isolated virtual store at D:\jail\m-appiumuiautomator2driver-mtrm0bvl\verify-fb1\.cache
OSV-SCREEN {"schemaVersion":1,"kind":"nub-fb1-resolved","status":"clean","digest":"5e40f60a9ca934fa72f0c50a9b5797b2e3a5ccee2b90eae19454f5e603fc1d24","specCount":459,"lockfiles":{"digest":"1f723255a04c16e201935c21cd324d8206ee927dc63ebb27ad245192a1002d47","files":[{"path":"nub.lock","sha256":"106dc17cb6a86c062262be71a68c80165a90a75cc7b43feb31c99268ec92ad2d","bytes":114908}]},"maliciousAdvisories":[],"screenedAt":"2026-09-07T19:04:58.543Z","cacheHit":true,"clearancePath":"D:\\jail\\m-appiumuiautomator2driver-mtrm0bvl\\security\\nub-fb1-resolved.json"}
  SECURITY nub-fb1-resolved clean: 459 exact package-version(s), tree 5e40f60a9ca9 (cached exact-tree clearance)
  VERIFY[fb1] rc=0 artifacts=115/115 missing=0 shortfall=none (tree 18152/21899) OVERRIDDEN=2 REJECTED=0 grant={"write":{"deps":true,"project":true,"userHome":true},"read":"disk","network":true}
  => MINIMUM {"write":{"deps":true,"project":true,"userHome":true},"read":"disk","network":true}   (ladder fallback; synthesized grant was insufficient)
  !! OBSERVE UNDER-PREDICTED -- the gap between {"write":{"deps":true},"network":true} and this is what the trace missed
  scaffold: 1 dependency package(s) with lifecycle scripts granted a fixed wide grant
  STORE   isolated virtual store at D:\jail\m-appiumuiautomator2driver-mtrm0bvl\verify-nar-no-network\.cache
OSV-SCREEN {"schemaVersion":1,"kind":"nub-nar-no-network-resolved","status":"clean","digest":"5e40f60a9ca934fa72f0c50a9b5797b2e3a5ccee2b90eae19454f5e603fc1d24","specCount":459,"lockfiles":{"digest":"1f723255a04c16e201935c21cd324d8206ee927dc63ebb27ad245192a1002d47","files":[{"path":"nub.lock","sha256":"106dc17cb6a86c062262be71a68c80165a90a75cc7b43feb31c99268ec92ad2d","bytes":114908}]},"maliciousAdvisories":[],"screenedAt":"2026-09-07T19:04:58.543Z","cacheHit":true,"clearancePath":"D:\\jail\\m-appiumuiautomator2driver-mtrm0bvl\\security\\nub-nar-no-network-resolved.json"}
  SECURITY nub-nar-no-network-resolved clean: 459 exact package-version(s), tree 5e40f60a9ca9 (cached exact-tree clearance)
  VERIFY[nar-no-network] rc=1 artifacts=113/115 missing=2 shortfall=18ae9b41d99f (tree 18150/21899) OVERRIDDEN=2 REJECTED=0 grant={"write":{"deps":true,"project":true,"userHome":true},"read":"disk"}
     missing artifacts: uiautomator2/appium-uiautomator2-server-debug-androidTest.apk, uiautomator2/appium-uiautomator2-server-v0.2.0.apk
     'no-network' is NECESSARY — dropping it fails to verify
  scaffold: 1 dependency package(s) with lifecycle scripts granted a fixed wide grant
  STORE   isolated virtual store at D:\jail\m-appiumuiautomator2driver-mtrm0bvl\verify-nar-no-write-deps\.cache
OSV-SCREEN {"schemaVersion":1,"kind":"nub-nar-no-write-deps-resolved","status":"clean","digest":"5e40f60a9ca934fa72f0c50a9b5797b2e3a5ccee2b90eae19454f5e603fc1d24","specCount":459,"lockfiles":{"digest":"1f723255a04c16e201935c21cd324d8206ee927dc63ebb27ad245192a1002d47","files":[{"path":"nub.lock","sha256":"106dc17cb6a86c062262be71a68c80165a90a75cc7b43feb31c99268ec92ad2d","bytes":114908}]},"maliciousAdvisories":[],"screenedAt":"2026-09-07T19:04:58.543Z","cacheHit":true,"clearancePath":"D:\\jail\\m-appiumuiautomator2driver-mtrm0bvl\\security\\nub-nar-no-write-deps-resolved.json"}
  SECURITY nub-nar-no-write-deps-resolved clean: 459 exact package-version(s), tree 5e40f60a9ca9 (cached exact-tree clearance)
  VERIFY[nar-no-write-deps] rc=0 artifacts=115/115 missing=0 shortfall=none (tree 18152/21899) OVERRIDDEN=2 REJECTED=0 grant={"write":{"project":true,"userHome":true},"read":"disk","network":true}
     ⛔ OVER-PREDICTED — the strictly narrower {"write":{"project":true,"userHome":true},"read":"disk","network":true} also verifies; 'no-write-deps' was not needed
  scaffold: 1 dependency package(s) with lifecycle scripts granted a fixed wide grant
  STORE   isolated virtual store at D:\jail\m-appiumuiautomator2driver-mtrm0bvl\verify-nar-no-write-project\.cache
OSV-SCREEN {"schemaVersion":1,"kind":"nub-nar-no-write-project-resolved","status":"clean","digest":"5e40f60a9ca934fa72f0c50a9b5797b2e3a5ccee2b90eae19454f5e603fc1d24","specCount":459,"lockfiles":{"digest":"1f723255a04c16e201935c21cd324d8206ee927dc63ebb27ad245192a1002d47","files":[{"path":"nub.lock","sha256":"106dc17cb6a86c062262be71a68c80165a90a75cc7b43feb31c99268ec92ad2d","bytes":114908}]},"maliciousAdvisories":[],"screenedAt":"2026-09-07T19:04:58.543Z","cacheHit":true,"clearancePath":"D:\\jail\\m-appiumuiautomator2driver-mtrm0bvl\\security\\nub-nar-no-write-project-resolved.json"}
  SECURITY nub-nar-no-write-project-resolved clean: 459 exact package-version(s), tree 5e40f60a9ca9 (cached exact-tree clearance)
  VERIFY[nar-no-write-project] rc=0 artifacts=115/115 missing=0 shortfall=none (tree 18152/21899) OVERRIDDEN=2 REJECTED=0 grant={"write":{"deps":true,"userHome":true},"read":"disk","network":true}
     ⛔ OVER-PREDICTED — the strictly narrower {"write":{"deps":true,"userHome":true},"read":"disk","network":true} also verifies; 'no-write-project' was not needed
  scaffold: 1 dependency package(s) with lifecycle scripts granted a fixed wide grant
  STORE   isolated virtual store at D:\jail\m-appiumuiautomator2driver-mtrm0bvl\verify-nar-no-write-userHome\.cache
OSV-SCREEN {"schemaVersion":1,"kind":"nub-nar-no-write-userHome-resolved","status":"clean","digest":"5e40f60a9ca934fa72f0c50a9b5797b2e3a5ccee2b90eae19454f5e603fc1d24","specCount":459,"lockfiles":{"digest":"1f723255a04c16e201935c21cd324d8206ee927dc63ebb27ad245192a1002d47","files":[{"path":"nub.lock","sha256":"106dc17cb6a86c062262be71a68c80165a90a75cc7b43feb31c99268ec92ad2d","bytes":114908}]},"maliciousAdvisories":[],"screenedAt":"2026-09-07T19:04:58.543Z","cacheHit":true,"clearancePath":"D:\\jail\\m-appiumuiautomator2driver-mtrm0bvl\\security\\nub-nar-no-write-userHome-resolved.json"}
  SECURITY nub-nar-no-write-userHome-resolved clean: 459 exact package-version(s), tree 5e40f60a9ca9 (cached exact-tree clearance)
  VERIFY[nar-no-write-userHome] rc=0 artifacts=115/115 missing=0 shortfall=none (tree 18152/21899) OVERRIDDEN=2 REJECTED=0 grant={"write":{"deps":true,"project":true},"read":"disk","network":true}
     ⛔ OVER-PREDICTED — the strictly narrower {"write":{"deps":true,"project":true},"read":"disk","network":true} also verifies; 'no-write-userHome' was not needed
  scaffold: 1 dependency package(s) with lifecycle scripts granted a fixed wide grant
  STORE   isolated virtual store at D:\jail\m-appiumuiautomator2driver-mtrm0bvl\verify-nar-no-read\.cache
OSV-SCREEN {"schemaVersion":1,"kind":"nub-nar-no-read-resolved","status":"clean","digest":"5e40f60a9ca934fa72f0c50a9b5797b2e3a5ccee2b90eae19454f5e603fc1d24","specCount":459,"lockfiles":{"digest":"1f723255a04c16e201935c21cd324d8206ee927dc63ebb27ad245192a1002d47","files":[{"path":"nub.lock","sha256":"106dc17cb6a86c062262be71a68c80165a90a75cc7b43feb31c99268ec92ad2d","bytes":114908}]},"maliciousAdvisories":[],"screenedAt":"2026-09-07T19:04:58.543Z","cacheHit":true,"clearancePath":"D:\\jail\\m-appiumuiautomator2driver-mtrm0bvl\\security\\nub-nar-no-read-resolved.json"}
  SECURITY nub-nar-no-read-resolved clean: 459 exact package-version(s), tree 5e40f60a9ca9 (cached exact-tree clearance)
  VERIFY[nar-no-read] rc=0 artifacts=113/115 missing=2 shortfall=18ae9b41d99f (tree 18150/21899) OVERRIDDEN=2 REJECTED=0 grant={"write":{"deps":true,"project":true,"userHome":true},"network":true}
     missing artifacts: uiautomator2/appium-uiautomator2-server-debug-androidTest.apk, uiautomator2/appium-uiautomator2-server-v0.2.0.apk
     'no-read' is NECESSARY — dropping it fails to verify
  scaffold: 1 dependency package(s) with lifecycle scripts granted a fixed wide grant
  STORE   isolated virtual store at D:\jail\m-appiumuiautomator2driver-mtrm0bvl\verify-joint-narrow\.cache
OSV-SCREEN {"schemaVersion":1,"kind":"nub-joint-narrow-resolved","status":"clean","digest":"5e40f60a9ca934fa72f0c50a9b5797b2e3a5ccee2b90eae19454f5e603fc1d24","specCount":459,"lockfiles":{"digest":"1f723255a04c16e201935c21cd324d8206ee927dc63ebb27ad245192a1002d47","files":[{"path":"nub.lock","sha256":"106dc17cb6a86c062262be71a68c80165a90a75cc7b43feb31c99268ec92ad2d","bytes":114908}]},"maliciousAdvisories":[],"screenedAt":"2026-09-07T19:04:58.543Z","cacheHit":true,"clearancePath":"D:\\jail\\m-appiumuiautomator2driver-mtrm0bvl\\security\\nub-joint-narrow-resolved.json"}
  SECURITY nub-joint-narrow-resolved clean: 459 exact package-version(s), tree 5e40f60a9ca9 (cached exact-tree clearance)
  VERIFY[joint-narrow] rc=0 artifacts=115/115 missing=0 shortfall=none (tree 18152/21899) OVERRIDDEN=2 REJECTED=0 grant={"read":"disk","network":true}
  => JOINT-NARROW VERIFIED {"read":"disk","network":true} — all 3 capabilities drop TOGETHER, measured
