### docxtemplater@0.3.0   (D:\jail\m-docxtemplater-mtsan0ok)
  CI-ENV scrubbed: CI GITHUB_ACTIONS
OSV-SCREEN {"schemaVersion":1,"kind":"direct","status":"clean","digest":"5833d4fb8e76f4f057b5d9b683e7b0687905725cddd4996eeacc3003e2dd53ba","specCount":1,"lockfiles":{"digest":null,"files":[]},"maliciousAdvisories":[],"screenedAt":"2026-09-08T06:33:41.191Z","cacheHit":false,"clearancePath":"D:\\jail\\m-docxtemplater-mtsan0ok\\security\\direct.json"}
  SECURITY direct clean: 1 exact package-version(s), tree 5833d4fb8e76
OSV-SCREEN {"schemaVersion":1,"kind":"npm-observe-resolved","status":"clean","digest":"13c0f27dc5f514ba4f24ac75242e1272b4234eef51acf37905642d1d0ef9e858","specCount":2,"lockfiles":{"digest":"d052e96de23638d9c9a3ffa6ab40e4fa7d4d0d63abab334822df97b45da777a6","files":[{"path":"package-lock.json","sha256":"8d88221db82ef688ed8c164bcba92faf98b55b257cb400ec59f8c1c8748750eb","bytes":1160}]},"maliciousAdvisories":[],"screenedAt":"2026-09-08T06:33:43.241Z","cacheHit":false,"clearancePath":"D:\\jail\\m-docxtemplater-mtsan0ok\\security\\npm-observe-resolved.json"}
  SECURITY npm-observe-resolved clean: 2 exact package-version(s), tree 13c0f27dc5f5
  CAPTURE user=runnervmeef0v\runneradmin elevated=True rootPid=7240 exit=0 events=157652 lost=0
  VENUE-OBSERVE-USER runnervmeef0v\runneradmin elevated=true privDropped={"SeBackupPrivilege":"removed","SeRestorePrivilege":"removed","SeTakeOwnershipPrivilege":"removed"}
  OBSERVE artifacts: 153 files  (D:\jail\m-docxtemplater-mtsan0ok\observe\node_modules\docxtemplater)
  ARM-FALSIFIABILITY {"manifestFiles":158,"filesTheScriptProduced":0,"reasons":["gate-vacuous"]}
  ⛔ ARMS-UNFALSIFIABLE — a green arm for this package carries no evidence:
       gate-vacuous: the script changed no file the artifact gate keys on — every file in the manifest (158) was already present at its final size before the script ran, so the gate passes in every arm including a completely broken one
       The grant may still be correct; what is missing is a signal that could have gone
       red. Do not read this record's MINIMAL as a passing measurement.
  CLOSURE 2 packages evicted per arm
  8.3 MAP 0 components resolved on runnervmeef0v, folded into capture.json
  == ROOTS (from capture.json — R2: no ambient reads) ==
    project       D:\jail\m-docxtemplater-mtsan0ok\observe   [keyed on]
    home          C:\Users\runneradmin   [keyed on]
    jailHome      (null — declared inapplicable)
    globalStore   C:\Users\runneradmin\AppData\Local\nub\pm\store
    projectStore  D:\jail\m-docxtemplater-mtsan0ok\observe\node_modules\.store
    interpreter   C:\hostedtoolcache\windows\node\22.23.2\x64\node.exe
    toolsDir      C:\Users\runneradmin\AppData\Local\nub\pm\tools
    temp          D:\jail\m-docxtemplater-mtsan0ok\tmp   [keyed on]
    npmPrefix     (null — declared inapplicable)
    ownPkg        D:\jail\m-docxtemplater-mtsan0ok\observe\node_modules\docxtemplater
  == ATTRIBUTION == lifecycle pids: 4 (root 7240)
    writes  script 3233  /  whole traced tree 3243
    peers   script 1  /  whole traced tree 1
  == WRITES ==
    outside    3231
        d:\jail\m-docxtemplater-mtsan0ok\npm-cache\_logs\2026-09-08t06_33_47_332z-debug-0.log
        d:\jail\m-docxtemplater-mtsan0ok\npm-cache\_cacache\tmp\a376d81b
        d:\jail\m-docxtemplater-mtsan0ok\npm-cache\_cacache\content-v2\sha512\70
        d:\jail\m-docxtemplater-mtsan0ok\npm-cache\_cacache\content-v2\sha512\70\7f
        d:\jail\m-docxtemplater-mtsan0ok\npm-cache\_cacache\content-v2\sha512\70\7f\8244dc8bce3e86e62e1eb865b359aada8a25d864b64698901891eafaf142cef61238833850e82dfc2af44e753bccc075fc08d04222f79f0061e0ef7ca9be
        d:\jail\m-docxtemplater-mtsan0ok\npm-cache\_cacache\index-v5\df
        d:\jail\m-docxtemplater-mtsan0ok\npm-cache\_cacache\index-v5\df\50
        d:\jail\m-docxtemplater-mtsan0ok\npm-cache\_cacache\index-v5\df\50\f4f148fb47ff921336011bfc8dfe9277248c77a0a0318dc392e0d372eced
        d:\jail\m-docxtemplater-mtsan0ok\npm-cache\_cacache\tmp\aa2966b9
        d:\jail\m-docxtemplater-mtsan0ok\npm-cache\_cacache\tmp\87dc2d1d
        d:\jail\m-docxtemplater-mtsan0ok\npm-cache\_cacache\content-v2\sha512\41
        d:\jail\m-docxtemplater-mtsan0ok\npm-cache\_cacache\content-v2\sha512\41\d9
    kernelfs      2
  == READS ==
    deps          3
    outside    2568
    project       2
    systemfs     33
    jailTmp     551
    kernelfs      2
  == NETWORK ==
    distinct peers: 1
        104.16.8.34:443
  == REFUSALS (adapter-classified) ==
    distinct: 0
  == SYNTHESIZED GRANT (verify this in the real unprivileged jail) ==
    {"network":true}
    !! 3231 writes OUTSIDE project/home -- no scope covers these; inspect before granting
    NOTE 2 kernel/metadata writes -- not a write-grant question (rule 3)
  RAW       etw-raw.xml.gz  202525568 B xml -> 3597221 B gz (56.3x)  sha256 82507f9f269fc001…
  HEADER    etw-header.json (5112 bytes)
  DERIVED   27135 distinct from 45180 kept ops (157652 xml events, 16440 out of subtree)
  PROCS     6   thread-reattributed 0
  ⛔ 118 operations with NO OperationEnd — kept, status marked unknown
  ⛔ 2 handle ops whose path no table could supply
  8.3       0 expanded, 0 kept short, 0 not covered  [map: recorded 8.3 map (0 components, resolved on runnervmeef0v)]
  wrote events.ndjson.gz (393094 bytes)
  RAWLOG-CAPTURE D:\jail\m-docxtemplater-mtsan0ok\cap\capture.json
  VENUE-NUB-BINARY {"path":"C:/Users/RUNNER~1/AppData/Local/Temp/nub/target/release/nub.exe","sha256":"f186817a44be332fee712b4936a071a0b5f9cde18a1d2fdc3a791729d4bf1005","bytes":68717056,"features":{"buildJailCatalogOverride":true,"pythonDontWriteBytecodeEnv":true}}
  VENUE-INTERPRETER C:\hostedtoolcache\windows\node\22.23.2\x64\node.exe
  VENUE-JAIL-ROOT D:\jail\m-docxtemplater-mtsan0ok
  VENUE-OVERRIDES {"set":{"npm_config_cache":"D:\\jail\\m-docxtemplater-mtsan0ok\\npm-cache","TMP":"D:\\jail\\m-docxtemplater-mtsan0ok\\tmp","TEMP":"D:\\jail\\m-docxtemplater-mtsan0ok\\tmp","TMPDIR":"D:\\jail\\m-docxtemplater-mtsan0ok\\tmp"},"unset":["CI","GITHUB_ACTIONS"],"notRedirected":{"USERPROFILE":"C:\\Users\\runneradmin","why":"the jail leaves HOME/USERPROFILE alone — `build_jail.rs` sandbox_homes() reads the ambient value and `compiler/defaults.rs` BASELINE_ENV_EXACT passes it through — so there is no private jail home to reproduce and redirecting one would measure an environment no confined script sees"},"passedThrough":{"CI":"true","GITHUB_ACTIONS":"true","NODE_ENV":null}}
  STORE   isolated virtual store at D:\jail\m-docxtemplater-mtsan0ok\verify-synth\.cache
  VENUE-STORE-LAYOUT isolated
OSV-SCREEN {"schemaVersion":1,"kind":"nub-synth-resolved","status":"clean","digest":"13c0f27dc5f514ba4f24ac75242e1272b4234eef51acf37905642d1d0ef9e858","specCount":2,"lockfiles":{"digest":"8d0f22c1ee275166f1a01ffd35a68151478ddd04dd01c89878dd546f0e1dd932","files":[{"path":"nub.lock","sha256":"e586cec6ca0e0f5baa6320f47b1b28f6289601d4904f41d6e278814030256a86","bytes":710}]},"maliciousAdvisories":[],"screenedAt":"2026-09-08T06:33:43.241Z","cacheHit":true,"clearancePath":"D:\\jail\\m-docxtemplater-mtsan0ok\\security\\nub-synth-resolved.json"}
  SECURITY nub-synth-resolved clean: 2 exact package-version(s), tree 13c0f27dc5f5 (cached exact-tree clearance)
  VERIFY[synth] rc=0 artifacts=153/153 missing=0 shortfall=none (tree 7100/170) OVERRIDDEN=2 REJECTED=0 grant={"network":true}
  => MINIMUM {"network":true}   (observed, then verified)
  STORE   isolated virtual store at D:\jail\m-docxtemplater-mtsan0ok\verify-nar-no-network\.cache
OSV-SCREEN {"schemaVersion":1,"kind":"nub-nar-no-network-resolved","status":"clean","digest":"13c0f27dc5f514ba4f24ac75242e1272b4234eef51acf37905642d1d0ef9e858","specCount":2,"lockfiles":{"digest":"8d0f22c1ee275166f1a01ffd35a68151478ddd04dd01c89878dd546f0e1dd932","files":[{"path":"nub.lock","sha256":"e586cec6ca0e0f5baa6320f47b1b28f6289601d4904f41d6e278814030256a86","bytes":710}]},"maliciousAdvisories":[],"screenedAt":"2026-09-08T06:33:43.241Z","cacheHit":true,"clearancePath":"D:\\jail\\m-docxtemplater-mtsan0ok\\security\\nub-nar-no-network-resolved.json"}
  SECURITY nub-nar-no-network-resolved clean: 2 exact package-version(s), tree 13c0f27dc5f5 (cached exact-tree clearance)
  VERIFY[nar-no-network] rc=1 artifacts=153/153 missing=0 shortfall=none (tree 5976/170) OVERRIDDEN=2 REJECTED=0 grant={}
     'no-network' is NECESSARY — dropping it fails to verify
  => MINIMAL — every capability in {"network":true} is independently necessary
