### @stdlib/math-base-special-ln@0.2.1   (/home/runner/v2-Il8MIT)
  CI-ENV scrubbed: CI GITHUB_ACTIONS
OSV-SCREEN {"schemaVersion":1,"kind":"direct","status":"clean","digest":"cd8e5f7231f15e273d9ea0f5119148c0e692c683c42eb978530a240cc1f21710","specCount":1,"lockfiles":{"digest":null,"files":[]},"maliciousAdvisories":[],"screenedAt":"2026-09-08T03:50:30.595Z","cacheHit":false,"clearancePath":"/home/runner/v2-Il8MIT/security/direct.json"}
  SECURITY direct clean: 1 exact package-version(s), tree cd8e5f7231f1
  VENUE-OBSERVE-USER {"uid":1001,"user":"runner","umask":"0022","capBnd":"000001ffffffffff","noNewPrivs":"0"}
  VENUE-NUB-BINARY {"path":"/tmp/nub/target/release/nub","sha256":"2a18683f50f7afeb02a521cd3cae175dc2f91780d461c5f012065241f5a1447b","bytes":207643464,"features":{"buildJailCatalogOverride":true,"pythonDontWriteBytecodeEnv":true}}
OSV-SCREEN {"schemaVersion":1,"kind":"npm-observe-resolved","status":"clean","digest":"a1763574d3c4b55f8ef06e87c31e3b27a7b22987ace4c3f877172e27f9df965d","specCount":129,"lockfiles":{"digest":"a2cc90f7758c505f7e4ed61ded9fcac640ebb999a7fdefeb131cea55a69d267b","files":[{"path":"package-lock.json","sha256":"1964eb31cf911ff5dbf8baa4e7ee9052cfa6dcc82f1ac9ebc6462b16ee516966","bytes":107386}]},"maliciousAdvisories":[],"screenedAt":"2026-09-08T03:50:38.423Z","cacheHit":false,"clearancePath":"/home/runner/v2-Il8MIT/security/npm-observe-resolved.json"}
  SECURITY npm-observe-resolved clean: 129 exact package-version(s), tree a1763574d3c4
  OBSERVE   rc=0 files=1802 trace=10859 lines
  CLOSURE   129 packages evicted per arm
  ARM-FALSIFIABILITY {"manifestFiles":19,"filesTheScriptProduced":0,"reasons":["gate-vacuous"]}
  ⛔ ARMS-UNFALSIFIABLE — a green arm for this package carries no evidence:
       gate-vacuous: the script changed no file the artifact gate keys on — every file in the manifest (19) was already present at its final size before the script ran, so the gate passes in every arm including a completely broken one
       The grant may still be correct; what is missing is a signal that could have gone
       red. Do not read this record's MINIMAL as a passing measurement.
  RAWLOG-FILE /home/runner/v2-Il8MIT/observe/trace.txt.gz
  RAWLOG-CAPTURE /home/runner/v2-Il8MIT/observe/capture.json
  RAWLOG-BYTES raw=2404033 gz=68755
  VENUE-INTERPRETER /opt/hostedtoolcache/node/22.23.2/x64
  VENUE-OVERRIDES {"set":{"HOME":"/home/runner/v2-Il8MIT/jailhome","TMPDIR":"/tmp/nub-tmp-obslk8rTp","NODE_COMPAT":"1","PLAYWRIGHT_BROWSERS_PATH":"/home/runner/.cache/nub/pm/tools/ms-playwright","ELECTRON_CACHE":"/home/runner/.cache/nub/pm/tools/electron-cache","electron_config_cache":"/home/runner/.cache/nub/pm/tools/electron-cache","npm_config_prefix":"/home/runner/.cache/nub/pm/tools/npm-prefix","PYTHONDONTWRITEBYTECODE":"1","NUB_CACHE_DIR":"/home/runner/v2-Il8MIT/nubcache"},"unset":["CI","GITHUB_ACTIONS"],"passedThrough":{"CI":"true","GITHUB_ACTIONS":"true","NODE_ENV":null}}
  == ATTRIBUTION == attributed pids: 0
    writes  script 0  /  whole traced tree 1088
    sockets script 0  /  whole traced tree 4
    ⛔ NO LIFECYCLE SHELL FOUND — the subtree filter matched nothing, so the grant
       below is EMPTY BY DEFAULT rather than by measurement. Treat it as UNKNOWN.
  == ROOTS (from capture.json — R2: no ambient reads) ==
    project       /home/runner/v2-Il8MIT/observe
    home          /home/runner
    jailHome      /home/runner/v2-Il8MIT/jailhome
    globalStore   /home/runner/.cache/nub/pm/store   [declared, not keyed on]
    projectStore  /home/runner/v2-Il8MIT/observe/node_modules/.store   [declared, not keyed on]
    interpreter   /opt/hostedtoolcache/node/22.23.2/x64   [declared, not keyed on]
    toolsDir      /home/runner/.cache/nub/pm/tools   [declared, not keyed on]
    temp          /tmp/nub-tmp-obslk8rTp
    npmPrefix     /home/runner/.cache/nub/pm/tools/npm-prefix
    ownPkg        /home/runner/v2-Il8MIT/observe/node_modules/@stdlib/math-base-special-ln
  == WRITES the script actually performed ==
  == NETWORK ==
    AF_INET sockets: 0   distinct peers: 2
        127.0.0.53:53
        104.16.1.34:443
  == REFUSALS (only `= -1 EACCES/EPERM/EROFS`) ==
    distinct: 0
  == SYNTHESIZED GRANT (verify this in the real unprivileged jail) ==
    {}
  == writePaths (DERIVED — promotion out of the package's PRIVATE home) ==
    private-home writes observed: 0
    none declared — the script wrote nothing into its private home — there is nothing to promote
  == writePaths FEASIBILITY (distinct writes outside project/deps) ==
    count: 0
    EVENTS    4559 distinct from 10800 calls (10860 lines, 47 rejoined, 0 unparsed)
    PROCS     12   lifecycle shells 0
    ⛔ 3 paths with an UNRESOLVED dirfd — kept, marked, never guessed
    unsubscribed/unmapped syscalls: getsockname×17 setsockopt×11 exit×10 recvmsg×7 getsockopt×4 getcwd×2 sendmmsg×1 exit_group×1
    wrote /home/runner/v2-Il8MIT/observe/events.ndjson.gz (32189 bytes)
  EVENTLOG-FILE /home/runner/v2-Il8MIT/observe/events.ndjson.gz
  EVENTLOG-STATS {"lines":10860,"parsed":10800,"unparsed":0,"unfinished":47,"rejoined":47,"unresolvedDirfd":3,"truncatedArg":0,"procs":12,"lifecyclePids":0,"distinctEvents":4559,"unknownSyscall":{"getsockname":17,"getsockopt":4,"getcwd":2,"recvmsg":7,"exit":10,"setsockopt":11,"sendmmsg":1,"exit_group":1},"out":"/home/runner/v2-Il8MIT/observe/events.ndjson.gz","gzipBytes":32189}
  EVICT     6 store entries removed, 0 spared as nub tooling
  SE-PURGE  0 side-effects-cache entries for @stdlib/math-base-special-ln
OSV-SCREEN {"schemaVersion":1,"kind":"nub-synth-resolved","status":"clean","digest":"a1763574d3c4b55f8ef06e87c31e3b27a7b22987ace4c3f877172e27f9df965d","specCount":129,"lockfiles":{"digest":"1199c818af3a1ae7d8fd8ba4fb3c45fa14c5e063f69b7b55f6502e4a2a8a3867","files":[{"path":"nub.lock","sha256":"3e0a2687b53dfdf8c0e2b4db46e11492d1f38bc90ad5049b20e5f82cb3283359","bytes":58100}]},"maliciousAdvisories":[],"screenedAt":"2026-09-08T03:50:38.423Z","cacheHit":true,"clearancePath":"/home/runner/v2-Il8MIT/security/nub-synth-resolved.json"}
  SECURITY nub-synth-resolved clean: 129 exact package-version(s), tree a1763574d3c4 (cached exact-tree clearance)
  VENUE-STORE-LAYOUT isolated
  VERIFY[synth] rc=0 artifacts=19/19 missing=0 shortfall=none (tree 7514/1802) OVERRIDDEN=3 REJECTED=0 grant={}
  => VERIFIED {}   (observed, then verified)
  DESCEND   grant is already empty — nothing to narrow; MINIMAL by construction.
