### victory-scatter@0.7.0   (/home/runner/v2-wZ7PWT)
  CI-ENV scrubbed: CI GITHUB_ACTIONS
OSV-SCREEN {"schemaVersion":1,"kind":"direct","status":"clean","digest":"2c8f7c65cb00e8e0aefafc9bbe9e57610d3c3bcd01d6f88c4f9774874b2c7f93","specCount":1,"lockfiles":{"digest":null,"files":[]},"maliciousAdvisories":[],"screenedAt":"2026-09-08T11:52:33.382Z","cacheHit":false,"clearancePath":"/home/runner/v2-wZ7PWT/security/direct.json"}
  SECURITY direct clean: 1 exact package-version(s), tree 2c8f7c65cb00
  VENUE-OBSERVE-USER {"uid":1001,"user":"runner","umask":"0022","capBnd":"000001ffffffffff","noNewPrivs":"0"}
  VENUE-NUB-BINARY {"path":"/tmp/nub/target/release/nub","sha256":"2a18683f50f7afeb02a521cd3cae175dc2f91780d461c5f012065241f5a1447b","bytes":207643464,"features":{"buildJailCatalogOverride":true,"pythonDontWriteBytecodeEnv":true}}
OSV-SCREEN {"schemaVersion":1,"kind":"npm-observe-resolved","status":"clean","digest":"0ab661fd8950794b90cb29520cdeae3b3052ea3ae8dd2603f9b1ca848721ca42","specCount":379,"lockfiles":{"digest":"b5617a46de025f9848e92ab40a5aa2963427c48453194732a7e98c253b49faf7","files":[{"path":"package-lock.json","sha256":"351aef6a3105b276922553201da9c153e6462abb9bbff34e4fe817550f1826af","bytes":180685}]},"maliciousAdvisories":[],"screenedAt":"2026-09-08T11:52:42.735Z","cacheHit":false,"clearancePath":"/home/runner/v2-wZ7PWT/security/npm-observe-resolved.json"}
  SECURITY npm-observe-resolved clean: 379 exact package-version(s), tree 0ab661fd8950
  OBSERVE   rc=0 files=6988 trace=11787 lines
  CLOSURE   334 packages evicted per arm
  ARM-FALSIFIABILITY {"manifestFiles":28,"filesTheScriptProduced":0,"reasons":["gate-vacuous"]}
  ⛔ ARMS-UNFALSIFIABLE — a green arm for this package carries no evidence:
       gate-vacuous: the script changed no file the artifact gate keys on — every file in the manifest (28) was already present at its final size before the script ran, so the gate passes in every arm including a completely broken one
       The grant may still be correct; what is missing is a signal that could have gone
       red. Do not read this record's MINIMAL as a passing measurement.
  RAWLOG-FILE /home/runner/v2-wZ7PWT/observe/trace.txt.gz
  RAWLOG-CAPTURE /home/runner/v2-wZ7PWT/observe/capture.json
  RAWLOG-BYTES raw=2542364 gz=75421
  VENUE-INTERPRETER /opt/hostedtoolcache/node/22.23.2/x64
  VENUE-OVERRIDES {"set":{"HOME":"/home/runner/v2-wZ7PWT/jailhome","TMPDIR":"/tmp/nub-tmp-obseF4CAD","NODE_COMPAT":"1","PLAYWRIGHT_BROWSERS_PATH":"/home/runner/.cache/nub/pm/tools/ms-playwright","ELECTRON_CACHE":"/home/runner/.cache/nub/pm/tools/electron-cache","electron_config_cache":"/home/runner/.cache/nub/pm/tools/electron-cache","npm_config_prefix":"/home/runner/.cache/nub/pm/tools/npm-prefix","PYTHONDONTWRITEBYTECODE":"1","NUB_CACHE_DIR":"/home/runner/v2-wZ7PWT/nubcache"},"unset":["CI","GITHUB_ACTIONS"],"passedThrough":{"CI":"true","GITHUB_ACTIONS":"true","NODE_ENV":null}}
  == ATTRIBUTION == attributed pids: 6
    writes  script 0  /  whole traced tree 1088
    sockets script 0  /  whole traced tree 6
  == ROOTS (from capture.json — R2: no ambient reads) ==
    project       /home/runner/v2-wZ7PWT/observe
    home          /home/runner
    jailHome      /home/runner/v2-wZ7PWT/jailhome
    globalStore   /home/runner/.cache/nub/pm/store   [declared, not keyed on]
    projectStore  /home/runner/v2-wZ7PWT/observe/node_modules/.store   [declared, not keyed on]
    interpreter   /opt/hostedtoolcache/node/22.23.2/x64   [declared, not keyed on]
    toolsDir      /home/runner/.cache/nub/pm/tools   [declared, not keyed on]
    temp          /tmp/nub-tmp-obseF4CAD
    npmPrefix     /home/runner/.cache/nub/pm/tools/npm-prefix
    ownPkg        /home/runner/v2-wZ7PWT/observe/node_modules/victory-scatter
  == WRITES the script actually performed ==
  == NETWORK ==
    AF_INET sockets: 0   distinct peers: 2
        127.0.0.53:53
        104.16.3.34:443
  == REFUSALS (only `= -1 EACCES/EPERM/EROFS`) ==
    distinct: 0
  == SYNTHESIZED GRANT (verify this in the real unprivileged jail) ==
    {}
  == writePaths (DERIVED — promotion out of the package's PRIVATE home) ==
    private-home writes observed: 0
    none declared — the script wrote nothing into its private home — there is nothing to promote
  == writePaths FEASIBILITY (distinct writes outside project/deps) ==
    count: 0
    EVENTS    5177 distinct from 11452 calls (11788 lines, 321 rejoined, 0 unparsed)
    PROCS     13   lifecycle shells 1
    ⛔ 3 paths with an UNRESOLVED dirfd — kept, marked, never guessed
    unsubscribed/unmapped syscalls: setsockopt×23 getsockname×18 exit×10 recvmsg×7 getsockopt×4 getcwd×3 socketpair×3 shutdown×3
    wrote /home/runner/v2-wZ7PWT/observe/events.ndjson.gz (36218 bytes)
  EVENTLOG-FILE /home/runner/v2-wZ7PWT/observe/events.ndjson.gz
  EVENTLOG-STATS {"lines":11788,"parsed":11452,"unparsed":0,"unfinished":321,"rejoined":321,"unresolvedDirfd":3,"truncatedArg":0,"procs":13,"lifecyclePids":1,"distinctEvents":5177,"unknownSyscall":{"getsockname":18,"getsockopt":4,"getcwd":3,"recvmsg":7,"exit":10,"setsockopt":23,"sendmmsg":1,"socketpair":3,"shutdown":3,"exit_group":2,"wait4":1},"out":"/home/runner/v2-wZ7PWT/observe/events.ndjson.gz","gzipBytes":36218}
  EVICT     131 store entries removed, 3 spared as nub tooling
  SE-PURGE  0 side-effects-cache entries for victory-scatter
  scaffold: 4 dependency package(s) with lifecycle scripts granted a fixed wide grant
OSV-SCREEN {"schemaVersion":1,"kind":"nub-synth-resolved","status":"clean","digest":"20ba3421ad8a3a87de8a48e2bcac6a747929dc5d9d6ddf911fd4cbcc8f925168","specCount":379,"lockfiles":{"digest":"a7011719ae0dc17dc821f098700f31b627265a8639949430498b4f798ff0de5a","files":[{"path":"nub.lock","sha256":"cb095ed9baf88ea8ffb0302ff544563743fee37ac27190eb35072a78968c0c6d","bytes":97939}]},"maliciousAdvisories":[],"screenedAt":"2026-09-08T11:52:47.570Z","cacheHit":false,"clearancePath":"/home/runner/v2-wZ7PWT/security/nub-synth-resolved.json"}
  SECURITY nub-synth-resolved clean: 379 exact package-version(s), tree 20ba3421ad8a
  VENUE-STORE-LAYOUT isolated
  VERIFY[synth] rc=0 artifacts=27/27 missing=0 shortfall=none (tree 26168/6988) OVERRIDDEN=3 REJECTED=0 grant={}
  => VERIFIED {}   (observed, then verified)
  DESCEND   grant is already empty — nothing to narrow; MINIMAL by construction.
