OSV-SCREEN {"schemaVersion":1,"kind":"direct","status":"clean","digest":"72af77c1d2df0afc9b325100d62841be3a48cff2a5fab8ad239d770832e9748d","specCount":1,"lockfiles":{"digest":null,"files":[]},"maliciousAdvisories":[],"screenedAt":"2026-09-08T06:12:02.842Z","cacheHit":false,"clearancePath":"/Users/runner/v2m-c6AgSA/security/direct.json"}
  SECURITY direct clean: 1 exact package-version(s), tree 72af77c1d2df
### ursa-optional@0.9.9   (/Users/runner/v2m-c6AgSA)   nub=/tmp/nub/target/release/nub
  VENUE-NUB-BINARY {"path":"/tmp/nub/target/release/nub","sha256":"f923f9d246b7061a3e88675efb7b4fdcda741d02368002ce6e7f7044b01e7bbe","bytes":93818888,"features":{"buildJailCatalogOverride":true,"pythonDontWriteBytecodeEnv":true}}
  CI-ENV scrubbed: CI GITHUB_ACTIONS
  --- fbt preflight (advisory; never fails the run) ---
     csrutil: System Integrity Protection status: disabled.
     fbt probes visible: 93591
     fbt enable attempt: dtrace: description 'fbt:::entry ' matched 50364 probes CPU     ID                    FUNCTION:NAME 
     cwd builtin value:  
     fbt chdir symbols:  
     fbt fires on spawn-with-cwd: dtrace: invalid probe specifier fbt::chdir*:entry /progenyof($target)/ { @[probefunc] = count(); }: probe description fbt::chdir*:entry does not match any probes 
  --- end fbt preflight ---
OSV-SCREEN {"schemaVersion":1,"kind":"npm-observe-resolved","status":"clean","digest":"57f29f578a722a5033de47997ca89c5e064359ae9b6b3018052229ee4490fed9","specCount":6,"lockfiles":{"digest":"53b8a34cfae4ce258929f4425c1f6e0c22d6905861a6ed623b6051ae9775a351","files":[{"path":"package-lock.json","sha256":"62adc7803330700fa46bb80bdc0007495c88393d433cf222eed53ad7c9099a93","bytes":2328}]},"maliciousAdvisories":[],"screenedAt":"2026-09-08T06:12:07.340Z","cacheHit":false,"clearancePath":"/Users/runner/v2m-c6AgSA/security/npm-observe-resolved.json"}
  SECURITY npm-observe-resolved clean: 6 exact package-version(s), tree 57f29f578a72
  VENUE-CI-CHILD clean (no CI-detection variable reaches the traced script)
  --- wrapper (run.sh) ---
     cd "/Users/runner/v2m-c6AgSA/Observe"
     sudo -u "runner" -H env "PATH=$PATH"   "HOME=/Users/runner/v2m-c6AgSA/jailhome"   "TMPDIR=/private/var/folders/bl/vzjcvbz95c3dk19cb0fw46180000gn/T/nub-tmp-obskCPvLB"   "NODE_COMPAT=1"   "PYTHONDONTWRITEBYTECODE=1"   "PLAYWRIGHT_BROWSERS_PATH=/Users/runner/.cache/nub/pm/tools/ms-playwright"   "ELECTRON_CACHE=/Users/runner/.cache/nub/pm/tools/electron-cache"   "electron_config_cache=/Users/runner/.cache/nub/pm/tools/electron-cache"   "npm_config_prefix=/Users/runner/.cache/nub/pm/tools/npm-prefix"   "/Users/runner/hostedtoolcache/node/22.23.2/arm64/bin/npm" rebuild --no-audit --no-fund "ursa-optional" > "/Users/runner/v2m-c6AgSA/Observe/npm.log" 2>&1
     echo $? > "/Users/runner/v2m-c6AgSA/Observe/rc"
  --- dtrace stderr + wrapper trace ---
     + cd /Users/runner/v2m-c6AgSA/Observe
     + sudo -u runner -H env PATH=/Users/runner/hostedtoolcache/node/22.23.2/arm64/bin:/opt/homebrew/lib/ruby/gems/3.3.0/bin:/opt/homebrew/opt/ruby@3.3/bin:/Users/runner/.local/bin:/opt/homebrew/bin:/opt/homebrew/sbin:/Users/runner/.cargo/bin:/usr/local/opt/curl/bin:/usr/local/bin:/usr/local/sbin:/Users/runner/bin:/Users/runner/.yarn/bin:/Users/runner/Library/Android/sdk/tools:/Users/runner/Library/Android/sdk/platform-tools:/Library/Frameworks/Python.framework/Versions/Current/bin:/Library/Frameworks/Mono.framework/Versions/Current/Commands:/usr/bin:/bin:/usr/sbin:/sbin:/Users/runner/.dotnet/tools HOME=/Users/runner/v2m-c6AgSA/jailhome TMPDIR=/private/var/folders/bl/vzjcvbz95c3dk19cb0fw46180000gn/T/nub-tmp-obskCPvLB NODE_COMPAT=1 PYTHONDONTWRITEBYTECODE=1 PLAYWRIGHT_BROWSERS_PATH=/Users/runner/.cache/nub/pm/tools/ms-playwright ELECTRON_CACHE=/Users/runner/.cache/nub/pm/tools/electron-cache electron_config_cache=/Users/runner/.cache/nub/pm/tools/electron-cache npm_config_prefix=/Users/runner/.cache/nub/pm/tools/npm-prefix /Users/runner/hostedtoolcache/node/22.23.2/arm64/bin/npm rebuild --no-audit --no-fund ursa-optional
     dtrace: error on enabled probe ID 128 (ID 286: syscall::execve:entry): invalid address (0x600002380000) in action #1 at DIF offset 20
     dtrace: error on enabled probe ID 100 (ID 845: syscall::stat64:return): invalid address (0x16d584d18) in action #8 at DIF offset 12
     dtrace: error on enabled probe ID 128 (ID 286: syscall::execve:entry): invalid address (0x6000015a40e0) in action #5 at DIF offset 88
     dtrace: error on enabled probe ID 8 (ID 179: syscall::open:return): invalid address (0x1007e2780) in action #9 at DIF offset 12
     dtrace: error on enabled probe ID 128 (ID 286: syscall::execve:entry): invalid address (0x656d616e75) in action #6 at DIF offset 88
     dtrace: error on enabled probe ID 128 (ID 286: syscall::execve:entry): invalid address (0x656d616e75) in action #6 at DIF offset 88
     dtrace: error on enabled probe ID 128 (ID 286: syscall::execve:entry): invalid address (0x656d616e75) in action #6 at DIF offset 88
     dtrace: error on enabled probe ID 128 (ID 286: syscall::execve:entry): invalid address (0x656d616e75) in action #6 at DIF offset 88
     dtrace: error on enabled probe ID 128 (ID 286: syscall::execve:entry): invalid address (0x656d616e75) in action #6 at DIF offset 88
     dtrace: error on enabled probe ID 128 (ID 286: syscall::execve:entry): invalid address (0x656d616e75) in action #6 at DIF offset 88
     dtrace: error on enabled probe ID 128 (ID 286: syscall::execve:entry): invalid address (0x656d616e75) in action #6 at DIF offset 88
     dtrace: error on enabled probe ID 128 (ID 286: syscall::execve:entry): invalid address (0x656d616e75) in action #6 at DIF offset 88
     dtrace: error on enabled probe ID 128 (ID 286: syscall::execve:entry): invalid address (0x656d616e75) in action #6 at DIF offset 88
     dtrace: error on enabled probe ID 128 (ID 286: syscall::execve:entry): invalid address (0x656d616e75) in action #6 at DIF offset 88
     dtrace: error on enabled probe ID 128 (ID 286: syscall::execve:entry): invalid address (0x656d616e75) in action #6 at DIF offset 88
     dtrace: error on enabled probe ID 128 (ID 286: syscall::execve:entry): invalid address (0x656d616e75) in action #6 at DIF offset 88
     dtrace: error on enabled probe ID 128 (ID 286: syscall::execve:entry): invalid address (0x656d616e75) in action #6 at DIF offset 88
     dtrace: error on enabled probe ID 128 (ID 286: syscall::execve:entry): invalid address (0x656d616e75) in action #6 at DIF offset 88
     dtrace: error on enabled probe ID 128 (ID 286: syscall::execve:entry): invalid address (0x656d616e75) in action #6 at DIF offset 88
     dtrace: error on enabled probe ID 128 (ID 286: syscall::execve:entry): invalid address (0x656d616e75) in action #6 at DIF offset 88
     dtrace: error on enabled probe ID 128 (ID 286: syscall::execve:entry): invalid address (0x656d616e75) in action #6 at DIF offset 88
     dtrace: error on enabled probe ID 128 (ID 286: syscall::execve:entry): invalid address (0x656d616e75) in action #6 at DIF offset 88
     dtrace: error on enabled probe ID 128 (ID 286: syscall::execve:entry): invalid address (0x656d616e75) in action #6 at DIF offset 88
     dtrace: error on enabled probe ID 128 (ID 286: syscall::execve:entry): invalid address (0x656d616e75) in action #6 at DIF offset 88
     dtrace: error on enabled probe ID 128 (ID 286: syscall::execve:entry): invalid address (0x656d616e75) in action #6 at DIF offset 88
     dtrace: error on enabled probe ID 128 (ID 286: syscall::execve:entry): invalid address (0x656d616e75) in action #6 at DIF offset 88
     dtrace: error on enabled probe ID 128 (ID 286: syscall::execve:entry): invalid address (0x656d616e75) in action #6 at DIF offset 88
     dtrace: error on enabled probe ID 128 (ID 286: syscall::execve:entry): invalid address (0x656d616e75) in action #6 at DIF offset 88
  OBSERVE   rc=0 dtrace_rc=0 files=114 (pre=106) trace=101509 lines
  CLOSURE   6 packages evicted per arm   store=/Users/runner/.cache/nub/pm/store
  RAWLOG-FILE /Users/runner/v2m-c6AgSA/Observe/trace.txt.gz
  RAWLOG-CAPTURE /Users/runner/v2m-c6AgSA/Observe/capture.json
  RAWLOG-BYTES raw=17842319 gz=528856
  VENUE-INTERPRETER /Users/runner/hostedtoolcache/node/22.23.2/arm64
  VENUE-OVERRIDES {"set":{"PATH":"inherited-and-forwarded","HOME":"/Users/runner/v2m-c6AgSA/jailhome","TMPDIR":"/private/var/folders/bl/vzjcvbz95c3dk19cb0fw46180000gn/T/nub-tmp-obskCPvLB","NODE_COMPAT":"1","PYTHONDONTWRITEBYTECODE":"1","PLAYWRIGHT_BROWSERS_PATH":"/Users/runner/.cache/nub/pm/tools/ms-playwright","ELECTRON_CACHE":"/Users/runner/.cache/nub/pm/tools/electron-cache","electron_config_cache":"/Users/runner/.cache/nub/pm/tools/electron-cache","npm_config_prefix":"/Users/runner/.cache/nub/pm/tools/npm-prefix"},"unset":["(sudo env_reset discards the caller environment; every var above is re-set after it)","CI","GITHUB_ACTIONS"],"passedThrough":{"CI":"true","GITHUB_ACTIONS":"true","NODE_ENV":null}}
  VENUE-OBSERVE-USER runner uid=501 (R7: ordinary non-root user, asserted)
  ARM-FALSIFIABILITY {"manifestFiles":27,"filesTheScriptProduced":6,"reasons":[]}
  EVENTLOG-FILE /Users/runner/v2m-c6AgSA/Observe/events.ndjson.gz
  EVENTLOG-STATS {"lines":101510,"parsed":101421,"unparsed":0,"live":true,"tracerErrors":52,"tracerErrorTotal":52,"unresolvedDirfd":108,"unresolvedFd":0,"pairedTwoPath":634,"danglingPair":0,"failed":33358,"enoent":12330,"refusals":0,"byErrno":{"ENXIO":7,"ENOENT":12330,"EEXIST":20416,"EINVAL":4,"ENOTEMPTY":601},"procs":20,"lifecyclePids":4,"distinctEvents":48770,"emitted":48770,"calls":100674,"bytes":10569628,"gzipBytes":261477,"out":"/Users/runner/v2m-c6AgSA/Observe/events.ndjson"}
  == TRACER == live=true decodable-events=42035 dropped-events=52
    NOTE 72 relative path(s) under a non-AT_FDCWD dirfd were not
       scope-assigned: resolving them against the cwd would invent a path.
    ⛔ CWD-UNOBSERVED 77 relative path(s) (4 write(s)) came from a lifecycle
       process whose own cwd was never observed
       macOS spawns with posix_spawn addchdir_np, which changes directory in-kernel and
       emits no chdir syscall, so the inherited cwd cannot be trusted. These are NOT
       scope-assigned; the grant below is WIDENED instead so it covers wherever they landed.
         pid=43149 read  unproven .
         pid=43149 read  unproven .
         pid=43149 read  unproven .
         pid=43150 read  unproven .
         pid=43150 read  unproven .
         pid=43186 read  unproven .
         pid=43207 read  unproven .
         pid=43208 read  unproven .
         pid=43215 read  unproven .
         pid=43215 read  unproven .
         … and 67 more
    CWD-UNPLACEABLE-WRITES ["Release","Release/obj.target","Release/obj.target/ursaNative","Release/obj.target/ursaNative/src"]
    CWD-RESOLVED 15 relative path(s) placed against the package dir
       and CONFIRMED by an artifact present after the run — not assumed.
    ⛔ THE TRACER DROPPED 52 EVENT(S). A dropped event is a path never
       seen, so the grant below can only be too NARROW — the direction that breaks installs.
       Treat it as a FLOOR, not a measurement, until the adapter fault is fixed:
            33 x  epid=128 action=6 fault=1 addr=0x656d616e75
            13 x  epid=128 action=1 fault=1 addr=0x10140e280
             1 x  epid=128 action=1 fault=1 addr=0x600002380000
             1 x  epid=100 action=8 fault=1 addr=0x16d584d18
             1 x  epid=128 action=5 fault=1 addr=0x6000015a40e0
             1 x  epid=8 action=9 fault=1 addr=0x1007e2780
             1 x  epid=100 action=8 fault=1 addr=0x1013807d0
             1 x  epid=128 action=1 fault=1 addr=0x101779050
  == ATTRIBUTION == lifecycle pids: 4
    writes  script 6860  /  whole traced subtree 7859
    sockets script 1  /  whole traced subtree 2
  == ROOTS (from /Users/runner/v2m-c6AgSA/Observe/capture.json; the classifier reads no other source) ==
    project       /Users/runner/v2m-c6AgSA/Observe
    home          /Users/runner
    jailHome      /Users/runner/v2m-c6AgSA/jailhome
    globalStore   /Users/runner/.cache/nub/pm/store
    projectStore  /Users/runner/v2m-c6AgSA/Observe/node_modules/.store
    interpreter   /Users/runner/hostedtoolcache/node/22.23.2/arm64
    toolsDir      /Users/runner/.cache/nub/pm/tools
    temp          /private/var/folders/bl/vzjcvbz95c3dk19cb0fw46180000gn/T/nub-tmp-obskCPvLB
    npmPrefix     /Users/runner/.cache/nub/pm/tools/npm-prefix
    ownPkg        /Users/runner/v2m-c6AgSA/Observe/node_modules/ursa-optional
    cwd           (null — this platform has no such root)
  == WRITES the script actually performed ==
    systemfs      1
        /dev/dtracehelper
    jailHome   3330  (base profile already grants this — NOT billed)
        /Users/runner/v2m-c6AgSA/jailhome/.npm/_logs/2026-09-08T06_12_08_821Z-debug-0.log
        /Users/runner/v2m-c6AgSA/jailhome/Library
        /Users/runner/v2m-c6AgSA/jailhome/Library/Caches
        /Users/runner/v2m-c6AgSA/jailhome/Library/Caches/node-gyp
        /Users/runner/v2m-c6AgSA/jailhome/Library/Caches/node-gyp/22.23.2
        /Users/runner/v2m-c6AgSA/jailhome/Library/Caches/node-gyp/22.23.2/include
        /Users/runner/v2m-c6AgSA/jailhome/Library/Caches/node-gyp/22.23.2/include/node
        /Users/runner/v2m-c6AgSA/jailhome/Library/Caches/node-gyp/22.23.2/include/node/common.gypi
        /Users/runner/v2m-c6AgSA/jailhome/Library/Caches/node-gyp/22.23.2/include/node/config.gypi
        /Users/runner/v2m-c6AgSA/jailhome/Library/Caches/node-gyp/22.23.2/include/node/cppgc
        … and 3320 more
    jailTmp    3510  (base profile already grants this — NOT billed)
        /private/var/folders/bl/vzjcvbz95c3dk19cb0fw46180000gn/T/nub-tmp-obskCPvLB/node-gyp-tmp-iwapvQ
        /private/var/folders/bl/vzjcvbz95c3dk19cb0fw46180000gn/T/nub-tmp-obskCPvLB/node-gyp-tmp-iwapvQ/include
        /private/var/folders/bl/vzjcvbz95c3dk19cb0fw46180000gn/T/nub-tmp-obskCPvLB/node-gyp-tmp-iwapvQ/include/node
        /private/var/folders/bl/vzjcvbz95c3dk19cb0fw46180000gn/T/nub-tmp-obskCPvLB/node-gyp-tmp-iwapvQ/include/node/v8-locker.h
        /private/var/folders/bl/vzjcvbz95c3dk19cb0fw46180000gn/T/nub-tmp-obskCPvLB/node-gyp-tmp-iwapvQ/include/node/zconf.h
        /private/var/folders/bl/vzjcvbz95c3dk19cb0fw46180000gn/T/nub-tmp-obskCPvLB/node-gyp-tmp-iwapvQ/include/node/v8config.h
        /private/var/folders/bl/vzjcvbz95c3dk19cb0fw46180000gn/T/nub-tmp-obskCPvLB/node-gyp-tmp-iwapvQ/include/node/common.gypi
        /private/var/folders/bl/vzjcvbz95c3dk19cb0fw46180000gn/T/nub-tmp-obskCPvLB/node-gyp-tmp-iwapvQ/include/node/v8-object.h
        /private/var/folders/bl/vzjcvbz95c3dk19cb0fw46180000gn/T/nub-tmp-obskCPvLB/node-gyp-tmp-iwapvQ/include/node/v8-forward.h
        /private/var/folders/bl/vzjcvbz95c3dk19cb0fw46180000gn/T/nub-tmp-obskCPvLB/node-gyp-tmp-iwapvQ/include/node/v8-profiler.h
        … and 3500 more
    ownPkg       17  (base profile already grants this — NOT billed)
        /Users/runner/v2m-c6AgSA/Observe/node_modules/ursa-optional/build
        /Users/runner/v2m-c6AgSA/Observe/node_modules/ursa-optional/build/config.gypi
        /Users/runner/v2m-c6AgSA/Observe/node_modules/ursa-optional/build/Makefile
        /Users/runner/v2m-c6AgSA/Observe/node_modules/ursa-optional/build/gyp-mac-tool
        /Users/runner/v2m-c6AgSA/Observe/node_modules/ursa-optional/build/ursaNative.target.mk
        /Users/runner/v2m-c6AgSA/Observe/node_modules/ursa-optional/build/binding.Makefile
        /Users/runner/v2m-c6AgSA/Observe/node_modules/ursa-optional/build/node_gyp_bins
        /Users/runner/v2m-c6AgSA/Observe/node_modules/ursa-optional/build/node_gyp_bins/python3
        /Users/runner/v2m-c6AgSA/Observe/node_modules/ursa-optional/build/Release/.deps
        /Users/runner/v2m-c6AgSA/Observe/node_modules/ursa-optional/build/Release/.deps/Release
        … and 7 more
    outside       2
        /var/folders/bl/vzjcvbz95c3dk19cb0fw46180000gn/T/xcrun_db-4yuYenIz
        /var/folders/bl/vzjcvbz95c3dk19cb0fw46180000gn/T/xcrun_db
  == READS the script performed, by scope ==
    outside    1048
    systemfs    617
    userHome    379
    ownPkg        8
    deps          7
    project       1
    jailHome    165
    bytecode    107
    jailTmp    3326
        outside: /
        outside: /bin/bash
        outside: /bin
        outside: /usr/bin/env
        outside: /usr/bin
        outside: /var/db/timezone/icutz/icutz44l.dat
        outside: /etc/localtime
        outside: /var/db/timezone/zoneinfo/posixrules
        outside: /bin/sh
        outside: /opt/homebrew/Cellar/python@3.14/3.14.7/Frameworks/Python.framework/Versions/3.14/bin/python3.14
  == NETWORK ==
    AF_INET connects: 1   distinct peers: 1
        104.16.212.131:443
  == REFUSALS (errno EPERM/EACCES/EROFS only; ENOENT is a miss, not a denial) ==
    distinct: 0
  == SYNTHESIZED GRANT (verify this in the real unprivileged jail) ==
    {"write":{"deps":true,"project":true},"network":true,"writePaths":["Library/Caches/node-gyp"]}
    ⛔ 2 writes OUTSIDE project/home — no scope covers these; inspect before granting
  == writePaths (DERIVED — promotion out of the package's PRIVATE home) ==
    private-home writes observed: 3330
        Library/Caches/node-gyp
  == writePaths FEASIBILITY (distinct writes outside project/deps) ==
    count: 2
        /var/folders/bl/vzjcvbz95c3dk19cb0fw46180000gn/T/xcrun_db-4yuYenIz
        /var/folders/bl/vzjcvbz95c3dk19cb0fw46180000gn/T/xcrun_db
  EVICT[synth] 5 store entries removed, 2 spared as nub tooling, 1198 in store
OSV-SCREEN {"schemaVersion":1,"kind":"nub-synth-resolved","status":"clean","digest":"57f29f578a722a5033de47997ca89c5e064359ae9b6b3018052229ee4490fed9","specCount":6,"lockfiles":{"digest":"8d1fb87d899263fcc85ff0f232cb41763fdde406d26901e5f447e76456559394","files":[{"path":"nub.lock","sha256":"08555f1dff62536005ed062b8fc8d21ded66f61aaf3782195c1b71fc0117832a","bytes":1425}]},"maliciousAdvisories":[],"screenedAt":"2026-09-08T06:12:07.340Z","cacheHit":true,"clearancePath":"/Users/runner/v2m-c6AgSA/security/nub-synth-resolved.json"}
  SECURITY nub-synth-resolved clean: 6 exact package-version(s), tree 57f29f578a72 (cached exact-tree clearance)
  VENUE-STORE-LAYOUT isolated
  VERIFY[synth] rc=0 artifacts=27/27 missing=1 shortfall=3f5d2f2c1775 (tree 325/114) OVERRIDDEN=3 REJECTED=0 grant={"write":{"deps":true,"project":true},"network":true,"writePaths":["Library/Caches/node-gyp"]}
       missing: build/Release/.deps/Release/obj.target/ursaNative/src/ursaNative.o.d.raw (15934B < 17496B)
  !! OBSERVE UNDER-PREDICTED — the synthesized grant did NOT verify. This is the correctness
     finding: OBSERVE saw a run that the jail then refused on some axis it did not cover.
     The bounded ladder below is the repair; the terminal verdict waits on its outcome.
  DIAGNOSE  re-running the failing grant JAILED, under dtrace
     trace lines: 22441
     refused paths under the failing grant (count, path):
         32 System/Cryptexes/OS
          3 /System/Library/CoreServices/SystemVersion.bundle
          2 /Users/runner/.CFUserTextEncoding
          2 /Library/Developer/CommandLineTools/SDKs
          1 /System/Library/CoreServices/SystemVersion.bundle/
     ⇒ TREAT THIS AS A CANDIDATE SET, NOT AN ANSWER. On Linux the last refusal before a
       fatal exit was a trailing red herring once already; settle it with a
       single-variable arm per path plus a negative control granting all the others.
  synthesized grant did not verify — falling back to a bounded ladder
  EVICT[fb903772438] 6 store entries removed, 2 spared as nub tooling, 1199 in store
OSV-SCREEN {"schemaVersion":1,"kind":"nub-fb903772438-resolved","status":"clean","digest":"57f29f578a722a5033de47997ca89c5e064359ae9b6b3018052229ee4490fed9","specCount":6,"lockfiles":{"digest":"8d1fb87d899263fcc85ff0f232cb41763fdde406d26901e5f447e76456559394","files":[{"path":"nub.lock","sha256":"08555f1dff62536005ed062b8fc8d21ded66f61aaf3782195c1b71fc0117832a","bytes":1425}]},"maliciousAdvisories":[],"screenedAt":"2026-09-08T06:12:07.340Z","cacheHit":true,"clearancePath":"/Users/runner/v2m-c6AgSA/security/nub-fb903772438-resolved.json"}
  SECURITY nub-fb903772438-resolved clean: 6 exact package-version(s), tree 57f29f578a72 (cached exact-tree clearance)
  VERIFY[fb903772438] rc=0 artifacts=27/27 missing=1 shortfall=3f5d2f2c1775 (tree 325/114) OVERRIDDEN=3 REJECTED=0 grant={"write":{"deps":true,"project":true,"userHome":true},"network":true}
       missing: build/Release/.deps/Release/obj.target/ursaNative/src/ursaNative.o.d.raw (15934B < 17496B)
  EVICT[fb2128993570] 6 store entries removed, 2 spared as nub tooling, 1199 in store
OSV-SCREEN {"schemaVersion":1,"kind":"nub-fb2128993570-resolved","status":"clean","digest":"57f29f578a722a5033de47997ca89c5e064359ae9b6b3018052229ee4490fed9","specCount":6,"lockfiles":{"digest":"8d1fb87d899263fcc85ff0f232cb41763fdde406d26901e5f447e76456559394","files":[{"path":"nub.lock","sha256":"08555f1dff62536005ed062b8fc8d21ded66f61aaf3782195c1b71fc0117832a","bytes":1425}]},"maliciousAdvisories":[],"screenedAt":"2026-09-08T06:12:07.340Z","cacheHit":true,"clearancePath":"/Users/runner/v2m-c6AgSA/security/nub-fb2128993570-resolved.json"}
  SECURITY nub-fb2128993570-resolved clean: 6 exact package-version(s), tree 57f29f578a72 (cached exact-tree clearance)
  VERIFY[fb2128993570] rc=0 artifacts=27/27 missing=1 shortfall=3f5d2f2c1775 (tree 325/114) OVERRIDDEN=3 REJECTED=0 grant={"write":{"deps":true,"project":true,"userHome":true},"read":"disk","network":true}
       missing: build/Release/.deps/Release/obj.target/ursaNative/src/ursaNative.o.d.raw (15934B < 17496B)
  EVICT[fb1962834996] 6 store entries removed, 2 spared as nub tooling, 1199 in store
OSV-SCREEN {"schemaVersion":1,"kind":"nub-fb1962834996-resolved","status":"clean","digest":"57f29f578a722a5033de47997ca89c5e064359ae9b6b3018052229ee4490fed9","specCount":6,"lockfiles":{"digest":"8d1fb87d899263fcc85ff0f232cb41763fdde406d26901e5f447e76456559394","files":[{"path":"nub.lock","sha256":"08555f1dff62536005ed062b8fc8d21ded66f61aaf3782195c1b71fc0117832a","bytes":1425}]},"maliciousAdvisories":[],"screenedAt":"2026-09-08T06:12:07.340Z","cacheHit":true,"clearancePath":"/Users/runner/v2m-c6AgSA/security/nub-fb1962834996-resolved.json"}
  SECURITY nub-fb1962834996-resolved clean: 6 exact package-version(s), tree 57f29f578a72 (cached exact-tree clearance)
  VERIFY[fb1962834996] rc=0 artifacts=27/27 missing=1 shortfall=3f5d2f2c1775 (tree 325/114) OVERRIDDEN=3 REJECTED=0 grant={"write":"disk","network":true}
       missing: build/Release/.deps/Release/obj.target/ursaNative/src/ursaNative.o.d.raw (15934B < 17496B)
  => ARTIFACT-GATE-SUSPECT {"write":{"deps":true,"project":true},"network":true,"writePaths":["Library/Caches/node-gyp"]}   (every arm rc=0 and the SAME 1-artifact shortfall at every
     grant up to write:"disk" — invariant under widening, so it is not a capability gap)
     ⇒ The grant is the SYNTHESIZED one and is UNVERIFIED — minimality was never descended.
        Triage the shortfall against the arm's toolchain, not against the jail.
### DONE ursa-optional@0.9.9  synthesized={"write":{"deps":true,"project":true},"network":true,"writePaths":["Library/Caches/node-gyp"]} verified=0
