OSV-SCREEN {"schemaVersion":1,"kind":"direct","status":"clean","digest":"0a229b1367af1a9c62f09c907e4fc60486673300cdede0121c878656db99c772","specCount":1,"lockfiles":{"digest":null,"files":[]},"maliciousAdvisories":[],"screenedAt":"2026-09-08T05:15:48.188Z","cacheHit":false,"clearancePath":"/Users/runner/v2m-voFoRU/security/direct.json"}
  SECURITY direct clean: 1 exact package-version(s), tree 0a229b1367af
### ccxt@4.5.9   (/Users/runner/v2m-voFoRU)   nub=/tmp/nub/target/release/nub
  VENUE-NUB-BINARY {"path":"/tmp/nub/target/release/nub","sha256":"f923f9d246b7061a3e88675efb7b4fdcda741d02368002ce6e7f7044b01e7bbe","bytes":93818888,"features":{"buildJailCatalogOverride":true,"pythonDontWriteBytecodeEnv":true}}
  CI-ENV scrubbed: CI GITHUB_ACTIONS
  --- fbt preflight (advisory; never fails the run) ---
     csrutil: System Integrity Protection status: disabled.
     fbt probes visible: 93591
     fbt enable attempt: dtrace: description 'fbt:::entry ' matched 50364 probes CPU     ID                    FUNCTION:NAME 
     cwd builtin value:  
     fbt chdir symbols:  
     fbt fires on spawn-with-cwd: dtrace: invalid probe specifier fbt::chdir*:entry /progenyof($target)/ { @[probefunc] = count(); }: probe description fbt::chdir*:entry does not match any probes 
  --- end fbt preflight ---
OSV-SCREEN {"schemaVersion":1,"kind":"npm-observe-resolved","status":"clean","digest":"2e08796cf09c4f66bc831fd84357fb43d82a11ebd4583b0e50aa25435eb038aa","specCount":2,"lockfiles":{"digest":"7d2b0306988abb2ebd09da40a3aafe60ba4a987cad623058e8030a8140ac0474","files":[{"path":"package-lock.json","sha256":"10dcb707a7b4c357e143e037d8b9bdb65f5c0206ad14cfa39bd6c33721cfbeb3","bytes":1232}]},"maliciousAdvisories":[],"screenedAt":"2026-09-08T05:15:53.604Z","cacheHit":false,"clearancePath":"/Users/runner/v2m-voFoRU/security/npm-observe-resolved.json"}
  SECURITY npm-observe-resolved clean: 2 exact package-version(s), tree 2e08796cf09c
  VENUE-CI-CHILD clean (no CI-detection variable reaches the traced script)
  --- wrapper (run.sh) ---
     cd "/Users/runner/v2m-voFoRU/Observe"
     sudo -u "runner" -H env "PATH=$PATH"   "HOME=/Users/runner/v2m-voFoRU/jailhome"   "TMPDIR=/private/var/folders/bl/vzjcvbz95c3dk19cb0fw46180000gn/T/nub-tmp-obsQsSIzm"   "NODE_COMPAT=1"   "PYTHONDONTWRITEBYTECODE=1"   "PLAYWRIGHT_BROWSERS_PATH=/Users/runner/.cache/nub/pm/tools/ms-playwright"   "ELECTRON_CACHE=/Users/runner/.cache/nub/pm/tools/electron-cache"   "electron_config_cache=/Users/runner/.cache/nub/pm/tools/electron-cache"   "npm_config_prefix=/Users/runner/.cache/nub/pm/tools/npm-prefix"   "/Users/runner/hostedtoolcache/node/22.23.2/arm64/bin/npm" rebuild --no-audit --no-fund "ccxt" > "/Users/runner/v2m-voFoRU/Observe/npm.log" 2>&1
     echo $? > "/Users/runner/v2m-voFoRU/Observe/rc"
  --- dtrace stderr + wrapper trace ---
     + cd /Users/runner/v2m-voFoRU/Observe
     + sudo -u runner -H env PATH=/Users/runner/hostedtoolcache/node/22.23.2/arm64/bin:/opt/homebrew/lib/ruby/gems/3.3.0/bin:/opt/homebrew/opt/ruby@3.3/bin:/Users/runner/.local/bin:/opt/homebrew/bin:/opt/homebrew/sbin:/Users/runner/.cargo/bin:/usr/local/opt/curl/bin:/usr/local/bin:/usr/local/sbin:/Users/runner/bin:/Users/runner/.yarn/bin:/Users/runner/Library/Android/sdk/tools:/Users/runner/Library/Android/sdk/platform-tools:/Library/Frameworks/Python.framework/Versions/Current/bin:/Library/Frameworks/Mono.framework/Versions/Current/Commands:/usr/bin:/bin:/usr/sbin:/sbin:/Users/runner/.dotnet/tools HOME=/Users/runner/v2m-voFoRU/jailhome TMPDIR=/private/var/folders/bl/vzjcvbz95c3dk19cb0fw46180000gn/T/nub-tmp-obsQsSIzm NODE_COMPAT=1 PYTHONDONTWRITEBYTECODE=1 PLAYWRIGHT_BROWSERS_PATH=/Users/runner/.cache/nub/pm/tools/ms-playwright ELECTRON_CACHE=/Users/runner/.cache/nub/pm/tools/electron-cache electron_config_cache=/Users/runner/.cache/nub/pm/tools/electron-cache npm_config_prefix=/Users/runner/.cache/nub/pm/tools/npm-prefix /Users/runner/hostedtoolcache/node/22.23.2/arm64/bin/npm rebuild --no-audit --no-fund ccxt
     dtrace: error on enabled probe ID 128 (ID 286: syscall::execve:entry): invalid address (0x60000278c000) in action #1 at DIF offset 20
     + echo 0
  OBSERVE   rc=0 dtrace_rc=0 files=1555 (pre=1553) trace=12063 lines
  CLOSURE   2 packages evicted per arm   store=/Users/runner/.cache/nub/pm/store
  RAWLOG-FILE /Users/runner/v2m-voFoRU/Observe/trace.txt.gz
  RAWLOG-CAPTURE /Users/runner/v2m-voFoRU/Observe/capture.json
  RAWLOG-BYTES raw=2094009 gz=65556
  VENUE-INTERPRETER /Users/runner/hostedtoolcache/node/22.23.2/arm64
  VENUE-OVERRIDES {"set":{"PATH":"inherited-and-forwarded","HOME":"/Users/runner/v2m-voFoRU/jailhome","TMPDIR":"/private/var/folders/bl/vzjcvbz95c3dk19cb0fw46180000gn/T/nub-tmp-obsQsSIzm","NODE_COMPAT":"1","PYTHONDONTWRITEBYTECODE":"1","PLAYWRIGHT_BROWSERS_PATH":"/Users/runner/.cache/nub/pm/tools/ms-playwright","ELECTRON_CACHE":"/Users/runner/.cache/nub/pm/tools/electron-cache","electron_config_cache":"/Users/runner/.cache/nub/pm/tools/electron-cache","npm_config_prefix":"/Users/runner/.cache/nub/pm/tools/npm-prefix"},"unset":["(sudo env_reset discards the caller environment; every var above is re-set after it)","CI","GITHUB_ACTIONS"],"passedThrough":{"CI":"true","GITHUB_ACTIONS":"true","NODE_ENV":null}}
  VENUE-OBSERVE-USER runner uid=501 (R7: ordinary non-root user, asserted)
  ARM-FALSIFIABILITY {"manifestFiles":1528,"filesTheScriptProduced":0,"reasons":["gate-vacuous"]}
  ⛔ ARMS-UNFALSIFIABLE — a green arm for this package carries no evidence:
       gate-vacuous: the script changed no file the artifact gate keys on — every file in the manifest (1528) was already present at its final size before the script ran, so the gate passes in every arm including a completely broken one
       The grant may still be correct; what is missing is a signal that could have gone
       red. Do not read this record's MINIMAL as a passing measurement.
  EVENTLOG-FILE /Users/runner/v2m-voFoRU/Observe/events.ndjson.gz
  EVENTLOG-STATS {"lines":12064,"parsed":12046,"unparsed":0,"live":true,"tracerErrors":1,"tracerErrorTotal":1,"unresolvedDirfd":21,"unresolvedFd":0,"pairedTwoPath":541,"danglingPair":0,"failed":4660,"enoent":4657,"refusals":0,"byErrno":{"ENXIO":3,"ENOENT":4657},"procs":5,"lifecyclePids":1,"distinctEvents":5320,"emitted":5320,"calls":11493,"bytes":1096933,"gzipBytes":36627,"out":"/Users/runner/v2m-voFoRU/Observe/events.ndjson"}
  == TRACER == live=true decodable-events=3244 dropped-events=1
    NOTE 14 relative path(s) under a non-AT_FDCWD dirfd were not
       scope-assigned: resolving them against the cwd would invent a path.
    ⛔ CWD-UNOBSERVED 3 relative path(s) (0 write(s)) came from a lifecycle
       process whose own cwd was never observed
       macOS spawns with posix_spawn addchdir_np, which changes directory in-kernel and
       emits no chdir syscall, so the inherited cwd cannot be trusted. These are NOT
       scope-assigned; the grant below is WIDENED instead so it covers wherever they landed.
         pid=20885 read  unproven .
         pid=20885 read  unproven .
         pid=20885 read  unproven .
    ⛔ THE TRACER DROPPED 1 EVENT(S). A dropped event is a path never
       seen, so the grant below can only be too NARROW — the direction that breaks installs.
       Treat it as a FLOOR, not a measurement, until the adapter fault is fixed:
             1 x  epid=128 action=1 fault=1 addr=0x60000278c000
  == ATTRIBUTION == lifecycle pids: 1
    writes  script 1  /  whole traced subtree 1091
    sockets script 2  /  whole traced subtree 3
  == ROOTS (from /Users/runner/v2m-voFoRU/Observe/capture.json; the classifier reads no other source) ==
    project       /Users/runner/v2m-voFoRU/Observe
    home          /Users/runner
    jailHome      /Users/runner/v2m-voFoRU/jailhome
    globalStore   /Users/runner/.cache/nub/pm/store
    projectStore  /Users/runner/v2m-voFoRU/Observe/node_modules/.store
    interpreter   /Users/runner/hostedtoolcache/node/22.23.2/arm64
    toolsDir      /Users/runner/.cache/nub/pm/tools
    temp          /private/var/folders/bl/vzjcvbz95c3dk19cb0fw46180000gn/T/nub-tmp-obsQsSIzm
    npmPrefix     /Users/runner/.cache/nub/pm/tools/npm-prefix
    ownPkg        /Users/runner/v2m-voFoRU/Observe/node_modules/ccxt
    cwd           (null — this platform has no such root)
  == WRITES the script actually performed ==
    systemfs      1
        /dev/dtracehelper
  == READS the script performed, by scope ==
    outside       5
    systemfs      9
    userHome      2
    ownPkg       14
        outside: /
        outside: /bin/bash
        outside: /bin
        outside: /var/db/timezone/zoneinfo/UTC
        outside: /var/db/timezone/zoneinfo/posixrules
  == NETWORK ==
    AF_INET connects: 2   distinct peers: 2
        172.182.252.137:443
        172.67.71.29:443
  == REFUSALS (errno EPERM/EACCES/EROFS only; ENOENT is a miss, not a denial) ==
    distinct: 0
  == SYNTHESIZED GRANT (verify this in the real unprivileged jail) ==
    {"network":true}
  == writePaths (DERIVED — promotion out of the package's PRIVATE home) ==
    private-home writes observed: 0
    none declared — the script wrote nothing into its private home — there is nothing to promote
  == writePaths FEASIBILITY (distinct writes outside project/deps) ==
    count: 0
  EVICT[synth] 1 store entries removed, 0 spared as nub tooling, 323 in store
OSV-SCREEN {"schemaVersion":1,"kind":"nub-synth-resolved","status":"clean","digest":"2e08796cf09c4f66bc831fd84357fb43d82a11ebd4583b0e50aa25435eb038aa","specCount":2,"lockfiles":{"digest":"e3bb0a33bcbd1418b1f8a4a1a5709ddf3d3768190313f7670b0e002f96aa5fc9","files":[{"path":"nub.lock","sha256":"2486834cedadcba8b98fdf133af41a52770ad038168404a2cbe8ebb82eadbc3c","bytes":887}]},"maliciousAdvisories":[],"screenedAt":"2026-09-08T05:15:53.604Z","cacheHit":true,"clearancePath":"/Users/runner/v2m-voFoRU/security/nub-synth-resolved.json"}
  SECURITY nub-synth-resolved clean: 2 exact package-version(s), tree 2e08796cf09c (cached exact-tree clearance)
  VENUE-STORE-LAYOUT isolated
  VERIFY[synth] rc=0 artifacts=1528/1528 missing=0 shortfall=none (tree 4649/1555) OVERRIDDEN=3 REJECTED=0 grant={"network":true}
  => VERIFIED {"network":true}
  EVICT[nar-no-network] 2 store entries removed, 0 spared as nub tooling, 324 in store
OSV-SCREEN {"schemaVersion":1,"kind":"nub-nar-no-network-resolved","status":"clean","digest":"2e08796cf09c4f66bc831fd84357fb43d82a11ebd4583b0e50aa25435eb038aa","specCount":2,"lockfiles":{"digest":"e3bb0a33bcbd1418b1f8a4a1a5709ddf3d3768190313f7670b0e002f96aa5fc9","files":[{"path":"nub.lock","sha256":"2486834cedadcba8b98fdf133af41a52770ad038168404a2cbe8ebb82eadbc3c","bytes":887}]},"maliciousAdvisories":[],"screenedAt":"2026-09-08T05:15:53.604Z","cacheHit":true,"clearancePath":"/Users/runner/v2m-voFoRU/security/nub-nar-no-network-resolved.json"}
  SECURITY nub-nar-no-network-resolved clean: 2 exact package-version(s), tree 2e08796cf09c (cached exact-tree clearance)
  VERIFY[nar-no-network] rc=0 artifacts=1528/1528 missing=0 shortfall=none (tree 4649/1555) OVERRIDDEN=3 REJECTED=0 grant={}
     ⛔ OVER-PREDICTED — the strictly narrower {} also verifies; 'no-network' was not needed
### DONE ccxt@4.5.9  synthesized={"network":true} verified=1
