OSV-SCREEN {"schemaVersion":1,"kind":"direct","status":"clean","digest":"6ad5bb463f08b5c2eb41905530ad9f95d6493b58f027c9cdce7dfbfb22405bcb","specCount":1,"lockfiles":{"digest":null,"files":[]},"maliciousAdvisories":[],"screenedAt":"2026-09-08T10:02:25.588Z","cacheHit":false,"clearancePath":"/Users/runner/v2m-IaQR2N/security/direct.json"}
  SECURITY direct clean: 1 exact package-version(s), tree 6ad5bb463f08
### ctrlc-windows@0.2.0   (/Users/runner/v2m-IaQR2N)   nub=/tmp/nub/target/release/nub
  VENUE-NUB-BINARY {"path":"/tmp/nub/target/release/nub","sha256":"f923f9d246b7061a3e88675efb7b4fdcda741d02368002ce6e7f7044b01e7bbe","bytes":93818888,"features":{"buildJailCatalogOverride":true,"pythonDontWriteBytecodeEnv":true}}
  CI-ENV scrubbed: CI GITHUB_ACTIONS
  --- fbt preflight (advisory; never fails the run) ---
     csrutil: System Integrity Protection status: disabled.
     fbt probes visible: 93591
     fbt enable attempt: dtrace: description 'fbt:::entry ' matched 50364 probes CPU     ID                    FUNCTION:NAME 
     cwd builtin value:  
     fbt chdir symbols:  
     fbt fires on spawn-with-cwd: dtrace: invalid probe specifier fbt::chdir*:entry /progenyof($target)/ { @[probefunc] = count(); }: probe description fbt::chdir*:entry does not match any probes 
  --- end fbt preflight ---
OSV-SCREEN {"schemaVersion":1,"kind":"npm-observe-resolved","status":"clean","digest":"2fce1a668079b04e0629cbb3b01c2b9076201db7e5cb671c434b4c8f54ab9aa4","specCount":136,"lockfiles":{"digest":"845f2ae510b970c0fc23dcc9dfabb5a70a5365887ebf6ec267c780116532888e","files":[{"path":"package-lock.json","sha256":"69e0d429d7b91df54e452b85bac90419c237b6d496d6699ab2a54245827b4b8f","bytes":55777}]},"maliciousAdvisories":[],"screenedAt":"2026-09-08T10:02:37.078Z","cacheHit":false,"clearancePath":"/Users/runner/v2m-IaQR2N/security/npm-observe-resolved.json"}
  SECURITY npm-observe-resolved clean: 136 exact package-version(s), tree 2fce1a668079
  VENUE-CI-CHILD clean (no CI-detection variable reaches the traced script)
  --- wrapper (run.sh) ---
     cd "/Users/runner/v2m-IaQR2N/Observe"
     sudo -u "runner" -H env "PATH=$PATH"   "HOME=/Users/runner/v2m-IaQR2N/jailhome"   "TMPDIR=/private/var/folders/bl/vzjcvbz95c3dk19cb0fw46180000gn/T/nub-tmp-obsFiXcfA"   "NODE_COMPAT=1"   "PYTHONDONTWRITEBYTECODE=1"   "PLAYWRIGHT_BROWSERS_PATH=/Users/runner/.cache/nub/pm/tools/ms-playwright"   "ELECTRON_CACHE=/Users/runner/.cache/nub/pm/tools/electron-cache"   "electron_config_cache=/Users/runner/.cache/nub/pm/tools/electron-cache"   "npm_config_prefix=/Users/runner/.cache/nub/pm/tools/npm-prefix"   "/Users/runner/hostedtoolcache/node/22.23.2/arm64/bin/npm" rebuild --no-audit --no-fund "ctrlc-windows" > "/Users/runner/v2m-IaQR2N/Observe/npm.log" 2>&1
     echo $? > "/Users/runner/v2m-IaQR2N/Observe/rc"
  --- dtrace stderr + wrapper trace ---
     + cd /Users/runner/v2m-IaQR2N/Observe
     + sudo -u runner -H env PATH=/Users/runner/hostedtoolcache/node/22.23.2/arm64/bin:/opt/homebrew/lib/ruby/gems/3.3.0/bin:/opt/homebrew/opt/ruby@3.3/bin:/Users/runner/.local/bin:/opt/homebrew/bin:/opt/homebrew/sbin:/Users/runner/.cargo/bin:/usr/local/opt/curl/bin:/usr/local/bin:/usr/local/sbin:/Users/runner/bin:/Users/runner/.yarn/bin:/Users/runner/Library/Android/sdk/tools:/Users/runner/Library/Android/sdk/platform-tools:/Library/Frameworks/Python.framework/Versions/Current/bin:/Library/Frameworks/Mono.framework/Versions/Current/Commands:/usr/bin:/bin:/usr/sbin:/sbin:/Users/runner/.dotnet/tools HOME=/Users/runner/v2m-IaQR2N/jailhome TMPDIR=/private/var/folders/bl/vzjcvbz95c3dk19cb0fw46180000gn/T/nub-tmp-obsFiXcfA NODE_COMPAT=1 PYTHONDONTWRITEBYTECODE=1 PLAYWRIGHT_BROWSERS_PATH=/Users/runner/.cache/nub/pm/tools/ms-playwright ELECTRON_CACHE=/Users/runner/.cache/nub/pm/tools/electron-cache electron_config_cache=/Users/runner/.cache/nub/pm/tools/electron-cache npm_config_prefix=/Users/runner/.cache/nub/pm/tools/npm-prefix /Users/runner/hostedtoolcache/node/22.23.2/arm64/bin/npm rebuild --no-audit --no-fund ctrlc-windows
     dtrace: error on enabled probe ID 128 (ID 286: syscall::execve:entry): invalid address (0x6000039e90e0) in action #1 at DIF offset 20
     + echo 0
  OBSERVE   rc=0 dtrace_rc=0 files=6087 (pre=6085) trace=13329 lines
  CLOSURE   121 packages evicted per arm   store=/Users/runner/.cache/nub/pm/store
  RAWLOG-FILE /Users/runner/v2m-IaQR2N/Observe/trace.txt.gz
  RAWLOG-CAPTURE /Users/runner/v2m-IaQR2N/Observe/capture.json
  RAWLOG-BYTES raw=2249298 gz=73352
  VENUE-INTERPRETER /Users/runner/hostedtoolcache/node/22.23.2/arm64
  VENUE-OVERRIDES {"set":{"PATH":"inherited-and-forwarded","HOME":"/Users/runner/v2m-IaQR2N/jailhome","TMPDIR":"/private/var/folders/bl/vzjcvbz95c3dk19cb0fw46180000gn/T/nub-tmp-obsFiXcfA","NODE_COMPAT":"1","PYTHONDONTWRITEBYTECODE":"1","PLAYWRIGHT_BROWSERS_PATH":"/Users/runner/.cache/nub/pm/tools/ms-playwright","ELECTRON_CACHE":"/Users/runner/.cache/nub/pm/tools/electron-cache","electron_config_cache":"/Users/runner/.cache/nub/pm/tools/electron-cache","npm_config_prefix":"/Users/runner/.cache/nub/pm/tools/npm-prefix"},"unset":["(sudo env_reset discards the caller environment; every var above is re-set after it)","CI","GITHUB_ACTIONS"],"passedThrough":{"CI":"true","GITHUB_ACTIONS":"true","NODE_ENV":null}}
  VENUE-OBSERVE-USER runner uid=501 (R7: ordinary non-root user, asserted)
  ARM-FALSIFIABILITY {"manifestFiles":12,"filesTheScriptProduced":0,"reasons":["gate-vacuous"]}
  ⛔ ARMS-UNFALSIFIABLE — a green arm for this package carries no evidence:
       gate-vacuous: the script changed no file the artifact gate keys on — every file in the manifest (12) was already present at its final size before the script ran, so the gate passes in every arm including a completely broken one
       The grant may still be correct; what is missing is a signal that could have gone
       red. Do not read this record's MINIMAL as a passing measurement.
  EVENTLOG-FILE /Users/runner/v2m-IaQR2N/Observe/events.ndjson.gz
  EVENTLOG-STATS {"lines":13330,"parsed":13312,"unparsed":0,"live":true,"tracerErrors":1,"tracerErrorTotal":1,"unresolvedDirfd":27,"unresolvedFd":0,"pairedTwoPath":541,"danglingPair":0,"failed":5131,"enoent":5128,"refusals":0,"byErrno":{"ENXIO":3,"ENOENT":5128},"procs":7,"lifecyclePids":1,"distinctEvents":6380,"emitted":6380,"calls":12747,"bytes":1246207,"gzipBytes":42296,"out":"/Users/runner/v2m-IaQR2N/Observe/events.ndjson"}
  == TRACER == live=true decodable-events=3461 dropped-events=1
    NOTE 18 relative path(s) under a non-AT_FDCWD dirfd were not
       scope-assigned: resolving them against the cwd would invent a path.
    ⛔ CWD-UNOBSERVED 3 relative path(s) (0 write(s)) came from a lifecycle
       process whose own cwd was never observed
       macOS spawns with posix_spawn addchdir_np, which changes directory in-kernel and
       emits no chdir syscall, so the inherited cwd cannot be trusted. These are NOT
       scope-assigned; the grant below is WIDENED instead so it covers wherever they landed.
         pid=24904 read  unproven .
         pid=24905 read  unproven .
         pid=24908 read  unproven .
    CWD-RESOLVED 1 relative path(s) placed against the package dir
       and CONFIRMED by an artifact present after the run — not assumed.
    ⛔ THE TRACER DROPPED 1 EVENT(S). A dropped event is a path never
       seen, so the grant below can only be too NARROW — the direction that breaks installs.
       Treat it as a FLOOR, not a measurement, until the adapter fault is fixed:
             1 x  epid=128 action=1 fault=1 addr=0x6000039e90e0
  == ATTRIBUTION == lifecycle pids: 1
    writes  script 2  /  whole traced subtree 1092
    sockets script 1  /  whole traced subtree 2
  == ROOTS (from /Users/runner/v2m-IaQR2N/Observe/capture.json; the classifier reads no other source) ==
    project       /Users/runner/v2m-IaQR2N/Observe
    home          /Users/runner
    jailHome      /Users/runner/v2m-IaQR2N/jailhome
    globalStore   /Users/runner/.cache/nub/pm/store
    projectStore  /Users/runner/v2m-IaQR2N/Observe/node_modules/.store
    interpreter   /Users/runner/hostedtoolcache/node/22.23.2/arm64
    toolsDir      /Users/runner/.cache/nub/pm/tools
    temp          /private/var/folders/bl/vzjcvbz95c3dk19cb0fw46180000gn/T/nub-tmp-obsFiXcfA
    npmPrefix     /Users/runner/.cache/nub/pm/tools/npm-prefix
    ownPkg        /Users/runner/v2m-IaQR2N/Observe/node_modules/ctrlc-windows
    cwd           (null — this platform has no such root)
  == WRITES the script actually performed ==
    systemfs      1
        /dev/dtracehelper
    ownPkg        1  (base profile already grants this — NOT billed)
        /Users/runner/v2m-IaQR2N/Observe/node_modules/ctrlc-windows/dist
  == READS the script performed, by scope ==
    outside       9
    systemfs     13
    userHome      2
    deps        129
    ownPkg        2
        outside: /
        outside: /bin/bash
        outside: /bin
        outside: /usr/bin/env
        outside: /usr/bin
        outside: /var/db/timezone/icutz/icutz44l.dat
        outside: /etc/localtime
        outside: /var/db/timezone/zoneinfo/posixrules
        outside: /var/db/timezone/zoneinfo/UTC
  == NETWORK ==
    AF_INET connects: 1   distinct peers: 1
        172.182.252.133:443
  == REFUSALS (errno EPERM/EACCES/EROFS only; ENOENT is a miss, not a denial) ==
    distinct: 0
  == SYNTHESIZED GRANT (verify this in the real unprivileged jail) ==
    {"network":true}
  == writePaths (DERIVED — promotion out of the package's PRIVATE home) ==
    private-home writes observed: 0
    none declared — the script wrote nothing into its private home — there is nothing to promote
  == writePaths FEASIBILITY (distinct writes outside project/deps) ==
    count: 0
  EVICT[synth] 32 store entries removed, 8 spared as nub tooling, 363 in store
OSV-SCREEN {"schemaVersion":1,"kind":"nub-synth-resolved","status":"clean","digest":"2fce1a668079b04e0629cbb3b01c2b9076201db7e5cb671c434b4c8f54ab9aa4","specCount":136,"lockfiles":{"digest":"588eed61c8fd4f8ab954b552373e926dcb75ae72b1a5c2adb76239493a699cca","files":[{"path":"nub.lock","sha256":"46a26aabd0ce730fc77d32274956322c6874a4f93fe913acad3e9a6cdb3c79d0","bytes":32149}]},"maliciousAdvisories":[],"screenedAt":"2026-09-08T10:02:37.078Z","cacheHit":true,"clearancePath":"/Users/runner/v2m-IaQR2N/security/nub-synth-resolved.json"}
  SECURITY nub-synth-resolved clean: 136 exact package-version(s), tree 2fce1a668079 (cached exact-tree clearance)
  VENUE-STORE-LAYOUT isolated
  VERIFY[synth] rc=0 artifacts=12/12 missing=0 shortfall=none (tree 18255/6087) OVERRIDDEN=3 REJECTED=0 grant={"network":true}
  => VERIFIED {"network":true}
  EVICT[nar-no-network] 135 store entries removed, 8 spared as nub tooling, 466 in store
OSV-SCREEN {"schemaVersion":1,"kind":"nub-nar-no-network-resolved","status":"clean","digest":"2fce1a668079b04e0629cbb3b01c2b9076201db7e5cb671c434b4c8f54ab9aa4","specCount":136,"lockfiles":{"digest":"588eed61c8fd4f8ab954b552373e926dcb75ae72b1a5c2adb76239493a699cca","files":[{"path":"nub.lock","sha256":"46a26aabd0ce730fc77d32274956322c6874a4f93fe913acad3e9a6cdb3c79d0","bytes":32149}]},"maliciousAdvisories":[],"screenedAt":"2026-09-08T10:02:37.078Z","cacheHit":true,"clearancePath":"/Users/runner/v2m-IaQR2N/security/nub-nar-no-network-resolved.json"}
  SECURITY nub-nar-no-network-resolved clean: 136 exact package-version(s), tree 2fce1a668079 (cached exact-tree clearance)
  VERIFY[nar-no-network] rc=0 artifacts=12/12 missing=0 shortfall=none (tree 18255/6087) OVERRIDDEN=3 REJECTED=0 grant={}
     ⛔ OVER-PREDICTED — the strictly narrower {} also verifies; 'no-network' was not needed
### DONE ctrlc-windows@0.2.0  synthesized={"network":true} verified=1
