### electron@40.10.2   (/home/runner/v2-Svlz4T)
  CI-ENV scrubbed: CI GITHUB_ACTIONS
OSV-SCREEN {"schemaVersion":1,"kind":"direct","status":"clean","digest":"337f20c4626091f559f0c0bc47f167866fd1b7eb80f987ab46e6c4f18a016cfb","specCount":1,"lockfiles":{"digest":null,"files":[]},"maliciousAdvisories":[],"screenedAt":"2026-09-08T01:01:38.507Z","cacheHit":false,"clearancePath":"/home/runner/v2-Svlz4T/security/direct.json"}
  SECURITY direct clean: 1 exact package-version(s), tree 337f20c46260
  VENUE-OBSERVE-USER {"uid":1001,"user":"runner","umask":"0022","capBnd":"000001ffffffffff","noNewPrivs":"0"}
  VENUE-NUB-BINARY {"path":"/tmp/nub/target/release/nub","sha256":"2a18683f50f7afeb02a521cd3cae175dc2f91780d461c5f012065241f5a1447b","bytes":207643464,"features":{"buildJailCatalogOverride":true,"pythonDontWriteBytecodeEnv":true}}
OSV-SCREEN {"schemaVersion":1,"kind":"npm-observe-resolved","status":"clean","digest":"839df43ac264523604b389c389f55ce7fc082a4c184f1e750a9c292c9150b24f","specCount":70,"lockfiles":{"digest":"7740fbdf8dca1adb3fc606d86fa001c7b80c3cd88288cb039c838c67db1c53c9","files":[{"path":"package-lock.json","sha256":"acc664b25e015f53a341ab1878495f83fc9ae8321c17808afc943d258d6cfd60","bytes":29394}]},"maliciousAdvisories":[],"screenedAt":"2026-09-08T01:01:40.608Z","cacheHit":false,"clearancePath":"/home/runner/v2-Svlz4T/security/npm-observe-resolved.json"}
  SECURITY npm-observe-resolved clean: 70 exact package-version(s), tree 839df43ac264
  OBSERVE   rc=0 files=937 trace=14110 lines
  CLOSURE   68 packages evicted per arm
  ARM-FALSIFIABILITY {"manifestFiles":84,"filesTheScriptProduced":75,"reasons":[]}
  RAWLOG-FILE /home/runner/v2-Svlz4T/observe/trace.txt.gz
  RAWLOG-CAPTURE /home/runner/v2-Svlz4T/observe/capture.json
  RAWLOG-BYTES raw=2952470 gz=84881
  VENUE-INTERPRETER /opt/hostedtoolcache/node/22.23.2/x64
  VENUE-OVERRIDES {"set":{"HOME":"/home/runner/v2-Svlz4T/jailhome","TMPDIR":"/tmp/nub-tmp-obsLxOkSe","NODE_COMPAT":"1","PLAYWRIGHT_BROWSERS_PATH":"/home/runner/.cache/nub/pm/tools/ms-playwright","ELECTRON_CACHE":"/home/runner/.cache/nub/pm/tools/electron-cache","electron_config_cache":"/home/runner/.cache/nub/pm/tools/electron-cache","npm_config_prefix":"/home/runner/.cache/nub/pm/tools/npm-prefix","PYTHONDONTWRITEBYTECODE":"1","NUB_CACHE_DIR":"/home/runner/v2-Svlz4T/nubcache"},"unset":["CI","GITHUB_ACTIONS"],"passedThrough":{"CI":"true","GITHUB_ACTIONS":"true","NODE_ENV":null}}
  == ATTRIBUTION == attributed pids: 18
    writes  script 84  /  whole traced tree 1172
    sockets script 5  /  whole traced tree 9
  == ROOTS (from capture.json — R2: no ambient reads) ==
    project       /home/runner/v2-Svlz4T/observe
    home          /home/runner
    jailHome      /home/runner/v2-Svlz4T/jailhome
    globalStore   /home/runner/.cache/nub/pm/store   [declared, not keyed on]
    projectStore  /home/runner/v2-Svlz4T/observe/node_modules/.store   [declared, not keyed on]
    interpreter   /opt/hostedtoolcache/node/22.23.2/x64   [declared, not keyed on]
    toolsDir      /home/runner/.cache/nub/pm/tools   [declared, not keyed on]
    temp          /tmp/nub-tmp-obsLxOkSe
    npmPrefix     /home/runner/.cache/nub/pm/tools/npm-prefix
    ownPkg        /home/runner/v2-Svlz4T/observe/node_modules/electron
  == WRITES the script actually performed ==
    jailTmp       4  (base profile already grants this — NOT billed)
        /tmp/nub-tmp-obsLxOkSe/electron-download-ID7LaX
        /tmp/nub-tmp-obsLxOkSe/electron-download-ID7LaX/electron-v40.10.2-linux-x64.zip
        /tmp/nub-tmp-obsLxOkSe/electron-download-dHqzmw
        /tmp/nub-tmp-obsLxOkSe/electron-download-dHqzmw/SHASUMS256.txt
    userHome      2
    ownPkg       78  (base profile already grants this — NOT billed)
        /home/runner/v2-Svlz4T/observe/node_modules/electron/dist
        /home/runner/v2-Svlz4T/observe/node_modules/electron/dist/chrome-sandbox
        /home/runner/v2-Svlz4T/observe/node_modules/electron/dist/locales
        /home/runner/v2-Svlz4T/observe/node_modules/electron/dist/locales/ar.pak
        /home/runner/v2-Svlz4T/observe/node_modules/electron/dist/locales/kn.pak
        /home/runner/v2-Svlz4T/observe/node_modules/electron/dist/LICENSE
        /home/runner/v2-Svlz4T/observe/node_modules/electron/dist/locales/da.pak
        /home/runner/v2-Svlz4T/observe/node_modules/electron/dist/locales/nb.pak
        /home/runner/v2-Svlz4T/observe/node_modules/electron/dist/locales/th.pak
        /home/runner/v2-Svlz4T/observe/node_modules/electron/dist/locales/pl.pak
        … and 68 more
  == NETWORK ==
    AF_INET sockets: 5   distinct peers: 3
        127.0.0.53:53
        104.16.0.34:443
        140.82.112.4:443
  == REFUSALS (only `= -1 EACCES/EPERM/EROFS`) ==
    distinct: 0
  == SYNTHESIZED GRANT (verify this in the real unprivileged jail) ==
    {"write":{"userHome":true},"network":true}
  == writePaths (DERIVED — promotion out of the package's PRIVATE home) ==
    private-home writes observed: 0
    none declared — the script wrote nothing into its private home — there is nothing to promote
    2 write(s) landed in the REAL home by absolute path, so promotion cannot reach them — nub moves OUT of the private home, and nothing of theirs is in it. Only `write:{userHome}` covers these; emitting `writePaths` instead would be an UNDER-GRANT.
  == writePaths FEASIBILITY (distinct writes outside project/deps) ==
    count: 2
        .cache/nub/pm/tools/electron-cache/3978a3c4a2965533dc07f99112894e7e7f80c9ea0f13e2a48cd5a29593568fb2
        .cache/nub/pm/tools/electron-cache/3978a3c4a2965533dc07f99112894e7e7f80c9ea0f13e2a48cd5a29593568fb2/electron-v40.10.2-linux-x64.zip
    EVENTS    5443 distinct from 13986 calls (14111 lines, 97 rejoined, 0 unparsed)
    PROCS     25   lifecycle shells 13
    ⛔ 3 paths with an UNRESOLVED dirfd — kept, marked, never guessed
    unsubscribed/unmapped syscalls: getsockname×35 setsockopt×33 exit×20 getsockopt×18 recvmsg×11 getcwd×5 sendmmsg×3 socketpair×3
    wrote /home/runner/v2-Svlz4T/observe/events.ndjson.gz (37355 bytes)
  EVENTLOG-FILE /home/runner/v2-Svlz4T/observe/events.ndjson.gz
  EVENTLOG-STATS {"lines":14111,"parsed":13986,"unparsed":0,"unfinished":97,"rejoined":97,"unresolvedDirfd":3,"truncatedArg":0,"procs":25,"lifecyclePids":13,"distinctEvents":5443,"unknownSyscall":{"getsockname":35,"getsockopt":18,"getcwd":5,"recvmsg":11,"exit":20,"setsockopt":33,"sendmmsg":3,"socketpair":3,"shutdown":3,"getpeername":2,"exit_group":3,"wait4":3},"out":"/home/runner/v2-Svlz4T/observe/events.ndjson.gz","gzipBytes":37355}
  EVICT     41 store entries removed, 3 spared as nub tooling
  SE-PURGE  0 side-effects-cache entries for electron
OSV-SCREEN {"schemaVersion":1,"kind":"nub-synth-resolved","status":"clean","digest":"839df43ac264523604b389c389f55ce7fc082a4c184f1e750a9c292c9150b24f","specCount":70,"lockfiles":{"digest":"6f2ae1df33568f1676a88bdd18f887a62ce5cde9511b9f568da51814d35821e1","files":[{"path":"nub.lock","sha256":"a2fdff795dd7f080f046587b16dbdc836f46c30714fc40265ce16d7da90242e6","bytes":17225}]},"maliciousAdvisories":[],"screenedAt":"2026-09-08T01:01:40.608Z","cacheHit":true,"clearancePath":"/home/runner/v2-Svlz4T/security/nub-synth-resolved.json"}
  SECURITY nub-synth-resolved clean: 70 exact package-version(s), tree 839df43ac264 (cached exact-tree clearance)
  VENUE-STORE-LAYOUT isolated
  VERIFY[synth] rc=0 artifacts=84/84 missing=0 shortfall=none (tree 3147/937) OVERRIDDEN=2 REJECTED=0 grant={"write":{"userHome":true},"network":true}
  => VERIFIED {"write":{"userHome":true},"network":true}   (observed, then verified)
  EVICT     67 store entries removed, 3 spared as nub tooling
  SE-PURGE  0 side-effects-cache entries for electron
OSV-SCREEN {"schemaVersion":1,"kind":"nub-drop-no-network-resolved","status":"clean","digest":"839df43ac264523604b389c389f55ce7fc082a4c184f1e750a9c292c9150b24f","specCount":70,"lockfiles":{"digest":"6f2ae1df33568f1676a88bdd18f887a62ce5cde9511b9f568da51814d35821e1","files":[{"path":"nub.lock","sha256":"a2fdff795dd7f080f046587b16dbdc836f46c30714fc40265ce16d7da90242e6","bytes":17225}]},"maliciousAdvisories":[],"screenedAt":"2026-09-08T01:01:40.608Z","cacheHit":true,"clearancePath":"/home/runner/v2-Svlz4T/security/nub-drop-no-network-resolved.json"}
  SECURITY nub-drop-no-network-resolved clean: 70 exact package-version(s), tree 839df43ac264 (cached exact-tree clearance)
  VERIFY[drop-no-network] rc=1 artifacts=9/84 missing=75 shortfall=b426b4c087be (tree 2923/937) OVERRIDDEN=2 REJECTED=0 grant={"write":{"userHome":true}}
       missing: dist/LICENSE, dist/LICENSES.chromium.html, dist/chrome-sandbox, dist/chrome_100_percent.pak, dist/chrome_200_percent.pak, dist/chrome_crashpad_handler (+69)
     'no-network' is NECESSARY — dropping it fails to verify
  EVICT     67 store entries removed, 3 spared as nub tooling
  SE-PURGE  0 side-effects-cache entries for electron
OSV-SCREEN {"schemaVersion":1,"kind":"nub-drop-no-write-userHome-resolved","status":"clean","digest":"839df43ac264523604b389c389f55ce7fc082a4c184f1e750a9c292c9150b24f","specCount":70,"lockfiles":{"digest":"6f2ae1df33568f1676a88bdd18f887a62ce5cde9511b9f568da51814d35821e1","files":[{"path":"nub.lock","sha256":"a2fdff795dd7f080f046587b16dbdc836f46c30714fc40265ce16d7da90242e6","bytes":17225}]},"maliciousAdvisories":[],"screenedAt":"2026-09-08T01:01:40.608Z","cacheHit":true,"clearancePath":"/home/runner/v2-Svlz4T/security/nub-drop-no-write-userHome-resolved.json"}
  SECURITY nub-drop-no-write-userHome-resolved clean: 70 exact package-version(s), tree 839df43ac264 (cached exact-tree clearance)
  VERIFY[drop-no-write-userHome] rc=0 artifacts=84/84 missing=0 shortfall=none (tree 3147/937) OVERRIDDEN=2 REJECTED=0 grant={"network":true}
     ⛔ OVER-PREDICTED: dropping 'no-write-userHome' STILL VERIFIES — {"network":true} is sufficient
  => OVER-PREDICTED by: no-write-userHome  (synthesized {"write":{"userHome":true},"network":true}; each named capability drops on its own)
