OSV-SCREEN {"schemaVersion":1,"kind":"direct","status":"clean","digest":"8c5bd90bfabda9b85130fc6032d620f92dca3d0579f1d08a13bbb7a2281c9854","specCount":1,"lockfiles":{"digest":null,"files":[]},"maliciousAdvisories":[],"screenedAt":"2026-08-27T08:18:30.970Z","cacheHit":false,"clearancePath":"/Users/runner/v2m-DUWeFO/security/direct.json"}
  SECURITY direct clean: 1 exact package-version(s), tree 8c5bd90bfabd
  ERA-NODE PINNED 12.22.12 (provisioned) (arms will run: v12.22.12)
  ERA-PYTHON /Users/runner/hostedtoolcache/Python/3.9.13/arm64/bin/python (Python 3.9.13) for era Node 12, whose node-gyp requires python3-legacy
  ARM-MAKE /usr/bin/make (GNU Make 3.81) — the system make; a build needing GNU Make 4 WILL fail here
### ngx-infinite-scroll@6.9.1   (/Users/runner/v2m-DUWeFO)   nub=/tmp/nub/target/release/nub
  VENUE-NUB-BINARY {"path":"/tmp/nub/target/release/nub","sha256":"69e622342d0c8393c78fa50a01dc9cc0a94371ac9b106b59bdcc016f06d86d30","bytes":94535576,"features":{"buildJailCatalogOverride":true,"pythonDontWriteBytecodeEnv":true}}
  CI-ENV scrubbed: CI GITHUB_ACTIONS
  --- fbt preflight (advisory; never fails the run) ---
     csrutil: System Integrity Protection status: disabled.
     fbt probes visible: 93577
     fbt enable attempt: dtrace: description 'fbt:::entry ' matched 50357 probes CPU     ID                    FUNCTION:NAME 
     cwd builtin value:  
     fbt chdir symbols:  
     fbt fires on spawn-with-cwd: dtrace: invalid probe specifier fbt::chdir*:entry /progenyof($target)/ { @[probefunc] = count(); }: probe description fbt::chdir*:entry does not match any probes 
  --- end fbt preflight ---
  ERA-RESOLUTION DATED 2020-06-04T15:44:27.695Z (deps as of the package's own publish date + 1d)
OSV-SCREEN {"schemaVersion":1,"kind":"npm-observe-resolved","status":"clean","digest":"49f228a3e395dcd4e14e00b69208b3a4d572e1f6b862d0159f41440f92b30312","specCount":6,"lockfiles":{"digest":"624640fe1bb849cfaaa6fa6d89b336286dcee096862aa35e0b9cd6453a5890b7","files":[{"path":"package-lock.json","sha256":"979cc38f704ebdd6741798306bd75691e56ed1c9cb120ebf558ade7ece5a90bb","bytes":2575}]},"maliciousAdvisories":[],"screenedAt":"2026-08-27T08:18:42.213Z","cacheHit":false,"clearancePath":"/Users/runner/v2m-DUWeFO/security/npm-observe-resolved.json"}
  SECURITY npm-observe-resolved clean: 6 exact package-version(s), tree 49f228a3e395
  ARM-PATH SANITISED (dropped 1: /Users/runner/.yarn/bin)
  ARM-AMBIENT-TOOLS none
  ARM-SCAFFOLD 1 added: opencollective-postinstall@2.0.2
  ARM-UNPROVIDABLE none
  ARM-SCAFFOLD-INSTALL rc=0
  VENUE-CI-CHILD clean (no CI-detection variable reaches the traced script)
  --- wrapper (run.sh) ---
     cd "/Users/runner/v2m-DUWeFO/Observe"
     sudo -u "runner" -H env "PATH=/Users/runner/v2m-DUWeFO/Observe/node_modules/.bin:/Users/runner/.cache/nub/era-node/12.22.12/node-v12.22.12-darwin-x64/bin:/Users/runner/hostedtoolcache/node/22.23.2/arm64/bin:/opt/homebrew/lib/ruby/gems/3.3.0/bin:/opt/homebrew/opt/ruby@3.3/bin:/Users/runner/.local/bin:/opt/homebrew/bin:/opt/homebrew/sbin:/Users/runner/.cargo/bin:/usr/local/opt/curl/bin:/usr/local/bin:/usr/local/sbin:/Users/runner/bin:/Users/runner/Library/Android/sdk/tools:/Users/runner/Library/Android/sdk/platform-tools:/Library/Frameworks/Python.framework/Versions/Current/bin:/Library/Frameworks/Mono.framework/Versions/Current/Commands:/usr/bin:/bin:/usr/sbin:/sbin:/Users/runner/.dotnet/tools"   "HOME=/Users/runner/v2m-DUWeFO/jailhome"   "TMPDIR=/private/var/folders/_5/zjnzxgh147qcg3bb5cg2wvqw0000gn/T/nub-tmp-obsIzLYEb"   "NODE_COMPAT=1"   "PYTHONDONTWRITEBYTECODE=1"   "PLAYWRIGHT_BROWSERS_PATH=/Users/runner/.cache/nub/pm/tools/ms-playwright"   "ELECTRON_CACHE=/Users/runner/.cache/nub/pm/tools/electron-cache"   "electron_config_cache=/Users/runner/.cache/nub/pm/tools/electron-cache"   "npm_config_prefix=/Users/runner/.cache/nub/pm/tools/npm-prefix"   PYTHON=/Users/runner/hostedtoolcache/Python/3.9.13/arm64/bin/python   npm rebuild --no-audit --no-fund "ngx-infinite-scroll" > "/Users/runner/v2m-DUWeFO/Observe/npm.log" 2>&1
     echo $? > "/Users/runner/v2m-DUWeFO/Observe/rc"
  --- dtrace stderr + wrapper trace ---
     + cd /Users/runner/v2m-DUWeFO/Observe
     + sudo -u runner -H env PATH=/Users/runner/v2m-DUWeFO/Observe/node_modules/.bin:/Users/runner/.cache/nub/era-node/12.22.12/node-v12.22.12-darwin-x64/bin:/Users/runner/hostedtoolcache/node/22.23.2/arm64/bin:/opt/homebrew/lib/ruby/gems/3.3.0/bin:/opt/homebrew/opt/ruby@3.3/bin:/Users/runner/.local/bin:/opt/homebrew/bin:/opt/homebrew/sbin:/Users/runner/.cargo/bin:/usr/local/opt/curl/bin:/usr/local/bin:/usr/local/sbin:/Users/runner/bin:/Users/runner/Library/Android/sdk/tools:/Users/runner/Library/Android/sdk/platform-tools:/Library/Frameworks/Python.framework/Versions/Current/bin:/Library/Frameworks/Mono.framework/Versions/Current/Commands:/usr/bin:/bin:/usr/sbin:/sbin:/Users/runner/.dotnet/tools HOME=/Users/runner/v2m-DUWeFO/jailhome TMPDIR=/private/var/folders/_5/zjnzxgh147qcg3bb5cg2wvqw0000gn/T/nub-tmp-obsIzLYEb NODE_COMPAT=1 PYTHONDONTWRITEBYTECODE=1 PLAYWRIGHT_BROWSERS_PATH=/Users/runner/.cache/nub/pm/tools/ms-playwright ELECTRON_CACHE=/Users/runner/.cache/nub/pm/tools/electron-cache electron_config_cache=/Users/runner/.cache/nub/pm/tools/electron-cache npm_config_prefix=/Users/runner/.cache/nub/pm/tools/npm-prefix PYTHON=/Users/runner/hostedtoolcache/Python/3.9.13/arm64/bin/python npm rebuild --no-audit --no-fund ngx-infinite-scroll
     dtrace: error on enabled probe ID 128 (ID 286: syscall::execve:entry): invalid address (0x6000015e8090) in action #1 at DIF offset 20
     + echo 0
  OBSERVE   rc=0 dtrace_rc=0 files=38 (pre=36) trace=11340 lines
  CLOSURE   2 packages evicted per arm   store=/Users/runner/.cache/nub/pm/store
  RAWLOG-FILE /Users/runner/v2m-DUWeFO/Observe/trace.txt.gz
  RAWLOG-CAPTURE /Users/runner/v2m-DUWeFO/Observe/capture.json
  RAWLOG-BYTES raw=1650126 gz=70530
  VENUE-INTERPRETER /Users/runner/hostedtoolcache/node/22.23.2/arm64
  VENUE-NODE-SELECTION {"pkg":"ngx-infinite-scroll","packageVersion":"6.9.1","major":12,"version":"12.22.12","npm":"6.14.16","pinnable":true,"engines":null,"publishedAt":"2020-06-03T15:44:27.695Z","eraMajor":12,"startMajor":12,"raisedByEngines":false,"enginesUnsatisfiable":false,"clampedToFloor":false,"clampedToCeiling":false,"matrixFloor":4,"matrixCeiling":26,"lookupFailure":null,"pinned":true,"pinnedBin":"/Users/runner/.cache/nub/era-node/12.22.12/node-v12.22.12-darwin-x64/bin","eraNodeRoot":"/Users/runner/.cache/nub"}
  VENUE-OVERRIDES {"set":{"PATH":"inherited-and-forwarded","HOME":"/Users/runner/v2m-DUWeFO/jailhome","TMPDIR":"/private/var/folders/_5/zjnzxgh147qcg3bb5cg2wvqw0000gn/T/nub-tmp-obsIzLYEb","NODE_COMPAT":"1","PYTHONDONTWRITEBYTECODE":"1","PLAYWRIGHT_BROWSERS_PATH":"/Users/runner/.cache/nub/pm/tools/ms-playwright","ELECTRON_CACHE":"/Users/runner/.cache/nub/pm/tools/electron-cache","electron_config_cache":"/Users/runner/.cache/nub/pm/tools/electron-cache","npm_config_prefix":"/Users/runner/.cache/nub/pm/tools/npm-prefix"},"unset":["(sudo env_reset discards the caller environment; every var above is re-set after it)","CI","GITHUB_ACTIONS"],"passedThrough":{"CI":"true","GITHUB_ACTIONS":"true","NODE_ENV":null}}
  VENUE-OBSERVE-USER runner uid=501 (R7: ordinary non-root user, asserted)
  ARM-FALSIFIABILITY {"manifestFiles":24,"filesTheScriptProduced":0,"reasons":["gate-vacuous","rc-vacuous"]}
  ⛔ ARMS-UNFALSIFIABLE — a green arm for this package carries no evidence:
       gate-vacuous: the script changed no file the artifact gate keys on — every file in the manifest (24) was already present at its final size before the script ran, so the gate passes in every arm including a completely broken one
       rc-vacuous: `postinstall` ends in a status-swallowing construct (`opencollective-postinstall || exit 0`), so its exit code is 0 whether the work succeeded or failed
       The grant may still be correct; what is missing is a signal that could have gone
       red. Do not read this record's MINIMAL as a passing measurement.
  EVENTLOG-FILE /Users/runner/v2m-DUWeFO/Observe/events.ndjson.gz
  EVENTLOG-STATS {"lines":11341,"parsed":11323,"unparsed":0,"live":true,"tracerErrors":1,"tracerErrorTotal":1,"unresolvedDirfd":24,"unresolvedFd":0,"pairedTwoPath":1,"danglingPair":0,"failed":9460,"enoent":9455,"refusals":0,"byErrno":{"ENXIO":3,"ENOENT":9455,"EEXIST":2},"procs":6,"lifecyclePids":1,"distinctEvents":5677,"emitted":5677,"calls":11280,"bytes":966371,"gzipBytes":36813,"out":"/Users/runner/v2m-DUWeFO/Observe/events.ndjson"}
  == TRACER == live=true decodable-events=691 dropped-events=1
    NOTE 16 relative path(s) under a non-AT_FDCWD dirfd were not
       scope-assigned: resolving them against the cwd would invent a path.
    ⛔ CWD-UNOBSERVED 2 relative path(s) (0 write(s)) came from a lifecycle
       process whose own cwd was never observed
       macOS spawns with posix_spawn addchdir_np, which changes directory in-kernel and
       emits no chdir syscall, so the inherited cwd cannot be trusted. These are NOT
       scope-assigned; the grant below is WIDENED instead so it covers wherever they landed.
         pid=50087 read  unproven .
         pid=50088 read  unproven .
    ⛔ THE TRACER DROPPED 1 EVENT(S). A dropped event is a path never
       seen, so the grant below can only be too NARROW — the direction that breaks installs.
       Treat it as a FLOOR, not a measurement, until the adapter fault is fixed:
             1 x  epid=128 action=1 fault=1 addr=0x6000015e8090
  == ATTRIBUTION == lifecycle pids: 1
    writes  script 0  /  whole traced subtree 5
    sockets script 0  /  whole traced subtree 0
  == ROOTS (from /Users/runner/v2m-DUWeFO/Observe/capture.json; the classifier reads no other source) ==
    project       /Users/runner/v2m-DUWeFO/Observe
    home          /Users/runner
    jailHome      /Users/runner/v2m-DUWeFO/jailhome
    globalStore   /Users/runner/.cache/nub/pm/store
    projectStore  /Users/runner/v2m-DUWeFO/Observe/node_modules/.store
    interpreter   /Users/runner/hostedtoolcache/node/22.23.2/arm64
    toolsDir      /Users/runner/.cache/nub/pm/tools
    temp          /private/var/folders/_5/zjnzxgh147qcg3bb5cg2wvqw0000gn/T/nub-tmp-obsIzLYEb
    npmPrefix     /Users/runner/.cache/nub/pm/tools/npm-prefix
    ownPkg        /Users/runner/v2m-DUWeFO/Observe/node_modules/ngx-infinite-scroll
    cwd           (null — this platform has no such root)
  == WRITES the script actually performed ==
  == READS the script performed, by scope ==
    systemfs      7
    outside       6
    userHome      2
    deps          2
    ownPkg        1
        outside: /
        outside: /bin/sh
        outside: /bin
        outside: /bin/bash
        outside: /usr/bin/env
        outside: /usr/bin
  == NETWORK ==
    AF_INET connects: 0   distinct peers: 0
  == REFUSALS (errno EPERM/EACCES/EROFS only; ENOENT is a miss, not a denial) ==
    distinct: 0
  == SYNTHESIZED GRANT (verify this in the real unprivileged jail) ==
    {}
  == writePaths (DERIVED — promotion out of the package's PRIVATE home) ==
    private-home writes observed: 0
    none declared — the script wrote nothing into its private home — there is nothing to promote
  == writePaths FEASIBILITY (distinct writes outside project/deps) ==
    count: 0
  EVICT[synth] 0 store entries removed, 0 spared as nub tooling, 741 in store
OSV-SCREEN {"schemaVersion":1,"kind":"nub-synth-resolved","status":"clean","digest":"2b40cf4d35405bf28d1cebe8f6384d5fcf6522f0ae11c842b8cf83e53ff66986","specCount":5,"lockfiles":{"digest":"0b032cfb240b00160abe75aefa7a8a1e10ef6ad8e95864612b0010d4e7d95cf7","files":[{"path":"nub.lock","sha256":"6d775c106f1982a9d96ce500712dddac51420d193313f21e55d009985e6683c8","bytes":2196}]},"maliciousAdvisories":[],"screenedAt":"2026-08-27T08:18:52.432Z","cacheHit":false,"clearancePath":"/Users/runner/v2m-DUWeFO/security/nub-synth-resolved.json"}
  SECURITY nub-synth-resolved clean: 5 exact package-version(s), tree 2b40cf4d3540
  VENUE-STORE-LAYOUT isolated
  VERIFY[synth] rc=0 artifacts=24/24 missing=0 shortfall=none (tree 25362/38) OVERRIDDEN=3 REJECTED=0 grant={}
  => VERIFIED {}
  NARROW    no capability to drop — the grant is already empty; over-prediction is 0 by construction
### DONE ngx-infinite-scroll@6.9.1  synthesized={} verified=1
