### saucectl@0.43.1   (/home/runner/v2-4L0J3y)
  CI-ENV scrubbed: CI GITHUB_ACTIONS
OSV-SCREEN {"schemaVersion":1,"kind":"direct","status":"clean","digest":"043594233650f9c5b70cc1f9d6e2bc4255cea4be7bfe63688a01c3cc590984f8","specCount":1,"lockfiles":{"digest":null,"files":[]},"maliciousAdvisories":[],"screenedAt":"2026-09-09T03:27:00.175Z","cacheHit":false,"clearancePath":"/home/runner/v2-4L0J3y/security/direct.json"}
  SECURITY direct clean: 1 exact package-version(s), tree 043594233650
  VENUE-OBSERVE-USER {"uid":1001,"user":"runner","umask":"0022","capBnd":"000001ffffffffff","noNewPrivs":"0"}
  VENUE-NUB-BINARY {"path":"/tmp/nub/target/release/nub","sha256":"2a18683f50f7afeb02a521cd3cae175dc2f91780d461c5f012065241f5a1447b","bytes":207643464,"features":{"buildJailCatalogOverride":true,"pythonDontWriteBytecodeEnv":true}}
OSV-SCREEN {"schemaVersion":1,"kind":"npm-observe-resolved","status":"clean","digest":"e19afc383897ade3890bdc86c63891e73c7f159deac240b7fc6852a61787ef8a","specCount":166,"lockfiles":{"digest":"f96cb066a452ac10b5c9ebb3990ff8b829e9e28be98d4e28a130b224e7e5ea81","files":[{"path":"package-lock.json","sha256":"6ff03540f6e80b8d5c0ad083fbd2b1180c821a3a6a37c223c2627f3d09c05e8f","bytes":71112}]},"maliciousAdvisories":[],"screenedAt":"2026-09-09T03:27:02.451Z","cacheHit":false,"clearancePath":"/home/runner/v2-4L0J3y/security/npm-observe-resolved.json"}
  SECURITY npm-observe-resolved clean: 166 exact package-version(s), tree e19afc383897
  OBSERVE   rc=0 files=1114 trace=15242 lines
  CLOSURE   152 packages evicted per arm
  ARM-FALSIFIABILITY {"manifestFiles":8,"filesTheScriptProduced":2,"reasons":[]}
  RAWLOG-FILE /home/runner/v2-4L0J3y/observe/trace.txt.gz
  RAWLOG-CAPTURE /home/runner/v2-4L0J3y/observe/capture.json
  RAWLOG-BYTES raw=3209124 gz=96837
  VENUE-INTERPRETER /opt/hostedtoolcache/node/22.23.2/x64
  VENUE-OVERRIDES {"set":{"HOME":"/home/runner/v2-4L0J3y/jailhome","TMPDIR":"/tmp/nub-tmp-obs7T16Ez","NODE_COMPAT":"1","PLAYWRIGHT_BROWSERS_PATH":"/home/runner/.cache/nub/pm/tools/ms-playwright","ELECTRON_CACHE":"/home/runner/.cache/nub/pm/tools/electron-cache","electron_config_cache":"/home/runner/.cache/nub/pm/tools/electron-cache","npm_config_prefix":"/home/runner/.cache/nub/pm/tools/npm-prefix","PYTHONDONTWRITEBYTECODE":"1","NUB_CACHE_DIR":"/home/runner/v2-4L0J3y/nubcache"},"unset":["CI","GITHUB_ACTIONS"],"passedThrough":{"CI":"true","GITHUB_ACTIONS":"true","NODE_ENV":null}}
  == ATTRIBUTION == attributed pids: 28
    writes  script 3  /  whole traced tree 1091
    sockets script 5  /  whole traced tree 11
  == ROOTS (from capture.json — R2: no ambient reads) ==
    project       /home/runner/v2-4L0J3y/observe
    home          /home/runner
    jailHome      /home/runner/v2-4L0J3y/jailhome
    globalStore   /home/runner/.cache/nub/pm/store   [declared, not keyed on]
    projectStore  /home/runner/v2-4L0J3y/observe/node_modules/.store   [declared, not keyed on]
    interpreter   /opt/hostedtoolcache/node/22.23.2/x64   [declared, not keyed on]
    toolsDir      /home/runner/.cache/nub/pm/tools   [declared, not keyed on]
    temp          /tmp/nub-tmp-obs7T16Ez
    npmPrefix     /home/runner/.cache/nub/pm/tools/npm-prefix
    ownPkg        /home/runner/v2-4L0J3y/observe/node_modules/saucectl
  == WRITES the script actually performed ==
    ownPkg        3  (base profile already grants this — NOT billed)
        /home/runner/v2-4L0J3y/observe/node_modules/saucectl/bin
        /home/runner/v2-4L0J3y/observe/node_modules/saucectl/bin/LICENSE
        /home/runner/v2-4L0J3y/observe/node_modules/saucectl/bin/saucectl
  == NETWORK ==
    AF_INET sockets: 5   distinct peers: 3
        127.0.0.53:53
        104.16.2.34:443
        140.82.116.3:443
  == REFUSALS (only `= -1 EACCES/EPERM/EROFS`) ==
    distinct: 0
  == SYNTHESIZED GRANT (verify this in the real unprivileged jail) ==
    {"network":true}
  == writePaths (DERIVED — promotion out of the package's PRIVATE home) ==
    private-home writes observed: 0
    none declared — the script wrote nothing into its private home — there is nothing to promote
  == writePaths FEASIBILITY (distinct writes outside project/deps) ==
    count: 0
    EVENTS    6782 distinct from 14861 calls (15243 lines, 342 rejoined, 0 unparsed)
    PROCS     35   lifecycle shells 23
    ⛔ 3 paths with an UNRESOLVED dirfd — kept, marked, never guessed
    unsubscribed/unmapped syscalls: setsockopt×57 getsockname×31 exit×20 getsockopt×13 recvmsg×11 socketpair×9 shutdown×7 getcwd×5
    wrote /home/runner/v2-4L0J3y/observe/events.ndjson.gz (43640 bytes)
  EVENTLOG-FILE /home/runner/v2-4L0J3y/observe/events.ndjson.gz
  EVENTLOG-STATS {"lines":15243,"parsed":14861,"unparsed":0,"unfinished":342,"rejoined":342,"unresolvedDirfd":3,"truncatedArg":0,"procs":35,"lifecyclePids":23,"distinctEvents":6782,"unknownSyscall":{"getsockname":31,"getsockopt":13,"getcwd":5,"recvmsg":11,"exit":20,"setsockopt":57,"sendmmsg":3,"socketpair":9,"shutdown":7,"exit_group":5,"wait4":5},"out":"/home/runner/v2-4L0J3y/observe/events.ndjson.gz","gzipBytes":43640}
  EVICT     162 store entries removed, 5 spared as nub tooling
  SE-PURGE  0 side-effects-cache entries for saucectl
OSV-SCREEN {"schemaVersion":1,"kind":"nub-synth-resolved","status":"clean","digest":"3cc83537d5a53fed925f4d5947ea87639ad9acc7003ea8e9e52a0e672b550819","specCount":170,"lockfiles":{"digest":"b3bf6796201799ae347a64f271f3d0be8bd843d8650d03881a7a78d593f92ccd","files":[{"path":"nub.lock","sha256":"54d1b8072169fada0c8726e644aa62cda88b96133b5c9a9ac41c9269fe327a98","bytes":40151}]},"maliciousAdvisories":[],"screenedAt":"2026-09-09T03:27:08.171Z","cacheHit":false,"clearancePath":"/home/runner/v2-4L0J3y/security/nub-synth-resolved.json"}
  SECURITY nub-synth-resolved clean: 170 exact package-version(s), tree 3cc83537d5a5
  VENUE-STORE-LAYOUT isolated
  VERIFY[synth] rc=0 artifacts=8/8 missing=0 shortfall=none (tree 4362/1114) OVERRIDDEN=2 REJECTED=0 grant={"network":true}
  => VERIFIED {"network":true}   (observed, then verified)
  EVICT     165 store entries removed, 5 spared as nub tooling
  SE-PURGE  0 side-effects-cache entries for saucectl
OSV-SCREEN {"schemaVersion":1,"kind":"nub-drop-no-network-resolved","status":"clean","digest":"3cc83537d5a53fed925f4d5947ea87639ad9acc7003ea8e9e52a0e672b550819","specCount":170,"lockfiles":{"digest":"b3bf6796201799ae347a64f271f3d0be8bd843d8650d03881a7a78d593f92ccd","files":[{"path":"nub.lock","sha256":"54d1b8072169fada0c8726e644aa62cda88b96133b5c9a9ac41c9269fe327a98","bytes":40151}]},"maliciousAdvisories":[],"screenedAt":"2026-09-09T03:27:08.171Z","cacheHit":true,"clearancePath":"/home/runner/v2-4L0J3y/security/nub-drop-no-network-resolved.json"}
  SECURITY nub-drop-no-network-resolved clean: 170 exact package-version(s), tree 3cc83537d5a5 (cached exact-tree clearance)
  VERIFY[drop-no-network] rc=1 artifacts=6/8 missing=2 shortfall=e4e32fdf5a57 (tree 4357/1114) OVERRIDDEN=2 REJECTED=0 grant={}
       missing: bin/LICENSE, bin/saucectl
     'no-network' is NECESSARY — dropping it fails to verify
  => MINIMAL — every capability in {"network":true} is independently necessary
