### ms-chromium-edge-driver@0.3.0   (/home/runner/v2-xWKwsx)
  CI-ENV scrubbed: CI GITHUB_ACTIONS
OSV-SCREEN {"schemaVersion":1,"kind":"direct","status":"clean","digest":"94dc91cd4f929f9cd8c626e647607554d02123ad2635ad1468e27207b45819db","specCount":1,"lockfiles":{"digest":null,"files":[]},"maliciousAdvisories":[],"screenedAt":"2026-09-08T04:53:02.101Z","cacheHit":false,"clearancePath":"/home/runner/v2-xWKwsx/security/direct.json"}
  SECURITY direct clean: 1 exact package-version(s), tree 94dc91cd4f92
  VENUE-OBSERVE-USER {"uid":1001,"user":"runner","umask":"0022","capBnd":"000001ffffffffff","noNewPrivs":"0"}
  VENUE-NUB-BINARY {"path":"/tmp/nub/target/release/nub","sha256":"2a18683f50f7afeb02a521cd3cae175dc2f91780d461c5f012065241f5a1447b","bytes":207643464,"features":{"buildJailCatalogOverride":true,"pythonDontWriteBytecodeEnv":true}}
OSV-SCREEN {"schemaVersion":1,"kind":"npm-observe-resolved","status":"clean","digest":"d75a9e5031e3f75a1d1bf464ffd56c515fb1a6c6db4b3663ed610959ab7e798a","specCount":81,"lockfiles":{"digest":"19dc719932f5d5fc40622960dd9b280cb15f56bc3104fdf630d5586f9c9c6559","files":[{"path":"package-lock.json","sha256":"e39fab8a10d02a814b39109b49c6bc87367f419ad28b06007eedc7c8d2e5c222","bytes":34963}]},"maliciousAdvisories":[],"screenedAt":"2026-09-08T04:53:04.625Z","cacheHit":false,"clearancePath":"/home/runner/v2-xWKwsx/security/npm-observe-resolved.json"}
  SECURITY npm-observe-resolved clean: 81 exact package-version(s), tree d75a9e5031e3
  OBSERVE   rc=0 files=1936 trace=12041 lines
  CLOSURE   80 packages evicted per arm
  ARM-FALSIFIABILITY {"manifestFiles":11,"filesTheScriptProduced":0,"reasons":["gate-vacuous"]}
  ⛔ ARMS-UNFALSIFIABLE — a green arm for this package carries no evidence:
       gate-vacuous: the script changed no file the artifact gate keys on — every file in the manifest (11) was already present at its final size before the script ran, so the gate passes in every arm including a completely broken one
       The grant may still be correct; what is missing is a signal that could have gone
       red. Do not read this record's MINIMAL as a passing measurement.
  RAWLOG-FILE /home/runner/v2-xWKwsx/observe/trace.txt.gz
  RAWLOG-CAPTURE /home/runner/v2-xWKwsx/observe/capture.json
  RAWLOG-BYTES raw=2612058 gz=76641
  VENUE-INTERPRETER /opt/hostedtoolcache/node/22.23.2/x64
  VENUE-OVERRIDES {"set":{"HOME":"/home/runner/v2-xWKwsx/jailhome","TMPDIR":"/tmp/nub-tmp-obsTpnCht","NODE_COMPAT":"1","PLAYWRIGHT_BROWSERS_PATH":"/home/runner/.cache/nub/pm/tools/ms-playwright","ELECTRON_CACHE":"/home/runner/.cache/nub/pm/tools/electron-cache","electron_config_cache":"/home/runner/.cache/nub/pm/tools/electron-cache","npm_config_prefix":"/home/runner/.cache/nub/pm/tools/npm-prefix","PYTHONDONTWRITEBYTECODE":"1","NUB_CACHE_DIR":"/home/runner/v2-xWKwsx/nubcache"},"unset":["CI","GITHUB_ACTIONS"],"passedThrough":{"CI":"true","GITHUB_ACTIONS":"true","NODE_ENV":null}}
  == ATTRIBUTION == attributed pids: 14
    writes  script 0  /  whole traced tree 1088
    sockets script 0  /  whole traced tree 4
  == ROOTS (from capture.json — R2: no ambient reads) ==
    project       /home/runner/v2-xWKwsx/observe
    home          /home/runner
    jailHome      /home/runner/v2-xWKwsx/jailhome
    globalStore   /home/runner/.cache/nub/pm/store   [declared, not keyed on]
    projectStore  /home/runner/v2-xWKwsx/observe/node_modules/.store   [declared, not keyed on]
    interpreter   /opt/hostedtoolcache/node/22.23.2/x64   [declared, not keyed on]
    toolsDir      /home/runner/.cache/nub/pm/tools   [declared, not keyed on]
    temp          /tmp/nub-tmp-obsTpnCht
    npmPrefix     /home/runner/.cache/nub/pm/tools/npm-prefix
    ownPkg        /home/runner/v2-xWKwsx/observe/node_modules/ms-chromium-edge-driver
  == WRITES the script actually performed ==
  == NETWORK ==
    AF_INET sockets: 0   distinct peers: 2
        127.0.0.53:53
        104.16.3.34:443
  == REFUSALS (only `= -1 EACCES/EPERM/EROFS`) ==
    distinct: 0
  == SYNTHESIZED GRANT (verify this in the real unprivileged jail) ==
    {}
  == writePaths (DERIVED — promotion out of the package's PRIVATE home) ==
    private-home writes observed: 0
    none declared — the script wrote nothing into its private home — there is nothing to promote
  == writePaths FEASIBILITY (distinct writes outside project/deps) ==
    count: 0
    EVENTS    5020 distinct from 11904 calls (12042 lines, 114 rejoined, 0 unparsed)
    PROCS     21   lifecycle shells 9
    ⛔ 3 paths with an UNRESOLVED dirfd — kept, marked, never guessed
    unsubscribed/unmapped syscalls: getsockname×23 setsockopt×23 exit×16 getsockopt×10 recvmsg×7 getcwd×4 socketpair×3 shutdown×3
    wrote /home/runner/v2-xWKwsx/observe/events.ndjson.gz (34789 bytes)
  EVENTLOG-FILE /home/runner/v2-xWKwsx/observe/events.ndjson.gz
  EVENTLOG-STATS {"lines":12042,"parsed":11904,"unparsed":0,"unfinished":114,"rejoined":114,"unresolvedDirfd":3,"truncatedArg":0,"procs":21,"lifecyclePids":9,"distinctEvents":5020,"unknownSyscall":{"getsockname":23,"getsockopt":10,"getcwd":4,"recvmsg":7,"exit":16,"setsockopt":23,"sendmmsg":1,"socketpair":3,"shutdown":3,"exit_group":3,"wait4":3},"out":"/home/runner/v2-xWKwsx/observe/events.ndjson.gz","gzipBytes":34789}
  EVICT     75 store entries removed, 0 spared as nub tooling
  SE-PURGE  0 side-effects-cache entries for ms-chromium-edge-driver
OSV-SCREEN {"schemaVersion":1,"kind":"nub-synth-resolved","status":"clean","digest":"5c83ed9a777192fedff108cbbae2b1df142342863e83ce2db79e07d7d05dd683","specCount":81,"lockfiles":{"digest":"28d667b76a5a646bdd0b8d7a7520762ddb4b71c6529426eb59f4acb7e631b85c","files":[{"path":"nub.lock","sha256":"1890344d3dcf1c7d34026b3b4569b80cfee5c6d1af4637d7c9b29bd9ec2c70a9","bytes":20172}]},"maliciousAdvisories":[],"screenedAt":"2026-09-08T04:53:08.249Z","cacheHit":false,"clearancePath":"/home/runner/v2-xWKwsx/security/nub-synth-resolved.json"}
  SECURITY nub-synth-resolved clean: 81 exact package-version(s), tree 5c83ed9a7771
  VENUE-STORE-LAYOUT isolated
  VERIFY[synth] rc=0 artifacts=11/11 missing=0 shortfall=none (tree 6635/1936) OVERRIDDEN=2 REJECTED=0 grant={}
  => VERIFIED {}   (observed, then verified)
  DESCEND   grant is already empty — nothing to narrow; MINIMAL by construction.
