OSV-SCREEN {"schemaVersion":1,"kind":"direct","status":"clean","digest":"2bdaa68f82b181e83e9af2a38e8393d921fde25859aa6d8eb1d45f26a313922d","specCount":1,"lockfiles":{"digest":null,"files":[]},"maliciousAdvisories":[],"screenedAt":"2026-09-08T08:26:12.702Z","cacheHit":false,"clearancePath":"/Users/runner/v2m-hMb38c/security/direct.json"}
  SECURITY direct clean: 1 exact package-version(s), tree 2bdaa68f82b1
### mp4box@0.6.1   (/Users/runner/v2m-hMb38c)   nub=/tmp/nub/target/release/nub
  VENUE-NUB-BINARY {"path":"/tmp/nub/target/release/nub","sha256":"f923f9d246b7061a3e88675efb7b4fdcda741d02368002ce6e7f7044b01e7bbe","bytes":93818888,"features":{"buildJailCatalogOverride":true,"pythonDontWriteBytecodeEnv":true}}
  CI-ENV scrubbed: CI GITHUB_ACTIONS
  --- fbt preflight (advisory; never fails the run) ---
     csrutil: System Integrity Protection status: disabled.
     fbt probes visible: 93591
     fbt enable attempt: dtrace: description 'fbt:::entry ' matched 50364 probes CPU     ID                    FUNCTION:NAME 
     cwd builtin value:  
     fbt chdir symbols:  
     fbt fires on spawn-with-cwd: dtrace: invalid probe specifier fbt::chdir*:entry /progenyof($target)/ { @[probefunc] = count(); }: probe description fbt::chdir*:entry does not match any probes 
  --- end fbt preflight ---
OSV-SCREEN {"schemaVersion":1,"kind":"npm-observe-resolved","status":"clean","digest":"2bdaa68f82b181e83e9af2a38e8393d921fde25859aa6d8eb1d45f26a313922d","specCount":1,"lockfiles":{"digest":"3ac14f18687af0e565652f70283c89f0db2d321005029038ba7b4a45099900d9","files":[{"path":"package-lock.json","sha256":"ea14c499f44b39329396bcfd40365d83141c92b86121f65cded0b1c871047509","bytes":598}]},"maliciousAdvisories":[],"screenedAt":"2026-09-08T08:26:12.702Z","cacheHit":true,"clearancePath":"/Users/runner/v2m-hMb38c/security/npm-observe-resolved.json"}
  SECURITY npm-observe-resolved clean: 1 exact package-version(s), tree 2bdaa68f82b1 (cached exact-tree clearance)
  VENUE-CI-CHILD clean (no CI-detection variable reaches the traced script)
  --- wrapper (run.sh) ---
     cd "/Users/runner/v2m-hMb38c/Observe"
     sudo -u "runner" -H env "PATH=$PATH"   "HOME=/Users/runner/v2m-hMb38c/jailhome"   "TMPDIR=/private/var/folders/bl/vzjcvbz95c3dk19cb0fw46180000gn/T/nub-tmp-obsyKYqce"   "NODE_COMPAT=1"   "PYTHONDONTWRITEBYTECODE=1"   "PLAYWRIGHT_BROWSERS_PATH=/Users/runner/.cache/nub/pm/tools/ms-playwright"   "ELECTRON_CACHE=/Users/runner/.cache/nub/pm/tools/electron-cache"   "electron_config_cache=/Users/runner/.cache/nub/pm/tools/electron-cache"   "npm_config_prefix=/Users/runner/.cache/nub/pm/tools/npm-prefix"   "/Users/runner/hostedtoolcache/node/22.23.2/arm64/bin/npm" rebuild --no-audit --no-fund "mp4box" > "/Users/runner/v2m-hMb38c/Observe/npm.log" 2>&1
     echo $? > "/Users/runner/v2m-hMb38c/Observe/rc"
  --- dtrace stderr + wrapper trace ---
     + cd /Users/runner/v2m-hMb38c/Observe
     + sudo -u runner -H env PATH=/Users/runner/hostedtoolcache/node/22.23.2/arm64/bin:/opt/homebrew/lib/ruby/gems/3.3.0/bin:/opt/homebrew/opt/ruby@3.3/bin:/Users/runner/.local/bin:/opt/homebrew/bin:/opt/homebrew/sbin:/Users/runner/.cargo/bin:/usr/local/opt/curl/bin:/usr/local/bin:/usr/local/sbin:/Users/runner/bin:/Users/runner/.yarn/bin:/Users/runner/Library/Android/sdk/tools:/Users/runner/Library/Android/sdk/platform-tools:/Library/Frameworks/Python.framework/Versions/Current/bin:/Library/Frameworks/Mono.framework/Versions/Current/Commands:/usr/bin:/bin:/usr/sbin:/sbin:/Users/runner/.dotnet/tools HOME=/Users/runner/v2m-hMb38c/jailhome TMPDIR=/private/var/folders/bl/vzjcvbz95c3dk19cb0fw46180000gn/T/nub-tmp-obsyKYqce NODE_COMPAT=1 PYTHONDONTWRITEBYTECODE=1 PLAYWRIGHT_BROWSERS_PATH=/Users/runner/.cache/nub/pm/tools/ms-playwright ELECTRON_CACHE=/Users/runner/.cache/nub/pm/tools/electron-cache electron_config_cache=/Users/runner/.cache/nub/pm/tools/electron-cache npm_config_prefix=/Users/runner/.cache/nub/pm/tools/npm-prefix /Users/runner/hostedtoolcache/node/22.23.2/arm64/bin/npm rebuild --no-audit --no-fund mp4box
     dtrace: error on enabled probe ID 128 (ID 286: syscall::execve:entry): invalid address (0x600003508000) in action #1 at DIF offset 20
     + echo 127
     dtrace: error on enabled probe ID 11 (ID 1097: syscall::openat_nocancel:return): invalid address (0x6000002443f0) in action #9 at DIF offset 12
  OBSERVE   rc=127 dtrace_rc=0 files=25 (pre=23) trace=11858 lines
  => BROKEN-WITHOUT-JAIL-TOO (unjailed control failed rc=127; nothing to measure)
     npm error code 127
     npm error path /Users/runner/v2m-hMb38c/Observe/node_modules/mp4box
     npm error command failed
     npm error command sh -c husky
     npm error sh: husky: command not found
     npm error A complete log of this run can be found in: /Users/runner/v2m-hMb38c/jailhome/.npm/_logs/2026-09-08T08_26_22_198Z-debug-0.log
