### @ibm/plex-mono@1.1.0   (D:\jail\m-ibmplexmono-mtry1d73)
  CI-ENV scrubbed: CI GITHUB_ACTIONS
OSV-SCREEN {"schemaVersion":1,"kind":"direct","status":"clean","digest":"71e187acfa16f3fc978aa2b6040e3aefabadd5752b031207a61514eaa874dcf1","specCount":1,"lockfiles":{"digest":null,"files":[]},"maliciousAdvisories":[],"screenedAt":"2026-09-08T00:40:55.617Z","cacheHit":false,"clearancePath":"D:\\jail\\m-ibmplexmono-mtry1d73\\security\\direct.json"}
  SECURITY direct clean: 1 exact package-version(s), tree 71e187acfa16
OSV-SCREEN {"schemaVersion":1,"kind":"npm-observe-resolved","status":"clean","digest":"965d268060dd48b01b2a5a633d87de45f4bc820fa9fc2f0d37d788805188b361","specCount":2,"lockfiles":{"digest":"f4b38cb3980f8416168761331853fbf9c8ed6886d429a3d4f8ce64d48a20d9e3","files":[{"path":"package-lock.json","sha256":"d1dbdeca408670e6767942317323f450efe6c07dc8029bc516b4da7373f637f8","bytes":1016}]},"maliciousAdvisories":[],"screenedAt":"2026-09-08T00:40:57.239Z","cacheHit":false,"clearancePath":"D:\\jail\\m-ibmplexmono-mtry1d73\\security\\npm-observe-resolved.json"}
  SECURITY npm-observe-resolved clean: 2 exact package-version(s), tree 965d268060dd
  CAPTURE user=runnervmeef0v\runneradmin elevated=True rootPid=8564 exit=0 events=24495 lost=0
  VENUE-OBSERVE-USER runnervmeef0v\runneradmin elevated=true privDropped={"SeBackupPrivilege":"removed","SeRestorePrivilege":"removed","SeTakeOwnershipPrivilege":"removed"}
  OBSERVE artifacts: 154 files  (D:\jail\m-ibmplexmono-mtry1d73\observe\node_modules\@ibm\plex-mono)
  ARM-FALSIFIABILITY {"manifestFiles":158,"filesTheScriptProduced":0,"reasons":["gate-vacuous"]}
  ⛔ ARMS-UNFALSIFIABLE — a green arm for this package carries no evidence:
       gate-vacuous: the script changed no file the artifact gate keys on — every file in the manifest (158) was already present at its final size before the script ran, so the gate passes in every arm including a completely broken one
       The grant may still be correct; what is missing is a signal that could have gone
       red. Do not read this record's MINIMAL as a passing measurement.
  CLOSURE 2 packages evicted per arm
  8.3 MAP 0 components resolved on runnervmeef0v, folded into capture.json
  == ROOTS (from capture.json — R2: no ambient reads) ==
    project       D:\jail\m-ibmplexmono-mtry1d73\observe   [keyed on]
    home          C:\Users\runneradmin   [keyed on]
    jailHome      (null — declared inapplicable)
    globalStore   C:\Users\runneradmin\AppData\Local\nub\pm\store
    projectStore  D:\jail\m-ibmplexmono-mtry1d73\observe\node_modules\.store
    interpreter   C:\hostedtoolcache\windows\node\22.23.2\x64\node.exe
    toolsDir      C:\Users\runneradmin\AppData\Local\nub\pm\tools
    temp          D:\jail\m-ibmplexmono-mtry1d73\tmp   [keyed on]
    npmPrefix     (null — declared inapplicable)
    ownPkg        D:\jail\m-ibmplexmono-mtry1d73\observe\node_modules\@ibm\plex-mono
  == ATTRIBUTION == lifecycle pids: 2 (root 8564)
    writes  script 0  /  whole traced tree 7
    peers   script 0  /  whole traced tree 0
  == WRITES ==
  == READS ==
    deps          9
    outside       6
    project       1
    systemfs     28
  == NETWORK ==
    distinct peers: 0
  == REFUSALS (adapter-classified) ==
    distinct: 0
  == SYNTHESIZED GRANT (verify this in the real unprivileged jail) ==
    {}
  RAW       etw-raw.xml.gz  31247070 B xml -> 475726 B gz (65.7x)  sha256 ce3fb5c5d38becbb…
  HEADER    etw-header.json (5088 bytes)
  DERIVED   5276 distinct from 6681 kept ops (24495 xml events, 2753 out of subtree)
  PROCS     4   thread-reattributed 0
  8.3       0 expanded, 0 kept short, 0 not covered  [map: recorded 8.3 map (0 components, resolved on runnervmeef0v)]
  wrote events.ndjson.gz (66228 bytes)
  RAWLOG-CAPTURE D:\jail\m-ibmplexmono-mtry1d73\cap\capture.json
  VENUE-NUB-BINARY {"path":"C:/Users/RUNNER~1/AppData/Local/Temp/nub/target/release/nub.exe","sha256":"f186817a44be332fee712b4936a071a0b5f9cde18a1d2fdc3a791729d4bf1005","bytes":68717056,"features":{"buildJailCatalogOverride":true,"pythonDontWriteBytecodeEnv":true}}
  VENUE-INTERPRETER C:\hostedtoolcache\windows\node\22.23.2\x64\node.exe
  VENUE-JAIL-ROOT D:\jail\m-ibmplexmono-mtry1d73
  VENUE-OVERRIDES {"set":{"npm_config_cache":"D:\\jail\\m-ibmplexmono-mtry1d73\\npm-cache","TMP":"D:\\jail\\m-ibmplexmono-mtry1d73\\tmp","TEMP":"D:\\jail\\m-ibmplexmono-mtry1d73\\tmp","TMPDIR":"D:\\jail\\m-ibmplexmono-mtry1d73\\tmp"},"unset":["CI","GITHUB_ACTIONS"],"notRedirected":{"USERPROFILE":"C:\\Users\\runneradmin","why":"the jail leaves HOME/USERPROFILE alone — `build_jail.rs` sandbox_homes() reads the ambient value and `compiler/defaults.rs` BASELINE_ENV_EXACT passes it through — so there is no private jail home to reproduce and redirecting one would measure an environment no confined script sees"},"passedThrough":{"CI":"true","GITHUB_ACTIONS":"true","NODE_ENV":null}}
  STORE   isolated virtual store at D:\jail\m-ibmplexmono-mtry1d73\verify-synth\.cache
  VENUE-STORE-LAYOUT isolated
OSV-SCREEN {"schemaVersion":1,"kind":"nub-synth-resolved","status":"clean","digest":"965d268060dd48b01b2a5a633d87de45f4bc820fa9fc2f0d37d788805188b361","specCount":2,"lockfiles":{"digest":"dd5903fb72acfb92323b9f7a826eabd1f8396f2208dd905d4d4d0fbecf609783","files":[{"path":"nub.lock","sha256":"9be061e3ee47c8a5b4c2177b09d3217058195f6b218e2c653b3b1ada3c00016d","bytes":662}]},"maliciousAdvisories":[],"screenedAt":"2026-09-08T00:40:57.239Z","cacheHit":true,"clearancePath":"D:\\jail\\m-ibmplexmono-mtry1d73\\security\\nub-synth-resolved.json"}
  SECURITY nub-synth-resolved clean: 2 exact package-version(s), tree 965d268060dd (cached exact-tree clearance)
  VERIFY[synth] rc=0 artifacts=154/154 missing=0 shortfall=none (tree 5975/168) OVERRIDDEN=2 REJECTED=0 grant={}
  => MINIMUM {}   (observed, then verified)
  DESCEND   grant is already empty — nothing to narrow; MINIMAL by construction.
