OSV-SCREEN {"schemaVersion":1,"kind":"direct","status":"clean","digest":"b2242191d5a57003046396a8e74d73f1255bd52367d5a950c0bb3788516a0ff5","specCount":1,"lockfiles":{"digest":null,"files":[]},"maliciousAdvisories":[],"screenedAt":"2026-09-08T06:23:59.234Z","cacheHit":false,"clearancePath":"/Users/runner/v2m-OA8gMD/security/direct.json"}
  SECURITY direct clean: 1 exact package-version(s), tree b2242191d5a5
### chartist@0.11.2   (/Users/runner/v2m-OA8gMD)   nub=/tmp/nub/target/release/nub
  VENUE-NUB-BINARY {"path":"/tmp/nub/target/release/nub","sha256":"f923f9d246b7061a3e88675efb7b4fdcda741d02368002ce6e7f7044b01e7bbe","bytes":93818888,"features":{"buildJailCatalogOverride":true,"pythonDontWriteBytecodeEnv":true}}
  CI-ENV scrubbed: CI GITHUB_ACTIONS
  --- fbt preflight (advisory; never fails the run) ---
     csrutil: System Integrity Protection status: disabled.
     fbt probes visible: 93591
     fbt enable attempt: dtrace: description 'fbt:::entry ' matched 50364 probes CPU     ID                    FUNCTION:NAME 
     cwd builtin value:  
     fbt chdir symbols:  
     fbt fires on spawn-with-cwd: dtrace: invalid probe specifier fbt::chdir*:entry /progenyof($target)/ { @[probefunc] = count(); }: probe description fbt::chdir*:entry does not match any probes 
  --- end fbt preflight ---
OSV-SCREEN {"schemaVersion":1,"kind":"npm-observe-resolved","status":"clean","digest":"b2242191d5a57003046396a8e74d73f1255bd52367d5a950c0bb3788516a0ff5","specCount":1,"lockfiles":{"digest":"9ed93f4c83b299cb499e224f09d1f08e2bd66546abb039a4fcab57e857b2dfaa","files":[{"path":"package-lock.json","sha256":"b342c4c537b7e3160635334c0660985abf10ea4aab0388b5dec68890ba40341b","bytes":608}]},"maliciousAdvisories":[],"screenedAt":"2026-09-08T06:23:59.234Z","cacheHit":true,"clearancePath":"/Users/runner/v2m-OA8gMD/security/npm-observe-resolved.json"}
  SECURITY npm-observe-resolved clean: 1 exact package-version(s), tree b2242191d5a5 (cached exact-tree clearance)
  VENUE-CI-CHILD clean (no CI-detection variable reaches the traced script)
  --- wrapper (run.sh) ---
     cd "/Users/runner/v2m-OA8gMD/Observe"
     sudo -u "runner" -H env "PATH=$PATH"   "HOME=/Users/runner/v2m-OA8gMD/jailhome"   "TMPDIR=/private/var/folders/bl/vzjcvbz95c3dk19cb0fw46180000gn/T/nub-tmp-obsLe5eaT"   "NODE_COMPAT=1"   "PYTHONDONTWRITEBYTECODE=1"   "PLAYWRIGHT_BROWSERS_PATH=/Users/runner/.cache/nub/pm/tools/ms-playwright"   "ELECTRON_CACHE=/Users/runner/.cache/nub/pm/tools/electron-cache"   "electron_config_cache=/Users/runner/.cache/nub/pm/tools/electron-cache"   "npm_config_prefix=/Users/runner/.cache/nub/pm/tools/npm-prefix"   "/Users/runner/hostedtoolcache/node/22.23.2/arm64/bin/npm" rebuild --no-audit --no-fund "chartist" > "/Users/runner/v2m-OA8gMD/Observe/npm.log" 2>&1
     echo $? > "/Users/runner/v2m-OA8gMD/Observe/rc"
  --- dtrace stderr + wrapper trace ---
     + cd /Users/runner/v2m-OA8gMD/Observe
     + sudo -u runner -H env PATH=/Users/runner/hostedtoolcache/node/22.23.2/arm64/bin:/opt/homebrew/lib/ruby/gems/3.3.0/bin:/opt/homebrew/opt/ruby@3.3/bin:/Users/runner/.local/bin:/opt/homebrew/bin:/opt/homebrew/sbin:/Users/runner/.cargo/bin:/usr/local/opt/curl/bin:/usr/local/bin:/usr/local/sbin:/Users/runner/bin:/Users/runner/.yarn/bin:/Users/runner/Library/Android/sdk/tools:/Users/runner/Library/Android/sdk/platform-tools:/Library/Frameworks/Python.framework/Versions/Current/bin:/Library/Frameworks/Mono.framework/Versions/Current/Commands:/usr/bin:/bin:/usr/sbin:/sbin:/Users/runner/.dotnet/tools HOME=/Users/runner/v2m-OA8gMD/jailhome TMPDIR=/private/var/folders/bl/vzjcvbz95c3dk19cb0fw46180000gn/T/nub-tmp-obsLe5eaT NODE_COMPAT=1 PYTHONDONTWRITEBYTECODE=1 PLAYWRIGHT_BROWSERS_PATH=/Users/runner/.cache/nub/pm/tools/ms-playwright ELECTRON_CACHE=/Users/runner/.cache/nub/pm/tools/electron-cache electron_config_cache=/Users/runner/.cache/nub/pm/tools/electron-cache npm_config_prefix=/Users/runner/.cache/nub/pm/tools/npm-prefix /Users/runner/hostedtoolcache/node/22.23.2/arm64/bin/npm rebuild --no-audit --no-fund chartist
     dtrace: error on enabled probe ID 128 (ID 286: syscall::execve:entry): invalid address (0x600000394000) in action #1 at DIF offset 20
     + echo 1
  OBSERVE   rc=1 dtrace_rc=0 files=22 (pre=20) trace=11899 lines
  => BROKEN-WITHOUT-JAIL-TOO (unjailed control failed rc=1; nothing to measure)
     npm error Require stack:
     npm error - /Users/runner/v2m-OA8gMD/Observe/node_modules/chartist/rescue-campaign.js
     npm error     at Function._resolveFilename (node:internal/modules/cjs/loader:1430:15)
     npm error     at defaultResolveImpl (node:internal/modules/cjs/loader:1040:19)
     npm error     at resolveForCJSWithHooks (node:internal/modules/cjs/loader:1045:22)
     npm error     at Function._load (node:internal/modules/cjs/loader:1216:25)
     npm error     at wrapModuleLoad (node:internal/modules/cjs/loader:254:19)
     npm error     at Module.require (node:internal/modules/cjs/loader:1527:12)
     npm error     at require (node:internal/modules/helpers:147:16)
     npm error     at Object.<anonymous> (/Users/runner/v2m-OA8gMD/Observe/node_modules/chartist/rescue-campaign.js:1:15)
     npm error     at Module._compile (node:internal/modules/cjs/loader:1781:14)
     npm error     at Object..js (node:internal/modules/cjs/loader:1913:10) {
     npm error   code: 'MODULE_NOT_FOUND',
     npm error   requireStack: [
     npm error     '/Users/runner/v2m-OA8gMD/Observe/node_modules/chartist/rescue-campaign.js'
     npm error   ]
     npm error }
     npm error
     npm error Node.js v22.23.2
     npm error A complete log of this run can be found in: /Users/runner/v2m-OA8gMD/jailhome/.npm/_logs/2026-09-08T06_24_05_805Z-debug-0.log
