### inngest-cli@0.20.0   (D:\jail\m-inngestcli-mtsmnpx7)
  CI-ENV scrubbed: CI GITHUB_ACTIONS
OSV-SCREEN {"schemaVersion":1,"kind":"direct","status":"clean","digest":"69015777fbf1c3923821b18a47ee3a8c36dd424ae302f07247869c0ef0ae7540","specCount":1,"lockfiles":{"digest":null,"files":[]},"maliciousAdvisories":[],"screenedAt":"2026-09-08T12:10:09.297Z","cacheHit":false,"clearancePath":"D:\\jail\\m-inngestcli-mtsmnpx7\\security\\direct.json"}
  SECURITY direct clean: 1 exact package-version(s), tree 69015777fbf1
OSV-SCREEN {"schemaVersion":1,"kind":"npm-observe-resolved","status":"clean","digest":"348b8811e802dc190b76779cb2fadee921bddceb60de78a05dab4505b0e91287","specCount":15,"lockfiles":{"digest":"889688ef52619ebba5a085898e2e9aca31d350da2837c2de6275109dd93572aa","files":[{"path":"package-lock.json","sha256":"3ceabbb77e069daa549585414c1614378df5f7dc6a356dc5f78fa0e02a8aca0c","bytes":6480}]},"maliciousAdvisories":[],"screenedAt":"2026-09-08T12:10:11.497Z","cacheHit":false,"clearancePath":"D:\\jail\\m-inngestcli-mtsmnpx7\\security\\npm-observe-resolved.json"}
  SECURITY npm-observe-resolved clean: 15 exact package-version(s), tree 348b8811e802
  CAPTURE user=runnervmeef0v\runneradmin elevated=True rootPid=7908 exit=0 events=35752 lost=0
  VENUE-OBSERVE-USER runnervmeef0v\runneradmin elevated=true privDropped={"SeBackupPrivilege":"removed","SeRestorePrivilege":"removed","SeTakeOwnershipPrivilege":"removed"}
  OBSERVE artifacts: 7 files  (D:\jail\m-inngestcli-mtsmnpx7\observe\node_modules\inngest-cli)
  ARM-FALSIFIABILITY {"manifestFiles":7,"filesTheScriptProduced":2,"reasons":[]}
  CLOSURE 15 packages evicted per arm
  8.3 MAP 0 components resolved on runnervmeef0v, folded into capture.json
  == ROOTS (from capture.json — R2: no ambient reads) ==
    project       D:\jail\m-inngestcli-mtsmnpx7\observe   [keyed on]
    home          C:\Users\runneradmin   [keyed on]
    jailHome      (null — declared inapplicable)
    globalStore   C:\Users\runneradmin\AppData\Local\nub\pm\store
    projectStore  D:\jail\m-inngestcli-mtsmnpx7\observe\node_modules\.store
    interpreter   C:\hostedtoolcache\windows\node\22.23.2\x64\node.exe
    toolsDir      C:\Users\runneradmin\AppData\Local\nub\pm\tools
    temp          D:\jail\m-inngestcli-mtsmnpx7\tmp   [keyed on]
    npmPrefix     (null — declared inapplicable)
    ownPkg        D:\jail\m-inngestcli-mtsmnpx7\observe\node_modules\inngest-cli
  == ATTRIBUTION == lifecycle pids: 2 (root 7908)
    writes  script 2  /  whole traced tree 16
    peers   script 1  /  whole traced tree 1
  == WRITES ==
    deps          2
  == READS ==
    deps         90
    outside       6
    project       1
    systemfs     30
  == NETWORK ==
    distinct peers: 1
        172.66.44.115:443
  == REFUSALS (adapter-classified) ==
    distinct: 0
  == SYNTHESIZED GRANT (verify this in the real unprivileged jail) ==
    {"write":{"deps":true},"network":true}
  RAW       etw-raw.xml.gz  45382905 B xml -> 693494 B gz (65.4x)  sha256 b1d7acd0b69fab6d…
  HEADER    etw-header.json (5078 bytes)
  DERIVED   5662 distinct from 8508 kept ops (35752 xml events, 4388 out of subtree)
  PROCS     4   thread-reattributed 0
  ⛔ 2 operations with NO OperationEnd — kept, status marked unknown
  8.3       0 expanded, 0 kept short, 0 not covered  [map: recorded 8.3 map (0 components, resolved on runnervmeef0v)]
  wrote events.ndjson.gz (71582 bytes)
  RAWLOG-CAPTURE D:\jail\m-inngestcli-mtsmnpx7\cap\capture.json
  VENUE-NUB-BINARY {"path":"C:/Users/RUNNER~1/AppData/Local/Temp/nub/target/release/nub.exe","sha256":"f186817a44be332fee712b4936a071a0b5f9cde18a1d2fdc3a791729d4bf1005","bytes":68717056,"features":{"buildJailCatalogOverride":true,"pythonDontWriteBytecodeEnv":true}}
  VENUE-INTERPRETER C:\hostedtoolcache\windows\node\22.23.2\x64\node.exe
  VENUE-JAIL-ROOT D:\jail\m-inngestcli-mtsmnpx7
  VENUE-OVERRIDES {"set":{"npm_config_cache":"D:\\jail\\m-inngestcli-mtsmnpx7\\npm-cache","TMP":"D:\\jail\\m-inngestcli-mtsmnpx7\\tmp","TEMP":"D:\\jail\\m-inngestcli-mtsmnpx7\\tmp","TMPDIR":"D:\\jail\\m-inngestcli-mtsmnpx7\\tmp"},"unset":["CI","GITHUB_ACTIONS"],"notRedirected":{"USERPROFILE":"C:\\Users\\runneradmin","why":"the jail leaves HOME/USERPROFILE alone — `build_jail.rs` sandbox_homes() reads the ambient value and `compiler/defaults.rs` BASELINE_ENV_EXACT passes it through — so there is no private jail home to reproduce and redirecting one would measure an environment no confined script sees"},"passedThrough":{"CI":"true","GITHUB_ACTIONS":"true","NODE_ENV":null}}
  STORE   isolated virtual store at D:\jail\m-inngestcli-mtsmnpx7\verify-synth\.cache
  VENUE-STORE-LAYOUT isolated
OSV-SCREEN {"schemaVersion":1,"kind":"nub-synth-resolved","status":"clean","digest":"348b8811e802dc190b76779cb2fadee921bddceb60de78a05dab4505b0e91287","specCount":15,"lockfiles":{"digest":"4ec069d0b18478e8a388d8a486d1c2627e33c98d66d51475e04f96c67417d525","files":[{"path":"nub.lock","sha256":"76eeab5891b9a398c18d2616058a869e98c46818d972e9bb0c407127478cae62","bytes":4075}]},"maliciousAdvisories":[],"screenedAt":"2026-09-08T12:10:11.497Z","cacheHit":true,"clearancePath":"D:\\jail\\m-inngestcli-mtsmnpx7\\security\\nub-synth-resolved.json"}
  SECURITY nub-synth-resolved clean: 15 exact package-version(s), tree 348b8811e802 (cached exact-tree clearance)
  VERIFY[synth] rc=0 artifacts=7/7 missing=0 shortfall=none (tree 5855/137) OVERRIDDEN=2 REJECTED=0 grant={"write":{"deps":true},"network":true}
  => MINIMUM {"write":{"deps":true},"network":true}   (observed, then verified)
  STORE   isolated virtual store at D:\jail\m-inngestcli-mtsmnpx7\verify-nar-no-network\.cache
OSV-SCREEN {"schemaVersion":1,"kind":"nub-nar-no-network-resolved","status":"clean","digest":"348b8811e802dc190b76779cb2fadee921bddceb60de78a05dab4505b0e91287","specCount":15,"lockfiles":{"digest":"4ec069d0b18478e8a388d8a486d1c2627e33c98d66d51475e04f96c67417d525","files":[{"path":"nub.lock","sha256":"76eeab5891b9a398c18d2616058a869e98c46818d972e9bb0c407127478cae62","bytes":4075}]},"maliciousAdvisories":[],"screenedAt":"2026-09-08T12:10:11.497Z","cacheHit":true,"clearancePath":"D:\\jail\\m-inngestcli-mtsmnpx7\\security\\nub-nar-no-network-resolved.json"}
  SECURITY nub-nar-no-network-resolved clean: 15 exact package-version(s), tree 348b8811e802 (cached exact-tree clearance)
  VERIFY[nar-no-network] rc=1 artifacts=5/7 missing=2 shortfall=41cdbda4486a (tree 5853/137) OVERRIDDEN=2 REJECTED=0 grant={"write":{"deps":true}}
     missing artifacts: bin/inngest.exe, bin/LICENSE.md
     'no-network' is NECESSARY — dropping it fails to verify
  STORE   isolated virtual store at D:\jail\m-inngestcli-mtsmnpx7\verify-nar-no-write-deps\.cache
OSV-SCREEN {"schemaVersion":1,"kind":"nub-nar-no-write-deps-resolved","status":"clean","digest":"348b8811e802dc190b76779cb2fadee921bddceb60de78a05dab4505b0e91287","specCount":15,"lockfiles":{"digest":"4ec069d0b18478e8a388d8a486d1c2627e33c98d66d51475e04f96c67417d525","files":[{"path":"nub.lock","sha256":"76eeab5891b9a398c18d2616058a869e98c46818d972e9bb0c407127478cae62","bytes":4075}]},"maliciousAdvisories":[],"screenedAt":"2026-09-08T12:10:11.497Z","cacheHit":true,"clearancePath":"D:\\jail\\m-inngestcli-mtsmnpx7\\security\\nub-nar-no-write-deps-resolved.json"}
  SECURITY nub-nar-no-write-deps-resolved clean: 15 exact package-version(s), tree 348b8811e802 (cached exact-tree clearance)
  VERIFY[nar-no-write-deps] rc=0 artifacts=7/7 missing=0 shortfall=none (tree 5855/137) OVERRIDDEN=2 REJECTED=0 grant={"network":true}
     ⛔ OVER-PREDICTED — the strictly narrower {"network":true} also verifies; 'no-write-deps' was not needed
