### netlify-cli@25.6.2   (D:\jail\m-netlifycli-mts7tyws)
  CI-ENV scrubbed: CI GITHUB_ACTIONS
OSV-SCREEN {"schemaVersion":1,"kind":"direct","status":"clean","digest":"f8c4fa128a8c150de388674d6c288234294280cd66bcdb2257d00b3037475304","specCount":1,"lockfiles":{"digest":null,"files":[]},"maliciousAdvisories":[],"screenedAt":"2026-09-08T05:15:06.652Z","cacheHit":false,"clearancePath":"D:\\jail\\m-netlifycli-mts7tyws\\security\\direct.json"}
  SECURITY direct clean: 1 exact package-version(s), tree f8c4fa128a8c
OSV-SCREEN {"schemaVersion":1,"kind":"npm-observe-resolved","status":"clean","digest":"acf16a37a12774da1e09f30d62b88283bf46b49392fb29c8b0b5f9238b5d43a0","specCount":981,"lockfiles":{"digest":"308441220672ea9c4d3cab0590dd9e039f1ea4783f0c4588946798a7e199f73e","files":[{"path":"package-lock.json","sha256":"ea3202f92d99258195179d03f4ab804a3b6571f030afbb7ec2cd65a9920f49f9","bytes":597169}]},"maliciousAdvisories":[],"screenedAt":"2026-09-08T05:15:58.185Z","cacheHit":false,"clearancePath":"D:\\jail\\m-netlifycli-mts7tyws\\security\\npm-observe-resolved.json"}
  SECURITY npm-observe-resolved clean: 981 exact package-version(s), tree acf16a37a127
  CAPTURE user=runnervmeef0v\runneradmin elevated=True rootPid=3696 exit=0 events=50304 lost=0
  VENUE-OBSERVE-USER runnervmeef0v\runneradmin elevated=true privDropped={"SeBackupPrivilege":"removed","SeRestorePrivilege":"removed","SeTakeOwnershipPrivilege":"removed"}
  OBSERVE artifacts: 1125 files  (D:\jail\m-netlifycli-mts7tyws\observe\node_modules\netlify-cli)
  ARM-FALSIFIABILITY {"manifestFiles":1122,"filesTheScriptProduced":0,"reasons":["gate-vacuous"]}
  ⛔ ARMS-UNFALSIFIABLE — a green arm for this package carries no evidence:
       gate-vacuous: the script changed no file the artifact gate keys on — every file in the manifest (1122) was already present at its final size before the script ran, so the gate passes in every arm including a completely broken one
       The grant may still be correct; what is missing is a signal that could have gone
       red. Do not read this record's MINIMAL as a passing measurement.
  CLOSURE 837 packages evicted per arm
  8.3 MAP 0 components resolved on runnervmeef0v, folded into capture.json
  == ROOTS (from capture.json — R2: no ambient reads) ==
    project       D:\jail\m-netlifycli-mts7tyws\observe   [keyed on]
    home          C:\Users\runneradmin   [keyed on]
    jailHome      (null — declared inapplicable)
    globalStore   C:\Users\runneradmin\AppData\Local\nub\pm\store
    projectStore  D:\jail\m-netlifycli-mts7tyws\observe\node_modules\.store
    interpreter   C:\hostedtoolcache\windows\node\22.23.2\x64\node.exe
    toolsDir      C:\Users\runneradmin\AppData\Local\nub\pm\tools
    temp          D:\jail\m-netlifycli-mts7tyws\tmp   [keyed on]
    npmPrefix     (null — declared inapplicable)
    ownPkg        D:\jail\m-netlifycli-mts7tyws\observe\node_modules\netlify-cli
  == ATTRIBUTION == lifecycle pids: 2 (root 3696)
    writes  script 3  /  whole traced tree 17
    peers   script 0  /  whole traced tree 0
  == WRITES ==
    userHome      3
  == READS ==
    deps       1777
    outside      11
    project       1
    systemfs     28
  == NETWORK ==
    distinct peers: 0
  == REFUSALS (adapter-classified) ==
    distinct: 0
  == SYNTHESIZED GRANT (verify this in the real unprivileged jail) ==
    {"write":{"userHome":true}}
  RAW       etw-raw.xml.gz  64541853 B xml -> 933907 B gz (69.1x)  sha256 5e72a1d879f11826…
  HEADER    etw-header.json (5079 bytes)
  DERIVED   14248 distinct from 17518 kept ops (50304 xml events, 1824 out of subtree)
  PROCS     4   thread-reattributed 0
  ⛔ 4 operations with NO OperationEnd — kept, status marked unknown
  8.3       0 expanded, 0 kept short, 0 not covered  [map: recorded 8.3 map (0 components, resolved on runnervmeef0v)]
  wrote events.ndjson.gz (172568 bytes)
  RAWLOG-CAPTURE D:\jail\m-netlifycli-mts7tyws\cap\capture.json
  VENUE-NUB-BINARY {"path":"C:/Users/RUNNER~1/AppData/Local/Temp/nub/target/release/nub.exe","sha256":"f186817a44be332fee712b4936a071a0b5f9cde18a1d2fdc3a791729d4bf1005","bytes":68717056,"features":{"buildJailCatalogOverride":true,"pythonDontWriteBytecodeEnv":true}}
  VENUE-INTERPRETER C:\hostedtoolcache\windows\node\22.23.2\x64\node.exe
  VENUE-JAIL-ROOT D:\jail\m-netlifycli-mts7tyws
  VENUE-OVERRIDES {"set":{"npm_config_cache":"D:\\jail\\m-netlifycli-mts7tyws\\npm-cache","TMP":"D:\\jail\\m-netlifycli-mts7tyws\\tmp","TEMP":"D:\\jail\\m-netlifycli-mts7tyws\\tmp","TMPDIR":"D:\\jail\\m-netlifycli-mts7tyws\\tmp"},"unset":["CI","GITHUB_ACTIONS"],"notRedirected":{"USERPROFILE":"C:\\Users\\runneradmin","why":"the jail leaves HOME/USERPROFILE alone — `build_jail.rs` sandbox_homes() reads the ambient value and `compiler/defaults.rs` BASELINE_ENV_EXACT passes it through — so there is no private jail home to reproduce and redirecting one would measure an environment no confined script sees"},"passedThrough":{"CI":"true","GITHUB_ACTIONS":"true","NODE_ENV":null}}
  scaffold: 2 dependency package(s) with lifecycle scripts granted a fixed wide grant
  STORE   isolated virtual store at D:\jail\m-netlifycli-mts7tyws\verify-synth\.cache
  VENUE-STORE-LAYOUT isolated
OSV-SCREEN {"schemaVersion":1,"kind":"nub-synth-resolved","status":"clean","digest":"375d13621697a2a32410421136bd6d274663a220e0d66c7d6ddee70f5c3431a6","specCount":962,"lockfiles":{"digest":"ef6a3e4d25ac3995a6262dbbc94afb914091d1128cd2c0e566dcbd2a5c985b8e","files":[{"path":"nub.lock","sha256":"d5551c409d206c285db17602a28bf5bb338d3493c94d68fec48a524374cfed6a","bytes":290639}]},"maliciousAdvisories":[],"screenedAt":"2026-09-08T05:17:13.840Z","cacheHit":false,"clearancePath":"D:\\jail\\m-netlifycli-mts7tyws\\security\\nub-synth-resolved.json"}
  SECURITY nub-synth-resolved clean: 962 exact package-version(s), tree 375d13621697
  VERIFY[synth] rc=0 artifacts=1125/1125 missing=0 shortfall=none (tree 49334/38434) OVERRIDDEN=2 REJECTED=0 grant={"write":{"userHome":true}}
  => MINIMUM {"write":{"userHome":true}}   (observed, then verified)
  scaffold: 2 dependency package(s) with lifecycle scripts granted a fixed wide grant
  STORE   isolated virtual store at D:\jail\m-netlifycli-mts7tyws\verify-nar-no-write-userHome\.cache
OSV-SCREEN {"schemaVersion":1,"kind":"nub-nar-no-write-userHome-resolved","status":"clean","digest":"375d13621697a2a32410421136bd6d274663a220e0d66c7d6ddee70f5c3431a6","specCount":962,"lockfiles":{"digest":"ef6a3e4d25ac3995a6262dbbc94afb914091d1128cd2c0e566dcbd2a5c985b8e","files":[{"path":"nub.lock","sha256":"d5551c409d206c285db17602a28bf5bb338d3493c94d68fec48a524374cfed6a","bytes":290639}]},"maliciousAdvisories":[],"screenedAt":"2026-09-08T05:17:13.840Z","cacheHit":true,"clearancePath":"D:\\jail\\m-netlifycli-mts7tyws\\security\\nub-nar-no-write-userHome-resolved.json"}
  SECURITY nub-nar-no-write-userHome-resolved clean: 962 exact package-version(s), tree 375d13621697 (cached exact-tree clearance)
  VERIFY[nar-no-write-userHome] rc=1 artifacts=1125/1125 missing=0 shortfall=none (tree 49334/38434) OVERRIDDEN=2 REJECTED=0 grant={}
     'no-write-userHome' is NECESSARY — dropping it fails to verify
  => MINIMAL — every capability in {"write":{"userHome":true}} is independently necessary
