### vite-plugin-electron-renderer@0.13.9   (D:\jail\m-vitepluginelectronrenderer-mtsesni9)
  CI-ENV scrubbed: CI GITHUB_ACTIONS
OSV-SCREEN {"schemaVersion":1,"kind":"direct","status":"clean","digest":"c2c0700546cca7a65abedd407434d339f66a6217686d8bfffbf56fed470ddf33","specCount":1,"lockfiles":{"digest":null,"files":[]},"maliciousAdvisories":[],"screenedAt":"2026-09-08T08:30:02.472Z","cacheHit":false,"clearancePath":"D:\\jail\\m-vitepluginelectronrenderer-mtsesni9\\security\\direct.json"}
  SECURITY direct clean: 1 exact package-version(s), tree c2c0700546cc
OSV-SCREEN {"schemaVersion":1,"kind":"npm-observe-resolved","status":"clean","digest":"2a92b70090a62b626419c2ccd7d4375d7089f2844d485f7b1322ad6c0e952258","specCount":2,"lockfiles":{"digest":"3a110e75f4c5369fe5651498b602fcdf4182f3d59c5695649c4c01cffd8ab6b7","files":[{"path":"package-lock.json","sha256":"ff0dcd10b7cb4fb56e927d28452948c1f1a089d5e4b31e01d61ca1a13f1186f6","bytes":970}]},"maliciousAdvisories":[],"screenedAt":"2026-09-08T08:30:03.590Z","cacheHit":false,"clearancePath":"D:\\jail\\m-vitepluginelectronrenderer-mtsesni9\\security\\npm-observe-resolved.json"}
  SECURITY npm-observe-resolved clean: 2 exact package-version(s), tree 2a92b70090a6
  CAPTURE user=runnervmeef0v\runneradmin elevated=True rootPid=1388 exit=0 events=25949 lost=0
  VENUE-OBSERVE-USER runnervmeef0v\runneradmin elevated=true privDropped={"SeBackupPrivilege":"removed","SeRestorePrivilege":"removed","SeTakeOwnershipPrivilege":"removed"}
  OBSERVE artifacts: 65 files  (D:\jail\m-vitepluginelectronrenderer-mtsesni9\observe\node_modules\vite-plugin-electron-renderer)
  ARM-FALSIFIABILITY {"manifestFiles":65,"filesTheScriptProduced":55,"reasons":[]}
  CLOSURE 2 packages evicted per arm
  8.3 MAP 0 components resolved on runnervmeef0v, folded into capture.json
  == ROOTS (from capture.json — R2: no ambient reads) ==
    project       D:\jail\m-vitepluginelectronrenderer-mtsesni9\observe   [keyed on]
    home          C:\Users\runneradmin   [keyed on]
    jailHome      (null — declared inapplicable)
    globalStore   C:\Users\runneradmin\AppData\Local\nub\pm\store
    projectStore  D:\jail\m-vitepluginelectronrenderer-mtsesni9\observe\node_modules\.store
    interpreter   C:\hostedtoolcache\windows\node\22.23.2\x64\node.exe
    toolsDir      C:\Users\runneradmin\AppData\Local\nub\pm\tools
    temp          D:\jail\m-vitepluginelectronrenderer-mtsesni9\tmp   [keyed on]
    npmPrefix     (null — declared inapplicable)
    ownPkg        D:\jail\m-vitepluginelectronrenderer-mtsesni9\observe\node_modules\vite-plugin-electron-renderer
  == ATTRIBUTION == lifecycle pids: 2 (root 1388)
    writes  script 65  /  whole traced tree 72
    peers   script 0  /  whole traced tree 0
  == WRITES ==
    deps         65
  == READS ==
    deps          7
    outside       6
    project       1
    systemfs     26
  == NETWORK ==
    distinct peers: 0
  == REFUSALS (adapter-classified) ==
    distinct: 0
  == SYNTHESIZED GRANT (verify this in the real unprivileged jail) ==
    {"write":{"deps":true}}
  RAW       etw-raw.xml.gz  33117743 B xml -> 509068 B gz (65.1x)  sha256 34fb5c6cc578fd6e…
  HEADER    etw-header.json (5162 bytes)
  DERIVED   6029 distinct from 7261 kept ops (25949 xml events, 2842 out of subtree)
  PROCS     4   thread-reattributed 0
  8.3       0 expanded, 0 kept short, 0 not covered  [map: recorded 8.3 map (0 components, resolved on runnervmeef0v)]
  wrote events.ndjson.gz (75336 bytes)
  RAWLOG-CAPTURE D:\jail\m-vitepluginelectronrenderer-mtsesni9\cap\capture.json
  VENUE-NUB-BINARY {"path":"C:/Users/RUNNER~1/AppData/Local/Temp/nub/target/release/nub.exe","sha256":"f186817a44be332fee712b4936a071a0b5f9cde18a1d2fdc3a791729d4bf1005","bytes":68717056,"features":{"buildJailCatalogOverride":true,"pythonDontWriteBytecodeEnv":true}}
  VENUE-INTERPRETER C:\hostedtoolcache\windows\node\22.23.2\x64\node.exe
  VENUE-JAIL-ROOT D:\jail\m-vitepluginelectronrenderer-mtsesni9
  VENUE-OVERRIDES {"set":{"npm_config_cache":"D:\\jail\\m-vitepluginelectronrenderer-mtsesni9\\npm-cache","TMP":"D:\\jail\\m-vitepluginelectronrenderer-mtsesni9\\tmp","TEMP":"D:\\jail\\m-vitepluginelectronrenderer-mtsesni9\\tmp","TMPDIR":"D:\\jail\\m-vitepluginelectronrenderer-mtsesni9\\tmp"},"unset":["CI","GITHUB_ACTIONS"],"notRedirected":{"USERPROFILE":"C:\\Users\\runneradmin","why":"the jail leaves HOME/USERPROFILE alone — `build_jail.rs` sandbox_homes() reads the ambient value and `compiler/defaults.rs` BASELINE_ENV_EXACT passes it through — so there is no private jail home to reproduce and redirecting one would measure an environment no confined script sees"},"passedThrough":{"CI":"true","GITHUB_ACTIONS":"true","NODE_ENV":null}}
  STORE   isolated virtual store at D:\jail\m-vitepluginelectronrenderer-mtsesni9\verify-synth\.cache
  VENUE-STORE-LAYOUT isolated
OSV-SCREEN {"schemaVersion":1,"kind":"nub-synth-resolved","status":"clean","digest":"2a92b70090a62b626419c2ccd7d4375d7089f2844d485f7b1322ad6c0e952258","specCount":2,"lockfiles":{"digest":"36ed0daa71eaecb322dade6a2c801c84eb4b038239d15bf90988c12da66acbd3","files":[{"path":"nub.lock","sha256":"5b22b10203a7c375401707fd3a6af694806b29dc35748b6961b908d90fa16c16","bytes":649}]},"maliciousAdvisories":[],"screenedAt":"2026-09-08T08:30:03.590Z","cacheHit":true,"clearancePath":"D:\\jail\\m-vitepluginelectronrenderer-mtsesni9\\security\\nub-synth-resolved.json"}
  SECURITY nub-synth-resolved clean: 2 exact package-version(s), tree 2a92b70090a6 (cached exact-tree clearance)
  VERIFY[synth] rc=0 artifacts=65/65 missing=0 shortfall=none (tree 5735/75) OVERRIDDEN=2 REJECTED=0 grant={"write":{"deps":true}}
  => MINIMUM {"write":{"deps":true}}   (observed, then verified)
  STORE   isolated virtual store at D:\jail\m-vitepluginelectronrenderer-mtsesni9\verify-nar-no-write-deps\.cache
OSV-SCREEN {"schemaVersion":1,"kind":"nub-nar-no-write-deps-resolved","status":"clean","digest":"2a92b70090a62b626419c2ccd7d4375d7089f2844d485f7b1322ad6c0e952258","specCount":2,"lockfiles":{"digest":"36ed0daa71eaecb322dade6a2c801c84eb4b038239d15bf90988c12da66acbd3","files":[{"path":"nub.lock","sha256":"5b22b10203a7c375401707fd3a6af694806b29dc35748b6961b908d90fa16c16","bytes":649}]},"maliciousAdvisories":[],"screenedAt":"2026-09-08T08:30:03.590Z","cacheHit":true,"clearancePath":"D:\\jail\\m-vitepluginelectronrenderer-mtsesni9\\security\\nub-nar-no-write-deps-resolved.json"}
  SECURITY nub-nar-no-write-deps-resolved clean: 2 exact package-version(s), tree 2a92b70090a6 (cached exact-tree clearance)
  VERIFY[nar-no-write-deps] rc=0 artifacts=65/65 missing=0 shortfall=none (tree 5735/75) OVERRIDDEN=2 REJECTED=0 grant={}
     ⛔ OVER-PREDICTED — the strictly narrower {} also verifies; 'no-write-deps' was not needed
