OSV-SCREEN {"schemaVersion":1,"kind":"direct","status":"clean","digest":"1cefeedbe01058e3af7372019387a1d4ef928a95e8d213a8d96c8448d194667f","specCount":1,"lockfiles":{"digest":null,"files":[]},"maliciousAdvisories":[],"screenedAt":"2026-09-08T02:51:49.916Z","cacheHit":false,"clearancePath":"/Users/runner/v2m-cCdjfQ/security/direct.json"}
  SECURITY direct clean: 1 exact package-version(s), tree 1cefeedbe010
### inngest-cli@0.9.2   (/Users/runner/v2m-cCdjfQ)   nub=/tmp/nub/target/release/nub
  VENUE-NUB-BINARY {"path":"/tmp/nub/target/release/nub","sha256":"f923f9d246b7061a3e88675efb7b4fdcda741d02368002ce6e7f7044b01e7bbe","bytes":93818888,"features":{"buildJailCatalogOverride":true,"pythonDontWriteBytecodeEnv":true}}
  CI-ENV scrubbed: CI GITHUB_ACTIONS
  --- fbt preflight (advisory; never fails the run) ---
     csrutil: System Integrity Protection status: disabled.
     fbt probes visible: 93591
     fbt enable attempt: dtrace: description 'fbt:::entry ' matched 50364 probes CPU     ID                    FUNCTION:NAME 
     cwd builtin value:  
     fbt chdir symbols:  
     fbt fires on spawn-with-cwd: dtrace: invalid probe specifier fbt::chdir*:entry /progenyof($target)/ { @[probefunc] = count(); }: probe description fbt::chdir*:entry does not match any probes 
  --- end fbt preflight ---
OSV-SCREEN {"schemaVersion":1,"kind":"npm-observe-resolved","status":"clean","digest":"d78c6c4497c515384dbd3b9631e43187756281e1279ff90bfc17f287c83b71f2","specCount":46,"lockfiles":{"digest":"1793a9167b3fdf598c017386a704c7b7d8c4b521f5314c3e96406fc1d0fd1760","files":[{"path":"package-lock.json","sha256":"2971e08e4d6fd78c58a4c4179395f4916f6966623dadcb6b7766c97f247031ff","bytes":18372}]},"maliciousAdvisories":[],"screenedAt":"2026-09-08T02:51:55.457Z","cacheHit":false,"clearancePath":"/Users/runner/v2m-cCdjfQ/security/npm-observe-resolved.json"}
  SECURITY npm-observe-resolved clean: 46 exact package-version(s), tree d78c6c4497c5
  VENUE-CI-CHILD clean (no CI-detection variable reaches the traced script)
  --- wrapper (run.sh) ---
     cd "/Users/runner/v2m-cCdjfQ/Observe"
     sudo -u "runner" -H env "PATH=$PATH"   "HOME=/Users/runner/v2m-cCdjfQ/jailhome"   "TMPDIR=/private/var/folders/bl/vzjcvbz95c3dk19cb0fw46180000gn/T/nub-tmp-obskm9d0E"   "NODE_COMPAT=1"   "PYTHONDONTWRITEBYTECODE=1"   "PLAYWRIGHT_BROWSERS_PATH=/Users/runner/.cache/nub/pm/tools/ms-playwright"   "ELECTRON_CACHE=/Users/runner/.cache/nub/pm/tools/electron-cache"   "electron_config_cache=/Users/runner/.cache/nub/pm/tools/electron-cache"   "npm_config_prefix=/Users/runner/.cache/nub/pm/tools/npm-prefix"   "/Users/runner/hostedtoolcache/node/22.23.2/arm64/bin/npm" rebuild --no-audit --no-fund "inngest-cli" > "/Users/runner/v2m-cCdjfQ/Observe/npm.log" 2>&1
     echo $? > "/Users/runner/v2m-cCdjfQ/Observe/rc"
  --- dtrace stderr + wrapper trace ---
     + cd /Users/runner/v2m-cCdjfQ/Observe
     + sudo -u runner -H env PATH=/Users/runner/hostedtoolcache/node/22.23.2/arm64/bin:/opt/homebrew/lib/ruby/gems/3.3.0/bin:/opt/homebrew/opt/ruby@3.3/bin:/Users/runner/.local/bin:/opt/homebrew/bin:/opt/homebrew/sbin:/Users/runner/.cargo/bin:/usr/local/opt/curl/bin:/usr/local/bin:/usr/local/sbin:/Users/runner/bin:/Users/runner/.yarn/bin:/Users/runner/Library/Android/sdk/tools:/Users/runner/Library/Android/sdk/platform-tools:/Library/Frameworks/Python.framework/Versions/Current/bin:/Library/Frameworks/Mono.framework/Versions/Current/Commands:/usr/bin:/bin:/usr/sbin:/sbin:/Users/runner/.dotnet/tools HOME=/Users/runner/v2m-cCdjfQ/jailhome TMPDIR=/private/var/folders/bl/vzjcvbz95c3dk19cb0fw46180000gn/T/nub-tmp-obskm9d0E NODE_COMPAT=1 PYTHONDONTWRITEBYTECODE=1 PLAYWRIGHT_BROWSERS_PATH=/Users/runner/.cache/nub/pm/tools/ms-playwright ELECTRON_CACHE=/Users/runner/.cache/nub/pm/tools/electron-cache electron_config_cache=/Users/runner/.cache/nub/pm/tools/electron-cache npm_config_prefix=/Users/runner/.cache/nub/pm/tools/npm-prefix /Users/runner/hostedtoolcache/node/22.23.2/arm64/bin/npm rebuild --no-audit --no-fund inngest-cli
     dtrace: error on enabled probe ID 128 (ID 286: syscall::execve:entry): invalid address (0x600002300120) in action #1 at DIF offset 20
     + echo 0
  OBSERVE   rc=0 dtrace_rc=0 files=449 (pre=446) trace=13713 lines
  CLOSURE   45 packages evicted per arm   store=/Users/runner/.cache/nub/pm/store
  RAWLOG-FILE /Users/runner/v2m-cCdjfQ/Observe/trace.txt.gz
  RAWLOG-CAPTURE /Users/runner/v2m-cCdjfQ/Observe/capture.json
  RAWLOG-BYTES raw=2298011 gz=72142
  VENUE-INTERPRETER /Users/runner/hostedtoolcache/node/22.23.2/arm64
  VENUE-OVERRIDES {"set":{"PATH":"inherited-and-forwarded","HOME":"/Users/runner/v2m-cCdjfQ/jailhome","TMPDIR":"/private/var/folders/bl/vzjcvbz95c3dk19cb0fw46180000gn/T/nub-tmp-obskm9d0E","NODE_COMPAT":"1","PYTHONDONTWRITEBYTECODE":"1","PLAYWRIGHT_BROWSERS_PATH":"/Users/runner/.cache/nub/pm/tools/ms-playwright","ELECTRON_CACHE":"/Users/runner/.cache/nub/pm/tools/electron-cache","electron_config_cache":"/Users/runner/.cache/nub/pm/tools/electron-cache","npm_config_prefix":"/Users/runner/.cache/nub/pm/tools/npm-prefix"},"unset":["(sudo env_reset discards the caller environment; every var above is re-set after it)","CI","GITHUB_ACTIONS"],"passedThrough":{"CI":"true","GITHUB_ACTIONS":"true","NODE_ENV":null}}
  VENUE-OBSERVE-USER runner uid=501 (R7: ordinary non-root user, asserted)
  ARM-FALSIFIABILITY {"manifestFiles":5,"filesTheScriptProduced":2,"reasons":[]}
  EVENTLOG-FILE /Users/runner/v2m-cCdjfQ/Observe/events.ndjson.gz
  EVENTLOG-STATS {"lines":13714,"parsed":13696,"unparsed":0,"live":true,"tracerErrors":1,"tracerErrorTotal":1,"unresolvedDirfd":21,"unresolvedFd":0,"pairedTwoPath":541,"danglingPair":0,"failed":5300,"enoent":5297,"refusals":0,"byErrno":{"ENXIO":3,"ENOENT":5297},"procs":5,"lifecyclePids":1,"distinctEvents":6292,"emitted":6292,"calls":13143,"bytes":1231562,"gzipBytes":41710,"out":"/Users/runner/v2m-cCdjfQ/Observe/events.ndjson"}
  == TRACER == live=true decodable-events=3377 dropped-events=1
    NOTE 14 relative path(s) under a non-AT_FDCWD dirfd were not
       scope-assigned: resolving them against the cwd would invent a path.
    ⛔ CWD-UNOBSERVED 3 relative path(s) (0 write(s)) came from a lifecycle
       process whose own cwd was never observed
       macOS spawns with posix_spawn addchdir_np, which changes directory in-kernel and
       emits no chdir syscall, so the inherited cwd cannot be trusted. These are NOT
       scope-assigned; the grant below is WIDENED instead so it covers wherever they landed.
         pid=15667 read  unproven .
         pid=15667 read  unproven .
         pid=15667 read  unproven .
    ⛔ THE TRACER DROPPED 1 EVENT(S). A dropped event is a path never
       seen, so the grant below can only be too NARROW — the direction that breaks installs.
       Treat it as a FLOOR, not a measurement, until the adapter fault is fixed:
             1 x  epid=128 action=1 fault=1 addr=0x600002300120
  == ATTRIBUTION == lifecycle pids: 1
    writes  script 3  /  whole traced subtree 1093
    sockets script 1  /  whole traced subtree 2
  == ROOTS (from /Users/runner/v2m-cCdjfQ/Observe/capture.json; the classifier reads no other source) ==
    project       /Users/runner/v2m-cCdjfQ/Observe
    home          /Users/runner
    jailHome      /Users/runner/v2m-cCdjfQ/jailhome
    globalStore   /Users/runner/.cache/nub/pm/store
    projectStore  /Users/runner/v2m-cCdjfQ/Observe/node_modules/.store
    interpreter   /Users/runner/hostedtoolcache/node/22.23.2/arm64
    toolsDir      /Users/runner/.cache/nub/pm/tools
    temp          /private/var/folders/bl/vzjcvbz95c3dk19cb0fw46180000gn/T/nub-tmp-obskm9d0E
    npmPrefix     /Users/runner/.cache/nub/pm/tools/npm-prefix
    ownPkg        /Users/runner/v2m-cCdjfQ/Observe/node_modules/inngest-cli
    cwd           (null — this platform has no such root)
  == WRITES the script actually performed ==
    systemfs      1
        /dev/dtracehelper
    ownPkg        2  (base profile already grants this — NOT billed)
        /Users/runner/v2m-cCdjfQ/Observe/node_modules/inngest-cli/bin/LICENSE.md
        /Users/runner/v2m-cCdjfQ/Observe/node_modules/inngest-cli/bin/inngest
  == READS the script performed, by scope ==
    outside       5
    systemfs      9
    userHome      2
    ownPkg        2
    deps        201
        outside: /
        outside: /bin/bash
        outside: /bin
        outside: /var/db/timezone/zoneinfo/UTC
        outside: /var/db/timezone/zoneinfo/posixrules
  == NETWORK ==
    AF_INET connects: 1   distinct peers: 1
        172.66.44.115:443
  == REFUSALS (errno EPERM/EACCES/EROFS only; ENOENT is a miss, not a denial) ==
    distinct: 0
  == SYNTHESIZED GRANT (verify this in the real unprivileged jail) ==
    {"network":true}
  == writePaths (DERIVED — promotion out of the package's PRIVATE home) ==
    private-home writes observed: 0
    none declared — the script wrote nothing into its private home — there is nothing to promote
  == writePaths FEASIBILITY (distinct writes outside project/deps) ==
    count: 0
  EVICT[synth] 25 store entries removed, 6 spared as nub tooling, 556 in store
OSV-SCREEN {"schemaVersion":1,"kind":"nub-synth-resolved","status":"clean","digest":"d78c6c4497c515384dbd3b9631e43187756281e1279ff90bfc17f287c83b71f2","specCount":46,"lockfiles":{"digest":"33d9838113163f8e8a8e5a8873600cb41bcab3780fa77628769fcc2e71303e95","files":[{"path":"nub.lock","sha256":"722c9f567a67bb7e050fe7ba74c815a6808a1ea5accce08e66c349e868b0baaa","bytes":11120}]},"maliciousAdvisories":[],"screenedAt":"2026-09-08T02:51:55.457Z","cacheHit":true,"clearancePath":"/Users/runner/v2m-cCdjfQ/security/nub-synth-resolved.json"}
  SECURITY nub-synth-resolved clean: 46 exact package-version(s), tree d78c6c4497c5 (cached exact-tree clearance)
  VENUE-STORE-LAYOUT isolated
  VERIFY[synth] rc=0 artifacts=5/5 missing=0 shortfall=none (tree 1388/449) OVERRIDDEN=3 REJECTED=0 grant={"network":true}
  => VERIFIED {"network":true}
  EVICT[nar-no-network] 45 store entries removed, 6 spared as nub tooling, 576 in store
OSV-SCREEN {"schemaVersion":1,"kind":"nub-nar-no-network-resolved","status":"clean","digest":"d78c6c4497c515384dbd3b9631e43187756281e1279ff90bfc17f287c83b71f2","specCount":46,"lockfiles":{"digest":"33d9838113163f8e8a8e5a8873600cb41bcab3780fa77628769fcc2e71303e95","files":[{"path":"nub.lock","sha256":"722c9f567a67bb7e050fe7ba74c815a6808a1ea5accce08e66c349e868b0baaa","bytes":11120}]},"maliciousAdvisories":[],"screenedAt":"2026-09-08T02:51:55.457Z","cacheHit":true,"clearancePath":"/Users/runner/v2m-cCdjfQ/security/nub-nar-no-network-resolved.json"}
  SECURITY nub-nar-no-network-resolved clean: 46 exact package-version(s), tree d78c6c4497c5 (cached exact-tree clearance)
  VERIFY[nar-no-network] rc=1 artifacts=4/5 missing=2 shortfall=a65492bad52a (tree 1385/449) OVERRIDDEN=3 REJECTED=0 grant={}
       missing: bin/LICENSE.md, bin/inngest (0B < 61595234B)
     narrowing 'no-network' fails ⇒ that capability IS necessary
  => MINIMAL — every capability in {"network":true} is independently necessary
### DONE inngest-cli@0.9.2  synthesized={"network":true} verified=1
