### argon2@0.45.1   (/home/runner/v2-FBVhyt)
  CI-ENV scrubbed: CI GITHUB_ACTIONS
OSV-SCREEN {"schemaVersion":1,"kind":"direct","status":"clean","digest":"79dbdd01d22c4b1d0d0de890ddc4b1b1a3410f96a22d068c002c402e9759f2c7","specCount":1,"lockfiles":{"digest":null,"files":[]},"maliciousAdvisories":[],"screenedAt":"2026-09-09T03:25:12.195Z","cacheHit":false,"clearancePath":"/home/runner/v2-FBVhyt/security/direct.json"}
  SECURITY direct clean: 1 exact package-version(s), tree 79dbdd01d22c
  VENUE-OBSERVE-USER {"uid":1001,"user":"runner","umask":"0022","capBnd":"000001ffffffffff","noNewPrivs":"0"}
  VENUE-NUB-BINARY {"path":"/tmp/nub/target/release/nub","sha256":"2a18683f50f7afeb02a521cd3cae175dc2f91780d461c5f012065241f5a1447b","bytes":207643464,"features":{"buildJailCatalogOverride":true,"pythonDontWriteBytecodeEnv":true}}
OSV-SCREEN {"schemaVersion":1,"kind":"npm-observe-resolved","status":"clean","digest":"e32541b0c1e3843d3409b4ad8a1393da5742666e578db39c4c647602653e24e7","specCount":12,"lockfiles":{"digest":"cdebe5ba5bbd0926318cb3b129a4784a0992d0f8094357c0c93a6b20ef780ce1","files":[{"path":"package-lock.json","sha256":"8655e6ac37f60f393e233938212ece130d442aa110f49e582ff590ad9ad2ef29","bytes":5095}]},"maliciousAdvisories":[],"screenedAt":"2026-09-09T03:25:13.506Z","cacheHit":false,"clearancePath":"/home/runner/v2-FBVhyt/security/npm-observe-resolved.json"}
  SECURITY npm-observe-resolved clean: 12 exact package-version(s), tree e32541b0c1e3
  OBSERVE   rc=0 files=126 trace=11240 lines
  CLOSURE   12 packages evicted per arm
  ARM-FALSIFIABILITY {"manifestFiles":35,"filesTheScriptProduced":0,"reasons":["gate-vacuous"]}
  ⛔ ARMS-UNFALSIFIABLE — a green arm for this package carries no evidence:
       gate-vacuous: the script changed no file the artifact gate keys on — every file in the manifest (35) was already present at its final size before the script ran, so the gate passes in every arm including a completely broken one
       The grant may still be correct; what is missing is a signal that could have gone
       red. Do not read this record's MINIMAL as a passing measurement.
  RAWLOG-FILE /home/runner/v2-FBVhyt/observe/trace.txt.gz
  RAWLOG-CAPTURE /home/runner/v2-FBVhyt/observe/capture.json
  RAWLOG-BYTES raw=2445078 gz=72967
  VENUE-INTERPRETER /opt/hostedtoolcache/node/22.23.2/x64
  VENUE-OVERRIDES {"set":{"HOME":"/home/runner/v2-FBVhyt/jailhome","TMPDIR":"/tmp/nub-tmp-obsngFbjB","NODE_COMPAT":"1","PLAYWRIGHT_BROWSERS_PATH":"/home/runner/.cache/nub/pm/tools/ms-playwright","ELECTRON_CACHE":"/home/runner/.cache/nub/pm/tools/electron-cache","electron_config_cache":"/home/runner/.cache/nub/pm/tools/electron-cache","npm_config_prefix":"/home/runner/.cache/nub/pm/tools/npm-prefix","PYTHONDONTWRITEBYTECODE":"1","NUB_CACHE_DIR":"/home/runner/v2-FBVhyt/nubcache"},"unset":["CI","GITHUB_ACTIONS"],"passedThrough":{"CI":"true","GITHUB_ACTIONS":"true","NODE_ENV":null}}
  == ATTRIBUTION == attributed pids: 28
    writes  script 0  /  whole traced tree 1088
    sockets script 0  /  whole traced tree 4
  == ROOTS (from capture.json — R2: no ambient reads) ==
    project       /home/runner/v2-FBVhyt/observe
    home          /home/runner
    jailHome      /home/runner/v2-FBVhyt/jailhome
    globalStore   /home/runner/.cache/nub/pm/store   [declared, not keyed on]
    projectStore  /home/runner/v2-FBVhyt/observe/node_modules/.store   [declared, not keyed on]
    interpreter   /opt/hostedtoolcache/node/22.23.2/x64   [declared, not keyed on]
    toolsDir      /home/runner/.cache/nub/pm/tools   [declared, not keyed on]
    temp          /tmp/nub-tmp-obsngFbjB
    npmPrefix     /home/runner/.cache/nub/pm/tools/npm-prefix
    ownPkg        /home/runner/v2-FBVhyt/observe/node_modules/argon2
  == WRITES the script actually performed ==
  == NETWORK ==
    AF_INET sockets: 0   distinct peers: 2
        127.0.0.53:53
        104.16.5.34:443
  == REFUSALS (only `= -1 EACCES/EPERM/EROFS`) ==
    distinct: 0
  == SYNTHESIZED GRANT (verify this in the real unprivileged jail) ==
    {}
  == writePaths (DERIVED — promotion out of the package's PRIVATE home) ==
    private-home writes observed: 0
    none declared — the script wrote nothing into its private home — there is nothing to promote
  == writePaths FEASIBILITY (distinct writes outside project/deps) ==
    count: 0
    EVENTS    4688 distinct from 11174 calls (11241 lines, 26 rejoined, 0 unparsed)
    PROCS     35   lifecycle shells 23
    ⛔ 3 paths with an UNRESOLVED dirfd — kept, marked, never guessed
    unsubscribed/unmapped syscalls: setsockopt×35 getsockname×28 exit×25 getsockopt×15 recvmsg×7 wait4×7 getcwd×6 socketpair×6
    wrote /home/runner/v2-FBVhyt/observe/events.ndjson.gz (32831 bytes)
  EVENTLOG-FILE /home/runner/v2-FBVhyt/observe/events.ndjson.gz
  EVENTLOG-STATS {"lines":11241,"parsed":11174,"unparsed":0,"unfinished":26,"rejoined":26,"unresolvedDirfd":3,"truncatedArg":0,"procs":35,"lifecyclePids":23,"distinctEvents":4688,"unknownSyscall":{"getsockname":28,"getsockopt":15,"getcwd":6,"recvmsg":7,"exit":25,"setsockopt":35,"sendmmsg":1,"socketpair":6,"shutdown":5,"exit_group":6,"wait4":7},"out":"/home/runner/v2-FBVhyt/observe/events.ndjson.gz","gzipBytes":32831}
  EVICT     1 store entries removed, 2 spared as nub tooling
  SE-PURGE  0 side-effects-cache entries for argon2
OSV-SCREEN {"schemaVersion":1,"kind":"nub-synth-resolved","status":"clean","digest":"e32541b0c1e3843d3409b4ad8a1393da5742666e578db39c4c647602653e24e7","specCount":12,"lockfiles":{"digest":"6d9a1940c8dd6ec570773ec6da1a956cfe672f19202fe041806784abeebda859","files":[{"path":"nub.lock","sha256":"5b9a13c63f07da2bad32429a1003dd7b197635be266727bed736a2497b764bdb","bytes":2964}]},"maliciousAdvisories":[],"screenedAt":"2026-09-09T03:25:13.506Z","cacheHit":true,"clearancePath":"/home/runner/v2-FBVhyt/security/nub-synth-resolved.json"}
  SECURITY nub-synth-resolved clean: 12 exact package-version(s), tree e32541b0c1e3 (cached exact-tree clearance)
  VENUE-STORE-LAYOUT isolated
  VERIFY[synth] rc=0 artifacts=35/35 missing=0 shortfall=none (tree 386/126) OVERRIDDEN=2 REJECTED=0 grant={}
  => VERIFIED {}   (observed, then verified)
  DESCEND   grant is already empty — nothing to narrow; MINIMAL by construction.
