OSV-SCREEN {"schemaVersion":1,"kind":"direct","status":"clean","digest":"9c0b1b8025bfcf449688710d8d0490ee41ee4dd16b20192d932a6e2357c3de51","specCount":1,"lockfiles":{"digest":null,"files":[]},"maliciousAdvisories":[],"screenedAt":"2026-09-01T01:01:17.812Z","cacheHit":false,"clearancePath":"/Users/runner/v2m-V1t7ao/security/direct.json"}
  SECURITY direct clean: 1 exact package-version(s), tree 9c0b1b8025bf
  ERA-NODE PINNED 12.22.12 (provisioned) (arms will run: v12.22.12)
  ERA-PYTHON /Users/runner/hostedtoolcache/Python/3.9.13/arm64/bin/python (Python 3.9.13) for era Node 12, whose node-gyp requires python3-legacy
  ARM-MAKE /usr/bin/make (GNU Make 3.81) — the system make; a build needing GNU Make 4 WILL fail here
### aws-crt@0.3.0   (/Users/runner/v2m-V1t7ao)   nub=/tmp/nub/target/release/nub
  VENUE-NUB-BINARY {"path":"/tmp/nub/target/release/nub","sha256":"69e622342d0c8393c78fa50a01dc9cc0a94371ac9b106b59bdcc016f06d86d30","bytes":94535576,"features":{"buildJailCatalogOverride":true,"pythonDontWriteBytecodeEnv":true}}
  CI-ENV scrubbed: CI GITHUB_ACTIONS
  --- fbt preflight (advisory; never fails the run) ---
     csrutil: System Integrity Protection status: disabled.
     fbt probes visible: 93577
     fbt enable attempt: dtrace: description 'fbt:::entry ' matched 50357 probes CPU     ID                    FUNCTION:NAME 
     cwd builtin value:  
     fbt chdir symbols:  
     fbt fires on spawn-with-cwd: dtrace: invalid probe specifier fbt::chdir*:entry /progenyof($target)/ { @[probefunc] = count(); }: probe description fbt::chdir*:entry does not match any probes 
  --- end fbt preflight ---
  ERA-RESOLUTION DATED 2019-11-07T02:04:31.771Z (deps as of the package's own publish date + 1d)
OSV-SCREEN {"schemaVersion":1,"kind":"npm-observe-resolved","status":"clean","digest":"0e893297b1458f1fbf5e4f2cc9e7d0de229b9d31c6d813e5802fc67c38737ed6","specCount":83,"lockfiles":{"digest":"b62a377c6f7cca7c647e75955ec3e299329719e17664eeb14f0bbbc5905f6db7","files":[{"path":"package-lock.json","sha256":"31e30c43b369ea81d22d373977cd4c453600fd49139c7c836ebbc07efe1f8182","bytes":32771}]},"maliciousAdvisories":[],"screenedAt":"2026-09-01T01:01:36.150Z","cacheHit":false,"clearancePath":"/Users/runner/v2m-V1t7ao/security/npm-observe-resolved.json"}
  SECURITY npm-observe-resolved clean: 83 exact package-version(s), tree 0e893297b145
  ARM-PATH SANITISED (dropped 1: /Users/runner/.yarn/bin)
  ARM-AMBIENT-TOOLS none
  ARM-SCAFFOLD 2 added: typescript@^3.5.3 cmake-js@^6.0.0
  ARM-UNPROVIDABLE none
  ARM-SCAFFOLD-INSTALL rc=0
  VENUE-CI-CHILD clean (no CI-detection variable reaches the traced script)
  ARM-REBUILD-SPEC aws-crt@0.3.0
  --- wrapper (run.sh) ---
     cd "/Users/runner/v2m-V1t7ao/Observe"
     sudo -u "runner" -H env "PATH=/Users/runner/v2m-V1t7ao/Observe/node_modules/.bin:/Users/runner/.cache/nub/era-node/12.22.12/node-v12.22.12-darwin-x64/bin:/Users/runner/hostedtoolcache/node/22.23.2/arm64/bin:/opt/homebrew/lib/ruby/gems/3.3.0/bin:/opt/homebrew/opt/ruby@3.3/bin:/Users/runner/.local/bin:/opt/homebrew/bin:/opt/homebrew/sbin:/Users/runner/.cargo/bin:/usr/local/opt/curl/bin:/usr/local/bin:/usr/local/sbin:/Users/runner/bin:/Users/runner/Library/Android/sdk/tools:/Users/runner/Library/Android/sdk/platform-tools:/Library/Frameworks/Python.framework/Versions/Current/bin:/Library/Frameworks/Mono.framework/Versions/Current/Commands:/usr/bin:/bin:/usr/sbin:/sbin:/Users/runner/.dotnet/tools"   "HOME=/Users/runner/v2m-V1t7ao/jailhome"   "TMPDIR=/private/var/folders/_5/zjnzxgh147qcg3bb5cg2wvqw0000gn/T/nub-tmp-obsGHKhNq"   "NODE_COMPAT=1"   "PYTHONDONTWRITEBYTECODE=1"   "PLAYWRIGHT_BROWSERS_PATH=/Users/runner/.cache/nub/pm/tools/ms-playwright"   "ELECTRON_CACHE=/Users/runner/.cache/nub/pm/tools/electron-cache"   "electron_config_cache=/Users/runner/.cache/nub/pm/tools/electron-cache"   "npm_config_prefix=/Users/runner/.cache/nub/pm/tools/npm-prefix"   PYTHON=/Users/runner/hostedtoolcache/Python/3.9.13/arm64/bin/python   npm rebuild --no-audit --no-fund "aws-crt@0.3.0" > "/Users/runner/v2m-V1t7ao/Observe/npm.log" 2>&1
     echo $? > "/Users/runner/v2m-V1t7ao/Observe/rc"
  --- dtrace stderr + wrapper trace ---
     + cd /Users/runner/v2m-V1t7ao/Observe
     + sudo -u runner -H env PATH=/Users/runner/v2m-V1t7ao/Observe/node_modules/.bin:/Users/runner/.cache/nub/era-node/12.22.12/node-v12.22.12-darwin-x64/bin:/Users/runner/hostedtoolcache/node/22.23.2/arm64/bin:/opt/homebrew/lib/ruby/gems/3.3.0/bin:/opt/homebrew/opt/ruby@3.3/bin:/Users/runner/.local/bin:/opt/homebrew/bin:/opt/homebrew/sbin:/Users/runner/.cargo/bin:/usr/local/opt/curl/bin:/usr/local/bin:/usr/local/sbin:/Users/runner/bin:/Users/runner/Library/Android/sdk/tools:/Users/runner/Library/Android/sdk/platform-tools:/Library/Frameworks/Python.framework/Versions/Current/bin:/Library/Frameworks/Mono.framework/Versions/Current/Commands:/usr/bin:/bin:/usr/sbin:/sbin:/Users/runner/.dotnet/tools HOME=/Users/runner/v2m-V1t7ao/jailhome TMPDIR=/private/var/folders/_5/zjnzxgh147qcg3bb5cg2wvqw0000gn/T/nub-tmp-obsGHKhNq NODE_COMPAT=1 PYTHONDONTWRITEBYTECODE=1 PLAYWRIGHT_BROWSERS_PATH=/Users/runner/.cache/nub/pm/tools/ms-playwright ELECTRON_CACHE=/Users/runner/.cache/nub/pm/tools/electron-cache electron_config_cache=/Users/runner/.cache/nub/pm/tools/electron-cache npm_config_prefix=/Users/runner/.cache/nub/pm/tools/npm-prefix PYTHON=/Users/runner/hostedtoolcache/Python/3.9.13/arm64/bin/python npm rebuild --no-audit --no-fund aws-crt@0.3.0
     dtrace: error on enabled probe ID 128 (ID 286: syscall::execve:entry): invalid address (0x6000039a9050) in action #1 at DIF offset 20
     dtrace: error on enabled probe ID 128 (ID 286: syscall::execve:entry): invalid address (0x600000d75880) in action #6 at DIF offset 88
     dtrace: error on enabled probe ID 128 (ID 286: syscall::execve:entry): invalid address (0x600000d75880) in action #6 at DIF offset 88
     dtrace: error on enabled probe ID 128 (ID 286: syscall::execve:entry): invalid address (0x600000d75880) in action #6 at DIF offset 88
     dtrace: error on enabled probe ID 128 (ID 286: syscall::execve:entry): invalid address (0x600000d75880) in action #6 at DIF offset 88
     dtrace: error on enabled probe ID 128 (ID 286: syscall::execve:entry): invalid address (0x600000d75880) in action #6 at DIF offset 88
     dtrace: error on enabled probe ID 128 (ID 286: syscall::execve:entry): invalid address (0x600000d75880) in action #6 at DIF offset 88
     dtrace: error on enabled probe ID 128 (ID 286: syscall::execve:entry): invalid address (0x600000d75880) in action #6 at DIF offset 88
     dtrace: error on enabled probe ID 128 (ID 286: syscall::execve:entry): invalid address (0x600000d75880) in action #6 at DIF offset 88
     dtrace: error on enabled probe ID 128 (ID 286: syscall::execve:entry): invalid address (0x600000d75880) in action #6 at DIF offset 88
     dtrace: error on enabled probe ID 128 (ID 286: syscall::execve:entry): invalid address (0x600000d75880) in action #6 at DIF offset 88
     dtrace: error on enabled probe ID 128 (ID 286: syscall::execve:entry): invalid address (0x600000d75880) in action #6 at DIF offset 88
     dtrace: error on enabled probe ID 128 (ID 286: syscall::execve:entry): invalid address (0x600000d75880) in action #6 at DIF offset 88
     dtrace: error on enabled probe ID 128 (ID 286: syscall::execve:entry): invalid address (0x600000d75880) in action #6 at DIF offset 88
     dtrace: error on enabled probe ID 128 (ID 286: syscall::execve:entry): invalid address (0x600000d75880) in action #6 at DIF offset 88
     dtrace: error on enabled probe ID 128 (ID 286: syscall::execve:entry): invalid address (0x600000d75880) in action #6 at DIF offset 88
     dtrace: error on enabled probe ID 128 (ID 286: syscall::execve:entry): invalid address (0x600000d75880) in action #6 at DIF offset 88
     dtrace: error on enabled probe ID 128 (ID 286: syscall::execve:entry): invalid address (0x600000d75880) in action #6 at DIF offset 88
     dtrace: error on enabled probe ID 128 (ID 286: syscall::execve:entry): invalid address (0x600000d75880) in action #6 at DIF offset 88
     dtrace: error on enabled probe ID 128 (ID 286: syscall::execve:entry): invalid address (0x600000d75880) in action #6 at DIF offset 88
     dtrace: error on enabled probe ID 128 (ID 286: syscall::execve:entry): invalid address (0x600000d75880) in action #6 at DIF offset 88
     dtrace: error on enabled probe ID 128 (ID 286: syscall::execve:entry): invalid address (0x600000d75880) in action #6 at DIF offset 88
     dtrace: error on enabled probe ID 128 (ID 286: syscall::execve:entry): invalid address (0x600000d75880) in action #6 at DIF offset 88
     + echo 1
  OBSERVE   rc=1 dtrace_rc=0 files=4778 (pre=4776) trace=18285 lines
  => BROKEN-WITHOUT-JAIL-TOO (unjailed control failed rc=1; nothing to measure)
      --noImplicitThis                                   Raise error on 'this' expressions with an implied 'any' type.
      --alwaysStrict                                     Parse in strict mode and emit "use strict" for each source file.
      --noUnusedLocals                                   Report errors on unused locals.
      --noUnusedParameters                               Report errors on unused parameters.
      --noImplicitReturns                                Report error when not all code paths in function return a value.
      --noFallthroughCasesInSwitch                       Report errors for fallthrough cases in switch statement.
      --types                                            Type declaration files to be included in compilation.
      --esModuleInterop                                  Enables emit interoperability between CommonJS and ES Modules via creation of namespace objects for all imports. Implies 'allowSyntheticDefaultImports'.
      @<file>                                            Insert command line options and files from a file.
     error TS5058: The specified path does not exist: 'tsconfig.browser.json'.
     npm ERR! code ELIFECYCLE
     npm ERR! errno 1
     npm ERR! aws-crt@0.3.0 install: `tsc && tsc -p tsconfig.browser.json && cmake-js compile -T install --CDCMAKE_EXPORT_COMPILE_COMMANDS=ON`
     npm ERR! Exit status 1
     npm ERR! 
     npm ERR! Failed at the aws-crt@0.3.0 install script.
     npm ERR! This is probably not a problem with npm. There is likely additional logging output above.
     
     npm ERR! A complete log of this run can be found in:
     npm ERR!     /Users/runner/v2m-V1t7ao/jailhome/.npm/_logs/2026-09-01T01_02_09_286Z-debug.log
