### hugo-extended@0.144.2   (D:\jail\m-hugoextended-mts4pshq)
  CI-ENV scrubbed: CI GITHUB_ACTIONS
OSV-SCREEN {"schemaVersion":1,"kind":"direct","status":"clean","digest":"9934af8ec66cc10a631e5620c790d37f902a3d96b8ad621b6214cd6b724b32fe","specCount":1,"lockfiles":{"digest":null,"files":[]},"maliciousAdvisories":[],"screenedAt":"2026-09-08T03:47:52.803Z","cacheHit":false,"clearancePath":"D:\\jail\\m-hugoextended-mts4pshq\\security\\direct.json"}
  SECURITY direct clean: 1 exact package-version(s), tree 9934af8ec66c
OSV-SCREEN {"schemaVersion":1,"kind":"npm-observe-resolved","status":"clean","digest":"d54e883d2a7b1e60a5c60fe0b3d8764921f99de6143aaf92d106c468ef256af8","specCount":145,"lockfiles":{"digest":"c5f3ba0bf88ee46f304c5f76d523fcfcd8701368093e5f4de3fa733abefc4f9a","files":[{"path":"package-lock.json","sha256":"472c0b4aabc07366fbf8284d69f680113e137d24a5bb02b85c5c5a9674e68701","bytes":63461}]},"maliciousAdvisories":[],"screenedAt":"2026-09-08T03:47:57.596Z","cacheHit":false,"clearancePath":"D:\\jail\\m-hugoextended-mts4pshq\\security\\npm-observe-resolved.json"}
  SECURITY npm-observe-resolved clean: 145 exact package-version(s), tree d54e883d2a7b
  CAPTURE user=runnervmeef0v\runneradmin elevated=True rootPid=9364 exit=0 events=47669 lost=0
  VENUE-OBSERVE-USER runnervmeef0v\runneradmin elevated=true privDropped={"SeBackupPrivilege":"removed","SeRestorePrivilege":"removed","SeTakeOwnershipPrivilege":"removed"}
  OBSERVE artifacts: 12 files  (D:\jail\m-hugoextended-mts4pshq\observe\node_modules\hugo-extended)
  ARM-FALSIFIABILITY {"manifestFiles":12,"filesTheScriptProduced":3,"reasons":[]}
  CLOSURE 136 packages evicted per arm
  8.3 MAP 0 components resolved on runnervmeef0v, folded into capture.json
  == ROOTS (from capture.json — R2: no ambient reads) ==
    project       D:\jail\m-hugoextended-mts4pshq\observe   [keyed on]
    home          C:\Users\runneradmin   [keyed on]
    jailHome      (null — declared inapplicable)
    globalStore   C:\Users\runneradmin\AppData\Local\nub\pm\store
    projectStore  D:\jail\m-hugoextended-mts4pshq\observe\node_modules\.store
    interpreter   C:\hostedtoolcache\windows\node\22.23.2\x64\node.exe
    toolsDir      C:\Users\runneradmin\AppData\Local\nub\pm\tools
    temp          D:\jail\m-hugoextended-mts4pshq\tmp   [keyed on]
    npmPrefix     (null — declared inapplicable)
    ownPkg        D:\jail\m-hugoextended-mts4pshq\observe\node_modules\hugo-extended
  == ATTRIBUTION == lifecycle pids: 3 (root 9364)
    writes  script 7  /  whole traced tree 21
    peers   script 2  /  whole traced tree 2
  == WRITES ==
    jailTmp       3
    deps          4
  == READS ==
    deps        437
    outside       8
    project       1
    systemfs     48
    jailTmp       4
  == NETWORK ==
    distinct peers: 2
        140.82.112.3:443
        185.199.111.133:443
  == REFUSALS (adapter-classified) ==
    distinct: 0
  == SYNTHESIZED GRANT (verify this in the real unprivileged jail) ==
    {"write":{"deps":true},"network":true}
    NOTE 3 writes into the DECLARED private temp -- the base profile grants
         that directory unconditionally (preset.rs `$tmp`=rw), so they widen nothing.
  RAW       etw-raw.xml.gz  61936609 B xml -> 838653 B gz (73.9x)  sha256 a04721603fe29cbd…
  HEADER    etw-header.json (5098 bytes)
  DERIVED   11014 distinct from 18395 kept ops (47669 xml events, 1796 out of subtree)
  PROCS     5   thread-reattributed 0
  ⛔ 4 operations with NO OperationEnd — kept, status marked unknown
  ⛔ 2 handle ops whose path no table could supply
  8.3       0 expanded, 0 kept short, 0 not covered  [map: recorded 8.3 map (0 components, resolved on runnervmeef0v)]
  wrote events.ndjson.gz (139954 bytes)
  RAWLOG-CAPTURE D:\jail\m-hugoextended-mts4pshq\cap\capture.json
  VENUE-NUB-BINARY {"path":"C:/Users/RUNNER~1/AppData/Local/Temp/nub/target/release/nub.exe","sha256":"f186817a44be332fee712b4936a071a0b5f9cde18a1d2fdc3a791729d4bf1005","bytes":68717056,"features":{"buildJailCatalogOverride":true,"pythonDontWriteBytecodeEnv":true}}
  VENUE-INTERPRETER C:\hostedtoolcache\windows\node\22.23.2\x64\node.exe
  VENUE-JAIL-ROOT D:\jail\m-hugoextended-mts4pshq
  VENUE-OVERRIDES {"set":{"npm_config_cache":"D:\\jail\\m-hugoextended-mts4pshq\\npm-cache","TMP":"D:\\jail\\m-hugoextended-mts4pshq\\tmp","TEMP":"D:\\jail\\m-hugoextended-mts4pshq\\tmp","TMPDIR":"D:\\jail\\m-hugoextended-mts4pshq\\tmp"},"unset":["CI","GITHUB_ACTIONS"],"notRedirected":{"USERPROFILE":"C:\\Users\\runneradmin","why":"the jail leaves HOME/USERPROFILE alone — `build_jail.rs` sandbox_homes() reads the ambient value and `compiler/defaults.rs` BASELINE_ENV_EXACT passes it through — so there is no private jail home to reproduce and redirecting one would measure an environment no confined script sees"},"passedThrough":{"CI":"true","GITHUB_ACTIONS":"true","NODE_ENV":null}}
  STORE   isolated virtual store at D:\jail\m-hugoextended-mts4pshq\verify-synth\.cache
  VENUE-STORE-LAYOUT isolated
OSV-SCREEN {"schemaVersion":1,"kind":"nub-synth-resolved","status":"clean","digest":"d54e883d2a7b1e60a5c60fe0b3d8764921f99de6143aaf92d106c468ef256af8","specCount":145,"lockfiles":{"digest":"ae670407853b98a29f947aba97a7e23bd2863ae7df017fc2f1076f707de8438c","files":[{"path":"nub.lock","sha256":"ea3d9d657dcc4db813c595145e8a8369e9bf02d4600a8a377e26db6c464c81ee","bytes":34923}]},"maliciousAdvisories":[],"screenedAt":"2026-09-08T03:47:57.596Z","cacheHit":true,"clearancePath":"D:\\jail\\m-hugoextended-mts4pshq\\security\\nub-synth-resolved.json"}
  SECURITY nub-synth-resolved clean: 145 exact package-version(s), tree d54e883d2a7b (cached exact-tree clearance)
  VERIFY[synth] rc=1 artifacts=9/12 missing=3 shortfall=a63fd828aa49 (tree 7528/1330) OVERRIDDEN=2 REJECTED=0 grant={"write":{"deps":true},"network":true}
     missing artifacts: vendor/hugo.exe, vendor/LICENSE, vendor/README.md
  synthesized grant did not verify -- falling back to a bounded ladder
  STORE   isolated virtual store at D:\jail\m-hugoextended-mts4pshq\verify-fb0\.cache
OSV-SCREEN {"schemaVersion":1,"kind":"nub-fb0-resolved","status":"clean","digest":"d54e883d2a7b1e60a5c60fe0b3d8764921f99de6143aaf92d106c468ef256af8","specCount":145,"lockfiles":{"digest":"ae670407853b98a29f947aba97a7e23bd2863ae7df017fc2f1076f707de8438c","files":[{"path":"nub.lock","sha256":"ea3d9d657dcc4db813c595145e8a8369e9bf02d4600a8a377e26db6c464c81ee","bytes":34923}]},"maliciousAdvisories":[],"screenedAt":"2026-09-08T03:47:57.596Z","cacheHit":true,"clearancePath":"D:\\jail\\m-hugoextended-mts4pshq\\security\\nub-fb0-resolved.json"}
  SECURITY nub-fb0-resolved clean: 145 exact package-version(s), tree d54e883d2a7b (cached exact-tree clearance)
  VERIFY[fb0] rc=0 artifacts=12/12 missing=0 shortfall=none (tree 7531/1330) OVERRIDDEN=2 REJECTED=0 grant={"write":{"deps":true,"project":true,"userHome":true},"network":true}
  => MINIMUM {"write":{"deps":true,"project":true,"userHome":true},"network":true}   (ladder fallback; synthesized grant was insufficient)
  !! OBSERVE UNDER-PREDICTED -- the gap between {"write":{"deps":true},"network":true} and this is what the trace missed
  STORE   isolated virtual store at D:\jail\m-hugoextended-mts4pshq\verify-nar-no-network\.cache
OSV-SCREEN {"schemaVersion":1,"kind":"nub-nar-no-network-resolved","status":"clean","digest":"d54e883d2a7b1e60a5c60fe0b3d8764921f99de6143aaf92d106c468ef256af8","specCount":145,"lockfiles":{"digest":"ae670407853b98a29f947aba97a7e23bd2863ae7df017fc2f1076f707de8438c","files":[{"path":"nub.lock","sha256":"ea3d9d657dcc4db813c595145e8a8369e9bf02d4600a8a377e26db6c464c81ee","bytes":34923}]},"maliciousAdvisories":[],"screenedAt":"2026-09-08T03:47:57.596Z","cacheHit":true,"clearancePath":"D:\\jail\\m-hugoextended-mts4pshq\\security\\nub-nar-no-network-resolved.json"}
  SECURITY nub-nar-no-network-resolved clean: 145 exact package-version(s), tree d54e883d2a7b (cached exact-tree clearance)
  VERIFY[nar-no-network] rc=1 artifacts=9/12 missing=3 shortfall=a63fd828aa49 (tree 7528/1330) OVERRIDDEN=2 REJECTED=0 grant={"write":{"deps":true,"project":true,"userHome":true}}
     missing artifacts: vendor/hugo.exe, vendor/LICENSE, vendor/README.md
     'no-network' is NECESSARY — dropping it fails to verify
  STORE   isolated virtual store at D:\jail\m-hugoextended-mts4pshq\verify-nar-no-write-deps\.cache
OSV-SCREEN {"schemaVersion":1,"kind":"nub-nar-no-write-deps-resolved","status":"clean","digest":"d54e883d2a7b1e60a5c60fe0b3d8764921f99de6143aaf92d106c468ef256af8","specCount":145,"lockfiles":{"digest":"ae670407853b98a29f947aba97a7e23bd2863ae7df017fc2f1076f707de8438c","files":[{"path":"nub.lock","sha256":"ea3d9d657dcc4db813c595145e8a8369e9bf02d4600a8a377e26db6c464c81ee","bytes":34923}]},"maliciousAdvisories":[],"screenedAt":"2026-09-08T03:47:57.596Z","cacheHit":true,"clearancePath":"D:\\jail\\m-hugoextended-mts4pshq\\security\\nub-nar-no-write-deps-resolved.json"}
  SECURITY nub-nar-no-write-deps-resolved clean: 145 exact package-version(s), tree d54e883d2a7b (cached exact-tree clearance)
  VERIFY[nar-no-write-deps] rc=0 artifacts=12/12 missing=0 shortfall=none (tree 7531/1330) OVERRIDDEN=2 REJECTED=0 grant={"write":{"project":true,"userHome":true},"network":true}
     ⛔ OVER-PREDICTED — the strictly narrower {"write":{"project":true,"userHome":true},"network":true} also verifies; 'no-write-deps' was not needed
  STORE   isolated virtual store at D:\jail\m-hugoextended-mts4pshq\verify-nar-no-write-project\.cache
OSV-SCREEN {"schemaVersion":1,"kind":"nub-nar-no-write-project-resolved","status":"clean","digest":"d54e883d2a7b1e60a5c60fe0b3d8764921f99de6143aaf92d106c468ef256af8","specCount":145,"lockfiles":{"digest":"ae670407853b98a29f947aba97a7e23bd2863ae7df017fc2f1076f707de8438c","files":[{"path":"nub.lock","sha256":"ea3d9d657dcc4db813c595145e8a8369e9bf02d4600a8a377e26db6c464c81ee","bytes":34923}]},"maliciousAdvisories":[],"screenedAt":"2026-09-08T03:47:57.596Z","cacheHit":true,"clearancePath":"D:\\jail\\m-hugoextended-mts4pshq\\security\\nub-nar-no-write-project-resolved.json"}
  SECURITY nub-nar-no-write-project-resolved clean: 145 exact package-version(s), tree d54e883d2a7b (cached exact-tree clearance)
  VERIFY[nar-no-write-project] rc=0 artifacts=12/12 missing=0 shortfall=none (tree 7531/1330) OVERRIDDEN=2 REJECTED=0 grant={"write":{"deps":true,"userHome":true},"network":true}
     ⛔ OVER-PREDICTED — the strictly narrower {"write":{"deps":true,"userHome":true},"network":true} also verifies; 'no-write-project' was not needed
  STORE   isolated virtual store at D:\jail\m-hugoextended-mts4pshq\verify-nar-no-write-userHome\.cache
OSV-SCREEN {"schemaVersion":1,"kind":"nub-nar-no-write-userHome-resolved","status":"clean","digest":"d54e883d2a7b1e60a5c60fe0b3d8764921f99de6143aaf92d106c468ef256af8","specCount":145,"lockfiles":{"digest":"ae670407853b98a29f947aba97a7e23bd2863ae7df017fc2f1076f707de8438c","files":[{"path":"nub.lock","sha256":"ea3d9d657dcc4db813c595145e8a8369e9bf02d4600a8a377e26db6c464c81ee","bytes":34923}]},"maliciousAdvisories":[],"screenedAt":"2026-09-08T03:47:57.596Z","cacheHit":true,"clearancePath":"D:\\jail\\m-hugoextended-mts4pshq\\security\\nub-nar-no-write-userHome-resolved.json"}
  SECURITY nub-nar-no-write-userHome-resolved clean: 145 exact package-version(s), tree d54e883d2a7b (cached exact-tree clearance)
  VERIFY[nar-no-write-userHome] rc=1 artifacts=9/12 missing=3 shortfall=a63fd828aa49 (tree 7528/1330) OVERRIDDEN=2 REJECTED=0 grant={"write":{"deps":true,"project":true},"network":true}
     missing artifacts: vendor/hugo.exe, vendor/LICENSE, vendor/README.md
     'no-write-userHome' is NECESSARY — dropping it fails to verify
  STORE   isolated virtual store at D:\jail\m-hugoextended-mts4pshq\verify-joint-narrow\.cache
OSV-SCREEN {"schemaVersion":1,"kind":"nub-joint-narrow-resolved","status":"clean","digest":"d54e883d2a7b1e60a5c60fe0b3d8764921f99de6143aaf92d106c468ef256af8","specCount":145,"lockfiles":{"digest":"ae670407853b98a29f947aba97a7e23bd2863ae7df017fc2f1076f707de8438c","files":[{"path":"nub.lock","sha256":"ea3d9d657dcc4db813c595145e8a8369e9bf02d4600a8a377e26db6c464c81ee","bytes":34923}]},"maliciousAdvisories":[],"screenedAt":"2026-09-08T03:47:57.596Z","cacheHit":true,"clearancePath":"D:\\jail\\m-hugoextended-mts4pshq\\security\\nub-joint-narrow-resolved.json"}
  SECURITY nub-joint-narrow-resolved clean: 145 exact package-version(s), tree d54e883d2a7b (cached exact-tree clearance)
  VERIFY[joint-narrow] rc=0 artifacts=12/12 missing=0 shortfall=none (tree 7531/1330) OVERRIDDEN=2 REJECTED=0 grant={"write":{"userHome":true},"network":true}
  => JOINT-NARROW VERIFIED {"write":{"userHome":true},"network":true} — all 2 capabilities drop TOGETHER, measured
