### graphql-shield@5.7.3   (/home/runner/v2-ElGkxJ)
  CI-ENV scrubbed: CI GITHUB_ACTIONS
OSV-SCREEN {"schemaVersion":1,"kind":"direct","status":"clean","digest":"ba8b031dced7a6e298a30e00cd60cfca0d605f3c32b24db4329306d19771c842","specCount":1,"lockfiles":{"digest":null,"files":[]},"maliciousAdvisories":[],"screenedAt":"2026-09-08T00:54:46.413Z","cacheHit":false,"clearancePath":"/home/runner/v2-ElGkxJ/security/direct.json"}
  SECURITY direct clean: 1 exact package-version(s), tree ba8b031dced7
  VENUE-OBSERVE-USER {"uid":1001,"user":"runner","umask":"0022","capBnd":"000001ffffffffff","noNewPrivs":"0"}
  VENUE-NUB-BINARY {"path":"/tmp/nub/target/release/nub","sha256":"2a18683f50f7afeb02a521cd3cae175dc2f91780d461c5f012065241f5a1447b","bytes":207643464,"features":{"buildJailCatalogOverride":true,"pythonDontWriteBytecodeEnv":true}}
OSV-SCREEN {"schemaVersion":1,"kind":"npm-observe-resolved","status":"clean","digest":"5823cf96e79ce3551305b0f7c73f6bbcd81448c0d061df88070ba127cacdc99b","specCount":25,"lockfiles":{"digest":"a63e14180d2a09c8e266c7552ed49996325f3f261789e6dcff2a6cb02843d65c","files":[{"path":"package-lock.json","sha256":"68f48746c8e8fae06c213cb250d20557e342d9e5ad8b5815c66a579438529953","bytes":10800}]},"maliciousAdvisories":[],"screenedAt":"2026-09-08T00:54:48.545Z","cacheHit":false,"clearancePath":"/home/runner/v2-ElGkxJ/security/npm-observe-resolved.json"}
  SECURITY npm-observe-resolved clean: 25 exact package-version(s), tree 5823cf96e79c
  OBSERVE   rc=0 files=2426 trace=10884 lines
  CLOSURE   25 packages evicted per arm
  ARM-FALSIFIABILITY {"manifestFiles":27,"filesTheScriptProduced":0,"reasons":["gate-vacuous"]}
  ⛔ ARMS-UNFALSIFIABLE — a green arm for this package carries no evidence:
       gate-vacuous: the script changed no file the artifact gate keys on — every file in the manifest (27) was already present at its final size before the script ran, so the gate passes in every arm including a completely broken one
       The grant may still be correct; what is missing is a signal that could have gone
       red. Do not read this record's MINIMAL as a passing measurement.
  RAWLOG-FILE /home/runner/v2-ElGkxJ/observe/trace.txt.gz
  RAWLOG-CAPTURE /home/runner/v2-ElGkxJ/observe/capture.json
  RAWLOG-BYTES raw=2391637 gz=71002
  VENUE-INTERPRETER /opt/hostedtoolcache/node/22.23.2/x64
  VENUE-OVERRIDES {"set":{"HOME":"/home/runner/v2-ElGkxJ/jailhome","TMPDIR":"/tmp/nub-tmp-obsV8ugGA","NODE_COMPAT":"1","PLAYWRIGHT_BROWSERS_PATH":"/home/runner/.cache/nub/pm/tools/ms-playwright","ELECTRON_CACHE":"/home/runner/.cache/nub/pm/tools/electron-cache","electron_config_cache":"/home/runner/.cache/nub/pm/tools/electron-cache","npm_config_prefix":"/home/runner/.cache/nub/pm/tools/npm-prefix","PYTHONDONTWRITEBYTECODE":"1","NUB_CACHE_DIR":"/home/runner/v2-ElGkxJ/nubcache"},"unset":["CI","GITHUB_ACTIONS"],"passedThrough":{"CI":"true","GITHUB_ACTIONS":"true","NODE_ENV":null}}
  == ATTRIBUTION == attributed pids: 18
    writes  script 0  /  whole traced tree 1088
    sockets script 4  /  whole traced tree 10
  == ROOTS (from capture.json — R2: no ambient reads) ==
    project       /home/runner/v2-ElGkxJ/observe
    home          /home/runner
    jailHome      /home/runner/v2-ElGkxJ/jailhome
    globalStore   /home/runner/.cache/nub/pm/store   [declared, not keyed on]
    projectStore  /home/runner/v2-ElGkxJ/observe/node_modules/.store   [declared, not keyed on]
    interpreter   /opt/hostedtoolcache/node/22.23.2/x64   [declared, not keyed on]
    toolsDir      /home/runner/.cache/nub/pm/tools   [declared, not keyed on]
    temp          /tmp/nub-tmp-obsV8ugGA
    npmPrefix     /home/runner/.cache/nub/pm/tools/npm-prefix
    ownPkg        /home/runner/v2-ElGkxJ/observe/node_modules/graphql-shield
  == WRITES the script actually performed ==
  == NETWORK ==
    AF_INET sockets: 4   distinct peers: 3
        127.0.0.53:53
        104.16.4.34:443
        104.26.12.145:443
  == REFUSALS (only `= -1 EACCES/EPERM/EROFS`) ==
    distinct: 0
  == SYNTHESIZED GRANT (verify this in the real unprivileged jail) ==
    {"network":true}
  == writePaths (DERIVED — promotion out of the package's PRIVATE home) ==
    private-home writes observed: 0
    none declared — the script wrote nothing into its private home — there is nothing to promote
  == writePaths FEASIBILITY (distinct writes outside project/deps) ==
    count: 0
    EVENTS    4477 distinct from 10827 calls (10885 lines, 30 rejoined, 0 unparsed)
    PROCS     25   lifecycle shells 13
    ⛔ 3 paths with an UNRESOLVED dirfd — kept, marked, never guessed
    unsubscribed/unmapped syscalls: getsockname×27 setsockopt×24 exit×20 getsockopt×10 recvmsg×9 getcwd×4 socketpair×3 shutdown×3
    wrote /home/runner/v2-ElGkxJ/observe/events.ndjson.gz (31711 bytes)
  EVENTLOG-FILE /home/runner/v2-ElGkxJ/observe/events.ndjson.gz
  EVENTLOG-STATS {"lines":10885,"parsed":10827,"unparsed":0,"unfinished":30,"rejoined":30,"unresolvedDirfd":3,"truncatedArg":0,"procs":25,"lifecyclePids":13,"distinctEvents":4477,"unknownSyscall":{"getsockname":27,"getsockopt":10,"getcwd":4,"recvmsg":9,"exit":20,"setsockopt":24,"sendmmsg":2,"socketpair":3,"shutdown":3,"exit_group":3,"wait4":3},"out":"/home/runner/v2-ElGkxJ/observe/events.ndjson.gz","gzipBytes":31711}
  EVICT     4 store entries removed, 0 spared as nub tooling
  SE-PURGE  0 side-effects-cache entries for graphql-shield
OSV-SCREEN {"schemaVersion":1,"kind":"nub-synth-resolved","status":"clean","digest":"5823cf96e79ce3551305b0f7c73f6bbcd81448c0d061df88070ba127cacdc99b","specCount":25,"lockfiles":{"digest":"a03e3dcc4f281766c8bdf90c7db84dd6436de9220f86bdb3f6e4657fe741e497","files":[{"path":"nub.lock","sha256":"a01e429f76daec9ddd08a678cff2da7f74fd62850fceb4e66d55cf1a00328858","bytes":7202}]},"maliciousAdvisories":[],"screenedAt":"2026-09-08T00:54:48.545Z","cacheHit":true,"clearancePath":"/home/runner/v2-ElGkxJ/security/nub-synth-resolved.json"}
  SECURITY nub-synth-resolved clean: 25 exact package-version(s), tree 5823cf96e79c (cached exact-tree clearance)
  VENUE-STORE-LAYOUT isolated
  VERIFY[synth] rc=0 artifacts=27/27 missing=0 shortfall=none (tree 9452/2426) OVERRIDDEN=3 REJECTED=0 grant={"network":true}
  => VERIFIED {"network":true}   (observed, then verified)
  EVICT     25 store entries removed, 0 spared as nub tooling
  SE-PURGE  0 side-effects-cache entries for graphql-shield
OSV-SCREEN {"schemaVersion":1,"kind":"nub-drop-no-network-resolved","status":"clean","digest":"5823cf96e79ce3551305b0f7c73f6bbcd81448c0d061df88070ba127cacdc99b","specCount":25,"lockfiles":{"digest":"a03e3dcc4f281766c8bdf90c7db84dd6436de9220f86bdb3f6e4657fe741e497","files":[{"path":"nub.lock","sha256":"a01e429f76daec9ddd08a678cff2da7f74fd62850fceb4e66d55cf1a00328858","bytes":7202}]},"maliciousAdvisories":[],"screenedAt":"2026-09-08T00:54:48.545Z","cacheHit":true,"clearancePath":"/home/runner/v2-ElGkxJ/security/nub-drop-no-network-resolved.json"}
  SECURITY nub-drop-no-network-resolved clean: 25 exact package-version(s), tree 5823cf96e79c (cached exact-tree clearance)
  VERIFY[drop-no-network] rc=0 artifacts=27/27 missing=0 shortfall=none (tree 9452/2426) OVERRIDDEN=3 REJECTED=0 grant={}
     ⛔ OVER-PREDICTED: dropping 'no-network' STILL VERIFIES — {} is sufficient
  => OVER-PREDICTED by: no-network  (synthesized {"network":true}; each named capability drops on its own)
