### saucectl@0.108.0   (/home/runner/v2-n1PoaS)
  CI-ENV scrubbed: CI GITHUB_ACTIONS
OSV-SCREEN {"schemaVersion":1,"kind":"direct","status":"clean","digest":"0b15ad223fb88e528321ac76f56460b66575c81a7689fe5d1ade7f6f8ddd305e","specCount":1,"lockfiles":{"digest":null,"files":[]},"maliciousAdvisories":[],"screenedAt":"2026-09-08T00:52:29.033Z","cacheHit":false,"clearancePath":"/home/runner/v2-n1PoaS/security/direct.json"}
  SECURITY direct clean: 1 exact package-version(s), tree 0b15ad223fb8
  VENUE-OBSERVE-USER {"uid":1001,"user":"runner","umask":"0022","capBnd":"000001ffffffffff","noNewPrivs":"0"}
  VENUE-NUB-BINARY {"path":"/tmp/nub/target/release/nub","sha256":"2a18683f50f7afeb02a521cd3cae175dc2f91780d461c5f012065241f5a1447b","bytes":207643464,"features":{"buildJailCatalogOverride":true,"pythonDontWriteBytecodeEnv":true}}
OSV-SCREEN {"schemaVersion":1,"kind":"npm-observe-resolved","status":"clean","digest":"9417fe8ff43d023f4876c159d9b24fbd0b50973bd20a9435a00dc815f903e9ef","specCount":166,"lockfiles":{"digest":"f467774d8f9d9e7726c10151e1668da0fd49c962d2f3bf01a5ab320ff2e50512","files":[{"path":"package-lock.json","sha256":"06d7a72b5ef35e9fe101b55ef691926d6818b5dc603c0b5d73f2d9e8bac0e5a2","bytes":71115}]},"maliciousAdvisories":[],"screenedAt":"2026-09-08T00:52:30.998Z","cacheHit":false,"clearancePath":"/home/runner/v2-n1PoaS/security/npm-observe-resolved.json"}
  SECURITY npm-observe-resolved clean: 166 exact package-version(s), tree 9417fe8ff43d
  OBSERVE   rc=0 files=1114 trace=15052 lines
  CLOSURE   152 packages evicted per arm
  ARM-FALSIFIABILITY {"manifestFiles":8,"filesTheScriptProduced":2,"reasons":[]}
  RAWLOG-FILE /home/runner/v2-n1PoaS/observe/trace.txt.gz
  RAWLOG-CAPTURE /home/runner/v2-n1PoaS/observe/capture.json
  RAWLOG-BYTES raw=3222789 gz=98796
  VENUE-INTERPRETER /opt/hostedtoolcache/node/22.23.2/x64
  VENUE-OVERRIDES {"set":{"HOME":"/home/runner/v2-n1PoaS/jailhome","TMPDIR":"/tmp/nub-tmp-obsrWFygf","NODE_COMPAT":"1","PLAYWRIGHT_BROWSERS_PATH":"/home/runner/.cache/nub/pm/tools/ms-playwright","ELECTRON_CACHE":"/home/runner/.cache/nub/pm/tools/electron-cache","electron_config_cache":"/home/runner/.cache/nub/pm/tools/electron-cache","npm_config_prefix":"/home/runner/.cache/nub/pm/tools/npm-prefix","PYTHONDONTWRITEBYTECODE":"1","NUB_CACHE_DIR":"/home/runner/v2-n1PoaS/nubcache"},"unset":["CI","GITHUB_ACTIONS"],"passedThrough":{"CI":"true","GITHUB_ACTIONS":"true","NODE_ENV":null}}
  == ATTRIBUTION == attributed pids: 30
    writes  script 3  /  whole traced tree 1091
    sockets script 5  /  whole traced tree 9
  == ROOTS (from capture.json — R2: no ambient reads) ==
    project       /home/runner/v2-n1PoaS/observe
    home          /home/runner
    jailHome      /home/runner/v2-n1PoaS/jailhome
    globalStore   /home/runner/.cache/nub/pm/store   [declared, not keyed on]
    projectStore  /home/runner/v2-n1PoaS/observe/node_modules/.store   [declared, not keyed on]
    interpreter   /opt/hostedtoolcache/node/22.23.2/x64   [declared, not keyed on]
    toolsDir      /home/runner/.cache/nub/pm/tools   [declared, not keyed on]
    temp          /tmp/nub-tmp-obsrWFygf
    npmPrefix     /home/runner/.cache/nub/pm/tools/npm-prefix
    ownPkg        /home/runner/v2-n1PoaS/observe/node_modules/saucectl
  == WRITES the script actually performed ==
    ownPkg        3  (base profile already grants this — NOT billed)
        /home/runner/v2-n1PoaS/observe/node_modules/saucectl/bin
        /home/runner/v2-n1PoaS/observe/node_modules/saucectl/bin/LICENSE
        /home/runner/v2-n1PoaS/observe/node_modules/saucectl/bin/saucectl
  == NETWORK ==
    AF_INET sockets: 5   distinct peers: 3
        127.0.0.53:53
        104.16.9.34:443
        140.82.114.4:443
  == REFUSALS (only `= -1 EACCES/EPERM/EROFS`) ==
    distinct: 0
  == SYNTHESIZED GRANT (verify this in the real unprivileged jail) ==
    {"network":true}
  == writePaths (DERIVED — promotion out of the package's PRIVATE home) ==
    private-home writes observed: 0
    none declared — the script wrote nothing into its private home — there is nothing to promote
  == writePaths FEASIBILITY (distinct writes outside project/deps) ==
    count: 0
    EVENTS    6745 distinct from 14822 calls (15053 lines, 186 rejoined, 0 unparsed)
    PROCS     37   lifecycle shells 25
    ⛔ 3 paths with an UNRESOLVED dirfd — kept, marked, never guessed
    unsubscribed/unmapped syscalls: setsockopt×57 getsockname×32 exit×20 getsockopt×13 recvmsg×11 socketpair×9 shutdown×7 getcwd×5
    wrote /home/runner/v2-n1PoaS/observe/events.ndjson.gz (43395 bytes)
  EVENTLOG-FILE /home/runner/v2-n1PoaS/observe/events.ndjson.gz
  EVENTLOG-STATS {"lines":15053,"parsed":14822,"unparsed":0,"unfinished":186,"rejoined":186,"unresolvedDirfd":3,"truncatedArg":0,"procs":37,"lifecyclePids":25,"distinctEvents":6745,"unknownSyscall":{"getsockname":32,"getsockopt":13,"getcwd":5,"recvmsg":11,"exit":20,"setsockopt":57,"sendmmsg":3,"socketpair":9,"shutdown":7,"tgkill":3,"exit_group":5,"wait4":5},"out":"/home/runner/v2-n1PoaS/observe/events.ndjson.gz","gzipBytes":43395}
  EVICT     164 store entries removed, 5 spared as nub tooling
  SE-PURGE  0 side-effects-cache entries for saucectl
OSV-SCREEN {"schemaVersion":1,"kind":"nub-synth-resolved","status":"clean","digest":"990f1832528d533ae53792f5b57ddb0136d9fddd9914cd36c494bf8d7d38fbf4","specCount":170,"lockfiles":{"digest":"683d5a8d147de9ec256cb9d9380d6795b80454894feda03ffd8e216f69234a92","files":[{"path":"nub.lock","sha256":"11805f9540e48a617506a1d9ce6c3caa6354f8cdd5c72331d7ca4900b67815f4","bytes":40155}]},"maliciousAdvisories":[],"screenedAt":"2026-09-08T00:52:35.749Z","cacheHit":false,"clearancePath":"/home/runner/v2-n1PoaS/security/nub-synth-resolved.json"}
  SECURITY nub-synth-resolved clean: 170 exact package-version(s), tree 990f1832528d
  VENUE-STORE-LAYOUT isolated
  VERIFY[synth] rc=0 artifacts=8/8 missing=0 shortfall=none (tree 4362/1114) OVERRIDDEN=2 REJECTED=0 grant={"network":true}
  => VERIFIED {"network":true}   (observed, then verified)
  EVICT     165 store entries removed, 5 spared as nub tooling
  SE-PURGE  0 side-effects-cache entries for saucectl
OSV-SCREEN {"schemaVersion":1,"kind":"nub-drop-no-network-resolved","status":"clean","digest":"990f1832528d533ae53792f5b57ddb0136d9fddd9914cd36c494bf8d7d38fbf4","specCount":170,"lockfiles":{"digest":"683d5a8d147de9ec256cb9d9380d6795b80454894feda03ffd8e216f69234a92","files":[{"path":"nub.lock","sha256":"11805f9540e48a617506a1d9ce6c3caa6354f8cdd5c72331d7ca4900b67815f4","bytes":40155}]},"maliciousAdvisories":[],"screenedAt":"2026-09-08T00:52:35.749Z","cacheHit":true,"clearancePath":"/home/runner/v2-n1PoaS/security/nub-drop-no-network-resolved.json"}
  SECURITY nub-drop-no-network-resolved clean: 170 exact package-version(s), tree 990f1832528d (cached exact-tree clearance)
  VERIFY[drop-no-network] rc=1 artifacts=6/8 missing=2 shortfall=e4e32fdf5a57 (tree 4357/1114) OVERRIDDEN=2 REJECTED=0 grant={}
       missing: bin/LICENSE, bin/saucectl
     'no-network' is NECESSARY — dropping it fails to verify
  => MINIMAL — every capability in {"network":true} is independently necessary
