OSV-SCREEN {"schemaVersion":1,"kind":"direct","status":"clean","digest":"028e90d3d3fe90c28dc616489cdbaab3fac93699090de673e3ba7fcbbecae335","specCount":1,"lockfiles":{"digest":null,"files":[]},"maliciousAdvisories":[],"screenedAt":"2026-08-31T23:35:31.462Z","cacheHit":false,"clearancePath":"/Users/runner/v2m-WD4xtf/security/direct.json"}
  SECURITY direct clean: 1 exact package-version(s), tree 028e90d3d3fe
  ERA-NODE PINNED 22.23.2 (provisioned) (arms will run: v22.23.2)
  ERA-PYTHON /Users/runner/hostedtoolcache/Python/3.9.13/arm64/bin/python (Python 3.9.13) for era Node 22, whose node-gyp requires python3
  ARM-MAKE /usr/bin/make (GNU Make 3.81) — the system make; a build needing GNU Make 4 WILL fail here
### saucectl@0.194.3   (/Users/runner/v2m-WD4xtf)   nub=/tmp/nub/target/release/nub
  VENUE-NUB-BINARY {"path":"/tmp/nub/target/release/nub","sha256":"69e622342d0c8393c78fa50a01dc9cc0a94371ac9b106b59bdcc016f06d86d30","bytes":94535576,"features":{"buildJailCatalogOverride":true,"pythonDontWriteBytecodeEnv":true}}
  CI-ENV scrubbed: CI GITHUB_ACTIONS
  --- fbt preflight (advisory; never fails the run) ---
     csrutil: System Integrity Protection status: disabled.
     fbt probes visible: 93577
     fbt enable attempt: dtrace: description 'fbt:::entry ' matched 50357 probes CPU     ID                    FUNCTION:NAME 
     cwd builtin value:  
     fbt chdir symbols:  
     fbt fires on spawn-with-cwd: dtrace: invalid probe specifier fbt::chdir*:entry /progenyof($target)/ { @[probefunc] = count(); }: probe description fbt::chdir*:entry does not match any probes 
  --- end fbt preflight ---
  ERA-RESOLUTION DATED 2025-04-17T13:31:12.083Z (deps as of the package's own publish date + 1d)
OSV-SCREEN {"schemaVersion":1,"kind":"npm-observe-resolved","status":"clean","digest":"b2aae94d54ef945596acf72b166cfd322a4f7272ab59226d0174b301495f080c","specCount":36,"lockfiles":{"digest":"02c0b886663ac64c0c2cd47477a025a557f302970fd012d06548fb099ccd23f2","files":[{"path":"package-lock.json","sha256":"7e2970af1b0dda142fd630a442ee4b494812069995cd5708c3632f3f600fcbb0","bytes":15233}]},"maliciousAdvisories":[],"screenedAt":"2026-08-31T23:35:40.379Z","cacheHit":false,"clearancePath":"/Users/runner/v2m-WD4xtf/security/npm-observe-resolved.json"}
  SECURITY npm-observe-resolved clean: 36 exact package-version(s), tree b2aae94d54ef
  ARM-PATH SANITISED (dropped 1: /Users/runner/.yarn/bin)
  ARM-AMBIENT-TOOLS none
  ARM-SCAFFOLD none
  ARM-UNPROVIDABLE none
  VENUE-CI-CHILD clean (no CI-detection variable reaches the traced script)
  ARM-REBUILD-SPEC saucectl@0.194.3
  --- wrapper (run.sh) ---
     cd "/Users/runner/v2m-WD4xtf/Observe"
     sudo -u "runner" -H env "PATH=/Users/runner/v2m-WD4xtf/Observe/node_modules/.bin:/Users/runner/.cache/nub/era-node/22.23.2/node-v22.23.2-darwin-arm64/bin:/Users/runner/hostedtoolcache/node/22.23.2/arm64/bin:/opt/homebrew/lib/ruby/gems/3.3.0/bin:/opt/homebrew/opt/ruby@3.3/bin:/Users/runner/.local/bin:/opt/homebrew/bin:/opt/homebrew/sbin:/Users/runner/.cargo/bin:/usr/local/opt/curl/bin:/usr/local/bin:/usr/local/sbin:/Users/runner/bin:/Users/runner/Library/Android/sdk/tools:/Users/runner/Library/Android/sdk/platform-tools:/Library/Frameworks/Python.framework/Versions/Current/bin:/Library/Frameworks/Mono.framework/Versions/Current/Commands:/usr/bin:/bin:/usr/sbin:/sbin:/Users/runner/.dotnet/tools"   "HOME=/Users/runner/v2m-WD4xtf/jailhome"   "TMPDIR=/private/var/folders/_5/zjnzxgh147qcg3bb5cg2wvqw0000gn/T/nub-tmp-obs8sXQQT"   "NODE_COMPAT=1"   "PYTHONDONTWRITEBYTECODE=1"   "PLAYWRIGHT_BROWSERS_PATH=/Users/runner/.cache/nub/pm/tools/ms-playwright"   "ELECTRON_CACHE=/Users/runner/.cache/nub/pm/tools/electron-cache"   "electron_config_cache=/Users/runner/.cache/nub/pm/tools/electron-cache"   "npm_config_prefix=/Users/runner/.cache/nub/pm/tools/npm-prefix"   PYTHON=/Users/runner/hostedtoolcache/Python/3.9.13/arm64/bin/python   npm rebuild --no-audit --no-fund "saucectl@0.194.3" > "/Users/runner/v2m-WD4xtf/Observe/npm.log" 2>&1
     echo $? > "/Users/runner/v2m-WD4xtf/Observe/rc"
  --- dtrace stderr + wrapper trace ---
     + cd /Users/runner/v2m-WD4xtf/Observe
     + sudo -u runner -H env PATH=/Users/runner/v2m-WD4xtf/Observe/node_modules/.bin:/Users/runner/.cache/nub/era-node/22.23.2/node-v22.23.2-darwin-arm64/bin:/Users/runner/hostedtoolcache/node/22.23.2/arm64/bin:/opt/homebrew/lib/ruby/gems/3.3.0/bin:/opt/homebrew/opt/ruby@3.3/bin:/Users/runner/.local/bin:/opt/homebrew/bin:/opt/homebrew/sbin:/Users/runner/.cargo/bin:/usr/local/opt/curl/bin:/usr/local/bin:/usr/local/sbin:/Users/runner/bin:/Users/runner/Library/Android/sdk/tools:/Users/runner/Library/Android/sdk/platform-tools:/Library/Frameworks/Python.framework/Versions/Current/bin:/Library/Frameworks/Mono.framework/Versions/Current/Commands:/usr/bin:/bin:/usr/sbin:/sbin:/Users/runner/.dotnet/tools HOME=/Users/runner/v2m-WD4xtf/jailhome TMPDIR=/private/var/folders/_5/zjnzxgh147qcg3bb5cg2wvqw0000gn/T/nub-tmp-obs8sXQQT NODE_COMPAT=1 PYTHONDONTWRITEBYTECODE=1 PLAYWRIGHT_BROWSERS_PATH=/Users/runner/.cache/nub/pm/tools/ms-playwright ELECTRON_CACHE=/Users/runner/.cache/nub/pm/tools/electron-cache electron_config_cache=/Users/runner/.cache/nub/pm/tools/electron-cache npm_config_prefix=/Users/runner/.cache/nub/pm/tools/npm-prefix PYTHON=/Users/runner/hostedtoolcache/Python/3.9.13/arm64/bin/python npm rebuild --no-audit --no-fund saucectl@0.194.3
     dtrace: error on enabled probe ID 128 (ID 286: syscall::execve:entry): invalid address (0x6000016b8000) in action #1 at DIF offset 20
     + echo 0
  OBSERVE   rc=0 dtrace_rc=0 files=501 (pre=498) trace=12982 lines
  CLOSURE   36 packages evicted per arm   store=/Users/runner/.cache/nub/pm/store
  RAWLOG-FILE /Users/runner/v2m-WD4xtf/Observe/trace.txt.gz
  RAWLOG-CAPTURE /Users/runner/v2m-WD4xtf/Observe/capture.json
  RAWLOG-BYTES raw=2383120 gz=71975
  VENUE-INTERPRETER /Users/runner/hostedtoolcache/node/22.23.2/arm64
  VENUE-NODE-SELECTION {"pkg":"saucectl","packageVersion":"0.194.3","major":22,"version":"22.23.2","npm":"10.9.8","pinnable":true,"engines":">=16.13.2","publishedAt":"2025-04-16T13:31:12.083Z","eraMajor":22,"startMajor":22,"raisedByEngines":false,"enginesUnsatisfiable":false,"clampedToFloor":false,"clampedToCeiling":false,"matrixFloor":4,"matrixCeiling":26,"lookupFailure":null,"pinned":true,"pinnedBin":"/Users/runner/.cache/nub/era-node/22.23.2/node-v22.23.2-darwin-arm64/bin","eraNodeRoot":"/Users/runner/.cache/nub"}
  VENUE-OVERRIDES {"set":{"PATH":"inherited-and-forwarded","HOME":"/Users/runner/v2m-WD4xtf/jailhome","TMPDIR":"/private/var/folders/_5/zjnzxgh147qcg3bb5cg2wvqw0000gn/T/nub-tmp-obs8sXQQT","NODE_COMPAT":"1","PYTHONDONTWRITEBYTECODE":"1","PLAYWRIGHT_BROWSERS_PATH":"/Users/runner/.cache/nub/pm/tools/ms-playwright","ELECTRON_CACHE":"/Users/runner/.cache/nub/pm/tools/electron-cache","electron_config_cache":"/Users/runner/.cache/nub/pm/tools/electron-cache","npm_config_prefix":"/Users/runner/.cache/nub/pm/tools/npm-prefix"},"unset":["(sudo env_reset discards the caller environment; every var above is re-set after it)","CI","GITHUB_ACTIONS"],"passedThrough":{"CI":"true","GITHUB_ACTIONS":"true","NODE_ENV":null}}
  VENUE-OBSERVE-USER runner uid=501 (R7: ordinary non-root user, asserted)
  ARM-FALSIFIABILITY {"manifestFiles":8,"filesTheScriptProduced":1,"reasons":[]}
  EVENTLOG-FILE /Users/runner/v2m-WD4xtf/Observe/events.ndjson.gz
  EVENTLOG-STATS {"lines":12983,"parsed":12963,"unparsed":0,"live":true,"tracerErrors":1,"tracerErrorTotal":1,"unresolvedDirfd":24,"unresolvedFd":0,"pairedTwoPath":541,"danglingPair":0,"failed":4932,"enoent":4929,"refusals":0,"byErrno":{"ENXIO":3,"ENOENT":4929},"procs":6,"lifecyclePids":1,"distinctEvents":6006,"emitted":6006,"calls":12407,"bytes":1257765,"gzipBytes":40288,"out":"/Users/runner/v2m-WD4xtf/Observe/events.ndjson"}
  == TRACER == live=true decodable-events=3316 dropped-events=1
    NOTE 16 relative path(s) under a non-AT_FDCWD dirfd were not
       scope-assigned: resolving them against the cwd would invent a path.
    ⛔ CWD-UNOBSERVED 2 relative path(s) (0 write(s)) came from a lifecycle
       process whose own cwd was never observed
       macOS spawns with posix_spawn addchdir_np, which changes directory in-kernel and
       emits no chdir syscall, so the inherited cwd cannot be trusted. These are NOT
       scope-assigned; the grant below is WIDENED instead so it covers wherever they landed.
         pid=25738 read  unproven .
         pid=25738 read  unproven .
    ⛔ THE TRACER DROPPED 1 EVENT(S). A dropped event is a path never
       seen, so the grant below can only be too NARROW — the direction that breaks installs.
       Treat it as a FLOOR, not a measurement, until the adapter fault is fixed:
             1 x  epid=128 action=1 fault=1 addr=0x6000016b8000
  == ATTRIBUTION == lifecycle pids: 1
    writes  script 3  /  whole traced subtree 1093
    sockets script 2  /  whole traced subtree 3
  == ROOTS (from /Users/runner/v2m-WD4xtf/Observe/capture.json; the classifier reads no other source) ==
    project       /Users/runner/v2m-WD4xtf/Observe
    home          /Users/runner
    jailHome      /Users/runner/v2m-WD4xtf/jailhome
    globalStore   /Users/runner/.cache/nub/pm/store
    projectStore  /Users/runner/v2m-WD4xtf/Observe/node_modules/.store
    interpreter   /Users/runner/hostedtoolcache/node/22.23.2/arm64
    toolsDir      /Users/runner/.cache/nub/pm/tools
    temp          /private/var/folders/_5/zjnzxgh147qcg3bb5cg2wvqw0000gn/T/nub-tmp-obs8sXQQT
    npmPrefix     /Users/runner/.cache/nub/pm/tools/npm-prefix
    ownPkg        /Users/runner/v2m-WD4xtf/Observe/node_modules/saucectl
    cwd           (null — this platform has no such root)
  == WRITES the script actually performed ==
    systemfs      1
        /dev/dtracehelper
    ownPkg        2  (base profile already grants this — NOT billed)
        /Users/runner/v2m-WD4xtf/Observe/node_modules/saucectl/bin
        /Users/runner/v2m-WD4xtf/Observe/node_modules/saucectl/bin/saucectl
  == READS the script performed, by scope ==
    outside       6
    systemfs     10
    userHome      2
    ownPkg        5
    deps        133
        outside: /
        outside: /bin/bash
        outside: /bin
        outside: /var/db/timezone/zoneinfo/UTC
        outside: /var/db/timezone/zoneinfo/posixrules
        outside: /etc/localtime
  == NETWORK ==
    AF_INET connects: 2   distinct peers: 2
        172.182.252.133:443
        185.199.111.133:443
  == REFUSALS (errno EPERM/EACCES/EROFS only; ENOENT is a miss, not a denial) ==
    distinct: 0
  == SYNTHESIZED GRANT (verify this in the real unprivileged jail) ==
    {"network":true}
  == writePaths (DERIVED — promotion out of the package's PRIVATE home) ==
    private-home writes observed: 0
    none declared — the script wrote nothing into its private home — there is nothing to promote
  == writePaths FEASIBILITY (distinct writes outside project/deps) ==
    count: 0
  EVICT[synth] 32 store entries removed, 6 spared as nub tooling, 1466 in store
OSV-SCREEN {"schemaVersion":1,"kind":"nub-synth-resolved","status":"clean","digest":"5ccbb4dfa146fe39e1bb735538d50227661aa7c45b45243e5c6deb721ceb7aa9","specCount":44,"lockfiles":{"digest":"d96344655df2a0bbcb4201a50c49cfee98db41b9663fd53c2a313cd397280b78","files":[{"path":"nub.lock","sha256":"9bcb0ee58b9504d9a7c37d191f1490eac866a2fc6507cd884a2e1fb7ca26a83f","bytes":12723}]},"maliciousAdvisories":[],"screenedAt":"2026-08-31T23:35:49.041Z","cacheHit":false,"clearancePath":"/Users/runner/v2m-WD4xtf/security/nub-synth-resolved.json"}
  SECURITY nub-synth-resolved clean: 44 exact package-version(s), tree 5ccbb4dfa146
  VENUE-STORE-LAYOUT isolated
  VERIFY[synth] rc=0 artifacts=8/8 missing=0 shortfall=none (tree 2185/501) OVERRIDDEN=3 REJECTED=0 grant={"network":true}
  => VERIFIED {"network":true}
  EVICT[nar-no-network] 32 store entries removed, 6 spared as nub tooling, 1466 in store
OSV-SCREEN {"schemaVersion":1,"kind":"nub-nar-no-network-resolved","status":"clean","digest":"5ccbb4dfa146fe39e1bb735538d50227661aa7c45b45243e5c6deb721ceb7aa9","specCount":44,"lockfiles":{"digest":"d96344655df2a0bbcb4201a50c49cfee98db41b9663fd53c2a313cd397280b78","files":[{"path":"nub.lock","sha256":"9bcb0ee58b9504d9a7c37d191f1490eac866a2fc6507cd884a2e1fb7ca26a83f","bytes":12723}]},"maliciousAdvisories":[],"screenedAt":"2026-08-31T23:35:49.041Z","cacheHit":true,"clearancePath":"/Users/runner/v2m-WD4xtf/security/nub-nar-no-network-resolved.json"}
  SECURITY nub-nar-no-network-resolved clean: 44 exact package-version(s), tree 5ccbb4dfa146 (cached exact-tree clearance)
  VERIFY[nar-no-network] rc=1 artifacts=7/8 missing=1 shortfall=1f6a7b28e9d5 (tree 2182/501) OVERRIDDEN=3 REJECTED=0 grant={}
       missing: bin/saucectl
     [nar-no-network/a] Installation failed: Error: failed to download: Error: getaddrinfo ENOTFOUND github.com
     narrowing 'no-network' fails ⇒ that capability IS necessary
  => MINIMAL — every capability in {"network":true} is independently necessary
### DONE saucectl@0.194.3  synthesized={"network":true} verified=1
