### simple-git-hooks@2.9.0   (/home/runner/v2-qvFcuq)
  CI-ENV scrubbed: CI GITHUB_ACTIONS
OSV-SCREEN {"schemaVersion":1,"kind":"direct","status":"clean","digest":"76d77f2f6f62bb9d9c3b9e1b9723f0b86216d9f689366707da7f8173eb35f177","specCount":1,"lockfiles":{"digest":null,"files":[]},"maliciousAdvisories":[],"screenedAt":"2026-09-08T00:06:06.546Z","cacheHit":false,"clearancePath":"/home/runner/v2-qvFcuq/security/direct.json"}
  SECURITY direct clean: 1 exact package-version(s), tree 76d77f2f6f62
  VENUE-OBSERVE-USER {"uid":1001,"user":"runner","umask":"0022","capBnd":"000001ffffffffff","noNewPrivs":"0"}
  VENUE-NUB-BINARY {"path":"/tmp/nub/target/release/nub","sha256":"2a18683f50f7afeb02a521cd3cae175dc2f91780d461c5f012065241f5a1447b","bytes":207643464,"features":{"buildJailCatalogOverride":true,"pythonDontWriteBytecodeEnv":true}}
OSV-SCREEN {"schemaVersion":1,"kind":"npm-observe-resolved","status":"clean","digest":"76d77f2f6f62bb9d9c3b9e1b9723f0b86216d9f689366707da7f8173eb35f177","specCount":1,"lockfiles":{"digest":"be63525bbcd027ec8d79f2ea1b636044c406b4278ef5a975a859f32766dba8f7","files":[{"path":"package-lock.json","sha256":"aa98a1f4dcf1d09cbc13be9912ea0a8f672939d58ed8e7337e261c5650d837bb","bytes":635}]},"maliciousAdvisories":[],"screenedAt":"2026-09-08T00:06:06.546Z","cacheHit":true,"clearancePath":"/home/runner/v2-qvFcuq/security/npm-observe-resolved.json"}
  SECURITY npm-observe-resolved clean: 1 exact package-version(s), tree 76d77f2f6f62 (cached exact-tree clearance)
  OBSERVE   rc=0 files=12 trace=10761 lines
  CLOSURE   1 packages evicted per arm
  ARM-FALSIFIABILITY {"manifestFiles":8,"filesTheScriptProduced":0,"reasons":["gate-vacuous"]}
  ⛔ ARMS-UNFALSIFIABLE — a green arm for this package carries no evidence:
       gate-vacuous: the script changed no file the artifact gate keys on — every file in the manifest (8) was already present at its final size before the script ran, so the gate passes in every arm including a completely broken one
       The grant may still be correct; what is missing is a signal that could have gone
       red. Do not read this record's MINIMAL as a passing measurement.
  RAWLOG-FILE /home/runner/v2-qvFcuq/observe/trace.txt.gz
  RAWLOG-CAPTURE /home/runner/v2-qvFcuq/observe/capture.json
  RAWLOG-BYTES raw=2373075 gz=68843
  VENUE-INTERPRETER /opt/hostedtoolcache/node/22.23.2/x64
  VENUE-OVERRIDES {"set":{"HOME":"/home/runner/v2-qvFcuq/jailhome","TMPDIR":"/tmp/nub-tmp-obsCj3dzH","NODE_COMPAT":"1","PLAYWRIGHT_BROWSERS_PATH":"/home/runner/.cache/nub/pm/tools/ms-playwright","ELECTRON_CACHE":"/home/runner/.cache/nub/pm/tools/electron-cache","electron_config_cache":"/home/runner/.cache/nub/pm/tools/electron-cache","npm_config_prefix":"/home/runner/.cache/nub/pm/tools/npm-prefix","PYTHONDONTWRITEBYTECODE":"1","NUB_CACHE_DIR":"/home/runner/v2-qvFcuq/nubcache"},"unset":["CI","GITHUB_ACTIONS"],"passedThrough":{"CI":"true","GITHUB_ACTIONS":"true","NODE_ENV":null}}
  == ATTRIBUTION == attributed pids: 13
    writes  script 0  /  whole traced tree 1088
    sockets script 0  /  whole traced tree 6
  == ROOTS (from capture.json — R2: no ambient reads) ==
    project       /home/runner/v2-qvFcuq/observe
    home          /home/runner
    jailHome      /home/runner/v2-qvFcuq/jailhome
    globalStore   /home/runner/.cache/nub/pm/store   [declared, not keyed on]
    projectStore  /home/runner/v2-qvFcuq/observe/node_modules/.store   [declared, not keyed on]
    interpreter   /opt/hostedtoolcache/node/22.23.2/x64   [declared, not keyed on]
    toolsDir      /home/runner/.cache/nub/pm/tools   [declared, not keyed on]
    temp          /tmp/nub-tmp-obsCj3dzH
    npmPrefix     /home/runner/.cache/nub/pm/tools/npm-prefix
    ownPkg        /home/runner/v2-qvFcuq/observe/node_modules/simple-git-hooks
  == WRITES the script actually performed ==
  == NETWORK ==
    AF_INET sockets: 0   distinct peers: 2
        127.0.0.53:53
        104.16.7.34:443
  == REFUSALS (only `= -1 EACCES/EPERM/EROFS`) ==
    distinct: 0
  == SYNTHESIZED GRANT (verify this in the real unprivileged jail) ==
    {}
  == writePaths (DERIVED — promotion out of the package's PRIVATE home) ==
    private-home writes observed: 0
    none declared — the script wrote nothing into its private home — there is nothing to promote
  == writePaths FEASIBILITY (distinct writes outside project/deps) ==
    count: 0
    EVENTS    4404 distinct from 10721 calls (10762 lines, 18 rejoined, 0 unparsed)
    PROCS     20   lifecycle shells 8
    ⛔ 3 paths with an UNRESOLVED dirfd — kept, marked, never guessed
    unsubscribed/unmapped syscalls: getsockname×23 setsockopt×23 exit×15 getsockopt×9 recvmsg×7 getcwd×5 socketpair×3 shutdown×3
    wrote /home/runner/v2-qvFcuq/observe/events.ndjson.gz (31125 bytes)
  EVENTLOG-FILE /home/runner/v2-qvFcuq/observe/events.ndjson.gz
  EVENTLOG-STATS {"lines":10762,"parsed":10721,"unparsed":0,"unfinished":18,"rejoined":18,"unresolvedDirfd":3,"truncatedArg":0,"procs":20,"lifecyclePids":8,"distinctEvents":4404,"unknownSyscall":{"getsockname":23,"getsockopt":9,"getcwd":5,"recvmsg":7,"exit":15,"setsockopt":23,"sendmmsg":1,"socketpair":3,"shutdown":3,"exit_group":3,"wait4":3},"out":"/home/runner/v2-qvFcuq/observe/events.ndjson.gz","gzipBytes":31125}
  EVICT     0 store entries removed, 0 spared as nub tooling
  SE-PURGE  0 side-effects-cache entries for simple-git-hooks
OSV-SCREEN {"schemaVersion":1,"kind":"nub-synth-resolved","status":"clean","digest":"76d77f2f6f62bb9d9c3b9e1b9723f0b86216d9f689366707da7f8173eb35f177","specCount":1,"lockfiles":{"digest":"c4e64e36ed4bb8230fa4f025514501e923a006f44ff8e621c7fc15f6d6b8a2dd","files":[{"path":"nub.lock","sha256":"b694027fa0befd192af7546d4c5e4811176f50b803beba8d33ebea96ef87bcf3","bytes":423}]},"maliciousAdvisories":[],"screenedAt":"2026-09-08T00:06:06.546Z","cacheHit":true,"clearancePath":"/home/runner/v2-qvFcuq/security/nub-synth-resolved.json"}
  SECURITY nub-synth-resolved clean: 1 exact package-version(s), tree 76d77f2f6f62 (cached exact-tree clearance)
  VENUE-STORE-LAYOUT isolated
  VERIFY[synth] rc=0 artifacts=8/8 missing=0 shortfall=none (tree 34/12) OVERRIDDEN=2 REJECTED=0 grant={}
  => VERIFIED {}   (observed, then verified)
  DESCEND   grant is already empty — nothing to narrow; MINIMAL by construction.
