OSV-SCREEN {"schemaVersion":1,"kind":"direct","status":"clean","digest":"7c014fbac21baa3d4762589af55040b543f34abe342340a5bb58cbc2f5185e8c","specCount":1,"lockfiles":{"digest":null,"files":[]},"maliciousAdvisories":[],"screenedAt":"2026-09-08T03:12:53.737Z","cacheHit":false,"clearancePath":"/Users/runner/v2m-nBa9DR/security/direct.json"}
  SECURITY direct clean: 1 exact package-version(s), tree 7c014fbac21b
### pyright@1.0.1   (/Users/runner/v2m-nBa9DR)   nub=/tmp/nub/target/release/nub
  VENUE-NUB-BINARY {"path":"/tmp/nub/target/release/nub","sha256":"f923f9d246b7061a3e88675efb7b4fdcda741d02368002ce6e7f7044b01e7bbe","bytes":93818888,"features":{"buildJailCatalogOverride":true,"pythonDontWriteBytecodeEnv":true}}
  CI-ENV scrubbed: CI GITHUB_ACTIONS
  --- fbt preflight (advisory; never fails the run) ---
     csrutil: System Integrity Protection status: disabled.
     fbt probes visible: 93591
     fbt enable attempt: dtrace: description 'fbt:::entry ' matched 50364 probes CPU     ID                    FUNCTION:NAME 
     cwd builtin value:  
     fbt chdir symbols:  
     fbt fires on spawn-with-cwd: dtrace: invalid probe specifier fbt::chdir*:entry /progenyof($target)/ { @[probefunc] = count(); }: probe description fbt::chdir*:entry does not match any probes 
  --- end fbt preflight ---
OSV-SCREEN {"schemaVersion":1,"kind":"npm-observe-resolved","status":"clean","digest":"7c014fbac21baa3d4762589af55040b543f34abe342340a5bb58cbc2f5185e8c","specCount":1,"lockfiles":{"digest":"ec381a2cc088f0f404df168240265ddad054fe7ac40a79482eb4e00393f51071","files":[{"path":"package-lock.json","sha256":"535f062e851bf041c10f368c82fd9cd818e3a81e560d5d281dcab11797386b15","bytes":538}]},"maliciousAdvisories":[],"screenedAt":"2026-09-08T03:12:53.737Z","cacheHit":true,"clearancePath":"/Users/runner/v2m-nBa9DR/security/npm-observe-resolved.json"}
  SECURITY npm-observe-resolved clean: 1 exact package-version(s), tree 7c014fbac21b (cached exact-tree clearance)
  VENUE-CI-CHILD clean (no CI-detection variable reaches the traced script)
  --- wrapper (run.sh) ---
     cd "/Users/runner/v2m-nBa9DR/Observe"
     sudo -u "runner" -H env "PATH=$PATH"   "HOME=/Users/runner/v2m-nBa9DR/jailhome"   "TMPDIR=/private/var/folders/bl/vzjcvbz95c3dk19cb0fw46180000gn/T/nub-tmp-obsV7PAx4"   "NODE_COMPAT=1"   "PYTHONDONTWRITEBYTECODE=1"   "PLAYWRIGHT_BROWSERS_PATH=/Users/runner/.cache/nub/pm/tools/ms-playwright"   "ELECTRON_CACHE=/Users/runner/.cache/nub/pm/tools/electron-cache"   "electron_config_cache=/Users/runner/.cache/nub/pm/tools/electron-cache"   "npm_config_prefix=/Users/runner/.cache/nub/pm/tools/npm-prefix"   "/Users/runner/hostedtoolcache/node/22.23.2/arm64/bin/npm" rebuild --no-audit --no-fund "pyright" > "/Users/runner/v2m-nBa9DR/Observe/npm.log" 2>&1
     echo $? > "/Users/runner/v2m-nBa9DR/Observe/rc"
  --- dtrace stderr + wrapper trace ---
     + cd /Users/runner/v2m-nBa9DR/Observe
     + sudo -u runner -H env PATH=/Users/runner/hostedtoolcache/node/22.23.2/arm64/bin:/opt/homebrew/lib/ruby/gems/3.3.0/bin:/opt/homebrew/opt/ruby@3.3/bin:/Users/runner/.local/bin:/opt/homebrew/bin:/opt/homebrew/sbin:/Users/runner/.cargo/bin:/usr/local/opt/curl/bin:/usr/local/bin:/usr/local/sbin:/Users/runner/bin:/Users/runner/.yarn/bin:/Users/runner/Library/Android/sdk/tools:/Users/runner/Library/Android/sdk/platform-tools:/Library/Frameworks/Python.framework/Versions/Current/bin:/Library/Frameworks/Mono.framework/Versions/Current/Commands:/usr/bin:/bin:/usr/sbin:/sbin:/Users/runner/.dotnet/tools HOME=/Users/runner/v2m-nBa9DR/jailhome TMPDIR=/private/var/folders/bl/vzjcvbz95c3dk19cb0fw46180000gn/T/nub-tmp-obsV7PAx4 NODE_COMPAT=1 PYTHONDONTWRITEBYTECODE=1 PLAYWRIGHT_BROWSERS_PATH=/Users/runner/.cache/nub/pm/tools/ms-playwright ELECTRON_CACHE=/Users/runner/.cache/nub/pm/tools/electron-cache electron_config_cache=/Users/runner/.cache/nub/pm/tools/electron-cache npm_config_prefix=/Users/runner/.cache/nub/pm/tools/npm-prefix /Users/runner/hostedtoolcache/node/22.23.2/arm64/bin/npm rebuild --no-audit --no-fund pyright
     dtrace: error on enabled probe ID 128 (ID 286: syscall::execve:entry): invalid address (0x600001600000) in action #1 at DIF offset 20
     + echo 1
  OBSERVE   rc=1 dtrace_rc=0 files=535 (pre=533) trace=11829 lines
  => BROKEN-WITHOUT-JAIL-TOO (unjailed control failed rc=1; nothing to measure)
     npm error code 1
     npm error path /Users/runner/v2m-nBa9DR/Observe/node_modules/pyright
     npm error command failed
     npm error command sh -c cd server && npm install && cd ../client && npm install && cd ..
     npm error sh: line 0: cd: server: No such file or directory
     npm error A complete log of this run can be found in: /Users/runner/v2m-nBa9DR/jailhome/.npm/_logs/2026-09-08T03_12_59_179Z-debug-0.log
