### ghooks@0.1.1   (/home/runner/v2-SdHuWZ)
  CI-ENV scrubbed: CI GITHUB_ACTIONS
OSV-SCREEN {"schemaVersion":1,"kind":"direct","status":"clean","digest":"ea1cebf59af8f8256517dd6eb3ffdcb29257191478353d684f8d72fa826738ca","specCount":1,"lockfiles":{"digest":null,"files":[]},"maliciousAdvisories":[],"screenedAt":"2026-09-07T23:08:04.276Z","cacheHit":false,"clearancePath":"/home/runner/v2-SdHuWZ/security/direct.json"}
  SECURITY direct clean: 1 exact package-version(s), tree ea1cebf59af8
  VENUE-OBSERVE-USER {"uid":1001,"user":"runner","umask":"0022","capBnd":"000001ffffffffff","noNewPrivs":"0"}
  VENUE-NUB-BINARY {"path":"/tmp/nub/target/release/nub","sha256":"2a18683f50f7afeb02a521cd3cae175dc2f91780d461c5f012065241f5a1447b","bytes":207643464,"features":{"buildJailCatalogOverride":true,"pythonDontWriteBytecodeEnv":true}}
OSV-SCREEN {"schemaVersion":1,"kind":"npm-observe-resolved","status":"clean","digest":"56e5e2617c16abe0ac2d0dad118fad0e6994cf073c9d5123486791b9a4e8a4ec","specCount":2,"lockfiles":{"digest":"f054a472a34583a89e597a4d914c022f504ae6b62033ad92895bc8f14b5e1ddd","files":[{"path":"package-lock.json","sha256":"ce55fc8773da1f70b0ac657c15629824b957df68b17240cad41028f1df7fedfb","bytes":881}]},"maliciousAdvisories":[],"screenedAt":"2026-09-07T23:08:05.261Z","cacheHit":false,"clearancePath":"/home/runner/v2-SdHuWZ/security/npm-observe-resolved.json"}
  SECURITY npm-observe-resolved clean: 2 exact package-version(s), tree 56e5e2617c16
  OBSERVE   rc=0 files=30 trace=10810 lines
  CLOSURE   2 packages evicted per arm
  ARM-FALSIFIABILITY {"manifestFiles":17,"filesTheScriptProduced":0,"reasons":["gate-vacuous"]}
  ⛔ ARMS-UNFALSIFIABLE — a green arm for this package carries no evidence:
       gate-vacuous: the script changed no file the artifact gate keys on — every file in the manifest (17) was already present at its final size before the script ran, so the gate passes in every arm including a completely broken one
       The grant may still be correct; what is missing is a signal that could have gone
       red. Do not read this record's MINIMAL as a passing measurement.
  RAWLOG-FILE /home/runner/v2-SdHuWZ/observe/trace.txt.gz
  RAWLOG-CAPTURE /home/runner/v2-SdHuWZ/observe/capture.json
  RAWLOG-BYTES raw=2372003 gz=68968
  VENUE-INTERPRETER /opt/hostedtoolcache/node/22.23.2/x64
  VENUE-OVERRIDES {"set":{"HOME":"/home/runner/v2-SdHuWZ/jailhome","TMPDIR":"/tmp/nub-tmp-obsc6s7jT","NODE_COMPAT":"1","PLAYWRIGHT_BROWSERS_PATH":"/home/runner/.cache/nub/pm/tools/ms-playwright","ELECTRON_CACHE":"/home/runner/.cache/nub/pm/tools/electron-cache","electron_config_cache":"/home/runner/.cache/nub/pm/tools/electron-cache","npm_config_prefix":"/home/runner/.cache/nub/pm/tools/npm-prefix","PYTHONDONTWRITEBYTECODE":"1","NUB_CACHE_DIR":"/home/runner/v2-SdHuWZ/nubcache"},"unset":["CI","GITHUB_ACTIONS"],"passedThrough":{"CI":"true","GITHUB_ACTIONS":"true","NODE_ENV":null}}
  == ATTRIBUTION == attributed pids: 13
    writes  script 0  /  whole traced tree 1088
    sockets script 0  /  whole traced tree 4
  == ROOTS (from capture.json — R2: no ambient reads) ==
    project       /home/runner/v2-SdHuWZ/observe
    home          /home/runner
    jailHome      /home/runner/v2-SdHuWZ/jailhome
    globalStore   /home/runner/.cache/nub/pm/store   [declared, not keyed on]
    projectStore  /home/runner/v2-SdHuWZ/observe/node_modules/.store   [declared, not keyed on]
    interpreter   /opt/hostedtoolcache/node/22.23.2/x64   [declared, not keyed on]
    toolsDir      /home/runner/.cache/nub/pm/tools   [declared, not keyed on]
    temp          /tmp/nub-tmp-obsc6s7jT
    npmPrefix     /home/runner/.cache/nub/pm/tools/npm-prefix
    ownPkg        /home/runner/v2-SdHuWZ/observe/node_modules/ghooks
  == WRITES the script actually performed ==
  == NETWORK ==
    AF_INET sockets: 0   distinct peers: 2
        127.0.0.53:53
        104.16.9.34:443
  == REFUSALS (only `= -1 EACCES/EPERM/EROFS`) ==
    distinct: 0
  == SYNTHESIZED GRANT (verify this in the real unprivileged jail) ==
    {}
  == writePaths (DERIVED — promotion out of the package's PRIVATE home) ==
    private-home writes observed: 0
    none declared — the script wrote nothing into its private home — there is nothing to promote
  == writePaths FEASIBILITY (distinct writes outside project/deps) ==
    count: 0
    EVENTS    4409 distinct from 10714 calls (10811 lines, 74 rejoined, 0 unparsed)
    PROCS     20   lifecycle shells 8
    ⛔ 3 paths with an UNRESOLVED dirfd — kept, marked, never guessed
    unsubscribed/unmapped syscalls: setsockopt×23 getsockname×22 exit×15 getsockopt×9 recvmsg×7 getcwd×5 socketpair×3 shutdown×3
    wrote /home/runner/v2-SdHuWZ/observe/events.ndjson.gz (31215 bytes)
  EVENTLOG-FILE /home/runner/v2-SdHuWZ/observe/events.ndjson.gz
  EVENTLOG-STATS {"lines":10811,"parsed":10714,"unparsed":0,"unfinished":74,"rejoined":74,"unresolvedDirfd":3,"truncatedArg":0,"procs":20,"lifecyclePids":8,"distinctEvents":4409,"unknownSyscall":{"getsockname":22,"getsockopt":9,"getcwd":5,"recvmsg":7,"exit":15,"setsockopt":23,"sendmmsg":1,"socketpair":3,"shutdown":3,"exit_group":3,"wait4":3},"out":"/home/runner/v2-SdHuWZ/observe/events.ndjson.gz","gzipBytes":31215}
  EVICT     0 store entries removed, 0 spared as nub tooling
  SE-PURGE  0 side-effects-cache entries for ghooks
OSV-SCREEN {"schemaVersion":1,"kind":"nub-synth-resolved","status":"clean","digest":"56e5e2617c16abe0ac2d0dad118fad0e6994cf073c9d5123486791b9a4e8a4ec","specCount":2,"lockfiles":{"digest":"a8a976494f13562e0609549dce5a28e27cbf0d862839ef0174d92030febbc1d9","files":[{"path":"nub.lock","sha256":"d4eb93460b270c318e768b8c6da7ee14b0d02cfe7d05c05fe632c7ebd2f9e4eb","bytes":594}]},"maliciousAdvisories":[],"screenedAt":"2026-09-07T23:08:05.261Z","cacheHit":true,"clearancePath":"/home/runner/v2-SdHuWZ/security/nub-synth-resolved.json"}
  SECURITY nub-synth-resolved clean: 2 exact package-version(s), tree 56e5e2617c16 (cached exact-tree clearance)
  VENUE-STORE-LAYOUT isolated
  VERIFY[synth] rc=0 artifacts=15/15 missing=0 shortfall=none (tree 86/30) OVERRIDDEN=2 REJECTED=0 grant={}
  => VERIFIED {}   (observed, then verified)
  DESCEND   grant is already empty — nothing to narrow; MINIMAL by construction.
