### iedriver@4.0.0   (D:\jail\m-iedriver-mtryb1ph)
  CI-ENV scrubbed: CI GITHUB_ACTIONS
OSV-SCREEN {"schemaVersion":1,"kind":"direct","status":"clean","digest":"b6bf160c319510ac80ee5cc2e7b4f91a18cc365af2ce9e5ea5c819a32ac352e7","specCount":1,"lockfiles":{"digest":null,"files":[]},"maliciousAdvisories":[],"screenedAt":"2026-09-08T00:48:27.333Z","cacheHit":false,"clearancePath":"D:\\jail\\m-iedriver-mtryb1ph\\security\\direct.json"}
  SECURITY direct clean: 1 exact package-version(s), tree b6bf160c3195
OSV-SCREEN {"schemaVersion":1,"kind":"npm-observe-resolved","status":"clean","digest":"cea05f119ed760e577267e2f0d14a0b03cfcbb0bd86b89e5b1a0ade85386d70f","specCount":84,"lockfiles":{"digest":"bc81430e91d6cfeb36716e746407e4fcf50df4f04a4e6e131b5fe58ef9c055f5","files":[{"path":"package-lock.json","sha256":"43fad9352e911a0ce43e2b54b0f565642de0cee2d0e903e86c65ec03d7912252","bytes":32749}]},"maliciousAdvisories":[],"screenedAt":"2026-09-08T00:48:31.890Z","cacheHit":false,"clearancePath":"D:\\jail\\m-iedriver-mtryb1ph\\security\\npm-observe-resolved.json"}
  SECURITY npm-observe-resolved clean: 84 exact package-version(s), tree cea05f119ed7
  CAPTURE user=runnervmeef0v\runneradmin elevated=True rootPid=6756 exit=0 events=28745 lost=0
  VENUE-OBSERVE-USER runnervmeef0v\runneradmin elevated=true privDropped={"SeBackupPrivilege":"removed","SeRestorePrivilege":"removed","SeTakeOwnershipPrivilege":"removed"}
  OBSERVE artifacts: 11 files  (D:\jail\m-iedriver-mtryb1ph\observe\node_modules\iedriver)
  ARM-FALSIFIABILITY {"manifestFiles":11,"filesTheScriptProduced":2,"reasons":[]}
  CLOSURE 82 packages evicted per arm
  8.3 MAP 0 components resolved on runnervmeef0v, folded into capture.json
  == ROOTS (from capture.json — R2: no ambient reads) ==
    project       D:\jail\m-iedriver-mtryb1ph\observe   [keyed on]
    home          C:\Users\runneradmin   [keyed on]
    jailHome      (null — declared inapplicable)
    globalStore   C:\Users\runneradmin\AppData\Local\nub\pm\store
    projectStore  D:\jail\m-iedriver-mtryb1ph\observe\node_modules\.store
    interpreter   C:\hostedtoolcache\windows\node\22.23.2\x64\node.exe
    toolsDir      C:\Users\runneradmin\AppData\Local\nub\pm\tools
    temp          D:\jail\m-iedriver-mtryb1ph\tmp   [keyed on]
    npmPrefix     (null — declared inapplicable)
    ownPkg        D:\jail\m-iedriver-mtryb1ph\observe\node_modules\iedriver
  == ATTRIBUTION == lifecycle pids: 2 (root 6756)
    writes  script 14  /  whole traced tree 25
    peers   script 2  /  whole traced tree 2
  == WRITES ==
    jailTmp       8
    deps          6
  == READS ==
    deps        310
    outside      12
    project       1
    systemfs     28
    jailTmp       8
  == NETWORK ==
    distinct peers: 2
        140.82.113.3:443
        185.199.110.133:443
  == REFUSALS (adapter-classified) ==
    distinct: 0
  == SYNTHESIZED GRANT (verify this in the real unprivileged jail) ==
    {"write":{"deps":true},"network":true}
    NOTE 8 writes into the DECLARED private temp -- the base profile grants
         that directory unconditionally (preset.rs `$tmp`=rw), so they widen nothing.
  RAW       etw-raw.xml.gz  36793512 B xml -> 538498 B gz (68.3x)  sha256 cf2d01ca04e892e3…
  HEADER    etw-header.json (5059 bytes)
  DERIVED   6714 distinct from 9418 kept ops (28745 xml events, 1730 out of subtree)
  PROCS     4   thread-reattributed 0
  ⛔ 2 operations with NO OperationEnd — kept, status marked unknown
  8.3       0 expanded, 0 kept short, 0 not covered  [map: recorded 8.3 map (0 components, resolved on runnervmeef0v)]
  wrote events.ndjson.gz (83641 bytes)
  RAWLOG-CAPTURE D:\jail\m-iedriver-mtryb1ph\cap\capture.json
  VENUE-NUB-BINARY {"path":"C:/Users/RUNNER~1/AppData/Local/Temp/nub/target/release/nub.exe","sha256":"f186817a44be332fee712b4936a071a0b5f9cde18a1d2fdc3a791729d4bf1005","bytes":68717056,"features":{"buildJailCatalogOverride":true,"pythonDontWriteBytecodeEnv":true}}
  VENUE-INTERPRETER C:\hostedtoolcache\windows\node\22.23.2\x64\node.exe
  VENUE-JAIL-ROOT D:\jail\m-iedriver-mtryb1ph
  VENUE-OVERRIDES {"set":{"npm_config_cache":"D:\\jail\\m-iedriver-mtryb1ph\\npm-cache","TMP":"D:\\jail\\m-iedriver-mtryb1ph\\tmp","TEMP":"D:\\jail\\m-iedriver-mtryb1ph\\tmp","TMPDIR":"D:\\jail\\m-iedriver-mtryb1ph\\tmp"},"unset":["CI","GITHUB_ACTIONS"],"notRedirected":{"USERPROFILE":"C:\\Users\\runneradmin","why":"the jail leaves HOME/USERPROFILE alone — `build_jail.rs` sandbox_homes() reads the ambient value and `compiler/defaults.rs` BASELINE_ENV_EXACT passes it through — so there is no private jail home to reproduce and redirecting one would measure an environment no confined script sees"},"passedThrough":{"CI":"true","GITHUB_ACTIONS":"true","NODE_ENV":null}}
  STORE   isolated virtual store at D:\jail\m-iedriver-mtryb1ph\verify-synth\.cache
  VENUE-STORE-LAYOUT isolated
OSV-SCREEN {"schemaVersion":1,"kind":"nub-synth-resolved","status":"clean","digest":"cea05f119ed760e577267e2f0d14a0b03cfcbb0bd86b89e5b1a0ade85386d70f","specCount":84,"lockfiles":{"digest":"a035408a26f911129ff59721672c57c92c8bc943c86c279dced71b828e8a251e","files":[{"path":"nub.lock","sha256":"4cd9b04a063325320f24452d51b89258ceee46d52af09937e513b16242a669ff","bytes":19219}]},"maliciousAdvisories":[],"screenedAt":"2026-09-08T00:48:31.890Z","cacheHit":true,"clearancePath":"D:\\jail\\m-iedriver-mtryb1ph\\security\\nub-synth-resolved.json"}
  SECURITY nub-synth-resolved clean: 84 exact package-version(s), tree cea05f119ed7 (cached exact-tree clearance)
  VERIFY[synth] rc=0 artifacts=15/11 missing=0 shortfall=none (tree 6922/884) OVERRIDDEN=2 REJECTED=0 grant={"write":{"deps":true},"network":true}
  => MINIMUM {"write":{"deps":true},"network":true}   (observed, then verified)
  STORE   isolated virtual store at D:\jail\m-iedriver-mtryb1ph\verify-nar-no-network\.cache
OSV-SCREEN {"schemaVersion":1,"kind":"nub-nar-no-network-resolved","status":"clean","digest":"cea05f119ed760e577267e2f0d14a0b03cfcbb0bd86b89e5b1a0ade85386d70f","specCount":84,"lockfiles":{"digest":"a035408a26f911129ff59721672c57c92c8bc943c86c279dced71b828e8a251e","files":[{"path":"nub.lock","sha256":"4cd9b04a063325320f24452d51b89258ceee46d52af09937e513b16242a669ff","bytes":19219}]},"maliciousAdvisories":[],"screenedAt":"2026-09-08T00:48:31.890Z","cacheHit":true,"clearancePath":"D:\\jail\\m-iedriver-mtryb1ph\\security\\nub-nar-no-network-resolved.json"}
  SECURITY nub-nar-no-network-resolved clean: 84 exact package-version(s), tree cea05f119ed7 (cached exact-tree clearance)
  VERIFY[nar-no-network] rc=1 artifacts=10/11 missing=2 shortfall=80c8cb6ac827 (tree 6918/884) OVERRIDDEN=2 REJECTED=0 grant={"write":{"deps":true}}
     missing artifacts: lib/iedriver64/IEDriverServer.exe, lib/iedriver64/IEDriverServer_x64_4.0.0.zip
     'no-network' is NECESSARY — dropping it fails to verify
  STORE   isolated virtual store at D:\jail\m-iedriver-mtryb1ph\verify-nar-no-write-deps\.cache
OSV-SCREEN {"schemaVersion":1,"kind":"nub-nar-no-write-deps-resolved","status":"clean","digest":"cea05f119ed760e577267e2f0d14a0b03cfcbb0bd86b89e5b1a0ade85386d70f","specCount":84,"lockfiles":{"digest":"a035408a26f911129ff59721672c57c92c8bc943c86c279dced71b828e8a251e","files":[{"path":"nub.lock","sha256":"4cd9b04a063325320f24452d51b89258ceee46d52af09937e513b16242a669ff","bytes":19219}]},"maliciousAdvisories":[],"screenedAt":"2026-09-08T00:48:31.890Z","cacheHit":true,"clearancePath":"D:\\jail\\m-iedriver-mtryb1ph\\security\\nub-nar-no-write-deps-resolved.json"}
  SECURITY nub-nar-no-write-deps-resolved clean: 84 exact package-version(s), tree cea05f119ed7 (cached exact-tree clearance)
  VERIFY[nar-no-write-deps] rc=0 artifacts=15/11 missing=0 shortfall=none (tree 6922/884) OVERRIDDEN=2 REJECTED=0 grant={"network":true}
     ⛔ OVER-PREDICTED — the strictly narrower {"network":true} also verifies; 'no-write-deps' was not needed
