### @matrix-org/matrix-sdk-crypto-nodejs@0.6.1   (D:\jail\m-matrixorgmatrixsdkcryptonodejs-mtsr5mcs)
  CI-ENV scrubbed: CI GITHUB_ACTIONS
OSV-SCREEN {"schemaVersion":1,"kind":"direct","status":"clean","digest":"95623fd5b38dc8ee4f26c767aa52cd2430295c12ee7929e2439fb86bf1783681","specCount":1,"lockfiles":{"digest":null,"files":[]},"maliciousAdvisories":[],"screenedAt":"2026-09-08T14:16:02.962Z","cacheHit":false,"clearancePath":"D:\\jail\\m-matrixorgmatrixsdkcryptonodejs-mtsr5mcs\\security\\direct.json"}
  SECURITY direct clean: 1 exact package-version(s), tree 95623fd5b38d
OSV-SCREEN {"schemaVersion":1,"kind":"npm-observe-resolved","status":"clean","digest":"a1a77b52f0514e877fa7d48f4a07304c3628a72a1b47cf5ad2fe4d9a16fd7dd9","specCount":6,"lockfiles":{"digest":"75c9b3f17b0d2eb968098960aa8dcc65c194814bc3f7a39cb733dc92263576c7","files":[{"path":"package-lock.json","sha256":"b9a3a32acf8436fae951347ee4a5a5353802bc988c383ea4ff77a3a6e0a177e9","bytes":2788}]},"maliciousAdvisories":[],"screenedAt":"2026-09-08T14:16:04.502Z","cacheHit":false,"clearancePath":"D:\\jail\\m-matrixorgmatrixsdkcryptonodejs-mtsr5mcs\\security\\npm-observe-resolved.json"}
  SECURITY npm-observe-resolved clean: 6 exact package-version(s), tree a1a77b52f051
  CAPTURE user=runnervmeef0v\runneradmin elevated=True rootPid=8880 exit=0 events=47581 lost=0
  VENUE-OBSERVE-USER runnervmeef0v\runneradmin elevated=true privDropped={"SeBackupPrivilege":"removed","SeRestorePrivilege":"removed","SeTakeOwnershipPrivilege":"removed"}
  OBSERVE artifacts: 12 files  (D:\jail\m-matrixorgmatrixsdkcryptonodejs-mtsr5mcs\observe\node_modules\@matrix-org\matrix-sdk-crypto-nodejs)
  ARM-FALSIFIABILITY {"manifestFiles":14,"filesTheScriptProduced":1,"reasons":[]}
  CLOSURE 6 packages evicted per arm
  8.3 MAP 0 components resolved on runnervmeef0v, folded into capture.json
  == ROOTS (from capture.json — R2: no ambient reads) ==
    project       D:\jail\m-matrixorgmatrixsdkcryptonodejs-mtsr5mcs\observe   [keyed on]
    home          C:\Users\runneradmin   [keyed on]
    jailHome      (null — declared inapplicable)
    globalStore   C:\Users\runneradmin\AppData\Local\nub\pm\store
    projectStore  D:\jail\m-matrixorgmatrixsdkcryptonodejs-mtsr5mcs\observe\node_modules\.store
    interpreter   C:\hostedtoolcache\windows\node\22.23.2\x64\node.exe
    toolsDir      C:\Users\runneradmin\AppData\Local\nub\pm\tools
    temp          D:\jail\m-matrixorgmatrixsdkcryptonodejs-mtsr5mcs\tmp   [keyed on]
    npmPrefix     (null — declared inapplicable)
    ownPkg        D:\jail\m-matrixorgmatrixsdkcryptonodejs-mtsr5mcs\observe\node_modules\@matrix-org\matrix-sdk-crypto-nodejs
  == ATTRIBUTION == lifecycle pids: 2 (root 8880)
    writes  script 1  /  whole traced tree 8
    peers   script 2  /  whole traced tree 2
  == WRITES ==
    deps          1
  == READS ==
    deps         20
    outside       6
    project       1
    systemfs     28
  == NETWORK ==
    distinct peers: 2
        140.82.114.4:443
        185.199.108.133:443
  == REFUSALS (adapter-classified) ==
    distinct: 0
  == SYNTHESIZED GRANT (verify this in the real unprivileged jail) ==
    {"write":{"deps":true},"network":true}
  RAW       etw-raw.xml.gz  60979735 B xml -> 877442 B gz (69.5x)  sha256 48c054314c1c5046…
  HEADER    etw-header.json (5248 bytes)
  DERIVED   5307 distinct from 9026 kept ops (47581 xml events, 10214 out of subtree)
  PROCS     4   thread-reattributed 0
  8.3       0 expanded, 0 kept short, 0 not covered  [map: recorded 8.3 map (0 components, resolved on runnervmeef0v)]
  wrote events.ndjson.gz (67551 bytes)
  RAWLOG-CAPTURE D:\jail\m-matrixorgmatrixsdkcryptonodejs-mtsr5mcs\cap\capture.json
  VENUE-NUB-BINARY {"path":"C:/Users/RUNNER~1/AppData/Local/Temp/nub/target/release/nub.exe","sha256":"f186817a44be332fee712b4936a071a0b5f9cde18a1d2fdc3a791729d4bf1005","bytes":68717056,"features":{"buildJailCatalogOverride":true,"pythonDontWriteBytecodeEnv":true}}
  VENUE-INTERPRETER C:\hostedtoolcache\windows\node\22.23.2\x64\node.exe
  VENUE-JAIL-ROOT D:\jail\m-matrixorgmatrixsdkcryptonodejs-mtsr5mcs
  VENUE-OVERRIDES {"set":{"npm_config_cache":"D:\\jail\\m-matrixorgmatrixsdkcryptonodejs-mtsr5mcs\\npm-cache","TMP":"D:\\jail\\m-matrixorgmatrixsdkcryptonodejs-mtsr5mcs\\tmp","TEMP":"D:\\jail\\m-matrixorgmatrixsdkcryptonodejs-mtsr5mcs\\tmp","TMPDIR":"D:\\jail\\m-matrixorgmatrixsdkcryptonodejs-mtsr5mcs\\tmp"},"unset":["CI","GITHUB_ACTIONS"],"notRedirected":{"USERPROFILE":"C:\\Users\\runneradmin","why":"the jail leaves HOME/USERPROFILE alone — `build_jail.rs` sandbox_homes() reads the ambient value and `compiler/defaults.rs` BASELINE_ENV_EXACT passes it through — so there is no private jail home to reproduce and redirecting one would measure an environment no confined script sees"},"passedThrough":{"CI":"true","GITHUB_ACTIONS":"true","NODE_ENV":null}}
  STORE   isolated virtual store at D:\jail\m-matrixorgmatrixsdkcryptonodejs-mtsr5mcs\verify-synth\.cache
  VENUE-STORE-LAYOUT isolated
OSV-SCREEN {"schemaVersion":1,"kind":"nub-synth-resolved","status":"clean","digest":"a1a77b52f0514e877fa7d48f4a07304c3628a72a1b47cf5ad2fe4d9a16fd7dd9","specCount":6,"lockfiles":{"digest":"d66c5bd9ea73ba7f8c5d0a65f5b8176fe030f60935aa634acf70590660186f8e","files":[{"path":"nub.lock","sha256":"4a9096d0645909c67c10ff51c5c894ebcc0a8533bfbc0e105d542f5ef2db77d8","bytes":1901}]},"maliciousAdvisories":[],"screenedAt":"2026-09-08T14:16:04.502Z","cacheHit":true,"clearancePath":"D:\\jail\\m-matrixorgmatrixsdkcryptonodejs-mtsr5mcs\\security\\nub-synth-resolved.json"}
  SECURITY nub-synth-resolved clean: 6 exact package-version(s), tree a1a77b52f051 (cached exact-tree clearance)
  VERIFY[synth] rc=0 artifacts=12/12 missing=0 shortfall=none (tree 7677/59) OVERRIDDEN=2 REJECTED=0 grant={"write":{"deps":true},"network":true}
  => MINIMUM {"write":{"deps":true},"network":true}   (observed, then verified)
  STORE   isolated virtual store at D:\jail\m-matrixorgmatrixsdkcryptonodejs-mtsr5mcs\verify-nar-no-network\.cache
OSV-SCREEN {"schemaVersion":1,"kind":"nub-nar-no-network-resolved","status":"clean","digest":"a1a77b52f0514e877fa7d48f4a07304c3628a72a1b47cf5ad2fe4d9a16fd7dd9","specCount":6,"lockfiles":{"digest":"d66c5bd9ea73ba7f8c5d0a65f5b8176fe030f60935aa634acf70590660186f8e","files":[{"path":"nub.lock","sha256":"4a9096d0645909c67c10ff51c5c894ebcc0a8533bfbc0e105d542f5ef2db77d8","bytes":1901}]},"maliciousAdvisories":[],"screenedAt":"2026-09-08T14:16:04.502Z","cacheHit":true,"clearancePath":"D:\\jail\\m-matrixorgmatrixsdkcryptonodejs-mtsr5mcs\\security\\nub-nar-no-network-resolved.json"}
  SECURITY nub-nar-no-network-resolved clean: 6 exact package-version(s), tree a1a77b52f051 (cached exact-tree clearance)
  VERIFY[nar-no-network] rc=0 artifacts=11/12 missing=1 shortfall=8e642a61f6ac (tree 7676/59) OVERRIDDEN=2 REJECTED=0 grant={"write":{"deps":true}}
     missing artifacts: matrix-sdk-crypto.win32-x64-msvc.node
     'no-network' is NECESSARY — dropping it fails to verify
  STORE   isolated virtual store at D:\jail\m-matrixorgmatrixsdkcryptonodejs-mtsr5mcs\verify-nar-no-write-deps\.cache
OSV-SCREEN {"schemaVersion":1,"kind":"nub-nar-no-write-deps-resolved","status":"clean","digest":"a1a77b52f0514e877fa7d48f4a07304c3628a72a1b47cf5ad2fe4d9a16fd7dd9","specCount":6,"lockfiles":{"digest":"d66c5bd9ea73ba7f8c5d0a65f5b8176fe030f60935aa634acf70590660186f8e","files":[{"path":"nub.lock","sha256":"4a9096d0645909c67c10ff51c5c894ebcc0a8533bfbc0e105d542f5ef2db77d8","bytes":1901}]},"maliciousAdvisories":[],"screenedAt":"2026-09-08T14:16:04.502Z","cacheHit":true,"clearancePath":"D:\\jail\\m-matrixorgmatrixsdkcryptonodejs-mtsr5mcs\\security\\nub-nar-no-write-deps-resolved.json"}
  SECURITY nub-nar-no-write-deps-resolved clean: 6 exact package-version(s), tree a1a77b52f051 (cached exact-tree clearance)
  VERIFY[nar-no-write-deps] rc=0 artifacts=12/12 missing=0 shortfall=none (tree 7677/59) OVERRIDDEN=2 REJECTED=0 grant={"network":true}
     ⛔ OVER-PREDICTED — the strictly narrower {"network":true} also verifies; 'no-write-deps' was not needed
