OSV-SCREEN {"schemaVersion":1,"kind":"direct","status":"clean","digest":"00a974c1833e8645d4067db24be8da9c9964615980ac05ff909e50eec8bd3f5a","specCount":1,"lockfiles":{"digest":null,"files":[]},"maliciousAdvisories":[],"screenedAt":"2026-08-31T21:29:40.406Z","cacheHit":false,"clearancePath":"/Users/runner/v2m-OYh0Qg/security/direct.json"}
  SECURITY direct clean: 1 exact package-version(s), tree 00a974c1833e
  ERA-NODE PINNED 24.19.0 (provisioned) (arms will run: v24.19.0)
  ERA-PYTHON /Users/runner/hostedtoolcache/Python/3.9.13/arm64/bin/python (Python 3.9.13) for era Node 24, whose node-gyp requires python3
  ARM-MAKE /usr/bin/make (GNU Make 3.81) — the system make; a build needing GNU Make 4 WILL fail here
### @daytonaio/sdk@0.188.0-alpha.1   (/Users/runner/v2m-OYh0Qg)   nub=/tmp/nub/target/release/nub
  VENUE-NUB-BINARY {"path":"/tmp/nub/target/release/nub","sha256":"69e622342d0c8393c78fa50a01dc9cc0a94371ac9b106b59bdcc016f06d86d30","bytes":94535576,"features":{"buildJailCatalogOverride":true,"pythonDontWriteBytecodeEnv":true}}
  CI-ENV scrubbed: CI GITHUB_ACTIONS
  --- fbt preflight (advisory; never fails the run) ---
     csrutil: System Integrity Protection status: disabled.
     fbt probes visible: 93577
     fbt enable attempt: dtrace: description 'fbt:::entry ' matched 50357 probes CPU     ID                    FUNCTION:NAME 
     cwd builtin value:  
     fbt chdir symbols:  
     fbt fires on spawn-with-cwd: dtrace: invalid probe specifier fbt::chdir*:entry /progenyof($target)/ { @[probefunc] = count(); }: probe description fbt::chdir*:entry does not match any probes 
  --- end fbt preflight ---
  ERA-RESOLUTION DATED 2026-06-16T14:22:00.508Z (deps as of the package's own publish date + 1d)
OSV-SCREEN {"schemaVersion":1,"kind":"npm-observe-resolved","status":"clean","digest":"acc72c9f8730d06946707fd68ecd43e84c04b35021673c895bb46615e0cc2a6a","specCount":197,"lockfiles":{"digest":"3426a8f68196799417ac6742893e247bb041da168abfca53cea0302038a9c216","files":[{"path":"package-lock.json","sha256":"1fc36f4c5fb7d96f297add47844aa4e2e9a410af4f2f31f8ac8dae859f79f480","bytes":105310}]},"maliciousAdvisories":[],"screenedAt":"2026-08-31T21:29:54.244Z","cacheHit":false,"clearancePath":"/Users/runner/v2m-OYh0Qg/security/npm-observe-resolved.json"}
  SECURITY npm-observe-resolved clean: 197 exact package-version(s), tree acc72c9f8730
  ARM-PATH SANITISED (dropped 1: /Users/runner/.yarn/bin)
  ARM-AMBIENT-TOOLS none
  ARM-SCAFFOLD none
  ARM-UNPROVIDABLE none
  VENUE-CI-CHILD clean (no CI-detection variable reaches the traced script)
  ARM-REBUILD-SPEC @daytonaio/sdk@0.188.0-alpha.1
  --- wrapper (run.sh) ---
     cd "/Users/runner/v2m-OYh0Qg/Observe"
     sudo -u "runner" -H env "PATH=/Users/runner/v2m-OYh0Qg/Observe/node_modules/.bin:/Users/runner/.cache/nub/era-node/24.19.0/node-v24.19.0-darwin-arm64/bin:/Users/runner/hostedtoolcache/node/22.23.2/arm64/bin:/opt/homebrew/lib/ruby/gems/3.3.0/bin:/opt/homebrew/opt/ruby@3.3/bin:/Users/runner/.local/bin:/opt/homebrew/bin:/opt/homebrew/sbin:/Users/runner/.cargo/bin:/usr/local/opt/curl/bin:/usr/local/bin:/usr/local/sbin:/Users/runner/bin:/Users/runner/Library/Android/sdk/tools:/Users/runner/Library/Android/sdk/platform-tools:/Library/Frameworks/Python.framework/Versions/Current/bin:/Library/Frameworks/Mono.framework/Versions/Current/Commands:/usr/bin:/bin:/usr/sbin:/sbin:/Users/runner/.dotnet/tools"   "HOME=/Users/runner/v2m-OYh0Qg/jailhome"   "TMPDIR=/private/var/folders/_5/zjnzxgh147qcg3bb5cg2wvqw0000gn/T/nub-tmp-obs2MKs73"   "NODE_COMPAT=1"   "PYTHONDONTWRITEBYTECODE=1"   "PLAYWRIGHT_BROWSERS_PATH=/Users/runner/.cache/nub/pm/tools/ms-playwright"   "ELECTRON_CACHE=/Users/runner/.cache/nub/pm/tools/electron-cache"   "electron_config_cache=/Users/runner/.cache/nub/pm/tools/electron-cache"   "npm_config_prefix=/Users/runner/.cache/nub/pm/tools/npm-prefix"   PYTHON=/Users/runner/hostedtoolcache/Python/3.9.13/arm64/bin/python   npm rebuild --no-audit --no-fund "@daytonaio/sdk@0.188.0-alpha.1" > "/Users/runner/v2m-OYh0Qg/Observe/npm.log" 2>&1
     echo $? > "/Users/runner/v2m-OYh0Qg/Observe/rc"
  --- dtrace stderr + wrapper trace ---
     + cd /Users/runner/v2m-OYh0Qg/Observe
     + sudo -u runner -H env PATH=/Users/runner/v2m-OYh0Qg/Observe/node_modules/.bin:/Users/runner/.cache/nub/era-node/24.19.0/node-v24.19.0-darwin-arm64/bin:/Users/runner/hostedtoolcache/node/22.23.2/arm64/bin:/opt/homebrew/lib/ruby/gems/3.3.0/bin:/opt/homebrew/opt/ruby@3.3/bin:/Users/runner/.local/bin:/opt/homebrew/bin:/opt/homebrew/sbin:/Users/runner/.cargo/bin:/usr/local/opt/curl/bin:/usr/local/bin:/usr/local/sbin:/Users/runner/bin:/Users/runner/Library/Android/sdk/tools:/Users/runner/Library/Android/sdk/platform-tools:/Library/Frameworks/Python.framework/Versions/Current/bin:/Library/Frameworks/Mono.framework/Versions/Current/Commands:/usr/bin:/bin:/usr/sbin:/sbin:/Users/runner/.dotnet/tools HOME=/Users/runner/v2m-OYh0Qg/jailhome TMPDIR=/private/var/folders/_5/zjnzxgh147qcg3bb5cg2wvqw0000gn/T/nub-tmp-obs2MKs73 NODE_COMPAT=1 PYTHONDONTWRITEBYTECODE=1 PLAYWRIGHT_BROWSERS_PATH=/Users/runner/.cache/nub/pm/tools/ms-playwright ELECTRON_CACHE=/Users/runner/.cache/nub/pm/tools/electron-cache electron_config_cache=/Users/runner/.cache/nub/pm/tools/electron-cache npm_config_prefix=/Users/runner/.cache/nub/pm/tools/npm-prefix PYTHON=/Users/runner/hostedtoolcache/Python/3.9.13/arm64/bin/python npm rebuild --no-audit --no-fund @daytonaio/sdk@0.188.0-alpha.1
     dtrace: error on enabled probe ID 128 (ID 286: syscall::execve:entry): invalid address (0x600002f0d0e0) in action #1 at DIF offset 20
     + echo 0
  OBSERVE   rc=0 dtrace_rc=0 files=14432 (pre=14430) trace=8819 lines
  CLOSURE   193 packages evicted per arm   store=/Users/runner/.cache/nub/pm/store
  RAWLOG-FILE /Users/runner/v2m-OYh0Qg/Observe/trace.txt.gz
  RAWLOG-CAPTURE /Users/runner/v2m-OYh0Qg/Observe/capture.json
  RAWLOG-BYTES raw=1624195 gz=62844
  VENUE-INTERPRETER /Users/runner/hostedtoolcache/node/22.23.2/arm64
  VENUE-NODE-SELECTION {"pkg":"@daytonaio/sdk","packageVersion":"0.188.0-alpha.1","major":24,"version":"24.19.0","npm":"11.17.0","pinnable":true,"engines":null,"publishedAt":"2026-06-15T14:22:00.508Z","eraMajor":24,"startMajor":24,"raisedByEngines":false,"enginesUnsatisfiable":false,"clampedToFloor":false,"clampedToCeiling":false,"matrixFloor":4,"matrixCeiling":26,"lookupFailure":null,"pinned":true,"pinnedBin":"/Users/runner/.cache/nub/era-node/24.19.0/node-v24.19.0-darwin-arm64/bin","eraNodeRoot":"/Users/runner/.cache/nub"}
  VENUE-OVERRIDES {"set":{"PATH":"inherited-and-forwarded","HOME":"/Users/runner/v2m-OYh0Qg/jailhome","TMPDIR":"/private/var/folders/_5/zjnzxgh147qcg3bb5cg2wvqw0000gn/T/nub-tmp-obs2MKs73","NODE_COMPAT":"1","PYTHONDONTWRITEBYTECODE":"1","PLAYWRIGHT_BROWSERS_PATH":"/Users/runner/.cache/nub/pm/tools/ms-playwright","ELECTRON_CACHE":"/Users/runner/.cache/nub/pm/tools/electron-cache","electron_config_cache":"/Users/runner/.cache/nub/pm/tools/electron-cache","npm_config_prefix":"/Users/runner/.cache/nub/pm/tools/npm-prefix"},"unset":["(sudo env_reset discards the caller environment; every var above is re-set after it)","CI","GITHUB_ACTIONS"],"passedThrough":{"CI":"true","GITHUB_ACTIONS":"true","NODE_ENV":null}}
  VENUE-OBSERVE-USER runner uid=501 (R7: ordinary non-root user, asserted)
  ARM-FALSIFIABILITY {"manifestFiles":169,"filesTheScriptProduced":0,"reasons":["gate-vacuous"]}
  ⛔ ARMS-UNFALSIFIABLE — the artifact gate carries no signal for this package:
       gate-vacuous: the script changed no file the artifact gate keys on — every file in the manifest (169) was already present at its final size before the script ran, so the gate passes in every arm including a completely broken one
       The EXIT CODE is still a live detector here, so a descent arm that actually
       FAILED is evidence. What is missing is the gate, not every signal — do not read
       a green arm as proof on its own, and do not read this note as "no evidence".
  EVENTLOG-FILE /Users/runner/v2m-OYh0Qg/Observe/events.ndjson.gz
  EVENTLOG-STATS {"lines":8820,"parsed":8802,"unparsed":0,"live":true,"tracerErrors":1,"tracerErrorTotal":1,"unresolvedDirfd":21,"unresolvedFd":0,"pairedTwoPath":529,"danglingPair":0,"failed":2904,"enoent":2901,"refusals":0,"byErrno":{"ENXIO":3,"ENOENT":2901},"procs":5,"lifecyclePids":1,"distinctEvents":5522,"emitted":5522,"calls":8259,"bytes":1173680,"gzipBytes":37770,"out":"/Users/runner/v2m-OYh0Qg/Observe/events.ndjson"}
  == TRACER == live=true decodable-events=3321 dropped-events=1
    NOTE 14 relative path(s) under a non-AT_FDCWD dirfd were not
       scope-assigned: resolving them against the cwd would invent a path.
    ⛔ CWD-UNOBSERVED 2 relative path(s) (0 write(s)) came from a lifecycle
       process whose own cwd was never observed
       macOS spawns with posix_spawn addchdir_np, which changes directory in-kernel and
       emits no chdir syscall, so the inherited cwd cannot be trusted. These are NOT
       scope-assigned; the grant below is WIDENED instead so it covers wherever they landed.
         pid=35251 read  unproven .
         pid=35251 read  unproven .
    ⛔ THE TRACER DROPPED 1 EVENT(S). A dropped event is a path never
       seen, so the grant below can only be too NARROW — the direction that breaks installs.
       Treat it as a FLOOR, not a measurement, until the adapter fault is fixed:
             1 x  epid=128 action=1 fault=1 addr=0x600002f0d0e0
  == ATTRIBUTION == lifecycle pids: 1
    writes  script 1  /  whole traced subtree 1067
    sockets script 0  /  whole traced subtree 1
  == ROOTS (from /Users/runner/v2m-OYh0Qg/Observe/capture.json; the classifier reads no other source) ==
    project       /Users/runner/v2m-OYh0Qg/Observe
    home          /Users/runner
    jailHome      /Users/runner/v2m-OYh0Qg/jailhome
    globalStore   /Users/runner/.cache/nub/pm/store
    projectStore  /Users/runner/v2m-OYh0Qg/Observe/node_modules/.store
    interpreter   /Users/runner/hostedtoolcache/node/22.23.2/arm64
    toolsDir      /Users/runner/.cache/nub/pm/tools
    temp          /private/var/folders/_5/zjnzxgh147qcg3bb5cg2wvqw0000gn/T/nub-tmp-obs2MKs73
    npmPrefix     /Users/runner/.cache/nub/pm/tools/npm-prefix
    ownPkg        /Users/runner/v2m-OYh0Qg/Observe/node_modules/@daytonaio/sdk
    cwd           (null — this platform has no such root)
  == WRITES the script actually performed ==
    systemfs      1
        /dev/dtracehelper
  == READS the script performed, by scope ==
    outside       3
    systemfs      8
    userHome      2
        outside: /
        outside: /bin/bash
        outside: /bin
  == NETWORK ==
    AF_INET connects: 0   distinct peers: 0
  == REFUSALS (errno EPERM/EACCES/EROFS only; ENOENT is a miss, not a denial) ==
    distinct: 0
  == SYNTHESIZED GRANT (verify this in the real unprivileged jail) ==
    {}
  == writePaths (DERIVED — promotion out of the package's PRIVATE home) ==
    private-home writes observed: 0
    none declared — the script wrote nothing into its private home — there is nothing to promote
  == writePaths FEASIBILITY (distinct writes outside project/deps) ==
    count: 0
  scaffold: 1 dependency package(s) with lifecycle scripts granted a fixed wide grant
  EVICT[synth] 80 store entries removed, 57 spared as nub tooling, 1652 in store
OSV-SCREEN {"schemaVersion":1,"kind":"nub-synth-resolved","status":"clean","digest":"040f2de9aabad43f997bb616ad15f8163d9bc2aa94b100dd8af4060468524c14","specCount":178,"lockfiles":{"digest":"cb0edde8e8708b8d5b90eefa6693a7fda8b7aff470b570f4a1368a44bb33a553","files":[{"path":"nub.lock","sha256":"b94feea82f487c8ae50d118a4d60836c7b5fda84cac47528dde8234866e9d90c","bytes":62791}]},"maliciousAdvisories":[],"screenedAt":"2026-08-31T21:30:02.533Z","cacheHit":false,"clearancePath":"/Users/runner/v2m-OYh0Qg/security/nub-synth-resolved.json"}
  SECURITY nub-synth-resolved clean: 178 exact package-version(s), tree 040f2de9aaba
  VENUE-STORE-LAYOUT isolated
  VERIFY[synth] rc=0 artifacts=169/169 missing=0 shortfall=none (tree 119588/14432) OVERRIDDEN=3 REJECTED=0 grant={}
  => VERIFIED {}
  NARROW    no capability to drop — the grant is already empty; over-prediction is 0 by construction
### DONE @daytonaio/sdk@0.188.0-alpha.1  synthesized={} verified=1
