### nestjs-typeorm-paginate@2.6.3   (/home/runner/v2-bazLFS)
  CI-ENV scrubbed: CI GITHUB_ACTIONS
OSV-SCREEN {"schemaVersion":1,"kind":"direct","status":"clean","digest":"cec0a506dd55edc191a4bc72872a4a697e38206e311d1f91382a41dc1560e490","specCount":1,"lockfiles":{"digest":null,"files":[]},"maliciousAdvisories":[],"screenedAt":"2026-09-08T03:04:30.064Z","cacheHit":false,"clearancePath":"/home/runner/v2-bazLFS/security/direct.json"}
  SECURITY direct clean: 1 exact package-version(s), tree cec0a506dd55
  VENUE-OBSERVE-USER {"uid":1001,"user":"runner","umask":"0022","capBnd":"000001ffffffffff","noNewPrivs":"0"}
  VENUE-NUB-BINARY {"path":"/tmp/nub/target/release/nub","sha256":"2a18683f50f7afeb02a521cd3cae175dc2f91780d461c5f012065241f5a1447b","bytes":207643464,"features":{"buildJailCatalogOverride":true,"pythonDontWriteBytecodeEnv":true}}
OSV-SCREEN {"schemaVersion":1,"kind":"npm-observe-resolved","status":"clean","digest":"ff77947f13d9620ce9256384d5799914fd71a3b12984ed60517a57ccd1a8c6d4","specCount":106,"lockfiles":{"digest":"b0cfa89095685a18b7d1747144f1a72e374a296191bddb31f3c9c9cddccfd44b","files":[{"path":"package-lock.json","sha256":"b8d2143ffec3fd7d0d92ef9c4ece47fa7b4ae393e6c800f772cd3fc732c78e05","bytes":50485}]},"maliciousAdvisories":[],"screenedAt":"2026-09-08T03:04:34.250Z","cacheHit":false,"clearancePath":"/home/runner/v2-bazLFS/security/npm-observe-resolved.json"}
  SECURITY npm-observe-resolved clean: 106 exact package-version(s), tree ff77947f13d9
  OBSERVE   rc=0 files=7187 trace=11197 lines
  CLOSURE   102 packages evicted per arm
  ARM-FALSIFIABILITY {"manifestFiles":23,"filesTheScriptProduced":0,"reasons":["gate-vacuous"]}
  ⛔ ARMS-UNFALSIFIABLE — a green arm for this package carries no evidence:
       gate-vacuous: the script changed no file the artifact gate keys on — every file in the manifest (23) was already present at its final size before the script ran, so the gate passes in every arm including a completely broken one
       The grant may still be correct; what is missing is a signal that could have gone
       red. Do not read this record's MINIMAL as a passing measurement.
  RAWLOG-FILE /home/runner/v2-bazLFS/observe/trace.txt.gz
  RAWLOG-CAPTURE /home/runner/v2-bazLFS/observe/capture.json
  RAWLOG-BYTES raw=2429371 gz=70812
  VENUE-INTERPRETER /opt/hostedtoolcache/node/22.23.2/x64
  VENUE-OVERRIDES {"set":{"HOME":"/home/runner/v2-bazLFS/jailhome","TMPDIR":"/tmp/nub-tmp-obsWPhGPK","NODE_COMPAT":"1","PLAYWRIGHT_BROWSERS_PATH":"/home/runner/.cache/nub/pm/tools/ms-playwright","ELECTRON_CACHE":"/home/runner/.cache/nub/pm/tools/electron-cache","electron_config_cache":"/home/runner/.cache/nub/pm/tools/electron-cache","npm_config_prefix":"/home/runner/.cache/nub/pm/tools/npm-prefix","PYTHONDONTWRITEBYTECODE":"1","NUB_CACHE_DIR":"/home/runner/v2-bazLFS/nubcache"},"unset":["CI","GITHUB_ACTIONS"],"passedThrough":{"CI":"true","GITHUB_ACTIONS":"true","NODE_ENV":null}}
  == ATTRIBUTION == attributed pids: 13
    writes  script 0  /  whole traced tree 1088
    sockets script 0  /  whole traced tree 4
  == ROOTS (from capture.json — R2: no ambient reads) ==
    project       /home/runner/v2-bazLFS/observe
    home          /home/runner
    jailHome      /home/runner/v2-bazLFS/jailhome
    globalStore   /home/runner/.cache/nub/pm/store   [declared, not keyed on]
    projectStore  /home/runner/v2-bazLFS/observe/node_modules/.store   [declared, not keyed on]
    interpreter   /opt/hostedtoolcache/node/22.23.2/x64   [declared, not keyed on]
    toolsDir      /home/runner/.cache/nub/pm/tools   [declared, not keyed on]
    temp          /tmp/nub-tmp-obsWPhGPK
    npmPrefix     /home/runner/.cache/nub/pm/tools/npm-prefix
    ownPkg        /home/runner/v2-bazLFS/observe/node_modules/nestjs-typeorm-paginate
  == WRITES the script actually performed ==
  == NETWORK ==
    AF_INET sockets: 0   distinct peers: 2
        127.0.0.53:53
        104.16.6.34:443
  == REFUSALS (only `= -1 EACCES/EPERM/EROFS`) ==
    distinct: 0
  == SYNTHESIZED GRANT (verify this in the real unprivileged jail) ==
    {}
  == writePaths (DERIVED — promotion out of the package's PRIVATE home) ==
    private-home writes observed: 0
    none declared — the script wrote nothing into its private home — there is nothing to promote
  == writePaths FEASIBILITY (distinct writes outside project/deps) ==
    count: 0
    EVENTS    4630 distinct from 10959 calls (11198 lines, 216 rejoined, 0 unparsed)
    PROCS     20   lifecycle shells 8
    ⛔ 4 paths with an UNRESOLVED dirfd — kept, marked, never guessed
    unsubscribed/unmapped syscalls: getsockname×26 setsockopt×23 exit×15 getsockopt×13 recvmsg×7 getcwd×4 socketpair×3 shutdown×3
    wrote /home/runner/v2-bazLFS/observe/events.ndjson.gz (32749 bytes)
  EVENTLOG-FILE /home/runner/v2-bazLFS/observe/events.ndjson.gz
  EVENTLOG-STATS {"lines":11198,"parsed":10959,"unparsed":0,"unfinished":216,"rejoined":216,"unresolvedDirfd":4,"truncatedArg":0,"procs":20,"lifecyclePids":8,"distinctEvents":4630,"unknownSyscall":{"getsockname":26,"getsockopt":13,"getcwd":4,"recvmsg":7,"exit":15,"setsockopt":23,"sendmmsg":1,"socketpair":3,"shutdown":3,"exit_group":3,"wait4":3},"out":"/home/runner/v2-bazLFS/observe/events.ndjson.gz","gzipBytes":32749}
  EVICT     73 store entries removed, 0 spared as nub tooling
  SE-PURGE  0 side-effects-cache entries for nestjs-typeorm-paginate
OSV-SCREEN {"schemaVersion":1,"kind":"nub-synth-resolved","status":"clean","digest":"aa4b9970ea0f37e23bc9ea0aebba2fb9d605e3edb404aa08391f80dca23adfd3","specCount":107,"lockfiles":{"digest":"812a99fc1eb955c23981b84fbadfa18fc6ee800b0e937c86f3e477a69f144194","files":[{"path":"nub.lock","sha256":"60133fc138d721ea279a586321c166824ebfe0a3afd5b04994b8ccb348a417f9","bytes":28199}]},"maliciousAdvisories":[],"screenedAt":"2026-09-08T03:04:37.501Z","cacheHit":false,"clearancePath":"/home/runner/v2-bazLFS/security/nub-synth-resolved.json"}
  SECURITY nub-synth-resolved clean: 107 exact package-version(s), tree aa4b9970ea0f
  VENUE-STORE-LAYOUT isolated
  VERIFY[synth] rc=0 artifacts=23/23 missing=0 shortfall=none (tree 22181/7187) OVERRIDDEN=3 REJECTED=0 grant={}
  => VERIFIED {}   (observed, then verified)
  DESCEND   grant is already empty — nothing to narrow; MINIMAL by construction.
