### @carbon/type@11.64.0   (/home/runner/v2-1BhZUN)
  CI-ENV scrubbed: CI GITHUB_ACTIONS
OSV-SCREEN {"schemaVersion":1,"kind":"direct","status":"clean","digest":"0803ee99306080444d82d7f72b484a3e6e592449e49fede392aeaf506943ca12","specCount":1,"lockfiles":{"digest":null,"files":[]},"maliciousAdvisories":[],"screenedAt":"2026-09-08T13:19:15.280Z","cacheHit":false,"clearancePath":"/home/runner/v2-1BhZUN/security/direct.json"}
  SECURITY direct clean: 1 exact package-version(s), tree 0803ee993060
  VENUE-OBSERVE-USER {"uid":1001,"user":"runner","umask":"0022","capBnd":"000001ffffffffff","noNewPrivs":"0"}
  VENUE-NUB-BINARY {"path":"/tmp/nub/target/release/nub","sha256":"2a18683f50f7afeb02a521cd3cae175dc2f91780d461c5f012065241f5a1447b","bytes":207643464,"features":{"buildJailCatalogOverride":true,"pythonDontWriteBytecodeEnv":true}}
OSV-SCREEN {"schemaVersion":1,"kind":"npm-observe-resolved","status":"clean","digest":"559739f1e2b0174df6fd992bc7a8fee5fc17e0653010bd3e91b31a1af3e9b1f6","specCount":4,"lockfiles":{"digest":"aea388b79850816f8fd7f1567f41e30833c764d4047dcb4256af7e0a35ea3eaa","files":[{"path":"package-lock.json","sha256":"eb9bb7b9abba79d6cf5c48a1813d8494ff850d5d02df7b564c90eccca07f5bd8","bytes":1934}]},"maliciousAdvisories":[],"screenedAt":"2026-09-08T13:19:16.660Z","cacheHit":false,"clearancePath":"/home/runner/v2-1BhZUN/security/npm-observe-resolved.json"}
  SECURITY npm-observe-resolved clean: 4 exact package-version(s), tree 559739f1e2b0
  OBSERVE   rc=0 files=98 trace=10800 lines
  CLOSURE   4 packages evicted per arm
  ARM-FALSIFIABILITY {"manifestFiles":33,"filesTheScriptProduced":0,"reasons":["gate-vacuous"]}
  ⛔ ARMS-UNFALSIFIABLE — a green arm for this package carries no evidence:
       gate-vacuous: the script changed no file the artifact gate keys on — every file in the manifest (33) was already present at its final size before the script ran, so the gate passes in every arm including a completely broken one
       The grant may still be correct; what is missing is a signal that could have gone
       red. Do not read this record's MINIMAL as a passing measurement.
  RAWLOG-FILE /home/runner/v2-1BhZUN/observe/trace.txt.gz
  RAWLOG-CAPTURE /home/runner/v2-1BhZUN/observe/capture.json
  RAWLOG-BYTES raw=2377948 gz=69356
  VENUE-INTERPRETER /opt/hostedtoolcache/node/22.23.2/x64
  VENUE-OVERRIDES {"set":{"HOME":"/home/runner/v2-1BhZUN/jailhome","TMPDIR":"/tmp/nub-tmp-obshQUNa8","NODE_COMPAT":"1","PLAYWRIGHT_BROWSERS_PATH":"/home/runner/.cache/nub/pm/tools/ms-playwright","ELECTRON_CACHE":"/home/runner/.cache/nub/pm/tools/electron-cache","electron_config_cache":"/home/runner/.cache/nub/pm/tools/electron-cache","npm_config_prefix":"/home/runner/.cache/nub/pm/tools/npm-prefix","PYTHONDONTWRITEBYTECODE":"1","NUB_CACHE_DIR":"/home/runner/v2-1BhZUN/nubcache"},"unset":["CI","GITHUB_ACTIONS"],"passedThrough":{"CI":"true","GITHUB_ACTIONS":"true","NODE_ENV":null}}
  == ATTRIBUTION == attributed pids: 13
    writes  script 0  /  whole traced tree 1088
    sockets script 0  /  whole traced tree 6
  == ROOTS (from capture.json — R2: no ambient reads) ==
    project       /home/runner/v2-1BhZUN/observe
    home          /home/runner
    jailHome      /home/runner/v2-1BhZUN/jailhome
    globalStore   /home/runner/.cache/nub/pm/store   [declared, not keyed on]
    projectStore  /home/runner/v2-1BhZUN/observe/node_modules/.store   [declared, not keyed on]
    interpreter   /opt/hostedtoolcache/node/22.23.2/x64   [declared, not keyed on]
    toolsDir      /home/runner/.cache/nub/pm/tools   [declared, not keyed on]
    temp          /tmp/nub-tmp-obshQUNa8
    npmPrefix     /home/runner/.cache/nub/pm/tools/npm-prefix
    ownPkg        /home/runner/v2-1BhZUN/observe/node_modules/@carbon/type
  == WRITES the script actually performed ==
  == NETWORK ==
    AF_INET sockets: 0   distinct peers: 2
        127.0.0.53:53
        104.16.5.34:443
  == REFUSALS (only `= -1 EACCES/EPERM/EROFS`) ==
    distinct: 0
  == SYNTHESIZED GRANT (verify this in the real unprivileged jail) ==
    {}
  == writePaths (DERIVED — promotion out of the package's PRIVATE home) ==
    private-home writes observed: 0
    none declared — the script wrote nothing into its private home — there is nothing to promote
  == writePaths FEASIBILITY (distinct writes outside project/deps) ==
    count: 0
    EVENTS    4433 distinct from 10759 calls (10801 lines, 19 rejoined, 0 unparsed)
    PROCS     20   lifecycle shells 8
    ⛔ 3 paths with an UNRESOLVED dirfd — kept, marked, never guessed
    unsubscribed/unmapped syscalls: setsockopt×23 getsockname×21 exit×15 getsockopt×7 recvmsg×7 getcwd×4 socketpair×3 shutdown×3
    wrote /home/runner/v2-1BhZUN/observe/events.ndjson.gz (31436 bytes)
  EVENTLOG-FILE /home/runner/v2-1BhZUN/observe/events.ndjson.gz
  EVENTLOG-STATS {"lines":10801,"parsed":10759,"unparsed":0,"unfinished":19,"rejoined":19,"unresolvedDirfd":3,"truncatedArg":0,"procs":20,"lifecyclePids":8,"distinctEvents":4433,"unknownSyscall":{"getsockname":21,"getsockopt":7,"getcwd":4,"recvmsg":7,"exit":15,"setsockopt":23,"sendmmsg":1,"socketpair":3,"shutdown":3,"exit_group":3,"wait4":3},"out":"/home/runner/v2-1BhZUN/observe/events.ndjson.gz","gzipBytes":31436}
  EVICT     0 store entries removed, 0 spared as nub tooling
  SE-PURGE  0 side-effects-cache entries for @carbon/type
  scaffold: 2 dependency package(s) with lifecycle scripts granted a fixed wide grant
OSV-SCREEN {"schemaVersion":1,"kind":"nub-synth-resolved","status":"clean","digest":"559739f1e2b0174df6fd992bc7a8fee5fc17e0653010bd3e91b31a1af3e9b1f6","specCount":4,"lockfiles":{"digest":"89d2bd99ba1d8e1d5bc25d22e8fe46eb1f17338fa19fc3b34cda1670414871c7","files":[{"path":"nub.lock","sha256":"a6df1c9eae8bf367590f3349270893c21aa77c2423fa06d8f5a3b5b5b1840d28","bytes":1224}]},"maliciousAdvisories":[],"screenedAt":"2026-09-08T13:19:16.660Z","cacheHit":true,"clearancePath":"/home/runner/v2-1BhZUN/security/nub-synth-resolved.json"}
  SECURITY nub-synth-resolved clean: 4 exact package-version(s), tree 559739f1e2b0 (cached exact-tree clearance)
  VENUE-STORE-LAYOUT isolated
  VERIFY[synth] rc=0 artifacts=33/33 missing=0 shortfall=none (tree 335/98) OVERRIDDEN=3 REJECTED=0 grant={}
  => VERIFIED {}   (observed, then verified)
  DESCEND   grant is already empty — nothing to narrow; MINIMAL by construction.
