### saucectl@0.174.0   (D:\jail\m-saucectl-mtssq3vu)
  CI-ENV scrubbed: CI GITHUB_ACTIONS
OSV-SCREEN {"schemaVersion":1,"kind":"direct","status":"clean","digest":"e8b71a78679d74320b8c65d2c7d5d949cb175f1f505905b9d220efc32cb1cccc","specCount":1,"lockfiles":{"digest":null,"files":[]},"maliciousAdvisories":[],"screenedAt":"2026-09-08T14:59:58.381Z","cacheHit":false,"clearancePath":"D:\\jail\\m-saucectl-mtssq3vu\\security\\direct.json"}
  SECURITY direct clean: 1 exact package-version(s), tree e8b71a78679d
OSV-SCREEN {"schemaVersion":1,"kind":"npm-observe-resolved","status":"clean","digest":"664b8ad21d63c78e5b8525b934c2d51eeb27b5d5171c396265084ea24e2bfd70","specCount":44,"lockfiles":{"digest":"1fcbd603135be835614679643a73eccc7a58e5c4a90432d6738cdc2719e62da5","files":[{"path":"package-lock.json","sha256":"240545cd86fc0dbc72fe0aa8e76568172a7e2115d5e12569cb943bb19035f63e","bytes":19402}]},"maliciousAdvisories":[],"screenedAt":"2026-09-08T15:00:01.305Z","cacheHit":false,"clearancePath":"D:\\jail\\m-saucectl-mtssq3vu\\security\\npm-observe-resolved.json"}
  SECURITY npm-observe-resolved clean: 44 exact package-version(s), tree 664b8ad21d63
  CAPTURE user=runnervmeef0v\runneradmin elevated=True rootPid=8424 exit=0 events=27365 lost=0
  VENUE-OBSERVE-USER runnervmeef0v\runneradmin elevated=true privDropped={"SeBackupPrivilege":"removed","SeRestorePrivilege":"removed","SeTakeOwnershipPrivilege":"removed"}
  OBSERVE artifacts: 7 files  (D:\jail\m-saucectl-mtssq3vu\observe\node_modules\saucectl)
  ARM-FALSIFIABILITY {"manifestFiles":7,"filesTheScriptProduced":1,"reasons":[]}
  CLOSURE 42 packages evicted per arm
  8.3 MAP 0 components resolved on runnervmeef0v, folded into capture.json
  == ROOTS (from capture.json — R2: no ambient reads) ==
    project       D:\jail\m-saucectl-mtssq3vu\observe   [keyed on]
    home          C:\Users\runneradmin   [keyed on]
    jailHome      (null — declared inapplicable)
    globalStore   C:\Users\runneradmin\AppData\Local\nub\pm\store
    projectStore  D:\jail\m-saucectl-mtssq3vu\observe\node_modules\.store
    interpreter   C:\hostedtoolcache\windows\node\22.23.2\x64\node.exe
    toolsDir      C:\Users\runneradmin\AppData\Local\nub\pm\tools
    temp          D:\jail\m-saucectl-mtssq3vu\tmp   [keyed on]
    npmPrefix     (null — declared inapplicable)
    ownPkg        D:\jail\m-saucectl-mtssq3vu\observe\node_modules\saucectl
  == ATTRIBUTION == lifecycle pids: 3 (root 8424)
    writes  script 2  /  whole traced tree 13
    peers   script 2  /  whole traced tree 2
  == WRITES ==
    deps          2
  == READS ==
    deps        148
    outside       6
    project       1
    systemfs     34
  == NETWORK ==
    distinct peers: 2
        140.82.114.4:443
        185.199.108.133:443
  == REFUSALS (adapter-classified) ==
    distinct: 0
  == SYNTHESIZED GRANT (verify this in the real unprivileged jail) ==
    {"write":{"deps":true},"network":true}
  RAW       etw-raw.xml.gz  35212164 B xml -> 506193 B gz (69.6x)  sha256 410cf3ee47ac5ffd…
  HEADER    etw-header.json (5061 bytes)
  DERIVED   5991 distinct from 9356 kept ops (27365 xml events, 2023 out of subtree)
  PROCS     5   thread-reattributed 0
  ⛔ 1 operations with NO OperationEnd — kept, status marked unknown
  8.3       0 expanded, 0 kept short, 0 not covered  [map: recorded 8.3 map (0 components, resolved on runnervmeef0v)]
  wrote events.ndjson.gz (74474 bytes)
  RAWLOG-CAPTURE D:\jail\m-saucectl-mtssq3vu\cap\capture.json
  VENUE-NUB-BINARY {"path":"C:/Users/RUNNER~1/AppData/Local/Temp/nub/target/release/nub.exe","sha256":"f186817a44be332fee712b4936a071a0b5f9cde18a1d2fdc3a791729d4bf1005","bytes":68717056,"features":{"buildJailCatalogOverride":true,"pythonDontWriteBytecodeEnv":true}}
  VENUE-INTERPRETER C:\hostedtoolcache\windows\node\22.23.2\x64\node.exe
  VENUE-JAIL-ROOT D:\jail\m-saucectl-mtssq3vu
  VENUE-OVERRIDES {"set":{"npm_config_cache":"D:\\jail\\m-saucectl-mtssq3vu\\npm-cache","TMP":"D:\\jail\\m-saucectl-mtssq3vu\\tmp","TEMP":"D:\\jail\\m-saucectl-mtssq3vu\\tmp","TMPDIR":"D:\\jail\\m-saucectl-mtssq3vu\\tmp"},"unset":["CI","GITHUB_ACTIONS"],"notRedirected":{"USERPROFILE":"C:\\Users\\runneradmin","why":"the jail leaves HOME/USERPROFILE alone — `build_jail.rs` sandbox_homes() reads the ambient value and `compiler/defaults.rs` BASELINE_ENV_EXACT passes it through — so there is no private jail home to reproduce and redirecting one would measure an environment no confined script sees"},"passedThrough":{"CI":"true","GITHUB_ACTIONS":"true","NODE_ENV":null}}
  STORE   isolated virtual store at D:\jail\m-saucectl-mtssq3vu\verify-synth\.cache
  VENUE-STORE-LAYOUT isolated
OSV-SCREEN {"schemaVersion":1,"kind":"nub-synth-resolved","status":"clean","digest":"664b8ad21d63c78e5b8525b934c2d51eeb27b5d5171c396265084ea24e2bfd70","specCount":44,"lockfiles":{"digest":"1e1d6af0c9be604204ec27404372b0d8f513541db1534b53badecde004ee70dc","files":[{"path":"nub.lock","sha256":"96027bff5e78e786e38ce501988b903edfcb22fccbb6eab764f902155e01fe00","bytes":12723}]},"maliciousAdvisories":[],"screenedAt":"2026-09-08T15:00:01.305Z","cacheHit":true,"clearancePath":"D:\\jail\\m-saucectl-mtssq3vu\\security\\nub-synth-resolved.json"}
  SECURITY nub-synth-resolved clean: 44 exact package-version(s), tree 664b8ad21d63 (cached exact-tree clearance)
  VERIFY[synth] rc=0 artifacts=7/7 missing=0 shortfall=none (tree 6479/633) OVERRIDDEN=2 REJECTED=0 grant={"write":{"deps":true},"network":true}
  => MINIMUM {"write":{"deps":true},"network":true}   (observed, then verified)
  STORE   isolated virtual store at D:\jail\m-saucectl-mtssq3vu\verify-nar-no-network\.cache
OSV-SCREEN {"schemaVersion":1,"kind":"nub-nar-no-network-resolved","status":"clean","digest":"664b8ad21d63c78e5b8525b934c2d51eeb27b5d5171c396265084ea24e2bfd70","specCount":44,"lockfiles":{"digest":"1e1d6af0c9be604204ec27404372b0d8f513541db1534b53badecde004ee70dc","files":[{"path":"nub.lock","sha256":"96027bff5e78e786e38ce501988b903edfcb22fccbb6eab764f902155e01fe00","bytes":12723}]},"maliciousAdvisories":[],"screenedAt":"2026-09-08T15:00:01.305Z","cacheHit":true,"clearancePath":"D:\\jail\\m-saucectl-mtssq3vu\\security\\nub-nar-no-network-resolved.json"}
  SECURITY nub-nar-no-network-resolved clean: 44 exact package-version(s), tree 664b8ad21d63 (cached exact-tree clearance)
  VERIFY[nar-no-network] rc=1 artifacts=6/7 missing=1 shortfall=7b125f15df9d (tree 6479/633) OVERRIDDEN=2 REJECTED=0 grant={"write":{"deps":true}}
     missing artifacts: bin/saucectl.exe
     'no-network' is NECESSARY — dropping it fails to verify
  STORE   isolated virtual store at D:\jail\m-saucectl-mtssq3vu\verify-nar-no-write-deps\.cache
OSV-SCREEN {"schemaVersion":1,"kind":"nub-nar-no-write-deps-resolved","status":"clean","digest":"664b8ad21d63c78e5b8525b934c2d51eeb27b5d5171c396265084ea24e2bfd70","specCount":44,"lockfiles":{"digest":"1e1d6af0c9be604204ec27404372b0d8f513541db1534b53badecde004ee70dc","files":[{"path":"nub.lock","sha256":"96027bff5e78e786e38ce501988b903edfcb22fccbb6eab764f902155e01fe00","bytes":12723}]},"maliciousAdvisories":[],"screenedAt":"2026-09-08T15:00:01.305Z","cacheHit":true,"clearancePath":"D:\\jail\\m-saucectl-mtssq3vu\\security\\nub-nar-no-write-deps-resolved.json"}
  SECURITY nub-nar-no-write-deps-resolved clean: 44 exact package-version(s), tree 664b8ad21d63 (cached exact-tree clearance)
  VERIFY[nar-no-write-deps] rc=0 artifacts=7/7 missing=0 shortfall=none (tree 6479/633) OVERRIDDEN=2 REJECTED=0 grant={"network":true}
     ⛔ OVER-PREDICTED — the strictly narrower {"network":true} also verifies; 'no-write-deps' was not needed
