### dprint@0.54.0   (D:\jail\m-dprint-mtrvidzj)
  CI-ENV scrubbed: CI GITHUB_ACTIONS
OSV-SCREEN {"schemaVersion":1,"kind":"direct","status":"clean","digest":"37d6ab8168c3fe41351be057e9a065b66bc73a5dc161deff84c3a9843bebf0dc","specCount":1,"lockfiles":{"digest":null,"files":[]},"maliciousAdvisories":[],"screenedAt":"2026-09-07T23:30:10.862Z","cacheHit":false,"clearancePath":"D:\\jail\\m-dprint-mtrvidzj\\security\\direct.json"}
  SECURITY direct clean: 1 exact package-version(s), tree 37d6ab8168c3
OSV-SCREEN {"schemaVersion":1,"kind":"npm-observe-resolved","status":"clean","digest":"0b21721abd858a00e8626c9c009b26cfcb3526137349058dc256cdd48fb6861f","specCount":2,"lockfiles":{"digest":"4569f0716ca4f5a2b3732d4f953dee26052f98f400c22e96e2b529c6954f38b1","files":[{"path":"package-lock.json","sha256":"88fcbb555dfb332eaabf41f1344a2096d1ed3fa22d56e907a19f206f0a9900af","bytes":5779}]},"maliciousAdvisories":[],"screenedAt":"2026-09-07T23:30:12.946Z","cacheHit":false,"clearancePath":"D:\\jail\\m-dprint-mtrvidzj\\security\\npm-observe-resolved.json"}
  SECURITY npm-observe-resolved clean: 2 exact package-version(s), tree 0b21721abd85
  CAPTURE user=runnervmeef0v\runneradmin elevated=True rootPid=5080 exit=0 events=28724 lost=0
  VENUE-OBSERVE-USER runnervmeef0v\runneradmin elevated=true privDropped={"SeBackupPrivilege":"removed","SeRestorePrivilege":"removed","SeTakeOwnershipPrivilege":"removed"}
  OBSERVE artifacts: 7 files  (D:\jail\m-dprint-mtrvidzj\observe\node_modules\dprint)
  ARM-FALSIFIABILITY {"manifestFiles":7,"filesTheScriptProduced":1,"reasons":[]}
  CLOSURE 2 packages evicted per arm
  8.3 MAP 0 components resolved on runnervmeef0v, folded into capture.json
  == ROOTS (from capture.json — R2: no ambient reads) ==
    project       D:\jail\m-dprint-mtrvidzj\observe   [keyed on]
    home          C:\Users\runneradmin   [keyed on]
    jailHome      (null — declared inapplicable)
    globalStore   C:\Users\runneradmin\AppData\Local\nub\pm\store
    projectStore  D:\jail\m-dprint-mtrvidzj\observe\node_modules\.store
    interpreter   C:\hostedtoolcache\windows\node\22.23.2\x64\node.exe
    toolsDir      C:\Users\runneradmin\AppData\Local\nub\pm\tools
    temp          D:\jail\m-dprint-mtrvidzj\tmp   [keyed on]
    npmPrefix     (null — declared inapplicable)
    ownPkg        D:\jail\m-dprint-mtrvidzj\observe\node_modules\dprint
  == ATTRIBUTION == lifecycle pids: 2 (root 5080)
    writes  script 3  /  whole traced tree 12
    peers   script 0  /  whole traced tree 0
  == WRITES ==
    deps          3
  == READS ==
    deps          9
    outside       6
    project       1
    systemfs     23
  == NETWORK ==
    distinct peers: 0
  == REFUSALS (adapter-classified) ==
    distinct: 0
  == SYNTHESIZED GRANT (verify this in the real unprivileged jail) ==
    {"write":{"deps":true}}
  RAW       etw-raw.xml.gz  36676503 B xml -> 540638 B gz (67.8x)  sha256 3404ccb2cb780d56…
  HEADER    etw-header.json (5042 bytes)
  DERIVED   5279 distinct from 6448 kept ops (28724 xml events, 4519 out of subtree)
  PROCS     4   thread-reattributed 0
  ⛔ 3 operations with NO OperationEnd — kept, status marked unknown
  8.3       0 expanded, 0 kept short, 0 not covered  [map: recorded 8.3 map (0 components, resolved on runnervmeef0v)]
  wrote events.ndjson.gz (66763 bytes)
  RAWLOG-CAPTURE D:\jail\m-dprint-mtrvidzj\cap\capture.json
  VENUE-NUB-BINARY {"path":"C:/Users/RUNNER~1/AppData/Local/Temp/nub/target/release/nub.exe","sha256":"f186817a44be332fee712b4936a071a0b5f9cde18a1d2fdc3a791729d4bf1005","bytes":68717056,"features":{"buildJailCatalogOverride":true,"pythonDontWriteBytecodeEnv":true}}
  VENUE-INTERPRETER C:\hostedtoolcache\windows\node\22.23.2\x64\node.exe
  VENUE-JAIL-ROOT D:\jail\m-dprint-mtrvidzj
  VENUE-OVERRIDES {"set":{"npm_config_cache":"D:\\jail\\m-dprint-mtrvidzj\\npm-cache","TMP":"D:\\jail\\m-dprint-mtrvidzj\\tmp","TEMP":"D:\\jail\\m-dprint-mtrvidzj\\tmp","TMPDIR":"D:\\jail\\m-dprint-mtrvidzj\\tmp"},"unset":["CI","GITHUB_ACTIONS"],"notRedirected":{"USERPROFILE":"C:\\Users\\runneradmin","why":"the jail leaves HOME/USERPROFILE alone — `build_jail.rs` sandbox_homes() reads the ambient value and `compiler/defaults.rs` BASELINE_ENV_EXACT passes it through — so there is no private jail home to reproduce and redirecting one would measure an environment no confined script sees"},"passedThrough":{"CI":"true","GITHUB_ACTIONS":"true","NODE_ENV":null}}
  STORE   isolated virtual store at D:\jail\m-dprint-mtrvidzj\verify-synth\.cache
  VENUE-STORE-LAYOUT isolated
OSV-SCREEN {"schemaVersion":1,"kind":"nub-synth-resolved","status":"clean","digest":"0b21721abd858a00e8626c9c009b26cfcb3526137349058dc256cdd48fb6861f","specCount":2,"lockfiles":{"digest":"a4451f94f06013c2702a40a67364db9d94a7f43047672aaa80929e5aa6755669","files":[{"path":"nub.lock","sha256":"66db12b4c976e729820d5d941ef224ee669d06946f6f02119a51a1d6f4485038","bytes":3729}]},"maliciousAdvisories":[],"screenedAt":"2026-09-07T23:30:12.946Z","cacheHit":true,"clearancePath":"D:\\jail\\m-dprint-mtrvidzj\\security\\nub-synth-resolved.json"}
  SECURITY nub-synth-resolved clean: 2 exact package-version(s), tree 0b21721abd85 (cached exact-tree clearance)
  VERIFY[synth] rc=0 artifacts=7/7 missing=0 shortfall=none (tree 5694/17) OVERRIDDEN=2 REJECTED=0 grant={"write":{"deps":true}}
  => MINIMUM {"write":{"deps":true}}   (observed, then verified)
  STORE   isolated virtual store at D:\jail\m-dprint-mtrvidzj\verify-nar-no-write-deps\.cache
OSV-SCREEN {"schemaVersion":1,"kind":"nub-nar-no-write-deps-resolved","status":"clean","digest":"0b21721abd858a00e8626c9c009b26cfcb3526137349058dc256cdd48fb6861f","specCount":2,"lockfiles":{"digest":"a4451f94f06013c2702a40a67364db9d94a7f43047672aaa80929e5aa6755669","files":[{"path":"nub.lock","sha256":"66db12b4c976e729820d5d941ef224ee669d06946f6f02119a51a1d6f4485038","bytes":3729}]},"maliciousAdvisories":[],"screenedAt":"2026-09-07T23:30:12.946Z","cacheHit":true,"clearancePath":"D:\\jail\\m-dprint-mtrvidzj\\security\\nub-nar-no-write-deps-resolved.json"}
  SECURITY nub-nar-no-write-deps-resolved clean: 2 exact package-version(s), tree 0b21721abd85 (cached exact-tree clearance)
  VERIFY[nar-no-write-deps] rc=0 artifacts=7/7 missing=0 shortfall=none (tree 5694/17) OVERRIDDEN=2 REJECTED=0 grant={}
     ⛔ OVER-PREDICTED — the strictly narrower {} also verifies; 'no-write-deps' was not needed
