### electron@31.7.7   (D:\jail\m-electron-mtsqac5s)
  CI-ENV scrubbed: CI GITHUB_ACTIONS
OSV-SCREEN {"schemaVersion":1,"kind":"direct","status":"clean","digest":"f14ff7c9b118c8f1680b3eb11dd9bb38663180fe973a22e7b10849011afafd82","specCount":1,"lockfiles":{"digest":null,"files":[]},"maliciousAdvisories":[],"screenedAt":"2026-09-08T13:51:43.556Z","cacheHit":false,"clearancePath":"D:\\jail\\m-electron-mtsqac5s\\security\\direct.json"}
  SECURITY direct clean: 1 exact package-version(s), tree f14ff7c9b118
OSV-SCREEN {"schemaVersion":1,"kind":"npm-observe-resolved","status":"clean","digest":"910e6d5a82712e4d54fc0452b3b64b8c3af30d28fc839cceb7cac716b6d769cb","specCount":70,"lockfiles":{"digest":"02c3d35998fa57380b08e05103ec027226254d43ec8a27428794596909ec57a6","files":[{"path":"package-lock.json","sha256":"dc66ef0c719ba22715dd2b513e0dda0229cedffad6339631425aa3f69e46b30d","bytes":29393}]},"maliciousAdvisories":[],"screenedAt":"2026-09-08T13:51:47.510Z","cacheHit":false,"clearancePath":"D:\\jail\\m-electron-mtsqac5s\\security\\npm-observe-resolved.json"}
  SECURITY npm-observe-resolved clean: 70 exact package-version(s), tree 910e6d5a8271
  CAPTURE user=runnervmeef0v\runneradmin elevated=True rootPid=8044 exit=0 events=232778 lost=0
  VENUE-OBSERVE-USER runnervmeef0v\runneradmin elevated=true privDropped={"SeBackupPrivilege":"removed","SeRestorePrivilege":"removed","SeTakeOwnershipPrivilege":"removed"}
  OBSERVE artifacts: 81 files  (D:\jail\m-electron-mtsqac5s\observe\node_modules\electron)
  ARM-FALSIFIABILITY {"manifestFiles":82,"filesTheScriptProduced":74,"reasons":[]}
  CLOSURE 68 packages evicted per arm
  8.3 MAP 0 components resolved on runnervmeef0v, folded into capture.json
  == ROOTS (from capture.json — R2: no ambient reads) ==
    project       D:\jail\m-electron-mtsqac5s\observe   [keyed on]
    home          C:\Users\runneradmin   [keyed on]
    jailHome      (null — declared inapplicable)
    globalStore   C:\Users\runneradmin\AppData\Local\nub\pm\store
    projectStore  D:\jail\m-electron-mtsqac5s\observe\node_modules\.store
    interpreter   C:\hostedtoolcache\windows\node\22.23.2\x64\node.exe
    toolsDir      C:\Users\runneradmin\AppData\Local\nub\pm\tools
    temp          D:\jail\m-electron-mtsqac5s\tmp   [keyed on]
    npmPrefix     (null — declared inapplicable)
    ownPkg        D:\jail\m-electron-mtsqac5s\observe\node_modules\electron
  == ATTRIBUTION == lifecycle pids: 2 (root 8044)
    writes  script 85  /  whole traced tree 96
    peers   script 2  /  whole traced tree 2
  == WRITES ==
    jailTmp       4
    userHome      4
    deps         77
  == READS ==
    deps        165
    outside      11
    project       1
    systemfs     29
    jailTmp       4
    userHome      2
  == NETWORK ==
    distinct peers: 2
        140.82.113.4:443
        185.199.109.133:443
  == REFUSALS (adapter-classified) ==
    distinct: 0
  == SYNTHESIZED GRANT (verify this in the real unprivileged jail) ==
    {"write":{"deps":true,"userHome":true},"network":true}
    NOTE 4 writes into the DECLARED private temp -- the base profile grants
         that directory unconditionally (preset.rs `$tmp`=rw), so they widen nothing.
  RAW       etw-raw.xml.gz  301032396 B xml -> 4366244 B gz (68.9x)  sha256 5c26f50e23004f82…
  HEADER    etw-header.json (5069 bytes)
  DERIVED   6409 distinct from 49476 kept ops (232778 xml events, 50774 out of subtree)
  PROCS     4   thread-reattributed 106
  ⛔ 5 operations with NO OperationEnd — kept, status marked unknown
  ⛔ 1 handle ops whose path no table could supply
  8.3       0 expanded, 0 kept short, 0 not covered  [map: recorded 8.3 map (0 components, resolved on runnervmeef0v)]
  wrote events.ndjson.gz (82997 bytes)
  RAWLOG-CAPTURE D:\jail\m-electron-mtsqac5s\cap\capture.json
  VENUE-NUB-BINARY {"path":"C:/Users/RUNNER~1/AppData/Local/Temp/nub/target/release/nub.exe","sha256":"f186817a44be332fee712b4936a071a0b5f9cde18a1d2fdc3a791729d4bf1005","bytes":68717056,"features":{"buildJailCatalogOverride":true,"pythonDontWriteBytecodeEnv":true}}
  VENUE-INTERPRETER C:\hostedtoolcache\windows\node\22.23.2\x64\node.exe
  VENUE-JAIL-ROOT D:\jail\m-electron-mtsqac5s
  VENUE-OVERRIDES {"set":{"npm_config_cache":"D:\\jail\\m-electron-mtsqac5s\\npm-cache","TMP":"D:\\jail\\m-electron-mtsqac5s\\tmp","TEMP":"D:\\jail\\m-electron-mtsqac5s\\tmp","TMPDIR":"D:\\jail\\m-electron-mtsqac5s\\tmp"},"unset":["CI","GITHUB_ACTIONS"],"notRedirected":{"USERPROFILE":"C:\\Users\\runneradmin","why":"the jail leaves HOME/USERPROFILE alone — `build_jail.rs` sandbox_homes() reads the ambient value and `compiler/defaults.rs` BASELINE_ENV_EXACT passes it through — so there is no private jail home to reproduce and redirecting one would measure an environment no confined script sees"},"passedThrough":{"CI":"true","GITHUB_ACTIONS":"true","NODE_ENV":null}}
  STORE   isolated virtual store at D:\jail\m-electron-mtsqac5s\verify-synth\.cache
  VENUE-STORE-LAYOUT isolated
OSV-SCREEN {"schemaVersion":1,"kind":"nub-synth-resolved","status":"clean","digest":"910e6d5a82712e4d54fc0452b3b64b8c3af30d28fc839cceb7cac716b6d769cb","specCount":70,"lockfiles":{"digest":"7a04f56354164d770e6c4cfcf9b02aece0932774a9d9471b7ec42687599fb4ab","files":[{"path":"nub.lock","sha256":"45380b26da21e12fb0f809e2e20855f6089172c3e1a7ae7d5d6103d9a7eadbb4","bytes":17228}]},"maliciousAdvisories":[],"screenedAt":"2026-09-08T13:51:47.510Z","cacheHit":true,"clearancePath":"D:\\jail\\m-electron-mtsqac5s\\security\\nub-synth-resolved.json"}
  SECURITY nub-synth-resolved clean: 70 exact package-version(s), tree 910e6d5a8271 (cached exact-tree clearance)
  VERIFY[synth] rc=0 artifacts=81/81 missing=0 shortfall=none (tree 6953/934) OVERRIDDEN=2 REJECTED=0 grant={"write":{"deps":true,"userHome":true},"network":true}
  => MINIMUM {"write":{"deps":true,"userHome":true},"network":true}   (observed, then verified)
  STORE   isolated virtual store at D:\jail\m-electron-mtsqac5s\verify-nar-no-network\.cache
OSV-SCREEN {"schemaVersion":1,"kind":"nub-nar-no-network-resolved","status":"clean","digest":"910e6d5a82712e4d54fc0452b3b64b8c3af30d28fc839cceb7cac716b6d769cb","specCount":70,"lockfiles":{"digest":"7a04f56354164d770e6c4cfcf9b02aece0932774a9d9471b7ec42687599fb4ab","files":[{"path":"nub.lock","sha256":"45380b26da21e12fb0f809e2e20855f6089172c3e1a7ae7d5d6103d9a7eadbb4","bytes":17228}]},"maliciousAdvisories":[],"screenedAt":"2026-09-08T13:51:47.510Z","cacheHit":true,"clearancePath":"D:\\jail\\m-electron-mtsqac5s\\security\\nub-nar-no-network-resolved.json"}
  SECURITY nub-nar-no-network-resolved clean: 70 exact package-version(s), tree 910e6d5a8271 (cached exact-tree clearance)
  VERIFY[nar-no-network] rc=1 artifacts=8/81 missing=73 shortfall=c8255db9781a (tree 6880/934) OVERRIDDEN=2 REJECTED=0 grant={"write":{"deps":true,"userHome":true}}
     missing artifacts: dist/chrome_100_percent.pak, dist/chrome_200_percent.pak, dist/d3dcompiler_47.dll, dist/electron.exe, dist/ffmpeg.dll, dist/icudtl.dat (+67)
     'no-network' is NECESSARY — dropping it fails to verify
  STORE   isolated virtual store at D:\jail\m-electron-mtsqac5s\verify-nar-no-write-deps\.cache
OSV-SCREEN {"schemaVersion":1,"kind":"nub-nar-no-write-deps-resolved","status":"clean","digest":"910e6d5a82712e4d54fc0452b3b64b8c3af30d28fc839cceb7cac716b6d769cb","specCount":70,"lockfiles":{"digest":"7a04f56354164d770e6c4cfcf9b02aece0932774a9d9471b7ec42687599fb4ab","files":[{"path":"nub.lock","sha256":"45380b26da21e12fb0f809e2e20855f6089172c3e1a7ae7d5d6103d9a7eadbb4","bytes":17228}]},"maliciousAdvisories":[],"screenedAt":"2026-09-08T13:51:47.510Z","cacheHit":true,"clearancePath":"D:\\jail\\m-electron-mtsqac5s\\security\\nub-nar-no-write-deps-resolved.json"}
  SECURITY nub-nar-no-write-deps-resolved clean: 70 exact package-version(s), tree 910e6d5a8271 (cached exact-tree clearance)
  VERIFY[nar-no-write-deps] rc=0 artifacts=81/81 missing=0 shortfall=none (tree 6953/934) OVERRIDDEN=2 REJECTED=0 grant={"write":{"userHome":true},"network":true}
     ⛔ OVER-PREDICTED — the strictly narrower {"write":{"userHome":true},"network":true} also verifies; 'no-write-deps' was not needed
  STORE   isolated virtual store at D:\jail\m-electron-mtsqac5s\verify-nar-no-write-userHome\.cache
OSV-SCREEN {"schemaVersion":1,"kind":"nub-nar-no-write-userHome-resolved","status":"clean","digest":"910e6d5a82712e4d54fc0452b3b64b8c3af30d28fc839cceb7cac716b6d769cb","specCount":70,"lockfiles":{"digest":"7a04f56354164d770e6c4cfcf9b02aece0932774a9d9471b7ec42687599fb4ab","files":[{"path":"nub.lock","sha256":"45380b26da21e12fb0f809e2e20855f6089172c3e1a7ae7d5d6103d9a7eadbb4","bytes":17228}]},"maliciousAdvisories":[],"screenedAt":"2026-09-08T13:51:47.510Z","cacheHit":true,"clearancePath":"D:\\jail\\m-electron-mtsqac5s\\security\\nub-nar-no-write-userHome-resolved.json"}
  SECURITY nub-nar-no-write-userHome-resolved clean: 70 exact package-version(s), tree 910e6d5a8271 (cached exact-tree clearance)
  VERIFY[nar-no-write-userHome] rc=0 artifacts=81/81 missing=0 shortfall=none (tree 6953/934) OVERRIDDEN=2 REJECTED=0 grant={"write":{"deps":true},"network":true}
     ⛔ OVER-PREDICTED — the strictly narrower {"write":{"deps":true},"network":true} also verifies; 'no-write-userHome' was not needed
  STORE   isolated virtual store at D:\jail\m-electron-mtsqac5s\verify-joint-narrow\.cache
OSV-SCREEN {"schemaVersion":1,"kind":"nub-joint-narrow-resolved","status":"clean","digest":"910e6d5a82712e4d54fc0452b3b64b8c3af30d28fc839cceb7cac716b6d769cb","specCount":70,"lockfiles":{"digest":"7a04f56354164d770e6c4cfcf9b02aece0932774a9d9471b7ec42687599fb4ab","files":[{"path":"nub.lock","sha256":"45380b26da21e12fb0f809e2e20855f6089172c3e1a7ae7d5d6103d9a7eadbb4","bytes":17228}]},"maliciousAdvisories":[],"screenedAt":"2026-09-08T13:51:47.510Z","cacheHit":true,"clearancePath":"D:\\jail\\m-electron-mtsqac5s\\security\\nub-joint-narrow-resolved.json"}
  SECURITY nub-joint-narrow-resolved clean: 70 exact package-version(s), tree 910e6d5a8271 (cached exact-tree clearance)
  VERIFY[joint-narrow] rc=0 artifacts=81/81 missing=0 shortfall=none (tree 6953/934) OVERRIDDEN=2 REJECTED=0 grant={"network":true}
  => JOINT-NARROW VERIFIED {"network":true} — all 2 capabilities drop TOGETHER, measured
