### @wdio/cucumber-framework@7.16.13   (D:\jail\m-wdiocucumberframework-mtsli4eg)
  CI-ENV scrubbed: CI GITHUB_ACTIONS
OSV-SCREEN {"schemaVersion":1,"kind":"direct","status":"clean","digest":"507f7b4b6d4d277754388e1e482d50c9194f112f7e97bd0ae40cdd25ea6c16d1","specCount":1,"lockfiles":{"digest":null,"files":[]},"maliciousAdvisories":[],"screenedAt":"2026-09-08T11:37:48.456Z","cacheHit":false,"clearancePath":"D:\\jail\\m-wdiocucumberframework-mtsli4eg\\security\\direct.json"}
  SECURITY direct clean: 1 exact package-version(s), tree 507f7b4b6d4d
OSV-SCREEN {"schemaVersion":1,"kind":"npm-observe-resolved","status":"clean","digest":"f988fcbc844f5bfdfd62e64095e65bc3e2ec78fb1dc8bac1fe283e3008cf8f79","specCount":404,"lockfiles":{"digest":"e5fe09b16660a3d449e8f74f2c8da4fa6d7ec444169447e610b49b5719a5a9e9","files":[{"path":"package-lock.json","sha256":"edc46b39a5b0de01fa9f5c8032fc675b31af5e628db18ec13c84de5d076b4a52","bytes":188009}]},"maliciousAdvisories":[],"screenedAt":"2026-09-08T11:38:05.500Z","cacheHit":false,"clearancePath":"D:\\jail\\m-wdiocucumberframework-mtsli4eg\\security\\npm-observe-resolved.json"}
  SECURITY npm-observe-resolved clean: 404 exact package-version(s), tree f988fcbc844f
  CAPTURE user=runnervmeef0v\runneradmin elevated=True rootPid=1228 exit=0 events=23599 lost=0
  VENUE-OBSERVE-USER runnervmeef0v\runneradmin elevated=true privDropped={"SeBackupPrivilege":"removed","SeRestorePrivilege":"removed","SeTakeOwnershipPrivilege":"removed"}
  OBSERVE artifacts: 21 files  (D:\jail\m-wdiocucumberframework-mtsli4eg\observe\node_modules\@wdio\cucumber-framework)
  ARM-FALSIFIABILITY {"manifestFiles":21,"filesTheScriptProduced":0,"reasons":["gate-vacuous"]}
  ⛔ ARMS-UNFALSIFIABLE — a green arm for this package carries no evidence:
       gate-vacuous: the script changed no file the artifact gate keys on — every file in the manifest (21) was already present at its final size before the script ran, so the gate passes in every arm including a completely broken one
       The grant may still be correct; what is missing is a signal that could have gone
       red. Do not read this record's MINIMAL as a passing measurement.
  CLOSURE 363 packages evicted per arm
  8.3 MAP 0 components resolved on runnervmeef0v, folded into capture.json
  == ROOTS (from capture.json — R2: no ambient reads) ==
    project       D:\jail\m-wdiocucumberframework-mtsli4eg\observe   [keyed on]
    home          C:\Users\runneradmin   [keyed on]
    jailHome      (null — declared inapplicable)
    globalStore   C:\Users\runneradmin\AppData\Local\nub\pm\store
    projectStore  D:\jail\m-wdiocucumberframework-mtsli4eg\observe\node_modules\.store
    interpreter   C:\hostedtoolcache\windows\node\22.23.2\x64\node.exe
    toolsDir      C:\Users\runneradmin\AppData\Local\nub\pm\tools
    temp          D:\jail\m-wdiocucumberframework-mtsli4eg\tmp   [keyed on]
    npmPrefix     (null — declared inapplicable)
    ownPkg        D:\jail\m-wdiocucumberframework-mtsli4eg\observe\node_modules\@wdio\cucumber-framework
  == ATTRIBUTION == lifecycle pids: 2 (root 1228)
    writes  script 0  /  whole traced tree 6
    peers   script 0  /  whole traced tree 0
  == WRITES ==
  == READS ==
    deps         33
    outside       6
    project       1
    systemfs     26
  == NETWORK ==
    distinct peers: 0
  == REFUSALS (adapter-classified) ==
    distinct: 0
  == SYNTHESIZED GRANT (verify this in the real unprivileged jail) ==
    {}
  RAW       etw-raw.xml.gz  30168012 B xml -> 438823 B gz (68.7x)  sha256 08a7c259668cad05…
  HEADER    etw-header.json (5169 bytes)
  DERIVED   5927 distinct from 7333 kept ops (23599 xml events, 1577 out of subtree)
  PROCS     4   thread-reattributed 0
  ⛔ 1 handle ops whose path no table could supply
  8.3       0 expanded, 0 kept short, 0 not covered  [map: recorded 8.3 map (0 components, resolved on runnervmeef0v)]
  wrote events.ndjson.gz (75636 bytes)
  RAWLOG-CAPTURE D:\jail\m-wdiocucumberframework-mtsli4eg\cap\capture.json
  VENUE-NUB-BINARY {"path":"C:/Users/RUNNER~1/AppData/Local/Temp/nub/target/release/nub.exe","sha256":"f186817a44be332fee712b4936a071a0b5f9cde18a1d2fdc3a791729d4bf1005","bytes":68717056,"features":{"buildJailCatalogOverride":true,"pythonDontWriteBytecodeEnv":true}}
  VENUE-INTERPRETER C:\hostedtoolcache\windows\node\22.23.2\x64\node.exe
  VENUE-JAIL-ROOT D:\jail\m-wdiocucumberframework-mtsli4eg
  VENUE-OVERRIDES {"set":{"npm_config_cache":"D:\\jail\\m-wdiocucumberframework-mtsli4eg\\npm-cache","TMP":"D:\\jail\\m-wdiocucumberframework-mtsli4eg\\tmp","TEMP":"D:\\jail\\m-wdiocucumberframework-mtsli4eg\\tmp","TMPDIR":"D:\\jail\\m-wdiocucumberframework-mtsli4eg\\tmp"},"unset":["CI","GITHUB_ACTIONS"],"notRedirected":{"USERPROFILE":"C:\\Users\\runneradmin","why":"the jail leaves HOME/USERPROFILE alone — `build_jail.rs` sandbox_homes() reads the ambient value and `compiler/defaults.rs` BASELINE_ENV_EXACT passes it through — so there is no private jail home to reproduce and redirecting one would measure an environment no confined script sees"},"passedThrough":{"CI":"true","GITHUB_ACTIONS":"true","NODE_ENV":null}}
  scaffold: 1 dependency package(s) with lifecycle scripts granted a fixed wide grant
  STORE   isolated virtual store at D:\jail\m-wdiocucumberframework-mtsli4eg\verify-synth\.cache
  VENUE-STORE-LAYOUT isolated
OSV-SCREEN {"schemaVersion":1,"kind":"nub-synth-resolved","status":"clean","digest":"75f887a9291435f244fb816f54fde06ddd65d45a4588923787d168941be2ebc3","specCount":402,"lockfiles":{"digest":"b692cffa52654bd5b9e7f08e87b6d9be1ca5246977d10432c919823b8ba5f2db","files":[{"path":"nub.lock","sha256":"8d530231774c5af8c2919a6844aa6d4e1cdad99047debb4f93e8df7678f4f40a","bytes":100409}]},"maliciousAdvisories":[],"screenedAt":"2026-09-08T11:38:31.081Z","cacheHit":false,"clearancePath":"D:\\jail\\m-wdiocucumberframework-mtsli4eg\\security\\nub-synth-resolved.json"}
  SECURITY nub-synth-resolved clean: 402 exact package-version(s), tree 75f887a92914
  VERIFY[synth] rc=0 artifacts=21/21 missing=0 shortfall=none (tree 21415/12005) OVERRIDDEN=2 REJECTED=0 grant={}
  => MINIMUM {}   (observed, then verified)
  DESCEND   grant is already empty — nothing to narrow; MINIMAL by construction.
