### @apollo/protobufjs@1.2.8   (D:\jail\m-apolloprotobufjs-mtuoph5z)
  CI-ENV scrubbed: CI GITHUB_ACTIONS
OSV-SCREEN {"schemaVersion":1,"kind":"direct","status":"clean","digest":"72de9b8247369bd9daecb0dc6495da8293ebc07807d5002a0f1d464ef0f48232","specCount":1,"lockfiles":{"digest":null,"files":[]},"maliciousAdvisories":[],"screenedAt":"2026-09-09T22:43:02.801Z","cacheHit":false,"clearancePath":"D:\\jail\\m-apolloprotobufjs-mtuoph5z\\security\\direct.json"}
  SECURITY direct clean: 1 exact package-version(s), tree 72de9b824736
OSV-SCREEN {"schemaVersion":1,"kind":"npm-observe-resolved","status":"clean","digest":"4332cc963462fec179a3fdd78dff8d7711474478067b0ec269fc423f906e1749","specCount":13,"lockfiles":{"digest":"a8b3a09277b705254d2b1f51573fa09e1eae752de1164a2adc1fb825cc0d5fe1","files":[{"path":"package-lock.json","sha256":"07d7ee5134eb9ade11f225f36c6ef70e7f7e42897dcdf9c5747ac33bfc88b4c5","bytes":4917}]},"maliciousAdvisories":[],"screenedAt":"2026-09-09T22:43:04.853Z","cacheHit":false,"clearancePath":"D:\\jail\\m-apolloprotobufjs-mtuoph5z\\security\\npm-observe-resolved.json"}
  SECURITY npm-observe-resolved clean: 13 exact package-version(s), tree 4332cc963462
  CAPTURE user=runnervmvmocb\runneradmin elevated=True rootPid=8196 exit=0 events=25086 lost=0
  VENUE-OBSERVE-USER runnervmvmocb\runneradmin elevated=true privDropped={"SeBackupPrivilege":"removed","SeRestorePrivilege":"removed","SeTakeOwnershipPrivilege":"removed"}
  OBSERVE artifacts: 113 files  (D:\jail\m-apolloprotobufjs-mtuoph5z\observe\node_modules\@apollo\protobufjs)
  ARM-FALSIFIABILITY {"manifestFiles":112,"filesTheScriptProduced":0,"reasons":["gate-vacuous"]}
  ⛔ ARMS-UNFALSIFIABLE — a green arm for this package carries no evidence:
       gate-vacuous: the script changed no file the artifact gate keys on — every file in the manifest (112) was already present at its final size before the script ran, so the gate passes in every arm including a completely broken one
       The grant may still be correct; what is missing is a signal that could have gone
       red. Do not read this record's MINIMAL as a passing measurement.
  CLOSURE 13 packages evicted per arm
  8.3 MAP 0 components resolved on runnervmvmocb, folded into capture.json
  == ROOTS (from capture.json — R2: no ambient reads) ==
    project       D:\jail\m-apolloprotobufjs-mtuoph5z\observe   [keyed on]
    home          C:\Users\runneradmin   [keyed on]
    jailHome      (null — declared inapplicable)
    globalStore   C:\Users\runneradmin\AppData\Local\nub\pm\store
    projectStore  D:\jail\m-apolloprotobufjs-mtuoph5z\observe\node_modules\.store
    interpreter   C:\hostedtoolcache\windows\node\22.23.2\x64\node.exe
    toolsDir      C:\Users\runneradmin\AppData\Local\nub\pm\tools
    temp          D:\jail\m-apolloprotobufjs-mtuoph5z\tmp   [keyed on]
    npmPrefix     (null — declared inapplicable)
    ownPkg        D:\jail\m-apolloprotobufjs-mtuoph5z\observe\node_modules\@apollo\protobufjs
  == ATTRIBUTION == lifecycle pids: 2 (root 8196)
    writes  script 1  /  whole traced tree 16
    peers   script 0  /  whole traced tree 0
  == WRITES ==
    deps          1
  == READS ==
    deps          6
    outside       6
    project       1
    systemfs     23
  == NETWORK ==
    distinct peers: 0
  == REFUSALS (adapter-classified) ==
    distinct: 0
  == SYNTHESIZED GRANT (verify this in the real unprivileged jail) ==
    {"write":{"deps":true}}
  RAW       etw-raw.xml.gz  31993838 B xml -> 480679 B gz (66.6x)  sha256 ae5be3b71a1d5e25…
  HEADER    etw-header.json (5124 bytes)
  DERIVED   5316 distinct from 6502 kept ops (25086 xml events, 2929 out of subtree)
  PROCS     4   thread-reattributed 0
  ⛔ 2 operations with NO OperationEnd — kept, status marked unknown
  8.3       0 expanded, 0 kept short, 0 not covered  [map: recorded 8.3 map (0 components, resolved on runnervmvmocb)]
  wrote events.ndjson.gz (67266 bytes)
  RAWLOG-CAPTURE D:\jail\m-apolloprotobufjs-mtuoph5z\cap\capture.json
  VENUE-NUB-BINARY {"path":"C:/Users/RUNNER~1/AppData/Local/Temp/nub/target/release/nub.exe","sha256":"f186817a44be332fee712b4936a071a0b5f9cde18a1d2fdc3a791729d4bf1005","bytes":68717056,"features":{"buildJailCatalogOverride":true,"pythonDontWriteBytecodeEnv":true}}
  VENUE-INTERPRETER C:\hostedtoolcache\windows\node\22.23.2\x64\node.exe
  VENUE-JAIL-ROOT D:\jail\m-apolloprotobufjs-mtuoph5z
  VENUE-OVERRIDES {"set":{"npm_config_cache":"D:\\jail\\m-apolloprotobufjs-mtuoph5z\\npm-cache","TMP":"D:\\jail\\m-apolloprotobufjs-mtuoph5z\\tmp","TEMP":"D:\\jail\\m-apolloprotobufjs-mtuoph5z\\tmp","TMPDIR":"D:\\jail\\m-apolloprotobufjs-mtuoph5z\\tmp"},"unset":["CI","GITHUB_ACTIONS"],"notRedirected":{"USERPROFILE":"C:\\Users\\runneradmin","why":"the jail leaves HOME/USERPROFILE alone — `build_jail.rs` sandbox_homes() reads the ambient value and `compiler/defaults.rs` BASELINE_ENV_EXACT passes it through — so there is no private jail home to reproduce and redirecting one would measure an environment no confined script sees"},"passedThrough":{"CI":"true","GITHUB_ACTIONS":"true","NODE_ENV":null}}
  STORE   isolated virtual store at D:\jail\m-apolloprotobufjs-mtuoph5z\verify-synth\.cache
  VENUE-STORE-LAYOUT isolated
OSV-SCREEN {"schemaVersion":1,"kind":"nub-synth-resolved","status":"clean","digest":"4332cc963462fec179a3fdd78dff8d7711474478067b0ec269fc423f906e1749","specCount":13,"lockfiles":{"digest":"969e1f5d543cf5354161189e3554237793f2468713fac7032cddc5a0ee6b8ed1","files":[{"path":"nub.lock","sha256":"73b33b4baa6ed63d5e15027e63cd4dab00ab3f20867ac66de55ea7bb11c2c2ae","bytes":3130}]},"maliciousAdvisories":[],"screenedAt":"2026-09-09T22:43:04.853Z","cacheHit":true,"clearancePath":"D:\\jail\\m-apolloprotobufjs-mtuoph5z\\security\\nub-synth-resolved.json"}
  SECURITY nub-synth-resolved clean: 13 exact package-version(s), tree 4332cc963462 (cached exact-tree clearance)
  VERIFY[synth] rc=0 artifacts=113/113 missing=0 shortfall=none (tree 6031/206) OVERRIDDEN=2 REJECTED=0 grant={"write":{"deps":true}}
  => MINIMUM {"write":{"deps":true}}   (observed, then verified)
  STORE   isolated virtual store at D:\jail\m-apolloprotobufjs-mtuoph5z\verify-nar-no-write-deps\.cache
OSV-SCREEN {"schemaVersion":1,"kind":"nub-nar-no-write-deps-resolved","status":"clean","digest":"4332cc963462fec179a3fdd78dff8d7711474478067b0ec269fc423f906e1749","specCount":13,"lockfiles":{"digest":"969e1f5d543cf5354161189e3554237793f2468713fac7032cddc5a0ee6b8ed1","files":[{"path":"nub.lock","sha256":"73b33b4baa6ed63d5e15027e63cd4dab00ab3f20867ac66de55ea7bb11c2c2ae","bytes":3130}]},"maliciousAdvisories":[],"screenedAt":"2026-09-09T22:43:04.853Z","cacheHit":true,"clearancePath":"D:\\jail\\m-apolloprotobufjs-mtuoph5z\\security\\nub-nar-no-write-deps-resolved.json"}
  SECURITY nub-nar-no-write-deps-resolved clean: 13 exact package-version(s), tree 4332cc963462 (cached exact-tree clearance)
  VERIFY[nar-no-write-deps] rc=0 artifacts=113/113 missing=0 shortfall=none (tree 6031/206) OVERRIDDEN=2 REJECTED=0 grant={}
     ⛔ OVER-PREDICTED — the strictly narrower {} also verifies; 'no-write-deps' was not needed
