### @sitespeed.io/chromedriver@109.0.5414-74   (/home/runner/v2-nt4esC)
  CI-ENV scrubbed: CI GITHUB_ACTIONS
OSV-SCREEN {"schemaVersion":1,"kind":"direct","status":"clean","digest":"ecd1751d0bd487cfd54228a827dbe30b3a428899e20fbc912940359b64abf433","specCount":1,"lockfiles":{"digest":null,"files":[]},"maliciousAdvisories":[],"screenedAt":"2026-09-08T08:58:45.421Z","cacheHit":false,"clearancePath":"/home/runner/v2-nt4esC/security/direct.json"}
  SECURITY direct clean: 1 exact package-version(s), tree ecd1751d0bd4
  VENUE-OBSERVE-USER {"uid":1001,"user":"runner","umask":"0022","capBnd":"000001ffffffffff","noNewPrivs":"0"}
  VENUE-NUB-BINARY {"path":"/tmp/nub/target/release/nub","sha256":"2a18683f50f7afeb02a521cd3cae175dc2f91780d461c5f012065241f5a1447b","bytes":207643464,"features":{"buildJailCatalogOverride":true,"pythonDontWriteBytecodeEnv":true}}
OSV-SCREEN {"schemaVersion":1,"kind":"npm-observe-resolved","status":"clean","digest":"ce568af8680896d23b3e77b766b826f08c634ef485e38f0249d12f329cd370af","specCount":3,"lockfiles":{"digest":"0b747d58baddc58188ad520fa8b5e5d1324083e275e08cf4ed2013092530204d","files":[{"path":"package-lock.json","sha256":"240871224f4492137c9a64d88dff4ad5f3ef1fc2647092a3744436ea8b6dd591","bytes":1632}]},"maliciousAdvisories":[],"screenedAt":"2026-09-08T08:58:46.655Z","cacheHit":false,"clearancePath":"/home/runner/v2-nt4esC/security/npm-observe-resolved.json"}
  SECURITY npm-observe-resolved clean: 3 exact package-version(s), tree ce568af86808
  OBSERVE   rc=0 files=22 trace=10881 lines
  CLOSURE   3 packages evicted per arm
  ARM-FALSIFIABILITY {"manifestFiles":6,"filesTheScriptProduced":2,"reasons":[]}
  RAWLOG-FILE /home/runner/v2-nt4esC/observe/trace.txt.gz
  RAWLOG-CAPTURE /home/runner/v2-nt4esC/observe/capture.json
  RAWLOG-BYTES raw=2390452 gz=70721
  VENUE-INTERPRETER /opt/hostedtoolcache/node/22.23.2/x64
  VENUE-OVERRIDES {"set":{"HOME":"/home/runner/v2-nt4esC/jailhome","TMPDIR":"/tmp/nub-tmp-obsLDOSOX","NODE_COMPAT":"1","PLAYWRIGHT_BROWSERS_PATH":"/home/runner/.cache/nub/pm/tools/ms-playwright","ELECTRON_CACHE":"/home/runner/.cache/nub/pm/tools/electron-cache","electron_config_cache":"/home/runner/.cache/nub/pm/tools/electron-cache","npm_config_prefix":"/home/runner/.cache/nub/pm/tools/npm-prefix","PYTHONDONTWRITEBYTECODE":"1","NUB_CACHE_DIR":"/home/runner/v2-nt4esC/nubcache"},"unset":["CI","GITHUB_ACTIONS"],"passedThrough":{"CI":"true","GITHUB_ACTIONS":"true","NODE_ENV":null}}
  == ATTRIBUTION == attributed pids: 18
    writes  script 4  /  whole traced tree 1092
    sockets script 3  /  whole traced tree 9
  == ROOTS (from capture.json — R2: no ambient reads) ==
    project       /home/runner/v2-nt4esC/observe
    home          /home/runner
    jailHome      /home/runner/v2-nt4esC/jailhome
    globalStore   /home/runner/.cache/nub/pm/store   [declared, not keyed on]
    projectStore  /home/runner/v2-nt4esC/observe/node_modules/.store   [declared, not keyed on]
    interpreter   /opt/hostedtoolcache/node/22.23.2/x64   [declared, not keyed on]
    toolsDir      /home/runner/.cache/nub/pm/tools   [declared, not keyed on]
    temp          /tmp/nub-tmp-obsLDOSOX
    npmPrefix     /home/runner/.cache/nub/pm/tools/npm-prefix
    ownPkg        /home/runner/v2-nt4esC/observe/node_modules/@sitespeed.io/chromedriver
  == WRITES the script actually performed ==
    ownPkg        4  (base profile already grants this — NOT billed)
        /home/runner/v2-nt4esC/observe/node_modules/@sitespeed.io/chromedriver/vendor
        /home/runner/v2-nt4esC/observe/node_modules/@sitespeed.io/chromedriver/vendor/chromedriver.zip
        /home/runner/v2-nt4esC/observe/node_modules/@sitespeed.io/chromedriver/vendor/chromedriver
        /home/runner/v2-nt4esC/observe/node_modules/@sitespeed.io/chromedriver/vendor/LICENSE.chromedriver
  == NETWORK ==
    AF_INET sockets: 3   distinct peers: 3
        127.0.0.53:53
        104.16.1.34:443
        74.125.202.207:443
  == REFUSALS (only `= -1 EACCES/EPERM/EROFS`) ==
    distinct: 0
  == SYNTHESIZED GRANT (verify this in the real unprivileged jail) ==
    {"network":true}
  == writePaths (DERIVED — promotion out of the package's PRIVATE home) ==
    private-home writes observed: 0
    none declared — the script wrote nothing into its private home — there is nothing to promote
  == writePaths FEASIBILITY (distinct writes outside project/deps) ==
    count: 0
    EVENTS    4429 distinct from 10836 calls (10882 lines, 18 rejoined, 0 unparsed)
    PROCS     25   lifecycle shells 13
    ⛔ 3 paths with an UNRESOLVED dirfd — kept, marked, never guessed
    unsubscribed/unmapped syscalls: getsockname×42 setsockopt×24 exit×20 getsockopt×12 recvmsg×9 getcwd×4 shutdown×4 socketpair×3
    wrote /home/runner/v2-nt4esC/observe/events.ndjson.gz (31406 bytes)
  EVENTLOG-FILE /home/runner/v2-nt4esC/observe/events.ndjson.gz
  EVENTLOG-STATS {"lines":10882,"parsed":10836,"unparsed":0,"unfinished":18,"rejoined":18,"unresolvedDirfd":3,"truncatedArg":0,"procs":25,"lifecyclePids":13,"distinctEvents":4429,"unknownSyscall":{"getsockname":42,"getsockopt":12,"getcwd":4,"recvmsg":9,"exit":20,"setsockopt":24,"sendmmsg":2,"socketpair":3,"shutdown":4,"exit_group":3,"wait4":3},"out":"/home/runner/v2-nt4esC/observe/events.ndjson.gz","gzipBytes":31406}
  EVICT     0 store entries removed, 0 spared as nub tooling
  SE-PURGE  0 side-effects-cache entries for @sitespeed.io/chromedriver
OSV-SCREEN {"schemaVersion":1,"kind":"nub-synth-resolved","status":"clean","digest":"ce568af8680896d23b3e77b766b826f08c634ef485e38f0249d12f329cd370af","specCount":3,"lockfiles":{"digest":"7af4e7e305cb29587bf3a5434f607992b2b4bdd322b8aee2c4a018e1ea83db5b","files":[{"path":"nub.lock","sha256":"8e7649766ca1f602610b9ab36aa32b9433a0d32960999520f565b11f1f1c99c0","bytes":1011}]},"maliciousAdvisories":[],"screenedAt":"2026-09-08T08:58:46.655Z","cacheHit":true,"clearancePath":"/home/runner/v2-nt4esC/security/nub-synth-resolved.json"}
  SECURITY nub-synth-resolved clean: 3 exact package-version(s), tree ce568af86808 (cached exact-tree clearance)
  VENUE-STORE-LAYOUT isolated
  VERIFY[synth] rc=0 artifacts=6/6 missing=0 shortfall=none (tree 64/22) OVERRIDDEN=2 REJECTED=0 grant={"network":true}
  => VERIFIED {"network":true}   (observed, then verified)
  EVICT     3 store entries removed, 0 spared as nub tooling
  SE-PURGE  0 side-effects-cache entries for @sitespeed.io/chromedriver
OSV-SCREEN {"schemaVersion":1,"kind":"nub-drop-no-network-resolved","status":"clean","digest":"ce568af8680896d23b3e77b766b826f08c634ef485e38f0249d12f329cd370af","specCount":3,"lockfiles":{"digest":"7af4e7e305cb29587bf3a5434f607992b2b4bdd322b8aee2c4a018e1ea83db5b","files":[{"path":"nub.lock","sha256":"8e7649766ca1f602610b9ab36aa32b9433a0d32960999520f565b11f1f1c99c0","bytes":1011}]},"maliciousAdvisories":[],"screenedAt":"2026-09-08T08:58:46.655Z","cacheHit":true,"clearancePath":"/home/runner/v2-nt4esC/security/nub-drop-no-network-resolved.json"}
  SECURITY nub-drop-no-network-resolved clean: 3 exact package-version(s), tree ce568af86808 (cached exact-tree clearance)
  VERIFY[drop-no-network] rc=1 artifacts=4/6 missing=2 shortfall=eda20bc27e4f (tree 59/22) OVERRIDDEN=2 REJECTED=0 grant={}
       missing: vendor/LICENSE.chromedriver, vendor/chromedriver
     'no-network' is NECESSARY — dropping it fails to verify
  => MINIMAL — every capability in {"network":true} is independently necessary
