### sqlite3@5.1.7   (/Users/runner/v2m-cl7WFP)   nub=/tmp/nub/target/release/nub
  VENUE-NUB-BINARY {"path":"/tmp/nub/target/release/nub","sha256":"96a20008266cf4b82096914dc1eddf3962fde269760393eef3a71f67e04dd9d4","bytes":94103896,"features":{"buildJailCatalogOverride":true,"pythonDontWriteBytecodeEnv":true}}
  CI-ENV scrubbed: CI GITHUB_ACTIONS
  --- fbt preflight (advisory; never fails the run) ---
     csrutil: System Integrity Protection status: disabled.
     fbt probes visible: 93577
     fbt enable attempt: dtrace: description 'fbt:::entry ' matched 50357 probes CPU     ID                    FUNCTION:NAME 
     cwd builtin value:  
     fbt chdir symbols:  
     fbt fires on spawn-with-cwd: dtrace: invalid probe specifier fbt::chdir*:entry /progenyof($target)/ { @[probefunc] = count(); }: probe description fbt::chdir*:entry does not match any probes 
  --- end fbt preflight ---
  VENUE-CI-CHILD clean (no CI-detection variable reaches the traced script)
  --- wrapper (run.sh) ---
     cd "/Users/runner/v2m-cl7WFP/Observe"
     sudo -u "runner" -H env "PATH=$PATH"   "HOME=/Users/runner/v2m-cl7WFP/jailhome"   "TMPDIR=/private/var/folders/_5/zjnzxgh147qcg3bb5cg2wvqw0000gn/T/nub-tmp-obsiOfysy"   "NODE_COMPAT=1"   "PYTHONDONTWRITEBYTECODE=1"   "PLAYWRIGHT_BROWSERS_PATH=/Users/runner/.cache/nub/pm/tools/ms-playwright"   "ELECTRON_CACHE=/Users/runner/.cache/nub/pm/tools/electron-cache"   "electron_config_cache=/Users/runner/.cache/nub/pm/tools/electron-cache"   "npm_config_prefix=/Users/runner/.cache/nub/pm/tools/npm-prefix"   "/Users/runner/hostedtoolcache/node/22.23.1/arm64/bin/npm" rebuild --no-audit --no-fund "sqlite3" > "/Users/runner/v2m-cl7WFP/Observe/npm.log" 2>&1
     echo $? > "/Users/runner/v2m-cl7WFP/Observe/rc"
  --- dtrace stderr + wrapper trace ---
     + cd /Users/runner/v2m-cl7WFP/Observe
     + sudo -u runner -H env PATH=/Users/runner/hostedtoolcache/node/22.23.1/arm64/bin:/opt/homebrew/lib/ruby/gems/3.3.0/bin:/opt/homebrew/opt/ruby@3.3/bin:/Users/runner/.local/bin:/opt/homebrew/bin:/opt/homebrew/sbin:/Users/runner/.cargo/bin:/usr/local/opt/curl/bin:/usr/local/bin:/usr/local/sbin:/Users/runner/bin:/Users/runner/.yarn/bin:/Users/runner/Library/Android/sdk/tools:/Users/runner/Library/Android/sdk/platform-tools:/Library/Frameworks/Python.framework/Versions/Current/bin:/Library/Frameworks/Mono.framework/Versions/Current/Commands:/usr/bin:/bin:/usr/sbin:/sbin:/Users/runner/.dotnet/tools HOME=/Users/runner/v2m-cl7WFP/jailhome TMPDIR=/private/var/folders/_5/zjnzxgh147qcg3bb5cg2wvqw0000gn/T/nub-tmp-obsiOfysy NODE_COMPAT=1 PYTHONDONTWRITEBYTECODE=1 PLAYWRIGHT_BROWSERS_PATH=/Users/runner/.cache/nub/pm/tools/ms-playwright ELECTRON_CACHE=/Users/runner/.cache/nub/pm/tools/electron-cache electron_config_cache=/Users/runner/.cache/nub/pm/tools/electron-cache npm_config_prefix=/Users/runner/.cache/nub/pm/tools/npm-prefix /Users/runner/hostedtoolcache/node/22.23.1/arm64/bin/npm rebuild --no-audit --no-fund sqlite3
     dtrace: error on enabled probe ID 128 (ID 286: syscall::execve:entry): invalid address (0x600001e48090) in action #1 at DIF offset 20
     + echo 0
  OBSERVE   rc=0 dtrace_rc=0 files=1172 (pre=1169) trace=13391 lines
  CLOSURE   119 packages evicted per arm   store=/Users/runner/.cache/nub/pm/store
  RAWLOG-FILE /Users/runner/v2m-cl7WFP/Observe/trace.txt.gz
  RAWLOG-CAPTURE /Users/runner/v2m-cl7WFP/Observe/capture.json
  RAWLOG-BYTES raw=2256626 gz=71902
  VENUE-INTERPRETER /Users/runner/hostedtoolcache/node/22.23.1/arm64
  VENUE-OVERRIDES {"set":{"PATH":"inherited-and-forwarded","HOME":"/Users/runner/v2m-cl7WFP/jailhome","TMPDIR":"/private/var/folders/_5/zjnzxgh147qcg3bb5cg2wvqw0000gn/T/nub-tmp-obsiOfysy","NODE_COMPAT":"1","PYTHONDONTWRITEBYTECODE":"1","PLAYWRIGHT_BROWSERS_PATH":"/Users/runner/.cache/nub/pm/tools/ms-playwright","ELECTRON_CACHE":"/Users/runner/.cache/nub/pm/tools/electron-cache","electron_config_cache":"/Users/runner/.cache/nub/pm/tools/electron-cache","npm_config_prefix":"/Users/runner/.cache/nub/pm/tools/npm-prefix"},"unset":["(sudo env_reset discards the caller environment; every var above is re-set after it)","CI","GITHUB_ACTIONS"],"passedThrough":{"CI":"true","GITHUB_ACTIONS":"true","NODE_ENV":null}}
  VENUE-OBSERVE-USER runner uid=501 (R7: ordinary non-root user, asserted)
  ARM-FALSIFIABILITY {"manifestFiles":24,"filesTheScriptProduced":1,"reasons":[]}
  EVENTLOG-FILE /Users/runner/v2m-cl7WFP/Observe/events.ndjson.gz
  EVENTLOG-STATS {"lines":13392,"parsed":13374,"unparsed":0,"live":true,"tracerErrors":1,"tracerErrorTotal":1,"unresolvedDirfd":24,"unresolvedFd":0,"pairedTwoPath":542,"danglingPair":0,"failed":5128,"enoent":5125,"refusals":0,"byErrno":{"ENXIO":3,"ENOENT":5125},"procs":6,"lifecyclePids":1,"distinctEvents":6230,"emitted":6230,"calls":12810,"bytes":1224931,"gzipBytes":41717,"out":"/Users/runner/v2m-cl7WFP/Observe/events.ndjson"}
  == TRACER == live=true decodable-events=3424 dropped-events=1
    NOTE 16 relative path(s) under a non-AT_FDCWD dirfd were not
       scope-assigned: resolving them against the cwd would invent a path.
    ⛔ CWD-UNOBSERVED 3 relative path(s) (0 write(s)) came from a lifecycle
       process whose own cwd was never observed
       macOS spawns with posix_spawn addchdir_np, which changes directory in-kernel and
       emits no chdir syscall, so the inherited cwd cannot be trusted. These are NOT
       scope-assigned; the grant below is WIDENED instead so it covers wherever they landed.
         pid=22083 read  unproven .
         pid=22085 read  unproven .
         pid=22085 read  unproven .
    ⛔ THE TRACER DROPPED 1 EVENT(S). A dropped event is a path never
       seen, so the grant below can only be too NARROW — the direction that breaks installs.
       Treat it as a FLOOR, not a measurement, until the adapter fault is fixed:
             1 x  epid=128 action=1 fault=1 addr=0x600001e48090
  == ATTRIBUTION == lifecycle pids: 1
    writes  script 7  /  whole traced subtree 1097
    sockets script 2  /  whole traced subtree 3
  == ROOTS (from /Users/runner/v2m-cl7WFP/Observe/capture.json; the classifier reads no other source) ==
    project       /Users/runner/v2m-cl7WFP/Observe
    home          /Users/runner
    jailHome      /Users/runner/v2m-cl7WFP/jailhome
    globalStore   /Users/runner/.cache/nub/pm/store
    projectStore  /Users/runner/v2m-cl7WFP/Observe/node_modules/.store
    interpreter   /Users/runner/hostedtoolcache/node/22.23.1/arm64
    toolsDir      /Users/runner/.cache/nub/pm/tools
    temp          /private/var/folders/_5/zjnzxgh147qcg3bb5cg2wvqw0000gn/T/nub-tmp-obsiOfysy
    npmPrefix     /Users/runner/.cache/nub/pm/tools/npm-prefix
    ownPkg        /Users/runner/v2m-cl7WFP/Observe/node_modules/sqlite3
    cwd           (null — this platform has no such root)
  == WRITES the script actually performed ==
    systemfs      1
        /dev/dtracehelper
    jailHome      3  (base profile already grants this — NOT billed)
        /Users/runner/v2m-cl7WFP/jailhome/.npm/_prebuilds
        /Users/runner/v2m-cl7WFP/jailhome/.npm/_prebuilds/0068db-sqlite3-v5.1.7-napi-v6-darwin-arm64.tar.gz.22085-988fd73d4375d.tmp
        /Users/runner/v2m-cl7WFP/jailhome/.npm/_prebuilds/0068db-sqlite3-v5.1.7-napi-v6-darwin-arm64.tar.gz
    ownPkg        3  (base profile already grants this — NOT billed)
        /Users/runner/v2m-cl7WFP/Observe/node_modules/sqlite3/build
        /Users/runner/v2m-cl7WFP/Observe/node_modules/sqlite3/build/Release
        /Users/runner/v2m-cl7WFP/Observe/node_modules/sqlite3/build/Release/node_sqlite3.node
  == READS the script performed, by scope ==
    outside       8
    systemfs      9
    userHome      2
    deps        135
    ownPkg        1
    jailHome      1
        outside: /
        outside: /bin/bash
        outside: /bin
        outside: /usr/bin/env
        outside: /usr/bin
        outside: /etc/localtime
        outside: /var/db/timezone/zoneinfo/posixrules
        outside: /var/db/timezone/zoneinfo/UTC
  == NETWORK ==
    AF_INET connects: 2   distinct peers: 2
        20.29.134.23:443
        185.199.111.133:443
  == REFUSALS (errno EPERM/EACCES/EROFS only; ENOENT is a miss, not a denial) ==
    distinct: 0
  == SYNTHESIZED GRANT (verify this in the real unprivileged jail) ==
    {"network":true}
  == writePaths (DERIVED — promotion out of the package's PRIVATE home) ==
    private-home writes observed: 3
    none declared — every write was a FILE at the top of the private home, or landed in a directory the TOOLCHAIN owns (see `writePathsDeny`) — an entry names a directory belonging to the PACKAGE, so there is nothing to name
  == writePaths FEASIBILITY (distinct writes outside project/deps) ==
    count: 0
  EVICT[synth] 66 store entries removed, 13 spared as nub tooling, 369 in store
  VENUE-STORE-LAYOUT isolated
  VERIFY[synth] rc=0 artifacts=24/24 missing=0 shortfall=none (tree 3976/1172) OVERRIDDEN=2 REJECTED=0 grant={"network":true}
  => VERIFIED {"network":true}
  EVICT[nar-no-network] 118 store entries removed, 13 spared as nub tooling, 421 in store
  VERIFY[nar-no-network] rc=1 artifacts=24/24 missing=1 shortfall=b47356349619 (tree 3974/1172) OVERRIDDEN=2 REJECTED=0 grant={}
       missing: build/Release/node_sqlite3.node
     narrowing 'no-network' fails ⇒ that capability IS necessary
  => MINIMAL — every capability in {"network":true} is independently necessary
### DONE sqlite3@5.1.7  synthesized={"network":true} verified=1
