OSV-SCREEN {"schemaVersion":1,"kind":"direct","status":"clean","digest":"9c559a9a387b10d4d47d206bfd5c648c5c255c1772b02a70ff3acbbf0b85ae3e","specCount":1,"lockfiles":{"digest":null,"files":[]},"maliciousAdvisories":[],"screenedAt":"2026-09-08T09:56:32.968Z","cacheHit":false,"clearancePath":"/Users/runner/v2m-JMZr8h/security/direct.json"}
  SECURITY direct clean: 1 exact package-version(s), tree 9c559a9a387b
### gc-stats@1.4.1   (/Users/runner/v2m-JMZr8h)   nub=/tmp/nub/target/release/nub
  VENUE-NUB-BINARY {"path":"/tmp/nub/target/release/nub","sha256":"f923f9d246b7061a3e88675efb7b4fdcda741d02368002ce6e7f7044b01e7bbe","bytes":93818888,"features":{"buildJailCatalogOverride":true,"pythonDontWriteBytecodeEnv":true}}
  CI-ENV scrubbed: CI GITHUB_ACTIONS
  --- fbt preflight (advisory; never fails the run) ---
     csrutil: System Integrity Protection status: disabled.
     fbt probes visible: 93591
     fbt enable attempt: dtrace: description 'fbt:::entry ' matched 50364 probes CPU     ID                    FUNCTION:NAME 
     cwd builtin value:  
     fbt chdir symbols:  
     fbt fires on spawn-with-cwd: dtrace: invalid probe specifier fbt::chdir*:entry /progenyof($target)/ { @[probefunc] = count(); }: probe description fbt::chdir*:entry does not match any probes 
  --- end fbt preflight ---
OSV-SCREEN {"schemaVersion":1,"kind":"npm-observe-resolved","status":"clean","digest":"2bba7ab546143e352b2174c84fd189781fa9c024c9453324ecfcd732c7ce2dd6","specCount":3,"lockfiles":{"digest":"fad2c977e839ece6a42f777f721312eb53c8ca2ca5a1facc7d00d24188747c48","files":[{"path":"package-lock.json","sha256":"e2ecf911228b5ef756aaf0fe150eebb48c09e650410f036c3adf5984d8a4c2bb","bytes":1537}]},"maliciousAdvisories":[],"screenedAt":"2026-09-08T09:56:43.113Z","cacheHit":false,"clearancePath":"/Users/runner/v2m-JMZr8h/security/npm-observe-resolved.json"}
  SECURITY npm-observe-resolved clean: 3 exact package-version(s), tree 2bba7ab54614
  VENUE-CI-CHILD clean (no CI-detection variable reaches the traced script)
  --- wrapper (run.sh) ---
     cd "/Users/runner/v2m-JMZr8h/Observe"
     sudo -u "runner" -H env "PATH=$PATH"   "HOME=/Users/runner/v2m-JMZr8h/jailhome"   "TMPDIR=/private/var/folders/bl/vzjcvbz95c3dk19cb0fw46180000gn/T/nub-tmp-obs8wl0Fa"   "NODE_COMPAT=1"   "PYTHONDONTWRITEBYTECODE=1"   "PLAYWRIGHT_BROWSERS_PATH=/Users/runner/.cache/nub/pm/tools/ms-playwright"   "ELECTRON_CACHE=/Users/runner/.cache/nub/pm/tools/electron-cache"   "electron_config_cache=/Users/runner/.cache/nub/pm/tools/electron-cache"   "npm_config_prefix=/Users/runner/.cache/nub/pm/tools/npm-prefix"   "/Users/runner/hostedtoolcache/node/22.23.2/arm64/bin/npm" rebuild --no-audit --no-fund "gc-stats" > "/Users/runner/v2m-JMZr8h/Observe/npm.log" 2>&1
     echo $? > "/Users/runner/v2m-JMZr8h/Observe/rc"
  --- dtrace stderr + wrapper trace ---
     + cd /Users/runner/v2m-JMZr8h/Observe
     + sudo -u runner -H env PATH=/Users/runner/hostedtoolcache/node/22.23.2/arm64/bin:/opt/homebrew/lib/ruby/gems/3.3.0/bin:/opt/homebrew/opt/ruby@3.3/bin:/Users/runner/.local/bin:/opt/homebrew/bin:/opt/homebrew/sbin:/Users/runner/.cargo/bin:/usr/local/opt/curl/bin:/usr/local/bin:/usr/local/sbin:/Users/runner/bin:/Users/runner/.yarn/bin:/Users/runner/Library/Android/sdk/tools:/Users/runner/Library/Android/sdk/platform-tools:/Library/Frameworks/Python.framework/Versions/Current/bin:/Library/Frameworks/Mono.framework/Versions/Current/Commands:/usr/bin:/bin:/usr/sbin:/sbin:/Users/runner/.dotnet/tools HOME=/Users/runner/v2m-JMZr8h/jailhome TMPDIR=/private/var/folders/bl/vzjcvbz95c3dk19cb0fw46180000gn/T/nub-tmp-obs8wl0Fa NODE_COMPAT=1 PYTHONDONTWRITEBYTECODE=1 PLAYWRIGHT_BROWSERS_PATH=/Users/runner/.cache/nub/pm/tools/ms-playwright ELECTRON_CACHE=/Users/runner/.cache/nub/pm/tools/electron-cache electron_config_cache=/Users/runner/.cache/nub/pm/tools/electron-cache npm_config_prefix=/Users/runner/.cache/nub/pm/tools/npm-prefix /Users/runner/hostedtoolcache/node/22.23.2/arm64/bin/npm rebuild --no-audit --no-fund gc-stats
     dtrace: error on enabled probe ID 128 (ID 286: syscall::execve:entry): invalid address (0x600002a38090) in action #1 at DIF offset 20
     dtrace: error on enabled probe ID 128 (ID 286: syscall::execve:entry): invalid address (0x600001d840e0) in action #5 at DIF offset 88
     dtrace: error on enabled probe ID 128 (ID 286: syscall::execve:entry): invalid address (0x656d616e75) in action #6 at DIF offset 88
     dtrace: error on enabled probe ID 128 (ID 286: syscall::execve:entry): invalid address (0x656d616e75) in action #6 at DIF offset 88
     dtrace: error on enabled probe ID 128 (ID 286: syscall::execve:entry): invalid address (0x656d616e75) in action #6 at DIF offset 88
     dtrace: error on enabled probe ID 128 (ID 286: syscall::execve:entry): invalid address (0x656d616e75) in action #6 at DIF offset 88
     dtrace: error on enabled probe ID 128 (ID 286: syscall::execve:entry): invalid address (0x656d616e75) in action #6 at DIF offset 88
     dtrace: error on enabled probe ID 128 (ID 286: syscall::execve:entry): invalid address (0x656d616e75) in action #6 at DIF offset 88
     dtrace: error on enabled probe ID 128 (ID 286: syscall::execve:entry): invalid address (0x656d616e75) in action #6 at DIF offset 88
     dtrace: error on enabled probe ID 128 (ID 286: syscall::execve:entry): invalid address (0x656d616e75) in action #6 at DIF offset 88
     dtrace: error on enabled probe ID 128 (ID 286: syscall::execve:entry): invalid address (0x656d616e75) in action #6 at DIF offset 88
     dtrace: error on enabled probe ID 128 (ID 286: syscall::execve:entry): invalid address (0x656d616e75) in action #6 at DIF offset 88
     dtrace: error on enabled probe ID 128 (ID 286: syscall::execve:entry): invalid address (0x656d616e75) in action #6 at DIF offset 88
     dtrace: error on enabled probe ID 128 (ID 286: syscall::execve:entry): invalid address (0x656d616e75) in action #6 at DIF offset 88
     dtrace: error on enabled probe ID 128 (ID 286: syscall::execve:entry): invalid address (0x656d616e75) in action #6 at DIF offset 88
     dtrace: error on enabled probe ID 128 (ID 286: syscall::execve:entry): invalid address (0x656d616e75) in action #6 at DIF offset 88
     dtrace: error on enabled probe ID 128 (ID 286: syscall::execve:entry): invalid address (0x656d616e75) in action #6 at DIF offset 88
     dtrace: error on enabled probe ID 128 (ID 286: syscall::execve:entry): invalid address (0x656d616e75) in action #6 at DIF offset 88
     dtrace: error on enabled probe ID 128 (ID 286: syscall::execve:entry): invalid address (0x656d616e75) in action #6 at DIF offset 88
     dtrace: error on enabled probe ID 128 (ID 286: syscall::execve:entry): invalid address (0x656d616e75) in action #6 at DIF offset 88
     dtrace: error on enabled probe ID 128 (ID 286: syscall::execve:entry): invalid address (0x656d616e75) in action #6 at DIF offset 88
     dtrace: error on enabled probe ID 128 (ID 286: syscall::execve:entry): invalid address (0x656d616e75) in action #6 at DIF offset 88
     dtrace: error on enabled probe ID 128 (ID 286: syscall::execve:entry): invalid address (0x656d616e75) in action #6 at DIF offset 88
     dtrace: error on enabled probe ID 128 (ID 286: syscall::execve:entry): invalid address (0x656d616e75) in action #6 at DIF offset 88
     dtrace: error on enabled probe ID 128 (ID 286: syscall::execve:entry): invalid address (0x656d616e75) in action #6 at DIF offset 88
     dtrace: error on enabled probe ID 128 (ID 286: syscall::execve:entry): invalid address (0x656d616e75) in action #6 at DIF offset 88
     dtrace: error on enabled probe ID 128 (ID 286: syscall::execve:entry): invalid address (0x656d616e75) in action #6 at DIF offset 88
     dtrace: error on enabled probe ID 128 (ID 286: syscall::execve:entry): invalid address (0x10409db70) in action #1 at DIF offset 20
  OBSERVE   rc=0 dtrace_rc=0 files=91 (pre=77) trace=101727 lines
  CLOSURE   3 packages evicted per arm   store=/Users/runner/.cache/nub/pm/store
  RAWLOG-FILE /Users/runner/v2m-JMZr8h/Observe/trace.txt.gz
  RAWLOG-CAPTURE /Users/runner/v2m-JMZr8h/Observe/capture.json
  RAWLOG-BYTES raw=17732117 gz=539620
  VENUE-INTERPRETER /Users/runner/hostedtoolcache/node/22.23.2/arm64
  VENUE-OVERRIDES {"set":{"PATH":"inherited-and-forwarded","HOME":"/Users/runner/v2m-JMZr8h/jailhome","TMPDIR":"/private/var/folders/bl/vzjcvbz95c3dk19cb0fw46180000gn/T/nub-tmp-obs8wl0Fa","NODE_COMPAT":"1","PYTHONDONTWRITEBYTECODE":"1","PLAYWRIGHT_BROWSERS_PATH":"/Users/runner/.cache/nub/pm/tools/ms-playwright","ELECTRON_CACHE":"/Users/runner/.cache/nub/pm/tools/electron-cache","electron_config_cache":"/Users/runner/.cache/nub/pm/tools/electron-cache","npm_config_prefix":"/Users/runner/.cache/nub/pm/tools/npm-prefix"},"unset":["(sudo env_reset discards the caller environment; every var above is re-set after it)","CI","GITHUB_ACTIONS"],"passedThrough":{"CI":"true","GITHUB_ACTIONS":"true","NODE_ENV":null}}
  VENUE-OBSERVE-USER runner uid=501 (R7: ordinary non-root user, asserted)
  ARM-FALSIFIABILITY {"manifestFiles":21,"filesTheScriptProduced":12,"reasons":[]}
  EVENTLOG-FILE /Users/runner/v2m-JMZr8h/Observe/events.ndjson.gz
  EVENTLOG-STATS {"lines":101728,"parsed":101641,"unparsed":0,"live":true,"tracerErrors":40,"tracerErrorTotal":40,"unresolvedDirfd":231,"unresolvedFd":0,"pairedTwoPath":543,"danglingPair":0,"failed":33760,"enoent":12709,"refusals":0,"byErrno":{"ENXIO":20,"ENOENT":12709,"EINVAL":4,"EEXIST":20426,"ENOTEMPTY":601},"procs":44,"lifecyclePids":17,"distinctEvents":49265,"emitted":49265,"calls":100928,"bytes":10580566,"gzipBytes":264442,"out":"/Users/runner/v2m-JMZr8h/Observe/events.ndjson"}
  == TRACER == live=true decodable-events=42262 dropped-events=40
    NOTE 154 relative path(s) under a non-AT_FDCWD dirfd were not
       scope-assigned: resolving them against the cwd would invent a path.
    ⛔ CWD-UNOBSERVED 98 relative path(s) (6 write(s)) came from a lifecycle
       process whose own cwd was never observed
       macOS spawns with posix_spawn addchdir_np, which changes directory in-kernel and
       emits no chdir syscall, so the inherited cwd cannot be trusted. These are NOT
       scope-assigned; the grant below is WIDENED instead so it covers wherever they landed.
         pid=12711 read  unproven .
         pid=12712 read  unproven .
         pid=12721 read  unproven .
         pid=12734 read  unproven .
         pid=12735 read  unproven .
         pid=12831 read  unproven .
         pid=12831 read  unproven .
         pid=12831 read  unproven .
         pid=12831 read  unproven .
         pid=12831 read  unproven .
         … and 88 more
    CWD-UNPLACEABLE-WRITES ["./Release/.deps/Release/obj.target/gcstats/src/gcstats.o.d.raw","Release","Release/obj.target","Release/obj.target/gcstats","Release/obj.target/gcstats/src"]
    CWD-RESOLVED 23 relative path(s) placed against the package dir
       and CONFIRMED by an artifact present after the run — not assumed.
    ⛔ THE TRACER DROPPED 40 EVENT(S). A dropped event is a path never
       seen, so the grant below can only be too NARROW — the direction that breaks installs.
       Treat it as a FLOOR, not a measurement, until the adapter fault is fixed:
            25 x  epid=128 action=6 fault=1 addr=0x656d616e75
            10 x  epid=128 action=1 fault=1 addr=0x103ccb210
             1 x  epid=128 action=1 fault=1 addr=0x600002a38090
             1 x  epid=128 action=5 fault=1 addr=0x600001d840e0
             1 x  epid=128 action=1 fault=1 addr=0x10409db70
             1 x  epid=8 action=9 fault=1 addr=0x14b807f70
             1 x  epid=8 action=9 fault=1 addr=0x14b810c90
  == ATTRIBUTION == lifecycle pids: 17
    writes  script 6680  /  whole traced subtree 7770
    sockets script 1  /  whole traced subtree 2
  == ROOTS (from /Users/runner/v2m-JMZr8h/Observe/capture.json; the classifier reads no other source) ==
    project       /Users/runner/v2m-JMZr8h/Observe
    home          /Users/runner
    jailHome      /Users/runner/v2m-JMZr8h/jailhome
    globalStore   /Users/runner/.cache/nub/pm/store
    projectStore  /Users/runner/v2m-JMZr8h/Observe/node_modules/.store
    interpreter   /Users/runner/hostedtoolcache/node/22.23.2/arm64
    toolsDir      /Users/runner/.cache/nub/pm/tools
    temp          /private/var/folders/bl/vzjcvbz95c3dk19cb0fw46180000gn/T/nub-tmp-obs8wl0Fa
    npmPrefix     /Users/runner/.cache/nub/pm/tools/npm-prefix
    ownPkg        /Users/runner/v2m-JMZr8h/Observe/node_modules/gc-stats
    cwd           (null — this platform has no such root)
  == WRITES the script actually performed ==
    systemfs      1
        /dev/dtracehelper
    jailHome   3329  (base profile already grants this — NOT billed)
        /Users/runner/v2m-JMZr8h/jailhome/Library
        /Users/runner/v2m-JMZr8h/jailhome/Library/Caches
        /Users/runner/v2m-JMZr8h/jailhome/Library/Caches/node-gyp
        /Users/runner/v2m-JMZr8h/jailhome/Library/Caches/node-gyp/22.23.2
        /Users/runner/v2m-JMZr8h/jailhome/Library/Caches/node-gyp/22.23.2/include
        /Users/runner/v2m-JMZr8h/jailhome/Library/Caches/node-gyp/22.23.2/include/node
        /Users/runner/v2m-JMZr8h/jailhome/Library/Caches/node-gyp/22.23.2/include/node/common.gypi
        /Users/runner/v2m-JMZr8h/jailhome/Library/Caches/node-gyp/22.23.2/include/node/config.gypi
        /Users/runner/v2m-JMZr8h/jailhome/Library/Caches/node-gyp/22.23.2/include/node/cppgc
        /Users/runner/v2m-JMZr8h/jailhome/Library/Caches/node-gyp/22.23.2/include/node/cppgc/allocation.h
        … and 3319 more
    jailTmp    3326  (base profile already grants this — NOT billed)
        /private/var/folders/bl/vzjcvbz95c3dk19cb0fw46180000gn/T/nub-tmp-obs8wl0Fa/node-gyp-tmp-X7UiNP
        /private/var/folders/bl/vzjcvbz95c3dk19cb0fw46180000gn/T/nub-tmp-obs8wl0Fa/node-gyp-tmp-X7UiNP/include
        /private/var/folders/bl/vzjcvbz95c3dk19cb0fw46180000gn/T/nub-tmp-obs8wl0Fa/node-gyp-tmp-X7UiNP/include/node
        /private/var/folders/bl/vzjcvbz95c3dk19cb0fw46180000gn/T/nub-tmp-obs8wl0Fa/node-gyp-tmp-X7UiNP/include/node/v8-locker.h
        /private/var/folders/bl/vzjcvbz95c3dk19cb0fw46180000gn/T/nub-tmp-obs8wl0Fa/node-gyp-tmp-X7UiNP/include/node/zconf.h
        /private/var/folders/bl/vzjcvbz95c3dk19cb0fw46180000gn/T/nub-tmp-obs8wl0Fa/node-gyp-tmp-X7UiNP/include/node/v8config.h
        /private/var/folders/bl/vzjcvbz95c3dk19cb0fw46180000gn/T/nub-tmp-obs8wl0Fa/node-gyp-tmp-X7UiNP/include/node/common.gypi
        /private/var/folders/bl/vzjcvbz95c3dk19cb0fw46180000gn/T/nub-tmp-obs8wl0Fa/node-gyp-tmp-X7UiNP/include/node/v8-object.h
        /private/var/folders/bl/vzjcvbz95c3dk19cb0fw46180000gn/T/nub-tmp-obs8wl0Fa/node-gyp-tmp-X7UiNP/include/node/v8-forward.h
        /private/var/folders/bl/vzjcvbz95c3dk19cb0fw46180000gn/T/nub-tmp-obs8wl0Fa/node-gyp-tmp-X7UiNP/include/node/v8-profiler.h
        … and 3316 more
    ownPkg       22  (base profile already grants this — NOT billed)
        /Users/runner/v2m-JMZr8h/Observe/node_modules/gc-stats/build
        /Users/runner/v2m-JMZr8h/Observe/node_modules/gc-stats/build/config.gypi
        /Users/runner/v2m-JMZr8h/Observe/node_modules/gc-stats/build/Makefile
        /Users/runner/v2m-JMZr8h/Observe/node_modules/gc-stats/build/gyp-mac-tool
        /Users/runner/v2m-JMZr8h/Observe/node_modules/gc-stats/build/gcstats.target.mk
        /Users/runner/v2m-JMZr8h/Observe/node_modules/gc-stats/build/action_after_build.target.mk
        /Users/runner/v2m-JMZr8h/Observe/node_modules/gc-stats/build/binding.Makefile
        /Users/runner/v2m-JMZr8h/Observe/node_modules/gc-stats/build/node_gyp_bins
        /Users/runner/v2m-JMZr8h/Observe/node_modules/gc-stats/build/node_gyp_bins/python3
        /Users/runner/v2m-JMZr8h/Observe/node_modules/gc-stats/build/Release/.deps
        … and 12 more
    outside       2
        /var/folders/bl/vzjcvbz95c3dk19cb0fw46180000gn/T/xcrun_db-99Xqf4WK
        /var/folders/bl/vzjcvbz95c3dk19cb0fw46180000gn/T/xcrun_db
  == READS the script performed, by scope ==
    outside    1096
    systemfs    617
    userHome    307
    deps          7
    ownPkg        9
    bytecode    107
    jailTmp    3326
    jailHome     65
        outside: /
        outside: /bin/bash
        outside: /bin
        outside: /usr/bin/env
        outside: /usr/bin
        outside: /bin/sh
        outside: /var/db/timezone/icutz/icutz44l.dat
        outside: /etc/localtime
        outside: /var/db/timezone/zoneinfo/posixrules
        outside: /opt/homebrew/Cellar/python@3.14/3.14.7/Frameworks/Python.framework/Versions/3.14/bin/python3.14
  == NETWORK ==
    AF_INET connects: 1   distinct peers: 1
        104.16.213.131:443
  == REFUSALS (errno EPERM/EACCES/EROFS only; ENOENT is a miss, not a denial) ==
    distinct: 0
  == SYNTHESIZED GRANT (verify this in the real unprivileged jail) ==
    {"write":{"deps":true,"project":true},"network":true,"writePaths":["Library/Caches/node-gyp"]}
    ⛔ 2 writes OUTSIDE project/home — no scope covers these; inspect before granting
  == writePaths (DERIVED — promotion out of the package's PRIVATE home) ==
    private-home writes observed: 3329
        Library/Caches/node-gyp
  == writePaths FEASIBILITY (distinct writes outside project/deps) ==
    count: 2
        /var/folders/bl/vzjcvbz95c3dk19cb0fw46180000gn/T/xcrun_db-99Xqf4WK
        /var/folders/bl/vzjcvbz95c3dk19cb0fw46180000gn/T/xcrun_db
  EVICT[synth] 0 store entries removed, 0 spared as nub tooling, 163 in store
OSV-SCREEN {"schemaVersion":1,"kind":"nub-synth-resolved","status":"clean","digest":"2bba7ab546143e352b2174c84fd189781fa9c024c9453324ecfcd732c7ce2dd6","specCount":3,"lockfiles":{"digest":"f7041517707b24d3a2ff43fcf62381e777e023c4f2acc265bec7dee1de780214","files":[{"path":"nub.lock","sha256":"a62d5cfc90809da709e907d147690b07781269bb027f427ae0b40af7bc5da016","bytes":933}]},"maliciousAdvisories":[],"screenedAt":"2026-09-08T09:56:43.113Z","cacheHit":true,"clearancePath":"/Users/runner/v2m-JMZr8h/security/nub-synth-resolved.json"}
  SECURITY nub-synth-resolved clean: 3 exact package-version(s), tree 2bba7ab54614 (cached exact-tree clearance)
  VENUE-STORE-LAYOUT isolated
  VERIFY[synth] rc=0 artifacts=21/21 missing=0 shortfall=none (tree 254/91) OVERRIDDEN=3 REJECTED=0 grant={"write":{"deps":true,"project":true},"network":true,"writePaths":["Library/Caches/node-gyp"]}
  => VERIFIED {"write":{"deps":true,"project":true},"network":true,"writePaths":["Library/Caches/node-gyp"]}
  EVICT[nar-no-network] 3 store entries removed, 0 spared as nub tooling, 166 in store
OSV-SCREEN {"schemaVersion":1,"kind":"nub-nar-no-network-resolved","status":"clean","digest":"2bba7ab546143e352b2174c84fd189781fa9c024c9453324ecfcd732c7ce2dd6","specCount":3,"lockfiles":{"digest":"f7041517707b24d3a2ff43fcf62381e777e023c4f2acc265bec7dee1de780214","files":[{"path":"nub.lock","sha256":"a62d5cfc90809da709e907d147690b07781269bb027f427ae0b40af7bc5da016","bytes":933}]},"maliciousAdvisories":[],"screenedAt":"2026-09-08T09:56:43.113Z","cacheHit":true,"clearancePath":"/Users/runner/v2m-JMZr8h/security/nub-nar-no-network-resolved.json"}
  SECURITY nub-nar-no-network-resolved clean: 3 exact package-version(s), tree 2bba7ab54614 (cached exact-tree clearance)
  VERIFY[nar-no-network] rc=0 artifacts=21/21 missing=0 shortfall=none (tree 254/91) OVERRIDDEN=3 REJECTED=0 grant={"write":{"deps":true,"project":true},"writePaths":["Library/Caches/node-gyp"]}
     ⛔ OVER-PREDICTED — the strictly narrower {"write":{"deps":true,"project":true},"writePaths":["Library/Caches/node-gyp"]} also verifies; 'no-network' was not needed
  EVICT[nar-no-write-deps] 3 store entries removed, 0 spared as nub tooling, 166 in store
OSV-SCREEN {"schemaVersion":1,"kind":"nub-nar-no-write-deps-resolved","status":"clean","digest":"2bba7ab546143e352b2174c84fd189781fa9c024c9453324ecfcd732c7ce2dd6","specCount":3,"lockfiles":{"digest":"f7041517707b24d3a2ff43fcf62381e777e023c4f2acc265bec7dee1de780214","files":[{"path":"nub.lock","sha256":"a62d5cfc90809da709e907d147690b07781269bb027f427ae0b40af7bc5da016","bytes":933}]},"maliciousAdvisories":[],"screenedAt":"2026-09-08T09:56:43.113Z","cacheHit":true,"clearancePath":"/Users/runner/v2m-JMZr8h/security/nub-nar-no-write-deps-resolved.json"}
  SECURITY nub-nar-no-write-deps-resolved clean: 3 exact package-version(s), tree 2bba7ab54614 (cached exact-tree clearance)
  VERIFY[nar-no-write-deps] rc=0 artifacts=21/21 missing=0 shortfall=none (tree 254/91) OVERRIDDEN=3 REJECTED=0 grant={"write":{"project":true},"network":true,"writePaths":["Library/Caches/node-gyp"]}
     ⛔ OVER-PREDICTED — the strictly narrower {"write":{"project":true},"network":true,"writePaths":["Library/Caches/node-gyp"]} also verifies; 'no-write-deps' was not needed
  EVICT[nar-no-write-project] 3 store entries removed, 0 spared as nub tooling, 166 in store
OSV-SCREEN {"schemaVersion":1,"kind":"nub-nar-no-write-project-resolved","status":"clean","digest":"2bba7ab546143e352b2174c84fd189781fa9c024c9453324ecfcd732c7ce2dd6","specCount":3,"lockfiles":{"digest":"f7041517707b24d3a2ff43fcf62381e777e023c4f2acc265bec7dee1de780214","files":[{"path":"nub.lock","sha256":"a62d5cfc90809da709e907d147690b07781269bb027f427ae0b40af7bc5da016","bytes":933}]},"maliciousAdvisories":[],"screenedAt":"2026-09-08T09:56:43.113Z","cacheHit":true,"clearancePath":"/Users/runner/v2m-JMZr8h/security/nub-nar-no-write-project-resolved.json"}
  SECURITY nub-nar-no-write-project-resolved clean: 3 exact package-version(s), tree 2bba7ab54614 (cached exact-tree clearance)
  VERIFY[nar-no-write-project] rc=0 artifacts=21/21 missing=0 shortfall=none (tree 254/91) OVERRIDDEN=3 REJECTED=0 grant={"write":{"deps":true},"network":true,"writePaths":["Library/Caches/node-gyp"]}
     ⛔ OVER-PREDICTED — the strictly narrower {"write":{"deps":true},"network":true,"writePaths":["Library/Caches/node-gyp"]} also verifies; 'no-write-project' was not needed
  EVICT[joint-narrow] 3 store entries removed, 0 spared as nub tooling, 166 in store
OSV-SCREEN {"schemaVersion":1,"kind":"nub-joint-narrow-resolved","status":"clean","digest":"2bba7ab546143e352b2174c84fd189781fa9c024c9453324ecfcd732c7ce2dd6","specCount":3,"lockfiles":{"digest":"f7041517707b24d3a2ff43fcf62381e777e023c4f2acc265bec7dee1de780214","files":[{"path":"nub.lock","sha256":"a62d5cfc90809da709e907d147690b07781269bb027f427ae0b40af7bc5da016","bytes":933}]},"maliciousAdvisories":[],"screenedAt":"2026-09-08T09:56:43.113Z","cacheHit":true,"clearancePath":"/Users/runner/v2m-JMZr8h/security/nub-joint-narrow-resolved.json"}
  SECURITY nub-joint-narrow-resolved clean: 3 exact package-version(s), tree 2bba7ab54614 (cached exact-tree clearance)
  VERIFY[joint-narrow] rc=0 artifacts=21/21 missing=0 shortfall=none (tree 254/91) OVERRIDDEN=3 REJECTED=0 grant={"writePaths":["Library/Caches/node-gyp"]}
  => JOINT-NARROW VERIFIED {"writePaths":["Library/Caches/node-gyp"]} — all 3 capabilities drop TOGETHER, measured
### DONE gc-stats@1.4.1  synthesized={"write":{"deps":true,"project":true},"network":true,"writePaths":["Library/Caches/node-gyp"]} verified=1
