### dprint@0.31.1   (D:\jail\m-dprint-mtrmh17l)
  CI-ENV scrubbed: CI GITHUB_ACTIONS
OSV-SCREEN {"schemaVersion":1,"kind":"direct","status":"clean","digest":"27e3094ff6672cc9668071f2b44eaac8240fed81037058b4d3a73326369714a9","specCount":1,"lockfiles":{"digest":null,"files":[]},"maliciousAdvisories":[],"screenedAt":"2026-09-07T19:17:11.102Z","cacheHit":false,"clearancePath":"D:\\jail\\m-dprint-mtrmh17l\\security\\direct.json"}
  SECURITY direct clean: 1 exact package-version(s), tree 27e3094ff667
OSV-SCREEN {"schemaVersion":1,"kind":"npm-observe-resolved","status":"clean","digest":"e613aab722498050cb0d5afa0e1136c3f4ad739e144eeb0461dc330e23d036b3","specCount":5,"lockfiles":{"digest":"19e5e9ce9cf22fb35578c0b47f13e78e8b2193da07d1e893871937890a90479f","files":[{"path":"package-lock.json","sha256":"be0e42bcc15762c9d7e60f4e56eb4523981c4076e35332f985bff7bf3d4d20de","bytes":1981}]},"maliciousAdvisories":[],"screenedAt":"2026-09-07T19:17:12.628Z","cacheHit":false,"clearancePath":"D:\\jail\\m-dprint-mtrmh17l\\security\\npm-observe-resolved.json"}
  SECURITY npm-observe-resolved clean: 5 exact package-version(s), tree e613aab72249
  CAPTURE user=runnervmeef0v\runneradmin elevated=True rootPid=6080 exit=0 events=34421 lost=0
  VENUE-OBSERVE-USER runnervmeef0v\runneradmin elevated=true privDropped={"SeBackupPrivilege":"removed","SeRestorePrivilege":"removed","SeTakeOwnershipPrivilege":"removed"}
  OBSERVE artifacts: 7 files  (D:\jail\m-dprint-mtrmh17l\observe\node_modules\dprint)
  ARM-FALSIFIABILITY {"manifestFiles":7,"filesTheScriptProduced":1,"reasons":[]}
  CLOSURE 5 packages evicted per arm
  8.3 MAP 0 components resolved on runnervmeef0v, folded into capture.json
  == ROOTS (from capture.json — R2: no ambient reads) ==
    project       D:\jail\m-dprint-mtrmh17l\observe   [keyed on]
    home          C:\Users\runneradmin   [keyed on]
    jailHome      (null — declared inapplicable)
    globalStore   C:\Users\runneradmin\AppData\Local\nub\pm\store
    projectStore  D:\jail\m-dprint-mtrmh17l\observe\node_modules\.store
    interpreter   C:\hostedtoolcache\windows\node\22.23.2\x64\node.exe
    toolsDir      C:\Users\runneradmin\AppData\Local\nub\pm\tools
    temp          D:\jail\m-dprint-mtrmh17l\tmp   [keyed on]
    npmPrefix     (null — declared inapplicable)
    ownPkg        D:\jail\m-dprint-mtrmh17l\observe\node_modules\dprint
  == ATTRIBUTION == lifecycle pids: 2 (root 6080)
    writes  script 2  /  whole traced tree 13
    peers   script 2  /  whole traced tree 2
  == WRITES ==
    deps          2
  == READS ==
    deps         16
    outside       6
    project       1
    systemfs     28
  == NETWORK ==
    distinct peers: 2
        140.82.114.4:443
        185.199.109.133:443
  == REFUSALS (adapter-classified) ==
    distinct: 0
  == SYNTHESIZED GRANT (verify this in the real unprivileged jail) ==
    {"write":{"deps":true},"network":true}
  RAW       etw-raw.xml.gz  43976057 B xml -> 658577 B gz (66.8x)  sha256 5cbf39d7997f7ac2…
  HEADER    etw-header.json (5043 bytes)
  DERIVED   5324 distinct from 8316 kept ops (34421 xml events, 4944 out of subtree)
  PROCS     4   thread-reattributed 0
  ⛔ 1 operations with NO OperationEnd — kept, status marked unknown
  8.3       0 expanded, 0 kept short, 0 not covered  [map: recorded 8.3 map (0 components, resolved on runnervmeef0v)]
  wrote events.ndjson.gz (67407 bytes)
  RAWLOG-CAPTURE D:\jail\m-dprint-mtrmh17l\cap\capture.json
  VENUE-NUB-BINARY {"path":"C:/Users/RUNNER~1/AppData/Local/Temp/nub/target/release/nub.exe","sha256":"f186817a44be332fee712b4936a071a0b5f9cde18a1d2fdc3a791729d4bf1005","bytes":68717056,"features":{"buildJailCatalogOverride":true,"pythonDontWriteBytecodeEnv":true}}
  VENUE-INTERPRETER C:\hostedtoolcache\windows\node\22.23.2\x64\node.exe
  VENUE-JAIL-ROOT D:\jail\m-dprint-mtrmh17l
  VENUE-OVERRIDES {"set":{"npm_config_cache":"D:\\jail\\m-dprint-mtrmh17l\\npm-cache","TMP":"D:\\jail\\m-dprint-mtrmh17l\\tmp","TEMP":"D:\\jail\\m-dprint-mtrmh17l\\tmp","TMPDIR":"D:\\jail\\m-dprint-mtrmh17l\\tmp"},"unset":["CI","GITHUB_ACTIONS"],"notRedirected":{"USERPROFILE":"C:\\Users\\runneradmin","why":"the jail leaves HOME/USERPROFILE alone — `build_jail.rs` sandbox_homes() reads the ambient value and `compiler/defaults.rs` BASELINE_ENV_EXACT passes it through — so there is no private jail home to reproduce and redirecting one would measure an environment no confined script sees"},"passedThrough":{"CI":"true","GITHUB_ACTIONS":"true","NODE_ENV":null}}
  STORE   isolated virtual store at D:\jail\m-dprint-mtrmh17l\verify-synth\.cache
  VENUE-STORE-LAYOUT isolated
OSV-SCREEN {"schemaVersion":1,"kind":"nub-synth-resolved","status":"clean","digest":"e613aab722498050cb0d5afa0e1136c3f4ad739e144eeb0461dc330e23d036b3","specCount":5,"lockfiles":{"digest":"0215b915cccda58c64db9e624924652f7b3b7852288e292cff1cf5221508b646","files":[{"path":"nub.lock","sha256":"6f7646ec00f6f6464983d28dba794559982154b9aee549376e2b7ab8657344d5","bytes":1194}]},"maliciousAdvisories":[],"screenedAt":"2026-09-07T19:17:12.628Z","cacheHit":true,"clearancePath":"D:\\jail\\m-dprint-mtrmh17l\\security\\nub-synth-resolved.json"}
  SECURITY nub-synth-resolved clean: 5 exact package-version(s), tree e613aab72249 (cached exact-tree clearance)
  VERIFY[synth] rc=0 artifacts=7/7 missing=0 shortfall=none (tree 5706/35) OVERRIDDEN=2 REJECTED=0 grant={"write":{"deps":true},"network":true}
  => MINIMUM {"write":{"deps":true},"network":true}   (observed, then verified)
  STORE   isolated virtual store at D:\jail\m-dprint-mtrmh17l\verify-nar-no-network\.cache
OSV-SCREEN {"schemaVersion":1,"kind":"nub-nar-no-network-resolved","status":"clean","digest":"e613aab722498050cb0d5afa0e1136c3f4ad739e144eeb0461dc330e23d036b3","specCount":5,"lockfiles":{"digest":"0215b915cccda58c64db9e624924652f7b3b7852288e292cff1cf5221508b646","files":[{"path":"nub.lock","sha256":"6f7646ec00f6f6464983d28dba794559982154b9aee549376e2b7ab8657344d5","bytes":1194}]},"maliciousAdvisories":[],"screenedAt":"2026-09-07T19:17:12.628Z","cacheHit":true,"clearancePath":"D:\\jail\\m-dprint-mtrmh17l\\security\\nub-nar-no-network-resolved.json"}
  SECURITY nub-nar-no-network-resolved clean: 5 exact package-version(s), tree e613aab72249 (cached exact-tree clearance)
  VERIFY[nar-no-network] rc=1 artifacts=6/7 missing=1 shortfall=bfd2cfd888e8 (tree 5706/35) OVERRIDDEN=2 REJECTED=0 grant={"write":{"deps":true}}
     missing artifacts: dprint.exe
     'no-network' is NECESSARY — dropping it fails to verify
  STORE   isolated virtual store at D:\jail\m-dprint-mtrmh17l\verify-nar-no-write-deps\.cache
OSV-SCREEN {"schemaVersion":1,"kind":"nub-nar-no-write-deps-resolved","status":"clean","digest":"e613aab722498050cb0d5afa0e1136c3f4ad739e144eeb0461dc330e23d036b3","specCount":5,"lockfiles":{"digest":"0215b915cccda58c64db9e624924652f7b3b7852288e292cff1cf5221508b646","files":[{"path":"nub.lock","sha256":"6f7646ec00f6f6464983d28dba794559982154b9aee549376e2b7ab8657344d5","bytes":1194}]},"maliciousAdvisories":[],"screenedAt":"2026-09-07T19:17:12.628Z","cacheHit":true,"clearancePath":"D:\\jail\\m-dprint-mtrmh17l\\security\\nub-nar-no-write-deps-resolved.json"}
  SECURITY nub-nar-no-write-deps-resolved clean: 5 exact package-version(s), tree e613aab72249 (cached exact-tree clearance)
  VERIFY[nar-no-write-deps] rc=0 artifacts=7/7 missing=0 shortfall=none (tree 5706/35) OVERRIDDEN=2 REJECTED=0 grant={"network":true}
     ⛔ OVER-PREDICTED — the strictly narrower {"network":true} also verifies; 'no-write-deps' was not needed
