OSV-SCREEN {"schemaVersion":1,"kind":"direct","status":"clean","digest":"4745fcbbd481bdab353eec822dbcbd576b1f30d62f63a5b4a8ae8c0819768dfa","specCount":1,"lockfiles":{"digest":null,"files":[]},"maliciousAdvisories":[],"screenedAt":"2026-08-24T03:51:49.021Z","cacheHit":false,"clearancePath":"/Users/runner/v2m-iO7Bwz/security/direct.json"}
  SECURITY direct clean: 1 exact package-version(s), tree 4745fcbbd481
  ERA-NODE PINNED 20.20.2 (provisioned) (arms will run: v20.20.2)
  ERA-PYTHON /Users/runner/hostedtoolcache/Python/3.9.13/arm64/bin/python (Python 3.9.13) for era Node 20, whose node-gyp requires python3
  ARM-MAKE /usr/bin/make (GNU Make 3.81) — the system make; a build needing GNU Make 4 WILL fail here
### pngquant-bin@9.0.0   (/Users/runner/v2m-iO7Bwz)   nub=/tmp/nub/target/release/nub
  VENUE-NUB-BINARY {"path":"/tmp/nub/target/release/nub","sha256":"69e622342d0c8393c78fa50a01dc9cc0a94371ac9b106b59bdcc016f06d86d30","bytes":94535576,"features":{"buildJailCatalogOverride":true,"pythonDontWriteBytecodeEnv":true}}
  CI-ENV scrubbed: CI GITHUB_ACTIONS
  --- fbt preflight (advisory; never fails the run) ---
     csrutil: System Integrity Protection status: disabled.
     fbt probes visible: 93577
     fbt enable attempt: dtrace: description 'fbt:::entry ' matched 50357 probes CPU     ID                    FUNCTION:NAME 
     cwd builtin value:  
     fbt chdir symbols:  
     fbt fires on spawn-with-cwd: dtrace: invalid probe specifier fbt::chdir*:entry /progenyof($target)/ { @[probefunc] = count(); }: probe description fbt::chdir*:entry does not match any probes 
  --- end fbt preflight ---
  ERA-RESOLUTION DATED 2024-05-06T20:06:55.179Z (deps as of the package's own publish date + 1d)
OSV-SCREEN {"schemaVersion":1,"kind":"npm-observe-resolved","status":"clean","digest":"40fa70ecffc448fe15ca1ac7b66e72f7a72c0ec6c040d16f2a63d526da579443","specCount":169,"lockfiles":{"digest":"f266882b00693c313af0b9c3eea2d8a1018b90d4f6bbbbd12a9fbb43041db28b","files":[{"path":"package-lock.json","sha256":"be03e6faf1818817c18bb54e0d749a21e3164c3936575fdf341fbe9ccd0d4f05","bytes":79917}]},"maliciousAdvisories":[],"screenedAt":"2026-08-24T03:51:57.460Z","cacheHit":false,"clearancePath":"/Users/runner/v2m-iO7Bwz/security/npm-observe-resolved.json"}
  SECURITY npm-observe-resolved clean: 169 exact package-version(s), tree 40fa70ecffc4
  ARM-PATH SANITISED (dropped 1: /Users/runner/.yarn/bin)
  ARM-AMBIENT-TOOLS none
  ARM-SCAFFOLD none
  ARM-UNPROVIDABLE none
  VENUE-CI-CHILD clean (no CI-detection variable reaches the traced script)
  --- wrapper (run.sh) ---
     cd "/Users/runner/v2m-iO7Bwz/Observe"
     sudo -u "runner" -H env "PATH=/Users/runner/v2m-iO7Bwz/Observe/node_modules/.bin:/Users/runner/.cache/nub/era-node/20.20.2/node-v20.20.2-darwin-arm64/bin:/Users/runner/hostedtoolcache/node/22.23.2/arm64/bin:/opt/homebrew/lib/ruby/gems/3.3.0/bin:/opt/homebrew/opt/ruby@3.3/bin:/Users/runner/.local/bin:/opt/homebrew/bin:/opt/homebrew/sbin:/Users/runner/.cargo/bin:/usr/local/opt/curl/bin:/usr/local/bin:/usr/local/sbin:/Users/runner/bin:/Users/runner/Library/Android/sdk/tools:/Users/runner/Library/Android/sdk/platform-tools:/Library/Frameworks/Python.framework/Versions/Current/bin:/Library/Frameworks/Mono.framework/Versions/Current/Commands:/usr/bin:/bin:/usr/sbin:/sbin:/Users/runner/.dotnet/tools"   "HOME=/Users/runner/v2m-iO7Bwz/jailhome"   "TMPDIR=/private/var/folders/_5/zjnzxgh147qcg3bb5cg2wvqw0000gn/T/nub-tmp-obsjK7NhX"   "NODE_COMPAT=1"   "PYTHONDONTWRITEBYTECODE=1"   "PLAYWRIGHT_BROWSERS_PATH=/Users/runner/.cache/nub/pm/tools/ms-playwright"   "ELECTRON_CACHE=/Users/runner/.cache/nub/pm/tools/electron-cache"   "electron_config_cache=/Users/runner/.cache/nub/pm/tools/electron-cache"   "npm_config_prefix=/Users/runner/.cache/nub/pm/tools/npm-prefix"   PYTHON=/Users/runner/hostedtoolcache/Python/3.9.13/arm64/bin/python   "/Users/runner/hostedtoolcache/node/22.23.2/arm64/bin/npm" rebuild --no-audit --no-fund "pngquant-bin" > "/Users/runner/v2m-iO7Bwz/Observe/npm.log" 2>&1
     echo $? > "/Users/runner/v2m-iO7Bwz/Observe/rc"
  --- dtrace stderr + wrapper trace ---
     + cd /Users/runner/v2m-iO7Bwz/Observe
     + sudo -u runner -H env PATH=/Users/runner/v2m-iO7Bwz/Observe/node_modules/.bin:/Users/runner/.cache/nub/era-node/20.20.2/node-v20.20.2-darwin-arm64/bin:/Users/runner/hostedtoolcache/node/22.23.2/arm64/bin:/opt/homebrew/lib/ruby/gems/3.3.0/bin:/opt/homebrew/opt/ruby@3.3/bin:/Users/runner/.local/bin:/opt/homebrew/bin:/opt/homebrew/sbin:/Users/runner/.cargo/bin:/usr/local/opt/curl/bin:/usr/local/bin:/usr/local/sbin:/Users/runner/bin:/Users/runner/Library/Android/sdk/tools:/Users/runner/Library/Android/sdk/platform-tools:/Library/Frameworks/Python.framework/Versions/Current/bin:/Library/Frameworks/Mono.framework/Versions/Current/Commands:/usr/bin:/bin:/usr/sbin:/sbin:/Users/runner/.dotnet/tools HOME=/Users/runner/v2m-iO7Bwz/jailhome TMPDIR=/private/var/folders/_5/zjnzxgh147qcg3bb5cg2wvqw0000gn/T/nub-tmp-obsjK7NhX NODE_COMPAT=1 PYTHONDONTWRITEBYTECODE=1 PLAYWRIGHT_BROWSERS_PATH=/Users/runner/.cache/nub/pm/tools/ms-playwright ELECTRON_CACHE=/Users/runner/.cache/nub/pm/tools/electron-cache electron_config_cache=/Users/runner/.cache/nub/pm/tools/electron-cache npm_config_prefix=/Users/runner/.cache/nub/pm/tools/npm-prefix PYTHON=/Users/runner/hostedtoolcache/Python/3.9.13/arm64/bin/python /Users/runner/hostedtoolcache/node/22.23.2/arm64/bin/npm rebuild --no-audit --no-fund pngquant-bin
     dtrace: error on enabled probe ID 128 (ID 286: syscall::execve:entry): invalid address (0x600002e40000) in action #1 at DIF offset 20
     + echo 0
  OBSERVE   rc=0 dtrace_rc=0 files=1067 (pre=1064) trace=9130 lines
  CLOSURE   138 packages evicted per arm   store=/Users/runner/.cache/nub/pm/store
  RAWLOG-FILE /Users/runner/v2m-iO7Bwz/Observe/trace.txt.gz
  RAWLOG-CAPTURE /Users/runner/v2m-iO7Bwz/Observe/capture.json
  RAWLOG-BYTES raw=1392377 gz=52355
  VENUE-INTERPRETER /Users/runner/hostedtoolcache/node/22.23.2/arm64
  VENUE-NODE-SELECTION {"pkg":"pngquant-bin","packageVersion":"9.0.0","major":20,"version":"20.20.2","npm":"10.8.2","pinnable":true,"engines":">=18","publishedAt":"2024-05-05T20:06:55.179Z","eraMajor":20,"startMajor":20,"raisedByEngines":false,"enginesUnsatisfiable":false,"clampedToFloor":false,"clampedToCeiling":false,"matrixFloor":4,"matrixCeiling":26,"lookupFailure":null,"pinned":true,"pinnedBin":"/Users/runner/.cache/nub/era-node/20.20.2/node-v20.20.2-darwin-arm64/bin","eraNodeRoot":"/Users/runner/.cache/nub"}
  VENUE-OVERRIDES {"set":{"PATH":"inherited-and-forwarded","HOME":"/Users/runner/v2m-iO7Bwz/jailhome","TMPDIR":"/private/var/folders/_5/zjnzxgh147qcg3bb5cg2wvqw0000gn/T/nub-tmp-obsjK7NhX","NODE_COMPAT":"1","PYTHONDONTWRITEBYTECODE":"1","PLAYWRIGHT_BROWSERS_PATH":"/Users/runner/.cache/nub/pm/tools/ms-playwright","ELECTRON_CACHE":"/Users/runner/.cache/nub/pm/tools/electron-cache","electron_config_cache":"/Users/runner/.cache/nub/pm/tools/electron-cache","npm_config_prefix":"/Users/runner/.cache/nub/pm/tools/npm-prefix"},"unset":["(sudo env_reset discards the caller environment; every var above is re-set after it)","CI","GITHUB_ACTIONS"],"passedThrough":{"CI":"true","GITHUB_ACTIONS":"true","NODE_ENV":null}}
  VENUE-OBSERVE-USER runner uid=501 (R7: ordinary non-root user, asserted)
  ARM-FALSIFIABILITY {"manifestFiles":9,"filesTheScriptProduced":1,"reasons":[]}
  EVENTLOG-FILE /Users/runner/v2m-iO7Bwz/Observe/events.ndjson.gz
  EVENTLOG-STATS {"lines":9131,"parsed":9111,"unparsed":0,"live":true,"tracerErrors":1,"tracerErrorTotal":1,"unresolvedDirfd":24,"unresolvedFd":0,"pairedTwoPath":0,"danglingPair":0,"failed":3817,"enoent":3813,"refusals":0,"byErrno":{"ENXIO":3,"ENOENT":3813,"EEXIST":1},"procs":6,"lifecyclePids":1,"distinctEvents":6296,"emitted":6296,"calls":9097,"bytes":1044157,"gzipBytes":34228,"out":"/Users/runner/v2m-iO7Bwz/Observe/events.ndjson"}
  == TRACER == live=true decodable-events=1735 dropped-events=1
    NOTE 16 relative path(s) under a non-AT_FDCWD dirfd were not
       scope-assigned: resolving them against the cwd would invent a path.
    ⛔ CWD-UNOBSERVED 2 relative path(s) (0 write(s)) came from a lifecycle
       process whose own cwd was never observed
       macOS spawns with posix_spawn addchdir_np, which changes directory in-kernel and
       emits no chdir syscall, so the inherited cwd cannot be trusted. These are NOT
       scope-assigned; the grant below is WIDENED instead so it covers wherever they landed.
         pid=27775 read  unproven .
         pid=27775 read  unproven .
    ⛔ THE TRACER DROPPED 1 EVENT(S). A dropped event is a path never
       seen, so the grant below can only be too NARROW — the direction that breaks installs.
       Treat it as a FLOOR, not a measurement, until the adapter fault is fixed:
             1 x  epid=128 action=1 fault=1 addr=0x600002e40000
  == ATTRIBUTION == lifecycle pids: 1
    writes  script 2  /  whole traced subtree 8
    sockets script 1  /  whole traced subtree 2
  == ROOTS (from /Users/runner/v2m-iO7Bwz/Observe/capture.json; the classifier reads no other source) ==
    project       /Users/runner/v2m-iO7Bwz/Observe
    home          /Users/runner
    jailHome      /Users/runner/v2m-iO7Bwz/jailhome
    globalStore   /Users/runner/.cache/nub/pm/store
    projectStore  /Users/runner/v2m-iO7Bwz/Observe/node_modules/.store
    interpreter   /Users/runner/hostedtoolcache/node/22.23.2/arm64
    toolsDir      /Users/runner/.cache/nub/pm/tools
    temp          /private/var/folders/_5/zjnzxgh147qcg3bb5cg2wvqw0000gn/T/nub-tmp-obsjK7NhX
    npmPrefix     /Users/runner/.cache/nub/pm/tools/npm-prefix
    ownPkg        /Users/runner/v2m-iO7Bwz/Observe/node_modules/pngquant-bin
    cwd           (null — this platform has no such root)
  == WRITES the script actually performed ==
    systemfs      1
        /dev/dtracehelper
    ownPkg        1  (base profile already grants this — NOT billed)
        /Users/runner/v2m-iO7Bwz/Observe/node_modules/pngquant-bin/vendor/pngquant
  == READS the script performed, by scope ==
    outside       5
    systemfs      9
    userHome      2
    ownPkg        6
    deps        366
        outside: /
        outside: /bin/bash
        outside: /bin
        outside: /var/db/timezone/zoneinfo/UTC
        outside: /var/db/timezone/zoneinfo/posixrules
  == NETWORK ==
    AF_INET connects: 1   distinct peers: 1
        185.199.110.133:443
  == REFUSALS (errno EPERM/EACCES/EROFS only; ENOENT is a miss, not a denial) ==
    distinct: 0
  == SYNTHESIZED GRANT (verify this in the real unprivileged jail) ==
    {"network":true}
  == writePaths (DERIVED — promotion out of the package's PRIVATE home) ==
    private-home writes observed: 0
    none declared — the script wrote nothing into its private home — there is nothing to promote
  == writePaths FEASIBILITY (distinct writes outside project/deps) ==
    count: 0
  EVICT[synth] 146 store entries removed, 17 spared as nub tooling, 504 in store
OSV-SCREEN {"schemaVersion":1,"kind":"nub-synth-resolved","status":"clean","digest":"9d5939271da72f0933e0bc6a57010e0418daa7d61ae8a7b99e0d3655ba07059d","specCount":199,"lockfiles":{"digest":"2e88a7d493a844186d4da70e7d5ff55f16e8058e651549e8cea28ad476e1c6f4","files":[{"path":"nub.lock","sha256":"d52bb334a75fef7424aa208798707edc42b6538d112ef2f2dd31eb959d82913c","bytes":47695}]},"maliciousAdvisories":[],"screenedAt":"2026-08-24T03:52:03.188Z","cacheHit":false,"clearancePath":"/Users/runner/v2m-iO7Bwz/security/nub-synth-resolved.json"}
  SECURITY nub-synth-resolved clean: 199 exact package-version(s), tree 9d5939271da7
  VENUE-STORE-LAYOUT isolated
  VERIFY[synth] rc=0 artifacts=9/9 missing=0 shortfall=none (tree 4927/1067) OVERRIDDEN=3 REJECTED=0 grant={"network":true}
  => VERIFIED {"network":true}
  EVICT[nar-no-network] 162 store entries removed, 17 spared as nub tooling, 527 in store
OSV-SCREEN {"schemaVersion":1,"kind":"nub-nar-no-network-resolved","status":"clean","digest":"9d5939271da72f0933e0bc6a57010e0418daa7d61ae8a7b99e0d3655ba07059d","specCount":199,"lockfiles":{"digest":"2e88a7d493a844186d4da70e7d5ff55f16e8058e651549e8cea28ad476e1c6f4","files":[{"path":"nub.lock","sha256":"d52bb334a75fef7424aa208798707edc42b6538d112ef2f2dd31eb959d82913c","bytes":47695}]},"maliciousAdvisories":[],"screenedAt":"2026-08-24T03:52:03.188Z","cacheHit":true,"clearancePath":"/Users/runner/v2m-iO7Bwz/security/nub-nar-no-network-resolved.json"}
  SECURITY nub-nar-no-network-resolved clean: 199 exact package-version(s), tree 9d5939271da7 (cached exact-tree clearance)
  VERIFY[nar-no-network] rc=1 artifacts=8/9 missing=1 shortfall=9e939e3eec44 (tree 4925/1067) OVERRIDDEN=3 REJECTED=0 grant={}
       missing: vendor/pngquant
     [nar-no-network/i] getaddrinfo ENOTFOUND raw.githubusercontent.com
     [nar-no-network/i] Error: Command failed: /bin/sh -c ./configure --prefix="/Users/runner/v2m-iO7Bwz/verify-nar-no-network/node_modules/.store/pngquant-bin@9.0.0/node_modules/pngquant-bin/vendor"
     [nar-no-network/i] grep: /proc/cpuinfo: No such file or directory
     [nar-no-network/a] getaddrinfo ENOTFOUND raw.githubusercontent.com
     [nar-no-network/a] Error: Command failed: /bin/sh -c ./configure --prefix="/Users/runner/v2m-iO7Bwz/verify-nar-no-network/node_modules/.store/pngquant-bin@9.0.0/node_modules/pngquant-bin/vendor"
     [nar-no-network/a] grep: /proc/cpuinfo: No such file or directory
     narrowing 'no-network' fails ⇒ that capability IS necessary
  => MINIMAL — every capability in {"network":true} is independently necessary
### DONE pngquant-bin@9.0.0  synthesized={"network":true} verified=1
