### zopflipng-bin@7.1.0   (/home/runner/v2-kOkTkh)
  CI-ENV scrubbed: CI GITHUB_ACTIONS
OSV-SCREEN {"schemaVersion":1,"kind":"direct","status":"clean","digest":"f9a171016d3bce5d7ffbe98bef734cc204af1624b9f85e7af955563e34347bd3","specCount":1,"lockfiles":{"digest":null,"files":[]},"maliciousAdvisories":[],"screenedAt":"2026-09-08T02:15:14.694Z","cacheHit":false,"clearancePath":"/home/runner/v2-kOkTkh/security/direct.json"}
  SECURITY direct clean: 1 exact package-version(s), tree f9a171016d3b
  VENUE-OBSERVE-USER {"uid":1001,"user":"runner","umask":"0022","capBnd":"000001ffffffffff","noNewPrivs":"0"}
  VENUE-NUB-BINARY {"path":"/tmp/nub/target/release/nub","sha256":"2a18683f50f7afeb02a521cd3cae175dc2f91780d461c5f012065241f5a1447b","bytes":207643464,"features":{"buildJailCatalogOverride":true,"pythonDontWriteBytecodeEnv":true}}
OSV-SCREEN {"schemaVersion":1,"kind":"npm-observe-resolved","status":"clean","digest":"ee22fb38e81086dce26db9084afc9074d0bb725fb302e97ff7c5fc20035ae4e9","specCount":179,"lockfiles":{"digest":"5c5442a43a417db1b076bc6165a5a5ed1f664279acf00e432263a0b0584f0be9","files":[{"path":"package-lock.json","sha256":"fd4c458bb8a42fa978380d41f0cecd7e1b4419ed83aab0ea871f2a7268f610d8","bytes":79214}]},"maliciousAdvisories":[],"screenedAt":"2026-09-08T02:15:17.484Z","cacheHit":false,"clearancePath":"/home/runner/v2-kOkTkh/security/npm-observe-resolved.json"}
  SECURITY npm-observe-resolved clean: 179 exact package-version(s), tree ee22fb38e810
  OBSERVE   rc=0 files=1206 trace=14995 lines
  CLOSURE   158 packages evicted per arm
  ARM-FALSIFIABILITY {"manifestFiles":9,"filesTheScriptProduced":1,"reasons":[]}
  RAWLOG-FILE /home/runner/v2-kOkTkh/observe/trace.txt.gz
  RAWLOG-CAPTURE /home/runner/v2-kOkTkh/observe/capture.json
  RAWLOG-BYTES raw=3184250 gz=95866
  VENUE-INTERPRETER /opt/hostedtoolcache/node/22.23.2/x64
  VENUE-OVERRIDES {"set":{"HOME":"/home/runner/v2-kOkTkh/jailhome","TMPDIR":"/tmp/nub-tmp-obsXHxOjM","NODE_COMPAT":"1","PLAYWRIGHT_BROWSERS_PATH":"/home/runner/.cache/nub/pm/tools/ms-playwright","ELECTRON_CACHE":"/home/runner/.cache/nub/pm/tools/electron-cache","electron_config_cache":"/home/runner/.cache/nub/pm/tools/electron-cache","npm_config_prefix":"/home/runner/.cache/nub/pm/tools/npm-prefix","PYTHONDONTWRITEBYTECODE":"1","NUB_CACHE_DIR":"/home/runner/v2-kOkTkh/nubcache"},"unset":["CI","GITHUB_ACTIONS"],"passedThrough":{"CI":"true","GITHUB_ACTIONS":"true","NODE_ENV":null}}
  == ATTRIBUTION == attributed pids: 19
    writes  script 1  /  whole traced tree 1089
    sockets script 8  /  whole traced tree 14
  == ROOTS (from capture.json — R2: no ambient reads) ==
    project       /home/runner/v2-kOkTkh/observe
    home          /home/runner
    jailHome      /home/runner/v2-kOkTkh/jailhome
    globalStore   /home/runner/.cache/nub/pm/store   [declared, not keyed on]
    projectStore  /home/runner/v2-kOkTkh/observe/node_modules/.store   [declared, not keyed on]
    interpreter   /opt/hostedtoolcache/node/22.23.2/x64   [declared, not keyed on]
    toolsDir      /home/runner/.cache/nub/pm/tools   [declared, not keyed on]
    temp          /tmp/nub-tmp-obsXHxOjM
    npmPrefix     /home/runner/.cache/nub/pm/tools/npm-prefix
    ownPkg        /home/runner/v2-kOkTkh/observe/node_modules/zopflipng-bin
  == WRITES the script actually performed ==
    ownPkg        1  (base profile already grants this — NOT billed)
        /home/runner/v2-kOkTkh/observe/node_modules/zopflipng-bin/vendor/zopflipng
  == NETWORK ==
    AF_INET sockets: 8   distinct peers: 3
        127.0.0.53:53
        104.16.6.34:443
        185.199.108.133:443
  == REFUSALS (only `= -1 EACCES/EPERM/EROFS`) ==
    distinct: 0
  == SYNTHESIZED GRANT (verify this in the real unprivileged jail) ==
    {"network":true}
  == writePaths (DERIVED — promotion out of the package's PRIVATE home) ==
    private-home writes observed: 0
    none declared — the script wrote nothing into its private home — there is nothing to promote
  == writePaths FEASIBILITY (distinct writes outside project/deps) ==
    count: 0
    EVENTS    6972 distinct from 14742 calls (14996 lines, 224 rejoined, 0 unparsed)
    PROCS     26   lifecycle shells 14
    ⛔ 3 paths with an UNRESOLVED dirfd — kept, marked, never guessed
    unsubscribed/unmapped syscalls: setsockopt×45 getsockname×37 exit×20 getsockopt×15 recvmsg×11 getcwd×7 socketpair×6 shutdown×5
    wrote /home/runner/v2-kOkTkh/observe/events.ndjson.gz (44396 bytes)
  EVENTLOG-FILE /home/runner/v2-kOkTkh/observe/events.ndjson.gz
  EVENTLOG-STATS {"lines":14996,"parsed":14742,"unparsed":0,"unfinished":224,"rejoined":224,"unresolvedDirfd":3,"truncatedArg":0,"procs":26,"lifecyclePids":14,"distinctEvents":6972,"unknownSyscall":{"getsockname":37,"getsockopt":15,"getcwd":7,"recvmsg":11,"exit":20,"setsockopt":45,"sendmmsg":3,"socketpair":6,"shutdown":5,"exit_group":4,"wait4":4},"out":"/home/runner/v2-kOkTkh/observe/events.ndjson.gz","gzipBytes":44396}
  EVICT     107 store entries removed, 5 spared as nub tooling
  SE-PURGE  0 side-effects-cache entries for zopflipng-bin
OSV-SCREEN {"schemaVersion":1,"kind":"nub-synth-resolved","status":"clean","digest":"bb6e211993b95002614210dadaf509bbb2788e3dfcbc2b1e6fc08686790030cf","specCount":183,"lockfiles":{"digest":"02bf3234ced99b95d20ca2c6a1ff18233461636b0ac8134745d86773a7c8048b","files":[{"path":"nub.lock","sha256":"293843d1806b8944403594058b671d3ead9acdc7e53c7391bcbccbfc1e73c4c8","bytes":43999}]},"maliciousAdvisories":[],"screenedAt":"2026-09-08T02:15:21.720Z","cacheHit":false,"clearancePath":"/home/runner/v2-kOkTkh/security/nub-synth-resolved.json"}
  SECURITY nub-synth-resolved clean: 183 exact package-version(s), tree bb6e211993b9
  VENUE-STORE-LAYOUT isolated
  VERIFY[synth] rc=0 artifacts=9/9 missing=0 shortfall=none (tree 4649/1206) OVERRIDDEN=2 REJECTED=0 grant={"network":true}
  => VERIFIED {"network":true}   (observed, then verified)
  EVICT     178 store entries removed, 5 spared as nub tooling
  SE-PURGE  0 side-effects-cache entries for zopflipng-bin
OSV-SCREEN {"schemaVersion":1,"kind":"nub-drop-no-network-resolved","status":"clean","digest":"bb6e211993b95002614210dadaf509bbb2788e3dfcbc2b1e6fc08686790030cf","specCount":183,"lockfiles":{"digest":"02bf3234ced99b95d20ca2c6a1ff18233461636b0ac8134745d86773a7c8048b","files":[{"path":"nub.lock","sha256":"293843d1806b8944403594058b671d3ead9acdc7e53c7391bcbccbfc1e73c4c8","bytes":43999}]},"maliciousAdvisories":[],"screenedAt":"2026-09-08T02:15:21.720Z","cacheHit":true,"clearancePath":"/home/runner/v2-kOkTkh/security/nub-drop-no-network-resolved.json"}
  SECURITY nub-drop-no-network-resolved clean: 183 exact package-version(s), tree bb6e211993b9 (cached exact-tree clearance)
  VERIFY[drop-no-network] rc=0 artifacts=9/9 missing=0 shortfall=none (tree 4649/1206) OVERRIDDEN=2 REJECTED=0 grant={}
     ⛔ OVER-PREDICTED: dropping 'no-network' STILL VERIFIES — {} is sufficient
  => OVER-PREDICTED by: no-network  (synthesized {"network":true}; each named capability drops on its own)
