### graphql-shield@5.7.3   (D:\jail\m-graphqlshield-mtsljvb1)
  CI-ENV scrubbed: CI GITHUB_ACTIONS
OSV-SCREEN {"schemaVersion":1,"kind":"direct","status":"clean","digest":"ba8b031dced7a6e298a30e00cd60cfca0d605f3c32b24db4329306d19771c842","specCount":1,"lockfiles":{"digest":null,"files":[]},"maliciousAdvisories":[],"screenedAt":"2026-09-08T11:39:10.118Z","cacheHit":false,"clearancePath":"D:\\jail\\m-graphqlshield-mtsljvb1\\security\\direct.json"}
  SECURITY direct clean: 1 exact package-version(s), tree ba8b031dced7
OSV-SCREEN {"schemaVersion":1,"kind":"npm-observe-resolved","status":"clean","digest":"5823cf96e79ce3551305b0f7c73f6bbcd81448c0d061df88070ba127cacdc99b","specCount":25,"lockfiles":{"digest":"a63e14180d2a09c8e266c7552ed49996325f3f261789e6dcff2a6cb02843d65c","files":[{"path":"package-lock.json","sha256":"68f48746c8e8fae06c213cb250d20557e342d9e5ad8b5815c66a579438529953","bytes":10800}]},"maliciousAdvisories":[],"screenedAt":"2026-09-08T11:39:13.972Z","cacheHit":false,"clearancePath":"D:\\jail\\m-graphqlshield-mtsljvb1\\security\\npm-observe-resolved.json"}
  SECURITY npm-observe-resolved clean: 25 exact package-version(s), tree 5823cf96e79c
  CAPTURE user=runnervmeef0v\runneradmin elevated=True rootPid=6288 exit=0 events=62229 lost=0
  VENUE-OBSERVE-USER runnervmeef0v\runneradmin elevated=true privDropped={"SeBackupPrivilege":"removed","SeRestorePrivilege":"removed","SeTakeOwnershipPrivilege":"removed"}
  OBSERVE artifacts: 27 files  (D:\jail\m-graphqlshield-mtsljvb1\observe\node_modules\graphql-shield)
  ARM-FALSIFIABILITY {"manifestFiles":27,"filesTheScriptProduced":0,"reasons":["gate-vacuous"]}
  ⛔ ARMS-UNFALSIFIABLE — a green arm for this package carries no evidence:
       gate-vacuous: the script changed no file the artifact gate keys on — every file in the manifest (27) was already present at its final size before the script ran, so the gate passes in every arm including a completely broken one
       The grant may still be correct; what is missing is a signal that could have gone
       red. Do not read this record's MINIMAL as a passing measurement.
  CLOSURE 25 packages evicted per arm
  8.3 MAP 0 components resolved on runnervmeef0v, folded into capture.json
  == ROOTS (from capture.json — R2: no ambient reads) ==
    project       D:\jail\m-graphqlshield-mtsljvb1\observe   [keyed on]
    home          C:\Users\runneradmin   [keyed on]
    jailHome      (null — declared inapplicable)
    globalStore   C:\Users\runneradmin\AppData\Local\nub\pm\store
    projectStore  D:\jail\m-graphqlshield-mtsljvb1\observe\node_modules\.store
    interpreter   C:\hostedtoolcache\windows\node\22.23.2\x64\node.exe
    toolsDir      C:\Users\runneradmin\AppData\Local\nub\pm\tools
    temp          D:\jail\m-graphqlshield-mtsljvb1\tmp   [keyed on]
    npmPrefix     (null — declared inapplicable)
    ownPkg        D:\jail\m-graphqlshield-mtsljvb1\observe\node_modules\graphql-shield
  == ATTRIBUTION == lifecycle pids: 2 (root 6288)
    writes  script 0  /  whole traced tree 7
    peers   script 1  /  whole traced tree 1
  == WRITES ==
  == READS ==
    deps          7
    outside       6
    project       1
    systemfs     31
  == NETWORK ==
    distinct peers: 1
        172.67.71.29:443
  == REFUSALS (adapter-classified) ==
    distinct: 0
  == SYNTHESIZED GRANT (verify this in the real unprivileged jail) ==
    {"network":true}
  RAW       etw-raw.xml.gz  78164453 B xml -> 1210247 B gz (64.6x)  sha256 797610490b8e661e…
  HEADER    etw-header.json (5100 bytes)
  DERIVED   5308 distinct from 6707 kept ops (62229 xml events, 13462 out of subtree)
  PROCS     4   thread-reattributed 0
  8.3       0 expanded, 0 kept short, 0 not covered  [map: recorded 8.3 map (0 components, resolved on runnervmeef0v)]
  wrote events.ndjson.gz (67182 bytes)
  RAWLOG-CAPTURE D:\jail\m-graphqlshield-mtsljvb1\cap\capture.json
  VENUE-NUB-BINARY {"path":"C:/Users/RUNNER~1/AppData/Local/Temp/nub/target/release/nub.exe","sha256":"f186817a44be332fee712b4936a071a0b5f9cde18a1d2fdc3a791729d4bf1005","bytes":68717056,"features":{"buildJailCatalogOverride":true,"pythonDontWriteBytecodeEnv":true}}
  VENUE-INTERPRETER C:\hostedtoolcache\windows\node\22.23.2\x64\node.exe
  VENUE-JAIL-ROOT D:\jail\m-graphqlshield-mtsljvb1
  VENUE-OVERRIDES {"set":{"npm_config_cache":"D:\\jail\\m-graphqlshield-mtsljvb1\\npm-cache","TMP":"D:\\jail\\m-graphqlshield-mtsljvb1\\tmp","TEMP":"D:\\jail\\m-graphqlshield-mtsljvb1\\tmp","TMPDIR":"D:\\jail\\m-graphqlshield-mtsljvb1\\tmp"},"unset":["CI","GITHUB_ACTIONS"],"notRedirected":{"USERPROFILE":"C:\\Users\\runneradmin","why":"the jail leaves HOME/USERPROFILE alone — `build_jail.rs` sandbox_homes() reads the ambient value and `compiler/defaults.rs` BASELINE_ENV_EXACT passes it through — so there is no private jail home to reproduce and redirecting one would measure an environment no confined script sees"},"passedThrough":{"CI":"true","GITHUB_ACTIONS":"true","NODE_ENV":null}}
  STORE   isolated virtual store at D:\jail\m-graphqlshield-mtsljvb1\verify-synth\.cache
  VENUE-STORE-LAYOUT isolated
OSV-SCREEN {"schemaVersion":1,"kind":"nub-synth-resolved","status":"clean","digest":"5823cf96e79ce3551305b0f7c73f6bbcd81448c0d061df88070ba127cacdc99b","specCount":25,"lockfiles":{"digest":"a03e3dcc4f281766c8bdf90c7db84dd6436de9220f86bdb3f6e4657fe741e497","files":[{"path":"nub.lock","sha256":"a01e429f76daec9ddd08a678cff2da7f74fd62850fceb4e66d55cf1a00328858","bytes":7202}]},"maliciousAdvisories":[],"screenedAt":"2026-09-08T11:39:13.972Z","cacheHit":true,"clearancePath":"D:\\jail\\m-graphqlshield-mtsljvb1\\security\\nub-synth-resolved.json"}
  SECURITY nub-synth-resolved clean: 25 exact package-version(s), tree 5823cf96e79c (cached exact-tree clearance)
  VERIFY[synth] rc=0 artifacts=27/27 missing=0 shortfall=none (tree 8219/2428) OVERRIDDEN=2 REJECTED=0 grant={"network":true}
  => MINIMUM {"network":true}   (observed, then verified)
  STORE   isolated virtual store at D:\jail\m-graphqlshield-mtsljvb1\verify-nar-no-network\.cache
OSV-SCREEN {"schemaVersion":1,"kind":"nub-nar-no-network-resolved","status":"clean","digest":"5823cf96e79ce3551305b0f7c73f6bbcd81448c0d061df88070ba127cacdc99b","specCount":25,"lockfiles":{"digest":"a03e3dcc4f281766c8bdf90c7db84dd6436de9220f86bdb3f6e4657fe741e497","files":[{"path":"nub.lock","sha256":"a01e429f76daec9ddd08a678cff2da7f74fd62850fceb4e66d55cf1a00328858","bytes":7202}]},"maliciousAdvisories":[],"screenedAt":"2026-09-08T11:39:13.972Z","cacheHit":true,"clearancePath":"D:\\jail\\m-graphqlshield-mtsljvb1\\security\\nub-nar-no-network-resolved.json"}
  SECURITY nub-nar-no-network-resolved clean: 25 exact package-version(s), tree 5823cf96e79c (cached exact-tree clearance)
  VERIFY[nar-no-network] rc=0 artifacts=27/27 missing=0 shortfall=none (tree 8219/2428) OVERRIDDEN=2 REJECTED=0 grant={}
     ⛔ OVER-PREDICTED — the strictly narrower {} also verifies; 'no-network' was not needed
