### robotjs@0.9.1   (/home/runner/v2-VZ9TrN)
  CI-ENV scrubbed: CI GITHUB_ACTIONS
OSV-SCREEN {"schemaVersion":1,"kind":"direct","status":"clean","digest":"c5fc3d0542ce91582d0030aba41d1ef68c78b51b925e6342da9ddcc4dfe0505f","specCount":1,"lockfiles":{"digest":null,"files":[]},"maliciousAdvisories":[],"screenedAt":"2026-09-09T04:59:09.862Z","cacheHit":false,"clearancePath":"/home/runner/v2-VZ9TrN/security/direct.json"}
  SECURITY direct clean: 1 exact package-version(s), tree c5fc3d0542ce
  VENUE-OBSERVE-USER {"uid":1001,"user":"runner","umask":"0022","capBnd":"000001ffffffffff","noNewPrivs":"0"}
  VENUE-NUB-BINARY {"path":"/tmp/nub/target/release/nub","sha256":"2a18683f50f7afeb02a521cd3cae175dc2f91780d461c5f012065241f5a1447b","bytes":207643464,"features":{"buildJailCatalogOverride":true,"pythonDontWriteBytecodeEnv":true}}
OSV-SCREEN {"schemaVersion":1,"kind":"npm-observe-resolved","status":"clean","digest":"194664d6d3b9255df2219d0b629ae092e21df7fe4c9f9eab271be16958ad3535","specCount":3,"lockfiles":{"digest":"b6dc0a762d674ebd25c91124457138edfd49ad091fffedbe4be105ddcddc0302","files":[{"path":"package-lock.json","sha256":"0d8b777c52b866de9175422e434d0b731c5a99c6e0939e8486c372eb8fc40955","bytes":1401}]},"maliciousAdvisories":[],"screenedAt":"2026-09-09T04:59:11.036Z","cacheHit":false,"clearancePath":"/home/runner/v2-VZ9TrN/security/npm-observe-resolved.json"}
  SECURITY npm-observe-resolved clean: 3 exact package-version(s), tree 194664d6d3b9
  OBSERVE   rc=0 files=98 trace=10967 lines
  CLOSURE   3 packages evicted per arm
  ARM-FALSIFIABILITY {"manifestFiles":67,"filesTheScriptProduced":0,"reasons":["gate-vacuous"]}
  ⛔ ARMS-UNFALSIFIABLE — a green arm for this package carries no evidence:
       gate-vacuous: the script changed no file the artifact gate keys on — every file in the manifest (67) was already present at its final size before the script ran, so the gate passes in every arm including a completely broken one
       The grant may still be correct; what is missing is a signal that could have gone
       red. Do not read this record's MINIMAL as a passing measurement.
  RAWLOG-FILE /home/runner/v2-VZ9TrN/observe/trace.txt.gz
  RAWLOG-CAPTURE /home/runner/v2-VZ9TrN/observe/capture.json
  RAWLOG-BYTES raw=2392268 gz=70120
  VENUE-INTERPRETER /opt/hostedtoolcache/node/22.23.2/x64
  VENUE-OVERRIDES {"set":{"HOME":"/home/runner/v2-VZ9TrN/jailhome","TMPDIR":"/tmp/nub-tmp-obsrmazRv","NODE_COMPAT":"1","PLAYWRIGHT_BROWSERS_PATH":"/home/runner/.cache/nub/pm/tools/ms-playwright","ELECTRON_CACHE":"/home/runner/.cache/nub/pm/tools/electron-cache","electron_config_cache":"/home/runner/.cache/nub/pm/tools/electron-cache","npm_config_prefix":"/home/runner/.cache/nub/pm/tools/npm-prefix","PYTHONDONTWRITEBYTECODE":"1","NUB_CACHE_DIR":"/home/runner/v2-VZ9TrN/nubcache"},"unset":["CI","GITHUB_ACTIONS"],"passedThrough":{"CI":"true","GITHUB_ACTIONS":"true","NODE_ENV":null}}
  == ATTRIBUTION == attributed pids: 21
    writes  script 0  /  whole traced tree 1088
    sockets script 0  /  whole traced tree 4
  == ROOTS (from capture.json — R2: no ambient reads) ==
    project       /home/runner/v2-VZ9TrN/observe
    home          /home/runner
    jailHome      /home/runner/v2-VZ9TrN/jailhome
    globalStore   /home/runner/.cache/nub/pm/store   [declared, not keyed on]
    projectStore  /home/runner/v2-VZ9TrN/observe/node_modules/.store   [declared, not keyed on]
    interpreter   /opt/hostedtoolcache/node/22.23.2/x64   [declared, not keyed on]
    toolsDir      /home/runner/.cache/nub/pm/tools   [declared, not keyed on]
    temp          /tmp/nub-tmp-obsrmazRv
    npmPrefix     /home/runner/.cache/nub/pm/tools/npm-prefix
    ownPkg        /home/runner/v2-VZ9TrN/observe/node_modules/robotjs
  == WRITES the script actually performed ==
  == NETWORK ==
    AF_INET sockets: 0   distinct peers: 2
        127.0.0.53:53
        104.16.5.34:443
  == REFUSALS (only `= -1 EACCES/EPERM/EROFS`) ==
    distinct: 0
  == SYNTHESIZED GRANT (verify this in the real unprivileged jail) ==
    {}
  == writePaths (DERIVED — promotion out of the package's PRIVATE home) ==
    private-home writes observed: 0
    none declared — the script wrote nothing into its private home — there is nothing to promote
  == writePaths FEASIBILITY (distinct writes outside project/deps) ==
    count: 0
    EVENTS    4508 distinct from 10871 calls (10968 lines, 64 rejoined, 0 unparsed)
    PROCS     28   lifecycle shells 16
    ⛔ 3 paths with an UNRESOLVED dirfd — kept, marked, never guessed
    unsubscribed/unmapped syscalls: setsockopt×35 getsockname×25 exit×20 getsockopt×12 recvmsg×7 socketpair×6 wait4×6 shutdown×5
    wrote /home/runner/v2-VZ9TrN/observe/events.ndjson.gz (31838 bytes)
  EVENTLOG-FILE /home/runner/v2-VZ9TrN/observe/events.ndjson.gz
  EVENTLOG-STATS {"lines":10968,"parsed":10871,"unparsed":0,"unfinished":64,"rejoined":64,"unresolvedDirfd":3,"truncatedArg":0,"procs":28,"lifecyclePids":16,"distinctEvents":4508,"unknownSyscall":{"getsockname":25,"getsockopt":12,"getcwd":4,"recvmsg":7,"exit":20,"setsockopt":35,"sendmmsg":1,"socketpair":6,"shutdown":5,"exit_group":5,"wait4":6},"out":"/home/runner/v2-VZ9TrN/observe/events.ndjson.gz","gzipBytes":31838}
  EVICT     0 store entries removed, 0 spared as nub tooling
  SE-PURGE  0 side-effects-cache entries for robotjs
OSV-SCREEN {"schemaVersion":1,"kind":"nub-synth-resolved","status":"clean","digest":"194664d6d3b9255df2219d0b629ae092e21df7fe4c9f9eab271be16958ad3535","specCount":3,"lockfiles":{"digest":"e866a21f263f725b6f4d6ab580c6c064885e5460c5adc1747a624929a407db80","files":[{"path":"nub.lock","sha256":"bf5a732b90c269ba1d0a8f75711a8d9aa90c9307ced86d87e74ba161f9c4661a","bytes":823}]},"maliciousAdvisories":[],"screenedAt":"2026-09-09T04:59:11.036Z","cacheHit":true,"clearancePath":"/home/runner/v2-VZ9TrN/security/nub-synth-resolved.json"}
  SECURITY nub-synth-resolved clean: 3 exact package-version(s), tree 194664d6d3b9 (cached exact-tree clearance)
  VENUE-STORE-LAYOUT isolated
  VERIFY[synth] rc=0 artifacts=67/67 missing=0 shortfall=none (tree 296/98) OVERRIDDEN=2 REJECTED=0 grant={}
  => VERIFIED {}   (observed, then verified)
  DESCEND   grant is already empty — nothing to narrow; MINIMAL by construction.
