### weak-napi@2.0.2   (/home/runner/v2-McVyLm)
  CI-ENV scrubbed: CI GITHUB_ACTIONS
OSV-SCREEN {"schemaVersion":1,"kind":"direct","status":"clean","digest":"3ac92dfa1185ef054749d8d68f961a378bf7c5b62942d8265e7300fb188e3cc4","specCount":1,"lockfiles":{"digest":null,"files":[]},"maliciousAdvisories":[],"screenedAt":"2026-09-08T02:07:58.319Z","cacheHit":false,"clearancePath":"/home/runner/v2-McVyLm/security/direct.json"}
  SECURITY direct clean: 1 exact package-version(s), tree 3ac92dfa1185
  VENUE-OBSERVE-USER {"uid":1001,"user":"runner","umask":"0022","capBnd":"000001ffffffffff","noNewPrivs":"0"}
  VENUE-NUB-BINARY {"path":"/tmp/nub/target/release/nub","sha256":"2a18683f50f7afeb02a521cd3cae175dc2f91780d461c5f012065241f5a1447b","bytes":207643464,"features":{"buildJailCatalogOverride":true,"pythonDontWriteBytecodeEnv":true}}
OSV-SCREEN {"schemaVersion":1,"kind":"npm-observe-resolved","status":"clean","digest":"b777cfa48bf08ad84b6e829572af8a8eba0b9a0562602eb97d1b085dc16db64d","specCount":6,"lockfiles":{"digest":"694f861b87e85694ce57a319bb214687e003d2842492af85270272e5632193cd","files":[{"path":"package-lock.json","sha256":"29370306d554d90b9e222983b3be8af901b30a9e8fa8192dfc70654accf101b9","bytes":2667}]},"maliciousAdvisories":[],"screenedAt":"2026-09-08T02:07:59.602Z","cacheHit":false,"clearancePath":"/home/runner/v2-McVyLm/security/npm-observe-resolved.json"}
  SECURITY npm-observe-resolved clean: 6 exact package-version(s), tree b777cfa48bf0
  OBSERVE   rc=0 files=80 trace=10927 lines
  CLOSURE   6 packages evicted per arm
  ARM-FALSIFIABILITY {"manifestFiles":25,"filesTheScriptProduced":0,"reasons":["gate-vacuous"]}
  ⛔ ARMS-UNFALSIFIABLE — a green arm for this package carries no evidence:
       gate-vacuous: the script changed no file the artifact gate keys on — every file in the manifest (25) was already present at its final size before the script ran, so the gate passes in every arm including a completely broken one
       The grant may still be correct; what is missing is a signal that could have gone
       red. Do not read this record's MINIMAL as a passing measurement.
  RAWLOG-FILE /home/runner/v2-McVyLm/observe/trace.txt.gz
  RAWLOG-CAPTURE /home/runner/v2-McVyLm/observe/capture.json
  RAWLOG-BYTES raw=2391430 gz=70094
  VENUE-INTERPRETER /opt/hostedtoolcache/node/22.23.2/x64
  VENUE-OVERRIDES {"set":{"HOME":"/home/runner/v2-McVyLm/jailhome","TMPDIR":"/tmp/nub-tmp-obszYlvdv","NODE_COMPAT":"1","PLAYWRIGHT_BROWSERS_PATH":"/home/runner/.cache/nub/pm/tools/ms-playwright","ELECTRON_CACHE":"/home/runner/.cache/nub/pm/tools/electron-cache","electron_config_cache":"/home/runner/.cache/nub/pm/tools/electron-cache","npm_config_prefix":"/home/runner/.cache/nub/pm/tools/npm-prefix","PYTHONDONTWRITEBYTECODE":"1","NUB_CACHE_DIR":"/home/runner/v2-McVyLm/nubcache"},"unset":["CI","GITHUB_ACTIONS"],"passedThrough":{"CI":"true","GITHUB_ACTIONS":"true","NODE_ENV":null}}
  == ATTRIBUTION == attributed pids: 21
    writes  script 0  /  whole traced tree 1088
    sockets script 0  /  whole traced tree 6
  == ROOTS (from capture.json — R2: no ambient reads) ==
    project       /home/runner/v2-McVyLm/observe
    home          /home/runner
    jailHome      /home/runner/v2-McVyLm/jailhome
    globalStore   /home/runner/.cache/nub/pm/store   [declared, not keyed on]
    projectStore  /home/runner/v2-McVyLm/observe/node_modules/.store   [declared, not keyed on]
    interpreter   /opt/hostedtoolcache/node/22.23.2/x64   [declared, not keyed on]
    toolsDir      /home/runner/.cache/nub/pm/tools   [declared, not keyed on]
    temp          /tmp/nub-tmp-obszYlvdv
    npmPrefix     /home/runner/.cache/nub/pm/tools/npm-prefix
    ownPkg        /home/runner/v2-McVyLm/observe/node_modules/weak-napi
  == WRITES the script actually performed ==
  == NETWORK ==
    AF_INET sockets: 0   distinct peers: 2
        127.0.0.53:53
        104.16.4.34:443
  == REFUSALS (only `= -1 EACCES/EPERM/EROFS`) ==
    distinct: 0
  == SYNTHESIZED GRANT (verify this in the real unprivileged jail) ==
    {}
  == writePaths (DERIVED — promotion out of the package's PRIVATE home) ==
    private-home writes observed: 0
    none declared — the script wrote nothing into its private home — there is nothing to promote
  == writePaths FEASIBILITY (distinct writes outside project/deps) ==
    count: 0
    EVENTS    4507 distinct from 10872 calls (10928 lines, 23 rejoined, 0 unparsed)
    PROCS     28   lifecycle shells 16
    ⛔ 3 paths with an UNRESOLVED dirfd — kept, marked, never guessed
    unsubscribed/unmapped syscalls: setsockopt×35 getsockname×26 exit×20 getsockopt×12 recvmsg×7 socketpair×6 wait4×6 shutdown×5
    wrote /home/runner/v2-McVyLm/observe/events.ndjson.gz (31858 bytes)
  EVENTLOG-FILE /home/runner/v2-McVyLm/observe/events.ndjson.gz
  EVENTLOG-STATS {"lines":10928,"parsed":10872,"unparsed":0,"unfinished":23,"rejoined":23,"unresolvedDirfd":3,"truncatedArg":0,"procs":28,"lifecyclePids":16,"distinctEvents":4507,"unknownSyscall":{"getsockname":26,"getsockopt":12,"getcwd":4,"recvmsg":7,"exit":20,"setsockopt":35,"sendmmsg":1,"socketpair":6,"shutdown":5,"exit_group":5,"wait4":6},"out":"/home/runner/v2-McVyLm/observe/events.ndjson.gz","gzipBytes":31858}
  EVICT     0 store entries removed, 0 spared as nub tooling
  SE-PURGE  0 side-effects-cache entries for weak-napi
OSV-SCREEN {"schemaVersion":1,"kind":"nub-synth-resolved","status":"clean","digest":"b777cfa48bf08ad84b6e829572af8a8eba0b9a0562602eb97d1b085dc16db64d","specCount":6,"lockfiles":{"digest":"d3c48e7176927fef086d54097b53d12bc08db3c053c209245382ac2d83faa652","files":[{"path":"nub.lock","sha256":"9d68e912b4c0114a61a5912cc2464f714e42d37f82c603035e47248106ac3786","bytes":1620}]},"maliciousAdvisories":[],"screenedAt":"2026-09-08T02:07:59.602Z","cacheHit":true,"clearancePath":"/home/runner/v2-McVyLm/security/nub-synth-resolved.json"}
  SECURITY nub-synth-resolved clean: 6 exact package-version(s), tree b777cfa48bf0 (cached exact-tree clearance)
  VENUE-STORE-LAYOUT isolated
  VERIFY[synth] rc=0 artifacts=25/25 missing=0 shortfall=none (tree 250/80) OVERRIDDEN=2 REJECTED=0 grant={}
  => VERIFIED {}   (observed, then verified)
  DESCEND   grant is already empty — nothing to narrow; MINIMAL by construction.
