OSV-SCREEN {"schemaVersion":1,"kind":"direct","status":"clean","digest":"203a9630e97a9cac9f4ec6bb1c03704f02a24f649aa040af0f0455856b7671bd","specCount":1,"lockfiles":{"digest":null,"files":[]},"maliciousAdvisories":[],"screenedAt":"2026-09-08T04:12:30.520Z","cacheHit":false,"clearancePath":"/Users/runner/v2m-qDXhmf/security/direct.json"}
  SECURITY direct clean: 1 exact package-version(s), tree 203a9630e97a
### backport@12.0.4   (/Users/runner/v2m-qDXhmf)   nub=/tmp/nub/target/release/nub
  VENUE-NUB-BINARY {"path":"/tmp/nub/target/release/nub","sha256":"f923f9d246b7061a3e88675efb7b4fdcda741d02368002ce6e7f7044b01e7bbe","bytes":93818888,"features":{"buildJailCatalogOverride":true,"pythonDontWriteBytecodeEnv":true}}
  CI-ENV scrubbed: CI GITHUB_ACTIONS
  --- fbt preflight (advisory; never fails the run) ---
     csrutil: System Integrity Protection status: disabled.
     fbt probes visible: 93591
     fbt enable attempt: dtrace: description 'fbt:::entry ' matched 50364 probes CPU     ID                    FUNCTION:NAME 
     cwd builtin value:  
     fbt chdir symbols:  
     fbt fires on spawn-with-cwd: dtrace: invalid probe specifier fbt::chdir*:entry /progenyof($target)/ { @[probefunc] = count(); }: probe description fbt::chdir*:entry does not match any probes 
  --- end fbt preflight ---
OSV-SCREEN {"schemaVersion":1,"kind":"npm-observe-resolved","status":"clean","digest":"ca27074bf39dfa17675edeed6bc3fca7e0a6322fd4e3d2124332eeece8636381","specCount":126,"lockfiles":{"digest":"b1d0a525c1a021d9f0cee36d67d8c0937540f21d85cb2ab9976c5a30d379efd7","files":[{"path":"package-lock.json","sha256":"b61c1deacb3e82edf93bbea83f6400e3d4658f66a110289f21cdbab138515589","bytes":59484}]},"maliciousAdvisories":[],"screenedAt":"2026-09-08T04:12:40.333Z","cacheHit":false,"clearancePath":"/Users/runner/v2m-qDXhmf/security/npm-observe-resolved.json"}
  SECURITY npm-observe-resolved clean: 126 exact package-version(s), tree ca27074bf39d
  VENUE-CI-CHILD clean (no CI-detection variable reaches the traced script)
  --- wrapper (run.sh) ---
     cd "/Users/runner/v2m-qDXhmf/Observe"
     sudo -u "runner" -H env "PATH=$PATH"   "HOME=/Users/runner/v2m-qDXhmf/jailhome"   "TMPDIR=/private/var/folders/bl/vzjcvbz95c3dk19cb0fw46180000gn/T/nub-tmp-obsIshEjC"   "NODE_COMPAT=1"   "PYTHONDONTWRITEBYTECODE=1"   "PLAYWRIGHT_BROWSERS_PATH=/Users/runner/.cache/nub/pm/tools/ms-playwright"   "ELECTRON_CACHE=/Users/runner/.cache/nub/pm/tools/electron-cache"   "electron_config_cache=/Users/runner/.cache/nub/pm/tools/electron-cache"   "npm_config_prefix=/Users/runner/.cache/nub/pm/tools/npm-prefix"   "/Users/runner/hostedtoolcache/node/22.23.2/arm64/bin/npm" rebuild --no-audit --no-fund "backport" > "/Users/runner/v2m-qDXhmf/Observe/npm.log" 2>&1
     echo $? > "/Users/runner/v2m-qDXhmf/Observe/rc"
  --- dtrace stderr + wrapper trace ---
     + cd /Users/runner/v2m-qDXhmf/Observe
     + sudo -u runner -H env PATH=/Users/runner/hostedtoolcache/node/22.23.2/arm64/bin:/opt/homebrew/lib/ruby/gems/3.3.0/bin:/opt/homebrew/opt/ruby@3.3/bin:/Users/runner/.local/bin:/opt/homebrew/bin:/opt/homebrew/sbin:/Users/runner/.cargo/bin:/usr/local/opt/curl/bin:/usr/local/bin:/usr/local/sbin:/Users/runner/bin:/Users/runner/.yarn/bin:/Users/runner/Library/Android/sdk/tools:/Users/runner/Library/Android/sdk/platform-tools:/Library/Frameworks/Python.framework/Versions/Current/bin:/Library/Frameworks/Mono.framework/Versions/Current/Commands:/usr/bin:/bin:/usr/sbin:/sbin:/Users/runner/.dotnet/tools HOME=/Users/runner/v2m-qDXhmf/jailhome TMPDIR=/private/var/folders/bl/vzjcvbz95c3dk19cb0fw46180000gn/T/nub-tmp-obsIshEjC NODE_COMPAT=1 PYTHONDONTWRITEBYTECODE=1 PLAYWRIGHT_BROWSERS_PATH=/Users/runner/.cache/nub/pm/tools/ms-playwright ELECTRON_CACHE=/Users/runner/.cache/nub/pm/tools/electron-cache electron_config_cache=/Users/runner/.cache/nub/pm/tools/electron-cache npm_config_prefix=/Users/runner/.cache/nub/pm/tools/npm-prefix /Users/runner/hostedtoolcache/node/22.23.2/arm64/bin/npm rebuild --no-audit --no-fund backport
     dtrace: error on enabled probe ID 128 (ID 286: syscall::execve:entry): invalid address (0x600002ec4090) in action #1 at DIF offset 20
     + echo 0
  OBSERVE   rc=0 dtrace_rc=0 files=3812 (pre=3810) trace=13344 lines
  CLOSURE   122 packages evicted per arm   store=/Users/runner/.cache/nub/pm/store
  RAWLOG-FILE /Users/runner/v2m-qDXhmf/Observe/trace.txt.gz
  RAWLOG-CAPTURE /Users/runner/v2m-qDXhmf/Observe/capture.json
  RAWLOG-BYTES raw=2261568 gz=71767
  VENUE-INTERPRETER /Users/runner/hostedtoolcache/node/22.23.2/arm64
  VENUE-OVERRIDES {"set":{"PATH":"inherited-and-forwarded","HOME":"/Users/runner/v2m-qDXhmf/jailhome","TMPDIR":"/private/var/folders/bl/vzjcvbz95c3dk19cb0fw46180000gn/T/nub-tmp-obsIshEjC","NODE_COMPAT":"1","PYTHONDONTWRITEBYTECODE":"1","PLAYWRIGHT_BROWSERS_PATH":"/Users/runner/.cache/nub/pm/tools/ms-playwright","ELECTRON_CACHE":"/Users/runner/.cache/nub/pm/tools/electron-cache","electron_config_cache":"/Users/runner/.cache/nub/pm/tools/electron-cache","npm_config_prefix":"/Users/runner/.cache/nub/pm/tools/npm-prefix"},"unset":["(sudo env_reset discards the caller environment; every var above is re-set after it)","CI","GITHUB_ACTIONS"],"passedThrough":{"CI":"true","GITHUB_ACTIONS":"true","NODE_ENV":null}}
  VENUE-OBSERVE-USER runner uid=501 (R7: ordinary non-root user, asserted)
  ARM-FALSIFIABILITY {"manifestFiles":284,"filesTheScriptProduced":0,"reasons":["gate-vacuous"]}
  ⛔ ARMS-UNFALSIFIABLE — a green arm for this package carries no evidence:
       gate-vacuous: the script changed no file the artifact gate keys on — every file in the manifest (284) was already present at its final size before the script ran, so the gate passes in every arm including a completely broken one
       The grant may still be correct; what is missing is a signal that could have gone
       red. Do not read this record's MINIMAL as a passing measurement.
  EVENTLOG-FILE /Users/runner/v2m-qDXhmf/Observe/events.ndjson.gz
  EVENTLOG-STATS {"lines":13345,"parsed":13327,"unparsed":0,"live":true,"tracerErrors":1,"tracerErrorTotal":1,"unresolvedDirfd":21,"unresolvedFd":0,"pairedTwoPath":541,"danglingPair":0,"failed":5197,"enoent":5193,"refusals":0,"byErrno":{"ENXIO":3,"ENOENT":5193,"EEXIST":1},"procs":6,"lifecyclePids":1,"distinctEvents":6138,"emitted":6138,"calls":12774,"bytes":1219057,"gzipBytes":41548,"out":"/Users/runner/v2m-qDXhmf/Observe/events.ndjson"}
  == TRACER == live=true decodable-events=3436 dropped-events=1
    NOTE 14 relative path(s) under a non-AT_FDCWD dirfd were not
       scope-assigned: resolving them against the cwd would invent a path.
    ⛔ CWD-UNOBSERVED 4 relative path(s) (0 write(s)) came from a lifecycle
       process whose own cwd was never observed
       macOS spawns with posix_spawn addchdir_np, which changes directory in-kernel and
       emits no chdir syscall, so the inherited cwd cannot be trusted. These are NOT
       scope-assigned; the grant below is WIDENED instead so it covers wherever they landed.
         pid=78332 read  unproven .
         pid=78334 read  unproven .
         pid=78334 read  unproven .
         pid=78334 read  unproven .
    ⛔ THE TRACER DROPPED 1 EVENT(S). A dropped event is a path never
       seen, so the grant below can only be too NARROW — the direction that breaks installs.
       Treat it as a FLOOR, not a measurement, until the adapter fault is fixed:
             1 x  epid=128 action=1 fault=1 addr=0x600002ec4090
  == ATTRIBUTION == lifecycle pids: 1
    writes  script 5  /  whole traced subtree 1095
    sockets script 0  /  whole traced subtree 1
  == ROOTS (from /Users/runner/v2m-qDXhmf/Observe/capture.json; the classifier reads no other source) ==
    project       /Users/runner/v2m-qDXhmf/Observe
    home          /Users/runner
    jailHome      /Users/runner/v2m-qDXhmf/jailhome
    globalStore   /Users/runner/.cache/nub/pm/store
    projectStore  /Users/runner/v2m-qDXhmf/Observe/node_modules/.store
    interpreter   /Users/runner/hostedtoolcache/node/22.23.2/arm64
    toolsDir      /Users/runner/.cache/nub/pm/tools
    temp          /private/var/folders/bl/vzjcvbz95c3dk19cb0fw46180000gn/T/nub-tmp-obsIshEjC
    npmPrefix     /Users/runner/.cache/nub/pm/tools/npm-prefix
    ownPkg        /Users/runner/v2m-qDXhmf/Observe/node_modules/backport
    cwd           (null — this platform has no such root)
  == WRITES the script actually performed ==
    systemfs      1
        /dev/dtracehelper
    jailHome      4  (base profile already grants this — NOT billed)
        /Users/runner/v2m-qDXhmf/jailhome/.backport
        /Users/runner/v2m-qDXhmf/jailhome/.backport/backport.info.log
        /Users/runner/v2m-qDXhmf/jailhome/.backport/backport.debug.log
        /Users/runner/v2m-qDXhmf/jailhome/.backport/config.json
  == READS the script performed, by scope ==
    outside       3
    systemfs      8
    userHome      2
    ownPkg       10
    deps        108
        outside: /
        outside: /bin/bash
        outside: /bin
  == NETWORK ==
    AF_INET connects: 0   distinct peers: 0
  == REFUSALS (errno EPERM/EACCES/EROFS only; ENOENT is a miss, not a denial) ==
    distinct: 0
  == SYNTHESIZED GRANT (verify this in the real unprivileged jail) ==
    {"writePaths":[".backport"]}
  == writePaths (DERIVED — promotion out of the package's PRIVATE home) ==
    private-home writes observed: 4
        .backport
  == writePaths FEASIBILITY (distinct writes outside project/deps) ==
    count: 0
  EVICT[synth] 17 store entries removed, 0 spared as nub tooling, 270 in store
OSV-SCREEN {"schemaVersion":1,"kind":"nub-synth-resolved","status":"clean","digest":"466dd1dab098c111f2864df47ddb1fd2d9064a8ce0c45ee7b4ca97db0e3d458b","specCount":126,"lockfiles":{"digest":"aa95212e0588b2d2a08ab714194a9ba4c3cb5b9cf915cb9e1983f286ab8072aa","files":[{"path":"nub.lock","sha256":"6d9910a397bd6d9d017394211581662b59df959115d83bfc01001b284f6e5e2b","bytes":34767}]},"maliciousAdvisories":[],"screenedAt":"2026-09-08T04:12:45.708Z","cacheHit":false,"clearancePath":"/Users/runner/v2m-qDXhmf/security/nub-synth-resolved.json"}
  SECURITY nub-synth-resolved clean: 126 exact package-version(s), tree 466dd1dab098
  VENUE-STORE-LAYOUT isolated
  VERIFY[synth] rc=0 artifacts=284/284 missing=0 shortfall=none (tree 12522/3812) OVERRIDDEN=3 REJECTED=0 grant={"writePaths":[".backport"]}
  => VERIFIED {"writePaths":[".backport"]}
  NARROW    no capability to drop — the grant is already empty; over-prediction is 0 by construction
### DONE backport@12.0.4  synthesized={"writePaths":[".backport"]} verified=1
