### @appsignal/nodejs@3.8.1   (/home/runner/v2-lw0f5y)
  CI-ENV scrubbed: CI GITHUB_ACTIONS
OSV-SCREEN {"schemaVersion":1,"kind":"direct","status":"clean","digest":"11bff8f0196f70461114925703a746ce6ac3eff40b5bab97c1757447e98b999a","specCount":1,"lockfiles":{"digest":null,"files":[]},"maliciousAdvisories":[],"screenedAt":"2026-09-08T11:09:55.904Z","cacheHit":false,"clearancePath":"/home/runner/v2-lw0f5y/security/direct.json"}
  SECURITY direct clean: 1 exact package-version(s), tree 11bff8f0196f
  VENUE-OBSERVE-USER {"uid":1001,"user":"runner","umask":"0022","capBnd":"000001ffffffffff","noNewPrivs":"0"}
  VENUE-NUB-BINARY {"path":"/tmp/nub/target/release/nub","sha256":"2a18683f50f7afeb02a521cd3cae175dc2f91780d461c5f012065241f5a1447b","bytes":207643464,"features":{"buildJailCatalogOverride":true,"pythonDontWriteBytecodeEnv":true}}
OSV-SCREEN {"schemaVersion":1,"kind":"npm-observe-resolved","status":"clean","digest":"ccc9baab84676dac89fd57cbd68e90f0f5c1980b671c78e25c06565bc58f3c83","specCount":234,"lockfiles":{"digest":"9338bb9d6592712c047fd2e6d234923b48a84195ba1d0eba49608645763e1c90","files":[{"path":"package-lock.json","sha256":"d14573825550331b974794791e8e70b2946405c7634922c5dcbf4a6bebf0ff3d","bytes":183122}]},"maliciousAdvisories":[],"screenedAt":"2026-09-08T11:10:12.128Z","cacheHit":false,"clearancePath":"/home/runner/v2-lw0f5y/security/npm-observe-resolved.json"}
  SECURITY npm-observe-resolved clean: 234 exact package-version(s), tree ccc9baab8467
  OBSERVE   rc=0 files=41216 trace=150794 lines
  CLOSURE   207 packages evicted per arm
  ARM-FALSIFIABILITY {"manifestFiles":107,"filesTheScriptProduced":21,"reasons":[]}
  RAWLOG-FILE /home/runner/v2-lw0f5y/observe/trace.txt.gz
  RAWLOG-CAPTURE /home/runner/v2-lw0f5y/observe/capture.json
  RAWLOG-BYTES raw=30335172 gz=671074
  VENUE-INTERPRETER /opt/hostedtoolcache/node/22.23.2/x64
  VENUE-OVERRIDES {"set":{"HOME":"/home/runner/v2-lw0f5y/jailhome","TMPDIR":"/tmp/nub-tmp-obsgIYgDd","NODE_COMPAT":"1","PLAYWRIGHT_BROWSERS_PATH":"/home/runner/.cache/nub/pm/tools/ms-playwright","ELECTRON_CACHE":"/home/runner/.cache/nub/pm/tools/electron-cache","electron_config_cache":"/home/runner/.cache/nub/pm/tools/electron-cache","npm_config_prefix":"/home/runner/.cache/nub/pm/tools/npm-prefix","PYTHONDONTWRITEBYTECODE":"1","NUB_CACHE_DIR":"/home/runner/v2-lw0f5y/nubcache"},"unset":["CI","GITHUB_ACTIONS"],"passedThrough":{"CI":"true","GITHUB_ACTIONS":"true","NODE_ENV":null}}
  == ATTRIBUTION == attributed pids: 132
    writes  script 6704  /  whole traced tree 7792
    sockets script 6  /  whole traced tree 9
  == ROOTS (from capture.json — R2: no ambient reads) ==
    project       /home/runner/v2-lw0f5y/observe
    home          /home/runner
    jailHome      /home/runner/v2-lw0f5y/jailhome
    globalStore   /home/runner/.cache/nub/pm/store   [declared, not keyed on]
    projectStore  /home/runner/v2-lw0f5y/observe/node_modules/.store   [declared, not keyed on]
    interpreter   /opt/hostedtoolcache/node/22.23.2/x64   [declared, not keyed on]
    toolsDir      /home/runner/.cache/nub/pm/tools   [declared, not keyed on]
    temp          /tmp/nub-tmp-obsgIYgDd
    npmPrefix     /home/runner/.cache/nub/pm/tools/npm-prefix
    ownPkg        /home/runner/v2-lw0f5y/observe/node_modules/@appsignal/nodejs
  == WRITES the script actually performed ==
    ownPkg       36  (base profile already grants this — NOT billed)
        /home/runner/v2-lw0f5y/observe/node_modules/@appsignal/nodejs/ext/appsignal-x86_64-linux-all-static.tar.gz
        /home/runner/v2-lw0f5y/observe/node_modules/@appsignal/nodejs/ext/appsignal-agent
        /home/runner/v2-lw0f5y/observe/node_modules/@appsignal/nodejs/ext/appsignal.h
        /home/runner/v2-lw0f5y/observe/node_modules/@appsignal/nodejs/ext/appsignal.version
        /home/runner/v2-lw0f5y/observe/node_modules/@appsignal/nodejs/ext/libappsignal.a
        /home/runner/v2-lw0f5y/observe/node_modules/@appsignal/nodejs/build
        /home/runner/v2-lw0f5y/observe/node_modules/@appsignal/nodejs/build/config.gypi
        /home/runner/v2-lw0f5y/observe/node_modules/@appsignal/nodejs/build/Makefile
        /home/runner/v2-lw0f5y/observe/node_modules/@appsignal/nodejs/build/extension.target.mk
        /home/runner/v2-lw0f5y/observe/node_modules/@appsignal/nodejs/build/binding.Makefile
        … and 26 more
    jailHome   3328  (base profile already grants this — NOT billed)
        /home/runner/v2-lw0f5y/jailhome/.cache
        /home/runner/v2-lw0f5y/jailhome/.cache/node-gyp
        /home/runner/v2-lw0f5y/jailhome/.cache/node-gyp/22.23.2
        /home/runner/v2-lw0f5y/jailhome/.cache/node-gyp/22.23.2/include
        /home/runner/v2-lw0f5y/jailhome/.cache/node-gyp/22.23.2/include/node
        /home/runner/v2-lw0f5y/jailhome/.cache/node-gyp/22.23.2/include/node/common.gypi
        /home/runner/v2-lw0f5y/jailhome/.cache/node-gyp/22.23.2/include/node/config.gypi
        /home/runner/v2-lw0f5y/jailhome/.cache/node-gyp/22.23.2/include/node/cppgc
        /home/runner/v2-lw0f5y/jailhome/.cache/node-gyp/22.23.2/include/node/cppgc/allocation.h
        /home/runner/v2-lw0f5y/jailhome/.cache/node-gyp/22.23.2/include/node/cppgc/common.h
        … and 3318 more
    jailTmp    3331  (base profile already grants this — NOT billed)
        /tmp/nub-tmp-obsgIYgDd/node-gyp-tmp-eZPBKk
        /tmp/nub-tmp-obsgIYgDd/node-gyp-tmp-eZPBKk/include
        /tmp/nub-tmp-obsgIYgDd/node-gyp-tmp-eZPBKk/include/node
        /tmp/nub-tmp-obsgIYgDd/node-gyp-tmp-eZPBKk/include/node/v8-locker.h
        /tmp/nub-tmp-obsgIYgDd/node-gyp-tmp-eZPBKk/include/node/zconf.h
        /tmp/nub-tmp-obsgIYgDd/node-gyp-tmp-eZPBKk/include/node/v8config.h
        /tmp/nub-tmp-obsgIYgDd/node-gyp-tmp-eZPBKk/include/node/common.gypi
        /tmp/nub-tmp-obsgIYgDd/node-gyp-tmp-eZPBKk/include/node/v8-object.h
        /tmp/nub-tmp-obsgIYgDd/node-gyp-tmp-eZPBKk/include/node/v8-forward.h
        /tmp/nub-tmp-obsgIYgDd/node-gyp-tmp-eZPBKk/include/node/v8-profiler.h
        … and 3321 more
    deps          8
    kernelfs      1
        /dev/null
  == NETWORK ==
    AF_INET sockets: 6   distinct peers: 4
        127.0.0.53:53
        104.16.11.34:443
        13.226.232.15:443
        104.16.212.131:443
  == REFUSALS (only `= -1 EACCES/EPERM/EROFS`) ==
    distinct: 0
  == SYNTHESIZED GRANT (verify this in the real unprivileged jail) ==
    {"write":{"deps":true},"network":true}
    NOTE 1 kernel-fs touches (/proc,/sys,/dev) — a READ floor question, not a write grant
  == writePaths (DERIVED — promotion out of the package's PRIVATE home) ==
    private-home writes observed: 3328
    none declared — every write was a FILE at the top of the private home, or landed in a directory the TOOLCHAIN owns (see `writePathsDeny`) — an entry names a directory belonging to the PACKAGE, so there is nothing to name
  == writePaths FEASIBILITY (distinct writes outside project/deps) ==
    count: 0
    EVENTS    47437 distinct from 142770 calls (150795 lines, 7842 rejoined, 0 unparsed)
    PROCS     139   lifecycle shells 127
    ⛔ 3 paths with an UNRESOLVED dirfd — kept, marked, never guessed
    unsubscribed/unmapped syscalls: getcwd×127 setsockopt×111 wait4×107 exit_group×88 getsockname×52 exit×45 getsockopt×33 socketpair×21
    wrote /home/runner/v2-lw0f5y/observe/events.ndjson.gz (279196 bytes)
  EVENTLOG-FILE /home/runner/v2-lw0f5y/observe/events.ndjson.gz
  EVENTLOG-STATS {"lines":150795,"parsed":142770,"unparsed":0,"unfinished":7842,"rejoined":7842,"unresolvedDirfd":3,"truncatedArg":0,"procs":139,"lifecyclePids":127,"distinctEvents":47437,"unknownSyscall":{"getsockname":52,"getsockopt":33,"getcwd":127,"recvmsg":11,"exit":45,"setsockopt":111,"sendmmsg":3,"socketpair":21,"shutdown":17,"exit_group":88,"wait4":107},"out":"/home/runner/v2-lw0f5y/observe/events.ndjson.gz","gzipBytes":279196}
  EVICT     66 store entries removed, 19 spared as nub tooling
  SE-PURGE  0 side-effects-cache entries for @appsignal/nodejs
  scaffold: 1 dependency package(s) with lifecycle scripts granted a fixed wide grant
OSV-SCREEN {"schemaVersion":1,"kind":"nub-synth-resolved","status":"clean","digest":"b35969f993945828744f22e264cce754fd7a799ac8940bfe38cbad8132b4d72b","specCount":234,"lockfiles":{"digest":"44f39c0694f447e152feb4b39795063cb746d22402c232c0953418e85f93d762","files":[{"path":"nub.lock","sha256":"4d8b5493619516d404dd14bf3b3454e62ea043bc30cbaf50a55e2c321aa83c37","bytes":84540}]},"maliciousAdvisories":[],"screenedAt":"2026-09-08T11:11:07.128Z","cacheHit":false,"clearancePath":"/home/runner/v2-lw0f5y/security/nub-synth-resolved.json"}
  SECURITY nub-synth-resolved clean: 234 exact package-version(s), tree b35969f99394
  VENUE-STORE-LAYOUT isolated
  VERIFY[synth] rc=0 artifacts=103/107 missing=4 shortfall=24033afd2a40 (tree 117694/41216) OVERRIDDEN=2 REJECTED=0 grant={"write":{"deps":true},"network":true}
       missing: build/Release/.deps/Release/node-addon-api/nothing.o.d, build/Release/node-addon-api/nothing.o, build/node-addon-api/nothing.a, build/node-addon-api/nothing.a.ar-file-list
  DIAGNOSE  ZERO filesystem refusals under the failing grant.
     ⇒ the missing capability is NOT a path this tracer covers — look at the network axis,
       or a resource class strace's file+network filter does not carry.
  synthesized grant did not verify — falling back to a bounded ladder
  EVICT     224 store entries removed, 19 spared as nub tooling
  SE-PURGE  0 side-effects-cache entries for @appsignal/nodejs
  scaffold: 1 dependency package(s) with lifecycle scripts granted a fixed wide grant
OSV-SCREEN {"schemaVersion":1,"kind":"nub-fb2126003217-resolved","status":"clean","digest":"b35969f993945828744f22e264cce754fd7a799ac8940bfe38cbad8132b4d72b","specCount":234,"lockfiles":{"digest":"44f39c0694f447e152feb4b39795063cb746d22402c232c0953418e85f93d762","files":[{"path":"nub.lock","sha256":"4d8b5493619516d404dd14bf3b3454e62ea043bc30cbaf50a55e2c321aa83c37","bytes":84540}]},"maliciousAdvisories":[],"screenedAt":"2026-09-08T11:11:07.128Z","cacheHit":true,"clearancePath":"/home/runner/v2-lw0f5y/security/nub-fb2126003217-resolved.json"}
  SECURITY nub-fb2126003217-resolved clean: 234 exact package-version(s), tree b35969f99394 (cached exact-tree clearance)
  VERIFY[fb2126003217] rc=0 artifacts=103/107 missing=4 shortfall=24033afd2a40 (tree 117694/41216) OVERRIDDEN=2 REJECTED=0 grant={"write":{"deps":true,"project":true,"userHome":true},"network":true}
       missing: build/Release/.deps/Release/node-addon-api/nothing.o.d, build/Release/node-addon-api/nothing.o, build/node-addon-api/nothing.a, build/node-addon-api/nothing.a.ar-file-list
  EVICT     224 store entries removed, 19 spared as nub tooling
  SE-PURGE  0 side-effects-cache entries for @appsignal/nodejs
  scaffold: 1 dependency package(s) with lifecycle scripts granted a fixed wide grant
OSV-SCREEN {"schemaVersion":1,"kind":"nub-fb3938809772-resolved","status":"clean","digest":"b35969f993945828744f22e264cce754fd7a799ac8940bfe38cbad8132b4d72b","specCount":234,"lockfiles":{"digest":"44f39c0694f447e152feb4b39795063cb746d22402c232c0953418e85f93d762","files":[{"path":"nub.lock","sha256":"4d8b5493619516d404dd14bf3b3454e62ea043bc30cbaf50a55e2c321aa83c37","bytes":84540}]},"maliciousAdvisories":[],"screenedAt":"2026-09-08T11:11:07.128Z","cacheHit":true,"clearancePath":"/home/runner/v2-lw0f5y/security/nub-fb3938809772-resolved.json"}
  SECURITY nub-fb3938809772-resolved clean: 234 exact package-version(s), tree b35969f99394 (cached exact-tree clearance)
  VERIFY[fb3938809772] rc=0 artifacts=103/107 missing=4 shortfall=24033afd2a40 (tree 117694/41216) OVERRIDDEN=2 REJECTED=0 grant={"write":{"deps":true,"project":true,"userHome":true},"read":"disk","network":true}
       missing: build/Release/.deps/Release/node-addon-api/nothing.o.d, build/Release/node-addon-api/nothing.o, build/node-addon-api/nothing.a, build/node-addon-api/nothing.a.ar-file-list
  EVICT     224 store entries removed, 19 spared as nub tooling
  SE-PURGE  0 side-effects-cache entries for @appsignal/nodejs
  scaffold: 1 dependency package(s) with lifecycle scripts granted a fixed wide grant
OSV-SCREEN {"schemaVersion":1,"kind":"nub-fb2742342390-resolved","status":"clean","digest":"b35969f993945828744f22e264cce754fd7a799ac8940bfe38cbad8132b4d72b","specCount":234,"lockfiles":{"digest":"44f39c0694f447e152feb4b39795063cb746d22402c232c0953418e85f93d762","files":[{"path":"nub.lock","sha256":"4d8b5493619516d404dd14bf3b3454e62ea043bc30cbaf50a55e2c321aa83c37","bytes":84540}]},"maliciousAdvisories":[],"screenedAt":"2026-09-08T11:11:07.128Z","cacheHit":true,"clearancePath":"/home/runner/v2-lw0f5y/security/nub-fb2742342390-resolved.json"}
  SECURITY nub-fb2742342390-resolved clean: 234 exact package-version(s), tree b35969f99394 (cached exact-tree clearance)
  VERIFY[fb2742342390] rc=0 artifacts=103/107 missing=4 shortfall=24033afd2a40 (tree 117694/41216) OVERRIDDEN=2 REJECTED=0 grant={"write":"disk","network":true}
       missing: build/Release/.deps/Release/node-addon-api/nothing.o.d, build/Release/node-addon-api/nothing.o, build/node-addon-api/nothing.a, build/node-addon-api/nothing.a.ar-file-list
  => ARTIFACT-GATE-SUSPECT {"write":{"deps":true},"network":true}   (every arm rc=0 and the SAME 4-artifact shortfall at every
     grant up to write:"disk" — invariant under widening, so it is not a capability gap)
     ⇒ The grant is the SYNTHESIZED one and is UNVERIFIED — minimality was never descended.
        Triage the shortfall against the arm's toolchain, not against the jail.
