OSV-SCREEN {"schemaVersion":1,"kind":"direct","status":"clean","digest":"89d734b684acfec16af57e217ba66e0eb140e2d194222f8318c800d68ac2dd05","specCount":1,"lockfiles":{"digest":null,"files":[]},"maliciousAdvisories":[],"screenedAt":"2026-09-08T04:01:09.126Z","cacheHit":false,"clearancePath":"/Users/runner/v2m-bi09LG/security/direct.json"}
  SECURITY direct clean: 1 exact package-version(s), tree 89d734b684ac
### html-to-docx@1.6.3   (/Users/runner/v2m-bi09LG)   nub=/tmp/nub/target/release/nub
  VENUE-NUB-BINARY {"path":"/tmp/nub/target/release/nub","sha256":"f923f9d246b7061a3e88675efb7b4fdcda741d02368002ce6e7f7044b01e7bbe","bytes":93818888,"features":{"buildJailCatalogOverride":true,"pythonDontWriteBytecodeEnv":true}}
  CI-ENV scrubbed: CI GITHUB_ACTIONS
  --- fbt preflight (advisory; never fails the run) ---
     csrutil: System Integrity Protection status: disabled.
     fbt probes visible: 93591
     fbt enable attempt: dtrace: description 'fbt:::entry ' matched 50364 probes CPU     ID                    FUNCTION:NAME 
     cwd builtin value:  
     fbt chdir symbols:  
     fbt fires on spawn-with-cwd: dtrace: invalid probe specifier fbt::chdir*:entry /progenyof($target)/ { @[probefunc] = count(); }: probe description fbt::chdir*:entry does not match any probes 
  --- end fbt preflight ---
OSV-SCREEN {"schemaVersion":1,"kind":"npm-observe-resolved","status":"clean","digest":"0b5613bac53006fc1516333e94ccdc023d066f8633f04df146af47b71ebbc1a1","specCount":82,"lockfiles":{"digest":"07416c043e402df082ff735415f45b9ad9efdc7e71b276b293f6676c8929dad7","files":[{"path":"package-lock.json","sha256":"f358c60958fbb72d558ee540edb20696207e7da8523b4e4102b0a142c8f6a154","bytes":32899}]},"maliciousAdvisories":[],"screenedAt":"2026-09-08T04:01:18.571Z","cacheHit":false,"clearancePath":"/Users/runner/v2m-bi09LG/security/npm-observe-resolved.json"}
  SECURITY npm-observe-resolved clean: 82 exact package-version(s), tree 0b5613bac530
  VENUE-CI-CHILD clean (no CI-detection variable reaches the traced script)
  --- wrapper (run.sh) ---
     cd "/Users/runner/v2m-bi09LG/Observe"
     sudo -u "runner" -H env "PATH=$PATH"   "HOME=/Users/runner/v2m-bi09LG/jailhome"   "TMPDIR=/private/var/folders/bl/vzjcvbz95c3dk19cb0fw46180000gn/T/nub-tmp-obsqROTeP"   "NODE_COMPAT=1"   "PYTHONDONTWRITEBYTECODE=1"   "PLAYWRIGHT_BROWSERS_PATH=/Users/runner/.cache/nub/pm/tools/ms-playwright"   "ELECTRON_CACHE=/Users/runner/.cache/nub/pm/tools/electron-cache"   "electron_config_cache=/Users/runner/.cache/nub/pm/tools/electron-cache"   "npm_config_prefix=/Users/runner/.cache/nub/pm/tools/npm-prefix"   "/Users/runner/hostedtoolcache/node/22.23.2/arm64/bin/npm" rebuild --no-audit --no-fund "html-to-docx" > "/Users/runner/v2m-bi09LG/Observe/npm.log" 2>&1
     echo $? > "/Users/runner/v2m-bi09LG/Observe/rc"
  --- dtrace stderr + wrapper trace ---
     + cd /Users/runner/v2m-bi09LG/Observe
     + sudo -u runner -H env PATH=/Users/runner/hostedtoolcache/node/22.23.2/arm64/bin:/opt/homebrew/lib/ruby/gems/3.3.0/bin:/opt/homebrew/opt/ruby@3.3/bin:/Users/runner/.local/bin:/opt/homebrew/bin:/opt/homebrew/sbin:/Users/runner/.cargo/bin:/usr/local/opt/curl/bin:/usr/local/bin:/usr/local/sbin:/Users/runner/bin:/Users/runner/.yarn/bin:/Users/runner/Library/Android/sdk/tools:/Users/runner/Library/Android/sdk/platform-tools:/Library/Frameworks/Python.framework/Versions/Current/bin:/Library/Frameworks/Mono.framework/Versions/Current/Commands:/usr/bin:/bin:/usr/sbin:/sbin:/Users/runner/.dotnet/tools HOME=/Users/runner/v2m-bi09LG/jailhome TMPDIR=/private/var/folders/bl/vzjcvbz95c3dk19cb0fw46180000gn/T/nub-tmp-obsqROTeP NODE_COMPAT=1 PYTHONDONTWRITEBYTECODE=1 PLAYWRIGHT_BROWSERS_PATH=/Users/runner/.cache/nub/pm/tools/ms-playwright ELECTRON_CACHE=/Users/runner/.cache/nub/pm/tools/electron-cache electron_config_cache=/Users/runner/.cache/nub/pm/tools/electron-cache npm_config_prefix=/Users/runner/.cache/nub/pm/tools/npm-prefix /Users/runner/hostedtoolcache/node/22.23.2/arm64/bin/npm rebuild --no-audit --no-fund html-to-docx
     dtrace: error on enabled probe ID 128 (ID 286: syscall::execve:entry): invalid address (0x6000014c4000) in action #1 at DIF offset 20
     dtrace: error on enabled probe ID 100 (ID 845: syscall::stat64:return): invalid address (0x16b8fb388) in action #8 at DIF offset 12
     + echo 1
  OBSERVE   rc=1 dtrace_rc=0 files=2530 (pre=2528) trace=29632 lines
  => BROKEN-WITHOUT-JAIL-TOO (unjailed control failed rc=1; nothing to measure)
     npm error command failed
     npm error command sh -c npx npm-force-resolutions
     npm error npm warn exec The following package was not found and will be installed: npm-force-resolutions@0.0.10
     npm error Error: ENOENT: no such file or directory, open './package-lock.json'
     npm error     at Object.fs [as readFileSync] (node:fs:440:20)
     npm error     at npm_force_resolutions$core$node_slurp (/Users/runner/v2m-bi09LG/jailhome/.npm/_npx/73b02210abc194ff/node_modules/npm-force-resolutions/out/npm_force_resolutions/core.cljs:15:20)
     npm error     at npm_force_resolutions$core$read_json (/Users/runner/v2m-bi09LG/jailhome/.npm/_npx/73b02210abc194ff/node_modules/npm-force-resolutions/out/npm_force_resolutions/core.cljs:22:23)
     npm error     at switch__2144__auto__ (/Users/runner/v2m-bi09LG/jailhome/.npm/_npx/73b02210abc194ff/node_modules/npm-force-resolutions/out/npm_force_resolutions/core.cljs:151:3)
     npm error     at /Users/runner/v2m-bi09LG/jailhome/.npm/_npx/73b02210abc194ff/node_modules/npm-force-resolutions/out/npm_force_resolutions/core.cljs:151:3
     npm error     at npm_force_resolutions$core$update_package_lock_$_state_machine__2145__auto____1 (/Users/runner/v2m-bi09LG/jailhome/.npm/_npx/73b02210abc194ff/node_modules/npm-force-resolutions/out/npm_force_resolutions/core.js:648:4)
     npm error     at cljs.core.async.impl.ioc-helpers/FN-IDX (/Users/runner/v2m-bi09LG/jailhome/.npm/_npx/73b02210abc194ff/node_modules/npm-force-resolutions/out/npm_force_resolutions/core.js:664:88)
     npm error     at cljs.core.async.impl.ioc-helpers/run-state-machine (/Users/runner/v2m-bi09LG/jailhome/.npm/_npx/73b02210abc194ff/node_modules/npm-force-resolutions/out/cljs/core/async/impl/ioc_helpers.cljs:35:23)
     npm error     at cljs.core.async.impl.ioc-helpers/run-state-machine-wrapped (/Users/runner/v2m-bi09LG/jailhome/.npm/_npx/73b02210abc194ff/node_modules/npm-force-resolutions/out/cljs/core/async/impl/ioc_helpers.cljs:39:6)
     npm error     at /Users/runner/v2m-bi09LG/jailhome/.npm/_npx/73b02210abc194ff/node_modules/npm-force-resolutions/out/npm_force_resolutions/core.cljs:151:3
     npm notice
     npm notice New major version of npm available! 10.9.8 -> 12.0.2
     npm notice Changelog: https://github.com/npm/cli/releases/tag/v12.0.2
     npm notice To update run: npm install -g npm@12.0.2
     npm notice
     npm error A complete log of this run can be found in: /Users/runner/v2m-bi09LG/jailhome/.npm/_logs/2026-09-08T04_01_20_827Z-debug-0.log
