### @intlify/vue-i18n-bridge@0.4.0   (/home/runner/v2-Vbc0Dd)
  CI-ENV scrubbed: CI GITHUB_ACTIONS
OSV-SCREEN {"schemaVersion":1,"kind":"direct","status":"clean","digest":"06d5b76c4c599e6df9ed298abef5597cdfbb47f5f0cb047cefc489439018630a","specCount":1,"lockfiles":{"digest":null,"files":[]},"maliciousAdvisories":[],"screenedAt":"2026-09-07T23:43:40.513Z","cacheHit":false,"clearancePath":"/home/runner/v2-Vbc0Dd/security/direct.json"}
  SECURITY direct clean: 1 exact package-version(s), tree 06d5b76c4c59
  VENUE-OBSERVE-USER {"uid":1001,"user":"runner","umask":"0022","capBnd":"000001ffffffffff","noNewPrivs":"0"}
  VENUE-NUB-BINARY {"path":"/tmp/nub/target/release/nub","sha256":"2a18683f50f7afeb02a521cd3cae175dc2f91780d461c5f012065241f5a1447b","bytes":207643464,"features":{"buildJailCatalogOverride":true,"pythonDontWriteBytecodeEnv":true}}
OSV-SCREEN {"schemaVersion":1,"kind":"npm-observe-resolved","status":"clean","digest":"06d5b76c4c599e6df9ed298abef5597cdfbb47f5f0cb047cefc489439018630a","specCount":1,"lockfiles":{"digest":"0bcb22acd799a826556659e8916e42f54f697cd4f192c52e8c8daef2a0a9c2d1","files":[{"path":"package-lock.json","sha256":"b06f0ada9aeb67d3e7e077a5b34a422e36e3465c004e8c7bef30a93af7470179","bytes":1058}]},"maliciousAdvisories":[],"screenedAt":"2026-09-07T23:43:40.513Z","cacheHit":true,"clearancePath":"/home/runner/v2-Vbc0Dd/security/npm-observe-resolved.json"}
  SECURITY npm-observe-resolved clean: 1 exact package-version(s), tree 06d5b76c4c59 (cached exact-tree clearance)
  OBSERVE   rc=0 files=21 trace=10746 lines
  CLOSURE   1 packages evicted per arm
  ARM-FALSIFIABILITY {"manifestFiles":17,"filesTheScriptProduced":0,"reasons":["gate-vacuous"]}
  ⛔ ARMS-UNFALSIFIABLE — a green arm for this package carries no evidence:
       gate-vacuous: the script changed no file the artifact gate keys on — every file in the manifest (17) was already present at its final size before the script ran, so the gate passes in every arm including a completely broken one
       The grant may still be correct; what is missing is a signal that could have gone
       red. Do not read this record's MINIMAL as a passing measurement.
  RAWLOG-FILE /home/runner/v2-Vbc0Dd/observe/trace.txt.gz
  RAWLOG-CAPTURE /home/runner/v2-Vbc0Dd/observe/capture.json
  RAWLOG-BYTES raw=2371909 gz=68637
  VENUE-INTERPRETER /opt/hostedtoolcache/node/22.23.2/x64
  VENUE-OVERRIDES {"set":{"HOME":"/home/runner/v2-Vbc0Dd/jailhome","TMPDIR":"/tmp/nub-tmp-obs3IEzNG","NODE_COMPAT":"1","PLAYWRIGHT_BROWSERS_PATH":"/home/runner/.cache/nub/pm/tools/ms-playwright","ELECTRON_CACHE":"/home/runner/.cache/nub/pm/tools/electron-cache","electron_config_cache":"/home/runner/.cache/nub/pm/tools/electron-cache","npm_config_prefix":"/home/runner/.cache/nub/pm/tools/npm-prefix","PYTHONDONTWRITEBYTECODE":"1","NUB_CACHE_DIR":"/home/runner/v2-Vbc0Dd/nubcache"},"unset":["CI","GITHUB_ACTIONS"],"passedThrough":{"CI":"true","GITHUB_ACTIONS":"true","NODE_ENV":null}}
  == ATTRIBUTION == attributed pids: 13
    writes  script 0  /  whole traced tree 1088
    sockets script 0  /  whole traced tree 4
  == ROOTS (from capture.json — R2: no ambient reads) ==
    project       /home/runner/v2-Vbc0Dd/observe
    home          /home/runner
    jailHome      /home/runner/v2-Vbc0Dd/jailhome
    globalStore   /home/runner/.cache/nub/pm/store   [declared, not keyed on]
    projectStore  /home/runner/v2-Vbc0Dd/observe/node_modules/.store   [declared, not keyed on]
    interpreter   /opt/hostedtoolcache/node/22.23.2/x64   [declared, not keyed on]
    toolsDir      /home/runner/.cache/nub/pm/tools   [declared, not keyed on]
    temp          /tmp/nub-tmp-obs3IEzNG
    npmPrefix     /home/runner/.cache/nub/pm/tools/npm-prefix
    ownPkg        /home/runner/v2-Vbc0Dd/observe/node_modules/@intlify/vue-i18n-bridge
  == WRITES the script actually performed ==
  == NETWORK ==
    AF_INET sockets: 0   distinct peers: 2
        127.0.0.53:53
        104.16.7.34:443
  == REFUSALS (only `= -1 EACCES/EPERM/EROFS`) ==
    distinct: 0
  == SYNTHESIZED GRANT (verify this in the real unprivileged jail) ==
    {}
  == writePaths (DERIVED — promotion out of the package's PRIVATE home) ==
    private-home writes observed: 0
    none declared — the script wrote nothing into its private home — there is nothing to promote
  == writePaths FEASIBILITY (distinct writes outside project/deps) ==
    count: 0
    EVENTS    4404 distinct from 10710 calls (10747 lines, 14 rejoined, 0 unparsed)
    PROCS     20   lifecycle shells 8
    ⛔ 1 paths with an UNRESOLVED dirfd — kept, marked, never guessed
    unsubscribed/unmapped syscalls: setsockopt×23 getsockname×22 exit×15 getsockopt×9 recvmsg×7 getcwd×4 socketpair×3 shutdown×3
    wrote /home/runner/v2-Vbc0Dd/observe/events.ndjson.gz (31161 bytes)
  EVENTLOG-FILE /home/runner/v2-Vbc0Dd/observe/events.ndjson.gz
  EVENTLOG-STATS {"lines":10747,"parsed":10710,"unparsed":0,"unfinished":14,"rejoined":14,"unresolvedDirfd":1,"truncatedArg":0,"procs":20,"lifecyclePids":8,"distinctEvents":4404,"unknownSyscall":{"getsockname":22,"getsockopt":9,"getcwd":4,"recvmsg":7,"exit":15,"setsockopt":23,"sendmmsg":1,"socketpair":3,"shutdown":3,"exit_group":3,"wait4":3},"out":"/home/runner/v2-Vbc0Dd/observe/events.ndjson.gz","gzipBytes":31161}
  EVICT     0 store entries removed, 0 spared as nub tooling
  SE-PURGE  0 side-effects-cache entries for @intlify/vue-i18n-bridge
OSV-SCREEN {"schemaVersion":1,"kind":"nub-synth-resolved","status":"clean","digest":"06d5b76c4c599e6df9ed298abef5597cdfbb47f5f0cb047cefc489439018630a","specCount":1,"lockfiles":{"digest":"f0a6ea10d4e83590b8d8a5bcdb8ddbab1e8a0a38a249f17ca4f5cf6f15398c36","files":[{"path":"nub.lock","sha256":"c2d0d4a89ab7b6b04c53295a8bf9028b25b117677fd4477fbce7f8b416b7c11e","bytes":706}]},"maliciousAdvisories":[],"screenedAt":"2026-09-07T23:43:40.513Z","cacheHit":true,"clearancePath":"/home/runner/v2-Vbc0Dd/security/nub-synth-resolved.json"}
  SECURITY nub-synth-resolved clean: 1 exact package-version(s), tree 06d5b76c4c59 (cached exact-tree clearance)
  VENUE-STORE-LAYOUT isolated
  VERIFY[synth] rc=0 artifacts=17/17 missing=0 shortfall=none (tree 63/21) OVERRIDDEN=2 REJECTED=0 grant={}
  => VERIFIED {}   (observed, then verified)
  DESCEND   grant is already empty — nothing to narrow; MINIMAL by construction.
