### detox@16.9.2   (D:\jail\m-detox-mtrls30e)
  CI-ENV scrubbed: CI GITHUB_ACTIONS
OSV-SCREEN {"schemaVersion":1,"kind":"direct","status":"clean","digest":"d60c0ac0c517f1394bb3045fea1367a00c9ad963a7672c9e2b20f86ac44cd8b3","specCount":1,"lockfiles":{"digest":null,"files":[]},"maliciousAdvisories":[],"screenedAt":"2026-09-07T18:57:47.072Z","cacheHit":false,"clearancePath":"D:\\jail\\m-detox-mtrls30e\\security\\direct.json"}
  SECURITY direct clean: 1 exact package-version(s), tree d60c0ac0c517
OSV-SCREEN {"schemaVersion":1,"kind":"npm-observe-resolved","status":"clean","digest":"b63e225d7ac395710acf769f03a634c7fe3d0cf823ebd0b6a8720cec732fd37c","specCount":94,"lockfiles":{"digest":"071decc9394cd01bccda0d99ae085bf88d77c4a977ece6167de1bcb1de85eceb","files":[{"path":"package-lock.json","sha256":"6e07a5e24169ee33dd665ed9a9cd69e8b371d3e6f4438959570a7bb45028ea13","bytes":36687}]},"maliciousAdvisories":[],"screenedAt":"2026-09-07T18:57:51.836Z","cacheHit":false,"clearancePath":"D:\\jail\\m-detox-mtrls30e\\security\\npm-observe-resolved.json"}
  SECURITY npm-observe-resolved clean: 94 exact package-version(s), tree b63e225d7ac3
  CAPTURE user=runnervmeef0v\runneradmin elevated=True rootPid=3192 exit=0 events=24828 lost=0
  VENUE-OBSERVE-USER runnervmeef0v\runneradmin elevated=true privDropped={"SeBackupPrivilege":"removed","SeRestorePrivilege":"removed","SeTakeOwnershipPrivilege":"removed"}
  OBSERVE artifacts: 309 files  (D:\jail\m-detox-mtrls30e\observe\node_modules\detox)
  ARM-FALSIFIABILITY {"manifestFiles":312,"filesTheScriptProduced":0,"reasons":["gate-vacuous"]}
  ⛔ ARMS-UNFALSIFIABLE — a green arm for this package carries no evidence:
       gate-vacuous: the script changed no file the artifact gate keys on — every file in the manifest (312) was already present at its final size before the script ran, so the gate passes in every arm including a completely broken one
       The grant may still be correct; what is missing is a signal that could have gone
       red. Do not read this record's MINIMAL as a passing measurement.
  CLOSURE 90 packages evicted per arm
  8.3 MAP 0 components resolved on runnervmeef0v, folded into capture.json
  == ROOTS (from capture.json — R2: no ambient reads) ==
    project       D:\jail\m-detox-mtrls30e\observe   [keyed on]
    home          C:\Users\runneradmin   [keyed on]
    jailHome      (null — declared inapplicable)
    globalStore   C:\Users\runneradmin\AppData\Local\nub\pm\store
    projectStore  D:\jail\m-detox-mtrls30e\observe\node_modules\.store
    interpreter   C:\hostedtoolcache\windows\node\22.23.2\x64\node.exe
    toolsDir      C:\Users\runneradmin\AppData\Local\nub\pm\tools
    temp          D:\jail\m-detox-mtrls30e\tmp   [keyed on]
    npmPrefix     (null — declared inapplicable)
    ownPkg        D:\jail\m-detox-mtrls30e\observe\node_modules\detox
  == ATTRIBUTION == lifecycle pids: 2 (root 3192)
    writes  script 0  /  whole traced tree 11
    peers   script 0  /  whole traced tree 0
  == WRITES ==
  == READS ==
    deps          5
    outside       6
    project       1
    systemfs     23
  == NETWORK ==
    distinct peers: 0
  == REFUSALS (adapter-classified) ==
    distinct: 0
  == SYNTHESIZED GRANT (verify this in the real unprivileged jail) ==
    {}
  RAW       etw-raw.xml.gz  31758531 B xml -> 475053 B gz (66.9x)  sha256 443be8a0b7e3c20b…
  HEADER    etw-header.json (5033 bytes)
  DERIVED   5348 distinct from 6514 kept ops (24828 xml events, 2994 out of subtree)
  PROCS     4   thread-reattributed 0
  ⛔ 1 operations with NO OperationEnd — kept, status marked unknown
  8.3       0 expanded, 0 kept short, 0 not covered  [map: recorded 8.3 map (0 components, resolved on runnervmeef0v)]
  wrote events.ndjson.gz (67629 bytes)
  RAWLOG-CAPTURE D:\jail\m-detox-mtrls30e\cap\capture.json
  VENUE-NUB-BINARY {"path":"C:/Users/RUNNER~1/AppData/Local/Temp/nub/target/release/nub.exe","sha256":"f186817a44be332fee712b4936a071a0b5f9cde18a1d2fdc3a791729d4bf1005","bytes":68717056,"features":{"buildJailCatalogOverride":true,"pythonDontWriteBytecodeEnv":true}}
  VENUE-INTERPRETER C:\hostedtoolcache\windows\node\22.23.2\x64\node.exe
  VENUE-JAIL-ROOT D:\jail\m-detox-mtrls30e
  VENUE-OVERRIDES {"set":{"npm_config_cache":"D:\\jail\\m-detox-mtrls30e\\npm-cache","TMP":"D:\\jail\\m-detox-mtrls30e\\tmp","TEMP":"D:\\jail\\m-detox-mtrls30e\\tmp","TMPDIR":"D:\\jail\\m-detox-mtrls30e\\tmp"},"unset":["CI","GITHUB_ACTIONS"],"notRedirected":{"USERPROFILE":"C:\\Users\\runneradmin","why":"the jail leaves HOME/USERPROFILE alone — `build_jail.rs` sandbox_homes() reads the ambient value and `compiler/defaults.rs` BASELINE_ENV_EXACT passes it through — so there is no private jail home to reproduce and redirecting one would measure an environment no confined script sees"},"passedThrough":{"CI":"true","GITHUB_ACTIONS":"true","NODE_ENV":null}}
  scaffold: 1 dependency package(s) with lifecycle scripts granted a fixed wide grant
  STORE   isolated virtual store at D:\jail\m-detox-mtrls30e\verify-synth\.cache
  VENUE-STORE-LAYOUT isolated
OSV-SCREEN {"schemaVersion":1,"kind":"nub-synth-resolved","status":"clean","digest":"b63e225d7ac395710acf769f03a634c7fe3d0cf823ebd0b6a8720cec732fd37c","specCount":94,"lockfiles":{"digest":"44dd01a052bfd6cfae145189afbed2cd4102910126355d845b0eef4d28e905ef","files":[{"path":"nub.lock","sha256":"f5162196e3f6db5501b93feb27eb38905da653acaff43818780f5470692fa3a3","bytes":22254}]},"maliciousAdvisories":[],"screenedAt":"2026-09-07T18:57:51.836Z","cacheHit":true,"clearancePath":"D:\\jail\\m-detox-mtrls30e\\security\\nub-synth-resolved.json"}
  SECURITY nub-synth-resolved clean: 94 exact package-version(s), tree b63e225d7ac3 (cached exact-tree clearance)
  VERIFY[synth] rc=0 artifacts=309/309 missing=0 shortfall=none (tree 9151/2725) OVERRIDDEN=2 REJECTED=0 grant={}
  => MINIMUM {}   (observed, then verified)
  DESCEND   grant is already empty — nothing to narrow; MINIMAL by construction.
