### node-zopfli-es@2.0.5   (/home/runner/v2-lRUHXv)
  CI-ENV scrubbed: CI GITHUB_ACTIONS
OSV-SCREEN {"schemaVersion":1,"kind":"direct","status":"clean","digest":"68f922d61b3f563c6d2ef834585e73c6dd101a8b0690b7aea4537e02a89e910d","specCount":1,"lockfiles":{"digest":null,"files":[]},"maliciousAdvisories":[],"screenedAt":"2026-09-07T23:23:20.351Z","cacheHit":false,"clearancePath":"/home/runner/v2-lRUHXv/security/direct.json"}
  SECURITY direct clean: 1 exact package-version(s), tree 68f922d61b3f
  VENUE-OBSERVE-USER {"uid":1001,"user":"runner","umask":"0022","capBnd":"000001ffffffffff","noNewPrivs":"0"}
  VENUE-NUB-BINARY {"path":"/tmp/nub/target/release/nub","sha256":"2a18683f50f7afeb02a521cd3cae175dc2f91780d461c5f012065241f5a1447b","bytes":207643464,"features":{"buildJailCatalogOverride":true,"pythonDontWriteBytecodeEnv":true}}
OSV-SCREEN {"schemaVersion":1,"kind":"npm-observe-resolved","status":"clean","digest":"59e92d1b5a72da11f6bb3e47b88da3912dc3565871493d357560d0a8f613c1d5","specCount":58,"lockfiles":{"digest":"5a7c2354b91e9cd953c1548fa0618937b247a1f14c2654d5b6b5091ce8451c0d","files":[{"path":"package-lock.json","sha256":"7f8615d53bcb76ec9b1c181defc2fd14e798d6391cab3481f1300fbbf8c305ab","bytes":26213}]},"maliciousAdvisories":[],"screenedAt":"2026-09-07T23:23:22.682Z","cacheHit":false,"clearancePath":"/home/runner/v2-lRUHXv/security/npm-observe-resolved.json"}
  SECURITY npm-observe-resolved clean: 58 exact package-version(s), tree 59e92d1b5a72
  OBSERVE   rc=0 files=1332 trace=149593 lines
  CLOSURE   56 packages evicted per arm
  ARM-FALSIFIABILITY {"manifestFiles":112,"filesTheScriptProduced":54,"reasons":[]}
  RAWLOG-FILE /home/runner/v2-lRUHXv/observe/trace.txt.gz
  RAWLOG-CAPTURE /home/runner/v2-lRUHXv/observe/capture.json
  RAWLOG-BYTES raw=22849768 gz=624621
  VENUE-INTERPRETER /opt/hostedtoolcache/node/22.23.2/x64
  VENUE-OVERRIDES {"set":{"HOME":"/home/runner/v2-lRUHXv/jailhome","TMPDIR":"/tmp/nub-tmp-obs4tBRKM","NODE_COMPAT":"1","PLAYWRIGHT_BROWSERS_PATH":"/home/runner/.cache/nub/pm/tools/ms-playwright","ELECTRON_CACHE":"/home/runner/.cache/nub/pm/tools/electron-cache","electron_config_cache":"/home/runner/.cache/nub/pm/tools/electron-cache","npm_config_prefix":"/home/runner/.cache/nub/pm/tools/npm-prefix","PYTHONDONTWRITEBYTECODE":"1","NUB_CACHE_DIR":"/home/runner/v2-lRUHXv/nubcache"},"unset":["CI","GITHUB_ACTIONS"],"passedThrough":{"CI":"true","GITHUB_ACTIONS":"true","NODE_ENV":null}}
  == ATTRIBUTION == attributed pids: 454
    writes  script 6779  /  whole traced tree 7867
    sockets script 4  /  whole traced tree 10
  == ROOTS (from capture.json — R2: no ambient reads) ==
    project       /home/runner/v2-lRUHXv/observe
    home          /home/runner
    jailHome      /home/runner/v2-lRUHXv/jailhome
    globalStore   /home/runner/.cache/nub/pm/store   [declared, not keyed on]
    projectStore  /home/runner/v2-lRUHXv/observe/node_modules/.store   [declared, not keyed on]
    interpreter   /opt/hostedtoolcache/node/22.23.2/x64   [declared, not keyed on]
    toolsDir      /home/runner/.cache/nub/pm/tools   [declared, not keyed on]
    temp          /tmp/nub-tmp-obs4tBRKM
    npmPrefix     /home/runner/.cache/nub/pm/tools/npm-prefix
    ownPkg        /home/runner/v2-lRUHXv/observe/node_modules/node-zopfli-es
  == WRITES the script actually performed ==
    jailHome   3328  (base profile already grants this — NOT billed)
        /home/runner/v2-lRUHXv/jailhome/.cache
        /home/runner/v2-lRUHXv/jailhome/.cache/node-gyp
        /home/runner/v2-lRUHXv/jailhome/.cache/node-gyp/22.23.2
        /home/runner/v2-lRUHXv/jailhome/.cache/node-gyp/22.23.2/include
        /home/runner/v2-lRUHXv/jailhome/.cache/node-gyp/22.23.2/include/node
        /home/runner/v2-lRUHXv/jailhome/.cache/node-gyp/22.23.2/include/node/common.gypi
        /home/runner/v2-lRUHXv/jailhome/.cache/node-gyp/22.23.2/include/node/config.gypi
        /home/runner/v2-lRUHXv/jailhome/.cache/node-gyp/22.23.2/include/node/cppgc
        /home/runner/v2-lRUHXv/jailhome/.cache/node-gyp/22.23.2/include/node/cppgc/allocation.h
        /home/runner/v2-lRUHXv/jailhome/.cache/node-gyp/22.23.2/include/node/cppgc/common.h
        … and 3318 more
    jailTmp    3347  (base profile already grants this — NOT billed)
        /tmp/nub-tmp-obs4tBRKM/node-gyp-tmp-ldggBf
        /tmp/nub-tmp-obs4tBRKM/node-gyp-tmp-ldggBf/include
        /tmp/nub-tmp-obs4tBRKM/node-gyp-tmp-ldggBf/include/node
        /tmp/nub-tmp-obs4tBRKM/node-gyp-tmp-ldggBf/include/node/v8-locker.h
        /tmp/nub-tmp-obs4tBRKM/node-gyp-tmp-ldggBf/include/node/zconf.h
        /tmp/nub-tmp-obs4tBRKM/node-gyp-tmp-ldggBf/include/node/v8config.h
        /tmp/nub-tmp-obs4tBRKM/node-gyp-tmp-ldggBf/include/node/common.gypi
        /tmp/nub-tmp-obs4tBRKM/node-gyp-tmp-ldggBf/include/node/v8-object.h
        /tmp/nub-tmp-obs4tBRKM/node-gyp-tmp-ldggBf/include/node/v8-forward.h
        /tmp/nub-tmp-obs4tBRKM/node-gyp-tmp-ldggBf/include/node/v8-profiler.h
        … and 3337 more
    ownPkg      103  (base profile already grants this — NOT billed)
        /home/runner/v2-lRUHXv/observe/node_modules/node-zopfli-es/build
        /home/runner/v2-lRUHXv/observe/node_modules/node-zopfli-es/build/config.gypi
        /home/runner/v2-lRUHXv/observe/node_modules/node-zopfli-es/build/Makefile
        /home/runner/v2-lRUHXv/observe/node_modules/node-zopfli-es/build/zopfli.target.mk
        /home/runner/v2-lRUHXv/observe/node_modules/node-zopfli-es/node-addon-api
        /home/runner/v2-lRUHXv/observe/node_modules/node-zopfli-es/node-addon-api/nothing.target.mk
        /home/runner/v2-lRUHXv/observe/node_modules/node-zopfli-es/build/action_after_build.target.mk
        /home/runner/v2-lRUHXv/observe/node_modules/node-zopfli-es/node-addon-api/node_api.Makefile
        /home/runner/v2-lRUHXv/observe/node_modules/node-zopfli-es/build/binding.Makefile
        /home/runner/v2-lRUHXv/observe/node_modules/node-zopfli-es/build/node_gyp_bins
        … and 93 more
    kernelfs      1
        /dev/null
  == NETWORK ==
    AF_INET sockets: 4   distinct peers: 3
        127.0.0.53:53
        104.16.1.34:443
        104.16.212.131:443
  == REFUSALS (only `= -1 EACCES/EPERM/EROFS`) ==
    distinct: 0
  == SYNTHESIZED GRANT (verify this in the real unprivileged jail) ==
    {"network":true}
    NOTE 1 kernel-fs touches (/proc,/sys,/dev) — a READ floor question, not a write grant
  == writePaths (DERIVED — promotion out of the package's PRIVATE home) ==
    private-home writes observed: 3328
    none declared — every write was a FILE at the top of the private home, or landed in a directory the TOOLCHAIN owns (see `writePathsDeny`) — an entry names a directory belonging to the PACKAGE, so there is nothing to name
  == writePaths FEASIBILITY (distinct writes outside project/deps) ==
    count: 0
    EVENTS    57559 distinct from 139722 calls (149594 lines, 9268 rejoined, 0 unparsed)
    PROCS     461   lifecycle shells 449
    ⛔ 3 paths with an UNRESOLVED dirfd — kept, marked, never guessed
    unsubscribed/unmapped syscalls: wait4×494 exit_group×427 getcwd×400 setsockopt×58 getsockname×36 exit×30 getsockopt×20 recvmsg×9
    wrote /home/runner/v2-lRUHXv/observe/events.ndjson.gz (309239 bytes)
  EVENTLOG-FILE /home/runner/v2-lRUHXv/observe/events.ndjson.gz
  EVENTLOG-STATS {"lines":149594,"parsed":139722,"unparsed":0,"unfinished":9268,"rejoined":9268,"unresolvedDirfd":3,"truncatedArg":0,"procs":461,"lifecyclePids":449,"distinctEvents":57559,"unknownSyscall":{"getsockname":36,"getsockopt":20,"getcwd":400,"recvmsg":9,"exit":30,"setsockopt":58,"sendmmsg":2,"socketpair":9,"shutdown":9,"exit_group":427,"wait4":494},"out":"/home/runner/v2-lRUHXv/observe/events.ndjson.gz","gzipBytes":309239}
  EVICT     18 store entries removed, 19 spared as nub tooling
  SE-PURGE  0 side-effects-cache entries for node-zopfli-es
OSV-SCREEN {"schemaVersion":1,"kind":"nub-synth-resolved","status":"clean","digest":"59e92d1b5a72da11f6bb3e47b88da3912dc3565871493d357560d0a8f613c1d5","specCount":58,"lockfiles":{"digest":"0a28d4829eadbcab096acb3d1c9a723389739c3995b9e2eaaf50b028ada27090","files":[{"path":"nub.lock","sha256":"8f279d98854f066d3d49dcf5c8410a1c714fe652440faf6d49853d45ecc2a08f","bytes":15262}]},"maliciousAdvisories":[],"screenedAt":"2026-09-07T23:23:22.682Z","cacheHit":true,"clearancePath":"/home/runner/v2-lRUHXv/security/nub-synth-resolved.json"}
  SECURITY nub-synth-resolved clean: 58 exact package-version(s), tree 59e92d1b5a72 (cached exact-tree clearance)
  VENUE-STORE-LAYOUT isolated
  VERIFY[synth] rc=0 artifacts=106/112 missing=6 shortfall=8db8395266db (tree 4418/1332) OVERRIDDEN=2 REJECTED=0 grant={"network":true}
       missing: build/Release/.deps/Release/obj.target/node-addon-api/nothing.o.d, build/Release/node-addon-api/nothing.a, build/Release/node-addon-api/nothing.a.ar-file-list, build/Release/obj.target/node-addon-api/nothing.o, node-addon-api/node_api.Makefile, node-addon-api/nothing.target.mk
  DIAGNOSE  ZERO filesystem refusals under the failing grant.
     ⇒ the missing capability is NOT a path this tracer covers — look at the network axis,
       or a resource class strace's file+network filter does not carry.
  synthesized grant did not verify — falling back to a bounded ladder
  EVICT     40 store entries removed, 19 spared as nub tooling
  SE-PURGE  0 side-effects-cache entries for node-zopfli-es
OSV-SCREEN {"schemaVersion":1,"kind":"nub-fb2126003217-resolved","status":"clean","digest":"59e92d1b5a72da11f6bb3e47b88da3912dc3565871493d357560d0a8f613c1d5","specCount":58,"lockfiles":{"digest":"0a28d4829eadbcab096acb3d1c9a723389739c3995b9e2eaaf50b028ada27090","files":[{"path":"nub.lock","sha256":"8f279d98854f066d3d49dcf5c8410a1c714fe652440faf6d49853d45ecc2a08f","bytes":15262}]},"maliciousAdvisories":[],"screenedAt":"2026-09-07T23:23:22.682Z","cacheHit":true,"clearancePath":"/home/runner/v2-lRUHXv/security/nub-fb2126003217-resolved.json"}
  SECURITY nub-fb2126003217-resolved clean: 58 exact package-version(s), tree 59e92d1b5a72 (cached exact-tree clearance)
  VERIFY[fb2126003217] rc=0 artifacts=106/112 missing=6 shortfall=8db8395266db (tree 4418/1332) OVERRIDDEN=2 REJECTED=0 grant={"write":{"deps":true,"project":true,"userHome":true},"network":true}
       missing: build/Release/.deps/Release/obj.target/node-addon-api/nothing.o.d, build/Release/node-addon-api/nothing.a, build/Release/node-addon-api/nothing.a.ar-file-list, build/Release/obj.target/node-addon-api/nothing.o, node-addon-api/node_api.Makefile, node-addon-api/nothing.target.mk
  EVICT     40 store entries removed, 19 spared as nub tooling
  SE-PURGE  0 side-effects-cache entries for node-zopfli-es
OSV-SCREEN {"schemaVersion":1,"kind":"nub-fb3938809772-resolved","status":"clean","digest":"59e92d1b5a72da11f6bb3e47b88da3912dc3565871493d357560d0a8f613c1d5","specCount":58,"lockfiles":{"digest":"0a28d4829eadbcab096acb3d1c9a723389739c3995b9e2eaaf50b028ada27090","files":[{"path":"nub.lock","sha256":"8f279d98854f066d3d49dcf5c8410a1c714fe652440faf6d49853d45ecc2a08f","bytes":15262}]},"maliciousAdvisories":[],"screenedAt":"2026-09-07T23:23:22.682Z","cacheHit":true,"clearancePath":"/home/runner/v2-lRUHXv/security/nub-fb3938809772-resolved.json"}
  SECURITY nub-fb3938809772-resolved clean: 58 exact package-version(s), tree 59e92d1b5a72 (cached exact-tree clearance)
  VERIFY[fb3938809772] rc=0 artifacts=106/112 missing=6 shortfall=8db8395266db (tree 4418/1332) OVERRIDDEN=2 REJECTED=0 grant={"write":{"deps":true,"project":true,"userHome":true},"read":"disk","network":true}
       missing: build/Release/.deps/Release/obj.target/node-addon-api/nothing.o.d, build/Release/node-addon-api/nothing.a, build/Release/node-addon-api/nothing.a.ar-file-list, build/Release/obj.target/node-addon-api/nothing.o, node-addon-api/node_api.Makefile, node-addon-api/nothing.target.mk
  EVICT     40 store entries removed, 19 spared as nub tooling
  SE-PURGE  0 side-effects-cache entries for node-zopfli-es
OSV-SCREEN {"schemaVersion":1,"kind":"nub-fb2742342390-resolved","status":"clean","digest":"59e92d1b5a72da11f6bb3e47b88da3912dc3565871493d357560d0a8f613c1d5","specCount":58,"lockfiles":{"digest":"0a28d4829eadbcab096acb3d1c9a723389739c3995b9e2eaaf50b028ada27090","files":[{"path":"nub.lock","sha256":"8f279d98854f066d3d49dcf5c8410a1c714fe652440faf6d49853d45ecc2a08f","bytes":15262}]},"maliciousAdvisories":[],"screenedAt":"2026-09-07T23:23:22.682Z","cacheHit":true,"clearancePath":"/home/runner/v2-lRUHXv/security/nub-fb2742342390-resolved.json"}
  SECURITY nub-fb2742342390-resolved clean: 58 exact package-version(s), tree 59e92d1b5a72 (cached exact-tree clearance)
  VERIFY[fb2742342390] rc=0 artifacts=106/112 missing=6 shortfall=8db8395266db (tree 4418/1332) OVERRIDDEN=2 REJECTED=0 grant={"write":"disk","network":true}
       missing: build/Release/.deps/Release/obj.target/node-addon-api/nothing.o.d, build/Release/node-addon-api/nothing.a, build/Release/node-addon-api/nothing.a.ar-file-list, build/Release/obj.target/node-addon-api/nothing.o, node-addon-api/node_api.Makefile, node-addon-api/nothing.target.mk
  => ARTIFACT-GATE-SUSPECT {"network":true}   (every arm rc=0 and the SAME 6-artifact shortfall at every
     grant up to write:"disk" — invariant under widening, so it is not a capability gap)
     ⇒ The grant is the SYNTHESIZED one and is UNVERIFIED — minimality was never descended.
        Triage the shortfall against the arm's toolchain, not against the jail.
