OSV-SCREEN {"schemaVersion":1,"kind":"direct","status":"clean","digest":"23e17126f78c76706e595be184455fce70b480a6bb754e0f16aac4258bbfde51","specCount":1,"lockfiles":{"digest":null,"files":[]},"maliciousAdvisories":[],"screenedAt":"2026-09-08T03:29:20.307Z","cacheHit":false,"clearancePath":"/Users/runner/v2m-Vau5tJ/security/direct.json"}
  SECURITY direct clean: 1 exact package-version(s), tree 23e17126f78c
### @privy-io/server-auth@1.6.1-beta.1   (/Users/runner/v2m-Vau5tJ)   nub=/tmp/nub/target/release/nub
  VENUE-NUB-BINARY {"path":"/tmp/nub/target/release/nub","sha256":"f923f9d246b7061a3e88675efb7b4fdcda741d02368002ce6e7f7044b01e7bbe","bytes":93818888,"features":{"buildJailCatalogOverride":true,"pythonDontWriteBytecodeEnv":true}}
  CI-ENV scrubbed: CI GITHUB_ACTIONS
  --- fbt preflight (advisory; never fails the run) ---
     csrutil: System Integrity Protection status: disabled.
     fbt probes visible: 93591
     fbt enable attempt: dtrace: description 'fbt:::entry ' matched 50364 probes CPU     ID                    FUNCTION:NAME 
     cwd builtin value:  
     fbt chdir symbols:  
     fbt fires on spawn-with-cwd: dtrace: invalid probe specifier fbt::chdir*:entry /progenyof($target)/ { @[probefunc] = count(); }: probe description fbt::chdir*:entry does not match any probes 
  --- end fbt preflight ---
OSV-SCREEN {"schemaVersion":1,"kind":"npm-observe-resolved","status":"clean","digest":"65ba38436291ebf923523fdb7856eacdc29bdf0163f7babfd5015809fa584e65","specCount":19,"lockfiles":{"digest":"48dd33a96beafa5afc8e8efcfe7bfae430aaa5fda261fdde87135d42a4fd80cb","files":[{"path":"package-lock.json","sha256":"7c3acd45e6bd9b00133f50a1784a647b18fb3155fab897194fa68ebc3657c645","bytes":7347}]},"maliciousAdvisories":[],"screenedAt":"2026-09-08T03:29:26.472Z","cacheHit":false,"clearancePath":"/Users/runner/v2m-Vau5tJ/security/npm-observe-resolved.json"}
  SECURITY npm-observe-resolved clean: 19 exact package-version(s), tree 65ba38436291
  VENUE-CI-CHILD clean (no CI-detection variable reaches the traced script)
  --- wrapper (run.sh) ---
     cd "/Users/runner/v2m-Vau5tJ/Observe"
     sudo -u "runner" -H env "PATH=$PATH"   "HOME=/Users/runner/v2m-Vau5tJ/jailhome"   "TMPDIR=/private/var/folders/bl/vzjcvbz95c3dk19cb0fw46180000gn/T/nub-tmp-obs01vX06"   "NODE_COMPAT=1"   "PYTHONDONTWRITEBYTECODE=1"   "PLAYWRIGHT_BROWSERS_PATH=/Users/runner/.cache/nub/pm/tools/ms-playwright"   "ELECTRON_CACHE=/Users/runner/.cache/nub/pm/tools/electron-cache"   "electron_config_cache=/Users/runner/.cache/nub/pm/tools/electron-cache"   "npm_config_prefix=/Users/runner/.cache/nub/pm/tools/npm-prefix"   "/Users/runner/hostedtoolcache/node/22.23.2/arm64/bin/npm" rebuild --no-audit --no-fund "@privy-io/server-auth" > "/Users/runner/v2m-Vau5tJ/Observe/npm.log" 2>&1
     echo $? > "/Users/runner/v2m-Vau5tJ/Observe/rc"
  --- dtrace stderr + wrapper trace ---
     + cd /Users/runner/v2m-Vau5tJ/Observe
     + sudo -u runner -H env PATH=/Users/runner/hostedtoolcache/node/22.23.2/arm64/bin:/opt/homebrew/lib/ruby/gems/3.3.0/bin:/opt/homebrew/opt/ruby@3.3/bin:/Users/runner/.local/bin:/opt/homebrew/bin:/opt/homebrew/sbin:/Users/runner/.cargo/bin:/usr/local/opt/curl/bin:/usr/local/bin:/usr/local/sbin:/Users/runner/bin:/Users/runner/.yarn/bin:/Users/runner/Library/Android/sdk/tools:/Users/runner/Library/Android/sdk/platform-tools:/Library/Frameworks/Python.framework/Versions/Current/bin:/Library/Frameworks/Mono.framework/Versions/Current/Commands:/usr/bin:/bin:/usr/sbin:/sbin:/Users/runner/.dotnet/tools HOME=/Users/runner/v2m-Vau5tJ/jailhome TMPDIR=/private/var/folders/bl/vzjcvbz95c3dk19cb0fw46180000gn/T/nub-tmp-obs01vX06 NODE_COMPAT=1 PYTHONDONTWRITEBYTECODE=1 PLAYWRIGHT_BROWSERS_PATH=/Users/runner/.cache/nub/pm/tools/ms-playwright ELECTRON_CACHE=/Users/runner/.cache/nub/pm/tools/electron-cache electron_config_cache=/Users/runner/.cache/nub/pm/tools/electron-cache npm_config_prefix=/Users/runner/.cache/nub/pm/tools/npm-prefix /Users/runner/hostedtoolcache/node/22.23.2/arm64/bin/npm rebuild --no-audit --no-fund @privy-io/server-auth
     dtrace: error on enabled probe ID 128 (ID 286: syscall::execve:entry): invalid address (0x600001b2d170) in action #1 at DIF offset 20
     + echo 127
  OBSERVE   rc=127 dtrace_rc=0 files=710 (pre=708) trace=11901 lines
  => BROKEN-WITHOUT-JAIL-TOO (unjailed control failed rc=127; nothing to measure)
     npm error code 127
     npm error path /Users/runner/v2m-Vau5tJ/Observe/node_modules/@privy-io/server-auth
     npm error command failed
     npm error command sh -c patch-package
     npm error sh: patch-package: command not found
     npm error A complete log of this run can be found in: /Users/runner/v2m-Vau5tJ/jailhome/.npm/_logs/2026-09-08T03_29_27_993Z-debug-0.log
