OSV-SCREEN {"schemaVersion":1,"kind":"direct","status":"clean","digest":"15b5e01b6ee6eb2a9e3a1d5df16b661583ec3bf9ce3190ccd56093dcab264d76","specCount":1,"lockfiles":{"digest":null,"files":[]},"maliciousAdvisories":[],"screenedAt":"2026-09-01T02:06:03.080Z","cacheHit":false,"clearancePath":"/Users/runner/v2m-WC7XHs/security/direct.json"}
  SECURITY direct clean: 1 exact package-version(s), tree 15b5e01b6ee6
  ERA-NODE PINNED 20.20.2 (provisioned) (arms will run: v20.20.2)
  ERA-PYTHON /Users/runner/hostedtoolcache/Python/3.9.13/arm64/bin/python (Python 3.9.13) for era Node 20, whose node-gyp requires python3
  ARM-MAKE /usr/bin/make (GNU Make 3.81) — the system make; a build needing GNU Make 4 WILL fail here
### @aws-amplify/cli@12.9.0   (/Users/runner/v2m-WC7XHs)   nub=/tmp/nub/target/release/nub
  VENUE-NUB-BINARY {"path":"/tmp/nub/target/release/nub","sha256":"69e622342d0c8393c78fa50a01dc9cc0a94371ac9b106b59bdcc016f06d86d30","bytes":94535576,"features":{"buildJailCatalogOverride":true,"pythonDontWriteBytecodeEnv":true}}
  CI-ENV scrubbed: CI GITHUB_ACTIONS
  --- fbt preflight (advisory; never fails the run) ---
     csrutil: System Integrity Protection status: disabled.
     fbt probes visible: 93577
     fbt enable attempt: dtrace: description 'fbt:::entry ' matched 50357 probes CPU     ID                    FUNCTION:NAME 
     cwd builtin value:  
     fbt chdir symbols:  
     fbt fires on spawn-with-cwd: dtrace: invalid probe specifier fbt::chdir*:entry /progenyof($target)/ { @[probefunc] = count(); }: probe description fbt::chdir*:entry does not match any probes 
  --- end fbt preflight ---
  ERA-RESOLUTION DATED 2023-12-12T22:27:17.279Z (deps as of the package's own publish date + 1d)
OSV-SCREEN {"schemaVersion":1,"kind":"npm-observe-resolved","status":"clean","digest":"3a78ac800ee0f3555f5471475e67be0bf9ca45fd06540a8b6bfd7a75efce59e6","specCount":33,"lockfiles":{"digest":"3abc225692a7ff85bd16dd82b2698a664210cc7cbbf304aa94ba72a09fde255b","files":[{"path":"package-lock.json","sha256":"4d80357ad69d7d14af6a934224cb4474b8378e1341c1360bbeed01dbcd224967","bytes":14622}]},"maliciousAdvisories":[],"screenedAt":"2026-09-01T02:06:12.370Z","cacheHit":false,"clearancePath":"/Users/runner/v2m-WC7XHs/security/npm-observe-resolved.json"}
  SECURITY npm-observe-resolved clean: 33 exact package-version(s), tree 3a78ac800ee0
  ARM-PATH SANITISED (dropped 1: /Users/runner/.yarn/bin)
  ARM-AMBIENT-TOOLS 1 leaked: rimraf=/Users/runner/v2m-WC7XHs/Observe/node_modules/.bin/rimraf
  ARM-SCAFFOLD none
  ARM-UNPROVIDABLE none
  VENUE-CI-CHILD clean (no CI-detection variable reaches the traced script)
  ARM-REBUILD-SPEC @aws-amplify/cli@12.9.0
  --- wrapper (run.sh) ---
     cd "/Users/runner/v2m-WC7XHs/Observe"
     sudo -u "runner" -H env "PATH=/Users/runner/v2m-WC7XHs/Observe/node_modules/.bin:/Users/runner/.cache/nub/era-node/20.20.2/node-v20.20.2-darwin-arm64/bin:/Users/runner/hostedtoolcache/node/22.23.2/arm64/bin:/opt/homebrew/lib/ruby/gems/3.3.0/bin:/opt/homebrew/opt/ruby@3.3/bin:/Users/runner/.local/bin:/opt/homebrew/bin:/opt/homebrew/sbin:/Users/runner/.cargo/bin:/usr/local/opt/curl/bin:/usr/local/bin:/usr/local/sbin:/Users/runner/bin:/Users/runner/Library/Android/sdk/tools:/Users/runner/Library/Android/sdk/platform-tools:/Library/Frameworks/Python.framework/Versions/Current/bin:/Library/Frameworks/Mono.framework/Versions/Current/Commands:/usr/bin:/bin:/usr/sbin:/sbin:/Users/runner/.dotnet/tools"   "HOME=/Users/runner/v2m-WC7XHs/jailhome"   "TMPDIR=/private/var/folders/_5/zjnzxgh147qcg3bb5cg2wvqw0000gn/T/nub-tmp-obsIGfko2"   "NODE_COMPAT=1"   "PYTHONDONTWRITEBYTECODE=1"   "PLAYWRIGHT_BROWSERS_PATH=/Users/runner/.cache/nub/pm/tools/ms-playwright"   "ELECTRON_CACHE=/Users/runner/.cache/nub/pm/tools/electron-cache"   "electron_config_cache=/Users/runner/.cache/nub/pm/tools/electron-cache"   "npm_config_prefix=/Users/runner/.cache/nub/pm/tools/npm-prefix"   PYTHON=/Users/runner/hostedtoolcache/Python/3.9.13/arm64/bin/python   npm rebuild --no-audit --no-fund "@aws-amplify/cli@12.9.0" > "/Users/runner/v2m-WC7XHs/Observe/npm.log" 2>&1
     echo $? > "/Users/runner/v2m-WC7XHs/Observe/rc"
  --- dtrace stderr + wrapper trace ---
     + cd /Users/runner/v2m-WC7XHs/Observe
     + sudo -u runner -H env PATH=/Users/runner/v2m-WC7XHs/Observe/node_modules/.bin:/Users/runner/.cache/nub/era-node/20.20.2/node-v20.20.2-darwin-arm64/bin:/Users/runner/hostedtoolcache/node/22.23.2/arm64/bin:/opt/homebrew/lib/ruby/gems/3.3.0/bin:/opt/homebrew/opt/ruby@3.3/bin:/Users/runner/.local/bin:/opt/homebrew/bin:/opt/homebrew/sbin:/Users/runner/.cargo/bin:/usr/local/opt/curl/bin:/usr/local/bin:/usr/local/sbin:/Users/runner/bin:/Users/runner/Library/Android/sdk/tools:/Users/runner/Library/Android/sdk/platform-tools:/Library/Frameworks/Python.framework/Versions/Current/bin:/Library/Frameworks/Mono.framework/Versions/Current/Commands:/usr/bin:/bin:/usr/sbin:/sbin:/Users/runner/.dotnet/tools HOME=/Users/runner/v2m-WC7XHs/jailhome TMPDIR=/private/var/folders/_5/zjnzxgh147qcg3bb5cg2wvqw0000gn/T/nub-tmp-obsIGfko2 NODE_COMPAT=1 PYTHONDONTWRITEBYTECODE=1 PLAYWRIGHT_BROWSERS_PATH=/Users/runner/.cache/nub/pm/tools/ms-playwright ELECTRON_CACHE=/Users/runner/.cache/nub/pm/tools/electron-cache electron_config_cache=/Users/runner/.cache/nub/pm/tools/electron-cache npm_config_prefix=/Users/runner/.cache/nub/pm/tools/npm-prefix PYTHON=/Users/runner/hostedtoolcache/Python/3.9.13/arm64/bin/python npm rebuild --no-audit --no-fund @aws-amplify/cli@12.9.0
     dtrace: error on enabled probe ID 128 (ID 286: syscall::execve:entry): invalid address (0x600001d6c090) in action #1 at DIF offset 20
     + echo 0
  OBSERVE   rc=0 dtrace_rc=0 files=323 (pre=321) trace=9271 lines
  CLOSURE   33 packages evicted per arm   store=/Users/runner/.cache/nub/pm/store
  RAWLOG-FILE /Users/runner/v2m-WC7XHs/Observe/trace.txt.gz
  RAWLOG-CAPTURE /Users/runner/v2m-WC7XHs/Observe/capture.json
  RAWLOG-BYTES raw=1525701 gz=58002
  VENUE-INTERPRETER /Users/runner/hostedtoolcache/node/22.23.2/arm64
  VENUE-NODE-SELECTION {"pkg":"@aws-amplify/cli","packageVersion":"12.9.0","major":20,"version":"20.20.2","npm":"10.8.2","pinnable":true,"engines":">=12.0.0","publishedAt":"2023-12-11T22:27:17.279Z","eraMajor":20,"startMajor":20,"raisedByEngines":false,"enginesUnsatisfiable":false,"clampedToFloor":false,"clampedToCeiling":false,"matrixFloor":4,"matrixCeiling":26,"lookupFailure":null,"pinned":true,"pinnedBin":"/Users/runner/.cache/nub/era-node/20.20.2/node-v20.20.2-darwin-arm64/bin","eraNodeRoot":"/Users/runner/.cache/nub"}
  VENUE-OVERRIDES {"set":{"PATH":"inherited-and-forwarded","HOME":"/Users/runner/v2m-WC7XHs/jailhome","TMPDIR":"/private/var/folders/_5/zjnzxgh147qcg3bb5cg2wvqw0000gn/T/nub-tmp-obsIGfko2","NODE_COMPAT":"1","PYTHONDONTWRITEBYTECODE":"1","PLAYWRIGHT_BROWSERS_PATH":"/Users/runner/.cache/nub/pm/tools/ms-playwright","ELECTRON_CACHE":"/Users/runner/.cache/nub/pm/tools/electron-cache","electron_config_cache":"/Users/runner/.cache/nub/pm/tools/electron-cache","npm_config_prefix":"/Users/runner/.cache/nub/pm/tools/npm-prefix"},"unset":["(sudo env_reset discards the caller environment; every var above is re-set after it)","CI","GITHUB_ACTIONS"],"passedThrough":{"CI":"true","GITHUB_ACTIONS":"true","NODE_ENV":null}}
  VENUE-OBSERVE-USER runner uid=501 (R7: ordinary non-root user, asserted)
  ARM-FALSIFIABILITY {"manifestFiles":26,"filesTheScriptProduced":0,"reasons":["gate-vacuous"]}
  ⛔ ARMS-UNFALSIFIABLE — the artifact gate carries no signal for this package:
       gate-vacuous: the script changed no file the artifact gate keys on — every file in the manifest (26) was already present at its final size before the script ran, so the gate passes in every arm including a completely broken one
       The EXIT CODE is still a live detector here, so a descent arm that actually
       FAILED is evidence. What is missing is the gate, not every signal — do not read
       a green arm as proof on its own, and do not read this note as "no evidence".
  EVENTLOG-FILE /Users/runner/v2m-WC7XHs/Observe/events.ndjson.gz
  EVENTLOG-STATS {"lines":9272,"parsed":9252,"unparsed":0,"live":true,"tracerErrors":1,"tracerErrorTotal":1,"unresolvedDirfd":24,"unresolvedFd":0,"pairedTwoPath":1,"danglingPair":0,"failed":4404,"enoent":4397,"refusals":0,"byErrno":{"ENXIO":3,"ENOENT":4397,"EEXIST":4},"procs":7,"lifecyclePids":1,"distinctEvents":5953,"emitted":5953,"calls":9236,"bytes":1084584,"gzipBytes":40386,"out":"/Users/runner/v2m-WC7XHs/Observe/events.ndjson"}
  == TRACER == live=true decodable-events=1771 dropped-events=1
    NOTE 16 relative path(s) under a non-AT_FDCWD dirfd were not
       scope-assigned: resolving them against the cwd would invent a path.
    ⛔ CWD-UNOBSERVED 3 relative path(s) (0 write(s)) came from a lifecycle
       process whose own cwd was never observed
       macOS spawns with posix_spawn addchdir_np, which changes directory in-kernel and
       emits no chdir syscall, so the inherited cwd cannot be trusted. These are NOT
       scope-assigned; the grant below is WIDENED instead so it covers wherever they landed.
         pid=41089 read  unproven .
         pid=41090 read  unproven .
         pid=41411 read  unproven .
    ⛔ THE TRACER DROPPED 1 EVENT(S). A dropped event is a path never
       seen, so the grant below can only be too NARROW — the direction that breaks installs.
       Treat it as a FLOOR, not a measurement, until the adapter fault is fixed:
             1 x  epid=128 action=1 fault=1 addr=0x600001d6c090
  == ATTRIBUTION == lifecycle pids: 1
    writes  script 202  /  whole traced subtree 208
    sockets script 2  /  whole traced subtree 3
  == ROOTS (from /Users/runner/v2m-WC7XHs/Observe/capture.json; the classifier reads no other source) ==
    project       /Users/runner/v2m-WC7XHs/Observe
    home          /Users/runner
    jailHome      /Users/runner/v2m-WC7XHs/jailhome
    globalStore   /Users/runner/.cache/nub/pm/store
    projectStore  /Users/runner/v2m-WC7XHs/Observe/node_modules/.store
    interpreter   /Users/runner/hostedtoolcache/node/22.23.2/arm64
    toolsDir      /Users/runner/.cache/nub/pm/tools
    temp          /private/var/folders/_5/zjnzxgh147qcg3bb5cg2wvqw0000gn/T/nub-tmp-obsIGfko2
    npmPrefix     /Users/runner/.cache/nub/pm/tools/npm-prefix
    ownPkg        /Users/runner/v2m-WC7XHs/Observe/node_modules/@aws-amplify/cli
    cwd           (null — this platform has no such root)
  == WRITES the script actually performed ==
    systemfs      1
        /dev/dtracehelper
    jailHome    201  (base profile already grants this — NOT billed)
        /Users/runner/v2m-WC7XHs/jailhome/.amplify
        /Users/runner/v2m-WC7XHs/jailhome/.amplify/bin
        /Users/runner/v2m-WC7XHs/jailhome/.amplify/bin/amplify
        /Users/runner/v2m-WC7XHs/jailhome/.config
        /Users/runner/v2m-WC7XHs/jailhome/.config/configstore
        /Users/runner/v2m-WC7XHs/jailhome/.config/configstore/update-notifier-@aws-amplify
        /Users/runner/v2m-WC7XHs/jailhome/.config/configstore/update-notifier-@aws-amplify/cli-internal.json.4191194323
        /Users/runner/v2m-WC7XHs/jailhome/.config/configstore/update-notifier-@aws-amplify/cli-internal.json
        /Users/runner/v2m-WC7XHs/jailhome/.amplify/lib
        /Users/runner/v2m-WC7XHs/jailhome/.amplify/lib/amplify-dynamodb-simulator
        … and 191 more
  == READS the script performed, by scope ==
    outside       7
    systemfs     10
    userHome      3
    ownPkg        4
    deps         85
    jailHome      3
        outside: /
        outside: /bin/bash
        outside: /bin
        outside: /var/db/timezone/zoneinfo/UTC
        outside: /var/db/timezone/zoneinfo/posixrules
        outside: /etc/resolv.conf
        outside: /etc/localtime
  == NETWORK ==
    AF_INET connects: 2   distinct peers: 2
        13.224.187.93:443
        13.224.187.16:443
  == REFUSALS (errno EPERM/EACCES/EROFS only; ENOENT is a miss, not a denial) ==
    distinct: 0
  == SYNTHESIZED GRANT (verify this in the real unprivileged jail) ==
    {"network":true,"writePaths":[".amplify",".config/configstore"]}
  == writePaths (DERIVED — promotion out of the package's PRIVATE home) ==
    private-home writes observed: 201
        .amplify
        .config/configstore
  == writePaths FEASIBILITY (distinct writes outside project/deps) ==
    count: 0
  EVICT[synth] 12 store entries removed, 31 spared as nub tooling, 940 in store
OSV-SCREEN {"schemaVersion":1,"kind":"nub-synth-resolved","status":"clean","digest":"afd4db79301f5356059cb948924186fbe8a60b689385e859c9aad58fb54c0b2d","specCount":51,"lockfiles":{"digest":"014e214497c27727358319a6ec4f77b7659c52e6d7b5253f595fc6d3cb6c0513","files":[{"path":"nub.lock","sha256":"ec5295d6a00c850973e3147ba98839d0ed9292ae2f6dcdc40e6a7a843e165039","bytes":12984}]},"maliciousAdvisories":[],"screenedAt":"2026-09-01T02:06:50.578Z","cacheHit":false,"clearancePath":"/Users/runner/v2m-WC7XHs/security/nub-synth-resolved.json"}
  SECURITY nub-synth-resolved clean: 51 exact package-version(s), tree afd4db79301f
  VENUE-STORE-LAYOUT isolated
  VERIFY[synth] rc=0 artifacts=26/26 missing=0 shortfall=none (tree 1990/323) OVERRIDDEN=3 REJECTED=0 grant={"network":true,"writePaths":[".amplify",".config/configstore"]}
  => VERIFIED {"network":true,"writePaths":[".amplify",".config/configstore"]}
  EVICT[nar-no-network] 12 store entries removed, 31 spared as nub tooling, 940 in store
OSV-SCREEN {"schemaVersion":1,"kind":"nub-nar-no-network-resolved","status":"clean","digest":"afd4db79301f5356059cb948924186fbe8a60b689385e859c9aad58fb54c0b2d","specCount":51,"lockfiles":{"digest":"014e214497c27727358319a6ec4f77b7659c52e6d7b5253f595fc6d3cb6c0513","files":[{"path":"nub.lock","sha256":"ec5295d6a00c850973e3147ba98839d0ed9292ae2f6dcdc40e6a7a843e165039","bytes":12984}]},"maliciousAdvisories":[],"screenedAt":"2026-09-01T02:06:50.578Z","cacheHit":true,"clearancePath":"/Users/runner/v2m-WC7XHs/security/nub-nar-no-network-resolved.json"}
  SECURITY nub-nar-no-network-resolved clean: 51 exact package-version(s), tree afd4db79301f (cached exact-tree clearance)
  VERIFY[nar-no-network] rc=0 artifacts=26/26 missing=0 shortfall=none (tree 1990/323) OVERRIDDEN=3 REJECTED=0 grant={"writePaths":[".amplify",".config/configstore"]}
     ⛔ OVER-PREDICTED — the strictly narrower {"writePaths":[".amplify",".config/configstore"]} also verifies; 'no-network' was not needed
### DONE @aws-amplify/cli@12.9.0  synthesized={"network":true,"writePaths":[".amplify",".config/configstore"]} verified=1
