### @danmarshall/deckgl-typings@4.9.9   (/home/runner/v2-fMbhnn)
  CI-ENV scrubbed: CI GITHUB_ACTIONS
OSV-SCREEN {"schemaVersion":1,"kind":"direct","status":"clean","digest":"b45960614ed18f04cf3bf79df68a07bd228315d6862a4d5c2dcc54bcbb41af1b","specCount":1,"lockfiles":{"digest":null,"files":[]},"maliciousAdvisories":[],"screenedAt":"2026-09-08T11:12:40.040Z","cacheHit":false,"clearancePath":"/home/runner/v2-fMbhnn/security/direct.json"}
  SECURITY direct clean: 1 exact package-version(s), tree b45960614ed1
  VENUE-OBSERVE-USER {"uid":1001,"user":"runner","umask":"0022","capBnd":"000001ffffffffff","noNewPrivs":"0"}
  VENUE-NUB-BINARY {"path":"/tmp/nub/target/release/nub","sha256":"2a18683f50f7afeb02a521cd3cae175dc2f91780d461c5f012065241f5a1447b","bytes":207643464,"features":{"buildJailCatalogOverride":true,"pythonDontWriteBytecodeEnv":true}}
OSV-SCREEN {"schemaVersion":1,"kind":"npm-observe-resolved","status":"clean","digest":"b49c07f72fe893fa8c6e65fed8d3e65d9ff84934cfafca4e3b769a72058d3780","specCount":10,"lockfiles":{"digest":"39babb9231e4645c0d1b2791463467417e5755ea205e54818580b83c333192ac","files":[{"path":"package-lock.json","sha256":"349aebca48a48fb9afd003a30d9c6ad6a5bee831d30aff66b2d468e22b21b89b","bytes":3984}]},"maliciousAdvisories":[],"screenedAt":"2026-09-08T11:12:41.710Z","cacheHit":false,"clearancePath":"/home/runner/v2-fMbhnn/security/npm-observe-resolved.json"}
  SECURITY npm-observe-resolved clean: 10 exact package-version(s), tree b49c07f72fe8
  OBSERVE   rc=0 files=152 trace=11952 lines
  CLOSURE   30 packages evicted per arm
  ARM-FALSIFIABILITY {"manifestFiles":24,"filesTheScriptProduced":0,"reasons":["gate-vacuous"]}
  ⛔ ARMS-UNFALSIFIABLE — a green arm for this package carries no evidence:
       gate-vacuous: the script changed no file the artifact gate keys on — every file in the manifest (24) was already present at its final size before the script ran, so the gate passes in every arm including a completely broken one
       The grant may still be correct; what is missing is a signal that could have gone
       red. Do not read this record's MINIMAL as a passing measurement.
  RAWLOG-FILE /home/runner/v2-fMbhnn/observe/trace.txt.gz
  RAWLOG-CAPTURE /home/runner/v2-fMbhnn/observe/capture.json
  RAWLOG-BYTES raw=2590968 gz=75324
  VENUE-INTERPRETER /opt/hostedtoolcache/node/22.23.2/x64
  VENUE-OVERRIDES {"set":{"HOME":"/home/runner/v2-fMbhnn/jailhome","TMPDIR":"/tmp/nub-tmp-obs1JGq5m","NODE_COMPAT":"1","PLAYWRIGHT_BROWSERS_PATH":"/home/runner/.cache/nub/pm/tools/ms-playwright","ELECTRON_CACHE":"/home/runner/.cache/nub/pm/tools/electron-cache","electron_config_cache":"/home/runner/.cache/nub/pm/tools/electron-cache","npm_config_prefix":"/home/runner/.cache/nub/pm/tools/npm-prefix","PYTHONDONTWRITEBYTECODE":"1","NUB_CACHE_DIR":"/home/runner/v2-fMbhnn/nubcache"},"unset":["CI","GITHUB_ACTIONS"],"passedThrough":{"CI":"true","GITHUB_ACTIONS":"true","NODE_ENV":null}}
  == ATTRIBUTION == attributed pids: 13
    writes  script 40  /  whole traced tree 1128
    sockets script 0  /  whole traced tree 4
  == ROOTS (from capture.json — R2: no ambient reads) ==
    project       /home/runner/v2-fMbhnn/observe
    home          /home/runner
    jailHome      /home/runner/v2-fMbhnn/jailhome
    globalStore   /home/runner/.cache/nub/pm/store   [declared, not keyed on]
    projectStore  /home/runner/v2-fMbhnn/observe/node_modules/.store   [declared, not keyed on]
    interpreter   /opt/hostedtoolcache/node/22.23.2/x64   [declared, not keyed on]
    toolsDir      /home/runner/.cache/nub/pm/tools   [declared, not keyed on]
    temp          /tmp/nub-tmp-obs1JGq5m
    npmPrefix     /home/runner/.cache/nub/pm/tools/npm-prefix
    ownPkg        /home/runner/v2-fMbhnn/observe/node_modules/@danmarshall/deckgl-typings
  == WRITES the script actually performed ==
    deps         40
  == NETWORK ==
    AF_INET sockets: 0   distinct peers: 2
        127.0.0.53:53
        104.16.7.34:443
  == REFUSALS (only `= -1 EACCES/EPERM/EROFS`) ==
    distinct: 0
  == SYNTHESIZED GRANT (verify this in the real unprivileged jail) ==
    {"write":{"deps":true}}
  == writePaths (DERIVED — promotion out of the package's PRIVATE home) ==
    private-home writes observed: 0
    none declared — the script wrote nothing into its private home — there is nothing to promote
  == writePaths FEASIBILITY (distinct writes outside project/deps) ==
    count: 0
    EVENTS    4876 distinct from 11835 calls (11953 lines, 95 rejoined, 0 unparsed)
    PROCS     20   lifecycle shells 8
    ⛔ 3 paths with an UNRESOLVED dirfd — kept, marked, never guessed
    unsubscribed/unmapped syscalls: getsockname×24 setsockopt×23 exit×15 getsockopt×11 recvmsg×7 getcwd×4 socketpair×3 shutdown×3
    wrote /home/runner/v2-fMbhnn/observe/events.ndjson.gz (33731 bytes)
  EVENTLOG-FILE /home/runner/v2-fMbhnn/observe/events.ndjson.gz
  EVENTLOG-STATS {"lines":11953,"parsed":11835,"unparsed":0,"unfinished":95,"rejoined":95,"unresolvedDirfd":3,"truncatedArg":0,"procs":20,"lifecyclePids":8,"distinctEvents":4876,"unknownSyscall":{"getsockname":24,"getsockopt":11,"getcwd":4,"recvmsg":7,"exit":15,"setsockopt":23,"sendmmsg":1,"socketpair":3,"shutdown":3,"exit_group":3,"wait4":3},"out":"/home/runner/v2-fMbhnn/observe/events.ndjson.gz","gzipBytes":33731}
  EVICT     3 store entries removed, 1 spared as nub tooling
  SE-PURGE  0 side-effects-cache entries for @danmarshall/deckgl-typings
OSV-SCREEN {"schemaVersion":1,"kind":"nub-synth-resolved","status":"clean","digest":"b49c07f72fe893fa8c6e65fed8d3e65d9ff84934cfafca4e3b769a72058d3780","specCount":10,"lockfiles":{"digest":"b7550851832186df8d8e80f4d04ea840733f3ed00dcc404094345c541804ed2e","files":[{"path":"nub.lock","sha256":"407be7340c8c705412bd126eb8d24112c8b6a78a48eb28a574586010b911af24","bytes":2437}]},"maliciousAdvisories":[],"screenedAt":"2026-09-08T11:12:41.710Z","cacheHit":true,"clearancePath":"/home/runner/v2-fMbhnn/security/nub-synth-resolved.json"}
  SECURITY nub-synth-resolved clean: 10 exact package-version(s), tree b49c07f72fe8 (cached exact-tree clearance)
  VENUE-STORE-LAYOUT isolated
  VERIFY[synth] rc=0 artifacts=24/24 missing=0 shortfall=none (tree 421/152) OVERRIDDEN=2 REJECTED=0 grant={"write":{"deps":true}}
  => VERIFIED {"write":{"deps":true}}   (observed, then verified)
  EVICT     9 store entries removed, 1 spared as nub tooling
  SE-PURGE  0 side-effects-cache entries for @danmarshall/deckgl-typings
OSV-SCREEN {"schemaVersion":1,"kind":"nub-drop-no-write-deps-resolved","status":"clean","digest":"b49c07f72fe893fa8c6e65fed8d3e65d9ff84934cfafca4e3b769a72058d3780","specCount":10,"lockfiles":{"digest":"b7550851832186df8d8e80f4d04ea840733f3ed00dcc404094345c541804ed2e","files":[{"path":"nub.lock","sha256":"407be7340c8c705412bd126eb8d24112c8b6a78a48eb28a574586010b911af24","bytes":2437}]},"maliciousAdvisories":[],"screenedAt":"2026-09-08T11:12:41.710Z","cacheHit":true,"clearancePath":"/home/runner/v2-fMbhnn/security/nub-drop-no-write-deps-resolved.json"}
  SECURITY nub-drop-no-write-deps-resolved clean: 10 exact package-version(s), tree b49c07f72fe8 (cached exact-tree clearance)
  VERIFY[drop-no-write-deps] rc=0 artifacts=24/24 missing=0 shortfall=none (tree 421/152) OVERRIDDEN=2 REJECTED=0 grant={}
     ⛔ OVER-PREDICTED: dropping 'no-write-deps' STILL VERIFIES — {} is sufficient
  => OVER-PREDICTED by: no-write-deps  (synthesized {"write":{"deps":true}}; each named capability drops on its own)
