### @roots/bud-framework@6.24.0   (D:\jail\m-rootsbudframework-mtrznd7d)
  CI-ENV scrubbed: CI GITHUB_ACTIONS
OSV-SCREEN {"schemaVersion":1,"kind":"direct","status":"clean","digest":"423458b912b53cc9559cb7b077b00e7bb44c076b655f73ed618c11e61ccffa9b","specCount":1,"lockfiles":{"digest":null,"files":[]},"maliciousAdvisories":[],"screenedAt":"2026-09-08T01:26:01.690Z","cacheHit":false,"clearancePath":"D:\\jail\\m-rootsbudframework-mtrznd7d\\security\\direct.json"}
  SECURITY direct clean: 1 exact package-version(s), tree 423458b912b5
OSV-SCREEN {"schemaVersion":1,"kind":"npm-observe-resolved","status":"clean","digest":"e39712ed1771899b03b8da79586fb7f3121c898188336ef6cb8280c1112d5ec0","specCount":554,"lockfiles":{"digest":"92d378d3365d92d47302e119dc9f7ddae825300a26f7229e1f4207a1ce9ace79","files":[{"path":"package-lock.json","sha256":"da309ff42a0c2ac57da46c30eef403f5abc6fbb0b46c92695c8f5842da9b21c3","bytes":315225}]},"maliciousAdvisories":[],"screenedAt":"2026-09-08T01:26:20.753Z","cacheHit":false,"clearancePath":"D:\\jail\\m-rootsbudframework-mtrznd7d\\security\\npm-observe-resolved.json"}
  SECURITY npm-observe-resolved clean: 554 exact package-version(s), tree e39712ed1771
  CAPTURE user=runnervmeef0v\runneradmin elevated=True rootPid=5108 exit=0 events=24523 lost=0
  VENUE-OBSERVE-USER runnervmeef0v\runneradmin elevated=true privDropped={"SeBackupPrivilege":"removed","SeRestorePrivilege":"removed","SeTakeOwnershipPrivilege":"removed"}
  OBSERVE artifacts: 286 files  (D:\jail\m-rootsbudframework-mtrznd7d\observe\node_modules\@roots\bud-framework)
  ARM-FALSIFIABILITY {"manifestFiles":286,"filesTheScriptProduced":0,"reasons":["gate-vacuous"]}
  ⛔ ARMS-UNFALSIFIABLE — a green arm for this package carries no evidence:
       gate-vacuous: the script changed no file the artifact gate keys on — every file in the manifest (286) was already present at its final size before the script ran, so the gate passes in every arm including a completely broken one
       The grant may still be correct; what is missing is a signal that could have gone
       red. Do not read this record's MINIMAL as a passing measurement.
  CLOSURE 464 packages evicted per arm
  8.3 MAP 0 components resolved on runnervmeef0v, folded into capture.json
  == ROOTS (from capture.json — R2: no ambient reads) ==
    project       D:\jail\m-rootsbudframework-mtrznd7d\observe   [keyed on]
    home          C:\Users\runneradmin   [keyed on]
    jailHome      (null — declared inapplicable)
    globalStore   C:\Users\runneradmin\AppData\Local\nub\pm\store
    projectStore  D:\jail\m-rootsbudframework-mtrznd7d\observe\node_modules\.store
    interpreter   C:\hostedtoolcache\windows\node\22.23.2\x64\node.exe
    toolsDir      C:\Users\runneradmin\AppData\Local\nub\pm\tools
    temp          D:\jail\m-rootsbudframework-mtrznd7d\tmp   [keyed on]
    npmPrefix     (null — declared inapplicable)
    ownPkg        D:\jail\m-rootsbudframework-mtrznd7d\observe\node_modules\@roots\bud-framework
  == ATTRIBUTION == lifecycle pids: 2 (root 5108)
    writes  script 0  /  whole traced tree 7
    peers   script 0  /  whole traced tree 0
  == WRITES ==
  == READS ==
    deps         65
    outside       6
    project       1
    systemfs     23
  == NETWORK ==
    distinct peers: 0
  == REFUSALS (adapter-classified) ==
    distinct: 0
  == SYNTHESIZED GRANT (verify this in the real unprivileged jail) ==
    {}
  RAW       etw-raw.xml.gz  31377950 B xml -> 461301 B gz (68.0x)  sha256 71bef04d8b3d56e1…
  HEADER    etw-header.json (5137 bytes)
  DERIVED   6367 distinct from 7596 kept ops (24523 xml events, 1772 out of subtree)
  PROCS     4   thread-reattributed 0
  8.3       0 expanded, 0 kept short, 0 not covered  [map: recorded 8.3 map (0 components, resolved on runnervmeef0v)]
  wrote events.ndjson.gz (80674 bytes)
  RAWLOG-CAPTURE D:\jail\m-rootsbudframework-mtrznd7d\cap\capture.json
  VENUE-NUB-BINARY {"path":"C:/Users/RUNNER~1/AppData/Local/Temp/nub/target/release/nub.exe","sha256":"f186817a44be332fee712b4936a071a0b5f9cde18a1d2fdc3a791729d4bf1005","bytes":68717056,"features":{"buildJailCatalogOverride":true,"pythonDontWriteBytecodeEnv":true}}
  VENUE-INTERPRETER C:\hostedtoolcache\windows\node\22.23.2\x64\node.exe
  VENUE-JAIL-ROOT D:\jail\m-rootsbudframework-mtrznd7d
  VENUE-OVERRIDES {"set":{"npm_config_cache":"D:\\jail\\m-rootsbudframework-mtrznd7d\\npm-cache","TMP":"D:\\jail\\m-rootsbudframework-mtrznd7d\\tmp","TEMP":"D:\\jail\\m-rootsbudframework-mtrznd7d\\tmp","TMPDIR":"D:\\jail\\m-rootsbudframework-mtrznd7d\\tmp"},"unset":["CI","GITHUB_ACTIONS"],"notRedirected":{"USERPROFILE":"C:\\Users\\runneradmin","why":"the jail leaves HOME/USERPROFILE alone — `build_jail.rs` sandbox_homes() reads the ambient value and `compiler/defaults.rs` BASELINE_ENV_EXACT passes it through — so there is no private jail home to reproduce and redirecting one would measure an environment no confined script sees"},"passedThrough":{"CI":"true","GITHUB_ACTIONS":"true","NODE_ENV":null}}
  STORE   isolated virtual store at D:\jail\m-rootsbudframework-mtrznd7d\verify-synth\.cache
  VENUE-STORE-LAYOUT isolated
OSV-SCREEN {"schemaVersion":1,"kind":"nub-synth-resolved","status":"clean","digest":"60e58a1bad491cd822a07042863e0eda4e2e63f7143e1bb8ba6b129482d92ec6","specCount":554,"lockfiles":{"digest":"832c67174808a3312543b8f04f84a867d77ff6f8c71342dd1b030615c06ba8d3","files":[{"path":"nub.lock","sha256":"0b11ea2ce1fa89587859f90745bf587477082c3abf56a75585278d55a3dc6db2","bytes":152421}]},"maliciousAdvisories":[],"screenedAt":"2026-09-08T01:26:52.123Z","cacheHit":false,"clearancePath":"D:\\jail\\m-rootsbudframework-mtrznd7d\\security\\nub-synth-resolved.json"}
  SECURITY nub-synth-resolved clean: 554 exact package-version(s), tree 60e58a1bad49
  VERIFY[synth] rc=0 artifacts=286/286 missing=0 shortfall=none (tree 23810/14134) OVERRIDDEN=2 REJECTED=0 grant={}
  => MINIMUM {}   (observed, then verified)
  DESCEND   grant is already empty — nothing to narrow; MINIMAL by construction.
