OSV-SCREEN {"schemaVersion":1,"kind":"direct","status":"clean","digest":"8343c3cbbcfa79eff1908503539253e4d408da68b1dd0766d2817c8fb32cc660","specCount":1,"lockfiles":{"digest":null,"files":[]},"maliciousAdvisories":[],"screenedAt":"2026-09-08T09:09:53.331Z","cacheHit":false,"clearancePath":"/Users/runner/v2m-otB3Us/security/direct.json"}
  SECURITY direct clean: 1 exact package-version(s), tree 8343c3cbbcfa
### better-sqlite3@12.11.1   (/Users/runner/v2m-otB3Us)   nub=/tmp/nub/target/release/nub
  VENUE-NUB-BINARY {"path":"/tmp/nub/target/release/nub","sha256":"f923f9d246b7061a3e88675efb7b4fdcda741d02368002ce6e7f7044b01e7bbe","bytes":93818888,"features":{"buildJailCatalogOverride":true,"pythonDontWriteBytecodeEnv":true}}
  CI-ENV scrubbed: CI GITHUB_ACTIONS
  --- fbt preflight (advisory; never fails the run) ---
     csrutil: System Integrity Protection status: disabled.
     fbt probes visible: 93591
     fbt enable attempt: dtrace: description 'fbt:::entry ' matched 50364 probes CPU     ID                    FUNCTION:NAME 
     cwd builtin value:  
     fbt chdir symbols:  
     fbt fires on spawn-with-cwd: dtrace: invalid probe specifier fbt::chdir*:entry /progenyof($target)/ { @[probefunc] = count(); }: probe description fbt::chdir*:entry does not match any probes 
  --- end fbt preflight ---
OSV-SCREEN {"schemaVersion":1,"kind":"npm-observe-resolved","status":"clean","digest":"5e169bc8a60e814f64710afea3ff1cdefb0b6d6ea806a8dfe29ec120b0ccecad","specCount":38,"lockfiles":{"digest":"400c09c2cc7949cc2f4e43a6afc3c2ffb46f0ee364b9a0aa1b3fbb7524ffe6e1","files":[{"path":"package-lock.json","sha256":"f0eb86aae9163041550c9edcdc39c55563acc1483a6da71d35d120bddc1a7334","bytes":16657}]},"maliciousAdvisories":[],"screenedAt":"2026-09-08T09:10:01.450Z","cacheHit":false,"clearancePath":"/Users/runner/v2m-otB3Us/security/npm-observe-resolved.json"}
  SECURITY npm-observe-resolved clean: 38 exact package-version(s), tree 5e169bc8a60e
  VENUE-CI-CHILD clean (no CI-detection variable reaches the traced script)
  --- wrapper (run.sh) ---
     cd "/Users/runner/v2m-otB3Us/Observe"
     sudo -u "runner" -H env "PATH=$PATH"   "HOME=/Users/runner/v2m-otB3Us/jailhome"   "TMPDIR=/private/var/folders/bl/vzjcvbz95c3dk19cb0fw46180000gn/T/nub-tmp-obs5PyJvK"   "NODE_COMPAT=1"   "PYTHONDONTWRITEBYTECODE=1"   "PLAYWRIGHT_BROWSERS_PATH=/Users/runner/.cache/nub/pm/tools/ms-playwright"   "ELECTRON_CACHE=/Users/runner/.cache/nub/pm/tools/electron-cache"   "electron_config_cache=/Users/runner/.cache/nub/pm/tools/electron-cache"   "npm_config_prefix=/Users/runner/.cache/nub/pm/tools/npm-prefix"   "/Users/runner/hostedtoolcache/node/22.23.2/arm64/bin/npm" rebuild --no-audit --no-fund "better-sqlite3" > "/Users/runner/v2m-otB3Us/Observe/npm.log" 2>&1
     echo $? > "/Users/runner/v2m-otB3Us/Observe/rc"
  --- dtrace stderr + wrapper trace ---
     + cd /Users/runner/v2m-otB3Us/Observe
     + sudo -u runner -H env PATH=/Users/runner/hostedtoolcache/node/22.23.2/arm64/bin:/opt/homebrew/lib/ruby/gems/3.3.0/bin:/opt/homebrew/opt/ruby@3.3/bin:/Users/runner/.local/bin:/opt/homebrew/bin:/opt/homebrew/sbin:/Users/runner/.cargo/bin:/usr/local/opt/curl/bin:/usr/local/bin:/usr/local/sbin:/Users/runner/bin:/Users/runner/.yarn/bin:/Users/runner/Library/Android/sdk/tools:/Users/runner/Library/Android/sdk/platform-tools:/Library/Frameworks/Python.framework/Versions/Current/bin:/Library/Frameworks/Mono.framework/Versions/Current/Commands:/usr/bin:/bin:/usr/sbin:/sbin:/Users/runner/.dotnet/tools HOME=/Users/runner/v2m-otB3Us/jailhome TMPDIR=/private/var/folders/bl/vzjcvbz95c3dk19cb0fw46180000gn/T/nub-tmp-obs5PyJvK NODE_COMPAT=1 PYTHONDONTWRITEBYTECODE=1 PLAYWRIGHT_BROWSERS_PATH=/Users/runner/.cache/nub/pm/tools/ms-playwright ELECTRON_CACHE=/Users/runner/.cache/nub/pm/tools/electron-cache electron_config_cache=/Users/runner/.cache/nub/pm/tools/electron-cache npm_config_prefix=/Users/runner/.cache/nub/pm/tools/npm-prefix /Users/runner/hostedtoolcache/node/22.23.2/arm64/bin/npm rebuild --no-audit --no-fund better-sqlite3
     dtrace: error on enabled probe ID 128 (ID 286: syscall::execve:entry): invalid address (0x600003f94000) in action #1 at DIF offset 20
     + echo 0
  OBSERVE   rc=0 dtrace_rc=0 files=388 (pre=385) trace=13215 lines
  CLOSURE   38 packages evicted per arm   store=/Users/runner/.cache/nub/pm/store
  RAWLOG-FILE /Users/runner/v2m-otB3Us/Observe/trace.txt.gz
  RAWLOG-CAPTURE /Users/runner/v2m-otB3Us/Observe/capture.json
  RAWLOG-BYTES raw=2233661 gz=70488
  VENUE-INTERPRETER /Users/runner/hostedtoolcache/node/22.23.2/arm64
  VENUE-OVERRIDES {"set":{"PATH":"inherited-and-forwarded","HOME":"/Users/runner/v2m-otB3Us/jailhome","TMPDIR":"/private/var/folders/bl/vzjcvbz95c3dk19cb0fw46180000gn/T/nub-tmp-obs5PyJvK","NODE_COMPAT":"1","PYTHONDONTWRITEBYTECODE":"1","PLAYWRIGHT_BROWSERS_PATH":"/Users/runner/.cache/nub/pm/tools/ms-playwright","ELECTRON_CACHE":"/Users/runner/.cache/nub/pm/tools/electron-cache","electron_config_cache":"/Users/runner/.cache/nub/pm/tools/electron-cache","npm_config_prefix":"/Users/runner/.cache/nub/pm/tools/npm-prefix"},"unset":["(sudo env_reset discards the caller environment; every var above is re-set after it)","CI","GITHUB_ACTIONS"],"passedThrough":{"CI":"true","GITHUB_ACTIONS":"true","NODE_ENV":null}}
  VENUE-OBSERVE-USER runner uid=501 (R7: ordinary non-root user, asserted)
  ARM-FALSIFIABILITY {"manifestFiles":50,"filesTheScriptProduced":1,"reasons":[]}
  EVENTLOG-FILE /Users/runner/v2m-otB3Us/Observe/events.ndjson.gz
  EVENTLOG-STATS {"lines":13216,"parsed":13198,"unparsed":0,"live":true,"tracerErrors":1,"tracerErrorTotal":1,"unresolvedDirfd":24,"unresolvedFd":0,"pairedTwoPath":542,"danglingPair":0,"failed":5036,"enoent":5033,"refusals":0,"byErrno":{"ENXIO":3,"ENOENT":5033},"procs":6,"lifecyclePids":1,"distinctEvents":6047,"emitted":6047,"calls":12634,"bytes":1196786,"gzipBytes":40476,"out":"/Users/runner/v2m-otB3Us/Observe/events.ndjson"}
  == TRACER == live=true decodable-events=3337 dropped-events=1
    NOTE 16 relative path(s) under a non-AT_FDCWD dirfd were not
       scope-assigned: resolving them against the cwd would invent a path.
    ⛔ CWD-UNOBSERVED 3 relative path(s) (0 write(s)) came from a lifecycle
       process whose own cwd was never observed
       macOS spawns with posix_spawn addchdir_np, which changes directory in-kernel and
       emits no chdir syscall, so the inherited cwd cannot be trusted. These are NOT
       scope-assigned; the grant below is WIDENED instead so it covers wherever they landed.
         pid=26928 read  unproven .
         pid=26929 read  unproven .
         pid=26929 read  unproven .
    ⛔ THE TRACER DROPPED 1 EVENT(S). A dropped event is a path never
       seen, so the grant below can only be too NARROW — the direction that breaks installs.
       Treat it as a FLOOR, not a measurement, until the adapter fault is fixed:
             1 x  epid=128 action=1 fault=1 addr=0x600003f94000
  == ATTRIBUTION == lifecycle pids: 1
    writes  script 7  /  whole traced subtree 1097
    sockets script 2  /  whole traced subtree 3
  == ROOTS (from /Users/runner/v2m-otB3Us/Observe/capture.json; the classifier reads no other source) ==
    project       /Users/runner/v2m-otB3Us/Observe
    home          /Users/runner
    jailHome      /Users/runner/v2m-otB3Us/jailhome
    globalStore   /Users/runner/.cache/nub/pm/store
    projectStore  /Users/runner/v2m-otB3Us/Observe/node_modules/.store
    interpreter   /Users/runner/hostedtoolcache/node/22.23.2/arm64
    toolsDir      /Users/runner/.cache/nub/pm/tools
    temp          /private/var/folders/bl/vzjcvbz95c3dk19cb0fw46180000gn/T/nub-tmp-obs5PyJvK
    npmPrefix     /Users/runner/.cache/nub/pm/tools/npm-prefix
    ownPkg        /Users/runner/v2m-otB3Us/Observe/node_modules/better-sqlite3
    cwd           (null — this platform has no such root)
  == WRITES the script actually performed ==
    systemfs      1
        /dev/dtracehelper
    jailHome      3  (base profile already grants this — NOT billed)
        /Users/runner/v2m-otB3Us/jailhome/.npm/_prebuilds
        /Users/runner/v2m-otB3Us/jailhome/.npm/_prebuilds/79d580-better-sqlite3-v12.11.1-node-v127-darwin-arm64.tar.gz.26929-f6c744dced48b.tmp
        /Users/runner/v2m-otB3Us/jailhome/.npm/_prebuilds/79d580-better-sqlite3-v12.11.1-node-v127-darwin-arm64.tar.gz
    ownPkg        3  (base profile already grants this — NOT billed)
        /Users/runner/v2m-otB3Us/Observe/node_modules/better-sqlite3/build
        /Users/runner/v2m-otB3Us/Observe/node_modules/better-sqlite3/build/Release
        /Users/runner/v2m-otB3Us/Observe/node_modules/better-sqlite3/build/Release/better_sqlite3.node
  == READS the script performed, by scope ==
    outside       8
    systemfs      9
    userHome      2
    deps        135
    ownPkg        2
    jailHome      1
        outside: /
        outside: /bin/bash
        outside: /bin
        outside: /usr/bin/env
        outside: /usr/bin
        outside: /etc/localtime
        outside: /var/db/timezone/zoneinfo/posixrules
        outside: /var/db/timezone/zoneinfo/UTC
  == NETWORK ==
    AF_INET connects: 2   distinct peers: 2
        172.182.252.133:443
        185.199.110.133:443
  == REFUSALS (errno EPERM/EACCES/EROFS only; ENOENT is a miss, not a denial) ==
    distinct: 0
  == SYNTHESIZED GRANT (verify this in the real unprivileged jail) ==
    {"network":true}
  == writePaths (DERIVED — promotion out of the package's PRIVATE home) ==
    private-home writes observed: 3
    none declared — every write was a FILE at the top of the private home, or landed in a directory the TOOLCHAIN owns (see `writePathsDeny`) — an entry names a directory belonging to the PACKAGE, so there is nothing to name
  == writePaths FEASIBILITY (distinct writes outside project/deps) ==
    count: 0
  EVICT[synth] 22 store entries removed, 2 spared as nub tooling, 577 in store
OSV-SCREEN {"schemaVersion":1,"kind":"nub-synth-resolved","status":"clean","digest":"5e169bc8a60e814f64710afea3ff1cdefb0b6d6ea806a8dfe29ec120b0ccecad","specCount":38,"lockfiles":{"digest":"c07f3e449c1f553ae68c509a8189c4a656f1a2e57b32424c8a8c8782e6c16c48","files":[{"path":"nub.lock","sha256":"224d0efece2d4e04626c77a095074bf735b844847f959d1b64f542efeab74c7f","bytes":8675}]},"maliciousAdvisories":[],"screenedAt":"2026-09-08T09:10:01.450Z","cacheHit":true,"clearancePath":"/Users/runner/v2m-otB3Us/security/nub-synth-resolved.json"}
  SECURITY nub-synth-resolved clean: 38 exact package-version(s), tree 5e169bc8a60e (cached exact-tree clearance)
  VENUE-STORE-LAYOUT isolated
  VERIFY[synth] rc=0 artifacts=50/50 missing=0 shortfall=none (tree 1235/388) OVERRIDDEN=3 REJECTED=0 grant={"network":true}
  => VERIFIED {"network":true}
  EVICT[nar-no-network] 37 store entries removed, 2 spared as nub tooling, 592 in store
OSV-SCREEN {"schemaVersion":1,"kind":"nub-nar-no-network-resolved","status":"clean","digest":"5e169bc8a60e814f64710afea3ff1cdefb0b6d6ea806a8dfe29ec120b0ccecad","specCount":38,"lockfiles":{"digest":"c07f3e449c1f553ae68c509a8189c4a656f1a2e57b32424c8a8c8782e6c16c48","files":[{"path":"nub.lock","sha256":"224d0efece2d4e04626c77a095074bf735b844847f959d1b64f542efeab74c7f","bytes":8675}]},"maliciousAdvisories":[],"screenedAt":"2026-09-08T09:10:01.450Z","cacheHit":true,"clearancePath":"/Users/runner/v2m-otB3Us/security/nub-nar-no-network-resolved.json"}
  SECURITY nub-nar-no-network-resolved clean: 38 exact package-version(s), tree 5e169bc8a60e (cached exact-tree clearance)
  VERIFY[nar-no-network] rc=0 artifacts=76/50 missing=0 shortfall=none (tree 1313/388) OVERRIDDEN=3 REJECTED=0 grant={}
     ⛔ OVER-PREDICTED — the strictly narrower {} also verifies; 'no-network' was not needed
### DONE better-sqlite3@12.11.1  synthesized={"network":true} verified=1
