### keccak@1.4.0   (/home/runner/v2-1Wmoog)
  CI-ENV scrubbed: CI GITHUB_ACTIONS
OSV-SCREEN {"schemaVersion":1,"kind":"direct","status":"clean","digest":"16edefd2ae97e7cbd21629914ddd9b510142aa0ec272f65bf7a10c577dfdb72e","specCount":1,"lockfiles":{"digest":null,"files":[]},"maliciousAdvisories":[],"screenedAt":"2026-09-08T11:21:32.296Z","cacheHit":false,"clearancePath":"/home/runner/v2-1Wmoog/security/direct.json"}
  SECURITY direct clean: 1 exact package-version(s), tree 16edefd2ae97
  VENUE-OBSERVE-USER {"uid":1001,"user":"runner","umask":"0022","capBnd":"000001ffffffffff","noNewPrivs":"0"}
  VENUE-NUB-BINARY {"path":"/tmp/nub/target/release/nub","sha256":"2a18683f50f7afeb02a521cd3cae175dc2f91780d461c5f012065241f5a1447b","bytes":207643464,"features":{"buildJailCatalogOverride":true,"pythonDontWriteBytecodeEnv":true}}
OSV-SCREEN {"schemaVersion":1,"kind":"npm-observe-resolved","status":"clean","digest":"f719296eb41e90047d9a2e53eef6ec3417cecb894b717d5aaa10ca4ce556a83f","specCount":6,"lockfiles":{"digest":"831a5a9bdd348aa95d1b80dac9bc16e09b53f7de480166f370231c7aa69b4f45","files":[{"path":"package-lock.json","sha256":"834be8238934816790a2a9b6665ef584192230f6e5aa906a09398d747b1f772b","bytes":2571}]},"maliciousAdvisories":[],"screenedAt":"2026-09-08T11:21:33.291Z","cacheHit":false,"clearancePath":"/home/runner/v2-1Wmoog/security/npm-observe-resolved.json"}
  SECURITY npm-observe-resolved clean: 6 exact package-version(s), tree f719296eb41e
  OBSERVE   rc=0 files=105 trace=102965 lines
  CLOSURE   6 packages evicted per arm
  ARM-FALSIFIABILITY {"manifestFiles":27,"filesTheScriptProduced":5,"reasons":[]}
  RAWLOG-FILE /home/runner/v2-1Wmoog/observe/trace.txt.gz
  RAWLOG-CAPTURE /home/runner/v2-1Wmoog/observe/capture.json
  RAWLOG-BYTES raw=18088269 gz=434516
  VENUE-INTERPRETER /opt/hostedtoolcache/node/22.23.2/x64
  VENUE-OVERRIDES {"set":{"HOME":"/home/runner/v2-1Wmoog/jailhome","TMPDIR":"/tmp/nub-tmp-obsItXKyb","NODE_COMPAT":"1","PLAYWRIGHT_BROWSERS_PATH":"/home/runner/.cache/nub/pm/tools/ms-playwright","ELECTRON_CACHE":"/home/runner/.cache/nub/pm/tools/electron-cache","electron_config_cache":"/home/runner/.cache/nub/pm/tools/electron-cache","npm_config_prefix":"/home/runner/.cache/nub/pm/tools/npm-prefix","PYTHONDONTWRITEBYTECODE":"1","NUB_CACHE_DIR":"/home/runner/v2-1Wmoog/nubcache"},"unset":["CI","GITHUB_ACTIONS"],"passedThrough":{"CI":"true","GITHUB_ACTIONS":"true","NODE_ENV":null}}
  == ATTRIBUTION == attributed pids: 49
    writes  script 6857  /  whole traced tree 7854
    sockets script 3  /  whole traced tree 7
  == ROOTS (from capture.json — R2: no ambient reads) ==
    project       /home/runner/v2-1Wmoog/observe
    home          /home/runner
    jailHome      /home/runner/v2-1Wmoog/jailhome
    globalStore   /home/runner/.cache/nub/pm/store   [declared, not keyed on]
    projectStore  /home/runner/v2-1Wmoog/observe/node_modules/.store   [declared, not keyed on]
    interpreter   /opt/hostedtoolcache/node/22.23.2/x64   [declared, not keyed on]
    toolsDir      /home/runner/.cache/nub/pm/tools   [declared, not keyed on]
    temp          /tmp/nub-tmp-obsItXKyb
    npmPrefix     /home/runner/.cache/nub/pm/tools/npm-prefix
    ownPkg        /home/runner/v2-1Wmoog/observe/node_modules/keccak
  == WRITES the script actually performed ==
    jailHome   3329  (base profile already grants this — NOT billed)
        /home/runner/v2-1Wmoog/jailhome/.npm/_logs/2026-09-08T11_21_34_662Z-debug-0.log
        /home/runner/v2-1Wmoog/jailhome/.cache
        /home/runner/v2-1Wmoog/jailhome/.cache/node-gyp
        /home/runner/v2-1Wmoog/jailhome/.cache/node-gyp/22.23.2
        /home/runner/v2-1Wmoog/jailhome/.cache/node-gyp/22.23.2/include
        /home/runner/v2-1Wmoog/jailhome/.cache/node-gyp/22.23.2/include/node
        /home/runner/v2-1Wmoog/jailhome/.cache/node-gyp/22.23.2/include/node/common.gypi
        /home/runner/v2-1Wmoog/jailhome/.cache/node-gyp/22.23.2/include/node/config.gypi
        /home/runner/v2-1Wmoog/jailhome/.cache/node-gyp/22.23.2/include/node/cppgc
        /home/runner/v2-1Wmoog/jailhome/.cache/node-gyp/22.23.2/include/node/cppgc/allocation.h
        … and 3319 more
    jailTmp    3511  (base profile already grants this — NOT billed)
        /tmp/nub-tmp-obsItXKyb/node-gyp-tmp-GhzCLQ
        /tmp/nub-tmp-obsItXKyb/node-gyp-tmp-GhzCLQ/include
        /tmp/nub-tmp-obsItXKyb/node-gyp-tmp-GhzCLQ/include/node
        /tmp/nub-tmp-obsItXKyb/node-gyp-tmp-GhzCLQ/include/node/v8-locker.h
        /tmp/nub-tmp-obsItXKyb/node-gyp-tmp-GhzCLQ/include/node/zconf.h
        /tmp/nub-tmp-obsItXKyb/node-gyp-tmp-GhzCLQ/include/node/v8config.h
        /tmp/nub-tmp-obsItXKyb/node-gyp-tmp-GhzCLQ/include/node/common.gypi
        /tmp/nub-tmp-obsItXKyb/node-gyp-tmp-GhzCLQ/include/node/v8-object.h
        /tmp/nub-tmp-obsItXKyb/node-gyp-tmp-GhzCLQ/include/node/v8-forward.h
        /tmp/nub-tmp-obsItXKyb/node-gyp-tmp-GhzCLQ/include/node/v8-profiler.h
        … and 3501 more
    ownPkg       17  (base profile already grants this — NOT billed)
        /home/runner/v2-1Wmoog/observe/node_modules/keccak/build
        /home/runner/v2-1Wmoog/observe/node_modules/keccak/build/config.gypi
        /home/runner/v2-1Wmoog/observe/node_modules/keccak/build/Makefile
        /home/runner/v2-1Wmoog/observe/node_modules/keccak/build/keccak.target.mk
        /home/runner/v2-1Wmoog/observe/node_modules/keccak/build/binding.Makefile
        /home/runner/v2-1Wmoog/observe/node_modules/keccak/build/node_gyp_bins
        /home/runner/v2-1Wmoog/observe/node_modules/keccak/build/node_gyp_bins/python3
        /home/runner/v2-1Wmoog/observe/node_modules/keccak/build/Release
        /home/runner/v2-1Wmoog/observe/node_modules/keccak/build/obj.target
        /home/runner/v2-1Wmoog/observe/node_modules/keccak/build/keccak
        … and 7 more
  == NETWORK ==
    AF_INET sockets: 3   distinct peers: 3
        127.0.0.53:53
        104.16.1.34:443
        104.16.212.131:443
  == REFUSALS (only `= -1 EACCES/EPERM/EROFS`) ==
    distinct: 0
  == SYNTHESIZED GRANT (verify this in the real unprivileged jail) ==
    {"network":true}
  == writePaths (DERIVED — promotion out of the package's PRIVATE home) ==
    private-home writes observed: 3329
    none declared — every write was a FILE at the top of the private home, or landed in a directory the TOOLCHAIN owns (see `writePathsDeny`) — an entry names a directory belonging to the PACKAGE, so there is nothing to name
  == writePaths FEASIBILITY (distinct writes outside project/deps) ==
    count: 0
    EVENTS    34257 distinct from 96013 calls (102966 lines, 6882 rejoined, 0 unparsed)
    PROCS     56   lifecycle shells 44
    ⛔ 1 paths with an UNRESOLVED dirfd — kept, marked, never guessed
    unsubscribed/unmapped syscalls: setsockopt×58 getcwd×52 getsockname×51 getsockopt×35 exit×34 wait4×22 exit_group×18 recvmsg×14
    wrote /home/runner/v2-1Wmoog/observe/events.ndjson.gz (202376 bytes)
  EVENTLOG-FILE /home/runner/v2-1Wmoog/observe/events.ndjson.gz
  EVENTLOG-STATS {"lines":102966,"parsed":96013,"unparsed":0,"unfinished":6882,"rejoined":6882,"unresolvedDirfd":1,"truncatedArg":0,"procs":56,"lifecyclePids":44,"distinctEvents":34257,"unknownSyscall":{"getsockname":51,"getsockopt":35,"getcwd":52,"recvmsg":14,"exit":34,"setsockopt":58,"sendmmsg":2,"socketpair":9,"shutdown":9,"exit_group":18,"wait4":22},"out":"/home/runner/v2-1Wmoog/observe/events.ndjson.gz","gzipBytes":202376}
  EVICT     3 store entries removed, 0 spared as nub tooling
  SE-PURGE  0 side-effects-cache entries for keccak
OSV-SCREEN {"schemaVersion":1,"kind":"nub-synth-resolved","status":"clean","digest":"f719296eb41e90047d9a2e53eef6ec3417cecb894b717d5aaa10ca4ce556a83f","specCount":6,"lockfiles":{"digest":"1eeabab88568bedfe4c904d486c90a41eb49e1acc793d91a08d9074df6dd2fbc","files":[{"path":"nub.lock","sha256":"cb47952674c59250e2e4d018ed9ae6cc99406e526061753297fd7551eb5929c8","bytes":1398}]},"maliciousAdvisories":[],"screenedAt":"2026-09-08T11:21:33.291Z","cacheHit":true,"clearancePath":"/home/runner/v2-1Wmoog/security/nub-synth-resolved.json"}
  SECURITY nub-synth-resolved clean: 6 exact package-version(s), tree f719296eb41e (cached exact-tree clearance)
  VENUE-STORE-LAYOUT isolated
  VERIFY[synth] rc=0 artifacts=27/27 missing=0 shortfall=none (tree 311/105) OVERRIDDEN=2 REJECTED=0 grant={"network":true}
  => VERIFIED {"network":true}   (observed, then verified)
  EVICT     6 store entries removed, 0 spared as nub tooling
  SE-PURGE  0 side-effects-cache entries for keccak
OSV-SCREEN {"schemaVersion":1,"kind":"nub-drop-no-network-resolved","status":"clean","digest":"f719296eb41e90047d9a2e53eef6ec3417cecb894b717d5aaa10ca4ce556a83f","specCount":6,"lockfiles":{"digest":"1eeabab88568bedfe4c904d486c90a41eb49e1acc793d91a08d9074df6dd2fbc","files":[{"path":"nub.lock","sha256":"cb47952674c59250e2e4d018ed9ae6cc99406e526061753297fd7551eb5929c8","bytes":1398}]},"maliciousAdvisories":[],"screenedAt":"2026-09-08T11:21:33.291Z","cacheHit":true,"clearancePath":"/home/runner/v2-1Wmoog/security/nub-drop-no-network-resolved.json"}
  SECURITY nub-drop-no-network-resolved clean: 6 exact package-version(s), tree f719296eb41e (cached exact-tree clearance)
  VERIFY[drop-no-network] rc=0 artifacts=27/27 missing=0 shortfall=none (tree 311/105) OVERRIDDEN=2 REJECTED=0 grant={}
     ⛔ OVER-PREDICTED: dropping 'no-network' STILL VERIFIES — {} is sufficient
  => OVER-PREDICTED by: no-network  (synthesized {"network":true}; each named capability drops on its own)
